cuOpt version: 26.10.0, git hash: 648f805d, host arch: x86_64, device archs: 80-real
CPU: AMD EPYC 7642 48-Core Processor, threads: 5C/5T, RAM usage: 40.01/503.74GiB
CPU SIMD target: AVX2
CUDA 12.9, device: NVIDIA A100 80GB PCIe (ID 0), VRAM: 79.44 GiB
CUDA device UUID: 68df5cf5-71f9-6a93-b428-460c080ffb10
Problem has 1 quadratic constraints. Converting to second-order cones and solving with barrier.
Handling 50 free variables directly in augmented system
Presolved problem: 5103 constraints 10102 variables 265152 nonzeros
Skipping Ruiz equilibration (row norm ratio 1.4, column norm ratio 1.4 < 5e4, Q coeff ratio 1.0 < 100)
Barrier solver started at 0.027 seconds
Barrier solver: 5103 constraints, 10102 variables, 265152 nonzeros


Second-order cones          : 1
Free variables              : 50
Upper bounds                : 5000
Linear system               : augmented
cuDSS Version               : 0.7.1
cuDSS Threading layer       : libcudss_mtlayer_gomp.so.0
Reordering time             : 0.127s
Symbolic factorization time : 0.023s
Symbolic nonzeros in factor : 2.79e+05
Elapsed time for augmented  : 0.185 seconds
Elapsed time           : 0.185 seconds
Barrier setup complete at 0.185 seconds
Adaptive regularization enabled


                  Objective                         Infeasibility        Time
Iter   Primal              Dual                Primal   Dual    Compl.   Elapsed
  0   -4.990775157383e-02 -2.507045855028e+03 5.00e+00 9.28e+00 1.02e+02 0.197
  1   -5.007812018427e-02 -4.776526871047e+01 8.49e-02 1.64e+00 5.55e+00 0.202
  2   -5.986019356873e-02 -1.484548868048e+00 8.49e-04 4.70e-01 1.32e-01 0.207
  3   -6.411588629938e-02 -2.684002958042e-01 1.21e-04 6.72e-02 1.92e-02 0.212
  4   -7.539500807240e-02 -2.157344745042e-01 4.77e-05 2.65e-02 7.22e-03 0.217
  5   -8.807926851192e-02 -1.278763896706e-01 1.21e-05 6.74e-03 1.83e-03 0.222
  6   -9.368610267185e-02 -1.089789306399e-01 1.43e-06 7.93e-04 1.22e-04 0.226
  7   -9.456511958574e-02 -1.063675050592e-01 9.07e-07 5.04e-04 1.28e-04 0.232
  8   -9.720839285764e-02 -1.017069546464e-01 3.21e-07 1.78e-04 5.83e-05 0.237
  9   -9.798409224569e-02 -1.001432382025e-01 1.20e-07 6.69e-05 3.57e-05 0.241
 10   -9.870275848796e-02 -9.900867268020e-02 1.58e-08 8.77e-06 2.44e-06 0.246
 11   -9.880029677484e-02 -9.885860205937e-02 2.91e-09 1.61e-06 3.76e-07 0.251
 12   -9.882161628769e-02 -9.882656154938e-02 2.23e-10 1.24e-07 9.85e-09 0.256
 13   -9.882332373413e-02 -9.882410401033e-02 3.26e-11 1.81e-08 1.44e-09 0.261
 14   -9.882356923277e-02 -9.882375156314e-02 6.23e-12 4.56e-09 2.79e-10 0.266
 15   -9.882363838522e-02 -9.882365843145e-02 5.42e-13 3.36e-10 2.47e-11 0.271
 16   -9.882364661454e-02 -9.882364783160e-02 3.11e-14 1.86e-10 2.14e-12 0.275


Optimal solution found in 16 iterations and 0.275s
Objective -9.88236466e-02
Primal infeasibility (abs/rel): 6.22e-14/3.11e-14
Dual infeasibility   (abs/rel): 2.05e-10/1.86e-10
Complementarity gap  (abs/rel): 2.36e-12/2.14e-12


Barrier finished in 0.28 seconds
Dual variables for problems with quadratic constraints not returned.
