cuOpt version: 26.10.0, git hash: 648f805d, host arch: x86_64, device archs: 80-real
CPU: AMD EPYC 7642 48-Core Processor, threads: 5C/5T, RAM usage: 40.01/503.74GiB
CPU SIMD target: AVX2
CUDA 12.9, device: NVIDIA A100 80GB PCIe (ID 0), VRAM: 79.44 GiB
CUDA device UUID: 68df5cf5-71f9-6a93-b428-460c080ffb10
Problem has 1 quadratic constraints. Converting to second-order cones and solving with barrier.
Handling 50 free variables directly in augmented system
Presolved problem: 5103 constraints 10102 variables 265152 nonzeros
Skipping Ruiz equilibration (row norm ratio 1.4, column norm ratio 1.4 < 5e4, Q coeff ratio 1.0 < 100)
Barrier solver started at 0.024 seconds
Barrier solver: 5103 constraints, 10102 variables, 265152 nonzeros


Second-order cones          : 1
Free variables              : 50
Upper bounds                : 5000
Linear system               : augmented
cuDSS Version               : 0.7.1
cuDSS Threading layer       : libcudss_mtlayer_gomp.so.0
Reordering time             : 0.145s
Symbolic factorization time : 0.023s
Symbolic nonzeros in factor : 2.79e+05
Elapsed time for augmented  : 0.200 seconds
Elapsed time           : 0.200 seconds
Barrier setup complete at 0.200 seconds
Adaptive regularization enabled


                  Objective                         Infeasibility        Time
Iter   Primal              Dual                Primal   Dual    Compl.   Elapsed
  0   -4.990920107604e-02 -2.506818514660e+03 5.00e+00 9.28e+00 1.02e+02 0.213
  1   -5.007966108809e-02 -4.735632951549e+01 8.41e-02 1.64e+00 5.54e+00 0.218
  2   -5.994322219591e-02 -1.528912466053e+00 8.41e-04 4.67e-01 1.31e-01 0.223
  3   -6.393397294979e-02 -2.577197140424e-01 1.10e-04 6.14e-02 1.75e-02 0.227
  4   -7.706124387994e-02 -2.024845794774e-01 4.18e-05 2.33e-02 6.24e-03 0.232
  5   -8.965599649878e-02 -1.218748077727e-01 9.70e-06 5.40e-03 1.45e-03 0.237
  6   -9.447772577552e-02 -1.078536961749e-01 2.26e-06 1.26e-03 2.64e-04 0.242
  7   -9.563279078077e-02 -1.042066829693e-01 1.13e-06 6.30e-04 1.92e-04 0.248
  8   -9.783895231491e-02 -1.003137922132e-01 3.00e-07 1.67e-04 5.57e-05 0.253
  9   -9.842538371685e-02 -9.914635474832e-02 6.71e-08 3.74e-05 1.91e-05 0.257
 10   -9.868948531205e-02 -9.873623490768e-02 4.11e-09 2.29e-06 4.87e-07 0.262
 11   -9.870599526942e-02 -9.871020670880e-02 3.34e-10 1.86e-07 1.46e-08 0.267
 12   -9.870746416521e-02 -9.870804424711e-02 4.17e-11 2.32e-08 1.00e-09 0.272
 13   -9.870764966103e-02 -9.870777305985e-02 7.51e-12 3.96e-09 1.82e-10 0.277
 14   -9.870769332067e-02 -9.870771289316e-02 9.90e-13 4.69e-10 2.71e-11 0.282
 15   -9.870770061310e-02 -9.870770317364e-02 1.10e-13 1.46e-10 3.66e-12 0.287


Optimal solution found in 15 iterations and 0.287s
Objective -9.87077006e-02
Primal infeasibility (abs/rel): 2.19e-13/1.10e-13
Dual infeasibility   (abs/rel): 1.61e-10/1.46e-10
Complementarity gap  (abs/rel): 4.02e-12/3.66e-12


Barrier finished in 0.29 seconds
Dual variables for problems with quadratic constraints not returned.
