cuOpt version: 26.10.0, git hash: 648f805d, host arch: x86_64, device archs: 80-real
CPU: AMD EPYC 7642 48-Core Processor, threads: 5C/5T, RAM usage: 40.01/503.74GiB
CPU SIMD target: AVX2
CUDA 12.9, device: NVIDIA A100 80GB PCIe (ID 0), VRAM: 79.44 GiB
CUDA device UUID: 68df5cf5-71f9-6a93-b428-460c080ffb10
Problem has 1 quadratic constraints. Converting to second-order cones and solving with barrier.
Handling 50 free variables directly in augmented system
Presolved problem: 5103 constraints 10102 variables 265152 nonzeros
Skipping Ruiz equilibration (row norm ratio 1.4, column norm ratio 1.4 < 5e4, Q coeff ratio 1.0 < 100)
Barrier solver started at 0.026 seconds
Barrier solver: 5103 constraints, 10102 variables, 265152 nonzeros


Second-order cones          : 1
Free variables              : 50
Upper bounds                : 5000
Linear system               : augmented
cuDSS Version               : 0.7.1
cuDSS Threading layer       : libcudss_mtlayer_gomp.so.0
Reordering time             : 0.142s
Symbolic factorization time : 0.023s
Symbolic nonzeros in factor : 2.79e+05
Elapsed time for augmented  : 0.198 seconds
Elapsed time           : 0.198 seconds
Barrier setup complete at 0.198 seconds
Adaptive regularization enabled


                  Objective                         Infeasibility        Time
Iter   Primal              Dual                Primal   Dual    Compl.   Elapsed
  0   -4.989811015503e-02 -2.507036107877e+03 5.00e+00 9.29e+00 1.02e+02 0.211
  1   -5.006834378221e-02 -4.774462743754e+01 8.49e-02 1.64e+00 5.55e+00 0.216
  2   -5.985195704093e-02 -1.469584161378e+00 8.49e-04 4.70e-01 1.32e-01 0.221
  3   -6.418947465209e-02 -2.689328949302e-01 1.23e-04 6.81e-02 1.94e-02 0.226
  4   -7.506478276504e-02 -2.159295722763e-01 4.87e-05 2.71e-02 7.39e-03 0.230
  5   -8.803884681261e-02 -1.260158405345e-01 1.20e-05 6.67e-03 1.81e-03 0.235
  6   -9.317712599440e-02 -1.083516745639e-01 1.33e-06 7.40e-04 1.39e-04 0.240
  7   -9.436039987330e-02 -1.052827360904e-01 7.76e-07 4.31e-04 1.33e-04 0.245
  8   -9.699731820284e-02 -1.008059361041e-01 2.53e-07 1.41e-04 5.25e-05 0.250
  9   -9.786695513831e-02 -9.917831992912e-02 6.51e-08 3.62e-05 2.35e-05 0.255
 10   -9.829775184366e-02 -9.850826033997e-02 5.54e-09 3.08e-06 1.73e-06 0.260
 11   -9.838177987141e-02 -9.839789540559e-02 3.87e-10 2.15e-07 4.30e-08 0.264
 12   -9.838774839995e-02 -9.839023345047e-02 5.61e-11 3.12e-08 4.50e-09 0.269
 13   -9.838864717814e-02 -9.838910049959e-02 8.52e-12 4.72e-09 6.01e-10 0.274
 14   -9.838882166306e-02 -9.838888384189e-02 9.92e-13 6.05e-10 7.89e-11 0.280
 15   -9.838884773357e-02 -9.838885242881e-02 6.96e-14 4.66e-11 5.40e-12 0.287


Optimal solution found in 15 iterations and 0.287s
Objective -9.83888477e-02
Primal infeasibility (abs/rel): 1.39e-13/6.96e-14
Dual infeasibility   (abs/rel): 5.13e-11/4.66e-11
Complementarity gap  (abs/rel): 5.93e-12/5.40e-12


Barrier finished in 0.29 seconds
Dual variables for problems with quadratic constraints not returned.
