cuOpt version: 26.10.0, git hash: 648f805d, host arch: x86_64, device archs: 80-real
CPU: AMD EPYC 7642 48-Core Processor, threads: 5C/5T, RAM usage: 40.01/503.74GiB
CPU SIMD target: AVX2
CUDA 12.9, device: NVIDIA A100 80GB PCIe (ID 0), VRAM: 79.44 GiB
CUDA device UUID: 68df5cf5-71f9-6a93-b428-460c080ffb10
Problem has 1 quadratic constraints. Converting to second-order cones and solving with barrier.
Handling 50 free variables directly in augmented system
Presolved problem: 5103 constraints 10102 variables 265152 nonzeros
Skipping Ruiz equilibration (row norm ratio 1.4, column norm ratio 1.4 < 5e4, Q coeff ratio 1.0 < 100)
Barrier solver started at 0.027 seconds
Barrier solver: 5103 constraints, 10102 variables, 265152 nonzeros


Second-order cones          : 1
Free variables              : 50
Upper bounds                : 5000
Linear system               : augmented
cuDSS Version               : 0.7.1
cuDSS Threading layer       : libcudss_mtlayer_gomp.so.0
Reordering time             : 0.053s
Symbolic factorization time : 0.023s
Symbolic nonzeros in factor : 2.79e+05
Elapsed time for augmented  : 0.110 seconds
Elapsed time           : 0.110 seconds
Barrier setup complete at 0.110 seconds
Adaptive regularization enabled


                  Objective                         Infeasibility        Time
Iter   Primal              Dual                Primal   Dual    Compl.   Elapsed
  0   -4.990151203636e-02 -2.507006163305e+03 5.00e+00 9.28e+00 1.02e+02 0.123
  1   -5.007187294927e-02 -4.743049103105e+01 8.42e-02 1.64e+00 5.54e+00 0.128
  2   -5.993004025902e-02 -1.488998682745e+00 8.42e-04 4.67e-01 1.31e-01 0.132
  3   -6.411348182348e-02 -2.684459245458e-01 1.20e-04 6.66e-02 1.89e-02 0.137
  4   -7.769063838850e-02 -1.998039212514e-01 3.68e-05 2.05e-02 5.35e-03 0.142
  5   -8.969065242173e-02 -1.207794168697e-01 8.68e-06 4.83e-03 1.27e-03 0.147
  6   -9.383951826078e-02 -1.086574442344e-01 2.21e-06 1.23e-03 2.41e-04 0.152
  7   -9.497308193009e-02 -1.051223432842e-01 1.20e-06 6.70e-04 1.94e-04 0.158
  8   -9.739987486099e-02 -1.007839913428e-01 3.77e-07 2.10e-04 7.15e-05 0.163
  9   -9.820787678940e-02 -9.922626649336e-02 8.84e-08 4.92e-05 2.15e-05 0.167
 10   -9.855510101745e-02 -9.866208540286e-02 8.20e-09 4.56e-06 1.18e-06 0.172
 11   -9.859407586961e-02 -9.860274634130e-02 6.51e-10 3.62e-07 2.13e-08 0.177
 12   -9.859684703658e-02 -9.859860140173e-02 1.17e-10 6.50e-08 2.13e-09 0.182
 13   -9.859728163014e-02 -9.859795016464e-02 3.55e-11 2.05e-08 1.05e-09 0.187
 14   -9.859746314847e-02 -9.859769837389e-02 9.23e-12 5.23e-09 3.65e-10 0.192
 15   -9.859755505762e-02 -9.859757965148e-02 8.01e-13 5.74e-10 6.53e-11 0.197
 16   -9.859756540207e-02 -9.859756683241e-02 4.47e-14 3.66e-11 4.36e-12 0.202


Optimal solution found in 16 iterations and 0.202s
Objective -9.85975654e-02
Primal infeasibility (abs/rel): 8.94e-14/4.47e-14
Dual infeasibility   (abs/rel): 4.03e-11/3.66e-11
Complementarity gap  (abs/rel): 4.79e-12/4.36e-12


Barrier finished in 0.20 seconds
Dual variables for problems with quadratic constraints not returned.
