cuOpt version: 26.10.0, git hash: 648f805d, host arch: x86_64, device archs: 80-real
CPU: AMD EPYC 7642 48-Core Processor, threads: 5C/5T, RAM usage: 37.74/503.74GiB
CPU SIMD target: AVX2
CUDA 12.9, device: NVIDIA A100 80GB PCIe (ID 0), VRAM: 79.44 GiB
CUDA device UUID: 68df5cf5-71f9-6a93-b428-460c080ffb10
Problem has 1 quadratic constraints. Converting to second-order cones and solving with barrier.
Handling 50 free variables directly in augmented system
Presolved problem: 5103 constraints 10102 variables 265152 nonzeros
Skipping Ruiz equilibration (row norm ratio 1.4, column norm ratio 1.4 < 5e4, Q coeff ratio 1.0 < 100)
Barrier solver started at 0.027 seconds
Barrier solver: 5103 constraints, 10102 variables, 265152 nonzeros


Second-order cones          : 1
Free variables              : 50
Upper bounds                : 5000
Linear system               : augmented
cuDSS Version               : 0.7.1
cuDSS Threading layer       : libcudss_mtlayer_gomp.so.0
Reordering time             : 0.052s
Symbolic factorization time : 0.023s
Symbolic nonzeros in factor : 2.79e+05
Elapsed time for augmented  : 0.109 seconds
Elapsed time           : 0.109 seconds
Barrier setup complete at 0.109 seconds
Adaptive regularization enabled


                  Objective                         Infeasibility        Time
Iter   Primal              Dual                Primal   Dual    Compl.   Elapsed
  0   -4.993924920484e-02 -2.507019876882e+03 5.00e+00 9.29e+00 1.02e+02 0.111
  1   -5.010999217540e-02 -4.658660399161e+01 8.25e-02 1.65e+00 5.51e+00 0.114
  2   -6.026148554078e-02 -1.213432163815e+00 8.25e-04 4.61e-01 1.28e-01 0.117
  3   -6.661324571304e-02 -3.184575410872e-01 1.78e-04 9.96e-02 2.77e-02 0.119
  4   -7.140070331974e-02 -2.598161449167e-01 8.95e-05 5.01e-02 1.37e-02 0.122
  5   -8.615887091869e-02 -1.375559624549e-01 2.20e-05 1.23e-02 3.33e-03 0.125
  6   -9.179429439700e-02 -1.118250037352e-01 1.96e-06 1.10e-03 3.00e-04 0.127
  7   -9.606396349513e-02 -1.031775291653e-01 6.51e-07 3.58e-04 9.58e-05 0.130
  8   -9.767532547808e-02 -9.989732827106e-02 1.19e-07 6.20e-05 1.50e-05 0.133
  9   -9.828165942434e-02 -9.898442820168e-02 3.31e-08 1.66e-05 3.56e-06 0.135
 10   -9.843670841262e-02 -9.872203761136e-02 9.76e-09 3.44e-06 3.02e-06 0.138
 11   -9.855149863790e-02 -9.857888063745e-02 8.62e-10 2.93e-07 3.36e-07 0.144
 12   -9.856313412905e-02 -9.856444625529e-02 3.00e-11 8.89e-09 1.68e-08 0.147
 13   -9.856365910675e-02 -9.856377703983e-02 4.72e-11 3.36e-09 1.47e-09 0.149
 14   -9.856370930924e-02 -9.856371303950e-02 1.69e-11 4.56e-07 3.47e-11 0.152
 15   -9.856371093406e-02 -9.856371145244e-02 2.71e-12 7.07e-06 5.73e-12 0.155
 16   -9.856371118839e-02 -9.856371121073e-02 2.45e-13 2.81e-06 2.07e-13 0.157
 17   -9.856371120045e-02 -9.856371120192e-02 4.36e-14 9.67e-05 4.14e-15 0.160
 18   -9.856371120143e-02 -9.856371120172e-02 1.07e-14 3.55e-03 1.15e-16 0.163
 19   -9.856371120152e-02 -9.856371120172e-02 7.24e-15 4.62e-03 1.12e-15 0.165
Numerical error in objective
Restoring previous solution


Suboptimal solution found in 20 iterations and 0.17 seconds
Objective -9.85636591e-02
Primal infeasibility (abs/rel): 9.44e-11/4.72e-11
Dual infeasibility   (abs/rel): 3.70e-09/3.36e-09
Complementarity gap  (abs/rel): 1.61e-09/1.47e-09


Barrier finished in 0.17 seconds
Dual variables for problems with quadratic constraints not returned.
