cuOpt version: 26.10.0, git hash: 648f805d, host arch: x86_64, device archs: 80-real
CPU: AMD EPYC 7642 48-Core Processor, threads: 5C/5T, RAM usage: 37.75/503.74GiB
CPU SIMD target: AVX2
CUDA 12.9, device: NVIDIA A100 80GB PCIe (ID 0), VRAM: 79.44 GiB
CUDA device UUID: 68df5cf5-71f9-6a93-b428-460c080ffb10
Problem has 1 quadratic constraints. Converting to second-order cones and solving with barrier.
Handling 50 free variables directly in augmented system
Presolved problem: 5103 constraints 10102 variables 265152 nonzeros
Skipping Ruiz equilibration (row norm ratio 1.4, column norm ratio 1.4 < 5e4, Q coeff ratio 1.0 < 100)
Barrier solver started at 0.025 seconds
Barrier solver: 5103 constraints, 10102 variables, 265152 nonzeros


Second-order cones          : 1
Free variables              : 50
Upper bounds                : 5000
Linear system               : augmented
cuDSS Version               : 0.7.1
cuDSS Threading layer       : libcudss_mtlayer_gomp.so.0
Reordering time             : 0.054s
Symbolic factorization time : 0.023s
Symbolic nonzeros in factor : 2.79e+05
Elapsed time for augmented  : 0.109 seconds
Elapsed time           : 0.109 seconds
Barrier setup complete at 0.109 seconds
Adaptive regularization enabled


                  Objective                         Infeasibility        Time
Iter   Primal              Dual                Primal   Dual    Compl.   Elapsed
  0   -4.993837370586e-02 -2.507036107877e+03 5.00e+00 9.29e+00 1.02e+02 0.112
  1   -5.010894750957e-02 -4.628406303343e+01 8.19e-02 1.65e+00 5.50e+00 0.115
  2   -6.032689741298e-02 -1.208897836022e+00 8.19e-04 4.59e-01 1.27e-01 0.118
  3   -6.667173019530e-02 -3.141991536023e-01 1.74e-04 9.78e-02 2.71e-02 0.120
  4   -7.217541877282e-02 -2.528504457288e-01 8.49e-05 4.76e-02 1.30e-02 0.123
  5   -8.669647554070e-02 -1.359641781427e-01 2.11e-05 1.18e-02 3.19e-03 0.126
  6   -9.293487983673e-02 -1.084238461804e-01 8.03e-07 4.51e-04 1.09e-04 0.128
  7   -9.608238681106e-02 -1.021547684547e-01 2.47e-07 1.32e-04 5.27e-05 0.131
  8   -9.755787546032e-02 -9.962700859725e-02 5.82e-08 2.93e-05 8.87e-06 0.134
  9   -9.792987797395e-02 -9.898400450597e-02 2.33e-08 9.12e-06 1.11e-05 0.136
 10   -9.827958388247e-02 -9.853056417891e-02 4.92e-09 1.83e-06 2.47e-06 0.139
 11   -9.836950434517e-02 -9.841373386800e-02 8.53e-10 3.11e-07 5.69e-07 0.142
 12   -9.838805351473e-02 -9.838987108257e-02 1.68e-11 7.97e-09 2.18e-08 0.144
 13   -9.838881596149e-02 -9.838889286981e-02 2.70e-11 6.91e-09 7.01e-10 0.147
 14   -9.838884721404e-02 -9.838885278870e-02 1.32e-11 2.72e-08 2.58e-11 0.150
 15   -9.838884954219e-02 -9.838885020937e-02 1.98e-12 9.50e-06 3.84e-12 0.152
 16   -9.838884981289e-02 -9.838884991315e-02 4.54e-13 1.37e-03 4.70e-13 0.155
 17   -9.838884985260e-02 -9.838884987657e-02 5.19e-14 8.15e-04 1.00e-13 0.158
 18   -9.838884986447e-02 -9.838884986438e-02 1.96e-14 2.01e-03 1.03e-15 0.160
Numerical error in objective
Restoring previous solution


Suboptimal solution found in 19 iterations and 0.16 seconds
Objective -9.83888160e-02
Primal infeasibility (abs/rel): 5.41e-11/2.70e-11
Dual infeasibility   (abs/rel): 7.61e-09/6.91e-09
Complementarity gap  (abs/rel): 7.70e-10/7.01e-10


Barrier finished in 0.16 seconds
Dual variables for problems with quadratic constraints not returned.
