cuOpt version: 26.10.0, git hash: 648f805d, host arch: x86_64, device archs: 80-real
CPU: AMD EPYC 7642 48-Core Processor, threads: 5C/5T, RAM usage: 37.77/503.74GiB
CPU SIMD target: AVX2
CUDA 12.9, device: NVIDIA A100 80GB PCIe (ID 0), VRAM: 79.44 GiB
CUDA device UUID: 68df5cf5-71f9-6a93-b428-460c080ffb10
Problem has 1 quadratic constraints. Converting to second-order cones and solving with barrier.
Handling 50 free variables directly in augmented system
Presolved problem: 5103 constraints 10102 variables 265152 nonzeros
Skipping Ruiz equilibration (row norm ratio 1.4, column norm ratio 1.4 < 5e4, Q coeff ratio 1.0 < 100)
Barrier solver started at 0.025 seconds
Barrier solver: 5103 constraints, 10102 variables, 265152 nonzeros


Second-order cones          : 1
Free variables              : 50
Upper bounds                : 5000
Linear system               : augmented
cuDSS Version               : 0.7.1
cuDSS Threading layer       : libcudss_mtlayer_gomp.so.0
Reordering time             : 0.054s
Symbolic factorization time : 0.023s
Symbolic nonzeros in factor : 2.79e+05
Elapsed time for augmented  : 0.109 seconds
Elapsed time           : 0.109 seconds
Barrier setup complete at 0.109 seconds
Adaptive regularization enabled


                  Objective                         Infeasibility        Time
Iter   Primal              Dual                Primal   Dual    Compl.   Elapsed
  0   -4.995995353809e-02 -2.507023350713e+03 5.00e+00 9.29e+00 1.02e+02 0.112
  1   -5.013066021750e-02 -4.657100828166e+01 8.25e-02 1.65e+00 5.51e+00 0.115
  2   -6.028590391499e-02 -1.209587252911e+00 8.25e-04 4.61e-01 1.28e-01 0.117
  3   -6.669367173358e-02 -3.184347097229e-01 1.78e-04 9.99e-02 2.78e-02 0.120
  4   -7.120451577075e-02 -2.624066319316e-01 9.28e-05 5.19e-02 1.43e-02 0.123
  5   -8.594461821395e-02 -1.401593124194e-01 2.40e-05 1.34e-02 3.63e-03 0.125
  6   -9.268724266151e-02 -1.117077445345e-01 3.24e-06 1.81e-03 4.71e-04 0.128
  7   -9.633245947095e-02 -1.033285720010e-01 1.14e-06 6.33e-04 1.54e-04 0.131
  8   -9.770808781660e-02 -1.001003729969e-01 3.13e-07 1.69e-04 4.55e-05 0.133
  9   -9.841729672643e-02 -9.879250946141e-02 3.24e-08 1.67e-05 3.60e-06 0.136
 10   -9.853511703471e-02 -9.861038238755e-02 4.62e-09 2.08e-06 3.48e-07 0.139
 11   -9.856123688424e-02 -9.857389114552e-02 1.14e-09 2.43e-07 6.63e-08 0.142
 12   -9.856656497595e-02 -9.856724097753e-02 5.39e-11 2.23e-08 3.34e-09 0.144
 13   -9.856683909406e-02 -9.856689226079e-02 2.13e-11 1.90e-08 2.19e-10 0.147
 14   -9.856686174955e-02 -9.856686499464e-02 2.38e-12 1.73e-06 8.29e-12 0.150
 15   -9.856686305406e-02 -9.856686345997e-02 3.58e-13 4.11e-05 1.12e-12 0.152
 16   -9.856686323607e-02 -9.856686324623e-02 6.20e-14 6.05e-05 1.49e-14 0.155
 17   -9.856686324152e-02 -9.856686324172e-02 4.44e-16 1.74e-03 1.36e-15 0.158
Numerical error in objective
Primal residual -nan dual residual -nan complementarity residual -nan
Search direction computation failed
Barrier finished in 0.16 seconds
Barrier Solve status A numerical error was encountered.
Dual variables for problems with quadratic constraints not returned.
