cuOpt version: 26.10.0, git hash: 648f805d, host arch: x86_64, device archs: 80-real
CPU: AMD EPYC 7642 48-Core Processor, threads: 5C/5T, RAM usage: 37.68/503.74GiB
CPU SIMD target: AVX2
CUDA 12.9, device: NVIDIA A100 80GB PCIe (ID 0), VRAM: 79.44 GiB
CUDA device UUID: 68df5cf5-71f9-6a93-b428-460c080ffb10
Problem has 1 quadratic constraints. Converting to second-order cones and solving with barrier.
Handling 50 free variables directly in augmented system
Presolved problem: 5103 constraints 10102 variables 265152 nonzeros
Skipping Ruiz equilibration (row norm ratio 1.4, column norm ratio 1.4 < 5e4, Q coeff ratio 1.0 < 100)
Barrier solver started at 0.026 seconds
Barrier solver: 5103 constraints, 10102 variables, 265152 nonzeros


Second-order cones          : 1
Free variables              : 50
Upper bounds                : 5000
Linear system               : augmented
cuDSS Version               : 0.7.1
cuDSS Threading layer       : libcudss_mtlayer_gomp.so.0
Reordering time             : 0.054s
Symbolic factorization time : 0.024s
Symbolic nonzeros in factor : 2.79e+05
Elapsed time for augmented  : 0.111 seconds
Elapsed time           : 0.111 seconds
Barrier setup complete at 0.111 seconds
Adaptive regularization enabled


                  Objective                         Infeasibility        Time
Iter   Primal              Dual                Primal   Dual    Compl.   Elapsed
  0   -4.996289336838e-02 -2.506979380257e+03 5.00e+00 9.28e+00 1.02e+02 0.114
  1   -5.013381428131e-02 -4.598218095817e+01 8.13e-02 1.65e+00 5.49e+00 0.116
  2   -6.045465582942e-02 -1.209841334504e+00 8.13e-04 4.56e-01 1.26e-01 0.119
  3   -6.666456550405e-02 -3.204004539744e-01 1.77e-04 9.96e-02 2.76e-02 0.122
  4   -7.328849691137e-02 -2.404756931312e-01 6.86e-05 3.85e-02 1.04e-02 0.125
  5   -8.710205776271e-02 -1.319286293537e-01 1.71e-05 9.63e-03 2.57e-03 0.127
  6   -9.312976889714e-02 -1.099230761631e-01 2.14e-06 1.20e-03 2.39e-04 0.130
  7   -9.586688149543e-02 -1.035051246311e-01 8.11e-07 4.47e-04 1.12e-04 0.133
  8   -9.744388666090e-02 -1.001293024649e-01 5.37e-08 2.97e-05 1.10e-05 0.135
  9   -9.812945606927e-02 -9.921362881247e-02 1.96e-08 9.73e-06 4.12e-06 0.138
 10   -9.828388635464e-02 -9.897050992213e-02 1.10e-08 3.62e-06 6.24e-06 0.141
 11   -9.853981937433e-02 -9.866235995609e-02 1.33e-09 4.09e-07 1.07e-06 0.143
 12   -9.859230045633e-02 -9.860077655059e-02 4.20e-11 2.16e-08 9.31e-08 0.146
 13   -9.859593931581e-02 -9.859644997145e-02 9.11e-11 3.70e-09 5.63e-09 0.149
 14   -9.859616442977e-02 -9.859617718593e-02 4.45e-11 3.14e-08 1.06e-10 0.151
 15   -9.859617024858e-02 -9.859617142670e-02 5.10e-12 1.36e-05 8.69e-12 0.154
 16   -9.859617083436e-02 -9.859617088090e-02 2.64e-13 1.06e-04 2.22e-13 0.157
 17   -9.859617085487e-02 -9.859617086066e-02 1.31e-13 7.92e-04 1.32e-14 0.159
 18   -9.859617085811e-02 -9.859617085933e-02 4.60e-14 7.49e-03 9.88e-16 0.162
Numerical error in objective
Restoring previous solution


Suboptimal solution found in 19 iterations and 0.16 seconds
Objective -9.85959393e-02
Primal infeasibility (abs/rel): 1.82e-10/9.11e-11
Dual infeasibility   (abs/rel): 4.08e-09/3.70e-09
Complementarity gap  (abs/rel): 6.19e-09/5.63e-09


Barrier finished in 0.17 seconds
Dual variables for problems with quadratic constraints not returned.
