cuOpt version: 26.10.0, git hash: 648f805d, host arch: x86_64, device archs: 80-real
CPU: AMD EPYC 7642 48-Core Processor, threads: 5C/5T, RAM usage: 35.34/503.74GiB
CPU SIMD target: AVX2
CUDA 12.9, device: NVIDIA A100 80GB PCIe (ID 0), VRAM: 79.44 GiB
CUDA device UUID: 68df5cf5-71f9-6a93-b428-460c080ffb10
Problem has 1 quadratic constraints. Converting to second-order cones and solving with barrier.
Handling 50 free variables directly in augmented system
Presolved problem: 5103 constraints 10102 variables 265152 nonzeros
Skipping Ruiz equilibration (row norm ratio 1.4, column norm ratio 1.4 < 5e4, Q coeff ratio 1.0 < 100)
Barrier solver started at 0.027 seconds
Barrier solver: 5103 constraints, 10102 variables, 265152 nonzeros


Second-order cones          : 1
Free variables              : 50
Upper bounds                : 5000
Linear system               : augmented
cuDSS Version               : 0.7.1
cuDSS Threading layer       : libcudss_mtlayer_gomp.so.0
Reordering time             : 0.076s
Symbolic factorization time : 0.024s
Symbolic nonzeros in factor : 2.79e+05
Elapsed time for augmented  : 0.134 seconds
Elapsed time           : 0.134 seconds
Barrier setup complete at 0.134 seconds
Adaptive regularization enabled


                  Objective                         Infeasibility        Time
Iter   Primal              Dual                Primal   Dual    Compl.   Elapsed
  0   -4.992855122589e-02 -2.507050471952e+03 5.00e+00 9.28e+00 1.02e+02 0.138
  1   -5.009903416155e-02 -4.633824669484e+01 8.20e-02 1.65e+00 5.50e+00 0.142
  2   -6.029550011070e-02 -1.217467242515e+00 8.20e-04 4.59e-01 1.27e-01 0.147
  3   -6.647581901123e-02 -3.225499689140e-01 1.79e-04 1.00e-01 2.79e-02 0.151
  4   -7.294751697288e-02 -2.473398386015e-01 7.72e-05 4.33e-02 1.18e-02 0.155
  5   -8.681124112323e-02 -1.351677759588e-01 1.99e-05 1.11e-02 2.99e-03 0.160
  6   -9.189588426315e-02 -1.122625890110e-01 2.40e-06 1.35e-03 3.59e-04 0.164
  7   -9.636690022176e-02 -1.030723790795e-01 7.30e-07 4.09e-04 8.70e-05 0.168
  8   -9.728868368425e-02 -1.009382756028e-01 3.12e-07 1.75e-04 6.15e-05 0.174
  9   -9.822583084344e-02 -9.940165502975e-02 8.83e-08 4.95e-05 1.93e-05 0.178
 10   -9.857972113153e-02 -9.880588412512e-02 1.54e-08 8.64e-06 5.30e-06 0.182
 11   -9.866541697287e-02 -9.867256751588e-02 4.75e-10 2.66e-07 1.14e-07 0.187
 12   -9.866811672232e-02 -9.866846492057e-02 2.30e-11 1.29e-08 3.48e-09 0.191
 13   -9.866824311583e-02 -9.866826489555e-02 1.36e-12 6.90e-10 1.38e-10 0.195
 14   -9.866825073281e-02 -9.866825342749e-02 1.63e-13 4.77e-10 1.63e-11 0.200


Optimal solution found in 14 iterations and 0.200s
Objective -9.86682507e-02
Primal infeasibility (abs/rel): 3.25e-13/1.63e-13
Dual infeasibility   (abs/rel): 5.25e-10/4.77e-10
Complementarity gap  (abs/rel): 1.79e-11/1.63e-11


Barrier finished in 0.20 seconds
Dual variables for problems with quadratic constraints not returned.
