cuOpt version: 26.10.0, git hash: 648f805d, host arch: x86_64, device archs: 80-real
CPU: AMD EPYC 7642 48-Core Processor, threads: 5C/5T, RAM usage: 35.13/503.74GiB
CPU SIMD target: AVX2
CUDA 12.9, device: NVIDIA A100 80GB PCIe (ID 0), VRAM: 79.44 GiB
CUDA device UUID: 68df5cf5-71f9-6a93-b428-460c080ffb10
Problem has 1 quadratic constraints. Converting to second-order cones and solving with barrier.
Handling 50 free variables directly in augmented system
Presolved problem: 5103 constraints 10102 variables 265152 nonzeros
Skipping Ruiz equilibration (row norm ratio 1.4, column norm ratio 1.4 < 5e4, Q coeff ratio 1.0 < 100)
Barrier solver started at 0.026 seconds
Barrier solver: 5103 constraints, 10102 variables, 265152 nonzeros


Second-order cones          : 1
Free variables              : 50
Upper bounds                : 5000
Linear system               : augmented
cuDSS Version               : 0.7.1
cuDSS Threading layer       : libcudss_mtlayer_gomp.so.0
Reordering time             : 0.057s
Symbolic factorization time : 0.024s
Symbolic nonzeros in factor : 2.79e+05
Elapsed time for augmented  : 0.113 seconds
Elapsed time           : 0.113 seconds
Barrier setup complete at 0.113 seconds
Adaptive regularization enabled


                  Objective                         Infeasibility        Time
Iter   Primal              Dual                Primal   Dual    Compl.   Elapsed
  0   -4.994345354933e-02 -2.506919330407e+03 5.00e+00 9.28e+00 1.02e+02 0.117
  1   -5.011417517344e-02 -4.648339528067e+01 8.23e-02 1.65e+00 5.51e+00 0.122
  2   -6.028405129418e-02 -1.220177770339e+00 8.23e-04 4.60e-01 1.28e-01 0.126
  3   -6.655654484249e-02 -3.112014023735e-01 1.72e-04 9.61e-02 2.67e-02 0.131
  4   -7.105225873844e-02 -2.649424094718e-01 9.99e-05 5.59e-02 1.54e-02 0.135
  5   -8.664362371382e-02 -1.378086096812e-01 2.28e-05 1.28e-02 3.45e-03 0.139
  6   -9.204440295022e-02 -1.133958222082e-01 3.79e-06 2.12e-03 5.88e-04 0.144
  7   -9.655667194674e-02 -1.035121135768e-01 1.18e-06 6.61e-04 1.50e-04 0.148
  8   -9.739217499446e-02 -1.011470452193e-01 4.86e-07 2.72e-04 9.65e-05 0.153
  9   -9.838297935855e-02 -9.942786003583e-02 1.20e-07 6.70e-05 2.54e-05 0.158
 10   -9.865945013533e-02 -9.890511510612e-02 2.34e-08 1.31e-05 8.47e-06 0.162
 11   -9.873732183733e-02 -9.878437668890e-02 4.38e-09 2.45e-06 1.62e-06 0.166
 12   -9.875068836687e-02 -9.875955404710e-02 4.63e-10 2.59e-07 1.93e-07 0.171
 13   -9.875426681841e-02 -9.875470383142e-02 2.28e-11 1.28e-08 9.16e-09 0.175
 14   -9.875443958083e-02 -9.875446236217e-02 1.17e-12 6.66e-10 3.97e-10 0.180
 15   -9.875444820436e-02 -9.875445036236e-02 1.09e-13 1.81e-09 3.02e-11 0.184


Optimal solution found in 15 iterations and 0.184s
Objective -9.87544482e-02
Primal infeasibility (abs/rel): 2.17e-13/1.09e-13
Dual infeasibility   (abs/rel): 2.00e-09/1.81e-09
Complementarity gap  (abs/rel): 3.32e-11/3.02e-11


Barrier finished in 0.19 seconds
Dual variables for problems with quadratic constraints not returned.
