cuOpt version: 26.10.0, git hash: 648f805d, host arch: x86_64, device archs: 80-real
CPU: AMD EPYC 7642 48-Core Processor, threads: 5C/5T, RAM usage: 35.34/503.74GiB
CPU SIMD target: AVX2
CUDA 12.9, device: NVIDIA A100 80GB PCIe (ID 0), VRAM: 79.44 GiB
CUDA device UUID: 68df5cf5-71f9-6a93-b428-460c080ffb10
Problem has 1 quadratic constraints. Converting to second-order cones and solving with barrier.
Handling 50 free variables directly in augmented system
Presolved problem: 5103 constraints 10102 variables 265152 nonzeros
Skipping Ruiz equilibration (row norm ratio 1.4, column norm ratio 1.4 < 5e4, Q coeff ratio 1.0 < 100)
Barrier solver started at 0.026 seconds
Barrier solver: 5103 constraints, 10102 variables, 265152 nonzeros


Second-order cones          : 1
Free variables              : 50
Upper bounds                : 5000
Linear system               : augmented
cuDSS Version               : 0.7.1
cuDSS Threading layer       : libcudss_mtlayer_gomp.so.0
Reordering time             : 0.052s
Symbolic factorization time : 0.023s
Symbolic nonzeros in factor : 2.79e+05
Elapsed time for augmented  : 0.109 seconds
Elapsed time           : 0.109 seconds
Barrier setup complete at 0.109 seconds
Adaptive regularization enabled


                  Objective                         Infeasibility        Time
Iter   Primal              Dual                Primal   Dual    Compl.   Elapsed
  0   -4.995580052257e-02 -2.506996814097e+03 5.00e+00 9.28e+00 1.02e+02 0.113
  1   -5.012649550816e-02 -4.607986424380e+01 8.15e-02 1.65e+00 5.49e+00 0.117
  2   -6.040168456280e-02 -1.214355539409e+00 8.15e-04 4.57e-01 1.26e-01 0.122
  3   -6.660806206779e-02 -3.148345263412e-01 1.73e-04 9.73e-02 2.70e-02 0.126
  4   -7.064579469469e-02 -2.653317514607e-01 9.71e-05 5.45e-02 1.50e-02 0.131
  5   -8.597916385278e-02 -1.378411318715e-01 2.32e-05 1.30e-02 3.49e-03 0.135
  6   -9.119792876296e-02 -1.145061482317e-01 4.11e-06 2.31e-03 6.17e-04 0.139
  7   -9.545844623602e-02 -1.047708105228e-01 1.56e-06 8.76e-04 2.34e-04 0.143
  8   -9.744463399719e-02 -1.003557743775e-01 3.98e-07 2.23e-04 6.34e-05 0.148
  9   -9.824317556426e-02 -9.877651758842e-02 2.18e-08 1.23e-05 4.14e-06 0.152
 10   -9.843795746795e-02 -9.852217395971e-02 3.15e-09 1.77e-06 4.75e-07 0.156
 11   -9.846683427975e-02 -9.848313989413e-02 4.32e-10 2.42e-07 9.29e-08 0.161
 12   -9.847389371168e-02 -9.847452312425e-02 1.62e-11 9.08e-09 3.26e-09 0.165
 13   -9.847414778906e-02 -9.847421006162e-02 1.57e-12 7.95e-10 2.52e-10 0.170
 14   -9.847417190849e-02 -9.847418008046e-02 1.74e-13 2.20e-09 2.24e-11 0.174


Optimal solution found in 14 iterations and 0.174s
Objective -9.84741719e-02
Primal infeasibility (abs/rel): 3.48e-13/1.74e-13
Dual infeasibility   (abs/rel): 2.42e-09/2.20e-09
Complementarity gap  (abs/rel): 2.46e-11/2.24e-11


Barrier finished in 0.18 seconds
Dual variables for problems with quadratic constraints not returned.
