cuOpt version: 26.10.0, git hash: 648f805d, host arch: x86_64, device archs: 80-real
CPU: AMD EPYC 7642 48-Core Processor, threads: 5C/5T, RAM usage: 35.27/503.74GiB
CPU SIMD target: AVX2
CUDA 12.9, device: NVIDIA A100 80GB PCIe (ID 0), VRAM: 79.44 GiB
CUDA device UUID: 68df5cf5-71f9-6a93-b428-460c080ffb10
Problem has 1 quadratic constraints. Converting to second-order cones and solving with barrier.
Handling 50 free variables directly in augmented system
Presolved problem: 5103 constraints 10102 variables 265152 nonzeros
Skipping Ruiz equilibration (row norm ratio 1.4, column norm ratio 1.4 < 5e4, Q coeff ratio 1.0 < 100)
Barrier solver started at 0.026 seconds
Barrier solver: 5103 constraints, 10102 variables, 265152 nonzeros


Second-order cones          : 1
Free variables              : 50
Upper bounds                : 5000
Linear system               : augmented
cuDSS Version               : 0.7.1
cuDSS Threading layer       : libcudss_mtlayer_gomp.so.0
Reordering time             : 0.052s
Symbolic factorization time : 0.023s
Symbolic nonzeros in factor : 2.79e+05
Elapsed time for augmented  : 0.109 seconds
Elapsed time           : 0.109 seconds
Barrier setup complete at 0.109 seconds
Adaptive regularization enabled


                  Objective                         Infeasibility        Time
Iter   Primal              Dual                Primal   Dual    Compl.   Elapsed
  0   -4.995995351435e-02 -2.507023350713e+03 5.00e+00 9.29e+00 1.02e+02 0.113
  1   -5.013066021748e-02 -4.657100872706e+01 8.25e-02 1.65e+00 5.51e+00 0.117
  2   -6.028590357843e-02 -1.209586849662e+00 8.25e-04 4.61e-01 1.28e-01 0.122
  3   -6.669367331718e-02 -3.184344640789e-01 1.78e-04 9.99e-02 2.78e-02 0.126
  4   -7.120452606026e-02 -2.624067700026e-01 9.28e-05 5.19e-02 1.43e-02 0.130
  5   -8.594461428274e-02 -1.401598136045e-01 2.40e-05 1.34e-02 3.63e-03 0.134
  6   -9.268731676134e-02 -1.117081972392e-01 3.24e-06 1.81e-03 4.71e-04 0.139
  7   -9.633113357385e-02 -1.033310077318e-01 1.13e-06 6.34e-04 1.54e-04 0.143
  8   -9.770710386241e-02 -1.001017159064e-01 3.02e-07 1.69e-04 4.56e-05 0.147
  9   -9.841712829807e-02 -9.879286617997e-02 2.99e-08 1.68e-05 3.62e-06 0.152
 10   -9.853527995772e-02 -9.861016621863e-02 3.74e-09 2.09e-06 3.46e-07 0.156
 11   -9.856128271463e-02 -9.857381831260e-02 4.30e-10 2.41e-07 6.54e-08 0.160
 12   -9.856656442984e-02 -9.856724094745e-02 2.20e-11 1.23e-08 3.30e-09 0.165
 13   -9.856683970071e-02 -9.856689220269e-02 1.43e-12 7.72e-10 2.15e-10 0.169
 14   -9.856686179465e-02 -9.856686501586e-02 8.60e-14 1.98e-10 8.20e-12 0.174


Optimal solution found in 14 iterations and 0.174s
Objective -9.85668618e-02
Primal infeasibility (abs/rel): 1.72e-13/8.60e-14
Dual infeasibility   (abs/rel): 2.18e-10/1.98e-10
Complementarity gap  (abs/rel): 9.01e-12/8.20e-12


Barrier finished in 0.18 seconds
Dual variables for problems with quadratic constraints not returned.
