cuOpt version: 26.10.0, git hash: 648f805d, host arch: x86_64, device archs: 80-real
CPU: AMD EPYC 7642 48-Core Processor, threads: 5C/5T, RAM usage: 35.31/503.74GiB
CPU SIMD target: AVX2
CUDA 12.9, device: NVIDIA A100 80GB PCIe (ID 0), VRAM: 79.44 GiB
CUDA device UUID: 68df5cf5-71f9-6a93-b428-460c080ffb10
Problem has 1 quadratic constraints. Converting to second-order cones and solving with barrier.
Barrier: reusing cache (skip convert/presolve/scaling)
Barrier solver started at 0.000 seconds
Barrier solver: 5103 constraints, 10102 variables, 265152 nonzeros
Barrier setup complete at 0.000 seconds
Adaptive regularization enabled


                  Objective                         Infeasibility        Time
Iter   Primal              Dual                Primal   Dual    Compl.   Elapsed
  0   -3.701605598740e+02 -3.710234169387e+02 3.71e+03 1.91e+00 1.19e-02 0.001
  1   -3.741054728906e+01 -3.495882843052e+02 3.74e+02 7.84e-02 1.66e-02 0.006
  2   -3.887937415097e+00 -2.097219589965e+02 3.80e+01 4.70e-02 1.33e-02 0.011
  3   -4.429600743902e-01 -3.237980308251e+01 3.86e+00 5.32e-03 4.56e-03 0.015
  4   -9.287886951982e-02 -4.511798823253e+00 4.09e-01 5.69e-04 6.47e-04 0.019
  5   -5.627296345894e-02 -7.108185580175e-01 4.09e-02 5.69e-05 8.81e-05 0.024
  6   -5.675916003837e-02 -2.026239755899e-01 9.03e-03 1.26e-05 1.79e-05 0.028
  7   -6.888235743605e-02 -1.400988448093e-01 3.96e-03 5.52e-06 7.57e-06 0.032
  8   -7.287761758632e-02 -1.383138550048e-01 3.34e-03 4.66e-06 1.84e-05 0.037
  9   -7.610760716478e-02 -1.355476028253e-01 2.79e-03 3.89e-06 3.64e-05 0.041
 10   -8.087141004639e-02 -1.298420118548e-01 2.02e-03 2.81e-06 5.26e-05 0.045
 11   -8.196508441644e-02 -1.284914186034e-01 1.67e-03 2.32e-06 5.28e-05 0.049
 12   -8.703874089865e-02 -1.201278554173e-01 9.98e-04 1.39e-06 5.44e-05 0.054
 13   -8.777481625541e-02 -1.172977797948e-01 7.19e-04 1.00e-06 1.85e-04 0.058
 14   -9.271058854735e-02 -1.085907407869e-01 3.18e-04 4.42e-07 1.14e-04 0.062
 15   -9.553683516444e-02 -1.034406529993e-01 1.33e-04 1.85e-07 5.56e-05 0.067
 16   -9.738496903409e-02 -1.003410949189e-01 4.04e-05 5.63e-08 1.24e-05 0.071
 17   -9.798780275829e-02 -9.931162451455e-02 1.49e-05 2.08e-08 5.32e-06 0.075
 18   -9.829688191676e-02 -9.880470661736e-02 4.39e-06 6.10e-09 2.57e-06 0.080
 19   -9.847161781147e-02 -9.855905560543e-02 7.36e-07 1.03e-09 3.80e-07 0.084
 20   -9.850140459514e-02 -9.851729135736e-02 1.33e-07 1.89e-10 6.11e-08 0.088
 21   -9.850694295805e-02 -9.850952424965e-02 2.15e-08 3.29e-11 8.79e-09 0.092
 22   -9.850786961416e-02 -9.850822746471e-02 2.97e-09 7.39e-12 1.04e-09 0.097
 23   -9.850799832852e-02 -9.850804789589e-02 4.11e-10 1.06e-10 1.30e-10 0.101
 24   -9.850801599548e-02 -9.850802330822e-02 6.06e-11 1.35e-07 1.69e-11 0.105
 25   -9.850801860863e-02 -9.850801967821e-02 8.86e-12 2.78e-07 2.19e-12 0.108
 26   -9.850801899131e-02 -9.850801914666e-02 1.28e-12 4.03e-08 2.57e-13 0.113
 27   -9.850801904493e-02 -9.850801907222e-02 2.25e-13 7.07e-09 4.77e-14 0.117


Optimal solution found in 27 iterations and 0.117s
Objective -9.85080190e-02
Primal infeasibility (abs/rel): 4.51e-13/2.25e-13
Dual infeasibility   (abs/rel): 7.79e-09/7.07e-09
Complementarity gap  (abs/rel): 5.24e-14/4.77e-14


Barrier finished in 0.12 seconds
Dual variables for problems with quadratic constraints not returned.
