cuOpt version: 26.10.0, git hash: 648f805d, host arch: x86_64, device archs: 80-real
CPU: AMD EPYC 7642 48-Core Processor, threads: 5C/5T, RAM usage: 35.36/503.74GiB
CPU SIMD target: AVX2
CUDA 12.9, device: NVIDIA A100 80GB PCIe (ID 0), VRAM: 79.44 GiB
CUDA device UUID: 68df5cf5-71f9-6a93-b428-460c080ffb10
Problem has 1 quadratic constraints. Converting to second-order cones and solving with barrier.
Barrier: reusing cache (skip convert/presolve/scaling)
Barrier solver started at 0.000 seconds
Barrier solver: 5103 constraints, 10102 variables, 265152 nonzeros
Barrier setup complete at 0.000 seconds
Adaptive regularization enabled


                  Objective                         Infeasibility        Time
Iter   Primal              Dual                Primal   Dual    Compl.   Elapsed
  0   -3.702624119443e+02 -3.710387458059e+02 3.71e+03 1.91e+00 1.19e-02 0.001
  1   -3.742079799567e+01 -3.496036719138e+02 3.74e+02 7.84e-02 1.66e-02 0.006
  2   -3.888994013225e+00 -2.097346656933e+02 3.80e+01 4.70e-02 1.33e-02 0.011
  3   -4.430512184704e-01 -3.238077214550e+01 3.86e+00 5.32e-03 4.56e-03 0.015
  4   -9.288389828411e-02 -4.510664653398e+00 4.09e-01 5.68e-04 6.47e-04 0.019
  5   -5.628571769766e-02 -7.106214124358e-01 4.09e-02 5.69e-05 8.80e-05 0.024
  6   -5.677723479265e-02 -2.023841434039e-01 9.01e-03 1.25e-05 1.78e-05 0.028
  7   -6.888706398487e-02 -1.402317630923e-01 3.97e-03 5.53e-06 7.59e-06 0.032
  8   -7.323051333433e-02 -1.384590470762e-01 3.29e-03 4.58e-06 2.13e-05 0.037
  9   -7.616943879103e-02 -1.359080175974e-01 2.79e-03 3.89e-06 4.75e-05 0.041
 10   -8.013258525239e-02 -1.313987011902e-01 2.11e-03 2.94e-06 8.10e-05 0.045
 11   -8.114638456323e-02 -1.302582703808e-01 1.80e-03 2.50e-06 8.57e-05 0.050
 12   -8.613106586001e-02 -1.220830143069e-01 1.13e-03 1.58e-06 8.44e-05 0.054
 13   -8.658053297880e-02 -1.197342073634e-01 8.41e-04 1.17e-06 2.03e-04 0.058
 14   -9.079265818168e-02 -1.122942881459e-01 4.75e-04 6.61e-07 1.64e-04 0.063
 15   -9.473431480910e-02 -1.049161434742e-01 2.00e-04 2.79e-07 7.82e-05 0.067
 16   -9.673600629382e-02 -1.013421506228e-01 5.96e-05 8.30e-08 1.70e-05 0.071
 17   -9.765764343403e-02 -9.976368904871e-02 2.15e-05 3.00e-08 8.52e-06 0.075
 18   -9.807907048890e-02 -9.909408946902e-02 8.95e-06 1.25e-08 5.26e-06 0.080
 19   -9.838802071833e-02 -9.862770111009e-02 1.09e-06 1.53e-09 8.44e-07 0.084
 20   -9.846849600981e-02 -9.852411338482e-02 2.48e-07 3.48e-10 2.03e-07 0.088
 21   -9.848939199687e-02 -9.849737260019e-02 3.53e-08 5.35e-11 2.57e-08 0.093
 22   -9.849244372996e-02 -9.849347599263e-02 4.56e-09 6.26e-12 2.97e-09 0.097
 23   -9.849284627398e-02 -9.849296245167e-02 5.14e-10 5.27e-12 3.18e-10 0.101
 24   -9.849289209779e-02 -9.849290401239e-02 5.27e-11 2.57e-10 3.26e-11 0.105
 25   -9.849289680608e-02 -9.849289800543e-02 5.31e-12 1.86e-08 3.29e-12 0.109
 26   -9.849289728001e-02 -9.849289740028e-02 5.33e-13 1.85e-07 3.30e-13 0.112
 27   -9.849289732750e-02 -9.849289733948e-02 5.34e-14 3.70e-07 3.38e-14 0.116
 28   -9.849289733222e-02 -9.849289733340e-02 5.44e-15 1.43e-06 3.87e-15 0.120
 29   -9.849289733268e-02 -9.849289733279e-02 5.55e-16 1.38e-05 1.34e-16 0.123
Numerical error in objective
Restoring previous solution


Suboptimal solution found in 30 iterations and 0.13 seconds
Objective -9.84928463e-02
Primal infeasibility (abs/rel): 1.03e-09/5.14e-10
Dual infeasibility   (abs/rel): 5.80e-12/5.27e-12
Complementarity gap  (abs/rel): 3.49e-10/3.18e-10


Barrier finished in 0.13 seconds
Dual variables for problems with quadratic constraints not returned.
