cuOpt version: 26.10.0, git hash: 648f805d, host arch: x86_64, device archs: 80-real
CPU: AMD EPYC 7642 48-Core Processor, threads: 5C/5T, RAM usage: 35.27/503.74GiB
CPU SIMD target: AVX2
CUDA 12.9, device: NVIDIA A100 80GB PCIe (ID 0), VRAM: 79.44 GiB
CUDA device UUID: 68df5cf5-71f9-6a93-b428-460c080ffb10
Problem has 1 quadratic constraints. Converting to second-order cones and solving with barrier.
Barrier: reusing cache (skip convert/presolve/scaling)
Barrier solver started at 0.000 seconds
Barrier solver: 5103 constraints, 10102 variables, 265152 nonzeros
Barrier setup complete at 0.001 seconds
Adaptive regularization enabled


                  Objective                         Infeasibility        Time
Iter   Primal              Dual                Primal   Dual    Compl.   Elapsed
  0   -3.704291987375e+02 -3.711395609108e+02 3.71e+03 1.91e+00 1.19e-02 0.001
  1   -3.743741828251e+01 -3.497046453129e+02 3.74e+02 7.84e-02 1.66e-02 0.007
  2   -3.890680457313e+00 -2.098194049611e+02 3.81e+01 4.70e-02 1.33e-02 0.012
  3   -4.432259682979e-01 -3.239729118883e+01 3.86e+00 5.32e-03 4.56e-03 0.016
  4   -9.291615311173e-02 -4.513183885812e+00 4.09e-01 5.69e-04 6.47e-04 0.020
  5   -5.629790215169e-02 -7.110358309642e-01 4.09e-02 5.69e-05 8.80e-05 0.025
  6   -5.678707160775e-02 -2.035520424769e-01 9.08e-03 1.26e-05 1.79e-05 0.029
  7   -6.872857994168e-02 -1.410845875819e-01 4.02e-03 5.60e-06 7.68e-06 0.033
  8   -7.252490446589e-02 -1.393041239009e-01 3.42e-03 4.77e-06 1.87e-05 0.038
  9   -7.579096256329e-02 -1.366882914585e-01 2.85e-03 3.97e-06 3.07e-05 0.042
 10   -8.100782526567e-02 -1.300808349297e-01 2.05e-03 2.86e-06 4.59e-05 0.046
 11   -8.218333599012e-02 -1.286220013967e-01 1.69e-03 2.35e-06 5.10e-05 0.051
 12   -8.767240611096e-02 -1.195243895815e-01 1.00e-03 1.39e-06 5.06e-05 0.055
 13   -8.858510079957e-02 -1.167201112944e-01 7.02e-04 9.78e-07 1.02e-04 0.059
 14   -9.160992996982e-02 -1.112770018089e-01 4.19e-04 5.84e-07 1.01e-04 0.064
 15   -9.478652647882e-02 -1.055181760666e-01 2.05e-04 2.86e-07 6.09e-05 0.068
 16   -9.695465315772e-02 -1.018357918638e-01 7.97e-05 1.11e-07 1.92e-05 0.072
 17   -9.767270779301e-02 -1.003905042684e-01 3.10e-05 4.31e-08 1.79e-05 0.077
 18   -9.823477699468e-02 -9.951422152943e-02 1.27e-05 1.77e-08 9.79e-06 0.081
 19   -9.862090375449e-02 -9.893673494361e-02 2.26e-06 3.15e-09 1.68e-06 0.085
 20   -9.871549363136e-02 -9.880694149105e-02 6.25e-07 8.73e-10 5.01e-07 0.090
 21   -9.874841045707e-02 -9.876244030663e-02 8.87e-08 1.28e-10 6.64e-08 0.094
 22   -9.875365344836e-02 -9.875549997335e-02 1.17e-08 1.96e-11 7.72e-09 0.098
 23   -9.875434154043e-02 -9.875459104211e-02 1.58e-09 5.03e-11 9.11e-10 0.103
 24   -9.875443433800e-02 -9.875446864392e-02 2.17e-10 2.85e-08 1.07e-10 0.106
 25   -9.875444703258e-02 -9.875445190165e-02 3.07e-11 4.01e-09 1.25e-11 0.111


Optimal solution found in 25 iterations and 0.111s
Objective -9.87544470e-02
Primal infeasibility (abs/rel): 6.15e-11/3.07e-11
Dual infeasibility   (abs/rel): 4.42e-09/4.01e-09
Complementarity gap  (abs/rel): 1.38e-11/1.25e-11


Barrier finished in 0.11 seconds
Dual variables for problems with quadratic constraints not returned.
