cuOpt version: 26.10.0, git hash: 648f805d, host arch: x86_64, device archs: 80-real
CPU: AMD EPYC 7642 48-Core Processor, threads: 5C/5T, RAM usage: 35.24/503.74GiB
CPU SIMD target: AVX2
CUDA 12.9, device: NVIDIA A100 80GB PCIe (ID 0), VRAM: 79.44 GiB
CUDA device UUID: 68df5cf5-71f9-6a93-b428-460c080ffb10
Problem has 1 quadratic constraints. Converting to second-order cones and solving with barrier.
Barrier: reusing cache (skip convert/presolve/scaling)
Barrier solver started at 0.000 seconds
Barrier solver: 5103 constraints, 10102 variables, 265152 nonzeros
Barrier setup complete at 0.000 seconds
Adaptive regularization enabled


                  Objective                         Infeasibility        Time
Iter   Primal              Dual                Primal   Dual    Compl.   Elapsed
  0   -3.704340093575e+02 -3.710959393425e+02 3.71e+03 1.91e+00 1.19e-02 0.001
  1   -3.743763581359e+01 -3.496609895266e+02 3.74e+02 7.84e-02 1.66e-02 0.006
  2   -3.890628857295e+00 -2.097811373110e+02 3.80e+01 4.70e-02 1.33e-02 0.011
  3   -4.432462270760e-01 -3.238991852049e+01 3.86e+00 5.32e-03 4.56e-03 0.016
  4   -9.292768745242e-02 -4.512426361513e+00 4.09e-01 5.69e-04 6.47e-04 0.020
  5   -5.630707292006e-02 -7.109235523688e-01 4.09e-02 5.69e-05 8.81e-05 0.024
  6   -5.680194941130e-02 -2.023096872489e-01 9.00e-03 1.25e-05 1.78e-05 0.028
  7   -6.898519995776e-02 -1.400410510322e-01 3.96e-03 5.51e-06 7.56e-06 0.033
  8   -7.329816278086e-02 -1.381751049213e-01 3.30e-03 4.59e-06 1.91e-05 0.037
  9   -7.581106874906e-02 -1.362803221433e-01 2.85e-03 3.96e-06 3.77e-05 0.041
 10   -8.015150010789e-02 -1.311167208600e-01 2.17e-03 3.02e-06 7.10e-05 0.046
 11   -8.113082900103e-02 -1.301339591752e-01 1.83e-03 2.55e-06 8.07e-05 0.050
 12   -8.445026973589e-02 -1.250407957513e-01 1.26e-03 1.75e-06 8.07e-05 0.054
 13   -8.640435669345e-02 -1.208305671533e-01 9.05e-04 1.26e-06 1.14e-04 0.058
 14   -9.202790362486e-02 -1.101735196093e-01 4.10e-04 5.71e-07 6.81e-05 0.063
 15   -9.482760684866e-02 -1.051599139941e-01 2.02e-04 2.81e-07 2.87e-05 0.067
 16   -9.648762695157e-02 -1.022025499522e-01 1.01e-04 1.41e-07 1.31e-05 0.071
 17   -9.718027908026e-02 -1.006709805275e-01 4.36e-05 6.07e-08 1.99e-05 0.076
 18   -9.812717935426e-02 -9.919332047362e-02 1.08e-05 1.50e-08 4.52e-06 0.080
 19   -9.841168211582e-02 -9.876006006206e-02 3.19e-06 4.45e-09 1.44e-06 0.084
 20   -9.852521533291e-02 -9.859319756423e-02 5.78e-07 8.06e-10 2.27e-07 0.089
 21   -9.854921693221e-02 -9.855913287235e-02 8.39e-08 1.21e-10 3.08e-08 0.093
 22   -9.855277423306e-02 -9.855410710053e-02 1.13e-08 1.88e-11 3.78e-09 0.097
 23   -9.855325602553e-02 -9.855342730296e-02 1.45e-09 9.86e-09 4.33e-10 0.101
 24   -9.855331798087e-02 -9.855333994424e-02 1.86e-10 1.20e-09 4.79e-11 0.105
 25   -9.855332593504e-02 -9.855332873900e-02 2.37e-11 1.14e-10 5.49e-12 0.110


Optimal solution found in 25 iterations and 0.110s
Objective -9.85533259e-02
Primal infeasibility (abs/rel): 4.74e-11/2.37e-11
Dual infeasibility   (abs/rel): 1.25e-10/1.14e-10
Complementarity gap  (abs/rel): 6.03e-12/5.49e-12


Barrier finished in 0.11 seconds
Dual variables for problems with quadratic constraints not returned.
