cuOpt version: 26.10.0, git hash: 648f805d, host arch: x86_64, device archs: 80-real
CPU: AMD EPYC 7642 48-Core Processor, threads: 5C/5T, RAM usage: 35.39/503.74GiB
CPU SIMD target: AVX2
CUDA 12.9, device: NVIDIA A100 80GB PCIe (ID 0), VRAM: 79.44 GiB
CUDA device UUID: 68df5cf5-71f9-6a93-b428-460c080ffb10
Problem has 1 quadratic constraints. Converting to second-order cones and solving with barrier.
Barrier: reusing cache (skip convert/presolve/scaling)
Barrier solver started at 0.000 seconds
Barrier solver: 5103 constraints, 10102 variables, 265152 nonzeros
Barrier setup complete at 0.000 seconds
Adaptive regularization enabled


                  Objective                         Infeasibility        Time
Iter   Primal              Dual                Primal   Dual    Compl.   Elapsed
  0   -3.704472534989e+02 -3.711214143411e+02 3.71e+03 1.91e+00 1.19e-02 0.001
  1   -3.743997022934e+01 -3.496865432589e+02 3.74e+02 7.84e-02 1.66e-02 0.006
  2   -3.891133604357e+00 -2.098064523766e+02 3.81e+01 4.70e-02 1.33e-02 0.011
  3   -4.433011174324e-01 -3.239671031246e+01 3.86e+00 5.32e-03 4.56e-03 0.015
  4   -9.293283579498e-02 -4.513403821305e+00 4.09e-01 5.69e-04 6.47e-04 0.020
  5   -5.630477213606e-02 -7.110955777732e-01 4.09e-02 5.69e-05 8.81e-05 0.024
  6   -5.679523463703e-02 -2.032837427976e-01 9.06e-03 1.26e-05 1.79e-05 0.028
  7   -6.871423001150e-02 -1.414511761993e-01 4.05e-03 5.63e-06 7.73e-06 0.032
  8   -7.377545267964e-02 -1.394731322425e-01 3.22e-03 4.49e-06 3.02e-05 0.037
  9   -7.665593452473e-02 -1.368589986793e-01 2.70e-03 3.76e-06 6.71e-05 0.041
 10   -8.148071293820e-02 -1.304719199528e-01 1.94e-03 2.70e-06 1.02e-04 0.045
 11   -8.291224733344e-02 -1.284861635034e-01 1.54e-03 2.14e-06 1.04e-04 0.050
 12   -8.626623571423e-02 -1.226828843513e-01 1.06e-03 1.47e-06 9.58e-05 0.054
 13   -8.645788497877e-02 -1.210464416803e-01 8.77e-04 1.22e-06 1.56e-04 0.058
 14   -9.101090669538e-02 -1.126476616997e-01 4.23e-04 5.89e-07 1.42e-04 0.063
 15   -9.490112713923e-02 -1.052769549742e-01 1.84e-04 2.56e-07 8.04e-05 0.067
 16   -9.715418559953e-02 -1.014324426238e-01 6.75e-05 9.39e-08 2.10e-05 0.071
 17   -9.773750188480e-02 -1.002762981457e-01 3.26e-05 4.54e-08 1.55e-05 0.075
 18   -9.832265653180e-02 -9.927598886531e-02 9.20e-06 1.28e-08 5.82e-06 0.080
 19   -9.862388923199e-02 -9.882773921759e-02 1.77e-06 2.46e-09 9.41e-07 0.084
 20   -9.869306802265e-02 -9.872847846618e-02 3.01e-07 4.21e-10 1.36e-07 0.088
 21   -9.870554353935e-02 -9.871075604850e-02 4.40e-08 6.69e-11 1.73e-08 0.093
 22   -9.870740788416e-02 -9.870811719938e-02 5.98e-09 1.52e-11 2.08e-09 0.097
 23   -9.870766497995e-02 -9.870775369613e-02 7.48e-10 2.05e-09 2.36e-10 0.101
 24   -9.870769695299e-02 -9.870770849438e-02 9.73e-11 1.10e-07 2.63e-11 0.104
 25   -9.870770101933e-02 -9.870770274655e-02 1.46e-11 3.04e-07 3.06e-12 0.108
 26   -9.870770160408e-02 -9.870770192011e-02 2.65e-12 5.54e-08 6.58e-13 0.112
 27   -9.870770170652e-02 -9.870770177536e-02 5.71e-13 1.19e-08 1.69e-13 0.117
 28   -9.870770172799e-02 -9.870770174511e-02 1.37e-13 2.86e-09 4.53e-14 0.121


Optimal solution found in 28 iterations and 0.121s
Objective -9.87077017e-02
Primal infeasibility (abs/rel): 2.75e-13/1.37e-13
Dual infeasibility   (abs/rel): 3.15e-09/2.86e-09
Complementarity gap  (abs/rel): 4.98e-14/4.53e-14


Barrier finished in 0.12 seconds
Dual variables for problems with quadratic constraints not returned.
