cuOpt version: 26.10.0, git hash: 648f805d, host arch: x86_64, device archs: 80-real
CPU: AMD EPYC 7642 48-Core Processor, threads: 5C/5T, RAM usage: 35.34/503.74GiB
CPU SIMD target: AVX2
CUDA 12.9, device: NVIDIA A100 80GB PCIe (ID 0), VRAM: 79.44 GiB
CUDA device UUID: 68df5cf5-71f9-6a93-b428-460c080ffb10
Problem has 1 quadratic constraints. Converting to second-order cones and solving with barrier.
Barrier: reusing cache (skip convert/presolve/scaling)
Barrier solver started at 0.000 seconds
Barrier solver: 5103 constraints, 10102 variables, 265152 nonzeros
Barrier setup complete at 0.000 seconds
Adaptive regularization enabled


                  Objective                         Infeasibility        Time
Iter   Primal              Dual                Primal   Dual    Compl.   Elapsed
  0   -3.702779911923e+02 -3.710340990992e+02 3.71e+03 1.91e+00 1.19e-02 0.001
  1   -3.742292109118e+01 -3.495990552812e+02 3.74e+02 7.84e-02 1.66e-02 0.006
  2   -3.889384307628e+00 -2.097327988012e+02 3.80e+01 4.70e-02 1.33e-02 0.010
  3   -4.430960182687e-01 -3.238133789901e+01 3.86e+00 5.32e-03 4.56e-03 0.015
  4   -9.289012197208e-02 -4.510662227589e+00 4.09e-01 5.68e-04 6.47e-04 0.019
  5   -5.628863756628e-02 -7.106312271472e-01 4.09e-02 5.69e-05 8.80e-05 0.024
  6   -5.677850778184e-02 -2.029424272391e-01 9.04e-03 1.26e-05 1.79e-05 0.028
  7   -6.877287718106e-02 -1.406254863809e-01 4.00e-03 5.57e-06 7.64e-06 0.032
  8   -7.302390533261e-02 -1.387468622852e-01 3.31e-03 4.60e-06 2.33e-05 0.037
  9   -7.655296452280e-02 -1.353559558426e-01 2.71e-03 3.78e-06 5.34e-05 0.041
 10   -8.076278381886e-02 -1.302532317861e-01 2.00e-03 2.78e-06 7.65e-05 0.045
 11   -8.201908396731e-02 -1.286317541691e-01 1.65e-03 2.29e-06 7.72e-05 0.050
 12   -8.588591055722e-02 -1.221386584629e-01 1.12e-03 1.56e-06 7.21e-05 0.054
 13   -8.618516328997e-02 -1.205849261761e-01 9.23e-04 1.28e-06 1.19e-04 0.058
 14   -9.029711485724e-02 -1.130154617064e-01 4.99e-04 6.94e-07 1.12e-04 0.062
 15   -9.408412988931e-02 -1.058317598561e-01 2.31e-04 3.22e-07 7.25e-05 0.067
 16   -9.644047621834e-02 -1.017414818205e-01 8.51e-05 1.18e-07 2.08e-05 0.071
 17   -9.738354374487e-02 -9.984886289649e-02 2.27e-05 3.16e-08 1.33e-05 0.075
 18   -9.794054234655e-02 -9.902848535231e-02 9.29e-06 1.29e-08 7.00e-06 0.080
 19   -9.822787233861e-02 -9.860316171304e-02 2.30e-06 3.20e-09 2.19e-06 0.084
 20   -9.835884110959e-02 -9.842826562816e-02 4.02e-07 5.63e-10 3.65e-07 0.088
 21   -9.838494059353e-02 -9.839397357635e-02 5.22e-08 7.63e-11 4.27e-08 0.093
 22   -9.838837410394e-02 -9.838947278227e-02 6.35e-09 1.31e-11 4.78e-09 0.097
 23   -9.838879368911e-02 -9.838892336969e-02 7.49e-10 1.28e-09 5.26e-10 0.101
 24   -9.838884329699e-02 -9.838885846120e-02 8.76e-11 1.41e-08 5.73e-11 0.104
 25   -9.838884906509e-02 -9.838885091126e-02 1.07e-11 1.71e-09 6.25e-12 0.109


Optimal solution found in 25 iterations and 0.109s
Objective -9.83888491e-02
Primal infeasibility (abs/rel): 2.13e-11/1.07e-11
Dual infeasibility   (abs/rel): 1.88e-09/1.71e-09
Complementarity gap  (abs/rel): 6.87e-12/6.25e-12


Barrier finished in 0.11 seconds
Dual variables for problems with quadratic constraints not returned.
