cuOpt version: 26.10.0, git hash: 648f805d, host arch: x86_64, device archs: 80-real
CPU: AMD EPYC 7642 48-Core Processor, threads: 5C/5T, RAM usage: 35.26/503.74GiB
CPU SIMD target: AVX2
CUDA 12.9, device: NVIDIA A100 80GB PCIe (ID 0), VRAM: 79.44 GiB
CUDA device UUID: 68df5cf5-71f9-6a93-b428-460c080ffb10
Problem has 1 quadratic constraints. Converting to second-order cones and solving with barrier.
Barrier: reusing cache (skip convert/presolve/scaling)
Barrier solver started at 0.000 seconds
Barrier solver: 5103 constraints, 10102 variables, 265152 nonzeros
Barrier setup complete at 0.000 seconds
Adaptive regularization enabled


                  Objective                         Infeasibility        Time
Iter   Primal              Dual                Primal   Dual    Compl.   Elapsed
  0   -3.703361174615e+02 -3.711052443117e+02 3.71e+03 1.91e+00 1.19e-02 0.001
  1   -3.742795209044e+01 -3.496702503332e+02 3.74e+02 7.84e-02 1.66e-02 0.006
  2   -3.889668016939e+00 -2.097901230119e+02 3.80e+01 4.70e-02 1.33e-02 0.010
  3   -4.431096109010e-01 -3.239116105752e+01 3.86e+00 5.32e-03 4.56e-03 0.015
  4   -9.288826022558e-02 -4.511806795444e+00 4.09e-01 5.68e-04 6.47e-04 0.019
  5   -5.628648500052e-02 -7.107976400052e-01 4.09e-02 5.69e-05 8.80e-05 0.023
  6   -5.677571241758e-02 -2.030855408328e-01 9.05e-03 1.26e-05 1.79e-05 0.028
  7   -6.872918256805e-02 -1.411026633907e-01 4.03e-03 5.61e-06 7.69e-06 0.032
  8   -7.250345338104e-02 -1.395584675288e-01 3.42e-03 4.77e-06 1.99e-05 0.036
  9   -7.554429166759e-02 -1.369873639895e-01 2.91e-03 4.05e-06 4.64e-05 0.040
 10   -7.906083835773e-02 -1.334444047087e-01 2.24e-03 3.12e-06 7.42e-05 0.045
 11   -8.340818514295e-02 -1.273470303567e-01 1.50e-03 2.08e-06 8.08e-05 0.049
 12   -8.386817821550e-02 -1.262597852625e-01 1.30e-03 1.81e-06 7.68e-05 0.053
 13   -8.679977980776e-02 -1.206801823368e-01 9.18e-04 1.28e-06 6.54e-05 0.058
 14   -8.889469270868e-02 -1.155764880153e-01 5.81e-04 8.09e-07 1.87e-04 0.062
 15   -9.465244679018e-02 -1.053442238335e-01 1.87e-04 2.60e-07 6.33e-05 0.066
 16   -9.673240019046e-02 -1.015794083132e-01 7.71e-05 1.07e-07 2.21e-05 0.070
 17   -9.766355510869e-02 -9.987672565069e-02 2.74e-05 3.81e-08 6.95e-06 0.075
 18   -9.818070800374e-02 -9.898247610305e-02 7.44e-06 1.04e-08 3.34e-06 0.079
 19   -9.842129442170e-02 -9.862909024741e-02 1.86e-06 2.59e-09 7.52e-07 0.083
 20   -9.848813965362e-02 -9.853092804471e-02 3.65e-07 5.10e-10 1.36e-07 0.088
 21   -9.850296891728e-02 -9.850961458109e-02 5.59e-08 8.00e-11 1.85e-08 0.092
 22   -9.850532162906e-02 -9.850625851040e-02 7.87e-09 8.65e-10 2.38e-09 0.096
 23   -9.850565668029e-02 -9.850578112182e-02 1.04e-09 1.59e-09 2.88e-10 0.099
 24   -9.850570147286e-02 -9.850571735794e-02 1.33e-10 2.30e-10 3.29e-11 0.104
 25   -9.850570725331e-02 -9.850570913571e-02 1.58e-11 8.06e-08 3.55e-12 0.107
 26   -9.850570794656e-02 -9.850570815067e-02 1.71e-12 1.02e-07 3.77e-13 0.111
 27   -9.850570802221e-02 -9.850570804339e-02 1.77e-13 3.17e-07 3.78e-14 0.115
 28   -9.850570802993e-02 -9.850570803252e-02 2.13e-14 3.21e-07 4.32e-15 0.118
 29   -9.850570803091e-02 -9.850570803118e-02 2.00e-15 1.87e-05 1.23e-15 0.122
 30   -9.850570803097e-02 -9.850570803109e-02 7.77e-16 2.22e-05 4.44e-16 0.125
Numerical error in objective
Restoring previous solution


Suboptimal solution found in 31 iterations and 0.13 seconds
Objective -9.85057015e-02
Primal infeasibility (abs/rel): 2.67e-10/1.33e-10
Dual infeasibility   (abs/rel): 2.53e-10/2.30e-10
Complementarity gap  (abs/rel): 3.61e-11/3.29e-11


Barrier finished in 0.13 seconds
Dual variables for problems with quadratic constraints not returned.
