cuOpt version: 26.10.0, git hash: 648f805d, host arch: x86_64, device archs: 80-real
CPU: AMD EPYC 7642 48-Core Processor, threads: 5C/5T, RAM usage: 35.27/503.74GiB
CPU SIMD target: AVX2
CUDA 12.9, device: NVIDIA A100 80GB PCIe (ID 0), VRAM: 79.44 GiB
CUDA device UUID: 68df5cf5-71f9-6a93-b428-460c080ffb10
Problem has 1 quadratic constraints. Converting to second-order cones and solving with barrier.
Barrier: reusing cache (skip convert/presolve/scaling)
Barrier solver started at 0.000 seconds
Barrier solver: 5103 constraints, 10102 variables, 265152 nonzeros
Barrier setup complete at 0.000 seconds
Adaptive regularization enabled


                  Objective                         Infeasibility        Time
Iter   Primal              Dual                Primal   Dual    Compl.   Elapsed
  0   -3.704184917206e+02 -3.711180220135e+02 3.71e+03 1.91e+00 1.19e-02 0.001
  1   -3.743667642973e+01 -3.496831248437e+02 3.74e+02 7.84e-02 1.66e-02 0.006
  2   -3.890721360530e+00 -2.098022578014e+02 3.81e+01 4.70e-02 1.33e-02 0.010
  3   -4.432496135579e-01 -3.239510580299e+01 3.86e+00 5.32e-03 4.56e-03 0.015
  4   -9.292806824439e-02 -4.513484749920e+00 4.09e-01 5.69e-04 6.47e-04 0.019
  5   -5.630149958814e-02 -7.111030802304e-01 4.09e-02 5.69e-05 8.81e-05 0.023
  6   -5.679295689184e-02 -2.026136478685e-01 9.02e-03 1.26e-05 1.79e-05 0.027
  7   -6.890572672209e-02 -1.403836170173e-01 3.98e-03 5.54e-06 7.60e-06 0.032
  8   -7.267051724312e-02 -1.388421479358e-01 3.40e-03 4.73e-06 1.77e-05 0.036
  9   -7.530490975849e-02 -1.369570205841e-01 2.93e-03 4.07e-06 3.96e-05 0.040
 10   -8.048624875732e-02 -1.308041880786e-01 2.11e-03 2.94e-06 6.63e-05 0.045
 11   -8.161227301620e-02 -1.295500197749e-01 1.75e-03 2.44e-06 6.54e-05 0.049
 12   -8.609351555670e-02 -1.222948332436e-01 1.12e-03 1.56e-06 5.72e-05 0.053
 13   -8.679652497360e-02 -1.198287055795e-01 8.61e-04 1.20e-06 1.40e-04 0.058
 14   -9.167718237086e-02 -1.109621086617e-01 4.01e-04 5.58e-07 1.07e-04 0.062
 15   -9.491828608086e-02 -1.049794085210e-01 1.82e-04 2.54e-07 5.95e-05 0.066
 16   -9.708817338208e-02 -1.012773039398e-01 6.71e-05 9.34e-08 1.57e-05 0.070
 17   -9.787181038883e-02 -9.977318230759e-02 2.05e-05 2.85e-08 8.80e-06 0.075
 18   -9.838651134373e-02 -9.897106415897e-02 4.47e-06 6.22e-09 2.05e-06 0.079
 19   -9.857534587851e-02 -9.871151990273e-02 1.00e-06 1.39e-09 4.01e-07 0.083
 20   -9.862196056300e-02 -9.864810137532e-02 1.84e-07 2.58e-10 6.09e-08 0.088
 21   -9.863131212751e-02 -9.863558089581e-02 2.97e-08 4.45e-11 8.72e-09 0.092
 22   -9.863289721054e-02 -9.863347136807e-02 3.98e-09 1.60e-11 1.08e-09 0.096
 23   -9.863311468402e-02 -9.863318248416e-02 4.70e-10 4.25e-09 1.19e-10 0.100
 24   -9.863314051764e-02 -9.863314818750e-02 5.32e-11 1.19e-07 1.26e-11 0.104
 25   -9.863314347125e-02 -9.863314426752e-02 5.52e-12 9.17e-08 1.31e-12 0.107
 26   -9.863314377865e-02 -9.863314385966e-02 5.61e-13 1.09e-07 1.33e-13 0.111
 27   -9.863314380986e-02 -9.863314381831e-02 5.83e-14 7.75e-08 1.38e-14 0.114
 28   -9.863314381314e-02 -9.863314381399e-02 5.88e-15 2.39e-08 2.23e-15 0.118
 29   -9.863314381338e-02 -9.863314381367e-02 1.78e-15 1.14e-05 4.52e-16 0.122
Numerical error in objective
Restoring previous solution


Suboptimal solution found in 30 iterations and 0.12 seconds
Objective -9.86328972e-02
Primal infeasibility (abs/rel): 7.97e-09/3.98e-09
Dual infeasibility   (abs/rel): 1.77e-11/1.60e-11
Complementarity gap  (abs/rel): 1.19e-09/1.08e-09


Barrier finished in 0.12 seconds
Dual variables for problems with quadratic constraints not returned.
