cuOpt version: 26.10.0, git hash: 648f805d, host arch: x86_64, device archs: 80-real
CPU: AMD EPYC 7642 48-Core Processor, threads: 5C/5T, RAM usage: 35.29/503.74GiB
CPU SIMD target: AVX2
CUDA 12.9, device: NVIDIA A100 80GB PCIe (ID 0), VRAM: 79.44 GiB
CUDA device UUID: 68df5cf5-71f9-6a93-b428-460c080ffb10
Problem has 1 quadratic constraints. Converting to second-order cones and solving with barrier.
Barrier: reusing cache (skip convert/presolve/scaling)
Barrier solver started at 0.000 seconds
Barrier solver: 5103 constraints, 10102 variables, 265152 nonzeros
Barrier setup complete at 0.000 seconds
Adaptive regularization enabled


                  Objective                         Infeasibility        Time
Iter   Primal              Dual                Primal   Dual    Compl.   Elapsed
  0   -3.705152443471e+02 -3.711033693861e+02 3.71e+03 1.91e+00 1.19e-02 0.001
  1   -3.744593016490e+01 -3.496684576228e+02 3.74e+02 7.84e-02 1.66e-02 0.006
  2   -3.891507447817e+00 -2.097876980834e+02 3.80e+01 4.70e-02 1.33e-02 0.011
  3   -4.433598725546e-01 -3.239205140354e+01 3.86e+00 5.32e-03 4.56e-03 0.015
  4   -9.295418352515e-02 -4.513112435815e+00 4.09e-01 5.69e-04 6.47e-04 0.020
  5   -5.631920855721e-02 -7.110530937484e-01 4.09e-02 5.69e-05 8.81e-05 0.024
  6   -5.681228417480e-02 -2.029573532357e-01 9.04e-03 1.26e-05 1.79e-05 0.028
  7   -6.884373124124e-02 -1.408420780837e-01 4.01e-03 5.58e-06 7.65e-06 0.033
  8   -7.336359792085e-02 -1.390159818712e-01 3.29e-03 4.57e-06 2.40e-05 0.037
  9   -7.493708330129e-02 -1.380505839627e-01 2.96e-03 4.12e-06 4.18e-05 0.041
 10   -7.994207601561e-02 -1.314938860756e-01 2.24e-03 3.11e-06 7.16e-05 0.045
 11   -8.185223668954e-02 -1.294870812314e-01 1.68e-03 2.33e-06 8.30e-05 0.050
 12   -8.592210929966e-02 -1.227234158006e-01 1.11e-03 1.54e-06 8.11e-05 0.054
 13   -8.641973295762e-02 -1.206900414651e-01 8.62e-04 1.20e-06 1.33e-04 0.058
 14   -9.097090227708e-02 -1.124642876202e-01 4.88e-04 6.79e-07 1.14e-04 0.063
 15   -9.449274769735e-02 -1.056913901577e-01 2.15e-04 3.00e-07 5.70e-05 0.067
 16   -9.660806911302e-02 -1.019854300681e-01 8.63e-05 1.20e-07 1.76e-05 0.071
 17   -9.754723247992e-02 -1.001954225741e-01 3.02e-05 4.20e-08 1.11e-05 0.076
 18   -9.822167307686e-02 -9.913866589662e-02 8.03e-06 1.12e-08 3.01e-06 0.080
 19   -9.849564671948e-02 -9.873500219613e-02 1.79e-06 2.49e-09 7.08e-07 0.084
 20   -9.857632164804e-02 -9.862344621473e-02 3.47e-07 4.85e-10 1.28e-07 0.089
 21   -9.859307820119e-02 -9.860040833496e-02 5.36e-08 7.89e-11 1.71e-08 0.093
 22   -9.859576003832e-02 -9.859673314935e-02 7.10e-09 1.76e-11 2.00e-09 0.097
 23   -9.859612068254e-02 -9.859623956149e-02 8.67e-10 8.79e-09 2.25e-10 0.101
 24   -9.859616520876e-02 -9.859617859788e-02 9.76e-11 1.03e-09 2.51e-11 0.105
 25   -9.859617027208e-02 -9.859617166374e-02 1.02e-11 3.71e-07 2.61e-12 0.109
 26   -9.859617079989e-02 -9.859617094072e-02 1.03e-12 3.63e-07 2.64e-13 0.112
 27   -9.859617085328e-02 -9.859617086754e-02 1.04e-13 2.87e-07 2.68e-14 0.116
 28   -9.859617085863e-02 -9.859617086020e-02 1.15e-14 9.01e-07 3.18e-15 0.120
 29   -9.859617085922e-02 -9.859617085938e-02 1.11e-15 1.15e-05 2.96e-16 0.123
Numerical error in objective
Restoring previous solution


Suboptimal solution found in 30 iterations and 0.13 seconds
Objective -9.85957600e-02
Primal infeasibility (abs/rel): 1.42e-08/7.10e-09
Dual infeasibility   (abs/rel): 1.94e-11/1.76e-11
Complementarity gap  (abs/rel): 2.20e-09/2.00e-09


Barrier finished in 0.13 seconds
Dual variables for problems with quadratic constraints not returned.
