cuOpt version: 26.10.0, git hash: 648f805d, host arch: x86_64, device archs: 80-real
CPU: AMD EPYC 7642 48-Core Processor, threads: 5C/5T, RAM usage: 35.26/503.74GiB
CPU SIMD target: AVX2
CUDA 12.9, device: NVIDIA A100 80GB PCIe (ID 0), VRAM: 79.44 GiB
CUDA device UUID: 68df5cf5-71f9-6a93-b428-460c080ffb10
Problem has 1 quadratic constraints. Converting to second-order cones and solving with barrier.
Barrier: reusing cache (skip convert/presolve/scaling)
Barrier solver started at 0.000 seconds
Barrier solver: 5103 constraints, 10102 variables, 265152 nonzeros
Barrier setup complete at 0.000 seconds
Adaptive regularization enabled


                  Objective                         Infeasibility        Time
Iter   Primal              Dual                Primal   Dual    Compl.   Elapsed
  0   -3.703446513950e+02 -3.711178663113e+02 3.71e+03 1.91e+00 1.19e-02 0.001
  1   -3.742798798601e+01 -3.496828429275e+02 3.74e+02 7.84e-02 1.66e-02 0.006
  2   -3.889436214678e+00 -2.097977703672e+02 3.80e+01 4.70e-02 1.33e-02 0.010
  3   -4.431251921259e-01 -3.239348594983e+01 3.86e+00 5.32e-03 4.56e-03 0.015
  4   -9.290831389264e-02 -4.513559985064e+00 4.09e-01 5.69e-04 6.47e-04 0.019
  5   -5.628862981126e-02 -7.110982394407e-01 4.09e-02 5.69e-05 8.81e-05 0.024
  6   -5.677593065058e-02 -2.027006473445e-01 9.03e-03 1.26e-05 1.79e-05 0.028
  7   -6.883607164822e-02 -1.404869389363e-01 3.99e-03 5.55e-06 7.62e-06 0.032
  8   -7.309176098847e-02 -1.386907787241e-01 3.34e-03 4.65e-06 1.94e-05 0.036
  9   -7.543608805970e-02 -1.370385265864e-01 2.91e-03 4.06e-06 3.21e-05 0.041
 10   -8.006922739666e-02 -1.315247228301e-01 2.21e-03 3.08e-06 5.64e-05 0.045
 11   -8.088641039288e-02 -1.307449711827e-01 1.91e-03 2.66e-06 6.16e-05 0.049
 12   -8.499265475804e-02 -1.243303475201e-01 1.30e-03 1.81e-06 6.43e-05 0.054
 13   -8.550465959928e-02 -1.222345275083e-01 1.05e-03 1.47e-06 1.49e-04 0.058
 14   -9.068289671891e-02 -1.125693469563e-01 5.02e-04 6.99e-07 1.34e-04 0.062
 15   -9.443389197781e-02 -1.056546703496e-01 2.25e-04 3.13e-07 6.93e-05 0.066
 16   -9.680332095314e-02 -1.015426216767e-01 8.35e-05 1.16e-07 1.77e-05 0.071
 17   -9.759646356482e-02 -9.996297799132e-02 2.94e-05 4.10e-08 1.09e-05 0.075
 18   -9.820588219454e-02 -9.898437341602e-02 7.68e-06 1.07e-08 2.62e-06 0.079
 19   -9.844179833036e-02 -9.864073396801e-02 1.83e-06 2.55e-09 5.65e-07 0.084
 20   -9.850640197681e-02 -9.854852713258e-02 3.63e-07 5.07e-10 1.02e-07 0.088
 21   -9.852125153481e-02 -9.852791241157e-02 5.66e-08 7.99e-11 1.42e-08 0.092
 22   -9.852369156860e-02 -9.852454511348e-02 7.24e-09 1.60e-11 1.68e-09 0.100
 23   -9.852401145681e-02 -9.852410440055e-02 7.88e-10 5.93e-09 1.80e-10 0.104
 24   -9.852404660282e-02 -9.852405599542e-02 7.97e-11 2.58e-08 1.82e-11 0.108
 25   -9.852405015814e-02 -9.852405109869e-02 7.98e-12 4.36e-09 1.83e-12 0.111


Optimal solution found in 25 iterations and 0.111s
Objective -9.85240502e-02
Primal infeasibility (abs/rel): 1.60e-11/7.98e-12
Dual infeasibility   (abs/rel): 4.80e-09/4.36e-09
Complementarity gap  (abs/rel): 2.01e-12/1.83e-12


Barrier finished in 0.11 seconds
Dual variables for problems with quadratic constraints not returned.
