cuOpt version: 26.10.0, git hash: 648f805d, host arch: x86_64, device archs: 80-real
CPU: AMD EPYC 7642 48-Core Processor, threads: 5C/5T, RAM usage: 35.18/503.74GiB
CPU SIMD target: AVX2
CUDA 12.9, device: NVIDIA A100 80GB PCIe (ID 0), VRAM: 79.44 GiB
CUDA device UUID: 68df5cf5-71f9-6a93-b428-460c080ffb10
Problem has 1 quadratic constraints. Converting to second-order cones and solving with barrier.
Barrier: reusing cache (skip convert/presolve/scaling)
Barrier solver started at 0.000 seconds
Barrier solver: 5103 constraints, 10102 variables, 265152 nonzeros
Barrier setup complete at 0.000 seconds
Adaptive regularization enabled


                  Objective                         Infeasibility        Time
Iter   Primal              Dual                Primal   Dual    Compl.   Elapsed
  0   -3.702964190560e+02 -3.711235215740e+02 3.71e+03 1.91e+00 1.19e-02 0.001
  1   -3.742349295376e+01 -3.496884758318e+02 3.74e+02 7.84e-02 1.66e-02 0.006
  2   -3.889054526245e+00 -2.098042038974e+02 3.80e+01 4.70e-02 1.33e-02 0.011
  3   -4.430325555093e-01 -3.239324781577e+01 3.86e+00 5.32e-03 4.56e-03 0.015
  4   -9.287132158811e-02 -4.512039571369e+00 4.09e-01 5.68e-04 6.47e-04 0.020
  5   -5.627559517101e-02 -7.108197449657e-01 4.09e-02 5.69e-05 8.80e-05 0.024
  6   -5.676127129505e-02 -2.028282072340e-01 9.03e-03 1.26e-05 1.79e-05 0.028
  7   -6.872057580153e-02 -1.408419733298e-01 4.01e-03 5.59e-06 7.67e-06 0.032
  8   -7.258982425128e-02 -1.392588274769e-01 3.40e-03 4.73e-06 2.05e-05 0.037
  9   -7.571181245094e-02 -1.366622377963e-01 2.87e-03 4.00e-06 4.96e-05 0.041
 10   -7.916984707108e-02 -1.330919965797e-01 2.23e-03 3.11e-06 8.05e-05 0.045
 11   -8.266762323667e-02 -1.284169251434e-01 1.57e-03 2.19e-06 8.79e-05 0.050
 12   -8.365782843509e-02 -1.266262191314e-01 1.28e-03 1.78e-06 8.45e-05 0.054
 13   -8.597751125102e-02 -1.221423657025e-01 9.32e-04 1.30e-06 7.35e-05 0.058
 14   -8.796964140986e-02 -1.174009862318e-01 6.31e-04 8.79e-07 1.66e-04 0.063
 15   -9.395185070171e-02 -1.062205115825e-01 2.12e-04 2.95e-07 6.87e-05 0.067
 16   -9.601550354524e-02 -1.024278664611e-01 8.72e-05 1.21e-07 2.31e-05 0.071
 17   -9.729755293132e-02 -1.002292104299e-01 3.73e-05 5.19e-08 7.98e-06 0.076
 18   -9.782857853382e-02 -9.921481262067e-02 1.31e-05 1.83e-08 6.47e-06 0.080
 19   -9.819958722448e-02 -9.862586434435e-02 2.57e-06 3.58e-09 1.40e-06 0.084
 20   -9.833913866317e-02 -9.843271658868e-02 5.22e-07 7.27e-10 2.66e-07 0.089
 21   -9.837234423127e-02 -9.838792378174e-02 8.50e-08 1.21e-10 3.81e-08 0.093
 22   -9.837803855172e-02 -9.838030353548e-02 1.23e-08 1.83e-11 4.88e-09 0.097
 23   -9.837887833451e-02 -9.837918082804e-02 1.64e-09 3.50e-09 5.76e-10 0.101
 24   -9.837899224672e-02 -9.837902843795e-02 1.97e-10 3.37e-10 6.35e-11 0.105
 25   -9.837900612790e-02 -9.837900985326e-02 2.02e-11 1.17e-07 6.58e-12 0.109
 26   -9.837900756049e-02 -9.837900793532e-02 2.04e-12 3.85e-08 6.64e-13 0.112
 27   -9.837900770458e-02 -9.837900774256e-02 2.06e-13 4.93e-08 6.67e-14 0.116
 28   -9.837900771913e-02 -9.837900772315e-02 2.16e-14 3.13e-07 6.98e-15 0.120
 29   -9.837900772050e-02 -9.837900772134e-02 4.55e-15 1.04e-06 1.64e-15 0.123
 30   -9.837900772082e-02 -9.837900772093e-02 5.55e-16 1.03e-05 1.01e-15 0.127
Numerical error in objective
Restoring previous solution


Suboptimal solution found in 31 iterations and 0.13 seconds
Objective -9.83789922e-02
Primal infeasibility (abs/rel): 3.93e-10/1.97e-10
Dual infeasibility   (abs/rel): 3.71e-10/3.37e-10
Complementarity gap  (abs/rel): 6.98e-11/6.35e-11


Barrier finished in 0.13 seconds
Dual variables for problems with quadratic constraints not returned.
