cuOpt version: 26.10.0, git hash: 648f805d, host arch: x86_64, device archs: 80-real
CPU: AMD EPYC 7642 48-Core Processor, threads: 5C/5T, RAM usage: 35.24/503.74GiB
CPU SIMD target: AVX2
CUDA 12.9, device: NVIDIA A100 80GB PCIe (ID 0), VRAM: 79.44 GiB
CUDA device UUID: 68df5cf5-71f9-6a93-b428-460c080ffb10
Problem has 1 quadratic constraints. Converting to second-order cones and solving with barrier.
Barrier: reusing cache (skip convert/presolve/scaling)
Barrier solver started at 0.000 seconds
Barrier solver: 5103 constraints, 10102 variables, 265152 nonzeros
Barrier setup complete at 0.000 seconds
Adaptive regularization enabled


                  Objective                         Infeasibility        Time
Iter   Primal              Dual                Primal   Dual    Compl.   Elapsed
  0   -3.704438282728e+02 -3.711104708303e+02 3.71e+03 1.91e+00 1.19e-02 0.001
  1   -3.743973220976e+01 -3.496755886047e+02 3.74e+02 7.84e-02 1.66e-02 0.006
  2   -3.891181991372e+00 -2.097977464707e+02 3.81e+01 4.70e-02 1.33e-02 0.011
  3   -4.432881718540e-01 -3.239429832141e+01 3.86e+00 5.32e-03 4.56e-03 0.016
  4   -9.292346732772e-02 -4.512392673830e+00 4.09e-01 5.68e-04 6.47e-04 0.020
  5   -5.630487806367e-02 -7.109222379924e-01 4.09e-02 5.69e-05 8.80e-05 0.024
  6   -5.679745273326e-02 -2.028989270893e-01 9.04e-03 1.26e-05 1.79e-05 0.029
  7   -6.886015023279e-02 -1.406633703544e-01 3.99e-03 5.56e-06 7.63e-06 0.033
  8   -7.302517114936e-02 -1.389555275702e-01 3.34e-03 4.65e-06 2.15e-05 0.038
  9   -7.589008115218e-02 -1.365816327202e-01 2.84e-03 3.96e-06 4.34e-05 0.042
 10   -8.022581614912e-02 -1.314589654496e-01 2.14e-03 2.98e-06 6.93e-05 0.047
 11   -8.112486969174e-02 -1.305010591807e-01 1.84e-03 2.57e-06 7.44e-05 0.051
 12   -8.603294101786e-02 -1.225944532663e-01 1.17e-03 1.64e-06 6.84e-05 0.055
 13   -8.666256312363e-02 -1.203027092908e-01 8.93e-04 1.24e-06 1.49e-04 0.060
 14   -9.121767679233e-02 -1.121362126067e-01 4.73e-04 6.59e-07 1.14e-04 0.064
 15   -9.462951531026e-02 -1.056039997249e-01 2.19e-04 3.05e-07 6.84e-05 0.068
 16   -9.672568469432e-02 -1.019329710966e-01 7.87e-05 1.10e-07 1.88e-05 0.072
 17   -9.747881138635e-02 -1.004959518278e-01 3.54e-05 4.93e-08 1.70e-05 0.077
 18   -9.828865148042e-02 -9.919189855370e-02 6.91e-06 9.61e-09 3.28e-06 0.081
 19   -9.855293340086e-02 -9.881356184822e-02 1.78e-06 2.47e-09 9.06e-07 0.085
 20   -9.863962599639e-02 -9.869383558542e-02 3.59e-07 5.02e-10 1.77e-07 0.090
 21   -9.865933733953e-02 -9.866691468154e-02 5.00e-08 7.35e-11 2.20e-08 0.094
 22   -9.866213791222e-02 -9.866310296548e-02 6.36e-09 1.86e-11 2.56e-09 0.098
 23   -9.866249769150e-02 -9.866261379658e-02 7.65e-10 1.66e-09 2.85e-10 0.102
 24   -9.866254107268e-02 -9.866255481080e-02 9.05e-11 6.65e-08 3.10e-11 0.106
 25   -9.866254626865e-02 -9.866254774151e-02 9.70e-12 3.10e-08 3.24e-12 0.109
 26   -9.866254682988e-02 -9.866254697810e-02 9.75e-13 1.78e-07 3.25e-13 0.113
 27   -9.866254688633e-02 -9.866254690148e-02 9.91e-14 1.68e-07 3.34e-14 0.117
 28   -9.866254689201e-02 -9.866254689382e-02 1.18e-14 3.87e-08 4.03e-15 0.120
 29   -9.866254689264e-02 -9.866254689299e-02 2.22e-15 1.01e-05 6.23e-16 0.124
Numerical error in objective
Restoring previous solution


Suboptimal solution found in 30 iterations and 0.13 seconds
Objective -9.86621379e-02
Primal infeasibility (abs/rel): 1.27e-08/6.36e-09
Dual infeasibility   (abs/rel): 2.05e-11/1.86e-11
Complementarity gap  (abs/rel): 2.82e-09/2.56e-09


Barrier finished in 0.13 seconds
Dual variables for problems with quadratic constraints not returned.
