cuOpt version: 26.10.0, git hash: 648f805d, host arch: x86_64, device archs: 80-real
CPU: AMD EPYC 7642 48-Core Processor, threads: 5C/5T, RAM usage: 27.77/503.74GiB
CPU SIMD target: AVX2
CUDA 12.9, device: NVIDIA A100 80GB PCIe (ID 0), VRAM: 79.44 GiB
CUDA device UUID: 68df5cf5-71f9-6a93-b428-460c080ffb10
Problem has 1 quadratic constraints. Converting to second-order cones and solving with barrier.
Barrier: reusing cache (skip convert/presolve/scaling)
Barrier solver started at 0.000 seconds
Barrier solver: 5103 constraints, 10102 variables, 265152 nonzeros
Barrier setup complete at 0.000 seconds
Adaptive regularization enabled


                  Objective                         Infeasibility        Time
Iter   Primal              Dual                Primal   Dual    Compl.   Elapsed
  0   -3.704340093575e+02 -3.710959393425e+02 3.71e+03 1.91e+00 1.19e-02 0.001
  1   -4.137998343196e+00 -3.475174945368e+02 4.01e+01 2.77e-01 6.50e-02 0.006
  2   -1.040026843868e-01 -2.487628134973e+01 4.69e-01 7.85e-03 4.78e-03 0.011
  3   -5.496235280700e-02 -6.427807953946e-01 4.69e-03 7.91e-05 1.48e-04 0.016
  4   -5.856089445158e-02 -1.359195234624e-01 6.17e-04 1.04e-05 1.72e-05 0.021
  5   -6.659170651101e-02 -1.380598273755e-01 5.02e-04 8.45e-06 2.55e-05 0.026
  6   -6.814658537820e-02 -1.384347572872e-01 4.64e-04 7.81e-06 3.21e-05 0.031
  7   -8.145174426070e-02 -1.248840330847e-01 2.46e-04 4.14e-06 6.80e-05 0.036
  8   -8.163161837716e-02 -1.246568625923e-01 2.28e-04 3.84e-06 7.92e-05 0.041
  9   -8.366657300861e-02 -1.232304571668e-01 1.73e-04 2.91e-06 2.39e-04 0.046
 10   -8.319594440779e-02 -1.225994187696e-01 1.60e-04 2.70e-06 4.86e-04 0.052
 11   -8.610208378924e-02 -1.183600747748e-01 1.18e-04 1.99e-06 4.64e-04 0.057
 12   -9.418075439449e-02 -1.056816904516e-01 2.71e-05 4.57e-07 6.09e-05 0.062
 13   -9.574081043416e-02 -1.027946820575e-01 1.32e-05 2.23e-07 6.75e-05 0.067
 14   -9.753735885185e-02 -1.001313474546e-01 4.19e-06 7.06e-08 2.04e-05 0.072
 15   -9.786761828988e-02 -9.951268062556e-02 1.96e-06 3.31e-08 2.98e-05 0.077
 16   -9.845906357376e-02 -9.867937422858e-02 2.53e-07 4.25e-09 2.94e-06 0.082
 17   -9.854298698951e-02 -9.856749611730e-02 2.55e-08 4.34e-10 2.07e-07 0.087
 18   -9.855153627048e-02 -9.855567241115e-02 3.83e-09 6.63e-11 3.74e-08 0.091
 19   -9.855323737164e-02 -9.855344289143e-02 1.90e-10 1.10e-11 1.31e-09 0.096
 20   -9.855332070284e-02 -9.855333542125e-02 1.32e-11 8.83e-09 5.09e-11 0.100
 21   -9.855332590998e-02 -9.855332857552e-02 1.95e-12 1.43e-09 9.72e-12 0.105


Optimal solution found in 21 iterations and 0.105s
Objective -9.85533259e-02
Primal infeasibility (abs/rel): 3.89e-12/1.95e-12
Dual infeasibility   (abs/rel): 1.57e-09/1.43e-09
Complementarity gap  (abs/rel): 1.07e-11/9.72e-12


Barrier finished in 0.11 seconds
Dual variables for problems with quadratic constraints not returned.
