cuOpt version: 26.10.0, git hash: 648f805d, host arch: x86_64, device archs: 80-real
CPU: AMD EPYC 7642 48-Core Processor, threads: 5C/5T, RAM usage: 27.80/503.74GiB
CPU SIMD target: AVX2
CUDA 12.9, device: NVIDIA A100 80GB PCIe (ID 0), VRAM: 79.44 GiB
CUDA device UUID: 68df5cf5-71f9-6a93-b428-460c080ffb10
Problem has 1 quadratic constraints. Converting to second-order cones and solving with barrier.
Barrier: reusing cache (skip convert/presolve/scaling)
Barrier solver started at 0.000 seconds
Barrier solver: 5103 constraints, 10102 variables, 265152 nonzeros
Barrier setup complete at 0.000 seconds
Adaptive regularization enabled


                  Objective                         Infeasibility        Time
Iter   Primal              Dual                Primal   Dual    Compl.   Elapsed
  0   -3.702779911923e+02 -3.710340990992e+02 3.71e+03 1.91e+00 1.19e-02 0.001
  1   -4.137413965078e+00 -3.474555508912e+02 4.01e+01 2.77e-01 6.49e-02 0.006
  2   -1.039627881816e-01 -2.487502701009e+01 4.69e-01 7.85e-03 4.78e-03 0.011
  3   -5.494259749550e-02 -6.426390295604e-01 4.69e-03 7.91e-05 1.48e-04 0.016
  4   -5.853147883895e-02 -1.362046779041e-01 6.19e-04 1.04e-05 1.73e-05 0.021
  5   -6.730421863223e-02 -1.383594196589e-01 4.88e-04 8.22e-06 3.14e-05 0.026
  6   -6.898407367576e-02 -1.386008917923e-01 4.45e-04 7.50e-06 4.26e-05 0.031
  7   -8.252091794320e-02 -1.224963597773e-01 2.25e-04 3.80e-06 7.32e-05 0.036
  8   -8.268114833380e-02 -1.222822697652e-01 2.09e-04 3.53e-06 6.77e-05 0.040
  9   -8.383691471900e-02 -1.216691216756e-01 1.75e-04 2.95e-06 1.72e-04 0.046
 10   -8.546472970509e-02 -1.197750613752e-01 1.12e-04 1.88e-06 1.69e-04 0.051
 11   -8.753101204492e-02 -1.152999351158e-01 6.41e-05 1.08e-06 3.89e-04 0.056
 12   -9.549973572239e-02 -1.030620287526e-01 1.25e-05 2.11e-07 8.56e-05 0.061
 13   -9.695192121398e-02 -1.005109374016e-01 4.45e-06 7.49e-08 4.28e-05 0.066
 14   -9.798380789138e-02 -9.895345355030e-02 9.93e-07 1.67e-08 9.27e-06 0.070
 15   -9.830540480424e-02 -9.849455965655e-02 9.78e-08 1.65e-09 6.11e-07 0.075
 16   -9.836747571965e-02 -9.841452109038e-02 1.82e-08 3.00e-10 1.90e-07 0.080
 17   -9.838644827260e-02 -9.839174275508e-02 1.77e-09 3.29e-11 1.98e-08 0.085
 18   -9.838859214171e-02 -9.838915600033e-02 1.79e-10 1.60e-11 2.96e-09 0.090
 19   -9.838883521836e-02 -9.838886711965e-02 1.01e-11 3.17e-11 1.57e-10 0.095
 20   -9.838884914877e-02 -9.838885071329e-02 4.75e-13 8.61e-08 4.99e-12 0.099
 21   -9.838884979244e-02 -9.838884994726e-02 3.44e-14 6.22e-09 6.16e-13 0.104


Optimal solution found in 21 iterations and 0.104s
Objective -9.83888498e-02
Primal infeasibility (abs/rel): 6.88e-14/3.44e-14
Dual infeasibility   (abs/rel): 6.85e-09/6.22e-09
Complementarity gap  (abs/rel): 6.77e-13/6.16e-13


Barrier finished in 0.10 seconds
Dual variables for problems with quadratic constraints not returned.
