cuOpt version: 26.10.0, git hash: 648f805d, host arch: x86_64, device archs: 80-real
CPU: AMD EPYC 7642 48-Core Processor, threads: 5C/5T, RAM usage: 27.81/503.74GiB
CPU SIMD target: AVX2
CUDA 12.9, device: NVIDIA A100 80GB PCIe (ID 0), VRAM: 79.44 GiB
CUDA device UUID: 68df5cf5-71f9-6a93-b428-460c080ffb10
Problem has 1 quadratic constraints. Converting to second-order cones and solving with barrier.
Barrier: reusing cache (skip convert/presolve/scaling)
Barrier solver started at 0.000 seconds
Barrier solver: 5103 constraints, 10102 variables, 265152 nonzeros
Barrier setup complete at 0.000 seconds
Adaptive regularization enabled


                  Objective                         Infeasibility        Time
Iter   Primal              Dual                Primal   Dual    Compl.   Elapsed
  0   -3.703361174615e+02 -3.711052443117e+02 3.71e+03 1.91e+00 1.19e-02 0.001
  1   -4.137135437376e+00 -3.475267509272e+02 4.01e+01 2.77e-01 6.50e-02 0.006
  2   -1.039531739210e-01 -2.487909939798e+01 4.69e-01 7.85e-03 4.78e-03 0.012
  3   -5.493987113675e-02 -6.426843426177e-01 4.69e-03 7.91e-05 1.47e-04 0.016
  4   -5.852671165755e-02 -1.365429791277e-01 6.22e-04 1.05e-05 1.74e-05 0.021
  5   -6.766231699823e-02 -1.389353414505e-01 4.86e-04 8.19e-06 3.37e-05 0.026
  6   -6.886255265103e-02 -1.391548248021e-01 4.54e-04 7.65e-06 4.28e-05 0.031
  7   -8.047950122342e-02 -1.258121075052e-01 2.61e-04 4.40e-06 7.94e-05 0.036
  8   -8.065829175623e-02 -1.256963999904e-01 2.46e-04 4.14e-06 7.69e-05 0.044
  9   -8.300367952672e-02 -1.237812850566e-01 1.84e-04 3.10e-06 2.23e-04 0.049
 10   -8.389689474494e-02 -1.215840699381e-01 1.44e-04 2.42e-06 3.70e-04 0.054
 11   -9.193528348120e-02 -1.093076125654e-01 6.12e-05 1.03e-06 1.21e-04 0.059
 12   -9.265521287705e-02 -1.077066623351e-01 4.52e-05 7.62e-07 1.39e-04 0.064
 13   -9.633186127746e-02 -1.019842122161e-01 1.50e-05 2.54e-07 5.78e-05 0.069
 14   -9.649225342703e-02 -1.014072091120e-01 1.07e-05 1.80e-07 6.91e-05 0.075
 15   -9.758120075135e-02 -9.990236014546e-02 4.73e-06 7.96e-08 2.97e-05 0.080
 16   -9.782660883565e-02 -9.944881152821e-02 2.61e-06 4.40e-08 2.62e-05 0.085
 17   -9.823999919079e-02 -9.887841730181e-02 8.95e-07 1.51e-08 9.86e-06 0.090
 18   -9.835841231350e-02 -9.869556575306e-02 3.49e-07 5.85e-09 5.49e-06 0.095
 19   -9.846246806833e-02 -9.856223310026e-02 9.16e-08 1.54e-09 1.59e-06 0.100
 20   -9.849581231309e-02 -9.851773082449e-02 1.38e-08 2.22e-10 3.39e-07 0.104
 21   -9.850368781687e-02 -9.850823702713e-02 2.75e-09 4.78e-11 7.00e-08 0.109
 22   -9.850544051333e-02 -9.850602753107e-02 2.51e-10 5.79e-12 6.90e-09 0.114
 23   -9.850567245675e-02 -9.850575042671e-02 3.33e-11 2.98e-10 9.18e-10 0.118
 24   -9.850570676422e-02 -9.850570951994e-02 1.17e-12 7.08e-09 3.14e-11 0.122


Optimal solution found in 24 iterations and 0.122s
Objective -9.85057068e-02
Primal infeasibility (abs/rel): 2.35e-12/1.17e-12
Dual infeasibility   (abs/rel): 7.80e-09/7.08e-09
Complementarity gap  (abs/rel): 3.45e-11/3.14e-11


Barrier finished in 0.12 seconds
Dual variables for problems with quadratic constraints not returned.
