cuOpt version: 26.10.0, git hash: 648f805d, host arch: x86_64, device archs: 80-real
CPU: AMD EPYC 7642 48-Core Processor, threads: 5C/5T, RAM usage: 35.36/503.74GiB
CPU SIMD target: AVX2
CUDA 12.9, device: NVIDIA A100 80GB PCIe (ID 0), VRAM: 79.44 GiB
CUDA device UUID: 68df5cf5-71f9-6a93-b428-460c080ffb10
Problem has 1 quadratic constraints. Converting to second-order cones and solving with barrier.
Handling 50 free variables directly in augmented system
Presolved problem: 5103 constraints 10102 variables 265152 nonzeros
Skipping Ruiz equilibration (row norm ratio 1.4, column norm ratio 1.4 < 5e4, Q coeff ratio 1.0 < 100)
Barrier solver started at 0.026 seconds
Barrier solver: 5103 constraints, 10102 variables, 265152 nonzeros


Second-order cones          : 1
Free variables              : 50
Upper bounds                : 5000
Linear system               : augmented
cuDSS Version               : 0.7.1
cuDSS Threading layer       : libcudss_mtlayer_gomp.so.0
Reordering time             : 0.108s
Symbolic factorization time : 0.025s
Symbolic nonzeros in factor : 2.79e+05
Elapsed time for augmented  : 0.167 seconds
Elapsed time           : 0.167 seconds
Barrier setup complete at 0.167 seconds
Adaptive regularization enabled


                  Objective                         Infeasibility        Time
Iter   Primal              Dual                Primal   Dual    Compl.   Elapsed
  0   -4.992564655152e-02 -2.507067875879e+03 5.00e+00 9.29e+00 1.02e+02 0.171
  1   -5.009612218502e-02 -4.598120997439e+01 8.13e-02 1.65e+00 5.49e+00 0.176
  2   -6.037324123652e-02 -1.230712316432e+00 8.13e-04 4.56e-01 1.26e-01 0.180
  3   -6.633935153282e-02 -3.118454913055e-01 1.69e-04 9.49e-02 2.62e-02 0.184
  4   -7.321874752063e-02 -2.441348294241e-01 8.00e-05 4.50e-02 1.22e-02 0.189
  5   -8.722655474039e-02 -1.339403346582e-01 1.96e-05 1.10e-02 2.96e-03 0.193
  6   -9.386019803170e-02 -1.078323888663e-01 1.58e-06 8.90e-04 1.92e-04 0.198
  7   -9.618488666029e-02 -1.026282845927e-01 6.16e-07 3.46e-04 9.40e-05 0.202
  8   -9.784480110272e-02 -9.949121342478e-02 7.96e-08 4.48e-05 7.07e-06 0.206
  9   -9.829324601307e-02 -9.881081772097e-02 1.91e-08 1.07e-05 1.58e-06 0.211
 10   -9.838514513269e-02 -9.866237820810e-02 6.42e-09 3.61e-06 1.71e-06 0.215
 11   -9.848740723814e-02 -9.853359565284e-02 8.67e-10 4.87e-07 2.94e-07 0.219
 12   -9.850425955303e-02 -9.851267896292e-02 1.57e-10 8.84e-08 6.41e-08 0.224
 13   -9.850775865141e-02 -9.850834136091e-02 1.09e-11 6.11e-09 4.38e-09 0.228
 14   -9.850800951242e-02 -9.850803078560e-02 3.96e-13 2.13e-10 1.08e-10 0.233
 15   -9.850801830410e-02 -9.850801997806e-02 2.98e-14 4.57e-10 4.52e-12 0.237


Optimal solution found in 15 iterations and 0.237s
Objective -9.85080183e-02
Primal infeasibility (abs/rel): 5.96e-14/2.98e-14
Dual infeasibility   (abs/rel): 5.03e-10/4.57e-10
Complementarity gap  (abs/rel): 4.97e-12/4.52e-12


Barrier finished in 0.24 seconds
Dual variables for problems with quadratic constraints not returned.
