cuOpt version: 26.10.0, git hash: 648f805d, host arch: x86_64, device archs: 80-real
CPU: AMD EPYC 7642 48-Core Processor, threads: 5C/5T, RAM usage: 35.31/503.74GiB
CPU SIMD target: AVX2
CUDA 12.9, device: NVIDIA A100 80GB PCIe (ID 0), VRAM: 79.44 GiB
CUDA device UUID: 68df5cf5-71f9-6a93-b428-460c080ffb10
Problem has 1 quadratic constraints. Converting to second-order cones and solving with barrier.
Handling 50 free variables directly in augmented system
Presolved problem: 5103 constraints 10102 variables 265152 nonzeros
Skipping Ruiz equilibration (row norm ratio 1.4, column norm ratio 1.4 < 5e4, Q coeff ratio 1.0 < 100)
Barrier solver started at 0.026 seconds
Barrier solver: 5103 constraints, 10102 variables, 265152 nonzeros


Second-order cones          : 1
Free variables              : 50
Upper bounds                : 5000
Linear system               : augmented
cuDSS Version               : 0.7.1
cuDSS Threading layer       : libcudss_mtlayer_gomp.so.0
Reordering time             : 0.053s
Symbolic factorization time : 0.023s
Symbolic nonzeros in factor : 2.79e+05
Elapsed time for augmented  : 0.109 seconds
Elapsed time           : 0.109 seconds
Barrier setup complete at 0.109 seconds
Adaptive regularization enabled


                  Objective                         Infeasibility        Time
Iter   Primal              Dual                Primal   Dual    Compl.   Elapsed
  0   -4.994241252475e-02 -2.507006163305e+03 5.00e+00 9.28e+00 1.02e+02 0.113
  1   -5.011311112379e-02 -4.596914339319e+01 8.13e-02 1.65e+00 5.49e+00 0.117
  2   -6.040814172737e-02 -1.233164661434e+00 8.13e-04 4.56e-01 1.26e-01 0.122
  3   -6.630674485503e-02 -3.176431159526e-01 1.72e-04 9.68e-02 2.68e-02 0.126
  4   -7.293445546301e-02 -2.426992852950e-01 7.23e-05 4.07e-02 1.10e-02 0.131
  5   -8.674586184776e-02 -1.334346224177e-01 1.86e-05 1.04e-02 2.78e-03 0.135
  6   -9.222352386067e-02 -1.133432745401e-01 4.24e-06 2.38e-03 5.81e-04 0.139
  7   -9.576274925161e-02 -1.044842135559e-01 1.57e-06 8.82e-04 2.28e-04 0.144
  8   -9.779434538197e-02 -9.988048183436e-02 2.09e-07 1.17e-04 2.61e-05 0.148
  9   -9.847992056233e-02 -9.877307280037e-02 2.11e-08 1.18e-05 9.01e-07 0.152
 10   -9.856287031106e-02 -9.864343114511e-02 3.96e-09 2.22e-06 2.73e-07 0.157
 11   -9.858998372522e-02 -9.860746422748e-02 7.34e-10 4.12e-07 4.84e-08 0.161
 12   -9.859556362118e-02 -9.859996653879e-02 1.10e-10 6.20e-08 1.36e-08 0.166
 13   -9.859747127803e-02 -9.859768105023e-02 5.18e-12 2.91e-09 7.97e-10 0.170
 14   -9.859755629822e-02 -9.859757759462e-02 4.19e-13 5.14e-10 7.14e-11 0.175
 15   -9.859756554272e-02 -9.859756661971e-02 2.32e-13 1.70e-07 2.26e-12 0.179
 16   -9.859756601801e-02 -9.859756606823e-02 9.74e-15 7.07e-09 1.65e-13 0.183


Optimal solution found in 16 iterations and 0.183s
Objective -9.85975660e-02
Primal infeasibility (abs/rel): 1.95e-14/9.74e-15
Dual infeasibility   (abs/rel): 7.79e-09/7.07e-09
Complementarity gap  (abs/rel): 1.81e-13/1.65e-13


Barrier finished in 0.18 seconds
Dual variables for problems with quadratic constraints not returned.
