cuOpt version: 26.10.0, git hash: 648f805d, host arch: x86_64, device archs: 80-real
CPU: AMD EPYC 7642 48-Core Processor, threads: 5C/5T, RAM usage: 35.16/503.74GiB
CPU SIMD target: AVX2
CUDA 12.9, device: NVIDIA A100 80GB PCIe (ID 0), VRAM: 79.44 GiB
CUDA device UUID: 68df5cf5-71f9-6a93-b428-460c080ffb10
Problem has 1 quadratic constraints. Converting to second-order cones and solving with barrier.
Handling 50 free variables directly in augmented system
Presolved problem: 5103 constraints 10102 variables 265152 nonzeros
Skipping Ruiz equilibration (row norm ratio 1.4, column norm ratio 1.4 < 5e4, Q coeff ratio 1.0 < 100)
Barrier solver started at 0.027 seconds
Barrier solver: 5103 constraints, 10102 variables, 265152 nonzeros


Second-order cones          : 1
Free variables              : 50
Upper bounds                : 5000
Linear system               : augmented
cuDSS Version               : 0.7.1
cuDSS Threading layer       : libcudss_mtlayer_gomp.so.0
Reordering time             : 0.054s
Symbolic factorization time : 0.023s
Symbolic nonzeros in factor : 2.79e+05
Elapsed time for augmented  : 0.111 seconds
Elapsed time           : 0.111 seconds
Barrier setup complete at 0.111 seconds
Adaptive regularization enabled


                  Objective                         Infeasibility        Time
Iter   Primal              Dual                Primal   Dual    Compl.   Elapsed
  0   -4.996289334465e-02 -2.506979380257e+03 5.00e+00 9.28e+00 1.02e+02 0.115
  1   -5.013381428130e-02 -4.598218154830e+01 8.13e-02 1.65e+00 5.49e+00 0.120
  2   -6.045465549910e-02 -1.209840837236e+00 8.13e-04 4.56e-01 1.26e-01 0.124
  3   -6.666456807356e-02 -3.204002566413e-01 1.77e-04 9.96e-02 2.76e-02 0.128
  4   -7.328841826982e-02 -2.404765472824e-01 6.86e-05 3.85e-02 1.04e-02 0.133
  5   -8.710201638612e-02 -1.319291138865e-01 1.71e-05 9.63e-03 2.57e-03 0.137
  6   -9.312959247274e-02 -1.099237710417e-01 2.14e-06 1.20e-03 2.39e-04 0.142
  7   -9.586381366999e-02 -1.035098169491e-01 7.96e-07 4.48e-04 1.12e-04 0.146
  8   -9.744322152505e-02 -1.001302537035e-01 5.30e-08 2.98e-05 1.10e-05 0.150
  9   -9.812922432551e-02 -9.921394494935e-02 1.73e-08 9.74e-06 4.13e-06 0.155
 10   -9.828332001920e-02 -9.897109980201e-02 6.44e-09 3.62e-06 6.26e-06 0.159
 11   -9.853951773497e-02 -9.866268241483e-02 7.48e-10 4.21e-07 1.07e-06 0.164
 12   -9.859226492579e-02 -9.860081904624e-02 5.19e-11 2.92e-08 9.38e-08 0.168
 13   -9.859594031768e-02 -9.859645142022e-02 3.09e-12 1.74e-09 5.65e-09 0.173
 14   -9.859616548807e-02 -9.859617724024e-02 6.45e-14 8.67e-11 1.07e-10 0.177
 15   -9.859617036670e-02 -9.859617143653e-02 4.77e-15 2.16e-10 8.86e-12 0.182


Optimal solution found in 15 iterations and 0.182s
Objective -9.85961704e-02
Primal infeasibility (abs/rel): 9.55e-15/4.77e-15
Dual infeasibility   (abs/rel): 2.38e-10/2.16e-10
Complementarity gap  (abs/rel): 9.74e-12/8.86e-12


Barrier finished in 0.18 seconds
Dual variables for problems with quadratic constraints not returned.
