cuOpt version: 26.10.0, git hash: 648f805d, host arch: x86_64, device archs: 80-real
CPU: AMD EPYC 7642 48-Core Processor, threads: 5C/5T, RAM usage: 35.31/503.74GiB
CPU SIMD target: AVX2
CUDA 12.9, device: NVIDIA A100 80GB PCIe (ID 0), VRAM: 79.44 GiB
CUDA device UUID: 68df5cf5-71f9-6a93-b428-460c080ffb10
Problem has 1 quadratic constraints. Converting to second-order cones and solving with barrier.
Handling 50 free variables directly in augmented system
Presolved problem: 5103 constraints 10102 variables 265152 nonzeros
Skipping Ruiz equilibration (row norm ratio 1.4, column norm ratio 1.4 < 5e4, Q coeff ratio 1.0 < 100)
Barrier solver started at 0.027 seconds
Barrier solver: 5103 constraints, 10102 variables, 265152 nonzeros


Second-order cones          : 1
Free variables              : 50
Upper bounds                : 5000
Linear system               : augmented
cuDSS Version               : 0.7.1
cuDSS Threading layer       : libcudss_mtlayer_gomp.so.0
Reordering time             : 0.054s
Symbolic factorization time : 0.023s
Symbolic nonzeros in factor : 2.79e+05
Elapsed time for augmented  : 0.111 seconds
Elapsed time           : 0.111 seconds
Barrier setup complete at 0.111 seconds
Adaptive regularization enabled


                  Objective                         Infeasibility        Time
Iter   Primal              Dual                Primal   Dual    Compl.   Elapsed
  0   -4.995018257843e-02 -2.507089044478e+03 5.00e+00 9.28e+00 1.02e+02 0.115
  1   -5.012094911147e-02 -4.634354383565e+01 8.21e-02 1.65e+00 5.50e+00 0.120
  2   -6.034055431922e-02 -1.213393942041e+00 8.21e-04 4.59e-01 1.27e-01 0.124
  3   -6.658956652641e-02 -3.230566458294e-01 1.80e-04 1.01e-01 2.80e-02 0.129
  4   -7.215435248581e-02 -2.532138656869e-01 8.07e-05 4.52e-02 1.24e-02 0.133
  5   -8.596106716008e-02 -1.392756453909e-01 2.17e-05 1.22e-02 3.28e-03 0.138
  6   -9.122574910128e-02 -1.129071599937e-01 1.28e-06 7.19e-04 1.99e-04 0.142
  7   -9.547729068971e-02 -1.044527930235e-01 4.67e-07 2.62e-04 6.75e-05 0.146
  8   -9.702950257829e-02 -1.012870676613e-01 1.73e-07 9.70e-05 3.77e-05 0.151
  9   -9.783653766780e-02 -9.988279989253e-02 5.03e-08 2.82e-05 1.06e-05 0.155
 10   -9.812190030430e-02 -9.941065103325e-02 2.48e-08 1.39e-05 1.66e-05 0.160
 11   -9.856392085121e-02 -9.879576001428e-02 4.25e-09 2.38e-06 3.25e-06 0.164
 12   -9.865806268534e-02 -9.866848643685e-02 1.77e-10 9.94e-08 7.72e-08 0.168
 13   -9.866217689317e-02 -9.866304518108e-02 1.47e-11 8.23e-09 4.28e-09 0.173
 14   -9.866251749454e-02 -9.866258430230e-02 9.12e-13 5.45e-10 1.58e-10 0.178
 15   -9.866254560971e-02 -9.866254852921e-02 3.76e-14 3.47e-11 1.00e-11 0.182


Optimal solution found in 15 iterations and 0.182s
Objective -9.86625456e-02
Primal infeasibility (abs/rel): 7.52e-14/3.76e-14
Dual infeasibility   (abs/rel): 3.82e-11/3.47e-11
Complementarity gap  (abs/rel): 1.10e-11/1.00e-11


Barrier finished in 0.18 seconds
Dual variables for problems with quadratic constraints not returned.
