cuOpt version: 26.10.0, git hash: 648f805d, host arch: x86_64, device archs: 80-real
CPU: AMD EPYC 7642 48-Core Processor, threads: 5C/5T, RAM usage: 40.02/503.74GiB
CPU SIMD target: AVX2
CUDA 12.9, device: NVIDIA A100 80GB PCIe (ID 0), VRAM: 79.44 GiB
CUDA device UUID: 68df5cf5-71f9-6a93-b428-460c080ffb10
Problem has 1 quadratic constraints. Converting to second-order cones and solving with barrier.
Handling 50 free variables directly in augmented system
Presolved problem: 5103 constraints 10102 variables 265152 nonzeros
Skipping Ruiz equilibration (row norm ratio 1.4, column norm ratio 1.4 < 5e4, Q coeff ratio 1.0 < 100)
Barrier solver started at 0.028 seconds
Barrier solver: 5103 constraints, 10102 variables, 265152 nonzeros


Second-order cones          : 1
Free variables              : 50
Upper bounds                : 5000
Linear system               : augmented
cuDSS Version               : 0.7.1
cuDSS Threading layer       : libcudss_mtlayer_gomp.so.0
Reordering time             : 0.054s
Symbolic factorization time : 0.024s
Symbolic nonzeros in factor : 2.79e+05
Elapsed time for augmented  : 0.113 seconds
Elapsed time           : 0.113 seconds
Barrier setup complete at 0.113 seconds
Adaptive regularization enabled


                  Objective                         Infeasibility        Time
Iter   Primal              Dual                Primal   Dual    Compl.   Elapsed
  0   -3.702624119443e+02 -3.710387458059e+02 3.71e+03 1.91e+00 1.19e-02 0.113
  1   -3.742079789023e+01 -3.496036719064e+02 3.74e+02 7.84e-02 1.66e-02 0.118
  2   -3.888993984283e+00 -2.097346653642e+02 3.80e+01 4.70e-02 1.33e-02 0.123
  3   -4.430512134758e-01 -3.238077187940e+01 3.86e+00 5.32e-03 4.56e-03 0.128
  4   -9.288389751436e-02 -4.510664601824e+00 4.09e-01 5.68e-04 6.47e-04 0.133
  5   -5.628571763013e-02 -7.106214023160e-01 4.09e-02 5.69e-05 8.80e-05 0.138
  6   -5.677723484909e-02 -2.023841423786e-01 9.01e-03 1.25e-05 1.78e-05 0.142
  7   -6.888706418173e-02 -1.402317627575e-01 3.97e-03 5.53e-06 7.59e-06 0.147
  8   -7.323051310490e-02 -1.384590469870e-01 3.29e-03 4.58e-06 2.13e-05 0.152
  9   -7.616943839090e-02 -1.359080178184e-01 2.79e-03 3.89e-06 4.75e-05 0.157
 10   -8.013258407994e-02 -1.313987026783e-01 2.11e-03 2.94e-06 8.10e-05 0.162
 11   -8.114638514059e-02 -1.302582697565e-01 1.80e-03 2.50e-06 8.57e-05 0.166
 12   -8.613106503769e-02 -1.220830158216e-01 1.13e-03 1.58e-06 8.44e-05 0.171
 13   -8.658053171215e-02 -1.197342100059e-01 8.41e-04 1.17e-06 2.03e-04 0.176
 14   -9.079265492016e-02 -1.122942942334e-01 4.75e-04 6.61e-07 1.64e-04 0.181
 15   -9.473431328785e-02 -1.049161462074e-01 2.00e-04 2.79e-07 7.82e-05 0.186
 16   -9.673600515221e-02 -1.013421524944e-01 5.96e-05 8.30e-08 1.70e-05 0.190
 17   -9.765764281150e-02 -9.976368990434e-02 2.15e-05 3.00e-08 8.52e-06 0.195
 18   -9.807907030835e-02 -9.909408968348e-02 8.95e-06 1.25e-08 5.26e-06 0.200
 19   -9.838802056886e-02 -9.862770130078e-02 1.09e-06 1.53e-09 8.44e-07 0.205
 20   -9.846849594266e-02 -9.852411347077e-02 2.48e-07 3.48e-10 2.03e-07 0.210
 21   -9.848939198768e-02 -9.849737261188e-02 3.53e-08 5.27e-11 2.57e-08 0.214
 22   -9.849244372868e-02 -9.849347599425e-02 4.56e-09 4.84e-12 2.97e-09 0.219
 23   -9.849284627385e-02 -9.849296245182e-02 5.14e-10 2.96e-11 3.18e-10 0.224
 24   -9.849289209773e-02 -9.849290401245e-02 5.27e-11 4.05e-09 3.26e-11 0.228
 25   -9.849289680617e-02 -9.849289800531e-02 5.31e-12 1.47e-08 3.29e-12 0.232
 26   -9.849289727996e-02 -9.849289740034e-02 5.34e-13 2.51e-07 3.29e-13 0.236
 27   -9.849289732748e-02 -9.849289733951e-02 5.36e-14 6.63e-07 3.28e-14 0.240
 28   -9.849289733216e-02 -9.849289733348e-02 6.00e-15 1.59e-06 3.69e-15 0.244
 29   -9.849289733262e-02 -9.849289733287e-02 1.11e-15 9.14e-06 3.49e-16 0.248
Numerical error in objective
Restoring previous solution


Suboptimal solution found in 30 iterations and 0.25 seconds
Objective -9.84924437e-02
Primal infeasibility (abs/rel): 9.13e-09/4.56e-09
Dual infeasibility   (abs/rel): 5.33e-12/4.84e-12
Complementarity gap  (abs/rel): 3.26e-09/2.97e-09


Barrier finished in 0.25 seconds
Dual variables for problems with quadratic constraints not returned.
