cuOpt version: 26.10.0, git hash: 648f805d, host arch: x86_64, device archs: 80-real
CPU: AMD EPYC 7642 48-Core Processor, threads: 5C/5T, RAM usage: 40.02/503.74GiB
CPU SIMD target: AVX2
CUDA 12.9, device: NVIDIA A100 80GB PCIe (ID 0), VRAM: 79.44 GiB
CUDA device UUID: 68df5cf5-71f9-6a93-b428-460c080ffb10
Problem has 1 quadratic constraints. Converting to second-order cones and solving with barrier.
Handling 50 free variables directly in augmented system
Presolved problem: 5103 constraints 10102 variables 265152 nonzeros
Skipping Ruiz equilibration (row norm ratio 1.4, column norm ratio 1.4 < 5e4, Q coeff ratio 1.0 < 100)
Barrier solver started at 0.026 seconds
Barrier solver: 5103 constraints, 10102 variables, 265152 nonzeros


Second-order cones          : 1
Free variables              : 50
Upper bounds                : 5000
Linear system               : augmented
cuDSS Version               : 0.7.1
cuDSS Threading layer       : libcudss_mtlayer_gomp.so.0
Reordering time             : 0.054s
Symbolic factorization time : 0.024s
Symbolic nonzeros in factor : 2.79e+05
Elapsed time for augmented  : 0.111 seconds
Elapsed time           : 0.111 seconds
Barrier setup complete at 0.111 seconds
Adaptive regularization enabled


                  Objective                         Infeasibility        Time
Iter   Primal              Dual                Primal   Dual    Compl.   Elapsed
  0   -3.703336272695e+02 -3.710584120459e+02 3.71e+03 1.91e+00 1.19e-02 0.112
  1   -3.742835968768e+01 -3.496234222228e+02 3.74e+02 7.84e-02 1.66e-02 0.117
  2   -3.889891326073e+00 -2.097525625872e+02 3.80e+01 4.70e-02 1.33e-02 0.122
  3   -4.431513586697e-01 -3.238487871720e+01 3.86e+00 5.32e-03 4.56e-03 0.126
  4   -9.290142670453e-02 -4.511186467063e+00 4.09e-01 5.68e-04 6.47e-04 0.131
  5   -5.629485363532e-02 -7.107170023075e-01 4.09e-02 5.69e-05 8.80e-05 0.136
  6   -5.678749214779e-02 -2.022545233172e-01 9.00e-03 1.25e-05 1.78e-05 0.141
  7   -6.897692961448e-02 -1.397788792239e-01 3.95e-03 5.49e-06 7.54e-06 0.146
  8   -7.282123485311e-02 -1.381519501189e-01 3.36e-03 4.68e-06 1.62e-05 0.150
  9   -7.616605645293e-02 -1.355775786219e-01 2.78e-03 3.87e-06 4.07e-05 0.155
 10   -8.140740630074e-02 -1.291305806188e-01 1.96e-03 2.73e-06 7.17e-05 0.160
 11   -8.230045987673e-02 -1.279833335418e-01 1.67e-03 2.33e-06 7.59e-05 0.165
 12   -8.637334364589e-02 -1.212631672299e-01 1.12e-03 1.57e-06 7.34e-05 0.170
 13   -8.677831205873e-02 -1.193386280854e-01 8.97e-04 1.25e-06 1.52e-04 0.175
 14   -9.118494175099e-02 -1.115006252260e-01 4.43e-04 6.17e-07 1.28e-04 0.180
 15   -9.484063885781e-02 -1.046256705556e-01 1.91e-04 2.65e-07 7.72e-05 0.185
 16   -9.681956738799e-02 -1.011951297617e-01 5.89e-05 8.20e-08 1.88e-05 0.189
 17   -9.766649256497e-02 -9.971202912242e-02 2.06e-05 2.86e-08 1.15e-05 0.194
 18   -9.819793265761e-02 -9.890757429705e-02 6.42e-06 8.93e-09 3.96e-06 0.199
 19   -9.842623660029e-02 -9.857430047917e-02 1.13e-06 1.58e-09 6.65e-07 0.204
 20   -9.847892936960e-02 -9.850150594046e-02 1.71e-07 2.41e-10 8.55e-08 0.209
 21   -9.848704142567e-02 -9.849036541023e-02 2.51e-08 3.90e-11 1.05e-08 0.213
 22   -9.848823498303e-02 -9.848873054411e-02 3.74e-09 3.92e-12 1.30e-09 0.218
 23   -9.848841325326e-02 -9.848848678786e-02 5.54e-10 3.37e-11 1.63e-10 0.226
 24   -9.848843992115e-02 -9.848845034697e-02 7.84e-11 1.78e-10 2.31e-11 0.231
 25   -9.848844379251e-02 -9.848844505254e-02 9.47e-12 3.68e-07 2.80e-12 0.234
 26   -9.848844427025e-02 -9.848844439804e-02 9.61e-13 4.77e-07 2.84e-13 0.238
 27   -9.848844431872e-02 -9.848844433158e-02 9.68e-14 5.65e-07 2.86e-14 0.242
 28   -9.848844432354e-02 -9.848844432497e-02 1.08e-14 8.39e-07 3.18e-15 0.246
Numerical error in objective
Restoring previous solution


Suboptimal solution found in 29 iterations and 0.25 seconds
Objective -9.84882350e-02
Primal infeasibility (abs/rel): 7.47e-09/3.74e-09
Dual infeasibility   (abs/rel): 4.32e-12/3.92e-12
Complementarity gap  (abs/rel): 1.43e-09/1.30e-09


Barrier finished in 0.25 seconds
Dual variables for problems with quadratic constraints not returned.
