cuOpt version: 26.10.0, git hash: 648f805d, host arch: x86_64, device archs: 80-real
CPU: AMD EPYC 7642 48-Core Processor, threads: 5C/5T, RAM usage: 39.24/503.74GiB
CPU SIMD target: AVX2
CUDA 12.9, device: NVIDIA A100 80GB PCIe (ID 0), VRAM: 79.44 GiB
CUDA device UUID: 68df5cf5-71f9-6a93-b428-460c080ffb10
Problem has 1 quadratic constraints. Converting to second-order cones and solving with barrier.
Barrier: reusing cache (skip convert/presolve/scaling)
Barrier solver started at 0.000 seconds
Barrier solver: 5103 constraints, 10102 variables, 265152 nonzeros
Barrier setup complete at 0.000 seconds
Adaptive regularization enabled


                  Objective                         Infeasibility        Time
Iter   Primal              Dual                Primal   Dual    Compl.   Elapsed
  0   -3.702624119443e+02 -3.710387458059e+02 3.71e+03 1.91e+00 1.19e-02 0.001
  1   -4.136636484816e+00 -3.474601645164e+02 4.01e+01 2.77e-01 6.50e-02 0.006
  2   -1.039518362250e-01 -2.487140678162e+01 4.69e-01 7.85e-03 4.78e-03 0.011
  3   -5.493965881654e-02 -6.425639186560e-01 4.69e-03 7.91e-05 1.48e-04 0.016
  4   -5.853205540329e-02 -1.359055184408e-01 6.17e-04 1.04e-05 1.72e-05 0.021
  5   -6.752262788004e-02 -1.382889562896e-01 4.87e-04 8.20e-06 3.00e-05 0.026
  6   -6.909308643532e-02 -1.385283236887e-01 4.47e-04 7.53e-06 4.23e-05 0.031
  7   -8.140921929963e-02 -1.243462474045e-01 2.48e-04 4.17e-06 7.51e-05 0.036
  8   -8.155823317754e-02 -1.241861441019e-01 2.32e-04 3.91e-06 7.37e-05 0.041
  9   -8.323126950451e-02 -1.230408470607e-01 1.85e-04 3.12e-06 2.17e-04 0.045
 10   -8.338538477938e-02 -1.218653039989e-01 1.59e-04 2.67e-06 3.59e-04 0.050
 11   -9.171618094729e-02 -1.095585688287e-01 6.76e-05 1.14e-06 1.14e-04 0.055
 12   -9.235011049619e-02 -1.081514288527e-01 5.23e-05 8.80e-07 1.34e-04 0.060
 13   -9.592592046026e-02 -1.025477579258e-01 1.90e-05 3.20e-07 6.40e-05 0.065
 14   -9.614587682275e-02 -1.018815110539e-01 1.36e-05 2.30e-07 7.67e-05 0.070
 15   -9.733930722601e-02 -1.002250479603e-01 6.13e-06 1.03e-07 3.37e-05 0.075
 16   -9.760405846858e-02 -9.973277573790e-02 3.64e-06 6.12e-08 3.20e-05 0.079
 17   -9.812132701207e-02 -9.901382749833e-02 1.31e-06 2.21e-08 1.27e-05 0.084
 18   -9.826862556380e-02 -9.878523324693e-02 5.79e-07 9.72e-09 8.12e-06 0.089
 19   -9.842352807411e-02 -9.858376974542e-02 1.54e-07 2.59e-09 2.46e-06 0.094
 20   -9.847368042814e-02 -9.851646617532e-02 2.95e-08 4.87e-10 6.70e-07 0.099
 21   -9.848854590969e-02 -9.849837584746e-02 6.39e-09 1.09e-10 1.53e-07 0.104
 22   -9.849231468889e-02 -9.849359155021e-02 5.64e-10 1.49e-11 1.53e-08 0.109
 23   -9.849280611258e-02 -9.849300663744e-02 8.87e-11 1.14e-08 2.50e-09 0.112
 24   -9.849289146990e-02 -9.849290443227e-02 5.73e-12 8.43e-09 1.61e-10 0.115
 25   -9.849289720617e-02 -9.849289749604e-02 4.56e-13 2.43e-06 3.64e-12 0.118
 26   -9.849289732641e-02 -9.849289734232e-02 7.66e-14 6.38e-05 2.13e-13 0.121
 27   -9.849289733264e-02 -9.849289733296e-02 4.69e-15 2.01e-04 6.07e-15 0.125
 28   -9.849289733270e-02 -9.849289733278e-02 1.03e-15 4.33e-05 1.65e-15 0.130
Numerical error in objective
Restoring previous solution


Suboptimal solution found in 29 iterations and 0.13 seconds
Objective -9.84928915e-02
Primal infeasibility (abs/rel): 1.15e-11/5.73e-12
Dual infeasibility   (abs/rel): 9.29e-09/8.43e-09
Complementarity gap  (abs/rel): 1.77e-10/1.61e-10


Barrier finished in 0.13 seconds
Dual variables for problems with quadratic constraints not returned.
