cuOpt version: 26.10.0, git hash: 648f805d, host arch: x86_64, device archs: 80-real
CPU: AMD EPYC 7642 48-Core Processor, threads: 5C/5T, RAM usage: 39.40/503.74GiB
CPU SIMD target: AVX2
CUDA 12.9, device: NVIDIA A100 80GB PCIe (ID 0), VRAM: 79.44 GiB
CUDA device UUID: 68df5cf5-71f9-6a93-b428-460c080ffb10
Problem has 1 quadratic constraints. Converting to second-order cones and solving with barrier.
Barrier: reusing cache (skip convert/presolve/scaling)
Barrier solver started at 0.000 seconds
Barrier solver: 5103 constraints, 10102 variables, 265152 nonzeros
Barrier setup complete at 0.000 seconds
Adaptive regularization enabled


                  Objective                         Infeasibility        Time
Iter   Primal              Dual                Primal   Dual    Compl.   Elapsed
  0   -3.704291987375e+02 -3.711395609108e+02 3.71e+03 1.91e+00 1.19e-02 0.001
  1   -4.138240121015e+00 -3.475611537449e+02 4.01e+01 2.77e-01 6.50e-02 0.007
  2   -1.039773673472e-01 -2.488455848350e+01 4.69e-01 7.85e-03 4.78e-03 0.012
  3   -5.495207890613e-02 -6.428341782442e-01 4.69e-03 7.91e-05 1.48e-04 0.017
  4   -5.854039328337e-02 -1.366925924223e-01 6.23e-04 1.05e-05 1.75e-05 0.022
  5   -6.604986177006e-02 -1.385362852807e-01 5.11e-04 8.60e-06 2.69e-05 0.027
  6   -6.790324127047e-02 -1.389601490279e-01 4.66e-04 7.86e-06 2.96e-05 0.032
  7   -8.303250571028e-02 -1.229863554126e-01 2.19e-04 3.69e-06 5.72e-05 0.037
  8   -8.344811566933e-02 -1.225112634411e-01 1.93e-04 3.25e-06 6.87e-05 0.042
  9   -8.415635944515e-02 -1.222342535618e-01 1.72e-04 2.89e-06 1.24e-04 0.046
 10   -8.638236897726e-02 -1.192144838729e-01 1.32e-04 2.23e-06 9.51e-05 0.051
 11   -8.613025296845e-02 -1.187881789380e-01 1.26e-04 2.13e-06 1.56e-04 0.056
 12   -9.211930489105e-02 -1.096231831241e-01 6.17e-05 1.04e-06 6.89e-05 0.061
 13   -9.284615215247e-02 -1.081499306587e-01 4.70e-05 7.92e-07 9.81e-05 0.066
 14   -9.588080878349e-02 -1.034061721963e-01 2.05e-05 3.45e-07 5.26e-05 0.071
 15   -9.595684688824e-02 -1.029402358977e-01 1.65e-05 2.78e-07 7.05e-05 0.076
 16   -9.732801110158e-02 -1.009842561837e-01 7.98e-06 1.34e-07 3.47e-05 0.080
 17   -9.754839890870e-02 -1.005084520670e-01 5.34e-06 8.99e-08 4.06e-05 0.085
 18   -9.817798914134e-02 -9.960431300516e-02 2.26e-06 3.81e-08 1.83e-05 0.090
 19   -9.831848280974e-02 -9.934775752007e-02 1.27e-06 2.13e-08 1.50e-05 0.095
 20   -9.860290962205e-02 -9.895835590580e-02 3.52e-07 5.93e-09 5.17e-06 0.100
 21   -9.870326019196e-02 -9.881809194955e-02 8.23e-08 1.37e-09 1.90e-06 0.105
 22   -9.874349758716e-02 -9.876857380342e-02 1.73e-08 1.23e-08 4.21e-07 0.109
 23   -9.875294172430e-02 -9.875621712194e-02 1.23e-09 8.75e-10 4.02e-08 0.113
 24   -9.875428633638e-02 -9.875464788887e-02 1.35e-10 2.57e-09 4.49e-09 0.117
 25   -9.875443518439e-02 -9.875446687322e-02 4.24e-11 6.48e-08 3.09e-10 0.120
 26   -9.875444820091e-02 -9.875445030283e-02 2.93e-12 1.39e-06 1.80e-11 0.123
 27   -9.875444899039e-02 -9.875444930608e-02 3.49e-13 7.77e-06 2.73e-12 0.126
 28   -9.875444912217e-02 -9.875444914118e-02 3.52e-14 2.82e-05 1.23e-13 0.129
 29   -9.875444913018e-02 -9.875444913206e-02 2.81e-14 2.71e-04 6.72e-15 0.132
 30   -9.875444913130e-02 -9.875444913149e-02 5.50e-15 2.18e-03 2.92e-17 0.136
Numerical error in objective
Restoring previous solution


Suboptimal solution found in 31 iterations and 0.14 seconds
Objective -9.87542863e-02
Primal infeasibility (abs/rel): 2.71e-10/1.35e-10
Dual infeasibility   (abs/rel): 2.83e-09/2.57e-09
Complementarity gap  (abs/rel): 4.93e-09/4.49e-09


Barrier finished in 0.14 seconds
Dual variables for problems with quadratic constraints not returned.
