cuOpt version: 26.10.0, git hash: 648f805d, host arch: x86_64, device archs: 80-real
CPU: AMD EPYC 7642 48-Core Processor, threads: 5C/5T, RAM usage: 39.26/503.74GiB
CPU SIMD target: AVX2
CUDA 12.9, device: NVIDIA A100 80GB PCIe (ID 0), VRAM: 79.44 GiB
CUDA device UUID: 68df5cf5-71f9-6a93-b428-460c080ffb10
Problem has 1 quadratic constraints. Converting to second-order cones and solving with barrier.
Barrier: reusing cache (skip convert/presolve/scaling)
Barrier solver started at 0.000 seconds
Barrier solver: 5103 constraints, 10102 variables, 265152 nonzeros
Barrier setup complete at 0.000 seconds
Adaptive regularization enabled


                  Objective                         Infeasibility        Time
Iter   Primal              Dual                Primal   Dual    Compl.   Elapsed
  0   -3.704490508896e+02 -3.710981922775e+02 3.71e+03 1.91e+00 1.19e-02 0.001
  1   -4.138703882017e+00 -3.475197441600e+02 4.01e+01 2.77e-01 6.50e-02 0.006
  2   -1.040077714720e-01 -2.488126401411e+01 4.69e-01 7.85e-03 4.78e-03 0.012
  3   -5.496009159231e-02 -6.429579754514e-01 4.69e-03 7.91e-05 1.48e-04 0.016
  4   -5.855201084765e-02 -1.359300793120e-01 6.17e-04 1.04e-05 1.72e-05 0.021
  5   -6.551675310995e-02 -1.377706752984e-01 5.18e-04 8.72e-06 2.04e-05 0.026
  6   -6.699932395296e-02 -1.382652692960e-01 4.83e-04 8.13e-06 2.72e-05 0.031
  7   -8.162897713549e-02 -1.249450474888e-01 2.43e-04 4.10e-06 7.09e-05 0.036
  8   -8.180531801529e-02 -1.245931780046e-01 2.22e-04 3.73e-06 1.19e-04 0.041
  9   -8.341023217481e-02 -1.237503075548e-01 1.77e-04 2.99e-06 2.86e-04 0.046
 10   -8.547850291626e-02 -1.209211746790e-01 1.01e-04 1.70e-06 2.64e-04 0.050
 11   -8.804419084724e-02 -1.151441603015e-01 5.31e-05 8.94e-07 4.51e-04 0.055
 12   -9.516379845440e-02 -1.038271680840e-01 1.31e-05 2.20e-07 1.16e-04 0.060
 13   -9.699352753887e-02 -1.008567441617e-01 4.62e-06 7.79e-08 3.36e-05 0.065
 14   -9.759936399652e-02 -9.965874884006e-02 1.54e-06 2.58e-08 3.72e-05 0.070
 15   -9.828623672128e-02 -9.873930122025e-02 3.11e-07 5.25e-09 7.79e-06 0.075
 16   -9.842334361946e-02 -9.853996775990e-02 6.38e-08 1.07e-09 2.36e-06 0.080
 17   -9.846598246640e-02 -9.848542723436e-02 1.05e-08 1.79e-10 3.91e-07 0.085
 18   -9.847269078946e-02 -9.847593838542e-02 8.63e-10 1.62e-11 3.58e-08 0.089
 19   -9.847405091796e-02 -9.847432726746e-02 7.30e-11 8.79e-09 3.07e-09 0.093
 20   -9.847416825803e-02 -9.847418317941e-02 3.11e-11 3.44e-08 8.59e-11 0.096
 21   -9.847417542868e-02 -9.847417582991e-02 2.90e-13 1.49e-06 2.35e-12 0.099
 22   -9.847417560956e-02 -9.847417563207e-02 6.79e-14 8.97e-05 1.47e-13 0.102
 23   -9.847417561923e-02 -9.847417561934e-02 2.03e-14 6.38e-04 1.84e-15 0.106
 24   -9.847417561907e-02 -9.847417561909e-02 5.27e-15 8.19e-04 1.55e-15 0.110
Numerical error in objective
Restoring previous solution


Suboptimal solution found in 25 iterations and 0.11 seconds
Objective -9.84740509e-02
Primal infeasibility (abs/rel): 1.46e-10/7.30e-11
Dual infeasibility   (abs/rel): 9.68e-09/8.79e-09
Complementarity gap  (abs/rel): 3.37e-09/3.07e-09


Barrier finished in 0.11 seconds
Dual variables for problems with quadratic constraints not returned.
