cuOpt version: 26.10.0, git hash: 648f805d, host arch: x86_64, device archs: 80-real
CPU: AMD EPYC 7642 48-Core Processor, threads: 5C/5T, RAM usage: 39.28/503.74GiB
CPU SIMD target: AVX2
CUDA 12.9, device: NVIDIA A100 80GB PCIe (ID 0), VRAM: 79.44 GiB
CUDA device UUID: 68df5cf5-71f9-6a93-b428-460c080ffb10
Problem has 1 quadratic constraints. Converting to second-order cones and solving with barrier.
Barrier: reusing cache (skip convert/presolve/scaling)
Barrier solver started at 0.000 seconds
Barrier solver: 5103 constraints, 10102 variables, 265152 nonzeros
Barrier setup complete at 0.000 seconds
Adaptive regularization enabled


                  Objective                         Infeasibility        Time
Iter   Primal              Dual                Primal   Dual    Compl.   Elapsed
  0   -3.704472534989e+02 -3.711214143411e+02 3.71e+03 1.91e+00 1.19e-02 0.001
  1   -4.139241786382e+00 -3.475430561425e+02 4.01e+01 2.77e-01 6.50e-02 0.006
  2   -1.040141421008e-01 -2.488853327147e+01 4.69e-01 7.85e-03 4.78e-03 0.011
  3   -5.495990767093e-02 -6.430541095433e-01 4.69e-03 7.91e-05 1.48e-04 0.016
  4   -5.854949324269e-02 -1.367065253593e-01 6.23e-04 1.05e-05 1.74e-05 0.021
  5   -6.684370814731e-02 -1.389240273767e-01 5.00e-04 8.41e-06 2.91e-05 0.026
  6   -6.858413485250e-02 -1.392430844195e-01 4.57e-04 7.69e-06 4.63e-05 0.031
  7   -8.184716017293e-02 -1.245071663838e-01 2.41e-04 4.06e-06 9.35e-05 0.036
  8   -8.205645798384e-02 -1.242795746242e-01 2.24e-04 3.77e-06 8.66e-05 0.041
  9   -8.329145852940e-02 -1.236155516122e-01 1.89e-04 3.18e-06 1.67e-04 0.045
 10   -8.579134808619e-02 -1.208127936848e-01 1.15e-04 1.94e-06 1.18e-04 0.050
 11   -8.609940809665e-02 -1.189970710096e-01 9.07e-05 1.53e-06 3.15e-04 0.055
 12   -9.366884476621e-02 -1.069255468158e-01 3.32e-05 5.59e-07 9.09e-05 0.060
 13   -9.465891988610e-02 -1.050848351725e-01 2.22e-05 3.74e-07 9.99e-05 0.065
 14   -9.514528084160e-02 -1.042611950216e-01 1.75e-05 2.94e-07 1.08e-04 0.070
 15   -9.670996709588e-02 -1.019018708966e-01 8.91e-06 1.50e-07 5.45e-05 0.075
 16   -9.685677359920e-02 -1.014431178775e-01 6.62e-06 1.11e-07 5.95e-05 0.079
 17   -9.786802927326e-02 -9.994565153537e-02 2.48e-06 4.17e-08 2.48e-05 0.084
 18   -9.810392519003e-02 -9.953523281598e-02 1.36e-06 2.28e-08 2.14e-05 0.089
 19   -9.848035601198e-02 -9.901769849050e-02 4.20e-07 7.06e-09 7.64e-06 0.094
 20   -9.859699681278e-02 -9.884889777772e-02 1.51e-07 2.51e-09 4.07e-06 0.099
 21   -9.867518452382e-02 -9.874976336266e-02 3.96e-08 6.62e-10 1.17e-06 0.104
 22   -9.870100233339e-02 -9.871576764828e-02 5.26e-09 7.08e-11 2.18e-07 0.108
 23   -9.870640701725e-02 -9.870930625835e-02 9.94e-10 1.65e-11 4.31e-08 0.113
 24   -9.870752159790e-02 -9.870791783519e-02 1.04e-10 8.68e-09 4.80e-09 0.117
 25   -9.870768873553e-02 -9.870771718424e-02 7.47e-12 2.74e-08 3.40e-10 0.121
 26   -9.870770117900e-02 -9.870770235253e-02 8.68e-13 3.42e-06 1.24e-11 0.124
 27   -9.870770168665e-02 -9.870770178569e-02 1.64e-13 2.24e-05 8.56e-13 0.127
 28   -9.870770173318e-02 -9.870770173688e-02 1.85e-14 2.72e-04 1.69e-14 0.130
 29   -9.870770173438e-02 -9.870770173562e-02 1.38e-14 7.33e-04 4.18e-15 0.134
 30   -9.870770173458e-02 -9.870770173544e-02 1.20e-14 1.19e-03 2.01e-15 0.138
 31   -9.870770173501e-02 -9.870770173519e-02 4.00e-15 4.98e-03 2.71e-16 0.142
Numerical error in objective
Restoring previous solution


Suboptimal solution found in 32 iterations and 0.15 seconds
Objective -9.87075216e-02
Primal infeasibility (abs/rel): 2.09e-10/1.04e-10
Dual infeasibility   (abs/rel): 9.56e-09/8.68e-09
Complementarity gap  (abs/rel): 5.28e-09/4.80e-09


Barrier finished in 0.15 seconds
Dual variables for problems with quadratic constraints not returned.
