cuOpt version: 26.10.0, git hash: 648f805d, host arch: x86_64, device archs: 80-real
CPU: AMD EPYC 7642 48-Core Processor, threads: 5C/5T, RAM usage: 39.28/503.74GiB
CPU SIMD target: AVX2
CUDA 12.9, device: NVIDIA A100 80GB PCIe (ID 0), VRAM: 79.44 GiB
CUDA device UUID: 68df5cf5-71f9-6a93-b428-460c080ffb10
Problem has 1 quadratic constraints. Converting to second-order cones and solving with barrier.
Barrier: reusing cache (skip convert/presolve/scaling)
Barrier solver started at 0.000 seconds
Barrier solver: 5103 constraints, 10102 variables, 265152 nonzeros
Barrier setup complete at 0.000 seconds
Adaptive regularization enabled


                  Objective                         Infeasibility        Time
Iter   Primal              Dual                Primal   Dual    Compl.   Elapsed
  0   -3.702779911923e+02 -3.710340990992e+02 3.71e+03 1.91e+00 1.19e-02 0.001
  1   -4.137413965078e+00 -3.474555508912e+02 4.01e+01 2.77e-01 6.49e-02 0.006
  2   -1.039627881816e-01 -2.487502701009e+01 4.69e-01 7.85e-03 4.78e-03 0.012
  3   -5.494259749550e-02 -6.426390295605e-01 4.69e-03 7.91e-05 1.48e-04 0.016
  4   -5.853147883895e-02 -1.362046779041e-01 6.19e-04 1.04e-05 1.73e-05 0.021
  5   -6.730421863223e-02 -1.383594196589e-01 4.88e-04 8.22e-06 3.14e-05 0.026
  6   -6.898407367576e-02 -1.386008917923e-01 4.45e-04 7.50e-06 4.26e-05 0.031
  7   -8.252091794338e-02 -1.224963597771e-01 2.25e-04 3.80e-06 7.32e-05 0.036
  8   -8.268114833399e-02 -1.222822697649e-01 2.09e-04 3.53e-06 6.77e-05 0.041
  9   -8.383691471955e-02 -1.216691216748e-01 1.75e-04 2.95e-06 1.72e-04 0.046
 10   -8.546472968486e-02 -1.197750613958e-01 1.12e-04 1.88e-06 1.69e-04 0.050
 11   -8.753101208132e-02 -1.152999350548e-01 6.41e-05 1.08e-06 3.89e-04 0.055
 12   -9.549973573704e-02 -1.030620287275e-01 1.25e-05 2.11e-07 8.56e-05 0.060
 13   -9.695192123273e-02 -1.005109373777e-01 4.45e-06 7.49e-08 4.28e-05 0.065
 14   -9.798380789277e-02 -9.895345354918e-02 9.93e-07 1.67e-08 9.27e-06 0.070
 15   -9.830540559419e-02 -9.849455899442e-02 9.78e-08 3.71e-09 6.11e-07 0.074
 16   -9.836747381343e-02 -9.841452277750e-02 1.82e-08 4.96e-09 1.90e-07 0.078
 17   -9.838644821882e-02 -9.839174316709e-02 1.77e-09 1.21e-08 1.98e-08 0.081
 18   -9.838859188655e-02 -9.838915606140e-02 1.79e-10 1.06e-08 2.96e-09 0.084
 19   -9.838883517927e-02 -9.838886712220e-02 1.01e-11 5.82e-08 1.57e-10 0.087
 20   -9.838884914357e-02 -9.838885071343e-02 4.67e-13 1.01e-05 4.99e-12 0.090
 21   -9.838884978563e-02 -9.838884994720e-02 2.92e-13 6.81e-05 6.16e-13 0.094
 22   -9.838884985988e-02 -9.838884986679e-02 8.14e-14 6.34e-05 2.04e-14 0.097
 23   -9.838884986374e-02 -9.838884986423e-02 1.48e-14 1.36e-05 1.74e-15 0.100
Numerical error in objective
Primal residual -nan dual residual -nan complementarity residual -nan
Search direction computation failed
Barrier finished in 0.11 seconds
Barrier Solve status A numerical error was encountered.
Dual variables for problems with quadratic constraints not returned.
