================================================================================
 SERIES: warm
 SedumiMu, barrier_step_scale=0.99, barrier_iterative_refinement=2 (fixed point),
 barrier_presolve_bound_free_variables=0, cudss_deterministic=off, tol=1e-8
 portfolio SOCP n=5000 k=50, 20-step mu sequence via update_linear_objective
================================================================================

########## warm  t=00 ##########

cuOpt version: 26.10.0, git hash: 648f805d, host arch: x86_64, device archs: 80-real
CPU: AMD EPYC 7642 48-Core Processor, threads: 5C/5T, RAM usage: 37.36/503.74GiB
CPU SIMD target: AVX2
CUDA 12.9, device: NVIDIA A100 80GB PCIe (ID 0), VRAM: 79.44 GiB
CUDA device UUID: 68df5cf5-71f9-6a93-b428-460c080ffb10
Problem has 1 quadratic constraints. Converting to second-order cones and solving with barrier.
Handling 50 free variables directly in augmented system
Presolved problem: 5103 constraints 10102 variables 265152 nonzeros
Skipping Ruiz equilibration (row norm ratio 1.4, column norm ratio 1.4 < 5e4, Q coeff ratio 1.0 < 100)
Barrier solver started at 0.027 seconds
Barrier solver: 5103 constraints, 10102 variables, 265152 nonzeros


Second-order cones          : 1
Free variables              : 50
Upper bounds                : 5000
Linear system               : augmented
cuDSS Version               : 0.7.1
cuDSS Threading layer       : libcudss_mtlayer_gomp.so.0
Reordering time             : 0.060s
Symbolic factorization time : 0.023s
Symbolic nonzeros in factor : 2.79e+05
Elapsed time for augmented  : 0.117 seconds
Elapsed time           : 0.117 seconds
Barrier setup complete at 0.117 seconds
Adaptive regularization enabled


                  Objective                         Infeasibility        Time
Iter   Primal              Dual                Primal   Dual    Compl.   Elapsed
  0   -3.703274138474e+02 -3.710708058040e+02 3.71e+03 1.91e+00 1.19e-02 0.118
  1   -4.137051906248e+00 -3.474922988706e+02 4.01e+01 2.77e-01 6.50e-02 0.122
  2   -1.039665874828e-01 -2.487350973719e+01 4.69e-01 7.85e-03 4.78e-03 0.126
  3   -5.494861956811e-02 -6.426108944959e-01 4.69e-03 7.91e-05 1.47e-04 0.130
  4   -5.854386029105e-02 -1.360801180417e-01 6.18e-04 1.04e-05 1.73e-05 0.134
  5   -6.651989844191e-02 -1.382165106403e-01 5.03e-04 8.47e-06 2.56e-05 0.138
  6   -6.787735674025e-02 -1.385553495069e-01 4.69e-04 7.91e-06 3.65e-05 0.142
  7   -8.000826197797e-02 -1.263548053123e-01 2.70e-04 4.55e-06 7.62e-05 0.146
  8   -8.013342406285e-02 -1.261898350833e-01 2.54e-04 4.29e-06 9.32e-05 0.151
  9   -8.275777847558e-02 -1.243057841050e-01 1.86e-04 3.14e-06 2.72e-04 0.156
 10   -8.324259260376e-02 -1.222953279940e-01 1.45e-04 2.44e-06 5.49e-04 0.161
 11   -9.290666967121e-02 -1.080048517148e-01 4.82e-05 8.11e-07 1.53e-04 0.165
 12   -9.345935455846e-02 -1.064550779107e-01 3.41e-05 5.75e-07 1.79e-04 0.170
 13   -9.680879506094e-02 -1.013498265651e-01 1.07e-05 1.80e-07 6.47e-05 0.175
 14   -9.715359103918e-02 -1.005218101899e-01 6.05e-06 1.02e-07 6.35e-05 0.179
 15   -9.800922167428e-02 -9.938303885897e-02 2.32e-06 3.92e-08 2.31e-05 0.184
 16   -9.823272540668e-02 -9.900239826147e-02 9.47e-07 1.59e-08 1.50e-05 0.188
 17   -9.846619117853e-02 -9.869681397361e-02 2.58e-07 4.35e-09 4.55e-06 0.193
 18   -9.852959428186e-02 -9.860584089957e-02 5.68e-08 9.58e-10 1.36e-06 0.197
 19   -9.855651422160e-02 -9.857291515749e-02 1.17e-08 1.97e-10 2.96e-07 0.202
 20   -9.856279662975e-02 -9.856478182146e-02 7.76e-10 1.31e-11 2.44e-08 0.206
 21   -9.856361045169e-02 -9.856383047750e-02 8.59e-11 1.46e-12 2.78e-09 0.210
 22   -9.856370646348e-02 -9.856371688603e-02 4.06e-12 7.42e-14 1.31e-10 0.214
 23   -9.856371090274e-02 -9.856371155656e-02 2.53e-13 3.09e-12 8.19e-12 0.218


Optimal solution found in 23 iterations and 0.218s
Objective -9.85637109e-02
Primal infeasibility (abs/rel): 5.06e-13/2.53e-13
Dual infeasibility   (abs/rel): 3.40e-12/3.09e-12
Complementarity gap  (abs/rel): 9.00e-12/8.19e-12


Barrier finished in 0.22 seconds
Dual variables for problems with quadratic constraints not returned.

########## warm  t=01 ##########

cuOpt version: 26.10.0, git hash: 648f805d, host arch: x86_64, device archs: 80-real
CPU: AMD EPYC 7642 48-Core Processor, threads: 5C/5T, RAM usage: 37.37/503.74GiB
CPU SIMD target: AVX2
CUDA 12.9, device: NVIDIA A100 80GB PCIe (ID 0), VRAM: 79.44 GiB
CUDA device UUID: 68df5cf5-71f9-6a93-b428-460c080ffb10
Problem has 1 quadratic constraints. Converting to second-order cones and solving with barrier.
Barrier: reusing cache (skip convert/presolve/scaling)
Barrier solver started at 0.000 seconds
Barrier solver: 5103 constraints, 10102 variables, 265152 nonzeros
Barrier setup complete at 0.000 seconds
Adaptive regularization enabled


                  Objective                         Infeasibility        Time
Iter   Primal              Dual                Primal   Dual    Compl.   Elapsed
  0   -3.701605598740e+02 -3.710234169387e+02 3.71e+03 1.91e+00 1.19e-02 0.001
  1   -4.135545914633e+00 -3.474447710337e+02 4.01e+01 2.77e-01 6.50e-02 0.006
  2   -1.039314354667e-01 -2.487032419841e+01 4.69e-01 7.85e-03 4.78e-03 0.010
  3   -5.492443562267e-02 -6.426587253964e-01 4.69e-03 7.91e-05 1.48e-04 0.014
  4   -5.851219322875e-02 -1.359803005430e-01 6.17e-04 1.04e-05 1.73e-05 0.018
  5   -6.701674706025e-02 -1.381479919775e-01 4.94e-04 8.32e-06 2.86e-05 0.023
  6   -6.855034187646e-02 -1.384591743166e-01 4.55e-04 7.67e-06 3.48e-05 0.027
  7   -8.223283397666e-02 -1.232138715886e-01 2.32e-04 3.91e-06 6.24e-05 0.031
  8   -8.247985948762e-02 -1.229731316108e-01 2.12e-04 3.58e-06 7.15e-05 0.035
  9   -8.394188432428e-02 -1.219999916304e-01 1.71e-04 2.88e-06 1.86e-04 0.040
 10   -8.656542978154e-02 -1.187876953971e-01 8.89e-05 1.50e-06 1.36e-04 0.044
 11   -8.752280678254e-02 -1.157166557974e-01 5.91e-05 9.96e-07 3.81e-04 0.049
 12   -9.538116674837e-02 -1.035671016655e-01 1.38e-05 2.32e-07 9.05e-05 0.053
 13   -9.693240162543e-02 -1.009797179984e-01 5.48e-06 9.23e-08 3.36e-05 0.058
 14   -9.753155482494e-02 -9.982634449390e-02 2.09e-06 3.52e-08 3.57e-05 0.063
 15   -9.826410008131e-02 -9.884488015374e-02 4.45e-07 7.49e-09 7.54e-06 0.067
 16   -9.843129984239e-02 -9.860972331956e-02 1.18e-07 1.99e-09 3.54e-06 0.072
 17   -9.850553286061e-02 -9.851127267286e-02 3.64e-09 6.12e-11 6.01e-08 0.076
 18   -9.850780923728e-02 -9.850829524210e-02 3.02e-10 5.02e-12 2.84e-09 0.080
 19   -9.850798004949e-02 -9.850806861497e-02 5.16e-11 9.88e-13 3.51e-10 0.084
 20   -9.850801409514e-02 -9.850802519744e-02 4.77e-12 8.07e-14 3.22e-11 0.088
 21   -9.850801820967e-02 -9.850802007009e-02 6.73e-13 7.23e-13 3.66e-12 0.093


Optimal solution found in 21 iterations and 0.093s
Objective -9.85080182e-02
Primal infeasibility (abs/rel): 1.35e-12/6.73e-13
Dual infeasibility   (abs/rel): 7.96e-13/7.23e-13
Complementarity gap  (abs/rel): 4.02e-12/3.66e-12


Barrier finished in 0.09 seconds
Dual variables for problems with quadratic constraints not returned.

########## warm  t=02 ##########

cuOpt version: 26.10.0, git hash: 648f805d, host arch: x86_64, device archs: 80-real
CPU: AMD EPYC 7642 48-Core Processor, threads: 5C/5T, RAM usage: 37.37/503.74GiB
CPU SIMD target: AVX2
CUDA 12.9, device: NVIDIA A100 80GB PCIe (ID 0), VRAM: 79.44 GiB
CUDA device UUID: 68df5cf5-71f9-6a93-b428-460c080ffb10
Problem has 1 quadratic constraints. Converting to second-order cones and solving with barrier.
Barrier: reusing cache (skip convert/presolve/scaling)
Barrier solver started at 0.000 seconds
Barrier solver: 5103 constraints, 10102 variables, 265152 nonzeros
Barrier setup complete at 0.000 seconds
Adaptive regularization enabled


                  Objective                         Infeasibility        Time
Iter   Primal              Dual                Primal   Dual    Compl.   Elapsed
  0   -3.702509737108e+02 -3.710937010099e+02 3.71e+03 1.91e+00 1.19e-02 0.001
  1   -4.136273551275e+00 -3.475151614423e+02 4.01e+01 2.77e-01 6.50e-02 0.005
  2   -1.039317309374e-01 -2.487809478481e+01 4.69e-01 7.85e-03 4.78e-03 0.010
  3   -5.492858368113e-02 -6.426990422251e-01 4.69e-03 7.91e-05 1.48e-04 0.014
  4   -5.851315182353e-02 -1.366086835744e-01 6.22e-04 1.05e-05 1.74e-05 0.018
  5   -6.838223229977e-02 -1.390882897041e-01 4.75e-04 8.01e-06 3.90e-05 0.022
  6   -6.889375944991e-02 -1.392058504758e-01 4.61e-04 7.77e-06 4.13e-05 0.026
  7   -7.975791831943e-02 -1.309113998035e-01 2.43e-04 4.10e-06 1.01e-04 0.030
  8   -7.980229726700e-02 -1.306485102205e-01 2.26e-04 3.81e-06 2.65e-04 0.035
  9   -8.971816229119e-02 -1.146065054575e-01 6.32e-05 1.07e-06 2.28e-04 0.040
 10   -9.597467615428e-02 -1.029561655809e-01 1.59e-05 2.68e-07 4.93e-05 0.045
 11   -9.743912257020e-02 -1.006252772744e-01 6.14e-06 1.03e-07 1.11e-05 0.051
 12   -9.773434128883e-02 -9.994009810821e-02 2.94e-06 4.96e-08 2.50e-05 0.056
 13   -9.823232361735e-02 -9.925642937427e-02 9.33e-07 1.57e-08 9.49e-06 0.060
 14   -9.847052977409e-02 -9.892513135716e-02 3.52e-07 5.93e-09 8.06e-06 0.065
 15   -9.865602249680e-02 -9.868376464821e-02 2.08e-08 3.51e-10 3.92e-07 0.070
 16   -9.866785252714e-02 -9.866876999972e-02 6.85e-10 1.15e-11 6.06e-09 0.074
 17   -9.866820080773e-02 -9.866831873330e-02 8.61e-11 2.39e-09 6.55e-10 0.077
 18   -9.866824347302e-02 -9.866826218432e-02 1.12e-11 3.11e-10 6.03e-11 0.082
 19   -9.866825145266e-02 -9.866825230556e-02 4.86e-13 2.09e-07 6.39e-12 0.085
 20   -9.866825181751e-02 -9.866825184960e-02 2.90e-14 1.03e-07 2.45e-13 0.088
 21   -9.866825183159e-02 -9.866825183282e-02 1.17e-15 3.80e-09 9.67e-15 0.092


Optimal solution found in 21 iterations and 0.093s
Objective -9.86682518e-02
Primal infeasibility (abs/rel): 2.33e-15/1.17e-15
Dual infeasibility   (abs/rel): 4.18e-09/3.80e-09
Complementarity gap  (abs/rel): 1.06e-14/9.67e-15


Barrier finished in 0.09 seconds
Dual variables for problems with quadratic constraints not returned.

########## warm  t=03 ##########

cuOpt version: 26.10.0, git hash: 648f805d, host arch: x86_64, device archs: 80-real
CPU: AMD EPYC 7642 48-Core Processor, threads: 5C/5T, RAM usage: 37.37/503.74GiB
CPU SIMD target: AVX2
CUDA 12.9, device: NVIDIA A100 80GB PCIe (ID 0), VRAM: 79.44 GiB
CUDA device UUID: 68df5cf5-71f9-6a93-b428-460c080ffb10
Problem has 1 quadratic constraints. Converting to second-order cones and solving with barrier.
Barrier: reusing cache (skip convert/presolve/scaling)
Barrier solver started at 0.000 seconds
Barrier solver: 5103 constraints, 10102 variables, 265152 nonzeros
Barrier setup complete at 0.000 seconds
Adaptive regularization enabled


                  Objective                         Infeasibility        Time
Iter   Primal              Dual                Primal   Dual    Compl.   Elapsed
  0   -3.704296579021e+02 -3.711143874095e+02 3.71e+03 1.91e+00 1.19e-02 0.001
  1   -4.138892424295e+00 -3.475359915702e+02 4.01e+01 2.77e-01 6.50e-02 0.005
  2   -1.039998756227e-01 -2.488607216943e+01 4.69e-01 7.85e-03 4.78e-03 0.010
  3   -5.495597875825e-02 -6.429558222553e-01 4.69e-03 7.91e-05 1.48e-04 0.014
  4   -5.854647543584e-02 -1.362808304949e-01 6.19e-04 1.04e-05 1.74e-05 0.018
  5   -6.679140203932e-02 -1.385929045531e-01 5.02e-04 8.46e-06 2.70e-05 0.022
  6   -6.794021312729e-02 -1.389116930282e-01 4.73e-04 7.97e-06 3.50e-05 0.026
  7   -8.102227730281e-02 -1.263519063638e-01 2.52e-04 4.25e-06 8.00e-05 0.030
  8   -8.117573337039e-02 -1.261420568996e-01 2.34e-04 3.94e-06 1.12e-04 0.035
  9   -8.463955974911e-02 -1.227986558292e-01 1.51e-04 2.54e-06 2.91e-04 0.040
 10   -8.541318876164e-02 -1.201658825767e-01 1.11e-04 1.87e-06 4.88e-04 0.045
 11   -9.365681325741e-02 -1.075881491238e-01 3.94e-05 6.63e-07 1.40e-04 0.049
 12   -9.411708778496e-02 -1.061242778920e-01 2.78e-05 4.68e-07 1.95e-04 0.054
 13   -9.711606196284e-02 -1.015147595403e-01 9.14e-06 1.54e-07 7.16e-05 0.059
 14   -9.773012972160e-02 -1.003112782450e-01 3.87e-06 6.52e-08 4.83e-05 0.063
 15   -9.846033031166e-02 -9.934189005975e-02 1.18e-06 1.99e-08 1.41e-05 0.068
 16   -9.865719877480e-02 -9.903620143603e-02 3.59e-07 6.04e-09 7.42e-06 0.072
 17   -9.878513929167e-02 -9.887517730990e-02 8.20e-08 1.38e-09 1.78e-06 0.077
 18   -9.881244737404e-02 -9.883698598066e-02 1.25e-08 2.11e-10 3.38e-07 0.081
 19   -9.882182181491e-02 -9.882589455834e-02 2.04e-09 3.44e-11 5.70e-08 0.085
 20   -9.882347510501e-02 -9.882384327891e-02 8.89e-11 1.52e-12 2.97e-09 0.089
 21   -9.882363229484e-02 -9.882366420662e-02 7.71e-12 1.48e-13 2.65e-10 0.093
 22   -9.882364643917e-02 -9.882364797023e-02 3.69e-13 4.51e-13 1.28e-11 0.097


Optimal solution found in 22 iterations and 0.097s
Objective -9.88236464e-02
Primal infeasibility (abs/rel): 7.38e-13/3.69e-13
Dual infeasibility   (abs/rel): 4.97e-13/4.51e-13
Complementarity gap  (abs/rel): 1.40e-11/1.28e-11


Barrier finished in 0.10 seconds
Dual variables for problems with quadratic constraints not returned.

########## warm  t=04 ##########

cuOpt version: 26.10.0, git hash: 648f805d, host arch: x86_64, device archs: 80-real
CPU: AMD EPYC 7642 48-Core Processor, threads: 5C/5T, RAM usage: 37.37/503.74GiB
CPU SIMD target: AVX2
CUDA 12.9, device: NVIDIA A100 80GB PCIe (ID 0), VRAM: 79.44 GiB
CUDA device UUID: 68df5cf5-71f9-6a93-b428-460c080ffb10
Problem has 1 quadratic constraints. Converting to second-order cones and solving with barrier.
Barrier: reusing cache (skip convert/presolve/scaling)
Barrier solver started at 0.000 seconds
Barrier solver: 5103 constraints, 10102 variables, 265152 nonzeros
Barrier setup complete at 0.000 seconds
Adaptive regularization enabled


                  Objective                         Infeasibility        Time
Iter   Primal              Dual                Primal   Dual    Compl.   Elapsed
  0   -3.702624119443e+02 -3.710387458059e+02 3.71e+03 1.91e+00 1.19e-02 0.001
  1   -4.136636484816e+00 -3.474601645164e+02 4.01e+01 2.77e-01 6.50e-02 0.006
  2   -1.039518362250e-01 -2.487140678162e+01 4.69e-01 7.85e-03 4.78e-03 0.010
  3   -5.493965881653e-02 -6.425639186519e-01 4.69e-03 7.91e-05 1.48e-04 0.014
  4   -5.853205540324e-02 -1.359055184448e-01 6.17e-04 1.04e-05 1.72e-05 0.018
  5   -6.752262786746e-02 -1.382889562872e-01 4.87e-04 8.20e-06 3.00e-05 0.022
  6   -6.909308643566e-02 -1.385283236874e-01 4.47e-04 7.53e-06 4.23e-05 0.026
  7   -8.140921927838e-02 -1.243462474299e-01 2.48e-04 4.17e-06 7.51e-05 0.030
  8   -8.155823315993e-02 -1.241861441282e-01 2.32e-04 3.91e-06 7.37e-05 0.035
  9   -8.323126946880e-02 -1.230408471074e-01 1.85e-04 3.12e-06 2.17e-04 0.039
 10   -8.338538473318e-02 -1.218653040707e-01 1.59e-04 2.67e-06 3.59e-04 0.044
 11   -9.171618093697e-02 -1.095585688505e-01 6.76e-05 1.14e-06 1.14e-04 0.048
 12   -9.235011047081e-02 -1.081514288973e-01 5.23e-05 8.80e-07 1.34e-04 0.053
 13   -9.592592047174e-02 -1.025477579153e-01 1.90e-05 3.20e-07 6.40e-05 0.058
 14   -9.614587682904e-02 -1.018815110474e-01 1.36e-05 2.30e-07 7.67e-05 0.063
 15   -9.733930724834e-02 -1.002250479363e-01 6.13e-06 1.03e-07 3.37e-05 0.067
 16   -9.760405848728e-02 -9.973277571750e-02 3.64e-06 6.13e-08 3.20e-05 0.072
 17   -9.812132702238e-02 -9.901382749377e-02 1.31e-06 2.21e-08 1.27e-05 0.077
 18   -9.826862555943e-02 -9.878523325669e-02 5.79e-07 9.75e-09 8.12e-06 0.082
 19   -9.842352809168e-02 -9.858376973602e-02 1.54e-07 2.59e-09 2.46e-06 0.086
 20   -9.847368041197e-02 -9.851646619865e-02 2.95e-08 4.97e-10 6.70e-07 0.091
 21   -9.848854590246e-02 -9.849837585427e-02 6.39e-09 1.08e-10 1.53e-07 0.095
 22   -9.849231468794e-02 -9.849359155089e-02 5.64e-10 9.48e-12 1.53e-08 0.100
 23   -9.849280572321e-02 -9.849300663573e-02 8.87e-11 1.49e-12 2.50e-09 0.104
 24   -9.849289139832e-02 -9.849290442926e-02 5.72e-12 2.66e-10 1.61e-10 0.107
 25   -9.849289719718e-02 -9.849289749594e-02 1.18e-13 3.25e-08 3.63e-12 0.111
 26   -9.849289732468e-02 -9.849289734223e-02 6.99e-15 1.91e-09 2.11e-13 0.115


Optimal solution found in 26 iterations and 0.115s
Objective -9.84928973e-02
Primal infeasibility (abs/rel): 1.40e-14/6.99e-15
Dual infeasibility   (abs/rel): 2.10e-09/1.91e-09
Complementarity gap  (abs/rel): 2.32e-13/2.11e-13


Barrier finished in 0.12 seconds
Dual variables for problems with quadratic constraints not returned.

########## warm  t=05 ##########

cuOpt version: 26.10.0, git hash: 648f805d, host arch: x86_64, device archs: 80-real
CPU: AMD EPYC 7642 48-Core Processor, threads: 5C/5T, RAM usage: 37.37/503.74GiB
CPU SIMD target: AVX2
CUDA 12.9, device: NVIDIA A100 80GB PCIe (ID 0), VRAM: 79.44 GiB
CUDA device UUID: 68df5cf5-71f9-6a93-b428-460c080ffb10
Problem has 1 quadratic constraints. Converting to second-order cones and solving with barrier.
Barrier: reusing cache (skip convert/presolve/scaling)
Barrier solver started at 0.000 seconds
Barrier solver: 5103 constraints, 10102 variables, 265152 nonzeros
Barrier setup complete at 0.000 seconds
Adaptive regularization enabled


                  Objective                         Infeasibility        Time
Iter   Primal              Dual                Primal   Dual    Compl.   Elapsed
  0   -3.704291987375e+02 -3.711395609108e+02 3.71e+03 1.91e+00 1.19e-02 0.001
  1   -4.138240121015e+00 -3.475611537449e+02 4.01e+01 2.77e-01 6.50e-02 0.006
  2   -1.039773673472e-01 -2.488455848350e+01 4.69e-01 7.85e-03 4.78e-03 0.010
  3   -5.495207890613e-02 -6.428341782401e-01 4.69e-03 7.91e-05 1.48e-04 0.015
  4   -5.854039328334e-02 -1.366925924249e-01 6.23e-04 1.05e-05 1.75e-05 0.019
  5   -6.604986175883e-02 -1.385362852789e-01 5.11e-04 8.60e-06 2.69e-05 0.023
  6   -6.790324127444e-02 -1.389601490282e-01 4.66e-04 7.86e-06 2.96e-05 0.027
  7   -8.303250566980e-02 -1.229863554051e-01 2.19e-04 3.69e-06 5.72e-05 0.032
  8   -8.344811563729e-02 -1.225112634366e-01 1.93e-04 3.25e-06 6.87e-05 0.036
  9   -8.415635939145e-02 -1.222342535838e-01 1.72e-04 2.89e-06 1.24e-04 0.041
 10   -8.638236893937e-02 -1.192144838913e-01 1.32e-04 2.23e-06 9.51e-05 0.045
 11   -8.613025293728e-02 -1.187881789638e-01 1.26e-04 2.13e-06 1.56e-04 0.051
 12   -9.211930488468e-02 -1.096231831339e-01 6.17e-05 1.04e-06 6.89e-05 0.055
 13   -9.284615212013e-02 -1.081499307093e-01 4.70e-05 7.93e-07 9.81e-05 0.060
 14   -9.588080877164e-02 -1.034061722140e-01 2.05e-05 3.45e-07 5.26e-05 0.064
 15   -9.595684687828e-02 -1.029402359099e-01 1.65e-05 2.78e-07 7.05e-05 0.069
 16   -9.732801111196e-02 -1.009842561743e-01 7.98e-06 1.34e-07 3.47e-05 0.074
 17   -9.754839892273e-02 -1.005084520506e-01 5.34e-06 8.99e-08 4.06e-05 0.079
 18   -9.817798915413e-02 -9.960431298957e-02 2.26e-06 3.81e-08 1.83e-05 0.084
 19   -9.831848282839e-02 -9.934775749045e-02 1.27e-06 2.14e-08 1.50e-05 0.089
 20   -9.860290965834e-02 -9.895835586988e-02 3.52e-07 5.94e-09 5.17e-06 0.094
 21   -9.870326028069e-02 -9.881809183892e-02 8.23e-08 1.39e-09 1.90e-06 0.099
 22   -9.874349795247e-02 -9.876857408840e-02 1.73e-08 2.91e-10 4.21e-07 0.103
 23   -9.875294183328e-02 -9.875621704246e-02 1.23e-09 2.07e-11 4.02e-08 0.108
 24   -9.875428481181e-02 -9.875464800990e-02 1.36e-10 2.28e-12 4.49e-09 0.112
 25   -9.875443399157e-02 -9.875446686894e-02 9.57e-12 1.78e-13 3.09e-10 0.116
 26   -9.875444811263e-02 -9.875445030318e-02 6.29e-13 3.32e-08 1.80e-11 0.120
 27   -9.875444897955e-02 -9.875444930631e-02 9.34e-14 4.92e-09 2.73e-12 0.124


Optimal solution found in 27 iterations and 0.124s
Objective -9.87544490e-02
Primal infeasibility (abs/rel): 1.87e-13/9.34e-14
Dual infeasibility   (abs/rel): 5.42e-09/4.92e-09
Complementarity gap  (abs/rel): 3.00e-12/2.73e-12


Barrier finished in 0.12 seconds
Dual variables for problems with quadratic constraints not returned.

########## warm  t=06 ##########

cuOpt version: 26.10.0, git hash: 648f805d, host arch: x86_64, device archs: 80-real
CPU: AMD EPYC 7642 48-Core Processor, threads: 5C/5T, RAM usage: 37.37/503.74GiB
CPU SIMD target: AVX2
CUDA 12.9, device: NVIDIA A100 80GB PCIe (ID 0), VRAM: 79.44 GiB
CUDA device UUID: 68df5cf5-71f9-6a93-b428-460c080ffb10
Problem has 1 quadratic constraints. Converting to second-order cones and solving with barrier.
Barrier: reusing cache (skip convert/presolve/scaling)
Barrier solver started at 0.000 seconds
Barrier solver: 5103 constraints, 10102 variables, 265152 nonzeros
Barrier setup complete at 0.000 seconds
Adaptive regularization enabled


                  Objective                         Infeasibility        Time
Iter   Primal              Dual                Primal   Dual    Compl.   Elapsed
  0   -3.704490508896e+02 -3.710981922775e+02 3.71e+03 1.91e+00 1.19e-02 0.001
  1   -4.138703882017e+00 -3.475197441600e+02 4.01e+01 2.77e-01 6.50e-02 0.006
  2   -1.040077714720e-01 -2.488126401411e+01 4.69e-01 7.85e-03 4.78e-03 0.010
  3   -5.496009159231e-02 -6.429579754472e-01 4.69e-03 7.91e-05 1.48e-04 0.014
  4   -5.855201084762e-02 -1.359300793147e-01 6.17e-04 1.04e-05 1.72e-05 0.018
  5   -6.551675309863e-02 -1.377706752967e-01 5.18e-04 8.72e-06 2.04e-05 0.022
  6   -6.699932395418e-02 -1.382652692977e-01 4.83e-04 8.13e-06 2.72e-05 0.026
  7   -8.162897708734e-02 -1.249450474797e-01 2.43e-04 4.10e-06 7.09e-05 0.030
  8   -8.180531797708e-02 -1.245931779994e-01 2.22e-04 3.73e-06 1.19e-04 0.035
  9   -8.341023206880e-02 -1.237503076352e-01 1.77e-04 2.99e-06 2.86e-04 0.040
 10   -8.547850297713e-02 -1.209211746286e-01 1.01e-04 1.70e-06 2.64e-04 0.044
 11   -8.804419059067e-02 -1.151441607469e-01 5.31e-05 8.94e-07 4.51e-04 0.049
 12   -9.516379834579e-02 -1.038271682698e-01 1.31e-05 2.20e-07 1.16e-04 0.053
 13   -9.699352747646e-02 -1.008567442665e-01 4.62e-06 7.79e-08 3.36e-05 0.058
 14   -9.759936394399e-02 -9.965874891788e-02 1.54e-06 2.59e-08 3.72e-05 0.063
 15   -9.828623670848e-02 -9.873930123911e-02 3.11e-07 5.25e-09 7.79e-06 0.067
 16   -9.842334361447e-02 -9.853996776643e-02 6.38e-08 1.08e-09 2.36e-06 0.072
 17   -9.846598246726e-02 -9.848542723527e-02 1.05e-08 1.77e-10 3.91e-07 0.076
 18   -9.847269079895e-02 -9.847593838379e-02 8.63e-10 1.45e-11 3.58e-08 0.080
 19   -9.847405161260e-02 -9.847432731380e-02 7.30e-11 1.23e-12 3.07e-09 0.084
 20   -9.847416903643e-02 -9.847418318485e-02 2.21e-12 3.39e-14 8.58e-11 0.088
 21   -9.847417544022e-02 -9.847417582950e-02 1.53e-13 1.21e-08 2.34e-12 0.092
 22   -9.847417560792e-02 -9.847417563227e-02 9.58e-15 7.57e-10 1.47e-13 0.096


Optimal solution found in 22 iterations and 0.096s
Objective -9.84741756e-02
Primal infeasibility (abs/rel): 1.92e-14/9.58e-15
Dual infeasibility   (abs/rel): 8.34e-10/7.57e-10
Complementarity gap  (abs/rel): 1.62e-13/1.47e-13


Barrier finished in 0.10 seconds
Dual variables for problems with quadratic constraints not returned.

########## warm  t=07 ##########

cuOpt version: 26.10.0, git hash: 648f805d, host arch: x86_64, device archs: 80-real
CPU: AMD EPYC 7642 48-Core Processor, threads: 5C/5T, RAM usage: 37.37/503.74GiB
CPU SIMD target: AVX2
CUDA 12.9, device: NVIDIA A100 80GB PCIe (ID 0), VRAM: 79.44 GiB
CUDA device UUID: 68df5cf5-71f9-6a93-b428-460c080ffb10
Problem has 1 quadratic constraints. Converting to second-order cones and solving with barrier.
Barrier: reusing cache (skip convert/presolve/scaling)
Barrier solver started at 0.000 seconds
Barrier solver: 5103 constraints, 10102 variables, 265152 nonzeros
Barrier setup complete at 0.000 seconds
Adaptive regularization enabled


                  Objective                         Infeasibility        Time
Iter   Primal              Dual                Primal   Dual    Compl.   Elapsed
  0   -3.704340093575e+02 -3.710959393425e+02 3.71e+03 1.91e+00 1.19e-02 0.001
  1   -4.137998343196e+00 -3.475174945368e+02 4.01e+01 2.77e-01 6.50e-02 0.005
  2   -1.040026843868e-01 -2.487628134973e+01 4.69e-01 7.85e-03 4.78e-03 0.010
  3   -5.496235280700e-02 -6.427807953905e-01 4.69e-03 7.91e-05 1.48e-04 0.014
  4   -5.856089445158e-02 -1.359195234607e-01 6.17e-04 1.04e-05 1.72e-05 0.018
  5   -6.659170649759e-02 -1.380598273704e-01 5.02e-04 8.45e-06 2.55e-05 0.022
  6   -6.814658537653e-02 -1.384347572845e-01 4.64e-04 7.81e-06 3.21e-05 0.026
  7   -8.145174423373e-02 -1.248840331143e-01 2.46e-04 4.14e-06 6.80e-05 0.030
  8   -8.163161835550e-02 -1.246568626226e-01 2.28e-04 3.84e-06 7.92e-05 0.035
  9   -8.366657293694e-02 -1.232304572481e-01 1.73e-04 2.91e-06 2.39e-04 0.040
 10   -8.319594459662e-02 -1.225994189528e-01 1.60e-04 2.70e-06 4.86e-04 0.044
 11   -8.610208662588e-02 -1.183600707576e-01 1.18e-04 1.99e-06 4.64e-04 0.049
 12   -9.418075523662e-02 -1.056816884534e-01 2.71e-05 4.57e-07 6.09e-05 0.054
 13   -9.574081175209e-02 -1.027946795534e-01 1.32e-05 2.23e-07 6.75e-05 0.059
 14   -9.753735939923e-02 -1.001313464814e-01 4.19e-06 7.06e-08 2.04e-05 0.064
 15   -9.786761904576e-02 -9.951267956336e-02 1.96e-06 3.31e-08 2.98e-05 0.069
 16   -9.845906376015e-02 -9.867937398060e-02 2.53e-07 4.25e-09 2.94e-06 0.073
 17   -9.854298701259e-02 -9.856749608847e-02 2.55e-08 4.30e-10 2.07e-07 0.077
 18   -9.855153628546e-02 -9.855567240372e-02 3.83e-09 6.45e-11 3.74e-08 0.081
 19   -9.855323737280e-02 -9.855344289128e-02 1.90e-10 3.19e-12 1.31e-09 0.085
 20   -9.855332070298e-02 -9.855333542116e-02 1.32e-11 1.90e-09 5.09e-11 0.089
 21   -9.855332590998e-02 -9.855332857554e-02 1.95e-12 2.78e-10 9.72e-12 0.093


Optimal solution found in 21 iterations and 0.093s
Objective -9.85533259e-02
Primal infeasibility (abs/rel): 3.89e-12/1.95e-12
Dual infeasibility   (abs/rel): 3.07e-10/2.78e-10
Complementarity gap  (abs/rel): 1.07e-11/9.72e-12


Barrier finished in 0.09 seconds
Dual variables for problems with quadratic constraints not returned.

########## warm  t=08 ##########

cuOpt version: 26.10.0, git hash: 648f805d, host arch: x86_64, device archs: 80-real
CPU: AMD EPYC 7642 48-Core Processor, threads: 5C/5T, RAM usage: 37.37/503.74GiB
CPU SIMD target: AVX2
CUDA 12.9, device: NVIDIA A100 80GB PCIe (ID 0), VRAM: 79.44 GiB
CUDA device UUID: 68df5cf5-71f9-6a93-b428-460c080ffb10
Problem has 1 quadratic constraints. Converting to second-order cones and solving with barrier.
Barrier: reusing cache (skip convert/presolve/scaling)
Barrier solver started at 0.000 seconds
Barrier solver: 5103 constraints, 10102 variables, 265152 nonzeros
Barrier setup complete at 0.000 seconds
Adaptive regularization enabled


                  Objective                         Infeasibility        Time
Iter   Primal              Dual                Primal   Dual    Compl.   Elapsed
  0   -3.704472534989e+02 -3.711214143411e+02 3.71e+03 1.91e+00 1.19e-02 0.001
  1   -4.139241786382e+00 -3.475430561425e+02 4.01e+01 2.77e-01 6.50e-02 0.005
  2   -1.040141421008e-01 -2.488853327147e+01 4.69e-01 7.85e-03 4.78e-03 0.010
  3   -5.495990767093e-02 -6.430541095391e-01 4.69e-03 7.91e-05 1.48e-04 0.014
  4   -5.854949324266e-02 -1.367065253612e-01 6.23e-04 1.05e-05 1.74e-05 0.018
  5   -6.684370813643e-02 -1.389240273750e-01 5.00e-04 8.41e-06 2.91e-05 0.022
  6   -6.858413485603e-02 -1.392430844190e-01 4.57e-04 7.69e-06 4.63e-05 0.026
  7   -8.184716015562e-02 -1.245071664047e-01 2.41e-04 4.06e-06 9.35e-05 0.030
  8   -8.205645797145e-02 -1.242795746451e-01 2.24e-04 3.77e-06 8.66e-05 0.034
  9   -8.329145849326e-02 -1.236155516526e-01 1.89e-04 3.18e-06 1.67e-04 0.039
 10   -8.579134810854e-02 -1.208127936644e-01 1.15e-04 1.94e-06 1.18e-04 0.043
 11   -8.609940805495e-02 -1.189970711103e-01 9.07e-05 1.53e-06 3.15e-04 0.048
 12   -9.366884458573e-02 -1.069255471129e-01 3.32e-05 5.59e-07 9.09e-05 0.053
 13   -9.465891974648e-02 -1.050848354153e-01 2.22e-05 3.74e-07 9.99e-05 0.058
 14   -9.514528068533e-02 -1.042611952846e-01 1.75e-05 2.94e-07 1.08e-04 0.063
 15   -9.670996700621e-02 -1.019018710500e-01 8.91e-06 1.50e-07 5.45e-05 0.068
 16   -9.685677351511e-02 -1.014431180129e-01 6.62e-06 1.12e-07 5.95e-05 0.073
 17   -9.786802923334e-02 -9.994565160145e-02 2.48e-06 4.17e-08 2.48e-05 0.078
 18   -9.810392515946e-02 -9.953523285648e-02 1.36e-06 2.28e-08 2.14e-05 0.083
 19   -9.848035603699e-02 -9.901769846702e-02 4.20e-07 7.07e-09 7.64e-06 0.087
 20   -9.859699682184e-02 -9.884889777188e-02 1.51e-07 2.54e-09 4.07e-06 0.092
 21   -9.867518452858e-02 -9.874976335175e-02 3.96e-08 6.67e-10 1.17e-06 0.096
 22   -9.870100234907e-02 -9.871576763825e-02 5.26e-09 8.86e-11 2.18e-07 0.101
 23   -9.870640702445e-02 -9.870930625280e-02 9.94e-10 1.67e-11 4.31e-08 0.105
 24   -9.870752136106e-02 -9.870791770719e-02 1.04e-10 1.77e-12 4.80e-09 0.109
 25   -9.870768878915e-02 -9.870771717026e-02 7.46e-12 1.56e-13 3.39e-10 0.114
 26   -9.870770119437e-02 -9.870770235233e-02 2.94e-13 7.79e-08 1.24e-11 0.117
 27   -9.870770169051e-02 -9.870770178555e-02 2.21e-14 5.86e-09 8.52e-13 0.121


Optimal solution found in 27 iterations and 0.121s
Objective -9.87077017e-02
Primal infeasibility (abs/rel): 4.42e-14/2.21e-14
Dual infeasibility   (abs/rel): 6.46e-09/5.86e-09
Complementarity gap  (abs/rel): 9.36e-13/8.52e-13


Barrier finished in 0.12 seconds
Dual variables for problems with quadratic constraints not returned.

########## warm  t=09 ##########

cuOpt version: 26.10.0, git hash: 648f805d, host arch: x86_64, device archs: 80-real
CPU: AMD EPYC 7642 48-Core Processor, threads: 5C/5T, RAM usage: 37.37/503.74GiB
CPU SIMD target: AVX2
CUDA 12.9, device: NVIDIA A100 80GB PCIe (ID 0), VRAM: 79.44 GiB
CUDA device UUID: 68df5cf5-71f9-6a93-b428-460c080ffb10
Problem has 1 quadratic constraints. Converting to second-order cones and solving with barrier.
Barrier: reusing cache (skip convert/presolve/scaling)
Barrier solver started at 0.000 seconds
Barrier solver: 5103 constraints, 10102 variables, 265152 nonzeros
Barrier setup complete at 0.000 seconds
Adaptive regularization enabled


                  Objective                         Infeasibility        Time
Iter   Primal              Dual                Primal   Dual    Compl.   Elapsed
  0   -3.702779911923e+02 -3.710340990992e+02 3.71e+03 1.91e+00 1.19e-02 0.001
  1   -4.137413965078e+00 -3.474555508912e+02 4.01e+01 2.77e-01 6.49e-02 0.006
  2   -1.039627881816e-01 -2.487502701009e+01 4.69e-01 7.85e-03 4.78e-03 0.010
  3   -5.494259749550e-02 -6.426390295563e-01 4.69e-03 7.91e-05 1.48e-04 0.015
  4   -5.853147883889e-02 -1.362046779095e-01 6.19e-04 1.04e-05 1.73e-05 0.019
  5   -6.730421862039e-02 -1.383594196594e-01 4.88e-04 8.22e-06 3.14e-05 0.023
  6   -6.898407367881e-02 -1.386008917934e-01 4.45e-04 7.50e-06 4.26e-05 0.027
  7   -8.252091792456e-02 -1.224963598015e-01 2.25e-04 3.80e-06 7.32e-05 0.031
  8   -8.268114831889e-02 -1.222822697899e-01 2.09e-04 3.53e-06 6.77e-05 0.035
  9   -8.383691468142e-02 -1.216691217208e-01 1.75e-04 2.95e-06 1.72e-04 0.040
 10   -8.546472972549e-02 -1.197750613708e-01 1.12e-04 1.88e-06 1.69e-04 0.045
 11   -8.753101193177e-02 -1.152999353131e-01 6.41e-05 1.08e-06 3.89e-04 0.050
 12   -9.549973566895e-02 -1.030620288399e-01 1.25e-05 2.11e-07 8.56e-05 0.054
 13   -9.695192115108e-02 -1.005109374798e-01 4.45e-06 7.49e-08 4.28e-05 0.059
 14   -9.798380792224e-02 -9.895345350777e-02 9.93e-07 1.67e-08 9.27e-06 0.063
 15   -9.830540480199e-02 -9.849455966003e-02 9.78e-08 1.65e-09 6.11e-07 0.068
 16   -9.836747571448e-02 -9.841452109530e-02 1.82e-08 3.06e-10 1.90e-07 0.072
 17   -9.838644827230e-02 -9.839174275543e-02 1.77e-09 2.99e-11 1.98e-08 0.076
 18   -9.838859214115e-02 -9.838915600038e-02 1.79e-10 3.03e-12 2.96e-09 0.080
 19   -9.838883521825e-02 -9.838886711969e-02 1.01e-11 1.69e-13 1.57e-10 0.084
 20   -9.838884914878e-02 -9.838885071327e-02 4.76e-13 4.25e-08 4.99e-12 0.088
 21   -9.838884979249e-02 -9.838884994721e-02 3.43e-14 3.08e-09 6.15e-13 0.092


Optimal solution found in 21 iterations and 0.092s
Objective -9.83888498e-02
Primal infeasibility (abs/rel): 6.86e-14/3.43e-14
Dual infeasibility   (abs/rel): 3.39e-09/3.08e-09
Complementarity gap  (abs/rel): 6.76e-13/6.15e-13


Barrier finished in 0.09 seconds
Dual variables for problems with quadratic constraints not returned.

########## warm  t=10 ##########

cuOpt version: 26.10.0, git hash: 648f805d, host arch: x86_64, device archs: 80-real
CPU: AMD EPYC 7642 48-Core Processor, threads: 5C/5T, RAM usage: 37.37/503.74GiB
CPU SIMD target: AVX2
CUDA 12.9, device: NVIDIA A100 80GB PCIe (ID 0), VRAM: 79.44 GiB
CUDA device UUID: 68df5cf5-71f9-6a93-b428-460c080ffb10
Problem has 1 quadratic constraints. Converting to second-order cones and solving with barrier.
Barrier: reusing cache (skip convert/presolve/scaling)
Barrier solver started at 0.000 seconds
Barrier solver: 5103 constraints, 10102 variables, 265152 nonzeros
Barrier setup complete at 0.000 seconds
Adaptive regularization enabled


                  Objective                         Infeasibility        Time
Iter   Primal              Dual                Primal   Dual    Compl.   Elapsed
  0   -3.704562062107e+02 -3.710714720587e+02 3.71e+03 1.91e+00 1.19e-02 0.001
  1   -4.139037088259e+00 -3.474930274934e+02 4.01e+01 2.77e-01 6.49e-02 0.005
  2   -1.040203888891e-01 -2.487881575907e+01 4.69e-01 7.85e-03 4.78e-03 0.009
  3   -5.496595416765e-02 -6.428695019002e-01 4.69e-03 7.91e-05 1.48e-04 0.014
  4   -5.855928225676e-02 -1.358861132406e-01 6.16e-04 1.04e-05 1.71e-05 0.018
  5   -6.633604648347e-02 -1.378606069980e-01 5.05e-04 8.50e-06 2.41e-05 0.022
  6   -6.767698000473e-02 -1.382478097980e-01 4.72e-04 7.94e-06 2.82e-05 0.026
  7   -8.154108298864e-02 -1.247342887605e-01 2.42e-04 4.07e-06 6.14e-05 0.030
  8   -8.190808706439e-02 -1.244209937317e-01 2.17e-04 3.66e-06 8.71e-05 0.034
  9   -8.395606179936e-02 -1.227574619968e-01 1.64e-04 2.76e-06 2.16e-04 0.039
 10   -8.700148305212e-02 -1.186902320596e-01 9.08e-05 1.53e-06 1.29e-04 0.043
 11   -8.697032117470e-02 -1.174108836709e-01 7.64e-05 1.29e-06 2.76e-04 0.048
 12   -9.358726742572e-02 -1.067457906278e-01 2.99e-05 5.04e-07 8.74e-05 0.053
 13   -9.463696955408e-02 -1.048575371970e-01 2.02e-05 3.40e-07 1.04e-04 0.058
 14   -9.655186145985e-02 -1.018583959420e-01 9.24e-06 1.56e-07 4.87e-05 0.063
 15   -9.675468068550e-02 -1.012625027208e-01 6.45e-06 1.09e-07 5.65e-05 0.068
 16   -9.776305966529e-02 -9.979157849342e-02 2.60e-06 4.38e-08 2.43e-05 0.072
 17   -9.799883328103e-02 -9.937312017075e-02 1.43e-06 2.41e-08 2.19e-05 0.077
 18   -9.834287701872e-02 -9.888466987841e-02 4.83e-07 8.13e-09 8.19e-06 0.081
 19   -9.843936902287e-02 -9.873301169823e-02 1.92e-07 3.24e-09 4.62e-06 0.086
 20   -9.852857304471e-02 -9.861718194203e-02 5.09e-08 8.57e-10 1.36e-06 0.090
 21   -9.855799283867e-02 -9.857772075356e-02 7.85e-09 1.32e-10 3.01e-07 0.095
 22   -9.856497161831e-02 -9.856924218737e-02 1.62e-09 2.73e-11 6.48e-08 0.099
 23   -9.856660333231e-02 -9.856717527121e-02 1.56e-10 2.53e-12 6.75e-09 0.103
 24   -9.856682441952e-02 -9.856690975077e-02 2.32e-11 4.02e-11 1.01e-09 0.107
 25   -9.856686178675e-02 -9.856686495157e-02 8.61e-13 1.21e-09 3.34e-11 0.111


Optimal solution found in 25 iterations and 0.111s
Objective -9.85668618e-02
Primal infeasibility (abs/rel): 1.72e-12/8.61e-13
Dual infeasibility   (abs/rel): 1.33e-09/1.21e-09
Complementarity gap  (abs/rel): 3.67e-11/3.34e-11


Barrier finished in 0.11 seconds
Dual variables for problems with quadratic constraints not returned.

########## warm  t=11 ##########

cuOpt version: 26.10.0, git hash: 648f805d, host arch: x86_64, device archs: 80-real
CPU: AMD EPYC 7642 48-Core Processor, threads: 5C/5T, RAM usage: 37.37/503.74GiB
CPU SIMD target: AVX2
CUDA 12.9, device: NVIDIA A100 80GB PCIe (ID 0), VRAM: 79.44 GiB
CUDA device UUID: 68df5cf5-71f9-6a93-b428-460c080ffb10
Problem has 1 quadratic constraints. Converting to second-order cones and solving with barrier.
Barrier: reusing cache (skip convert/presolve/scaling)
Barrier solver started at 0.000 seconds
Barrier solver: 5103 constraints, 10102 variables, 265152 nonzeros
Barrier setup complete at 0.000 seconds
Adaptive regularization enabled


                  Objective                         Infeasibility        Time
Iter   Primal              Dual                Primal   Dual    Compl.   Elapsed
  0   -3.703336272695e+02 -3.710584120459e+02 3.71e+03 1.91e+00 1.19e-02 0.001
  1   -4.137832929498e+00 -3.474799232405e+02 4.01e+01 2.77e-01 6.49e-02 0.005
  2   -1.039807671202e-01 -2.487731337698e+01 4.69e-01 7.85e-03 4.78e-03 0.010
  3   -5.494981773508e-02 -6.427223953537e-01 4.69e-03 7.91e-05 1.48e-04 0.014
  4   -5.854536693142e-02 -1.356570860145e-01 6.15e-04 1.04e-05 1.72e-05 0.018
  5   -6.553128984349e-02 -1.375823483759e-01 5.16e-04 8.70e-06 1.98e-05 0.022
  6   -6.729993156645e-02 -1.381153593900e-01 4.75e-04 8.00e-06 3.03e-05 0.026
  7   -8.239177890995e-02 -1.235205323355e-01 2.32e-04 3.91e-06 7.67e-05 0.030
  8   -8.264021175477e-02 -1.231477046967e-01 2.10e-04 3.54e-06 8.23e-05 0.035
  9   -8.327699596733e-02 -1.231878312716e-01 1.90e-04 3.20e-06 1.78e-04 0.040
 10   -8.606536396813e-02 -1.198865905868e-01 1.12e-04 1.88e-06 1.19e-04 0.044
 11   -8.627233507112e-02 -1.182988049591e-01 9.01e-05 1.52e-06 2.79e-04 0.048
 12   -9.298421526579e-02 -1.075028596866e-01 3.71e-05 6.25e-07 9.18e-05 0.053
 13   -9.424773589880e-02 -1.053375351691e-01 2.32e-05 3.90e-07 1.09e-04 0.058
 14   -9.476825196861e-02 -1.043050344482e-01 1.80e-05 3.03e-07 1.15e-04 0.063
 15   -9.670474491691e-02 -1.013497107919e-01 7.93e-06 1.34e-07 5.22e-05 0.068
 16   -9.696546449827e-02 -1.007448777539e-01 5.30e-06 8.94e-08 5.32e-05 0.073
 17   -9.782739792807e-02 -9.947054717402e-02 1.98e-06 3.34e-08 2.14e-05 0.078
 18   -9.801222123188e-02 -9.914256647251e-02 1.08e-06 1.82e-08 1.70e-05 0.083
 19   -9.831876739061e-02 -9.872117827833e-02 3.27e-07 5.51e-09 5.73e-06 0.087
 20   -9.841217153596e-02 -9.858612381228e-02 1.07e-07 1.80e-09 2.72e-06 0.092
 21   -9.846617434742e-02 -9.851733960774e-02 2.82e-08 4.75e-10 7.70e-07 0.096
 22   -9.848403171119e-02 -9.849371877392e-02 3.30e-09 5.56e-11 1.19e-07 0.100
 23   -9.848767677209e-02 -9.848938515159e-02 5.65e-10 9.50e-12 2.12e-08 0.105
 24   -9.848836214994e-02 -9.848854081449e-02 4.33e-11 8.29e-13 1.65e-09 0.109
 25   -9.848843362506e-02 -9.848845685052e-02 5.63e-12 7.74e-14 2.17e-10 0.113
 26   -9.848844263751e-02 -9.848844630057e-02 8.85e-13 3.55e-14 3.51e-11 0.117


Optimal solution found in 26 iterations and 0.117s
Objective -9.84884426e-02
Primal infeasibility (abs/rel): 1.77e-12/8.85e-13
Dual infeasibility   (abs/rel): 3.91e-14/3.55e-14
Complementarity gap  (abs/rel): 3.86e-11/3.51e-11


Barrier finished in 0.12 seconds
Dual variables for problems with quadratic constraints not returned.

########## warm  t=12 ##########

cuOpt version: 26.10.0, git hash: 648f805d, host arch: x86_64, device archs: 80-real
CPU: AMD EPYC 7642 48-Core Processor, threads: 5C/5T, RAM usage: 37.37/503.74GiB
CPU SIMD target: AVX2
CUDA 12.9, device: NVIDIA A100 80GB PCIe (ID 0), VRAM: 79.44 GiB
CUDA device UUID: 68df5cf5-71f9-6a93-b428-460c080ffb10
Problem has 1 quadratic constraints. Converting to second-order cones and solving with barrier.
Barrier: reusing cache (skip convert/presolve/scaling)
Barrier solver started at 0.000 seconds
Barrier solver: 5103 constraints, 10102 variables, 265152 nonzeros
Barrier setup complete at 0.001 seconds
Adaptive regularization enabled


                  Objective                         Infeasibility        Time
Iter   Primal              Dual                Primal   Dual    Compl.   Elapsed
  0   -3.703361174615e+02 -3.711052443117e+02 3.71e+03 1.91e+00 1.19e-02 0.001
  1   -4.137135437376e+00 -3.475267509272e+02 4.01e+01 2.77e-01 6.50e-02 0.006
  2   -1.039531739210e-01 -2.487909939798e+01 4.69e-01 7.85e-03 4.78e-03 0.011
  3   -5.493987113675e-02 -6.426843426137e-01 4.69e-03 7.91e-05 1.47e-04 0.015
  4   -5.852671165753e-02 -1.365429791295e-01 6.22e-04 1.05e-05 1.74e-05 0.019
  5   -6.766231698342e-02 -1.389353414477e-01 4.86e-04 8.19e-06 3.37e-05 0.023
  6   -6.886255264661e-02 -1.391548248008e-01 4.54e-04 7.65e-06 4.28e-05 0.027
  7   -8.047950119157e-02 -1.258121075110e-01 2.61e-04 4.40e-06 7.94e-05 0.032
  8   -8.065829172695e-02 -1.256963999989e-01 2.46e-04 4.14e-06 7.69e-05 0.036
  9   -8.300367946903e-02 -1.237812851099e-01 1.84e-04 3.10e-06 2.23e-04 0.041
 10   -8.389689465689e-02 -1.215840700618e-01 1.44e-04 2.42e-06 3.70e-04 0.046
 11   -9.193528342507e-02 -1.093076126557e-01 6.12e-05 1.03e-06 1.21e-04 0.050
 12   -9.265521281442e-02 -1.077066624439e-01 4.52e-05 7.62e-07 1.39e-04 0.055
 13   -9.633186126232e-02 -1.019842122374e-01 1.50e-05 2.53e-07 5.78e-05 0.060
 14   -9.649225340879e-02 -1.014072091320e-01 1.07e-05 1.80e-07 6.91e-05 0.065
 15   -9.758120076307e-02 -9.990236013498e-02 4.73e-06 7.96e-08 2.97e-05 0.069
 16   -9.782660884428e-02 -9.944881152108e-02 2.61e-06 4.40e-08 2.62e-05 0.074
 17   -9.823999919602e-02 -9.887841729953e-02 8.95e-07 1.51e-08 9.86e-06 0.081
 18   -9.835841231298e-02 -9.869556575450e-02 3.49e-07 5.88e-09 5.49e-06 0.086
 19   -9.846246808194e-02 -9.856223309168e-02 9.16e-08 1.54e-09 1.59e-06 0.090
 20   -9.849581230539e-02 -9.851773083587e-02 1.38e-08 2.33e-10 3.39e-07 0.095
 21   -9.850368781286e-02 -9.850823703039e-02 2.75e-09 4.64e-11 7.00e-08 0.099
 22   -9.850544049474e-02 -9.850602753022e-02 2.51e-10 4.19e-12 6.90e-09 0.103
 23   -9.850567245435e-02 -9.850575042677e-02 3.33e-11 9.41e-11 9.18e-10 0.107
 24   -9.850570676417e-02 -9.850570951993e-02 1.17e-12 3.09e-09 3.14e-11 0.110


Optimal solution found in 24 iterations and 0.110s
Objective -9.85057068e-02
Primal infeasibility (abs/rel): 2.35e-12/1.17e-12
Dual infeasibility   (abs/rel): 3.40e-09/3.09e-09
Complementarity gap  (abs/rel): 3.45e-11/3.14e-11


Barrier finished in 0.11 seconds
Dual variables for problems with quadratic constraints not returned.

########## warm  t=13 ##########

cuOpt version: 26.10.0, git hash: 648f805d, host arch: x86_64, device archs: 80-real
CPU: AMD EPYC 7642 48-Core Processor, threads: 5C/5T, RAM usage: 37.37/503.74GiB
CPU SIMD target: AVX2
CUDA 12.9, device: NVIDIA A100 80GB PCIe (ID 0), VRAM: 79.44 GiB
CUDA device UUID: 68df5cf5-71f9-6a93-b428-460c080ffb10
Problem has 1 quadratic constraints. Converting to second-order cones and solving with barrier.
Barrier: reusing cache (skip convert/presolve/scaling)
Barrier solver started at 0.000 seconds
Barrier solver: 5103 constraints, 10102 variables, 265152 nonzeros
Barrier setup complete at 0.001 seconds
Adaptive regularization enabled


                  Objective                         Infeasibility        Time
Iter   Primal              Dual                Primal   Dual    Compl.   Elapsed
  0   -3.703532868363e+02 -3.711197926069e+02 3.71e+03 1.91e+00 1.19e-02 0.001
  1   -4.137900701564e+00 -3.475413679128e+02 4.01e+01 2.77e-01 6.50e-02 0.006
  2   -1.039745622217e-01 -2.488596438960e+01 4.69e-01 7.85e-03 4.78e-03 0.010
  3   -5.494370613672e-02 -6.429525666121e-01 4.69e-03 7.91e-05 1.48e-04 0.014
  4   -5.852900844769e-02 -1.369056657702e-01 6.24e-04 1.05e-05 1.75e-05 0.018
  5   -6.642473500768e-02 -1.389496554751e-01 5.07e-04 8.54e-06 2.84e-05 0.022
  6   -6.769403823706e-02 -1.393008169597e-01 4.75e-04 8.00e-06 3.77e-05 0.026
  7   -7.916851898642e-02 -1.276638001706e-01 2.84e-04 4.79e-06 8.13e-05 0.031
  8   -7.928837090609e-02 -1.275288180463e-01 2.70e-04 4.54e-06 9.31e-05 0.035
  9   -8.201658584186e-02 -1.255773977845e-01 2.00e-04 3.36e-06 2.72e-04 0.040
 10   -8.282434431069e-02 -1.232650631854e-01 1.54e-04 2.60e-06 5.06e-04 0.045
 11   -9.170484392805e-02 -1.098300439805e-01 6.34e-05 1.07e-06 1.60e-04 0.049
 12   -9.213583313286e-02 -1.084542897961e-01 4.88e-05 8.21e-07 1.96e-04 0.054
 13   -9.606988309615e-02 -1.022441070083e-01 1.66e-05 2.79e-07 7.99e-05 0.058
 14   -9.652372730282e-02 -1.010907125307e-01 9.09e-06 1.53e-07 8.31e-05 0.063
 15   -9.766163759211e-02 -9.954412411005e-02 3.35e-06 5.64e-08 2.83e-05 0.067
 16   -9.793266573358e-02 -9.907067505201e-02 1.49e-06 2.51e-08 2.04e-05 0.072
 17   -9.826812071747e-02 -9.862891142269e-02 4.40e-07 7.41e-09 6.36e-06 0.076
 18   -9.835375628002e-02 -9.850213981107e-02 1.23e-07 2.07e-09 2.38e-06 0.081
 19   -9.840434784811e-02 -9.843916170814e-02 2.71e-08 4.57e-10 5.67e-07 0.085
 20   -9.841726131294e-02 -9.842222561459e-02 2.07e-09 3.50e-11 5.91e-08 0.090
 21   -9.841924735253e-02 -9.841989539619e-02 2.68e-10 4.52e-12 7.79e-09 0.094
 22   -9.841951622893e-02 -9.841956851454e-02 1.54e-11 2.22e-13 4.46e-10 0.098
 23   -9.841953691858e-02 -9.841954439429e-02 2.20e-12 9.00e-09 6.56e-11 0.102


Optimal solution found in 23 iterations and 0.102s
Objective -9.84195369e-02
Primal infeasibility (abs/rel): 4.41e-12/2.20e-12
Dual infeasibility   (abs/rel): 9.92e-09/9.00e-09
Complementarity gap  (abs/rel): 7.21e-11/6.56e-11


Barrier finished in 0.10 seconds
Dual variables for problems with quadratic constraints not returned.

########## warm  t=14 ##########

cuOpt version: 26.10.0, git hash: 648f805d, host arch: x86_64, device archs: 80-real
CPU: AMD EPYC 7642 48-Core Processor, threads: 5C/5T, RAM usage: 37.37/503.74GiB
CPU SIMD target: AVX2
CUDA 12.9, device: NVIDIA A100 80GB PCIe (ID 0), VRAM: 79.44 GiB
CUDA device UUID: 68df5cf5-71f9-6a93-b428-460c080ffb10
Problem has 1 quadratic constraints. Converting to second-order cones and solving with barrier.
Barrier: reusing cache (skip convert/presolve/scaling)
Barrier solver started at 0.000 seconds
Barrier solver: 5103 constraints, 10102 variables, 265152 nonzeros
Barrier setup complete at 0.001 seconds
Adaptive regularization enabled


                  Objective                         Infeasibility        Time
Iter   Primal              Dual                Primal   Dual    Compl.   Elapsed
  0   -3.703993037120e+02 -3.711301956175e+02 3.71e+03 1.91e+00 1.19e-02 0.001
  1   -4.138311991348e+00 -3.475517914134e+02 4.01e+01 2.77e-01 6.50e-02 0.006
  2   -1.039811675448e-01 -2.488651170153e+01 4.69e-01 7.85e-03 4.78e-03 0.010
  3   -5.494896688005e-02 -6.429279200954e-01 4.69e-03 7.91e-05 1.48e-04 0.015
  4   -5.853996103240e-02 -1.361843852473e-01 6.19e-04 1.04e-05 1.73e-05 0.019
  5   -6.635118169679e-02 -1.384036203555e-01 5.08e-04 8.56e-06 2.50e-05 0.023
  6   -6.755105172063e-02 -1.387681128473e-01 4.78e-04 8.06e-06 3.38e-05 0.027
  7   -7.881700627505e-02 -1.279578299510e-01 2.93e-04 4.94e-06 7.37e-05 0.031
  8   -7.897143527659e-02 -1.278428035976e-01 2.78e-04 4.68e-06 9.91e-05 0.035
  9   -8.213079828564e-02 -1.254377165451e-01 1.99e-04 3.35e-06 2.83e-04 0.040
 10   -8.362960655574e-02 -1.222989787644e-01 1.43e-04 2.42e-06 4.82e-04 0.045
 11   -9.211723251691e-02 -1.094454131965e-01 5.97e-05 1.01e-06 1.57e-04 0.049
 12   -9.256768494534e-02 -1.080701260579e-01 4.52e-05 7.61e-07 1.88e-04 0.054
 13   -9.635546544923e-02 -1.021846248124e-01 1.50e-05 2.53e-07 7.13e-05 0.059
 14   -9.657156099875e-02 -1.015267927233e-01 1.04e-05 1.76e-07 7.65e-05 0.065
 15   -9.764142514793e-02 -1.000368196135e-01 4.57e-06 7.70e-08 3.26e-05 0.070
 16   -9.788322884235e-02 -9.958710570753e-02 2.59e-06 4.37e-08 2.84e-05 0.076
 17   -9.832454671047e-02 -9.897984584125e-02 8.61e-07 1.45e-08 1.05e-05 0.081
 18   -9.844488223366e-02 -9.879427821189e-02 3.43e-07 5.77e-09 6.00e-06 0.086
 19   -9.855275390723e-02 -9.865625208545e-02 9.00e-08 1.52e-09 1.75e-06 0.090
 20   -9.858603589802e-02 -9.861159230813e-02 1.55e-08 2.62e-10 4.13e-07 0.095
 21   -9.859514432991e-02 -9.860060397990e-02 3.17e-09 5.34e-11 8.87e-08 0.099
 22   -9.859720517235e-02 -9.859800041193e-02 3.46e-10 5.81e-12 1.07e-08 0.104
 23   -9.859754918605e-02 -9.859758616533e-02 1.61e-11 2.63e-13 4.83e-10 0.108
 24   -9.859756411460e-02 -9.859756831161e-02 1.78e-12 8.00e-09 5.30e-11 0.111


Optimal solution found in 24 iterations and 0.111s
Objective -9.85975641e-02
Primal infeasibility (abs/rel): 3.56e-12/1.78e-12
Dual infeasibility   (abs/rel): 8.82e-09/8.00e-09
Complementarity gap  (abs/rel): 5.82e-11/5.30e-11


Barrier finished in 0.11 seconds
Dual variables for problems with quadratic constraints not returned.

########## warm  t=15 ##########

cuOpt version: 26.10.0, git hash: 648f805d, host arch: x86_64, device archs: 80-real
CPU: AMD EPYC 7642 48-Core Processor, threads: 5C/5T, RAM usage: 37.37/503.74GiB
CPU SIMD target: AVX2
CUDA 12.9, device: NVIDIA A100 80GB PCIe (ID 0), VRAM: 79.44 GiB
CUDA device UUID: 68df5cf5-71f9-6a93-b428-460c080ffb10
Problem has 1 quadratic constraints. Converting to second-order cones and solving with barrier.
Barrier: reusing cache (skip convert/presolve/scaling)
Barrier solver started at 0.000 seconds
Barrier solver: 5103 constraints, 10102 variables, 265152 nonzeros
Barrier setup complete at 0.000 seconds
Adaptive regularization enabled


                  Objective                         Infeasibility        Time
Iter   Primal              Dual                Primal   Dual    Compl.   Elapsed
  0   -3.704184917206e+02 -3.711180220135e+02 3.71e+03 1.91e+00 1.19e-02 0.001
  1   -4.138494784655e+00 -3.475396351185e+02 4.01e+01 2.77e-01 6.50e-02 0.005
  2   -1.040008758327e-01 -2.488460308934e+01 4.69e-01 7.85e-03 4.78e-03 0.010
  3   -5.495630939609e-02 -6.429606405518e-01 4.69e-03 7.91e-05 1.48e-04 0.014
  4   -5.855092429038e-02 -1.360876440774e-01 6.18e-04 1.04e-05 1.73e-05 0.018
  5   -6.611152267773e-02 -1.381205805504e-01 5.09e-04 8.58e-06 2.37e-05 0.022
  6   -6.769543451134e-02 -1.385415055807e-01 4.71e-04 7.94e-06 3.28e-05 0.026
  7   -8.140017780912e-02 -1.247056679519e-01 2.49e-04 4.19e-06 6.94e-05 0.030
  8   -8.171325020777e-02 -1.244405874371e-01 2.27e-04 3.83e-06 7.20e-05 0.035
  9   -8.292050144348e-02 -1.238190172430e-01 1.93e-04 3.25e-06 1.61e-04 0.040
 10   -8.530066698298e-02 -1.209246166810e-01 1.41e-04 2.38e-06 1.19e-04 0.044
 11   -8.502980731124e-02 -1.203273475436e-01 1.32e-04 2.23e-06 2.15e-04 0.049
 12   -9.150908255566e-02 -1.101538979230e-01 6.66e-05 1.12e-06 9.36e-05 0.053
 13   -9.244902430869e-02 -1.084468518121e-01 5.06e-05 8.53e-07 1.11e-04 0.058
 14   -9.567320749268e-02 -1.033785207661e-01 2.15e-05 3.63e-07 5.51e-05 0.063
 15   -9.577590528461e-02 -1.028824016686e-01 1.71e-05 2.88e-07 6.91e-05 0.068
 16   -9.719545630890e-02 -1.008388156616e-01 8.08e-06 1.36e-07 3.19e-05 0.073
 17   -9.743599889939e-02 -1.003571213154e-01 5.43e-06 9.14e-08 3.44e-05 0.078
 18   -9.808389079830e-02 -9.941860838367e-02 2.10e-06 3.53e-08 1.45e-05 0.082
 19   -9.822235969721e-02 -9.918100503588e-02 1.20e-06 2.03e-08 1.23e-05 0.087
 20   -9.849286113515e-02 -9.881940969692e-02 3.44e-07 5.79e-09 4.04e-06 0.091
 21   -9.856543601521e-02 -9.871781800184e-02 1.24e-07 2.08e-09 2.11e-06 0.096
 22   -9.861348911602e-02 -9.865802174257e-02 3.25e-08 5.48e-10 5.97e-07 0.100
 23   -9.862844580677e-02 -9.863872493584e-02 5.11e-09 8.61e-11 1.24e-07 0.105
 24   -9.863215990642e-02 -9.863433766122e-02 1.04e-09 1.74e-11 2.63e-08 0.109
 25   -9.863300166933e-02 -9.863331095941e-02 1.12e-10 1.88e-12 3.09e-09 0.113
 26   -9.863313932885e-02 -9.863314903959e-02 3.51e-12 9.67e-14 9.31e-11 0.117


Optimal solution found in 26 iterations and 0.117s
Objective -9.86331393e-02
Primal infeasibility (abs/rel): 7.02e-12/3.51e-12
Dual infeasibility   (abs/rel): 1.07e-13/9.67e-14
Complementarity gap  (abs/rel): 1.02e-10/9.31e-11


Barrier finished in 0.12 seconds
Dual variables for problems with quadratic constraints not returned.

########## warm  t=16 ##########

cuOpt version: 26.10.0, git hash: 648f805d, host arch: x86_64, device archs: 80-real
CPU: AMD EPYC 7642 48-Core Processor, threads: 5C/5T, RAM usage: 37.37/503.74GiB
CPU SIMD target: AVX2
CUDA 12.9, device: NVIDIA A100 80GB PCIe (ID 0), VRAM: 79.44 GiB
CUDA device UUID: 68df5cf5-71f9-6a93-b428-460c080ffb10
Problem has 1 quadratic constraints. Converting to second-order cones and solving with barrier.
Barrier: reusing cache (skip convert/presolve/scaling)
Barrier solver started at 0.000 seconds
Barrier solver: 5103 constraints, 10102 variables, 265152 nonzeros
Barrier setup complete at 0.000 seconds
Adaptive regularization enabled


                  Objective                         Infeasibility        Time
Iter   Primal              Dual                Primal   Dual    Compl.   Elapsed
  0   -3.705152443471e+02 -3.711033693861e+02 3.71e+03 1.91e+00 1.19e-02 0.001
  1   -4.138998630640e+00 -3.475249664383e+02 4.01e+01 2.77e-01 6.50e-02 0.006
  2   -1.040338950666e-01 -2.487858726121e+01 4.69e-01 7.85e-03 4.78e-03 0.010
  3   -5.497382540149e-02 -6.429189352226e-01 4.69e-03 7.91e-05 1.48e-04 0.014
  4   -5.856905360040e-02 -1.363520738817e-01 6.20e-04 1.04e-05 1.73e-05 0.018
  5   -6.705051128545e-02 -1.385952919682e-01 4.95e-04 8.35e-06 2.84e-05 0.022
  6   -6.848331755159e-02 -1.388985869995e-01 4.59e-04 7.73e-06 4.03e-05 0.026
  7   -8.093067465894e-02 -1.253020268479e-01 2.54e-04 4.28e-06 7.91e-05 0.030
  8   -8.112528365436e-02 -1.251137255776e-01 2.36e-04 3.97e-06 9.13e-05 0.035
  9   -8.325026278016e-02 -1.235964497678e-01 1.79e-04 3.02e-06 2.57e-04 0.040
 10   -8.360575596370e-02 -1.220443046604e-01 1.46e-04 2.46e-06 4.26e-04 0.045
 11   -9.182270750211e-02 -1.097882225757e-01 6.30e-05 1.06e-06 1.44e-04 0.049
 12   -9.260041510631e-02 -1.080842471913e-01 4.68e-05 7.89e-07 1.69e-04 0.053
 13   -9.603616617519e-02 -1.026642873150e-01 1.77e-05 2.98e-07 7.20e-05 0.058
 14   -9.627299923900e-02 -1.020026877018e-01 1.28e-05 2.16e-07 7.60e-05 0.063
 15   -9.745119774417e-02 -1.003298242084e-01 5.89e-06 9.91e-08 3.43e-05 0.068
 16   -9.773596824490e-02 -9.980734851594e-02 3.43e-06 5.79e-08 3.11e-05 0.073
 17   -9.823702783692e-02 -9.910382774801e-02 1.23e-06 2.07e-08 1.22e-05 0.078
 18   -9.838608573182e-02 -9.887089420841e-02 5.23e-07 8.82e-09 7.59e-06 0.083
 19   -9.853176841504e-02 -9.868107573084e-02 1.40e-07 2.35e-09 2.29e-06 0.087
 20   -9.857867882675e-02 -9.861767678156e-02 2.61e-08 4.39e-10 6.03e-07 0.092
 21   -9.859232166409e-02 -9.860102926723e-02 5.50e-09 9.27e-11 1.36e-07 0.096
 22   -9.859562165561e-02 -9.859683082006e-02 5.43e-10 9.14e-12 1.51e-08 0.101
 23   -9.859607808408e-02 -9.859628235746e-02 9.17e-11 1.55e-12 2.57e-09 0.105
 24   -9.859616643968e-02 -9.859617615408e-02 4.34e-12 4.10e-10 1.19e-10 0.108


Optimal solution found in 24 iterations and 0.108s
Objective -9.85961664e-02
Primal infeasibility (abs/rel): 8.68e-12/4.34e-12
Dual infeasibility   (abs/rel): 4.51e-10/4.10e-10
Complementarity gap  (abs/rel): 1.30e-10/1.19e-10


Barrier finished in 0.11 seconds
Dual variables for problems with quadratic constraints not returned.

########## warm  t=17 ##########

cuOpt version: 26.10.0, git hash: 648f805d, host arch: x86_64, device archs: 80-real
CPU: AMD EPYC 7642 48-Core Processor, threads: 5C/5T, RAM usage: 37.37/503.74GiB
CPU SIMD target: AVX2
CUDA 12.9, device: NVIDIA A100 80GB PCIe (ID 0), VRAM: 79.44 GiB
CUDA device UUID: 68df5cf5-71f9-6a93-b428-460c080ffb10
Problem has 1 quadratic constraints. Converting to second-order cones and solving with barrier.
Barrier: reusing cache (skip convert/presolve/scaling)
Barrier solver started at 0.000 seconds
Barrier solver: 5103 constraints, 10102 variables, 265152 nonzeros
Barrier setup complete at 0.000 seconds
Adaptive regularization enabled


                  Objective                         Infeasibility        Time
Iter   Primal              Dual                Primal   Dual    Compl.   Elapsed
  0   -3.703446513950e+02 -3.711178663113e+02 3.71e+03 1.91e+00 1.19e-02 0.001
  1   -4.136321529131e+00 -3.475393405809e+02 4.01e+01 2.77e-01 6.50e-02 0.005
  2   -1.039556753273e-01 -2.487508093218e+01 4.69e-01 7.85e-03 4.78e-03 0.010
  3   -5.494034064074e-02 -6.427666810335e-01 4.69e-03 7.91e-05 1.48e-04 0.014
  4   -5.852904384016e-02 -1.363010696242e-01 6.20e-04 1.04e-05 1.73e-05 0.018
  5   -6.681503745617e-02 -1.385031865852e-01 5.00e-04 8.42e-06 2.76e-05 0.022
  6   -6.831090567851e-02 -1.388298863170e-01 4.63e-04 7.79e-06 3.21e-05 0.026
  7   -8.086291830576e-02 -1.256455653057e-01 2.57e-04 4.34e-06 5.93e-05 0.030
  8   -8.098453626455e-02 -1.254733655877e-01 2.43e-04 4.09e-06 7.95e-05 0.035
  9   -8.293806579067e-02 -1.241477597870e-01 1.89e-04 3.19e-06 2.37e-04 0.039
 10   -8.299331810343e-02 -1.228171216760e-01 1.62e-04 2.73e-06 4.26e-04 0.044
 11   -9.152305279075e-02 -1.100077410956e-01 7.04e-05 1.19e-06 1.35e-04 0.048
 12   -9.228020501930e-02 -1.083513009159e-01 5.24e-05 8.83e-07 1.54e-04 0.053
 13   -9.625822388974e-02 -1.020991629221e-01 1.64e-05 2.76e-07 6.56e-05 0.058
 14   -9.647512476310e-02 -1.014329562601e-01 1.13e-05 1.90e-07 7.44e-05 0.063
 15   -9.756282441620e-02 -9.995528405519e-02 5.09e-06 8.57e-08 3.26e-05 0.067
 16   -9.782676979171e-02 -9.948485831074e-02 2.85e-06 4.81e-08 2.87e-05 0.072
 17   -9.826693748834e-02 -9.888329809909e-02 9.20e-07 1.55e-08 1.03e-05 0.077
 18   -9.837580404910e-02 -9.871389040803e-02 3.75e-07 6.32e-09 5.94e-06 0.082
 19   -9.848175823050e-02 -9.857930590041e-02 9.72e-08 1.64e-09 1.69e-06 0.086
 20   -9.851228229891e-02 -9.853833781063e-02 1.82e-08 3.07e-10 4.29e-07 0.090
 21   -9.852141739014e-02 -9.852734209916e-02 3.94e-09 6.63e-11 9.72e-08 0.095
 22   -9.852365508757e-02 -9.852452274586e-02 4.15e-10 6.99e-12 1.16e-08 0.099
 23   -9.852399900295e-02 -9.852411216880e-02 5.41e-11 3.04e-11 1.55e-09 0.103
 24   -9.852404820834e-02 -9.852405335457e-02 2.45e-12 2.30e-09 7.06e-11 0.107


Optimal solution found in 24 iterations and 0.107s
Objective -9.85240482e-02
Primal infeasibility (abs/rel): 4.89e-12/2.45e-12
Dual infeasibility   (abs/rel): 2.53e-09/2.30e-09
Complementarity gap  (abs/rel): 7.75e-11/7.06e-11


Barrier finished in 0.11 seconds
Dual variables for problems with quadratic constraints not returned.

########## warm  t=18 ##########

cuOpt version: 26.10.0, git hash: 648f805d, host arch: x86_64, device archs: 80-real
CPU: AMD EPYC 7642 48-Core Processor, threads: 5C/5T, RAM usage: 37.37/503.74GiB
CPU SIMD target: AVX2
CUDA 12.9, device: NVIDIA A100 80GB PCIe (ID 0), VRAM: 79.44 GiB
CUDA device UUID: 68df5cf5-71f9-6a93-b428-460c080ffb10
Problem has 1 quadratic constraints. Converting to second-order cones and solving with barrier.
Barrier: reusing cache (skip convert/presolve/scaling)
Barrier solver started at 0.000 seconds
Barrier solver: 5103 constraints, 10102 variables, 265152 nonzeros
Barrier setup complete at 0.000 seconds
Adaptive regularization enabled


                  Objective                         Infeasibility        Time
Iter   Primal              Dual                Primal   Dual    Compl.   Elapsed
  0   -3.702964190560e+02 -3.711235215740e+02 3.71e+03 1.91e+00 1.19e-02 0.001
  1   -4.136200227630e+00 -3.475449712495e+02 4.01e+01 2.77e-01 6.50e-02 0.005
  2   -1.039156975344e-01 -2.487807126761e+01 4.69e-01 7.85e-03 4.78e-03 0.010
  3   -5.492703520484e-02 -6.425745747588e-01 4.69e-03 7.90e-05 1.47e-04 0.014
  4   -5.851160243308e-02 -1.363146170184e-01 6.20e-04 1.04e-05 1.74e-05 0.018
  5   -6.671516473539e-02 -1.384831380732e-01 4.99e-04 8.41e-06 2.78e-05 0.022
  6   -6.822891841964e-02 -1.387925503673e-01 4.62e-04 7.78e-06 3.77e-05 0.026
  7   -8.057545980420e-02 -1.255006369939e-01 2.60e-04 4.38e-06 7.74e-05 0.030
  8   -8.071997913769e-02 -1.253463137996e-01 2.45e-04 4.14e-06 6.95e-05 0.035
  9   -8.270670788995e-02 -1.240856181440e-01 1.91e-04 3.22e-06 2.25e-04 0.039
 10   -8.239364815423e-02 -1.230769920801e-01 1.70e-04 2.86e-06 4.87e-04 0.044
 11   -9.220735495073e-02 -1.088215762695e-01 6.13e-05 1.03e-06 1.34e-04 0.048
 12   -9.241894710654e-02 -1.075312591839e-01 4.54e-05 7.65e-07 2.33e-04 0.053
 13   -9.595453362299e-02 -1.021142495224e-01 1.55e-05 2.61e-07 1.02e-04 0.058
 14   -9.664321952503e-02 -1.008019156409e-01 8.33e-06 1.40e-07 9.17e-05 0.063
 15   -9.769467282460e-02 -9.939475114687e-02 3.14e-06 5.30e-08 3.33e-05 0.067
 16   -9.798719850301e-02 -9.890598791995e-02 1.28e-06 2.16e-08 2.03e-05 0.072
 17   -9.826181812990e-02 -9.854192964625e-02 3.57e-07 6.02e-09 6.12e-06 0.076
 18   -9.833657801519e-02 -9.843182741690e-02 7.95e-08 1.34e-09 1.79e-06 0.081
 19   -9.836991668718e-02 -9.839075978928e-02 1.66e-08 2.80e-10 3.94e-07 0.085
 20   -9.837777884423e-02 -9.838047535019e-02 1.31e-09 2.21e-11 3.81e-08 0.090
 21   -9.837885074623e-02 -9.837919621926e-02 1.68e-10 2.83e-12 4.94e-09 0.094
 22   -9.837899997052e-02 -9.837901709169e-02 8.31e-12 1.21e-13 2.37e-10 0.098
 23   -9.837900754709e-02 -9.837900792766e-02 1.84e-13 7.25e-13 4.89e-12 0.102


Optimal solution found in 23 iterations and 0.102s
Objective -9.83790075e-02
Primal infeasibility (abs/rel): 3.69e-13/1.84e-13
Dual infeasibility   (abs/rel): 7.98e-13/7.25e-13
Complementarity gap  (abs/rel): 5.37e-12/4.89e-12


Barrier finished in 0.10 seconds
Dual variables for problems with quadratic constraints not returned.

########## warm  t=19 ##########

cuOpt version: 26.10.0, git hash: 648f805d, host arch: x86_64, device archs: 80-real
CPU: AMD EPYC 7642 48-Core Processor, threads: 5C/5T, RAM usage: 37.37/503.74GiB
CPU SIMD target: AVX2
CUDA 12.9, device: NVIDIA A100 80GB PCIe (ID 0), VRAM: 79.44 GiB
CUDA device UUID: 68df5cf5-71f9-6a93-b428-460c080ffb10
Problem has 1 quadratic constraints. Converting to second-order cones and solving with barrier.
Barrier: reusing cache (skip convert/presolve/scaling)
Barrier solver started at 0.000 seconds
Barrier solver: 5103 constraints, 10102 variables, 265152 nonzeros
Barrier setup complete at 0.000 seconds
Adaptive regularization enabled


                  Objective                         Infeasibility        Time
Iter   Primal              Dual                Primal   Dual    Compl.   Elapsed
  0   -3.704438282728e+02 -3.711104708303e+02 3.71e+03 1.91e+00 1.19e-02 0.001
  1   -4.139322487461e+00 -3.475321003739e+02 4.01e+01 2.77e-01 6.50e-02 0.005
  2   -1.040051645786e-01 -2.488690059915e+01 4.69e-01 7.85e-03 4.78e-03 0.010
  3   -5.496098290900e-02 -6.429066466930e-01 4.69e-03 7.91e-05 1.48e-04 0.014
  4   -5.855459132460e-02 -1.362807828628e-01 6.19e-04 1.04e-05 1.73e-05 0.018
  5   -6.665907727903e-02 -1.384240677319e-01 5.01e-04 8.44e-06 2.67e-05 0.022
  6   -6.830397408373e-02 -1.387646904026e-01 4.61e-04 7.77e-06 3.69e-05 0.026
  7   -8.178965066222e-02 -1.244187875973e-01 2.41e-04 4.06e-06 7.25e-05 0.030
  8   -8.204667331426e-02 -1.241615513494e-01 2.21e-04 3.73e-06 7.39e-05 0.035
  9   -8.363783315918e-02 -1.231267562627e-01 1.77e-04 2.98e-06 1.96e-04 0.040
 10   -8.573826319818e-02 -1.205847459703e-01 1.06e-04 1.79e-06 1.75e-04 0.044
 11   -8.728360755129e-02 -1.169549407678e-01 6.97e-05 1.17e-06 3.38e-04 0.049
 12   -9.492178511132e-02 -1.048282908066e-01 2.14e-05 3.60e-07 7.49e-05 0.053
 13   -9.573363281418e-02 -1.031913852792e-01 1.32e-05 2.22e-07 8.97e-05 0.058
 14   -9.611217930664e-02 -1.025782580003e-01 1.00e-05 1.69e-07 9.41e-05 0.063
 15   -9.721223359433e-02 -1.009317456999e-01 5.10e-06 8.59e-08 4.82e-05 0.068
 16   -9.738047608397e-02 -1.005140832556e-01 3.53e-06 5.94e-08 4.78e-05 0.073
 17   -9.813667347732e-02 -9.940576147754e-02 1.10e-06 1.85e-08 1.83e-05 0.078
 18   -9.834629729636e-02 -9.908004991521e-02 4.97e-07 8.38e-09 1.30e-05 0.083
 19   -9.855959442646e-02 -9.879983177248e-02 1.40e-07 2.36e-09 4.15e-06 0.087
 20   -9.863009674676e-02 -9.870302417757e-02 3.17e-08 5.34e-10 1.35e-06 0.092
 21   -9.865468521847e-02 -9.867265752959e-02 7.33e-09 1.24e-10 3.27e-07 0.096
 22   -9.866134821646e-02 -9.866398528993e-02 6.93e-10 1.17e-11 3.61e-08 0.101
 23   -9.866238143945e-02 -9.866274590457e-02 9.58e-11 1.61e-12 5.12e-09 0.105
 24   -9.866252321829e-02 -9.866257540682e-02 1.37e-11 2.44e-13 7.37e-10 0.109
 25   -9.866254596022e-02 -9.866254802255e-02 5.33e-13 5.66e-09 2.83e-11 0.113


Optimal solution found in 25 iterations and 0.113s
Objective -9.86625460e-02
Primal infeasibility (abs/rel): 1.07e-12/5.33e-13
Dual infeasibility   (abs/rel): 6.24e-09/5.66e-09
Complementarity gap  (abs/rel): 3.11e-11/2.83e-11


Barrier finished in 0.11 seconds
Dual variables for problems with quadratic constraints not returned.
