
================================================================================
===== run0_30it_suboptimal.log
================================================================================
cuOpt version: 26.10.0, git hash: 648f805d, host arch: x86_64, device archs: 80-real
CPU: AMD EPYC 7642 48-Core Processor, threads: 5C/5T, RAM usage: 30.48/503.74GiB
CPU SIMD target: AVX2
CUDA 12.9, device: NVIDIA A100 80GB PCIe (ID 0), VRAM: 79.44 GiB
CUDA device UUID: 68df5cf5-71f9-6a93-b428-460c080ffb10
Problem has 1 quadratic constraints. Converting to second-order cones and solving with barrier.
Handling 50 free variables directly in augmented system
Presolved problem: 5103 constraints 10102 variables 265152 nonzeros
Skipping Ruiz equilibration (row norm ratio 1.4, column norm ratio 1.4 < 5e4, Q coeff ratio 1.0 < 100)
Barrier solver started at 0.03 seconds
Barrier solver: 5103 constraints, 10102 variables, 265152 nonzeros


Second-order cones          : 1
Free variables              : 50
Upper bounds                : 5000
Linear system               : augmented
cuDSS Version               : 0.7.1
cuDSS Threading layer       : libcudss_mtlayer_gomp.so.0
Reordering time             : 0.06s
Symbolic factorization time : 0.02s
Symbolic nonzeros in factor : 2.79e+05
Barrier setup complete at 0.16 seconds
Elapsed time                : 0.16s
Adaptive regularization enabled


                  Objective                         Infeasibility        Time
Iter   Primal              Dual                Primal   Dual    Compl.   Elapsed
  0   -3.701605598740e+02 -3.710234169387e+02 3.71e+03 1.91e+00 1.19e-02 0.2
  1   -3.741054718367e+01 -3.495882842978e+02 3.74e+02 7.84e-02 1.66e-02 0.2
  2   -3.887937386173e+00 -2.097219586674e+02 3.80e+01 4.70e-02 1.33e-02 0.2
  3   -4.429600696008e-01 -3.237980282684e+01 3.86e+00 5.32e-03 4.56e-03 0.2
  4   -9.287886877923e-02 -4.511798773553e+00 4.09e-01 5.69e-04 6.47e-04 0.2
  5   -5.627296339391e-02 -7.108185482735e-01 4.09e-02 5.69e-05 8.81e-05 0.2
  6   -5.675916009226e-02 -2.026239748050e-01 9.03e-03 1.26e-05 1.79e-05 0.2
  7   -6.888235758132e-02 -1.400988447279e-01 3.96e-03 5.52e-06 7.57e-06 0.2
  8   -7.287761734202e-02 -1.383138551266e-01 3.34e-03 4.66e-06 1.84e-05 0.2
  9   -7.610760678105e-02 -1.355476031760e-01 2.79e-03 3.89e-06 3.64e-05 0.2
 10   -8.087140956278e-02 -1.298420127128e-01 2.02e-03 2.81e-06 5.26e-05 0.2
 11   -8.196508394788e-02 -1.284914195687e-01 1.67e-03 2.32e-06 5.28e-05 0.2
 12   -8.703874020736e-02 -1.201278569000e-01 9.98e-04 1.39e-06 5.44e-05 0.2
 13   -8.777481577007e-02 -1.172977814564e-01 7.19e-04 1.00e-06 1.85e-04 0.3
 14   -9.271058813656e-02 -1.085907416327e-01 3.18e-04 4.42e-07 1.14e-04 0.3
 15   -9.553683448486e-02 -1.034406543425e-01 1.33e-04 1.85e-07 5.56e-05 0.3
 16   -9.738496867185e-02 -1.003410956072e-01 4.04e-05 5.63e-08 1.24e-05 0.3
 17   -9.798780247911e-02 -9.931162491223e-02 1.49e-05 2.08e-08 5.32e-06 0.3
 18   -9.829688174835e-02 -9.880470684664e-02 4.39e-06 6.10e-09 2.57e-06 0.3
 19   -9.847161777658e-02 -9.855905565302e-02 7.36e-07 1.03e-09 3.80e-07 0.3
 20   -9.850140458732e-02 -9.851729136808e-02 1.33e-07 1.89e-10 6.11e-08 0.3
 21   -9.850694295661e-02 -9.850952425163e-02 2.15e-08 3.21e-11 8.79e-09 0.3
 22   -9.850786961412e-02 -9.850822746477e-02 2.97e-09 6.56e-12 1.04e-09 0.3
 23   -9.850799832847e-02 -9.850804789596e-02 4.11e-10 2.13e-11 1.30e-10 0.3
 24   -9.850801599572e-02 -9.850802330789e-02 6.06e-11 1.53e-07 1.69e-11 0.3
 25   -9.850801860866e-02 -9.850801967817e-02 8.86e-12 1.49e-07 2.19e-12 0.3
 26   -9.850801899330e-02 -9.850801914714e-02 1.30e-12 1.86e-06 2.58e-13 0.3
 27   -9.850801904524e-02 -9.850801907236e-02 2.28e-13 3.27e-07 4.79e-14 0.3
 28   -9.850801905400e-02 -9.850801905975e-02 4.79e-14 6.86e-08 1.13e-14 0.3
 29   -9.850801905594e-02 -9.850801905697e-02 8.44e-15 1.20e-08 2.11e-15 0.3
Numerical error in objective
Restoring previous solution


Suboptimal solution found in 30 iterations and 0.33 seconds
Objective -9.85078696e-02
Primal infeasibility (abs/rel): 5.94e-09/2.97e-09
Dual infeasibility   (abs/rel): 7.23e-12/6.56e-12
Complementarity gap  (abs/rel): 1.14e-09/1.04e-09


Barrier finished in 0.33 seconds
Dual variables for problems with quadratic constraints not returned.

================================================================================
===== run1_27it_optimal.log
================================================================================
cuOpt version: 26.10.0, git hash: 648f805d, host arch: x86_64, device archs: 80-real
CPU: AMD EPYC 7642 48-Core Processor, threads: 5C/5T, RAM usage: 30.62/503.74GiB
CPU SIMD target: AVX2
CUDA 12.9, device: NVIDIA A100 80GB PCIe (ID 0), VRAM: 79.44 GiB
CUDA device UUID: 68df5cf5-71f9-6a93-b428-460c080ffb10
Problem has 1 quadratic constraints. Converting to second-order cones and solving with barrier.
Handling 50 free variables directly in augmented system
Presolved problem: 5103 constraints 10102 variables 265152 nonzeros
Skipping Ruiz equilibration (row norm ratio 1.4, column norm ratio 1.4 < 5e4, Q coeff ratio 1.0 < 100)
Barrier solver started at 0.02 seconds
Barrier solver: 5103 constraints, 10102 variables, 265152 nonzeros


Second-order cones          : 1
Free variables              : 50
Upper bounds                : 5000
Linear system               : augmented
cuDSS Version               : 0.7.1
cuDSS Threading layer       : libcudss_mtlayer_gomp.so.0
Reordering time             : 0.06s
Symbolic factorization time : 0.02s
Symbolic nonzeros in factor : 2.79e+05
Barrier setup complete at 0.11 seconds
Elapsed time                : 0.11s
Adaptive regularization enabled


                  Objective                         Infeasibility        Time
Iter   Primal              Dual                Primal   Dual    Compl.   Elapsed
  0   -3.701605598740e+02 -3.710234169387e+02 3.71e+03 1.91e+00 1.19e-02 0.1
  1   -3.741054718367e+01 -3.495882842978e+02 3.74e+02 7.84e-02 1.66e-02 0.1
  2   -3.887937386173e+00 -2.097219586674e+02 3.80e+01 4.70e-02 1.33e-02 0.1
  3   -4.429600696008e-01 -3.237980282684e+01 3.86e+00 5.32e-03 4.56e-03 0.1
  4   -9.287886877924e-02 -4.511798773554e+00 4.09e-01 5.69e-04 6.47e-04 0.1
  5   -5.627296339391e-02 -7.108185482736e-01 4.09e-02 5.69e-05 8.81e-05 0.1
  6   -5.675916009226e-02 -2.026239748050e-01 9.03e-03 1.26e-05 1.79e-05 0.1
  7   -6.888235758132e-02 -1.400988447279e-01 3.96e-03 5.52e-06 7.57e-06 0.1
  8   -7.287761734203e-02 -1.383138551266e-01 3.34e-03 4.66e-06 1.84e-05 0.1
  9   -7.610760678106e-02 -1.355476031760e-01 2.79e-03 3.89e-06 3.64e-05 0.2
 10   -8.087140956277e-02 -1.298420127128e-01 2.02e-03 2.81e-06 5.26e-05 0.2
 11   -8.196508394787e-02 -1.284914195687e-01 1.67e-03 2.32e-06 5.28e-05 0.2
 12   -8.703874020735e-02 -1.201278569001e-01 9.98e-04 1.39e-06 5.44e-05 0.2
 13   -8.777481577007e-02 -1.172977814565e-01 7.19e-04 1.00e-06 1.85e-04 0.2
 14   -9.271058813646e-02 -1.085907416329e-01 3.18e-04 4.42e-07 1.14e-04 0.2
 15   -9.553683448479e-02 -1.034406543426e-01 1.33e-04 1.85e-07 5.56e-05 0.2
 16   -9.738496867181e-02 -1.003410956072e-01 4.04e-05 5.63e-08 1.24e-05 0.2
 17   -9.798780247906e-02 -9.931162491233e-02 1.49e-05 2.08e-08 5.32e-06 0.2
 18   -9.829688174829e-02 -9.880470684673e-02 4.39e-06 6.10e-09 2.57e-06 0.2
 19   -9.847161777655e-02 -9.855905565306e-02 7.36e-07 1.03e-09 3.80e-07 0.2
 20   -9.850140458731e-02 -9.851729136809e-02 1.33e-07 1.89e-10 6.11e-08 0.2
 21   -9.850694295655e-02 -9.850952425171e-02 2.15e-08 3.19e-11 8.79e-09 0.2
 22   -9.850786961391e-02 -9.850822746505e-02 2.97e-09 8.39e-12 1.04e-09 0.2
 23   -9.850799832834e-02 -9.850804789613e-02 4.11e-10 9.98e-11 1.30e-10 0.2
 24   -9.850801599561e-02 -9.850802330804e-02 6.06e-11 1.37e-07 1.69e-11 0.2
 25   -9.850801860863e-02 -9.850801967821e-02 8.86e-12 1.37e-07 2.19e-12 0.2
 26   -9.850801899121e-02 -9.850801914680e-02 1.29e-12 1.98e-08 2.58e-13 0.2
 27   -9.850801904475e-02 -9.850801907247e-02 2.29e-13 3.52e-09 4.80e-14 0.2


Optimal solution found in 27 iterations and 0.240s
Objective -9.85080190e-02
Primal infeasibility (abs/rel): 4.57e-13/2.29e-13
Dual infeasibility   (abs/rel): 3.88e-09/3.52e-09
Complementarity gap  (abs/rel): 5.27e-14/4.80e-14


Barrier finished in 0.24 seconds
Dual variables for problems with quadratic constraints not returned.

================================================================================
===== run2_29it_optimal.log
================================================================================
cuOpt version: 26.10.0, git hash: 648f805d, host arch: x86_64, device archs: 80-real
CPU: AMD EPYC 7642 48-Core Processor, threads: 5C/5T, RAM usage: 30.64/503.74GiB
CPU SIMD target: AVX2
CUDA 12.9, device: NVIDIA A100 80GB PCIe (ID 0), VRAM: 79.44 GiB
CUDA device UUID: 68df5cf5-71f9-6a93-b428-460c080ffb10
Problem has 1 quadratic constraints. Converting to second-order cones and solving with barrier.
Handling 50 free variables directly in augmented system
Presolved problem: 5103 constraints 10102 variables 265152 nonzeros
Skipping Ruiz equilibration (row norm ratio 1.4, column norm ratio 1.4 < 5e4, Q coeff ratio 1.0 < 100)
Barrier solver started at 0.02 seconds
Barrier solver: 5103 constraints, 10102 variables, 265152 nonzeros


Second-order cones          : 1
Free variables              : 50
Upper bounds                : 5000
Linear system               : augmented
cuDSS Version               : 0.7.1
cuDSS Threading layer       : libcudss_mtlayer_gomp.so.0
Reordering time             : 0.05s
Symbolic factorization time : 0.02s
Symbolic nonzeros in factor : 2.79e+05
Barrier setup complete at 0.11 seconds
Elapsed time                : 0.11s
Adaptive regularization enabled


                  Objective                         Infeasibility        Time
Iter   Primal              Dual                Primal   Dual    Compl.   Elapsed
  0   -3.701605598740e+02 -3.710234169387e+02 3.71e+03 1.91e+00 1.19e-02 0.1
  1   -3.741054718367e+01 -3.495882842978e+02 3.74e+02 7.84e-02 1.66e-02 0.1
  2   -3.887937386173e+00 -2.097219586674e+02 3.80e+01 4.70e-02 1.33e-02 0.1
  3   -4.429600696008e-01 -3.237980282684e+01 3.86e+00 5.32e-03 4.56e-03 0.1
  4   -9.287886877923e-02 -4.511798773553e+00 4.09e-01 5.69e-04 6.47e-04 0.1
  5   -5.627296339391e-02 -7.108185482735e-01 4.09e-02 5.69e-05 8.81e-05 0.1
  6   -5.675916009226e-02 -2.026239748050e-01 9.03e-03 1.26e-05 1.79e-05 0.1
  7   -6.888235758132e-02 -1.400988447279e-01 3.96e-03 5.52e-06 7.57e-06 0.1
  8   -7.287761734197e-02 -1.383138551267e-01 3.34e-03 4.66e-06 1.84e-05 0.1
  9   -7.610760678103e-02 -1.355476031760e-01 2.79e-03 3.89e-06 3.64e-05 0.2
 10   -8.087140956274e-02 -1.298420127129e-01 2.02e-03 2.81e-06 5.26e-05 0.2
 11   -8.196508394779e-02 -1.284914195689e-01 1.67e-03 2.32e-06 5.28e-05 0.2
 12   -8.703874020725e-02 -1.201278569003e-01 9.98e-04 1.39e-06 5.44e-05 0.2
 13   -8.777481576995e-02 -1.172977814568e-01 7.19e-04 1.00e-06 1.85e-04 0.2
 14   -9.271058813632e-02 -1.085907416332e-01 3.18e-04 4.42e-07 1.14e-04 0.2
 15   -9.553683448472e-02 -1.034406543427e-01 1.33e-04 1.85e-07 5.56e-05 0.2
 16   -9.738496867176e-02 -1.003410956073e-01 4.04e-05 5.63e-08 1.24e-05 0.2
 17   -9.798780247909e-02 -9.931162491226e-02 1.49e-05 2.08e-08 5.32e-06 0.2
 18   -9.829688174836e-02 -9.880470684662e-02 4.39e-06 6.10e-09 2.57e-06 0.2
 19   -9.847161777665e-02 -9.855905565292e-02 7.36e-07 1.03e-09 3.80e-07 0.2
 20   -9.850140458744e-02 -9.851729136791e-02 1.33e-07 1.89e-10 6.11e-08 0.2
 21   -9.850694295669e-02 -9.850952425150e-02 2.15e-08 3.33e-11 8.79e-09 0.2
 22   -9.850786961390e-02 -9.850822746507e-02 2.97e-09 3.29e-12 1.04e-09 0.2
 23   -9.850799832835e-02 -9.850804789612e-02 4.11e-10 3.71e-11 1.30e-10 0.2
 24   -9.850801599545e-02 -9.850802330827e-02 6.06e-11 1.35e-07 1.69e-11 0.2
 25   -9.850801860826e-02 -9.850801967800e-02 8.85e-12 1.99e-08 2.19e-12 0.2
 26   -9.850801899135e-02 -9.850801914695e-02 1.29e-12 4.79e-07 2.58e-13 0.2
 27   -9.850801904479e-02 -9.850801907248e-02 2.29e-13 8.51e-08 4.81e-14 0.2
 28   -9.850801905412e-02 -9.850801905948e-02 4.39e-14 1.63e-08 1.07e-14 0.2
 29   -9.850801905588e-02 -9.850801905703e-02 9.33e-15 3.48e-09 2.29e-15 0.2


Optimal solution found in 29 iterations and 0.249s
Objective -9.85080191e-02
Primal infeasibility (abs/rel): 1.87e-14/9.33e-15
Dual infeasibility   (abs/rel): 3.83e-09/3.48e-09
Complementarity gap  (abs/rel): 2.52e-15/2.29e-15


Barrier finished in 0.25 seconds
Dual variables for problems with quadratic constraints not returned.

================================================================================
===== run3_30it_suboptimal.log
================================================================================
cuOpt version: 26.10.0, git hash: 648f805d, host arch: x86_64, device archs: 80-real
CPU: AMD EPYC 7642 48-Core Processor, threads: 5C/5T, RAM usage: 30.64/503.74GiB
CPU SIMD target: AVX2
CUDA 12.9, device: NVIDIA A100 80GB PCIe (ID 0), VRAM: 79.44 GiB
CUDA device UUID: 68df5cf5-71f9-6a93-b428-460c080ffb10
Problem has 1 quadratic constraints. Converting to second-order cones and solving with barrier.
Handling 50 free variables directly in augmented system
Presolved problem: 5103 constraints 10102 variables 265152 nonzeros
Skipping Ruiz equilibration (row norm ratio 1.4, column norm ratio 1.4 < 5e4, Q coeff ratio 1.0 < 100)
Barrier solver started at 0.02 seconds
Barrier solver: 5103 constraints, 10102 variables, 265152 nonzeros


Second-order cones          : 1
Free variables              : 50
Upper bounds                : 5000
Linear system               : augmented
cuDSS Version               : 0.7.1
cuDSS Threading layer       : libcudss_mtlayer_gomp.so.0
Reordering time             : 0.06s
Symbolic factorization time : 0.02s
Symbolic nonzeros in factor : 2.79e+05
Barrier setup complete at 0.11 seconds
Elapsed time                : 0.11s
Adaptive regularization enabled


                  Objective                         Infeasibility        Time
Iter   Primal              Dual                Primal   Dual    Compl.   Elapsed
  0   -3.701605598740e+02 -3.710234169387e+02 3.71e+03 1.91e+00 1.19e-02 0.1
  1   -3.741054718367e+01 -3.495882842978e+02 3.74e+02 7.84e-02 1.66e-02 0.1
  2   -3.887937386173e+00 -2.097219586674e+02 3.80e+01 4.70e-02 1.33e-02 0.1
  3   -4.429600696008e-01 -3.237980282684e+01 3.86e+00 5.32e-03 4.56e-03 0.1
  4   -9.287886877923e-02 -4.511798773553e+00 4.09e-01 5.69e-04 6.47e-04 0.1
  5   -5.627296339391e-02 -7.108185482735e-01 4.09e-02 5.69e-05 8.81e-05 0.1
  6   -5.675916009226e-02 -2.026239748050e-01 9.03e-03 1.26e-05 1.79e-05 0.1
  7   -6.888235758132e-02 -1.400988447279e-01 3.96e-03 5.52e-06 7.57e-06 0.1
  8   -7.287761734199e-02 -1.383138551266e-01 3.34e-03 4.66e-06 1.84e-05 0.1
  9   -7.610760678098e-02 -1.355476031760e-01 2.79e-03 3.89e-06 3.64e-05 0.2
 10   -8.087140956267e-02 -1.298420127129e-01 2.02e-03 2.81e-06 5.26e-05 0.2
 11   -8.196508394780e-02 -1.284914195688e-01 1.67e-03 2.32e-06 5.28e-05 0.2
 12   -8.703874020741e-02 -1.201278568999e-01 9.98e-04 1.39e-06 5.44e-05 0.2
 13   -8.777481577011e-02 -1.172977814563e-01 7.19e-04 1.00e-06 1.85e-04 0.2
 14   -9.271058813647e-02 -1.085907416329e-01 3.18e-04 4.42e-07 1.14e-04 0.2
 15   -9.553683448486e-02 -1.034406543425e-01 1.33e-04 1.85e-07 5.56e-05 0.2
 16   -9.738496867188e-02 -1.003410956071e-01 4.04e-05 5.63e-08 1.24e-05 0.2
 17   -9.798780247914e-02 -9.931162491219e-02 1.49e-05 2.08e-08 5.32e-06 0.2
 18   -9.829688174843e-02 -9.880470684650e-02 4.39e-06 6.10e-09 2.57e-06 0.2
 19   -9.847161777654e-02 -9.855905565307e-02 7.36e-07 1.03e-09 3.80e-07 0.2
 20   -9.850140458739e-02 -9.851729136798e-02 1.33e-07 1.89e-10 6.11e-08 0.2
 21   -9.850694295655e-02 -9.850952425171e-02 2.15e-08 3.31e-11 8.79e-09 0.2
 22   -9.850786961390e-02 -9.850822746507e-02 2.97e-09 1.56e-11 1.04e-09 0.2
 23   -9.850799832846e-02 -9.850804789597e-02 4.11e-10 1.28e-10 1.30e-10 0.2
 24   -9.850801599558e-02 -9.850802330808e-02 6.06e-11 1.24e-07 1.69e-11 0.2
 25   -9.850801860863e-02 -9.850801967820e-02 8.86e-12 1.08e-08 2.19e-12 0.2
 26   -9.850801899171e-02 -9.850801914657e-02 1.28e-12 7.56e-07 2.58e-13 0.2
 27   -9.850801904509e-02 -9.850801907236e-02 2.27e-13 2.43e-06 4.79e-14 0.2
 28   -9.850801905408e-02 -9.850801905959e-02 4.56e-14 4.87e-07 1.10e-14 0.2
 29   -9.850801905600e-02 -9.850801905688e-02 7.22e-15 7.74e-08 1.82e-15 0.2
Numerical error in objective
Restoring previous solution


Suboptimal solution found in 30 iterations and 0.25 seconds
Objective -9.85078696e-02
Primal infeasibility (abs/rel): 5.94e-09/2.97e-09
Dual infeasibility   (abs/rel): 1.72e-11/1.56e-11
Complementarity gap  (abs/rel): 1.14e-09/1.04e-09


Barrier finished in 0.25 seconds
Dual variables for problems with quadratic constraints not returned.

================================================================================
===== run4_30it_suboptimal.log
================================================================================
cuOpt version: 26.10.0, git hash: 648f805d, host arch: x86_64, device archs: 80-real
CPU: AMD EPYC 7642 48-Core Processor, threads: 5C/5T, RAM usage: 30.64/503.74GiB
CPU SIMD target: AVX2
CUDA 12.9, device: NVIDIA A100 80GB PCIe (ID 0), VRAM: 79.44 GiB
CUDA device UUID: 68df5cf5-71f9-6a93-b428-460c080ffb10
Problem has 1 quadratic constraints. Converting to second-order cones and solving with barrier.
Handling 50 free variables directly in augmented system
Presolved problem: 5103 constraints 10102 variables 265152 nonzeros
Skipping Ruiz equilibration (row norm ratio 1.4, column norm ratio 1.4 < 5e4, Q coeff ratio 1.0 < 100)
Barrier solver started at 0.02 seconds
Barrier solver: 5103 constraints, 10102 variables, 265152 nonzeros


Second-order cones          : 1
Free variables              : 50
Upper bounds                : 5000
Linear system               : augmented
cuDSS Version               : 0.7.1
cuDSS Threading layer       : libcudss_mtlayer_gomp.so.0
Reordering time             : 0.05s
Symbolic factorization time : 0.02s
Symbolic nonzeros in factor : 2.79e+05
Barrier setup complete at 0.11 seconds
Elapsed time                : 0.11s
Adaptive regularization enabled


                  Objective                         Infeasibility        Time
Iter   Primal              Dual                Primal   Dual    Compl.   Elapsed
  0   -3.701605598740e+02 -3.710234169387e+02 3.71e+03 1.91e+00 1.19e-02 0.1
  1   -3.741054718367e+01 -3.495882842978e+02 3.74e+02 7.84e-02 1.66e-02 0.1
  2   -3.887937386173e+00 -2.097219586674e+02 3.80e+01 4.70e-02 1.33e-02 0.1
  3   -4.429600696008e-01 -3.237980282684e+01 3.86e+00 5.32e-03 4.56e-03 0.1
  4   -9.287886877923e-02 -4.511798773553e+00 4.09e-01 5.69e-04 6.47e-04 0.1
  5   -5.627296339391e-02 -7.108185482735e-01 4.09e-02 5.69e-05 8.81e-05 0.1
  6   -5.675916009226e-02 -2.026239748050e-01 9.03e-03 1.26e-05 1.79e-05 0.1
  7   -6.888235758132e-02 -1.400988447279e-01 3.96e-03 5.52e-06 7.57e-06 0.1
  8   -7.287761734202e-02 -1.383138551266e-01 3.34e-03 4.66e-06 1.84e-05 0.1
  9   -7.610760678102e-02 -1.355476031760e-01 2.79e-03 3.89e-06 3.64e-05 0.1
 10   -8.087140956280e-02 -1.298420127127e-01 2.02e-03 2.81e-06 5.26e-05 0.2
 11   -8.196508394791e-02 -1.284914195686e-01 1.67e-03 2.32e-06 5.28e-05 0.2
 12   -8.703874020732e-02 -1.201278569001e-01 9.98e-04 1.39e-06 5.44e-05 0.2
 13   -8.777481577002e-02 -1.172977814566e-01 7.19e-04 1.00e-06 1.85e-04 0.2
 14   -9.271058813651e-02 -1.085907416328e-01 3.18e-04 4.42e-07 1.14e-04 0.2
 15   -9.553683448479e-02 -1.034406543426e-01 1.33e-04 1.85e-07 5.56e-05 0.2
 16   -9.738496867183e-02 -1.003410956072e-01 4.04e-05 5.63e-08 1.24e-05 0.2
 17   -9.798780247911e-02 -9.931162491223e-02 1.49e-05 2.08e-08 5.32e-06 0.2
 18   -9.829688174832e-02 -9.880470684669e-02 4.39e-06 6.10e-09 2.57e-06 0.2
 19   -9.847161777652e-02 -9.855905565310e-02 7.36e-07 1.03e-09 3.80e-07 0.2
 20   -9.850140458730e-02 -9.851729136810e-02 1.33e-07 1.89e-10 6.11e-08 0.2
 21   -9.850694295676e-02 -9.850952425141e-02 2.15e-08 3.24e-11 8.79e-09 0.2
 22   -9.850786961399e-02 -9.850822746495e-02 2.97e-09 8.36e-12 1.04e-09 0.2
 23   -9.850799832844e-02 -9.850804789599e-02 4.11e-10 7.70e-11 1.30e-10 0.2
 24   -9.850801599569e-02 -9.850802330793e-02 6.06e-11 1.42e-07 1.69e-11 0.2
 25   -9.850801860863e-02 -9.850801967821e-02 8.86e-12 1.73e-07 2.19e-12 0.2
 26   -9.850801899172e-02 -9.850801914655e-02 1.28e-12 3.29e-07 2.57e-13 0.2
 27   -9.850801904499e-02 -9.850801907222e-02 2.25e-13 5.77e-08 4.76e-14 0.2
 28   -9.850801905429e-02 -9.850801905938e-02 4.26e-14 3.91e-07 1.05e-14 0.2
 29   -9.850801905561e-02 -9.850801905745e-02 1.49e-14 1.37e-07 3.58e-15 0.2
Numerical error in objective
Restoring previous solution


Suboptimal solution found in 30 iterations and 0.25 seconds
Objective -9.85078696e-02
Primal infeasibility (abs/rel): 5.94e-09/2.97e-09
Dual infeasibility   (abs/rel): 9.21e-12/8.36e-12
Complementarity gap  (abs/rel): 1.14e-09/1.04e-09


Barrier finished in 0.25 seconds
Dual variables for problems with quadratic constraints not returned.

================================================================================
===== run5_26it_optimal.log
================================================================================
cuOpt version: 26.10.0, git hash: 648f805d, host arch: x86_64, device archs: 80-real
CPU: AMD EPYC 7642 48-Core Processor, threads: 5C/5T, RAM usage: 30.64/503.74GiB
CPU SIMD target: AVX2
CUDA 12.9, device: NVIDIA A100 80GB PCIe (ID 0), VRAM: 79.44 GiB
CUDA device UUID: 68df5cf5-71f9-6a93-b428-460c080ffb10
Problem has 1 quadratic constraints. Converting to second-order cones and solving with barrier.
Handling 50 free variables directly in augmented system
Presolved problem: 5103 constraints 10102 variables 265152 nonzeros
Skipping Ruiz equilibration (row norm ratio 1.4, column norm ratio 1.4 < 5e4, Q coeff ratio 1.0 < 100)
Barrier solver started at 0.02 seconds
Barrier solver: 5103 constraints, 10102 variables, 265152 nonzeros


Second-order cones          : 1
Free variables              : 50
Upper bounds                : 5000
Linear system               : augmented
cuDSS Version               : 0.7.1
cuDSS Threading layer       : libcudss_mtlayer_gomp.so.0
Reordering time             : 0.05s
Symbolic factorization time : 0.02s
Symbolic nonzeros in factor : 2.79e+05
Barrier setup complete at 0.10 seconds
Elapsed time                : 0.10s
Adaptive regularization enabled


                  Objective                         Infeasibility        Time
Iter   Primal              Dual                Primal   Dual    Compl.   Elapsed
  0   -3.701605598740e+02 -3.710234169387e+02 3.71e+03 1.91e+00 1.19e-02 0.1
  1   -3.741054718367e+01 -3.495882842978e+02 3.74e+02 7.84e-02 1.66e-02 0.1
  2   -3.887937386173e+00 -2.097219586674e+02 3.80e+01 4.70e-02 1.33e-02 0.1
  3   -4.429600696008e-01 -3.237980282684e+01 3.86e+00 5.32e-03 4.56e-03 0.1
  4   -9.287886877923e-02 -4.511798773553e+00 4.09e-01 5.69e-04 6.47e-04 0.1
  5   -5.627296339391e-02 -7.108185482734e-01 4.09e-02 5.69e-05 8.81e-05 0.1
  6   -5.675916009227e-02 -2.026239748050e-01 9.03e-03 1.26e-05 1.79e-05 0.1
  7   -6.888235758132e-02 -1.400988447279e-01 3.96e-03 5.52e-06 7.57e-06 0.1
  8   -7.287761734198e-02 -1.383138551267e-01 3.34e-03 4.66e-06 1.84e-05 0.1
  9   -7.610760678106e-02 -1.355476031760e-01 2.79e-03 3.89e-06 3.64e-05 0.1
 10   -8.087140956279e-02 -1.298420127128e-01 2.02e-03 2.81e-06 5.26e-05 0.2
 11   -8.196508394789e-02 -1.284914195687e-01 1.67e-03 2.32e-06 5.28e-05 0.2
 12   -8.703874020731e-02 -1.201278569002e-01 9.98e-04 1.39e-06 5.44e-05 0.2
 13   -8.777481576999e-02 -1.172977814567e-01 7.19e-04 1.00e-06 1.85e-04 0.2
 14   -9.271058813638e-02 -1.085907416331e-01 3.18e-04 4.42e-07 1.14e-04 0.2
 15   -9.553683448475e-02 -1.034406543427e-01 1.33e-04 1.85e-07 5.56e-05 0.2
 16   -9.738496867179e-02 -1.003410956073e-01 4.04e-05 5.63e-08 1.24e-05 0.2
 17   -9.798780247916e-02 -9.931162491215e-02 1.49e-05 2.08e-08 5.32e-06 0.2
 18   -9.829688174837e-02 -9.880470684662e-02 4.39e-06 6.10e-09 2.57e-06 0.2
 19   -9.847161777657e-02 -9.855905565303e-02 7.36e-07 1.03e-09 3.80e-07 0.2
 20   -9.850140458728e-02 -9.851729136812e-02 1.33e-07 1.89e-10 6.11e-08 0.2
 21   -9.850694295670e-02 -9.850952425150e-02 2.15e-08 3.26e-11 8.79e-09 0.2
 22   -9.850786961390e-02 -9.850822746508e-02 2.97e-09 6.45e-12 1.04e-09 0.2
 23   -9.850799832836e-02 -9.850804789610e-02 4.11e-10 5.70e-11 1.30e-10 0.2
 24   -9.850801599568e-02 -9.850802330794e-02 6.06e-11 1.22e-07 1.69e-11 0.2
 25   -9.850801860866e-02 -9.850801967816e-02 8.86e-12 3.44e-08 2.19e-12 0.2
 26   -9.850801899134e-02 -9.850801914662e-02 1.28e-12 4.98e-09 2.58e-13 0.2


Optimal solution found in 26 iterations and 0.229s
Objective -9.85080190e-02
Primal infeasibility (abs/rel): 2.57e-12/1.28e-12
Dual infeasibility   (abs/rel): 5.48e-09/4.98e-09
Complementarity gap  (abs/rel): 2.84e-13/2.58e-13


Barrier finished in 0.23 seconds
Dual variables for problems with quadratic constraints not returned.

================================================================================
===== run6_26it_optimal.log
================================================================================
cuOpt version: 26.10.0, git hash: 648f805d, host arch: x86_64, device archs: 80-real
CPU: AMD EPYC 7642 48-Core Processor, threads: 5C/5T, RAM usage: 30.64/503.74GiB
CPU SIMD target: AVX2
CUDA 12.9, device: NVIDIA A100 80GB PCIe (ID 0), VRAM: 79.44 GiB
CUDA device UUID: 68df5cf5-71f9-6a93-b428-460c080ffb10
Problem has 1 quadratic constraints. Converting to second-order cones and solving with barrier.
Handling 50 free variables directly in augmented system
Presolved problem: 5103 constraints 10102 variables 265152 nonzeros
Skipping Ruiz equilibration (row norm ratio 1.4, column norm ratio 1.4 < 5e4, Q coeff ratio 1.0 < 100)
Barrier solver started at 0.02 seconds
Barrier solver: 5103 constraints, 10102 variables, 265152 nonzeros


Second-order cones          : 1
Free variables              : 50
Upper bounds                : 5000
Linear system               : augmented
cuDSS Version               : 0.7.1
cuDSS Threading layer       : libcudss_mtlayer_gomp.so.0
Reordering time             : 0.06s
Symbolic factorization time : 0.02s
Symbolic nonzeros in factor : 2.79e+05
Barrier setup complete at 0.11 seconds
Elapsed time                : 0.11s
Adaptive regularization enabled


                  Objective                         Infeasibility        Time
Iter   Primal              Dual                Primal   Dual    Compl.   Elapsed
  0   -3.701605598740e+02 -3.710234169387e+02 3.71e+03 1.91e+00 1.19e-02 0.1
  1   -3.741054718367e+01 -3.495882842978e+02 3.74e+02 7.84e-02 1.66e-02 0.1
  2   -3.887937386173e+00 -2.097219586674e+02 3.80e+01 4.70e-02 1.33e-02 0.1
  3   -4.429600696008e-01 -3.237980282684e+01 3.86e+00 5.32e-03 4.56e-03 0.1
  4   -9.287886877923e-02 -4.511798773552e+00 4.09e-01 5.69e-04 6.47e-04 0.1
  5   -5.627296339391e-02 -7.108185482734e-01 4.09e-02 5.69e-05 8.81e-05 0.1
  6   -5.675916009227e-02 -2.026239748050e-01 9.03e-03 1.26e-05 1.79e-05 0.1
  7   -6.888235758133e-02 -1.400988447279e-01 3.96e-03 5.52e-06 7.57e-06 0.1
  8   -7.287761734201e-02 -1.383138551266e-01 3.34e-03 4.66e-06 1.84e-05 0.2
  9   -7.610760678098e-02 -1.355476031761e-01 2.79e-03 3.89e-06 3.64e-05 0.2
 10   -8.087140956267e-02 -1.298420127129e-01 2.02e-03 2.81e-06 5.26e-05 0.2
 11   -8.196508394779e-02 -1.284914195688e-01 1.67e-03 2.32e-06 5.28e-05 0.2
 12   -8.703874020734e-02 -1.201278569001e-01 9.98e-04 1.39e-06 5.44e-05 0.2
 13   -8.777481577007e-02 -1.172977814564e-01 7.19e-04 1.00e-06 1.85e-04 0.2
 14   -9.271058813649e-02 -1.085907416329e-01 3.18e-04 4.42e-07 1.14e-04 0.2
 15   -9.553683448486e-02 -1.034406543425e-01 1.33e-04 1.85e-07 5.56e-05 0.2
 16   -9.738496867183e-02 -1.003410956072e-01 4.04e-05 5.63e-08 1.24e-05 0.2
 17   -9.798780247917e-02 -9.931162491215e-02 1.49e-05 2.08e-08 5.32e-06 0.2
 18   -9.829688174842e-02 -9.880470684655e-02 4.39e-06 6.10e-09 2.57e-06 0.2
 19   -9.847161777662e-02 -9.855905565296e-02 7.36e-07 1.03e-09 3.80e-07 0.2
 20   -9.850140458723e-02 -9.851729136820e-02 1.33e-07 1.89e-10 6.11e-08 0.2
 21   -9.850694295666e-02 -9.850952425155e-02 2.15e-08 3.25e-11 8.79e-09 0.2
 22   -9.850786961392e-02 -9.850822746504e-02 2.97e-09 3.98e-12 1.04e-09 0.2
 23   -9.850799832836e-02 -9.850804789610e-02 4.11e-10 4.26e-11 1.30e-10 0.2
 24   -9.850801599562e-02 -9.850802330802e-02 6.06e-11 1.59e-07 1.69e-11 0.2
 25   -9.850801860883e-02 -9.850801967793e-02 8.85e-12 6.07e-08 2.19e-12 0.2
 26   -9.850801899127e-02 -9.850801914672e-02 1.29e-12 8.81e-09 2.57e-13 0.2


Optimal solution found in 26 iterations and 0.235s
Objective -9.85080190e-02
Primal infeasibility (abs/rel): 2.57e-12/1.29e-12
Dual infeasibility   (abs/rel): 9.70e-09/8.81e-09
Complementarity gap  (abs/rel): 2.83e-13/2.57e-13


Barrier finished in 0.24 seconds
Dual variables for problems with quadratic constraints not returned.

================================================================================
===== run7_29it_optimal.log
================================================================================
cuOpt version: 26.10.0, git hash: 648f805d, host arch: x86_64, device archs: 80-real
CPU: AMD EPYC 7642 48-Core Processor, threads: 5C/5T, RAM usage: 30.64/503.74GiB
CPU SIMD target: AVX2
CUDA 12.9, device: NVIDIA A100 80GB PCIe (ID 0), VRAM: 79.44 GiB
CUDA device UUID: 68df5cf5-71f9-6a93-b428-460c080ffb10
Problem has 1 quadratic constraints. Converting to second-order cones and solving with barrier.
Handling 50 free variables directly in augmented system
Presolved problem: 5103 constraints 10102 variables 265152 nonzeros
Skipping Ruiz equilibration (row norm ratio 1.4, column norm ratio 1.4 < 5e4, Q coeff ratio 1.0 < 100)
Barrier solver started at 0.02 seconds
Barrier solver: 5103 constraints, 10102 variables, 265152 nonzeros


Second-order cones          : 1
Free variables              : 50
Upper bounds                : 5000
Linear system               : augmented
cuDSS Version               : 0.7.1
cuDSS Threading layer       : libcudss_mtlayer_gomp.so.0
Reordering time             : 0.05s
Symbolic factorization time : 0.02s
Symbolic nonzeros in factor : 2.79e+05
Barrier setup complete at 0.10 seconds
Elapsed time                : 0.10s
Adaptive regularization enabled


                  Objective                         Infeasibility        Time
Iter   Primal              Dual                Primal   Dual    Compl.   Elapsed
  0   -3.701605598740e+02 -3.710234169387e+02 3.71e+03 1.91e+00 1.19e-02 0.1
  1   -3.741054718367e+01 -3.495882842978e+02 3.74e+02 7.84e-02 1.66e-02 0.1
  2   -3.887937386173e+00 -2.097219586674e+02 3.80e+01 4.70e-02 1.33e-02 0.1
  3   -4.429600696008e-01 -3.237980282684e+01 3.86e+00 5.32e-03 4.56e-03 0.1
  4   -9.287886877924e-02 -4.511798773553e+00 4.09e-01 5.69e-04 6.47e-04 0.1
  5   -5.627296339391e-02 -7.108185482735e-01 4.09e-02 5.69e-05 8.81e-05 0.1
  6   -5.675916009226e-02 -2.026239748050e-01 9.03e-03 1.26e-05 1.79e-05 0.1
  7   -6.888235758132e-02 -1.400988447279e-01 3.96e-03 5.52e-06 7.57e-06 0.1
  8   -7.287761734200e-02 -1.383138551266e-01 3.34e-03 4.66e-06 1.84e-05 0.1
  9   -7.610760678110e-02 -1.355476031759e-01 2.79e-03 3.89e-06 3.64e-05 0.1
 10   -8.087140956286e-02 -1.298420127127e-01 2.02e-03 2.81e-06 5.26e-05 0.2
 11   -8.196508394795e-02 -1.284914195686e-01 1.67e-03 2.32e-06 5.28e-05 0.2
 12   -8.703874020730e-02 -1.201278569002e-01 9.98e-04 1.39e-06 5.44e-05 0.2
 13   -8.777481577000e-02 -1.172977814567e-01 7.19e-04 1.00e-06 1.85e-04 0.2
 14   -9.271058813645e-02 -1.085907416330e-01 3.18e-04 4.42e-07 1.14e-04 0.2
 15   -9.553683448475e-02 -1.034406543427e-01 1.33e-04 1.85e-07 5.56e-05 0.2
 16   -9.738496867179e-02 -1.003410956073e-01 4.04e-05 5.63e-08 1.24e-05 0.2
 17   -9.798780247915e-02 -9.931162491217e-02 1.49e-05 2.08e-08 5.32e-06 0.2
 18   -9.829688174837e-02 -9.880470684661e-02 4.39e-06 6.10e-09 2.57e-06 0.2
 19   -9.847161777657e-02 -9.855905565303e-02 7.36e-07 1.03e-09 3.80e-07 0.2
 20   -9.850140458738e-02 -9.851729136799e-02 1.33e-07 1.89e-10 6.11e-08 0.2
 21   -9.850694295667e-02 -9.850952425153e-02 2.15e-08 3.23e-11 8.79e-09 0.2
 22   -9.850786961402e-02 -9.850822746491e-02 2.97e-09 2.39e-12 1.04e-09 0.2
 23   -9.850799832845e-02 -9.850804789598e-02 4.11e-10 1.57e-10 1.30e-10 0.2
 24   -9.850801599569e-02 -9.850802330794e-02 6.06e-11 1.37e-07 1.69e-11 0.2
 25   -9.850801860863e-02 -9.850801967820e-02 8.86e-12 2.09e-07 2.19e-12 0.2
 26   -9.850801899189e-02 -9.850801914631e-02 1.28e-12 9.08e-07 2.57e-13 0.2
 27   -9.850801904483e-02 -9.850801907244e-02 2.28e-13 1.62e-07 4.80e-14 0.2
 28   -9.850801905388e-02 -9.850801905981e-02 4.85e-14 3.44e-08 1.14e-14 0.2
 29   -9.850801905591e-02 -9.850801905699e-02 8.77e-15 6.21e-09 2.21e-15 0.2


Optimal solution found in 29 iterations and 0.243s
Objective -9.85080191e-02
Primal infeasibility (abs/rel): 1.75e-14/8.77e-15
Dual infeasibility   (abs/rel): 6.84e-09/6.21e-09
Complementarity gap  (abs/rel): 2.43e-15/2.21e-15


Barrier finished in 0.24 seconds
Dual variables for problems with quadratic constraints not returned.
