cuOpt version: 26.10.0, git hash: 648f805d, host arch: x86_64, device archs: 80-real
CPU: AMD EPYC 7642 48-Core Processor, threads: 5C/5T, RAM usage: 30.64/503.74GiB
CPU SIMD target: AVX2
CUDA 12.9, device: NVIDIA A100 80GB PCIe (ID 0), VRAM: 79.44 GiB
CUDA device UUID: 68df5cf5-71f9-6a93-b428-460c080ffb10
Problem has 1 quadratic constraints. Converting to second-order cones and solving with barrier.
Handling 50 free variables directly in augmented system
Presolved problem: 5103 constraints 10102 variables 265152 nonzeros
Skipping Ruiz equilibration (row norm ratio 1.4, column norm ratio 1.4 < 5e4, Q coeff ratio 1.0 < 100)
Barrier solver started at 0.02 seconds
Barrier solver: 5103 constraints, 10102 variables, 265152 nonzeros


Second-order cones          : 1
Free variables              : 50
Upper bounds                : 5000
Linear system               : augmented
cuDSS Version               : 0.7.1
cuDSS Threading layer       : libcudss_mtlayer_gomp.so.0
Reordering time             : 0.06s
Symbolic factorization time : 0.02s
Symbolic nonzeros in factor : 2.79e+05
Barrier setup complete at 0.11 seconds
Elapsed time                : 0.11s
Adaptive regularization enabled


                  Objective                         Infeasibility        Time
Iter   Primal              Dual                Primal   Dual    Compl.   Elapsed
  0   -3.701605598740e+02 -3.710234169387e+02 3.71e+03 1.91e+00 1.19e-02 0.1
  1   -3.741054718367e+01 -3.495882842978e+02 3.74e+02 7.84e-02 1.66e-02 0.1
  2   -3.887937386173e+00 -2.097219586674e+02 3.80e+01 4.70e-02 1.33e-02 0.1
  3   -4.429600696008e-01 -3.237980282684e+01 3.86e+00 5.32e-03 4.56e-03 0.1
  4   -9.287886877923e-02 -4.511798773553e+00 4.09e-01 5.69e-04 6.47e-04 0.1
  5   -5.627296339391e-02 -7.108185482735e-01 4.09e-02 5.69e-05 8.81e-05 0.1
  6   -5.675916009226e-02 -2.026239748050e-01 9.03e-03 1.26e-05 1.79e-05 0.1
  7   -6.888235758132e-02 -1.400988447279e-01 3.96e-03 5.52e-06 7.57e-06 0.1
  8   -7.287761734199e-02 -1.383138551266e-01 3.34e-03 4.66e-06 1.84e-05 0.1
  9   -7.610760678098e-02 -1.355476031760e-01 2.79e-03 3.89e-06 3.64e-05 0.2
 10   -8.087140956267e-02 -1.298420127129e-01 2.02e-03 2.81e-06 5.26e-05 0.2
 11   -8.196508394780e-02 -1.284914195688e-01 1.67e-03 2.32e-06 5.28e-05 0.2
 12   -8.703874020741e-02 -1.201278568999e-01 9.98e-04 1.39e-06 5.44e-05 0.2
 13   -8.777481577011e-02 -1.172977814563e-01 7.19e-04 1.00e-06 1.85e-04 0.2
 14   -9.271058813647e-02 -1.085907416329e-01 3.18e-04 4.42e-07 1.14e-04 0.2
 15   -9.553683448486e-02 -1.034406543425e-01 1.33e-04 1.85e-07 5.56e-05 0.2
 16   -9.738496867188e-02 -1.003410956071e-01 4.04e-05 5.63e-08 1.24e-05 0.2
 17   -9.798780247914e-02 -9.931162491219e-02 1.49e-05 2.08e-08 5.32e-06 0.2
 18   -9.829688174843e-02 -9.880470684650e-02 4.39e-06 6.10e-09 2.57e-06 0.2
 19   -9.847161777654e-02 -9.855905565307e-02 7.36e-07 1.03e-09 3.80e-07 0.2
 20   -9.850140458739e-02 -9.851729136798e-02 1.33e-07 1.89e-10 6.11e-08 0.2
 21   -9.850694295655e-02 -9.850952425171e-02 2.15e-08 3.31e-11 8.79e-09 0.2
 22   -9.850786961390e-02 -9.850822746507e-02 2.97e-09 1.56e-11 1.04e-09 0.2
 23   -9.850799832846e-02 -9.850804789597e-02 4.11e-10 1.28e-10 1.30e-10 0.2
 24   -9.850801599558e-02 -9.850802330808e-02 6.06e-11 1.24e-07 1.69e-11 0.2
 25   -9.850801860863e-02 -9.850801967820e-02 8.86e-12 1.08e-08 2.19e-12 0.2
 26   -9.850801899171e-02 -9.850801914657e-02 1.28e-12 7.56e-07 2.58e-13 0.2
 27   -9.850801904509e-02 -9.850801907236e-02 2.27e-13 2.43e-06 4.79e-14 0.2
 28   -9.850801905408e-02 -9.850801905959e-02 4.56e-14 4.87e-07 1.10e-14 0.2
 29   -9.850801905600e-02 -9.850801905688e-02 7.22e-15 7.74e-08 1.82e-15 0.2
Numerical error in objective
Restoring previous solution


Suboptimal solution found in 30 iterations and 0.25 seconds
Objective -9.85078696e-02
Primal infeasibility (abs/rel): 5.94e-09/2.97e-09
Dual infeasibility   (abs/rel): 1.72e-11/1.56e-11
Complementarity gap  (abs/rel): 1.14e-09/1.04e-09


Barrier finished in 0.25 seconds
Dual variables for problems with quadratic constraints not returned.
