cuOpt version: 26.10.0, git hash: 648f805d, host arch: x86_64, device archs: 80-real
CPU: AMD EPYC 7642 48-Core Processor, threads: 5C/5T, RAM usage: 43.20/503.74GiB
CPU SIMD target: AVX2
CUDA 12.9, device: NVIDIA A100 80GB PCIe (ID 0), VRAM: 79.44 GiB
CUDA device UUID: 68df5cf5-71f9-6a93-b428-460c080ffb10
Problem has 1 quadratic constraints. Converting to second-order cones and solving with barrier.
Handling 50 free variables directly in augmented system
Presolved problem: 5103 constraints 10102 variables 265152 nonzeros
Skipping Ruiz equilibration (row norm ratio 1.4, column norm ratio 1.4 < 5e4, Q coeff ratio 1.0 < 100)
Barrier solver started at 0.027 seconds
Barrier solver: 5103 constraints, 10102 variables, 265152 nonzeros


Second-order cones          : 1
Free variables              : 50
Upper bounds                : 5000
Linear system               : augmented
cuDSS Version               : 0.7.1
cuDSS Threading layer       : libcudss_mtlayer_gomp.so.0
Reordering time             : 0.054s
Symbolic factorization time : 0.024s
Symbolic nonzeros in factor : 2.79e+05
Elapsed time for augmented  : 0.111 seconds
Elapsed time           : 0.111 seconds
Barrier setup complete at 0.111 seconds
Adaptive regularization enabled


                  Objective                         Infeasibility        Time
Iter   Primal              Dual                Primal   Dual    Compl.   Elapsed
  0   -3.702509737108e+02 -3.710937010099e+02 3.71e+03 1.91e+00 1.19e-02 0.112
  1   -3.741942826827e+01 -3.496586650455e+02 3.74e+02 7.84e-02 1.66e-02 0.115
  2   -3.888833825659e+00 -2.097808201870e+02 3.80e+01 4.70e-02 1.33e-02 0.117
  3   -4.430335905321e-01 -3.239045895079e+01 3.86e+00 5.32e-03 4.56e-03 0.120
  4   -9.288170297183e-02 -4.512561735762e+00 4.09e-01 5.69e-04 6.47e-04 0.123
  5   -5.627609639126e-02 -7.109288789536e-01 4.09e-02 5.69e-05 8.81e-05 0.125
  6   -5.676233471402e-02 -2.033124986385e-01 9.07e-03 1.26e-05 1.79e-05 0.128
  7   -6.873002758442e-02 -1.408716383385e-01 4.01e-03 5.58e-06 7.66e-06 0.131
  8   -7.285289489620e-02 -1.391244758322e-01 3.37e-03 4.70e-06 2.03e-05 0.138
  9   -7.477680037435e-02 -1.378568582525e-01 3.00e-03 4.20e-06 3.22e-05 0.140
 10   -7.901091909835e-02 -1.327269400343e-01 2.36e-03 3.32e-06 5.32e-05 0.143
 11   -8.004649005608e-02 -1.317322416361e-01 1.98e-03 2.81e-06 6.58e-05 0.146
 12   -8.661857291506e-02 -1.214058153960e-01 1.05e-03 1.49e-06 7.24e-05 0.149
 13   -8.936168847580e-02 -1.150097620397e-01 5.69e-04 8.13e-07 1.44e-04 0.151
 14   -9.415291723390e-02 -1.065992942408e-01 2.40e-04 3.47e-07 5.41e-05 0.154
 15   -9.632236653740e-02 -1.026847449751e-01 1.11e-04 1.63e-07 2.52e-05 0.157
 16   -9.750480175678e-02 -1.005528727314e-01 4.01e-05 5.72e-08 8.28e-06 0.159
 17   -9.814846259044e-02 -9.941995537906e-02 1.19e-05 2.19e-08 5.92e-06 0.162
 18   -9.847570343681e-02 -9.894412086897e-02 4.13e-06 3.78e-09 2.27e-06 0.165
 19   -9.862071413581e-02 -9.873463234595e-02 8.99e-07 4.12e-09 4.61e-07 0.167
 20   -9.865965761987e-02 -9.868014598727e-02 1.58e-07 3.08e-09 8.05e-08 0.170
 21   -9.866724162757e-02 -9.866965135254e-02 1.85e-08 3.69e-09 9.36e-09 0.173
 22   -9.866813445717e-02 -9.866841466786e-02 2.16e-09 4.95e-09 1.04e-09 0.176
 23   -9.866823895321e-02 -9.866826973828e-02 2.37e-10 9.74e-08 1.15e-10 0.178
 24   -9.866825028972e-02 -9.866825397288e-02 2.84e-11 4.42e-06 1.40e-11 0.181
 25   -9.866825166545e-02 -9.866825206010e-02 3.02e-12 3.23e-06 1.50e-12 0.184
 26   -9.866825181418e-02 -9.866825185542e-02 3.06e-13 2.70e-05 1.53e-13 0.186
 27   -9.866825182992e-02 -9.866825183462e-02 3.25e-14 1.57e-04 1.60e-14 0.189
 28   -9.866825183161e-02 -9.866825183265e-02 7.11e-15 1.24e-04 2.62e-15 0.192
 29   -9.866825183189e-02 -9.866825183238e-02 4.05e-15 3.21e-03 5.68e-16 0.194
Numerical error in objective
Restoring previous solution


Suboptimal solution found in 30 iterations and 0.20 seconds
Objective -9.86681345e-02
Primal infeasibility (abs/rel): 4.32e-09/2.16e-09
Dual infeasibility   (abs/rel): 5.46e-09/4.95e-09
Complementarity gap  (abs/rel): 1.14e-09/1.04e-09


Barrier finished in 0.20 seconds
Dual variables for problems with quadratic constraints not returned.
