cuOpt version: 26.10.0, git hash: 648f805d, host arch: x86_64, device archs: 80-real
CPU: AMD EPYC 7642 48-Core Processor, threads: 5C/5T, RAM usage: 42.43/503.74GiB
CPU SIMD target: AVX2
CUDA 12.9, device: NVIDIA A100 80GB PCIe (ID 0), VRAM: 79.44 GiB
CUDA device UUID: 68df5cf5-71f9-6a93-b428-460c080ffb10
Problem has 1 quadratic constraints. Converting to second-order cones and solving with barrier.
Handling 50 free variables directly in augmented system
Presolved problem: 5103 constraints 10102 variables 265152 nonzeros
Skipping Ruiz equilibration (row norm ratio 1.4, column norm ratio 1.4 < 5e4, Q coeff ratio 1.0 < 100)
Barrier solver started at 0.028 seconds
Barrier solver: 5103 constraints, 10102 variables, 265152 nonzeros


Second-order cones          : 1
Free variables              : 50
Upper bounds                : 5000
Linear system               : augmented
cuDSS Version               : 0.7.1
cuDSS Threading layer       : libcudss_mtlayer_gomp.so.0
Reordering time             : 0.058s
Symbolic factorization time : 0.023s
Symbolic nonzeros in factor : 2.79e+05
Elapsed time for augmented  : 0.117 seconds
Elapsed time           : 0.117 seconds
Barrier setup complete at 0.117 seconds
Adaptive regularization enabled


                  Objective                         Infeasibility        Time
Iter   Primal              Dual                Primal   Dual    Compl.   Elapsed
  0   -3.704296579021e+02 -3.711143874095e+02 3.71e+03 1.91e+00 1.19e-02 0.117
  1   -3.743805307961e+01 -3.496794821106e+02 3.74e+02 7.84e-02 1.66e-02 0.120
  2   -3.890892603329e+00 -2.098000848632e+02 3.81e+01 4.70e-02 1.33e-02 0.123
  3   -4.432644689223e-01 -3.239481420163e+01 3.86e+00 5.32e-03 4.56e-03 0.125
  4   -9.292787355719e-02 -4.513226455587e+00 4.09e-01 5.69e-04 6.47e-04 0.128
  5   -5.630208097227e-02 -7.110613472934e-01 4.09e-02 5.69e-05 8.81e-05 0.131
  6   -5.679115458282e-02 -2.028173655795e-01 9.03e-03 1.26e-05 1.79e-05 0.133
  7   -6.885150901939e-02 -1.407273407976e-01 4.00e-03 5.57e-06 7.64e-06 0.136
  8   -7.258871900773e-02 -1.393006730274e-01 3.43e-03 4.78e-06 1.78e-05 0.139
  9   -7.504650686167e-02 -1.376440057530e-01 2.99e-03 4.18e-06 3.86e-05 0.141
 10   -7.959333533256e-02 -1.323717340506e-01 2.28e-03 3.21e-06 6.84e-05 0.144
 11   -8.076570998767e-02 -1.311923723349e-01 1.89e-03 2.69e-06 7.26e-05 0.147
 12   -8.623964389968e-02 -1.226284034365e-01 1.10e-03 1.56e-06 6.79e-05 0.149
 13   -8.791721825387e-02 -1.184098075488e-01 7.44e-04 1.07e-06 1.45e-04 0.152
 14   -9.323285897037e-02 -1.086322151222e-01 3.17e-04 4.60e-07 7.57e-05 0.155
 15   -9.543165632266e-02 -1.045150230824e-01 1.39e-04 2.04e-07 3.89e-05 0.157
 16   -9.737225578851e-02 -1.012379973606e-01 5.18e-05 7.31e-08 1.38e-05 0.160
 17   -9.813396940764e-02 -9.988791745291e-02 1.81e-05 2.61e-08 5.79e-06 0.163
 18   -9.850905665044e-02 -9.926539661300e-02 5.95e-06 1.28e-08 3.99e-06 0.166
 19   -9.876128923638e-02 -9.891001822361e-02 1.07e-06 3.69e-09 6.55e-07 0.168
 20   -9.881065283327e-02 -9.884131053734e-02 2.02e-07 4.45e-09 1.12e-07 0.171
 21   -9.882154075321e-02 -9.882650461995e-02 3.24e-08 2.64e-09 1.60e-08 0.174
 22   -9.882338852391e-02 -9.882399876499e-02 3.99e-09 4.22e-09 1.84e-09 0.176
 23   -9.882361782607e-02 -9.882368716475e-02 4.54e-10 1.05e-07 2.07e-10 0.179
 24   -9.882364378751e-02 -9.882365174860e-02 5.22e-11 1.78e-06 2.41e-11 0.182
 25   -9.882364679518e-02 -9.882364763150e-02 5.48e-12 1.76e-09 2.53e-12 0.184


Optimal solution found in 25 iterations and 0.184s
Objective -9.88236468e-02
Primal infeasibility (abs/rel): 1.10e-11/5.48e-12
Dual infeasibility   (abs/rel): 1.94e-09/1.76e-09
Complementarity gap  (abs/rel): 2.78e-12/2.53e-12


Barrier finished in 0.19 seconds
Dual variables for problems with quadratic constraints not returned.
