cuOpt version: 26.10.0, git hash: 648f805d, host arch: x86_64, device archs: 80-real
CPU: AMD EPYC 7642 48-Core Processor, threads: 5C/5T, RAM usage: 43.76/503.74GiB
CPU SIMD target: AVX2
CUDA 12.9, device: NVIDIA A100 80GB PCIe (ID 0), VRAM: 79.44 GiB
CUDA device UUID: 68df5cf5-71f9-6a93-b428-460c080ffb10
Problem has 1 quadratic constraints. Converting to second-order cones and solving with barrier.
Handling 50 free variables directly in augmented system
Presolved problem: 5103 constraints 10102 variables 265152 nonzeros
Skipping Ruiz equilibration (row norm ratio 1.4, column norm ratio 1.4 < 5e4, Q coeff ratio 1.0 < 100)
Barrier solver started at 0.027 seconds
Barrier solver: 5103 constraints, 10102 variables, 265152 nonzeros


Second-order cones          : 1
Free variables              : 50
Upper bounds                : 5000
Linear system               : augmented
cuDSS Version               : 0.7.1
cuDSS Threading layer       : libcudss_mtlayer_gomp.so.0
Reordering time             : 0.054s
Symbolic factorization time : 0.023s
Symbolic nonzeros in factor : 2.79e+05
Elapsed time for augmented  : 0.111 seconds
Elapsed time           : 0.111 seconds
Barrier setup complete at 0.111 seconds
Adaptive regularization enabled


                  Objective                         Infeasibility        Time
Iter   Primal              Dual                Primal   Dual    Compl.   Elapsed
  0   -3.704490508896e+02 -3.710981922775e+02 3.71e+03 1.91e+00 1.19e-02 0.111
  1   -3.743964467621e+01 -3.496632394489e+02 3.74e+02 7.84e-02 1.66e-02 0.114
  2   -3.890973967297e+00 -2.097851600000e+02 3.80e+01 4.70e-02 1.33e-02 0.117
  3   -4.433049755011e-01 -3.239282439934e+01 3.86e+00 5.32e-03 4.56e-03 0.120
  4   -9.294831972287e-02 -4.513914902659e+00 4.09e-01 5.69e-04 6.48e-04 0.122
  5   -5.630835787080e-02 -7.111924365117e-01 4.09e-02 5.69e-05 8.82e-05 0.125
  6   -5.679488030631e-02 -2.026136032093e-01 9.02e-03 1.26e-05 1.79e-05 0.128
  7   -6.896530079878e-02 -1.398856224641e-01 3.95e-03 5.50e-06 7.54e-06 0.130
  8   -7.265414226347e-02 -1.383512925681e-01 3.39e-03 4.74e-06 1.52e-05 0.133
  9   -7.517423330882e-02 -1.367378144598e-01 2.94e-03 4.12e-06 3.18e-05 0.136
 10   -8.010500245683e-02 -1.310526189385e-01 2.18e-03 3.07e-06 5.61e-05 0.138
 11   -8.097107730753e-02 -1.301714529264e-01 1.87e-03 2.66e-06 6.37e-05 0.141
 12   -8.583611916427e-02 -1.223433678801e-01 1.22e-03 1.74e-06 6.63e-05 0.144
 13   -8.644708010741e-02 -1.199860194762e-01 9.35e-04 1.35e-06 1.63e-04 0.146
 14   -9.130500778378e-02 -1.112989507801e-01 4.56e-04 6.64e-07 1.28e-04 0.149
 15   -9.468300008943e-02 -1.049463261080e-01 1.98e-04 2.90e-07 7.18e-05 0.152
 16   -9.695715769294e-02 -1.010557051868e-01 6.64e-05 9.21e-08 1.77e-05 0.154
 17   -9.770226951119e-02 -9.967226093056e-02 2.37e-05 3.29e-08 8.18e-06 0.157
 18   -9.815207495308e-02 -9.892737728611e-02 6.96e-06 1.32e-08 4.43e-06 0.160
 19   -9.841130576576e-02 -9.856112291913e-02 1.20e-06 4.48e-09 6.72e-07 0.162
 20   -9.846151515759e-02 -9.849169114996e-02 2.40e-07 5.11e-09 1.18e-07 0.165
 21   -9.847187954669e-02 -9.847734134264e-02 4.29e-08 3.48e-09 1.83e-08 0.168
 22   -9.847384543931e-02 -9.847463019784e-02 6.13e-09 3.95e-09 2.26e-09 0.171
 23   -9.847412770453e-02 -9.847424165789e-02 8.91e-10 3.73e-08 2.98e-10 0.173
 24   -9.847416898668e-02 -9.847418478564e-02 1.24e-10 2.10e-06 3.84e-11 0.176
 25   -9.847417482665e-02 -9.847417671913e-02 1.48e-11 1.56e-06 4.48e-12 0.179
 26   -9.847417553611e-02 -9.847417573399e-02 1.55e-12 4.11e-06 4.76e-13 0.181
 27   -9.847417561021e-02 -9.847417563081e-02 1.58e-13 3.58e-06 4.82e-14 0.184
 28   -9.847417561790e-02 -9.847417562031e-02 1.81e-14 2.51e-04 4.93e-15 0.187
 29   -9.847417561875e-02 -9.847417561927e-02 4.00e-15 2.50e-03 8.07e-16 0.189
Numerical error in objective
Restoring previous solution


Suboptimal solution found in 30 iterations and 0.19 seconds
Objective -9.84738454e-02
Primal infeasibility (abs/rel): 1.23e-08/6.13e-09
Dual infeasibility   (abs/rel): 4.35e-09/3.95e-09
Complementarity gap  (abs/rel): 2.48e-09/2.26e-09


Barrier finished in 0.19 seconds
Dual variables for problems with quadratic constraints not returned.
