cuOpt version: 26.10.0, git hash: 648f805d, host arch: x86_64, device archs: 80-real
CPU: AMD EPYC 7642 48-Core Processor, threads: 5C/5T, RAM usage: 44.92/503.74GiB
CPU SIMD target: AVX2
CUDA 12.9, device: NVIDIA A100 80GB PCIe (ID 0), VRAM: 79.44 GiB
CUDA device UUID: 68df5cf5-71f9-6a93-b428-460c080ffb10
Problem has 1 quadratic constraints. Converting to second-order cones and solving with barrier.
Handling 50 free variables directly in augmented system
Presolved problem: 5103 constraints 10102 variables 265152 nonzeros
Skipping Ruiz equilibration (row norm ratio 1.4, column norm ratio 1.4 < 5e4, Q coeff ratio 1.0 < 100)
Barrier solver started at 0.027 seconds
Barrier solver: 5103 constraints, 10102 variables, 265152 nonzeros


Second-order cones          : 1
Free variables              : 50
Upper bounds                : 5000
Linear system               : augmented
cuDSS Version               : 0.7.1
cuDSS Threading layer       : libcudss_mtlayer_gomp.so.0
Reordering time             : 0.054s
Symbolic factorization time : 0.024s
Symbolic nonzeros in factor : 2.79e+05
Elapsed time for augmented  : 0.111 seconds
Elapsed time           : 0.111 seconds
Barrier setup complete at 0.111 seconds
Adaptive regularization enabled


                  Objective                         Infeasibility        Time
Iter   Primal              Dual                Primal   Dual    Compl.   Elapsed
  0   -3.702779911923e+02 -3.710340990992e+02 3.71e+03 1.91e+00 1.19e-02 0.112
  1   -3.742292114291e+01 -3.495990552830e+02 3.74e+02 7.84e-02 1.66e-02 0.114
  2   -3.889384317015e+00 -2.097327989232e+02 3.80e+01 4.70e-02 1.33e-02 0.117
  3   -4.430960190899e-01 -3.238133792625e+01 3.86e+00 5.32e-03 4.56e-03 0.120
  4   -9.289011895926e-02 -4.510661990832e+00 4.09e-01 5.68e-04 6.47e-04 0.123
  5   -5.628863688609e-02 -7.106311915414e-01 4.09e-02 5.69e-05 8.80e-05 0.125
  6   -5.677850734688e-02 -2.029428521468e-01 9.04e-03 1.26e-05 1.79e-05 0.128
  7   -6.877281551745e-02 -1.406256974815e-01 4.00e-03 5.57e-06 7.64e-06 0.131
  8   -7.302451177081e-02 -1.387466998274e-01 3.31e-03 4.61e-06 2.33e-05 0.133
  9   -7.655453544614e-02 -1.353543153957e-01 2.71e-03 3.80e-06 5.34e-05 0.136
 10   -8.076390317047e-02 -1.302517162308e-01 2.00e-03 2.81e-06 7.65e-05 0.139
 11   -8.202070357097e-02 -1.286292256403e-01 1.65e-03 2.34e-06 7.72e-05 0.141
 12   -8.588661838041e-02 -1.221373795684e-01 1.12e-03 1.60e-06 7.21e-05 0.144
 13   -8.618591519723e-02 -1.205838266455e-01 9.23e-04 1.34e-06 1.19e-04 0.147
 14   -9.029766721145e-02 -1.130146605262e-01 4.98e-04 7.31e-07 1.12e-04 0.149
 15   -9.408563323413e-02 -1.058294172521e-01 2.31e-04 3.42e-07 7.25e-05 0.152
 16   -9.644060168866e-02 -1.017414387615e-01 8.51e-05 1.20e-07 2.08e-05 0.155
 17   -9.738363064910e-02 -9.984895367502e-02 2.27e-05 3.69e-08 1.33e-05 0.157
 18   -9.794097916296e-02 -9.902805033132e-02 9.28e-06 1.39e-08 7.00e-06 0.160
 19   -9.822795138337e-02 -9.860314581388e-02 2.30e-06 2.42e-09 2.19e-06 0.163
 20   -9.835886376107e-02 -9.842827955234e-02 4.02e-07 3.10e-09 3.65e-07 0.165
 21   -9.838495009919e-02 -9.839397449900e-02 5.22e-08 3.19e-09 4.28e-08 0.168
 22   -9.838837642764e-02 -9.838947271149e-02 6.35e-09 4.63e-09 4.79e-09 0.171
 23   -9.838879414065e-02 -9.838892333311e-02 7.49e-10 5.14e-09 5.27e-10 0.174
 24   -9.838884337909e-02 -9.838885845406e-02 8.75e-11 1.34e-06 5.74e-11 0.176
 25   -9.838884908264e-02 -9.838885090985e-02 1.07e-11 7.00e-06 6.26e-12 0.179
 26   -9.838884977384e-02 -9.838884998801e-02 1.27e-12 2.59e-06 6.77e-13 0.182
 27   -9.838884985520e-02 -9.838884987703e-02 1.32e-13 2.83e-05 7.01e-14 0.184
 28   -9.838884986330e-02 -9.838884986546e-02 1.30e-14 2.51e-04 7.58e-15 0.187
 29   -9.838884986408e-02 -9.838884986430e-02 1.55e-15 1.84e-03 1.05e-15 0.190
Numerical error in objective
Restoring previous solution


Suboptimal solution found in 30 iterations and 0.19 seconds
Objective -9.83883764e-02
Primal infeasibility (abs/rel): 1.27e-08/6.35e-09
Dual infeasibility   (abs/rel): 5.09e-09/4.63e-09
Complementarity gap  (abs/rel): 5.26e-09/4.79e-09


Barrier finished in 0.19 seconds
Dual variables for problems with quadratic constraints not returned.
