cuOpt version: 26.10.0, git hash: 648f805d, host arch: x86_64, device archs: 80-real
CPU: AMD EPYC 7642 48-Core Processor, threads: 5C/5T, RAM usage: 45.63/503.74GiB
CPU SIMD target: AVX2
CUDA 12.9, device: NVIDIA A100 80GB PCIe (ID 0), VRAM: 79.44 GiB
CUDA device UUID: 68df5cf5-71f9-6a93-b428-460c080ffb10
Problem has 1 quadratic constraints. Converting to second-order cones and solving with barrier.
Handling 50 free variables directly in augmented system
Presolved problem: 5103 constraints 10102 variables 265152 nonzeros
Skipping Ruiz equilibration (row norm ratio 1.4, column norm ratio 1.4 < 5e4, Q coeff ratio 1.0 < 100)
Barrier solver started at 0.025 seconds
Barrier solver: 5103 constraints, 10102 variables, 265152 nonzeros


Second-order cones          : 1
Free variables              : 50
Upper bounds                : 5000
Linear system               : augmented
cuDSS Version               : 0.7.1
cuDSS Threading layer       : libcudss_mtlayer_gomp.so.0
Reordering time             : 0.053s
Symbolic factorization time : 0.023s
Symbolic nonzeros in factor : 2.79e+05
Elapsed time for augmented  : 0.108 seconds
Elapsed time           : 0.108 seconds
Barrier setup complete at 0.108 seconds
Adaptive regularization enabled


                  Objective                         Infeasibility        Time
Iter   Primal              Dual                Primal   Dual    Compl.   Elapsed
  0   -3.703336272695e+02 -3.710584120459e+02 3.71e+03 1.91e+00 1.19e-02 0.108
  1   -3.742835984476e+01 -3.496234222363e+02 3.74e+02 7.84e-02 1.66e-02 0.111
  2   -3.889891364414e+00 -2.097525630399e+02 3.80e+01 4.70e-02 1.33e-02 0.114
  3   -4.431513641131e-01 -3.238487899184e+01 3.86e+00 5.32e-03 4.56e-03 0.117
  4   -9.290142444049e-02 -4.511186281053e+00 4.09e-01 5.68e-04 6.47e-04 0.119
  5   -5.629485302125e-02 -7.107169765798e-01 4.09e-02 5.69e-05 8.80e-05 0.122
  6   -5.678749156995e-02 -2.022550399438e-01 9.00e-03 1.25e-05 1.78e-05 0.125
  7   -6.897687261264e-02 -1.397790128532e-01 3.95e-03 5.49e-06 7.54e-06 0.128
  8   -7.282185220639e-02 -1.381517487913e-01 3.36e-03 4.69e-06 1.62e-05 0.130
  9   -7.616766903915e-02 -1.355760417655e-01 2.78e-03 3.89e-06 4.07e-05 0.133
 10   -8.140869869742e-02 -1.291288338974e-01 1.96e-03 2.77e-06 7.18e-05 0.136
 11   -8.230152475264e-02 -1.279816287543e-01 1.67e-03 2.38e-06 7.59e-05 0.139
 12   -8.637424860438e-02 -1.212614666773e-01 1.12e-03 1.60e-06 7.34e-05 0.141
 13   -8.677949010984e-02 -1.193366797147e-01 8.97e-04 1.30e-06 1.51e-04 0.144
 14   -9.118541802442e-02 -1.114998989754e-01 4.43e-04 6.48e-07 1.29e-04 0.147
 15   -9.484234622035e-02 -1.046230824465e-01 1.91e-04 2.81e-07 7.71e-05 0.149
 16   -9.681936340959e-02 -1.011953266582e-01 5.89e-05 8.12e-08 1.88e-05 0.152
 17   -9.766636639901e-02 -9.971237238061e-02 2.06e-05 2.97e-08 1.15e-05 0.155
 18   -9.819811242085e-02 -9.890742143683e-02 6.41e-06 8.11e-09 3.96e-06 0.158
 19   -9.842627360111e-02 -9.857431095895e-02 1.13e-06 2.59e-09 6.65e-07 0.160
 20   -9.847894542820e-02 -9.850150772043e-02 1.71e-07 2.64e-09 8.55e-08 0.163
 21   -9.848704657623e-02 -9.849036518342e-02 2.51e-08 2.71e-09 1.06e-08 0.166
 22   -9.848823641033e-02 -9.848873038965e-02 3.73e-09 4.91e-09 1.30e-09 0.169
 23   -9.848841362382e-02 -9.848848674995e-02 5.53e-10 4.76e-08 1.63e-10 0.171
 24   -9.848844001371e-02 -9.848845033919e-02 7.82e-11 2.12e-06 2.31e-11 0.174
 25   -9.848844381138e-02 -9.848844505157e-02 9.46e-12 5.47e-06 2.79e-12 0.177
 26   -9.848844427349e-02 -9.848844439772e-02 9.58e-13 2.37e-05 2.82e-13 0.180
 27   -9.848844431918e-02 -9.848844433155e-02 9.68e-14 1.26e-04 2.84e-14 0.182
 28   -9.848844432356e-02 -9.848844432504e-02 1.21e-14 1.00e-03 3.43e-15 0.185
 29   -9.848844432392e-02 -9.848844432448e-02 4.44e-15 7.68e-03 1.59e-15 0.188
Numerical error in objective
Restoring previous solution


Suboptimal solution found in 30 iterations and 0.19 seconds
Objective -9.84882364e-02
Primal infeasibility (abs/rel): 7.46e-09/3.73e-09
Dual infeasibility   (abs/rel): 5.41e-09/4.91e-09
Complementarity gap  (abs/rel): 1.43e-09/1.30e-09


Barrier finished in 0.19 seconds
Dual variables for problems with quadratic constraints not returned.
