cuOpt version: 26.10.0, git hash: 648f805d, host arch: x86_64, device archs: 80-real
CPU: AMD EPYC 7642 48-Core Processor, threads: 5C/5T, RAM usage: 46.19/503.74GiB
CPU SIMD target: AVX2
CUDA 12.9, device: NVIDIA A100 80GB PCIe (ID 0), VRAM: 79.44 GiB
CUDA device UUID: 68df5cf5-71f9-6a93-b428-460c080ffb10
Problem has 1 quadratic constraints. Converting to second-order cones and solving with barrier.
Handling 50 free variables directly in augmented system
Presolved problem: 5103 constraints 10102 variables 265152 nonzeros
Skipping Ruiz equilibration (row norm ratio 1.4, column norm ratio 1.4 < 5e4, Q coeff ratio 1.0 < 100)
Barrier solver started at 0.024 seconds
Barrier solver: 5103 constraints, 10102 variables, 265152 nonzeros


Second-order cones          : 1
Free variables              : 50
Upper bounds                : 5000
Linear system               : augmented
cuDSS Version               : 0.7.1
cuDSS Threading layer       : libcudss_mtlayer_gomp.so.0
Reordering time             : 0.054s
Symbolic factorization time : 0.023s
Symbolic nonzeros in factor : 2.79e+05
Elapsed time for augmented  : 0.110 seconds
Elapsed time           : 0.110 seconds
Barrier setup complete at 0.110 seconds
Adaptive regularization enabled


                  Objective                         Infeasibility        Time
Iter   Primal              Dual                Primal   Dual    Compl.   Elapsed
  0   -3.703532868363e+02 -3.711197926069e+02 3.71e+03 1.91e+00 1.19e-02 0.110
  1   -3.743020868906e+01 -3.496848610836e+02 3.74e+02 7.84e-02 1.66e-02 0.113
  2   -3.890059366664e+00 -2.098043272791e+02 3.81e+01 4.70e-02 1.33e-02 0.116
  3   -4.431777813650e-01 -3.239602590101e+01 3.86e+00 5.32e-03 4.56e-03 0.118
  4   -9.291230811527e-02 -4.513678223616e+00 4.09e-01 5.69e-04 6.47e-04 0.121
  5   -5.628994161693e-02 -7.111300826772e-01 4.09e-02 5.69e-05 8.81e-05 0.124
  6   -5.677713644450e-02 -2.036548707239e-01 9.09e-03 1.26e-05 1.79e-05 0.127
  7   -6.866774696231e-02 -1.414264038406e-01 4.04e-03 5.63e-06 7.72e-06 0.129
  8   -7.207295049536e-02 -1.401650105505e-01 3.50e-03 4.89e-06 1.87e-05 0.132
  9   -7.496101490889e-02 -1.380234684813e-01 3.01e-03 4.22e-06 5.03e-05 0.135
 10   -7.823422674873e-02 -1.350599213532e-01 2.39e-03 3.37e-06 8.91e-05 0.137
 11   -8.152346305217e-02 -1.310851829961e-01 1.69e-03 2.41e-06 1.06e-04 0.140
 12   -8.327939747514e-02 -1.280423712425e-01 1.29e-03 1.86e-06 1.04e-04 0.143
 13   -8.489140230561e-02 -1.243990835860e-01 9.96e-04 1.44e-06 1.32e-04 0.145
 14   -9.110486623734e-02 -1.119826817535e-01 4.44e-04 6.50e-07 8.40e-05 0.148
 15   -9.428676904200e-02 -1.059661936240e-01 2.09e-04 3.08e-07 4.00e-05 0.151
 16   -9.612661127984e-02 -1.026490436064e-01 1.09e-04 1.60e-07 1.72e-05 0.153
 17   -9.686004931981e-02 -1.009002078760e-01 4.72e-05 7.85e-08 2.49e-05 0.156
 18   -9.790470758183e-02 -9.921227802295e-02 1.22e-05 1.48e-08 5.71e-06 0.159
 19   -9.823146759671e-02 -9.869718393218e-02 3.83e-06 3.61e-09 2.12e-06 0.161
 20   -9.837746887811e-02 -9.847740201473e-02 6.35e-07 1.74e-09 3.56e-07 0.164
 21   -9.841335583979e-02 -9.842802390735e-02 9.26e-08 2.53e-09 4.78e-08 0.167
 22   -9.841871441646e-02 -9.842067398970e-02 1.24e-08 7.07e-09 5.64e-09 0.169
 23   -9.841942946935e-02 -9.841969279388e-02 1.66e-09 1.53e-08 6.39e-10 0.172
 24   -9.841952528408e-02 -9.841956116546e-02 2.27e-10 2.05e-06 7.38e-11 0.175
 25   -9.841953849355e-02 -9.841954297469e-02 2.84e-11 4.17e-06 8.40e-12 0.177
 26   -9.841954017515e-02 -9.841954064331e-02 2.99e-12 3.45e-06 8.84e-13 0.180
 27   -9.841954035033e-02 -9.841954039726e-02 3.02e-13 2.46e-05 8.98e-14 0.183
 28   -9.841954036758e-02 -9.841954037275e-02 3.33e-14 3.18e-04 9.29e-15 0.185
 29   -9.841954036944e-02 -9.841954037010e-02 4.22e-15 4.34e-03 1.17e-15 0.188
 30   -9.841954036966e-02 -9.841954036979e-02 7.77e-16 1.95e-02 3.51e-16 0.191
Numerical error in objective
Primal residual -nan dual residual -nan complementarity residual -nan
Search direction computation failed
Barrier finished in 0.19 seconds
Barrier Solve status A numerical error was encountered.
Dual variables for problems with quadratic constraints not returned.
