cuOpt version: 26.10.0, git hash: 648f805d, host arch: x86_64, device archs: 80-real
CPU: AMD EPYC 7642 48-Core Processor, threads: 5C/5T, RAM usage: 47.36/503.74GiB
CPU SIMD target: AVX2
CUDA 12.9, device: NVIDIA A100 80GB PCIe (ID 0), VRAM: 79.44 GiB
CUDA device UUID: 68df5cf5-71f9-6a93-b428-460c080ffb10
Problem has 1 quadratic constraints. Converting to second-order cones and solving with barrier.
Handling 50 free variables directly in augmented system
Presolved problem: 5103 constraints 10102 variables 265152 nonzeros
Skipping Ruiz equilibration (row norm ratio 1.4, column norm ratio 1.4 < 5e4, Q coeff ratio 1.0 < 100)
Barrier solver started at 0.027 seconds
Barrier solver: 5103 constraints, 10102 variables, 265152 nonzeros


Second-order cones          : 1
Free variables              : 50
Upper bounds                : 5000
Linear system               : augmented
cuDSS Version               : 0.7.1
cuDSS Threading layer       : libcudss_mtlayer_gomp.so.0
Reordering time             : 0.065s
Symbolic factorization time : 0.023s
Symbolic nonzeros in factor : 2.79e+05
Elapsed time for augmented  : 0.122 seconds
Elapsed time           : 0.122 seconds
Barrier setup complete at 0.122 seconds
Adaptive regularization enabled


                  Objective                         Infeasibility        Time
Iter   Primal              Dual                Primal   Dual    Compl.   Elapsed
  0   -3.705152443471e+02 -3.711033693861e+02 3.71e+03 1.91e+00 1.19e-02 0.122
  1   -3.744593021659e+01 -3.496684576181e+02 3.74e+02 7.84e-02 1.66e-02 0.125
  2   -3.891507457228e+00 -2.097876982036e+02 3.80e+01 4.70e-02 1.33e-02 0.128
  3   -4.433598734375e-01 -3.239205143390e+01 3.86e+00 5.32e-03 4.56e-03 0.130
  4   -9.295418044593e-02 -4.513112193658e+00 4.09e-01 5.69e-04 6.47e-04 0.133
  5   -5.631920787357e-02 -7.110530572404e-01 4.09e-02 5.69e-05 8.81e-05 0.136
  6   -5.681228397457e-02 -2.029575753816e-01 9.04e-03 1.26e-05 1.79e-05 0.138
  7   -6.884369740622e-02 -1.408422056455e-01 4.01e-03 5.58e-06 7.65e-06 0.141
  8   -7.336408883291e-02 -1.390158422690e-01 3.29e-03 4.58e-06 2.40e-05 0.144
  9   -7.493816050434e-02 -1.380497865576e-01 2.96e-03 4.15e-06 4.18e-05 0.146
 10   -7.994408876501e-02 -1.314911895895e-01 2.24e-03 3.14e-06 7.17e-05 0.149
 11   -8.185150764395e-02 -1.294872996897e-01 1.68e-03 2.39e-06 8.30e-05 0.152
 12   -8.592289617321e-02 -1.227211061780e-01 1.11e-03 1.59e-06 8.11e-05 0.154
 13   -8.642156454345e-02 -1.206850087079e-01 8.62e-04 1.25e-06 1.34e-04 0.157
 14   -9.097322308410e-02 -1.124595657799e-01 4.87e-04 7.10e-07 1.14e-04 0.160
 15   -9.449661388130e-02 -1.056847590336e-01 2.15e-04 3.16e-07 5.70e-05 0.162
 16   -9.660996660246e-02 -1.019821054280e-01 8.63e-05 1.24e-07 1.76e-05 0.165
 17   -9.754897322527e-02 -1.001928482119e-01 3.01e-05 4.82e-08 1.11e-05 0.168
 18   -9.822218410670e-02 -9.913789682680e-02 8.02e-06 1.05e-08 3.00e-06 0.170
 19   -9.849584159412e-02 -9.873478544772e-02 1.79e-06 2.50e-09 7.08e-07 0.173
 20   -9.857637747964e-02 -9.862339598191e-02 3.46e-07 2.40e-09 1.28e-07 0.176
 21   -9.859309094714e-02 -9.860039964723e-02 5.34e-08 3.48e-09 1.71e-08 0.178
 22   -9.859576262807e-02 -9.859673182673e-02 7.08e-09 7.42e-09 2.00e-09 0.181
 23   -9.859612116194e-02 -9.859623935436e-02 8.64e-10 8.49e-09 2.25e-10 0.184
 24   -9.859616528770e-02 -9.859617857060e-02 9.72e-11 3.09e-06 2.50e-11 0.187
 25   -9.859617028294e-02 -9.859617166125e-02 1.01e-11 8.72e-06 2.60e-12 0.189
 26   -9.859617080140e-02 -9.859617094040e-02 1.02e-12 1.07e-05 2.63e-13 0.192
 27   -9.859617085336e-02 -9.859617086768e-02 1.06e-13 1.50e-04 2.72e-14 0.195
 28   -9.859617085859e-02 -9.859617086030e-02 1.27e-14 8.82e-04 3.56e-15 0.197
 29   -9.859617085922e-02 -9.859617085939e-02 1.11e-15 7.03e-03 3.28e-16 0.200
Numerical error in objective
Restoring previous solution


Suboptimal solution found in 30 iterations and 0.20 seconds
Objective -9.85957626e-02
Primal infeasibility (abs/rel): 1.42e-08/7.08e-09
Dual infeasibility   (abs/rel): 8.17e-09/7.42e-09
Complementarity gap  (abs/rel): 2.20e-09/2.00e-09


Barrier finished in 0.20 seconds
Dual variables for problems with quadratic constraints not returned.
