cuOpt version: 26.10.0, git hash: 648f805d, host arch: x86_64, device archs: 80-real
CPU: AMD EPYC 7642 48-Core Processor, threads: 5C/5T, RAM usage: 14.95/503.74GiB
CPU SIMD target: AVX2
CUDA 12.9, device: NVIDIA A100 80GB PCIe (ID 0), VRAM: 79.44 GiB
CUDA device UUID: 68df5cf5-71f9-6a93-b428-460c080ffb10
Problem has 1 quadratic constraints. Converting to second-order cones and solving with barrier.
Barrier: reusing cache (skip convert/presolve/scaling)
Barrier solver started at 0.00 seconds
Barrier solver: 5103 constraints, 10102 variables, 265152 nonzeros
Barrier setup complete at 0.00 seconds
Elapsed time                : 0.00s
Adaptive regularization enabled


                  Objective                         Infeasibility        Time
Iter   Primal              Dual                Primal   Dual    Compl.   Elapsed
  0   -3.702624119443e+02 -3.710387458059e+02 3.71e+03 1.91e+00 1.19e-02 0.0
  1   -4.136636484816e+00 -3.474601645164e+02 4.01e+01 2.77e-01 6.50e-02 0.0
  2   -1.039518362250e-01 -2.487140678162e+01 4.69e-01 7.85e-03 4.78e-03 0.0
  3   -5.493965881654e-02 -6.425639186560e-01 4.69e-03 7.91e-05 1.48e-04 0.0
  4   -5.853205540329e-02 -1.359055184408e-01 6.17e-04 1.04e-05 1.72e-05 0.0
  5   -6.752262788005e-02 -1.382889562896e-01 4.87e-04 8.20e-06 3.00e-05 0.0
  6   -6.909308643533e-02 -1.385283236887e-01 4.47e-04 7.53e-06 4.23e-05 0.0
  7   -8.140921929970e-02 -1.243462474045e-01 2.48e-04 4.17e-06 7.51e-05 0.0
  8   -8.155823317758e-02 -1.241861441018e-01 2.32e-04 3.91e-06 7.37e-05 0.0
  9   -8.323126950205e-02 -1.230408470612e-01 1.85e-04 3.12e-06 2.17e-04 0.0
 10   -8.338538478441e-02 -1.218653039955e-01 1.59e-04 2.67e-06 3.59e-04 0.1
 11   -9.171618093223e-02 -1.095585688518e-01 6.76e-05 1.14e-06 1.14e-04 0.1
 12   -9.235011047956e-02 -1.081514288795e-01 5.23e-05 8.80e-07 1.34e-04 0.1
 13   -9.592592044887e-02 -1.025477579450e-01 1.90e-05 3.20e-07 6.40e-05 0.1
 14   -9.614587680786e-02 -1.018815110784e-01 1.36e-05 2.30e-07 7.67e-05 0.1
 15   -9.733930721818e-02 -1.002250479739e-01 6.13e-06 1.03e-07 3.37e-05 0.1
 16   -9.760405845887e-02 -9.973277575228e-02 3.64e-06 6.13e-08 3.20e-05 0.1
 17   -9.812132700706e-02 -9.901382750565e-02 1.31e-06 2.21e-08 1.27e-05 0.1
 18   -9.826862556012e-02 -9.878523325198e-02 5.79e-07 9.73e-09 8.12e-06 0.1
 19   -9.842352807284e-02 -9.858376974711e-02 1.54e-07 2.59e-09 2.46e-06 0.1
 20   -9.847368042760e-02 -9.851646617600e-02 2.95e-08 4.85e-10 6.70e-07 0.1
 21   -9.848854590947e-02 -9.849837584773e-02 6.39e-09 1.08e-10 1.53e-07 0.1
 22   -9.849231468890e-02 -9.849359155019e-02 5.64e-10 6.73e-12 1.53e-08 0.1
 23   -9.849280572280e-02 -9.849300663562e-02 8.87e-11 5.21e-12 2.50e-09 0.1
 24   -9.849289139823e-02 -9.849290442924e-02 5.72e-12 2.74e-10 1.61e-10 0.1
 25   -9.849289719718e-02 -9.849289749594e-02 1.14e-13 2.85e-09 3.63e-12 0.1


Optimal solution found in 25 iterations and 0.127s
Objective -9.84928972e-02
Primal infeasibility (abs/rel): 2.28e-13/1.14e-13
Dual infeasibility   (abs/rel): 3.14e-09/2.85e-09
Complementarity gap  (abs/rel): 3.99e-12/3.63e-12


Barrier finished in 0.13 seconds
Dual variables for problems with quadratic constraints not returned.
