cuOpt version: 26.10.0, git hash: 648f805d, host arch: x86_64, device archs: 80-real
CPU: AMD EPYC 7642 48-Core Processor, threads: 5C/5T, RAM usage: 15.02/503.74GiB
CPU SIMD target: AVX2
CUDA 12.9, device: NVIDIA A100 80GB PCIe (ID 0), VRAM: 79.44 GiB
CUDA device UUID: 68df5cf5-71f9-6a93-b428-460c080ffb10
Problem has 1 quadratic constraints. Converting to second-order cones and solving with barrier.
Barrier: reusing cache (skip convert/presolve/scaling)
Barrier solver started at 0.00 seconds
Barrier solver: 5103 constraints, 10102 variables, 265152 nonzeros
Barrier setup complete at 0.00 seconds
Elapsed time                : 0.00s
Adaptive regularization enabled


                  Objective                         Infeasibility        Time
Iter   Primal              Dual                Primal   Dual    Compl.   Elapsed
  0   -3.704490508896e+02 -3.710981922775e+02 3.71e+03 1.91e+00 1.19e-02 0.0
  1   -4.138703882017e+00 -3.475197441600e+02 4.01e+01 2.77e-01 6.50e-02 0.0
  2   -1.040077714720e-01 -2.488126401411e+01 4.69e-01 7.85e-03 4.78e-03 0.0
  3   -5.496009159231e-02 -6.429579754514e-01 4.69e-03 7.91e-05 1.48e-04 0.0
  4   -5.855201084765e-02 -1.359300793120e-01 6.17e-04 1.04e-05 1.72e-05 0.0
  5   -6.551675310995e-02 -1.377706752984e-01 5.18e-04 8.72e-06 2.04e-05 0.0
  6   -6.699932395296e-02 -1.382652692960e-01 4.83e-04 8.13e-06 2.72e-05 0.0
  7   -8.162897713548e-02 -1.249450474890e-01 2.43e-04 4.10e-06 7.09e-05 0.0
  8   -8.180531801527e-02 -1.245931780048e-01 2.22e-04 3.73e-06 1.19e-04 0.0
  9   -8.341023217424e-02 -1.237503075555e-01 1.77e-04 2.99e-06 2.86e-04 0.0
 10   -8.547850294522e-02 -1.209211746468e-01 1.01e-04 1.70e-06 2.64e-04 0.1
 11   -8.804419080818e-02 -1.151441603701e-01 5.31e-05 8.94e-07 4.51e-04 0.1
 12   -9.516379843845e-02 -1.038271681123e-01 1.31e-05 2.20e-07 1.16e-04 0.1
 13   -9.699352752118e-02 -1.008567441903e-01 4.62e-06 7.79e-08 3.36e-05 0.1
 14   -9.759936398203e-02 -9.965874885999e-02 1.54e-06 2.58e-08 3.72e-05 0.1
 15   -9.828623671796e-02 -9.873930122501e-02 3.11e-07 5.25e-09 7.79e-06 0.1
 16   -9.842334361795e-02 -9.853996776188e-02 6.38e-08 1.07e-09 2.36e-06 0.1
 17   -9.846598246603e-02 -9.848542723487e-02 1.05e-08 1.79e-10 3.91e-07 0.1
 18   -9.847269078948e-02 -9.847593838541e-02 8.63e-10 1.53e-11 3.58e-08 0.1
 19   -9.847405161192e-02 -9.847432731418e-02 7.30e-11 6.30e-12 3.07e-09 0.1
 20   -9.847416903807e-02 -9.847418318491e-02 2.21e-12 1.20e-10 8.58e-11 0.1
 21   -9.847417545171e-02 -9.847417582951e-02 6.08e-13 2.57e-07 2.34e-12 0.1
 22   -9.847417560860e-02 -9.847417563232e-02 3.82e-14 1.61e-08 1.47e-13 0.1
 23   -9.847417561873e-02 -9.847417561935e-02 7.77e-16 2.77e-10 3.13e-15 0.1


Optimal solution found in 23 iterations and 0.114s
Objective -9.84741756e-02
Primal infeasibility (abs/rel): 1.55e-15/7.77e-16
Dual infeasibility   (abs/rel): 3.05e-10/2.77e-10
Complementarity gap  (abs/rel): 3.44e-15/3.13e-15


Barrier finished in 0.11 seconds
Dual variables for problems with quadratic constraints not returned.
