cuOpt version: 26.10.0, git hash: 648f805d, host arch: x86_64, device archs: 80-real
CPU: AMD EPYC 7642 48-Core Processor, threads: 5C/5T, RAM usage: 14.98/503.74GiB
CPU SIMD target: AVX2
CUDA 12.9, device: NVIDIA A100 80GB PCIe (ID 0), VRAM: 79.44 GiB
CUDA device UUID: 68df5cf5-71f9-6a93-b428-460c080ffb10
Problem has 1 quadratic constraints. Converting to second-order cones and solving with barrier.
Barrier: reusing cache (skip convert/presolve/scaling)
Barrier solver started at 0.00 seconds
Barrier solver: 5103 constraints, 10102 variables, 265152 nonzeros
Barrier setup complete at 0.00 seconds
Elapsed time                : 0.00s
Adaptive regularization enabled


                  Objective                         Infeasibility        Time
Iter   Primal              Dual                Primal   Dual    Compl.   Elapsed
  0   -3.704562062107e+02 -3.710714720587e+02 3.71e+03 1.91e+00 1.19e-02 0.0
  1   -4.139037088259e+00 -3.474930274934e+02 4.01e+01 2.77e-01 6.49e-02 0.0
  2   -1.040203888891e-01 -2.487881575907e+01 4.69e-01 7.85e-03 4.78e-03 0.0
  3   -5.496595416765e-02 -6.428695019044e-01 4.69e-03 7.91e-05 1.48e-04 0.0
  4   -5.855928225679e-02 -1.358861132381e-01 6.16e-04 1.04e-05 1.71e-05 0.0
  5   -6.633604649580e-02 -1.378606070000e-01 5.05e-04 8.50e-06 2.41e-05 0.0
  6   -6.767698000492e-02 -1.382478097972e-01 4.72e-04 7.94e-06 2.82e-05 0.0
  7   -8.154108303846e-02 -1.247342887670e-01 2.42e-04 4.07e-06 6.14e-05 0.0
  8   -8.190808710705e-02 -1.244209937333e-01 2.17e-04 3.66e-06 8.71e-05 0.0
  9   -8.395606193256e-02 -1.227574618809e-01 1.64e-04 2.76e-06 2.16e-04 0.0
 10   -8.700148319946e-02 -1.186902318757e-01 9.08e-05 1.53e-06 1.29e-04 0.1
 11   -8.697032142413e-02 -1.174108832236e-01 7.64e-05 1.29e-06 2.76e-04 0.1
 12   -9.358726795461e-02 -1.067457897454e-01 2.99e-05 5.04e-07 8.74e-05 0.1
 13   -9.463697005462e-02 -1.048575363461e-01 2.02e-05 3.40e-07 1.04e-04 0.1
 14   -9.655186166744e-02 -1.018583955295e-01 9.24e-06 1.56e-07 4.87e-05 0.1
 15   -9.675468109103e-02 -1.012625020326e-01 6.45e-06 1.09e-07 5.65e-05 0.1
 16   -9.776305991455e-02 -9.979157808068e-02 2.60e-06 4.38e-08 2.43e-05 0.1
 17   -9.799883354306e-02 -9.937311977440e-02 1.43e-06 2.41e-08 2.19e-05 0.1
 18   -9.834287715315e-02 -9.888466968687e-02 4.83e-07 8.14e-09 8.19e-06 0.1
 19   -9.843936911993e-02 -9.873301157130e-02 1.92e-07 3.21e-09 4.62e-06 0.1
 20   -9.852857306080e-02 -9.861718191103e-02 5.09e-08 8.53e-10 1.36e-06 0.1
 21   -9.855799285616e-02 -9.857772072879e-02 7.85e-09 1.24e-10 3.01e-07 0.1
 22   -9.856497162521e-02 -9.856924218016e-02 1.62e-09 2.94e-11 6.48e-08 0.1
 23   -9.856660335207e-02 -9.856717527271e-02 1.56e-10 7.62e-11 6.75e-09 0.1
 24   -9.856682442203e-02 -9.856690975122e-02 2.32e-11 5.24e-10 1.01e-09 0.1
 25   -9.856686178682e-02 -9.856686495158e-02 8.59e-13 1.30e-08 3.34e-11 0.1
 26   -9.856686310477e-02 -9.856686340110e-02 7.93e-14 1.20e-09 2.70e-12 0.1


Optimal solution found in 26 iterations and 0.131s
Objective -9.85668631e-02
Primal infeasibility (abs/rel): 1.59e-13/7.93e-14
Dual infeasibility   (abs/rel): 1.33e-09/1.20e-09
Complementarity gap  (abs/rel): 2.96e-12/2.70e-12


Barrier finished in 0.13 seconds
Dual variables for problems with quadratic constraints not returned.
