cuOpt version: 26.10.0, git hash: 648f805d, host arch: x86_64, device archs: 80-real
CPU: AMD EPYC 7642 48-Core Processor, threads: 5C/5T, RAM usage: 14.96/503.74GiB
CPU SIMD target: AVX2
CUDA 12.9, device: NVIDIA A100 80GB PCIe (ID 0), VRAM: 79.44 GiB
CUDA device UUID: 68df5cf5-71f9-6a93-b428-460c080ffb10
Problem has 1 quadratic constraints. Converting to second-order cones and solving with barrier.
Barrier: reusing cache (skip convert/presolve/scaling)
Barrier solver started at 0.00 seconds
Barrier solver: 5103 constraints, 10102 variables, 265152 nonzeros
Barrier setup complete at 0.00 seconds
Elapsed time                : 0.00s
Adaptive regularization enabled


                  Objective                         Infeasibility        Time
Iter   Primal              Dual                Primal   Dual    Compl.   Elapsed
  0   -3.703993037120e+02 -3.711301956175e+02 3.71e+03 1.91e+00 1.19e-02 0.0
  1   -4.138311991348e+00 -3.475517914134e+02 4.01e+01 2.77e-01 6.50e-02 0.0
  2   -1.039811675448e-01 -2.488651170153e+01 4.69e-01 7.85e-03 4.78e-03 0.0
  3   -5.494896688005e-02 -6.429279200996e-01 4.69e-03 7.91e-05 1.48e-04 0.0
  4   -5.853996103246e-02 -1.361843852418e-01 6.19e-04 1.04e-05 1.73e-05 0.0
  5   -6.635118170697e-02 -1.384036203547e-01 5.08e-04 8.56e-06 2.50e-05 0.0
  6   -6.755105172102e-02 -1.387681128442e-01 4.78e-04 8.06e-06 3.38e-05 0.0
  7   -7.881700629495e-02 -1.279578299656e-01 2.93e-04 4.94e-06 7.37e-05 0.0
  8   -7.897143529294e-02 -1.278428036096e-01 2.78e-04 4.68e-06 9.91e-05 0.0
  9   -8.213079835109e-02 -1.254377164869e-01 1.99e-04 3.35e-06 2.83e-04 0.0
 10   -8.362960669447e-02 -1.222989785653e-01 1.43e-04 2.42e-06 4.82e-04 0.1
 11   -9.211723261993e-02 -1.094454130362e-01 5.97e-05 1.01e-06 1.57e-04 0.1
 12   -9.256768504163e-02 -1.080701258916e-01 4.52e-05 7.61e-07 1.88e-04 0.1
 13   -9.635546548161e-02 -1.021846247601e-01 1.50e-05 2.53e-07 7.13e-05 0.1
 14   -9.657156103836e-02 -1.015267926679e-01 1.04e-05 1.76e-07 7.65e-05 0.1
 15   -9.764142514797e-02 -1.000368196043e-01 4.57e-06 7.70e-08 3.26e-05 0.1
 16   -9.788322884566e-02 -9.958710569538e-02 2.59e-06 4.37e-08 2.84e-05 0.1
 17   -9.832454671127e-02 -9.897984583383e-02 8.61e-07 1.45e-08 1.05e-05 0.1
 18   -9.844488223994e-02 -9.879427820298e-02 3.43e-07 5.74e-09 6.00e-06 0.1
 19   -9.855275389274e-02 -9.865625209343e-02 9.00e-08 1.51e-09 1.75e-06 0.1
 20   -9.858603590617e-02 -9.861159229529e-02 1.55e-08 2.50e-10 4.13e-07 0.1
 21   -9.859514433454e-02 -9.860060397657e-02 3.17e-09 5.46e-11 8.87e-08 0.1
 22   -9.859720517291e-02 -9.859800041176e-02 3.46e-10 4.50e-12 1.07e-08 0.1
 23   -9.859754918586e-02 -9.859758616533e-02 1.61e-11 3.19e-11 4.83e-10 0.1
 24   -9.859756410590e-02 -9.859756831164e-02 1.75e-12 4.15e-08 5.30e-11 0.1
 25   -9.859756587287e-02 -9.859756623611e-02 1.43e-13 1.67e-07 4.81e-12 0.1
 26   -9.859756602576e-02 -9.859756605941e-02 1.32e-14 1.54e-08 4.44e-13 0.1
 27   -9.859756604067e-02 -9.859756604208e-02 5.00e-16 6.46e-10 1.84e-14 0.1


Optimal solution found in 27 iterations and 0.136s
Objective -9.85975660e-02
Primal infeasibility (abs/rel): 9.99e-16/5.00e-16
Dual infeasibility   (abs/rel): 7.12e-10/6.46e-10
Complementarity gap  (abs/rel): 2.02e-14/1.84e-14


Barrier finished in 0.14 seconds
Dual variables for problems with quadratic constraints not returned.
