cuOpt version: 26.10.0, git hash: 648f805d, host arch: x86_64, device archs: 80-real
CPU: AMD EPYC 7642 48-Core Processor, threads: 5C/5T, RAM usage: 40.00/503.74GiB
CPU SIMD target: AVX2
CUDA 12.9, device: NVIDIA A100 80GB PCIe (ID 0), VRAM: 79.44 GiB
CUDA device UUID: 68df5cf5-71f9-6a93-b428-460c080ffb10
Problem has 1 quadratic constraints. Converting to second-order cones and solving with barrier.
Handling 50 free variables directly in augmented system
Presolved problem: 5103 constraints 10102 variables 265152 nonzeros
Skipping Ruiz equilibration (row norm ratio 1.4, column norm ratio 1.4 < 5e4, Q coeff ratio 1.0 < 100)
Barrier solver started at 0.027 seconds
Barrier solver: 5103 constraints, 10102 variables, 265152 nonzeros


Second-order cones          : 1
Free variables              : 50
Upper bounds                : 5000
Linear system               : augmented
cuDSS Version               : 0.7.1
cuDSS Threading layer       : libcudss_mtlayer_gomp.so.0
Reordering time             : 0.054s
Symbolic factorization time : 0.023s
Symbolic nonzeros in factor : 2.79e+05
Elapsed time for augmented  : 0.112 seconds
Elapsed time           : 0.112 seconds
Barrier setup complete at 0.112 seconds
Adaptive regularization enabled


                  Objective                         Infeasibility        Time
Iter   Primal              Dual                Primal   Dual    Compl.   Elapsed
  0   -3.703336272695e+02 -3.710584120459e+02 3.71e+03 1.91e+00 1.19e-02 0.112
  1   -3.742835968768e+01 -3.496234222228e+02 3.74e+02 7.84e-02 1.66e-02 0.117
  2   -3.889891326073e+00 -2.097525625872e+02 3.80e+01 4.70e-02 1.33e-02 0.122
  3   -4.431513586697e-01 -3.238487871720e+01 3.86e+00 5.32e-03 4.56e-03 0.127
  4   -9.290142670452e-02 -4.511186467063e+00 4.09e-01 5.68e-04 6.47e-04 0.131
  5   -5.629485363532e-02 -7.107170023075e-01 4.09e-02 5.69e-05 8.80e-05 0.136
  6   -5.678749214779e-02 -2.022545233172e-01 9.00e-03 1.25e-05 1.78e-05 0.141
  7   -6.897692961448e-02 -1.397788792239e-01 3.95e-03 5.49e-06 7.54e-06 0.146
  8   -7.282123485310e-02 -1.381519501189e-01 3.36e-03 4.68e-06 1.62e-05 0.151
  9   -7.616605645300e-02 -1.355775786218e-01 2.78e-03 3.87e-06 4.07e-05 0.156
 10   -8.140740630075e-02 -1.291305806189e-01 1.96e-03 2.73e-06 7.17e-05 0.161
 11   -8.230045987668e-02 -1.279833335420e-01 1.67e-03 2.33e-06 7.59e-05 0.165
 12   -8.637334364588e-02 -1.212631672299e-01 1.12e-03 1.57e-06 7.34e-05 0.170
 13   -8.677831205871e-02 -1.193386280855e-01 8.97e-04 1.25e-06 1.52e-04 0.175
 14   -9.118494175085e-02 -1.115006252263e-01 4.43e-04 6.17e-07 1.28e-04 0.180
 15   -9.484063885767e-02 -1.046256705559e-01 1.91e-04 2.65e-07 7.72e-05 0.185
 16   -9.681956738793e-02 -1.011951297618e-01 5.89e-05 8.20e-08 1.88e-05 0.190
 17   -9.766649256491e-02 -9.971202912250e-02 2.06e-05 2.86e-08 1.15e-05 0.195
 18   -9.819793265760e-02 -9.890757429706e-02 6.42e-06 8.93e-09 3.96e-06 0.199
 19   -9.842623660028e-02 -9.857430047918e-02 1.13e-06 1.58e-09 6.65e-07 0.204
 20   -9.847892936963e-02 -9.850150594041e-02 1.71e-07 2.41e-10 8.55e-08 0.209
 21   -9.848704142567e-02 -9.849036541024e-02 2.51e-08 3.86e-11 1.05e-08 0.214
 22   -9.848823498298e-02 -9.848873054418e-02 3.74e-09 9.43e-12 1.30e-09 0.219
 23   -9.848841325329e-02 -9.848848678781e-02 5.54e-10 2.63e-11 1.63e-10 0.223
 24   -9.848843992473e-02 -9.848845034710e-02 7.84e-11 1.13e-07 2.31e-11 0.227
 25   -9.848844379284e-02 -9.848844505270e-02 9.47e-12 4.29e-07 2.80e-12 0.231
 26   -9.848844427059e-02 -9.848844439764e-02 9.56e-13 6.21e-08 2.82e-13 0.235
 27   -9.848844431838e-02 -9.848844433207e-02 1.03e-13 8.47e-08 3.04e-14 0.239
 28   -9.848844432357e-02 -9.848844432493e-02 1.04e-14 8.39e-07 3.05e-15 0.243
 29   -9.848844432408e-02 -9.848844432422e-02 8.88e-16 4.92e-06 4.03e-16 0.247
Numerical error in objective
Restoring previous solution


Suboptimal solution found in 30 iterations and 0.25 seconds
Objective -9.84882350e-02
Primal infeasibility (abs/rel): 7.47e-09/3.74e-09
Dual infeasibility   (abs/rel): 1.04e-11/9.43e-12
Complementarity gap  (abs/rel): 1.43e-09/1.30e-09


Barrier finished in 0.25 seconds
Dual variables for problems with quadratic constraints not returned.
