cuOpt version: 26.10.0, git hash: 648f805d, host arch: x86_64, device archs: 80-real
CPU: AMD EPYC 7642 48-Core Processor, threads: 5C/5T, RAM usage: 40.01/503.74GiB
CPU SIMD target: AVX2
CUDA 12.9, device: NVIDIA A100 80GB PCIe (ID 0), VRAM: 79.44 GiB
CUDA device UUID: 68df5cf5-71f9-6a93-b428-460c080ffb10
Problem has 1 quadratic constraints. Converting to second-order cones and solving with barrier.
Handling 50 free variables directly in augmented system
Presolved problem: 5103 constraints 10102 variables 265152 nonzeros
Skipping Ruiz equilibration (row norm ratio 1.4, column norm ratio 1.4 < 5e4, Q coeff ratio 1.0 < 100)
Barrier solver started at 0.025 seconds
Barrier solver: 5103 constraints, 10102 variables, 265152 nonzeros


Second-order cones          : 1
Free variables              : 50
Upper bounds                : 5000
Linear system               : augmented
cuDSS Version               : 0.7.1
cuDSS Threading layer       : libcudss_mtlayer_gomp.so.0
Reordering time             : 0.054s
Symbolic factorization time : 0.023s
Symbolic nonzeros in factor : 2.79e+05
Elapsed time for augmented  : 0.110 seconds
Elapsed time           : 0.110 seconds
Barrier setup complete at 0.110 seconds
Adaptive regularization enabled


                  Objective                         Infeasibility        Time
Iter   Primal              Dual                Primal   Dual    Compl.   Elapsed
  0   -3.704184917206e+02 -3.711180220135e+02 3.71e+03 1.91e+00 1.19e-02 0.110
  1   -3.743667632428e+01 -3.496831248362e+02 3.74e+02 7.84e-02 1.66e-02 0.115
  2   -3.890721331585e+00 -2.098022574723e+02 3.81e+01 4.70e-02 1.33e-02 0.120
  3   -4.432496086709e-01 -3.239510554239e+01 3.86e+00 5.32e-03 4.56e-03 0.125
  4   -9.292806748761e-02 -4.513484699151e+00 4.09e-01 5.69e-04 6.47e-04 0.130
  5   -5.630149952171e-02 -7.111030702774e-01 4.09e-02 5.69e-05 8.81e-05 0.134
  6   -5.679295694726e-02 -2.026136468379e-01 9.02e-03 1.26e-05 1.79e-05 0.139
  7   -6.890572690154e-02 -1.403836167693e-01 3.98e-03 5.54e-06 7.60e-06 0.144
  8   -7.267051701069e-02 -1.388421478890e-01 3.40e-03 4.73e-06 1.77e-05 0.149
  9   -7.530490956566e-02 -1.369570205652e-01 2.93e-03 4.07e-06 3.96e-05 0.154
 10   -8.048624826620e-02 -1.308041889560e-01 2.11e-03 2.94e-06 6.63e-05 0.159
 11   -8.161227252829e-02 -1.295500207906e-01 1.75e-03 2.44e-06 6.54e-05 0.163
 12   -8.609351466190e-02 -1.222948351047e-01 1.12e-03 1.56e-06 5.72e-05 0.168
 13   -8.679652430942e-02 -1.198287076065e-01 8.61e-04 1.20e-06 1.40e-04 0.173
 14   -9.167718182244e-02 -1.109621097313e-01 4.01e-04 5.58e-07 1.07e-04 0.178
 15   -9.491828535338e-02 -1.049794099643e-01 1.82e-04 2.54e-07 5.95e-05 0.183
 16   -9.708817280049e-02 -1.012773050671e-01 6.71e-05 9.34e-08 1.57e-05 0.187
 17   -9.787180999146e-02 -9.977318283274e-02 2.05e-05 2.85e-08 8.80e-06 0.192
 18   -9.838651133043e-02 -9.897106414672e-02 4.47e-06 6.22e-09 2.05e-06 0.197
 19   -9.857534586174e-02 -9.871151991356e-02 1.00e-06 1.39e-09 4.01e-07 0.202
 20   -9.862196056300e-02 -9.864810137278e-02 1.84e-07 2.58e-10 6.09e-08 0.207
 21   -9.863131212758e-02 -9.863558089533e-02 2.97e-08 4.33e-11 8.72e-09 0.211
 22   -9.863289721039e-02 -9.863347136821e-02 3.98e-09 1.85e-11 1.08e-09 0.216
 23   -9.863311468403e-02 -9.863318248414e-02 4.70e-10 1.29e-08 1.19e-10 0.220
 24   -9.863314051791e-02 -9.863314818715e-02 5.32e-11 1.36e-07 1.26e-11 0.224
 25   -9.863314347144e-02 -9.863314426727e-02 5.52e-12 2.33e-08 1.30e-12 0.228
 26   -9.863314377869e-02 -9.863314385961e-02 5.61e-13 5.04e-08 1.32e-13 0.232
 27   -9.863314381000e-02 -9.863314381812e-02 5.61e-14 1.30e-08 1.37e-14 0.236
 28   -9.863314381315e-02 -9.863314381397e-02 5.55e-15 9.37e-08 2.13e-15 0.240
 29   -9.863314381346e-02 -9.863314381357e-02 7.77e-16 4.56e-06 1.77e-16 0.244
Numerical error in objective
Restoring previous solution


Suboptimal solution found in 30 iterations and 0.25 seconds
Objective -9.86328972e-02
Primal infeasibility (abs/rel): 7.97e-09/3.98e-09
Dual infeasibility   (abs/rel): 2.04e-11/1.85e-11
Complementarity gap  (abs/rel): 1.19e-09/1.08e-09


Barrier finished in 0.25 seconds
Dual variables for problems with quadratic constraints not returned.
