cuOpt version: 26.10.0, git hash: 648f805d, host arch: x86_64, device archs: 80-real
CPU: AMD EPYC 7642 48-Core Processor, threads: 5C/5T, RAM usage: 26.54/503.74GiB
CPU SIMD target: AVX2
CUDA 12.9, device: NVIDIA A100 80GB PCIe (ID 0), VRAM: 79.44 GiB
CUDA device UUID: 68df5cf5-71f9-6a93-b428-460c080ffb10
Problem has 1 quadratic constraints. Converting to second-order cones and solving with barrier.
Handling 50 free variables directly in augmented system
Presolved problem: 5103 constraints 10102 variables 265152 nonzeros
Skipping Ruiz equilibration (row norm ratio 1.4, column norm ratio 1.4 < 5e4, Q coeff ratio 1.0 < 100)
Barrier solver started at 0.023 seconds
Barrier solver: 5103 constraints, 10102 variables, 265152 nonzeros


Second-order cones          : 1
Free variables              : 50
Upper bounds                : 5000
Linear system               : augmented
cuDSS Version               : 0.7.1
cuDSS Threading layer       : libcudss_mtlayer_gomp.so.0
Reordering time             : 0.199s
Symbolic factorization time : 0.023s
Symbolic nonzeros in factor : 2.79e+05
Elapsed time for augmented  : 0.252 seconds
Elapsed time           : 0.252 seconds
Barrier setup complete at 0.252 seconds
Adaptive regularization enabled


                  Objective                         Infeasibility        Time
Iter   Primal              Dual                Primal   Dual    Compl.   Elapsed
  0   -4.988371982382e-02 -6.261712008651e+04 5.00e+00 6.54e+02 7.21e+03 0.265
  1   -4.990598584412e-02 -1.142615795619e+04 8.90e-01 1.13e+02 1.44e+03 0.270
  2   -4.986577076630e-02 -1.907071495248e+03 8.91e-02 8.22e+00 2.69e+02 0.275
  3   -4.987328564285e-02 -2.193332369244e+02 9.57e-03 7.84e-01 3.54e+01 0.281
  4   -4.992241939697e-02 -2.431654567383e+01 1.05e-03 4.03e-01 3.84e+00 0.287
  5   -5.033599531426e-02 -3.249596421844e+00 1.38e-04 5.91e-02 5.04e-01 0.292
  6   -5.315648269486e-02 -7.257653713017e-01 2.89e-05 1.25e-02 1.06e-01 0.298
  7   -6.573708878622e-02 -2.619584472724e-01 6.80e-06 2.95e-03 2.45e-02 0.304
  8   -7.854460270332e-02 -1.817758669040e-01 1.19e-06 5.18e-04 4.21e-03 0.309
  9   -8.894258775761e-02 -1.222017550006e-01 3.68e-07 1.60e-04 1.32e-03 0.314
 10   -9.523789885888e-02 -1.050744361536e-01 7.24e-08 3.14e-05 2.03e-04 0.319
 11   -9.700911906378e-02 -1.013513671704e-01 2.94e-08 1.27e-05 8.09e-05 0.324
 12   -9.799329092819e-02 -9.937007136585e-02 6.99e-09 3.03e-06 1.45e-05 0.328
 13   -9.830609031615e-02 -9.884142023440e-02 2.63e-09 1.14e-06 6.04e-06 0.333
 14   -9.845692590578e-02 -9.858966136452e-02 6.10e-10 2.65e-07 1.24e-06 0.338
 15   -9.849888823762e-02 -9.852232691320e-02 1.05e-10 4.57e-08 1.72e-07 0.343
 16   -9.850657098363e-02 -9.851026958679e-02 1.65e-11 7.17e-09 2.35e-08 0.348
 17   -9.850779805456e-02 -9.850836114625e-02 2.51e-12 1.07e-09 3.02e-09 0.352
 18   -9.850798629769e-02 -9.850806963758e-02 3.71e-13 1.84e-10 3.68e-10 0.357
 19   -9.850801401441e-02 -9.850802683333e-02 5.92e-14 3.80e-10 4.52e-11 0.362
 20   -9.850801816085e-02 -9.850802043511e-02 1.14e-14 1.60e-10 6.10e-12 0.367


Optimal solution found in 20 iterations and 0.367s
Objective -9.85080182e-02
Primal infeasibility (abs/rel): 2.29e-14/1.14e-14
Dual infeasibility   (abs/rel): 1.77e-10/1.60e-10
Complementarity gap  (abs/rel): 6.70e-12/6.10e-12


Barrier finished in 0.37 seconds
Dual variables for problems with quadratic constraints not returned.
