cuOpt version: 26.10.0, git hash: 648f805d, host arch: x86_64, device archs: 80-real
CPU: AMD EPYC 7642 48-Core Processor, threads: 5C/5T, RAM usage: 26.56/503.74GiB
CPU SIMD target: AVX2
CUDA 12.9, device: NVIDIA A100 80GB PCIe (ID 0), VRAM: 79.44 GiB
CUDA device UUID: 68df5cf5-71f9-6a93-b428-460c080ffb10
Problem has 1 quadratic constraints. Converting to second-order cones and solving with barrier.
Handling 50 free variables directly in augmented system
Presolved problem: 5103 constraints 10102 variables 265152 nonzeros
Skipping Ruiz equilibration (row norm ratio 1.4, column norm ratio 1.4 < 5e4, Q coeff ratio 1.0 < 100)
Barrier solver started at 0.024 seconds
Barrier solver: 5103 constraints, 10102 variables, 265152 nonzeros


Second-order cones          : 1
Free variables              : 50
Upper bounds                : 5000
Linear system               : augmented
cuDSS Version               : 0.7.1
cuDSS Threading layer       : libcudss_mtlayer_gomp.so.0
Reordering time             : 0.076s
Symbolic factorization time : 0.024s
Symbolic nonzeros in factor : 2.79e+05
Elapsed time for augmented  : 0.131 seconds
Elapsed time           : 0.131 seconds
Barrier setup complete at 0.131 seconds
Adaptive regularization enabled


                  Objective                         Infeasibility        Time
Iter   Primal              Dual                Primal   Dual    Compl.   Elapsed
  0   -4.988375951551e-02 -6.261712008651e+04 5.00e+00 6.54e+02 7.21e+03 0.144
  1   -4.990602232265e-02 -1.142615527180e+04 8.90e-01 1.13e+02 1.44e+03 0.149
  2   -4.986561415808e-02 -1.907068538291e+03 8.91e-02 8.22e+00 2.69e+02 0.154
  3   -4.987312994622e-02 -2.193332567619e+02 9.57e-03 7.84e-01 3.54e+01 0.160
  4   -4.992226531898e-02 -2.431685282407e+01 1.05e-03 4.03e-01 3.84e+00 0.166
  5   -5.033584222399e-02 -3.249606526935e+00 1.38e-04 5.91e-02 5.04e-01 0.172
  6   -5.315636204863e-02 -7.257531206889e-01 2.89e-05 1.25e-02 1.06e-01 0.177
  7   -6.573560469012e-02 -2.620179002939e-01 6.80e-06 2.95e-03 2.45e-02 0.183
  8   -7.854050938520e-02 -1.818012835166e-01 1.19e-06 5.18e-04 4.21e-03 0.189
  9   -8.893931544238e-02 -1.222090468256e-01 3.68e-07 1.60e-04 1.32e-03 0.193
 10   -9.523658720227e-02 -1.050764297069e-01 7.24e-08 3.14e-05 2.03e-04 0.198
 11   -9.700860928143e-02 -1.013523694983e-01 2.94e-08 1.27e-05 8.09e-05 0.203
 12   -9.799301138925e-02 -9.937055193294e-02 7.00e-09 3.03e-06 1.45e-05 0.208
 13   -9.830595232258e-02 -9.884165334802e-02 2.64e-09 1.14e-06 6.04e-06 0.213
 14   -9.845688653645e-02 -9.858972097219e-02 6.11e-10 2.65e-07 1.24e-06 0.217
 15   -9.849888033235e-02 -9.852233882348e-02 1.05e-10 4.57e-08 1.72e-07 0.222
 16   -9.850656976117e-02 -9.851027140428e-02 1.65e-11 7.17e-09 2.35e-08 0.227
 17   -9.850779787518e-02 -9.850836141109e-02 2.51e-12 1.07e-09 3.02e-09 0.232
 18   -9.850798627034e-02 -9.850806967785e-02 3.71e-13 1.95e-10 3.69e-10 0.237
 19   -9.850801401087e-02 -9.850802683848e-02 5.91e-14 4.11e-10 4.52e-11 0.241
 20   -9.850801816037e-02 -9.850802043580e-02 1.14e-14 1.66e-10 6.10e-12 0.246


Optimal solution found in 20 iterations and 0.246s
Objective -9.85080182e-02
Primal infeasibility (abs/rel): 2.28e-14/1.14e-14
Dual infeasibility   (abs/rel): 1.83e-10/1.66e-10
Complementarity gap  (abs/rel): 6.71e-12/6.10e-12


Barrier finished in 0.25 seconds
Dual variables for problems with quadratic constraints not returned.
