cuOpt version: 26.10.0, git hash: 648f805d, host arch: x86_64, device archs: 80-real
CPU: AMD EPYC 7642 48-Core Processor, threads: 5C/5T, RAM usage: 26.57/503.74GiB
CPU SIMD target: AVX2
CUDA 12.9, device: NVIDIA A100 80GB PCIe (ID 0), VRAM: 79.44 GiB
CUDA device UUID: 68df5cf5-71f9-6a93-b428-460c080ffb10
Problem has 1 quadratic constraints. Converting to second-order cones and solving with barrier.
Handling 50 free variables directly in augmented system
Presolved problem: 5103 constraints 10102 variables 265152 nonzeros
Skipping Ruiz equilibration (row norm ratio 1.4, column norm ratio 1.4 < 5e4, Q coeff ratio 1.0 < 100)
Barrier solver started at 0.027 seconds
Barrier solver: 5103 constraints, 10102 variables, 265152 nonzeros


Second-order cones          : 1
Free variables              : 50
Upper bounds                : 5000
Linear system               : augmented
cuDSS Version               : 0.7.1
cuDSS Threading layer       : libcudss_mtlayer_gomp.so.0
Reordering time             : 0.167s
Symbolic factorization time : 0.023s
Symbolic nonzeros in factor : 2.79e+05
Elapsed time for augmented  : 0.224 seconds
Elapsed time           : 0.224 seconds
Barrier setup complete at 0.224 seconds
Adaptive regularization enabled


                  Objective                         Infeasibility        Time
Iter   Primal              Dual                Primal   Dual    Compl.   Elapsed
  0   -4.988373040013e-02 -6.261712008651e+04 5.00e+00 6.54e+02 7.21e+03 0.237
  1   -4.990599496899e-02 -1.142615750856e+04 8.90e-01 1.13e+02 1.44e+03 0.242
  2   -4.986573733760e-02 -1.907071121368e+03 8.91e-02 8.22e+00 2.69e+02 0.247
  3   -4.987325274723e-02 -2.193333246862e+02 9.57e-03 7.84e-01 3.54e+01 0.253
  4   -4.992238684240e-02 -2.431662195029e+01 1.05e-03 4.03e-01 3.84e+00 0.259
  5   -5.033596166440e-02 -3.249619972548e+00 1.38e-04 5.91e-02 5.04e-01 0.265
  6   -5.315643043958e-02 -7.257699480190e-01 2.89e-05 1.25e-02 1.06e-01 0.271
  7   -6.573688713793e-02 -2.619620639656e-01 6.80e-06 2.95e-03 2.45e-02 0.276
  8   -7.854436715243e-02 -1.817774827639e-01 1.19e-06 5.18e-04 4.21e-03 0.282
  9   -8.894239289364e-02 -1.222021380106e-01 3.68e-07 1.60e-04 1.32e-03 0.287
 10   -9.523783845130e-02 -1.050744935994e-01 7.24e-08 3.14e-05 2.03e-04 0.291
 11   -9.700912662179e-02 -1.013513748596e-01 2.94e-08 1.27e-05 8.09e-05 0.296
 12   -9.799328608517e-02 -9.937008916944e-02 6.99e-09 3.03e-06 1.45e-05 0.301
 13   -9.830609081664e-02 -9.884142268519e-02 2.63e-09 1.14e-06 6.04e-06 0.306
 14   -9.845692711071e-02 -9.858966014339e-02 6.10e-10 2.65e-07 1.24e-06 0.311
 15   -9.849888848046e-02 -9.852232668126e-02 1.05e-10 4.57e-08 1.72e-07 0.315
 16   -9.850657104066e-02 -9.851026952113e-02 1.65e-11 7.17e-09 2.35e-08 0.320
 17   -9.850779806447e-02 -9.850836113433e-02 2.51e-12 1.08e-09 3.02e-09 0.325
 18   -9.850798629905e-02 -9.850806963597e-02 3.71e-13 1.81e-10 3.68e-10 0.330
 19   -9.850801401471e-02 -9.850802683294e-02 5.92e-14 3.68e-10 4.52e-11 0.335
 20   -9.850801816098e-02 -9.850802043493e-02 1.14e-14 1.46e-10 6.10e-12 0.340


Optimal solution found in 20 iterations and 0.340s
Objective -9.85080182e-02
Primal infeasibility (abs/rel): 2.29e-14/1.14e-14
Dual infeasibility   (abs/rel): 1.61e-10/1.46e-10
Complementarity gap  (abs/rel): 6.70e-12/6.10e-12


Barrier finished in 0.34 seconds
Dual variables for problems with quadratic constraints not returned.
