cuOpt version: 26.10.0, git hash: 648f805d, host arch: x86_64, device archs: 80-real
CPU: AMD EPYC 7642 48-Core Processor, threads: 5C/5T, RAM usage: 27.43/503.74GiB
CPU SIMD target: AVX2
CUDA 12.9, device: NVIDIA A100 80GB PCIe (ID 0), VRAM: 79.44 GiB
CUDA device UUID: 68df5cf5-71f9-6a93-b428-460c080ffb10
Problem has 1 quadratic constraints. Converting to second-order cones and solving with barrier.
Handling 50 free variables directly in augmented system
Presolved problem: 5103 constraints 10102 variables 265152 nonzeros
Skipping Ruiz equilibration (row norm ratio 1.4, column norm ratio 1.4 < 5e4, Q coeff ratio 1.0 < 100)
Barrier solver started at 0.025 seconds
Barrier solver: 5103 constraints, 10102 variables, 265152 nonzeros


Second-order cones          : 1
Free variables              : 50
Upper bounds                : 5000
Linear system               : augmented
cuDSS Version               : 0.7.1
cuDSS Threading layer       : libcudss_mtlayer_gomp.so.0
Reordering time             : 0.180s
Symbolic factorization time : 0.024s
Symbolic nonzeros in factor : 2.79e+05
Elapsed time for augmented  : 0.235 seconds
Elapsed time           : 0.235 seconds
Barrier setup complete at 0.235 seconds
Adaptive regularization enabled


                  Objective                         Infeasibility        Time
Iter   Primal              Dual                Primal   Dual    Compl.   Elapsed
  0   -3.701605598740e+02 -3.710234169387e+02 3.71e+03 1.91e+00 1.19e-02 0.236
  1   -3.741054734077e+01 -3.495882843009e+02 3.74e+02 7.84e-02 1.66e-02 0.240
  2   -3.887937424498e+00 -2.097219591192e+02 3.80e+01 4.70e-02 1.33e-02 0.243
  3   -4.429600751348e-01 -3.237980310609e+01 3.86e+00 5.32e-03 4.56e-03 0.246
  4   -9.287886656088e-02 -4.511798590925e+00 4.09e-01 5.69e-04 6.47e-04 0.249
  5   -5.627296278600e-02 -7.108185231483e-01 4.09e-02 5.69e-05 8.81e-05 0.251
  6   -5.675915965265e-02 -2.026243659830e-01 9.03e-03 1.26e-05 1.79e-05 0.254
  7   -6.888229906315e-02 -1.400990310499e-01 3.96e-03 5.52e-06 7.57e-06 0.257
  8   -7.287822171086e-02 -1.383136586334e-01 3.34e-03 4.67e-06 1.84e-05 0.259
  9   -7.610925300206e-02 -1.355459837287e-01 2.79e-03 3.92e-06 3.64e-05 0.262
 10   -8.087316471245e-02 -1.298397579196e-01 2.02e-03 2.84e-06 5.26e-05 0.265
 11   -8.196678034156e-02 -1.284888968550e-01 1.67e-03 2.38e-06 5.28e-05 0.267
 12   -8.703913262298e-02 -1.201270980383e-01 9.97e-04 1.42e-06 5.44e-05 0.270
 13   -8.777571452616e-02 -1.172967523365e-01 7.19e-04 1.04e-06 1.84e-04 0.273
 14   -9.271122834143e-02 -1.085897909442e-01 3.18e-04 4.64e-07 1.14e-04 0.275
 15   -9.553767904053e-02 -1.034395343414e-01 1.33e-04 1.95e-07 5.56e-05 0.278
 16   -9.738505426668e-02 -1.003410243050e-01 4.04e-05 5.48e-08 1.24e-05 0.281
 17   -9.798807230779e-02 -9.931110480611e-02 1.49e-05 1.88e-08 5.31e-06 0.283
 18   -9.829710917077e-02 -9.880448714916e-02 4.38e-06 8.51e-09 2.57e-06 0.286
 19   -9.847163774810e-02 -9.855906418334e-02 7.36e-07 4.23e-09 3.80e-07 0.289
 20   -9.850141216488e-02 -9.851729553638e-02 1.33e-07 4.87e-09 6.11e-08 0.291
 21   -9.850694710868e-02 -9.850952405843e-02 2.15e-08 5.14e-09 8.79e-09 0.294
 22   -9.850787104002e-02 -9.850822721031e-02 2.96e-09 1.04e-08 1.04e-09 0.297
 23   -9.850799867152e-02 -9.850804786382e-02 4.10e-10 1.40e-07 1.30e-10 0.299
 24   -9.850801607314e-02 -9.850802330178e-02 6.05e-11 2.73e-06 1.69e-11 0.302
 25   -9.850801862664e-02 -9.850801967697e-02 8.84e-12 4.56e-06 2.18e-12 0.305
 26   -9.850801899648e-02 -9.850801914618e-02 1.28e-12 1.69e-05 2.55e-13 0.307
 27   -9.850801904688e-02 -9.850801907210e-02 2.25e-13 4.36e-05 4.76e-14 0.310
 28   -9.850801905520e-02 -9.850801905913e-02 4.05e-14 5.32e-04 1.00e-14 0.313
 29   -9.850801905644e-02 -9.850801905667e-02 1.24e-14 3.24e-03 1.74e-15 0.316
 30   -9.850801905639e-02 -9.850801905639e-02 2.16e-15 1.68e-02 5.87e-16 0.318
 31   -9.850801905637e-02 -9.850801905637e-02 6.66e-16 8.13e-03 6.73e-16 0.321
Numerical error in objective
Primal residual -nan dual residual -nan complementarity residual -nan
Search direction computation failed
Barrier finished in 0.33 seconds
Barrier Solve status A numerical error was encountered.
Dual variables for problems with quadratic constraints not returned.
