cuOpt version: 26.10.0, git hash: 648f805d, host arch: x86_64, device archs: 80-real
CPU: AMD EPYC 7642 48-Core Processor, threads: 5C/5T, RAM usage: 27.39/503.74GiB
CPU SIMD target: AVX2
CUDA 12.9, device: NVIDIA A100 80GB PCIe (ID 0), VRAM: 79.44 GiB
CUDA device UUID: 68df5cf5-71f9-6a93-b428-460c080ffb10
Problem has 1 quadratic constraints. Converting to second-order cones and solving with barrier.
Handling 50 free variables directly in augmented system
Presolved problem: 5103 constraints 10102 variables 265152 nonzeros
Skipping Ruiz equilibration (row norm ratio 1.4, column norm ratio 1.4 < 5e4, Q coeff ratio 1.0 < 100)
Barrier solver started at 0.026 seconds
Barrier solver: 5103 constraints, 10102 variables, 265152 nonzeros


Second-order cones          : 1
Free variables              : 50
Upper bounds                : 5000
Linear system               : augmented
cuDSS Version               : 0.7.1
cuDSS Threading layer       : libcudss_mtlayer_gomp.so.0
Reordering time             : 0.123s
Symbolic factorization time : 0.024s
Symbolic nonzeros in factor : 2.79e+05
Elapsed time for augmented  : 0.179 seconds
Elapsed time           : 0.179 seconds
Barrier setup complete at 0.179 seconds
Adaptive regularization enabled


                  Objective                         Infeasibility        Time
Iter   Primal              Dual                Primal   Dual    Compl.   Elapsed
  0   -3.702624119443e+02 -3.710387458059e+02 3.71e+03 1.91e+00 1.19e-02 0.179
  1   -3.742079804731e+01 -3.496036719200e+02 3.74e+02 7.84e-02 1.66e-02 0.182
  2   -3.888994022635e+00 -2.097346658148e+02 3.80e+01 4.70e-02 1.33e-02 0.185
  3   -4.430512193205e-01 -3.238077217431e+01 3.86e+00 5.32e-03 4.56e-03 0.188
  4   -9.288389531819e-02 -4.510664420303e+00 4.09e-01 5.68e-04 6.47e-04 0.190
  5   -5.628571702151e-02 -7.106213774642e-01 4.09e-02 5.69e-05 8.80e-05 0.193
  6   -5.677723459922e-02 -2.023843153201e-01 9.01e-03 1.25e-05 1.78e-05 0.196
  7   -6.888703834406e-02 -1.402318578112e-01 3.97e-03 5.53e-06 7.59e-06 0.198
  8   -7.323101067076e-02 -1.384589063150e-01 3.29e-03 4.59e-06 2.13e-05 0.201
  9   -7.617082085797e-02 -1.359066660943e-01 2.79e-03 3.91e-06 4.75e-05 0.204
 10   -8.013363869235e-02 -1.313974049397e-01 2.11e-03 2.98e-06 8.10e-05 0.207
 11   -8.114871578245e-02 -1.302550413466e-01 1.79e-03 2.55e-06 8.57e-05 0.209
 12   -8.613153437692e-02 -1.220822315539e-01 1.13e-03 1.62e-06 8.44e-05 0.212
 13   -8.658084057515e-02 -1.197338137117e-01 8.41e-04 1.22e-06 2.03e-04 0.215
 14   -9.079228187916e-02 -1.122952199774e-01 4.75e-04 6.93e-07 1.64e-04 0.217
 15   -9.473574867163e-02 -1.049139632887e-01 2.00e-04 2.94e-07 7.82e-05 0.220
 16   -9.673565757150e-02 -1.013424758798e-01 5.96e-05 8.34e-08 1.70e-05 0.223
 17   -9.765736687292e-02 -9.976409358459e-02 2.15e-05 3.07e-08 8.53e-06 0.225
 18   -9.807934988574e-02 -9.909375693948e-02 8.94e-06 1.37e-08 5.25e-06 0.228
 19   -9.838783225121e-02 -9.862800682949e-02 1.10e-06 2.38e-09 8.47e-07 0.231
 20   -9.846838449125e-02 -9.852428745181e-02 2.49e-07 3.15e-09 2.04e-07 0.233
 21   -9.848938262178e-02 -9.849739409551e-02 3.55e-08 4.40e-09 2.59e-08 0.236
 22   -9.849244373244e-02 -9.849347833444e-02 4.58e-09 4.92e-10 2.99e-09 0.239
 23   -9.849284646305e-02 -9.849296269170e-02 5.15e-10 3.87e-08 3.20e-10 0.242
 24   -9.849289214137e-02 -9.849290403627e-02 5.28e-11 3.10e-06 3.29e-11 0.244
 25   -9.849289681360e-02 -9.849289800796e-02 5.33e-12 1.02e-05 3.31e-12 0.247
 26   -9.849289728135e-02 -9.849289740049e-02 5.36e-13 1.26e-05 3.32e-13 0.250
 27   -9.849289732771e-02 -9.849289733958e-02 5.47e-14 4.36e-05 3.35e-14 0.252
 28   -9.849289733227e-02 -9.849289733341e-02 5.88e-15 5.64e-05 3.07e-15 0.255
 29   -9.849289733269e-02 -9.849289733279e-02 8.88e-16 3.45e-03 8.86e-16 0.258
Numerical error in objective
Restoring previous solution


Suboptimal solution found in 30 iterations and 0.26 seconds
Objective -9.84924437e-02
Primal infeasibility (abs/rel): 9.16e-09/4.58e-09
Dual infeasibility   (abs/rel): 5.41e-10/4.92e-10
Complementarity gap  (abs/rel): 3.29e-09/2.99e-09


Barrier finished in 0.26 seconds
Dual variables for problems with quadratic constraints not returned.
