cuOpt version: 26.10.0, git hash: 648f805d, host arch: x86_64, device archs: 80-real
CPU: AMD EPYC 7642 48-Core Processor, threads: 5C/5T, RAM usage: 27.52/503.74GiB
CPU SIMD target: AVX2
CUDA 12.9, device: NVIDIA A100 80GB PCIe (ID 0), VRAM: 79.44 GiB
CUDA device UUID: 68df5cf5-71f9-6a93-b428-460c080ffb10
Problem has 1 quadratic constraints. Converting to second-order cones and solving with barrier.
Handling 50 free variables directly in augmented system
Presolved problem: 5103 constraints 10102 variables 265152 nonzeros
Skipping Ruiz equilibration (row norm ratio 1.4, column norm ratio 1.4 < 5e4, Q coeff ratio 1.0 < 100)
Barrier solver started at 0.026 seconds
Barrier solver: 5103 constraints, 10102 variables, 265152 nonzeros


Second-order cones          : 1
Free variables              : 50
Upper bounds                : 5000
Linear system               : augmented
cuDSS Version               : 0.7.1
cuDSS Threading layer       : libcudss_mtlayer_gomp.so.0
Reordering time             : 0.060s
Symbolic factorization time : 0.023s
Symbolic nonzeros in factor : 2.79e+05
Elapsed time for augmented  : 0.116 seconds
Elapsed time           : 0.116 seconds
Barrier setup complete at 0.116 seconds
Adaptive regularization enabled


                  Objective                         Infeasibility        Time
Iter   Primal              Dual                Primal   Dual    Compl.   Elapsed
  0   -3.704340093575e+02 -3.710959393425e+02 3.71e+03 1.91e+00 1.19e-02 0.117
  1   -3.743763586518e+01 -3.496609895273e+02 3.74e+02 7.84e-02 1.66e-02 0.120
  2   -3.890628866672e+00 -2.097811374317e+02 3.80e+01 4.70e-02 1.33e-02 0.122
  3   -4.432462279330e-01 -3.238991854954e+01 3.86e+00 5.32e-03 4.56e-03 0.125
  4   -9.292768438778e-02 -4.512426120546e+00 4.09e-01 5.69e-04 6.47e-04 0.128
  5   -5.630707223638e-02 -7.109235160566e-01 4.09e-02 5.69e-05 8.81e-05 0.130
  6   -5.680194928406e-02 -2.023098114002e-01 9.00e-03 1.25e-05 1.78e-05 0.133
  7   -6.898517614975e-02 -1.400411212877e-01 3.96e-03 5.51e-06 7.56e-06 0.136
  8   -7.329874500268e-02 -1.381748635450e-01 3.30e-03 4.60e-06 1.91e-05 0.139
  9   -7.581246316388e-02 -1.362790214777e-01 2.85e-03 3.99e-06 3.78e-05 0.141
 10   -8.015304603001e-02 -1.311148271346e-01 2.17e-03 3.05e-06 7.10e-05 0.144
 11   -8.113158301101e-02 -1.301326543979e-01 1.83e-03 2.60e-06 8.07e-05 0.147
 12   -8.444883451125e-02 -1.250428394323e-01 1.26e-03 1.80e-06 8.07e-05 0.149
 13   -8.640650765178e-02 -1.208270893852e-01 9.05e-04 1.30e-06 1.14e-04 0.152
 14   -9.203112052116e-02 -1.101678191624e-01 4.10e-04 5.95e-07 6.80e-05 0.155
 15   -9.482979437597e-02 -1.051563259690e-01 2.02e-04 2.95e-07 2.86e-05 0.157
 16   -9.648807564478e-02 -1.022014064765e-01 1.01e-04 1.48e-07 1.31e-05 0.160
 17   -9.718060294832e-02 -1.006707311771e-01 4.36e-05 7.42e-08 1.98e-05 0.163
 18   -9.812728610683e-02 -9.919332301245e-02 1.08e-05 1.23e-08 4.52e-06 0.166
 19   -9.841174889125e-02 -9.876005800173e-02 3.19e-06 3.44e-09 1.44e-06 0.168
 20   -9.852524117177e-02 -9.859321387476e-02 5.78e-07 1.87e-09 2.27e-07 0.171
 21   -9.854922743899e-02 -9.855913310804e-02 8.39e-08 2.79e-09 3.09e-08 0.174
 22   -9.855277685319e-02 -9.855410655953e-02 1.13e-08 8.93e-09 3.78e-09 0.176
 23   -9.855325654461e-02 -9.855342715754e-02 1.44e-09 8.17e-09 4.33e-10 0.179
 24   -9.855331806719e-02 -9.855333992753e-02 1.85e-10 9.38e-07 4.80e-11 0.182
 25   -9.855332595068e-02 -9.855332873659e-02 2.36e-11 2.40e-06 5.50e-12 0.184
 26   -9.855332697032e-02 -9.855332728467e-02 2.67e-12 2.20e-05 6.03e-13 0.187
 27   -9.855332708617e-02 -9.855332711868e-02 2.75e-13 9.64e-05 6.25e-14 0.190
 28   -9.855332709811e-02 -9.855332710162e-02 2.82e-14 3.45e-04 7.14e-15 0.192
 29   -9.855332709926e-02 -9.855332710003e-02 6.00e-15 7.13e-04 1.79e-15 0.195
 30   -9.855332709950e-02 -9.855332709973e-02 1.78e-15 3.64e-02 3.91e-16 0.198
Numerical error in objective
Restoring previous solution


Suboptimal solution found in 31 iterations and 0.20 seconds
Objective -9.85532565e-02
Primal infeasibility (abs/rel): 2.89e-09/1.44e-09
Dual infeasibility   (abs/rel): 9.00e-09/8.17e-09
Complementarity gap  (abs/rel): 4.76e-10/4.33e-10


Barrier finished in 0.20 seconds
Dual variables for problems with quadratic constraints not returned.
