cuOpt version: 26.10.0, git hash: 648f805d, host arch: x86_64, device archs: 80-real
CPU: AMD EPYC 7642 48-Core Processor, threads: 5C/5T, RAM usage: 27.38/503.74GiB
CPU SIMD target: AVX2
CUDA 12.9, device: NVIDIA A100 80GB PCIe (ID 0), VRAM: 79.44 GiB
CUDA device UUID: 68df5cf5-71f9-6a93-b428-460c080ffb10
Problem has 1 quadratic constraints. Converting to second-order cones and solving with barrier.
Handling 50 free variables directly in augmented system
Presolved problem: 5103 constraints 10102 variables 265152 nonzeros
Skipping Ruiz equilibration (row norm ratio 1.4, column norm ratio 1.4 < 5e4, Q coeff ratio 1.0 < 100)
Barrier solver started at 0.023 seconds
Barrier solver: 5103 constraints, 10102 variables, 265152 nonzeros


Second-order cones          : 1
Free variables              : 50
Upper bounds                : 5000
Linear system               : augmented
cuDSS Version               : 0.7.1
cuDSS Threading layer       : libcudss_mtlayer_gomp.so.0
Reordering time             : 0.054s
Symbolic factorization time : 0.024s
Symbolic nonzeros in factor : 2.79e+05
Elapsed time for augmented  : 0.108 seconds
Elapsed time           : 0.108 seconds
Barrier setup complete at 0.108 seconds
Adaptive regularization enabled


                  Objective                         Infeasibility        Time
Iter   Primal              Dual                Primal   Dual    Compl.   Elapsed
  0   -3.704472534989e+02 -3.711214143411e+02 3.71e+03 1.91e+00 1.19e-02 0.108
  1   -3.743997028117e+01 -3.496865432605e+02 3.74e+02 7.84e-02 1.66e-02 0.111
  2   -3.891133613775e+00 -2.098064524984e+02 3.81e+01 4.70e-02 1.33e-02 0.114
  3   -4.433011182935e-01 -3.239671034167e+01 3.86e+00 5.32e-03 4.56e-03 0.116
  4   -9.293283285486e-02 -4.513403590235e+00 4.09e-01 5.69e-04 6.47e-04 0.119
  5   -5.630477146341e-02 -7.110955431513e-01 4.09e-02 5.69e-05 8.81e-05 0.122
  6   -5.679523438205e-02 -2.032839850070e-01 9.06e-03 1.26e-05 1.79e-05 0.124
  7   -6.871418670561e-02 -1.414513380957e-01 4.05e-03 5.63e-06 7.73e-06 0.127
  8   -7.377610417529e-02 -1.394729723534e-01 3.22e-03 4.50e-06 3.02e-05 0.130
  9   -7.665736592475e-02 -1.368575922195e-01 2.70e-03 3.78e-06 6.72e-05 0.132
 10   -8.148243681559e-02 -1.304695256587e-01 1.94e-03 2.73e-06 1.02e-04 0.135
 11   -8.291265697035e-02 -1.284853171058e-01 1.54e-03 2.19e-06 1.04e-04 0.138
 12   -8.626720056051e-02 -1.226809671542e-01 1.06e-03 1.51e-06 9.58e-05 0.141
 13   -8.645950971642e-02 -1.210435003529e-01 8.77e-04 1.27e-06 1.56e-04 0.143
 14   -9.101311263259e-02 -1.126436038323e-01 4.23e-04 6.24e-07 1.42e-04 0.146
 15   -9.490340881326e-02 -1.052734029967e-01 1.84e-04 2.73e-07 8.03e-05 0.149
 16   -9.715472358847e-02 -1.014316409488e-01 6.74e-05 9.45e-08 2.10e-05 0.151
 17   -9.773790747264e-02 -1.002758289721e-01 3.26e-05 4.73e-08 1.55e-05 0.154
 18   -9.832286207513e-02 -9.927577846695e-02 9.19e-06 1.29e-08 5.81e-06 0.157
 19   -9.862396310897e-02 -9.882770463729e-02 1.77e-06 2.49e-09 9.41e-07 0.159
 20   -9.869309569022e-02 -9.872847157851e-02 3.00e-07 2.93e-09 1.37e-07 0.162
 21   -9.870555160334e-02 -9.871075467105e-02 4.40e-08 4.37e-09 1.73e-08 0.165
 22   -9.870740981885e-02 -9.870811684744e-02 5.97e-09 1.18e-09 2.08e-09 0.168
 23   -9.870766535046e-02 -9.870775363081e-02 7.47e-10 5.91e-08 2.36e-10 0.170
 24   -9.870769701827e-02 -9.870770848338e-02 9.71e-11 2.40e-06 2.63e-11 0.173
 25   -9.870770103181e-02 -9.870770274424e-02 1.45e-11 5.07e-06 3.06e-12 0.176
 26   -9.870770160691e-02 -9.870770191961e-02 2.65e-12 8.14e-07 6.57e-13 0.178
 27   -9.870770170749e-02 -9.870770177502e-02 5.68e-13 4.97e-05 1.68e-13 0.181
 28   -9.870770172798e-02 -9.870770174551e-02 1.43e-13 2.73e-04 4.66e-14 0.184
 29   -9.870770173348e-02 -9.870770173758e-02 3.15e-14 1.54e-03 1.06e-14 0.186
 30   -9.870770173449e-02 -9.870770173612e-02 1.19e-14 2.43e-04 3.96e-15 0.189
Numerical error in objective
Restoring previous solution


Suboptimal solution found in 31 iterations and 0.19 seconds
Objective -9.87074098e-02
Primal infeasibility (abs/rel): 1.19e-08/5.97e-09
Dual infeasibility   (abs/rel): 1.30e-09/1.18e-09
Complementarity gap  (abs/rel): 2.29e-09/2.08e-09


Barrier finished in 0.19 seconds
Dual variables for problems with quadratic constraints not returned.
