cuOpt version: 26.10.0, git hash: 648f805d, host arch: x86_64, device archs: 80-real
CPU: AMD EPYC 7642 48-Core Processor, threads: 5C/5T, RAM usage: 27.45/503.74GiB
CPU SIMD target: AVX2
CUDA 12.9, device: NVIDIA A100 80GB PCIe (ID 0), VRAM: 79.44 GiB
CUDA device UUID: 68df5cf5-71f9-6a93-b428-460c080ffb10
Problem has 1 quadratic constraints. Converting to second-order cones and solving with barrier.
Handling 50 free variables directly in augmented system
Presolved problem: 5103 constraints 10102 variables 265152 nonzeros
Skipping Ruiz equilibration (row norm ratio 1.4, column norm ratio 1.4 < 5e4, Q coeff ratio 1.0 < 100)
Barrier solver started at 0.027 seconds
Barrier solver: 5103 constraints, 10102 variables, 265152 nonzeros


Second-order cones          : 1
Free variables              : 50
Upper bounds                : 5000
Linear system               : augmented
cuDSS Version               : 0.7.1
cuDSS Threading layer       : libcudss_mtlayer_gomp.so.0
Reordering time             : 0.053s
Symbolic factorization time : 0.023s
Symbolic nonzeros in factor : 2.79e+05
Elapsed time for augmented  : 0.110 seconds
Elapsed time           : 0.110 seconds
Barrier setup complete at 0.110 seconds
Adaptive regularization enabled


                  Objective                         Infeasibility        Time
Iter   Primal              Dual                Primal   Dual    Compl.   Elapsed
  0   -3.702779911923e+02 -3.710340990992e+02 3.71e+03 1.91e+00 1.19e-02 0.111
  1   -3.742292114280e+01 -3.495990552830e+02 3.74e+02 7.84e-02 1.66e-02 0.114
  2   -3.889384316973e+00 -2.097327989224e+02 3.80e+01 4.70e-02 1.33e-02 0.117
  3   -4.430960190929e-01 -3.238133792645e+01 3.86e+00 5.32e-03 4.56e-03 0.119
  4   -9.289011895929e-02 -4.510661990837e+00 4.09e-01 5.68e-04 6.47e-04 0.122
  5   -5.628863688618e-02 -7.106311915434e-01 4.09e-02 5.69e-05 8.80e-05 0.125
  6   -5.677850734695e-02 -2.029428519137e-01 9.04e-03 1.26e-05 1.79e-05 0.127
  7   -6.877281555104e-02 -1.406256973710e-01 4.00e-03 5.57e-06 7.64e-06 0.130
  8   -7.302451141966e-02 -1.387466999239e-01 3.31e-03 4.61e-06 2.33e-05 0.136
  9   -7.655453475938e-02 -1.353543160866e-01 2.71e-03 3.80e-06 5.34e-05 0.138
 10   -8.076390236099e-02 -1.302517173837e-01 2.00e-03 2.81e-06 7.65e-05 0.141
 11   -8.202070320809e-02 -1.286292263082e-01 1.65e-03 2.34e-06 7.72e-05 0.144
 12   -8.588661799487e-02 -1.221373803479e-01 1.12e-03 1.60e-06 7.21e-05 0.146
 13   -8.618591475491e-02 -1.205838274966e-01 9.23e-04 1.34e-06 1.19e-04 0.149
 14   -9.029766639321e-02 -1.130146621199e-01 4.98e-04 7.31e-07 1.12e-04 0.152
 15   -9.408563282475e-02 -1.058294179226e-01 2.31e-04 3.42e-07 7.25e-05 0.154
 16   -9.644060149669e-02 -1.017414391092e-01 8.51e-05 1.20e-07 2.08e-05 0.157
 17   -9.738363052122e-02 -9.984895388338e-02 2.27e-05 3.69e-08 1.33e-05 0.160
 18   -9.794097915650e-02 -9.902805035197e-02 9.28e-06 1.39e-08 7.00e-06 0.162
 19   -9.822795136887e-02 -9.860314583463e-02 2.30e-06 2.42e-09 2.19e-06 0.165
 20   -9.835886375803e-02 -9.842827955652e-02 4.02e-07 3.07e-09 3.65e-07 0.168
 21   -9.838495009876e-02 -9.839397449959e-02 5.22e-08 3.18e-09 4.28e-08 0.170
 22   -9.838837642751e-02 -9.838947271166e-02 6.35e-09 4.45e-09 4.79e-09 0.173
 23   -9.838879414054e-02 -9.838892333326e-02 7.49e-10 6.99e-09 5.27e-10 0.176
 24   -9.838884337909e-02 -9.838885845407e-02 8.75e-11 1.51e-06 5.74e-11 0.179
 25   -9.838884908269e-02 -9.838885090978e-02 1.07e-11 7.98e-06 6.26e-12 0.181
 26   -9.838884977387e-02 -9.838884998797e-02 1.27e-12 1.27e-05 6.76e-13 0.184
 27   -9.838884985541e-02 -9.838884987675e-02 1.30e-13 2.31e-05 6.96e-14 0.187
 28   -9.838884986325e-02 -9.838884986553e-02 1.48e-14 5.33e-04 7.55e-15 0.189
 29   -9.838884986403e-02 -9.838884986437e-02 2.00e-15 6.22e-03 5.08e-16 0.192
 30   -9.838884986408e-02 -9.838884986429e-02 8.88e-16 6.30e-04 2.92e-16 0.195
Numerical error in objective
Restoring previous solution


Suboptimal solution found in 31 iterations and 0.20 seconds
Objective -9.83883764e-02
Primal infeasibility (abs/rel): 1.27e-08/6.35e-09
Dual infeasibility   (abs/rel): 4.90e-09/4.45e-09
Complementarity gap  (abs/rel): 5.26e-09/4.79e-09


Barrier finished in 0.20 seconds
Dual variables for problems with quadratic constraints not returned.
