cuOpt version: 26.10.0, git hash: 648f805d, host arch: x86_64, device archs: 80-real
CPU: AMD EPYC 7642 48-Core Processor, threads: 5C/5T, RAM usage: 27.47/503.74GiB
CPU SIMD target: AVX2
CUDA 12.9, device: NVIDIA A100 80GB PCIe (ID 0), VRAM: 79.44 GiB
CUDA device UUID: 68df5cf5-71f9-6a93-b428-460c080ffb10
Problem has 1 quadratic constraints. Converting to second-order cones and solving with barrier.
Handling 50 free variables directly in augmented system
Presolved problem: 5103 constraints 10102 variables 265152 nonzeros
Skipping Ruiz equilibration (row norm ratio 1.4, column norm ratio 1.4 < 5e4, Q coeff ratio 1.0 < 100)
Barrier solver started at 0.026 seconds
Barrier solver: 5103 constraints, 10102 variables, 265152 nonzeros


Second-order cones          : 1
Free variables              : 50
Upper bounds                : 5000
Linear system               : augmented
cuDSS Version               : 0.7.1
cuDSS Threading layer       : libcudss_mtlayer_gomp.so.0
Reordering time             : 0.060s
Symbolic factorization time : 0.024s
Symbolic nonzeros in factor : 2.79e+05
Elapsed time for augmented  : 0.118 seconds
Elapsed time           : 0.118 seconds
Barrier setup complete at 0.118 seconds
Adaptive regularization enabled


                  Objective                         Infeasibility        Time
Iter   Primal              Dual                Primal   Dual    Compl.   Elapsed
  0   -3.705152443471e+02 -3.711033693861e+02 3.71e+03 1.91e+00 1.19e-02 0.118
  1   -3.744593021662e+01 -3.496684576181e+02 3.74e+02 7.84e-02 1.66e-02 0.121
  2   -3.891507457214e+00 -2.097876982032e+02 3.80e+01 4.70e-02 1.33e-02 0.124
  3   -4.433598733813e-01 -3.239205143092e+01 3.86e+00 5.32e-03 4.56e-03 0.126
  4   -9.295418044605e-02 -4.513112193801e+00 4.09e-01 5.69e-04 6.47e-04 0.129
  5   -5.631920787361e-02 -7.110530572500e-01 4.09e-02 5.69e-05 8.81e-05 0.132
  6   -5.681228397453e-02 -2.029575753282e-01 9.04e-03 1.26e-05 1.79e-05 0.134
  7   -6.884369741419e-02 -1.408422056199e-01 4.01e-03 5.58e-06 7.65e-06 0.137
  8   -7.336408870650e-02 -1.390158423084e-01 3.29e-03 4.58e-06 2.40e-05 0.140
  9   -7.493816027372e-02 -1.380497867287e-01 2.96e-03 4.15e-06 4.18e-05 0.142
 10   -7.994408841664e-02 -1.314911900664e-01 2.24e-03 3.14e-06 7.17e-05 0.145
 11   -8.185150747648e-02 -1.294873000345e-01 1.68e-03 2.39e-06 8.30e-05 0.148
 12   -8.592289597986e-02 -1.227211066010e-01 1.11e-03 1.59e-06 8.11e-05 0.150
 13   -8.642156430794e-02 -1.206850093796e-01 8.62e-04 1.25e-06 1.34e-04 0.153
 14   -9.097322273972e-02 -1.124595664830e-01 4.87e-04 7.10e-07 1.14e-04 0.156
 15   -9.449661346486e-02 -1.056847597958e-01 2.15e-04 3.16e-07 5.70e-05 0.159
 16   -9.660996632807e-02 -1.019821059334e-01 8.63e-05 1.24e-07 1.76e-05 0.161
 17   -9.754897292742e-02 -1.001928486993e-01 3.01e-05 4.82e-08 1.11e-05 0.164
 18   -9.822218406354e-02 -9.913789693003e-02 8.02e-06 1.05e-08 3.00e-06 0.167
 19   -9.849584158357e-02 -9.873478547201e-02 1.79e-06 2.47e-09 7.08e-07 0.169
 20   -9.857637747378e-02 -9.862339599165e-02 3.46e-07 2.70e-09 1.28e-07 0.172
 21   -9.859309094623e-02 -9.860039964872e-02 5.34e-08 2.93e-09 1.71e-08 0.175
 22   -9.859576262799e-02 -9.859673182687e-02 7.08e-09 1.89e-09 2.00e-09 0.177
 23   -9.859612116173e-02 -9.859623935465e-02 8.64e-10 2.78e-09 2.25e-10 0.180
 24   -9.859616528749e-02 -9.859617857089e-02 9.73e-11 2.91e-06 2.50e-11 0.183
 25   -9.859617028318e-02 -9.859617166092e-02 1.01e-11 9.36e-06 2.60e-12 0.185
 26   -9.859617080138e-02 -9.859617094043e-02 1.02e-12 1.01e-05 2.63e-13 0.188
 27   -9.859617085342e-02 -9.859617086761e-02 1.05e-13 1.41e-04 2.70e-14 0.191
 28   -9.859617085852e-02 -9.859617086040e-02 1.39e-14 2.29e-03 3.80e-15 0.193
 29   -9.859617085905e-02 -9.859617085963e-02 4.33e-15 2.11e-03 1.18e-15 0.196
Numerical error in objective
Restoring previous solution


Suboptimal solution found in 30 iterations and 0.20 seconds
Objective -9.85957626e-02
Primal infeasibility (abs/rel): 1.42e-08/7.08e-09
Dual infeasibility   (abs/rel): 2.08e-09/1.89e-09
Complementarity gap  (abs/rel): 2.20e-09/2.00e-09


Barrier finished in 0.20 seconds
Dual variables for problems with quadratic constraints not returned.
