cuOpt version: 26.10.0, git hash: 648f805d, host arch: x86_64, device archs: 80-real
CPU: AMD EPYC 7642 48-Core Processor, threads: 5C/5T, RAM usage: 27.51/503.74GiB
CPU SIMD target: AVX2
CUDA 12.9, device: NVIDIA A100 80GB PCIe (ID 0), VRAM: 79.44 GiB
CUDA device UUID: 68df5cf5-71f9-6a93-b428-460c080ffb10
Problem has 1 quadratic constraints. Converting to second-order cones and solving with barrier.
Handling 50 free variables directly in augmented system
Presolved problem: 5103 constraints 10102 variables 265152 nonzeros
Skipping Ruiz equilibration (row norm ratio 1.4, column norm ratio 1.4 < 5e4, Q coeff ratio 1.0 < 100)
Barrier solver started at 0.026 seconds
Barrier solver: 5103 constraints, 10102 variables, 265152 nonzeros


Second-order cones          : 1
Free variables              : 50
Upper bounds                : 5000
Linear system               : augmented
cuDSS Version               : 0.7.1
cuDSS Threading layer       : libcudss_mtlayer_gomp.so.0
Reordering time             : 0.053s
Symbolic factorization time : 0.023s
Symbolic nonzeros in factor : 2.79e+05
Elapsed time for augmented  : 0.109 seconds
Elapsed time           : 0.109 seconds
Barrier setup complete at 0.109 seconds
Adaptive regularization enabled


                  Objective                         Infeasibility        Time
Iter   Primal              Dual                Primal   Dual    Compl.   Elapsed
  0   -3.703446513950e+02 -3.711178663113e+02 3.71e+03 1.91e+00 1.19e-02 0.109
  1   -3.742798803770e+01 -3.496828429283e+02 3.74e+02 7.84e-02 1.66e-02 0.112
  2   -3.889436224062e+00 -2.097977704892e+02 3.80e+01 4.70e-02 1.33e-02 0.115
  3   -4.431251929456e-01 -3.239348597733e+01 3.86e+00 5.32e-03 4.56e-03 0.118
  4   -9.290831092496e-02 -4.513559751863e+00 4.09e-01 5.69e-04 6.47e-04 0.120
  5   -5.628862913796e-02 -7.110982044412e-01 4.09e-02 5.69e-05 8.81e-05 0.123
  6   -5.677593061625e-02 -2.027006819460e-01 9.03e-03 1.26e-05 1.79e-05 0.126
  7   -6.883606943734e-02 -1.404869338305e-01 3.99e-03 5.55e-06 7.62e-06 0.129
  8   -7.309225841141e-02 -1.386905060278e-01 3.34e-03 4.66e-06 1.94e-05 0.131
  9   -7.543736460036e-02 -1.370373101673e-01 2.91e-03 4.08e-06 3.21e-05 0.134
 10   -8.007027662183e-02 -1.315233818960e-01 2.21e-03 3.11e-06 5.64e-05 0.137
 11   -8.088736886747e-02 -1.307434205631e-01 1.91e-03 2.72e-06 6.16e-05 0.139
 12   -8.499377990947e-02 -1.243281728008e-01 1.30e-03 1.85e-06 6.43e-05 0.142
 13   -8.550614436211e-02 -1.222314810446e-01 1.05e-03 1.51e-06 1.50e-04 0.145
 14   -9.068570407616e-02 -1.125646302888e-01 5.02e-04 7.29e-07 1.34e-04 0.147
 15   -9.443581175025e-02 -1.056514473315e-01 2.25e-04 3.28e-07 6.93e-05 0.150
 16   -9.680390505068e-02 -1.015416660345e-01 8.34e-05 1.17e-07 1.77e-05 0.153
 17   -9.759689193392e-02 -9.996251348353e-02 2.94e-05 4.38e-08 1.09e-05 0.155
 18   -9.820618591278e-02 -9.898407514780e-02 7.67e-06 1.20e-08 2.62e-06 0.158
 19   -9.844193277928e-02 -9.864062184040e-02 1.83e-06 1.80e-09 5.64e-07 0.161
 20   -9.850644755492e-02 -9.854850177612e-02 3.63e-07 1.22e-09 1.02e-07 0.163
 21   -9.852126546420e-02 -9.852790501175e-02 5.65e-08 2.77e-09 1.43e-08 0.166
 22   -9.852369426999e-02 -9.852454409823e-02 7.22e-09 8.04e-09 1.68e-09 0.169
 23   -9.852401188097e-02 -9.852410428991e-02 7.86e-10 2.73e-08 1.80e-10 0.172
 24   -9.852404666134e-02 -9.852405598417e-02 7.94e-11 2.68e-06 1.83e-11 0.174
 25   -9.852405016546e-02 -9.852405109789e-02 7.96e-12 3.97e-06 1.83e-12 0.177
 26   -9.852405051501e-02 -9.852405060833e-02 7.99e-13 1.37e-05 1.84e-13 0.180
 27   -9.852405054985e-02 -9.852405055928e-02 8.09e-14 2.07e-04 1.84e-14 0.182
 28   -9.852405055337e-02 -9.852405055430e-02 7.99e-15 1.01e-03 1.80e-15 0.185
 29   -9.852405055353e-02 -9.852405055406e-02 4.11e-15 8.48e-03 1.44e-15 0.188
Numerical error in objective
Restoring previous solution


Suboptimal solution found in 30 iterations and 0.19 seconds
Objective -9.85236943e-02
Primal infeasibility (abs/rel): 1.44e-08/7.22e-09
Dual infeasibility   (abs/rel): 8.86e-09/8.04e-09
Complementarity gap  (abs/rel): 1.85e-09/1.68e-09


Barrier finished in 0.19 seconds
Dual variables for problems with quadratic constraints not returned.
