cuOpt version: 26.10.0, git hash: 648f805d, host arch: x86_64, device archs: 80-real
CPU: AMD EPYC 7642 48-Core Processor, threads: 5C/5T, RAM usage: 27.55/503.74GiB
CPU SIMD target: AVX2
CUDA 12.9, device: NVIDIA A100 80GB PCIe (ID 0), VRAM: 79.44 GiB
CUDA device UUID: 68df5cf5-71f9-6a93-b428-460c080ffb10
Problem has 1 quadratic constraints. Converting to second-order cones and solving with barrier.
Handling 50 free variables directly in augmented system
Presolved problem: 5103 constraints 10102 variables 265152 nonzeros
Skipping Ruiz equilibration (row norm ratio 1.4, column norm ratio 1.4 < 5e4, Q coeff ratio 1.0 < 100)
Barrier solver started at 0.025 seconds
Barrier solver: 5103 constraints, 10102 variables, 265152 nonzeros


Second-order cones          : 1
Free variables              : 50
Upper bounds                : 5000
Linear system               : augmented
cuDSS Version               : 0.7.1
cuDSS Threading layer       : libcudss_mtlayer_gomp.so.0
Reordering time             : 0.054s
Symbolic factorization time : 0.023s
Symbolic nonzeros in factor : 2.79e+05
Elapsed time for augmented  : 0.109 seconds
Elapsed time           : 0.109 seconds
Barrier setup complete at 0.109 seconds
Adaptive regularization enabled


                  Objective                         Infeasibility        Time
Iter   Primal              Dual                Primal   Dual    Compl.   Elapsed
  0   -3.704438282728e+02 -3.711104708303e+02 3.71e+03 1.91e+00 1.19e-02 0.109
  1   -3.743973226149e+01 -3.496755885985e+02 3.74e+02 7.84e-02 1.66e-02 0.112
  2   -3.891182000799e+00 -2.097977465919e+02 3.81e+01 4.70e-02 1.33e-02 0.115
  3   -4.432881726587e-01 -3.239429834799e+01 3.86e+00 5.32e-03 4.56e-03 0.118
  4   -9.292346434165e-02 -4.512392439283e+00 4.09e-01 5.68e-04 6.47e-04 0.120
  5   -5.630487738566e-02 -7.109222027636e-01 4.09e-02 5.69e-05 8.80e-05 0.123
  6   -5.679745244886e-02 -2.028991979503e-01 9.04e-03 1.26e-05 1.79e-05 0.126
  7   -6.886011093798e-02 -1.406635096583e-01 3.99e-03 5.56e-06 7.63e-06 0.128
  8   -7.302564734317e-02 -1.389553921709e-01 3.34e-03 4.66e-06 2.15e-05 0.131
  9   -7.589145454900e-02 -1.365802856136e-01 2.84e-03 3.98e-06 4.34e-05 0.134
 10   -8.022711918733e-02 -1.314573381041e-01 2.14e-03 3.01e-06 6.93e-05 0.136
 11   -8.112605464655e-02 -1.304993142543e-01 1.84e-03 2.62e-06 7.44e-05 0.139
 12   -8.603384878947e-02 -1.225928517464e-01 1.17e-03 1.68e-06 6.83e-05 0.142
 13   -8.666374110105e-02 -1.203005761150e-01 8.93e-04 1.29e-06 1.49e-04 0.144
 14   -9.121966642062e-02 -1.121327380690e-01 4.73e-04 6.89e-07 1.14e-04 0.147
 15   -9.463183416522e-02 -1.056003362967e-01 2.19e-04 3.21e-07 6.84e-05 0.150
 16   -9.672641878050e-02 -1.019318662151e-01 7.86e-05 1.11e-07 1.88e-05 0.152
 17   -9.747944058885e-02 -1.004952496357e-01 3.54e-05 5.37e-08 1.70e-05 0.155
 18   -9.828891130659e-02 -9.919168791553e-02 6.90e-06 8.74e-09 3.28e-06 0.158
 19   -9.855291317262e-02 -9.881369516720e-02 1.78e-06 1.93e-09 9.08e-07 0.161
 20   -9.863958135482e-02 -9.869394569404e-02 3.60e-07 2.29e-09 1.78e-07 0.163
 21   -9.865933912571e-02 -9.866692665802e-02 5.01e-08 3.17e-09 2.22e-08 0.166
 22   -9.866213952440e-02 -9.866310394702e-02 6.37e-09 8.78e-09 2.58e-09 0.169
 23   -9.866249807716e-02 -9.866261385631e-02 7.65e-10 4.08e-08 2.87e-10 0.171
 24   -9.866254114250e-02 -9.866255481115e-02 9.05e-11 2.82e-06 3.12e-11 0.174
 25   -9.866254627845e-02 -9.866254774121e-02 9.70e-12 4.68e-06 3.26e-12 0.177
 26   -9.866254683097e-02 -9.866254697794e-02 9.72e-13 3.51e-06 3.29e-13 0.179
 27   -9.866254688637e-02 -9.866254690145e-02 9.86e-14 6.98e-05 3.37e-14 0.182
 28   -9.866254689209e-02 -9.866254689366e-02 1.02e-14 2.04e-04 4.16e-15 0.185
 29   -9.866254689268e-02 -9.866254689292e-02 1.33e-15 7.44e-04 3.88e-16 0.187
Numerical error in objective
Restoring previous solution


Suboptimal solution found in 30 iterations and 0.19 seconds
Objective -9.86621395e-02
Primal infeasibility (abs/rel): 1.27e-08/6.37e-09
Dual infeasibility   (abs/rel): 9.67e-09/8.78e-09
Complementarity gap  (abs/rel): 2.84e-09/2.58e-09


Barrier finished in 0.19 seconds
Dual variables for problems with quadratic constraints not returned.
