cuOpt version: 26.10.0, git hash: 648f805d, host arch: x86_64, device archs: 80-real
CPU: AMD EPYC 7642 48-Core Processor, threads: 5C/5T, RAM usage: 12.63/503.74GiB
CPU SIMD target: AVX2
CUDA 12.9, device: NVIDIA A100 80GB PCIe (ID 0), VRAM: 79.44 GiB
CUDA device UUID: 68df5cf5-71f9-6a93-b428-460c080ffb10
Problem has 1 quadratic constraints. Converting to second-order cones and solving with barrier.
Handling 50 free variables directly in augmented system
Presolved problem: 5103 constraints 10102 variables 265152 nonzeros
Skipping Ruiz equilibration (row norm ratio 1.4, column norm ratio 1.4 < 5e4, Q coeff ratio 1.0 < 100)
Barrier solver started at 0.03 seconds
Barrier solver: 5103 constraints, 10102 variables, 265152 nonzeros


Second-order cones          : 1
Free variables              : 50
Upper bounds                : 5000
Linear system               : augmented
cuDSS Version               : 0.7.1
cuDSS Threading layer       : libcudss_mtlayer_gomp.so.0
Reordering time             : 0.05s
Symbolic factorization time : 0.02s
Symbolic nonzeros in factor : 2.79e+05
Barrier setup complete at 0.11 seconds
Elapsed time                : 0.11s
Adaptive regularization enabled


                  Objective                         Infeasibility        Time
Iter   Primal              Dual                Primal   Dual    Compl.   Elapsed
  0   -3.701605598740e+02 -3.710234169387e+02 3.71e+03 1.91e+00 1.19e-02 0.1
  1   -4.135545914633e+00 -3.474447710337e+02 4.01e+01 2.77e-01 6.50e-02 0.1
  2   -1.039314354667e-01 -2.487032419842e+01 4.69e-01 7.85e-03 4.78e-03 0.1
  3   -5.492443562267e-02 -6.426587254006e-01 4.69e-03 7.91e-05 1.48e-04 0.1
  4   -5.851219322878e-02 -1.359803005397e-01 6.17e-04 1.04e-05 1.73e-05 0.1
  5   -6.701674707394e-02 -1.381479919792e-01 4.94e-04 8.32e-06 2.86e-05 0.1
  6   -6.855034187643e-02 -1.384591743163e-01 4.55e-04 7.67e-06 3.48e-05 0.1
  7   -8.223283401199e-02 -1.232138715909e-01 2.32e-04 3.91e-06 6.24e-05 0.1
  8   -8.247985951838e-02 -1.229731316098e-01 2.12e-04 3.58e-06 7.15e-05 0.1
  9   -8.394188439457e-02 -1.219999915816e-01 1.71e-04 2.88e-06 1.86e-04 0.2
 10   -8.656542971819e-02 -1.187876954741e-01 8.89e-05 1.50e-06 1.36e-04 0.2
 11   -8.752280687683e-02 -1.157166556078e-01 5.91e-05 9.96e-07 3.81e-04 0.2
 12   -9.538116679542e-02 -1.035671015893e-01 1.38e-05 2.32e-07 9.05e-05 0.2
 13   -9.693240172154e-02 -1.009797178722e-01 5.48e-06 9.23e-08 3.36e-05 0.2
 14   -9.753155483379e-02 -9.982634447873e-02 2.09e-06 3.51e-08 3.57e-05 0.2
 15   -9.826410009239e-02 -9.884488014078e-02 4.45e-07 7.49e-09 7.54e-06 0.2
 16   -9.843129985192e-02 -9.860972330735e-02 1.18e-07 1.99e-09 3.54e-06 0.2
 17   -9.850553284683e-02 -9.851127267393e-02 3.64e-09 6.52e-11 6.01e-08 0.2
 18   -9.850780923380e-02 -9.850829524115e-02 3.02e-10 6.80e-12 2.84e-09 0.2
 19   -9.850798004629e-02 -9.850806861493e-02 5.16e-11 1.44e-10 3.51e-10 0.2
 20   -9.850801409490e-02 -9.850802519738e-02 4.76e-12 8.67e-11 3.22e-11 0.2
 21   -9.850801820956e-02 -9.850802007017e-02 6.73e-13 3.82e-10 3.66e-12 0.2


Optimal solution found in 21 iterations and 0.213s
Objective -9.85080182e-02
Primal infeasibility (abs/rel): 1.35e-12/6.73e-13
Dual infeasibility   (abs/rel): 4.20e-10/3.82e-10
Complementarity gap  (abs/rel): 4.02e-12/3.66e-12


Barrier finished in 0.22 seconds
Dual variables for problems with quadratic constraints not returned.
