cuOpt version: 26.10.0, git hash: 648f805d, host arch: x86_64, device archs: 80-real
CPU: AMD EPYC 7642 48-Core Processor, threads: 5C/5T, RAM usage: 12.63/503.74GiB
CPU SIMD target: AVX2
CUDA 12.9, device: NVIDIA A100 80GB PCIe (ID 0), VRAM: 79.44 GiB
CUDA device UUID: 68df5cf5-71f9-6a93-b428-460c080ffb10
Problem has 1 quadratic constraints. Converting to second-order cones and solving with barrier.
Handling 50 free variables directly in augmented system
Presolved problem: 5103 constraints 10102 variables 265152 nonzeros
Skipping Ruiz equilibration (row norm ratio 1.4, column norm ratio 1.4 < 5e4, Q coeff ratio 1.0 < 100)
Barrier solver started at 0.03 seconds
Barrier solver: 5103 constraints, 10102 variables, 265152 nonzeros


Second-order cones          : 1
Free variables              : 50
Upper bounds                : 5000
Linear system               : augmented
cuDSS Version               : 0.7.1
cuDSS Threading layer       : libcudss_mtlayer_gomp.so.0
Reordering time             : 0.07s
Symbolic factorization time : 0.02s
Symbolic nonzeros in factor : 2.79e+05
Barrier setup complete at 0.13 seconds
Elapsed time                : 0.13s
Adaptive regularization enabled


                  Objective                         Infeasibility        Time
Iter   Primal              Dual                Primal   Dual    Compl.   Elapsed
  0   -3.704438282728e+02 -3.711104708303e+02 3.71e+03 1.91e+00 1.19e-02 0.1
  1   -4.139322487461e+00 -3.475321003739e+02 4.01e+01 2.77e-01 6.50e-02 0.1
  2   -1.040051645786e-01 -2.488690059915e+01 4.69e-01 7.85e-03 4.78e-03 0.1
  3   -5.496098290900e-02 -6.429066466971e-01 4.69e-03 7.91e-05 1.48e-04 0.1
  4   -5.855459132465e-02 -1.362807828578e-01 6.19e-04 1.04e-05 1.73e-05 0.2
  5   -6.665907728714e-02 -1.384240677307e-01 5.01e-04 8.44e-06 2.67e-05 0.2
  6   -6.830397407935e-02 -1.387646904003e-01 4.61e-04 7.77e-06 3.69e-05 0.2
  7   -8.178965068437e-02 -1.244187875719e-01 2.41e-04 4.06e-06 7.25e-05 0.2
  8   -8.204667333161e-02 -1.241615513235e-01 2.21e-04 3.73e-06 7.39e-05 0.2
  9   -8.363783321421e-02 -1.231267562001e-01 1.77e-04 2.98e-06 1.96e-04 0.2
 10   -8.573826314224e-02 -1.205847460170e-01 1.06e-04 1.79e-06 1.75e-04 0.2
 11   -8.728360766775e-02 -1.169549405464e-01 6.97e-05 1.17e-06 3.38e-04 0.2
 12   -9.492178523450e-02 -1.048282905895e-01 2.14e-05 3.60e-07 7.49e-05 0.2
 13   -9.573363293695e-02 -1.031913850333e-01 1.32e-05 2.22e-07 8.97e-05 0.2
 14   -9.611217937712e-02 -1.025782578624e-01 1.00e-05 1.69e-07 9.41e-05 0.2
 15   -9.721223360896e-02 -1.009317456522e-01 5.10e-06 8.59e-08 4.82e-05 0.2
 16   -9.738047607295e-02 -1.005140832515e-01 3.53e-06 5.94e-08 4.78e-05 0.2
 17   -9.813667348528e-02 -9.940576145477e-02 1.10e-06 1.85e-08 1.83e-05 0.2
 18   -9.834629730027e-02 -9.908004991014e-02 4.97e-07 8.38e-09 1.30e-05 0.2
 19   -9.855959438920e-02 -9.879983180361e-02 1.40e-07 2.37e-09 4.15e-06 0.2
 20   -9.863009676222e-02 -9.870302415261e-02 3.17e-08 5.19e-10 1.35e-06 0.2
 21   -9.865468522676e-02 -9.867265752216e-02 7.33e-09 1.24e-10 3.27e-07 0.2
 22   -9.866134821717e-02 -9.866398528990e-02 6.93e-10 1.24e-11 3.61e-08 0.2
 23   -9.866238143832e-02 -9.866274590462e-02 9.58e-11 2.53e-12 5.12e-09 0.2
 24   -9.866252321788e-02 -9.866257540687e-02 1.37e-11 1.87e-11 7.37e-10 0.3
 25   -9.866254596019e-02 -9.866254802255e-02 5.34e-13 3.75e-09 2.83e-11 0.3


Optimal solution found in 25 iterations and 0.258s
Objective -9.86625460e-02
Primal infeasibility (abs/rel): 1.07e-12/5.34e-13
Dual infeasibility   (abs/rel): 4.13e-09/3.75e-09
Complementarity gap  (abs/rel): 3.11e-11/2.83e-11


Barrier finished in 0.26 seconds
Dual variables for problems with quadratic constraints not returned.
