cuOpt version: 26.10.0, git hash: 648f805d, host arch: x86_64, device archs: 80-real
CPU: AMD EPYC 7642 48-Core Processor, threads: 5C/5T, RAM usage: 27.72/503.74GiB
CPU SIMD target: AVX2
CUDA 12.9, device: NVIDIA A100 80GB PCIe (ID 0), VRAM: 79.44 GiB
CUDA device UUID: 68df5cf5-71f9-6a93-b428-460c080ffb10
Problem has 1 quadratic constraints. Converting to second-order cones and solving with barrier.
Bounded 50 free variables in presolve
26 variables with no lower bound
Transforming 50 nonzero lower bound
Presolved problem: 5103 constraints 10102 variables 265152 nonzeros
Skipping Ruiz equilibration (row norm ratio 1.4, column norm ratio 1.4 < 5e4, Q coeff ratio 1.0 < 100)
Barrier solver started at 0.032 seconds
Barrier solver: 5103 constraints, 10102 variables, 265152 nonzeros


Second-order cones          : 1
Upper bounds                : 5000
Linear system               : augmented
cuDSS Version               : 0.7.1
cuDSS Threading layer       : libcudss_mtlayer_gomp.so.0
Reordering time             : 0.053s
Symbolic factorization time : 0.024s
Symbolic nonzeros in factor : 2.79e+05
Elapsed time for augmented  : 0.114 seconds
Elapsed time           : 0.114 seconds
Barrier setup complete at 0.114 seconds
Adaptive regularization enabled


                  Objective                         Infeasibility        Time
Iter   Primal              Dual                Primal   Dual    Compl.   Elapsed
  0   -1.026255754476e+03 -1.028123392682e+03 1.34e+03 5.28e+00 3.29e-02 0.115
  1   -7.988891366240e+02 -1.216972376034e+03 1.04e+03 3.89e+00 1.06e-01 0.120
  2   -9.733777203305e+00 -1.999306298756e+03 1.25e+01 3.58e+00 1.82e+00 0.125
  3   -3.455265619007e-01 -2.774602066761e+02 3.70e-01 1.25e-01 4.38e-01 0.130
  4   -5.473198952224e-02 -6.321130112238e+00 3.72e-03 1.26e-03 5.60e-03 0.135
  5   -5.230673586118e-02 -1.993027491132e-01 8.15e-05 2.76e-05 1.23e-04 0.142
  6   -6.545395856212e-02 -1.311807032367e-01 3.24e-05 1.10e-05 4.90e-05 0.147
  7   -6.632886956253e-02 -1.319236939461e-01 3.18e-05 1.08e-05 4.81e-05 0.152
  8   -6.641835763655e-02 -1.319937447014e-01 3.16e-05 1.07e-05 4.79e-05 0.157
  9   -6.906142360426e-02 -1.324084573149e-01 2.92e-05 9.92e-06 6.08e-05 0.162
 10   -6.940840037466e-02 -1.326078362960e-01 2.85e-05 9.66e-06 6.43e-05 0.167
 11   -7.521071927026e-02 -1.325530900066e-01 2.12e-05 7.19e-06 1.36e-04 0.172
 12   -7.745858398098e-02 -1.309568978233e-01 1.71e-05 5.79e-06 2.87e-04 0.177
 13   -8.470747822066e-02 -1.240357421103e-01 8.38e-06 2.84e-06 5.32e-04 0.183
 14   -8.721706286162e-02 -1.197583040244e-01 5.44e-06 1.84e-06 3.54e-04 0.188
 15   -8.803987483719e-02 -1.171416520682e-01 4.06e-06 1.38e-06 4.07e-04 0.194
 16   -9.277170379540e-02 -1.089887938368e-01 2.06e-06 6.98e-07 1.97e-04 0.199
 17   -9.358196610104e-02 -1.073092833158e-01 1.57e-06 5.32e-07 1.95e-04 0.206
 18   -9.638105779478e-02 -1.026489827746e-01 6.16e-07 2.09e-07 7.80e-05 0.211
 19   -9.667052124741e-02 -1.018568251932e-01 4.20e-07 1.42e-07 7.68e-05 0.217
 20   -9.780048314092e-02 -1.001210216007e-01 1.61e-07 5.47e-08 3.08e-05 0.222
 21   -9.808712551322e-02 -9.959794024887e-02 8.34e-08 2.83e-08 2.52e-05 0.228
 22   -9.847411142607e-02 -9.904053788989e-02 2.61e-08 8.84e-09 8.92e-06 0.233
 23   -9.859704280158e-02 -9.885288257118e-02 8.80e-09 2.96e-09 4.38e-06 0.238
 24   -9.867667488141e-02 -9.874905752125e-02 2.22e-09 7.51e-10 1.22e-06 0.243
 25   -9.870209409973e-02 -9.871459377305e-02 2.57e-10 8.63e-11 1.98e-07 0.248
 26   -9.870671755195e-02 -9.870895239324e-02 4.45e-11 1.80e-11 3.60e-08 0.253
 27   -9.870756710354e-02 -9.870786683794e-02 4.69e-12 7.77e-12 3.96e-09 0.258
 28   -9.870769472032e-02 -9.870771026851e-02 2.43e-13 1.24e-10 2.00e-10 0.264
 29   -9.870770131509e-02 -9.870770222238e-02 2.91e-14 8.84e-08 1.05e-11 0.268
 30   -9.870770171914e-02 -9.870770175340e-02 7.52e-16 2.25e-09 2.14e-13 0.273


Optimal solution found in 30 iterations and 0.273s
Objective -9.87077017e-02
Primal infeasibility (abs/rel): 1.15e-14/7.52e-16
Dual infeasibility   (abs/rel): 2.48e-09/2.25e-09
Complementarity gap  (abs/rel): 2.35e-13/2.14e-13


Barrier finished in 0.27 seconds
Dual variables for problems with quadratic constraints not returned.
