cuOpt version: 26.10.0, git hash: 648f805d, host arch: x86_64, device archs: 80-real
CPU: AMD EPYC 7642 48-Core Processor, threads: 5C/5T, RAM usage: 27.65/503.74GiB
CPU SIMD target: AVX2
CUDA 12.9, device: NVIDIA A100 80GB PCIe (ID 0), VRAM: 79.44 GiB
CUDA device UUID: 68df5cf5-71f9-6a93-b428-460c080ffb10
Problem has 1 quadratic constraints. Converting to second-order cones and solving with barrier.
Bounded 50 free variables in presolve
26 variables with no lower bound
Transforming 50 nonzero lower bound
Presolved problem: 5103 constraints 10102 variables 265152 nonzeros
Skipping Ruiz equilibration (row norm ratio 1.4, column norm ratio 1.4 < 5e4, Q coeff ratio 1.0 < 100)
Barrier solver started at 0.032 seconds
Barrier solver: 5103 constraints, 10102 variables, 265152 nonzeros


Second-order cones          : 1
Upper bounds                : 5000
Linear system               : augmented
cuDSS Version               : 0.7.1
cuDSS Threading layer       : libcudss_mtlayer_gomp.so.0
Reordering time             : 0.052s
Symbolic factorization time : 0.023s
Symbolic nonzeros in factor : 2.79e+05
Elapsed time for augmented  : 0.114 seconds
Elapsed time           : 0.114 seconds
Barrier setup complete at 0.114 seconds
Adaptive regularization enabled


                  Objective                         Infeasibility        Time
Iter   Primal              Dual                Primal   Dual    Compl.   Elapsed
  0   -1.025947872594e+03 -1.028078596600e+03 1.34e+03 5.28e+00 3.29e-02 0.114
  1   -7.986700422568e+02 -1.216937651090e+03 1.04e+03 3.89e+00 1.06e-01 0.120
  2   -9.730547565833e+00 -1.999456484764e+03 1.25e+01 3.59e+00 1.82e+00 0.125
  3   -3.461106087491e-01 -2.775548461162e+02 3.71e-01 1.25e-01 4.39e-01 0.131
  4   -5.472078089256e-02 -6.324837919026e+00 3.73e-03 1.26e-03 5.62e-03 0.136
  5   -5.228851185017e-02 -1.989212313209e-01 8.14e-05 2.76e-05 1.23e-04 0.142
  6   -6.546233451684e-02 -1.309264221488e-01 3.23e-05 1.10e-05 4.89e-05 0.147
  7   -6.635006810059e-02 -1.316674904525e-01 3.17e-05 1.07e-05 4.80e-05 0.152
  8   -6.740968487509e-02 -1.324166492672e-01 3.05e-05 1.03e-05 4.63e-05 0.157
  9   -6.921128524214e-02 -1.329205925079e-01 2.85e-05 9.68e-06 5.49e-05 0.162
 10   -6.959993794092e-02 -1.331280619411e-01 2.76e-05 9.36e-06 5.71e-05 0.167
 11   -7.442751477267e-02 -1.335478724795e-01 2.09e-05 7.08e-06 2.32e-04 0.173
 12   -7.791991166511e-02 -1.306480334886e-01 1.57e-05 5.34e-06 4.27e-04 0.178
 13   -9.082327687159e-02 -1.126406829408e-01 2.76e-06 9.35e-07 3.62e-04 0.183
 14   -9.563258475325e-02 -1.030426471938e-01 5.51e-07 1.87e-07 1.85e-04 0.188
 15   -9.763630741560e-02 -9.995900923177e-02 1.57e-07 5.33e-08 4.41e-05 0.194
 16   -9.802466092766e-02 -9.918816043207e-02 5.80e-08 1.97e-08 2.68e-05 0.199
 17   -9.838017668181e-02 -9.869546543650e-02 1.50e-08 5.07e-09 7.14e-06 0.204
 18   -9.846707822639e-02 -9.855623256953e-02 2.90e-09 9.74e-10 1.99e-06 0.209
 19   -9.849931391357e-02 -9.851457687402e-02 4.86e-10 1.67e-10 3.53e-07 0.214
 20   -9.850490140092e-02 -9.850667209303e-02 2.65e-11 8.92e-12 2.37e-08 0.219
 21   -9.850564557327e-02 -9.850578521823e-02 2.09e-12 3.78e-12 1.87e-09 0.224
 22   -9.850570484312e-02 -9.850571181229e-02 7.92e-14 2.36e-10 6.53e-11 0.229


Optimal solution found in 22 iterations and 0.229s
Objective -9.85057048e-02
Primal infeasibility (abs/rel): 1.22e-12/7.92e-14
Dual infeasibility   (abs/rel): 2.60e-10/2.36e-10
Complementarity gap  (abs/rel): 7.18e-11/6.53e-11


Barrier finished in 0.23 seconds
Dual variables for problems with quadratic constraints not returned.
