cuOpt version: 26.10.0, git hash: 648f805d, host arch: x86_64, device archs: 80-real
CPU: AMD EPYC 7642 48-Core Processor, threads: 5C/5T, RAM usage: 27.74/503.74GiB
CPU SIMD target: AVX2
CUDA 12.9, device: NVIDIA A100 80GB PCIe (ID 0), VRAM: 79.44 GiB
CUDA device UUID: 68df5cf5-71f9-6a93-b428-460c080ffb10
Problem has 1 quadratic constraints. Converting to second-order cones and solving with barrier.
Bounded 50 free variables in presolve
26 variables with no lower bound
Transforming 50 nonzero lower bound
Presolved problem: 5103 constraints 10102 variables 265152 nonzeros
Skipping Ruiz equilibration (row norm ratio 1.4, column norm ratio 1.4 < 5e4, Q coeff ratio 1.0 < 100)
Barrier solver started at 0.032 seconds
Barrier solver: 5103 constraints, 10102 variables, 265152 nonzeros


Second-order cones          : 1
Upper bounds                : 5000
Linear system               : augmented
cuDSS Version               : 0.7.1
cuDSS Threading layer       : libcudss_mtlayer_gomp.so.0
Reordering time             : 0.051s
Symbolic factorization time : 0.023s
Symbolic nonzeros in factor : 2.79e+05
Elapsed time for augmented  : 0.113 seconds
Elapsed time           : 0.113 seconds
Barrier setup complete at 0.113 seconds
Adaptive regularization enabled


                  Objective                         Infeasibility        Time
Iter   Primal              Dual                Primal   Dual    Compl.   Elapsed
  0   -1.026122918440e+03 -1.028147719588e+03 1.34e+03 5.28e+00 3.29e-02 0.113
  1   -7.987748917860e+02 -1.216991176195e+03 1.04e+03 3.89e+00 1.06e-01 0.119
  2   -9.732950863634e+00 -1.999223115381e+03 1.25e+01 3.58e+00 1.82e+00 0.125
  3   -3.452471334777e-01 -2.774438662385e+02 3.70e-01 1.24e-01 4.38e-01 0.130
  4   -5.472109012675e-02 -6.320132372121e+00 3.72e-03 1.26e-03 5.60e-03 0.135
  5   -5.229808186751e-02 -1.986797692426e-01 8.11e-05 2.75e-05 1.22e-04 0.141
  6   -6.559725178670e-02 -1.304054301778e-01 3.19e-05 1.08e-05 4.82e-05 0.146
  7   -6.680154855069e-02 -1.314083829198e-01 3.11e-05 1.06e-05 4.71e-05 0.151
  8   -6.698298207846e-02 -1.315537082032e-01 3.08e-05 1.05e-05 4.67e-05 0.157
  9   -6.927628142471e-02 -1.317088114145e-01 2.88e-05 9.77e-06 4.38e-05 0.162
 10   -6.938151600790e-02 -1.317514854814e-01 2.83e-05 9.59e-06 8.37e-05 0.167
 11   -7.152357008997e-02 -1.317624355526e-01 2.56e-05 8.69e-06 2.57e-04 0.172
 12   -7.539067424005e-02 -1.300205740071e-01 1.93e-05 6.55e-06 4.22e-04 0.177
 13   -8.491759308860e-02 -1.197218227883e-01 1.11e-05 3.77e-06 1.98e-04 0.182
 14   -8.622409223522e-02 -1.176846847192e-01 9.04e-06 3.07e-06 2.49e-04 0.188
 15   -9.150974313001e-02 -1.097476761749e-01 4.76e-06 1.61e-06 1.38e-04 0.193
 16   -9.197723039840e-02 -1.087581333270e-01 3.93e-06 1.33e-06 1.58e-04 0.198
 17   -9.569114966151e-02 -1.031846462738e-01 1.49e-06 5.06e-07 7.05e-05 0.203
 18   -9.594373414889e-02 -1.024946509518e-01 1.10e-06 3.72e-07 8.10e-05 0.210
 19   -9.734808718906e-02 -1.004844052231e-01 4.74e-07 1.61e-07 3.50e-05 0.215
 20   -9.759254655609e-02 -1.000216764070e-01 3.04e-07 1.03e-07 3.39e-05 0.220
 21   -9.817841980137e-02 -9.918973980323e-02 1.06e-07 3.59e-08 1.31e-05 0.226
 22   -9.832009759201e-02 -9.896396660266e-02 5.28e-08 1.79e-08 9.65e-06 0.232
 23   -9.850416516752e-02 -9.872115183766e-02 1.51e-08 5.11e-09 3.09e-06 0.237
 24   -9.856143494883e-02 -9.864260867857e-02 4.21e-09 1.41e-09 1.23e-06 0.242
 25   -9.858771650865e-02 -9.861006690775e-02 1.06e-09 3.57e-10 3.29e-07 0.247
 26   -9.859604770813e-02 -9.859937539303e-02 1.00e-10 3.02e-11 4.11e-08 0.252
 27   -9.859736747480e-02 -9.859780621546e-02 1.31e-11 1.33e-11 5.52e-09 0.257
 28   -9.859755059758e-02 -9.859758478309e-02 1.02e-12 1.34e-10 4.24e-10 0.263
 29   -9.859756547661e-02 -9.859756671210e-02 3.67e-14 8.37e-10 1.36e-11 0.268


Optimal solution found in 29 iterations and 0.268s
Objective -9.85975655e-02
Primal infeasibility (abs/rel): 5.64e-13/3.67e-14
Dual infeasibility   (abs/rel): 9.22e-10/8.37e-10
Complementarity gap  (abs/rel): 1.49e-11/1.36e-11


Barrier finished in 0.27 seconds
Dual variables for problems with quadratic constraints not returned.
