cuOpt version: 26.10.0, git hash: 648f805d, host arch: x86_64, device archs: 80-real
CPU: AMD EPYC 7642 48-Core Processor, threads: 5C/5T, RAM usage: 27.25/503.74GiB
CPU SIMD target: AVX2
CUDA 12.9, device: NVIDIA A100 80GB PCIe (ID 0), VRAM: 79.44 GiB
CUDA device UUID: 68df5cf5-71f9-6a93-b428-460c080ffb10
Problem has 1 quadratic constraints. Converting to second-order cones and solving with barrier.
Handling 50 free variables directly in augmented system
Presolved problem: 5103 constraints 10102 variables 265152 nonzeros
Skipping Ruiz equilibration (row norm ratio 1.4, column norm ratio 1.4 < 5e4, Q coeff ratio 1.0 < 100)
Barrier solver started at 0.026 seconds
Barrier solver: 5103 constraints, 10102 variables, 265152 nonzeros


Second-order cones          : 1
Free variables              : 50
Upper bounds                : 5000
Linear system               : augmented
cuDSS Version               : 0.7.1
cuDSS Threading layer       : libcudss_mtlayer_gomp.so.0
Reordering time             : 0.147s
Symbolic factorization time : 0.023s
Symbolic nonzeros in factor : 2.79e+05
Elapsed time for augmented  : 0.204 seconds
Elapsed time           : 0.204 seconds
Barrier setup complete at 0.204 seconds
Adaptive regularization enabled


                  Objective                         Infeasibility        Time
Iter   Primal              Dual                Primal   Dual    Compl.   Elapsed
  0   -4.988372197774e-02 -6.261712008651e+04 5.00e+00 6.54e+02 7.21e+03 0.216
  1   -4.990598684771e-02 -1.142615824933e+04 8.90e-01 1.13e+02 1.44e+03 0.221
  2   -4.986577587937e-02 -1.907072013763e+03 8.91e-02 8.22e+00 2.69e+02 0.226
  3   -4.987329128107e-02 -2.193333732532e+02 9.57e-03 7.84e-01 3.54e+01 0.232
  4   -4.992242497474e-02 -2.431655322711e+01 1.05e-03 4.03e-01 3.84e+00 0.238
  5   -5.033599871751e-02 -3.249631170191e+00 1.38e-04 5.91e-02 5.04e-01 0.244
  6   -5.315644318171e-02 -7.257775610392e-01 2.89e-05 1.25e-02 1.06e-01 0.250
  7   -6.573732575134e-02 -2.619416372949e-01 6.80e-06 2.95e-03 2.45e-02 0.261
  8   -7.854578184838e-02 -1.817687963701e-01 1.19e-06 5.18e-04 4.21e-03 0.267
  9   -8.894351952077e-02 -1.221995945208e-01 3.68e-07 1.60e-04 1.32e-03 0.272
 10   -9.523830140883e-02 -1.050737679694e-01 7.24e-08 3.14e-05 2.03e-04 0.276
 11   -9.700932665926e-02 -1.013509959535e-01 2.94e-08 1.27e-05 8.09e-05 0.281
 12   -9.799338997906e-02 -9.936991660930e-02 6.99e-09 3.03e-06 1.45e-05 0.286
 13   -9.830614399365e-02 -9.884133495764e-02 2.63e-09 1.14e-06 6.04e-06 0.291
 14   -9.845694296245e-02 -9.858963652395e-02 6.10e-10 2.65e-07 1.24e-06 0.296
 15   -9.849889166351e-02 -9.852232197034e-02 1.05e-10 4.57e-08 1.72e-07 0.300
 16   -9.850657154513e-02 -9.851026878320e-02 1.65e-11 7.16e-09 2.34e-08 0.305
 17   -9.850779813937e-02 -9.850836102547e-02 2.51e-12 1.08e-09 3.02e-09 0.310
 18   -9.850798631041e-02 -9.850806961951e-02 3.71e-13 1.77e-10 3.68e-10 0.315
 19   -9.850801401628e-02 -9.850802683069e-02 5.92e-14 3.77e-10 4.51e-11 0.320
 20   -9.850801816126e-02 -9.850802043451e-02 1.14e-14 1.54e-10 6.10e-12 0.325


Optimal solution found in 20 iterations and 0.325s
Objective -9.85080182e-02
Primal infeasibility (abs/rel): 2.29e-14/1.14e-14
Dual infeasibility   (abs/rel): 1.69e-10/1.54e-10
Complementarity gap  (abs/rel): 6.70e-12/6.10e-12


Barrier finished in 0.33 seconds
Dual variables for problems with quadratic constraints not returned.
