cuOpt version: 26.10.0, git hash: 648f805d, host arch: x86_64, device archs: 80-real
CPU: AMD EPYC 7642 48-Core Processor, threads: 5C/5T, RAM usage: 27.54/503.74GiB
CPU SIMD target: AVX2
CUDA 12.9, device: NVIDIA A100 80GB PCIe (ID 0), VRAM: 79.44 GiB
CUDA device UUID: 68df5cf5-71f9-6a93-b428-460c080ffb10
Problem has 1 quadratic constraints. Converting to second-order cones and solving with barrier.
Handling 50 free variables directly in augmented system
Presolved problem: 5103 constraints 10102 variables 265152 nonzeros
Skipping Ruiz equilibration (row norm ratio 1.4, column norm ratio 1.4 < 5e4, Q coeff ratio 1.0 < 100)
Barrier solver started at 0.027 seconds
Barrier solver: 5103 constraints, 10102 variables, 265152 nonzeros


Second-order cones          : 1
Free variables              : 50
Upper bounds                : 5000
Linear system               : augmented
cuDSS Version               : 0.7.1
cuDSS Threading layer       : libcudss_mtlayer_gomp.so.0
Reordering time             : 0.053s
Symbolic factorization time : 0.024s
Symbolic nonzeros in factor : 2.79e+05
Elapsed time for augmented  : 0.110 seconds
Elapsed time           : 0.110 seconds
Barrier setup complete at 0.110 seconds
Adaptive regularization enabled


                  Objective                         Infeasibility        Time
Iter   Primal              Dual                Primal   Dual    Compl.   Elapsed
  0   -4.988370513976e-02 -6.261712008651e+04 5.00e+00 6.54e+02 7.21e+03 0.123
  1   -4.990597188532e-02 -1.142615915763e+04 8.90e-01 1.13e+02 1.44e+03 0.128
  2   -4.986583516864e-02 -1.907072911784e+03 8.91e-02 8.22e+00 2.69e+02 0.133
  3   -4.987334993378e-02 -2.193332938469e+02 9.57e-03 7.84e-01 3.54e+01 0.139
  4   -4.992248301846e-02 -2.431642773006e+01 1.05e-03 4.03e-01 3.84e+00 0.145
  5   -5.033605751181e-02 -3.249608925317e+00 1.38e-04 5.91e-02 5.04e-01 0.151
  6   -5.315651167676e-02 -7.257760058155e-01 2.89e-05 1.25e-02 1.06e-01 0.157
  7   -6.573778834433e-02 -2.619269455042e-01 6.80e-06 2.95e-03 2.45e-02 0.162
  8   -7.854678161984e-02 -1.817624568258e-01 1.19e-06 5.18e-04 4.21e-03 0.168
  9   -8.894432430011e-02 -1.221978451374e-01 3.68e-07 1.60e-04 1.32e-03 0.172
 10   -9.523860879315e-02 -1.050733303580e-01 7.24e-08 3.14e-05 2.03e-04 0.177
 11   -9.700941963711e-02 -1.013507937092e-01 2.94e-08 1.27e-05 8.09e-05 0.182
 12   -9.799344865666e-02 -9.936980755784e-02 6.99e-09 3.03e-06 1.45e-05 0.187
 13   -9.830617049971e-02 -9.884128733827e-02 2.63e-09 1.14e-06 6.03e-06 0.192
 14   -9.845694961108e-02 -9.858962593427e-02 6.10e-10 2.65e-07 1.24e-06 0.196
 15   -9.849889299747e-02 -9.852231984448e-02 1.05e-10 4.57e-08 1.72e-07 0.201
 16   -9.850657173453e-02 -9.851026848506e-02 1.65e-11 7.16e-09 2.34e-08 0.206
 17   -9.850779816594e-02 -9.850836098390e-02 2.51e-12 1.08e-09 3.01e-09 0.211
 18   -9.850798631446e-02 -9.850806961321e-02 3.71e-13 1.93e-10 3.68e-10 0.216
 19   -9.850801401671e-02 -9.850802683001e-02 5.91e-14 3.99e-10 4.51e-11 0.221
 20   -9.850801816125e-02 -9.850802043454e-02 1.14e-14 1.64e-10 6.10e-12 0.226


Optimal solution found in 20 iterations and 0.226s
Objective -9.85080182e-02
Primal infeasibility (abs/rel): 2.29e-14/1.14e-14
Dual infeasibility   (abs/rel): 1.81e-10/1.64e-10
Complementarity gap  (abs/rel): 6.70e-12/6.10e-12


Barrier finished in 0.23 seconds
Dual variables for problems with quadratic constraints not returned.
