cuOpt version: 26.10.0, git hash: 648f805d, host arch: x86_64, device archs: 80-real
CPU: AMD EPYC 7642 48-Core Processor, threads: 5C/5T, RAM usage: 27.55/503.74GiB
CPU SIMD target: AVX2
CUDA 12.9, device: NVIDIA A100 80GB PCIe (ID 0), VRAM: 79.44 GiB
CUDA device UUID: 68df5cf5-71f9-6a93-b428-460c080ffb10
Problem has 1 quadratic constraints. Converting to second-order cones and solving with barrier.
Handling 50 free variables directly in augmented system
Presolved problem: 5103 constraints 10102 variables 265152 nonzeros
Skipping Ruiz equilibration (row norm ratio 1.4, column norm ratio 1.4 < 5e4, Q coeff ratio 1.0 < 100)
Barrier solver started at 0.026 seconds
Barrier solver: 5103 constraints, 10102 variables, 265152 nonzeros


Second-order cones          : 1
Free variables              : 50
Upper bounds                : 5000
Linear system               : augmented
cuDSS Version               : 0.7.1
cuDSS Threading layer       : libcudss_mtlayer_gomp.so.0
Reordering time             : 0.058s
Symbolic factorization time : 0.023s
Symbolic nonzeros in factor : 2.79e+05
Elapsed time for augmented  : 0.115 seconds
Elapsed time           : 0.115 seconds
Barrier setup complete at 0.115 seconds
Adaptive regularization enabled


                  Objective                         Infeasibility        Time
Iter   Primal              Dual                Primal   Dual    Compl.   Elapsed
  0   -4.988373760880e-02 -6.261712008651e+04 5.00e+00 6.54e+02 7.21e+03 0.127
  1   -4.990600134137e-02 -1.142615713466e+04 8.90e-01 1.13e+02 1.44e+03 0.132
  2   -4.986571241920e-02 -1.907070760115e+03 8.91e-02 8.22e+00 2.69e+02 0.137
  3   -4.987322811760e-02 -2.193333633044e+02 9.57e-03 7.84e-01 3.54e+01 0.143
  4   -4.992236246858e-02 -2.431667536880e+01 1.05e-03 4.03e-01 3.84e+00 0.149
  5   -5.033593689354e-02 -3.249630663344e+00 1.38e-04 5.91e-02 5.04e-01 0.155
  6   -5.315639999120e-02 -7.257710524048e-01 2.89e-05 1.25e-02 1.06e-01 0.161
  7   -6.573669990611e-02 -2.619676704419e-01 6.80e-06 2.95e-03 2.45e-02 0.167
  8   -7.854398688512e-02 -1.817799090357e-01 1.19e-06 5.18e-04 4.21e-03 0.172
  9   -8.894208612579e-02 -1.222027998698e-01 3.68e-07 1.60e-04 1.32e-03 0.177
 10   -9.523772299533e-02 -1.050746544858e-01 7.24e-08 3.14e-05 2.03e-04 0.182
 11   -9.700909490627e-02 -1.013514467972e-01 2.94e-08 1.27e-05 8.09e-05 0.187
 12   -9.799326488086e-02 -9.937012964823e-02 6.99e-09 3.03e-06 1.45e-05 0.191
 13   -9.830608157194e-02 -9.884143970217e-02 2.63e-09 1.14e-06 6.04e-06 0.196
 14   -9.845692492411e-02 -9.858966371067e-02 6.10e-10 2.65e-07 1.24e-06 0.201
 15   -9.849888804179e-02 -9.852232739915e-02 1.05e-10 4.57e-08 1.72e-07 0.206
 16   -9.850657098108e-02 -9.851026961784e-02 1.65e-11 7.17e-09 2.35e-08 0.211
 17   -9.850779805635e-02 -9.850836114747e-02 2.51e-12 1.08e-09 3.02e-09 0.216
 18   -9.850798629773e-02 -9.850806963810e-02 3.71e-13 1.91e-10 3.68e-10 0.221
 19   -9.850801401454e-02 -9.850802683321e-02 5.92e-14 3.85e-10 4.52e-11 0.225
 20   -9.850801816090e-02 -9.850802043505e-02 1.14e-14 1.52e-10 6.10e-12 0.230


Optimal solution found in 20 iterations and 0.230s
Objective -9.85080182e-02
Primal infeasibility (abs/rel): 2.29e-14/1.14e-14
Dual infeasibility   (abs/rel): 1.67e-10/1.52e-10
Complementarity gap  (abs/rel): 6.70e-12/6.10e-12


Barrier finished in 0.23 seconds
Dual variables for problems with quadratic constraints not returned.
