cuOpt version: 26.10.0, git hash: 648f805d, host arch: x86_64, device archs: 80-real
CPU: AMD EPYC 7642 48-Core Processor, threads: 5C/5T, RAM usage: 37.57/503.74GiB
CPU SIMD target: AVX2
CUDA 12.9, device: NVIDIA A100 80GB PCIe (ID 0), VRAM: 79.44 GiB
CUDA device UUID: 68df5cf5-71f9-6a93-b428-460c080ffb10
Problem has 1 quadratic constraints. Converting to second-order cones and solving with barrier.
Handling 50 free variables directly in augmented system
Presolved problem: 5103 constraints 10102 variables 265152 nonzeros
Skipping Ruiz equilibration (row norm ratio 1.4, column norm ratio 1.4 < 5e4, Q coeff ratio 1.0 < 100)
Barrier solver started at 0.032 seconds
Barrier solver: 5103 constraints, 10102 variables, 265152 nonzeros


Second-order cones          : 1
Free variables              : 50
Upper bounds                : 5000
Linear system               : augmented
cuDSS Version               : 0.7.1
cuDSS Threading layer       : libcudss_mtlayer_gomp.so.0
Reordering time             : 0.065s
Symbolic factorization time : 0.024s
Symbolic nonzeros in factor : 2.79e+05
Elapsed time for augmented  : 0.128 seconds
Elapsed time           : 0.128 seconds
Barrier setup complete at 0.128 seconds
Adaptive regularization enabled


                  Objective                         Infeasibility        Time
Iter   Primal              Dual                Primal   Dual    Compl.   Elapsed
  0   -3.703274138474e+02 -3.710708058040e+02 3.71e+03 1.91e+00 1.19e-02 0.129
  1   -4.751482868374e-01 -3.472565138013e+02 3.37e+00 2.99e-01 2.04e-01 0.133
  2   -6.516303184996e-02 -4.818644682453e+00 3.29e-02 3.31e-03 2.60e-03 0.137
  3   -6.244521818762e-02 -2.168202851463e-01 1.04e-03 1.05e-04 6.02e-05 0.141
  4   -6.289722510044e-02 -2.172406365112e-01 1.04e-03 1.04e-04 5.05e-05 0.145
  5   -6.287903764910e-02 -2.172203817230e-01 1.03e-03 1.04e-04 5.15e-05 0.150
  6   -6.412796526682e-02 -2.179911664934e-01 9.98e-04 1.00e-04 5.66e-05 0.154
  7   -6.412658744337e-02 -2.179788170174e-01 9.97e-04 1.00e-04 5.76e-05 0.159
  8   -6.457707675314e-02 -2.181225715835e-01 9.41e-04 9.46e-05 1.52e-04 0.171
  9   -7.357248709331e-02 -1.949156065474e-01 6.30e-04 6.34e-05 1.60e-04 0.175
 10   -7.345741846452e-02 -1.946079550847e-01 6.22e-04 6.25e-05 1.58e-04 0.182
 11   -7.427725823072e-02 -1.770260364211e-01 1.77e-04 1.78e-05 2.40e-04 0.187
 12   -7.726613023496e-02 -1.640698016021e-01 5.25e-05 5.28e-06 2.80e-04 0.191
 13   -7.723604706129e-02 -1.638157465836e-01 5.15e-05 5.17e-06 2.74e-04 0.197
 14   -8.014087432276e-02 -1.520408966443e-01 2.97e-05 2.98e-06 2.56e-04 0.202
 15   -8.015309521089e-02 -1.520344870882e-01 2.96e-05 2.97e-06 2.55e-04 0.208
 16   -7.982071487997e-02 -1.504096233923e-01 2.23e-05 2.24e-06 2.46e-04 0.212
 17   -7.994138278651e-02 -1.501618612849e-01 2.15e-05 2.16e-06 4.29e-04 0.217
 18   -7.986065091383e-02 -1.496608407245e-01 2.08e-05 2.09e-06 4.46e-04 0.223
 19   -8.163041923473e-02 -1.411935837851e-01 6.87e-06 6.90e-07 2.81e-04 0.228
 20   -8.166128739303e-02 -1.409315058775e-01 6.70e-06 6.73e-07 2.96e-04 0.234
 21   -8.388027741125e-02 -1.336947061531e-01 3.29e-06 3.30e-07 1.80e-04 0.238
 22   -8.382954004656e-02 -1.336338797697e-01 3.28e-06 3.29e-07 1.79e-04 0.245
 23   -8.372304418127e-02 -1.331704144095e-01 3.01e-06 3.02e-07 1.94e-04 0.249
 24   -8.375977122430e-02 -1.331497637138e-01 2.99e-06 3.00e-07 1.99e-04 0.256
 25   -8.370149112124e-02 -1.325418386391e-01 2.68e-06 2.70e-07 2.37e-04 0.262
 26   -8.367615871755e-02 -1.324525707520e-01 2.66e-06 2.67e-07 2.42e-04 0.268
 27   -8.407929999347e-02 -1.308016320732e-01 2.15e-06 2.17e-07 2.53e-04 0.273
 28   -8.412430504606e-02 -1.307680930215e-01 2.14e-06 2.15e-07 2.57e-04 0.279
 29   -8.416378352209e-02 -1.300558918923e-01 1.90e-06 1.91e-07 2.76e-04 0.284
 30   -8.414405067992e-02 -1.299673734452e-01 1.88e-06 1.89e-07 2.80e-04 0.290
 31   -8.504244163105e-02 -1.274377660495e-01 1.45e-06 1.45e-07 2.60e-04 0.295
 32   -8.507736066734e-02 -1.273942538119e-01 1.43e-06 1.44e-07 2.64e-04 0.302
 33   -8.508754715618e-02 -1.268448488661e-01 1.30e-06 1.31e-07 2.76e-04 0.307
 34   -8.507191768665e-02 -1.267682101259e-01 1.29e-06 1.30e-07 2.80e-04 0.314
 35   -8.631857989389e-02 -1.237959126161e-01 9.94e-07 9.99e-08 2.45e-04 0.319
 36   -8.633892139577e-02 -1.237460566242e-01 9.86e-07 9.91e-08 2.49e-04 0.325
 37   -8.632038223616e-02 -1.233300864000e-01 9.13e-07 9.18e-08 2.56e-04 0.330
 38   -8.630712254622e-02 -1.232687326318e-01 9.06e-07 9.10e-08 2.59e-04 0.336
 39   -8.768190488705e-02 -1.203289891483e-01 7.24e-07 7.28e-08 2.25e-04 0.340
 40   -8.768715246616e-02 -1.202841642288e-01 7.18e-07 7.22e-08 2.29e-04 0.347
 41   -8.766160868601e-02 -1.199375605871e-01 6.70e-07 6.74e-08 2.30e-04 0.351
 42   -8.764964989177e-02 -1.198887165164e-01 6.66e-07 6.69e-08 2.33e-04 0.358
 43   -8.872461396028e-02 -1.176817584205e-01 5.55e-07 5.57e-08 2.08e-04 0.363
 44   -8.872603240700e-02 -1.176437679135e-01 5.51e-07 5.53e-08 2.10e-04 0.370
 45   -8.870572160159e-02 -1.173354137061e-01 5.15e-07 5.17e-08 2.09e-04 0.376
 46   -8.869616066292e-02 -1.172950384013e-01 5.11e-07 5.14e-08 2.12e-04 0.382
 47   -8.936886095851e-02 -1.158700737969e-01 4.36e-07 4.38e-08 1.93e-04 0.387
 48   -8.937294582905e-02 -1.158391669402e-01 4.33e-07 4.35e-08 1.95e-04 0.393
 49   -8.936115221321e-02 -1.155618585750e-01 4.05e-07 4.07e-08 1.93e-04 0.397
 50   -8.935443875665e-02 -1.155274792443e-01 4.03e-07 4.05e-08 1.95e-04 0.404
 51   -8.983380064904e-02 -1.144974660686e-01 3.48e-07 3.50e-08 1.80e-04 0.409
 52   -8.983950448547e-02 -1.144714573537e-01 3.46e-07 3.47e-08 1.83e-04 0.415
 53   -8.983710143186e-02 -1.142161322352e-01 3.24e-07 3.26e-08 1.80e-04 0.419
 54   -8.983256361811e-02 -1.141864615988e-01 3.22e-07 3.24e-08 1.82e-04 0.425
 55   -9.019414654109e-02 -1.134090153191e-01 2.82e-07 2.83e-08 1.70e-04 0.430
 56   -9.020087978724e-02 -1.133867608575e-01 2.80e-07 2.81e-08 1.72e-04 0.437
 57   -9.020769476069e-02 -1.131472456792e-01 2.63e-07 2.64e-08 1.70e-04 0.441
 58   -9.020466926251e-02 -1.131212011458e-01 2.61e-07 2.62e-08 1.72e-04 0.448
 59   -9.049167586423e-02 -1.125111665410e-01 2.31e-07 2.32e-08 1.62e-04 0.452
 60   -9.049903261334e-02 -1.124918021857e-01 2.30e-07 2.31e-08 1.64e-04 0.458
 61   -9.051509426606e-02 -1.122627802781e-01 2.15e-07 2.16e-08 1.61e-04 0.463
 62   -9.051309988094e-02 -1.122395187692e-01 2.14e-07 2.15e-08 1.63e-04 0.469
 63   -9.075297580605e-02 -1.117402401973e-01 1.91e-07 1.92e-08 1.55e-04 0.474
 64   -9.076064914911e-02 -1.117230974608e-01 1.90e-07 1.91e-08 1.57e-04 0.480
 65   -9.078635126188e-02 -1.115000692768e-01 1.78e-07 1.79e-08 1.54e-04 0.484
 66   -9.078505996033e-02 -1.114789726180e-01 1.77e-07 1.78e-08 1.56e-04 0.490
 67   -9.099567844467e-02 -1.110524123909e-01 1.59e-07 1.60e-08 1.50e-04 0.495
 68   -9.100343478283e-02 -1.110369914701e-01 1.58e-07 1.59e-08 1.52e-04 0.502
 69   -9.103950196839e-02 -1.108161920137e-01 1.48e-07 1.49e-08 1.48e-04 0.506
 70   -9.103868629827e-02 -1.107968170048e-01 1.47e-07 1.48e-08 1.50e-04 0.513
 71   -9.123215408111e-02 -1.104170309953e-01 1.33e-07 1.34e-08 1.44e-04 0.518
 72   -9.123980924281e-02 -1.104029626970e-01 1.32e-07 1.33e-08 1.46e-04 0.524
 73   -9.128724194317e-02 -1.101811865473e-01 1.23e-07 1.24e-08 1.43e-04 0.528
 74   -9.128673444125e-02 -1.101632139800e-01 1.22e-07 1.23e-08 1.44e-04 0.535
 75   -9.147186312795e-02 -1.098117792880e-01 1.11e-07 1.11e-08 1.39e-04 0.540
 76   -9.147925961718e-02 -1.097987855680e-01 1.10e-07 1.11e-08 1.41e-04 0.545
 77   -9.153924399073e-02 -1.095732923168e-01 1.02e-07 1.03e-08 1.37e-04 0.549
 78   -9.153891165417e-02 -1.095564880151e-01 1.02e-07 1.02e-08 1.39e-04 0.556
 79   -9.172262601088e-02 -1.092197547079e-01 9.23e-08 9.28e-09 1.34e-04 0.560
 80   -9.172961708468e-02 -1.092076173860e-01 9.18e-08 9.22e-09 1.36e-04 0.567
 81   -9.180335285998e-02 -1.089761996826e-01 8.49e-08 8.53e-09 1.32e-04 0.571
 82   -9.180308368387e-02 -1.089603887251e-01 8.44e-08 8.60e-09 1.34e-04 0.577
 83   -9.199103742596e-02 -1.086281329055e-01 7.66e-08 7.80e-09 1.29e-04 0.582
 84   -9.199748029134e-02 -1.086166730386e-01 7.61e-08 8.26e-09 1.31e-04 0.588
 85   -9.208588600161e-02 -1.083779072131e-01 7.01e-08 7.61e-09 1.26e-04 0.592
 86   -9.208558451377e-02 -1.083629590061e-01 6.97e-08 8.12e-09 1.28e-04 0.599
 87   -9.228220949971e-02 -1.080279526697e-01 6.32e-08 7.35e-09 1.23e-04 0.604
 88   -9.228796820096e-02 -1.080170204505e-01 6.28e-08 7.77e-09 1.25e-04 0.610
 89   -9.239126121348e-02 -1.077706637107e-01 5.76e-08 7.13e-09 1.21e-04 0.614
 90   -9.239085081942e-02 -1.077564854519e-01 5.73e-08 7.58e-09 1.22e-04 0.620
 91   -9.259905437295e-02 -1.074145312096e-01 5.18e-08 6.85e-09 1.17e-04 0.625
 92   -9.260401161532e-02 -1.074040055053e-01 5.15e-08 7.22e-09 1.19e-04 0.631
 93   -9.272124430908e-02 -1.071514126174e-01 4.70e-08 6.60e-09 1.14e-04 0.635
 94   -9.272067420877e-02 -1.071379486018e-01 4.67e-08 6.99e-09 1.16e-04 0.641
 95   -9.294145109644e-02 -1.067879559431e-01 4.22e-08 6.30e-09 1.11e-04 0.646
 96   -9.294552561538e-02 -1.067777509215e-01 4.19e-08 6.62e-09 1.12e-04 0.653
 97   -9.307426517112e-02 -1.065220821667e-01 3.82e-08 6.03e-09 1.08e-04 0.657
 98   -9.307351824819e-02 -1.065093151131e-01 3.80e-08 6.36e-09 1.09e-04 0.663
 99   -9.330575547725e-02 -1.061531034168e-01 3.42e-08 5.73e-09 1.04e-04 0.668
100   -9.330891871793e-02 -1.061431770977e-01 3.40e-08 6.00e-09 1.05e-04 0.675
101   -9.344529741744e-02 -1.058891576377e-01 3.09e-08 5.45e-09 1.01e-04 0.679
102   -9.344439406077e-02 -1.058771067252e-01 3.07e-08 5.72e-09 1.02e-04 0.685
103   -9.368503467124e-02 -1.055188330328e-01 2.76e-08 5.15e-09 9.69e-05 0.690
104   -9.368731983219e-02 -1.055091911675e-01 2.75e-08 5.38e-09 9.80e-05 0.696
105   -9.382656211759e-02 -1.052623501655e-01 2.49e-08 4.87e-09 9.33e-05 0.700
106   -9.382555553278e-02 -1.052510612207e-01 2.47e-08 5.09e-09 9.44e-05 0.706
107   -9.407011516718e-02 -1.048963615612e-01 2.23e-08 4.58e-09 8.94e-05 0.711
108   -9.407161382813e-02 -1.048870518304e-01 2.21e-08 4.76e-09 9.05e-05 0.718
109   -9.420888836884e-02 -1.046526684921e-01 2.00e-08 4.31e-09 8.57e-05 0.722
110   -9.420785071012e-02 -1.046421962168e-01 1.99e-08 4.48e-09 8.67e-05 0.729
111   -9.445114806671e-02 -1.042972199590e-01 1.79e-08 4.04e-09 8.18e-05 0.734
112   -9.445199410029e-02 -1.042883163052e-01 1.78e-08 4.18e-09 8.28e-05 0.740
113   -9.458321674577e-02 -1.040705220820e-01 1.61e-08 3.77e-09 7.81e-05 0.744
114   -9.458222101389e-02 -1.040609103596e-01 1.60e-08 3.91e-09 7.90e-05 0.751
115   -9.480568443553e-02 -1.037473878342e-01 1.44e-08 3.52e-09 7.43e-05 0.756
116   -9.480625289367e-02 -1.037391504726e-01 1.43e-08 3.63e-09 7.52e-05 0.762
117   -9.492942684078e-02 -1.035397404970e-01 1.29e-08 3.28e-09 7.07e-05 0.766
118   -9.492854378006e-02 -1.035310163248e-01 1.29e-08 3.38e-09 7.15e-05 0.773
119   -9.512092333322e-02 -1.032615834265e-01 1.16e-08 3.05e-09 6.71e-05 0.777
120   -9.512151644634e-02 -1.032542025454e-01 1.15e-08 3.13e-09 6.79e-05 0.784
121   -9.523600861301e-02 -1.030732689603e-01 1.04e-08 2.84e-09 6.37e-05 0.788
122   -9.523527522646e-02 -1.030654189775e-01 1.04e-08 2.91e-09 6.45e-05 0.794
123   -9.540064832441e-02 -1.028344396434e-01 9.38e-09 2.63e-09 6.04e-05 0.799
124   -9.540131635114e-02 -1.028278908077e-01 9.32e-09 2.70e-09 6.11e-05 0.806
125   -9.550657834446e-02 -1.026651121275e-01 8.45e-09 2.45e-09 5.73e-05 0.810
126   -9.550599766416e-02 -1.026580828983e-01 8.40e-09 2.50e-09 5.80e-05 0.817
127   -9.564831526366e-02 -1.024599774551e-01 7.62e-09 2.27e-09 5.43e-05 0.822
128   -9.564906110922e-02 -1.024541902930e-01 7.57e-09 2.32e-09 5.50e-05 0.829
129   -9.574495746096e-02 -1.023086806310e-01 6.88e-09 2.11e-09 5.16e-05 0.833
130   -9.574452552253e-02 -1.023024029111e-01 6.85e-09 2.15e-09 5.22e-05 0.839
131   -9.586741935503e-02 -1.021320012504e-01 6.22e-09 1.96e-09 4.89e-05 0.844
132   -9.586823275456e-02 -1.021268908097e-01 6.19e-09 1.99e-09 4.95e-05 0.850
133   -9.595515859950e-02 -1.019971854995e-01 5.64e-09 1.82e-09 4.65e-05 0.854
134   -9.595486564646e-02 -1.019915819704e-01 5.61e-09 1.85e-09 4.71e-05 0.861
135   -9.606164879915e-02 -1.018441847617e-01 5.12e-09 1.69e-09 4.42e-05 0.866
136   -9.606251357654e-02 -1.018396635058e-01 5.09e-09 1.72e-09 4.47e-05 0.872
137   -9.614123392443e-02 -1.017239765360e-01 4.65e-09 1.57e-09 4.20e-05 0.876
138   -9.614106466873e-02 -1.017189684358e-01 4.63e-09 1.60e-09 4.25e-05 0.884
139   -9.623459582729e-02 -1.015905300805e-01 4.24e-09 1.46e-09 4.00e-05 0.889
140   -9.623549393960e-02 -1.015865158425e-01 4.21e-09 1.49e-09 4.04e-05 0.895
141   -9.630689657060e-02 -1.014830525165e-01 3.86e-09 1.36e-09 3.81e-05 0.899
142   -9.630683299309e-02 -1.014785655777e-01 3.84e-09 1.38e-09 3.85e-05 0.905
143   -9.638943629837e-02 -1.013657845030e-01 3.53e-09 1.27e-09 3.63e-05 0.910
144   -9.639035130896e-02 -1.013622049646e-01 3.51e-09 1.29e-09 3.67e-05 0.917
145   -9.645528137051e-02 -1.012693498695e-01 3.23e-09 1.19e-09 3.46e-05 0.921
146   -9.645530588324e-02 -1.012653176738e-01 3.21e-09 1.20e-09 3.50e-05 0.927
147   -9.652880755152e-02 -1.011655778681e-01 2.95e-09 1.11e-09 3.30e-05 0.932
148   -9.652972656280e-02 -1.011623716032e-01 2.94e-09 1.12e-09 3.34e-05 0.938
149   -9.658892896936e-02 -1.010787387710e-01 2.71e-09 1.03e-09 3.16e-05 0.942
150   -9.658902624863e-02 -1.010751035037e-01 2.69e-09 1.05e-09 3.20e-05 0.948
151   -9.665485937856e-02 -1.009863345948e-01 2.49e-09 9.66e-10 3.02e-05 0.953
152   -9.665577324224e-02 -1.009834499991e-01 2.47e-09 9.77e-10 3.05e-05 0.960
153   -9.670990042944e-02 -1.009078552314e-01 2.29e-09 9.03e-10 2.89e-05 0.964
154   -9.671005773056e-02 -1.009045669320e-01 2.27e-09 9.14e-10 2.92e-05 0.971
155   -9.676937418585e-02 -1.008250983802e-01 2.10e-09 8.45e-10 2.76e-05 0.976
156   -9.677027661918e-02 -1.008224919054e-01 2.09e-09 8.54e-10 2.80e-05 0.982
157   -9.681991249471e-02 -1.007539084233e-01 1.94e-09 7.91e-10 2.65e-05 0.986
158   -9.682011912084e-02 -1.007509238346e-01 1.93e-09 8.00e-10 2.68e-05 0.993
159   -9.687387052387e-02 -1.006793778186e-01 1.79e-09 7.42e-10 2.54e-05 0.997
160   -9.687475701794e-02 -1.006770124219e-01 1.78e-09 7.49e-10 2.57e-05 1.004
161   -9.692042953347e-02 -1.006145422612e-01 1.65e-09 6.95e-10 2.44e-05 1.008
162   -9.692067622911e-02 -1.006118238604e-01 1.64e-09 7.03e-10 2.47e-05 1.014
163   -9.696965927580e-02 -1.005470516747e-01 1.53e-09 6.52e-10 2.34e-05 1.019
164   -9.697052636001e-02 -1.005448957212e-01 1.52e-09 6.59e-10 2.37e-05 1.025
165   -9.701270778823e-02 -1.004877575174e-01 1.41e-09 6.12e-10 2.25e-05 1.029
166   -9.701298641482e-02 -1.004852728028e-01 1.40e-09 6.18e-10 2.28e-05 1.036
167   -9.705786756256e-02 -1.004263168795e-01 1.31e-09 5.75e-10 2.17e-05 1.041
168   -9.705871248050e-02 -1.004243433599e-01 1.30e-09 5.80e-10 2.19e-05 1.047
169   -9.709781697891e-02 -1.003718651552e-01 1.21e-09 5.40e-10 2.08e-05 1.051
170   -9.709812041431e-02 -1.003695860665e-01 1.20e-09 5.45e-10 2.11e-05 1.057
171   -9.713945368127e-02 -1.003156515404e-01 1.12e-09 5.08e-10 2.01e-05 1.062
172   -9.714027429305e-02 -1.003138374417e-01 1.12e-09 5.12e-10 2.03e-05 1.069
173   -9.717665850636e-02 -1.002654477063e-01 1.04e-09 4.78e-10 1.93e-05 1.072
174   -9.717698061674e-02 -1.002633500906e-01 1.04e-09 4.82e-10 1.96e-05 1.079
175   -9.721522404335e-02 -1.002137793354e-01 9.67e-10 4.50e-10 1.86e-05 1.083
176   -9.721601878368e-02 -1.002121050881e-01 9.62e-10 4.53e-10 1.89e-05 1.090
177   -9.724998575919e-02 -1.001673214547e-01 8.99e-10 4.23e-10 1.80e-05 1.094
178   -9.725032135736e-02 -1.001653845700e-01 8.94e-10 4.26e-10 1.82e-05 1.101
179   -9.728585207446e-02 -1.001196345728e-01 8.35e-10 3.98e-10 1.73e-05 1.105
180   -9.728661991822e-02 -1.001180835667e-01 8.31e-10 4.01e-10 1.76e-05 1.112
181   -9.731842429457e-02 -1.000765013863e-01 7.77e-10 3.75e-10 1.67e-05 1.116
182   -9.731876908348e-02 -1.000747074523e-01 7.73e-10 3.78e-10 1.69e-05 1.123
183   -9.735189605349e-02 -1.000323308665e-01 7.23e-10 3.54e-10 1.62e-05 1.128
184   -9.735263648272e-02 -1.000308890340e-01 7.20e-10 3.56e-10 1.64e-05 1.134
185   -9.738248963332e-02 -9.999217103177e-02 6.74e-10 3.33e-10 1.56e-05 1.138
186   -9.738284014553e-02 -9.999050483281e-02 6.70e-10 3.36e-10 1.58e-05 1.144
187   -9.741381476463e-02 -9.995113431383e-02 6.27e-10 3.14e-10 1.51e-05 1.148
188   -9.741452774695e-02 -9.994978976944e-02 6.24e-10 3.16e-10 1.53e-05 1.155
189   -9.744260313351e-02 -9.991365634537e-02 5.85e-10 2.96e-10 1.46e-05 1.159
190   -9.744295667384e-02 -9.991210487122e-02 5.82e-10 2.98e-10 1.48e-05 1.165
191   -9.747198270219e-02 -9.987543892900e-02 5.45e-10 2.79e-10 1.41e-05 1.170
192   -9.747266866396e-02 -9.987418163939e-02 5.43e-10 2.81e-10 1.43e-05 1.177
193   -9.749910833198e-02 -9.984040068395e-02 5.09e-10 2.64e-10 1.36e-05 1.181
194   -9.749946290500e-02 -9.983895278994e-02 5.06e-10 2.65e-10 1.38e-05 1.188
195   -9.752670696559e-02 -9.980474170977e-02 4.75e-10 2.49e-10 1.32e-05 1.192
196   -9.752736672753e-02 -9.980356317181e-02 4.72e-10 2.50e-10 1.33e-05 1.198
197   -9.755228933941e-02 -9.977193886570e-02 4.43e-10 2.35e-10 1.28e-05 1.202
198   -9.755264352937e-02 -9.977058494075e-02 4.41e-10 2.36e-10 1.29e-05 1.209
199   -9.757824590277e-02 -9.973861698300e-02 4.14e-10 2.22e-10 1.23e-05 1.214
200   -9.757888056686e-02 -9.973750991727e-02 4.12e-10 2.23e-10 1.25e-05 1.220
201   -9.760238957881e-02 -9.970787195146e-02 3.86e-10 2.09e-10 1.20e-05 1.224
202   -9.760274239263e-02 -9.970660361457e-02 3.85e-10 2.11e-10 1.21e-05 1.231
203   -9.762682629585e-02 -9.967669336613e-02 3.61e-10 1.98e-10 1.16e-05 1.235
204   -9.762743709644e-02 -9.967565145002e-02 3.59e-10 1.99e-10 1.17e-05 1.242
205   -9.764962700172e-02 -9.964784680338e-02 3.38e-10 1.87e-10 1.12e-05 1.246
206   -9.764997770772e-02 -9.964665665692e-02 3.36e-10 1.88e-10 1.14e-05 1.253
207   -9.767265531626e-02 -9.961863728789e-02 3.16e-10 1.76e-10 1.09e-05 1.257
208   -9.767324349373e-02 -9.961765495191e-02 3.14e-10 1.78e-10 1.10e-05 1.264
209   -9.769420301019e-02 -9.959154329479e-02 2.95e-10 1.67e-10 1.05e-05 1.268
210   -9.769455101673e-02 -9.959042474787e-02 2.94e-10 1.68e-10 1.07e-05 1.274
211   -9.771592595899e-02 -9.956414434308e-02 2.76e-10 1.58e-10 1.02e-05 1.279
212   -9.771649267747e-02 -9.956321663764e-02 2.75e-10 1.59e-10 1.03e-05 1.285
213   -9.773630521268e-02 -9.953866889999e-02 2.58e-10 1.49e-10 9.89e-06 1.289
214   -9.773665000221e-02 -9.953761605409e-02 2.57e-10 1.50e-10 1.00e-05 1.295
215   -9.775681757040e-02 -9.951293658111e-02 2.42e-10 1.41e-10 9.59e-06 1.300
216   -9.775736389754e-02 -9.951205909349e-02 2.41e-10 1.42e-10 9.71e-06 1.307
217   -9.777610679071e-02 -9.948895750289e-02 2.26e-10 1.33e-10 9.30e-06 1.311
218   -9.777644790203e-02 -9.948796507134e-02 2.25e-10 1.34e-10 9.42e-06 1.317
219   -9.779549467485e-02 -9.946476210577e-02 2.12e-10 1.26e-10 9.02e-06 1.321
220   -9.779602159095e-02 -9.946393090171e-02 2.11e-10 1.27e-10 9.14e-06 1.327
221   -9.781376549755e-02 -9.944216898345e-02 1.99e-10 1.19e-10 8.75e-06 1.331
222   -9.781410253216e-02 -9.944123223225e-02 1.98e-10 1.20e-10 8.86e-06 1.338
223   -9.783210643422e-02 -9.941939431588e-02 1.86e-10 1.13e-10 8.49e-06 1.342
224   -9.783261485841e-02 -9.941860588799e-02 1.85e-10 1.13e-10 8.60e-06 1.348
225   -9.784942388906e-02 -9.939808775399e-02 1.74e-10 1.07e-10 8.24e-06 1.352
226   -9.784975651791e-02 -9.939720243747e-02 1.74e-10 1.07e-10 8.35e-06 1.359
227   -9.786678770285e-02 -9.937662963589e-02 1.63e-10 1.01e-10 8.00e-06 1.363
228   -9.786727850813e-02 -9.937588084897e-02 1.63e-10 1.01e-10 8.10e-06 1.369
229   -9.788321109193e-02 -9.935651979627e-02 1.53e-10 9.54e-11 7.77e-06 1.373
230   -9.788353905309e-02 -9.935568209696e-02 1.53e-10 9.58e-11 7.87e-06 1.380
231   -9.789966124155e-02 -9.933628414890e-02 1.44e-10 9.04e-11 7.54e-06 1.384
232   -9.790013525710e-02 -9.933557218957e-02 1.43e-10 9.08e-11 7.64e-06 1.390
233   -9.791524520858e-02 -9.931728915843e-02 1.35e-10 8.55e-11 7.32e-06 1.394
234   -9.791556829471e-02 -9.931649562859e-02 1.34e-10 8.59e-11 7.42e-06 1.400
235   -9.793084003095e-02 -9.929819024987e-02 1.26e-10 8.10e-11 7.11e-06 1.404
236   -9.793129803705e-02 -9.929751257669e-02 1.26e-10 8.13e-11 7.20e-06 1.411
237   -9.794563552247e-02 -9.928023477609e-02 1.19e-10 7.66e-11 6.91e-06 1.415
238   -9.794595356278e-02 -9.927948228805e-02 1.18e-10 7.69e-11 7.00e-06 1.421
239   -9.796042918456e-02 -9.926219383267e-02 1.11e-10 7.26e-11 6.71e-06 1.425
240   -9.796087190630e-02 -9.926154813909e-02 1.11e-10 7.28e-11 6.80e-06 1.431
241   -9.797448398908e-02 -9.924520817546e-02 1.04e-10 6.86e-11 6.52e-06 1.435
242   -9.797479683840e-02 -9.924449388175e-02 1.04e-10 6.89e-11 6.60e-06 1.442
243   -9.798852701774e-02 -9.922815250547e-02 9.80e-11 6.50e-11 6.33e-06 1.446
244   -9.798895512167e-02 -9.922753669047e-02 9.75e-11 6.53e-11 6.42e-06 1.453
245   -9.800188601304e-02 -9.921207204901e-02 9.20e-11 6.16e-11 6.16e-06 1.457
246   -9.800219354042e-02 -9.921139335166e-02 9.15e-11 6.18e-11 6.24e-06 1.463
247   -9.801522550644e-02 -9.919593455237e-02 8.64e-11 5.84e-11 5.98e-06 1.467
248   -9.801563960124e-02 -9.919534669694e-02 8.59e-11 5.87e-11 6.06e-06 1.473
249   -9.802793073451e-02 -9.918069944481e-02 8.11e-11 5.54e-11 5.81e-06 1.477
250   -9.802823282084e-02 -9.918005397222e-02 8.07e-11 5.56e-11 5.89e-06 1.484
251   -9.804061044824e-02 -9.916541830256e-02 7.61e-11 5.25e-11 5.65e-06 1.488
252   -9.804101108855e-02 -9.916485665525e-02 7.57e-11 5.27e-11 5.72e-06 1.494
253   -9.805270108452e-02 -9.915097329293e-02 7.15e-11 4.97e-11 5.49e-06 1.498
254   -9.805299762214e-02 -9.915035887686e-02 7.11e-11 4.99e-11 5.57e-06 1.505
255   -9.806476155042e-02 -9.913649164614e-02 6.72e-11 4.71e-11 5.34e-06 1.509
256   -9.806514924608e-02 -9.913595460526e-02 6.68e-11 4.73e-11 5.41e-06 1.515
257   -9.807627400143e-02 -9.912278580500e-02 6.31e-11 4.46e-11 5.19e-06 1.519
258   -9.807656489589e-02 -9.912220046428e-02 6.28e-11 4.47e-11 5.26e-06 1.526
259   -9.808775266670e-02 -9.910905144306e-02 5.93e-11 4.23e-11 5.05e-06 1.529
260   -9.808812788844e-02 -9.910853754560e-02 5.89e-11 4.24e-11 5.11e-06 1.536
261   -9.809872064287e-02 -9.909603793806e-02 5.57e-11 4.00e-11 4.91e-06 1.540
262   -9.809900581255e-02 -9.909547986115e-02 5.54e-11 4.02e-11 4.97e-06 1.547
263   -9.810965203473e-02 -9.908300297792e-02 5.23e-11 3.80e-11 4.77e-06 1.551
264   -9.811001521970e-02 -9.908251088481e-02 5.20e-11 3.83e-11 4.84e-06 1.558
265   -9.812010675116e-02 -9.907063872298e-02 4.91e-11 3.61e-11 4.64e-06 1.562
266   -9.812038612975e-02 -9.907010625101e-02 4.89e-11 3.62e-11 4.70e-06 1.569
267   -9.813052273418e-02 -9.905825920451e-02 4.62e-11 3.42e-11 4.51e-06 1.573
268   -9.813087429023e-02 -9.905778769009e-02 4.59e-11 3.43e-11 4.57e-06 1.579
269   -9.814049308630e-02 -9.904650455692e-02 4.34e-11 3.23e-11 4.39e-06 1.583
270   -9.814076662155e-02 -9.904599617034e-02 4.32e-11 3.25e-11 4.45e-06 1.589
271   -9.815042307379e-02 -9.903474010426e-02 4.08e-11 3.07e-11 4.27e-06 1.593
272   -9.815076338503e-02 -9.903428804366e-02 4.06e-11 3.06e-11 4.32e-06 1.600
273   -9.815993584892e-02 -9.902355853494e-02 3.83e-11 2.89e-11 4.15e-06 1.604
274   -9.816020350013e-02 -9.902307283790e-02 3.81e-11 2.89e-11 4.21e-06 1.610
275   -9.816940705875e-02 -9.901237197461e-02 3.60e-11 2.74e-11 4.04e-06 1.614
276   -9.816973648526e-02 -9.901193833484e-02 3.58e-11 2.75e-11 4.09e-06 1.620
277   -9.817848711226e-02 -9.900172978497e-02 3.38e-11 2.59e-11 3.93e-06 1.624
278   -9.817874885173e-02 -9.900126549515e-02 3.37e-11 2.59e-11 3.98e-06 1.631
279   -9.818752475283e-02 -9.899108686177e-02 3.18e-11 2.45e-11 3.82e-06 1.634
280   -9.818784363460e-02 -9.899067069186e-02 3.16e-11 2.48e-11 3.87e-06 1.641
281   -9.819619517620e-02 -9.898095292273e-02 2.99e-11 2.34e-11 3.72e-06 1.645
282   -9.819645098615e-02 -9.898050885884e-02 2.97e-11 2.34e-11 3.76e-06 1.651
283   -9.820482261996e-02 -9.897082202915e-02 2.81e-11 2.21e-11 3.61e-06 1.655
284   -9.820513127846e-02 -9.897042245211e-02 2.79e-11 2.24e-11 3.66e-06 1.662
285   -9.821310490400e-02 -9.896116753077e-02 2.64e-11 2.11e-11 3.51e-06 1.666
286   -9.821335477668e-02 -9.896074260325e-02 2.63e-11 2.12e-11 3.56e-06 1.672
287   -9.822134385259e-02 -9.895151945779e-02 2.48e-11 2.00e-11 3.42e-06 1.676
288   -9.822164259152e-02 -9.895113566295e-02 2.47e-11 1.99e-11 3.46e-06 1.682
289   -9.822925796695e-02 -9.894231776053e-02 2.33e-11 1.88e-11 3.32e-06 1.686
290   -9.822950190278e-02 -9.894191096306e-02 2.32e-11 1.89e-11 3.37e-06 1.693
291   -9.823712855728e-02 -9.893312552097e-02 2.19e-11 1.79e-11 3.23e-06 1.697
292   -9.823741766569e-02 -9.893275676005e-02 2.18e-11 1.80e-11 3.27e-06 1.703
293   -9.824469306654e-02 -9.892435197645e-02 2.06e-11 1.70e-11 3.14e-06 1.707
294   -9.824493107526e-02 -9.892396237839e-02 2.05e-11 1.71e-11 3.18e-06 1.714
295   -9.825221399395e-02 -9.891559061721e-02 1.94e-11 1.62e-11 3.06e-06 1.718
296   -9.825249374780e-02 -9.891523619496e-02 1.92e-11 1.62e-11 3.10e-06 1.724
297   -9.825944617293e-02 -9.890722239004e-02 1.82e-11 1.52e-11 2.97e-06 1.728
298   -9.825967827250e-02 -9.890684913057e-02 1.81e-11 1.53e-11 3.01e-06 1.735
299   -9.826663477166e-02 -9.889886885796e-02 1.71e-11 1.45e-11 2.89e-06 1.739
300   -9.826690543486e-02 -9.889852813169e-02 1.70e-11 1.44e-11 2.93e-06 1.745
301   -9.827355065483e-02 -9.889088483408e-02 1.61e-11 1.36e-11 2.81e-06 1.749
302   -9.827377687059e-02 -9.889052711382e-02 1.60e-11 1.38e-11 2.85e-06 1.757
303   -9.828042302661e-02 -9.888291779019e-02 1.51e-11 1.31e-11 2.73e-06 1.761
304   -9.828068485404e-02 -9.888259016117e-02 1.50e-11 1.31e-11 2.77e-06 1.767
305   -9.828703755418e-02 -9.887529837682e-02 1.42e-11 1.24e-11 2.66e-06 1.771
306   -9.828725792114e-02 -9.887495545324e-02 1.41e-11 1.24e-11 2.69e-06 1.778
307   -9.829360867333e-02 -9.886769804873e-02 1.33e-11 1.17e-11 2.58e-06 1.782
308   -9.829386191087e-02 -9.886738295904e-02 1.33e-11 1.16e-11 2.61e-06 1.788
309   -9.829993574427e-02 -9.886042508518e-02 1.25e-11 1.10e-11 2.51e-06 1.792
310   -9.830015030501e-02 -9.886009626697e-02 1.25e-11 1.10e-11 2.54e-06 1.799
311   -9.830621955186e-02 -9.885317313012e-02 1.18e-11 1.04e-11 2.44e-06 1.803
312   -9.830646443986e-02 -9.885287005767e-02 1.17e-11 1.04e-11 2.47e-06 1.809
313   -9.831227216037e-02 -9.884622971053e-02 1.11e-11 9.79e-12 2.37e-06 1.813
314   -9.831248096475e-02 -9.884591435214e-02 1.10e-11 9.81e-12 2.40e-06 1.819
315   -9.831828167038e-02 -9.883930907054e-02 1.04e-11 9.30e-12 2.30e-06 1.823
316   -9.831851844110e-02 -9.883901752741e-02 1.03e-11 9.30e-12 2.33e-06 1.830
317   -9.832407197067e-02 -9.883267944682e-02 9.75e-12 8.75e-12 2.24e-06 1.833
318   -9.832427507648e-02 -9.883237694361e-02 9.69e-12 8.73e-12 2.27e-06 1.840
319   -9.832981939932e-02 -9.882607418174e-02 9.16e-12 8.28e-12 2.18e-06 1.844
320   -9.833004828095e-02 -9.882579370779e-02 9.10e-12 8.24e-12 2.20e-06 1.851
321   -9.833535882485e-02 -9.881974361108e-02 8.60e-12 7.75e-12 2.11e-06 1.855
322   -9.833555629628e-02 -9.881945339536e-02 8.55e-12 7.74e-12 2.14e-06 1.861
323   -9.834085564050e-02 -9.881343882205e-02 8.08e-12 7.34e-12 2.05e-06 1.865
324   -9.834107685357e-02 -9.881316898397e-02 8.03e-12 7.32e-12 2.08e-06 1.872
325   -9.834615497871e-02 -9.880739346235e-02 7.58e-12 6.88e-12 2.00e-06 1.876
326   -9.834634688551e-02 -9.880711499947e-02 7.54e-12 6.96e-12 2.02e-06 1.882
327   -9.835141202309e-02 -9.880137513641e-02 7.12e-12 6.60e-12 1.94e-06 1.886
328   -9.835162578537e-02 -9.880111552204e-02 7.08e-12 6.62e-12 1.96e-06 1.893
329   -9.835648148981e-02 -9.879560194927e-02 6.69e-12 6.22e-12 1.88e-06 1.897
330   -9.835666790773e-02 -9.879533473465e-02 6.65e-12 6.25e-12 1.91e-06 1.903
331   -9.836150903591e-02 -9.878985687950e-02 6.28e-12 5.93e-12 1.83e-06 1.907
332   -9.836171555820e-02 -9.878960709823e-02 6.24e-12 6.00e-12 1.85e-06 1.913
333   -9.836635831713e-02 -9.878434356526e-02 5.89e-12 5.64e-12 1.78e-06 1.917
334   -9.836653932500e-02 -9.878408712170e-02 5.86e-12 5.59e-12 1.80e-06 1.923
335   -9.837116612042e-02 -9.877885927521e-02 5.53e-12 5.30e-12 1.72e-06 1.927
336   -9.837136560962e-02 -9.877861895558e-02 5.50e-12 5.32e-12 1.74e-06 1.934
337   -9.837580444981e-02 -9.877359417515e-02 5.19e-12 4.99e-12 1.67e-06 1.938
338   -9.837598013015e-02 -9.877334805125e-02 5.16e-12 5.00e-12 1.69e-06 1.944
339   -9.838040175913e-02 -9.876835889431e-02 4.87e-12 4.75e-12 1.62e-06 1.948
340   -9.838059441616e-02 -9.876812768168e-02 4.84e-12 4.75e-12 1.64e-06 1.955
341   -9.838483791464e-02 -9.876333097919e-02 4.57e-12 4.45e-12 1.58e-06 1.959
342   -9.838500835498e-02 -9.876309474462e-02 4.54e-12 4.41e-12 1.60e-06 1.965
343   -9.838923359005e-02 -9.875833349830e-02 4.29e-12 4.18e-12 1.53e-06 1.969
344   -9.838941961070e-02 -9.875811105349e-02 4.26e-12 4.20e-12 1.55e-06 1.975
345   -9.839347597530e-02 -9.875353226601e-02 4.02e-12 3.94e-12 1.49e-06 1.979
346   -9.839364126449e-02 -9.875330551255e-02 4.00e-12 3.97e-12 1.50e-06 1.986
347   -9.839767843848e-02 -9.874876197916e-02 3.77e-12 3.77e-12 1.44e-06 1.990
348   -9.839785801526e-02 -9.874854797711e-02 3.75e-12 3.80e-12 1.46e-06 1.996
349   -9.840173505648e-02 -9.874417747598e-02 3.54e-12 3.56e-12 1.40e-06 2.000
350   -9.840189528648e-02 -9.874395981520e-02 3.52e-12 3.26e-12 1.41e-06 2.006
351   -9.840575236148e-02 -9.873962429314e-02 3.32e-12 3.09e-12 1.36e-06 2.010
352   -9.840592568113e-02 -9.873941842301e-02 3.30e-12 2.92e-12 1.37e-06 2.016
353   -9.840963087589e-02 -9.873524703351e-02 3.11e-12 2.73e-12 1.32e-06 2.020
354   -9.840978614094e-02 -9.873503809434e-02 3.10e-12 2.63e-12 1.33e-06 2.027
355   -9.841347072366e-02 -9.873090135280e-02 2.92e-12 2.50e-12 1.28e-06 2.031
356   -9.841363796983e-02 -9.873070331582e-02 2.90e-12 2.44e-12 1.29e-06 2.037
357   -9.841717844653e-02 -9.872672232648e-02 2.74e-12 2.28e-12 1.24e-06 2.041
358   -9.841732884145e-02 -9.872652175627e-02 2.72e-12 2.39e-12 1.25e-06 2.048
359   -9.842084815749e-02 -9.872257505703e-02 2.57e-12 2.27e-12 1.20e-06 2.052
360   -9.842100950773e-02 -9.872238456733e-02 2.55e-12 2.29e-12 1.21e-06 2.058
361   -9.842439207960e-02 -9.871858568589e-02 2.41e-12 2.14e-12 1.16e-06 2.062
362   -9.842453770348e-02 -9.871839314704e-02 2.39e-12 2.11e-12 1.18e-06 2.068
363   -9.842789868986e-02 -9.871462813513e-02 2.26e-12 2.01e-12 1.13e-06 2.072
364   -9.842805431894e-02 -9.871444491761e-02 2.24e-12 2.09e-12 1.14e-06 2.078
365   -9.843128549854e-02 -9.871082024839e-02 2.11e-12 1.94e-12 1.09e-06 2.082
366   -9.843142644854e-02 -9.871063542045e-02 2.10e-12 1.98e-12 1.11e-06 2.089
367   -9.843463569582e-02 -9.870704418239e-02 1.98e-12 1.89e-12 1.06e-06 2.093
368   -9.843478577587e-02 -9.870686797168e-02 1.97e-12 1.77e-12 1.07e-06 2.099
369   -9.843787179882e-02 -9.870340998401e-02 1.86e-12 1.64e-12 1.03e-06 2.103
370   -9.843800817692e-02 -9.870323255806e-02 1.84e-12 1.74e-12 1.04e-06 2.109
371   -9.844107200393e-02 -9.869980753466e-02 1.74e-12 1.66e-12 9.94e-07 2.113
372   -9.844121670161e-02 -9.869963807671e-02 1.73e-12 1.60e-12 1.01e-06 2.119
373   -9.844416350928e-02 -9.869633961883e-02 1.63e-12 1.49e-12 9.63e-07 2.123
374   -9.844429541735e-02 -9.869616930000e-02 1.62e-12 1.51e-12 9.74e-07 2.129
375   -9.844721984249e-02 -9.869290331305e-02 1.53e-12 1.44e-12 9.33e-07 2.133
376   -9.844735932121e-02 -9.869274036371e-02 1.52e-12 1.62e-12 9.44e-07 2.140
377   -9.845017261312e-02 -9.868959460022e-02 1.43e-12 1.51e-12 9.04e-07 2.144
378   -9.845030015241e-02 -9.868943110781e-02 1.42e-12 1.72e-12 9.14e-07 2.151
379   -9.845309094315e-02 -9.868631730077e-02 1.34e-12 1.65e-12 8.75e-07 2.155
380   -9.845322536393e-02 -9.868616062358e-02 1.33e-12 1.66e-12 8.85e-07 2.161
381   -9.845591058056e-02 -9.868316105055e-02 1.25e-12 1.54e-12 8.47e-07 2.165
382   -9.845603385487e-02 -9.868300411496e-02 1.24e-12 1.45e-12 8.57e-07 2.171
383   -9.845869652373e-02 -9.868003595439e-02 1.17e-12 1.38e-12 8.20e-07 2.175
384   -9.845882604283e-02 -9.867988532232e-02 1.16e-12 1.32e-12 8.29e-07 2.182
385   -9.846138839893e-02 -9.867702572664e-02 1.10e-12 1.23e-12 7.94e-07 2.186
386   -9.846150751174e-02 -9.867687508915e-02 1.09e-12 1.29e-12 8.03e-07 2.192
387   -9.846404732296e-02 -9.867404635377e-02 1.03e-12 1.23e-12 7.68e-07 2.196
388   -9.846417209561e-02 -9.867390154653e-02 1.02e-12 1.40e-12 7.77e-07 2.202
389   -9.846661660634e-02 -9.867117597389e-02 9.60e-13 1.30e-12 7.43e-07 2.206
390   -9.846673166236e-02 -9.867103138629e-02 9.54e-13 1.41e-12 7.52e-07 2.212
391   -9.846915368851e-02 -9.866833610100e-02 8.99e-13 1.34e-12 7.19e-07 2.216
392   -9.846927386467e-02 -9.866819690779e-02 8.92e-13 1.41e-12 7.27e-07 2.223
393   -9.847160530377e-02 -9.866559970529e-02 8.41e-13 1.31e-12 6.96e-07 2.227
394   -9.847171640615e-02 -9.866546093085e-02 8.35e-13 1.16e-12 7.03e-07 2.233
395   -9.847402547497e-02 -9.866289342316e-02 7.86e-13 1.11e-12 6.73e-07 2.237
396   -9.847414120242e-02 -9.866275963983e-02 7.81e-13 1.16e-12 6.80e-07 2.243
397   -9.847636417121e-02 -9.866028537770e-02 7.35e-13 1.07e-12 6.51e-07 2.247
398   -9.847647142509e-02 -9.866015218644e-02 7.30e-13 1.03e-12 6.58e-07 2.253
399   -9.847867219264e-02 -9.865770700312e-02 6.88e-13 9.89e-13 6.29e-07 2.257
400   -9.847878361474e-02 -9.865757843310e-02 6.83e-13 9.66e-13 6.36e-07 2.264
401   -9.848090253906e-02 -9.865522190505e-02 6.43e-13 8.85e-13 6.08e-07 2.268
402   -9.848100604862e-02 -9.865509407750e-02 6.38e-13 9.35e-13 6.15e-07 2.274
403   -9.848310299066e-02 -9.865276599120e-02 6.01e-13 8.97e-13 5.88e-07 2.278
404   -9.848321025038e-02 -9.865264244183e-02 5.97e-13 8.99e-13 5.94e-07 2.285
405   -9.848522938545e-02 -9.865039865771e-02 5.62e-13 8.30e-13 5.68e-07 2.289
406   -9.848532925306e-02 -9.865027598362e-02 5.58e-13 8.13e-13 5.74e-07 2.296
407   -9.848732663587e-02 -9.864806002349e-02 5.25e-13 7.85e-13 5.49e-07 2.300
408   -9.848742987005e-02 -9.864794131160e-02 5.21e-13 9.21e-13 5.55e-07 2.306
409   -9.848935330527e-02 -9.864580548964e-02 4.90e-13 8.52e-13 5.31e-07 2.310
410   -9.848944963460e-02 -9.864568776587e-02 4.87e-13 5.88e-13 5.36e-07 2.316
411   -9.849135158837e-02 -9.864357913434e-02 4.58e-13 5.70e-13 5.12e-07 2.320
412   -9.849145093207e-02 -9.864346508188e-02 4.55e-13 5.93e-13 5.18e-07 2.327
413   -9.849328258107e-02 -9.864143265768e-02 4.28e-13 5.48e-13 4.95e-07 2.331
414   -9.849337547353e-02 -9.864131968929e-02 4.25e-13 4.09e-13 5.00e-07 2.337
415   -9.849518596958e-02 -9.863931378552e-02 4.00e-13 3.86e-13 4.78e-07 2.341
416   -9.849528155595e-02 -9.863920421797e-02 3.97e-13 3.85e-13 4.83e-07 2.347
417   -9.849702522426e-02 -9.863727076838e-02 3.73e-13 3.51e-13 4.62e-07 2.351
418   -9.849711478053e-02 -9.863716236778e-02 3.71e-13 4.85e-13 4.66e-07 2.357
419   -9.849883763886e-02 -9.863525477744e-02 3.48e-13 4.70e-13 4.46e-07 2.361
420   -9.849892959685e-02 -9.863514952831e-02 3.46e-13 3.80e-13 4.50e-07 2.368
421   -9.850058893206e-02 -9.863331082397e-02 3.25e-13 3.39e-13 4.30e-07 2.372
422   -9.850067525267e-02 -9.863320680972e-02 3.23e-13 2.92e-13 4.35e-07 2.378
423   -9.850231415148e-02 -9.863139329301e-02 3.04e-13 2.88e-13 4.15e-07 2.382
424   -9.850240260503e-02 -9.863129220223e-02 3.01e-13 4.47e-13 4.19e-07 2.388
425   -9.850398112680e-02 -9.862954417329e-02 2.83e-13 4.39e-13 4.01e-07 2.392
426   -9.850406431067e-02 -9.862944437108e-02 2.81e-13 5.00e-13 4.05e-07 2.399
427   -9.850562279236e-02 -9.862772085458e-02 2.65e-13 4.53e-13 3.86e-07 2.403
428   -9.850570786446e-02 -9.862762376511e-02 2.63e-13 2.44e-13 3.90e-07 2.409
429   -9.850720895943e-02 -9.862596250572e-02 2.47e-13 2.42e-13 3.73e-07 2.413
430   -9.850728910491e-02 -9.862586674728e-02 2.45e-13 3.65e-13 3.77e-07 2.419
431   -9.850877058561e-02 -9.862422931235e-02 2.30e-13 3.41e-13 3.60e-07 2.423
432   -9.850885239468e-02 -9.862413607406e-02 2.28e-13 3.42e-13 3.63e-07 2.430
433   -9.851027933189e-02 -9.862255782336e-02 2.15e-13 3.30e-13 3.47e-07 2.434
434   -9.851035653237e-02 -9.862246594956e-02 2.13e-13 3.66e-13 3.50e-07 2.441
435   -9.851176428935e-02 -9.862091084435e-02 2.00e-13 3.36e-13 3.34e-07 2.445
436   -9.851184295226e-02 -9.862082130997e-02 1.99e-13 4.10e-13 3.38e-07 2.451
437   -9.851319888551e-02 -9.861932244865e-02 1.87e-13 4.04e-13 3.22e-07 2.455
438   -9.851327323635e-02 -9.861923430360e-02 1.85e-13 5.03e-13 3.26e-07 2.461
439   -9.851461043704e-02 -9.861775791058e-02 1.74e-13 4.46e-13 3.11e-07 2.465
440   -9.851468606555e-02 -9.861767194023e-02 1.73e-13 5.36e-13 3.14e-07 2.471
441   -9.851597404006e-02 -9.861624898178e-02 1.62e-13 5.12e-13 2.99e-07 2.475
442   -9.851604563562e-02 -9.861616441341e-02 1.61e-13 5.74e-13 3.02e-07 2.482
443   -9.851731535586e-02 -9.861476322816e-02 1.51e-13 5.29e-13 2.88e-07 2.486
444   -9.851738806188e-02 -9.861468068285e-02 1.50e-13 7.21e-13 2.91e-07 2.493
445   -9.851861101639e-02 -9.861333027051e-02 1.41e-13 6.82e-13 2.78e-07 2.497
446   -9.851867994455e-02 -9.861324913813e-02 1.40e-13 6.00e-13 2.81e-07 2.503
447   -9.851988511629e-02 -9.861191982520e-02 1.31e-13 5.56e-13 2.68e-07 2.507
448   -9.851995500487e-02 -9.861184057440e-02 1.30e-13 6.47e-13 2.70e-07 2.513
449   -9.852111576234e-02 -9.861055948977e-02 1.22e-13 6.10e-13 2.58e-07 2.517
450   -9.852118211453e-02 -9.861048165229e-02 1.21e-13 7.56e-13 2.60e-07 2.524
451   -9.852232557411e-02 -9.860922099208e-02 1.14e-13 7.05e-13 2.48e-07 2.528
452   -9.852239274837e-02 -9.860914490884e-02 1.13e-13 7.52e-13 2.51e-07 2.535
453   -9.852349403499e-02 -9.860793005066e-02 1.06e-13 7.13e-13 2.39e-07 2.539
454   -9.852355789704e-02 -9.860785537644e-02 1.05e-13 5.58e-13 2.41e-07 2.545
455   -9.852464238461e-02 -9.860666026427e-02 9.88e-14 5.18e-13 2.30e-07 2.549
456   -9.852470694473e-02 -9.860658722524e-02 9.80e-14 5.45e-13 2.32e-07 2.555
457   -9.852575139796e-02 -9.860543559931e-02 9.20e-14 5.19e-13 2.21e-07 2.559
458   -9.852581285522e-02 -9.860536395930e-02 9.13e-14 5.59e-13 2.24e-07 2.566
459   -9.852684102000e-02 -9.860423139929e-02 8.56e-14 5.02e-13 2.13e-07 2.569
460   -9.852690306370e-02 -9.860416128552e-02 8.48e-14 5.79e-13 2.15e-07 2.576
461   -9.852789320429e-02 -9.860307003478e-02 7.97e-14 5.53e-13 2.05e-07 2.580
462   -9.852795234101e-02 -9.860300130458e-02 7.92e-14 5.16e-13 2.07e-07 2.587
463   -9.852892670204e-02 -9.860192845199e-02 7.43e-14 4.87e-13 1.97e-07 2.591
464   -9.852898632515e-02 -9.860186114655e-02 7.35e-14 5.62e-13 1.99e-07 2.597
465   -9.852992463347e-02 -9.860082746685e-02 6.91e-14 5.30e-13 1.90e-07 2.601
466   -9.852998152821e-02 -9.860076153066e-02 6.85e-14 7.22e-13 1.92e-07 2.607
467   -9.853090455198e-02 -9.859974560545e-02 6.42e-14 6.78e-13 1.82e-07 2.611
468   -9.853096184354e-02 -9.859968100013e-02 6.37e-14 8.01e-13 1.84e-07 2.618
469   -9.853185063749e-02 -9.859870227256e-02 5.97e-14 7.60e-13 1.75e-07 2.621
470   -9.853190537090e-02 -9.859863901422e-02 5.93e-14 5.81e-13 1.77e-07 2.629
471   -9.853277940179e-02 -9.859767737757e-02 5.55e-14 5.26e-13 1.69e-07 2.633
472   -9.853283445029e-02 -9.859761536577e-02 5.51e-14 5.23e-13 1.70e-07 2.639
473   -9.853367599722e-02 -9.859668903433e-02 5.17e-14 4.96e-13 1.62e-07 2.643
474   -9.853372864639e-02 -9.859662834408e-02 5.13e-14 4.18e-13 1.64e-07 2.650
475   -9.853455596085e-02 -9.859571843800e-02 4.81e-14 3.74e-13 1.56e-07 2.654
476   -9.853460885195e-02 -9.859565891625e-02 4.76e-14 2.89e-13 1.57e-07 2.661
477   -9.853540537823e-02 -9.859478247628e-02 4.46e-14 2.86e-13 1.50e-07 2.665
478   -9.853545601596e-02 -9.859472425103e-02 4.44e-14 3.39e-13 1.51e-07 2.672
479   -9.853623878449e-02 -9.859386363911e-02 4.15e-14 3.10e-13 1.44e-07 2.676
480   -9.853628960167e-02 -9.859380650740e-02 4.11e-14 2.36e-13 1.45e-07 2.682
481   -9.853704319083e-02 -9.859297761667e-02 3.86e-14 2.29e-13 1.38e-07 2.686
482   -9.853709189001e-02 -9.859292175483e-02 3.83e-14 2.98e-13 1.39e-07 2.693
483   -9.853783222403e-02 -9.859210807115e-02 3.59e-14 2.83e-13 1.33e-07 2.697
484   -9.853788104529e-02 -9.859205323594e-02 3.55e-14 5.88e-13 1.34e-07 2.704
485   -9.853859371214e-02 -9.859126963295e-02 3.33e-14 5.55e-13 1.27e-07 2.708
486   -9.853864054368e-02 -9.859121603720e-02 3.31e-14 4.73e-13 1.29e-07 2.714
487   -9.853934046579e-02 -9.859044701798e-02 3.11e-14 4.53e-13 1.22e-07 2.718
488   -9.853938737109e-02 -9.859039438387e-02 3.06e-14 4.02e-13 1.23e-07 2.725
489   -9.854006108983e-02 -9.858965385688e-02 2.88e-14 3.73e-13 1.18e-07 2.729
490   -9.854010612154e-02 -9.858960243418e-02 2.84e-14 4.76e-13 1.19e-07 2.735
491   -9.854076757178e-02 -9.858887591064e-02 2.68e-14 4.31e-13 1.13e-07 2.739
492   -9.854081263075e-02 -9.858882539445e-02 2.64e-14 4.98e-13 1.14e-07 2.746
493   -9.854144924439e-02 -9.858812587966e-02 2.49e-14 4.70e-13 1.08e-07 2.750
494   -9.854149254573e-02 -9.858807653738e-02 2.45e-14 2.98e-13 1.09e-07 2.756
495   -9.854211738288e-02 -9.858739043397e-02 2.31e-14 2.79e-13 1.04e-07 2.760
496   -9.854216066722e-02 -9.858734195004e-02 2.29e-14 9.19e-14 1.05e-07 2.767
497   -9.854276198550e-02 -9.858668142473e-02 2.14e-14 8.47e-14 9.97e-08 2.771
498   -9.854280361588e-02 -9.858663408262e-02 2.11e-14 2.60e-13 1.01e-07 2.777
499   -9.854339363585e-02 -9.858598639612e-02 1.98e-14 2.16e-13 9.56e-08 2.781
500   -9.854343522011e-02 -9.858593985708e-02 1.97e-14 3.73e-13 9.64e-08 2.788
501   -9.854400298658e-02 -9.858531637482e-02 1.84e-14 3.52e-13 9.17e-08 2.792
502   -9.854404301057e-02 -9.858527094723e-02 1.83e-14 2.82e-13 9.25e-08 2.798
503   -9.854459995532e-02 -9.858465973742e-02 1.71e-14 2.63e-13 8.80e-08 2.802
504   -9.854463989868e-02 -9.858461507256e-02 1.70e-14 3.68e-13 8.87e-08 2.809
505   -9.854517574739e-02 -9.858402680997e-02 1.59e-14 3.52e-13 8.44e-08 2.813
506   -9.854521422528e-02 -9.858398321826e-02 1.58e-14 6.68e-13 8.51e-08 2.819
507   -9.854573971440e-02 -9.858340668185e-02 1.47e-14 6.26e-13 8.09e-08 2.823
508   -9.854577808422e-02 -9.858336381162e-02 1.45e-14 4.06e-13 8.15e-08 2.829
509   -9.854628364644e-02 -9.858280895223e-02 1.37e-14 3.98e-13 7.75e-08 2.833
510   -9.854632063736e-02 -9.858276711946e-02 1.35e-14 3.86e-13 7.82e-08 2.839
511   -9.854681627558e-02 -9.858222347240e-02 1.28e-14 3.42e-13 7.43e-08 2.843
512   -9.854685313273e-02 -9.858218232522e-02 1.25e-14 1.98e-13 7.49e-08 2.850
513   -9.854732990592e-02 -9.858165920167e-02 1.18e-14 1.91e-13 7.12e-08 2.853
514   -9.854736546045e-02 -9.858161906111e-02 1.15e-14 3.10e-13 7.18e-08 2.860
515   -9.854783272481e-02 -9.858110666170e-02 1.09e-14 2.93e-13 6.83e-08 2.864
516   -9.854786812899e-02 -9.858106716765e-02 1.08e-14 2.73e-13 6.88e-08 2.870
517   -9.854831758495e-02 -9.858057414355e-02 1.01e-14 2.48e-13 6.54e-08 2.874
518   -9.854835176036e-02 -9.858053562245e-02 9.99e-15 2.47e-13 6.59e-08 2.881
519   -9.854879214496e-02 -9.858005281306e-02 9.33e-15 2.27e-13 6.26e-08 2.885
520   -9.854882615450e-02 -9.858001490383e-02 9.21e-15 2.39e-13 6.31e-08 2.891
521   -9.854924968229e-02 -9.857955043573e-02 8.66e-15 2.02e-13 6.00e-08 2.895
522   -9.854928253036e-02 -9.857951346794e-02 8.66e-15 1.77e-13 6.05e-08 2.902
523   -9.854969738840e-02 -9.857905874720e-02 7.99e-15 1.76e-13 5.75e-08 2.905
524   -9.854973005430e-02 -9.857902236290e-02 7.88e-15 6.57e-13 5.79e-08 2.913
525   -9.855012899235e-02 -9.857858496512e-02 7.44e-15 6.20e-13 5.50e-08 2.917
526   -9.855016056029e-02 -9.857854949039e-02 7.33e-15 5.58e-13 5.54e-08 2.923
527   -9.855055123763e-02 -9.857812136695e-02 6.88e-15 5.20e-13 5.27e-08 2.927
528   -9.855058261297e-02 -9.857808644562e-02 6.77e-15 5.00e-13 5.31e-08 2.933
529   -9.855095825459e-02 -9.857767468383e-02 6.33e-15 4.66e-13 5.04e-08 2.937
530   -9.855098859383e-02 -9.857764063801e-02 6.22e-15 4.43e-13 5.08e-08 2.944
531   -9.855135635487e-02 -9.857723771164e-02 6.00e-15 4.16e-13 4.83e-08 2.948
532   -9.855138649172e-02 -9.857720419254e-02 5.88e-15 5.74e-13 4.86e-08 2.954
533   -9.855174005720e-02 -9.857681671442e-02 5.44e-15 5.35e-13 4.62e-08 2.958
534   -9.855176921603e-02 -9.857678403727e-02 5.44e-15 4.22e-13 4.65e-08 2.965
535   -9.855211529465e-02 -9.857640494298e-02 5.11e-15 4.09e-13 4.42e-08 2.969
536   -9.855214423704e-02 -9.857637277440e-02 5.11e-15 3.93e-13 4.45e-08 2.975
537   -9.855247690147e-02 -9.857600827863e-02 4.66e-15 3.72e-13 4.23e-08 2.979
538   -9.855250492171e-02 -9.857597691823e-02 4.66e-15 3.50e-13 4.26e-08 2.984
539   -9.855283042891e-02 -9.857562042657e-02 4.33e-15 3.25e-13 4.05e-08 2.988
540   -9.855285822543e-02 -9.857558955224e-02 4.33e-15 2.14e-13 4.08e-08 2.994
541   -9.855317109541e-02 -9.857524681418e-02 4.00e-15 2.18e-13 3.87e-08 2.998
542   -9.855319801821e-02 -9.857521671905e-02 3.89e-15 3.39e-13 3.90e-08 3.004
543   -9.855350409186e-02 -9.857488157295e-02 3.66e-15 3.18e-13 3.70e-08 3.008
544   -9.855353078866e-02 -9.857485193965e-02 3.66e-15 1.06e-13 3.73e-08 3.015
545   -9.855382490789e-02 -9.857452980482e-02 3.44e-15 1.13e-13 3.54e-08 3.019
546   -9.855385077590e-02 -9.857450092261e-02 3.44e-15 3.98e-13 3.57e-08 3.026
547   -9.855413846074e-02 -9.857418596817e-02 3.11e-15 3.77e-13 3.39e-08 3.029
548   -9.855416410249e-02 -9.857415752417e-02 3.11e-15 4.75e-13 3.41e-08 3.036
549   -9.855444053581e-02 -9.857385481638e-02 3.00e-15 4.66e-13 3.24e-08 3.040
550   -9.855446538726e-02 -9.857382710016e-02 2.89e-15 6.23e-13 3.26e-08 3.046
551   -9.855473566803e-02 -9.857353125013e-02 2.78e-15 5.97e-13 3.10e-08 3.050
552   -9.855476028831e-02 -9.857350395617e-02 2.78e-15 8.72e-13 3.12e-08 3.056
553   -9.855501997197e-02 -9.857321964086e-02 2.55e-15 8.30e-13 2.96e-08 3.060
554   -9.855504385339e-02 -9.857319303510e-02 5.97e-15 1.35e-12 2.98e-08 3.067
555   -9.855529774215e-02 -9.857291517371e-02 4.77e-15 1.28e-12 2.83e-08 3.070
556   -9.855532138409e-02 -9.857288897992e-02 2.33e-15 2.71e-12 2.85e-08 3.077
557   -9.855556524384e-02 -9.857262203534e-02 2.22e-15 2.55e-12 2.70e-08 3.081
558   -9.855558818149e-02 -9.857259650712e-02 5.55e-15 2.81e-12 2.72e-08 3.087
559   -9.855582651489e-02 -9.857233571092e-02 4.41e-15 2.63e-12 2.58e-08 3.091
560   -9.855584921736e-02 -9.857231057281e-02 2.00e-15 2.31e-12 2.60e-08 3.097
561   -9.855607813164e-02 -9.857206002989e-02 1.78e-15 2.19e-12 2.47e-08 3.101
562   -9.855610016275e-02 -9.857203553438e-02 5.16e-15 2.04e-12 2.48e-08 3.107
563   -9.855632387482e-02 -9.857179077475e-02 4.08e-15 1.93e-12 2.36e-08 3.111
564   -9.855634567076e-02 -9.857176665440e-02 4.19e-15 1.71e-12 2.37e-08 3.119
565   -9.855656048437e-02 -9.857153158157e-02 4.77e-15 1.59e-12 2.25e-08 3.123
566   -9.855658164700e-02 -9.857150807356e-02 7.99e-15 9.59e-13 2.26e-08 3.129
567   -9.855679150073e-02 -9.857127850949e-02 6.77e-15 8.93e-13 2.15e-08 3.133
568   -9.855681243043e-02 -9.857125536059e-02 9.41e-15 1.02e-12 2.16e-08 3.139
569   -9.855701392596e-02 -9.857103489552e-02 9.63e-15 9.26e-13 2.05e-08 3.142
570   -9.855703425158e-02 -9.857101233713e-02 1.27e-14 2.26e-13 2.07e-08 3.149
571   -9.855723108785e-02 -9.857079704342e-02 1.12e-14 2.15e-13 1.96e-08 3.153
572   -9.855725117361e-02 -9.857077483971e-02 1.37e-14 4.66e-13 1.97e-08 3.158
573   -9.855744010982e-02 -9.857056814640e-02 1.36e-14 4.19e-13 1.87e-08 3.162
574   -9.855745962592e-02 -9.857054650466e-02 1.37e-14 1.33e-13 1.88e-08 3.169
575   -9.855764413070e-02 -9.857034472569e-02 1.22e-14 1.38e-13 1.79e-08 3.173
576   -9.855766341686e-02 -9.857032341728e-02 1.76e-14 1.48e-13 1.80e-08 3.179
577   -9.855784052206e-02 -9.857012969417e-02 1.72e-14 1.46e-13 1.71e-08 3.183
578   -9.855785925863e-02 -9.857010893361e-02 1.99e-14 3.83e-13 1.72e-08 3.189
579   -9.855803218053e-02 -9.856991984632e-02 1.80e-14 3.41e-13 1.63e-08 3.193
580   -9.855805069576e-02 -9.856989940000e-02 2.03e-14 4.31e-13 1.64e-08 3.198
581   -9.855821669980e-02 -9.856971784416e-02 1.97e-14 3.95e-13 1.56e-08 3.202
582   -9.855823469191e-02 -9.856969792371e-02 1.95e-14 1.01e-12 1.56e-08 3.209
583   -9.855839667010e-02 -9.856952082502e-02 1.77e-14 9.75e-13 1.48e-08 3.213
584   -9.855841443581e-02 -9.856950121592e-02 1.99e-14 2.14e-13 1.49e-08 3.219
585   -9.855856989207e-02 -9.856933121782e-02 1.93e-14 1.63e-13 1.42e-08 3.223
586   -9.855858716190e-02 -9.856931211112e-02 2.79e-14 5.11e-13 1.42e-08 3.229
587   -9.855873885760e-02 -9.856914627442e-02 2.56e-14 4.73e-13 1.35e-08 3.233
588   -9.855875590832e-02 -9.856912746350e-02 2.75e-14 9.81e-13 1.36e-08 3.239
589   -9.855890143765e-02 -9.856896834055e-02 2.64e-14 9.42e-13 1.29e-08 3.244
590   -9.855891801945e-02 -9.856895000773e-02 3.23e-14 3.42e-13 1.29e-08 3.251
591   -9.855906005032e-02 -9.856879475463e-02 2.97e-14 3.35e-13 1.23e-08 3.255
592   -9.855907640292e-02 -9.856877672214e-02 3.41e-14 4.61e-13 1.24e-08 3.262
593   -9.855921261496e-02 -9.856862780443e-02 3.25e-14 4.77e-13 1.17e-08 3.266
594   -9.855922852508e-02 -9.856861022585e-02 3.81e-14 2.42e-13 1.18e-08 3.272
595   -9.855936141202e-02 -9.856846498362e-02 3.51e-14 2.50e-13 1.12e-08 3.276
596   -9.855937710292e-02 -9.856844768848e-02 3.92e-14 7.20e-13 1.12e-08 3.282
597   -9.855950455560e-02 -9.856830836309e-02 3.73e-14 6.60e-13 1.07e-08 3.286
598   -9.855951981922e-02 -9.856829150944e-02 4.47e-14 5.68e-13 1.07e-08 3.292
599   -9.855964412194e-02 -9.856815566369e-02 4.14e-14 5.30e-13 1.02e-08 3.296
600   -9.855965917893e-02 -9.856813907437e-02 4.29e-14 8.46e-13 1.02e-08 3.302
601   -9.855977841811e-02 -9.856800874189e-02 4.06e-14 8.13e-13 9.71e-09 3.306
602   -9.855979306969e-02 -9.856799257374e-02 4.77e-14 6.01e-13 9.74e-09 3.312
603   -9.855990932580e-02 -9.856786553465e-02 4.42e-14 5.77e-13 9.25e-09 3.315
604   -9.855992376711e-02 -9.856784963022e-02 4.79e-14 1.47e-12 9.29e-09 3.322
605   -9.856003524010e-02 -9.856772779919e-02 4.53e-14 1.34e-12 8.82e-09 3.326
606   -9.856004928711e-02 -9.856771230695e-02 5.20e-14 1.00e-12 8.85e-09 3.332
607   -9.856015796905e-02 -9.856759355587e-02 4.82e-14 9.61e-13 8.41e-09 3.336
608   -9.856017181355e-02 -9.856757831480e-02 5.16e-14 6.43e-13 8.44e-09 3.342
609   -9.856027602846e-02 -9.856746442761e-02 4.88e-14 5.78e-13 8.02e-09 3.346
610   -9.856028949837e-02 -9.856744957988e-02 5.52e-14 1.27e-12 8.04e-09 3.352
611   -9.856039103887e-02 -9.856733864195e-02 5.12e-14 1.12e-12 7.64e-09 3.356
612   -9.856040431246e-02 -9.856732403503e-02 5.23e-14 8.01e-13 7.67e-09 3.362
613   -9.856050167639e-02 -9.856721764483e-02 4.94e-14 7.40e-13 7.29e-09 3.366
614   -9.856051460375e-02 -9.856720340242e-02 5.36e-14 3.10e-13 7.31e-09 3.372
615   -9.856060951070e-02 -9.856709972125e-02 4.98e-14 3.21e-13 6.94e-09 3.376
616   -9.856062224327e-02 -9.856708571487e-02 5.08e-14 5.41e-13 6.96e-09 3.382
617   -9.856071322982e-02 -9.856698630254e-02 4.80e-14 5.06e-13 6.62e-09 3.385
618   -9.856072561483e-02 -9.856697266425e-02 5.20e-14 1.19e-12 6.63e-09 3.392
619   -9.856081422138e-02 -9.856687587398e-02 4.83e-14 1.12e-12 6.31e-09 3.396
620   -9.856082641742e-02 -9.856686246264e-02 5.11e-14 2.23e-12 6.32e-09 3.402
621   -9.856091131884e-02 -9.856676970693e-02 4.83e-14 2.08e-12 6.01e-09 3.406
622   -9.856092319234e-02 -9.856675663805e-02 5.21e-14 1.81e-12 6.02e-09 3.412
623   -9.856100594151e-02 -9.856666625348e-02 4.84e-14 1.67e-12 5.72e-09 3.416
624   -9.856101763359e-02 -9.856665340078e-02 5.11e-14 3.72e-12 5.74e-09 3.422
625   -9.856109691167e-02 -9.856656679600e-02 4.83e-14 3.45e-12 5.45e-09 3.426
626   -9.856110830427e-02 -9.856655426199e-02 5.18e-14 3.16e-12 5.46e-09 3.433
627   -9.856118554550e-02 -9.856646990021e-02 4.82e-14 3.00e-12 5.20e-09 3.437
628   -9.856119674476e-02 -9.856645759314e-02 5.07e-14 2.07e-12 5.20e-09 3.443
629   -9.856127070060e-02 -9.856637680900e-02 4.79e-14 1.88e-12 4.95e-09 3.447
630   -9.856128161121e-02 -9.856636481028e-02 5.28e-14 2.66e-12 4.96e-09 3.452
631   -9.856135370857e-02 -9.856628607236e-02 4.92e-14 2.47e-12 4.71e-09 3.456
632   -9.856136444301e-02 -9.856627427992e-02 4.98e-14 3.94e-12 4.72e-09 3.462
633   -9.856143346068e-02 -9.856619889573e-02 4.70e-14 3.70e-12 4.49e-09 3.466
634   -9.856144392132e-02 -9.856618739642e-02 5.17e-14 4.04e-12 4.50e-09 3.472
635   -9.856151112406e-02 -9.856611400912e-02 4.82e-14 3.79e-12 4.28e-09 3.475
636   -9.856152140637e-02 -9.856610271670e-02 4.88e-14 2.10e-12 4.28e-09 3.481
637   -9.856158580064e-02 -9.856603238769e-02 4.61e-14 2.01e-12 4.07e-09 3.485
638   -9.856159581902e-02 -9.856602137877e-02 5.06e-14 1.77e-12 4.08e-09 3.491
639   -9.856165845861e-02 -9.856595297911e-02 4.71e-14 1.71e-12 3.88e-09 3.494
640   -9.856166829900e-02 -9.856594217514e-02 4.92e-14 4.50e-12 3.88e-09 3.501
641   -9.856172830626e-02 -9.856587664207e-02 4.64e-14 4.22e-12 3.69e-09 3.505
642   -9.856173788965e-02 -9.856586611485e-02 5.06e-14 4.87e-12 3.70e-09 3.510
643   -9.856179627745e-02 -9.856580236202e-02 4.72e-14 4.49e-12 3.52e-09 3.514
644   -9.856180571630e-02 -9.856579200195e-02 4.77e-14 5.38e-12 3.52e-09 3.520
645   -9.856186164472e-02 -9.856573092752e-02 4.50e-14 5.02e-12 3.35e-09 3.524
646   -9.856187083593e-02 -9.856572083451e-02 4.90e-14 4.18e-12 3.35e-09 3.530
647   -9.856192531030e-02 -9.856566135855e-02 4.57e-14 4.01e-12 3.19e-09 3.534
648   -9.856193432800e-02 -9.856565146339e-02 4.61e-14 3.77e-12 3.19e-09 3.540
649   -9.856198640570e-02 -9.856559459753e-02 4.35e-14 3.55e-12 3.04e-09 3.544
650   -9.856199519990e-02 -9.856558494370e-02 4.74e-14 3.11e-12 3.04e-09 3.550
651   -9.856204587207e-02 -9.856552962221e-02 4.41e-14 2.95e-12 2.89e-09 3.554
652   -9.856205450664e-02 -9.856552014973e-02 4.58e-14 1.05e-12 2.89e-09 3.561
653   -9.856210305711e-02 -9.856546713884e-02 4.32e-14 9.70e-13 2.75e-09 3.565
654   -9.856211147577e-02 -9.856545790019e-02 4.68e-14 6.28e-13 2.75e-09 3.571
655   -9.856215864753e-02 -9.856540640316e-02 4.37e-14 5.77e-13 2.62e-09 3.575
656   -9.856216691122e-02 -9.856539733983e-02 4.52e-14 4.34e-13 2.62e-09 3.582
657   -9.856221210506e-02 -9.856534799690e-02 4.27e-14 3.99e-13 2.49e-09 3.586
658   -9.856222017310e-02 -9.856533914557e-02 4.61e-14 3.46e-12 2.49e-09 3.592
659   -9.856226415065e-02 -9.856529113833e-02 4.30e-14 3.19e-12 2.37e-09 3.596
660   -9.856227205654e-02 -9.856528246942e-02 4.45e-14 3.71e-12 2.37e-09 3.602
661   -9.856231412464e-02 -9.856523654175e-02 4.20e-14 3.45e-12 2.26e-09 3.606
662   -9.856232184199e-02 -9.856522807757e-02 4.52e-14 1.57e-12 2.26e-09 3.612
663   -9.856236275108e-02 -9.856518342219e-02 4.22e-14 1.48e-12 2.15e-09 3.615
664   -9.856237033954e-02 -9.856517510328e-02 4.24e-14 2.94e-12 2.15e-09 3.621
665   -9.856240953133e-02 -9.856513231830e-02 4.00e-14 2.72e-12 2.04e-09 3.625
666   -9.856241692779e-02 -9.856512420806e-02 4.21e-14 2.75e-12 2.04e-09 3.631
667   -9.856245504904e-02 -9.856508259799e-02 3.93e-14 2.60e-12 1.95e-09 3.635
668   -9.856246229959e-02 -9.856507465118e-02 3.95e-14 1.29e-12 1.94e-09 3.641
669   -9.856249876770e-02 -9.856503484161e-02 3.73e-14 1.23e-12 1.85e-09 3.645
670   -9.856250583850e-02 -9.856502709042e-02 3.93e-14 2.63e-12 1.85e-09 3.652
671   -9.856254124036e-02 -9.856498845036e-02 3.67e-14 2.58e-12 1.76e-09 3.656
672   -9.856254817870e-02 -9.856498084732e-02 3.79e-14 3.36e-12 1.76e-09 3.663
673   -9.856258210908e-02 -9.856494380992e-02 3.58e-14 3.07e-12 1.68e-09 3.667
674   -9.856258885891e-02 -9.856493641228e-02 3.86e-14 1.85e-12 1.67e-09 3.672
675   -9.856262183120e-02 -9.856490042563e-02 3.60e-14 1.81e-12 1.59e-09 3.677
676   -9.856262846323e-02 -9.856489315981e-02 3.62e-14 3.29e-12 1.59e-09 3.682
677   -9.856266000294e-02 -9.856485873355e-02 3.41e-14 3.13e-12 1.52e-09 3.686
678   -9.856266648544e-02 -9.856485163047e-02 3.59e-14 2.35e-12 1.51e-09 3.692
679   -9.856269709866e-02 -9.856481822010e-02 3.36e-14 2.25e-12 1.44e-09 3.696
680   -9.856270344690e-02 -9.856481126635e-02 3.46e-14 2.97e-12 1.44e-09 3.704
681   -9.856273278264e-02 -9.856477924738e-02 3.27e-14 2.94e-12 1.37e-09 3.708
682   -9.856273897516e-02 -9.856477246343e-02 3.44e-14 2.24e-12 1.37e-09 3.714
683   -9.856276745303e-02 -9.856474138482e-02 3.21e-14 2.20e-12 1.30e-09 3.718
684   -9.856277350902e-02 -9.856473475240e-02 3.23e-14 3.57e-12 1.30e-09 3.723
685   -9.856280072802e-02 -9.856470504500e-02 3.05e-14 3.32e-12 1.24e-09 3.727
686   -9.856280665464e-02 -9.856469855372e-02 3.28e-14 2.40e-13 1.24e-09 3.733
687   -9.856283313435e-02 -9.856466965691e-02 3.07e-14 2.97e-13 1.18e-09 3.737
688   -9.856283892883e-02 -9.856466331194e-02 3.08e-14 1.38e-12 1.18e-09 3.742
689   -9.856286423516e-02 -9.856463569328e-02 2.91e-14 1.21e-12 1.12e-09 3.746
690   -9.856286988057e-02 -9.856462951117e-02 3.13e-14 4.40e-13 1.12e-09 3.752
691   -9.856289439076e-02 -9.856460276457e-02 2.93e-14 4.35e-13 1.07e-09 3.756
692   -9.856289993645e-02 -9.856459669302e-02 2.94e-14 1.99e-12 1.06e-09 3.762
693   -9.856292347100e-02 -9.856457100915e-02 2.78e-14 1.89e-12 1.01e-09 3.766
694   -9.856292888642e-02 -9.856456508001e-02 2.99e-14 4.80e-12 1.01e-09 3.771
695   -9.856295171037e-02 -9.856454017451e-02 2.79e-14 4.44e-12 9.65e-10 3.775
696   -9.856295702434e-02 -9.856453435764e-02 2.88e-14 5.08e-12 9.61e-10 3.781
697   -9.856297887798e-02 -9.856451050913e-02 2.72e-14 4.59e-12 9.17e-10 3.785
698   -9.856298403865e-02 -9.856450485982e-02 2.92e-14 4.03e-12 9.13e-10 3.791
699   -9.856300523720e-02 -9.856448172875e-02 2.73e-14 3.87e-12 8.72e-10 3.795
700   -9.856301028059e-02 -9.856447620888e-02 2.80e-14 6.73e-12 8.68e-10 3.801
701   -9.856303045193e-02 -9.856445419689e-02 2.65e-14 6.39e-12 8.29e-10 3.806
702   -9.856303542735e-02 -9.856444875120e-02 2.77e-14 5.59e-12 8.25e-10 3.812
703   -9.856305511440e-02 -9.856442727027e-02 2.60e-14 5.27e-12 7.88e-10 3.819
704   -9.856305994270e-02 -9.856442198647e-02 2.60e-14 6.49e-12 7.84e-10 3.825
705   -9.856307874354e-02 -9.856440147090e-02 2.45e-14 6.31e-12 7.49e-10 3.829
706   -9.856308347517e-02 -9.856439629299e-02 2.63e-14 7.45e-12 7.45e-10 3.835
707   -9.856310170365e-02 -9.856437640405e-02 2.46e-14 6.86e-12 7.12e-10 3.839
708   -9.856310632930e-02 -9.856437134274e-02 2.46e-14 7.27e-12 7.08e-10 3.844
709   -9.856312376181e-02 -9.856435232097e-02 2.33e-14 6.73e-12 6.76e-10 3.848
710   -9.856312827111e-02 -9.856434738703e-02 2.44e-14 7.91e-12 6.73e-10 3.855
711   -9.856314525311e-02 -9.856432885869e-02 2.28e-14 7.40e-12 6.42e-10 3.859
712   -9.856314969785e-02 -9.856432399610e-02 2.28e-14 3.24e-12 6.39e-10 3.864
713   -9.856316588086e-02 -9.856430633832e-02 2.16e-14 2.93e-12 6.10e-10 3.868
714   -9.856317017635e-02 -9.856430163886e-02 2.27e-14 3.55e-12 6.07e-10 3.874
715   -9.856318586769e-02 -9.856428451919e-02 2.12e-14 3.32e-12 5.80e-10 3.878
716   -9.856319008297e-02 -9.856427990820e-02 2.12e-14 3.43e-12 5.76e-10 3.883
717   -9.856320502174e-02 -9.856426360849e-02 2.01e-14 3.12e-12 5.51e-10 3.887
718   -9.856320913402e-02 -9.856425911011e-02 2.16e-14 2.75e-12 5.47e-10 3.893
719   -9.856322366409e-02 -9.856424325788e-02 2.03e-14 2.37e-12 5.23e-10 3.897
720   -9.856322767575e-02 -9.856423887017e-02 2.02e-14 7.21e-13 5.20e-10 3.902
721   -9.856324160578e-02 -9.856422367156e-02 1.92e-14 8.70e-13 4.97e-10 3.906
722   -9.856324553027e-02 -9.856421937925e-02 2.06e-14 5.21e-12 4.94e-10 3.912
723   -9.856325888940e-02 -9.856420480481e-02 1.93e-14 4.81e-12 4.72e-10 3.915
724   -9.856326274433e-02 -9.856420058901e-02 1.93e-14 4.92e-12 4.69e-10 3.921
725   -9.856327553751e-02 -9.856418663123e-02 1.82e-14 4.56e-12 4.48e-10 3.925
726   -9.856327931081e-02 -9.856418250469e-02 1.96e-14 2.34e-12 4.45e-10 3.930
727   -9.856329184949e-02 -9.856416882586e-02 1.83e-14 2.35e-12 4.26e-10 3.934
728   -9.856329552068e-02 -9.856416481143e-02 1.83e-14 2.48e-12 4.23e-10 3.940
729   -9.856330731123e-02 -9.856415194785e-02 1.73e-14 2.27e-12 4.04e-10 3.944
730   -9.856331090832e-02 -9.856414801492e-02 3.45e-14 2.96e-12 4.01e-10 3.949
731   -9.856332249133e-02 -9.856413537894e-02 3.24e-14 3.03e-12 3.84e-10 3.953
732   -9.856332599952e-02 -9.856413154308e-02 3.19e-14 3.58e-12 3.81e-10 3.958
733   -9.856333700187e-02 -9.856411953979e-02 3.01e-14 3.39e-12 3.64e-10 3.962
734   -9.856334040913e-02 -9.856411581442e-02 3.06e-14 9.43e-13 3.61e-10 3.968
735   -9.856335102305e-02 -9.856410423579e-02 2.88e-14 1.00e-12 3.46e-10 3.972
736   -9.856335435698e-02 -9.856410059097e-02 2.88e-14 7.35e-13 3.43e-10 3.978
737   -9.856336454474e-02 -9.856408947663e-02 2.72e-14 5.99e-13 3.28e-10 3.982
738   -9.856336779420e-02 -9.856408592420e-02 2.81e-14 2.97e-12 3.26e-10 3.987
739   -9.856337757760e-02 -9.856407525178e-02 2.64e-14 2.67e-12 3.12e-10 3.991
740   -9.856338080301e-02 -9.856407172592e-02 2.60e-14 1.21e-12 3.09e-10 3.996
741   -9.856339022235e-02 -9.856406145020e-02 2.46e-14 1.22e-12 2.96e-10 4.000
742   -9.856339334036e-02 -9.856405804182e-02 2.54e-14 2.60e-12 2.93e-10 4.005
743   -9.856340247413e-02 -9.856404807838e-02 2.38e-14 2.37e-12 2.81e-10 4.009
744   -9.856340553192e-02 -9.856404473603e-02 2.35e-14 1.89e-12 2.78e-10 4.015
745   -9.856341417623e-02 -9.856403530597e-02 2.22e-14 1.65e-12 2.66e-10 4.019
746   -9.856341715198e-02 -9.856403205368e-02 3.57e-14 1.29e-12 2.64e-10 4.024
747   -9.856342565926e-02 -9.856402277383e-02 3.36e-14 1.20e-12 2.52e-10 4.028
748   -9.856342857048e-02 -9.856401959159e-02 1.89e-14 2.42e-12 2.50e-10 4.033
749   -9.856343651379e-02 -9.856401092644e-02 1.79e-14 2.01e-12 2.40e-10 4.037
750   -9.856343936421e-02 -9.856400781137e-02 3.07e-14 2.55e-12 2.37e-10 4.042
751   -9.856344709009e-02 -9.856399938406e-02 2.89e-14 2.33e-12 2.27e-10 4.046
752   -9.856344986829e-02 -9.856399634786e-02 2.83e-14 3.42e-12 2.25e-10 4.052
753   -9.856345731720e-02 -9.856398822226e-02 2.68e-14 3.04e-12 2.15e-10 4.055
754   -9.856346004341e-02 -9.856398524336e-02 3.86e-14 7.93e-12 2.13e-10 4.060
755   -9.856346725211e-02 -9.856397738027e-02 3.64e-14 7.28e-12 2.04e-10 4.064
756   -9.856346987248e-02 -9.856397451688e-02 3.56e-14 7.66e-12 2.02e-10 4.070
757   -9.856347668503e-02 -9.856396708550e-02 3.37e-14 7.36e-12 1.94e-10 4.074
758   -9.856347923904e-02 -9.856396429508e-02 4.49e-14 5.66e-12 1.92e-10 4.079
759   -9.856348579427e-02 -9.856395714481e-02 4.23e-14 5.43e-12 1.84e-10 4.083
760   -9.856348836470e-02 -9.856395433589e-02 2.98e-14 1.14e-12 1.81e-10 4.088
761   -9.856349470185e-02 -9.856394742333e-02 2.81e-14 1.64e-12 1.74e-10 4.092
762   -9.856349719629e-02 -9.856394469789e-02 2.84e-14 5.92e-13 1.72e-10 4.097
763   -9.856350332138e-02 -9.856393801704e-02 2.67e-14 3.24e-13 1.65e-10 4.101
764   -9.856350573426e-02 -9.856393538047e-02 1.51e-14 7.02e-12 1.63e-10 4.106
765   -9.856351152598e-02 -9.856392906295e-02 1.43e-14 6.87e-12 1.56e-10 4.110
766   -9.856351384442e-02 -9.856392653019e-02 2.46e-14 2.74e-12 1.54e-10 4.115
767   -9.856351949124e-02 -9.856392037105e-02 2.32e-14 2.64e-12 1.48e-10 4.119
768   -9.856352176988e-02 -9.856391788168e-02 2.27e-14 3.44e-12 1.46e-10 4.124
769   -9.856352714877e-02 -9.856391201452e-02 2.15e-14 3.24e-12 1.40e-10 4.128
770   -9.856352937824e-02 -9.856390957920e-02 3.10e-14 1.59e-11 1.38e-10 4.133
771   -9.856353453741e-02 -9.856390395202e-02 2.92e-14 1.51e-11 1.33e-10 4.137
772   -9.856353671037e-02 -9.856390157823e-02 2.85e-14 6.00e-12 1.31e-10 4.142
773   -9.856354151126e-02 -9.856389634161e-02 2.70e-14 5.31e-12 1.26e-10 4.146
774   -9.856354366845e-02 -9.856389398534e-02 3.53e-14 6.16e-12 1.24e-10 4.151
775   -9.856354858007e-02 -9.856388862834e-02 3.32e-14 5.81e-12 1.19e-10 4.155
776   -9.856355063679e-02 -9.856388638148e-02 2.30e-14 9.18e-12 1.17e-10 4.160
777   -9.856355519879e-02 -9.856388140552e-02 2.18e-14 8.76e-12 1.13e-10 4.164
778   -9.856355724805e-02 -9.856387916735e-02 2.99e-14 3.33e-12 1.11e-10 4.169
779   -9.856356158929e-02 -9.856387443243e-02 2.83e-14 3.47e-12 1.07e-10 4.173
780   -9.856356356169e-02 -9.856387227818e-02 3.32e-14 1.26e-12 1.05e-10 4.177
781   -9.856356770261e-02 -9.856386776161e-02 3.14e-14 1.29e-12 1.01e-10 4.181
782   -9.856356960633e-02 -9.856386568247e-02 3.88e-14 5.68e-12 9.95e-11 4.186
783   -9.856357357324e-02 -9.856386135588e-02 3.66e-14 5.35e-12 9.56e-11 4.190
784   -9.856357540239e-02 -9.856385935819e-02 4.07e-14 8.55e-12 9.42e-11 4.195
785   -9.856357930485e-02 -9.856385510174e-02 3.85e-14 8.14e-12 9.04e-11 4.198
786   -9.856358112209e-02 -9.856385311725e-02 4.54e-14 1.61e-13 8.90e-11 4.203
787   -9.856358475278e-02 -9.856384915738e-02 4.29e-14 3.30e-13 8.55e-11 4.207
788   -9.856358652749e-02 -9.856384721951e-02 5.41e-14 1.03e-11 8.42e-11 4.212
789   -9.856358991952e-02 -9.856384351983e-02 5.12e-14 9.39e-12 8.10e-11 4.216
790   -9.856359159240e-02 -9.856384169307e-02 5.71e-14 5.24e-12 7.98e-11 4.221
791   -9.856359500284e-02 -9.856383797346e-02 5.39e-14 5.14e-12 7.66e-11 4.225
792   -9.856359667375e-02 -9.856383614906e-02 6.42e-14 1.04e-12 7.54e-11 4.230
793   -9.856359978680e-02 -9.856383275366e-02 6.08e-14 1.02e-12 7.25e-11 4.234
794   -9.856360138654e-02 -9.856383100690e-02 6.58e-14 1.15e-11 7.14e-11 4.239
795   -9.856360441578e-02 -9.856382770306e-02 6.22e-14 1.09e-11 6.87e-11 4.243
796   -9.856360599946e-02 -9.856382597379e-02 6.40e-14 4.53e-12 6.76e-11 4.247
797   -9.856360895337e-02 -9.856382275203e-02 6.06e-14 4.37e-12 6.50e-11 4.251
798   -9.856361042390e-02 -9.856382114645e-02 6.55e-14 3.41e-13 6.39e-11 4.257
799   -9.856361319048e-02 -9.856381812906e-02 6.20e-14 4.77e-13 6.15e-11 4.260
800   -9.856361460122e-02 -9.856381658892e-02 7.03e-14 7.88e-12 6.05e-11 4.265
801   -9.856361727383e-02 -9.856381367392e-02 6.66e-14 7.85e-12 5.82e-11 4.269
802   -9.856361866688e-02 -9.856381215295e-02 7.11e-14 9.90e-12 5.73e-11 4.274
803   -9.856362127105e-02 -9.856380931270e-02 6.72e-14 9.30e-12 5.51e-11 4.278
804   -9.856362271321e-02 -9.856380773831e-02 7.47e-14 4.39e-11 5.42e-11 4.283
805   -9.856362520576e-02 -9.856380501974e-02 7.07e-14 4.15e-11 5.21e-11 4.287
806   -9.856362653575e-02 -9.856380356810e-02 9.07e-14 5.36e-11 5.12e-11 4.291
807   -9.856362903937e-02 -9.856380083753e-02 8.57e-14 5.04e-11 4.91e-11 4.295
808   -9.856363037297e-02 -9.856379938173e-02 9.19e-14 6.75e-11 4.83e-11 4.300
809   -9.856363262374e-02 -9.856379692681e-02 8.71e-14 6.46e-11 4.65e-11 4.304
810   -9.856363386830e-02 -9.856379556854e-02 1.06e-13 7.31e-11 4.56e-11 4.308
811   -9.856363599696e-02 -9.856379324688e-02 1.00e-13 6.90e-11 4.39e-11 4.312
812   -9.856363717416e-02 -9.856379196178e-02 1.05e-13 8.79e-11 4.31e-11 4.318
813   -9.856363913487e-02 -9.856378982323e-02 9.98e-14 8.33e-11 4.16e-11 4.322
814   -9.856364022827e-02 -9.856378862980e-02 1.11e-13 6.90e-11 4.09e-11 4.327
815   -9.856364211861e-02 -9.856378656807e-02 1.06e-13 6.50e-11 3.94e-11 4.331
816   -9.856364323532e-02 -9.856378534890e-02 1.04e-13 6.21e-11 3.87e-11 4.335
817   -9.856364514632e-02 -9.856378326460e-02 9.86e-14 5.84e-11 3.72e-11 4.339
818   -9.856364619872e-02 -9.856378211613e-02 1.14e-13 6.69e-11 3.66e-11 4.344
819   -9.856364808504e-02 -9.856378005879e-02 1.08e-13 6.29e-11 3.51e-11 4.347
820   -9.856364917508e-02 -9.856377886888e-02 1.12e-13 1.01e-10 3.45e-11 4.353
821   -9.856365061620e-02 -9.856377729704e-02 1.07e-13 9.66e-11 3.34e-11 4.357
822   -9.856365164461e-02 -9.856377617464e-02 1.18e-13 8.41e-11 3.27e-11 4.361
823   -9.856365327681e-02 -9.856377439453e-02 1.12e-13 7.91e-11 3.16e-11 4.365
824   -9.856365422375e-02 -9.856377336076e-02 1.10e-13 6.07e-11 3.10e-11 4.370
825   -9.856365579505e-02 -9.856377164698e-02 1.04e-13 5.82e-11 2.98e-11 4.374
826   -9.856365667736e-02 -9.856377068402e-02 1.12e-13 7.03e-11 2.93e-11 4.380
827   -9.856365820642e-02 -9.856376901632e-02 1.06e-13 6.64e-11 2.82e-11 4.384
828   -9.856365902044e-02 -9.856376812785e-02 1.09e-13 1.25e-10 2.77e-11 4.388
829   -9.856366039677e-02 -9.856376662666e-02 1.04e-13 1.20e-10 2.68e-11 4.392
830   -9.856366135017e-02 -9.856376558626e-02 1.15e-13 1.06e-10 2.62e-11 4.397
831   -9.856366274811e-02 -9.856376406158e-02 1.09e-13 1.01e-10 2.53e-11 4.401
832   -9.856366367831e-02 -9.856376304616e-02 1.06e-13 9.58e-11 2.47e-11 4.405
833   -9.856366527390e-02 -9.856376130591e-02 9.98e-14 9.01e-11 2.37e-11 4.409
834   -9.856366604777e-02 -9.856376046151e-02 1.12e-13 7.64e-11 2.32e-11 4.413
835   -9.856366719316e-02 -9.856375921222e-02 1.07e-13 7.26e-11 2.24e-11 4.417
836   -9.856366806741e-02 -9.856375825790e-02 1.04e-13 5.61e-11 2.19e-11 4.422
837   -9.856366923272e-02 -9.856375698693e-02 9.87e-14 5.49e-11 2.12e-11 4.426
838   -9.856366997251e-02 -9.856375617968e-02 1.08e-13 1.63e-11 2.08e-11 4.430
839   -9.856367112948e-02 -9.856375491781e-02 1.02e-13 1.55e-11 2.00e-11 4.434
840   -9.856367178035e-02 -9.856375420738e-02 1.03e-13 3.88e-11 1.96e-11 4.439
841   -9.856367278394e-02 -9.856375311275e-02 9.82e-14 3.68e-11 1.90e-11 4.443
842   -9.856367344730e-02 -9.856375238893e-02 1.07e-13 2.30e-11 1.86e-11 4.447
843   -9.856367448098e-02 -9.856375126152e-02 1.02e-13 2.23e-11 1.80e-11 4.451
844   -9.856367516087e-02 -9.856375051933e-02 9.87e-14 4.95e-11 1.76e-11 4.456
845   -9.856367610291e-02 -9.856374949186e-02 9.39e-14 4.79e-11 1.70e-11 4.460
846   -9.856367665027e-02 -9.856374889464e-02 1.03e-13 7.17e-11 1.67e-11 4.464
847   -9.856367757007e-02 -9.856374789143e-02 9.79e-14 6.83e-11 1.61e-11 4.468
848   -9.856367826556e-02 -9.856374713221e-02 9.44e-14 8.19e-11 1.57e-11 4.473
849   -9.856367926310e-02 -9.856374604423e-02 8.93e-14 7.76e-11 1.51e-11 4.477
850   -9.856367983980e-02 -9.856374541501e-02 9.73e-14 1.09e-10 1.48e-11 4.481
851   -9.856368060369e-02 -9.856374458186e-02 9.29e-14 1.05e-10 1.43e-11 4.485
852   -9.856368115336e-02 -9.856374398179e-02 8.95e-14 1.15e-10 1.40e-11 4.489
853   -9.856368214371e-02 -9.856374290165e-02 8.43e-14 1.07e-10 1.34e-11 4.493
854   -9.856368261622e-02 -9.856374238621e-02 9.35e-14 1.62e-10 1.32e-11 4.498
855   -9.856368339683e-02 -9.856374153477e-02 8.88e-14 1.54e-10 1.27e-11 4.502
856   -9.856368404076e-02 -9.856374083194e-02 8.54e-14 1.47e-10 1.24e-11 4.506
857   -9.856368471093e-02 -9.856374010098e-02 8.15e-14 1.41e-10 1.20e-11 4.510
858   -9.856368502070e-02 -9.856373976305e-02 8.60e-14 1.75e-10 1.19e-11 4.515
859   -9.856368569043e-02 -9.856373903256e-02 8.20e-14 1.68e-10 1.15e-11 4.519
860   -9.856368619297e-02 -9.856373848406e-02 8.22e-14 1.21e-10 1.12e-11 4.524
861   -9.856368682439e-02 -9.856373779536e-02 7.84e-14 1.16e-10 1.09e-11 4.528
862   -9.856368715837e-02 -9.856373743098e-02 8.31e-14 1.89e-10 1.07e-11 4.533
863   -9.856368791264e-02 -9.856373660828e-02 7.85e-14 1.78e-10 1.03e-11 4.537
864   -9.856368863082e-02 -9.856373582444e-02 7.49e-14 1.74e-10 9.95e-12 4.542
865   -9.856368922948e-02 -9.856373517150e-02 7.14e-14 1.66e-10 9.62e-12 4.546
866   -9.856368970801e-02 -9.856373464933e-02 7.38e-14 2.03e-10 9.39e-12 4.551
867   -9.856369046460e-02 -9.856373382418e-02 6.94e-14 1.91e-10 8.98e-12 4.554
868   -9.856369097971e-02 -9.856373326196e-02 6.61e-14 1.78e-10 8.75e-12 4.559
869   -9.856369159354e-02 -9.856373259247e-02 6.26e-14 1.70e-10 8.42e-12 4.563
870   -9.856369210244e-02 -9.856373203716e-02 6.65e-14 2.01e-10 8.18e-12 4.567
871   -9.856369275219e-02 -9.856373132854e-02 6.27e-14 1.91e-10 7.84e-12 4.571
872   -9.856369309615e-02 -9.856373095306e-02 5.97e-14 1.80e-10 7.67e-12 4.576
873   -9.856369354020e-02 -9.856373046873e-02 5.71e-14 1.74e-10 7.43e-12 4.580
874   -9.856369390357e-02 -9.856373007222e-02 5.97e-14 2.19e-10 7.26e-12 4.584
875   -9.856369424585e-02 -9.856372969890e-02 5.75e-14 2.13e-10 7.08e-12 4.588
876   -9.856369470325e-02 -9.856372919969e-02 5.43e-14 2.22e-10 6.83e-12 4.593
877   -9.856369512511e-02 -9.856372873975e-02 5.77e-14 6.69e-08 6.62e-12 4.596
878   -9.856369541549e-02 -9.856372842290e-02 6.00e-14 6.46e-08 6.49e-12 4.601
879   -9.856369623720e-02 -9.856372752672e-02 5.52e-14 5.94e-08 6.09e-12 4.605
880   -9.856369646372e-02 -9.856372727944e-02 5.21e-14 5.76e-08 6.01e-12 4.609
881   -9.856369672565e-02 -9.856372699372e-02 5.03e-14 5.56e-08 5.87e-12 4.613
882   -9.856369709280e-02 -9.856372659312e-02 5.37e-14 5.31e-08 5.68e-12 4.617
883   -9.856369761728e-02 -9.856372602111e-02 5.04e-14 4.99e-08 5.43e-12 4.621
884   -9.856369781448e-02 -9.856372580588e-02 5.05e-14 4.83e-08 5.35e-12 4.626
885   -9.856369821787e-02 -9.856372536588e-02 4.79e-14 4.58e-08 5.15e-12 4.630
886   -9.856369843419e-02 -9.856372512994e-02 5.44e-14 4.44e-08 5.05e-12 4.635
887   -9.856369884080e-02 -9.856372468645e-02 5.15e-14 4.20e-08 4.85e-12 4.639
888   -9.856369932077e-02 -9.856372416262e-02 4.81e-14 3.94e-08 4.66e-12 4.643
889   -9.856369952306e-02 -9.856372394198e-02 4.65e-14 3.81e-08 4.56e-12 4.647
890   -9.856369968164e-02 -9.856372376895e-02 4.90e-14 3.71e-08 4.49e-12 4.652
891   -9.856370020143e-02 -9.856372320205e-02 4.55e-14 3.44e-08 4.25e-12 4.656
892   -9.856370045416e-02 -9.856372292627e-02 4.27e-14 3.31e-08 4.17e-12 4.660
893   -9.856370088233e-02 -9.856372245927e-02 4.00e-14 3.09e-08 3.97e-12 4.664
894   -9.856370113005e-02 -9.856372218904e-02 4.53e-14 2.98e-08 3.86e-12 4.669
895   -9.856370143438e-02 -9.856372185711e-02 4.29e-14 2.82e-08 3.71e-12 4.673
Numerical error in objective
Restoring previous solution


Suboptimal solution found in 896 iterations and 4.68 seconds
Objective -9.85628067e-02
Primal infeasibility (abs/rel): 6.57e-14/3.28e-14
Dual infeasibility   (abs/rel): 2.65e-13/2.40e-13
Complementarity gap  (abs/rel): 1.36e-09/1.24e-09


Barrier finished in 4.68 seconds
Dual variables for problems with quadratic constraints not returned.
