cuOpt version: 26.10.0, git hash: 648f805d, host arch: x86_64, device archs: 80-real
CPU: AMD EPYC 7642 48-Core Processor, threads: 5C/5T, RAM usage: 37.45/503.74GiB
CPU SIMD target: AVX2
CUDA 12.9, device: NVIDIA A100 80GB PCIe (ID 0), VRAM: 79.44 GiB
CUDA device UUID: 68df5cf5-71f9-6a93-b428-460c080ffb10
Problem has 1 quadratic constraints. Converting to second-order cones and solving with barrier.
Handling 50 free variables directly in augmented system
Presolved problem: 5103 constraints 10102 variables 265152 nonzeros
Skipping Ruiz equilibration (row norm ratio 1.4, column norm ratio 1.4 < 5e4, Q coeff ratio 1.0 < 100)
Barrier solver started at 0.027 seconds
Barrier solver: 5103 constraints, 10102 variables, 265152 nonzeros


Second-order cones          : 1
Free variables              : 50
Upper bounds                : 5000
Linear system               : augmented
cuDSS Version               : 0.7.1
cuDSS Threading layer       : libcudss_mtlayer_gomp.so.0
Reordering time             : 0.066s
Symbolic factorization time : 0.023s
Symbolic nonzeros in factor : 2.79e+05
Elapsed time for augmented  : 0.123 seconds
Elapsed time           : 0.123 seconds
Barrier setup complete at 0.123 seconds
Adaptive regularization enabled


                  Objective                         Infeasibility        Time
Iter   Primal              Dual                Primal   Dual    Compl.   Elapsed
  0   -3.701605598740e+02 -3.710234169387e+02 3.71e+03 1.91e+00 1.19e-02 0.123
  1   -4.752957750386e-01 -3.472089845747e+02 3.37e+00 2.99e-01 2.04e-01 0.127
  2   -6.515346345922e-02 -4.848614121757e+00 3.32e-02 3.33e-03 2.61e-03 0.131
  3   -6.239655812078e-02 -2.169558076699e-01 1.05e-03 1.05e-04 5.98e-05 0.135
  4   -6.279036255758e-02 -2.173232040425e-01 1.04e-03 1.04e-04 4.80e-05 0.139
  5   -6.275712344979e-02 -2.172887512407e-01 1.04e-03 1.04e-04 5.01e-05 0.144
  6   -6.434820267356e-02 -2.178175475680e-01 9.88e-04 9.91e-05 8.47e-05 0.148
  7   -6.434767448097e-02 -2.178100961742e-01 9.87e-04 9.90e-05 8.47e-05 0.155
  8   -6.482504312340e-02 -2.179136782399e-01 9.22e-04 9.24e-05 1.97e-04 0.159
  9   -7.154722123234e-02 -2.018533903540e-01 5.75e-04 5.77e-05 5.67e-04 0.163
 10   -7.151588723907e-02 -1.943058576512e-01 1.61e-04 1.62e-05 9.05e-04 0.167
 11   -7.423121518330e-02 -1.809109881391e-01 1.30e-04 1.30e-05 8.19e-04 0.171
 12   -7.414148034070e-02 -1.808183487951e-01 1.29e-04 1.30e-05 8.18e-04 0.177
 13   -7.763062792305e-02 -1.634641976928e-01 4.68e-05 4.69e-06 5.54e-04 0.181
 14   -7.934687608594e-02 -1.564863927930e-01 3.90e-05 3.91e-06 4.92e-04 0.185
 15   -7.929519691082e-02 -1.564330751803e-01 3.89e-05 3.90e-06 4.91e-04 0.190
 16   -8.118101266966e-02 -1.443942597553e-01 9.32e-06 9.35e-07 2.29e-04 0.194
 17   -8.115327679715e-02 -1.442096854826e-01 8.97e-06 9.00e-07 2.14e-04 0.199
 18   -8.118194413684e-02 -1.442124278065e-01 8.91e-06 8.94e-07 1.99e-04 0.204
 19   -8.104051661787e-02 -1.440667563397e-01 8.89e-06 8.91e-07 1.99e-04 0.211
 20   -8.360267274312e-02 -1.354140870983e-01 5.10e-06 5.11e-07 1.76e-04 0.214
 21   -8.365458997872e-02 -1.354359489850e-01 5.07e-06 5.08e-07 1.75e-04 0.221
 22   -8.356069580932e-02 -1.341114545645e-01 3.97e-06 3.98e-07 1.53e-04 0.225
 23   -8.349329122267e-02 -1.339957550769e-01 3.94e-06 3.95e-07 1.59e-04 0.230
 24   -8.506883618831e-02 -1.284529807192e-01 1.99e-06 2.00e-07 1.52e-04 0.234
 25   -8.511949193262e-02 -1.284444145976e-01 1.97e-06 1.98e-07 1.58e-04 0.240
 26   -8.504020748497e-02 -1.278028201659e-01 1.74e-06 1.74e-07 1.88e-04 0.244
 27   -8.495805893854e-02 -1.276856804461e-01 1.72e-06 1.73e-07 1.93e-04 0.251
 28   -8.674687142600e-02 -1.234264530355e-01 1.24e-06 1.25e-07 1.68e-04 0.255
 29   -8.679837803991e-02 -1.234413416641e-01 1.23e-06 1.24e-07 1.73e-04 0.261
 30   -8.671910516730e-02 -1.230590027391e-01 1.15e-06 1.15e-07 1.87e-04 0.266
 31   -8.663681805558e-02 -1.229546744794e-01 1.14e-06 1.14e-07 1.91e-04 0.272
 32   -8.764808475347e-02 -1.206211023643e-01 9.42e-07 9.45e-08 1.82e-04 0.276
 33   -8.770437280801e-02 -1.206488859310e-01 9.36e-07 9.38e-08 1.86e-04 0.282
 34   -8.764549647881e-02 -1.203079997237e-01 8.72e-07 8.75e-08 1.95e-04 0.287
 35   -8.757177491662e-02 -1.202132597163e-01 8.66e-07 8.69e-08 1.99e-04 0.293
 36   -8.857381654647e-02 -1.180478338257e-01 7.26e-07 7.28e-08 1.88e-04 0.297
 37   -8.862555949064e-02 -1.180724443118e-01 7.21e-07 7.23e-08 1.92e-04 0.304
 38   -8.859356480378e-02 -1.177257154340e-01 6.68e-07 6.70e-08 1.96e-04 0.308
 39   -8.852918198601e-02 -1.176413255497e-01 6.63e-07 6.65e-08 1.99e-04 0.315
 40   -8.945154639921e-02 -1.157294186605e-01 5.58e-07 5.60e-08 1.87e-04 0.320
 41   -8.949651390110e-02 -1.157483988390e-01 5.54e-07 5.55e-08 1.90e-04 0.328
 42   -8.949536279741e-02 -1.153880554842e-01 5.09e-07 5.10e-08 1.89e-04 0.333
 43   -8.944037184813e-02 -1.153143223237e-01 5.05e-07 5.07e-08 1.92e-04 0.339
 44   -9.024809419020e-02 -1.136923804152e-01 4.26e-07 4.28e-08 1.79e-04 0.344
 45   -9.028626519631e-02 -1.137060824272e-01 4.23e-07 4.24e-08 1.82e-04 0.350
 46   -9.031700254347e-02 -1.133350518947e-01 3.86e-07 3.87e-08 1.78e-04 0.355
 47   -9.027042442475e-02 -1.132713044097e-01 3.83e-07 3.84e-08 1.81e-04 0.361
 48   -9.098535341329e-02 -1.118915039951e-01 3.25e-07 3.26e-08 1.68e-04 0.366
 49   -9.101729437601e-02 -1.119007811540e-01 3.23e-07 3.24e-08 1.70e-04 0.373
 50   -9.107743270547e-02 -1.115262878313e-01 2.92e-07 2.93e-08 1.64e-04 0.378
 51   -9.103780468697e-02 -1.114712402470e-01 2.90e-07 2.91e-08 1.66e-04 0.384
 52   -9.166716666742e-02 -1.103047894414e-01 2.48e-07 2.49e-08 1.55e-04 0.389
 53   -9.169394376128e-02 -1.103108415907e-01 2.47e-07 2.47e-08 1.57e-04 0.395
 54   -9.177729386825e-02 -1.099438772396e-01 2.22e-07 2.22e-08 1.50e-04 0.400
 55   -9.174341538340e-02 -1.098962258828e-01 2.20e-07 2.21e-08 1.52e-04 0.406
 56   -9.228852533642e-02 -1.089208907198e-01 1.91e-07 1.91e-08 1.42e-04 0.411
 57   -9.231128397744e-02 -1.089248402117e-01 1.89e-07 1.90e-08 1.44e-04 0.418
 58   -9.241002277314e-02 -1.085759367446e-01 1.70e-07 1.70e-08 1.37e-04 0.423
 59   -9.238103630358e-02 -1.085345788049e-01 1.69e-07 1.69e-08 1.39e-04 0.428
 60   -9.283221395729e-02 -1.077436337592e-01 1.47e-07 1.47e-08 1.30e-04 0.433
 61   -9.285212651516e-02 -1.077465974548e-01 1.46e-07 1.46e-08 1.32e-04 0.439
 62   -9.296027573668e-02 -1.074214387232e-01 1.31e-07 1.31e-08 1.25e-04 0.444
 63   -9.293552636889e-02 -1.073854492072e-01 1.30e-07 1.30e-08 1.26e-04 0.450
 64   -9.331460791829e-02 -1.067345743630e-01 1.14e-07 1.14e-08 1.19e-04 0.455
 65   -9.333224072725e-02 -1.067368954225e-01 1.13e-07 1.14e-08 1.20e-04 0.461
 66   -9.344604580992e-02 -1.064359619434e-01 1.02e-07 1.02e-08 1.14e-04 0.466
 67   -9.342489971844e-02 -1.064045342892e-01 1.01e-07 1.01e-08 1.15e-04 0.472
 68   -9.374960612925e-02 -1.058590703516e-01 8.90e-08 8.93e-09 1.08e-04 0.477
 69   -9.376529975029e-02 -1.058608873893e-01 8.84e-08 8.86e-09 1.10e-04 0.484
 70   -9.388207229982e-02 -1.055831113519e-01 7.93e-08 7.95e-09 1.04e-04 0.489
 71   -9.386396903363e-02 -1.055555765008e-01 7.88e-08 7.90e-09 1.05e-04 0.497
 72   -9.414636257971e-02 -1.050916756821e-01 6.98e-08 7.00e-09 9.87e-05 0.502
 73   -9.416034905120e-02 -1.050930673973e-01 6.93e-08 6.95e-09 9.99e-05 0.508
 74   -9.427771437268e-02 -1.048374051212e-01 6.22e-08 6.24e-09 9.42e-05 0.513
 75   -9.426218140862e-02 -1.048132243417e-01 6.18e-08 6.20e-09 9.54e-05 0.519
 76   -9.451000821782e-02 -1.044149054392e-01 5.49e-08 5.51e-09 8.97e-05 0.524
 77   -9.452247231321e-02 -1.044159469356e-01 5.45e-08 5.47e-09 9.08e-05 0.530
 78   -9.463824857800e-02 -1.041815787727e-01 4.90e-08 4.92e-09 8.55e-05 0.535
 79   -9.462489806564e-02 -1.041603190672e-01 4.87e-08 4.88e-09 8.66e-05 0.541
 80   -9.484360480662e-02 -1.038160533871e-01 4.34e-08 4.35e-09 8.13e-05 0.546
 81   -9.485470286336e-02 -1.038168143654e-01 4.31e-08 4.32e-09 8.22e-05 0.552
 82   -9.496713124173e-02 -1.036028115978e-01 3.88e-08 3.89e-09 7.74e-05 0.557
 83   -9.495564402521e-02 -1.035841169837e-01 3.85e-08 3.86e-09 7.83e-05 0.563
 84   -9.514949947109e-02 -1.032849503819e-01 3.44e-08 3.45e-09 7.34e-05 0.568
 85   -9.515936368937e-02 -1.032854858129e-01 3.42e-08 3.43e-09 7.43e-05 0.574
 86   -9.526709834827e-02 -1.030908186046e-01 3.08e-08 3.08e-09 6.97e-05 0.579
 87   -9.525720898935e-02 -1.030743893866e-01 3.06e-08 3.06e-09 7.06e-05 0.585
 88   -9.542952940331e-02 -1.028133724244e-01 2.73e-08 2.74e-09 6.60e-05 0.589
 89   -9.543827657461e-02 -1.028137271952e-01 2.71e-08 2.72e-09 6.68e-05 0.596
 90   -9.554026665038e-02 -1.026373877066e-01 2.45e-08 2.45e-09 6.26e-05 0.600
 91   -9.553175315449e-02 -1.026229660445e-01 2.43e-08 2.44e-09 6.34e-05 0.607
 92   -9.568509676256e-02 -1.023946938563e-01 2.18e-08 2.18e-09 5.92e-05 0.611
 93   -9.569283643159e-02 -1.023949082604e-01 2.16e-08 2.17e-09 5.99e-05 0.617
 94   -9.578833083637e-02 -1.022358627949e-01 1.95e-08 1.96e-09 5.60e-05 0.622
 95   -9.578100549207e-02 -1.022232209441e-01 1.94e-08 1.95e-09 5.67e-05 0.628
 96   -9.591744807198e-02 -1.020233394460e-01 1.74e-08 1.75e-09 5.28e-05 0.633
 97   -9.592428556674e-02 -1.020234500910e-01 1.73e-08 1.74e-09 5.35e-05 0.639
 98   -9.601283955105e-02 -1.018805930528e-01 1.56e-08 1.57e-09 5.00e-05 0.644
 99   -9.600654148670e-02 -1.018695257181e-01 1.55e-08 1.58e-09 5.06e-05 0.650
100   -9.612783551277e-02 -1.016944304681e-01 1.40e-08 1.42e-09 4.71e-05 0.655
101   -9.613387257363e-02 -1.016944703668e-01 1.39e-08 1.45e-09 4.76e-05 0.661
102   -9.621530759254e-02 -1.015666359836e-01 1.26e-08 1.31e-09 4.45e-05 0.666
103   -9.620989801270e-02 -1.015569563172e-01 1.25e-08 1.34e-09 4.50e-05 0.671
104   -9.631760937043e-02 -1.014035479288e-01 1.13e-08 1.21e-09 4.19e-05 0.676
105   -9.632294326576e-02 -1.014035449589e-01 1.12e-08 1.24e-09 4.24e-05 0.683
106   -9.639736027983e-02 -1.012894566989e-01 1.01e-08 1.12e-09 3.96e-05 0.687
107   -9.639271830606e-02 -1.012809933740e-01 1.01e-08 1.14e-09 4.00e-05 0.694
108   -9.648839606500e-02 -1.011464188957e-01 9.10e-09 1.03e-09 3.72e-05 0.698
109   -9.649311632823e-02 -1.011463922012e-01 9.04e-09 1.05e-09 3.77e-05 0.705
110   -9.656091013331e-02 -1.010446194417e-01 8.22e-09 9.56e-10 3.52e-05 0.710
111   -9.655692876452e-02 -1.010372152229e-01 8.17e-09 9.73e-10 3.56e-05 0.716
112   -9.664214437840e-02 -1.009187841927e-01 7.39e-09 8.81e-10 3.31e-05 0.721
113   -9.664632957121e-02 -1.009187431969e-01 7.35e-09 8.95e-10 3.35e-05 0.727
114   -9.670809193624e-02 -1.008277933798e-01 6.69e-09 8.15e-10 3.13e-05 0.731
115   -9.670467599532e-02 -1.008213061793e-01 6.65e-09 8.28e-10 3.17e-05 0.737
116   -9.678091003828e-02 -1.007165935862e-01 6.04e-09 7.51e-10 2.95e-05 0.742
117   -9.678462731607e-02 -1.007165411024e-01 6.00e-09 7.62e-10 2.98e-05 0.749
118   -9.684099657995e-02 -1.006350125147e-01 5.47e-09 6.95e-10 2.79e-05 0.753
119   -9.683806259148e-02 -1.006293169714e-01 5.44e-09 7.05e-10 2.82e-05 0.761
120   -9.690659254421e-02 -1.005362663223e-01 4.95e-09 6.41e-10 2.63e-05 0.765
121   -9.690989942864e-02 -1.005362024505e-01 4.92e-09 6.49e-10 2.66e-05 0.771
122   -9.696145978553e-02 -1.004628771946e-01 4.50e-09 5.93e-10 2.49e-05 0.775
123   -9.695893602730e-02 -1.004578647959e-01 4.47e-09 6.00e-10 2.52e-05 0.781
124   -9.702080493617e-02 -1.003747987909e-01 4.07e-09 5.47e-10 2.35e-05 0.785
125   -9.702375144355e-02 -1.003747233157e-01 4.05e-09 5.53e-10 2.38e-05 0.791
126   -9.707100120782e-02 -1.003085812723e-01 3.71e-09 5.06e-10 2.22e-05 0.795
127   -9.706882700738e-02 -1.003041590140e-01 3.69e-09 5.12e-10 2.25e-05 0.802
128   -9.712487370903e-02 -1.002297224227e-01 3.37e-09 4.67e-10 2.10e-05 0.806
129   -9.712750388704e-02 -1.002296356799e-01 3.35e-09 4.72e-10 2.13e-05 0.812
130   -9.717086526881e-02 -1.001698237671e-01 3.07e-09 4.33e-10 1.99e-05 0.816
131   -9.716898965869e-02 -1.001659121528e-01 3.06e-09 4.37e-10 2.02e-05 0.823
132   -9.721990084628e-02 -1.000989940619e-01 2.79e-09 4.00e-10 1.88e-05 0.827
133   -9.722225363427e-02 -1.000988969353e-01 2.78e-09 4.04e-10 1.91e-05 0.834
134   -9.726209443806e-02 -1.000446886910e-01 2.55e-09 3.71e-10 1.79e-05 0.838
135   -9.726047459334e-02 -1.000412197132e-01 2.54e-09 3.74e-10 1.81e-05 0.844
136   -9.730682945404e-02 -9.998088866034e-02 2.33e-09 3.43e-10 1.69e-05 0.848
137   -9.730893915576e-02 -9.998078231968e-02 2.32e-09 3.46e-10 1.71e-05 0.855
138   -9.734558805930e-02 -9.993154835823e-02 2.13e-09 3.18e-10 1.61e-05 0.858
139   -9.734418787611e-02 -9.992846377018e-02 2.12e-09 3.20e-10 1.63e-05 0.866
140   -9.738648475515e-02 -9.987392671512e-02 1.95e-09 2.94e-10 1.52e-05 0.869
141   -9.738838143188e-02 -9.987381243377e-02 1.94e-09 2.96e-10 1.54e-05 0.876
142   -9.742213445505e-02 -9.982900355361e-02 1.78e-09 2.73e-10 1.45e-05 0.880
143   -9.742092340829e-02 -9.982625343386e-02 1.78e-09 2.75e-10 1.47e-05 0.885
144   -9.745959578898e-02 -9.977682920958e-02 1.63e-09 2.53e-10 1.38e-05 0.889
145   -9.746130567829e-02 -9.977670823945e-02 1.62e-09 2.55e-10 1.39e-05 0.895
146   -9.749243136704e-02 -9.973584193180e-02 1.50e-09 2.35e-10 1.31e-05 0.899
147   -9.749138357010e-02 -9.973338343499e-02 1.49e-09 2.37e-10 1.33e-05 0.906
148   -9.752681455477e-02 -9.968847966830e-02 1.37e-09 2.18e-10 1.24e-05 0.910
149   -9.752836044847e-02 -9.968835309271e-02 1.37e-09 2.19e-10 1.26e-05 0.916
150   -9.755710661150e-02 -9.965099986282e-02 1.26e-09 2.03e-10 1.19e-05 0.920
151   -9.755619999549e-02 -9.964879611701e-02 1.26e-09 2.04e-10 1.20e-05 0.926
152   -9.758873492409e-02 -9.960788964343e-02 1.16e-09 1.88e-10 1.13e-05 0.930
153   -9.759013647430e-02 -9.960775824107e-02 1.15e-09 1.89e-10 1.14e-05 0.937
154   -9.761673456282e-02 -9.957353177732e-02 1.07e-09 1.75e-10 1.08e-05 0.941
155   -9.761595018120e-02 -9.957155098242e-02 1.06e-09 1.76e-10 1.09e-05 0.948
156   -9.764590212798e-02 -9.953417728206e-02 9.82e-10 1.62e-10 1.02e-05 0.951
157   -9.764717615534e-02 -9.953404150523e-02 9.77e-10 1.63e-10 1.04e-05 0.958
158   -9.767183975864e-02 -9.950259627944e-02 9.05e-10 1.51e-10 9.79e-06 0.962
159   -9.767116127004e-02 -9.950081100364e-02 9.01e-10 1.52e-10 9.92e-06 0.968
160   -9.769880891431e-02 -9.946656284004e-02 8.33e-10 1.41e-10 9.33e-06 0.972
161   -9.769996978206e-02 -9.946642293456e-02 8.29e-10 1.41e-10 9.46e-06 0.979
162   -9.772288881753e-02 -9.943745715988e-02 7.69e-10 1.31e-10 8.92e-06 0.983
163   -9.772230213701e-02 -9.943584378768e-02 7.66e-10 1.32e-10 9.04e-06 0.989
164   -9.774788440366e-02 -9.940437388365e-02 7.09e-10 1.22e-10 8.51e-06 0.993
165   -9.774894445897e-02 -9.940423008685e-02 7.06e-10 1.23e-10 8.63e-06 1.000
166   -9.777027961445e-02 -9.937748879327e-02 6.55e-10 1.14e-10 8.15e-06 1.004
167   -9.776977267452e-02 -9.937602704268e-02 6.52e-10 1.14e-10 8.26e-06 1.011
168   -9.779348626036e-02 -9.934704790904e-02 6.04e-10 1.06e-10 7.78e-06 1.015
169   -9.779445627548e-02 -9.934690062222e-02 6.02e-10 1.06e-10 7.89e-06 1.021
170   -9.781433840821e-02 -9.932217363581e-02 5.59e-10 9.87e-11 7.45e-06 1.025
171   -9.781390094692e-02 -9.932084608995e-02 5.57e-10 9.92e-11 7.55e-06 1.031
172   -9.783590520871e-02 -9.929412213773e-02 5.16e-10 9.20e-11 7.13e-06 1.035
173   -9.783679473638e-02 -9.929397197915e-02 5.14e-10 9.23e-11 7.22e-06 1.042
174   -9.785533130568e-02 -9.927108463335e-02 4.78e-10 8.59e-11 6.83e-06 1.046
175   -9.785495461846e-02 -9.926987626435e-02 4.76e-10 8.62e-11 6.92e-06 1.052
176   -9.787538348067e-02 -9.924520871985e-02 4.42e-10 8.01e-11 6.53e-06 1.056
177   -9.787620105675e-02 -9.924505644532e-02 4.40e-10 8.03e-11 6.62e-06 1.062
178   -9.789348656386e-02 -9.922385642261e-02 4.10e-10 7.48e-11 6.27e-06 1.066
179   -9.789316321339e-02 -9.922275415732e-02 4.08e-10 7.52e-11 6.35e-06 1.072
180   -9.791213777532e-02 -9.919996573996e-02 3.79e-10 6.99e-11 6.00e-06 1.076
181   -9.791289100093e-02 -9.919981210411e-02 3.78e-10 7.02e-11 6.08e-06 1.083
182   -9.792901517767e-02 -9.918015919027e-02 3.52e-10 6.54e-11 5.76e-06 1.087
183   -9.792873872143e-02 -9.917915156800e-02 3.50e-10 6.57e-11 5.84e-06 1.094
184   -9.794637423131e-02 -9.915807773096e-02 3.26e-10 6.11e-11 5.52e-06 1.098
185   -9.794706980955e-02 -9.915792339478e-02 3.24e-10 6.12e-11 5.60e-06 1.103
186   -9.796212011104e-02 -9.913968575430e-02 3.03e-10 5.70e-11 5.31e-06 1.107
187   -9.796188490333e-02 -9.913876269248e-02 3.01e-10 5.73e-11 5.38e-06 1.114
188   -9.797829143583e-02 -9.911924997909e-02 2.81e-10 5.34e-11 5.09e-06 1.118
189   -9.797893523879e-02 -9.911909548444e-02 2.79e-10 5.36e-11 5.16e-06 1.126
190   -9.799299555551e-02 -9.910215022892e-02 2.61e-10 5.00e-11 4.89e-06 1.129
191   -9.799279662702e-02 -9.910130285307e-02 2.60e-10 5.03e-11 4.96e-06 1.136
192   -9.800807719461e-02 -9.908321018963e-02 2.42e-10 4.68e-11 4.70e-06 1.140
193   -9.800867435718e-02 -9.908305597858e-02 2.41e-10 4.69e-11 4.76e-06 1.147
194   -9.802182307218e-02 -9.906729056863e-02 2.25e-10 4.38e-11 4.52e-06 1.151
195   -9.802165605241e-02 -9.906651107204e-02 2.24e-10 4.38e-11 4.58e-06 1.158
196   -9.803590513225e-02 -9.904971070562e-02 2.09e-10 4.09e-11 4.34e-06 1.162
197   -9.803646015771e-02 -9.904955714244e-02 2.08e-10 4.11e-11 4.40e-06 1.168
198   -9.804876924863e-02 -9.903486974276e-02 1.95e-10 3.84e-11 4.18e-06 1.172
199   -9.804863030171e-02 -9.903415125533e-02 1.94e-10 3.85e-11 4.24e-06 1.178
200   -9.806193360216e-02 -9.901852842684e-02 1.81e-10 3.60e-11 4.02e-06 1.182
201   -9.806245045366e-02 -9.901837581770e-02 1.80e-10 3.61e-11 4.07e-06 1.188
202   -9.807398550035e-02 -9.900467475354e-02 1.68e-10 3.37e-11 3.87e-06 1.192
203   -9.807387126271e-02 -9.900401122277e-02 1.68e-10 3.39e-11 3.93e-06 1.198
204   -9.808630627953e-02 -9.898946305926e-02 1.57e-10 3.16e-11 3.73e-06 1.202
205   -9.808678845936e-02 -9.898931166077e-02 1.56e-10 3.15e-11 3.78e-06 1.209
206   -9.809760914314e-02 -9.897651441371e-02 1.46e-10 2.94e-11 3.59e-06 1.213
207   -9.809751666400e-02 -9.897590049815e-02 1.45e-10 2.94e-11 3.64e-06 1.220
208   -9.810915344746e-02 -9.896233475082e-02 1.36e-10 2.75e-11 3.46e-06 1.224
209   -9.810960405748e-02 -9.896218478102e-02 1.35e-10 2.78e-11 3.50e-06 1.230
210   -9.811976467068e-02 -9.895021704330e-02 1.27e-10 2.60e-11 3.33e-06 1.234
211   -9.811969135936e-02 -9.894964801896e-02 1.26e-10 2.61e-11 3.38e-06 1.241
212   -9.813059329642e-02 -9.893698184651e-02 1.18e-10 2.44e-11 3.21e-06 1.245
213   -9.813101509223e-02 -9.893683348925e-02 1.17e-10 2.45e-11 3.25e-06 1.252
214   -9.814056509575e-02 -9.892562821951e-02 1.10e-10 2.30e-11 3.10e-06 1.256
215   -9.814050867287e-02 -9.892509990132e-02 1.10e-10 2.31e-11 3.14e-06 1.262
216   -9.815073315826e-02 -9.891325882805e-02 1.03e-10 2.17e-11 2.99e-06 1.266
217   -9.815112859402e-02 -9.891311223843e-02 1.02e-10 2.17e-11 3.03e-06 1.272
218   -9.816011303470e-02 -9.890260892319e-02 9.57e-11 2.04e-11 2.88e-06 1.276
219   -9.816007149291e-02 -9.890211759356e-02 9.53e-11 2.04e-11 2.92e-06 1.283
220   -9.816967053927e-02 -9.889103458172e-02 8.92e-11 1.91e-11 2.78e-06 1.287
221   -9.817004180561e-02 -9.889088989074e-02 8.88e-11 1.92e-11 2.82e-06 1.293
222   -9.817850173391e-02 -9.888103384608e-02 8.33e-11 1.80e-11 2.68e-06 1.297
223   -9.817847330163e-02 -9.888057619702e-02 8.30e-11 1.80e-11 2.72e-06 1.304
224   -9.818749407482e-02 -9.887019083842e-02 7.77e-11 1.68e-11 2.59e-06 1.307
225   -9.818784313173e-02 -9.887004815731e-02 7.74e-11 1.69e-11 2.62e-06 1.314
226   -9.819581595572e-02 -9.886078993662e-02 7.26e-11 1.59e-11 2.50e-06 1.318
227   -9.819579906712e-02 -9.886036301861e-02 7.23e-11 1.61e-11 2.53e-06 1.324
228   -9.820428435841e-02 -9.885062083096e-02 6.77e-11 1.50e-11 2.41e-06 1.328
229   -9.820461296477e-02 -9.885048025361e-02 6.74e-11 1.51e-11 2.45e-06 1.334
230   -9.821213281912e-02 -9.884177506910e-02 6.33e-11 1.41e-11 2.33e-06 1.338
231   -9.821212608792e-02 -9.884137624656e-02 6.30e-11 1.40e-11 2.36e-06 1.344
232   -9.822011477202e-02 -9.883222801207e-02 5.91e-11 1.31e-11 2.25e-06 1.348
233   -9.822042451122e-02 -9.883208961584e-02 5.88e-11 1.33e-11 2.28e-06 1.354
234   -9.822752258355e-02 -9.882389683330e-02 5.52e-11 1.24e-11 2.18e-06 1.358
235   -9.822752478039e-02 -9.882352374525e-02 5.50e-11 1.24e-11 2.21e-06 1.365
236   -9.823505221644e-02 -9.881492493647e-02 5.16e-11 1.16e-11 2.10e-06 1.369
237   -9.823534451334e-02 -9.881478878973e-02 5.13e-11 1.17e-11 2.13e-06 1.375
238   -9.824204927751e-02 -9.880707154717e-02 4.82e-11 1.10e-11 2.03e-06 1.379
239   -9.824205931146e-02 -9.880672207504e-02 4.80e-11 1.09e-11 2.06e-06 1.385
240   -9.824915771672e-02 -9.879863232943e-02 4.50e-11 1.03e-11 1.96e-06 1.389
241   -9.824943386049e-02 -9.879849848755e-02 4.48e-11 1.03e-11 1.99e-06 1.396
242   -9.825577138459e-02 -9.879122325020e-02 4.21e-11 9.65e-12 1.90e-06 1.400
243   -9.825578828412e-02 -9.879089548959e-02 4.19e-11 9.80e-12 1.92e-06 1.406
244   -9.826248703429e-02 -9.878327818299e-02 3.94e-11 9.19e-12 1.83e-06 1.410
245   -9.826274819370e-02 -9.878314669093e-02 3.92e-11 9.29e-12 1.86e-06 1.417
246   -9.826874239977e-02 -9.877628287321e-02 3.68e-11 8.72e-12 1.77e-06 1.421
247   -9.826876530109e-02 -9.877597510615e-02 3.67e-11 8.78e-12 1.80e-06 1.427
248   -9.827509124087e-02 -9.876879692901e-02 3.44e-11 8.24e-12 1.71e-06 1.431
249   -9.827533847368e-02 -9.876866782667e-02 3.42e-11 8.18e-12 1.74e-06 1.438
250   -9.828101126925e-02 -9.876218757120e-02 3.22e-11 7.68e-12 1.66e-06 1.441
251   -9.828103940142e-02 -9.876189824776e-02 3.20e-11 7.82e-12 1.68e-06 1.448
252   -9.828701708868e-02 -9.875512886479e-02 3.01e-11 7.34e-12 1.60e-06 1.452
253   -9.828725136021e-02 -9.875500218125e-02 2.99e-11 7.30e-12 1.62e-06 1.458
254   -9.829262291049e-02 -9.874887999181e-02 2.82e-11 6.86e-12 1.55e-06 1.462
255   -9.829265558470e-02 -9.874860770964e-02 2.80e-11 6.88e-12 1.57e-06 1.468
256   -9.829830751410e-02 -9.874221945412e-02 2.63e-11 6.47e-12 1.50e-06 1.472
257   -9.829852970214e-02 -9.874209521493e-02 2.62e-11 6.57e-12 1.52e-06 1.479
258   -9.830361854145e-02 -9.873630777618e-02 2.46e-11 6.17e-12 1.45e-06 1.483
259   -9.830365514234e-02 -9.873605126388e-02 2.45e-11 6.26e-12 1.47e-06 1.490
260   -9.830900196717e-02 -9.873001884121e-02 2.30e-11 5.89e-12 1.40e-06 1.494
261   -9.830921287436e-02 -9.872989706482e-02 2.29e-11 5.86e-12 1.42e-06 1.501
262   -9.831403608989e-02 -9.872442299141e-02 2.16e-11 5.51e-12 1.36e-06 1.505
263   -9.831407606785e-02 -9.872418109347e-02 2.15e-11 5.47e-12 1.38e-06 1.512
264   -9.831913675964e-02 -9.871848136180e-02 2.02e-11 5.14e-12 1.31e-06 1.516
265   -9.831933712068e-02 -9.871836206099e-02 2.01e-11 5.14e-12 1.33e-06 1.522
266   -9.832391048558e-02 -9.871318170875e-02 1.89e-11 4.83e-12 1.27e-06 1.526
267   -9.832395334741e-02 -9.871295337468e-02 1.88e-11 4.99e-12 1.29e-06 1.532
268   -9.832874539570e-02 -9.870756508548e-02 1.77e-11 4.69e-12 1.23e-06 1.536
269   -9.832893588448e-02 -9.870744826842e-02 1.76e-11 4.59e-12 1.24e-06 1.542
270   -9.833327397057e-02 -9.870254357298e-02 1.65e-11 4.32e-12 1.19e-06 1.546
271   -9.833331927485e-02 -9.870232784503e-02 1.64e-11 4.31e-12 1.21e-06 1.553
272   -9.833785879025e-02 -9.869723149764e-02 1.55e-11 4.05e-12 1.15e-06 1.556
273   -9.833804002533e-02 -9.869711716890e-02 1.54e-11 4.07e-12 1.17e-06 1.563
274   -9.834215631595e-02 -9.869247149020e-02 1.45e-11 3.82e-12 1.11e-06 1.567
275   -9.834220366666e-02 -9.869226749430e-02 1.44e-11 3.73e-12 1.13e-06 1.573
276   -9.834650551782e-02 -9.868744515660e-02 1.35e-11 3.51e-12 1.08e-06 1.577
277   -9.834667806860e-02 -9.868733331671e-02 1.35e-11 3.58e-12 1.09e-06 1.583
278   -9.835058507585e-02 -9.868293128242e-02 1.27e-11 3.36e-12 1.04e-06 1.587
279   -9.835063411884e-02 -9.868273821814e-02 1.26e-11 3.45e-12 1.06e-06 1.594
280   -9.835471207582e-02 -9.867817334367e-02 1.19e-11 3.24e-12 1.01e-06 1.598
281   -9.835487646781e-02 -9.867806398877e-02 1.18e-11 3.35e-12 1.02e-06 1.604
282   -9.835858579006e-02 -9.867389140791e-02 1.11e-11 3.15e-12 9.76e-07 1.608
283   -9.835863620746e-02 -9.867370854246e-02 1.10e-11 3.22e-12 9.89e-07 1.615
284   -9.836250301585e-02 -9.866938586838e-02 1.04e-11 3.03e-12 9.44e-07 1.619
285   -9.836265973320e-02 -9.866927899240e-02 1.03e-11 3.12e-12 9.56e-07 1.625
286   -9.836618216070e-02 -9.866532271791e-02 9.72e-12 2.93e-12 9.14e-07 1.629
287   -9.836623366703e-02 -9.866514937940e-02 9.67e-12 2.87e-12 9.26e-07 1.635
288   -9.836990117382e-02 -9.866105476833e-02 9.09e-12 2.69e-12 8.84e-07 1.639
289   -9.837005066519e-02 -9.866095036156e-02 9.05e-12 2.84e-12 8.95e-07 1.645
290   -9.837339624599e-02 -9.865719819960e-02 8.51e-12 2.67e-12 8.55e-07 1.649
291   -9.837344858670e-02 -9.865703376902e-02 8.47e-12 2.66e-12 8.66e-07 1.656
292   -9.837692780644e-02 -9.865315412110e-02 7.96e-12 2.51e-12 8.27e-07 1.659
293   -9.837707048739e-02 -9.865305217041e-02 7.92e-12 2.45e-12 8.38e-07 1.666
294   -9.838024859755e-02 -9.864949278812e-02 7.46e-12 2.30e-12 8.01e-07 1.670
295   -9.838030154399e-02 -9.864933669668e-02 7.42e-12 2.32e-12 8.11e-07 1.676
296   -9.838360271697e-02 -9.864565987124e-02 6.97e-12 2.18e-12 7.74e-07 1.680
297   -9.838373897273e-02 -9.864556036127e-02 6.94e-12 2.16e-12 7.84e-07 1.686
298   -9.838675838286e-02 -9.864218319929e-02 6.53e-12 2.03e-12 7.50e-07 1.690
299   -9.838681173048e-02 -9.864203492239e-02 6.49e-12 2.01e-12 7.59e-07 1.697
300   -9.838994442147e-02 -9.863854961674e-02 6.11e-12 1.89e-12 7.25e-07 1.701
301   -9.839007460999e-02 -9.863845252944e-02 6.07e-12 1.82e-12 7.34e-07 1.707
302   -9.839294350849e-02 -9.863524776481e-02 5.72e-12 1.71e-12 7.02e-07 1.711
303   -9.839299707431e-02 -9.863510681835e-02 5.69e-12 1.73e-12 7.11e-07 1.717
304   -9.839597022209e-02 -9.863180250301e-02 5.35e-12 1.62e-12 6.78e-07 1.721
305   -9.839609467660e-02 -9.863170781753e-02 5.32e-12 1.60e-12 6.87e-07 1.727
306   -9.839882078583e-02 -9.862866622458e-02 5.00e-12 1.50e-12 6.57e-07 1.731
307   -9.839887440739e-02 -9.862853216028e-02 4.98e-12 1.35e-12 6.65e-07 1.738
308   -9.840169637374e-02 -9.862539901527e-02 4.68e-12 1.27e-12 6.35e-07 1.742
309   -9.840181540506e-02 -9.862530670794e-02 4.66e-12 1.26e-12 6.43e-07 1.748
310   -9.840440593206e-02 -9.862241970456e-02 4.38e-12 1.18e-12 6.14e-07 1.752
311   -9.840445946354e-02 -9.862229210826e-02 4.36e-12 1.15e-12 6.22e-07 1.758
312   -9.840713811343e-02 -9.861932092685e-02 4.10e-12 1.08e-12 5.94e-07 1.762
313   -9.840725201107e-02 -9.861923097252e-02 4.07e-12 9.51e-13 6.01e-07 1.769
314   -9.840971374971e-02 -9.861649049826e-02 3.83e-12 8.89e-13 5.75e-07 1.773
315   -9.840976706189e-02 -9.861636898571e-02 3.81e-12 9.07e-13 5.82e-07 1.780
316   -9.841230974827e-02 -9.861355118397e-02 3.59e-12 8.53e-13 5.56e-07 1.784
317   -9.841241878163e-02 -9.861346355603e-02 3.57e-12 8.97e-13 5.63e-07 1.790
318   -9.841475813876e-02 -9.861086203687e-02 3.36e-12 8.40e-13 5.38e-07 1.794
319   -9.841481111765e-02 -9.861074625089e-02 3.34e-12 9.26e-13 5.44e-07 1.801
320   -9.841722476209e-02 -9.860807377237e-02 3.14e-12 8.71e-13 5.20e-07 1.805
321   -9.841732918406e-02 -9.860798844118e-02 3.12e-12 9.11e-13 5.26e-07 1.811
322   -9.841955219121e-02 -9.860551877045e-02 2.94e-12 8.52e-13 5.03e-07 1.815
323   -9.841960473557e-02 -9.860540837945e-02 2.92e-12 9.11e-13 5.09e-07 1.821
324   -9.842189591571e-02 -9.860287359327e-02 2.75e-12 8.55e-13 4.86e-07 1.825
325   -9.842199596370e-02 -9.860279052649e-02 2.73e-12 7.21e-13 4.92e-07 1.831
326   -9.842410833865e-02 -9.860044599070e-02 2.57e-12 6.76e-13 4.70e-07 1.835
327   -9.842416035919e-02 -9.860034068645e-02 2.55e-12 5.11e-13 4.76e-07 1.841
328   -9.842633520185e-02 -9.859793649981e-02 2.40e-12 4.80e-13 4.54e-07 1.845
329   -9.842643109716e-02 -9.859785566484e-02 2.39e-12 3.33e-13 4.60e-07 1.852
330   -9.842843823142e-02 -9.859562995322e-02 2.25e-12 3.12e-13 4.39e-07 1.855
331   -9.842848965016e-02 -9.859552944821e-02 2.23e-12 3.20e-13 4.45e-07 1.862
332   -9.843055400228e-02 -9.859324911418e-02 2.10e-12 2.98e-13 4.25e-07 1.866
333   -9.843064595216e-02 -9.859317047700e-02 2.09e-12 2.67e-13 4.30e-07 1.873
334   -9.843255296269e-02 -9.859105761940e-02 1.96e-12 2.57e-13 4.11e-07 1.877
335   -9.843260371089e-02 -9.859096164655e-02 1.95e-12 2.63e-13 4.16e-07 1.882
336   -9.843456304803e-02 -9.858879886011e-02 1.84e-12 2.49e-13 3.97e-07 1.886
337   -9.843465124660e-02 -9.858872238594e-02 1.83e-12 2.89e-13 4.02e-07 1.892
338   -9.843646295679e-02 -9.858671677039e-02 1.72e-12 2.76e-13 3.84e-07 1.896
339   -9.843651297499e-02 -9.858662508008e-02 1.71e-12 2.65e-13 3.88e-07 1.903
340   -9.843837252719e-02 -9.858457383685e-02 1.61e-12 2.48e-13 3.71e-07 1.907
341   -9.843845715864e-02 -9.858449948743e-02 1.60e-12 2.22e-13 3.75e-07 1.914
342   -9.844017819446e-02 -9.858259575051e-02 1.50e-12 2.05e-13 3.59e-07 1.918
343   -9.844022743282e-02 -9.858250810832e-02 1.49e-12 3.03e-13 3.63e-07 1.925
344   -9.844199212339e-02 -9.858056276833e-02 1.40e-12 2.86e-13 3.46e-07 1.929
345   -9.844207335918e-02 -9.858049050622e-02 1.40e-12 4.19e-13 3.51e-07 1.935
346   -9.844370808051e-02 -9.857868360553e-02 1.31e-12 3.89e-13 3.35e-07 1.939
347   -9.844375649521e-02 -9.857859979365e-02 1.30e-12 4.42e-13 3.39e-07 1.945
348   -9.844543102498e-02 -9.857675498587e-02 1.23e-12 4.16e-13 3.23e-07 1.949
349   -9.844550902894e-02 -9.857668477003e-02 1.22e-12 3.40e-13 3.27e-07 1.956
350   -9.844706157910e-02 -9.857496992691e-02 1.15e-12 3.19e-13 3.13e-07 1.960
351   -9.844710913291e-02 -9.857488974167e-02 1.14e-12 4.58e-13 3.16e-07 1.966
352   -9.844869792924e-02 -9.857314041785e-02 1.07e-12 4.29e-13 3.02e-07 1.970
353   -9.844877285255e-02 -9.857307220970e-02 1.06e-12 5.46e-13 3.06e-07 1.976
354   -9.845024720165e-02 -9.857144485867e-02 1.00e-12 5.11e-13 2.92e-07 1.980
355   -9.845029386456e-02 -9.857136810861e-02 9.96e-13 3.83e-13 2.95e-07 1.987
356   -9.845180116377e-02 -9.856970944986e-02 9.36e-13 3.61e-13 2.82e-07 1.991
357   -9.845187315031e-02 -9.856964320893e-02 9.30e-13 3.16e-13 2.85e-07 1.997
358   -9.845327304369e-02 -9.856809905226e-02 8.75e-13 2.98e-13 2.72e-07 2.001
359   -9.845331878973e-02 -9.856802555940e-02 8.70e-13 4.34e-13 2.76e-07 2.007
360   -9.845474857501e-02 -9.856645304273e-02 8.17e-13 4.06e-13 2.63e-07 2.011
361   -9.845481775981e-02 -9.856638872837e-02 8.12e-13 3.24e-13 2.66e-07 2.017
362   -9.845614677066e-02 -9.856492367649e-02 7.64e-13 3.04e-13 2.54e-07 2.021
363   -9.845619158128e-02 -9.856485327162e-02 7.59e-13 3.83e-13 2.57e-07 2.027
364   -9.845754769790e-02 -9.856336254194e-02 7.13e-13 3.56e-13 2.45e-07 2.031
365   -9.845761421120e-02 -9.856330010987e-02 7.09e-13 5.36e-13 2.48e-07 2.037
366   -9.845887577309e-02 -9.856191024360e-02 6.67e-13 4.99e-13 2.37e-07 2.041
367   -9.845891963236e-02 -9.856184276968e-02 6.63e-13 5.23e-13 2.40e-07 2.048
368   -9.846020570603e-02 -9.856042972694e-02 6.23e-13 4.87e-13 2.29e-07 2.052
369   -9.846026966759e-02 -9.856036913675e-02 6.19e-13 4.15e-13 2.32e-07 2.059
370   -9.846146701933e-02 -9.855905076565e-02 5.82e-13 3.85e-13 2.21e-07 2.063
371   -9.846150991680e-02 -9.855898607414e-02 5.78e-13 3.77e-13 2.24e-07 2.070
372   -9.846272941229e-02 -9.855764680817e-02 5.43e-13 3.49e-13 2.13e-07 2.074
373   -9.846279093688e-02 -9.855758801702e-02 5.40e-13 4.12e-13 2.16e-07 2.080
374   -9.846392718794e-02 -9.855633760677e-02 5.08e-13 3.81e-13 2.06e-07 2.084
375   -9.846396911559e-02 -9.855627555939e-02 5.04e-13 4.40e-13 2.09e-07 2.090
376   -9.846512530471e-02 -9.855500638340e-02 4.74e-13 4.10e-13 1.99e-07 2.094
377   -9.846518450079e-02 -9.855494934857e-02 4.71e-13 5.23e-13 2.01e-07 2.101
378   -9.846626259210e-02 -9.855376356245e-02 4.43e-13 4.86e-13 1.92e-07 2.105
379   -9.846630354486e-02 -9.855370402973e-02 4.40e-13 6.35e-13 1.94e-07 2.111
380   -9.846739955967e-02 -9.855250142079e-02 4.14e-13 5.98e-13 1.85e-07 2.115
381   -9.846745652860e-02 -9.855244610131e-02 4.11e-13 7.26e-13 1.88e-07 2.122
382   -9.846847927990e-02 -9.855132174659e-02 3.86e-13 6.78e-13 1.79e-07 2.125
383   -9.846851925803e-02 -9.855126460421e-02 3.84e-13 6.82e-13 1.81e-07 2.132
384   -9.846955807948e-02 -9.855012521493e-02 3.61e-13 6.41e-13 1.73e-07 2.136
385   -9.846961292070e-02 -9.855007156549e-02 3.58e-13 3.91e-13 1.75e-07 2.142
386   -9.847058304246e-02 -9.854900558020e-02 3.37e-13 3.73e-13 1.67e-07 2.146
387   -9.847062204657e-02 -9.854895071358e-02 3.35e-13 5.06e-13 1.69e-07 2.152
388   -9.847160652350e-02 -9.854787134977e-02 3.14e-13 4.79e-13 1.61e-07 2.156
389   -9.847165932599e-02 -9.854781933173e-02 3.12e-13 5.55e-13 1.63e-07 2.163
390   -9.847257934475e-02 -9.854680886403e-02 2.94e-13 5.18e-13 1.55e-07 2.167
391   -9.847261737876e-02 -9.854675616458e-02 2.92e-13 6.64e-13 1.57e-07 2.173
392   -9.847355019593e-02 -9.854573381984e-02 2.74e-13 6.29e-13 1.50e-07 2.177
393   -9.847360104737e-02 -9.854568339068e-02 2.72e-13 9.29e-13 1.52e-07 2.183
394   -9.847447343630e-02 -9.854472565635e-02 2.56e-13 8.72e-13 1.45e-07 2.187
395   -9.847451050828e-02 -9.854467501950e-02 2.54e-13 9.80e-13 1.46e-07 2.194
396   -9.847539426295e-02 -9.854370679039e-02 2.39e-13 9.26e-13 1.40e-07 2.198
397   -9.847544324697e-02 -9.854365790761e-02 2.37e-13 1.11e-12 1.41e-07 2.204
398   -9.847627033648e-02 -9.854275028636e-02 2.23e-13 1.04e-12 1.35e-07 2.208
399   -9.847630645281e-02 -9.854270161723e-02 2.21e-13 1.03e-12 1.36e-07 2.214
400   -9.847714359398e-02 -9.854178476895e-02 2.08e-13 9.75e-13 1.30e-07 2.218
401   -9.847719078858e-02 -9.854173739201e-02 2.07e-13 8.63e-13 1.31e-07 2.224
402   -9.847797478529e-02 -9.854087740604e-02 1.94e-13 8.07e-13 1.25e-07 2.228
403   -9.847800995540e-02 -9.854083061376e-02 1.93e-13 1.02e-12 1.27e-07 2.235
404   -9.847880281981e-02 -9.853996254032e-02 1.81e-13 9.49e-13 1.21e-07 2.239
405   -9.847884828592e-02 -9.853991664415e-02 1.80e-13 1.17e-12 1.22e-07 2.245
406   -9.847959135365e-02 -9.853910186904e-02 1.69e-13 1.10e-12 1.17e-07 2.249
407   -9.847962558936e-02 -9.853905686606e-02 1.68e-13 1.10e-12 1.18e-07 2.255
408   -9.848037641970e-02 -9.853823506970e-02 1.58e-13 1.03e-12 1.13e-07 2.259
409   -9.848042015582e-02 -9.853819069585e-02 1.57e-13 1.18e-12 1.14e-07 2.266
410   -9.848112424884e-02 -9.853741894136e-02 1.47e-13 1.10e-12 1.09e-07 2.269
411   -9.848115756075e-02 -9.853737564644e-02 1.46e-13 1.18e-12 1.10e-07 2.275
412   -9.848186845522e-02 -9.853659779248e-02 1.37e-13 1.10e-12 1.05e-07 2.279
413   -9.848191053763e-02 -9.853655489273e-02 1.36e-13 7.14e-13 1.06e-07 2.286
414   -9.848257765097e-02 -9.853582393036e-02 1.28e-13 6.77e-13 1.01e-07 2.290
415   -9.848261004856e-02 -9.853578226871e-02 1.27e-13 8.32e-13 1.02e-07 2.296
416   -9.848328303961e-02 -9.853504609830e-02 1.20e-13 7.82e-13 9.74e-08 2.300
417   -9.848332353954e-02 -9.853500462701e-02 1.19e-13 6.77e-13 9.85e-08 2.307
418   -9.848395547567e-02 -9.853431244318e-02 1.12e-13 6.31e-13 9.40e-08 2.310
419   -9.848398697567e-02 -9.853427234005e-02 1.11e-13 4.60e-13 9.50e-08 2.317
420   -9.848462400336e-02 -9.853357569980e-02 1.04e-13 4.36e-13 9.06e-08 2.321
421   -9.848466298966e-02 -9.853353561000e-02 1.03e-13 5.35e-13 9.15e-08 2.328
422   -9.848526152152e-02 -9.853288022826e-02 9.70e-14 4.94e-13 8.74e-08 2.332
423   -9.848529213462e-02 -9.853284162004e-02 9.64e-14 6.12e-13 8.83e-08 2.338
424   -9.848589500617e-02 -9.853218250475e-02 9.06e-14 5.75e-13 8.42e-08 2.342
425   -9.848593254093e-02 -9.853214375468e-02 8.99e-14 4.51e-13 8.51e-08 2.348
426   -9.848649934658e-02 -9.853152330579e-02 8.45e-14 4.27e-13 8.12e-08 2.352
427   -9.848652909425e-02 -9.853148612170e-02 8.38e-14 3.61e-13 8.21e-08 2.358
428   -9.848709959261e-02 -9.853086255657e-02 7.88e-14 3.40e-13 7.83e-08 2.362
429   -9.848713573700e-02 -9.853082510253e-02 7.82e-14 5.74e-13 7.91e-08 2.369
430   -9.848767239208e-02 -9.853023783310e-02 7.35e-14 5.49e-13 7.55e-08 2.373
431   -9.848770128965e-02 -9.853020201329e-02 7.29e-14 4.88e-13 7.63e-08 2.381
432   -9.848824106954e-02 -9.852961216612e-02 6.84e-14 4.49e-13 7.28e-08 2.384
433   -9.848827587882e-02 -9.852957596891e-02 6.79e-14 3.39e-13 7.35e-08 2.391
434   -9.848878392728e-02 -9.852902016338e-02 6.38e-14 3.15e-13 7.02e-08 2.395
435   -9.848881198969e-02 -9.852898565234e-02 6.34e-14 1.60e-13 7.09e-08 2.402
436   -9.848932259631e-02 -9.852842781306e-02 5.96e-14 1.46e-13 6.76e-08 2.406
437   -9.848935612378e-02 -9.852839283367e-02 5.91e-14 2.17e-13 6.83e-08 2.412
438   -9.848983698706e-02 -9.852786691330e-02 5.55e-14 2.11e-13 6.52e-08 2.416
439   -9.848986423039e-02 -9.852783365765e-02 5.51e-14 1.54e-13 6.58e-08 2.422
440   -9.849034718672e-02 -9.852730614316e-02 5.17e-14 1.53e-13 6.28e-08 2.426
441   -9.849037949102e-02 -9.852727233513e-02 5.13e-14 1.09e-13 6.34e-08 2.433
442   -9.849083460079e-02 -9.852677471302e-02 4.83e-14 9.92e-14 6.05e-08 2.437
443   -9.849086104555e-02 -9.852674265736e-02 4.80e-14 2.14e-13 6.11e-08 2.443
444   -9.849131779354e-02 -9.852624387525e-02 4.50e-14 1.99e-13 5.83e-08 2.447
445   -9.849134891866e-02 -9.852621120629e-02 4.46e-14 2.66e-14 5.89e-08 2.453
446   -9.849177956695e-02 -9.852574044988e-02 4.20e-14 2.02e-14 5.62e-08 2.457
447   -9.849180523139e-02 -9.852570954514e-02 4.15e-14 2.35e-13 5.67e-08 2.463
448   -9.849223715605e-02 -9.852523796696e-02 3.91e-14 2.01e-13 5.42e-08 2.466
449   -9.849226714947e-02 -9.852520639948e-02 3.87e-14 1.35e-13 5.47e-08 2.473
450   -9.849267457064e-02 -9.852476114161e-02 3.64e-14 1.27e-13 5.22e-08 2.477
451   -9.849269947364e-02 -9.852473133958e-02 4.72e-14 7.50e-14 5.27e-08 2.482
452   -9.849310785459e-02 -9.852428555393e-02 4.42e-14 6.37e-14 5.03e-08 2.486
453   -9.849313676092e-02 -9.852425505206e-02 4.34e-14 4.31e-13 5.07e-08 2.492
454   -9.849352214869e-02 -9.852383397222e-02 4.11e-14 4.13e-13 4.84e-08 2.496
455   -9.849354630687e-02 -9.852380522934e-02 4.09e-14 2.49e-13 4.89e-08 2.503
456   -9.849393238664e-02 -9.852338386686e-02 3.83e-14 2.34e-13 4.67e-08 2.507
457   -9.849396024987e-02 -9.852335439466e-02 3.75e-14 2.01e-13 4.71e-08 2.513
458   -9.849432476843e-02 -9.852295620634e-02 3.55e-14 1.73e-13 4.49e-08 2.517
459   -9.849434819687e-02 -9.852292848404e-02 3.57e-14 1.11e-13 4.54e-08 2.523
460   -9.849471309955e-02 -9.852253030578e-02 3.35e-14 1.06e-13 4.33e-08 2.527
461   -9.849473996181e-02 -9.852250182780e-02 3.34e-14 1.39e-13 4.37e-08 2.534
462   -9.849508471981e-02 -9.852212530682e-02 3.16e-14 1.44e-13 4.17e-08 2.538
463   -9.849510743681e-02 -9.852209856456e-02 3.15e-14 4.80e-13 4.21e-08 2.544
464   -9.849545229245e-02 -9.852172232668e-02 2.96e-14 4.44e-13 4.02e-08 2.548
465   -9.849547818763e-02 -9.852169481572e-02 2.88e-14 4.35e-13 4.05e-08 2.554
466   -9.849580415994e-02 -9.852133888494e-02 2.74e-14 3.97e-13 3.87e-08 2.558
467   -9.849582618674e-02 -9.852131308100e-02 2.73e-14 5.98e-13 3.90e-08 2.565
468   -9.849615207692e-02 -9.852095759388e-02 2.55e-14 5.56e-13 3.72e-08 2.569
469   -9.849617704688e-02 -9.852093101286e-02 2.54e-14 6.68e-13 3.76e-08 2.575
470   -9.849648522977e-02 -9.852059457378e-02 2.41e-14 6.19e-13 3.59e-08 2.579
471   -9.849650658057e-02 -9.852056967522e-02 2.41e-14 7.27e-13 3.62e-08 2.586
472   -9.849681449212e-02 -9.852023385348e-02 2.26e-14 6.80e-13 3.45e-08 2.590
473   -9.849683857065e-02 -9.852020817356e-02 2.19e-14 6.53e-13 3.48e-08 2.595
474   -9.849712991283e-02 -9.851989018042e-02 2.09e-14 6.02e-13 3.32e-08 2.599
475   -9.849715060792e-02 -9.851986614994e-02 2.11e-14 1.00e-12 3.35e-08 2.606
476   -9.849744148862e-02 -9.851954895180e-02 1.98e-14 9.37e-13 3.20e-08 2.610
477   -9.849746470759e-02 -9.851952414531e-02 1.92e-14 8.54e-13 3.23e-08 2.616
478   -9.849774005073e-02 -9.851922367032e-02 1.83e-14 8.04e-13 3.08e-08 2.620
479   -9.849776010556e-02 -9.851920047672e-02 1.85e-14 8.52e-13 3.11e-08 2.626
480   -9.849803486869e-02 -9.851890089899e-02 1.74e-14 7.99e-13 2.97e-08 2.630
481   -9.849805726331e-02 -9.851887693406e-02 1.68e-14 1.01e-12 2.99e-08 2.636
482   -9.849831746756e-02 -9.851859303044e-02 1.60e-14 9.66e-13 2.86e-08 2.640
483   -9.849833690003e-02 -9.851857064173e-02 3.04e-14 9.91e-13 2.88e-08 2.646
484   -9.849859640958e-02 -9.851828773577e-02 2.85e-14 9.07e-13 2.75e-08 2.650
485   -9.849861800606e-02 -9.851826458968e-02 2.78e-14 9.01e-13 2.77e-08 2.656
486   -9.849886386767e-02 -9.851799638099e-02 2.64e-14 8.27e-13 2.64e-08 2.660
487   -9.849888269608e-02 -9.851797476520e-02 4.01e-14 8.27e-13 2.67e-08 2.665
488   -9.849912775841e-02 -9.851770764587e-02 3.77e-14 7.64e-13 2.54e-08 2.669
489   -9.849914858809e-02 -9.851768528959e-02 3.69e-14 8.70e-13 2.57e-08 2.675
490   -9.849938085459e-02 -9.851743195359e-02 3.49e-14 8.21e-13 2.45e-08 2.679
491   -9.849939908881e-02 -9.851741108900e-02 3.47e-14 4.33e-13 2.47e-08 2.686
492   -9.849963049548e-02 -9.851715888787e-02 3.26e-14 3.96e-13 2.36e-08 2.690
493   -9.849965059241e-02 -9.851713728948e-02 3.67e-14 3.69e-13 2.37e-08 2.696
494   -9.849987000248e-02 -9.851689801434e-02 3.47e-14 3.61e-13 2.27e-08 2.700
495   -9.849988766425e-02 -9.851687786771e-02 3.48e-14 3.10e-13 2.29e-08 2.706
496   -9.850010611760e-02 -9.851663981450e-02 3.26e-14 2.57e-13 2.18e-08 2.710
497   -9.850012550071e-02 -9.851661895738e-02 3.72e-14 7.15e-13 2.20e-08 2.716
498   -9.850033273332e-02 -9.851639299694e-02 3.52e-14 6.52e-13 2.10e-08 2.720
499   -9.850034984035e-02 -9.851637354055e-02 4.01e-14 6.10e-13 2.11e-08 2.726
500   -9.850055606077e-02 -9.851614884568e-02 3.76e-14 5.69e-13 2.02e-08 2.730
501   -9.850057476021e-02 -9.851612870085e-02 4.15e-14 3.12e-13 2.03e-08 2.735
502   -9.850077046236e-02 -9.851591534452e-02 3.92e-14 2.82e-13 1.94e-08 2.739
503   -9.850078702731e-02 -9.851589655677e-02 5.55e-14 5.10e-13 1.96e-08 2.745
504   -9.850098167352e-02 -9.851568449828e-02 5.22e-14 4.89e-13 1.87e-08 2.749
505   -9.850099971053e-02 -9.851566504610e-02 5.58e-14 9.42e-13 1.88e-08 2.754
506   -9.850118446731e-02 -9.851546365117e-02 5.26e-14 9.03e-13 1.80e-08 2.758
507   -9.850120050191e-02 -9.851544551174e-02 6.82e-14 1.17e-12 1.81e-08 2.764
508   -9.850138415459e-02 -9.851524545313e-02 6.40e-14 1.10e-12 1.73e-08 2.767
509   -9.850140155927e-02 -9.851522666405e-02 6.74e-14 1.36e-12 1.74e-08 2.773
510   -9.850157596808e-02 -9.851503657530e-02 6.36e-14 1.27e-12 1.66e-08 2.777
511   -9.850159148628e-02 -9.851501906181e-02 6.77e-14 1.33e-12 1.67e-08 2.782
512   -9.850176479403e-02 -9.851483029327e-02 6.36e-14 1.27e-12 1.60e-08 2.786
513   -9.850178158307e-02 -9.851481215214e-02 6.68e-14 1.87e-12 1.61e-08 2.792
514   -9.850194617875e-02 -9.851463278243e-02 6.30e-14 1.78e-12 1.54e-08 2.796
515   -9.850196120220e-02 -9.851461586594e-02 6.68e-14 2.34e-12 1.55e-08 2.802
516   -9.850212468718e-02 -9.851443781563e-02 6.27e-14 2.20e-12 1.48e-08 2.806
517   -9.850214088757e-02 -9.851442029542e-02 6.63e-14 2.84e-12 1.49e-08 2.812
518   -9.850229625370e-02 -9.851425100559e-02 6.25e-14 2.69e-12 1.42e-08 2.816
519   -9.850231079499e-02 -9.851423466677e-02 6.64e-14 1.91e-12 1.43e-08 2.822
520   -9.850246497495e-02 -9.851406676791e-02 6.24e-14 1.78e-12 1.36e-08 2.826
521   -9.850248060387e-02 -9.851404985220e-02 6.54e-14 2.10e-12 1.37e-08 2.831
522   -9.850262716730e-02 -9.851389017374e-02 6.16e-14 1.97e-12 1.31e-08 2.835
523   -9.850264123608e-02 -9.851387439723e-02 6.53e-14 1.71e-12 1.32e-08 2.841
524   -9.850278663783e-02 -9.851371607351e-02 6.14e-14 1.62e-12 1.26e-08 2.844
525   -9.850280171446e-02 -9.851369974352e-02 6.47e-14 1.42e-12 1.27e-08 2.851
526   -9.850293994364e-02 -9.851354916305e-02 6.10e-14 1.33e-12 1.21e-08 2.855
527   -9.850295355490e-02 -9.851353392813e-02 6.46e-14 1.06e-12 1.22e-08 2.860
528   -9.850309065120e-02 -9.851338466245e-02 6.07e-14 1.00e-12 1.16e-08 2.864
529   -9.850310519966e-02 -9.851336889380e-02 6.38e-14 1.45e-12 1.17e-08 2.870
530   -9.850323559977e-02 -9.851322685845e-02 6.02e-14 1.36e-12 1.12e-08 2.874
531   -9.850324877071e-02 -9.851321214255e-02 7.23e-14 1.42e-12 1.12e-08 2.880
532   -9.850337795851e-02 -9.851307150046e-02 6.80e-14 1.33e-12 1.07e-08 2.884
533   -9.850339199026e-02 -9.851305628189e-02 5.54e-14 1.96e-12 1.08e-08 2.889
534   -9.850351494187e-02 -9.851292237459e-02 5.22e-14 1.87e-12 1.03e-08 2.893
535   -9.850352768772e-02 -9.851290815714e-02 6.39e-14 1.51e-12 1.04e-08 2.898
536   -9.850364947626e-02 -9.851277558249e-02 6.01e-14 1.45e-12 9.90e-09 2.902
537   -9.850366301676e-02 -9.851276088858e-02 6.31e-14 1.27e-12 9.96e-09 2.908
538   -9.850377891892e-02 -9.851263467248e-02 5.95e-14 1.17e-12 9.51e-09 2.913
539   -9.850379124808e-02 -9.851262094105e-02 7.06e-14 1.52e-12 9.57e-09 2.918
540   -9.850390600121e-02 -9.851249603577e-02 6.63e-14 1.40e-12 9.13e-09 2.922
541   -9.850391906091e-02 -9.851248185576e-02 5.46e-14 7.73e-13 9.18e-09 2.927
542   -9.850402828075e-02 -9.851236292898e-02 5.15e-14 7.27e-13 8.77e-09 2.931
543   -9.850404020591e-02 -9.851234966676e-02 6.23e-14 2.31e-13 8.82e-09 2.937
544   -9.850414829418e-02 -9.851223202598e-02 5.85e-14 2.37e-13 8.42e-09 2.940
545   -9.850416089274e-02 -9.851221833995e-02 4.73e-14 2.19e-13 8.47e-09 2.946
546   -9.850426379211e-02 -9.851210630669e-02 4.46e-14 1.88e-13 8.09e-09 2.950
547   -9.850427531794e-02 -9.851209350567e-02 4.75e-14 9.50e-13 8.13e-09 2.956
548   -9.850437709388e-02 -9.851198274406e-02 4.46e-14 8.98e-13 7.76e-09 2.960
549   -9.850438925090e-02 -9.851196953231e-02 4.71e-14 2.08e-13 7.80e-09 2.965
550   -9.850448618884e-02 -9.851186399994e-02 4.44e-14 1.88e-13 7.45e-09 2.969
551   -9.850449732876e-02 -9.851185164311e-02 4.74e-14 7.65e-13 7.49e-09 2.974
552   -9.850459312515e-02 -9.851174739720e-02 4.45e-14 7.35e-13 7.15e-09 2.978
553   -9.850460485652e-02 -9.851173464297e-02 4.71e-14 1.25e-13 7.18e-09 2.984
554   -9.850469616318e-02 -9.851163525059e-02 4.44e-14 1.61e-13 6.86e-09 2.988
555   -9.850470693670e-02 -9.851162331439e-02 4.73e-14 8.05e-13 6.90e-09 2.993
556   -9.850479710076e-02 -9.851152520516e-02 4.45e-14 7.83e-13 6.59e-09 2.997
557   -9.850480841884e-02 -9.851151289586e-02 4.67e-14 5.49e-13 6.61e-09 3.003
558   -9.850489438125e-02 -9.851141932953e-02 4.40e-14 5.19e-13 6.32e-09 3.007
559   -9.850490480410e-02 -9.851140779510e-02 5.31e-14 1.01e-13 6.35e-09 3.012
560   -9.850498970429e-02 -9.851131542058e-02 5.00e-14 1.01e-13 6.06e-09 3.016
561   -9.850500062818e-02 -9.851130353608e-02 5.20e-14 4.05e-13 6.09e-09 3.022
562   -9.850508154003e-02 -9.851121547481e-02 4.90e-14 3.77e-13 5.82e-09 3.026
563   -9.850509161471e-02 -9.851120433735e-02 5.77e-14 1.97e-13 5.84e-09 3.030
564   -9.850517144541e-02 -9.851111748484e-02 5.42e-14 1.97e-13 5.58e-09 3.034
565   -9.850518198447e-02 -9.851110601534e-02 4.50e-14 9.51e-13 5.60e-09 3.040
566   -9.850525814591e-02 -9.851102313142e-02 4.24e-14 8.53e-13 5.35e-09 3.044
567   -9.850526788630e-02 -9.851101237397e-02 4.50e-14 5.94e-13 5.37e-09 3.049
568   -9.850534297569e-02 -9.851093068557e-02 4.22e-14 5.74e-13 5.13e-09 3.053
569   -9.850535313126e-02 -9.851091963082e-02 4.42e-14 1.45e-12 5.15e-09 3.058
570   -9.850542472428e-02 -9.851084172481e-02 4.16e-14 1.35e-12 4.92e-09 3.062
571   -9.850543413349e-02 -9.851083134290e-02 4.96e-14 1.04e-13 4.94e-09 3.067
572   -9.850550473191e-02 -9.851075454532e-02 4.67e-14 1.02e-13 4.72e-09 3.071
573   -9.850551453356e-02 -9.851074387306e-02 3.81e-14 2.27e-13 4.73e-09 3.077
574   -9.850558191883e-02 -9.851067055181e-02 3.60e-14 2.21e-13 4.52e-09 3.081
575   -9.850559101649e-02 -9.851066052236e-02 3.84e-14 1.23e-13 4.54e-09 3.086
576   -9.850565739173e-02 -9.851058832356e-02 3.61e-14 1.23e-13 4.34e-09 3.090
577   -9.850566684604e-02 -9.851057802738e-02 2.80e-14 4.27e-14 4.35e-09 3.095
578   -9.850573017203e-02 -9.851050912834e-02 2.64e-14 4.60e-14 4.16e-09 3.099
579   -9.850573894718e-02 -9.851049946224e-02 3.39e-14 1.08e-12 4.17e-09 3.104
580   -9.850580127691e-02 -9.851043166811e-02 3.19e-14 1.03e-12 3.98e-09 3.108
581   -9.850581039649e-02 -9.851042173487e-02 2.41e-14 1.41e-12 3.99e-09 3.114
582   -9.850586991089e-02 -9.851035698773e-02 2.28e-14 1.35e-12 3.82e-09 3.118
583   -9.850587839761e-02 -9.851034764642e-02 2.52e-14 8.06e-13 3.83e-09 3.123
584   -9.850593699840e-02 -9.851028391223e-02 2.37e-14 7.91e-13 3.66e-09 3.127
585   -9.850594579167e-02 -9.851027433311e-02 2.58e-14 1.40e-12 3.67e-09 3.133
586   -9.850600167830e-02 -9.851021353705e-02 2.44e-14 1.33e-12 3.50e-09 3.137
587   -9.850600988089e-02 -9.851020451510e-02 3.12e-14 2.24e-12 3.51e-09 3.142
588   -9.850606491827e-02 -9.851014466013e-02 2.93e-14 2.11e-12 3.36e-09 3.146
589   -9.850607338771e-02 -9.851013543239e-02 2.23e-14 2.57e-12 3.36e-09 3.152
590   -9.850612591190e-02 -9.851007829821e-02 2.10e-14 2.44e-12 3.22e-09 3.155
591   -9.850613382927e-02 -9.851006959588e-02 2.76e-14 2.76e-12 3.22e-09 3.161
592   -9.850618546096e-02 -9.851001344791e-02 2.59e-14 2.61e-12 3.08e-09 3.165
593   -9.850619362840e-02 -9.851000454815e-02 1.92e-14 2.72e-12 3.09e-09 3.170
594   -9.850624295199e-02 -9.850995089919e-02 1.82e-14 2.55e-12 2.95e-09 3.174
595   -9.850625059678e-02 -9.850994250185e-02 2.45e-14 3.15e-12 2.96e-09 3.179
596   -9.850629909902e-02 -9.850988976009e-02 2.30e-14 2.88e-12 2.82e-09 3.183
597   -9.850630698244e-02 -9.850988116902e-02 1.66e-14 3.57e-12 2.83e-09 3.188
598   -9.850635328623e-02 -9.850983080808e-02 1.57e-14 3.36e-12 2.70e-09 3.192
599   -9.850636066630e-02 -9.850982270625e-02 2.17e-14 2.72e-12 2.71e-09 3.197
600   -9.850640615947e-02 -9.850977323935e-02 2.04e-14 2.56e-12 2.59e-09 3.201
601   -9.850641374128e-02 -9.850976497664e-02 2.20e-14 2.62e-12 2.59e-09 3.206
602   -9.850645717986e-02 -9.850971773489e-02 2.08e-14 2.52e-12 2.48e-09 3.210
603   -9.850646430246e-02 -9.850970992018e-02 2.28e-14 2.18e-12 2.48e-09 3.216
604   -9.850650702393e-02 -9.850966346956e-02 2.14e-14 2.05e-12 2.37e-09 3.220
605   -9.850651433412e-02 -9.850965550215e-02 1.55e-14 3.08e-13 2.38e-09 3.225
606   -9.850655511887e-02 -9.850961114937e-02 1.47e-14 2.80e-13 2.27e-09 3.229
607   -9.850656197920e-02 -9.850960362638e-02 2.02e-14 8.04e-13 2.27e-09 3.235
608   -9.850660196265e-02 -9.850956015491e-02 1.90e-14 7.74e-13 2.17e-09 3.238
609   -9.850660898422e-02 -9.850955250199e-02 2.05e-14 6.70e-13 2.18e-09 3.244
610   -9.850664715521e-02 -9.850951099406e-02 1.93e-14 6.08e-13 2.08e-09 3.248
611   -9.850665376913e-02 -9.850950374472e-02 2.11e-14 1.18e-12 2.08e-09 3.253
612   -9.850669126528e-02 -9.850946297967e-02 1.98e-14 1.09e-12 1.99e-09 3.257
613   -9.850669802471e-02 -9.850945561199e-02 1.44e-14 5.97e-13 1.99e-09 3.263
614   -9.850673388578e-02 -9.850941661827e-02 1.37e-14 5.87e-13 1.90e-09 3.267
615   -9.850674027721e-02 -9.850940961634e-02 1.87e-14 7.68e-13 1.90e-09 3.271
616   -9.850677539991e-02 -9.850937143356e-02 1.75e-14 6.84e-13 1.82e-09 3.275
617   -9.850678190211e-02 -9.850936434629e-02 1.89e-14 7.52e-13 1.82e-09 3.281
618   -9.850681550473e-02 -9.850932781043e-02 1.78e-14 6.18e-13 1.74e-09 3.285
619   -9.850682165085e-02 -9.850932108002e-02 1.94e-14 5.35e-13 1.74e-09 3.290
620   -9.850685459870e-02 -9.850928526325e-02 1.82e-14 5.31e-13 1.67e-09 3.294
621   -9.850686085610e-02 -9.850927844272e-02 1.95e-14 4.27e-13 1.67e-09 3.300
622   -9.850689232849e-02 -9.850924422490e-02 1.84e-14 3.68e-13 1.59e-09 3.304
623   -9.850689822932e-02 -9.850923776575e-02 2.29e-14 1.33e-12 1.59e-09 3.309
624   -9.850692913871e-02 -9.850920416641e-02 2.15e-14 1.34e-12 1.52e-09 3.313
625   -9.850693514577e-02 -9.850919761897e-02 2.27e-14 3.65e-12 1.52e-09 3.319
626   -9.850696457451e-02 -9.850916562461e-02 2.14e-14 3.39e-12 1.46e-09 3.323
627   -9.850697025579e-02 -9.850915940816e-02 2.56e-14 3.65e-12 1.46e-09 3.328
628   -9.850699912382e-02 -9.850912802926e-02 2.41e-14 3.45e-12 1.39e-09 3.332
629   -9.850700489884e-02 -9.850912173475e-02 2.53e-14 3.84e-12 1.39e-09 3.338
630   -9.850703248579e-02 -9.850909174441e-02 2.39e-14 3.52e-12 1.33e-09 3.342
631   -9.850703794797e-02 -9.850908576972e-02 2.51e-14 3.18e-12 1.33e-09 3.348
632   -9.850706499715e-02 -9.850905636917e-02 2.36e-14 3.04e-12 1.27e-09 3.352
633   -9.850707051932e-02 -9.850905035040e-02 2.48e-14 3.44e-12 1.27e-09 3.358
634   -9.850709633803e-02 -9.850902228368e-02 2.34e-14 3.19e-12 1.22e-09 3.362
635   -9.850710159055e-02 -9.850901654037e-02 2.71e-14 3.14e-12 1.21e-09 3.367
636   -9.850712694078e-02 -9.850898898763e-02 2.55e-14 2.98e-12 1.16e-09 3.371
637   -9.850713224950e-02 -9.850898320155e-02 2.11e-14 3.60e-12 1.16e-09 3.377
638   -9.850715647675e-02 -9.850895686619e-02 2.00e-14 3.36e-12 1.11e-09 3.381
639   -9.850716151943e-02 -9.850895135403e-02 2.12e-14 1.39e-12 1.11e-09 3.386
640   -9.850718520098e-02 -9.850892561594e-02 2.00e-14 1.31e-12 1.06e-09 3.390
641   -9.850719029983e-02 -9.850892005884e-02 2.09e-14 1.31e-13 1.06e-09 3.396
642   -9.850721301185e-02 -9.850889537176e-02 1.97e-14 1.34e-13 1.01e-09 3.400
643   -9.850721783614e-02 -9.850889009983e-02 2.08e-14 1.81e-12 1.01e-09 3.405
644   -9.850723992116e-02 -9.850886609780e-02 1.96e-14 1.79e-12 9.68e-10 3.409
645   -9.850724478586e-02 -9.850886079613e-02 2.04e-14 2.15e-12 9.66e-10 3.415
646   -9.850726593831e-02 -9.850883780522e-02 1.93e-14 2.02e-12 9.24e-10 3.418
647   -9.850727056987e-02 -9.850883274539e-02 2.03e-14 3.77e-12 9.22e-10 3.424
648   -9.850729135773e-02 -9.850881015412e-02 1.92e-14 3.53e-12 8.82e-10 3.428
649   -9.850729602726e-02 -9.850880506526e-02 1.55e-14 6.27e-12 8.80e-10 3.433
650   -9.850731589409e-02 -9.850878347270e-02 1.46e-14 5.87e-12 8.43e-10 3.437
651   -9.850732030072e-02 -9.850877865981e-02 1.78e-14 6.31e-12 8.40e-10 3.442
652   -9.850733967897e-02 -9.850875760104e-02 1.68e-14 5.93e-12 8.04e-10 3.446
653   -9.850734413188e-02 -9.850875274870e-02 1.76e-14 7.92e-12 8.02e-10 3.451
654   -9.850736264915e-02 -9.850873262366e-02 1.66e-14 7.30e-12 7.68e-10 3.455
655   -9.850736687900e-02 -9.850872800497e-02 1.95e-14 5.11e-12 7.66e-10 3.460
656   -9.850738500719e-02 -9.850870830545e-02 1.84e-14 4.77e-12 7.33e-10 3.464
657   -9.850738925868e-02 -9.850870367271e-02 1.50e-14 6.56e-12 7.31e-10 3.469
658   -9.850740666984e-02 -9.850868475063e-02 1.42e-14 6.24e-12 6.99e-10 3.472
659   -9.850741071626e-02 -9.850868033331e-02 1.70e-14 5.03e-12 6.97e-10 3.477
660   -9.850742768910e-02 -9.850866188990e-02 1.60e-14 4.70e-12 6.67e-10 3.481
661   -9.850743172936e-02 -9.850865748750e-02 1.28e-14 7.94e-12 6.65e-10 3.487
662   -9.850744793965e-02 -9.850863987111e-02 1.21e-14 7.46e-12 6.37e-10 3.491
663   -9.850745177060e-02 -9.850863568979e-02 1.30e-14 4.23e-12 6.35e-10 3.496
664   -9.850746760441e-02 -9.850861848460e-02 1.23e-14 4.01e-12 6.07e-10 3.500
665   -9.850747145214e-02 -9.850861429227e-02 9.30e-15 5.22e-12 6.05e-10 3.505
666   -9.850748661195e-02 -9.850859781809e-02 8.80e-15 4.90e-12 5.79e-10 3.509
667   -9.850749029672e-02 -9.850859379727e-02 9.77e-15 1.11e-12 5.77e-10 3.514
668   -9.850750515925e-02 -9.850857764805e-02 9.19e-15 9.56e-13 5.53e-10 3.518
669   -9.850750883894e-02 -9.850857363910e-02 9.94e-15 1.20e-12 5.50e-10 3.524
670   -9.850752301288e-02 -9.850855823683e-02 9.38e-15 1.07e-12 5.27e-10 3.527
671   -9.850752649762e-02 -9.850855443494e-02 1.19e-14 2.99e-13 5.25e-10 3.532
672   -9.850754026142e-02 -9.850853947993e-02 1.12e-14 3.31e-13 5.03e-10 3.536
673   -9.850754373552e-02 -9.850853569522e-02 1.19e-14 7.06e-13 5.00e-10 3.542
674   -9.850755700955e-02 -9.850852127132e-02 1.13e-14 5.73e-13 4.79e-10 3.546
675   -9.850756035338e-02 -9.850851762390e-02 1.36e-14 1.34e-12 4.77e-10 3.551
676   -9.850757325242e-02 -9.850850360898e-02 1.28e-14 1.10e-12 4.57e-10 3.555
677   -9.850757654405e-02 -9.850850002312e-02 1.34e-14 1.26e-12 4.55e-10 3.560
678   -9.850758887912e-02 -9.850848661995e-02 1.26e-14 1.14e-12 4.35e-10 3.564
679   -9.850759204933e-02 -9.850848316250e-02 1.48e-14 1.81e-12 4.33e-10 3.570
680   -9.850760412212e-02 -9.850847004566e-02 1.39e-14 1.85e-12 4.15e-10 3.574
681   -9.850760726886e-02 -9.850846661789e-02 1.45e-14 4.29e-12 4.13e-10 3.579
682   -9.850761872836e-02 -9.850845416654e-02 1.37e-14 3.96e-12 3.95e-10 3.583
683   -9.850762173000e-02 -9.850845089341e-02 1.57e-14 6.96e-12 3.94e-10 3.588
684   -9.850763302814e-02 -9.850843861858e-02 1.48e-14 6.58e-12 3.77e-10 3.592
685   -9.850763599576e-02 -9.850843538600e-02 1.23e-14 9.23e-12 3.75e-10 3.597
686   -9.850764676200e-02 -9.850842368826e-02 1.16e-14 8.72e-12 3.59e-10 3.601
687   -9.850764957643e-02 -9.850842061965e-02 1.36e-14 8.96e-12 3.57e-10 3.606
688   -9.850766001435e-02 -9.850840927957e-02 1.28e-14 8.48e-12 3.42e-10 3.610
689   -9.850766280730e-02 -9.850840623752e-02 1.05e-14 8.87e-12 3.40e-10 3.615
690   -9.850767291394e-02 -9.850839525673e-02 9.91e-15 8.46e-12 3.26e-10 3.619
691   -9.850767558459e-02 -9.850839234537e-02 1.18e-14 8.97e-12 3.24e-10 3.624
692   -9.850768541026e-02 -9.850838167071e-02 1.11e-14 8.49e-12 3.10e-10 3.628
693   -9.850768807935e-02 -9.850837876375e-02 1.15e-14 6.18e-12 3.09e-10 3.633
694   -9.850769754836e-02 -9.850836847603e-02 1.09e-14 5.72e-12 2.95e-10 3.637
695   -9.850770004057e-02 -9.850836575947e-02 1.15e-14 3.27e-12 2.94e-10 3.642
696   -9.850770918880e-02 -9.850835582092e-02 1.08e-14 3.06e-12 2.81e-10 3.646
697   -9.850771168784e-02 -9.850835309931e-02 8.69e-15 1.24e-12 2.80e-10 3.651
698   -9.850772039833e-02 -9.850834363583e-02 8.22e-15 1.11e-12 2.68e-10 3.655
699   -9.850772277002e-02 -9.850834105093e-02 8.80e-15 1.90e-12 2.66e-10 3.660
700   -9.850773127566e-02 -9.850833181075e-02 8.30e-15 1.96e-12 2.55e-10 3.664
701   -9.850773363593e-02 -9.850832924047e-02 8.72e-15 1.86e-12 2.53e-10 3.669
702   -9.850774188479e-02 -9.850832027883e-02 8.22e-15 1.89e-12 2.43e-10 3.673
703   -9.850774410772e-02 -9.850831785638e-02 9.88e-15 4.01e-12 2.41e-10 3.678
704   -9.850775200528e-02 -9.850830927692e-02 9.30e-15 3.66e-12 2.31e-10 3.682
705   -9.850775420556e-02 -9.850830688093e-02 7.38e-15 4.87e-12 2.30e-10 3.687
706   -9.850776167831e-02 -9.850829876251e-02 6.97e-15 4.58e-12 2.20e-10 3.691
707   -9.850776376874e-02 -9.850829648463e-02 8.55e-15 5.69e-13 2.19e-10 3.696
708   -9.850777111927e-02 -9.850828849966e-02 8.05e-15 6.67e-13 2.09e-10 3.700
709   -9.850777321136e-02 -9.850828622158e-02 8.47e-15 3.98e-12 2.08e-10 3.706
710   -9.850778025332e-02 -9.850827857147e-02 7.99e-15 3.68e-12 1.99e-10 3.710
711   -9.850778226876e-02 -9.850827637542e-02 8.44e-15 7.44e-13 1.98e-10 3.716
712   -9.850778934307e-02 -9.850826869080e-02 7.94e-15 8.14e-13 1.89e-10 3.720
713   -9.850779130556e-02 -9.850826655388e-02 6.25e-15 2.26e-12 1.88e-10 3.724
714   -9.850779795214e-02 -9.850825933342e-02 5.88e-15 2.26e-12 1.80e-10 3.728
715   -9.850779982062e-02 -9.850825729776e-02 6.38e-15 1.55e-12 1.79e-10 3.734
716   -9.850780626650e-02 -9.850825029575e-02 6.00e-15 1.63e-12 1.71e-10 3.738
717   -9.850780809341e-02 -9.850824830669e-02 6.36e-15 7.45e-12 1.70e-10 3.744
718   -9.850781421695e-02 -9.850824165451e-02 6.00e-15 7.03e-12 1.63e-10 3.748
719   -9.850781596103e-02 -9.850823975459e-02 7.38e-15 1.27e-11 1.62e-10 3.753
720   -9.850782196041e-02 -9.850823323772e-02 6.94e-15 1.20e-11 1.55e-10 3.757
721   -9.850782366303e-02 -9.850823138396e-02 7.27e-15 1.53e-11 1.54e-10 3.763
722   -9.850782937583e-02 -9.850822517809e-02 6.88e-15 1.44e-11 1.47e-10 3.767
723   -9.850783100902e-02 -9.850822339917e-02 8.16e-15 1.05e-11 1.46e-10 3.772
724   -9.850783651579e-02 -9.850821741745e-02 7.66e-15 9.86e-12 1.40e-10 3.775
725   -9.850783811987e-02 -9.850821567114e-02 7.94e-15 2.03e-11 1.39e-10 3.781
726   -9.850784354767e-02 -9.850820977502e-02 7.49e-15 1.91e-11 1.33e-10 3.785
727   -9.850784512938e-02 -9.850820805235e-02 7.83e-15 2.11e-11 1.32e-10 3.790
728   -9.850785036498e-02 -9.850820236532e-02 7.38e-15 1.97e-11 1.26e-10 3.794
729   -9.850785187947e-02 -9.850820071657e-02 7.61e-15 1.81e-11 1.25e-10 3.800
730   -9.850785681535e-02 -9.850819535485e-02 7.16e-15 1.71e-11 1.20e-10 3.804
731   -9.850785824236e-02 -9.850819380076e-02 7.49e-15 2.18e-11 1.19e-10 3.809
732   -9.850786304508e-02 -9.850818858396e-02 7.05e-15 2.04e-11 1.14e-10 3.813
733   -9.850786446167e-02 -9.850818704181e-02 5.72e-15 2.01e-11 1.13e-10 3.818
734   -9.850786897947e-02 -9.850818213435e-02 5.38e-15 1.92e-11 1.08e-10 3.822
735   -9.850787034471e-02 -9.850818064756e-02 5.69e-15 3.11e-11 1.08e-10 3.828
736   -9.850787490976e-02 -9.850817568909e-02 5.36e-15 2.91e-11 1.03e-10 3.832
737   -9.850787625098e-02 -9.850817422904e-02 4.11e-15 2.51e-11 1.02e-10 3.837
738   -9.850788063850e-02 -9.850816946323e-02 3.89e-15 2.37e-11 9.76e-11 3.841
739   -9.850788194935e-02 -9.850816803587e-02 4.94e-15 2.10e-11 9.68e-11 3.845
740   -9.850788627402e-02 -9.850816333854e-02 4.66e-15 1.95e-11 9.25e-11 3.849
741   -9.850788757125e-02 -9.850816192650e-02 4.88e-15 1.50e-11 9.17e-11 3.855
742   -9.850789150781e-02 -9.850815765058e-02 4.61e-15 1.42e-11 8.78e-11 3.859
743   -9.850789266694e-02 -9.850815638840e-02 5.61e-15 1.49e-11 8.71e-11 3.863
744   -9.850789659452e-02 -9.850815212239e-02 5.27e-15 1.40e-11 8.33e-11 3.867
745   -9.850789776561e-02 -9.850815084773e-02 5.50e-15 1.44e-11 8.26e-11 3.873
746   -9.850790145898e-02 -9.850814683597e-02 5.16e-15 1.35e-11 7.90e-11 3.877
747   -9.850790257004e-02 -9.850814562694e-02 3.29e-14 2.26e-11 7.83e-11 3.881
748   -9.850790625994e-02 -9.850814161912e-02 3.09e-14 2.16e-11 7.48e-11 3.885
749   -9.850790741347e-02 -9.850814036361e-02 2.92e-14 2.24e-11 7.42e-11 3.890
750   -9.850791093597e-02 -9.850813653754e-02 2.75e-14 2.08e-11 7.09e-11 3.894
751   -9.850791198506e-02 -9.850813539536e-02 2.71e-14 2.08e-11 7.03e-11 3.899
752   -9.850791531241e-02 -9.850813178138e-02 2.55e-14 1.96e-11 6.72e-11 3.903
753   -9.850791634323e-02 -9.850813065970e-02 3.63e-14 2.75e-11 6.67e-11 3.908
754   -9.850791932026e-02 -9.850812742609e-02 3.43e-14 2.65e-11 6.39e-11 3.912
755   -9.850792027945e-02 -9.850812638205e-02 4.64e-14 1.83e-11 6.33e-11 3.916
756   -9.850792354753e-02 -9.850812283254e-02 4.35e-14 1.69e-11 6.04e-11 3.920
757   -9.850792452109e-02 -9.850812177323e-02 5.44e-14 2.70e-11 5.99e-11 3.925
758   -9.850792749049e-02 -9.850811854794e-02 5.12e-14 2.51e-11 5.73e-11 3.929
759   -9.850792840952e-02 -9.850811754769e-02 6.28e-14 1.80e-11 5.67e-11 3.934
760   -9.850793127232e-02 -9.850811443830e-02 5.91e-14 1.71e-11 5.42e-11 3.938
761   -9.850793218419e-02 -9.850811344616e-02 6.87e-14 2.06e-11 5.37e-11 3.942
762   -9.850793495758e-02 -9.850811043379e-02 6.46e-14 1.96e-11 5.13e-11 3.946
763   -9.850793581192e-02 -9.850810950408e-02 7.52e-14 2.46e-11 5.09e-11 3.951
764   -9.850793844806e-02 -9.850810664087e-02 7.08e-14 2.28e-11 4.86e-11 3.955
765   -9.850793930552e-02 -9.850810570796e-02 7.82e-14 2.06e-11 4.81e-11 3.959
766   -9.850794174309e-02 -9.850810306036e-02 7.37e-14 1.96e-11 4.61e-11 3.963
767   -9.850794245006e-02 -9.850810229097e-02 8.25e-14 3.21e-11 4.57e-11 3.968
768   -9.850794494447e-02 -9.850809958166e-02 7.76e-14 3.06e-11 4.36e-11 3.972
769   -9.850794576007e-02 -9.850809869439e-02 8.49e-14 3.06e-11 4.32e-11 3.976
770   -9.850794798176e-02 -9.850809628124e-02 8.00e-14 2.86e-11 4.14e-11 3.980
771   -9.850794866807e-02 -9.850809553440e-02 8.83e-14 2.51e-11 4.10e-11 3.985
772   -9.850795072468e-02 -9.850809330061e-02 8.35e-14 2.39e-11 3.94e-11 3.989
773   -9.850795143001e-02 -9.850809253330e-02 9.03e-14 1.20e-11 3.90e-11 3.994
774   -9.850795367032e-02 -9.850809009997e-02 8.48e-14 1.12e-11 3.72e-11 3.998
775   -9.850795438689e-02 -9.850808932024e-02 9.30e-14 6.57e-12 3.68e-11 4.002
776   -9.850795642591e-02 -9.850808710564e-02 8.76e-14 6.33e-12 3.52e-11 4.006
777   -9.850795710217e-02 -9.850808636997e-02 9.39e-14 5.23e-12 3.49e-11 4.011
778   -9.850795902430e-02 -9.850808428224e-02 8.85e-14 5.04e-12 3.34e-11 4.015
779   -9.850795964151e-02 -9.850808361116e-02 1.15e-13 1.80e-11 3.31e-11 4.020
780   -9.850796154830e-02 -9.850808154011e-02 1.08e-13 1.72e-11 3.16e-11 4.023
781   -9.850796222711e-02 -9.850808080166e-02 1.12e-13 1.26e-11 3.13e-11 4.028
782   -9.850796413468e-02 -9.850807872976e-02 1.05e-13 1.11e-11 2.98e-11 4.032
783   -9.850796470725e-02 -9.850807810677e-02 1.11e-13 9.70e-12 2.96e-11 4.037
784   -9.850796651455e-02 -9.850807614404e-02 1.15e-13 4.76e-08 2.82e-11 4.041
785   -9.850796715938e-02 -9.850807544254e-02 1.19e-13 4.62e-08 2.79e-11 4.045
786   -9.850796895440e-02 -9.850807349287e-02 1.11e-13 4.33e-08 2.66e-11 4.049
787   -9.850796951969e-02 -9.850807287783e-02 1.17e-13 4.21e-08 2.63e-11 4.053
788   -9.850797121665e-02 -9.850807103470e-02 1.09e-13 3.95e-08 2.51e-11 4.057
789   -9.850797180393e-02 -9.850807039577e-02 1.13e-13 3.84e-08 2.48e-11 4.062
790   -9.850797343745e-02 -9.850806862153e-02 1.06e-13 3.60e-08 2.36e-11 4.066
791   -9.850797396640e-02 -9.850806804605e-02 1.11e-13 3.50e-08 2.34e-11 4.070
792   -9.850797556873e-02 -9.850806630571e-02 1.04e-13 3.28e-08 2.22e-11 4.074
793   -9.850797608252e-02 -9.850806574684e-02 1.08e-13 3.18e-08 2.20e-11 4.079
794   -9.850797750352e-02 -9.850806420335e-02 1.01e-13 2.99e-08 2.10e-11 4.083
795   -9.850797802365e-02 -9.850806363752e-02 1.06e-13 2.90e-08 2.07e-11 4.088
796   -9.850797940989e-02 -9.850806213188e-02 9.95e-14 2.73e-08 1.98e-11 4.092
797   -9.850797991919e-02 -9.850806157790e-02 1.02e-13 2.65e-08 1.95e-11 4.096
798   -9.850798132722e-02 -9.850806004858e-02 9.59e-14 2.48e-08 1.86e-11 4.100
799   -9.850798178422e-02 -9.850805955149e-02 1.01e-13 2.41e-08 1.84e-11 4.105
800   -9.850798312216e-02 -9.850805809829e-02 9.43e-14 2.26e-08 1.75e-11 4.109
801   -9.850798358753e-02 -9.850805759219e-02 9.74e-14 2.19e-08 1.73e-11 4.113
802   -9.850798465916e-02 -9.850805642819e-02 9.20e-14 2.07e-08 1.66e-11 4.117
803   -9.850798511437e-02 -9.850805593302e-02 9.55e-14 2.01e-08 1.63e-11 4.121
804   -9.850798638386e-02 -9.850805455426e-02 8.94e-14 1.88e-08 1.56e-11 4.125
805   -9.850798687428e-02 -9.850805402092e-02 9.15e-14 1.82e-08 1.53e-11 4.130
806   -9.850798804662e-02 -9.850805274762e-02 8.57e-14 1.70e-08 1.46e-11 4.134
807   -9.850798849507e-02 -9.850805226011e-02 1.01e-13 1.65e-08 1.44e-11 4.138
808   -9.850798960346e-02 -9.850805105631e-02 9.44e-14 1.55e-08 1.37e-11 4.141
809   -9.850798997003e-02 -9.850805065763e-02 9.57e-14 1.50e-08 1.35e-11 4.146
810   -9.850799099399e-02 -9.850804954545e-02 8.99e-14 1.41e-08 1.29e-11 4.150
811   -9.850799137259e-02 -9.850804913392e-02 1.04e-13 1.37e-08 1.27e-11 4.154
812   -9.850799241584e-02 -9.850804800082e-02 9.76e-14 1.29e-08 1.21e-11 4.158
813   -9.850799275067e-02 -9.850804763662e-02 9.93e-14 1.24e-08 1.20e-11 4.162
814   -9.850799366188e-02 -9.850804664684e-02 9.33e-14 1.17e-08 1.14e-11 4.166
815   -9.850799388159e-02 -9.850804640793e-02 9.78e-14 1.15e-08 1.13e-11 4.171
816   -9.850799460921e-02 -9.850804561746e-02 9.26e-14 1.09e-08 1.09e-11 4.175
817   -9.850799498501e-02 -9.850804520886e-02 9.49e-14 1.04e-08 1.08e-11 4.179
818   -9.850799586757e-02 -9.850804425021e-02 8.89e-14 9.77e-09 1.02e-11 4.183
819   -9.850799612313e-02 -9.850804397236e-02 9.32e-14 9.63e-09 1.01e-11 4.187
820   -9.850799674731e-02 -9.850804329434e-02 8.86e-14 9.15e-09 9.77e-12 4.191
821   -9.850799709129e-02 -9.850804292029e-02 8.97e-14 8.76e-09 9.61e-12 4.196
822   -9.850799796989e-02 -9.850804196602e-02 8.37e-14 8.17e-09 9.12e-12 4.200
823   -9.850799823243e-02 -9.850804168086e-02 9.92e-14 8.47e-09 9.03e-12 4.204
824   -9.850799890939e-02 -9.850804094554e-02 9.35e-14 7.98e-09 8.64e-12 4.208
825   -9.850799915453e-02 -9.850804067903e-02 9.55e-14 7.64e-09 8.55e-12 4.213
826   -9.850799980175e-02 -9.850803997596e-02 9.00e-14 7.21e-09 8.18e-12 4.217
827   -9.850800007513e-02 -9.850803967874e-02 9.23e-14 7.16e-09 8.13e-12 4.222
828   -9.850800067719e-02 -9.850803902479e-02 8.72e-14 6.76e-09 7.79e-12 4.226
829   -9.850800102758e-02 -9.850803864339e-02 7.23e-14 6.81e-09 7.64e-12 4.230
830   -9.850800164594e-02 -9.850803797181e-02 6.82e-14 6.41e-09 7.31e-12 4.233
831   -9.850800193029e-02 -9.850803766272e-02 7.65e-14 6.42e-09 7.17e-12 4.237
832   -9.850800245996e-02 -9.850803708749e-02 7.25e-14 6.08e-09 6.89e-12 4.241
833   -9.850800257596e-02 -9.850803696090e-02 5.66e-14 6.46e-09 6.84e-12 4.246
834   -9.850800303733e-02 -9.850803645977e-02 5.38e-14 6.14e-09 6.59e-12 4.250
835   -9.850800326211e-02 -9.850803621552e-02 6.42e-14 6.27e-09 6.46e-12 4.254
836   -9.850800393264e-02 -9.850803548727e-02 5.98e-14 5.84e-09 6.12e-12 4.258
837   -9.850800417599e-02 -9.850803522230e-02 4.69e-14 5.97e-09 6.03e-12 4.261
838   -9.850800473529e-02 -9.850803461487e-02 4.39e-14 5.60e-09 5.75e-12 4.265
839   -9.850800484577e-02 -9.850803449503e-02 5.76e-14 6.13e-09 5.67e-12 4.270
840   -9.850800516201e-02 -9.850803415150e-02 5.52e-14 5.88e-09 5.50e-12 4.274
841   -9.850800541271e-02 -9.850803387893e-02 5.54e-14 5.61e-09 5.41e-12 4.278
842   -9.850800603790e-02 -9.850803319993e-02 5.13e-14 5.20e-09 5.10e-12 4.282
843   -9.850800618802e-02 -9.850803303697e-02 6.31e-14 5.58e-09 5.07e-12 4.286
844   -9.850800674685e-02 -9.850803242992e-02 5.85e-14 5.18e-09 4.79e-12 4.290
845   -9.850800708218e-02 -9.850803206501e-02 4.59e-14 5.18e-09 4.67e-12 4.294
846   -9.850800768748e-02 -9.850803140760e-02 4.22e-14 4.77e-09 4.38e-12 4.298
847   -9.850800783453e-02 -9.850803124776e-02 4.47e-14 4.75e-09 4.34e-12 4.303
848   -9.850800816271e-02 -9.850803089130e-02 4.24e-14 4.50e-09 4.17e-12 4.307
Numerical error in objective
Restoring previous solution


Suboptimal solution found in 849 iterations and 4.31 seconds
Objective -9.85056668e-02
Primal infeasibility (abs/rel): 5.61e-14/2.80e-14
Dual infeasibility   (abs/rel): 4.71e-14/4.27e-14
Complementarity gap  (abs/rel): 4.78e-09/4.35e-09


Barrier finished in 4.31 seconds
Dual variables for problems with quadratic constraints not returned.
