cuOpt version: 26.10.0, git hash: 648f805d, host arch: x86_64, device archs: 80-real
CPU: AMD EPYC 7642 48-Core Processor, threads: 5C/5T, RAM usage: 37.38/503.74GiB
CPU SIMD target: AVX2
CUDA 12.9, device: NVIDIA A100 80GB PCIe (ID 0), VRAM: 79.44 GiB
CUDA device UUID: 68df5cf5-71f9-6a93-b428-460c080ffb10
Problem has 1 quadratic constraints. Converting to second-order cones and solving with barrier.
Handling 50 free variables directly in augmented system
Presolved problem: 5103 constraints 10102 variables 265152 nonzeros
Skipping Ruiz equilibration (row norm ratio 1.4, column norm ratio 1.4 < 5e4, Q coeff ratio 1.0 < 100)
Barrier solver started at 0.026 seconds
Barrier solver: 5103 constraints, 10102 variables, 265152 nonzeros


Second-order cones          : 1
Free variables              : 50
Upper bounds                : 5000
Linear system               : augmented
cuDSS Version               : 0.7.1
cuDSS Threading layer       : libcudss_mtlayer_gomp.so.0
Reordering time             : 0.054s
Symbolic factorization time : 0.024s
Symbolic nonzeros in factor : 2.79e+05
Elapsed time for augmented  : 0.111 seconds
Elapsed time           : 0.111 seconds
Barrier setup complete at 0.111 seconds
Adaptive regularization enabled


                  Objective                         Infeasibility        Time
Iter   Primal              Dual                Primal   Dual    Compl.   Elapsed
  0   -3.702509737108e+02 -3.710937010099e+02 3.71e+03 1.91e+00 1.19e-02 0.111
  1   -4.751265496801e-01 -3.472793760466e+02 3.37e+00 2.99e-01 2.04e-01 0.115
  2   -6.514534489183e-02 -4.835694735709e+00 3.31e-02 3.32e-03 2.61e-03 0.119
  3   -6.240694917577e-02 -2.183161811480e-01 1.05e-03 1.06e-04 6.09e-05 0.123
  4   -6.280918688759e-02 -2.186956737624e-01 1.05e-03 1.05e-04 4.86e-05 0.127
  5   -6.276445301618e-02 -2.186501048905e-01 1.05e-03 1.05e-04 5.15e-05 0.131
  6   -6.378250869412e-02 -2.189188949489e-01 1.02e-03 1.02e-04 6.11e-05 0.135
  7   -6.378321767635e-02 -2.189141493928e-01 1.02e-03 1.02e-04 6.11e-05 0.141
  8   -6.426814798074e-02 -2.191084894057e-01 9.66e-04 9.70e-05 1.62e-04 0.145
  9   -7.501155318679e-02 -1.922037504580e-01 5.93e-04 5.95e-05 1.70e-04 0.149
 10   -7.475228112090e-02 -1.914417101159e-01 5.74e-04 5.76e-05 1.96e-04 0.155
 11   -7.785731529983e-02 -1.636825708093e-01 1.33e-04 1.33e-05 2.29e-04 0.160
 12   -7.774727810679e-02 -1.633721863622e-01 1.29e-04 1.30e-05 2.25e-04 0.164
 13   -8.175292302912e-02 -1.478399182616e-01 8.48e-05 8.51e-06 2.01e-04 0.168
 14   -8.180968155323e-02 -1.478941680622e-01 8.47e-05 8.50e-06 2.01e-04 0.174
 15   -8.169766172292e-02 -1.436043953404e-01 5.14e-05 5.16e-06 1.75e-04 0.178
 16   -8.551958342262e-02 -1.327788640847e-01 3.79e-05 3.81e-06 1.53e-04 0.182
 17   -8.524473134071e-02 -1.325016031792e-01 3.78e-05 3.79e-06 1.72e-04 0.188
 18   -8.539020670755e-02 -1.326217811693e-01 3.75e-05 3.76e-06 1.91e-04 0.194
 19   -8.615860172461e-02 -1.257105228932e-01 1.35e-05 1.36e-06 1.18e-04 0.199
 20   -8.610730901345e-02 -1.255711473866e-01 1.33e-05 1.33e-06 1.33e-04 0.205
 21   -8.703466577417e-02 -1.232002555957e-01 1.08e-05 1.09e-06 1.11e-04 0.209
 22   -8.706692470320e-02 -1.232310185444e-01 1.08e-05 1.08e-06 1.14e-04 0.214
 23   -8.709121842569e-02 -1.223352484976e-01 8.98e-06 9.01e-07 1.32e-04 0.219
 24   -8.707005382243e-02 -1.222879388150e-01 8.93e-06 8.96e-07 1.36e-04 0.224
 25   -8.707731708074e-02 -1.217753540910e-01 8.02e-06 8.05e-07 1.55e-04 0.229
 26   -8.709531170777e-02 -1.217579097529e-01 7.97e-06 8.00e-07 1.58e-04 0.235
 27   -8.724116011935e-02 -1.209731149038e-01 6.88e-06 6.90e-07 1.67e-04 0.239
 28   -8.723747935089e-02 -1.209353887726e-01 6.83e-06 6.86e-07 1.71e-04 0.245
 29   -8.740282040507e-02 -1.201848578371e-01 5.94e-06 5.97e-07 1.78e-04 0.249
 30   -8.741317257530e-02 -1.201559112562e-01 5.91e-06 5.93e-07 1.82e-04 0.255
 31   -8.763230617975e-02 -1.193544588238e-01 5.10e-06 5.12e-07 1.84e-04 0.259
 32   -8.763832061427e-02 -1.193235472394e-01 5.07e-06 5.09e-07 1.88e-04 0.266
 33   -8.788872199318e-02 -1.185072702645e-01 4.37e-06 4.39e-07 1.88e-04 0.270
 34   -8.789144717752e-02 -1.184748355338e-01 4.34e-06 4.36e-07 1.92e-04 0.276
 35   -8.814727846659e-02 -1.176983037509e-01 3.76e-06 3.78e-07 1.90e-04 0.280
 36   -8.815789915595e-02 -1.176726569854e-01 3.74e-06 3.75e-07 1.93e-04 0.287
 37   -8.845847819890e-02 -1.168483120647e-01 3.22e-06 3.23e-07 1.89e-04 0.291
 38   -8.845592509509e-02 -1.168149340343e-01 3.20e-06 3.21e-07 1.92e-04 0.297
 39   -8.873145901181e-02 -1.160750658735e-01 2.78e-06 2.79e-07 1.88e-04 0.301
 40   -8.874365411040e-02 -1.160535846451e-01 2.76e-06 2.77e-07 1.91e-04 0.307
 41   -8.907630343415e-02 -1.152432011533e-01 2.38e-06 2.39e-07 1.83e-04 0.311
 42   -8.907038585705e-02 -1.152105123549e-01 2.36e-06 2.37e-07 1.86e-04 0.318
 43   -8.935572068008e-02 -1.145115417395e-01 2.06e-06 2.07e-07 1.80e-04 0.322
 44   -8.936769692289e-02 -1.144935247716e-01 2.05e-06 2.05e-07 1.83e-04 0.329
 45   -8.972106943449e-02 -1.137080649406e-01 1.76e-06 1.77e-07 1.74e-04 0.333
 46   -8.971314787180e-02 -1.136769272682e-01 1.75e-06 1.76e-07 1.77e-04 0.340
 47   -9.000136946178e-02 -1.130210586595e-01 1.53e-06 1.54e-07 1.71e-04 0.345
 48   -9.001246288589e-02 -1.130055022466e-01 1.52e-06 1.53e-07 1.73e-04 0.351
 49   -9.037706033766e-02 -1.122535652395e-01 1.32e-06 1.32e-07 1.64e-04 0.356
 50   -9.036812221259e-02 -1.122243767280e-01 1.31e-06 1.31e-07 1.67e-04 0.362
 51   -9.065348626627e-02 -1.116137665028e-01 1.15e-06 1.15e-07 1.60e-04 0.366
 52   -9.066349390368e-02 -1.115999371780e-01 1.14e-06 1.14e-07 1.62e-04 0.373
 53   -9.102937524715e-02 -1.108908722946e-01 9.88e-07 9.92e-08 1.53e-04 0.378
 54   -9.102013674824e-02 -1.108637753265e-01 9.82e-07 9.86e-08 1.56e-04 0.384
 55   -9.129740014295e-02 -1.103009063676e-01 8.64e-07 8.67e-08 1.49e-04 0.389
 56   -9.130626452872e-02 -1.102884575311e-01 8.58e-07 8.62e-08 1.51e-04 0.395
 57   -9.166296688747e-02 -1.096319932088e-01 7.47e-07 7.50e-08 1.43e-04 0.400
 58   -9.165393826969e-02 -1.096070081275e-01 7.42e-07 7.45e-08 1.45e-04 0.406
 59   -9.191836882026e-02 -1.090941434865e-01 6.54e-07 6.57e-08 1.38e-04 0.411
 60   -9.192619354666e-02 -1.090827958083e-01 6.50e-07 6.53e-08 1.40e-04 0.417
 61   -9.226396953441e-02 -1.084870949700e-01 5.68e-07 5.71e-08 1.32e-04 0.422
 62   -9.225551704067e-02 -1.084642063152e-01 5.65e-07 5.67e-08 1.34e-04 0.428
 63   -9.250310862637e-02 -1.080027273491e-01 5.00e-07 5.01e-08 1.28e-04 0.433
 64   -9.251006258376e-02 -1.079922915942e-01 4.97e-07 4.98e-08 1.30e-04 0.439
 65   -9.282110800859e-02 -1.074624392028e-01 4.36e-07 4.38e-08 1.23e-04 0.444
 66   -9.281347942658e-02 -1.074416165770e-01 4.33e-07 4.35e-08 1.24e-04 0.450
 67   -9.304128527969e-02 -1.070314242561e-01 3.85e-07 3.86e-08 1.18e-04 0.455
 68   -9.304755029985e-02 -1.070218109419e-01 3.82e-07 3.84e-08 1.20e-04 0.461
 69   -9.332716395229e-02 -1.065586283924e-01 3.38e-07 3.39e-08 1.13e-04 0.466
 70   -9.332050145942e-02 -1.065398164952e-01 3.36e-07 3.37e-08 1.15e-04 0.472
 71   -9.352724916264e-02 -1.061785527871e-01 2.99e-07 3.00e-08 1.09e-04 0.477
 72   -9.353299291421e-02 -1.061697269842e-01 2.97e-07 2.98e-08 1.11e-04 0.483
 73   -9.378039628193e-02 -1.057691374989e-01 2.64e-07 2.65e-08 1.05e-04 0.487
 74   -9.377474134516e-02 -1.057522384235e-01 2.62e-07 2.63e-08 1.06e-04 0.494
 75   -9.396124511291e-02 -1.054349781878e-01 2.35e-07 2.36e-08 1.01e-04 0.499
 76   -9.396658994038e-02 -1.054269121608e-01 2.33e-07 2.34e-08 1.02e-04 0.505
 77   -9.418453735822e-02 -1.050808873748e-01 2.09e-07 2.09e-08 9.71e-05 0.510
 78   -9.417984083094e-02 -1.050657557634e-01 2.07e-07 2.08e-08 9.83e-05 0.517
 79   -9.434857515571e-02 -1.047858819434e-01 1.86e-07 1.87e-08 9.35e-05 0.522
 80   -9.435358162383e-02 -1.047785280724e-01 1.85e-07 1.86e-08 9.46e-05 0.529
 81   -9.454670922358e-02 -1.044774942533e-01 1.66e-07 1.67e-08 8.97e-05 0.534
 82   -9.454285839613e-02 -1.044639541307e-01 1.65e-07 1.66e-08 9.08e-05 0.540
 83   -9.469689053011e-02 -1.042147332311e-01 1.49e-07 1.49e-08 8.63e-05 0.545
 84   -9.470156663412e-02 -1.042080239263e-01 1.48e-07 1.48e-08 8.73e-05 0.551
 85   -9.487458861796e-02 -1.039431889942e-01 1.33e-07 1.33e-08 8.28e-05 0.556
 86   -9.487144311799e-02 -1.039310602645e-01 1.32e-07 1.33e-08 8.38e-05 0.562
 87   -9.501349507072e-02 -1.037068355617e-01 1.19e-07 1.20e-08 7.95e-05 0.567
 88   -9.501782011067e-02 -1.037006969807e-01 1.19e-07 1.19e-08 8.04e-05 0.574
 89   -9.517451395431e-02 -1.034651775752e-01 1.07e-07 1.07e-08 7.61e-05 0.579
 90   -9.517193466145e-02 -1.034542958102e-01 1.06e-07 1.07e-08 7.70e-05 0.585
 91   -9.530394235665e-02 -1.032509137638e-01 9.62e-08 9.65e-09 7.29e-05 0.590
 92   -9.530788981368e-02 -1.032452793024e-01 9.56e-08 9.59e-09 7.38e-05 0.596
 93   -9.545078480558e-02 -1.030342791396e-01 8.64e-08 8.67e-09 6.97e-05 0.601
 94   -9.544865149296e-02 -1.030245058158e-01 8.58e-08 8.61e-09 7.05e-05 0.607
 95   -9.557157387471e-02 -1.028393866817e-01 7.77e-08 7.80e-09 6.67e-05 0.612
 96   -9.557513054080e-02 -1.028342080472e-01 7.72e-08 7.75e-09 6.74e-05 0.618
 97   -9.570547383012e-02 -1.026448588299e-01 6.99e-08 7.01e-09 6.36e-05 0.623
 98   -9.570369751424e-02 -1.026360861478e-01 6.94e-08 6.97e-09 6.43e-05 0.629
 99   -9.581757156961e-02 -1.024680079122e-01 6.29e-08 6.32e-09 6.07e-05 0.634
100   -9.582075209867e-02 -1.024632595722e-01 6.25e-08 6.28e-09 6.14e-05 0.640
101   -9.593897469247e-02 -1.022939151685e-01 5.67e-08 5.69e-09 5.78e-05 0.645
102   -9.593749994225e-02 -1.022860592911e-01 5.63e-08 5.65e-09 5.85e-05 0.651
103   -9.604208310385e-02 -1.021343047166e-01 5.11e-08 5.13e-09 5.50e-05 0.656
104   -9.604492675082e-02 -1.021299726477e-01 5.08e-08 5.10e-09 5.57e-05 0.662
105   -9.615151102654e-02 -1.019791133488e-01 4.61e-08 4.63e-09 5.23e-05 0.667
106   -9.615030160130e-02 -1.019720973836e-01 4.58e-08 4.60e-09 5.30e-05 0.673
107   -9.624573719867e-02 -1.018356404063e-01 4.16e-08 4.18e-09 4.98e-05 0.678
108   -9.624828934513e-02 -1.018317068704e-01 4.14e-08 4.15e-09 5.04e-05 0.684
109   -9.634413300682e-02 -1.016974842231e-01 3.77e-08 3.78e-09 4.74e-05 0.689
110   -9.634315655772e-02 -1.016912292080e-01 3.74e-08 3.76e-09 4.79e-05 0.695
111   -9.643001252517e-02 -1.015686752400e-01 3.41e-08 3.42e-09 4.50e-05 0.700
112   -9.643231242474e-02 -1.015651150159e-01 3.39e-08 3.40e-09 4.56e-05 0.706
113   -9.651852615194e-02 -1.014455651044e-01 3.09e-08 3.10e-09 4.28e-05 0.710
114   -9.651775037579e-02 -1.014399921334e-01 3.07e-08 3.08e-09 4.33e-05 0.717
115   -9.659676287286e-02 -1.013298620136e-01 2.80e-08 2.81e-09 4.07e-05 0.722
116   -9.659884255636e-02 -1.013266456814e-01 2.78e-08 2.79e-09 4.12e-05 0.728
117   -9.667651900843e-02 -1.012199371051e-01 2.54e-08 2.55e-09 3.87e-05 0.732
118   -9.667591366592e-02 -1.012149712740e-01 2.52e-08 2.53e-09 3.91e-05 0.739
119   -9.674782799049e-02 -1.011158722786e-01 2.31e-08 2.31e-09 3.68e-05 0.743
120   -9.674971445626e-02 -1.011129692648e-01 2.29e-08 2.30e-09 3.72e-05 0.750
121   -9.681985514587e-02 -1.010174707112e-01 2.10e-08 2.10e-09 3.49e-05 0.754
122   -9.681939346896e-02 -1.010130429136e-01 2.08e-08 2.09e-09 3.54e-05 0.760
123   -9.688493025571e-02 -1.009236957661e-01 1.91e-08 1.91e-09 3.32e-05 0.765
124   -9.688664656014e-02 -1.009210757539e-01 1.90e-08 1.90e-09 3.36e-05 0.771
125   -9.695016737119e-02 -1.008353353393e-01 1.74e-08 1.74e-09 3.16e-05 0.775
126   -9.694982588712e-02 -1.008313826222e-01 1.73e-08 1.73e-09 3.20e-05 0.781
127   -9.700967832835e-02 -1.007506136360e-01 1.58e-08 1.59e-09 3.01e-05 0.786
128   -9.701124376246e-02 -1.007482473177e-01 1.57e-08 1.58e-09 3.04e-05 0.792
129   -9.706897696461e-02 -1.006709776285e-01 1.44e-08 1.45e-09 2.86e-05 0.797
130   -9.706873495047e-02 -1.006674432745e-01 1.44e-08 1.44e-09 2.89e-05 0.803
131   -9.712355138936e-02 -1.005941936322e-01 1.32e-08 1.32e-09 2.72e-05 0.808
132   -9.712498180459e-02 -1.005920534406e-01 1.31e-08 1.32e-09 2.75e-05 0.814
133   -9.717766294114e-02 -1.005221350276e-01 1.21e-08 1.21e-09 2.59e-05 0.818
134   -9.717750221046e-02 -1.005189686268e-01 1.20e-08 1.20e-09 2.62e-05 0.825
135   -9.722786245931e-02 -1.004523112420e-01 1.10e-08 1.11e-09 2.47e-05 0.829
136   -9.722917099195e-02 -1.004503719885e-01 1.10e-08 1.10e-09 2.50e-05 0.835
137   -9.727742745096e-02 -1.003868561254e-01 1.01e-08 1.01e-09 2.35e-05 0.839
138   -9.727733238824e-02 -1.003840134620e-01 1.00e-08 1.01e-09 2.38e-05 0.845
139   -9.732373318652e-02 -1.003231601957e-01 9.23e-09 9.27e-10 2.24e-05 0.849
140   -9.732493109954e-02 -1.003213994206e-01 9.18e-09 9.22e-10 2.26e-05 0.855
141   -9.736928277097e-02 -1.002634984523e-01 8.46e-09 8.49e-10 2.13e-05 0.859
142   -9.736924034985e-02 -1.002609411074e-01 8.41e-09 8.44e-10 2.16e-05 0.866
143   -9.741209551317e-02 -1.002052344249e-01 7.75e-09 7.78e-10 2.03e-05 0.870
144   -9.741319286629e-02 -1.002036324272e-01 7.71e-09 7.74e-10 2.06e-05 0.877
145   -9.745406470925e-02 -1.001506980765e-01 7.11e-09 7.14e-10 1.94e-05 0.881
146   -9.745406433849e-02 -1.001483928161e-01 7.07e-09 7.10e-10 1.96e-05 0.887
147   -9.749371545701e-02 -1.000972868256e-01 6.52e-09 6.55e-10 1.84e-05 0.891
148   -9.749472150071e-02 -1.000958264681e-01 6.49e-09 6.51e-10 1.87e-05 0.897
149   -9.753246094569e-02 -1.000473240742e-01 5.99e-09 6.01e-10 1.76e-05 0.901
150   -9.753249417536e-02 -1.000452421644e-01 5.96e-09 5.98e-10 1.78e-05 0.907
151   -9.756922410230e-02 -9.999828174561e-02 5.50e-09 5.52e-10 1.68e-05 0.911
152   -9.757014747517e-02 -9.999694816984e-02 5.47e-09 5.49e-10 1.70e-05 0.918
153   -9.760504082089e-02 -9.995243324688e-02 5.06e-09 5.07e-10 1.60e-05 0.922
154   -9.760510100998e-02 -9.995054980619e-02 5.03e-09 5.05e-10 1.62e-05 0.928
155   -9.763914697627e-02 -9.990735128310e-02 4.65e-09 4.66e-10 1.53e-05 0.932
156   -9.763999579638e-02 -9.990613159270e-02 4.62e-09 4.64e-10 1.55e-05 0.938
157   -9.767228400580e-02 -9.986522815842e-02 4.28e-09 4.29e-10 1.46e-05 0.942
158   -9.767236598631e-02 -9.986352154296e-02 4.25e-09 4.27e-10 1.48e-05 0.948
159   -9.770393390853e-02 -9.982375308754e-02 3.93e-09 3.95e-10 1.39e-05 0.952
160   -9.770471575831e-02 -9.982263599647e-02 3.91e-09 3.93e-10 1.41e-05 0.958
161   -9.773461042181e-02 -9.978501572924e-02 3.62e-09 3.63e-10 1.33e-05 0.962
162   -9.773471013564e-02 -9.978346696513e-02 3.60e-09 3.62e-10 1.35e-05 0.970
163   -9.776398824997e-02 -9.974683067962e-02 3.34e-09 3.35e-10 1.27e-05 0.975
164   -9.776471007159e-02 -9.974580617757e-02 3.32e-09 3.33e-10 1.28e-05 0.981
165   -9.779240591132e-02 -9.971117220690e-02 3.08e-09 3.09e-10 1.21e-05 0.985
166   -9.779252006155e-02 -9.970976452513e-02 3.06e-09 3.07e-10 1.23e-05 0.991
167   -9.781968725265e-02 -9.967598508157e-02 2.84e-09 2.84e-10 1.16e-05 0.996
168   -9.782035524218e-02 -9.967504418664e-02 2.82e-09 2.83e-10 1.17e-05 1.002
169   -9.784603578776e-02 -9.964312297934e-02 2.62e-09 2.62e-10 1.11e-05 1.006
170   -9.784616158194e-02 -9.964184148540e-02 2.60e-09 2.61e-10 1.12e-05 1.012
171   -9.787138912187e-02 -9.961066248161e-02 2.41e-09 2.42e-10 1.06e-05 1.016
172   -9.787200870297e-02 -9.960979709534e-02 2.40e-09 2.41e-10 1.07e-05 1.023
173   -9.789584638532e-02 -9.958033683520e-02 2.23e-09 2.24e-10 1.01e-05 1.027
174   -9.789598139688e-02 -9.957916828815e-02 2.22e-09 2.22e-10 1.03e-05 1.033
175   -9.791943078864e-02 -9.955035317710e-02 2.06e-09 2.06e-10 9.68e-06 1.037
176   -9.792000667478e-02 -9.954955600546e-02 2.05e-09 2.05e-10 9.81e-06 1.044
177   -9.794216079598e-02 -9.952232753820e-02 1.90e-09 1.91e-10 9.27e-06 1.048
178   -9.794230291130e-02 -9.952126018323e-02 1.89e-09 1.90e-10 9.39e-06 1.055
179   -9.796412337678e-02 -9.949459378458e-02 1.76e-09 1.76e-10 8.87e-06 1.059
180   -9.796465967699e-02 -9.949385828070e-02 1.75e-09 1.75e-10 8.99e-06 1.065
181   -9.798527503950e-02 -9.946865549589e-02 1.63e-09 1.63e-10 8.50e-06 1.069
182   -9.798542243865e-02 -9.946767891513e-02 1.62e-09 1.62e-10 8.61e-06 1.075
183   -9.800574978373e-02 -9.944296757256e-02 1.50e-09 1.51e-10 8.14e-06 1.079
184   -9.800625010990e-02 -9.944228787728e-02 1.50e-09 1.50e-10 8.24e-06 1.086
185   -9.802545715312e-02 -9.941892658122e-02 1.39e-09 1.39e-10 7.80e-06 1.090
186   -9.802560829241e-02 -9.941803154709e-02 1.38e-09 1.39e-10 7.90e-06 1.096
187   -9.804456539849e-02 -9.939510164466e-02 1.29e-09 1.29e-10 7.47e-06 1.100
188   -9.804503295021e-02 -9.939447251909e-02 1.28e-09 1.28e-10 7.57e-06 1.107
189   -9.806294907403e-02 -9.937278814190e-02 1.19e-09 1.19e-10 7.16e-06 1.111
190   -9.806310265608e-02 -9.937196647652e-02 1.19e-09 1.19e-10 7.25e-06 1.118
191   -9.808080085180e-02 -9.935066212988e-02 1.10e-09 1.10e-10 6.86e-06 1.122
192   -9.808123847529e-02 -9.935007888541e-02 1.10e-09 1.10e-10 6.95e-06 1.128
193   -9.809796982367e-02 -9.932992380574e-02 1.02e-09 1.02e-10 6.58e-06 1.132
194   -9.809812476115e-02 -9.932916824856e-02 1.02e-09 1.02e-10 6.67e-06 1.138
195   -9.811466544001e-02 -9.930934884445e-02 9.49e-10 9.49e-11 6.32e-06 1.142
196   -9.811507566782e-02 -9.930880727768e-02 9.44e-10 9.44e-11 6.40e-06 1.148
197   -9.813071877324e-02 -9.929004840506e-02 8.80e-10 8.80e-11 6.06e-06 1.152
198   -9.813087414968e-02 -9.928935249867e-02 8.76e-10 8.76e-11 6.14e-06 1.159
199   -9.814635009652e-02 -9.927089065152e-02 8.16e-10 8.16e-11 5.82e-06 1.163
200   -9.814673517966e-02 -9.927038698545e-02 8.12e-10 8.13e-11 5.89e-06 1.169
201   -9.816137821512e-02 -9.925290385866e-02 7.57e-10 7.58e-11 5.58e-06 1.173
202   -9.816153325189e-02 -9.925226184925e-02 7.54e-10 7.54e-11 5.66e-06 1.179
203   -9.817602959608e-02 -9.923504184906e-02 7.02e-10 7.03e-11 5.36e-06 1.183
204   -9.817639152982e-02 -9.923457268759e-02 6.99e-10 7.00e-11 5.43e-06 1.190
205   -9.819011509665e-02 -9.921825615294e-02 6.52e-10 6.53e-11 5.15e-06 1.194
206   -9.819026912600e-02 -9.921766290963e-02 6.49e-10 6.50e-11 5.22e-06 1.200
207   -9.820386384793e-02 -9.920157972952e-02 6.05e-10 6.06e-11 4.94e-06 1.204
208   -9.820420439972e-02 -9.920114201797e-02 6.02e-10 6.05e-11 5.01e-06 1.211
209   -9.821708205171e-02 -9.918589325374e-02 5.62e-10 5.64e-11 4.75e-06 1.215
210   -9.821723449825e-02 -9.918534419895e-02 5.60e-10 5.62e-11 4.81e-06 1.221
211   -9.822999876446e-02 -9.917030274040e-02 5.22e-10 5.24e-11 4.56e-06 1.225
212   -9.823031950221e-02 -9.916989373520e-02 5.20e-10 5.23e-11 4.62e-06 1.232
213   -9.824241795243e-02 -9.915562367436e-02 4.85e-10 4.88e-11 4.39e-06 1.236
214   -9.824256832234e-02 -9.915511472572e-02 4.83e-10 4.86e-11 4.45e-06 1.242
215   -9.825456657370e-02 -9.914102938607e-02 4.51e-10 4.54e-11 4.22e-06 1.246
216   -9.825486889419e-02 -9.914064662810e-02 4.49e-10 4.51e-11 4.27e-06 1.252
217   -9.826624815188e-02 -9.912727549757e-02 4.19e-10 4.21e-11 4.05e-06 1.256
218   -9.826639602637e-02 -9.912680301777e-02 4.17e-10 4.19e-11 4.11e-06 1.262
219   -9.827768600542e-02 -9.911359736220e-02 3.89e-10 3.91e-11 3.90e-06 1.266
220   -9.827797116501e-02 -9.911323865342e-02 3.87e-10 3.89e-11 3.95e-06 1.272
221   -9.828868461442e-02 -9.910069561367e-02 3.62e-10 3.63e-11 3.75e-06 1.276
222   -9.828882964906e-02 -9.910025636486e-02 3.60e-10 3.62e-11 3.80e-06 1.283
223   -9.829946246585e-02 -9.908786279442e-02 3.37e-10 3.38e-11 3.60e-06 1.286
224   -9.829973160854e-02 -9.908752617684e-02 3.35e-10 3.37e-11 3.65e-06 1.293
225   -9.830982617011e-02 -9.907574891082e-02 3.13e-10 3.15e-11 3.47e-06 1.297
226   -9.830996809466e-02 -9.907534001283e-02 3.12e-10 3.13e-11 3.51e-06 1.304
227   -9.831998852873e-02 -9.906369921228e-02 2.91e-10 2.92e-11 3.33e-06 1.308
228   -9.832024271161e-02 -9.906338294403e-02 2.90e-10 2.91e-11 3.38e-06 1.315
229   -9.832975933031e-02 -9.905231692450e-02 2.71e-10 2.72e-11 3.21e-06 1.319
230   -9.832989794864e-02 -9.905193581257e-02 2.69e-10 2.71e-11 3.25e-06 1.325
231   -9.833934513542e-02 -9.904099581721e-02 2.52e-10 2.53e-11 3.08e-06 1.329
232   -9.833958534838e-02 -9.904069834539e-02 2.51e-10 2.52e-11 3.13e-06 1.335
233   -9.834855991364e-02 -9.903029566722e-02 2.34e-10 2.36e-11 2.97e-06 1.339
234   -9.834869509758e-02 -9.902994004981e-02 2.33e-10 2.34e-11 3.01e-06 1.346
235   -9.835760359498e-02 -9.901965493245e-02 2.18e-10 2.19e-11 2.86e-06 1.350
236   -9.835783077146e-02 -9.901937486542e-02 2.17e-10 2.18e-11 2.89e-06 1.356
237   -9.836629526787e-02 -9.900959285851e-02 2.03e-10 2.03e-11 2.75e-06 1.360
238   -9.836642694820e-02 -9.900926067652e-02 2.02e-10 2.04e-11 2.78e-06 1.367
239   -9.837482796053e-02 -9.899958909120e-02 1.89e-10 1.91e-11 2.64e-06 1.371
240   -9.837504297884e-02 -9.899932517254e-02 1.88e-10 1.90e-11 2.68e-06 1.378
241   -9.838302662052e-02 -9.899012505574e-02 1.76e-10 1.78e-11 2.54e-06 1.382
242   -9.838315477122e-02 -9.898981444968e-02 1.75e-10 1.77e-11 2.58e-06 1.388
243   -9.839107715590e-02 -9.898071843122e-02 1.64e-10 1.65e-11 2.45e-06 1.392
244   -9.839128083828e-02 -9.898046951651e-02 1.63e-10 1.66e-11 2.48e-06 1.398
245   -9.839881094235e-02 -9.897181534734e-02 1.52e-10 1.55e-11 2.36e-06 1.402
246   -9.839893556943e-02 -9.897152462662e-02 1.52e-10 1.55e-11 2.39e-06 1.409
247   -9.840640654436e-02 -9.896296872494e-02 1.42e-10 1.45e-11 2.27e-06 1.413
248   -9.840659965497e-02 -9.896273376551e-02 1.41e-10 1.43e-11 2.30e-06 1.419
249   -9.841370208473e-02 -9.895459187076e-02 1.32e-10 1.34e-11 2.18e-06 1.423
250   -9.841382321247e-02 -9.895431949569e-02 1.31e-10 1.32e-11 2.21e-06 1.430
251   -9.842086864470e-02 -9.894627037662e-02 1.23e-10 1.24e-11 2.10e-06 1.434
252   -9.842105188877e-02 -9.894604840856e-02 1.22e-10 1.22e-11 2.13e-06 1.441
253   -9.842775121943e-02 -9.893838712265e-02 1.14e-10 1.14e-11 2.02e-06 1.445
254   -9.842786888624e-02 -9.893813168574e-02 1.14e-10 1.13e-11 2.05e-06 1.452
255   -9.843451338109e-02 -9.893055795854e-02 1.07e-10 1.06e-11 1.95e-06 1.456
256   -9.843468740853e-02 -9.893034809189e-02 1.06e-10 1.05e-11 1.98e-06 1.463
257   -9.844100703019e-02 -9.892313757284e-02 9.92e-11 9.83e-12 1.88e-06 1.467
258   -9.844112128349e-02 -9.892289778616e-02 9.87e-11 9.77e-12 1.90e-06 1.473
259   -9.844738820640e-02 -9.891576991176e-02 9.24e-11 9.14e-12 1.81e-06 1.477
260   -9.844755361458e-02 -9.891557132588e-02 9.19e-11 9.05e-12 1.83e-06 1.485
261   -9.845351566624e-02 -9.890878356674e-02 8.61e-11 8.46e-12 1.74e-06 1.489
262   -9.845362655985e-02 -9.890855825223e-02 8.57e-11 8.45e-12 1.76e-06 1.495
263   -9.845953799469e-02 -9.890184853210e-02 8.02e-11 7.91e-12 1.68e-06 1.499
264   -9.845969533220e-02 -9.890166047076e-02 7.98e-11 7.93e-12 1.70e-06 1.506
265   -9.846532070135e-02 -9.889526924678e-02 7.47e-11 7.42e-12 1.61e-06 1.510
266   -9.846542829611e-02 -9.889505732428e-02 7.43e-11 7.31e-12 1.64e-06 1.517
267   -9.847100510040e-02 -9.888873978940e-02 6.96e-11 6.84e-12 1.56e-06 1.521
268   -9.847115487372e-02 -9.888856155209e-02 6.92e-11 6.75e-12 1.58e-06 1.527
269   -9.847646327616e-02 -9.888254228644e-02 6.48e-11 6.31e-12 1.50e-06 1.531
270   -9.847656763544e-02 -9.888234276806e-02 6.45e-11 6.34e-12 1.52e-06 1.537
271   -9.848182942666e-02 -9.887639315024e-02 6.04e-11 5.94e-12 1.44e-06 1.541
272   -9.848197210276e-02 -9.887622409055e-02 6.01e-11 5.73e-12 1.46e-06 1.547
273   -9.848698206110e-02 -9.887055383768e-02 5.63e-11 5.36e-12 1.39e-06 1.551
274   -9.848708325298e-02 -9.887036581713e-02 5.60e-11 5.27e-12 1.41e-06 1.558
275   -9.849204848983e-02 -9.886476142172e-02 5.24e-11 4.94e-12 1.34e-06 1.561
276   -9.849218450016e-02 -9.886460094211e-02 5.22e-11 5.05e-12 1.36e-06 1.568
277   -9.849691344032e-02 -9.885925824526e-02 4.89e-11 4.72e-12 1.29e-06 1.572
278   -9.849701153684e-02 -9.885908089042e-02 4.86e-11 4.72e-12 1.31e-06 1.578
279   -9.850169755704e-02 -9.885380052107e-02 4.56e-11 4.41e-12 1.24e-06 1.582
280   -9.850182730079e-02 -9.885364806879e-02 4.53e-11 4.19e-12 1.26e-06 1.589
281   -9.850629158266e-02 -9.884861289556e-02 4.25e-11 3.92e-12 1.20e-06 1.593
282   -9.850638665749e-02 -9.884844544347e-02 4.23e-11 3.97e-12 1.21e-06 1.600
283   -9.851080974366e-02 -9.884346929969e-02 3.96e-11 3.71e-12 1.15e-06 1.604
284   -9.851093359045e-02 -9.884332436340e-02 3.94e-11 3.63e-12 1.17e-06 1.611
285   -9.851514854766e-02 -9.883857803403e-02 3.69e-11 3.39e-12 1.11e-06 1.615
286   -9.851524067664e-02 -9.883841978385e-02 3.67e-11 3.32e-12 1.13e-06 1.622
287   -9.851941611414e-02 -9.883372937127e-02 3.44e-11 3.11e-12 1.07e-06 1.625
288   -9.851953440823e-02 -9.883359147612e-02 3.42e-11 3.27e-12 1.09e-06 1.632
289   -9.852351446454e-02 -9.882911651009e-02 3.21e-11 3.05e-12 1.03e-06 1.636
290   -9.852360372531e-02 -9.882896681701e-02 3.19e-11 3.10e-12 1.05e-06 1.643
291   -9.852754583793e-02 -9.882454488532e-02 2.99e-11 2.91e-12 9.95e-07 1.647
292   -9.852765889790e-02 -9.882441359252e-02 2.97e-11 2.96e-12 1.01e-06 1.653
293   -9.853141758163e-02 -9.882019367111e-02 2.79e-11 2.77e-12 9.59e-07 1.657
294   -9.853150405275e-02 -9.882005194213e-02 2.77e-11 2.80e-12 9.72e-07 1.663
295   -9.853522630528e-02 -9.881588235033e-02 2.60e-11 2.62e-12 9.24e-07 1.667
296   -9.853533442908e-02 -9.881575725158e-02 2.58e-11 2.62e-12 9.36e-07 1.674
297   -9.853888443991e-02 -9.881177712477e-02 2.42e-11 2.45e-12 8.91e-07 1.678
298   -9.853896820002e-02 -9.881164281443e-02 2.41e-11 2.51e-12 9.03e-07 1.684
299   -9.854248321551e-02 -9.880771049436e-02 2.26e-11 2.35e-12 8.59e-07 1.688
300   -9.854258667882e-02 -9.880759121270e-02 2.25e-11 2.33e-12 8.70e-07 1.695
301   -9.854593991691e-02 -9.880383664953e-02 2.11e-11 2.17e-12 8.28e-07 1.699
302   -9.854602104537e-02 -9.880370925497e-02 2.09e-11 2.02e-12 8.38e-07 1.705
303   -9.854934068007e-02 -9.880000011216e-02 1.96e-11 1.89e-12 7.98e-07 1.709
304   -9.854943974357e-02 -9.879988629347e-02 1.95e-11 1.92e-12 8.08e-07 1.715
305   -9.855260742719e-02 -9.879634393802e-02 1.83e-11 1.79e-12 7.69e-07 1.719
306   -9.855268600355e-02 -9.879622299427e-02 1.82e-11 1.74e-12 7.79e-07 1.726
307   -9.855582138389e-02 -9.879272385354e-02 1.71e-11 1.63e-12 7.41e-07 1.730
308   -9.855591628668e-02 -9.879261517338e-02 1.70e-11 1.52e-12 7.51e-07 1.736
309   -9.855890890258e-02 -9.878927258467e-02 1.59e-11 1.42e-12 7.14e-07 1.740
310   -9.855898500572e-02 -9.878915766382e-02 1.58e-11 1.51e-12 7.24e-07 1.746
311   -9.856194659595e-02 -9.878585618093e-02 1.48e-11 1.42e-12 6.89e-07 1.750
312   -9.856203756397e-02 -9.878575233487e-02 1.48e-11 1.44e-12 6.98e-07 1.757
313   -9.856486498380e-02 -9.878259784739e-02 1.38e-11 1.34e-12 6.64e-07 1.761
314   -9.856493869107e-02 -9.878248855479e-02 1.38e-11 1.25e-12 6.72e-07 1.767
315   -9.856773631201e-02 -9.877937318498e-02 1.29e-11 1.17e-12 6.40e-07 1.771
316   -9.856782355790e-02 -9.877927388839e-02 1.28e-11 1.23e-12 6.48e-07 1.777
317   -9.857049508482e-02 -9.877629654983e-02 1.20e-11 1.15e-12 6.17e-07 1.781
318   -9.857056647368e-02 -9.877619251920e-02 1.20e-11 1.14e-12 6.25e-07 1.788
319   -9.857320935703e-02 -9.877325244771e-02 1.12e-11 1.07e-12 5.95e-07 1.792
320   -9.857329307826e-02 -9.877315743715e-02 1.12e-11 9.77e-13 6.02e-07 1.799
321   -9.857581744105e-02 -9.877034700498e-02 1.05e-11 9.13e-13 5.73e-07 1.803
322   -9.857588658773e-02 -9.877024789807e-02 1.04e-11 8.97e-13 5.81e-07 1.810
323   -9.857838341398e-02 -9.876747298904e-02 9.76e-12 8.38e-13 5.53e-07 1.814
324   -9.857846379601e-02 -9.876738201842e-02 9.71e-12 9.51e-13 5.60e-07 1.821
325   -9.858084920315e-02 -9.876472889263e-02 9.11e-12 8.87e-13 5.33e-07 1.825
326   -9.858091618198e-02 -9.876463439659e-02 9.06e-12 7.07e-13 5.40e-07 1.832
327   -9.858327512870e-02 -9.876201513189e-02 8.49e-12 6.60e-13 5.14e-07 1.835
328   -9.858335234564e-02 -9.876192797163e-02 8.45e-12 5.67e-13 5.20e-07 1.842
329   -9.858560652430e-02 -9.875942314328e-02 7.92e-12 5.18e-13 4.95e-07 1.846
330   -9.858567140892e-02 -9.875933296777e-02 7.88e-12 5.56e-13 5.01e-07 1.852
331   -9.858790016872e-02 -9.875686042049e-02 7.39e-12 5.22e-13 4.77e-07 1.856
332   -9.858797438460e-02 -9.875677685556e-02 7.35e-12 4.97e-13 4.83e-07 1.862
333   -9.859010462305e-02 -9.875441185421e-02 6.89e-12 4.62e-13 4.60e-07 1.866
334   -9.859016748578e-02 -9.875432572972e-02 6.85e-12 4.14e-13 4.66e-07 1.873
335   -9.859227330942e-02 -9.875199151025e-02 6.43e-12 3.82e-13 4.44e-07 1.877
336   -9.859234467722e-02 -9.875191134100e-02 6.39e-12 1.52e-13 4.49e-07 1.883
337   -9.859435784888e-02 -9.874967820162e-02 6.00e-12 1.41e-13 4.28e-07 1.890
338   -9.859441875970e-02 -9.874959587906e-02 5.96e-12 1.89e-13 4.33e-07 1.896
339   -9.859640843966e-02 -9.874739214747e-02 5.59e-12 1.73e-13 4.12e-07 1.900
340   -9.859647710585e-02 -9.874731518451e-02 5.56e-12 1.77e-13 4.18e-07 1.907
341   -9.859837968056e-02 -9.874520643085e-02 5.22e-12 1.65e-13 3.98e-07 1.911
342   -9.859843870728e-02 -9.874512767876e-02 5.19e-12 1.52e-13 4.03e-07 1.917
343   -9.860031870472e-02 -9.874304700049e-02 4.86e-12 1.39e-13 3.83e-07 1.921
344   -9.860038480435e-02 -9.874297306972e-02 4.84e-12 2.74e-13 3.88e-07 1.927
345   -9.860218285621e-02 -9.874098169931e-02 4.54e-12 2.58e-13 3.70e-07 1.931
346   -9.860224006630e-02 -9.874090630185e-02 4.51e-12 4.14e-13 3.74e-07 1.937
347   -9.860401644566e-02 -9.873894171516e-02 4.23e-12 3.83e-13 3.56e-07 1.941
348   -9.860408010653e-02 -9.873887065259e-02 4.21e-12 5.68e-13 3.61e-07 1.947
349   -9.860577940558e-02 -9.873699003281e-02 3.95e-12 5.35e-13 3.44e-07 1.951
350   -9.860583486425e-02 -9.873691778988e-02 3.93e-12 7.19e-13 3.48e-07 1.957
351   -9.860751332421e-02 -9.873506276745e-02 3.68e-12 6.72e-13 3.31e-07 1.961
352   -9.860757466706e-02 -9.873499441941e-02 3.66e-12 7.04e-13 3.35e-07 1.968
353   -9.860918062918e-02 -9.873321833880e-02 3.43e-12 6.62e-13 3.19e-07 1.972
354   -9.860923439931e-02 -9.873314906428e-02 3.42e-12 6.03e-13 3.23e-07 1.978
355   -9.861082036466e-02 -9.873139740920e-02 3.20e-12 5.58e-13 3.08e-07 1.982
356   -9.861087950430e-02 -9.873133163037e-02 3.19e-12 4.22e-13 3.12e-07 1.988
357   -9.861239727984e-02 -9.872965419731e-02 2.99e-12 3.98e-13 2.97e-07 1.992
358   -9.861244942189e-02 -9.872958771892e-02 2.97e-12 4.06e-13 3.01e-07 1.998
359   -9.861394797118e-02 -9.872793364050e-02 2.79e-12 3.69e-13 2.86e-07 2.002
360   -9.861400501421e-02 -9.872787029683e-02 2.77e-12 3.47e-13 2.90e-07 2.009
361   -9.861543940922e-02 -9.872628602340e-02 2.60e-12 3.25e-13 2.76e-07 2.013
362   -9.861548998201e-02 -9.872622218030e-02 2.58e-12 3.00e-13 2.79e-07 2.019
363   -9.861690593721e-02 -9.872466019343e-02 2.43e-12 2.67e-13 2.66e-07 2.023
364   -9.861696098503e-02 -9.872459915806e-02 2.41e-12 9.11e-14 2.69e-07 2.029
365   -9.861831658556e-02 -9.872310282062e-02 2.26e-12 8.14e-14 2.57e-07 2.033
366   -9.861836564747e-02 -9.872304146160e-02 2.25e-12 9.43e-14 2.60e-07 2.040
367   -9.861970354490e-02 -9.872156641590e-02 2.11e-12 8.55e-14 2.47e-07 2.044
368   -9.861975669149e-02 -9.872150757149e-02 2.10e-12 1.92e-13 2.50e-07 2.051
369   -9.862103779800e-02 -9.872009428050e-02 1.97e-12 1.81e-13 2.39e-07 2.055
370   -9.862108540420e-02 -9.872003526602e-02 1.96e-12 2.55e-13 2.41e-07 2.061
371   -9.862234952949e-02 -9.871864230488e-02 1.84e-12 2.30e-13 2.30e-07 2.065
372   -9.862240086534e-02 -9.871858553942e-02 1.82e-12 2.58e-13 2.33e-07 2.072
373   -9.862361157298e-02 -9.871725064910e-02 1.71e-12 2.36e-13 2.22e-07 2.076
374   -9.862365777762e-02 -9.871719384874e-02 1.70e-12 1.85e-13 2.24e-07 2.081
375   -9.862485219091e-02 -9.871587837997e-02 1.60e-12 1.69e-13 2.14e-07 2.085
376   -9.862490180064e-02 -9.871582358905e-02 1.59e-12 2.86e-13 2.16e-07 2.092
377   -9.862604596172e-02 -9.871456273652e-02 1.49e-12 2.68e-13 2.06e-07 2.096
378   -9.862609081382e-02 -9.871450803017e-02 1.48e-12 4.10e-13 2.09e-07 2.102
379   -9.862721934221e-02 -9.871326573223e-02 1.39e-12 3.93e-13 1.99e-07 2.106
380   -9.862726730719e-02 -9.871321281695e-02 1.38e-12 3.07e-13 2.01e-07 2.112
381   -9.862834857151e-02 -9.871202187623e-02 1.30e-12 3.01e-13 1.92e-07 2.116
382   -9.862839212220e-02 -9.871196914933e-02 1.29e-12 3.04e-13 1.94e-07 2.122
383   -9.862945839580e-02 -9.871079593068e-02 1.21e-12 2.97e-13 1.85e-07 2.126
384   -9.862950479125e-02 -9.871074479915e-02 1.20e-12 6.40e-13 1.87e-07 2.132
385   -9.863052660287e-02 -9.870961988333e-02 1.13e-12 6.02e-13 1.78e-07 2.136
386   -9.863056890031e-02 -9.870956902948e-02 1.12e-12 3.93e-13 1.80e-07 2.143
387   -9.863157633267e-02 -9.870846104821e-02 1.05e-12 3.84e-13 1.72e-07 2.147
388   -9.863162122857e-02 -9.870841161534e-02 1.04e-12 2.81e-13 1.74e-07 2.153
389   -9.863258682075e-02 -9.870734908049e-02 9.81e-13 2.68e-13 1.66e-07 2.157
390   -9.863262790753e-02 -9.870730000482e-02 9.75e-13 4.17e-13 1.67e-07 2.163
391   -9.863357974951e-02 -9.870625360788e-02 9.15e-13 3.93e-13 1.60e-07 2.167
392   -9.863362321596e-02 -9.870620578995e-02 9.09e-13 5.39e-13 1.61e-07 2.174
393   -9.863453570215e-02 -9.870520213421e-02 8.53e-13 5.02e-13 1.54e-07 2.178
394   -9.863457562721e-02 -9.870515473969e-02 8.48e-13 7.05e-13 1.56e-07 2.184
395   -9.863547493116e-02 -9.870416650216e-02 7.96e-13 6.64e-13 1.48e-07 2.188
396   -9.863551702947e-02 -9.870412022488e-02 7.91e-13 4.69e-13 1.50e-07 2.195
397   -9.863637929844e-02 -9.870317220233e-02 7.42e-13 4.40e-13 1.43e-07 2.199
398   -9.863641810052e-02 -9.870312640567e-02 7.37e-13 3.99e-13 1.45e-07 2.205
399   -9.863726775468e-02 -9.870219309074e-02 6.92e-13 3.69e-13 1.38e-07 2.209
400   -9.863730854507e-02 -9.870214828266e-02 6.88e-13 6.27e-13 1.39e-07 2.216
401   -9.863812337097e-02 -9.870125278166e-02 6.46e-13 5.84e-13 1.33e-07 2.220
402   -9.863816109100e-02 -9.870120850260e-02 6.41e-13 5.06e-13 1.34e-07 2.226
403   -9.863896380861e-02 -9.870032707328e-02 6.02e-13 4.75e-13 1.28e-07 2.230
404   -9.863900334841e-02 -9.870028366631e-02 5.98e-13 8.07e-13 1.30e-07 2.237
405   -9.863977331569e-02 -9.869943779096e-02 5.62e-13 7.59e-13 1.24e-07 2.240
406   -9.863980999196e-02 -9.869939495487e-02 5.58e-13 6.13e-13 1.25e-07 2.247
407   -9.864056837381e-02 -9.869856250460e-02 5.24e-13 5.70e-13 1.19e-07 2.251
408   -9.864060671451e-02 -9.869852043766e-02 5.20e-13 7.85e-13 1.20e-07 2.257
409   -9.864133427813e-02 -9.869772144057e-02 4.88e-13 7.21e-13 1.15e-07 2.261
410   -9.864136995079e-02 -9.869767997431e-02 4.85e-13 8.78e-13 1.16e-07 2.267
411   -9.864208644416e-02 -9.869689377103e-02 4.56e-13 8.15e-13 1.11e-07 2.271
412   -9.864212364040e-02 -9.869685298004e-02 4.52e-13 1.12e-12 1.12e-07 2.277
413   -9.864281114629e-02 -9.869609824023e-02 4.25e-13 1.05e-12 1.07e-07 2.281
414   -9.864284584917e-02 -9.869605808018e-02 4.22e-13 9.97e-13 1.08e-07 2.287
415   -9.864352276736e-02 -9.869531554411e-02 3.96e-13 9.42e-13 1.03e-07 2.291
416   -9.864355886112e-02 -9.869527597952e-02 3.93e-13 9.29e-13 1.04e-07 2.297
417   -9.864420848139e-02 -9.869456307102e-02 3.69e-13 8.62e-13 9.92e-08 2.301
418   -9.864424224752e-02 -9.869452415695e-02 3.67e-13 8.42e-13 1.00e-07 2.307
419   -9.864488175420e-02 -9.869382287723e-02 3.44e-13 8.07e-13 9.56e-08 2.310
420   -9.864491679405e-02 -9.869378448281e-02 3.42e-13 1.44e-13 9.66e-08 2.317
421   -9.864553063012e-02 -9.869311106295e-02 3.21e-13 1.44e-13 9.21e-08 2.321
422   -9.864556349215e-02 -9.869307333661e-02 3.19e-13 7.90e-14 9.31e-08 2.328
423   -9.864616763864e-02 -9.869241103027e-02 2.99e-13 6.93e-14 8.88e-08 2.332
424   -9.864620166687e-02 -9.869237375698e-02 2.97e-13 2.09e-13 8.97e-08 2.339
425   -9.864678165594e-02 -9.869173766723e-02 2.79e-13 1.97e-13 8.56e-08 2.343
426   -9.864681364558e-02 -9.869170107453e-02 2.77e-13 3.68e-13 8.65e-08 2.349
427   -9.864738438484e-02 -9.869107557042e-02 2.60e-13 3.39e-13 8.25e-08 2.353
428   -9.864741743978e-02 -9.869103937374e-02 2.58e-13 1.76e-13 8.33e-08 2.359
429   -9.864796546250e-02 -9.869043852141e-02 2.43e-13 1.74e-13 7.95e-08 2.363
430   -9.864799660746e-02 -9.869040301446e-02 2.41e-13 2.52e-13 8.03e-08 2.370
431   -9.864853577752e-02 -9.868981227051e-02 2.26e-13 2.32e-13 7.66e-08 2.373
432   -9.864856790007e-02 -9.868977710368e-02 2.24e-13 2.12e-13 7.74e-08 2.380
433   -9.864908569783e-02 -9.868920955242e-02 2.11e-13 1.93e-13 7.39e-08 2.384
434   -9.864911602775e-02 -9.868917508246e-02 2.09e-13 2.88e-13 7.46e-08 2.390
435   -9.864962537970e-02 -9.868861715558e-02 1.97e-13 2.64e-13 7.12e-08 2.394
436   -9.864965660257e-02 -9.868858298104e-02 1.95e-13 4.10e-13 7.19e-08 2.400
437   -9.865014582389e-02 -9.868804689911e-02 1.83e-13 4.04e-13 6.86e-08 2.404
438   -9.865017536747e-02 -9.868801342079e-02 1.82e-13 3.93e-13 6.93e-08 2.410
439   -9.865065652433e-02 -9.868748651079e-02 1.71e-13 3.52e-13 6.61e-08 2.414
440   -9.865068688349e-02 -9.868745328732e-02 1.69e-13 6.87e-13 6.67e-08 2.421
441   -9.865114910468e-02 -9.868694692540e-02 1.59e-13 6.51e-13 6.37e-08 2.425
442   -9.865117788108e-02 -9.868691440417e-02 1.58e-13 4.25e-13 6.43e-08 2.430
443   -9.865163238110e-02 -9.868641680603e-02 1.48e-13 3.81e-13 6.14e-08 2.434
444   -9.865166190695e-02 -9.868638449942e-02 1.47e-13 7.18e-13 6.19e-08 2.441
445   -9.865209857607e-02 -9.868590625080e-02 1.38e-13 6.84e-13 5.91e-08 2.445
446   -9.865212661717e-02 -9.868587464004e-02 1.37e-13 2.02e-13 5.97e-08 2.451
447   -9.865255594432e-02 -9.868540471126e-02 1.29e-13 1.69e-13 5.70e-08 2.455
448   -9.865258466927e-02 -9.868537328460e-02 1.28e-13 8.18e-13 5.75e-08 2.462
449   -9.865299722930e-02 -9.868492155089e-02 1.20e-13 7.64e-13 5.49e-08 2.466
450   -9.865302455500e-02 -9.868489081794e-02 1.19e-13 7.69e-13 5.54e-08 2.472
451   -9.865343007176e-02 -9.868444705041e-02 1.12e-13 7.19e-13 5.29e-08 2.476
452   -9.865345802106e-02 -9.868441647516e-02 1.11e-13 9.64e-13 5.33e-08 2.482
453   -9.865384774269e-02 -9.868398984829e-02 1.04e-13 9.19e-13 5.09e-08 2.486
454   -9.865387437327e-02 -9.868395996194e-02 1.03e-13 8.22e-13 5.14e-08 2.492
455   -9.865425737191e-02 -9.868354092644e-02 9.71e-14 7.50e-13 4.90e-08 2.496
456   -9.865428457505e-02 -9.868351116958e-02 9.64e-14 8.26e-13 4.95e-08 2.502
457   -9.865465271846e-02 -9.868310825520e-02 9.05e-14 7.81e-13 4.72e-08 2.506
458   -9.865467867756e-02 -9.868307918028e-02 8.97e-14 4.39e-13 4.77e-08 2.513
459   -9.865504041292e-02 -9.868268349056e-02 8.44e-14 4.18e-13 4.55e-08 2.517
460   -9.865506689417e-02 -9.868265452497e-02 8.35e-14 9.32e-13 4.59e-08 2.523
461   -9.865541462170e-02 -9.868227403725e-02 7.86e-14 9.01e-13 4.38e-08 2.527
462   -9.865543992992e-02 -9.868224574381e-02 7.78e-14 1.50e-12 4.42e-08 2.533
463   -9.865578154750e-02 -9.868187213449e-02 7.32e-14 1.43e-12 4.22e-08 2.537
464   -9.865580732912e-02 -9.868184393444e-02 7.25e-14 8.84e-13 4.25e-08 2.543
465   -9.865613577438e-02 -9.868148462076e-02 6.82e-14 8.30e-13 4.06e-08 2.547
466   -9.865616045248e-02 -9.868145707946e-02 6.75e-14 8.92e-13 4.10e-08 2.553
467   -9.865648305984e-02 -9.868110432814e-02 6.35e-14 8.42e-13 3.91e-08 2.556
468   -9.865650816368e-02 -9.868107687063e-02 6.28e-14 7.54e-13 3.94e-08 2.563
469   -9.865681832307e-02 -9.868073762947e-02 5.91e-14 7.08e-13 3.76e-08 2.567
470   -9.865684238683e-02 -9.868071081631e-02 5.85e-14 1.39e-12 3.80e-08 2.573
471   -9.865714699150e-02 -9.868037781114e-02 5.51e-14 1.31e-12 3.62e-08 2.577
472   -9.865717144370e-02 -9.868035106658e-02 5.44e-14 1.31e-12 3.65e-08 2.584
473   -9.865746436256e-02 -9.868003074478e-02 5.13e-14 1.24e-12 3.49e-08 2.588
474   -9.865748782591e-02 -9.868000463922e-02 5.06e-14 8.90e-13 3.52e-08 2.594
475   -9.865777540293e-02 -9.867969030486e-02 4.76e-14 8.19e-13 3.36e-08 2.598
476   -9.865779922282e-02 -9.867966425196e-02 4.73e-14 1.44e-12 3.38e-08 2.604
477   -9.865807580345e-02 -9.867936185338e-02 4.44e-14 1.34e-12 3.23e-08 2.608
478   -9.865809869190e-02 -9.867933642194e-02 4.40e-14 9.53e-13 3.26e-08 2.615
479   -9.865837019637e-02 -9.867903970648e-02 4.13e-14 8.92e-13 3.11e-08 2.619
480   -9.865839340172e-02 -9.867901432491e-02 4.10e-14 1.71e-13 3.13e-08 2.624
481   -9.865865455049e-02 -9.867872885026e-02 3.84e-14 1.62e-13 2.99e-08 2.628
482   -9.865867687298e-02 -9.867870407892e-02 3.82e-14 4.31e-13 3.01e-08 2.634
483   -9.865893314498e-02 -9.867842405639e-02 3.59e-14 3.87e-13 2.88e-08 2.638
484   -9.865895575334e-02 -9.867839932814e-02 3.54e-14 1.98e-13 2.90e-08 2.644
485   -9.865920223177e-02 -9.867812993709e-02 3.33e-14 1.93e-13 2.77e-08 2.648
486   -9.865922399750e-02 -9.867810581160e-02 3.30e-14 1.34e-13 2.79e-08 2.654
487   -9.865946585877e-02 -9.867784157720e-02 3.11e-14 1.33e-13 2.66e-08 2.658
488   -9.865948788877e-02 -9.867781748145e-02 3.08e-14 1.04e-13 2.68e-08 2.665
489   -9.865972053633e-02 -9.867756324956e-02 2.89e-14 8.30e-14 2.56e-08 2.668
490   -9.865974177297e-02 -9.867753973618e-02 2.85e-14 1.44e-13 2.58e-08 2.674
491   -9.865997001157e-02 -9.867729042288e-02 2.69e-14 1.20e-13 2.46e-08 2.678
492   -9.865999147818e-02 -9.867726694284e-02 2.65e-14 3.04e-13 2.48e-08 2.685
493   -9.866021100910e-02 -9.867702708333e-02 2.50e-14 2.83e-13 2.37e-08 2.689
494   -9.866023171985e-02 -9.867700417491e-02 2.46e-14 5.22e-13 2.39e-08 2.695
495   -9.866044704799e-02 -9.867676899885e-02 2.32e-14 4.89e-13 2.28e-08 2.699
496   -9.866046797173e-02 -9.867674611175e-02 2.29e-14 7.90e-14 2.29e-08 2.705
497   -9.866067513062e-02 -9.867651980544e-02 2.15e-14 6.45e-14 2.19e-08 2.709
498   -9.866069533315e-02 -9.867649748001e-02 2.13e-14 4.99e-13 2.20e-08 2.715
499   -9.866089845448e-02 -9.867627566753e-02 2.01e-14 5.06e-13 2.11e-08 2.719
500   -9.866091884282e-02 -9.867625336622e-02 1.99e-14 4.99e-13 2.12e-08 2.725
501   -9.866111422229e-02 -9.867603996016e-02 1.87e-14 4.75e-13 2.02e-08 2.729
502   -9.866113392750e-02 -9.867601820277e-02 1.84e-14 4.70e-13 2.04e-08 2.735
503   -9.866132549020e-02 -9.867580904139e-02 1.73e-14 4.72e-13 1.94e-08 2.738
504   -9.866134536687e-02 -9.867578729952e-02 1.71e-14 8.49e-13 1.96e-08 2.745
505   -9.866152966996e-02 -9.867558602129e-02 1.61e-14 8.47e-13 1.87e-08 2.749
506   -9.866154889638e-02 -9.867556480920e-02 1.60e-14 4.98e-13 1.88e-08 2.754
507   -9.866172954642e-02 -9.867536758936e-02 1.50e-14 4.68e-13 1.80e-08 2.758
508   -9.866174892402e-02 -9.867534639307e-02 1.49e-14 8.95e-14 1.81e-08 2.764
509   -9.866192274518e-02 -9.867515658905e-02 1.40e-14 1.00e-13 1.72e-08 2.768
510   -9.866194149359e-02 -9.867513591940e-02 1.38e-14 2.12e-13 1.73e-08 2.775
511   -9.866211177545e-02 -9.867495004252e-02 1.30e-14 2.21e-13 1.66e-08 2.779
512   -9.866213065944e-02 -9.867492938580e-02 1.29e-14 4.96e-13 1.67e-08 2.785
513   -9.866229448757e-02 -9.867475051793e-02 1.20e-14 4.73e-13 1.59e-08 2.789
514   -9.866231277574e-02 -9.867473036975e-02 1.18e-14 1.23e-12 1.60e-08 2.794
515   -9.866247325976e-02 -9.867455520983e-02 1.11e-14 1.12e-12 1.53e-08 2.798
516   -9.866249166302e-02 -9.867453507934e-02 1.11e-14 4.68e-13 1.54e-08 2.803
517   -9.866264605608e-02 -9.867436653484e-02 1.03e-14 4.63e-13 1.47e-08 2.807
518   -9.866266389040e-02 -9.867434689893e-02 1.40e-14 3.72e-13 1.47e-08 2.813
519   -9.866281508948e-02 -9.867418189280e-02 1.32e-14 3.56e-13 1.41e-08 2.817
520   -9.866283302908e-02 -9.867416226961e-02 1.87e-14 1.19e-13 1.42e-08 2.823
521   -9.866297849862e-02 -9.867400348679e-02 1.77e-14 1.06e-13 1.35e-08 2.826
522   -9.866299589741e-02 -9.867398434158e-02 2.32e-14 1.48e-13 1.36e-08 2.832
523   -9.866313834251e-02 -9.867382890697e-02 2.18e-14 1.48e-13 1.30e-08 2.836
524   -9.866315582520e-02 -9.867380978366e-02 2.70e-14 3.47e-14 1.30e-08 2.842
525   -9.866329286206e-02 -9.867366022370e-02 2.55e-14 2.66e-14 1.24e-08 2.846
526   -9.866330982458e-02 -9.867364156874e-02 3.08e-14 5.08e-14 1.25e-08 2.851
527   -9.866344394758e-02 -9.867349523150e-02 2.90e-14 5.16e-14 1.19e-08 2.855
528   -9.866346098620e-02 -9.867347659423e-02 3.35e-14 5.37e-13 1.20e-08 2.861
529   -9.866358997873e-02 -9.867333583047e-02 3.16e-14 5.13e-13 1.15e-08 2.865
530   -9.866360653028e-02 -9.867331763673e-02 3.67e-14 2.58e-13 1.15e-08 2.870
531   -9.866373282702e-02 -9.867317985365e-02 3.45e-14 2.49e-13 1.10e-08 2.874
532   -9.866374942769e-02 -9.867316169560e-02 3.92e-14 3.68e-13 1.10e-08 2.881
533   -9.866387088522e-02 -9.867302916979e-02 3.69e-14 3.35e-13 1.05e-08 2.885
534   -9.866388702142e-02 -9.867301144105e-02 4.17e-14 7.87e-13 1.06e-08 2.890
535   -9.866400588959e-02 -9.867288177575e-02 3.92e-14 7.28e-13 1.01e-08 2.894
536   -9.866402207391e-02 -9.867286407349e-02 4.34e-14 2.55e-13 1.01e-08 2.900
537   -9.866413638506e-02 -9.867273935930e-02 4.09e-14 2.26e-13 9.68e-09 2.904
538   -9.866415211209e-02 -9.867272208787e-02 4.88e-14 1.15e-12 9.72e-09 2.909
539   -9.866426391122e-02 -9.867260014609e-02 4.59e-14 1.09e-12 9.28e-09 2.913
540   -9.866427967562e-02 -9.867258290358e-02 4.98e-14 4.39e-13 9.31e-09 2.919
541   -9.866438722326e-02 -9.867246558113e-02 4.69e-14 3.93e-13 8.89e-09 2.923
542   -9.866440254793e-02 -9.867244875850e-02 5.44e-14 1.02e-12 8.92e-09 2.927
543   -9.866450770989e-02 -9.867233406733e-02 5.12e-14 9.42e-13 8.52e-09 2.931
544   -9.866452306228e-02 -9.867231727614e-02 5.48e-14 1.26e-12 8.55e-09 2.937
545   -9.866462420220e-02 -9.867220695529e-02 5.16e-14 1.23e-12 8.16e-09 2.941
546   -9.866463914613e-02 -9.867219055715e-02 5.86e-14 2.06e-12 8.18e-09 2.946
547   -9.866473797609e-02 -9.867208278204e-02 5.52e-14 1.93e-12 7.82e-09 2.950
548   -9.866475292612e-02 -9.867206643106e-02 4.72e-14 2.89e-12 7.84e-09 2.955
549   -9.866484799866e-02 -9.867196273894e-02 4.45e-14 2.70e-12 7.49e-09 2.959
550   -9.866486255970e-02 -9.867194676671e-02 4.85e-14 2.42e-12 7.50e-09 2.965
551   -9.866495541459e-02 -9.867184551688e-02 4.56e-14 2.30e-12 7.17e-09 2.969
552   -9.866496997998e-02 -9.867182958757e-02 4.90e-14 1.08e-12 7.18e-09 2.974
553   -9.866505928586e-02 -9.867173219459e-02 4.62e-14 1.02e-12 6.86e-09 2.978
554   -9.866507347058e-02 -9.867171664046e-02 4.99e-14 1.89e-13 6.87e-09 2.984
555   -9.866516075493e-02 -9.867162147348e-02 4.69e-14 1.95e-13 6.57e-09 2.988
556   -9.866517494620e-02 -9.867160595386e-02 3.97e-14 3.58e-13 6.58e-09 2.993
557   -9.866525885658e-02 -9.867151445381e-02 3.74e-14 3.71e-13 6.28e-09 2.997
558   -9.866527268433e-02 -9.867149929602e-02 4.37e-14 4.02e-13 6.29e-09 3.002
559   -9.866535466340e-02 -9.867140992132e-02 4.11e-14 3.91e-13 6.01e-09 3.006
560   -9.866536845709e-02 -9.867139483732e-02 3.42e-14 2.00e-12 6.02e-09 3.011
561   -9.866544720809e-02 -9.867130897115e-02 3.23e-14 1.87e-12 5.75e-09 3.015
562   -9.866546066603e-02 -9.867129422323e-02 3.59e-14 6.94e-13 5.75e-09 3.021
563   -9.866553754839e-02 -9.867121041205e-02 3.38e-14 6.38e-13 5.50e-09 3.025
564   -9.866555098239e-02 -9.867119572222e-02 2.73e-14 9.13e-13 5.50e-09 3.030
565   -9.866562491373e-02 -9.867111511856e-02 2.58e-14 8.52e-13 5.26e-09 3.034
566   -9.866563802187e-02 -9.867110075815e-02 2.94e-14 8.20e-13 5.26e-09 3.040
567   -9.866571020768e-02 -9.867102207335e-02 2.76e-14 8.32e-13 5.02e-09 3.044
568   -9.866572328451e-02 -9.867100777523e-02 3.08e-14 2.64e-12 5.02e-09 3.049
569   -9.866579265781e-02 -9.867093214762e-02 2.90e-14 2.52e-12 4.80e-09 3.053
570   -9.866580541328e-02 -9.867091817736e-02 3.44e-14 1.50e-12 4.80e-09 3.058
571   -9.866587309300e-02 -9.867084441019e-02 3.24e-14 1.39e-12 4.59e-09 3.062
572   -9.866588579825e-02 -9.867083051917e-02 2.64e-14 1.67e-12 4.58e-09 3.067
573   -9.866595080921e-02 -9.867075965311e-02 2.49e-14 1.63e-12 4.38e-09 3.071
574   -9.866596322072e-02 -9.867074606295e-02 2.82e-14 7.72e-13 4.38e-09 3.078
575   -9.866602669838e-02 -9.867067688123e-02 2.65e-14 7.73e-13 4.18e-09 3.082
576   -9.866603907385e-02 -9.867066335194e-02 2.94e-14 5.78e-13 4.18e-09 3.087
577   -9.866610005986e-02 -9.867059687894e-02 2.77e-14 5.35e-13 3.99e-09 3.091
578   -9.866611213943e-02 -9.867058365549e-02 3.26e-14 1.49e-12 3.99e-09 3.096
579   -9.866617162250e-02 -9.867051883222e-02 3.06e-14 1.44e-12 3.81e-09 3.100
580   -9.866618364383e-02 -9.867050569093e-02 2.52e-14 3.11e-12 3.81e-09 3.106
581   -9.866624073490e-02 -9.867044346824e-02 2.38e-14 2.95e-12 3.64e-09 3.110
582   -9.866625247193e-02 -9.867043062260e-02 2.68e-14 4.60e-12 3.63e-09 3.115
583   -9.866630813703e-02 -9.867036996449e-02 2.52e-14 4.38e-12 3.47e-09 3.119
584   -9.866631982424e-02 -9.867035718969e-02 2.80e-14 3.81e-12 3.46e-09 3.125
585   -9.866637333215e-02 -9.867029887687e-02 2.64e-14 3.65e-12 3.31e-09 3.129
586   -9.866638473637e-02 -9.867028639826e-02 2.93e-14 2.94e-12 3.30e-09 3.135
587   -9.866643686125e-02 -9.867022960196e-02 2.75e-14 2.80e-12 3.16e-09 3.139
588   -9.866644820534e-02 -9.867021720308e-02 2.26e-14 1.67e-12 3.15e-09 3.144
589   -9.866649824536e-02 -9.867016267362e-02 2.13e-14 1.60e-12 3.01e-09 3.148
590   -9.866650934002e-02 -9.867015053623e-02 2.41e-14 1.12e-12 3.00e-09 3.153
591   -9.866655812561e-02 -9.867009738225e-02 2.27e-14 1.09e-12 2.87e-09 3.157
592   -9.866656915320e-02 -9.867008533026e-02 1.80e-14 1.09e-12 2.86e-09 3.162
593   -9.866661598164e-02 -9.867003430435e-02 1.70e-14 1.03e-12 2.73e-09 3.166
594   -9.866662674805e-02 -9.867002252852e-02 2.11e-14 3.31e-13 2.72e-09 3.171
595   -9.866667237727e-02 -9.866997281688e-02 1.98e-14 3.28e-13 2.60e-09 3.175
596   -9.866668305358e-02 -9.866996114992e-02 1.55e-14 5.03e-13 2.59e-09 3.180
597   -9.866672679208e-02 -9.866991349422e-02 1.46e-14 4.39e-13 2.48e-09 3.184
598   -9.866673723372e-02 -9.866990207575e-02 1.85e-14 1.05e-12 2.47e-09 3.189
599   -9.866677990828e-02 -9.866985558616e-02 1.74e-14 8.57e-13 2.36e-09 3.193
600   -9.866679027272e-02 -9.866984426108e-02 1.33e-14 2.36e-12 2.35e-09 3.198
601   -9.866683119120e-02 -9.866979968110e-02 1.25e-14 2.18e-12 2.25e-09 3.202
602   -9.866684132043e-02 -9.866978860629e-02 1.62e-14 4.59e-12 2.24e-09 3.206
603   -9.866688113639e-02 -9.866974523356e-02 1.53e-14 4.27e-12 2.14e-09 3.210
604   -9.866689117183e-02 -9.866973426901e-02 1.14e-14 1.98e-12 2.13e-09 3.215
605   -9.866692940313e-02 -9.866969261946e-02 1.07e-14 1.79e-12 2.03e-09 3.219
606   -9.866693922101e-02 -9.866968188703e-02 1.43e-14 4.38e-12 2.02e-09 3.225
607   -9.866697643161e-02 -9.866964135490e-02 1.34e-14 3.99e-12 1.93e-09 3.228
608   -9.866698616360e-02 -9.866963072310e-02 1.57e-14 2.52e-12 1.92e-09 3.235
609   -9.866702181832e-02 -9.866959188301e-02 1.48e-14 2.38e-12 1.84e-09 3.239
610   -9.866703133462e-02 -9.866958148203e-02 1.81e-14 3.89e-12 1.83e-09 3.244
611   -9.866706609964e-02 -9.866954361606e-02 1.70e-14 3.59e-12 1.75e-09 3.248
612   -9.866707548783e-02 -9.866953336068e-02 1.34e-14 2.02e-12 1.74e-09 3.253
613   -9.866710873489e-02 -9.866949714557e-02 1.26e-14 1.85e-12 1.66e-09 3.257
614   -9.866711791579e-02 -9.866948711270e-02 1.48e-14 6.80e-13 1.65e-09 3.263
615   -9.866715030618e-02 -9.866945183512e-02 1.40e-14 6.09e-13 1.58e-09 3.267
616   -9.866715938168e-02 -9.866944192257e-02 1.58e-14 3.27e-12 1.57e-09 3.272
617   -9.866719041862e-02 -9.866940811693e-02 1.49e-14 3.07e-12 1.50e-09 3.276
618   -9.866719926409e-02 -9.866939845221e-02 1.70e-14 3.15e-12 1.49e-09 3.282
619   -9.866722932060e-02 -9.866936571822e-02 1.60e-14 2.91e-12 1.42e-09 3.285
620   -9.866723809422e-02 -9.866935613627e-02 1.77e-14 2.03e-13 1.41e-09 3.291
621   -9.866726700387e-02 -9.866932464955e-02 1.67e-14 1.03e-13 1.35e-09 3.295
622   -9.866727556240e-02 -9.866931529975e-02 1.94e-14 3.56e-13 1.34e-09 3.300
623   -9.866730362010e-02 -9.866928474435e-02 1.82e-14 4.89e-13 1.28e-09 3.304
624   -9.866731207370e-02 -9.866927551278e-02 1.50e-14 9.07e-13 1.27e-09 3.309
625   -9.866733899343e-02 -9.866924619500e-02 1.42e-14 9.37e-13 1.21e-09 3.313
626   -9.866734721203e-02 -9.866923721786e-02 1.67e-14 1.50e-12 1.20e-09 3.318
627   -9.866737331975e-02 -9.866920878742e-02 1.57e-14 1.29e-12 1.15e-09 3.322
628   -9.866738142782e-02 -9.866919993422e-02 1.73e-14 2.71e-12 1.14e-09 3.327
629   -9.866740643554e-02 -9.866917270016e-02 1.63e-14 2.57e-12 1.09e-09 3.331
630   -9.866741437958e-02 -9.866916402414e-02 1.86e-14 4.18e-12 1.08e-09 3.336
631   -9.866743867688e-02 -9.866913756654e-02 1.75e-14 3.86e-12 1.03e-09 3.340
632   -9.866744648830e-02 -9.866912903796e-02 1.46e-14 1.43e-12 1.02e-09 3.345
633   -9.866746982114e-02 -9.866910362928e-02 1.38e-14 1.38e-12 9.77e-10 3.349
634   -9.866747747309e-02 -9.866909527342e-02 1.60e-14 2.16e-12 9.67e-10 3.354
635   -9.866750015460e-02 -9.866907057644e-02 1.50e-14 2.15e-12 9.24e-10 3.358
636   -9.866750770154e-02 -9.866906233752e-02 1.24e-14 4.35e-12 9.15e-10 3.363
637   -9.866752932480e-02 -9.866903879166e-02 1.17e-14 4.16e-12 8.75e-10 3.370
638   -9.866753665430e-02 -9.866903078951e-02 3.56e-14 6.47e-12 8.66e-10 3.375
639   -9.866755774807e-02 -9.866900782238e-02 3.35e-14 6.05e-12 8.27e-10 3.379
640   -9.866756499542e-02 -9.866899991136e-02 3.04e-14 5.44e-12 8.18e-10 3.383
641   -9.866758510398e-02 -9.866897801589e-02 2.86e-14 5.06e-12 7.82e-10 3.388
642   -9.866759216344e-02 -9.866897030948e-02 5.02e-14 2.47e-12 7.73e-10 3.393
643   -9.866761174768e-02 -9.866894898684e-02 4.72e-14 2.19e-12 7.39e-10 3.398
644   -9.866761861549e-02 -9.866894149082e-02 4.39e-14 4.61e-12 7.31e-10 3.402
645   -9.866763722517e-02 -9.866892122825e-02 4.13e-14 4.44e-12 6.98e-10 3.406
646   -9.866764397993e-02 -9.866891385489e-02 4.22e-14 3.16e-12 6.90e-10 3.411
647   -9.866766217191e-02 -9.866889404890e-02 3.97e-14 2.91e-12 6.59e-10 3.415
648   -9.866766876109e-02 -9.866888685776e-02 4.01e-14 5.44e-13 6.51e-10 3.420
649   -9.866768604652e-02 -9.866886803790e-02 3.77e-14 4.85e-13 6.22e-10 3.425
650   -9.866769248490e-02 -9.866886101073e-02 3.86e-14 3.64e-13 6.15e-10 3.431
651   -9.866770922835e-02 -9.866884278241e-02 3.64e-14 2.57e-13 5.87e-10 3.435
652   -9.866771555988e-02 -9.866883587310e-02 3.66e-14 2.36e-12 5.80e-10 3.441
653   -9.866773169699e-02 -9.866881830431e-02 3.45e-14 2.09e-12 5.54e-10 3.444
654   -9.866773782806e-02 -9.866881161378e-02 5.15e-14 2.44e-12 5.46e-10 3.449
655   -9.866775335365e-02 -9.866879471191e-02 4.85e-14 2.33e-12 5.22e-10 3.453
656   -9.866775932983e-02 -9.866878819094e-02 4.53e-14 1.61e-12 5.15e-10 3.458
657   -9.866777422664e-02 -9.866877197302e-02 4.26e-14 1.54e-12 4.92e-10 3.462
658   -9.866777998744e-02 -9.866876568688e-02 4.31e-14 6.00e-12 4.85e-10 3.467
659   -9.866779435589e-02 -9.866875004521e-02 4.05e-14 5.54e-12 4.64e-10 3.471
660   -9.866780004535e-02 -9.866874383772e-02 3.77e-14 6.59e-13 4.57e-10 3.476
661   -9.866781377804e-02 -9.866872888763e-02 3.55e-14 5.53e-13 4.37e-10 3.480
662   -9.866781926207e-02 -9.866872290454e-02 5.05e-14 3.11e-12 4.30e-10 3.484
663   -9.866783254010e-02 -9.866870845036e-02 4.75e-14 2.98e-12 4.11e-10 3.488
664   -9.866783798283e-02 -9.866870251258e-02 4.45e-14 9.48e-12 4.05e-10 3.493
665   -9.866785079283e-02 -9.866868856749e-02 4.18e-14 9.04e-12 3.86e-10 3.497
666   -9.866785596076e-02 -9.866868292949e-02 4.21e-14 1.23e-11 3.81e-10 3.502
667   -9.866786831024e-02 -9.866866948650e-02 3.95e-14 1.17e-11 3.63e-10 3.506
668   -9.866787337113e-02 -9.866866396585e-02 3.69e-14 1.17e-11 3.58e-10 3.511
669   -9.866788497885e-02 -9.866865132980e-02 3.47e-14 1.11e-11 3.42e-10 3.515
670   -9.866788985470e-02 -9.866864601125e-02 4.82e-14 1.11e-11 3.37e-10 3.519
671   -9.866790127860e-02 -9.866863357612e-02 4.53e-14 1.05e-11 3.21e-10 3.523
672   -9.866790607606e-02 -9.866862834330e-02 4.25e-14 1.15e-11 3.16e-10 3.528
673   -9.866791683544e-02 -9.866861663107e-02 4.00e-14 1.07e-11 3.02e-10 3.532
674   -9.866792145790e-02 -9.866861158940e-02 5.25e-14 1.94e-11 2.97e-10 3.537
675   -9.866793207111e-02 -9.866860003701e-02 4.92e-14 1.80e-11 2.83e-10 3.540
676   -9.866793648479e-02 -9.866859522317e-02 4.64e-14 1.80e-11 2.79e-10 3.545
677   -9.866794647808e-02 -9.866858434510e-02 4.35e-14 1.67e-11 2.66e-10 3.549
678   -9.866795076740e-02 -9.866857966720e-02 5.51e-14 1.35e-11 2.62e-10 3.554
679   -9.866796038744e-02 -9.866856919596e-02 5.18e-14 1.26e-11 2.50e-10 3.558
680   -9.866796456672e-02 -9.866856463814e-02 4.89e-14 7.24e-12 2.45e-10 3.563
681   -9.866797384715e-02 -9.866855453630e-02 4.59e-14 6.84e-12 2.34e-10 3.566
682   -9.866797784977e-02 -9.866855017142e-02 5.69e-14 6.10e-13 2.30e-10 3.571
683   -9.866798666067e-02 -9.866854058106e-02 5.35e-14 2.99e-13 2.19e-10 3.575
684   -9.866799052284e-02 -9.866853636937e-02 5.25e-14 4.83e-13 2.16e-10 3.581
685   -9.866799908248e-02 -9.866852705228e-02 4.92e-14 3.42e-13 2.06e-10 3.584
686   -9.866800279955e-02 -9.866852299891e-02 4.87e-14 7.04e-12 2.02e-10 3.589
687   -9.866801097421e-02 -9.866851410122e-02 4.57e-14 6.78e-12 1.93e-10 3.593
688   -9.866801464018e-02 -9.866851010391e-02 4.49e-14 1.45e-11 1.89e-10 3.599
689   -9.866802246803e-02 -9.866850158351e-02 4.21e-14 1.37e-11 1.80e-10 3.602
690   -9.866802588930e-02 -9.866849785322e-02 5.24e-14 1.32e-11 1.77e-10 3.607
691   -9.866803347471e-02 -9.866848959703e-02 4.91e-14 1.25e-11 1.69e-10 3.611
692   -9.866803678268e-02 -9.866848599032e-02 4.81e-14 1.35e-11 1.66e-10 3.616
693   -9.866804391178e-02 -9.866847823052e-02 4.52e-14 1.28e-11 1.58e-10 3.620
694   -9.866804706752e-02 -9.866847479000e-02 5.50e-14 5.63e-12 1.55e-10 3.624
695   -9.866805399024e-02 -9.866846725514e-02 5.15e-14 4.83e-12 1.48e-10 3.628
696   -9.866805703754e-02 -9.866846393278e-02 4.88e-14 2.71e-12 1.45e-10 3.634
697   -9.866806354622e-02 -9.866845684835e-02 4.59e-14 2.12e-12 1.38e-10 3.638
698   -9.866806647719e-02 -9.866845365313e-02 5.51e-14 3.63e-12 1.36e-10 3.642
699   -9.866807300843e-02 -9.866844654444e-02 5.15e-14 3.30e-12 1.29e-10 3.646
700   -9.866807581153e-02 -9.866844348854e-02 4.88e-14 1.60e-11 1.27e-10 3.651
701   -9.866808185913e-02 -9.866843690601e-02 4.58e-14 1.48e-11 1.21e-10 3.655
702   -9.866808455296e-02 -9.866843396956e-02 5.46e-14 1.24e-11 1.18e-10 3.660
703   -9.866809028191e-02 -9.866842773407e-02 5.12e-14 1.15e-11 1.13e-10 3.664
704   -9.866809287471e-02 -9.866842490755e-02 4.87e-14 5.41e-12 1.11e-10 3.669
705   -9.866809851279e-02 -9.866841877086e-02 4.56e-14 4.97e-12 1.05e-10 3.673
706   -9.866810093707e-02 -9.866841612835e-02 5.41e-14 6.75e-13 1.03e-10 3.677
707   -9.866810612245e-02 -9.866841048450e-02 5.07e-14 3.09e-13 9.84e-11 3.681
708   -9.866810847147e-02 -9.866840792383e-02 4.82e-14 3.74e-12 9.65e-11 3.686
709   -9.866811358622e-02 -9.866840235677e-02 4.51e-14 3.19e-12 9.18e-11 3.690
710   -9.866811573647e-02 -9.866840001312e-02 5.36e-14 6.35e-12 9.01e-11 3.695
711   -9.866812060248e-02 -9.866839471690e-02 5.02e-14 5.74e-12 8.57e-11 3.699
712   -9.866812272504e-02 -9.866839240321e-02 4.77e-14 1.14e-11 8.41e-11 3.703
713   -9.866812745285e-02 -9.866838725729e-02 4.46e-14 1.03e-11 7.98e-11 3.707
714   -9.866812947450e-02 -9.866838505369e-02 4.36e-14 2.17e-11 7.83e-11 3.714
715   -9.866813392174e-02 -9.866838021329e-02 4.07e-14 2.03e-11 7.44e-11 3.718
716   -9.866813585780e-02 -9.866837810346e-02 5.56e-14 2.14e-11 7.30e-11 3.722
717   -9.866813998536e-02 -9.866837361085e-02 5.21e-14 2.01e-11 6.94e-11 3.726
718   -9.866814183728e-02 -9.866837159302e-02 7.58e-14 2.71e-11 6.81e-11 3.730
719   -9.866814591519e-02 -9.866836715457e-02 7.08e-14 2.52e-11 6.46e-11 3.734
720   -9.866814762314e-02 -9.866836529338e-02 8.27e-14 2.54e-11 6.35e-11 3.738
721   -9.866815147247e-02 -9.866836110357e-02 7.73e-14 2.38e-11 6.03e-11 3.742
722   -9.866815312487e-02 -9.866835930326e-02 9.88e-14 3.30e-11 5.91e-11 3.746
723   -9.866815675988e-02 -9.866835534679e-02 9.24e-14 3.06e-11 5.62e-11 3.750
724   -9.866815824859e-02 -9.866835372459e-02 1.03e-13 2.52e-11 5.51e-11 3.755
725   -9.866816172524e-02 -9.866834994035e-02 9.66e-14 2.38e-11 5.23e-11 3.759
726   -9.866816319280e-02 -9.866834834128e-02 1.08e-13 2.00e-11 5.14e-11 3.763
727   -9.866816650864e-02 -9.866834473213e-02 1.01e-13 1.89e-11 4.88e-11 3.767
728   -9.866816790434e-02 -9.866834321140e-02 1.11e-13 2.71e-11 4.79e-11 3.772
729   -9.866817091486e-02 -9.866833993449e-02 1.04e-13 2.53e-11 4.56e-11 3.776
730   -9.866817218482e-02 -9.866833855073e-02 1.14e-13 4.38e-11 4.48e-11 3.780
731   -9.866817515291e-02 -9.866833532006e-02 1.07e-13 4.10e-11 4.25e-11 3.784
732   -9.866817634967e-02 -9.866833401607e-02 1.14e-13 4.22e-11 4.17e-11 3.789
733   -9.866817918034e-02 -9.866833093489e-02 1.07e-13 3.99e-11 3.96e-11 3.793
734   -9.866818030316e-02 -9.866832971150e-02 1.16e-13 5.06e-11 3.89e-11 3.797
735   -9.866818303129e-02 -9.866832674196e-02 1.08e-13 4.73e-11 3.69e-11 3.801
736   -9.866818415125e-02 -9.866832552167e-02 1.15e-13 5.23e-11 3.63e-11 3.805
737   -9.866818671041e-02 -9.866832273600e-02 1.08e-13 4.90e-11 3.44e-11 3.809
738   -9.866818771751e-02 -9.866832163896e-02 1.23e-13 5.54e-11 3.38e-11 3.813
739   -9.866818998217e-02 -9.866831917388e-02 1.16e-13 5.20e-11 3.22e-11 3.817
740   -9.866819096834e-02 -9.866831809869e-02 9.55e-14 4.72e-11 3.16e-11 3.822
741   -9.866819319784e-02 -9.866831567190e-02 8.95e-14 4.42e-11 3.01e-11 3.825
742   -9.866819424766e-02 -9.866831452831e-02 1.03e-13 6.86e-11 2.95e-11 3.829
743   -9.866819672383e-02 -9.866831183312e-02 9.53e-14 6.35e-11 2.79e-11 3.833
744   -9.866819768020e-02 -9.866831079115e-02 9.99e-14 3.55e-11 2.73e-11 3.838
745   -9.866819983067e-02 -9.866830845037e-02 9.33e-14 3.35e-11 2.59e-11 3.842
746   -9.866820072370e-02 -9.866830747761e-02 1.06e-13 4.07e-11 2.54e-11 3.846
747   -9.866820275868e-02 -9.866830526255e-02 9.91e-14 3.82e-11 2.40e-11 3.850
748   -9.866820374966e-02 -9.866830418289e-02 1.02e-13 3.56e-11 2.35e-11 3.854
749   -9.866820580502e-02 -9.866830194566e-02 9.51e-14 3.34e-11 2.22e-11 3.858
750   -9.866820658799e-02 -9.866830109284e-02 1.07e-13 7.24e-12 2.18e-11 3.862
751   -9.866820841789e-02 -9.866829910099e-02 9.96e-14 6.75e-12 2.06e-11 3.866
752   -9.866820911487e-02 -9.866829834107e-02 8.20e-14 9.79e-12 2.03e-11 3.871
753   -9.866821057759e-02 -9.866829674884e-02 7.72e-14 9.38e-12 1.93e-11 3.875
754   -9.866821126851e-02 -9.866829599632e-02 8.87e-14 3.80e-11 1.90e-11 3.879
755   -9.866821306997e-02 -9.866829403545e-02 8.24e-14 3.55e-11 1.79e-11 3.882
756   -9.866821364653e-02 -9.866829340740e-02 8.65e-14 3.44e-11 1.76e-11 3.887
757   -9.866821478606e-02 -9.866829216692e-02 8.20e-14 3.27e-11 1.69e-11 3.891
758   -9.866821545061e-02 -9.866829144313e-02 9.16e-14 4.20e-11 1.66e-11 3.895
759   -9.866821709716e-02 -9.866828965087e-02 8.50e-14 3.93e-11 1.56e-11 3.899
760   -9.866821771763e-02 -9.866828897485e-02 8.77e-14 5.49e-11 1.53e-11 3.903
761   -9.866821897506e-02 -9.866828760609e-02 8.24e-14 5.14e-11 1.46e-11 3.907
762   -9.866821954690e-02 -9.866828698331e-02 9.16e-14 1.21e-10 1.43e-11 3.911
763   -9.866822087727e-02 -9.866828553518e-02 8.55e-14 1.12e-10 1.35e-11 3.915
764   -9.866822146505e-02 -9.866828489447e-02 7.16e-14 7.03e-11 1.32e-11 3.919
765   -9.866822268666e-02 -9.866828356476e-02 6.69e-14 6.61e-11 1.25e-11 3.923
766   -9.866822316326e-02 -9.866828304555e-02 7.01e-14 6.15e-11 1.23e-11 3.927
767   -9.866822442652e-02 -9.866828167046e-02 6.52e-14 5.65e-11 1.16e-11 3.931
768   -9.866822491434e-02 -9.866828113906e-02 6.78e-14 5.05e-11 1.14e-11 3.936
769   -9.866822600279e-02 -9.866827995424e-02 6.33e-14 4.66e-11 1.08e-11 3.940
770   -9.866822649087e-02 -9.866827942273e-02 7.21e-14 2.61e-11 1.06e-11 3.944
771   -9.866822764044e-02 -9.866827817139e-02 6.69e-14 2.54e-11 9.98e-12 3.948
772   -9.866822814074e-02 -9.866827762604e-02 5.46e-14 4.51e-11 9.75e-12 3.952
773   -9.866822917732e-02 -9.866827649771e-02 5.08e-14 4.13e-11 9.22e-12 3.956
774   -9.866822955023e-02 -9.866827609173e-02 6.05e-14 3.11e-11 9.05e-12 3.960
775   -9.866823033163e-02 -9.866827524112e-02 5.70e-14 3.00e-11 8.65e-12 3.964
776   -9.866823071890e-02 -9.866827481899e-02 4.49e-14 1.83e-11 8.51e-12 3.968
777   -9.866823164298e-02 -9.866827381308e-02 4.18e-14 1.76e-11 8.04e-12 3.972
778   -9.866823204559e-02 -9.866827337462e-02 4.52e-14 3.70e-11 7.88e-12 3.976
779   -9.866823253888e-02 -9.866827283765e-02 4.32e-14 3.45e-11 7.62e-12 3.980
780   -9.866823297896e-02 -9.866827235797e-02 3.50e-14 1.69e-11 7.42e-12 3.984
781   -9.866823430969e-02 -9.866827090958e-02 3.15e-14 1.40e-11 6.81e-12 3.988
782   -9.866823453376e-02 -9.866827066578e-02 4.23e-14 1.46e-10 6.75e-12 3.992
783   -9.866823502399e-02 -9.866827013207e-02 4.02e-14 1.39e-10 6.49e-12 3.996
784   -9.866823546634e-02 -9.866826964999e-02 3.06e-14 1.64e-10 6.33e-12 4.001
785   -9.866823616996e-02 -9.866826888423e-02 3.31e-14 5.09e-08 5.99e-12 4.004
786   -9.866823653013e-02 -9.866826849204e-02 3.89e-14 4.86e-08 5.82e-12 4.008
787   -9.866823731494e-02 -9.866826763780e-02 3.59e-14 4.48e-08 5.46e-12 4.013
788   -9.866823754473e-02 -9.866826738716e-02 2.62e-14 4.33e-08 5.36e-12 4.018
789   -9.866823811121e-02 -9.866826677052e-02 2.45e-14 4.05e-08 5.09e-12 4.022
790   -9.866823861909e-02 -9.866826621747e-02 2.95e-14 3.80e-08 4.90e-12 4.025
791   -9.866823938537e-02 -9.866826538340e-02 2.70e-14 3.48e-08 4.56e-12 4.029
792   -9.866823957471e-02 -9.866826517714e-02 2.85e-14 3.37e-08 4.47e-12 4.035
793   -9.866824001164e-02 -9.866826470151e-02 2.69e-14 3.18e-08 4.27e-12 4.039
794   -9.866824027153e-02 -9.866826441851e-02 2.89e-14 3.05e-08 4.16e-12 4.043
795   -9.866824076547e-02 -9.866826388085e-02 2.70e-14 2.85e-08 3.94e-12 4.047
796   -9.866824119916e-02 -9.866826340831e-02 2.09e-14 2.66e-08 3.76e-12 4.051
797   -9.866824191036e-02 -9.866826263423e-02 1.89e-14 2.41e-08 3.47e-12 4.056
798   -9.866824209573e-02 -9.866826243241e-02 2.39e-14 2.30e-08 3.38e-12 4.059
799   -9.866824296576e-02 -9.866826148536e-02 2.09e-14 2.02e-08 3.03e-12 4.063
800   -9.866824335619e-02 -9.866826105990e-02 1.35e-14 1.87e-08 2.90e-12 4.067
801   -9.866824385712e-02 -9.866826051462e-02 1.24e-14 1.70e-08 2.70e-12 4.071
802   -9.866824424809e-02 -9.866826008893e-02 1.69e-14 1.55e-08 2.53e-12 4.075
803   -9.866824457871e-02 -9.866825972906e-02 1.58e-14 1.45e-08 2.40e-12 4.079
Numerical error in objective
Restoring previous solution


Suboptimal solution found in 804 iterations and 4.08 seconds
Objective -9.86672670e-02
Primal infeasibility (abs/rel): 3.34e-14/1.67e-14
Dual infeasibility   (abs/rel): 1.14e-13/1.03e-13
Complementarity gap  (abs/rel): 1.48e-09/1.35e-09


Barrier finished in 4.08 seconds
Dual variables for problems with quadratic constraints not returned.
