cuOpt version: 26.10.0, git hash: 648f805d, host arch: x86_64, device archs: 80-real
CPU: AMD EPYC 7642 48-Core Processor, threads: 5C/5T, RAM usage: 37.42/503.74GiB
CPU SIMD target: AVX2
CUDA 12.9, device: NVIDIA A100 80GB PCIe (ID 0), VRAM: 79.44 GiB
CUDA device UUID: 68df5cf5-71f9-6a93-b428-460c080ffb10
Problem has 1 quadratic constraints. Converting to second-order cones and solving with barrier.
Handling 50 free variables directly in augmented system
Presolved problem: 5103 constraints 10102 variables 265152 nonzeros
Skipping Ruiz equilibration (row norm ratio 1.4, column norm ratio 1.4 < 5e4, Q coeff ratio 1.0 < 100)
Barrier solver started at 0.027 seconds
Barrier solver: 5103 constraints, 10102 variables, 265152 nonzeros


Second-order cones          : 1
Free variables              : 50
Upper bounds                : 5000
Linear system               : augmented
cuDSS Version               : 0.7.1
cuDSS Threading layer       : libcudss_mtlayer_gomp.so.0
Reordering time             : 0.057s
Symbolic factorization time : 0.023s
Symbolic nonzeros in factor : 2.79e+05
Elapsed time for augmented  : 0.114 seconds
Elapsed time           : 0.114 seconds
Barrier setup complete at 0.114 seconds
Adaptive regularization enabled


                  Objective                         Infeasibility        Time
Iter   Primal              Dual                Primal   Dual    Compl.   Elapsed
  0   -3.704296579021e+02 -3.711143874095e+02 3.71e+03 1.91e+00 1.19e-02 0.115
  1   -4.759847695172e-01 -3.473002076118e+02 3.37e+00 2.99e-01 2.04e-01 0.119
  2   -6.516093742477e-02 -4.831855860756e+00 3.31e-02 3.32e-03 2.60e-03 0.123
  3   -6.242213895322e-02 -2.172905020598e-01 1.05e-03 1.05e-04 6.04e-05 0.127
  4   -6.290499308253e-02 -2.177481112465e-01 1.04e-03 1.04e-04 4.93e-05 0.131
  5   -6.286870306895e-02 -2.177107489163e-01 1.04e-03 1.04e-04 5.12e-05 0.136
  6   -6.410836366601e-02 -2.182616004017e-01 1.01e-03 1.01e-04 5.90e-05 0.140
  7   -6.410494815396e-02 -2.182524613668e-01 1.01e-03 1.01e-04 5.90e-05 0.145
  8   -6.474404805832e-02 -2.184836906522e-01 9.32e-04 9.34e-05 2.32e-04 0.149
  9   -6.615236026417e-02 -2.160041439884e-01 8.18e-04 8.20e-05 4.05e-04 0.153
 10   -8.519791678804e-02 -1.535233539518e-01 8.18e-08 8.89e-09 2.67e-04 0.158
 11   -9.163380256098e-02 -1.157021915256e-01 1.80e-08 1.85e-09 8.57e-05 0.162
 12   -9.151579048462e-02 -1.155202986060e-01 1.76e-08 1.78e-09 8.42e-05 0.169
 13   -9.163936231478e-02 -1.146942887477e-01 1.52e-08 1.53e-09 7.60e-05 0.173
 14   -9.167273464016e-02 -1.147250587670e-01 1.51e-08 1.53e-09 7.59e-05 0.180
 15   -9.161718293143e-02 -1.146224710410e-01 1.47e-08 1.49e-09 7.45e-05 0.184
 16   -9.157581386764e-02 -1.145773549629e-01 1.47e-08 1.48e-09 7.43e-05 0.191
 17   -9.154927532016e-02 -1.144681602007e-01 1.43e-08 1.44e-09 7.26e-05 0.196
 18   -9.157808489370e-02 -1.144920998123e-01 1.42e-08 1.44e-09 7.24e-05 0.203
 19   -9.157086673529e-02 -1.143217280343e-01 1.36e-08 1.38e-09 7.05e-05 0.208
 20   -9.153018346709e-02 -1.142758572580e-01 1.36e-08 1.37e-09 7.03e-05 0.214
 21   -9.150623695959e-02 -1.141519980677e-01 1.32e-08 1.33e-09 6.85e-05 0.219
 22   -9.153531330847e-02 -1.141750825809e-01 1.31e-08 1.33e-09 6.83e-05 0.225
 23   -9.158159619219e-02 -1.139079565132e-01 1.25e-08 1.26e-09 6.82e-05 0.229
 24   -9.154055297417e-02 -1.138607498269e-01 1.24e-08 1.25e-09 6.99e-05 0.235
 25   -9.151764510598e-02 -1.137299539253e-01 1.20e-08 1.21e-09 7.37e-05 0.240
 26   -9.154671543376e-02 -1.137519377506e-01 1.19e-08 1.21e-09 7.53e-05 0.246
 27   -9.163374894899e-02 -1.134256656447e-01 1.13e-08 1.14e-09 7.74e-05 0.250
 28   -9.159259213915e-02 -1.133775271019e-01 1.12e-08 1.13e-09 7.91e-05 0.256
 29   -9.157306327853e-02 -1.132403629958e-01 1.08e-08 1.09e-09 8.25e-05 0.261
 30   -9.160208719567e-02 -1.132613478870e-01 1.08e-08 1.09e-09 8.42e-05 0.268
 31   -9.172143377188e-02 -1.128970344203e-01 1.01e-08 1.02e-09 8.53e-05 0.272
 32   -9.168052657714e-02 -1.128484851063e-01 1.01e-08 1.02e-09 8.71e-05 0.278
 33   -9.166600547850e-02 -1.127049986418e-01 9.66e-09 9.76e-10 9.00e-05 0.283
 34   -9.169491227224e-02 -1.127250851501e-01 9.62e-09 9.71e-10 9.17e-05 0.288
 35   -9.184185202412e-02 -1.123328472385e-01 9.01e-09 9.09e-10 9.21e-05 0.292
 36   -9.180154288552e-02 -1.122843765806e-01 8.97e-09 1.17e-09 9.39e-05 0.298
 37   -9.179325569688e-02 -1.121341285723e-01 8.60e-09 1.12e-09 9.62e-05 0.303
 38   -9.182188553866e-02 -1.121533145772e-01 8.55e-09 1.45e-09 9.79e-05 0.309
 39   -9.199247226266e-02 -1.117399037244e-01 7.99e-09 1.35e-09 9.76e-05 0.313
 40   -9.195308813497e-02 -1.116919622372e-01 7.95e-09 1.70e-09 9.94e-05 0.320
 41   -9.195213799725e-02 -1.115342303722e-01 7.60e-09 1.62e-09 1.01e-04 0.324
 42   -9.198028296288e-02 -1.115524469189e-01 7.56e-09 1.97e-09 1.03e-04 0.332
 43   -9.217067826102e-02 -1.111235405506e-01 7.04e-09 1.83e-09 1.02e-04 0.336
 44   -9.213251762226e-02 -1.110765369439e-01 7.00e-09 2.19e-09 1.04e-04 0.342
 45   -9.214001256841e-02 -1.109104977453e-01 6.67e-09 2.08e-09 1.05e-04 0.347
 46   -9.216745195745e-02 -1.109276473251e-01 6.64e-09 2.44e-09 1.07e-04 0.354
 47   -9.237392136963e-02 -1.104884494159e-01 6.17e-09 2.26e-09 1.05e-04 0.358
 48   -9.233724805006e-02 -1.104427484068e-01 6.13e-09 2.62e-09 1.07e-04 0.365
 49   -9.235431603757e-02 -1.102676506668e-01 5.82e-09 2.48e-09 1.07e-04 0.370
 50   -9.238083488062e-02 -1.102836299257e-01 5.78e-09 2.84e-09 1.09e-04 0.377
 51   -9.259971479749e-02 -1.098391984825e-01 5.36e-09 2.63e-09 1.07e-04 0.382
 52   -9.256475638685e-02 -1.097951224463e-01 5.33e-09 2.98e-09 1.09e-04 0.388
 53   -9.259246292508e-02 -1.096105004840e-01 5.03e-09 2.81e-09 1.09e-04 0.393
 54   -9.261786223959e-02 -1.096252145260e-01 5.00e-09 3.15e-09 1.10e-04 0.399
 55   -9.284176956432e-02 -1.091855598652e-01 4.62e-09 2.91e-09 1.08e-04 0.404
 56   -9.280878153756e-02 -1.091434422140e-01 4.59e-09 3.25e-09 1.10e-04 0.411
 57   -9.284811363338e-02 -1.089492644916e-01 4.32e-09 3.05e-09 1.09e-04 0.416
 58   -9.287222982442e-02 -1.089626446086e-01 4.29e-09 3.38e-09 1.11e-04 0.423
 59   -9.309919726115e-02 -1.085307382531e-01 3.95e-09 3.12e-09 1.08e-04 0.427
 60   -9.306831995516e-02 -1.084908060082e-01 3.93e-09 3.44e-09 1.09e-04 0.434
 61   -9.311964788804e-02 -1.082879942130e-01 3.67e-09 3.21e-09 1.08e-04 0.439
 62   -9.314234680537e-02 -1.083000014923e-01 3.65e-09 3.52e-09 1.10e-04 0.445
 63   -9.337223663955e-02 -1.078765696757e-01 3.35e-09 3.23e-09 1.06e-04 0.449
 64   -9.334352127173e-02 -1.078389642172e-01 3.33e-09 3.53e-09 1.08e-04 0.456
 65   -9.340638991852e-02 -1.076295294819e-01 3.10e-09 3.29e-09 1.06e-04 0.461
 66   -9.342757289871e-02 -1.076401591536e-01 3.08e-09 3.57e-09 1.07e-04 0.467
 67   -9.365685775070e-02 -1.072302210258e-01 2.82e-09 3.27e-09 1.04e-04 0.471
 68   -9.363035972591e-02 -1.071950722814e-01 2.81e-09 3.54e-09 1.05e-04 0.477
 69   -9.370348638368e-02 -1.069820104761e-01 2.60e-09 3.28e-09 1.03e-04 0.482
 70   -9.372311080644e-02 -1.069913086555e-01 2.58e-09 3.54e-09 1.04e-04 0.488
 71   -9.394401542623e-02 -1.066049188493e-01 2.36e-09 3.24e-09 1.00e-04 0.492
 72   -9.391983092096e-02 -1.065723712480e-01 2.35e-09 3.48e-09 1.02e-04 0.500
 73   -9.400134784227e-02 -1.063591720612e-01 2.17e-09 3.21e-09 9.91e-05 0.504
 74   -9.401944420881e-02 -1.063672490336e-01 2.15e-09 3.44e-09 1.00e-04 0.511
 75   -9.422878216454e-02 -1.060081869972e-01 1.97e-09 3.14e-09 9.65e-05 0.516
 76   -9.420691347272e-02 -1.059782832705e-01 1.95e-09 3.35e-09 9.78e-05 0.522
 77   -9.429475501452e-02 -1.057680634767e-01 1.80e-09 3.08e-09 9.47e-05 0.527
 78   -9.431139362885e-02 -1.057750580682e-01 1.79e-09 3.28e-09 9.59e-05 0.534
 79   -9.450806890479e-02 -1.054439527450e-01 1.63e-09 2.99e-09 9.19e-05 0.539
 80   -9.448844455168e-02 -1.054166511496e-01 1.62e-09 3.18e-09 9.31e-05 0.546
 81   -9.458110510661e-02 -1.052112634600e-01 1.49e-09 2.92e-09 8.98e-05 0.551
 82   -9.459635544510e-02 -1.052172926419e-01 1.48e-09 3.09e-09 9.09e-05 0.557
 83   -9.478096539346e-02 -1.049124046679e-01 1.35e-09 2.82e-09 8.69e-05 0.562
 84   -9.476345154818e-02 -1.048875962870e-01 1.34e-09 2.97e-09 8.81e-05 0.569
 85   -9.485996230142e-02 -1.046878902974e-01 1.22e-09 2.72e-09 8.45e-05 0.574
 86   -9.487387001733e-02 -1.046930303948e-01 1.22e-09 2.87e-09 8.56e-05 0.579
 87   -9.504737522154e-02 -1.044121572755e-01 1.11e-09 2.61e-09 8.16e-05 0.584
 88   -9.503180422320e-02 -1.043897009203e-01 1.10e-09 2.74e-09 8.26e-05 0.591
 89   -9.513113721115e-02 -1.041964653001e-01 1.00e-09 2.50e-09 7.90e-05 0.596
 90   -9.514373346441e-02 -1.042007734281e-01 9.98e-10 2.62e-09 8.00e-05 0.603
 91   -9.530633381229e-02 -1.039427193557e-01 9.08e-10 2.39e-09 7.60e-05 0.608
 92   -9.529253636627e-02 -1.039224734604e-01 9.02e-10 2.50e-09 7.69e-05 0.614
 93   -9.539311059095e-02 -1.037370993983e-01 8.21e-10 2.27e-09 7.32e-05 0.619
 94   -9.540443760969e-02 -1.037406466570e-01 8.16e-10 2.37e-09 7.41e-05 0.625
 95   -9.555546312003e-02 -1.035053061478e-01 7.42e-10 2.16e-09 7.02e-05 0.630
 96   -9.554328602285e-02 -1.034871395455e-01 7.37e-10 2.25e-09 7.11e-05 0.636
 97   -9.564305783321e-02 -1.033114683201e-01 6.70e-10 2.04e-09 6.74e-05 0.641
 98   -9.565318573524e-02 -1.033143532141e-01 6.66e-10 2.12e-09 6.82e-05 0.649
 99   -9.579179905764e-02 -1.031017983367e-01 6.05e-10 1.93e-09 6.45e-05 0.653
100   -9.578110363397e-02 -1.030855813043e-01 6.02e-10 2.00e-09 6.53e-05 0.660
101   -9.587807693944e-02 -1.029212588831e-01 5.47e-10 1.82e-09 6.17e-05 0.665
102   -9.588710168447e-02 -1.029235957015e-01 5.43e-10 1.88e-09 6.24e-05 0.672
103   -9.601299077413e-02 -1.027332437273e-01 4.94e-10 1.71e-09 5.88e-05 0.676
104   -9.600364302162e-02 -1.027188356337e-01 4.91e-10 1.77e-09 5.96e-05 0.683
105   -9.609632256532e-02 -1.025668035951e-01 4.46e-10 1.61e-09 5.61e-05 0.688
106   -9.610435265216e-02 -1.025687020674e-01 4.43e-10 1.66e-09 5.68e-05 0.695
107   -9.621794336722e-02 -1.023991100879e-01 4.03e-10 1.51e-09 5.34e-05 0.699
108   -9.620980776864e-02 -1.023863558344e-01 4.01e-10 1.55e-09 5.41e-05 0.706
109   -9.629734662804e-02 -1.022467476975e-01 3.64e-10 1.41e-09 5.09e-05 0.711
110   -9.630448966847e-02 -1.022482991509e-01 3.62e-10 1.45e-09 5.15e-05 0.717
111   -9.640675240532e-02 -1.020974448817e-01 3.29e-10 1.32e-09 4.84e-05 0.722
112   -9.639969288975e-02 -1.020861808138e-01 3.27e-10 1.36e-09 4.90e-05 0.728
113   -9.648178401995e-02 -1.019585169363e-01 2.98e-10 1.23e-09 4.60e-05 0.733
114   -9.648813901733e-02 -1.019597909410e-01 2.96e-10 1.26e-09 4.66e-05 0.740
115   -9.658029374032e-02 -1.018254508966e-01 2.70e-10 1.15e-09 4.37e-05 0.744
116   -9.657417846327e-02 -1.018155138831e-01 2.68e-10 1.18e-09 4.43e-05 0.751
117   -9.665087795813e-02 -1.016989530775e-01 2.44e-10 1.07e-09 4.15e-05 0.756
118   -9.665653263459e-02 -1.017000000141e-01 2.43e-10 1.10e-09 4.20e-05 0.763
119   -9.673983197108e-02 -1.015800156710e-01 2.21e-10 1.00e-09 3.94e-05 0.767
120   -9.673453776988e-02 -1.015712504821e-01 2.20e-10 1.02e-09 3.99e-05 0.774
121   -9.680609458102e-02 -1.014648121392e-01 2.01e-10 9.31e-10 3.74e-05 0.779
122   -9.681112558346e-02 -1.014656681102e-01 1.99e-10 9.49e-10 3.79e-05 0.785
123   -9.688669815465e-02 -1.013581271937e-01 1.82e-10 8.68e-10 3.55e-05 0.789
124   -9.688211376336e-02 -1.013503915383e-01 1.81e-10 8.84e-10 3.60e-05 0.796
125   -9.694881360372e-02 -1.012531428455e-01 1.65e-10 8.06e-10 3.37e-05 0.801
126   -9.695328867690e-02 -1.012538354471e-01 1.64e-10 8.20e-10 3.41e-05 0.808
127   -9.702204487618e-02 -1.011571702473e-01 1.50e-10 7.51e-10 3.20e-05 0.812
128   -9.701807285475e-02 -1.011503373071e-01 1.49e-10 7.63e-10 3.24e-05 0.819
129   -9.708014110271e-02 -1.010614989005e-01 1.36e-10 6.97e-10 3.03e-05 0.823
130   -9.708412192108e-02 -1.010620518772e-01 1.36e-10 7.08e-10 3.07e-05 0.830
131   -9.714674770995e-02 -1.009750309596e-01 1.24e-10 6.49e-10 2.88e-05 0.834
132   -9.714330465622e-02 -1.009689893484e-01 1.24e-10 6.58e-10 2.91e-05 0.840
133   -9.720089538724e-02 -1.008879354655e-01 1.13e-10 6.02e-10 2.73e-05 0.844
134   -9.720443948702e-02 -1.008883709396e-01 1.12e-10 6.10e-10 2.76e-05 0.851
135   -9.726146573211e-02 -1.008100043661e-01 1.03e-10 5.60e-10 2.59e-05 0.855
136   -9.725848079208e-02 -1.008046563064e-01 1.03e-10 5.67e-10 2.62e-05 0.861
137   -9.731173269968e-02 -1.007308384145e-01 9.38e-11 5.19e-10 2.46e-05 0.865
138   -9.731489374019e-02 -1.007311768143e-01 9.33e-11 5.26e-10 2.49e-05 0.871
139   -9.736679068938e-02 -1.006605965583e-01 8.58e-11 4.83e-10 2.33e-05 0.875
140   -9.736420311137e-02 -1.006558555956e-01 8.53e-11 4.89e-10 2.36e-05 0.882
141   -9.741330272343e-02 -1.005887215734e-01 7.82e-11 4.49e-10 2.21e-05 0.886
142   -9.741612956249e-02 -1.005889806245e-01 7.78e-11 4.54e-10 2.24e-05 0.893
143   -9.746336418360e-02 -1.005253677479e-01 7.16e-11 4.17e-10 2.10e-05 0.897
144   -9.746112109062e-02 -1.005211571387e-01 7.12e-11 4.22e-10 2.13e-05 0.904
145   -9.750632111524e-02 -1.004601251191e-01 6.54e-11 3.87e-10 2.00e-05 0.908
146   -9.750885693038e-02 -1.004603193207e-01 6.50e-11 3.92e-10 2.02e-05 0.914
147   -9.755189637663e-02 -1.004028949790e-01 5.99e-11 3.61e-10 1.90e-05 0.918
148   -9.754995142555e-02 -1.003991469004e-01 5.96e-11 3.64e-10 1.93e-05 0.924
149   -9.759154903713e-02 -1.003436260208e-01 5.48e-11 3.35e-10 1.81e-05 0.928
150   -9.759383118822e-02 -1.003437668736e-01 5.46e-11 3.38e-10 1.83e-05 0.935
151   -9.763312329067e-02 -1.002918102427e-01 5.04e-11 3.12e-10 1.72e-05 0.939
152   -9.763143598157e-02 -1.002884652759e-01 5.01e-11 3.15e-10 1.75e-05 0.958
153   -9.766974293652e-02 -1.002378856592e-01 4.62e-11 2.90e-10 1.64e-05 0.963
154   -9.767180341319e-02 -1.002379822100e-01 4.59e-11 2.93e-10 1.66e-05 0.969
155   -9.770776039376e-02 -1.001908448509e-01 4.25e-11 2.71e-10 1.56e-05 0.973
156   -9.770629557491e-02 -1.001878513581e-01 4.22e-11 2.73e-10 1.59e-05 0.980
157   -9.774161625246e-02 -1.001416847168e-01 3.90e-11 2.52e-10 1.49e-05 0.984
158   -9.774348235488e-02 -1.001417441082e-01 3.88e-11 2.54e-10 1.51e-05 0.991
159   -9.777647298534e-02 -1.000988547002e-01 3.59e-11 2.35e-10 1.42e-05 0.995
160   -9.777520034700e-02 -1.000961680685e-01 3.57e-11 2.37e-10 1.44e-05 1.001
161   -9.780781864564e-02 -1.000539380827e-01 3.30e-11 2.19e-10 1.36e-05 1.005
162   -9.780951369276e-02 -1.000539660286e-01 3.29e-11 2.20e-10 1.38e-05 1.012
163   -9.783986152215e-02 -1.000148283385e-01 3.05e-11 2.04e-10 1.30e-05 1.016
164   -9.783875506427e-02 -1.000124101645e-01 3.03e-11 2.06e-10 1.32e-05 1.026
165   -9.786892815860e-02 -9.997369523665e-02 2.80e-11 1.90e-10 1.24e-05 1.031
166   -9.787047214350e-02 -9.997369639688e-02 2.79e-11 1.92e-10 1.26e-05 1.038
167   -9.789845779529e-02 -9.993788296543e-02 2.59e-11 1.78e-10 1.19e-05 1.042
168   -9.789749529021e-02 -9.993570024440e-02 2.58e-11 1.79e-10 1.20e-05 1.048
169   -9.792545230583e-02 -9.990013109635e-02 2.39e-11 1.66e-10 1.13e-05 1.052
170   -9.792686245428e-02 -9.990010935066e-02 2.38e-11 1.67e-10 1.15e-05 1.059
171   -9.795272830705e-02 -9.986725294476e-02 2.21e-11 1.55e-10 1.09e-05 1.063
172   -9.795189077848e-02 -9.986527730810e-02 2.20e-11 1.56e-10 1.10e-05 1.070
173   -9.797783449152e-02 -9.983253168419e-02 2.04e-11 1.45e-10 1.04e-05 1.074
174   -9.797912571894e-02 -9.983249031936e-02 2.03e-11 1.46e-10 1.05e-05 1.081
175   -9.800308149638e-02 -9.980227484939e-02 1.89e-11 1.35e-10 9.97e-06 1.085
176   -9.800235273999e-02 -9.980048187482e-02 1.88e-11 1.36e-10 1.01e-05 1.093
177   -9.802646273617e-02 -9.977027812858e-02 1.75e-11 1.27e-10 9.55e-06 1.097
178   -9.802764801233e-02 -9.977021996011e-02 1.74e-11 1.27e-10 9.68e-06 1.104
179   -9.804987624352e-02 -9.974237200334e-02 1.62e-11 1.19e-10 9.16e-06 1.108
180   -9.804924239617e-02 -9.974074061540e-02 1.61e-11 1.19e-10 9.29e-06 1.115
181   -9.807167840887e-02 -9.971283158017e-02 1.50e-11 1.11e-10 8.79e-06 1.119
182   -9.807276904806e-02 -9.971275903563e-02 1.49e-11 1.11e-10 8.90e-06 1.125
183   -9.809342975299e-02 -9.968704062645e-02 1.39e-11 1.04e-10 8.44e-06 1.129
184   -9.809287892236e-02 -9.968555258597e-02 1.39e-11 1.04e-10 8.56e-06 1.137
185   -9.811378376046e-02 -9.965972031319e-02 1.29e-11 9.72e-11 8.10e-06 1.141
186   -9.811478965933e-02 -9.965963549040e-02 1.28e-11 9.77e-11 8.21e-06 1.147
187   -9.813402406793e-02 -9.963583832723e-02 1.20e-11 9.11e-11 7.79e-06 1.151
188   -9.813354602085e-02 -9.963447780125e-02 1.19e-11 9.15e-11 7.89e-06 1.157
189   -9.815304793645e-02 -9.961052926193e-02 1.11e-11 8.53e-11 7.48e-06 1.161
190   -9.815397777057e-02 -9.961043397574e-02 1.11e-11 8.57e-11 7.58e-06 1.168
191   -9.817191117514e-02 -9.958837486890e-02 1.03e-11 8.01e-11 7.20e-06 1.172
192   -9.817149707741e-02 -9.958712807253e-02 1.03e-11 8.05e-11 7.30e-06 1.179
193   -9.818971155075e-02 -9.956489178873e-02 9.59e-12 7.51e-11 6.92e-06 1.183
194   -9.819057294117e-02 -9.956478761244e-02 9.55e-12 7.54e-11 7.01e-06 1.191
195   -9.820731692085e-02 -9.954430485833e-02 8.93e-12 7.05e-11 6.66e-06 1.195
196   -9.820695912315e-02 -9.954315975829e-02 8.89e-12 7.08e-11 6.75e-06 1.201
197   -9.822399032350e-02 -9.952248302466e-02 8.30e-12 6.61e-11 6.41e-06 1.205
198   -9.822478998084e-02 -9.952237132414e-02 8.26e-12 6.63e-11 6.50e-06 1.212
199   -9.824044422590e-02 -9.950332171771e-02 7.73e-12 6.20e-11 6.18e-06 1.216
200   -9.824013608649e-02 -9.950226777829e-02 7.69e-12 6.22e-11 6.26e-06 1.222
201   -9.825607821381e-02 -9.948301420966e-02 7.19e-12 5.81e-11 5.95e-06 1.226
202   -9.825682206122e-02 -9.948289617061e-02 7.15e-12 5.82e-11 6.03e-06 1.233
203   -9.827147599993e-02 -9.946515239524e-02 6.70e-12 5.45e-11 5.73e-06 1.237
204   -9.827121173461e-02 -9.946418036731e-02 6.67e-12 5.46e-11 5.81e-06 1.244
205   -9.828615019466e-02 -9.944622779333e-02 6.23e-12 5.11e-11 5.52e-06 1.248
206   -9.828684346951e-02 -9.944610444644e-02 6.21e-12 5.12e-11 5.60e-06 1.254
207   -9.830057761523e-02 -9.942955290975e-02 5.81e-12 4.80e-11 5.33e-06 1.258
208   -9.830035217241e-02 -9.942865465165e-02 5.79e-12 4.82e-11 5.40e-06 1.265
209   -9.831436463950e-02 -9.941189326844e-02 5.42e-12 4.51e-11 5.14e-06 1.269
210   -9.831501198228e-02 -9.941176550791e-02 5.39e-12 4.53e-11 5.21e-06 1.276
211   -9.832789912353e-02 -9.939630445767e-02 5.05e-12 4.24e-11 4.96e-06 1.280
212   -9.832770807829e-02 -9.939547278309e-02 5.03e-12 4.27e-11 5.03e-06 1.287
213   -9.834086536571e-02 -9.937980362717e-02 4.71e-12 4.00e-11 4.78e-06 1.291
214   -9.834147089478e-02 -9.937967222746e-02 4.69e-12 4.02e-11 4.85e-06 1.297
215   -9.835357702499e-02 -9.936521024676e-02 4.40e-12 3.77e-11 4.62e-06 1.301
216   -9.835341648927e-02 -9.936443879901e-02 4.38e-12 3.79e-11 4.68e-06 1.307
217   -9.836578323959e-02 -9.934977250672e-02 4.10e-12 3.55e-11 4.46e-06 1.311
218   -9.836635061547e-02 -9.934963814065e-02 4.08e-12 3.54e-11 4.52e-06 1.318
219   -9.837773562547e-02 -9.933609297772e-02 3.83e-12 3.32e-11 4.31e-06 1.322
220   -9.837760217542e-02 -9.933537612001e-02 3.82e-12 3.33e-11 4.37e-06 1.328
221   -9.838923741791e-02 -9.932163190925e-02 3.58e-12 3.12e-11 4.16e-06 1.332
222   -9.838976990008e-02 -9.932149516204e-02 3.56e-12 3.13e-11 4.22e-06 1.338
223   -9.840048819935e-02 -9.930879269782e-02 3.34e-12 2.94e-11 4.02e-06 1.342
224   -9.840037881194e-02 -9.930812542354e-02 3.33e-12 2.95e-11 4.08e-06 1.348
225   -9.841133641490e-02 -9.929523024929e-02 3.12e-12 2.77e-11 3.89e-06 1.352
226   -9.841183691279e-02 -9.929509163133e-02 3.11e-12 2.78e-11 3.94e-06 1.360
227   -9.842193791544e-02 -9.928316504929e-02 2.92e-12 2.61e-11 3.76e-06 1.364
228   -9.842184991678e-02 -9.928254290265e-02 2.91e-12 2.61e-11 3.81e-06 1.371
229   -9.843217897209e-02 -9.927043074337e-02 2.73e-12 2.45e-11 3.63e-06 1.375
230   -9.843265008759e-02 -9.927029070417e-02 2.71e-12 2.45e-11 3.68e-06 1.381
231   -9.844217864559e-02 -9.925907976219e-02 2.55e-12 2.30e-11 3.52e-06 1.385
232   -9.844210966592e-02 -9.925849877146e-02 2.54e-12 2.31e-11 3.56e-06 1.392
233   -9.845185489605e-02 -9.924710993024e-02 2.38e-12 2.17e-11 3.40e-06 1.396
234   -9.845229896228e-02 -9.924696886764e-02 2.37e-12 2.17e-11 3.45e-06 1.403
235   -9.846129579544e-02 -9.923641920946e-02 2.23e-12 2.04e-11 3.29e-06 1.407
236   -9.846124373186e-02 -9.923587582774e-02 2.22e-12 2.04e-11 3.34e-06 1.413
237   -9.847044584195e-02 -9.922515633493e-02 2.09e-12 1.92e-11 3.18e-06 1.417
238   -9.847086495655e-02 -9.922501460480e-02 2.08e-12 1.91e-11 3.23e-06 1.424
239   -9.847936702392e-02 -9.921507717102e-02 1.95e-12 1.79e-11 3.08e-06 1.428
240   -9.847933000770e-02 -9.921456822410e-02 1.94e-12 1.82e-11 3.12e-06 1.435
241   -9.848802607395e-02 -9.920446923102e-02 1.83e-12 1.71e-11 2.98e-06 1.439
242   -9.848842212715e-02 -9.920432715300e-02 1.82e-12 1.70e-11 3.02e-06 1.445
243   -9.849646302320e-02 -9.919495758974e-02 1.71e-12 1.60e-11 2.89e-06 1.449
244   -9.849643939007e-02 -9.919448023327e-02 1.70e-12 1.61e-11 2.93e-06 1.456
245   -9.850466320724e-02 -9.918495747731e-02 1.60e-12 1.51e-11 2.80e-06 1.460
246   -9.850503790892e-02 -9.918481533890e-02 1.59e-12 1.52e-11 2.83e-06 1.467
247   -9.851264822624e-02 -9.917597346720e-02 1.50e-12 1.43e-11 2.71e-06 1.471
248   -9.851263649232e-02 -9.917552514519e-02 1.49e-12 1.43e-11 2.74e-06 1.478
249   -9.852041893309e-02 -9.916653842575e-02 1.40e-12 1.34e-11 2.62e-06 1.482
250   -9.852077383008e-02 -9.916639648920e-02 1.40e-12 1.34e-11 2.66e-06 1.488
251   -9.852798146624e-02 -9.915804585474e-02 1.31e-12 1.26e-11 2.54e-06 1.492
252   -9.852798030550e-02 -9.915762426750e-02 1.31e-12 1.26e-11 2.57e-06 1.499
253   -9.853534958583e-02 -9.914913704473e-02 1.23e-12 1.18e-11 2.46e-06 1.503
254   -9.853568608385e-02 -9.914899554650e-02 1.22e-12 1.18e-11 2.49e-06 1.509
255   -9.854251658312e-02 -9.914110294735e-02 1.15e-12 1.11e-11 2.38e-06 1.513
256   -9.854252480947e-02 -9.914070601908e-02 1.15e-12 1.11e-11 2.42e-06 1.519
257   -9.854950685810e-02 -9.913268491043e-02 1.08e-12 1.05e-11 2.31e-06 1.523
258   -9.854982623469e-02 -9.913254406650e-02 1.07e-12 1.06e-11 2.34e-06 1.530
259   -9.855630299547e-02 -9.912507924185e-02 1.01e-12 9.94e-12 2.24e-06 1.534
260   -9.855631954506e-02 -9.912470509687e-02 1.01e-12 1.00e-11 2.27e-06 1.540
261   -9.856293817341e-02 -9.911711961126e-02 9.47e-13 9.42e-12 2.17e-06 1.544
262   -9.856324159453e-02 -9.911697961521e-02 9.42e-13 9.44e-12 2.20e-06 1.551
263   -9.856938617604e-02 -9.910991483558e-02 8.88e-13 8.89e-12 2.10e-06 1.555
264   -9.856941009341e-02 -9.910956177424e-02 8.83e-13 8.97e-12 2.13e-06 1.562
265   -9.857568727249e-02 -9.910238393513e-02 8.31e-13 8.44e-12 2.04e-06 1.566
266   -9.857597580073e-02 -9.910224496422e-02 8.27e-13 8.39e-12 2.06e-06 1.572
267   -9.858180803422e-02 -9.909555484754e-02 7.79e-13 7.90e-12 1.97e-06 1.576
268   -9.858183845973e-02 -9.909522132754e-02 7.76e-13 8.00e-12 2.00e-06 1.583
269   -9.858779445525e-02 -9.908842546539e-02 7.30e-13 7.53e-12 1.91e-06 1.587
270   -9.858806906221e-02 -9.908828767975e-02 7.27e-13 7.45e-12 1.94e-06 1.593
271   -9.859360728904e-02 -9.908194887444e-02 6.85e-13 7.02e-12 1.85e-06 1.597
272   -9.859364344890e-02 -9.908163349245e-02 6.81e-13 7.07e-12 1.88e-06 1.603
273   -9.859929704712e-02 -9.907519594134e-02 6.41e-13 6.66e-12 1.80e-06 1.607
274   -9.859955862389e-02 -9.907505948379e-02 6.38e-13 6.69e-12 1.82e-06 1.613
275   -9.860481981197e-02 -9.906905049460e-02 6.01e-13 6.30e-12 1.74e-06 1.617
276   -9.860486100625e-02 -9.906875197360e-02 5.98e-13 6.25e-12 1.77e-06 1.624
277   -9.861022959524e-02 -9.906265093743e-02 5.63e-13 5.88e-12 1.69e-06 1.628
278   -9.861047895733e-02 -9.906251593894e-02 5.61e-13 6.03e-12 1.71e-06 1.634
279   -9.861547882151e-02 -9.905681695264e-02 5.28e-13 5.68e-12 1.64e-06 1.638
280   -9.861552441894e-02 -9.905653412677e-02 5.26e-13 5.64e-12 1.66e-06 1.645
281   -9.862062414343e-02 -9.905074946903e-02 4.95e-13 5.31e-12 1.59e-06 1.649
282   -9.862086204134e-02 -9.905061604569e-02 4.92e-13 5.25e-12 1.61e-06 1.655
283   -9.862561520252e-02 -9.904520872065e-02 4.64e-13 4.94e-12 1.54e-06 1.659
284   -9.862566463125e-02 -9.904494052526e-02 4.62e-13 4.85e-12 1.56e-06 1.665
285   -9.863051050031e-02 -9.903945361537e-02 4.35e-13 4.57e-12 1.49e-06 1.669
286   -9.863073762322e-02 -9.903932187276e-02 4.33e-13 4.61e-12 1.51e-06 1.677
287   -9.863525764040e-02 -9.903418927324e-02 4.08e-13 4.34e-12 1.45e-06 1.681
288   -9.863531038391e-02 -9.903393473263e-02 4.06e-13 4.47e-12 1.47e-06 1.687
289   -9.863991638332e-02 -9.902872829304e-02 3.82e-13 4.21e-12 1.40e-06 1.691
290   -9.864013336702e-02 -9.902859832420e-02 3.80e-13 4.26e-12 1.42e-06 1.698
291   -9.864443290540e-02 -9.902372470750e-02 3.59e-13 4.00e-12 1.36e-06 1.702
292   -9.864448849430e-02 -9.902348292883e-02 3.57e-13 3.84e-12 1.38e-06 1.708
293   -9.864886763999e-02 -9.901854094948e-02 3.36e-13 3.62e-12 1.32e-06 1.712
294   -9.864907507015e-02 -9.901841283860e-02 3.34e-13 3.70e-12 1.33e-06 1.719
295   -9.865316591863e-02 -9.901378361270e-02 3.15e-13 3.48e-12 1.28e-06 1.725
296   -9.865322392862e-02 -9.901355377505e-02 3.14e-13 3.43e-12 1.29e-06 1.733
297   -9.865738840503e-02 -9.900886133812e-02 2.95e-13 3.23e-12 1.24e-06 1.737
298   -9.865758682363e-02 -9.900873515860e-02 2.94e-13 3.31e-12 1.25e-06 1.743
299   -9.866148000099e-02 -9.900433674451e-02 2.77e-13 3.11e-12 1.20e-06 1.748
300   -9.866154004681e-02 -9.900411809385e-02 2.75e-13 3.06e-12 1.22e-06 1.755
301   -9.866550121554e-02 -9.899966134518e-02 2.60e-13 2.89e-12 1.16e-06 1.759
302   -9.866569112206e-02 -9.899953716416e-02 2.58e-13 2.97e-12 1.18e-06 1.765
303   -9.866939693480e-02 -9.899535691369e-02 2.43e-13 2.79e-12 1.13e-06 1.769
304   -9.866945866631e-02 -9.899514875712e-02 2.42e-13 2.57e-12 1.14e-06 1.776
305   -9.867322716522e-02 -9.899091477847e-02 2.28e-13 2.42e-12 1.09e-06 1.780
306   -9.867340902438e-02 -9.899079265214e-02 2.27e-13 2.48e-12 1.11e-06 1.786
307   -9.867693713366e-02 -9.898681875903e-02 2.14e-13 2.34e-12 1.06e-06 1.790
308   -9.867700023314e-02 -9.898662045736e-02 2.13e-13 2.37e-12 1.07e-06 1.797
309   -9.868058603958e-02 -9.898259718215e-02 2.00e-13 2.24e-12 1.03e-06 1.801
310   -9.868076028077e-02 -9.898247716173e-02 1.99e-13 2.32e-12 1.04e-06 1.807
311   -9.868411973016e-02 -9.897869861643e-02 1.88e-13 2.18e-12 9.97e-07 1.811
312   -9.868418391080e-02 -9.897850957843e-02 1.87e-13 2.24e-12 1.01e-06 1.818
313   -9.868759640064e-02 -9.897468571326e-02 1.76e-13 2.11e-12 9.66e-07 1.822
314   -9.868776342248e-02 -9.897456784223e-02 1.75e-13 2.22e-12 9.78e-07 1.827
315   -9.869096271492e-02 -9.897097433511e-02 1.65e-13 2.09e-12 9.36e-07 1.831
316   -9.869102771418e-02 -9.897079401724e-02 1.64e-13 2.00e-12 9.48e-07 1.838
317   -9.869427567555e-02 -9.896715901407e-02 1.55e-13 1.88e-12 9.07e-07 1.842
318   -9.869443584884e-02 -9.896704333008e-02 1.54e-13 1.78e-12 9.19e-07 1.849
319   -9.869748298858e-02 -9.896362519360e-02 1.45e-13 1.67e-12 8.80e-07 1.853
320   -9.869754857003e-02 -9.896345309138e-02 1.44e-13 1.77e-12 8.91e-07 1.860
321   -9.870064027017e-02 -9.895999706428e-02 1.36e-13 1.67e-12 8.52e-07 1.864
322   -9.870079393936e-02 -9.895988359888e-02 1.35e-13 1.70e-12 8.63e-07 1.871
323   -9.870369643491e-02 -9.895663179588e-02 1.27e-13 1.60e-12 8.26e-07 1.875
324   -9.870376238196e-02 -9.895646744450e-02 1.27e-13 1.62e-12 8.36e-07 1.881
325   -9.870670561037e-02 -9.895318111212e-02 1.19e-13 1.52e-12 8.00e-07 1.885
326   -9.870685309651e-02 -9.895306989179e-02 1.19e-13 1.48e-12 8.10e-07 1.892
327   -9.870961806357e-02 -9.894997589180e-02 1.12e-13 1.40e-12 7.76e-07 1.896
328   -9.870968418272e-02 -9.894981885765e-02 1.11e-13 1.27e-12 7.85e-07 1.902
329   -9.871248630144e-02 -9.894669347975e-02 1.05e-13 1.19e-12 7.51e-07 1.906
330   -9.871262790626e-02 -9.894658452252e-02 1.04e-13 1.09e-12 7.60e-07 1.912
331   -9.871526202768e-02 -9.894364034014e-02 9.81e-14 1.02e-12 7.28e-07 1.916
332   -9.871532814047e-02 -9.894349022367e-02 9.76e-14 9.89e-13 7.37e-07 1.923
333   -9.871799606532e-02 -9.894051761468e-02 9.20e-14 9.37e-13 7.05e-07 1.927
334   -9.871813206628e-02 -9.894041093953e-02 9.14e-14 9.31e-13 7.14e-07 1.933
335   -9.872064166233e-02 -9.893760904793e-02 8.62e-14 8.75e-13 6.83e-07 1.938
336   -9.872070760941e-02 -9.893746547684e-02 8.57e-14 9.67e-13 6.92e-07 1.945
337   -9.872324788593e-02 -9.893463791501e-02 8.08e-14 9.15e-13 6.62e-07 1.949
338   -9.872337854559e-02 -9.893453353229e-02 8.02e-14 8.71e-13 6.70e-07 1.955
339   -9.872576958358e-02 -9.893186684824e-02 7.56e-14 8.20e-13 6.41e-07 1.959
340   -9.872583522052e-02 -9.893172947636e-02 7.52e-14 8.17e-13 6.49e-07 1.966
341   -9.872825401750e-02 -9.892903970563e-02 7.08e-14 7.76e-13 6.21e-07 1.970
342   -9.872837957884e-02 -9.892893762508e-02 7.04e-14 7.15e-13 6.28e-07 1.978
343   -9.873065768543e-02 -9.892639948891e-02 6.64e-14 6.69e-13 6.01e-07 1.982
344   -9.873072288129e-02 -9.892626799540e-02 6.58e-14 5.88e-13 6.08e-07 1.988
345   -9.873302602215e-02 -9.892370918517e-02 6.21e-14 5.59e-13 5.82e-07 1.992
346   -9.873314671445e-02 -9.892360941065e-02 6.17e-14 6.30e-13 5.89e-07 2.000
347   -9.873531723622e-02 -9.892119351493e-02 5.82e-14 5.97e-13 5.64e-07 2.004
348   -9.873538187405e-02 -9.892106759971e-02 5.77e-14 5.52e-13 5.70e-07 2.010
349   -9.873757490174e-02 -9.891863326859e-02 5.44e-14 5.19e-13 5.46e-07 2.014
350   -9.873769093897e-02 -9.891853580200e-02 5.41e-14 5.13e-13 5.52e-07 2.021
351   -9.873975890599e-02 -9.891623622694e-02 5.11e-14 4.79e-13 5.28e-07 2.025
352   -9.873982287836e-02 -9.891611561359e-02 5.06e-14 5.00e-13 5.35e-07 2.032
353   -9.874191097213e-02 -9.891379971683e-02 4.77e-14 4.73e-13 5.11e-07 2.036
354   -9.874202255446e-02 -9.891370455799e-02 4.74e-14 4.21e-13 5.17e-07 2.043
355   -9.874399270105e-02 -9.891151574510e-02 4.46e-14 3.99e-13 4.95e-07 2.047
356   -9.874405591332e-02 -9.891140017382e-02 4.44e-14 4.08e-13 5.01e-07 2.053
357   -9.874604398469e-02 -9.890919699458e-02 4.17e-14 3.80e-13 4.79e-07 2.057
358   -9.874615130301e-02 -9.890910413710e-02 4.15e-14 6.03e-13 4.84e-07 2.064
359   -9.874802816302e-02 -9.890702078078e-02 3.92e-14 5.69e-13 4.64e-07 2.068
360   -9.874809053150e-02 -9.890691000786e-02 3.89e-14 7.44e-13 4.69e-07 2.074
361   -9.874998325638e-02 -9.890481411799e-02 3.66e-14 6.99e-13 4.48e-07 2.078
362   -9.875008648691e-02 -9.890472355723e-02 3.64e-14 9.11e-13 4.54e-07 2.084
363   -9.875187429413e-02 -9.890274071052e-02 3.43e-14 8.54e-13 4.34e-07 2.088
364   -9.875193574334e-02 -9.890263451024e-02 3.40e-14 7.34e-13 4.39e-07 2.095
365   -9.875373749520e-02 -9.890064084096e-02 3.20e-14 6.90e-13 4.20e-07 2.099
366   -9.875383680584e-02 -9.890055256756e-02 3.19e-14 5.09e-13 4.25e-07 2.105
367   -9.875553959569e-02 -9.889866552857e-02 3.00e-14 4.71e-13 4.06e-07 2.109
368   -9.875560005844e-02 -9.889856368969e-02 2.98e-14 6.10e-13 4.11e-07 2.116
369   -9.875731498823e-02 -9.889666744120e-02 2.81e-14 5.75e-13 3.93e-07 2.120
370   -9.875741053532e-02 -9.889658144620e-02 2.79e-14 7.30e-13 3.97e-07 2.126
371   -9.875903210518e-02 -9.889478579845e-02 2.62e-14 6.88e-13 3.80e-07 2.130
372   -9.875909152491e-02 -9.889468812082e-02 2.61e-14 4.47e-13 3.84e-07 2.137
373   -9.876072356930e-02 -9.889288475120e-02 2.46e-14 4.22e-13 3.67e-07 2.141
374   -9.876081550439e-02 -9.889280101868e-02 2.44e-14 3.22e-13 3.71e-07 2.147
375   -9.876235949150e-02 -9.889109254428e-02 2.30e-14 2.97e-13 3.55e-07 2.151
376   -9.876241781659e-02 -9.889099884245e-02 2.29e-14 3.17e-13 3.59e-07 2.158
377   -9.876397070305e-02 -9.888928405967e-02 2.14e-14 3.00e-13 3.43e-07 2.162
378   -9.876405916607e-02 -9.888920257607e-02 2.13e-14 4.43e-13 3.47e-07 2.168
379   -9.876552897000e-02 -9.888757733804e-02 2.01e-14 4.07e-13 3.32e-07 2.172
380   -9.876558615736e-02 -9.888748743614e-02 2.00e-14 3.22e-13 3.36e-07 2.179
381   -9.876706344105e-02 -9.888585715620e-02 1.88e-14 3.02e-13 3.21e-07 2.183
382   -9.876714856754e-02 -9.888577790270e-02 1.87e-14 2.81e-13 3.24e-07 2.189
383   -9.876854747505e-02 -9.888423210661e-02 1.75e-14 2.73e-13 3.10e-07 2.193
384   -9.876860348838e-02 -9.888414583877e-02 1.74e-14 3.34e-13 3.13e-07 2.200
385   -9.877000851862e-02 -9.888259622065e-02 1.63e-14 3.13e-13 3.00e-07 2.204
386   -9.877009043498e-02 -9.888251917856e-02 1.63e-14 4.51e-13 3.03e-07 2.210
387   -9.877142153673e-02 -9.888104926240e-02 1.53e-14 4.32e-13 2.89e-07 2.214
388   -9.877147634429e-02 -9.888096647367e-02 1.52e-14 3.31e-13 2.93e-07 2.221
389   -9.877281234074e-02 -9.887949383417e-02 1.43e-14 3.10e-13 2.80e-07 2.225
390   -9.877289116946e-02 -9.887941898077e-02 1.42e-14 5.19e-13 2.83e-07 2.232
391   -9.877415742201e-02 -9.887802154539e-02 1.33e-14 4.89e-13 2.70e-07 2.236
392   -9.877421099995e-02 -9.887794208676e-02 1.33e-14 3.14e-13 2.73e-07 2.242
393   -9.877548101062e-02 -9.887654294575e-02 1.24e-14 2.92e-13 2.61e-07 2.246
394   -9.877555686736e-02 -9.887647025692e-02 1.24e-14 4.82e-13 2.64e-07 2.252
395   -9.877676112136e-02 -9.887514203387e-02 1.17e-14 4.51e-13 2.52e-07 2.256
396   -9.877681344934e-02 -9.887506576599e-02 1.23e-14 4.16e-13 2.55e-07 2.262
397   -9.877802041574e-02 -9.887373677279e-02 1.15e-14 3.85e-13 2.43e-07 2.266
398   -9.877809341256e-02 -9.887366622101e-02 1.17e-14 1.35e-13 2.46e-07 2.273
399   -9.877923838185e-02 -9.887240410492e-02 1.18e-14 1.31e-13 2.35e-07 2.277
400   -9.877928944605e-02 -9.887233089360e-02 1.20e-14 2.08e-13 2.38e-07 2.284
401   -9.878043616543e-02 -9.887106886812e-02 1.12e-14 2.02e-13 2.27e-07 2.288
402   -9.878050640520e-02 -9.887100042833e-02 1.14e-14 1.18e-13 2.29e-07 2.295
403   -9.878159468166e-02 -9.886980145957e-02 1.14e-14 1.11e-13 2.19e-07 2.299
404   -9.878164446997e-02 -9.886973118071e-02 1.17e-14 3.98e-13 2.21e-07 2.306
405   -9.878273361638e-02 -9.886853308846e-02 1.09e-14 3.79e-13 2.11e-07 2.310
406   -9.878280120279e-02 -9.886846672805e-02 1.10e-14 2.88e-13 2.14e-07 2.317
407   -9.878383528208e-02 -9.886732806387e-02 1.11e-14 2.76e-13 2.04e-07 2.321
408   -9.878388379095e-02 -9.886726059408e-02 1.13e-14 3.11e-13 2.06e-07 2.327
409   -9.878491796451e-02 -9.886612349222e-02 1.05e-14 2.93e-13 1.97e-07 2.331
410   -9.878498299453e-02 -9.886605917923e-02 9.49e-15 4.51e-13 1.99e-07 2.337
411   -9.878596527772e-02 -9.886497809052e-02 9.60e-15 4.37e-13 1.90e-07 2.341
412   -9.878601250399e-02 -9.886491331600e-02 9.83e-15 5.14e-13 1.92e-07 2.349
413   -9.878699417924e-02 -9.886383440804e-02 9.16e-15 4.76e-13 1.83e-07 2.353
414   -9.878705674683e-02 -9.886377210792e-02 8.16e-15 8.41e-13 1.85e-07 2.359
415   -9.878798954325e-02 -9.886274597542e-02 8.33e-15 7.88e-13 1.77e-07 2.363
416   -9.878803548845e-02 -9.886268378628e-02 9.33e-15 6.56e-13 1.79e-07 2.369
417   -9.878896703936e-02 -9.886166039435e-02 8.66e-15 6.12e-13 1.71e-07 2.373
418   -9.878902723205e-02 -9.886160007407e-02 7.66e-15 6.05e-13 1.72e-07 2.379
419   -9.878991275639e-02 -9.886062639043e-02 7.83e-15 5.71e-13 1.64e-07 2.383
420   -9.878995742307e-02 -9.886056668440e-02 8.77e-15 6.46e-13 1.66e-07 2.389
421   -9.879084111616e-02 -9.885959625563e-02 8.16e-15 6.10e-13 1.59e-07 2.393
422   -9.879089902242e-02 -9.885953787604e-02 7.16e-15 5.92e-13 1.60e-07 2.400
423   -9.879173942364e-02 -9.885861421395e-02 7.33e-15 5.57e-13 1.53e-07 2.404
424   -9.879178282063e-02 -9.885855688914e-02 8.27e-15 5.16e-13 1.54e-07 2.410
425   -9.879262087928e-02 -9.885763692524e-02 7.66e-15 4.89e-13 1.47e-07 2.414
426   -9.879267658163e-02 -9.885758044877e-02 7.83e-15 4.60e-13 1.49e-07 2.421
427   -9.879347390546e-02 -9.885670450077e-02 7.94e-15 4.34e-13 1.42e-07 2.425
428   -9.879351604291e-02 -9.885664946142e-02 8.16e-15 4.88e-13 1.44e-07 2.432
429   -9.879431058316e-02 -9.885577758782e-02 7.55e-15 4.51e-13 1.37e-07 2.436
430   -9.879436409398e-02 -9.885572305129e-02 7.72e-15 3.31e-13 1.38e-07 2.442
431   -9.879512028828e-02 -9.885489262322e-02 7.83e-15 3.22e-13 1.32e-07 2.446
432   -9.879516117607e-02 -9.885483977764e-02 7.99e-15 3.51e-13 1.33e-07 2.454
433   -9.879591421986e-02 -9.885401372859e-02 7.44e-15 3.31e-13 1.27e-07 2.458
434   -9.879596557129e-02 -9.885396114382e-02 7.61e-15 3.25e-13 1.29e-07 2.465
435   -9.879668254920e-02 -9.885317408534e-02 7.66e-15 3.13e-13 1.23e-07 2.469
436   -9.879672219561e-02 -9.885312335018e-02 7.83e-15 2.64e-13 1.24e-07 2.476
437   -9.879743567485e-02 -9.885234096337e-02 7.27e-15 2.56e-13 1.18e-07 2.480
438   -9.879748495544e-02 -9.885229027497e-02 7.44e-15 4.79e-13 1.19e-07 2.487
439   -9.879816453343e-02 -9.885154454748e-02 7.49e-15 4.50e-13 1.14e-07 2.491
440   -9.879820295776e-02 -9.885149583428e-02 7.72e-15 4.51e-13 1.15e-07 2.498
441   -9.879887879557e-02 -9.885075496252e-02 7.16e-15 4.34e-13 1.10e-07 2.502
442   -9.879892608590e-02 -9.885070611933e-02 7.33e-15 4.42e-13 1.11e-07 2.508
443   -9.879957001771e-02 -9.884999975766e-02 7.38e-15 4.08e-13 1.06e-07 2.512
444   -9.879960723310e-02 -9.884995299111e-02 7.55e-15 3.91e-13 1.07e-07 2.519
445   -9.880024721132e-02 -9.884925164541e-02 6.99e-15 3.55e-13 1.02e-07 2.523
446   -9.880029258975e-02 -9.884920459524e-02 6.16e-15 4.43e-13 1.03e-07 2.529
447   -9.880090255739e-02 -9.884853571733e-02 6.27e-15 4.16e-13 9.80e-08 2.533
448   -9.880093858516e-02 -9.884849081844e-02 7.05e-15 3.55e-13 9.89e-08 2.539
449   -9.880154441129e-02 -9.884782709544e-02 6.55e-15 3.26e-13 9.44e-08 2.543
450   -9.880158795128e-02 -9.884778178784e-02 5.72e-15 1.98e-13 9.52e-08 2.549
451   -9.880216557568e-02 -9.884714858249e-02 5.83e-15 1.89e-13 9.09e-08 2.553
452   -9.880220043725e-02 -9.884710547703e-02 6.61e-15 2.71e-13 9.17e-08 2.559
453   -9.880277380840e-02 -9.884647748831e-02 6.11e-15 2.53e-13 8.75e-08 2.563
454   -9.880281558067e-02 -9.884643387300e-02 5.33e-15 5.61e-13 8.83e-08 2.570
455   -9.880336242658e-02 -9.884583459415e-02 5.44e-15 5.39e-13 8.42e-08 2.574
456   -9.880339614302e-02 -9.884579321346e-02 3.00e-14 5.28e-13 8.50e-08 2.579
457   -9.880393859687e-02 -9.884519924777e-02 2.81e-14 4.90e-13 8.11e-08 2.583
458   -9.880397867601e-02 -9.884515726766e-02 2.81e-14 5.57e-13 8.18e-08 2.590
459   -9.880449625469e-02 -9.884459023164e-02 2.68e-14 5.25e-13 7.81e-08 2.594
460   -9.880452884707e-02 -9.884455050914e-02 5.03e-14 1.89e-13 7.88e-08 2.600
461   -9.880504194785e-02 -9.884398882967e-02 4.72e-14 1.73e-13 7.51e-08 2.604
462   -9.880508039588e-02 -9.884394843915e-02 4.70e-14 7.80e-13 7.58e-08 2.611
463   -9.880557009955e-02 -9.884341209487e-02 4.45e-14 7.31e-13 7.23e-08 2.615
464   -9.880560159442e-02 -9.884337396287e-02 6.70e-14 9.28e-13 7.29e-08 2.621
465   -9.880608678317e-02 -9.884284297018e-02 6.28e-14 8.69e-13 6.96e-08 2.625
466   -9.880612366228e-02 -9.884280412109e-02 6.25e-14 7.92e-13 7.02e-08 2.632
467   -9.880658687528e-02 -9.884229692934e-02 5.90e-14 7.31e-13 6.69e-08 2.636
468   -9.880661729294e-02 -9.884226032955e-02 5.92e-14 1.15e-12 6.75e-08 2.642
469   -9.880707594095e-02 -9.884175850266e-02 5.55e-14 1.08e-12 6.44e-08 2.646
470   -9.880711131568e-02 -9.884172114256e-02 5.52e-14 1.27e-12 6.50e-08 2.653
471   -9.880754934632e-02 -9.884124165002e-02 5.22e-14 1.20e-12 6.20e-08 2.657
472   -9.880757871577e-02 -9.884120651870e-02 5.24e-14 8.27e-13 6.25e-08 2.663
473   -9.880801220523e-02 -9.884073232735e-02 4.91e-14 7.77e-13 5.96e-08 2.667
474   -9.880804613183e-02 -9.884069641096e-02 4.89e-14 8.93e-13 6.01e-08 2.674
475   -9.880846022844e-02 -9.884024323180e-02 4.62e-14 8.55e-13 5.73e-08 2.678
476   -9.880848857395e-02 -9.884020951299e-02 4.65e-14 1.19e-12 5.78e-08 2.684
477   -9.880889813627e-02 -9.883976159342e-02 4.36e-14 1.11e-12 5.51e-08 2.688
478   -9.880893067464e-02 -9.883972706976e-02 4.26e-14 1.00e-12 5.56e-08 2.695
479   -9.880932205560e-02 -9.883929885349e-02 4.03e-14 9.30e-13 5.30e-08 2.699
480   -9.880934940126e-02 -9.883926649445e-02 5.97e-14 1.47e-12 5.35e-08 2.704
481   -9.880973627475e-02 -9.883884347731e-02 5.60e-14 1.36e-12 5.10e-08 2.708
482   -9.880976747655e-02 -9.883881030206e-02 2.24e-14 9.98e-13 5.14e-08 2.714
483   -9.881013726212e-02 -9.883840580705e-02 2.14e-14 9.47e-13 4.90e-08 2.718
484   -9.881016363944e-02 -9.883837474753e-02 2.14e-14 7.83e-13 4.94e-08 2.725
485   -9.881052899159e-02 -9.883797534294e-02 2.00e-14 7.28e-13 4.71e-08 2.729
486   -9.881055891131e-02 -9.883794347020e-02 2.00e-14 5.42e-13 4.75e-08 2.735
487   -9.881090821888e-02 -9.883756145992e-02 1.90e-14 5.15e-13 4.53e-08 2.739
488   -9.881093364754e-02 -9.883753165691e-02 3.71e-14 2.68e-13 4.57e-08 2.745
489   -9.881127854846e-02 -9.883715468211e-02 3.48e-14 2.57e-13 4.36e-08 2.749
490   -9.881130723990e-02 -9.883712406274e-02 3.39e-14 5.18e-13 4.39e-08 2.755
491   -9.881163713179e-02 -9.883676336249e-02 3.21e-14 5.04e-13 4.19e-08 2.759
492   -9.881166164229e-02 -9.883673476116e-02 3.20e-14 6.92e-13 4.22e-08 2.766
493   -9.881198722017e-02 -9.883637897218e-02 3.00e-14 6.62e-13 4.03e-08 2.770
494   -9.881201472919e-02 -9.883634956589e-02 2.92e-14 6.96e-13 4.06e-08 2.776
495   -9.881232617592e-02 -9.883600910244e-02 2.77e-14 6.67e-13 3.87e-08 2.780
496   -9.881234979346e-02 -9.883598165700e-02 2.76e-14 5.65e-13 3.90e-08 2.787
497   -9.881265698132e-02 -9.883564602384e-02 2.59e-14 5.34e-13 3.72e-08 2.791
498   -9.881268335505e-02 -9.883561778745e-02 2.51e-14 3.73e-13 3.75e-08 2.797
499   -9.881297733365e-02 -9.883529648225e-02 2.38e-14 3.51e-13 3.58e-08 2.801
500   -9.881300008465e-02 -9.883527014695e-02 2.38e-14 3.28e-13 3.60e-08 2.808
501   -9.881328991260e-02 -9.883495353498e-02 2.23e-14 3.15e-13 3.44e-08 2.812
502   -9.881331519936e-02 -9.883492642336e-02 2.22e-14 1.75e-13 3.46e-08 2.820
503   -9.881359261586e-02 -9.883462327633e-02 2.11e-14 1.51e-13 3.30e-08 2.824
504   -9.881361452625e-02 -9.883459800783e-02 3.65e-14 5.93e-13 3.33e-08 2.830
505   -9.881388786119e-02 -9.883429946149e-02 3.43e-14 5.44e-13 3.17e-08 2.834
506   -9.881391210238e-02 -9.883427343627e-02 3.40e-14 5.20e-13 3.20e-08 2.841
507   -9.881417382020e-02 -9.883398749506e-02 3.22e-14 4.86e-13 3.05e-08 2.845
508   -9.881419491647e-02 -9.883396324990e-02 4.69e-14 5.43e-13 3.07e-08 2.850
509   -9.881445266616e-02 -9.883368177018e-02 4.40e-14 5.35e-13 2.93e-08 2.854
510   -9.881447590059e-02 -9.883365679432e-02 1.74e-14 9.70e-13 2.95e-08 2.860
511   -9.881472272538e-02 -9.883338717061e-02 1.66e-14 9.08e-13 2.81e-08 2.864
512   -9.881474303553e-02 -9.883336390499e-02 1.69e-14 6.15e-13 2.83e-08 2.870
513   -9.881498600327e-02 -9.883309860785e-02 1.58e-14 5.57e-13 2.70e-08 2.874
514   -9.881500827659e-02 -9.883307463831e-02 1.58e-14 9.09e-13 2.72e-08 2.881
515   -9.881524101251e-02 -9.883282044666e-02 1.50e-14 8.46e-13 2.60e-08 2.885
516   -9.881526055568e-02 -9.883279812885e-02 2.88e-14 8.40e-13 2.61e-08 2.891
517   -9.881548953296e-02 -9.883254814361e-02 2.70e-14 7.84e-13 2.49e-08 2.895
518   -9.881551088406e-02 -9.883252514231e-02 2.63e-14 9.19e-13 2.51e-08 2.901
519   -9.881573028891e-02 -9.883228554837e-02 2.49e-14 8.89e-13 2.40e-08 2.905
520   -9.881574909784e-02 -9.883226413116e-02 2.51e-14 1.17e-12 2.41e-08 2.911
521   -9.881596488462e-02 -9.883202857906e-02 2.35e-14 1.10e-12 2.30e-08 2.915
522   -9.881598535344e-02 -9.883200650659e-02 2.29e-14 1.64e-12 2.32e-08 2.921
523   -9.881619215233e-02 -9.883178071266e-02 2.16e-14 1.53e-12 2.21e-08 2.925
524   -9.881621024467e-02 -9.883176016768e-02 2.19e-14 2.15e-12 2.22e-08 2.931
525   -9.881641350478e-02 -9.883153831872e-02 2.05e-14 2.03e-12 2.12e-08 2.935
526   -9.881643312567e-02 -9.883151714092e-02 2.61e-15 1.78e-12 2.14e-08 2.941
527   -9.881662799683e-02 -9.883130440111e-02 2.28e-15 1.68e-12 2.04e-08 2.945
528   -9.881664540412e-02 -9.883128468513e-02 1.80e-15 1.93e-12 2.05e-08 2.951
529   -9.881683687088e-02 -9.883107573457e-02 1.75e-15 1.85e-12 1.96e-08 2.955
530   -9.881685568173e-02 -9.883105541472e-02 2.14e-15 1.31e-12 1.97e-08 2.961
531   -9.881703923928e-02 -9.883085505364e-02 1.83e-15 1.23e-12 1.88e-08 2.965
532   -9.881705598265e-02 -9.883083613592e-02 1.01e-14 9.95e-13 1.89e-08 2.971
533   -9.881723627711e-02 -9.883063940173e-02 9.44e-15 9.15e-13 1.80e-08 2.975
534   -9.881725431024e-02 -9.883061990710e-02 1.43e-14 1.44e-12 1.81e-08 2.981
535   -9.881742721890e-02 -9.883043119482e-02 1.36e-14 1.37e-12 1.73e-08 2.985
536   -9.881744332066e-02 -9.883041304383e-02 3.03e-14 1.69e-12 1.74e-08 2.998
537   -9.881761303897e-02 -9.883022787149e-02 2.84e-14 1.62e-12 1.66e-08 3.007
538   -9.881763032351e-02 -9.883020917289e-02 3.34e-14 1.26e-12 1.67e-08 3.014
539   -9.881779312535e-02 -9.883003151365e-02 3.15e-14 1.16e-12 1.60e-08 3.018
540   -9.881780860776e-02 -9.883001409813e-02 3.68e-14 1.46e-13 1.61e-08 3.023
541   -9.881796833186e-02 -9.882983984937e-02 3.45e-14 1.02e-13 1.53e-08 3.027
542   -9.881798489778e-02 -9.882982191665e-02 3.93e-14 5.47e-13 1.54e-08 3.034
543   -9.881813815619e-02 -9.882965469208e-02 3.71e-14 4.94e-13 1.47e-08 3.038
544   -9.881815304800e-02 -9.882963797536e-02 5.22e-14 6.44e-13 1.48e-08 3.043
545   -9.881830338483e-02 -9.882947398512e-02 4.90e-14 6.27e-13 1.41e-08 3.047
546   -9.881831927449e-02 -9.882945677389e-02 5.34e-14 7.70e-13 1.42e-08 3.053
547   -9.881846353456e-02 -9.882929938624e-02 5.03e-14 6.94e-13 1.35e-08 3.057
548   -9.881847785328e-02 -9.882928334303e-02 5.50e-14 1.22e-12 1.36e-08 3.062
549   -9.881861929080e-02 -9.882912907622e-02 5.17e-14 1.16e-12 1.30e-08 3.066
550   -9.881863452121e-02 -9.882911256986e-02 5.55e-14 1.59e-12 1.31e-08 3.071
551   -9.881877029124e-02 -9.882896446146e-02 5.22e-14 1.49e-12 1.25e-08 3.075
552   -9.881878405518e-02 -9.882894906780e-02 6.60e-14 1.63e-12 1.26e-08 3.081
553   -9.881891710019e-02 -9.882880396892e-02 6.20e-14 1.56e-12 1.20e-08 3.085
554   -9.881893171172e-02 -9.882878812467e-02 4.81e-14 1.11e-12 1.20e-08 3.090
555   -9.881905944414e-02 -9.882864879943e-02 4.53e-14 1.03e-12 1.15e-08 3.094
556   -9.881907268437e-02 -9.882863401629e-02 4.98e-14 1.37e-12 1.16e-08 3.099
557   -9.881919781273e-02 -9.882849756443e-02 4.67e-14 1.30e-12 1.10e-08 3.103
558   -9.881921182349e-02 -9.882848236489e-02 5.03e-14 2.23e-12 1.11e-08 3.109
559   -9.881933198982e-02 -9.882835130603e-02 4.74e-14 2.07e-12 1.06e-08 3.113
560   -9.881934471738e-02 -9.882833711790e-02 6.01e-14 3.20e-12 1.06e-08 3.119
561   -9.881946238192e-02 -9.882820881693e-02 5.64e-14 3.03e-12 1.02e-08 3.123
562   -9.881947582144e-02 -9.882819423083e-02 5.97e-14 1.96e-12 1.02e-08 3.128
563   -9.881958885499e-02 -9.882807096360e-02 5.62e-14 1.85e-12 9.74e-09 3.132
564   -9.881960109013e-02 -9.882805734473e-02 6.83e-14 7.62e-13 9.80e-09 3.138
565   -9.881971170357e-02 -9.882793674277e-02 6.42e-14 7.04e-13 9.35e-09 3.142
566   -9.881972459332e-02 -9.882792274781e-02 6.73e-14 1.93e-13 9.40e-09 3.148
567   -9.881983089311e-02 -9.882780683503e-02 6.33e-14 2.43e-13 8.97e-09 3.152
568   -9.881984265963e-02 -9.882779375597e-02 6.71e-14 2.98e-14 9.02e-09 3.157
569   -9.881994664913e-02 -9.882768038571e-02 6.30e-14 1.02e-13 8.61e-09 3.161
570   -9.881995901853e-02 -9.882766695073e-02 6.59e-14 7.83e-13 8.65e-09 3.167
571   -9.882005896540e-02 -9.882755797548e-02 6.21e-14 7.17e-13 8.26e-09 3.171
572   -9.882007028321e-02 -9.882754541170e-02 6.55e-14 4.05e-13 8.30e-09 3.177
573   -9.882016806093e-02 -9.882743882230e-02 6.15e-14 3.82e-13 7.92e-09 3.181
574   -9.882017993259e-02 -9.882742592317e-02 4.98e-14 8.34e-13 7.96e-09 3.186
575   -9.882027387155e-02 -9.882732350760e-02 4.70e-14 7.70e-13 7.60e-09 3.190
576   -9.882028475203e-02 -9.882731144433e-02 5.77e-14 2.03e-12 7.63e-09 3.196
577   -9.882037658914e-02 -9.882721133873e-02 5.42e-14 1.92e-12 7.29e-09 3.200
578   -9.882038797585e-02 -9.882719896309e-02 5.70e-14 2.07e-12 7.32e-09 3.205
579   -9.882047628019e-02 -9.882710269878e-02 5.37e-14 1.97e-12 6.99e-09 3.209
580   -9.882048675448e-02 -9.882709109926e-02 5.69e-14 1.60e-12 7.02e-09 3.215
581   -9.882057306814e-02 -9.882699702163e-02 5.35e-14 1.49e-12 6.71e-09 3.219
582   -9.882058399372e-02 -9.882698514370e-02 5.61e-14 1.92e-12 6.74e-09 3.225
583   -9.882066698148e-02 -9.882689468264e-02 5.29e-14 1.81e-12 6.43e-09 3.229
584   -9.882067705088e-02 -9.882688354384e-02 6.26e-14 1.89e-12 6.46e-09 3.234
585   -9.882075817580e-02 -9.882679512803e-02 5.89e-14 1.80e-12 6.17e-09 3.238
586   -9.882076867298e-02 -9.882678371296e-02 6.13e-14 1.90e-12 6.19e-09 3.244
587   -9.882084665448e-02 -9.882669871575e-02 5.78e-14 1.75e-12 5.92e-09 3.248
588   -9.882085634034e-02 -9.882668801203e-02 6.70e-14 1.04e-12 5.94e-09 3.253
589   -9.882093249755e-02 -9.882660501619e-02 6.30e-14 1.01e-12 5.67e-09 3.257
590   -9.882094258225e-02 -9.882659404664e-02 5.29e-14 3.42e-13 5.70e-09 3.262
591   -9.882101588861e-02 -9.882651415143e-02 4.98e-14 2.76e-13 5.44e-09 3.266
592   -9.882102521672e-02 -9.882650385281e-02 5.28e-14 6.65e-13 5.46e-09 3.272
593   -9.882109677958e-02 -9.882642586935e-02 4.97e-14 6.14e-13 5.22e-09 3.276
594   -9.882110646475e-02 -9.882641533218e-02 5.21e-14 5.82e-13 5.24e-09 3.281
595   -9.882117532260e-02 -9.882634029087e-02 4.91e-14 5.81e-13 5.00e-09 3.285
596   -9.882118429004e-02 -9.882633039925e-02 5.18e-14 1.18e-12 5.02e-09 3.292
597   -9.882125150850e-02 -9.882625715468e-02 4.87e-14 1.12e-12 4.80e-09 3.296
598   -9.882126080697e-02 -9.882624703635e-02 5.10e-14 5.55e-13 4.81e-09 3.301
599   -9.882132548188e-02 -9.882617655849e-02 4.80e-14 5.30e-13 4.60e-09 3.305
600   -9.882133411297e-02 -9.882616704611e-02 5.62e-14 9.08e-13 4.61e-09 3.311
601   -9.882139724571e-02 -9.882609825788e-02 5.28e-14 7.92e-13 4.41e-09 3.315
602   -9.882140617986e-02 -9.882608853425e-02 5.50e-14 2.75e-12 4.42e-09 3.321
603   -9.882146688916e-02 -9.882602238228e-02 5.18e-14 2.57e-12 4.23e-09 3.325
604   -9.882147518682e-02 -9.882601324439e-02 5.96e-14 3.63e-12 4.24e-09 3.330
605   -9.882153441566e-02 -9.882594871365e-02 5.60e-14 3.38e-12 4.05e-09 3.334
606   -9.882154300285e-02 -9.882593936612e-02 5.80e-14 2.43e-12 4.06e-09 3.340
607   -9.882160002406e-02 -9.882587723706e-02 5.46e-14 2.25e-12 3.88e-09 3.344
608   -9.882160801610e-02 -9.882586844226e-02 6.20e-14 4.11e-12 3.89e-09 3.349
609   -9.882166364046e-02 -9.882580784231e-02 5.83e-14 3.81e-12 3.72e-09 3.353
610   -9.882167189562e-02 -9.882579885450e-02 4.98e-14 4.71e-12 3.73e-09 3.358
611   -9.882172542191e-02 -9.882574053716e-02 4.70e-14 4.41e-12 3.57e-09 3.362
612   -9.882173312109e-02 -9.882573207044e-02 5.41e-14 5.35e-12 3.58e-09 3.367
613   -9.882178535477e-02 -9.882567516783e-02 5.09e-14 5.02e-12 3.42e-09 3.371
614   -9.882179329433e-02 -9.882566652234e-02 4.29e-14 6.95e-12 3.43e-09 3.377
615   -9.882184357845e-02 -9.882561174083e-02 4.04e-14 6.52e-12 3.27e-09 3.381
616   -9.882185099663e-02 -9.882560358838e-02 4.73e-14 6.51e-12 3.28e-09 3.386
617   -9.882189996156e-02 -9.882555024967e-02 4.45e-14 6.11e-12 3.14e-09 3.390
618   -9.882190758140e-02 -9.882554195113e-02 3.68e-14 5.06e-12 3.14e-09 3.395
619   -9.882195475934e-02 -9.882549055668e-02 3.47e-14 4.77e-12 3.01e-09 3.399
620   -9.882196189424e-02 -9.882548272019e-02 3.71e-14 4.04e-12 3.01e-09 3.405
621   -9.882200786107e-02 -9.882543265004e-02 3.49e-14 3.75e-12 2.88e-09 3.409
622   -9.882201519073e-02 -9.882542466700e-02 3.70e-14 5.82e-12 2.89e-09 3.415
623   -9.882205944914e-02 -9.882537645578e-02 3.49e-14 5.47e-12 2.76e-09 3.419
624   -9.882206631776e-02 -9.882536891597e-02 3.71e-14 3.52e-12 2.76e-09 3.425
625   -9.882210941422e-02 -9.882532197485e-02 3.49e-14 3.29e-12 2.64e-09 3.429
626   -9.882211646392e-02 -9.882531429572e-02 2.80e-14 1.98e-12 2.65e-09 3.434
627   -9.882215798495e-02 -9.882526906891e-02 2.64e-14 1.83e-12 2.53e-09 3.438
628   -9.882216459654e-02 -9.882526181510e-02 3.26e-14 1.54e-12 2.54e-09 3.444
629   -9.882220502445e-02 -9.882521778280e-02 3.07e-14 1.49e-12 2.42e-09 3.448
630   -9.882221181349e-02 -9.882521038711e-02 3.24e-14 2.55e-12 2.43e-09 3.453
631   -9.882225078088e-02 -9.882516794416e-02 3.05e-14 2.38e-12 2.32e-09 3.457
632   -9.882225715065e-02 -9.882516095904e-02 3.26e-14 2.87e-12 2.32e-09 3.462
633   -9.882229506253e-02 -9.882511966913e-02 3.07e-14 2.66e-12 2.22e-09 3.466
634   -9.882230159094e-02 -9.882511255653e-02 2.43e-14 2.01e-12 2.23e-09 3.472
635   -9.882233817020e-02 -9.882507271684e-02 2.29e-14 1.85e-12 2.13e-09 3.476
636   -9.882234430548e-02 -9.882506599186e-02 2.50e-14 1.15e-12 2.13e-09 3.482
637   -9.882237988677e-02 -9.882502724206e-02 2.35e-14 1.02e-12 2.04e-09 3.486
638   -9.882238617466e-02 -9.882502039128e-02 2.51e-14 7.77e-13 2.04e-09 3.492
639   -9.882242043720e-02 -9.882498307661e-02 2.37e-14 6.73e-13 1.95e-09 3.496
640   -9.882242634903e-02 -9.882497659936e-02 2.91e-14 8.11e-13 1.95e-09 3.501
641   -9.882245968407e-02 -9.882494029753e-02 2.74e-14 7.79e-13 1.87e-09 3.505
642   -9.882246572328e-02 -9.882493371725e-02 2.91e-14 5.02e-13 1.87e-09 3.512
643   -9.882249783048e-02 -9.882489875162e-02 2.74e-14 4.60e-13 1.79e-09 3.516
644   -9.882250351926e-02 -9.882489252131e-02 3.25e-14 1.74e-12 1.79e-09 3.522
645   -9.882253477229e-02 -9.882485848825e-02 3.06e-14 1.66e-12 1.71e-09 3.526
646   -9.882254059933e-02 -9.882485213867e-02 2.49e-14 1.13e-12 1.71e-09 3.531
647   -9.882257074246e-02 -9.882481931357e-02 2.35e-14 1.06e-12 1.64e-09 3.535
648   -9.882257622818e-02 -9.882481330783e-02 2.53e-14 7.74e-13 1.64e-09 3.540
649   -9.882260552119e-02 -9.882478141055e-02 2.38e-14 7.47e-13 1.57e-09 3.544
650   -9.882261112246e-02 -9.882477530682e-02 2.52e-14 1.13e-13 1.57e-09 3.550
651   -9.882263933064e-02 -9.882474459020e-02 2.38e-14 2.26e-14 1.50e-09 3.554
652   -9.882264462941e-02 -9.882473879109e-02 2.54e-14 1.52e-12 1.50e-09 3.562
653   -9.882267204044e-02 -9.882470894443e-02 2.39e-14 1.34e-12 1.43e-09 3.566
654   -9.882267742415e-02 -9.882470307728e-02 1.88e-14 2.16e-12 1.43e-09 3.571
655   -9.882270385231e-02 -9.882467430029e-02 1.77e-14 1.95e-12 1.37e-09 3.575
656   -9.882270895215e-02 -9.882466872083e-02 2.22e-14 1.16e-12 1.37e-09 3.580
657   -9.882273462848e-02 -9.882464076412e-02 2.09e-14 1.00e-12 1.31e-09 3.584
658   -9.882273981744e-02 -9.882463510921e-02 2.24e-14 2.16e-12 1.31e-09 3.591
659   -9.882276464288e-02 -9.882460807857e-02 2.11e-14 2.07e-12 1.25e-09 3.595
660   -9.882276954167e-02 -9.882460272076e-02 2.54e-14 1.91e-12 1.25e-09 3.600
661   -9.882279354258e-02 -9.882457658918e-02 2.39e-14 1.71e-12 1.20e-09 3.604
662   -9.882279851808e-02 -9.882457116678e-02 2.51e-14 2.25e-12 1.20e-09 3.610
663   -9.882282168707e-02 -9.882454594065e-02 2.36e-14 2.19e-12 1.14e-09 3.614
664   -9.882282643197e-02 -9.882454075280e-02 2.76e-14 1.11e-12 1.14e-09 3.619
665   -9.882284895972e-02 -9.882451622618e-02 2.60e-14 1.08e-12 1.09e-09 3.623
666   -9.882285374905e-02 -9.882451100625e-02 2.14e-14 1.32e-12 1.09e-09 3.628
667   -9.882287543353e-02 -9.882448739740e-02 2.02e-14 1.21e-12 1.05e-09 3.632
668   -9.882288000455e-02 -9.882448240097e-02 2.40e-14 1.82e-12 1.04e-09 3.638
669   -9.882290107448e-02 -9.882445946237e-02 2.26e-14 1.68e-12 9.99e-10 3.642
670   -9.882290570144e-02 -9.882445441925e-02 1.83e-14 4.30e-12 9.97e-10 3.647
671   -9.882292600702e-02 -9.882443231263e-02 1.72e-14 3.98e-12 9.54e-10 3.651
672   -9.882293039903e-02 -9.882442751299e-02 2.09e-14 4.76e-12 9.52e-10 3.656
673   -9.882295012935e-02 -9.882440603357e-02 1.97e-14 4.49e-12 9.12e-10 3.660
674   -9.882295455411e-02 -9.882440121095e-02 1.55e-14 4.32e-12 9.09e-10 3.666
675   -9.882297349368e-02 -9.882438059213e-02 1.47e-14 3.94e-12 8.71e-10 3.670
676   -9.882297770769e-02 -9.882437598815e-02 1.82e-14 4.91e-12 8.69e-10 3.675
677   -9.882299610396e-02 -9.882435596165e-02 1.72e-14 4.48e-12 8.31e-10 3.679
678   -9.882300036348e-02 -9.882435131926e-02 1.83e-14 6.64e-12 8.29e-10 3.685
679   -9.882301809103e-02 -9.882433202065e-02 1.73e-14 6.20e-12 7.94e-10 3.689
680   -9.882302216127e-02 -9.882432757465e-02 1.85e-14 8.13e-12 7.92e-10 3.695
681   -9.882303935362e-02 -9.882430885941e-02 1.75e-14 7.90e-12 7.58e-10 3.699
682   -9.882304344393e-02 -9.882430440140e-02 1.85e-14 7.88e-12 7.56e-10 3.705
683   -9.882306006088e-02 -9.882428631246e-02 1.75e-14 7.62e-12 7.23e-10 3.709
684   -9.882306394142e-02 -9.882428207450e-02 1.87e-14 2.41e-12 7.21e-10 3.715
685   -9.882307996941e-02 -9.882426462718e-02 1.76e-14 2.31e-12 6.90e-10 3.719
686   -9.882308393847e-02 -9.882426030140e-02 1.86e-14 7.47e-12 6.88e-10 3.724
687   -9.882309940547e-02 -9.882424346485e-02 1.75e-14 7.05e-12 6.59e-10 3.728
688   -9.882310316267e-02 -9.882423936231e-02 1.86e-14 7.42e-12 6.56e-10 3.734
689   -9.882311812582e-02 -9.882422307475e-02 1.75e-14 6.96e-12 6.29e-10 3.738
690   -9.882312193789e-02 -9.882421891998e-02 1.41e-14 6.05e-12 6.26e-10 3.743
691   -9.882313644052e-02 -9.882420313373e-02 1.33e-14 6.00e-12 6.00e-10 3.747
692   -9.882314006873e-02 -9.882419917285e-02 1.61e-14 3.72e-12 5.97e-10 3.751
693   -9.882315406887e-02 -9.882418393401e-02 1.52e-14 3.68e-12 5.72e-10 3.755
694   -9.882315771989e-02 -9.882417995477e-02 1.19e-14 7.91e-12 5.69e-10 3.760
695   -9.882317123266e-02 -9.882416524640e-02 1.13e-14 7.32e-12 5.45e-10 3.764
696   -9.882317469437e-02 -9.882416146790e-02 1.24e-14 4.08e-12 5.43e-10 3.770
697   -9.882318770148e-02 -9.882414731029e-02 1.17e-14 3.87e-12 5.20e-10 3.774
698   -9.882319116789e-02 -9.882414353236e-02 8.60e-15 6.58e-12 5.17e-10 3.779
699   -9.882320369343e-02 -9.882412989889e-02 8.16e-15 6.11e-12 4.96e-10 3.783
700   -9.882320704375e-02 -9.882412624268e-02 1.08e-14 1.11e-11 4.93e-10 3.788
701   -9.882321926169e-02 -9.882411294449e-02 1.02e-14 1.04e-11 4.72e-10 3.792
702   -9.882322262999e-02 -9.882410927358e-02 7.33e-15 7.57e-12 4.70e-10 3.797
703   -9.882323428830e-02 -9.882409658444e-02 6.94e-15 7.10e-12 4.50e-10 3.801
704   -9.882323751895e-02 -9.882409305933e-02 9.44e-15 7.90e-12 4.48e-10 3.806
705   -9.882324890151e-02 -9.882408067075e-02 8.88e-15 7.47e-12 4.29e-10 3.810
706   -9.882325213894e-02 -9.882407714245e-02 6.16e-15 1.05e-11 4.26e-10 3.815
707   -9.882326308462e-02 -9.882406522935e-02 5.83e-15 9.85e-12 4.09e-10 3.819
708   -9.882326616002e-02 -9.882406187407e-02 6.83e-15 1.32e-11 4.06e-10 3.825
709   -9.882327669991e-02 -9.882405040282e-02 6.44e-15 1.23e-11 3.89e-10 3.829
710   -9.882327981074e-02 -9.882404701267e-02 3.89e-15 7.86e-12 3.87e-10 3.834
711   -9.882328995695e-02 -9.882403596997e-02 3.66e-15 7.15e-12 3.71e-10 3.838
712   -9.882329289203e-02 -9.882403276815e-02 4.66e-15 5.33e-12 3.68e-10 3.843
713   -9.882330270150e-02 -9.882402209215e-02 4.39e-15 4.75e-12 3.53e-10 3.847
714   -9.882330566524e-02 -9.882401886242e-02 2.03e-15 3.59e-12 3.51e-10 3.852
715   -9.882331516279e-02 -9.882400852595e-02 1.92e-15 3.13e-12 3.36e-10 3.856
716   -9.882331800968e-02 -9.882400542080e-02 4.16e-15 2.04e-12 3.34e-10 3.861
717   -9.882332715258e-02 -9.882399547051e-02 3.91e-15 1.88e-12 3.20e-10 3.865
718   -9.882333002314e-02 -9.882399234241e-02 4.66e-15 4.96e-13 3.17e-10 3.871
719   -9.882333886201e-02 -9.882398272307e-02 4.41e-15 5.16e-13 3.04e-10 3.875
720   -9.882334157932e-02 -9.882397975967e-02 6.49e-15 2.50e-12 3.02e-10 3.880
721   -9.882335008400e-02 -9.882397050413e-02 6.13e-15 2.15e-12 2.89e-10 3.884
722   -9.882335279624e-02 -9.882396754859e-02 3.94e-15 3.86e-12 2.87e-10 3.888
723   -9.882336099906e-02 -9.882395862160e-02 3.72e-15 3.58e-12 2.75e-10 3.892
724   -9.882336357977e-02 -9.882395580737e-02 4.55e-15 1.32e-11 2.73e-10 3.898
725   -9.882337145678e-02 -9.882394723510e-02 4.30e-15 1.22e-11 2.62e-10 3.902
726   -9.882337405369e-02 -9.882394440540e-02 4.97e-15 1.45e-11 2.60e-10 3.908
727   -9.882338160478e-02 -9.882393618785e-02 4.69e-15 1.36e-11 2.49e-10 3.912
728   -9.882338407310e-02 -9.882393349652e-02 6.55e-15 1.67e-11 2.47e-10 3.916
729   -9.882339141894e-02 -9.882392550247e-02 6.19e-15 1.57e-11 2.37e-10 3.920
730   -9.882339393226e-02 -9.882392276403e-02 6.77e-15 1.35e-11 2.35e-10 3.928
731   -9.882340095690e-02 -9.882391511957e-02 6.41e-15 1.28e-11 2.25e-10 3.932
732   -9.882340340627e-02 -9.882391244919e-02 8.05e-15 9.30e-12 2.23e-10 3.937
733   -9.882341024433e-02 -9.882390500796e-02 7.58e-15 9.04e-12 2.14e-10 3.941
734   -9.882341260081e-02 -9.882390244036e-02 5.63e-15 1.45e-11 2.12e-10 3.946
735   -9.882341914787e-02 -9.882389531576e-02 5.33e-15 1.36e-11 2.03e-10 3.950
736   -9.882342145570e-02 -9.882389279997e-02 6.94e-15 2.05e-11 2.01e-10 3.955
737   -9.882342780736e-02 -9.882388588813e-02 6.55e-15 1.98e-11 1.93e-10 3.959
738   -9.882343008883e-02 -9.882388340240e-02 7.02e-15 1.41e-11 1.91e-10 3.964
739   -9.882343614921e-02 -9.882387680755e-02 6.63e-15 1.34e-11 1.83e-10 3.968
740   -9.882343835432e-02 -9.882387440393e-02 7.22e-15 1.78e-11 1.81e-10 3.974
741   -9.882344417053e-02 -9.882386807487e-02 6.80e-15 1.70e-11 1.74e-10 3.978
742   -9.882344633909e-02 -9.882386571209e-02 5.05e-15 1.63e-11 1.72e-10 3.983
743   -9.882345196060e-02 -9.882385959495e-02 4.77e-15 1.55e-11 1.65e-10 3.987
744   -9.882345406702e-02 -9.882385729916e-02 6.22e-15 6.08e-12 1.63e-10 3.992
745   -9.882345945661e-02 -9.882385143442e-02 5.88e-15 6.05e-12 1.57e-10 3.996
746   -9.882346160126e-02 -9.882384909782e-02 4.27e-15 4.69e-12 1.55e-10 4.001
747   -9.882346685705e-02 -9.882384337882e-02 4.05e-15 4.48e-12 1.49e-10 4.005
748   -9.882346886933e-02 -9.882384118565e-02 5.38e-15 7.85e-13 1.47e-10 4.010
749   -9.882347391570e-02 -9.882383569455e-02 5.05e-15 7.87e-13 1.41e-10 4.014
750   -9.882347587388e-02 -9.882383356118e-02 3.50e-15 4.39e-13 1.39e-10 4.019
751   -9.882348067109e-02 -9.882382834119e-02 3.33e-15 8.18e-13 1.34e-10 4.023
752   -9.882348261220e-02 -9.882382622586e-02 3.89e-15 1.02e-12 1.32e-10 4.029
753   -9.882348719431e-02 -9.882382123999e-02 3.66e-15 1.09e-12 1.27e-10 4.033
754   -9.882348904371e-02 -9.882381922520e-02 2.22e-15 5.43e-12 1.25e-10 4.037
755   -9.882349350019e-02 -9.882381437609e-02 2.11e-15 5.07e-12 1.20e-10 4.041
756   -9.882349537855e-02 -9.882381232924e-02 3.33e-15 7.04e-12 1.19e-10 4.046
757   -9.882349967877e-02 -9.882380765020e-02 3.16e-15 6.90e-12 1.14e-10 4.050
758   -9.882350150944e-02 -9.882380565590e-02 1.89e-15 2.17e-12 1.12e-10 4.056
759   -9.882350565966e-02 -9.882380114013e-02 1.78e-15 1.99e-12 1.08e-10 4.060
760   -9.882350739808e-02 -9.882379924591e-02 2.94e-15 1.59e-12 1.06e-10 4.065
761   -9.882351137533e-02 -9.882379491835e-02 2.78e-15 1.79e-12 1.02e-10 4.069
762   -9.882351308378e-02 -9.882379305719e-02 1.50e-15 1.33e-11 1.01e-10 4.073
763   -9.882351682976e-02 -9.882378898132e-02 1.44e-15 1.23e-11 9.67e-11 4.077
764   -9.882351855248e-02 -9.882378710429e-02 1.89e-15 1.37e-11 9.52e-11 4.083
765   -9.882352231331e-02 -9.882378301233e-02 1.78e-15 1.28e-11 9.13e-11 4.088
766   -9.882352397763e-02 -9.882378119940e-02 2.16e-15 1.02e-11 9.00e-11 4.093
767   -9.882352759992e-02 -9.882377725820e-02 2.05e-15 9.56e-12 8.63e-11 4.097
768   -9.882352921926e-02 -9.882377549396e-02 3.05e-15 1.23e-12 8.49e-11 4.102
769   -9.882353261272e-02 -9.882377180172e-02 2.89e-15 1.25e-12 8.15e-11 4.106
770   -9.882353416315e-02 -9.882377011282e-02 1.78e-15 2.30e-12 8.03e-11 4.112
771   -9.882353737114e-02 -9.882376662243e-02 1.67e-15 1.99e-12 7.71e-11 4.116
772   -9.882353887783e-02 -9.882376498104e-02 2.61e-15 1.10e-12 7.59e-11 4.121
773   -9.882354204404e-02 -9.882376153611e-02 2.47e-15 1.30e-12 7.28e-11 4.125
774   -9.882354346843e-02 -9.882375998500e-02 1.68e-14 3.65e-12 7.17e-11 4.129
775   -9.882354647044e-02 -9.882375671873e-02 1.59e-14 3.40e-12 6.88e-11 4.133
776   -9.882354787722e-02 -9.882375518626e-02 1.64e-14 5.32e-12 6.78e-11 4.138
777   -9.882355081451e-02 -9.882375199039e-02 1.55e-14 4.65e-12 6.50e-11 4.142
778   -9.882355221259e-02 -9.882375046810e-02 3.04e-14 3.82e-12 6.40e-11 4.147
779   -9.882355482625e-02 -9.882374762436e-02 2.88e-14 3.58e-12 6.15e-11 4.151
780   -9.882355620950e-02 -9.882374611794e-02 4.33e-14 6.08e-12 6.05e-11 4.155
781   -9.882355891205e-02 -9.882374317751e-02 4.09e-14 4.94e-12 5.80e-11 4.159
782   -9.882356027670e-02 -9.882374169150e-02 5.19e-14 1.49e-11 5.70e-11 4.164
783   -9.882356285659e-02 -9.882373888457e-02 4.90e-14 1.40e-11 5.47e-11 4.168
784   -9.882356418957e-02 -9.882373743296e-02 6.21e-14 9.33e-12 5.37e-11 4.172
785   -9.882356670013e-02 -9.882373470141e-02 5.85e-14 8.82e-12 5.15e-11 4.176
786   -9.882356788551e-02 -9.882373341058e-02 6.86e-14 1.65e-11 5.06e-11 4.181
787   -9.882357012096e-02 -9.882373097835e-02 6.49e-14 1.58e-11 4.86e-11 4.185
788   -9.882357143105e-02 -9.882372955176e-02 7.63e-14 4.52e-13 4.76e-11 4.189
789   -9.882357371760e-02 -9.882372706397e-02 7.19e-14 2.34e-13 4.57e-11 4.193
790   -9.882357485009e-02 -9.882372583082e-02 8.02e-14 8.32e-12 4.49e-11 4.197
791   -9.882357701633e-02 -9.882372347392e-02 7.57e-14 7.81e-12 4.30e-11 4.201
792   -9.882357821597e-02 -9.882372216756e-02 8.59e-14 5.92e-12 4.22e-11 4.206
793   -9.882358010964e-02 -9.882372010718e-02 8.14e-14 6.04e-12 4.06e-11 4.210
794   -9.882358122233e-02 -9.882371889557e-02 8.79e-14 2.49e-13 3.98e-11 4.214
795   -9.882358315308e-02 -9.882371679493e-02 8.32e-14 3.40e-13 3.82e-11 4.218
796   -9.882358431461e-02 -9.882371553059e-02 1.06e-13 1.19e-11 3.74e-11 4.222
797   -9.882358619037e-02 -9.882371348971e-02 1.00e-13 1.06e-11 3.59e-11 4.226
798   -9.882358717024e-02 -9.882371242275e-02 1.07e-13 2.64e-13 3.53e-11 4.232
799   -9.882358899088e-02 -9.882371044188e-02 1.01e-13 4.14e-13 3.38e-11 4.236
800   -9.882359005747e-02 -9.882370928091e-02 1.23e-13 1.29e-11 3.31e-11 4.240
801   -9.882359180812e-02 -9.882370737612e-02 1.16e-13 1.24e-11 3.18e-11 4.244
802   -9.882359290099e-02 -9.882370618610e-02 1.20e-13 4.35e-11 3.10e-11 4.249
803   -9.882359462427e-02 -9.882370431115e-02 1.13e-13 4.10e-11 2.97e-11 4.253
804   -9.882359570603e-02 -9.882370313364e-02 1.31e-13 4.22e-11 2.90e-11 4.257
805   -9.882359747187e-02 -9.882370121235e-02 1.23e-13 3.97e-11 2.77e-11 4.261
806   -9.882359852208e-02 -9.882370006879e-02 1.27e-13 3.44e-11 2.70e-11 4.265
807   -9.882360001884e-02 -9.882369844029e-02 1.19e-13 3.24e-11 2.59e-11 4.269
808   -9.882360093569e-02 -9.882369744240e-02 1.37e-13 1.54e-11 2.53e-11 4.273
809   -9.882360242640e-02 -9.882369582043e-02 1.29e-13 1.43e-11 2.42e-11 4.277
810   -9.882360337299e-02 -9.882369478970e-02 1.31e-13 2.33e-11 2.36e-11 4.281
811   -9.882360489824e-02 -9.882369313019e-02 1.23e-13 2.16e-11 2.26e-11 4.285
812   -9.882360577415e-02 -9.882369217681e-02 1.39e-13 1.70e-11 2.20e-11 4.289
813   -9.882360705495e-02 -9.882369078319e-02 1.32e-13 1.69e-11 2.11e-11 4.293
814   -9.882360792334e-02 -9.882368983768e-02 1.33e-13 2.99e-12 2.06e-11 4.298
815   -9.882360926753e-02 -9.882368837544e-02 1.35e-13 5.99e-08 1.97e-11 4.301
816   -9.882361005201e-02 -9.882368752165e-02 1.50e-13 5.74e-08 1.92e-11 4.306
817   -9.882361126164e-02 -9.882368620545e-02 1.41e-13 5.41e-08 1.84e-11 4.310
818   -9.882361221729e-02 -9.882368516424e-02 1.18e-13 5.14e-08 1.78e-11 4.314
819   -9.882361343855e-02 -9.882368383548e-02 1.11e-13 4.83e-08 1.70e-11 4.318
820   -9.882361421342e-02 -9.882368299202e-02 1.23e-13 4.61e-08 1.65e-11 4.322
821   -9.882361541474e-02 -9.882368168492e-02 1.15e-13 4.32e-08 1.57e-11 4.326
822   -9.882361611718e-02 -9.882368091946e-02 9.29e-14 4.13e-08 1.53e-11 4.330
823   -9.882361715683e-02 -9.882367978828e-02 8.75e-14 3.89e-08 1.47e-11 4.334
824   -9.882361788401e-02 -9.882367899688e-02 1.01e-13 3.70e-08 1.42e-11 4.338
825   -9.882361894810e-02 -9.882367783910e-02 9.44e-14 3.48e-08 1.36e-11 4.342
826   -9.882361952471e-02 -9.882367721129e-02 9.65e-14 3.34e-08 1.32e-11 4.347
827   -9.882362041350e-02 -9.882367624423e-02 9.11e-14 3.16e-08 1.27e-11 4.351
828   -9.882362123016e-02 -9.882367535538e-02 1.01e-13 2.97e-08 1.23e-11 4.355
829   -9.882362224411e-02 -9.882367425216e-02 9.48e-14 2.78e-08 1.17e-11 4.359
830   -9.882362286932e-02 -9.882367357092e-02 7.55e-14 2.63e-08 1.13e-11 4.363
831   -9.882362394684e-02 -9.882367239857e-02 7.01e-14 2.44e-08 1.07e-11 4.367
832   -9.882362466555e-02 -9.882367161636e-02 8.13e-14 2.29e-08 1.03e-11 4.371
833   -9.882362528180e-02 -9.882367094584e-02 7.74e-14 2.17e-08 9.93e-12 4.375
834   -9.882362591560e-02 -9.882367025574e-02 7.73e-14 2.07e-08 9.60e-12 4.380
835   -9.882362661029e-02 -9.882366949991e-02 7.30e-14 1.96e-08 9.21e-12 4.384
836   -9.882362724773e-02 -9.882366880610e-02 8.02e-14 1.84e-08 8.87e-12 4.388
837   -9.882362797899e-02 -9.882366801048e-02 7.53e-14 1.73e-08 8.47e-12 4.392
838   -9.882362864124e-02 -9.882366728905e-02 6.13e-14 1.61e-08 8.13e-12 4.396
839   -9.882362925153e-02 -9.882366662509e-02 5.80e-14 1.52e-08 7.80e-12 4.400
840   -9.882362968400e-02 -9.882366615447e-02 6.64e-14 1.44e-08 7.60e-12 4.404
841   -9.882363039638e-02 -9.882366537939e-02 6.21e-14 1.35e-08 7.22e-12 4.408
842   -9.882363091848e-02 -9.882366481055e-02 4.80e-14 1.25e-08 6.97e-12 4.412
843   -9.882363147520e-02 -9.882366420487e-02 4.52e-14 1.18e-08 6.67e-12 4.416
844   -9.882363200059e-02 -9.882366363305e-02 5.30e-14 1.09e-08 6.38e-12 4.420
845   -9.882363274199e-02 -9.882366282643e-02 4.90e-14 1.01e-08 6.01e-12 4.424
846   -9.882363331359e-02 -9.882366220380e-02 3.65e-14 9.30e-09 5.77e-12 4.428
847   -9.882363354275e-02 -9.882366195449e-02 3.54e-14 9.01e-09 5.64e-12 4.432
848   -9.882363372663e-02 -9.882366175456e-02 4.45e-14 8.53e-09 5.57e-12 4.436
849   -9.882363414467e-02 -9.882366129925e-02 2.50e-14 1.43e-07 5.36e-12 4.440
850   -9.882363467150e-02 -9.882366072538e-02 1.55e-14 1.34e-07 5.08e-12 4.444
851   -9.882363535738e-02 -9.882365997926e-02 1.42e-14 1.23e-07 4.76e-12 4.448
852   -9.882363569090e-02 -9.882365961647e-02 2.44e-14 1.17e-07 4.60e-12 4.452
853   -9.882363621833e-02 -9.882365904266e-02 2.26e-14 1.09e-07 4.34e-12 4.456
854   -9.882363693176e-02 -9.882365826575e-02 1.33e-14 9.90e-08 4.03e-12 4.460
855   -9.882363762586e-02 -9.882365751068e-02 1.20e-14 8.94e-08 3.72e-12 4.464
856   -9.882363793954e-02 -9.882365716936e-02 2.03e-14 8.45e-08 3.57e-12 4.468
857   -9.882363849265e-02 -9.882365656762e-02 1.85e-14 7.71e-08 3.32e-12 4.472
858   -9.882363895191e-02 -9.882365606739e-02 8.94e-15 7.12e-08 3.16e-12 4.476
859   -9.882363958565e-02 -9.882365537794e-02 7.94e-15 6.34e-08 2.88e-12 4.480
860   -9.882364001331e-02 -9.882365491258e-02 1.50e-14 5.80e-08 2.68e-12 4.484
Numerical error in objective
Restoring previous solution


Suboptimal solution found in 861 iterations and 4.49 seconds
Objective -9.88234759e-02
Primal infeasibility (abs/rel): 6.99e-15/3.50e-15
Dual infeasibility   (abs/rel): 4.83e-13/4.39e-13
Complementarity gap  (abs/rel): 1.53e-10/1.39e-10


Barrier finished in 4.49 seconds
Dual variables for problems with quadratic constraints not returned.
