cuOpt version: 26.10.0, git hash: 648f805d, host arch: x86_64, device archs: 80-real
CPU: AMD EPYC 7642 48-Core Processor, threads: 5C/5T, RAM usage: 37.52/503.74GiB
CPU SIMD target: AVX2
CUDA 12.9, device: NVIDIA A100 80GB PCIe (ID 0), VRAM: 79.44 GiB
CUDA device UUID: 68df5cf5-71f9-6a93-b428-460c080ffb10
Problem has 1 quadratic constraints. Converting to second-order cones and solving with barrier.
Handling 50 free variables directly in augmented system
Presolved problem: 5103 constraints 10102 variables 265152 nonzeros
Skipping Ruiz equilibration (row norm ratio 1.4, column norm ratio 1.4 < 5e4, Q coeff ratio 1.0 < 100)
Barrier solver started at 0.034 seconds
Barrier solver: 5103 constraints, 10102 variables, 265152 nonzeros


Second-order cones          : 1
Free variables              : 50
Upper bounds                : 5000
Linear system               : augmented
cuDSS Version               : 0.7.1
cuDSS Threading layer       : libcudss_mtlayer_gomp.so.0
Reordering time             : 0.118s
Symbolic factorization time : 0.023s
Symbolic nonzeros in factor : 2.79e+05
Elapsed time for augmented  : 0.198 seconds
Elapsed time           : 0.198 seconds
Barrier setup complete at 0.198 seconds
Adaptive regularization enabled


                  Objective                         Infeasibility        Time
Iter   Primal              Dual                Primal   Dual    Compl.   Elapsed
  0   -3.702624119443e+02 -3.710387458059e+02 3.71e+03 1.91e+00 1.19e-02 0.199
  1   -4.753787302208e-01 -3.472243787035e+02 3.37e+00 2.99e-01 2.04e-01 0.203
  2   -6.514585833609e-02 -4.824573495103e+00 3.30e-02 3.31e-03 2.60e-03 0.207
  3   -6.241785965765e-02 -2.166179811269e-01 1.04e-03 1.04e-04 6.01e-05 0.211
  4   -6.281180401097e-02 -2.169873824077e-01 1.04e-03 1.04e-04 5.14e-05 0.215
  5   -6.279677453142e-02 -2.169701198990e-01 1.04e-03 1.04e-04 5.24e-05 0.220
  6   -6.356526621580e-02 -2.174423702151e-01 1.01e-03 1.02e-04 5.37e-05 0.224
  7   -6.357028824330e-02 -2.174415406008e-01 1.01e-03 1.02e-04 5.43e-05 0.229
  8   -6.380221930450e-02 -2.175435352591e-01 9.80e-04 9.84e-05 1.68e-04 0.233
  9   -6.669120330043e-02 -2.121284357886e-01 8.63e-04 8.66e-05 2.03e-04 0.238
 10   -8.174347068010e-02 -1.656083191116e-01 2.86e-04 2.87e-05 2.07e-04 0.242
 11   -8.146874065811e-02 -1.649508580747e-01 2.77e-04 2.78e-05 2.00e-04 0.247
 12   -8.439311782027e-02 -1.418714090133e-01 1.13e-04 1.14e-05 1.51e-04 0.252
 13   -8.442062094649e-02 -1.418902210428e-01 1.13e-04 1.14e-05 1.51e-04 0.258
 14   -8.383014197337e-02 -1.406631865998e-01 9.64e-05 9.68e-06 1.42e-04 0.263
 15   -8.380222786112e-02 -1.405440735706e-01 9.53e-05 9.57e-06 1.43e-04 0.269
 16   -8.463056918277e-02 -1.360666549100e-01 7.17e-05 7.19e-06 1.30e-04 0.273
 17   -8.464858001598e-02 -1.360817991920e-01 7.16e-05 7.19e-06 1.30e-04 0.279
 18   -8.437945578533e-02 -1.350339778117e-01 6.13e-05 6.15e-06 1.59e-04 0.283
 19   -8.433856007731e-02 -1.349418910296e-01 6.08e-05 6.11e-06 1.63e-04 0.290
 20   -8.414882417155e-02 -1.338432495102e-01 5.19e-05 5.21e-06 2.08e-04 0.294
 21   -8.420064000501e-02 -1.338342794550e-01 5.15e-05 5.17e-06 2.12e-04 0.300
 22   -8.444173378683e-02 -1.315782464145e-01 3.88e-05 3.90e-06 2.20e-04 0.304
 23   -8.438618532312e-02 -1.314678818743e-01 3.85e-05 3.86e-06 2.25e-04 0.310
 24   -8.435408818151e-02 -1.306537802242e-01 3.41e-05 3.42e-06 2.56e-04 0.314
 25   -8.441993814683e-02 -1.306599136579e-01 3.38e-05 3.39e-06 2.61e-04 0.320
 26   -8.490487684465e-02 -1.286164406938e-01 2.64e-05 2.65e-06 2.50e-04 0.324
 27   -8.484420465178e-02 -1.285056164159e-01 2.61e-05 2.62e-06 2.55e-04 0.331
 28   -8.486457095778e-02 -1.278000580976e-01 2.34e-05 2.34e-06 2.76e-04 0.335
 29   -8.493136213779e-02 -1.278104612617e-01 2.31e-05 2.32e-06 2.80e-04 0.341
 30   -8.550771332100e-02 -1.259540425906e-01 1.85e-05 1.86e-06 2.60e-04 0.345
 31   -8.544843368680e-02 -1.258496266216e-01 1.83e-05 1.84e-06 2.64e-04 0.351
 32   -8.548967663304e-02 -1.252377370633e-01 1.65e-05 1.66e-06 2.78e-04 0.355
 33   -8.555208344503e-02 -1.252487985185e-01 1.64e-05 1.65e-06 2.82e-04 0.361
 34   -8.616345737357e-02 -1.235587307479e-01 1.33e-05 1.34e-06 2.58e-04 0.365
 35   -8.610805823385e-02 -1.234632540362e-01 1.32e-05 1.33e-06 2.63e-04 0.371
 36   -8.615633563901e-02 -1.229331784722e-01 1.20e-05 1.21e-06 2.71e-04 0.375
 37   -8.621270308783e-02 -1.229436970078e-01 1.19e-05 1.20e-06 2.75e-04 0.381
 38   -8.683968556832e-02 -1.213906730973e-01 9.89e-06 9.92e-07 2.51e-04 0.385
 39   -8.678874463079e-02 -1.213043602112e-01 9.80e-06 9.84e-07 2.55e-04 0.390
 40   -8.683724206025e-02 -1.208446892299e-01 8.99e-06 9.03e-07 2.60e-04 0.395
 41   -8.688745381364e-02 -1.208542996984e-01 8.92e-06 8.96e-07 2.63e-04 0.402
 42   -8.752781072271e-02 -1.194052293346e-01 7.50e-06 7.53e-07 2.41e-04 0.406
 43   -8.748104722786e-02 -1.193272731205e-01 7.44e-06 7.47e-07 2.44e-04 0.417
 44   -8.752637396225e-02 -1.189270648156e-01 6.87e-06 6.90e-07 2.46e-04 0.422
 45   -8.757085746495e-02 -1.189356393650e-01 6.82e-06 6.85e-07 2.50e-04 0.429
 46   -8.822565844401e-02 -1.175661662470e-01 5.81e-06 5.84e-07 2.29e-04 0.433
 47   -8.818252294588e-02 -1.174954536497e-01 5.77e-06 5.79e-07 2.32e-04 0.440
 48   -8.822352667064e-02 -1.171439459066e-01 5.35e-06 5.38e-07 2.32e-04 0.445
 49   -8.826285416785e-02 -1.171513978499e-01 5.32e-06 5.34e-07 2.35e-04 0.451
 50   -8.892605534571e-02 -1.158556658927e-01 4.59e-06 4.61e-07 2.17e-04 0.455
 51   -8.888612751700e-02 -1.157911995796e-01 4.56e-06 4.58e-07 2.20e-04 0.462
 52   -8.892352789970e-02 -1.154776204579e-01 4.24e-06 4.26e-07 2.19e-04 0.466
 53   -8.895828460626e-02 -1.154838538978e-01 4.22e-06 4.23e-07 2.21e-04 0.472
 54   -8.961262381443e-02 -1.142751978095e-01 3.68e-06 3.70e-07 2.05e-04 0.477
 55   -8.957582430488e-02 -1.142163075031e-01 3.66e-06 3.67e-07 2.08e-04 0.483
 56   -8.961175281052e-02 -1.139304167400e-01 3.41e-06 3.43e-07 2.06e-04 0.488
 57   -8.964249756852e-02 -1.139353395215e-01 3.39e-06 3.40e-07 2.08e-04 0.495
 58   -9.022497625734e-02 -1.128906027317e-01 2.99e-06 3.00e-07 1.94e-04 0.499
 59   -9.019236329669e-02 -1.128375368942e-01 2.97e-06 2.98e-07 1.97e-04 0.505
 60   -9.022999303019e-02 -1.125712646065e-01 2.77e-06 2.78e-07 1.94e-04 0.510
 61   -9.025737496495e-02 -1.125748692468e-01 2.75e-06 2.76e-07 1.96e-04 0.517
 62   -9.069666212898e-02 -1.117776383771e-01 2.45e-06 2.46e-07 1.84e-04 0.522
 63   -9.066973353737e-02 -1.117310492261e-01 2.43e-06 2.44e-07 1.86e-04 0.528
 64   -9.071181912389e-02 -1.114799083039e-01 2.27e-06 2.27e-07 1.82e-04 0.533
 65   -9.073658525339e-02 -1.114824175021e-01 2.25e-06 2.26e-07 1.85e-04 0.539
 66   -9.108281149694e-02 -1.108510849798e-01 2.01e-06 2.02e-07 1.74e-04 0.543
 67   -9.106062117215e-02 -1.108099415270e-01 2.00e-06 2.01e-07 1.77e-04 0.550
 68   -9.110807946512e-02 -1.105703474103e-01 1.86e-06 1.87e-07 1.73e-04 0.554
 69   -9.113069887240e-02 -1.105720479924e-01 1.85e-06 1.86e-07 1.75e-04 0.561
 70   -9.141525452926e-02 -1.100548048320e-01 1.66e-06 1.67e-07 1.66e-04 0.565
 71   -9.139679932483e-02 -1.100181257033e-01 1.65e-06 1.66e-07 1.68e-04 0.571
 72   -9.145005006305e-02 -1.097874797014e-01 1.54e-06 1.54e-07 1.64e-04 0.576
 73   -9.147086020975e-02 -1.097885511540e-01 1.53e-06 1.53e-07 1.66e-04 0.583
 74   -9.171387700313e-02 -1.093513943774e-01 1.38e-06 1.38e-07 1.58e-04 0.587
 75   -9.169834158726e-02 -1.093183749549e-01 1.37e-06 1.37e-07 1.60e-04 0.593
 76   -9.175793178737e-02 -1.090942436504e-01 1.27e-06 1.28e-07 1.56e-04 0.598
 77   -9.177716844262e-02 -1.090947736759e-01 1.26e-06 1.27e-07 1.58e-04 0.604
 78   -9.199265539534e-02 -1.087135110900e-01 1.15e-06 1.15e-07 1.51e-04 0.608
 79   -9.197940034120e-02 -1.086835173943e-01 1.14e-06 1.14e-07 1.53e-04 0.615
 80   -9.204610678811e-02 -1.084634987901e-01 1.06e-06 1.06e-07 1.49e-04 0.620
 81   -9.206392587898e-02 -1.084635174026e-01 1.05e-06 1.05e-07 1.51e-04 0.626
 82   -9.226250008812e-02 -1.081196523310e-01 9.52e-07 9.56e-08 1.45e-04 0.631
 83   -9.225102079232e-02 -1.080921900513e-01 9.46e-07 9.50e-08 1.47e-04 0.637
 84   -9.232572685159e-02 -1.078740958148e-01 8.76e-07 8.79e-08 1.42e-04 0.642
 85   -9.234222423361e-02 -1.078736004899e-01 8.70e-07 8.73e-08 1.44e-04 0.649
 86   -9.253227567735e-02 -1.075526663279e-01 7.91e-07 7.94e-08 1.38e-04 0.653
 87   -9.252217036020e-02 -1.075273514983e-01 7.85e-07 7.88e-08 1.40e-04 0.660
 88   -9.260561468653e-02 -1.073095192675e-01 7.25e-07 7.28e-08 1.36e-04 0.665
 89   -9.262084467586e-02 -1.073084942653e-01 7.20e-07 7.23e-08 1.37e-04 0.671
 90   -9.280877710909e-02 -1.069997337666e-01 6.55e-07 6.57e-08 1.32e-04 0.676
 91   -9.279972814221e-02 -1.069762716698e-01 6.50e-07 6.53e-08 1.34e-04 0.683
 92   -9.289219101680e-02 -1.067578894829e-01 5.99e-07 6.01e-08 1.29e-04 0.688
 93   -9.290618416369e-02 -1.067563223987e-01 5.95e-07 5.97e-08 1.31e-04 0.695
 94   -9.309629420970e-02 -1.064527402758e-01 5.40e-07 5.42e-08 1.26e-04 0.700
 95   -9.308805850390e-02 -1.064309115620e-01 5.36e-07 5.39e-08 1.27e-04 0.706
 96   -9.318909745606e-02 -1.062122192671e-01 4.92e-07 4.94e-08 1.23e-04 0.711
 97   -9.320187653653e-02 -1.062101147409e-01 4.89e-07 4.91e-08 1.24e-04 0.717
 98   -9.339634032303e-02 -1.059082049970e-01 4.44e-07 4.45e-08 1.19e-04 0.722
 99   -9.338874245545e-02 -1.058878550647e-01 4.41e-07 4.42e-08 1.20e-04 0.728
100   -9.349708511539e-02 -1.056701325951e-01 4.03e-07 4.05e-08 1.16e-04 0.733
101   -9.350867726594e-02 -1.056675214843e-01 4.00e-07 4.02e-08 1.17e-04 0.740
102   -9.370784553218e-02 -1.053665127905e-01 3.63e-07 3.64e-08 1.12e-04 0.744
103   -9.370076915357e-02 -1.053475408186e-01 3.60e-07 3.62e-08 1.13e-04 0.751
104   -9.381439181697e-02 -1.051328997561e-01 3.29e-07 3.30e-08 1.08e-04 0.755
105   -9.382483564770e-02 -1.051298425723e-01 3.27e-07 3.28e-08 1.10e-04 0.762
106   -9.402770947969e-02 -1.048307853366e-01 2.96e-07 2.97e-08 1.04e-04 0.766
107   -9.402108651813e-02 -1.048131321340e-01 2.94e-07 2.95e-08 1.06e-04 0.772
108   -9.413743414149e-02 -1.046041901037e-01 2.67e-07 2.68e-08 1.01e-04 0.777
109   -9.414678239424e-02 -1.046007749857e-01 2.65e-07 2.67e-08 1.02e-04 0.783
110   -9.435146525421e-02 -1.043057971849e-01 2.40e-07 2.41e-08 9.68e-05 0.788
111   -9.434526456043e-02 -1.042894328214e-01 2.38e-07 2.39e-08 9.79e-05 0.794
112   -9.446154751042e-02 -1.040889475239e-01 2.17e-07 2.17e-08 9.31e-05 0.799
113   -9.446986663441e-02 -1.040852838588e-01 2.15e-07 2.16e-08 9.42e-05 0.805
114   -9.467392060278e-02 -1.037970799472e-01 1.94e-07 1.95e-08 8.91e-05 0.809
115   -9.466813724099e-02 -1.037819918466e-01 1.93e-07 1.94e-08 9.01e-05 0.815
116   -9.478164296768e-02 -1.035925156522e-01 1.75e-07 1.76e-08 8.54e-05 0.820
117   -9.478901087221e-02 -1.035887245773e-01 1.74e-07 1.75e-08 8.63e-05 0.827
118   -9.498974204982e-02 -1.033101968312e-01 1.57e-07 1.58e-08 8.14e-05 0.831
119   -9.498438756852e-02 -1.032963784997e-01 1.56e-07 1.57e-08 8.23e-05 0.837
120   -9.509276105644e-02 -1.031199720311e-01 1.41e-07 1.42e-08 7.76e-05 0.842
121   -9.509926374770e-02 -1.031161748737e-01 1.40e-07 1.41e-08 7.85e-05 0.849
122   -9.528136260921e-02 -1.028650629109e-01 1.27e-07 1.27e-08 7.37e-05 0.853
123   -9.527664591217e-02 -1.028526568959e-01 1.26e-07 1.27e-08 7.46e-05 0.860
124   -9.537896919139e-02 -1.026899434847e-01 1.14e-07 1.15e-08 7.01e-05 0.865
125   -9.538471325595e-02 -1.026862684830e-01 1.13e-07 1.14e-08 7.09e-05 0.871
126   -9.554403416071e-02 -1.024669936260e-01 1.03e-07 1.03e-08 6.65e-05 0.876
127   -9.554002097871e-02 -1.024560092270e-01 1.02e-07 1.02e-08 6.72e-05 0.882
128   -9.563591443987e-02 -1.023068870979e-01 9.22e-08 9.26e-09 6.31e-05 0.887
129   -9.564099549265e-02 -1.023034234882e-01 9.16e-08 9.20e-09 6.38e-05 0.893
130   -9.578026923778e-02 -1.021122439108e-01 8.29e-08 8.33e-09 5.97e-05 0.897
131   -9.577690081820e-02 -1.021025747166e-01 8.24e-08 8.27e-09 6.03e-05 0.904
132   -9.586609972602e-02 -1.019666767608e-01 7.47e-08 7.50e-09 5.66e-05 0.908
133   -9.587060016121e-02 -1.019634704443e-01 7.42e-08 7.45e-09 5.72e-05 0.915
134   -9.599255871262e-02 -1.017966145356e-01 6.73e-08 6.75e-09 5.35e-05 0.919
135   -9.598975414255e-02 -1.017881267702e-01 6.69e-08 6.71e-09 5.41e-05 0.925
136   -9.607226620987e-02 -1.016647472169e-01 6.07e-08 6.09e-09 5.06e-05 0.930
137   -9.607626004854e-02 -1.016618149641e-01 6.03e-08 6.05e-09 5.12e-05 0.937
138   -9.618346307813e-02 -1.015157363594e-01 5.48e-08 5.50e-09 4.79e-05 0.941
139   -9.618114018131e-02 -1.015082914435e-01 5.44e-08 5.46e-09 4.84e-05 0.947
140   -9.625725074144e-02 -1.013964363715e-01 4.95e-08 4.97e-09 4.53e-05 0.952
141   -9.626080287685e-02 -1.013937744243e-01 4.92e-08 4.94e-09 4.58e-05 0.958
142   -9.635556257296e-02 -1.012652686713e-01 4.48e-08 4.49e-09 4.29e-05 0.962
143   -9.635364465853e-02 -1.012587337597e-01 4.45e-08 4.47e-09 4.34e-05 0.969
144   -9.642381527885e-02 -1.011572707998e-01 4.05e-08 4.07e-09 4.06e-05 0.973
145   -9.642698117061e-02 -1.011548624790e-01 4.03e-08 4.04e-09 4.10e-05 0.980
146   -9.651127837722e-02 -1.010411760640e-01 3.68e-08 3.69e-09 3.84e-05 0.984
147   -9.650969731121e-02 -1.010354300144e-01 3.65e-08 3.67e-09 3.88e-05 0.992
148   -9.657443705659e-02 -1.009432487062e-01 3.33e-08 3.34e-09 3.64e-05 0.997
149   -9.657726392595e-02 -1.009410713278e-01 3.31e-08 3.32e-09 3.68e-05 1.004
150   -9.665271120021e-02 -1.008399429226e-01 3.03e-08 3.04e-09 3.44e-05 1.007
151   -9.665140887409e-02 -1.008348790094e-01 3.01e-08 3.02e-09 3.48e-05 1.014
152   -9.671119106665e-02 -1.007509848156e-01 2.75e-08 2.76e-09 3.26e-05 1.019
153   -9.671371973527e-02 -1.007490145391e-01 2.73e-08 2.74e-09 3.30e-05 1.025
154   -9.678159191686e-02 -1.006586320783e-01 2.50e-08 2.51e-09 3.09e-05 1.029
155   -9.678052026912e-02 -1.006541581319e-01 2.49e-08 2.50e-09 3.13e-05 1.036
156   -9.683575370388e-02 -1.005776974630e-01 2.28e-08 2.29e-09 2.93e-05 1.041
157   -9.683802012879e-02 -1.005759118802e-01 2.26e-08 2.27e-09 2.96e-05 1.047
158   -9.689931914051e-02 -1.004948287045e-01 2.08e-08 2.08e-09 2.78e-05 1.051
159   -9.689843916933e-02 -1.004908658444e-01 2.06e-08 2.07e-09 2.81e-05 1.058
160   -9.694947266643e-02 -1.004211111004e-01 1.89e-08 1.90e-09 2.64e-05 1.063
161   -9.695150890692e-02 -1.004194902071e-01 1.88e-08 1.89e-09 2.67e-05 1.069
162   -9.700703679439e-02 -1.003465325516e-01 1.73e-08 1.73e-09 2.50e-05 1.073
163   -9.700631706358e-02 -1.003430133635e-01 1.72e-08 1.72e-09 2.53e-05 1.080
164   -9.705346209177e-02 -1.002793281582e-01 1.58e-08 1.58e-09 2.38e-05 1.085
165   -9.705529674118e-02 -1.002778543113e-01 1.57e-08 1.57e-09 2.40e-05 1.092
166   -9.710572320058e-02 -1.002120370999e-01 1.44e-08 1.45e-09 2.26e-05 1.096
167   -9.710513817237e-02 -1.002089037450e-01 1.44e-08 1.44e-09 2.28e-05 1.102
168   -9.714869340844e-02 -1.001507078093e-01 1.32e-08 1.32e-09 2.15e-05 1.107
169   -9.715034958596e-02 -1.001493682679e-01 1.31e-08 1.32e-09 2.17e-05 1.114
170   -9.719625812076e-02 -1.000898371331e-01 1.21e-08 1.21e-09 2.04e-05 1.118
171   -9.719578639260e-02 -1.000870395444e-01 1.20e-08 1.21e-09 2.07e-05 1.124
172   -9.723604875897e-02 -1.000337905961e-01 1.11e-08 1.11e-09 1.94e-05 1.128
173   -9.723754831789e-02 -1.000325711440e-01 1.10e-08 1.11e-09 1.97e-05 1.135
174   -9.727945901592e-02 -9.997857223708e-02 1.02e-08 1.02e-09 1.85e-05 1.139
175   -9.727908270773e-02 -9.997606729096e-02 1.01e-08 1.02e-09 1.87e-05 1.146
176   -9.731634310147e-02 -9.992726100845e-02 9.34e-09 9.36e-10 1.76e-05 1.150
177   -9.731770539478e-02 -9.992614769532e-02 9.29e-09 9.31e-10 1.78e-05 1.156
178   -9.735607871710e-02 -9.987701939705e-02 8.59e-09 8.61e-10 1.68e-05 1.160
179   -9.735578275214e-02 -9.987476998705e-02 8.54e-09 8.56e-10 1.70e-05 1.166
180   -9.739031493422e-02 -9.982994811337e-02 7.89e-09 7.91e-10 1.60e-05 1.171
181   -9.739155628219e-02 -9.982892861301e-02 7.85e-09 7.87e-10 1.62e-05 1.178
182   -9.742679174636e-02 -9.978409928912e-02 7.26e-09 7.28e-10 1.53e-05 1.182
183   -9.742656335948e-02 -9.978207351703e-02 7.22e-09 7.24e-10 1.54e-05 1.188
184   -9.745861418128e-02 -9.974083075854e-02 6.68e-09 6.69e-10 1.46e-05 1.193
185   -9.745974846928e-02 -9.973989431732e-02 6.65e-09 6.66e-10 1.47e-05 1.200
186   -9.749218542262e-02 -9.969887802597e-02 6.16e-09 6.17e-10 1.39e-05 1.204
187   -9.749201389989e-02 -9.969704853890e-02 6.13e-09 6.14e-10 1.41e-05 1.210
188   -9.752179820833e-02 -9.965903456885e-02 5.67e-09 5.68e-10 1.33e-05 1.214
189   -9.752283743793e-02 -9.965817191123e-02 5.65e-09 5.66e-10 1.34e-05 1.220
190   -9.755275974613e-02 -9.962056009805e-02 5.24e-09 5.24e-10 1.27e-05 1.224
191   -9.755263620862e-02 -9.961890346141e-02 5.21e-09 5.22e-10 1.29e-05 1.231
192   -9.758033768761e-02 -9.958381874356e-02 4.83e-09 4.84e-10 1.21e-05 1.235
193   -9.758129242018e-02 -9.958302192142e-02 4.81e-09 4.81e-10 1.23e-05 1.242
194   -9.760893792276e-02 -9.954847027081e-02 4.46e-09 4.47e-10 1.16e-05 1.246
195   -9.760885508823e-02 -9.954696636566e-02 4.44e-09 4.44e-10 1.18e-05 1.252
196   -9.763463299757e-02 -9.951455198816e-02 4.12e-09 4.12e-10 1.11e-05 1.256
197   -9.763551262660e-02 -9.951381416626e-02 4.10e-09 4.10e-10 1.12e-05 1.263
198   -9.766108624401e-02 -9.948202596209e-02 3.81e-09 3.81e-10 1.06e-05 1.267
199   -9.766103813444e-02 -9.948065740836e-02 3.79e-09 3.79e-10 1.08e-05 1.274
200   -9.768503726912e-02 -9.945068195769e-02 3.52e-09 3.53e-10 1.02e-05 1.278
201   -9.768585012975e-02 -9.944999717292e-02 3.51e-09 3.51e-10 1.03e-05 1.284
202   -9.770953649091e-02 -9.942070770108e-02 3.26e-09 3.26e-10 9.75e-06 1.288
203   -9.770951810928e-02 -9.941945936244e-02 3.25e-09 3.25e-10 9.88e-06 1.295
204   -9.773187671589e-02 -9.939170854768e-02 3.02e-09 3.02e-10 9.35e-06 1.299
205   -9.773263010655e-02 -9.939107150698e-02 3.00e-09 3.00e-10 9.47e-06 1.305
206   -9.775460094940e-02 -9.936403858622e-02 2.80e-09 2.80e-10 8.97e-06 1.309
207   -9.775460800405e-02 -9.936289719095e-02 2.78e-09 2.78e-10 9.09e-06 1.316
208   -9.777546035185e-02 -9.933716966643e-02 2.59e-09 2.59e-10 8.60e-06 1.320
209   -9.777616056252e-02 -9.933657562571e-02 2.58e-09 2.58e-10 8.71e-06 1.326
210   -9.779657627108e-02 -9.931157680520e-02 2.40e-09 2.40e-10 8.26e-06 1.330
211   -9.779660499791e-02 -9.931053068962e-02 2.39e-09 2.39e-10 8.37e-06 1.336
212   -9.781607970992e-02 -9.928663873439e-02 2.23e-09 2.23e-10 7.93e-06 1.340
213   -9.781673211052e-02 -9.928608343510e-02 2.22e-09 2.22e-10 8.03e-06 1.347
214   -9.783574044608e-02 -9.926291641105e-02 2.07e-09 2.07e-10 7.62e-06 1.351
215   -9.783578751813e-02 -9.926195532516e-02 2.06e-09 2.06e-10 7.72e-06 1.357
216   -9.785400494894e-02 -9.923972669946e-02 1.92e-09 1.92e-10 7.32e-06 1.361
217   -9.785461412087e-02 -9.923920633444e-02 1.91e-09 1.91e-10 7.41e-06 1.367
218   -9.787234892833e-02 -9.921768950815e-02 1.78e-09 1.78e-10 7.03e-06 1.371
219   -9.787241140802e-02 -9.921680445456e-02 1.78e-09 1.77e-10 7.13e-06 1.377
220   -9.788948181384e-02 -9.919608350956e-02 1.66e-09 1.66e-10 6.76e-06 1.381
221   -9.789005168115e-02 -9.919559469361e-02 1.65e-09 1.65e-10 6.85e-06 1.388
222   -9.790663254577e-02 -9.917556678960e-02 1.54e-09 1.54e-10 6.50e-06 1.392
223   -9.790670785275e-02 -9.917474988030e-02 1.53e-09 1.53e-10 6.59e-06 1.398
224   -9.792273062797e-02 -9.915539760604e-02 1.43e-09 1.43e-10 6.26e-06 1.402
225   -9.792326457818e-02 -9.915493734327e-02 1.42e-09 1.43e-10 6.34e-06 1.408
226   -9.793879724021e-02 -9.913625628386e-02 1.33e-09 1.33e-10 6.02e-06 1.412
227   -9.793888312230e-02 -9.913550060530e-02 1.33e-09 1.32e-10 6.10e-06 1.419
228   -9.795394671845e-02 -9.911739402578e-02 1.24e-09 1.24e-10 5.80e-06 1.423
229   -9.795444770227e-02 -9.911695968118e-02 1.23e-09 1.23e-10 5.87e-06 1.429
230   -9.796902467930e-02 -9.909950131907e-02 1.15e-09 1.15e-10 5.58e-06 1.433
231   -9.796911918223e-02 -9.909880081613e-02 1.15e-09 1.15e-10 5.66e-06 1.440
232   -9.798330121313e-02 -9.908183227323e-02 1.07e-09 1.07e-10 5.37e-06 1.444
233   -9.798377183365e-02 -9.908142154294e-02 1.07e-09 1.07e-10 5.44e-06 1.450
234   -9.799747316892e-02 -9.906507832789e-02 9.99e-10 1.00e-10 5.18e-06 1.454
235   -9.799757461515e-02 -9.906442769805e-02 9.94e-10 9.95e-11 5.25e-06 1.461
236   -9.801094227883e-02 -9.904850386295e-02 9.30e-10 9.31e-11 4.99e-06 1.465
237   -9.801138486347e-02 -9.904811474201e-02 9.26e-10 9.26e-11 5.05e-06 1.471
238   -9.802427908916e-02 -9.903279422105e-02 8.66e-10 8.66e-11 4.80e-06 1.475
239   -9.802438605631e-02 -9.903218881883e-02 8.62e-10 8.62e-11 4.87e-06 1.481
240   -9.803699684395e-02 -9.901722947474e-02 8.07e-10 8.07e-11 4.63e-06 1.485
241   -9.803741350827e-02 -9.901686022484e-02 8.03e-10 8.04e-11 4.69e-06 1.491
242   -9.804955896244e-02 -9.900248323047e-02 7.52e-10 7.52e-11 4.46e-06 1.495
243   -9.804967025922e-02 -9.900191897404e-02 7.48e-10 7.48e-11 4.52e-06 1.502
244   -9.806157336072e-02 -9.898785510519e-02 7.00e-10 7.00e-11 4.30e-06 1.506
245   -9.806196605022e-02 -9.898750421862e-02 6.97e-10 6.96e-11 4.36e-06 1.512
246   -9.807341274259e-02 -9.897400251930e-02 6.53e-10 6.52e-11 4.15e-06 1.516
247   -9.807352738401e-02 -9.897347580814e-02 6.50e-10 6.49e-11 4.20e-06 1.523
248   -9.808476549855e-02 -9.896024731999e-02 6.08e-10 6.08e-11 4.00e-06 1.527
249   -9.808513601793e-02 -9.895991347522e-02 6.05e-10 6.05e-11 4.05e-06 1.534
250   -9.809592779876e-02 -9.894722715594e-02 5.67e-10 5.66e-11 3.86e-06 1.538
251   -9.809604497361e-02 -9.894673478932e-02 5.65e-10 5.64e-11 3.91e-06 1.544
252   -9.810665633930e-02 -9.893428804539e-02 5.29e-10 5.29e-11 3.72e-06 1.548
253   -9.810700636007e-02 -9.893397006958e-02 5.26e-10 5.25e-11 3.77e-06 1.554
254   -9.811718286624e-02 -9.892204520415e-02 4.93e-10 4.92e-11 3.59e-06 1.558
255   -9.811730189812e-02 -9.892158432016e-02 4.91e-10 4.88e-11 3.63e-06 1.565
256   -9.812732186721e-02 -9.890987022015e-02 4.60e-10 4.58e-11 3.46e-06 1.569
257   -9.812765293362e-02 -9.890956705840e-02 4.58e-10 4.56e-11 3.51e-06 1.575
258   -9.813725099516e-02 -9.889835399918e-02 4.29e-10 4.27e-11 3.34e-06 1.579
259   -9.813737131528e-02 -9.889792201897e-02 4.27e-10 4.25e-11 3.38e-06 1.585
260   -9.814683339179e-02 -9.888689469014e-02 4.00e-10 3.98e-11 3.22e-06 1.589
261   -9.814714691689e-02 -9.888660538211e-02 3.98e-10 3.95e-11 3.26e-06 1.596
262   -9.815620130152e-02 -9.887605779690e-02 3.73e-10 3.70e-11 3.11e-06 1.599
263   -9.815632242090e-02 -9.887565238860e-02 3.72e-10 3.68e-11 3.15e-06 1.606
264   -9.816525862631e-02 -9.886526863661e-02 3.48e-10 3.45e-11 3.00e-06 1.610
265   -9.816555590014e-02 -9.886499230220e-02 3.47e-10 3.45e-11 3.04e-06 1.617
266   -9.817409956548e-02 -9.885506676809e-02 3.25e-10 3.23e-11 2.89e-06 1.621
267   -9.817422105974e-02 -9.885468581667e-02 3.24e-10 3.22e-11 2.93e-06 1.627
268   -9.818266200603e-02 -9.884490491379e-02 3.03e-10 3.02e-11 2.79e-06 1.631
269   -9.818294419895e-02 -9.884464074362e-02 3.02e-10 3.01e-11 2.83e-06 1.638
270   -9.819100832126e-02 -9.883529660160e-02 2.83e-10 2.82e-11 2.70e-06 1.642
271   -9.819112981875e-02 -9.883493818776e-02 2.82e-10 2.80e-11 2.73e-06 1.648
272   -9.819910458779e-02 -9.882572189337e-02 2.64e-10 2.62e-11 2.60e-06 1.652
273   -9.819937276362e-02 -9.882546914152e-02 2.63e-10 2.60e-11 2.64e-06 1.658
274   -9.820698671992e-02 -9.881666841882e-02 2.47e-10 2.44e-11 2.51e-06 1.662
275   -9.820710789568e-02 -9.881633079648e-02 2.46e-10 2.42e-11 2.55e-06 1.668
276   -9.821464405903e-02 -9.880764323477e-02 2.30e-10 2.27e-11 2.43e-06 1.672
277   -9.821489918361e-02 -9.880740121384e-02 2.29e-10 2.27e-11 2.46e-06 1.679
278   -9.822209053821e-02 -9.879910855429e-02 2.15e-10 2.13e-11 2.34e-06 1.683
279   -9.822221110664e-02 -9.879879013678e-02 2.14e-10 2.13e-11 2.37e-06 1.689
280   -9.822933462696e-02 -9.879059782301e-02 2.01e-10 2.00e-11 2.26e-06 1.693
281   -9.822957757886e-02 -9.879036589896e-02 2.00e-10 2.01e-11 2.29e-06 1.700
282   -9.823637213819e-02 -9.878254843047e-02 1.88e-10 1.88e-11 2.19e-06 1.704
283   -9.823649185075e-02 -9.878224777304e-02 1.87e-10 1.87e-11 2.21e-06 1.710
284   -9.824322715720e-02 -9.877451945629e-02 1.75e-10 1.76e-11 2.11e-06 1.714
285   -9.824345873672e-02 -9.877429704382e-02 1.74e-10 1.75e-11 2.14e-06 1.721
286   -9.824988060960e-02 -9.876692424858e-02 1.64e-10 1.64e-11 2.04e-06 1.725
287   -9.824999925077e-02 -9.876664003538e-02 1.63e-10 1.64e-11 2.07e-06 1.731
288   -9.825636923779e-02 -9.875934663756e-02 1.53e-10 1.54e-11 1.97e-06 1.735
289   -9.825659017636e-02 -9.875913319665e-02 1.52e-10 1.53e-11 1.99e-06 1.741
290   -9.826266187849e-02 -9.875217674056e-02 1.43e-10 1.44e-11 1.90e-06 1.745
291   -9.826277925980e-02 -9.875190777396e-02 1.42e-10 1.42e-11 1.93e-06 1.752
292   -9.826880537408e-02 -9.874502223677e-02 1.33e-10 1.34e-11 1.84e-06 1.755
293   -9.826901633924e-02 -9.874481726897e-02 1.33e-10 1.31e-11 1.86e-06 1.762
294   -9.827475884554e-02 -9.873825089591e-02 1.25e-10 1.23e-11 1.77e-06 1.766
295   -9.827487480711e-02 -9.873799608127e-02 1.24e-10 1.23e-11 1.80e-06 1.772
296   -9.828057714525e-02 -9.873149321021e-02 1.16e-10 1.16e-11 1.71e-06 1.776
297   -9.828077875096e-02 -9.873129625297e-02 1.16e-10 1.14e-11 1.74e-06 1.784
298   -9.828621163888e-02 -9.872509558360e-02 1.09e-10 1.07e-11 1.66e-06 1.788
299   -9.828632604273e-02 -9.872485392206e-02 1.08e-10 1.06e-11 1.68e-06 1.794
300   -9.829172338787e-02 -9.871871030310e-02 1.02e-10 9.98e-12 1.60e-06 1.798
301   -9.829191619549e-02 -9.871852093008e-02 1.01e-10 9.97e-12 1.62e-06 1.804
302   -9.829705770895e-02 -9.871266335332e-02 9.49e-11 9.35e-12 1.55e-06 1.808
303   -9.829717043721e-02 -9.871243393274e-02 9.44e-11 9.30e-12 1.57e-06 1.815
304   -9.830228035247e-02 -9.870662779085e-02 8.87e-11 8.75e-12 1.49e-06 1.819
305   -9.830246487848e-02 -9.870644560672e-02 8.82e-11 8.69e-12 1.51e-06 1.825
306   -9.830733203903e-02 -9.870091012388e-02 8.29e-11 8.14e-12 1.44e-06 1.829
307   -9.830744299406e-02 -9.870069210897e-02 8.24e-11 8.09e-12 1.46e-06 1.835
308   -9.831228192749e-02 -9.869520315862e-02 7.74e-11 7.62e-12 1.39e-06 1.839
309   -9.831245864903e-02 -9.869502779556e-02 7.70e-11 7.72e-12 1.41e-06 1.846
310   -9.831706733482e-02 -9.868979490383e-02 7.23e-11 7.23e-12 1.35e-06 1.850
311   -9.831717643330e-02 -9.868958753003e-02 7.20e-11 7.11e-12 1.36e-06 1.857
312   -9.832175975700e-02 -9.868439690326e-02 6.76e-11 6.69e-12 1.30e-06 1.861
313   -9.832192911251e-02 -9.868422802201e-02 6.72e-11 6.70e-12 1.32e-06 1.867
314   -9.832629412167e-02 -9.867927961873e-02 6.32e-11 6.27e-12 1.26e-06 1.871
315   -9.832640129706e-02 -9.867908218408e-02 6.28e-11 6.13e-12 1.27e-06 1.877
316   -9.833074339562e-02 -9.867417230690e-02 5.90e-11 5.78e-12 1.21e-06 1.881
317   -9.833090579200e-02 -9.867400958922e-02 5.87e-11 5.83e-12 1.23e-06 1.887
318   -9.833504098629e-02 -9.866932878996e-02 5.51e-11 5.46e-12 1.17e-06 1.891
319   -9.833514618116e-02 -9.866914065316e-02 5.48e-11 5.37e-12 1.19e-06 1.897
320   -9.833926050938e-02 -9.866449515825e-02 5.15e-11 5.06e-12 1.13e-06 1.901
321   -9.833941632120e-02 -9.866433831176e-02 5.12e-11 5.11e-12 1.15e-06 1.907
322   -9.834333459739e-02 -9.865990946170e-02 4.81e-11 4.78e-12 1.10e-06 1.911
323   -9.834343776822e-02 -9.865973003119e-02 4.79e-11 4.79e-12 1.11e-06 1.918
324   -9.834733695517e-02 -9.865533362326e-02 4.50e-11 4.52e-12 1.06e-06 1.922
325   -9.834748653206e-02 -9.865518237193e-02 4.47e-11 4.40e-12 1.07e-06 1.928
326   -9.835120000273e-02 -9.865099082848e-02 4.20e-11 4.11e-12 1.02e-06 1.932
327   -9.835130111642e-02 -9.865081956019e-02 4.18e-11 4.12e-12 1.04e-06 1.938
328   -9.835499696767e-02 -9.864665799650e-02 3.93e-11 3.88e-12 9.88e-07 1.942
329   -9.835514063159e-02 -9.864651208495e-02 3.90e-11 3.94e-12 1.00e-06 1.949
330   -9.835866060884e-02 -9.864254421995e-02 3.67e-11 3.68e-12 9.54e-07 1.953
331   -9.835875964047e-02 -9.864238061329e-02 3.65e-11 3.83e-12 9.66e-07 1.960
332   -9.836226325284e-02 -9.863844056001e-02 3.43e-11 3.61e-12 9.22e-07 1.964
333   -9.836240130335e-02 -9.863829975076e-02 3.41e-11 3.69e-12 9.33e-07 1.970
334   -9.836573836347e-02 -9.863454286485e-02 3.20e-11 3.45e-12 8.90e-07 1.974
335   -9.836583529428e-02 -9.863438646105e-02 3.19e-11 3.30e-12 9.01e-07 1.980
336   -9.836915706476e-02 -9.863065546970e-02 2.99e-11 3.12e-12 8.60e-07 1.984
337   -9.836928978096e-02 -9.863051953979e-02 2.98e-11 3.06e-12 8.70e-07 1.991
338   -9.837245384841e-02 -9.862696175707e-02 2.80e-11 2.87e-12 8.31e-07 1.995
339   -9.837254866826e-02 -9.862681213073e-02 2.78e-11 2.81e-12 8.41e-07 2.001
340   -9.837569835717e-02 -9.862327855698e-02 2.61e-11 2.64e-12 8.02e-07 2.005
341   -9.837582599936e-02 -9.862314729709e-02 2.60e-11 2.44e-12 8.12e-07 2.011
342   -9.837882639556e-02 -9.861977750063e-02 2.44e-11 2.28e-12 7.75e-07 2.015
343   -9.837891909947e-02 -9.861963425969e-02 2.43e-11 2.39e-12 7.84e-07 2.022
344   -9.838190587682e-02 -9.861628720081e-02 2.28e-11 2.26e-12 7.48e-07 2.026
345   -9.838202868760e-02 -9.861616041612e-02 2.27e-11 2.14e-12 7.57e-07 2.033
346   -9.838487415915e-02 -9.861296820661e-02 2.13e-11 2.00e-12 7.23e-07 2.037
347   -9.838496474826e-02 -9.861283098811e-02 2.12e-11 1.92e-12 7.31e-07 2.045
348   -9.838779725661e-02 -9.860966020361e-02 1.99e-11 1.81e-12 6.98e-07 2.048
349   -9.838791546137e-02 -9.860953771137e-02 1.98e-11 1.78e-12 7.06e-07 2.055
350   -9.839061421579e-02 -9.860651335902e-02 1.86e-11 1.66e-12 6.74e-07 2.059
351   -9.839070269363e-02 -9.860638183020e-02 1.85e-11 1.54e-12 6.82e-07 2.065
352   -9.839338902161e-02 -9.860337776269e-02 1.73e-11 1.46e-12 6.51e-07 2.069
353   -9.839350283158e-02 -9.860325939225e-02 1.72e-11 1.56e-12 6.58e-07 2.076
354   -9.839606257253e-02 -9.860039379024e-02 1.62e-11 1.46e-12 6.28e-07 2.080
355   -9.839614894922e-02 -9.860026764021e-02 1.61e-11 1.47e-12 6.36e-07 2.086
356   -9.839869676085e-02 -9.859742126525e-02 1.51e-11 1.39e-12 6.06e-07 2.090
357   -9.839880637336e-02 -9.859730685548e-02 1.50e-11 1.29e-12 6.14e-07 2.097
358   -9.840123438530e-02 -9.859459141927e-02 1.41e-11 1.20e-12 5.85e-07 2.101
359   -9.840131867241e-02 -9.859447036190e-02 1.40e-11 1.20e-12 5.92e-07 2.108
360   -9.840373513346e-02 -9.859177326221e-02 1.32e-11 1.13e-12 5.65e-07 2.112
361   -9.840384073416e-02 -9.859166266134e-02 1.31e-11 1.32e-12 5.72e-07 2.119
362   -9.840614385130e-02 -9.858908935743e-02 1.23e-11 1.23e-12 5.45e-07 2.123
363   -9.840622606395e-02 -9.858897312726e-02 1.22e-11 1.35e-12 5.52e-07 2.131
364   -9.840851796437e-02 -9.858641735171e-02 1.15e-11 1.28e-12 5.26e-07 2.135
365   -9.840861972529e-02 -9.858631041899e-02 1.14e-11 8.82e-13 5.33e-07 2.141
366   -9.841080436002e-02 -9.858387172737e-02 1.07e-11 8.19e-13 5.08e-07 2.145
367   -9.841088451536e-02 -9.858376007906e-02 1.07e-11 7.99e-13 5.14e-07 2.153
368   -9.841305822452e-02 -9.858133818673e-02 1.00e-11 7.62e-13 4.90e-07 2.157
369   -9.841315630776e-02 -9.858123478872e-02 9.95e-12 8.40e-13 4.96e-07 2.163
370   -9.841522852284e-02 -9.857892361867e-02 9.34e-12 7.76e-13 4.73e-07 2.167
371   -9.841530664101e-02 -9.857881632401e-02 9.28e-12 6.64e-13 4.78e-07 2.173
372   -9.841736819722e-02 -9.857652128032e-02 8.72e-12 6.33e-13 4.56e-07 2.177
373   -9.841746275665e-02 -9.857642129024e-02 8.66e-12 6.16e-13 4.62e-07 2.184
374   -9.841942827345e-02 -9.857423096655e-02 8.14e-12 5.69e-13 4.40e-07 2.188
375   -9.841950437639e-02 -9.857412781294e-02 8.08e-12 6.96e-13 4.45e-07 2.194
376   -9.842145944984e-02 -9.857195302681e-02 7.59e-12 6.68e-13 4.25e-07 2.198
377   -9.842155062612e-02 -9.857185632887e-02 7.54e-12 5.65e-13 4.29e-07 2.204
378   -9.842341480805e-02 -9.856978060633e-02 7.08e-12 5.13e-13 4.10e-07 2.208
379   -9.842348891820e-02 -9.856968139782e-02 7.04e-12 3.21e-13 4.14e-07 2.215
380   -9.842534284385e-02 -9.856762068126e-02 6.61e-12 3.11e-13 3.95e-07 2.219
381   -9.842543077489e-02 -9.856752716021e-02 6.56e-12 1.59e-13 3.99e-07 2.226
382   -9.842719871899e-02 -9.856556011974e-02 6.16e-12 1.64e-13 3.81e-07 2.230
383   -9.842727086100e-02 -9.856546467316e-02 6.12e-12 7.26e-14 3.85e-07 2.237
384   -9.842902872355e-02 -9.856351214411e-02 5.75e-12 7.18e-14 3.67e-07 2.241
385   -9.842911353484e-02 -9.856342169595e-02 5.71e-12 8.95e-14 3.71e-07 2.247
386   -9.843079002775e-02 -9.856155778876e-02 5.36e-12 7.82e-14 3.54e-07 2.251
387   -9.843086022894e-02 -9.856146593253e-02 5.33e-12 3.34e-13 3.58e-07 2.257
388   -9.843252677069e-02 -9.855961611388e-02 5.00e-12 3.24e-13 3.41e-07 2.261
389   -9.843260858171e-02 -9.855952863902e-02 4.97e-12 1.51e-13 3.45e-07 2.267
390   -9.843419814518e-02 -9.855776263489e-02 4.66e-12 1.40e-13 3.29e-07 2.271
391   -9.843426643116e-02 -9.855767421112e-02 4.63e-12 1.44e-13 3.33e-07 2.278
392   -9.843584617959e-02 -9.855592188691e-02 4.35e-12 1.40e-13 3.17e-07 2.282
393   -9.843592510289e-02 -9.855583729138e-02 4.32e-12 1.37e-13 3.21e-07 2.288
394   -9.843743199315e-02 -9.855416427609e-02 4.05e-12 1.28e-13 3.06e-07 2.292
395   -9.843749839348e-02 -9.855407913481e-02 4.03e-12 2.16e-13 3.09e-07 2.298
396   -9.843899560343e-02 -9.855241941211e-02 3.78e-12 2.10e-13 2.95e-07 2.302
397   -9.843907174896e-02 -9.855233760269e-02 3.75e-12 3.45e-13 2.98e-07 2.308
398   -9.844050004860e-02 -9.855075287534e-02 3.52e-12 3.15e-13 2.84e-07 2.312
399   -9.844056459119e-02 -9.855067087841e-02 3.50e-12 5.27e-13 2.87e-07 2.319
400   -9.844198332433e-02 -9.854909909710e-02 3.28e-12 5.00e-13 2.73e-07 2.323
401   -9.844205679140e-02 -9.854901999038e-02 3.26e-12 4.07e-13 2.76e-07 2.330
402   -9.844341029860e-02 -9.854751918248e-02 3.06e-12 3.70e-13 2.63e-07 2.334
403   -9.844347301398e-02 -9.854744019897e-02 3.04e-12 3.52e-13 2.66e-07 2.340
404   -9.844481708913e-02 -9.854595198519e-02 2.85e-12 3.51e-13 2.54e-07 2.344
405   -9.844488797559e-02 -9.854587549714e-02 2.83e-12 1.92e-13 2.56e-07 2.350
406   -9.844617036036e-02 -9.854445439974e-02 2.65e-12 1.60e-13 2.44e-07 2.354
407   -9.844623127851e-02 -9.854437830771e-02 2.64e-12 5.24e-14 2.47e-07 2.360
408   -9.844750433642e-02 -9.854296950022e-02 2.47e-12 4.03e-14 2.35e-07 2.364
409   -9.844757273394e-02 -9.854289555247e-02 2.45e-12 1.17e-13 2.38e-07 2.370
410   -9.844878742752e-02 -9.854155023566e-02 2.30e-12 1.15e-13 2.27e-07 2.374
411   -9.844884658019e-02 -9.854147691888e-02 2.29e-12 1.06e-13 2.29e-07 2.380
412   -9.845005209411e-02 -9.854014355647e-02 2.15e-12 1.04e-13 2.18e-07 2.384
413   -9.845011809011e-02 -9.854007207338e-02 2.13e-12 1.34e-13 2.20e-07 2.391
414   -9.845126839106e-02 -9.853879876825e-02 2.00e-12 1.40e-13 2.10e-07 2.395
415   -9.845132581024e-02 -9.853872811756e-02 1.98e-12 1.86e-13 2.12e-07 2.402
416   -9.845246706904e-02 -9.853746645567e-02 1.86e-12 1.70e-13 2.02e-07 2.406
417   -9.845253074644e-02 -9.853739736483e-02 1.85e-12 3.35e-13 2.04e-07 2.413
418   -9.845361978254e-02 -9.853619250410e-02 1.73e-12 3.12e-13 1.95e-07 2.417
419   -9.845367549904e-02 -9.853612441822e-02 1.72e-12 5.28e-13 1.97e-07 2.424
420   -9.845475562478e-02 -9.853493090848e-02 1.61e-12 4.99e-13 1.87e-07 2.428
421   -9.845481706422e-02 -9.853486413826e-02 1.60e-12 8.49e-13 1.89e-07 2.435
422   -9.845584783117e-02 -9.853372431240e-02 1.50e-12 7.98e-13 1.80e-07 2.438
423   -9.845590187874e-02 -9.853365869263e-02 1.49e-12 7.17e-13 1.82e-07 2.445
424   -9.845692390107e-02 -9.853252989998e-02 1.40e-12 6.77e-13 1.73e-07 2.449
425   -9.845698317746e-02 -9.853246538423e-02 1.39e-12 4.44e-13 1.75e-07 2.457
426   -9.845795852500e-02 -9.853138735526e-02 1.30e-12 4.09e-13 1.67e-07 2.461
427   -9.845801093386e-02 -9.853132411242e-02 1.29e-12 8.02e-13 1.68e-07 2.467
428   -9.845897765486e-02 -9.853025686226e-02 1.21e-12 7.60e-13 1.60e-07 2.471
429   -9.845903484428e-02 -9.853019453154e-02 1.20e-12 6.23e-13 1.62e-07 2.477
430   -9.845995749035e-02 -9.852917521719e-02 1.12e-12 5.85e-13 1.54e-07 2.481
431   -9.846000829500e-02 -9.852911426157e-02 1.12e-12 4.73e-13 1.56e-07 2.488
432   -9.846092250829e-02 -9.852810539847e-02 1.05e-12 4.55e-13 1.48e-07 2.491
433   -9.846097767781e-02 -9.852804519202e-02 1.04e-12 1.32e-13 1.50e-07 2.498
434   -9.846185023675e-02 -9.852708163270e-02 9.73e-13 1.16e-13 1.42e-07 2.502
435   -9.846189947071e-02 -9.852702288067e-02 9.65e-13 2.60e-13 1.44e-07 2.508
436   -9.846276374656e-02 -9.852606950314e-02 9.05e-13 2.53e-13 1.37e-07 2.512
437   -9.846281696531e-02 -9.852601135674e-02 8.97e-13 1.43e-13 1.38e-07 2.518
438   -9.846364191412e-02 -9.852510075284e-02 8.42e-13 1.36e-13 1.32e-07 2.522
439   -9.846368960934e-02 -9.852504412624e-02 8.34e-13 5.75e-13 1.33e-07 2.529
440   -9.846450645388e-02 -9.852414341109e-02 7.82e-13 5.23e-13 1.26e-07 2.533
441   -9.846455778502e-02 -9.852408726639e-02 7.76e-13 4.63e-13 1.28e-07 2.540
442   -9.846533747452e-02 -9.852322696431e-02 7.27e-13 4.38e-13 1.22e-07 2.544
443   -9.846538366354e-02 -9.852317238831e-02 7.21e-13 6.05e-14 1.23e-07 2.551
444   -9.846615545467e-02 -9.852232166037e-02 6.76e-13 4.52e-14 1.17e-07 2.554
445   -9.846620496114e-02 -9.852226745756e-02 6.70e-13 8.71e-14 1.18e-07 2.561
446   -9.846694170437e-02 -9.852145485234e-02 6.28e-13 6.85e-14 1.12e-07 2.565
447   -9.846698642349e-02 -9.852140225158e-02 6.23e-13 6.29e-13 1.13e-07 2.571
448   -9.846771544380e-02 -9.852059894678e-02 5.84e-13 5.81e-13 1.08e-07 2.575
449   -9.846776318238e-02 -9.852054663172e-02 5.79e-13 7.26e-13 1.09e-07 2.582
450   -9.846845910333e-02 -9.851977933249e-02 5.43e-13 6.72e-13 1.03e-07 2.585
451   -9.846850238126e-02 -9.851972864271e-02 5.38e-13 5.44e-13 1.04e-07 2.592
452   -9.846919079258e-02 -9.851897033534e-02 5.04e-13 5.16e-13 9.94e-08 2.596
453   -9.846923682128e-02 -9.851891985242e-02 4.99e-13 6.08e-13 1.00e-07 2.603
454   -9.846989397680e-02 -9.851819554787e-02 4.68e-13 5.71e-13 9.54e-08 2.607
455   -9.846993585034e-02 -9.851814669887e-02 4.64e-13 3.90e-13 9.63e-08 2.613
456   -9.847058573162e-02 -9.851743105979e-02 4.35e-13 3.77e-13 9.16e-08 2.617
457   -9.847063010685e-02 -9.851738235346e-02 4.31e-13 5.70e-13 9.24e-08 2.623
458   -9.847125051311e-02 -9.851669878220e-02 4.04e-13 5.35e-13 8.79e-08 2.627
459   -9.847129101141e-02 -9.851665171474e-02 4.00e-13 7.44e-13 8.87e-08 2.633
460   -9.847190432464e-02 -9.851597654765e-02 3.75e-13 7.07e-13 8.44e-08 2.637
461   -9.847194709974e-02 -9.851592956572e-02 3.71e-13 7.59e-13 8.51e-08 2.643
462   -9.847253264308e-02 -9.851528461362e-02 3.48e-13 7.27e-13 8.10e-08 2.647
463   -9.847257180250e-02 -9.851523926282e-02 3.45e-13 6.73e-13 8.17e-08 2.654
464   -9.847315046642e-02 -9.851460242349e-02 3.23e-13 6.15e-13 7.77e-08 2.658
465   -9.847319169185e-02 -9.851455711592e-02 3.20e-13 9.57e-13 7.84e-08 2.665
466   -9.847374416279e-02 -9.851394877839e-02 3.00e-13 8.98e-13 7.45e-08 2.669
467   -9.847378201168e-02 -9.851390509077e-02 2.97e-13 6.48e-13 7.52e-08 2.675
468   -9.847432782418e-02 -9.851330457136e-02 2.78e-13 5.93e-13 7.15e-08 2.679
469   -9.847436755342e-02 -9.851326088414e-02 2.76e-13 1.03e-12 7.21e-08 2.686
470   -9.847488864177e-02 -9.851268727119e-02 2.58e-13 9.85e-13 6.86e-08 2.690
471   -9.847492521514e-02 -9.851264518736e-02 2.56e-13 5.73e-13 6.91e-08 2.695
472   -9.847543989372e-02 -9.851207907212e-02 2.40e-13 5.40e-13 6.58e-08 2.699
473   -9.847547816741e-02 -9.851203696476e-02 2.37e-13 3.18e-13 6.63e-08 2.706
474   -9.847596952634e-02 -9.851149622993e-02 2.22e-13 2.87e-13 6.31e-08 2.709
475   -9.847600485440e-02 -9.851145569823e-02 2.20e-13 1.13e-13 6.36e-08 2.716
476   -9.847649000079e-02 -9.851092220132e-02 2.06e-13 1.27e-13 6.04e-08 2.720
477   -9.847652686735e-02 -9.851088162441e-02 2.04e-13 1.66e-13 6.09e-08 2.726
478   -9.847699006194e-02 -9.851037202140e-02 1.91e-13 1.64e-13 5.79e-08 2.730
479   -9.847702417697e-02 -9.851033298933e-02 1.89e-13 5.30e-13 5.84e-08 2.736
480   -9.847748137148e-02 -9.850983035150e-02 1.77e-13 5.03e-13 5.55e-08 2.740
481   -9.847751687691e-02 -9.850979125784e-02 1.76e-13 1.12e-12 5.60e-08 2.747
482   -9.847795337182e-02 -9.850931115341e-02 1.65e-13 1.06e-12 5.32e-08 2.751
483   -9.847798630251e-02 -9.850927357380e-02 1.63e-13 1.37e-12 5.36e-08 2.757
484   -9.847841700895e-02 -9.850880016621e-02 1.52e-13 1.25e-12 5.10e-08 2.761
485   -9.847845119991e-02 -9.850876250730e-02 1.51e-13 1.17e-12 5.14e-08 2.768
486   -9.847886244649e-02 -9.850831028558e-02 1.41e-13 1.10e-12 4.89e-08 2.772
487   -9.847889422367e-02 -9.850827411023e-02 1.40e-13 1.26e-12 4.92e-08 2.779
488   -9.847929986854e-02 -9.850782834746e-02 1.31e-13 1.18e-12 4.68e-08 2.782
489   -9.847933278226e-02 -9.850779208489e-02 1.30e-13 1.41e-12 4.71e-08 2.789
490   -9.847972007677e-02 -9.850736630237e-02 1.21e-13 1.32e-12 4.48e-08 2.793
491   -9.847975073356e-02 -9.850733148215e-02 1.20e-13 1.70e-12 4.52e-08 2.800
492   -9.848013265412e-02 -9.850691187881e-02 1.12e-13 1.59e-12 4.29e-08 2.804
493   -9.848016433259e-02 -9.850687696887e-02 1.11e-13 7.22e-13 4.32e-08 2.812
494   -9.848052896638e-02 -9.850647618977e-02 1.04e-13 6.75e-13 4.11e-08 2.816
495   -9.848055853499e-02 -9.850644267759e-02 1.03e-13 7.98e-13 4.14e-08 2.823
496   -9.848091802796e-02 -9.850604779475e-02 9.66e-14 7.41e-13 3.93e-08 2.827
497   -9.848094851118e-02 -9.850601419490e-02 9.55e-14 7.28e-13 3.96e-08 2.833
498   -9.848129174106e-02 -9.850563702337e-02 8.94e-14 7.06e-13 3.77e-08 2.837
499   -9.848132023988e-02 -9.850560478866e-02 8.84e-14 4.34e-13 3.79e-08 2.843
500   -9.848165847012e-02 -9.850523333335e-02 8.28e-14 3.81e-13 3.60e-08 2.847
501   -9.848168779223e-02 -9.850520100805e-02 8.19e-14 5.33e-13 3.63e-08 2.853
502   -9.848201072376e-02 -9.850484621563e-02 7.66e-14 5.02e-13 3.45e-08 2.857
503   -9.848203818851e-02 -9.850481520922e-02 7.58e-14 1.48e-13 3.47e-08 2.863
504   -9.848235632188e-02 -9.850446588957e-02 7.09e-14 1.31e-13 3.30e-08 2.867
505   -9.848238452052e-02 -9.850443479859e-02 7.01e-14 4.73e-13 3.32e-08 2.873
506   -9.848268826264e-02 -9.850410115509e-02 6.57e-14 4.68e-13 3.16e-08 2.877
507   -9.848271472818e-02 -9.850407133000e-02 6.48e-14 1.27e-12 3.18e-08 2.885
508   -9.848301390558e-02 -9.850374288287e-02 6.07e-14 1.22e-12 3.02e-08 2.889
509   -9.848304102107e-02 -9.850371298298e-02 6.01e-14 7.65e-13 3.04e-08 2.896
510   -9.848332663692e-02 -9.850339930992e-02 5.63e-14 7.23e-13 2.89e-08 2.900
511   -9.848335211815e-02 -9.850337064210e-02 5.56e-14 9.04e-13 2.91e-08 2.905
512   -9.848363330435e-02 -9.850306199834e-02 5.21e-14 8.82e-13 2.76e-08 2.909
513   -9.848365937375e-02 -9.850303324993e-02 5.14e-14 1.34e-13 2.78e-08 2.915
514   -9.848392785768e-02 -9.850273844547e-02 4.82e-14 1.06e-13 2.64e-08 2.919
515   -9.848395238752e-02 -9.850271089121e-02 4.76e-14 3.37e-13 2.66e-08 2.924
516   -9.848421663245e-02 -9.850242088997e-02 4.46e-14 2.94e-13 2.53e-08 2.928
517   -9.848424167739e-02 -9.850239327012e-02 4.40e-14 1.25e-12 2.54e-08 2.934
518   -9.848449391983e-02 -9.850211634734e-02 4.12e-14 1.17e-12 2.41e-08 2.938
519   -9.848451752417e-02 -9.850208987170e-02 4.07e-14 5.49e-13 2.43e-08 2.944
520   -9.848476569916e-02 -9.850181754877e-02 3.81e-14 4.90e-13 2.31e-08 2.948
521   -9.848478975904e-02 -9.850179101467e-02 3.76e-14 5.55e-13 2.32e-08 2.954
522   -9.848502668438e-02 -9.850153095103e-02 3.53e-14 5.09e-13 2.20e-08 2.958
523   -9.848504939519e-02 -9.850150551297e-02 3.98e-14 9.68e-14 2.22e-08 2.964
524   -9.848528247640e-02 -9.850124979041e-02 3.67e-14 1.24e-13 2.11e-08 2.968
525   -9.848530558733e-02 -9.850122430303e-02 4.01e-14 5.93e-13 2.12e-08 2.985
526   -9.848552808056e-02 -9.850098011991e-02 3.82e-14 5.49e-13 2.01e-08 2.989
527   -9.848554991739e-02 -9.850095569256e-02 4.26e-14 7.71e-13 2.02e-08 2.995
528   -9.848576871328e-02 -9.850071567680e-02 3.94e-14 7.08e-13 1.92e-08 2.999
529   -9.848579090425e-02 -9.850069120461e-02 4.26e-14 2.20e-13 1.93e-08 3.006
530   -9.848599970564e-02 -9.850046208287e-02 4.05e-14 2.00e-13 1.84e-08 3.010
531   -9.848602069742e-02 -9.850043862951e-02 4.65e-14 2.36e-12 1.85e-08 3.016
532   -9.848622598445e-02 -9.850021346317e-02 4.30e-14 2.22e-12 1.75e-08 3.019
533   -9.848624727788e-02 -9.850018998173e-02 4.40e-14 2.88e-12 1.76e-08 3.025
534   -9.848644319820e-02 -9.849997502591e-02 4.18e-14 2.69e-12 1.67e-08 3.029
535   -9.848646336542e-02 -9.849995251973e-02 4.57e-14 1.71e-12 1.68e-08 3.036
536   -9.848665592792e-02 -9.849974133722e-02 4.23e-14 1.61e-12 1.60e-08 3.040
537   -9.848667635749e-02 -9.849971880992e-02 4.32e-14 2.16e-12 1.61e-08 3.045
538   -9.848686010354e-02 -9.849951723914e-02 4.10e-14 1.97e-12 1.53e-08 3.049
539   -9.848687948286e-02 -9.849949563577e-02 4.49e-14 1.82e-12 1.53e-08 3.055
540   -9.848706003957e-02 -9.849929764439e-02 4.15e-14 1.70e-12 1.46e-08 3.059
541   -9.848707963305e-02 -9.849927604073e-02 4.42e-14 2.78e-13 1.46e-08 3.066
542   -9.848725188045e-02 -9.849908710918e-02 4.19e-14 2.60e-13 1.39e-08 3.070
543   -9.848727047813e-02 -9.849906639823e-02 4.72e-14 6.44e-13 1.40e-08 3.075
544   -9.848743967895e-02 -9.849888088093e-02 4.37e-14 5.98e-13 1.33e-08 3.079
545   -9.848745846408e-02 -9.849886017042e-02 4.45e-14 2.21e-13 1.33e-08 3.085
546   -9.848761987805e-02 -9.849868314407e-02 4.21e-14 1.98e-13 1.26e-08 3.089
547   -9.848763773109e-02 -9.849866328146e-02 4.72e-14 5.21e-13 1.27e-08 3.095
548   -9.848779626050e-02 -9.849848948413e-02 4.37e-14 4.48e-13 1.21e-08 3.099
549   -9.848781425752e-02 -9.849846964478e-02 4.61e-14 3.12e-13 1.21e-08 3.105
550   -9.848796548811e-02 -9.849830380678e-02 4.36e-14 2.48e-13 1.15e-08 3.109
551   -9.848798260731e-02 -9.849828477793e-02 4.69e-14 7.63e-13 1.15e-08 3.115
552   -9.848813102962e-02 -9.849812207824e-02 4.35e-14 7.26e-13 1.10e-08 3.119
553   -9.848814828329e-02 -9.849810306065e-02 4.57e-14 4.89e-13 1.10e-08 3.126
554   -9.848828991476e-02 -9.849794776697e-02 4.32e-14 4.60e-13 1.05e-08 3.130
555   -9.848830633904e-02 -9.849792952614e-02 4.78e-14 1.24e-13 1.05e-08 3.136
556   -9.848844532577e-02 -9.849777718529e-02 4.43e-14 1.27e-13 9.97e-09 3.140
557   -9.848846184166e-02 -9.849775898324e-02 4.64e-14 4.04e-13 1.00e-08 3.145
558   -9.848859436856e-02 -9.849761368822e-02 4.39e-14 4.00e-13 9.50e-09 3.149
559   -9.848861011086e-02 -9.849759621889e-02 4.82e-14 5.24e-14 9.54e-09 3.155
560   -9.848874013179e-02 -9.849745371900e-02 4.47e-14 5.48e-14 9.06e-09 3.159
561   -9.848875595099e-02 -9.849743628728e-02 4.67e-14 1.66e-12 9.09e-09 3.165
562   -9.848887994102e-02 -9.849730036594e-02 4.41e-14 1.57e-12 8.63e-09 3.169
563   -9.848889501920e-02 -9.849728364614e-02 4.69e-14 9.11e-13 8.66e-09 3.175
564   -9.848901664587e-02 -9.849715035846e-02 4.35e-14 8.90e-13 8.22e-09 3.179
565   -9.848903178241e-02 -9.849713368154e-02 4.40e-14 5.49e-13 8.25e-09 3.185
566   -9.848914773425e-02 -9.849700658452e-02 4.16e-14 5.36e-13 7.83e-09 3.189
567   -9.848916218427e-02 -9.849699057291e-02 4.55e-14 3.21e-13 7.86e-09 3.194
568   -9.848927586716e-02 -9.849686600153e-02 4.22e-14 3.22e-13 7.46e-09 3.198
569   -9.848929035312e-02 -9.849685004382e-02 4.40e-14 8.13e-13 7.49e-09 3.205
570   -9.848939874506e-02 -9.849673124475e-02 4.15e-14 8.06e-13 7.11e-09 3.209
571   -9.848941257913e-02 -9.849671592596e-02 4.52e-14 1.00e-12 7.13e-09 3.215
572   -9.848951882749e-02 -9.849659951093e-02 4.20e-14 8.99e-13 6.77e-09 3.219
573   -9.848953268548e-02 -9.849658424756e-02 4.24e-14 3.43e-12 6.79e-09 3.225
574   -9.848963398575e-02 -9.849647323119e-02 4.00e-14 3.19e-12 6.45e-09 3.229
575   -9.848964722240e-02 -9.849645858324e-02 4.36e-14 2.13e-12 6.46e-09 3.234
576   -9.848974647182e-02 -9.849634984546e-02 4.05e-14 1.99e-12 6.14e-09 3.238
577   -9.848975971160e-02 -9.849633526547e-02 4.20e-14 3.63e-12 6.15e-09 3.244
578   -9.848985427404e-02 -9.849623164196e-02 3.96e-14 3.36e-12 5.85e-09 3.248
579   -9.848986694235e-02 -9.849621763145e-02 4.30e-14 3.50e-12 5.86e-09 3.254
580   -9.848995959164e-02 -9.849611613245e-02 3.99e-14 3.25e-12 5.56e-09 3.258
581   -9.848997225114e-02 -9.849610219384e-02 4.02e-14 5.25e-12 5.58e-09 3.264
582   -9.849006050895e-02 -9.849600548708e-02 3.80e-14 4.85e-12 5.30e-09 3.268
583   -9.849007261711e-02 -9.849599210367e-02 4.12e-14 3.95e-12 5.31e-09 3.274
584   -9.849015909855e-02 -9.849589736849e-02 3.82e-14 3.67e-12 5.04e-09 3.278
585   -9.849017119338e-02 -9.849588405396e-02 3.96e-14 4.64e-12 5.05e-09 3.284
586   -9.849025357583e-02 -9.849579379210e-02 3.74e-14 4.37e-12 4.80e-09 3.289
587   -9.849026514948e-02 -9.849578100637e-02 3.94e-14 5.24e-12 4.81e-09 3.294
588   -9.849034584199e-02 -9.849569261863e-02 3.66e-14 4.88e-12 4.57e-09 3.298
589   -9.849035740460e-02 -9.849567989236e-02 3.69e-14 7.37e-12 4.57e-09 3.304
590   -9.849043427018e-02 -9.849559568135e-02 3.48e-14 6.93e-12 4.34e-09 3.308
591   -9.849044533483e-02 -9.849558346420e-02 3.77e-14 5.00e-12 4.35e-09 3.314
592   -9.849052057130e-02 -9.849550105816e-02 3.50e-14 4.71e-12 4.13e-09 3.318
593   -9.849053160378e-02 -9.849548891761e-02 3.52e-14 3.44e-12 4.14e-09 3.324
594   -9.849060322269e-02 -9.849541046008e-02 3.33e-14 3.26e-12 3.93e-09 3.328
595   -9.849061379375e-02 -9.849539879357e-02 3.60e-14 2.40e-12 3.94e-09 3.333
596   -9.849068396306e-02 -9.849532194230e-02 3.35e-14 2.23e-12 3.74e-09 3.337
597   -9.849069449081e-02 -9.849531035931e-02 3.37e-14 1.53e-12 3.74e-09 3.343
598   -9.849076122255e-02 -9.849523726045e-02 3.18e-14 1.39e-12 3.56e-09 3.347
599   -9.849077132965e-02 -9.849522611108e-02 3.36e-14 2.93e-12 3.56e-09 3.353
600   -9.849083664828e-02 -9.849515457661e-02 3.12e-14 2.70e-12 3.38e-09 3.357
601   -9.849084668800e-02 -9.849514353246e-02 3.14e-14 4.79e-12 3.39e-09 3.363
602   -9.849090887628e-02 -9.849507541501e-02 2.96e-14 4.46e-12 3.22e-09 3.367
603   -9.849091850850e-02 -9.849506479423e-02 3.21e-14 2.53e-13 3.22e-09 3.373
604   -9.849097933921e-02 -9.849499817830e-02 2.98e-14 1.98e-13 3.06e-09 3.377
605   -9.849098891765e-02 -9.849498764362e-02 3.00e-14 1.58e-12 3.06e-09 3.382
606   -9.849104679965e-02 -9.849492424680e-02 2.83e-14 1.39e-12 2.91e-09 3.387
607   -9.849105599753e-02 -9.849491410908e-02 3.07e-14 1.56e-12 2.91e-09 3.392
608   -9.849111259268e-02 -9.849485213477e-02 2.85e-14 1.51e-12 2.77e-09 3.396
609   -9.849112172027e-02 -9.849484209782e-02 2.95e-14 3.16e-13 2.77e-09 3.402
610   -9.849117556899e-02 -9.849478312192e-02 2.78e-14 3.41e-13 2.63e-09 3.406
611   -9.849118433447e-02 -9.849477346452e-02 2.93e-14 2.17e-12 2.63e-09 3.411
612   -9.849123699494e-02 -9.849471580172e-02 2.73e-14 1.96e-12 2.50e-09 3.416
613   -9.849124569852e-02 -9.849470623272e-02 2.74e-14 2.69e-12 2.50e-09 3.421
614   -9.849129581036e-02 -9.849465135253e-02 2.58e-14 2.51e-12 2.38e-09 3.425
615   -9.849130417070e-02 -9.849464214493e-02 2.79e-14 3.84e-13 2.38e-09 3.431
616   -9.849135315344e-02 -9.849458851174e-02 2.60e-14 2.96e-13 2.26e-09 3.435
617   -9.849136144954e-02 -9.849457939137e-02 6.05e-15 4.32e-12 2.26e-09 3.441
618   -9.849140799208e-02 -9.849452842278e-02 5.50e-15 3.98e-12 2.15e-09 3.445
619   -9.849141596277e-02 -9.849451964740e-02 2.94e-15 3.71e-12 2.15e-09 3.450
620   -9.849146149178e-02 -9.849446979814e-02 2.94e-15 3.56e-12 2.04e-09 3.455
621   -9.849146938129e-02 -9.849446112725e-02 1.61e-15 5.15e-12 2.04e-09 3.461
622   -9.849151265877e-02 -9.849441373650e-02 1.33e-15 4.77e-12 1.94e-09 3.465
623   -9.849152024495e-02 -9.849440538723e-02 1.08e-15 5.92e-12 1.94e-09 3.471
624   -9.849156250961e-02 -9.849435911391e-02 8.60e-16 5.60e-12 1.84e-09 3.475
625   -9.849157003117e-02 -9.849435084886e-02 2.03e-15 7.22e-12 1.84e-09 3.481
626   -9.849161024770e-02 -9.849430681210e-02 2.08e-15 6.72e-12 1.75e-09 3.485
627   -9.849161749468e-02 -9.849429883867e-02 3.66e-15 5.47e-12 1.75e-09 3.491
628   -9.849165679769e-02 -9.849425580975e-02 3.28e-15 5.15e-12 1.66e-09 3.495
629   -9.849166395549e-02 -9.849424794488e-02 2.37e-14 6.82e-12 1.66e-09 3.501
630   -9.849170138034e-02 -9.849420696688e-02 2.20e-14 6.36e-12 1.58e-09 3.505
631   -9.849170826808e-02 -9.849419939101e-02 2.01e-14 5.70e-12 1.58e-09 3.510
632   -9.849174478206e-02 -9.849415941693e-02 1.90e-14 5.39e-12 1.50e-09 3.514
633   -9.849175157718e-02 -9.849415195189e-02 4.43e-14 9.65e-12 1.50e-09 3.520
634   -9.849178626264e-02 -9.849411397479e-02 4.13e-14 9.00e-12 1.43e-09 3.524
635   -9.849179281863e-02 -9.849410676591e-02 3.91e-14 3.91e-12 1.43e-09 3.530
636   -9.849182664130e-02 -9.849406973945e-02 3.67e-14 3.72e-12 1.36e-09 3.534
637   -9.849183313535e-02 -9.849406260708e-02 3.50e-14 5.59e-12 1.35e-09 3.540
638   -9.849186530798e-02 -9.849402738279e-02 3.27e-14 5.20e-12 1.29e-09 3.544
639   -9.849187153505e-02 -9.849402053725e-02 3.02e-14 3.47e-12 1.29e-09 3.549
640   -9.849190298537e-02 -9.849398610908e-02 2.84e-14 3.28e-12 1.22e-09 3.553
641   -9.849190914621e-02 -9.849397934375e-02 2.75e-14 2.13e-12 1.22e-09 3.559
642   -9.849193898462e-02 -9.849394667620e-02 2.56e-14 2.04e-12 1.16e-09 3.563
643   -9.849194489708e-02 -9.849394017817e-02 2.33e-14 1.64e-12 1.16e-09 3.569
644   -9.849197400702e-02 -9.849390831288e-02 2.20e-14 1.61e-12 1.10e-09 3.573
645   -9.849197985844e-02 -9.849390188834e-02 2.07e-14 1.29e-13 1.10e-09 3.578
646   -9.849200758462e-02 -9.849387153435e-02 1.92e-14 1.61e-14 1.05e-09 3.583
647   -9.849201320807e-02 -9.849386535547e-02 1.71e-14 4.32e-12 1.05e-09 3.588
648   -9.849204025093e-02 -9.849383575378e-02 1.62e-14 4.01e-12 9.97e-10 3.592
649   -9.849204580001e-02 -9.849382966158e-02 3.66e-14 4.99e-12 9.94e-10 3.597
650   -9.849207148253e-02 -9.849380154584e-02 3.42e-14 4.50e-12 9.47e-10 3.601
651   -9.849207681334e-02 -9.849379569029e-02 1.31e-14 8.08e-12 9.45e-10 3.606
652   -9.849210188652e-02 -9.849376824538e-02 1.24e-14 7.49e-12 9.00e-10 3.610
653   -9.849210717408e-02 -9.849376244175e-02 1.14e-14 1.37e-11 8.97e-10 3.616
654   -9.849213093982e-02 -9.849373642513e-02 1.06e-14 1.28e-11 8.55e-10 3.620
655   -9.849213603458e-02 -9.849373083011e-02 8.94e-15 8.64e-12 8.52e-10 3.625
656   -9.849215932625e-02 -9.849370533600e-02 8.27e-15 8.06e-12 8.12e-10 3.629
657   -9.849216431002e-02 -9.849369986640e-02 8.83e-15 1.27e-11 8.09e-10 3.635
658   -9.849218633252e-02 -9.849367575876e-02 8.38e-15 1.18e-11 7.71e-10 3.639
659   -9.849219115364e-02 -9.849367046492e-02 9.66e-15 1.00e-11 7.69e-10 3.645
660   -9.849221261429e-02 -9.849364697539e-02 8.99e-15 9.44e-12 7.32e-10 3.649
661   -9.849221735637e-02 -9.849364177174e-02 9.49e-15 1.16e-11 7.30e-10 3.654
662   -9.849223775478e-02 -9.849361944264e-02 8.99e-15 1.08e-11 6.96e-10 3.658
663   -9.849224231489e-02 -9.849361443673e-02 2.61e-14 1.17e-11 6.93e-10 3.664
664   -9.849226221327e-02 -9.849359265761e-02 2.44e-14 1.11e-11 6.61e-10 3.668
665   -9.849226669496e-02 -9.849358774033e-02 2.41e-14 1.26e-11 6.58e-10 3.673
666   -9.849228555509e-02 -9.849356709557e-02 2.28e-14 1.19e-11 6.28e-10 3.677
667   -9.849228989248e-02 -9.849356233450e-02 2.36e-14 1.28e-11 6.25e-10 3.682
668   -9.849230830495e-02 -9.849354218223e-02 2.21e-14 1.19e-11 5.96e-10 3.686
669   -9.849231257097e-02 -9.849353750216e-02 2.19e-14 8.48e-12 5.94e-10 3.691
670   -9.849233008282e-02 -9.849351833381e-02 2.07e-14 8.10e-12 5.67e-10 3.695
671   -9.849233417064e-02 -9.849351384793e-02 3.58e-14 1.63e-11 5.64e-10 3.701
672   -9.849235111309e-02 -9.849349530484e-02 3.36e-14 1.53e-11 5.38e-10 3.705
673   -9.849235509888e-02 -9.849349093231e-02 1.77e-14 1.90e-11 5.36e-10 3.710
674   -9.849237119258e-02 -9.849347331653e-02 1.67e-14 1.78e-11 5.12e-10 3.714
675   -9.849237503833e-02 -9.849346909697e-02 3.12e-14 1.75e-11 5.09e-10 3.719
676   -9.849239081302e-02 -9.849345183283e-02 4.90e-14 8.08e-09 4.86e-10 3.723
677   -9.849239462357e-02 -9.849344765344e-02 4.85e-14 7.90e-09 4.84e-10 3.729
678   -9.849240953384e-02 -9.849343133331e-02 4.57e-14 7.43e-09 4.62e-10 3.733
679   -9.849241318512e-02 -9.849342732730e-02 4.58e-14 7.27e-09 4.60e-10 3.739
680   -9.849242769899e-02 -9.849341144275e-02 4.29e-14 6.84e-09 4.39e-10 3.743
681   -9.849243128099e-02 -9.849340751412e-02 2.83e-14 6.70e-09 4.37e-10 3.748
682   -9.849244509734e-02 -9.849339239167e-02 2.67e-14 6.29e-09 4.17e-10 3.752
683   -9.849244858017e-02 -9.849338857149e-02 3.94e-14 6.16e-09 4.15e-10 3.757
684   -9.849246209104e-02 -9.849337378493e-02 3.70e-14 5.79e-09 3.96e-10 3.761
685   -9.849246551593e-02 -9.849337002905e-02 2.33e-14 5.66e-09 3.94e-10 3.767
686   -9.849247835201e-02 -9.849335597986e-02 2.20e-14 5.32e-09 3.76e-10 3.771
687   -9.849248163671e-02 -9.849335237744e-02 3.42e-14 5.21e-09 3.74e-10 3.776
688   -9.849249409180e-02 -9.849333874652e-02 3.21e-14 4.90e-09 3.57e-10 3.780
689   -9.849249730085e-02 -9.849333522762e-02 1.90e-14 4.78e-09 3.56e-10 3.785
690   -9.849250909388e-02 -9.849332232021e-02 1.80e-14 4.50e-09 3.40e-10 3.789
691   -9.849251222168e-02 -9.849331889027e-02 2.95e-14 4.40e-09 3.38e-10 3.794
692   -9.849252367264e-02 -9.849330635850e-02 2.77e-14 4.14e-09 3.23e-10 3.798
693   -9.849252673997e-02 -9.849330299563e-02 2.72e-14 4.04e-09 3.21e-10 3.804
694   -9.849253778413e-02 -9.849329090819e-02 2.56e-14 3.80e-09 3.07e-10 3.807
695   -9.849254073451e-02 -9.849328767291e-02 2.60e-14 3.71e-09 3.05e-10 3.813
696   -9.849255136152e-02 -9.849327604298e-02 2.44e-14 3.49e-09 2.91e-10 3.817
697   -9.849255421361e-02 -9.849327291634e-02 2.40e-14 3.42e-09 2.90e-10 3.822
698   -9.849256424949e-02 -9.849326193243e-02 2.26e-14 3.22e-09 2.77e-10 3.826
699   -9.849256706678e-02 -9.849325884347e-02 2.29e-14 3.15e-09 2.75e-10 3.832
700   -9.849257686145e-02 -9.849324812464e-02 2.15e-14 2.96e-09 2.63e-10 3.836
701   -9.849257960422e-02 -9.849324511799e-02 2.11e-14 2.89e-09 2.61e-10 3.841
702   -9.849258886546e-02 -9.849323498221e-02 2.00e-14 2.72e-09 2.50e-10 3.845
703   -9.849259149248e-02 -9.849323210236e-02 2.96e-14 2.67e-09 2.49e-10 3.850
704   -9.849260052740e-02 -9.849322221507e-02 2.79e-14 2.51e-09 2.38e-10 3.854
705   -9.849260311533e-02 -9.849321937818e-02 1.74e-14 2.46e-09 2.36e-10 3.859
706   -9.849261176345e-02 -9.849320991354e-02 1.64e-14 2.32e-09 2.26e-10 3.863
707   -9.849261426709e-02 -9.849320716900e-02 1.68e-14 2.26e-09 2.24e-10 3.869
708   -9.849262268762e-02 -9.849319795417e-02 1.58e-14 2.13e-09 2.15e-10 3.873
709   -9.849262514911e-02 -9.849319525606e-02 6.05e-15 2.08e-09 2.13e-10 3.878
710   -9.849263313035e-02 -9.849318652139e-02 5.75e-15 1.96e-09 2.04e-10 3.882
711   -9.849263550571e-02 -9.849318391772e-02 6.33e-15 1.91e-09 2.02e-10 3.887
712   -9.849264324307e-02 -9.849317545061e-02 5.91e-15 1.80e-09 1.94e-10 3.891
713   -9.849264558460e-02 -9.849317288423e-02 3.00e-15 1.76e-09 1.92e-10 3.896
714   -9.849265298751e-02 -9.849316478266e-02 2.78e-15 1.65e-09 1.84e-10 3.900
715   -9.849265526765e-02 -9.849316228358e-02 2.22e-15 1.61e-09 1.83e-10 3.906
716   -9.849266244164e-02 -9.849315443312e-02 2.14e-15 1.51e-09 1.75e-10 3.910
717   -9.849266466543e-02 -9.849315199646e-02 1.04e-14 1.47e-09 1.73e-10 3.916
718   -9.849267156688e-02 -9.849314444379e-02 9.88e-15 1.39e-09 1.66e-10 3.920
719   -9.849267368867e-02 -9.849314211864e-02 1.79e-14 1.36e-09 1.65e-10 3.924
720   -9.849268025154e-02 -9.849313493689e-02 1.68e-14 1.28e-09 1.58e-10 3.928
721   -9.849268234812e-02 -9.849313263980e-02 2.81e-14 1.25e-09 1.56e-10 3.933
722   -9.849268861892e-02 -9.849312577728e-02 2.65e-14 1.18e-09 1.50e-10 3.938
723   -9.849269065655e-02 -9.849312354454e-02 3.36e-14 1.15e-09 1.49e-10 3.943
724   -9.849269682708e-02 -9.849311679223e-02 3.16e-14 1.08e-09 1.42e-10 3.948
725   -9.849269876376e-02 -9.849311467025e-02 3.41e-14 1.07e-09 1.41e-10 3.953
726   -9.849270449167e-02 -9.849310840185e-02 3.22e-14 1.01e-09 1.35e-10 3.957
727   -9.849270637606e-02 -9.849310633716e-02 3.89e-14 9.96e-10 1.34e-10 3.963
728   -9.849271192808e-02 -9.849310026166e-02 3.67e-14 9.40e-10 1.29e-10 3.968
729   -9.849271385365e-02 -9.849309815221e-02 4.59e-14 9.21e-10 1.27e-10 3.972
730   -9.849271925060e-02 -9.849309224618e-02 4.34e-14 8.69e-10 1.22e-10 3.976
731   -9.849272105948e-02 -9.849309026428e-02 4.92e-14 8.64e-10 1.21e-10 3.982
732   -9.849272627264e-02 -9.849308455967e-02 4.64e-14 8.15e-10 1.16e-10 3.986
733   -9.849272808705e-02 -9.849308257194e-02 4.80e-14 8.18e-10 1.15e-10 3.991
734   -9.849273300735e-02 -9.849307718753e-02 4.54e-14 7.71e-10 1.10e-10 3.995
735   -9.849273471797e-02 -9.849307531322e-02 4.46e-14 7.50e-10 1.09e-10 4.001
736   -9.849273942975e-02 -9.849307015732e-02 4.21e-14 7.08e-10 1.05e-10 4.005
737   -9.849274112874e-02 -9.849306829612e-02 4.97e-14 6.75e-10 1.04e-10 4.010
738   -9.849274569116e-02 -9.849306330345e-02 4.70e-14 6.37e-10 9.93e-11 4.014
739   -9.849274726348e-02 -9.849306158095e-02 5.22e-14 6.15e-10 9.84e-11 4.019
740   -9.849275157742e-02 -9.849305686037e-02 4.93e-14 5.80e-10 9.44e-11 4.023
741   -9.849275312322e-02 -9.849305516705e-02 5.01e-14 5.74e-10 9.35e-11 4.027
742   -9.849275726290e-02 -9.849305063695e-02 4.73e-14 5.42e-10 8.97e-11 4.031
743   -9.849275884656e-02 -9.849304890210e-02 5.18e-14 5.35e-10 8.87e-11 4.036
744   -9.849276291015e-02 -9.849304445560e-02 4.89e-14 5.05e-10 8.51e-11 4.040
745   -9.849276441551e-02 -9.849304280650e-02 4.95e-14 5.03e-10 8.41e-11 4.045
746   -9.849276819677e-02 -9.849303866870e-02 4.68e-14 4.75e-10 8.08e-11 4.049
747   -9.849276967150e-02 -9.849303705366e-02 6.48e-14 4.52e-10 7.99e-11 4.054
748   -9.849277344792e-02 -9.849303292141e-02 6.11e-14 4.26e-10 7.66e-11 4.058
749   -9.849277490967e-02 -9.849303132042e-02 6.66e-14 4.15e-10 7.58e-11 4.062
750   -9.849277848304e-02 -9.849302741013e-02 6.29e-14 3.91e-10 7.27e-11 4.066
751   -9.849277996650e-02 -9.849302578554e-02 7.92e-14 3.88e-10 7.18e-11 4.071
752   -9.849278344384e-02 -9.849302198058e-02 7.48e-14 3.67e-10 6.89e-11 4.075
753   -9.849278480860e-02 -9.849302048561e-02 7.41e-14 3.80e-10 6.81e-11 4.080
754   -9.849278813178e-02 -9.849301684917e-02 7.00e-14 3.59e-10 6.53e-11 4.084
755   -9.849278954476e-02 -9.849301530182e-02 8.49e-14 3.69e-10 6.44e-11 4.088
756   -9.849279280578e-02 -9.849301173360e-02 8.00e-14 3.49e-10 6.18e-11 4.092
757   -9.849279410345e-02 -9.849301031217e-02 7.90e-14 3.45e-10 6.10e-11 4.096
758   -9.849279705432e-02 -9.849300708314e-02 7.47e-14 3.25e-10 5.86e-11 4.100
759   -9.849279829855e-02 -9.849300572052e-02 8.43e-14 3.21e-10 5.78e-11 4.105
760   -9.849280128436e-02 -9.849300245341e-02 7.96e-14 3.03e-10 5.55e-11 4.109
761   -9.849280243419e-02 -9.849300119403e-02 7.83e-14 3.03e-10 5.48e-11 4.114
762   -9.849280513522e-02 -9.849299823834e-02 7.41e-14 2.87e-10 5.27e-11 4.118
763   -9.849280633364e-02 -9.849299692618e-02 8.81e-14 2.91e-10 5.20e-11 4.122
764   -9.849280902329e-02 -9.849299398311e-02 8.32e-14 2.75e-10 4.99e-11 4.126
765   -9.849281023476e-02 -9.849299265633e-02 8.61e-14 2.76e-10 4.93e-11 4.131
766   -9.849281272255e-02 -9.849298993406e-02 8.15e-14 2.61e-10 4.74e-11 4.135
767   -9.849281385909e-02 -9.849298868952e-02 9.35e-14 2.46e-10 4.67e-11 4.139
768   -9.849281638862e-02 -9.849298592170e-02 8.83e-14 2.31e-10 4.48e-11 4.143
769   -9.849281757395e-02 -9.849298462354e-02 9.03e-14 2.43e-10 4.41e-11 4.148
770   -9.849282011074e-02 -9.849298184772e-02 8.51e-14 2.28e-10 4.22e-11 4.152
771   -9.849282124654e-02 -9.849298060409e-02 9.64e-14 2.36e-10 4.15e-11 4.156
772   -9.849282336696e-02 -9.849297828392e-02 9.14e-14 2.24e-10 4.00e-11 4.160
773   -9.849282440038e-02 -9.849297715206e-02 9.28e-14 2.33e-10 3.94e-11 4.165
774   -9.849282644086e-02 -9.849297491932e-02 8.79e-14 2.21e-10 3.79e-11 4.169
775   -9.849282732966e-02 -9.849297394618e-02 9.85e-14 1.89e-10 3.74e-11 4.174
776   -9.849282945425e-02 -9.849297162144e-02 9.30e-14 1.79e-10 3.59e-11 4.178
777   -9.849283050249e-02 -9.849297047357e-02 9.44e-14 1.81e-10 3.53e-11 4.183
778   -9.849283249080e-02 -9.849296829791e-02 8.93e-14 1.71e-10 3.39e-11 4.187
779   -9.849283343922e-02 -9.849296725940e-02 9.56e-14 1.35e-10 3.33e-11 4.192
780   -9.849283527103e-02 -9.849296525505e-02 9.06e-14 1.28e-10 3.21e-11 4.196
781   -9.849283624596e-02 -9.849296418730e-02 8.80e-14 1.26e-10 3.15e-11 4.200
782   -9.849283821498e-02 -9.849296203281e-02 8.29e-14 1.19e-10 3.02e-11 4.204
783   -9.849283915223e-02 -9.849296100668e-02 9.25e-14 1.05e-10 2.97e-11 4.209
784   -9.849284081173e-02 -9.849295919088e-02 8.77e-14 9.94e-11 2.85e-11 4.213
785   -9.849284185359e-02 -9.849295804987e-02 8.48e-14 9.74e-11 2.80e-11 4.217
786   -9.849284362360e-02 -9.849295611317e-02 8.00e-14 9.17e-11 2.68e-11 4.221
787   -9.849284456929e-02 -9.849295507772e-02 8.75e-14 5.64e-11 2.63e-11 4.226
788   -9.849284614307e-02 -9.849295335577e-02 8.28e-14 5.40e-11 2.53e-11 4.230
789   -9.849284688023e-02 -9.849295254844e-02 8.00e-14 8.45e-11 2.49e-11 4.235
790   -9.849284850747e-02 -9.849295076790e-02 7.55e-14 8.08e-11 2.38e-11 4.239
791   -9.849284943417e-02 -9.849294975332e-02 8.36e-14 8.94e-12 2.33e-11 4.243
792   -9.849285085396e-02 -9.849294819984e-02 7.92e-14 9.41e-12 2.24e-11 4.247
793   -9.849285176447e-02 -9.849294720274e-02 7.63e-14 4.97e-12 2.19e-11 4.252
794   -9.849285325881e-02 -9.849294556770e-02 7.19e-14 4.27e-12 2.10e-11 4.256
795   -9.849285392154e-02 -9.849294484216e-02 7.65e-14 6.68e-11 2.07e-11 4.261
796   -9.849285518183e-02 -9.849294346317e-02 7.26e-14 6.34e-11 1.99e-11 4.265
797   -9.849285590800e-02 -9.849294266789e-02 7.00e-14 1.55e-11 1.95e-11 4.269
798   -9.849285717961e-02 -9.849294127652e-02 6.62e-14 1.38e-11 1.87e-11 4.273
799   -9.849285807210e-02 -9.849294029944e-02 7.26e-14 6.50e-11 1.83e-11 4.277
800   -9.849285946323e-02 -9.849293877737e-02 6.82e-14 6.17e-11 1.75e-11 4.281
801   -9.849286021927e-02 -9.849293794944e-02 6.55e-14 5.56e-11 1.71e-11 4.286
802   -9.849286144531e-02 -9.849293660796e-02 6.18e-14 5.32e-11 1.64e-11 4.290
803   -9.849286209399e-02 -9.849293589783e-02 6.88e-14 1.54e-10 1.60e-11 4.294
804   -9.849286318454e-02 -9.849293470461e-02 6.51e-14 1.45e-10 1.54e-11 4.298
805   -9.849286400631e-02 -9.849293380477e-02 6.22e-14 9.48e-11 1.49e-11 4.303
806   -9.849286495922e-02 -9.849293276216e-02 5.91e-14 8.98e-11 1.44e-11 4.307
807   -9.849286542140e-02 -9.849293225623e-02 6.50e-14 1.19e-10 1.42e-11 4.312
808   -9.849286640463e-02 -9.849293118044e-02 6.15e-14 1.13e-10 1.36e-11 4.316
809   -9.849286693649e-02 -9.849293059801e-02 5.90e-14 5.03e-11 1.34e-11 4.320
810   -9.849286787391e-02 -9.849292957231e-02 5.58e-14 4.74e-11 1.28e-11 4.324
811   -9.849286861145e-02 -9.849292876492e-02 6.12e-14 1.20e-10 1.25e-11 4.328
812   -9.849286944212e-02 -9.849292785608e-02 5.81e-14 1.16e-10 1.20e-11 4.332
813   -9.849286995468e-02 -9.849292729478e-02 5.75e-14 1.23e-10 1.17e-11 4.337
814   -9.849287089388e-02 -9.849292626717e-02 5.42e-14 1.18e-10 1.12e-11 4.341
815   -9.849287146317e-02 -9.849292564403e-02 5.93e-14 1.91e-10 1.10e-11 4.346
816   -9.849287226968e-02 -9.849292476161e-02 5.61e-14 1.82e-10 1.06e-11 4.350
817   -9.849287284042e-02 -9.849292413660e-02 5.33e-14 1.77e-10 1.03e-11 4.354
818   -9.849287353774e-02 -9.849292337365e-02 5.07e-14 1.66e-10 9.90e-12 4.358
819   -9.849287410216e-02 -9.849292275581e-02 5.41e-14 1.47e-10 9.64e-12 4.363
820   -9.849287485341e-02 -9.849292193387e-02 5.12e-14 1.38e-10 9.26e-12 4.367
821   -9.849287547436e-02 -9.849292125395e-02 4.84e-14 1.38e-10 8.98e-12 4.371
822   -9.849287639363e-02 -9.849292024818e-02 4.51e-14 1.29e-10 8.53e-12 4.375
823   -9.849287705320e-02 -9.849291952616e-02 4.86e-14 1.71e-10 8.24e-12 4.380
824   -9.849287781489e-02 -9.849291869280e-02 4.56e-14 1.61e-10 7.87e-12 4.384
825   -9.849287847296e-02 -9.849291797222e-02 4.27e-14 1.43e-10 7.57e-12 4.388
826   -9.849287929727e-02 -9.849291707037e-02 3.97e-14 1.34e-10 7.17e-12 4.392
827   -9.849287954041e-02 -9.849291680434e-02 4.57e-14 2.25e-10 7.10e-12 4.397
828   -9.849287996613e-02 -9.849291633850e-02 4.38e-14 2.15e-10 6.88e-12 4.401
829   -9.849288022514e-02 -9.849291605496e-02 4.44e-14 2.03e-10 6.80e-12 4.406
830   -9.849288054419e-02 -9.849291570584e-02 4.28e-14 1.98e-10 6.63e-12 4.410
831   -9.849288099607e-02 -9.849291521115e-02 4.55e-14 1.92e-10 6.42e-12 4.414
832   -9.849288176963e-02 -9.849291436481e-02 4.21e-14 1.79e-10 6.06e-12 4.418
833   -9.849288230471e-02 -9.849291377897e-02 3.93e-14 2.16e-10 5.82e-12 4.423
834   -9.849288274935e-02 -9.849291329248e-02 3.74e-14 2.03e-10 5.61e-12 4.427
835   -9.849288324137e-02 -9.849291275386e-02 3.91e-14 2.11e-10 5.39e-12 4.431
836   -9.849288352466e-02 -9.849291244392e-02 3.77e-14 2.03e-10 5.26e-12 4.435
837   -9.849288373792e-02 -9.849291221040e-02 3.69e-14 2.02e-10 5.15e-12 4.440
838   -9.849288436775e-02 -9.849291152132e-02 3.43e-14 1.86e-10 4.87e-12 4.444
839   -9.849288463055e-02 -9.849291123374e-02 3.82e-14 2.60e-10 4.76e-12 4.449
840   -9.849288511881e-02 -9.849291069950e-02 3.59e-14 2.46e-10 4.54e-12 4.453
841   -9.849288540390e-02 -9.849291038727e-02 3.36e-14 1.25e-10 4.41e-12 4.457
842   -9.849288590470e-02 -9.849290983932e-02 3.14e-14 1.16e-10 4.18e-12 4.461
843   -9.849288627429e-02 -9.849290943490e-02 3.57e-14 1.82e-11 4.02e-12 4.465
844   -9.849288649399e-02 -9.849290919452e-02 3.44e-14 1.24e-11 3.91e-12 4.469
845   -9.849288672909e-02 -9.849290893709e-02 3.23e-14 3.14e-11 3.83e-12 4.474
846   -9.849288734431e-02 -9.849290826397e-02 2.96e-14 2.93e-11 3.57e-12 4.478
Numerical error in objective
Restoring previous solution


Suboptimal solution found in 847 iterations and 4.48 seconds
Objective -9.84920076e-02
Primal infeasibility (abs/rel): 3.85e-14/1.92e-14
Dual infeasibility   (abs/rel): 1.78e-14/1.61e-14
Complementarity gap  (abs/rel): 1.15e-09/1.05e-09


Barrier finished in 4.48 seconds
Dual variables for problems with quadratic constraints not returned.
