cuOpt version: 26.10.0, git hash: 648f805d, host arch: x86_64, device archs: 80-real
CPU: AMD EPYC 7642 48-Core Processor, threads: 5C/5T, RAM usage: 38.34/503.74GiB
CPU SIMD target: AVX2
CUDA 12.9, device: NVIDIA A100 80GB PCIe (ID 0), VRAM: 79.44 GiB
CUDA device UUID: 68df5cf5-71f9-6a93-b428-460c080ffb10
Problem has 1 quadratic constraints. Converting to second-order cones and solving with barrier.
Handling 50 free variables directly in augmented system
Presolved problem: 5103 constraints 10102 variables 265152 nonzeros
Skipping Ruiz equilibration (row norm ratio 1.4, column norm ratio 1.4 < 5e4, Q coeff ratio 1.0 < 100)
Barrier solver started at 0.030 seconds
Barrier solver: 5103 constraints, 10102 variables, 265152 nonzeros


Second-order cones          : 1
Free variables              : 50
Upper bounds                : 5000
Linear system               : augmented
cuDSS Version               : 0.7.1
cuDSS Threading layer       : libcudss_mtlayer_gomp.so.0
Reordering time             : 0.456s
Symbolic factorization time : 0.034s
Symbolic nonzeros in factor : 2.79e+05
Elapsed time for augmented  : 0.526 seconds
Elapsed time           : 0.526 seconds
Barrier setup complete at 0.526 seconds
Adaptive regularization enabled


                  Objective                         Infeasibility        Time
Iter   Primal              Dual                Primal   Dual    Compl.   Elapsed
  0   -3.704291987375e+02 -3.711395609108e+02 3.71e+03 1.91e+00 1.19e-02 0.527
  1   -4.753305348498e-01 -3.473253696732e+02 3.37e+00 2.99e-01 2.04e-01 0.532
  2   -6.516160164542e-02 -4.823654411613e+00 3.30e-02 3.31e-03 2.60e-03 0.536
  3   -6.243854612123e-02 -2.194441320731e-01 1.06e-03 1.06e-04 6.16e-05 0.541
  4   -6.279254719956e-02 -2.197723812238e-01 1.05e-03 1.06e-04 4.99e-05 0.545
  5   -6.277340051224e-02 -2.197508560867e-01 1.05e-03 1.06e-04 5.14e-05 0.551
  6   -6.365913417464e-02 -2.201678604695e-01 1.02e-03 1.03e-04 5.48e-05 0.555
  7   -6.366486074401e-02 -2.201663662870e-01 1.02e-03 1.03e-04 5.48e-05 0.562
  8   -6.383324537475e-02 -2.202088150938e-01 9.91e-04 9.95e-05 1.50e-04 0.566
  9   -7.476138619222e-02 -1.945109224931e-01 6.16e-04 6.19e-05 1.55e-04 0.572
 10   -7.457373373726e-02 -1.940117939521e-01 6.03e-04 6.06e-05 1.53e-04 0.578
 11   -7.744250802591e-02 -1.635727212269e-01 9.50e-05 9.54e-06 1.80e-04 0.584
 12   -7.827455141552e-02 -1.601136864854e-01 8.23e-05 8.26e-06 1.83e-04 0.588
 13   -7.823556702526e-02 -1.600702291244e-01 8.22e-05 8.25e-06 1.82e-04 0.595
 14   -8.006332157593e-02 -1.481784774408e-01 6.95e-06 6.98e-07 1.82e-04 0.599
 15   -8.166186365037e-02 -1.419965456321e-01 2.96e-06 2.97e-07 1.39e-04 0.604
 16   -8.152666027083e-02 -1.418565073029e-01 2.95e-06 2.96e-07 1.39e-04 0.610
 17   -8.162702973487e-02 -1.419169412834e-01 2.92e-06 2.94e-07 1.38e-04 0.617
 18   -8.285801941833e-02 -1.365728138211e-01 1.26e-06 1.27e-07 1.16e-04 0.622
 19   -8.277255606814e-02 -1.364202361283e-01 1.25e-06 1.25e-07 1.24e-04 0.628
 20   -8.349635429610e-02 -1.343408107714e-01 1.05e-06 1.06e-07 1.13e-04 0.632
 21   -8.356107366113e-02 -1.344044694516e-01 1.05e-06 1.06e-07 1.13e-04 0.639
 22   -8.353694860863e-02 -1.334173788836e-01 8.57e-07 8.61e-08 1.62e-04 0.644
 23   -8.348514458847e-02 -1.333157104574e-01 8.50e-07 8.53e-08 1.69e-04 0.650
 24   -8.414865544346e-02 -1.307018961844e-01 5.67e-07 5.70e-08 1.94e-04 0.655
 25   -8.421538233239e-02 -1.307060921320e-01 5.62e-07 5.64e-08 2.01e-04 0.661
 26   -8.445950247383e-02 -1.292982923715e-01 4.35e-07 4.37e-08 2.20e-04 0.666
 27   -8.438296895106e-02 -1.291724258671e-01 4.31e-07 4.33e-08 2.27e-04 0.672
 28   -8.505675945342e-02 -1.271483885887e-01 3.25e-07 3.27e-08 2.25e-04 0.677
 29   -8.512864652105e-02 -1.271685839719e-01 3.22e-07 3.24e-08 2.31e-04 0.683
 30   -8.530681348729e-02 -1.262145958418e-01 2.71e-07 2.72e-08 2.39e-04 0.689
 31   -8.523199911211e-02 -1.260998623510e-01 2.68e-07 2.70e-08 2.45e-04 0.695
 32   -8.596736050179e-02 -1.241899724065e-01 2.09e-07 2.09e-08 2.30e-04 0.699
 33   -8.603091883353e-02 -1.242083409807e-01 2.07e-07 2.08e-08 2.35e-04 0.706
 34   -8.616983840653e-02 -1.234640531476e-01 1.79e-07 1.80e-08 2.37e-04 0.711
 35   -8.610582932258e-02 -1.233661377782e-01 1.78e-07 1.79e-08 2.42e-04 0.718
 36   -8.685009406065e-02 -1.216016850071e-01 1.42e-07 1.42e-08 2.23e-04 0.722
 37   -8.690203426145e-02 -1.216140840740e-01 1.40e-07 1.41e-08 2.27e-04 0.729
 38   -8.702223658220e-02 -1.209918325444e-01 1.24e-07 1.24e-08 2.26e-04 0.734
 39   -8.697004188905e-02 -1.209105727168e-01 1.23e-07 1.24e-08 2.30e-04 0.741
 40   -8.767917257149e-02 -1.193336765680e-01 1.00e-07 1.01e-08 2.11e-04 0.746
 41   -8.772072845977e-02 -1.193405933307e-01 9.95e-08 9.99e-09 2.15e-04 0.752
 42   -8.783752188388e-02 -1.187903335456e-01 8.86e-08 8.89e-09 2.11e-04 0.756
 43   -8.779532147441e-02 -1.187229548061e-01 8.80e-08 1.03e-08 2.15e-04 0.763
 44   -8.845334202196e-02 -1.173323510359e-01 7.31e-08 8.55e-09 1.99e-04 0.767
 45   -8.848678064822e-02 -1.173352851365e-01 7.26e-08 9.91e-09 2.02e-04 0.774
 46   -8.860994509235e-02 -1.168274594084e-01 6.50e-08 8.86e-09 1.97e-04 0.779
 47   -8.857557054018e-02 -1.167709921064e-01 6.45e-08 1.01e-08 2.01e-04 0.786
 48   -8.918533953170e-02 -1.155393464035e-01 5.45e-08 8.54e-09 1.87e-04 0.791
 49   -8.921251767293e-02 -1.155393945107e-01 5.42e-08 9.70e-09 1.90e-04 0.798
 50   -8.934841279968e-02 -1.150558173789e-01 4.85e-08 8.68e-09 1.84e-04 0.804
 51   -8.932006536981e-02 -1.150078555337e-01 4.82e-08 9.73e-09 1.87e-04 0.810
 52   -8.988886274780e-02 -1.139067467742e-01 4.12e-08 8.31e-09 1.75e-04 0.815
 53   -8.991105864767e-02 -1.139045247730e-01 4.09e-08 9.30e-09 1.77e-04 0.823
 54   -9.006331804881e-02 -1.134349400896e-01 3.66e-08 8.32e-09 1.71e-04 0.828
 55   -9.003960180283e-02 -1.133936575396e-01 3.64e-08 9.21e-09 1.74e-04 0.834
 56   -9.057029864802e-02 -1.124062123710e-01 3.13e-08 7.93e-09 1.63e-04 0.839
 57   -9.058844421992e-02 -1.124021297004e-01 3.11e-08 8.76e-09 1.65e-04 0.845
 58   -9.075745349314e-02 -1.119435173768e-01 2.78e-08 7.83e-09 1.59e-04 0.851
 59   -9.073731051776e-02 -1.119075353647e-01 2.76e-08 8.57e-09 1.61e-04 0.857
 60   -9.122667157110e-02 -1.110287417283e-01 2.40e-08 7.43e-09 1.52e-04 0.862
 61   -9.124156426088e-02 -1.110232031067e-01 2.38e-08 8.14e-09 1.54e-04 0.871
 62   -9.142395475905e-02 -1.105790628187e-01 2.13e-08 7.26e-09 1.47e-04 0.877
 63   -9.140662131356e-02 -1.105473461256e-01 2.11e-08 7.88e-09 1.49e-04 0.885
 64   -9.184804365623e-02 -1.097781965764e-01 1.85e-08 6.88e-09 1.41e-04 0.889
 65   -9.186043600562e-02 -1.097716671578e-01 1.84e-08 7.46e-09 1.43e-04 0.898
 66   -9.204955163776e-02 -1.093499072848e-01 1.64e-08 6.66e-09 1.36e-04 0.904
 67   -9.203451942775e-02 -1.093216979647e-01 1.63e-08 7.17e-09 1.38e-04 0.911
 68   -9.242217211063e-02 -1.086623987205e-01 1.43e-08 6.31e-09 1.30e-04 0.916
 69   -9.243276384585e-02 -1.086553752960e-01 1.42e-08 6.79e-09 1.32e-04 0.939
 70   -9.262046324493e-02 -1.082647791919e-01 1.27e-08 6.08e-09 1.26e-04 0.944
 71   -9.260742194864e-02 -1.082395378056e-01 1.27e-08 6.50e-09 1.28e-04 0.952
 72   -9.293970107634e-02 -1.076846961550e-01 1.12e-08 5.76e-09 1.21e-04 0.956
 73   -9.294908571282e-02 -1.076776315997e-01 1.12e-08 6.16e-09 1.23e-04 0.965
 74   -9.312835544448e-02 -1.073240828583e-01 1.00e-08 5.54e-09 1.17e-04 0.971
 75   -9.311711171709e-02 -1.073014180056e-01 9.96e-09 5.88e-09 1.19e-04 0.980
 76   -9.339797951220e-02 -1.068387583763e-01 8.90e-09 5.26e-09 1.13e-04 0.984
 77   -9.340659345315e-02 -1.068319819680e-01 8.84e-09 5.59e-09 1.14e-04 0.993
 78   -9.357357342925e-02 -1.065163402922e-01 7.98e-09 5.04e-09 1.09e-04 0.999
 79   -9.356396842699e-02 -1.064959369796e-01 7.93e-09 5.33e-09 1.11e-04 1.006
 80   -9.380167499484e-02 -1.061086425095e-01 7.14e-09 4.80e-09 1.06e-04 1.013
 81   -9.380978296713e-02 -1.061023191238e-01 7.09e-09 5.08e-09 1.07e-04 1.020
 82   -9.396403422096e-02 -1.058209684461e-01 6.43e-09 4.60e-09 1.03e-04 1.026
 83   -9.395589316788e-02 -1.058025421259e-01 6.39e-09 4.85e-09 1.04e-04 1.035
 84   -9.416022028747e-02 -1.054732252149e-01 5.78e-09 4.39e-09 9.95e-05 1.041
 85   -9.416794235703e-02 -1.054673718409e-01 5.75e-09 4.62e-09 1.01e-04 1.048
 86   -9.431124134193e-02 -1.052144522924e-01 5.23e-09 4.20e-09 9.65e-05 1.054
 87   -9.430436565591e-02 -1.051977379158e-01 5.19e-09 4.41e-09 9.77e-05 1.060
 88   -9.448424793618e-02 -1.049114832279e-01 4.72e-09 4.00e-09 9.37e-05 1.066
 89   -9.449160682039e-02 -1.049060215201e-01 4.69e-09 4.20e-09 9.48e-05 1.075
 90   -9.462644514999e-02 -1.046755897449e-01 4.27e-09 3.83e-09 9.09e-05 1.080
 91   -9.462062877967e-02 -1.046603506319e-01 4.25e-09 4.00e-09 9.19e-05 1.088
 92   -9.478297232504e-02 -1.044059429323e-01 3.87e-09 3.65e-09 8.82e-05 1.095
 93   -9.478993847647e-02 -1.044007561821e-01 3.84e-09 3.81e-09 8.92e-05 1.102
 94   -9.491842450584e-02 -1.041881031831e-01 3.51e-09 3.48e-09 8.54e-05 1.108
 95   -9.491347422850e-02 -1.041741430898e-01 3.49e-09 3.63e-09 8.64e-05 1.115
 96   -9.506280674751e-02 -1.039441530795e-01 3.18e-09 3.31e-09 8.28e-05 1.119
 97   -9.506933448183e-02 -1.039391350065e-01 3.16e-09 3.45e-09 8.37e-05 1.127
 98   -9.519249167530e-02 -1.037414500169e-01 2.88e-09 3.15e-09 8.00e-05 1.132
 99   -9.518824549167e-02 -1.037286228963e-01 2.86e-09 3.27e-09 8.09e-05 1.140
100   -9.532671738623e-02 -1.035190659268e-01 2.61e-09 2.99e-09 7.73e-05 1.145
101   -9.533277530110e-02 -1.035141604315e-01 2.60e-09 3.10e-09 7.82e-05 1.152
102   -9.545026705174e-02 -1.033306294775e-01 2.37e-09 2.83e-09 7.46e-05 1.156
103   -9.544660930715e-02 -1.033188422715e-01 2.36e-09 2.93e-09 7.55e-05 1.163
104   -9.557453374631e-02 -1.031282506409e-01 2.15e-09 2.68e-09 7.20e-05 1.167
105   -9.558012456327e-02 -1.031234674482e-01 2.14e-09 2.77e-09 7.27e-05 1.174
106   -9.569079784464e-02 -1.029544378541e-01 1.95e-09 2.54e-09 6.93e-05 1.179
107   -9.568765861488e-02 -1.029436351551e-01 1.94e-09 2.62e-09 7.01e-05 1.186
108   -9.580477644241e-02 -1.027713908453e-01 1.77e-09 2.39e-09 6.67e-05 1.191
109   -9.580993257029e-02 -1.027667797016e-01 1.76e-09 2.47e-09 6.74e-05 1.198
110   -9.591286324403e-02 -1.026124398119e-01 1.61e-09 2.26e-09 6.41e-05 1.203
111   -9.591019633190e-02 -1.026025754467e-01 1.60e-09 2.33e-09 6.48e-05 1.210
112   -9.601670173001e-02 -1.024476465261e-01 1.46e-09 2.13e-09 6.16e-05 1.215
113   -9.602144838665e-02 -1.024432826346e-01 1.45e-09 2.19e-09 6.22e-05 1.221
114   -9.611641262196e-02 -1.023030951106e-01 1.33e-09 2.00e-09 5.91e-05 1.226
115   -9.611417141118e-02 -1.022941130662e-01 1.32e-09 2.06e-09 5.98e-05 1.233
116   -9.621080845686e-02 -1.021549297464e-01 1.21e-09 1.88e-09 5.67e-05 1.237
117   -9.621517700402e-02 -1.021508501353e-01 1.20e-09 1.94e-09 5.73e-05 1.244
118   -9.630248321516e-02 -1.020237522779e-01 1.10e-09 1.77e-09 5.44e-05 1.249
119   -9.630061784482e-02 -1.020155884084e-01 1.09e-09 1.82e-09 5.50e-05 1.255
120   -9.638837875378e-02 -1.018903887098e-01 1.00e-09 1.67e-09 5.22e-05 1.260
121   -9.639240394327e-02 -1.018865926831e-01 9.93e-10 1.71e-09 5.27e-05 1.267
122   -9.647260570476e-02 -1.017713314660e-01 9.12e-10 1.57e-09 5.00e-05 1.272
123   -9.647106646765e-02 -1.017639188436e-01 9.05e-10 1.60e-09 5.05e-05 1.279
124   -9.655094645180e-02 -1.016510256230e-01 8.31e-10 1.47e-09 4.79e-05 1.283
125   -9.655465478557e-02 -1.016475037476e-01 8.25e-10 1.50e-09 4.84e-05 1.291
126   -9.662834784259e-02 -1.015428654759e-01 7.58e-10 1.38e-09 4.59e-05 1.297
127   -9.662708756556e-02 -1.015361377963e-01 7.53e-10 1.41e-09 4.64e-05 1.304
128   -9.669995575771e-02 -1.014340971575e-01 6.92e-10 1.29e-09 4.39e-05 1.309
129   -9.670337011923e-02 -1.014308358181e-01 6.87e-10 1.32e-09 4.44e-05 1.316
130   -9.677109444690e-02 -1.013357485140e-01 6.32e-10 1.21e-09 4.21e-05 1.321
131   -9.677007126448e-02 -1.013296429200e-01 6.28e-10 1.24e-09 4.25e-05 1.329
132   -9.683664615430e-02 -1.012372402220e-01 5.78e-10 1.14e-09 4.03e-05 1.333
133   -9.683978881445e-02 -1.012342242948e-01 5.74e-10 1.16e-09 4.07e-05 1.340
134   -9.690201770160e-02 -1.011477587481e-01 5.29e-10 1.07e-09 3.86e-05 1.345
135   -9.690119605340e-02 -1.011422168376e-01 5.25e-10 1.09e-09 3.90e-05 1.351
136   -9.696208164773e-02 -1.010584244629e-01 4.84e-10 1.00e-09 3.69e-05 1.356
137   -9.696497510805e-02 -1.010556382961e-01 4.80e-10 1.02e-09 3.73e-05 1.363
138   -9.702213955923e-02 -1.009769700981e-01 4.43e-10 9.38e-10 3.53e-05 1.368
139   -9.702148967530e-02 -1.009719378849e-01 4.40e-10 9.52e-10 3.57e-05 1.375
140   -9.707721660812e-02 -1.008958595003e-01 4.06e-10 8.79e-10 3.38e-05 1.380
141   -9.707988318139e-02 -1.008932872229e-01 4.03e-10 8.92e-10 3.42e-05 1.386
142   -9.713239180806e-02 -1.008216656235e-01 3.73e-10 8.24e-10 3.24e-05 1.391
143   -9.713188867035e-02 -1.008170932918e-01 3.70e-10 8.35e-10 3.28e-05 1.399
144   -9.718294020871e-02 -1.007479271377e-01 3.42e-10 7.72e-10 3.10e-05 1.404
145   -9.718540130345e-02 -1.007455528489e-01 3.40e-10 7.82e-10 3.14e-05 1.410
146   -9.723365002335e-02 -1.006802827530e-01 3.14e-10 7.24e-10 2.97e-05 1.415
147   -9.723327237563e-02 -1.006761244594e-01 3.12e-10 7.33e-10 3.01e-05 1.423
148   -9.728009876125e-02 -1.006131414510e-01 2.89e-10 6.78e-10 2.85e-05 1.428
149   -9.728237426864e-02 -1.006109494004e-01 2.87e-10 6.87e-10 2.88e-05 1.435
150   -9.732674910431e-02 -1.005513825692e-01 2.66e-10 6.36e-10 2.73e-05 1.440
151   -9.732647863962e-02 -1.005475962866e-01 2.64e-10 6.44e-10 2.76e-05 1.447
152   -9.736950306546e-02 -1.004901287812e-01 2.45e-10 5.96e-10 2.62e-05 1.452
153   -9.737161095414e-02 -1.004881035681e-01 2.43e-10 6.03e-10 2.65e-05 1.459
154   -9.741248502691e-02 -1.004336373534e-01 2.25e-10 5.60e-10 2.51e-05 1.464
155   -9.741230578698e-02 -1.004301847695e-01 2.24e-10 5.66e-10 2.54e-05 1.471
156   -9.745192336958e-02 -1.003776239180e-01 2.08e-10 5.25e-10 2.41e-05 1.476
157   -9.745387952912e-02 -1.003757507313e-01 2.06e-10 5.30e-10 2.43e-05 1.483
158   -9.749160559763e-02 -1.003258323455e-01 1.92e-10 4.92e-10 2.31e-05 1.489
159   -9.749150359163e-02 -1.003226787997e-01 1.90e-10 4.97e-10 2.34e-05 1.495
160   -9.752807614626e-02 -1.002744768917e-01 1.77e-10 4.62e-10 2.22e-05 1.500
161   -9.752989449412e-02 -1.002727417758e-01 1.76e-10 4.66e-10 2.24e-05 1.506
162   -9.756479657230e-02 -1.002268738654e-01 1.63e-10 4.34e-10 2.13e-05 1.511
163   -9.756475958367e-02 -1.002239882711e-01 1.62e-10 4.38e-10 2.15e-05 1.517
164   -9.759861089132e-02 -1.001796606979e-01 1.51e-10 4.07e-10 2.05e-05 1.522
165   -9.760030364060e-02 -1.001780507580e-01 1.50e-10 4.11e-10 2.07e-05 1.528
166   -9.763267208841e-02 -1.001357934035e-01 1.40e-10 3.82e-10 1.97e-05 1.533
167   -9.763268956523e-02 -1.001331480819e-01 1.39e-10 3.85e-10 1.99e-05 1.540
168   -9.766410496626e-02 -1.000922707662e-01 1.29e-10 3.59e-10 1.89e-05 1.544
169   -9.766568293113e-02 -1.000907742515e-01 1.28e-10 3.62e-10 1.91e-05 1.550
170   -9.769577520442e-02 -1.000517411131e-01 1.20e-10 3.37e-10 1.82e-05 1.555
171   -9.769583812029e-02 -1.000493115095e-01 1.19e-10 3.40e-10 1.84e-05 1.562
172   -9.772506894139e-02 -1.000115133933e-01 1.11e-10 3.16e-10 1.75e-05 1.566
173   -9.772654175020e-02 -1.000101196544e-01 1.10e-10 3.19e-10 1.77e-05 1.574
174   -9.775458723807e-02 -9.997397008441e-02 1.03e-10 2.97e-10 1.68e-05 1.579
175   -9.775468788197e-02 -9.997173442132e-02 1.02e-10 3.00e-10 1.70e-05 1.586
176   -9.778195787226e-02 -9.993668816204e-02 9.50e-11 2.79e-10 1.62e-05 1.590
177   -9.778333406643e-02 -9.993538754634e-02 9.44e-11 2.81e-10 1.63e-05 1.597
178   -9.780953941577e-02 -9.990181858941e-02 8.82e-11 2.62e-10 1.56e-05 1.601
179   -9.780967112934e-02 -9.989975751783e-02 8.76e-11 2.64e-10 1.57e-05 1.608
180   -9.783518153045e-02 -9.986717201794e-02 8.18e-11 2.46e-10 1.50e-05 1.612
181   -9.783646860275e-02 -9.986595577031e-02 8.12e-11 2.48e-10 1.51e-05 1.618
182   -9.786102062109e-02 -9.983469711960e-02 7.59e-11 2.32e-10 1.44e-05 1.623
183   -9.786117756990e-02 -9.983279344023e-02 7.54e-11 2.33e-10 1.46e-05 1.629
184   -9.788510875535e-02 -9.980241037947e-02 7.04e-11 2.18e-10 1.39e-05 1.633
185   -9.788631321356e-02 -9.980127059883e-02 7.00e-11 2.19e-10 1.40e-05 1.640
186   -9.790937837767e-02 -9.977208348044e-02 6.54e-11 2.05e-10 1.34e-05 1.645
187   -9.790955540541e-02 -9.977032194593e-02 6.50e-11 2.06e-10 1.35e-05 1.651
188   -9.793206523700e-02 -9.974191604667e-02 6.07e-11 1.92e-10 1.29e-05 1.655
189   -9.793319274440e-02 -9.974084569370e-02 6.04e-11 1.93e-10 1.30e-05 1.661
190   -9.795491418605e-02 -9.971352463573e-02 5.64e-11 1.81e-10 1.24e-05 1.666
191   -9.795510677393e-02 -9.971189181110e-02 5.61e-11 1.82e-10 1.25e-05 1.672
192   -9.797632719086e-02 -9.968527313930e-02 5.24e-11 1.70e-10 1.19e-05 1.676
193   -9.797738279302e-02 -9.968426606726e-02 5.21e-11 1.71e-10 1.21e-05 1.684
194   -9.799787685473e-02 -9.965864126125e-02 4.87e-11 1.60e-10 1.15e-05 1.689
195   -9.799808116596e-02 -9.965712540265e-02 4.84e-11 1.61e-10 1.16e-05 1.696
196   -9.801811579803e-02 -9.963214067402e-02 4.53e-11 1.50e-10 1.11e-05 1.700
197   -9.801910419642e-02 -9.963119163480e-02 4.50e-11 1.51e-10 1.12e-05 1.710
198   -9.803845974352e-02 -9.960712846937e-02 4.21e-11 1.41e-10 1.07e-05 1.715
199   -9.803867269332e-02 -9.960571936199e-02 4.19e-11 1.42e-10 1.08e-05 1.721
200   -9.805759880147e-02 -9.958224875509e-02 3.92e-11 1.33e-10 1.03e-05 1.725
201   -9.805852458251e-02 -9.958135332182e-02 3.89e-11 1.33e-10 1.04e-05 1.732
202   -9.807680778749e-02 -9.955874624489e-02 3.64e-11 1.25e-10 9.92e-06 1.736
203   -9.807702704189e-02 -9.955743497265e-02 3.62e-11 1.25e-10 1.00e-05 1.743
204   -9.809490317956e-02 -9.953538302657e-02 3.39e-11 1.17e-10 9.56e-06 1.747
205   -9.809577090284e-02 -9.953453742452e-02 3.37e-11 1.18e-10 9.67e-06 1.753
206   -9.811303476229e-02 -9.951329897422e-02 3.15e-11 1.10e-10 9.22e-06 1.758
207   -9.811325861327e-02 -9.951207764109e-02 3.13e-11 1.11e-10 9.32e-06 1.765
208   -9.813013503282e-02 -9.949136144132e-02 2.93e-11 1.04e-10 8.88e-06 1.769
209   -9.813094916010e-02 -9.949056234599e-02 2.91e-11 1.04e-10 8.99e-06 1.776
210   -9.814724303824e-02 -9.947061235549e-02 2.73e-11 9.73e-11 8.56e-06 1.781
211   -9.814747019376e-02 -9.946947383911e-02 2.71e-11 9.77e-11 8.66e-06 1.788
212   -9.816339670528e-02 -9.945001410202e-02 2.54e-11 9.14e-11 8.25e-06 1.792
213   -9.816416145385e-02 -9.944925848183e-02 2.52e-11 9.17e-11 8.35e-06 1.799
214   -9.817953628871e-02 -9.943051805550e-02 2.37e-11 8.59e-11 7.96e-06 1.804
215   -9.817976568026e-02 -9.942945584356e-02 2.35e-11 8.62e-11 8.05e-06 1.811
216   -9.819479444246e-02 -9.941117352445e-02 2.20e-11 8.06e-11 7.67e-06 1.815
217   -9.819551367096e-02 -9.941045855513e-02 2.19e-11 8.10e-11 7.76e-06 1.822
218   -9.821002253942e-02 -9.939284908322e-02 2.05e-11 7.59e-11 7.40e-06 1.826
219   -9.821025320222e-02 -9.939185719304e-02 2.04e-11 7.63e-11 7.48e-06 1.832
220   -9.822443777293e-02 -9.937467416522e-02 1.91e-11 7.14e-11 7.13e-06 1.836
221   -9.822511494453e-02 -9.937399720406e-02 1.90e-11 7.17e-11 7.22e-06 1.844
222   -9.823881122305e-02 -9.935744202142e-02 1.78e-11 6.73e-11 6.88e-06 1.848
223   -9.823904225696e-02 -9.935651495853e-02 1.77e-11 6.76e-11 6.96e-06 1.854
224   -9.825243550389e-02 -9.934035597022e-02 1.66e-11 6.32e-11 6.63e-06 1.858
225   -9.825307370832e-02 -9.933971455255e-02 1.65e-11 6.36e-11 6.71e-06 1.872
226   -9.826600910120e-02 -9.932414078495e-02 1.54e-11 5.97e-11 6.40e-06 1.880
227   -9.826623966854e-02 -9.932327351914e-02 1.53e-11 5.98e-11 6.47e-06 1.888
228   -9.827889210358e-02 -9.930806773770e-02 1.44e-11 5.60e-11 6.17e-06 1.894
229   -9.827949410586e-02 -9.930745957905e-02 1.43e-11 5.61e-11 6.24e-06 1.902
230   -9.829171737355e-02 -9.929279928508e-02 1.34e-11 5.26e-11 5.95e-06 1.906
231   -9.829194671073e-02 -9.929198722415e-02 1.33e-11 5.27e-11 6.02e-06 1.914
232   -9.830390554740e-02 -9.927766904641e-02 1.25e-11 4.94e-11 5.74e-06 1.918
233   -9.830447383863e-02 -9.927709203887e-02 1.24e-11 4.96e-11 5.81e-06 1.925
234   -9.831603021997e-02 -9.926328263993e-02 1.16e-11 4.66e-11 5.54e-06 1.929
235   -9.831625764600e-02 -9.926252160016e-02 1.16e-11 4.68e-11 5.60e-06 1.937
236   -9.832756648523e-02 -9.924903080835e-02 1.08e-11 4.38e-11 5.34e-06 1.941
237   -9.832810332662e-02 -9.924848301382e-02 1.08e-11 4.38e-11 5.40e-06 1.947
238   -9.833903441350e-02 -9.923546725924e-02 1.01e-11 4.11e-11 5.15e-06 1.951
239   -9.833925933346e-02 -9.923475343218e-02 1.00e-11 4.14e-11 5.21e-06 1.959
240   -9.834995814758e-02 -9.922203505228e-02 9.42e-12 3.87e-11 4.97e-06 1.963
241   -9.835046560280e-02 -9.922151469244e-02 9.37e-12 3.90e-11 5.03e-06 1.970
242   -9.836080943382e-02 -9.920924040840e-02 8.79e-12 3.66e-11 4.80e-06 1.974
243   -9.836103133815e-02 -9.920857032829e-02 8.73e-12 3.66e-11 4.85e-06 1.981
244   -9.837115665804e-02 -9.919657428345e-02 8.19e-12 3.43e-11 4.63e-06 1.985
245   -9.837163662552e-02 -9.919607972799e-02 8.14e-12 3.43e-11 4.68e-06 1.992
246   -9.838142791643e-02 -9.918449943492e-02 7.64e-12 3.22e-11 4.47e-06 1.996
247   -9.838164637952e-02 -9.918386994344e-02 7.59e-12 3.24e-11 4.52e-06 2.004
248   -9.839123157217e-02 -9.917255062877e-02 7.12e-12 3.03e-11 4.31e-06 2.008
249   -9.839168580365e-02 -9.917208037841e-02 7.08e-12 3.05e-11 4.36e-06 2.015
250   -9.840095631431e-02 -9.916115077527e-02 6.64e-12 2.87e-11 4.16e-06 2.020
251   -9.840117098557e-02 -9.916055899015e-02 6.60e-12 2.88e-11 4.21e-06 2.027
252   -9.841024664943e-02 -9.914987473209e-02 6.19e-12 2.70e-11 4.01e-06 2.033
253   -9.841067677021e-02 -9.914942740550e-02 6.16e-12 2.70e-11 4.06e-06 2.039
254   -9.841945568954e-02 -9.913910885074e-02 5.78e-12 2.54e-11 3.87e-06 2.044
255   -9.841966628599e-02 -9.913855213684e-02 5.74e-12 2.55e-11 3.92e-06 2.050
256   -9.842826064649e-02 -9.912846466870e-02 5.39e-12 2.38e-11 3.73e-06 2.054
257   -9.842866816748e-02 -9.912803898601e-02 5.35e-12 2.37e-11 3.78e-06 2.061
258   -9.843698254247e-02 -9.911829494183e-02 5.03e-12 2.23e-11 3.60e-06 2.065
259   -9.843718884058e-02 -9.911777088176e-02 4.99e-12 2.22e-11 3.65e-06 2.072
260   -9.844532815458e-02 -9.910824481946e-02 4.69e-12 2.08e-11 3.48e-06 2.076
261   -9.844571447883e-02 -9.910783959448e-02 4.66e-12 2.09e-11 3.52e-06 2.082
262   -9.845358956091e-02 -9.909863617077e-02 4.37e-12 1.96e-11 3.35e-06 2.086
263   -9.845379138719e-02 -9.909814254075e-02 4.34e-12 1.98e-11 3.39e-06 2.092
264   -9.846150029997e-02 -9.908914491662e-02 4.08e-12 1.85e-11 3.24e-06 2.096
265   -9.846186673299e-02 -9.908875904111e-02 4.05e-12 1.86e-11 3.27e-06 2.103
266   -9.846932625484e-02 -9.908006462437e-02 3.80e-12 1.75e-11 3.12e-06 2.107
267   -9.846952347748e-02 -9.907959937499e-02 3.78e-12 1.75e-11 3.16e-06 2.113
268   -9.847682519636e-02 -9.907109938406e-02 3.55e-12 1.64e-11 3.01e-06 2.117
269   -9.847717294835e-02 -9.907073182065e-02 3.53e-12 1.63e-11 3.05e-06 2.124
270   -9.848423932793e-02 -9.906251678613e-02 3.31e-12 1.54e-11 2.91e-06 2.128
271   -9.848443184832e-02 -9.906207802746e-02 3.29e-12 1.53e-11 2.94e-06 2.134
272   -9.849134830222e-02 -9.905404678966e-02 3.09e-12 1.43e-11 2.81e-06 2.138
273   -9.849167849803e-02 -9.905369656566e-02 3.07e-12 1.44e-11 2.84e-06 2.145
274   -9.849837290669e-02 -9.904593314646e-02 2.88e-12 1.35e-11 2.71e-06 2.149
275   -9.849856065447e-02 -9.904551912957e-02 2.86e-12 1.35e-11 2.74e-06 2.156
276   -9.850511258792e-02 -9.903792953251e-02 2.69e-12 1.26e-11 2.61e-06 2.160
277   -9.850542626864e-02 -9.903759573606e-02 2.67e-12 1.27e-11 2.64e-06 2.166
278   -9.851176870431e-02 -9.903025789073e-02 2.51e-12 1.19e-11 2.52e-06 2.170
279   -9.851195163342e-02 -9.902986699970e-02 2.49e-12 1.19e-11 2.55e-06 2.177
280   -9.851815862299e-02 -9.902269363153e-02 2.34e-12 1.11e-11 2.43e-06 2.181
281   -9.851845675752e-02 -9.902237540586e-02 2.32e-12 1.11e-11 2.46e-06 2.187
282   -9.852446607791e-02 -9.901543873694e-02 2.18e-12 1.04e-11 2.35e-06 2.191
283   -9.852464416356e-02 -9.901506947536e-02 2.17e-12 1.02e-11 2.37e-06 2.198
284   -9.853052465912e-02 -9.900828853716e-02 2.04e-12 9.55e-12 2.26e-06 2.202
285   -9.853080814673e-02 -9.900798507696e-02 2.02e-12 9.49e-12 2.29e-06 2.208
286   -9.853650212839e-02 -9.900142672562e-02 1.90e-12 8.94e-12 2.18e-06 2.212
287   -9.853667536585e-02 -9.900107770711e-02 1.89e-12 8.74e-12 2.21e-06 2.219
288   -9.854224676287e-02 -9.899466689418e-02 1.77e-12 8.17e-12 2.11e-06 2.223
289   -9.854251644089e-02 -9.899437744173e-02 1.76e-12 8.18e-12 2.13e-06 2.230
290   -9.854791182709e-02 -9.898817599982e-02 1.65e-12 7.70e-12 2.03e-06 2.233
291   -9.854808022726e-02 -9.898784594165e-02 1.64e-12 7.70e-12 2.06e-06 2.240
292   -9.855335888014e-02 -9.898178439595e-02 1.54e-12 7.19e-12 1.96e-06 2.244
293   -9.855361552980e-02 -9.898150823943e-02 1.53e-12 7.10e-12 1.98e-06 2.252
294   -9.855872805526e-02 -9.897564369205e-02 1.44e-12 6.69e-12 1.89e-06 2.256
295   -9.855889164594e-02 -9.897533140230e-02 1.43e-12 6.82e-12 1.91e-06 2.263
296   -9.856389297658e-02 -9.896959956351e-02 1.34e-12 6.38e-12 1.83e-06 2.267
297   -9.856413732755e-02 -9.896933603162e-02 1.33e-12 6.40e-12 1.85e-06 2.273
298   -9.856898182698e-02 -9.896378960979e-02 1.25e-12 6.03e-12 1.76e-06 2.277
299   -9.856914064916e-02 -9.896349398295e-02 1.24e-12 6.06e-12 1.78e-06 2.284
300   -9.857387917724e-02 -9.895807352969e-02 1.17e-12 5.66e-12 1.70e-06 2.288
301   -9.857411191339e-02 -9.895782198773e-02 1.16e-12 5.83e-12 1.72e-06 2.295
302   -9.857870238913e-02 -9.895257607007e-02 1.09e-12 5.50e-12 1.64e-06 2.299
303   -9.857885649563e-02 -9.895229607788e-02 1.08e-12 5.39e-12 1.66e-06 2.305
304   -9.858334594096e-02 -9.894716979118e-02 1.02e-12 5.03e-12 1.58e-06 2.309
305   -9.858356770138e-02 -9.894692964217e-02 1.01e-12 5.05e-12 1.60e-06 2.315
306   -9.858791736578e-02 -9.894196768616e-02 9.49e-13 4.76e-12 1.53e-06 2.319
307   -9.858806682191e-02 -9.894170237112e-02 9.43e-13 4.89e-12 1.54e-06 2.326
308   -9.859232015647e-02 -9.893685405636e-02 8.85e-13 4.56e-12 1.47e-06 2.330
309   -9.859253153965e-02 -9.893662473415e-02 8.80e-13 4.49e-12 1.49e-06 2.336
310   -9.859665290484e-02 -9.893193115784e-02 8.26e-13 4.24e-12 1.42e-06 2.340
311   -9.859679778381e-02 -9.893167962834e-02 8.21e-13 4.31e-12 1.44e-06 2.346
312   -9.860082727816e-02 -9.892709404594e-02 7.71e-13 4.02e-12 1.37e-06 2.350
313   -9.860102884696e-02 -9.892687501522e-02 7.66e-13 3.98e-12 1.38e-06 2.356
314   -9.860493375304e-02 -9.892243514910e-02 7.19e-13 3.76e-12 1.32e-06 2.360
315   -9.860507413474e-02 -9.892219657567e-02 7.14e-13 3.81e-12 1.34e-06 2.367
316   -9.860889141201e-02 -9.891785936378e-02 6.71e-13 3.56e-12 1.27e-06 2.371
317   -9.860908369433e-02 -9.891765011630e-02 6.66e-13 3.64e-12 1.29e-06 2.377
318   -9.861278337619e-02 -9.891345011288e-02 6.26e-13 3.44e-12 1.23e-06 2.381
319   -9.861291934811e-02 -9.891322371882e-02 6.22e-13 3.58e-12 1.24e-06 2.388
320   -9.861653545490e-02 -9.890912130022e-02 5.84e-13 3.34e-12 1.19e-06 2.392
321   -9.861671894519e-02 -9.890892135544e-02 5.80e-13 3.22e-12 1.20e-06 2.399
322   -9.862022405567e-02 -9.890494814935e-02 5.45e-13 3.04e-12 1.14e-06 2.403
323   -9.862035571069e-02 -9.890473320959e-02 5.41e-13 3.21e-12 1.16e-06 2.410
324   -9.862378112854e-02 -9.890085276446e-02 5.08e-13 2.99e-12 1.10e-06 2.414
325   -9.862395629268e-02 -9.890066166523e-02 5.05e-13 3.19e-12 1.11e-06 2.421
326   -9.862727696264e-02 -9.889690289305e-02 4.74e-13 3.01e-12 1.06e-06 2.425
327   -9.862740439599e-02 -9.889669873133e-02 4.71e-13 2.84e-12 1.08e-06 2.431
328   -9.863064908153e-02 -9.889302813965e-02 4.42e-13 2.65e-12 1.03e-06 2.435
329   -9.863081635850e-02 -9.889284545138e-02 4.39e-13 2.64e-12 1.04e-06 2.443
330   -9.863396219310e-02 -9.888928944433e-02 4.13e-13 2.49e-12 9.89e-07 2.446
331   -9.863408550370e-02 -9.888909542843e-02 4.10e-13 2.54e-12 1.00e-06 2.454
332   -9.863715888880e-02 -9.888562325923e-02 3.85e-13 2.36e-12 9.54e-07 2.458
333   -9.863731868848e-02 -9.888544857200e-02 3.82e-13 2.31e-12 9.65e-07 2.464
334   -9.864029881412e-02 -9.888208429225e-02 3.59e-13 2.19e-12 9.20e-07 2.468
335   -9.864041810435e-02 -9.888189982886e-02 3.57e-13 2.19e-12 9.31e-07 2.474
336   -9.864332916256e-02 -9.887861525577e-02 3.35e-13 2.04e-12 8.88e-07 2.478
337   -9.864348187232e-02 -9.887844817893e-02 3.33e-13 2.06e-12 8.97e-07 2.484
338   -9.864630494385e-02 -9.887526520274e-02 3.13e-13 1.95e-12 8.56e-07 2.488
339   -9.864642031608e-02 -9.887508973922e-02 3.11e-13 1.95e-12 8.66e-07 2.495
340   -9.864917754367e-02 -9.887198255177e-02 2.92e-13 1.81e-12 8.26e-07 2.499
341   -9.864932352704e-02 -9.887182271512e-02 2.90e-13 1.59e-12 8.35e-07 2.505
342   -9.865199776529e-02 -9.886881118193e-02 2.72e-13 1.50e-12 7.96e-07 2.509
343   -9.865210932312e-02 -9.886864420088e-02 2.70e-13 1.42e-12 8.05e-07 2.515
344   -9.865472079968e-02 -9.886570472906e-02 2.54e-13 1.32e-12 7.68e-07 2.519
345   -9.865486039926e-02 -9.886555178087e-02 2.52e-13 1.26e-12 7.76e-07 2.525
346   -9.865739359984e-02 -9.886270237566e-02 2.37e-13 1.19e-12 7.41e-07 2.529
347   -9.865750144917e-02 -9.886254339074e-02 2.35e-13 1.31e-12 7.49e-07 2.536
348   -9.865997485370e-02 -9.885976247965e-02 2.21e-13 1.21e-12 7.14e-07 2.540
349   -9.866010839410e-02 -9.885961608394e-02 2.19e-13 1.34e-12 7.22e-07 2.546
350   -9.866250797485e-02 -9.885691997745e-02 2.06e-13 1.27e-12 6.89e-07 2.550
351   -9.866261221952e-02 -9.885676853438e-02 2.05e-13 1.18e-12 6.96e-07 2.556
352   -9.866495481071e-02 -9.885413755929e-02 1.92e-13 1.09e-12 6.64e-07 2.560
353   -9.866508259333e-02 -9.885399740208e-02 1.91e-13 1.32e-12 6.71e-07 2.567
354   -9.866735557186e-02 -9.885144626866e-02 1.79e-13 1.25e-12 6.41e-07 2.571
355   -9.866745631728e-02 -9.885130194128e-02 1.78e-13 1.20e-12 6.47e-07 2.577
356   -9.866967500976e-02 -9.884881271605e-02 1.67e-13 1.12e-12 6.18e-07 2.581
357   -9.866979732381e-02 -9.884867849416e-02 1.66e-13 9.95e-13 6.24e-07 2.587
358   -9.867195037364e-02 -9.884626444448e-02 1.56e-13 9.49e-13 5.96e-07 2.591
359   -9.867204772361e-02 -9.884612683377e-02 1.55e-13 8.33e-13 6.02e-07 2.598
360   -9.867414905868e-02 -9.884377163857e-02 1.46e-13 7.70e-13 5.74e-07 2.601
361   -9.867426617294e-02 -9.884364306886e-02 1.45e-13 7.30e-13 5.80e-07 2.608
362   -9.867630562098e-02 -9.884135864649e-02 1.36e-13 6.97e-13 5.54e-07 2.612
363   -9.867639967775e-02 -9.884122737964e-02 1.35e-13 8.40e-13 5.60e-07 2.618
364   -9.867838985090e-02 -9.883899892424e-02 1.27e-13 7.79e-13 5.34e-07 2.622
365   -9.867850202048e-02 -9.883887573587e-02 1.26e-13 7.11e-13 5.40e-07 2.631
366   -9.868043384723e-02 -9.883671391289e-02 1.18e-13 6.76e-13 5.15e-07 2.635
367   -9.868052471146e-02 -9.883658864036e-02 1.17e-13 5.92e-13 5.20e-07 2.643
368   -9.868240960514e-02 -9.883448002427e-02 1.10e-13 5.39e-13 4.97e-07 2.647
369   -9.868251707176e-02 -9.883436195974e-02 1.09e-13 5.60e-13 5.02e-07 2.653
370   -9.868434697092e-02 -9.883231606612e-02 1.03e-13 5.32e-13 4.79e-07 2.657
371   -9.868443474186e-02 -9.883219645985e-02 1.02e-13 5.91e-13 4.84e-07 2.663
372   -9.868621994109e-02 -9.883020115017e-02 9.59e-14 5.44e-13 4.62e-07 2.667
373   -9.868632292996e-02 -9.883008796896e-02 9.53e-14 4.45e-13 4.66e-07 2.673
374   -9.868805625748e-02 -9.882815174449e-02 8.95e-14 4.20e-13 4.45e-07 2.677
375   -9.868814103372e-02 -9.882803749693e-02 8.88e-14 3.83e-13 4.50e-07 2.684
376   -9.868983181637e-02 -9.882614933568e-02 8.35e-14 3.53e-13 4.29e-07 2.688
377   -9.868993054383e-02 -9.882604080468e-02 8.28e-14 5.01e-13 4.34e-07 2.695
378   -9.869157242547e-02 -9.882420827733e-02 7.78e-14 4.60e-13 4.14e-07 2.699
379   -9.869165430141e-02 -9.882409910159e-02 7.73e-14 3.82e-13 4.18e-07 2.705
380   -9.869325564795e-02 -9.882231229112e-02 7.26e-14 3.68e-13 3.99e-07 2.709
381   -9.869335031681e-02 -9.882220819278e-02 7.21e-14 4.52e-13 4.03e-07 2.715
382   -9.869490558612e-02 -9.882047374335e-02 6.77e-14 4.14e-13 3.85e-07 2.719
383   -9.869498465699e-02 -9.882036936805e-02 6.73e-14 5.14e-13 3.89e-07 2.726
384   -9.869650132868e-02 -9.881867838172e-02 6.31e-14 4.93e-13 3.71e-07 2.730
385   -9.869659212745e-02 -9.881857851244e-02 6.27e-14 3.64e-13 3.75e-07 2.736
386   -9.869806533414e-02 -9.881693686216e-02 5.88e-14 3.49e-13 3.58e-07 2.740
387   -9.869814169123e-02 -9.881683703426e-02 5.84e-14 4.28e-13 3.61e-07 2.746
388   -9.869957814794e-02 -9.881523670460e-02 5.50e-14 4.19e-13 3.45e-07 2.750
389   -9.869966525863e-02 -9.881514086703e-02 5.45e-14 3.51e-13 3.48e-07 2.757
390   -9.870106074437e-02 -9.881358699234e-02 5.12e-14 3.22e-13 3.32e-07 2.761
391   -9.870113447638e-02 -9.881349147543e-02 5.08e-14 2.06e-13 3.36e-07 2.767
392   -9.870249495714e-02 -9.881197690232e-02 4.77e-14 1.98e-13 3.20e-07 2.771
393   -9.870257854907e-02 -9.881188491336e-02 4.74e-14 2.60e-13 3.24e-07 2.778
394   -9.870390040538e-02 -9.881041408886e-02 4.45e-14 2.51e-13 3.09e-07 2.782
395   -9.870397160089e-02 -9.881032265869e-02 4.42e-14 4.07e-13 3.12e-07 2.789
396   -9.870526013465e-02 -9.880888919557e-02 4.16e-14 3.74e-13 2.98e-07 2.793
397   -9.870534037060e-02 -9.880880087833e-02 4.13e-14 4.12e-13 3.01e-07 2.800
398   -9.870659246677e-02 -9.880740864469e-02 3.87e-14 3.94e-13 2.87e-07 2.804
399   -9.870666120806e-02 -9.880732109468e-02 3.84e-14 3.46e-13 2.90e-07 2.810
400   -9.870788157242e-02 -9.880596439179e-02 3.61e-14 3.15e-13 2.77e-07 2.814
401   -9.870795860251e-02 -9.880587958334e-02 3.60e-14 3.88e-13 2.79e-07 2.820
402   -9.870914460297e-02 -9.880456172529e-02 3.38e-14 3.75e-13 2.67e-07 2.824
403   -9.870921097087e-02 -9.880447786122e-02 3.34e-14 3.50e-13 2.69e-07 2.832
404   -9.871036674064e-02 -9.880319381006e-02 3.14e-14 3.31e-13 2.57e-07 2.835
405   -9.871044071104e-02 -9.880311235182e-02 3.12e-14 4.70e-13 2.60e-07 2.843
406   -9.871156408632e-02 -9.880186488531e-02 2.93e-14 4.53e-13 2.48e-07 2.847
407   -9.871162816115e-02 -9.880178452192e-02 2.91e-14 9.59e-13 2.50e-07 2.853
408   -9.871272275951e-02 -9.880056919771e-02 2.73e-14 8.91e-13 2.39e-07 2.857
409   -9.871279380604e-02 -9.880049094194e-02 2.72e-14 9.16e-13 2.41e-07 2.864
410   -9.871385783565e-02 -9.879931010835e-02 2.55e-14 8.71e-13 2.30e-07 2.868
411   -9.871391969420e-02 -9.879923307394e-02 2.53e-14 9.49e-13 2.32e-07 2.874
412   -9.871495631833e-02 -9.879808281553e-02 2.38e-14 8.87e-13 2.22e-07 2.878
413   -9.871502457171e-02 -9.879800761995e-02 2.35e-14 8.14e-13 2.24e-07 2.886
414   -9.871603237640e-02 -9.879688985016e-02 2.22e-14 7.67e-13 2.14e-07 2.890
415   -9.871609209295e-02 -9.879681598283e-02 2.20e-14 7.73e-13 2.16e-07 2.897
416   -9.871707378630e-02 -9.879572731183e-02 2.07e-14 7.08e-13 2.06e-07 2.901
417   -9.871713936614e-02 -9.879565504652e-02 2.04e-14 9.24e-13 2.08e-07 2.908
418   -9.871809386205e-02 -9.879459700888e-02 1.93e-14 8.66e-13 1.99e-07 2.927
419   -9.871815150916e-02 -9.879452615621e-02 1.91e-14 4.87e-13 2.01e-07 2.947
420   -9.871908114063e-02 -9.879349579867e-02 1.79e-14 4.45e-13 1.91e-07 2.962
421   -9.871914416427e-02 -9.879342633570e-02 1.78e-14 3.27e-13 1.93e-07 2.983
422   -9.872004814461e-02 -9.879242484598e-02 1.67e-14 3.18e-13 1.84e-07 2.995
423   -9.872010379100e-02 -9.879235686600e-02 1.67e-14 2.67e-13 1.86e-07 3.003
424   -9.872098406882e-02 -9.879138173584e-02 1.57e-14 2.57e-13 1.78e-07 3.019
425   -9.872104464595e-02 -9.879131495595e-02 1.54e-14 3.93e-13 1.79e-07 3.026
426   -9.872190072162e-02 -9.879036704102e-02 1.45e-14 3.59e-13 1.71e-07 3.036
427   -9.872195443403e-02 -9.879030180003e-02 1.44e-14 3.30e-13 1.73e-07 3.049
428   -9.872278794369e-02 -9.878937895637e-02 1.35e-14 3.08e-13 1.65e-07 3.055
429   -9.872284617360e-02 -9.878931475181e-02 1.34e-14 1.94e-13 1.67e-07 3.069
430   -9.872365681192e-02 -9.878841760548e-02 1.27e-14 1.69e-13 1.59e-07 3.082
431   -9.872370865738e-02 -9.878835497480e-02 1.24e-14 4.17e-13 1.61e-07 3.093
432   -9.872449782105e-02 -9.878748166571e-02 1.18e-14 3.83e-13 1.53e-07 3.106
433   -9.872455380769e-02 -9.878741992330e-02 1.17e-14 1.59e-13 1.55e-07 3.113
434   -9.872532139814e-02 -9.878657083477e-02 1.10e-14 1.54e-13 1.48e-07 3.126
435   -9.872537143806e-02 -9.878651069691e-02 1.09e-14 1.44e-13 1.49e-07 3.139
436   -9.872611854948e-02 -9.878568431998e-02 1.03e-14 1.39e-13 1.42e-07 3.147
437   -9.872617238233e-02 -9.878562494215e-02 1.02e-14 3.77e-13 1.43e-07 3.161
438   -9.872689913157e-02 -9.878482140895e-02 9.55e-15 3.55e-13 1.37e-07 3.169
439   -9.872694742564e-02 -9.878476365299e-02 1.30e-14 4.27e-13 1.38e-07 3.182
440   -9.872765466503e-02 -9.878398173814e-02 9.77e-15 3.96e-13 1.32e-07 3.193
441   -9.872770643568e-02 -9.878392462568e-02 9.38e-15 1.81e-13 1.33e-07 3.205
442   -9.872839445024e-02 -9.878316426305e-02 1.05e-14 1.68e-13 1.27e-07 3.213
443   -9.872844105726e-02 -9.878310878278e-02 1.57e-14 4.01e-13 1.28e-07 3.228
444   -9.872911046682e-02 -9.878236901909e-02 1.24e-14 3.88e-13 1.22e-07 3.235
445   -9.872916025650e-02 -9.878231408376e-02 7.66e-15 3.72e-13 1.24e-07 3.246
446   -9.872981150783e-02 -9.878159466197e-02 8.27e-15 3.42e-13 1.18e-07 3.256
447   -9.872985648154e-02 -9.878154136085e-02 1.33e-14 1.11e-13 1.19e-07 3.270
448   -9.873049002688e-02 -9.878084152745e-02 1.02e-14 1.14e-13 1.14e-07 3.275
449   -9.873053792142e-02 -9.878078867603e-02 6.66e-15 1.51e-13 1.15e-07 3.289
450   -9.873115433371e-02 -9.878010802338e-02 6.33e-15 1.35e-13 1.09e-07 3.296
451   -9.873119773129e-02 -9.878005680410e-02 6.22e-15 5.60e-13 1.10e-07 3.310
452   -9.873179727321e-02 -9.877939480149e-02 5.77e-15 5.26e-13 1.05e-07 3.318
453   -9.873184334293e-02 -9.877934395750e-02 5.77e-15 4.09e-13 1.06e-07 3.333
454   -9.873242667872e-02 -9.877870008511e-02 5.44e-15 3.91e-13 1.01e-07 3.349
455   -9.873246855503e-02 -9.877865085613e-02 9.27e-15 4.19e-13 1.02e-07 3.365
456   -9.873303584351e-02 -9.877802471194e-02 6.66e-15 4.04e-13 9.77e-08 3.378
457   -9.873308016390e-02 -9.877797579340e-02 5.00e-15 3.18e-13 9.85e-08 3.389
458   -9.873363213799e-02 -9.877736677037e-02 4.66e-15 2.87e-13 9.41e-08 3.393
459   -9.873367254187e-02 -9.877731945000e-02 4.66e-15 2.48e-13 9.49e-08 3.402
460   -9.873420921259e-02 -9.877672732201e-02 4.33e-15 2.31e-13 9.06e-08 3.411
461   -9.873425185278e-02 -9.877668025358e-02 4.33e-15 3.60e-13 9.13e-08 3.423
462   -9.873477406915e-02 -9.877610427538e-02 4.00e-15 3.31e-13 8.72e-08 3.432
463   -9.873481304844e-02 -9.877605878505e-02 4.00e-15 3.85e-13 8.80e-08 3.444
464   -9.873532070149e-02 -9.877549887469e-02 4.27e-15 3.60e-13 8.40e-08 3.453
465   -9.873536172624e-02 -9.877545358594e-02 8.80e-15 4.24e-13 8.47e-08 3.467
466   -9.873585571832e-02 -9.877490892937e-02 6.94e-15 3.93e-13 8.08e-08 3.488
467   -9.873589332385e-02 -9.877486518963e-02 6.99e-15 9.03e-14 8.15e-08 3.495
468   -9.873637344361e-02 -9.877433582945e-02 8.38e-15 8.70e-14 7.78e-08 3.499
469   -9.873641292031e-02 -9.877429224678e-02 8.58e-15 4.76e-14 7.85e-08 3.509
470   -9.873688015657e-02 -9.877377726424e-02 6.80e-15 4.67e-14 7.49e-08 3.516
471   -9.873691643089e-02 -9.877373520685e-02 6.86e-15 2.52e-13 7.55e-08 3.522
472   -9.873737043495e-02 -9.877323480638e-02 8.16e-15 2.46e-13 7.21e-08 3.526
473   -9.873740841792e-02 -9.877319287092e-02 1.24e-14 4.60e-13 7.27e-08 3.532
474   -9.873785025078e-02 -9.877270604530e-02 1.04e-14 4.30e-13 6.94e-08 3.536
475   -9.873788523930e-02 -9.877266560066e-02 6.13e-15 8.58e-13 7.00e-08 3.543
476   -9.873831447998e-02 -9.877219264442e-02 7.41e-15 8.10e-13 6.68e-08 3.547
477   -9.873835102903e-02 -9.877215229080e-02 7.69e-15 7.40e-13 6.73e-08 3.553
478   -9.873876877654e-02 -9.877169214613e-02 6.05e-15 6.94e-13 6.43e-08 3.557
479   -9.873880252248e-02 -9.877165324919e-02 2.22e-15 1.09e-12 6.48e-08 3.563
480   -9.873920828721e-02 -9.877120629606e-02 3.36e-15 1.03e-12 6.19e-08 3.567
481   -9.873924345970e-02 -9.877116746158e-02 3.66e-15 9.41e-13 6.24e-08 3.573
482   -9.873963837858e-02 -9.877073259226e-02 2.33e-15 8.81e-13 5.95e-08 3.577
483   -9.873967092362e-02 -9.877069518075e-02 2.00e-15 1.19e-12 6.00e-08 3.584
484   -9.874005445930e-02 -9.877027283680e-02 1.78e-15 1.12e-12 5.73e-08 3.588
485   -9.874008830874e-02 -9.877023546317e-02 1.89e-15 8.45e-13 5.77e-08 3.594
486   -9.874046158690e-02 -9.876982454128e-02 1.67e-15 7.89e-13 5.51e-08 3.598
487   -9.874049297463e-02 -9.876978855268e-02 1.67e-15 7.46e-13 5.56e-08 3.606
488   -9.874085540994e-02 -9.876938955634e-02 1.55e-15 7.03e-13 5.30e-08 3.610
489   -9.874088798306e-02 -9.876935359216e-02 1.55e-15 1.25e-12 5.34e-08 3.616
490   -9.874124073563e-02 -9.876896537245e-02 1.55e-15 1.18e-12 5.10e-08 3.620
491   -9.874127100165e-02 -9.876893075404e-02 1.55e-15 1.24e-12 5.14e-08 3.628
492   -9.874161344550e-02 -9.876855386747e-02 1.64e-15 1.17e-12 4.91e-08 3.632
493   -9.874164479629e-02 -9.876851925373e-02 1.94e-15 1.40e-12 4.95e-08 3.638
494   -9.874197812168e-02 -9.876815251130e-02 1.33e-15 1.34e-12 4.72e-08 3.642
495   -9.874200730466e-02 -9.876811920803e-02 2.89e-15 1.62e-12 4.76e-08 3.649
496   -9.874233081355e-02 -9.876776325318e-02 1.39e-15 1.50e-12 4.54e-08 3.653
497   -9.874236098414e-02 -9.876772994380e-02 2.30e-15 1.61e-12 4.58e-08 3.659
498   -9.874267584697e-02 -9.876738360239e-02 1.22e-15 1.51e-12 4.37e-08 3.663
499   -9.874270398561e-02 -9.876735156072e-02 2.33e-15 1.49e-12 4.40e-08 3.670
500   -9.874300955607e-02 -9.876701542725e-02 9.99e-16 1.39e-12 4.20e-08 3.674
501   -9.874303859125e-02 -9.876698337268e-02 9.99e-16 1.36e-12 4.23e-08 3.681
502   -9.874333599983e-02 -9.876665631008e-02 1.55e-15 1.28e-12 4.04e-08 3.685
503   -9.874336312978e-02 -9.876662548062e-02 1.44e-15 1.04e-12 4.07e-08 3.692
504   -9.874365170573e-02 -9.876630811748e-02 8.88e-16 9.68e-13 3.89e-08 3.695
505   -9.874367965241e-02 -9.876627726614e-02 8.88e-16 6.39e-13 3.92e-08 3.702
506   -9.874396054455e-02 -9.876596843914e-02 7.77e-16 6.10e-13 3.74e-08 3.706
507   -9.874398669742e-02 -9.876593877759e-02 4.11e-15 5.60e-13 3.77e-08 3.713
508   -9.874425916776e-02 -9.876563919559e-02 2.72e-15 5.06e-13 3.60e-08 3.717
509   -9.874428606317e-02 -9.876560950670e-02 2.39e-15 8.59e-13 3.62e-08 3.723
510   -9.874455127049e-02 -9.876531798975e-02 3.05e-15 8.10e-13 3.46e-08 3.727
511   -9.874457648219e-02 -9.876528944832e-02 6.22e-15 1.42e-12 3.48e-08 3.734
512   -9.874483370761e-02 -9.876500669075e-02 4.77e-15 1.34e-12 3.33e-08 3.738
513   -9.874485959141e-02 -9.876497812068e-02 1.53e-15 1.50e-12 3.35e-08 3.744
514   -9.874510996542e-02 -9.876470296799e-02 2.22e-15 1.40e-12 3.20e-08 3.748
515   -9.874513426637e-02 -9.876467550554e-02 2.11e-15 1.39e-12 3.22e-08 3.755
516   -9.874537705135e-02 -9.876440867854e-02 9.44e-16 1.30e-12 3.07e-08 3.759
517   -9.874540196416e-02 -9.876438118234e-02 7.22e-16 1.07e-12 3.09e-08 3.766
518   -9.874563831859e-02 -9.876412149060e-02 1.44e-15 9.99e-13 2.96e-08 3.770
519   -9.874566174211e-02 -9.876409506347e-02 1.28e-15 1.14e-12 2.98e-08 3.777
520   -9.874589087431e-02 -9.876384329273e-02 4.44e-16 1.08e-12 2.84e-08 3.781
521   -9.874591484730e-02 -9.876381683626e-02 2.80e-15 1.60e-12 2.86e-08 3.790
522   -9.874613788692e-02 -9.876357182267e-02 1.92e-15 1.53e-12 2.73e-08 3.794
523   -9.874616046705e-02 -9.876354638693e-02 1.05e-15 2.33e-12 2.75e-08 3.800
524   -9.874637667586e-02 -9.876330886330e-02 4.44e-16 2.16e-12 2.63e-08 3.804
525   -9.874639974925e-02 -9.876328340169e-02 4.44e-16 2.26e-12 2.64e-08 3.811
526   -9.874661022585e-02 -9.876305223330e-02 5.00e-16 2.13e-12 2.52e-08 3.815
527   -9.874663198377e-02 -9.876302775989e-02 4.44e-16 2.07e-12 2.54e-08 3.822
528   -9.874683593918e-02 -9.876280373992e-02 6.11e-16 1.96e-12 2.43e-08 3.826
529   -9.874685815227e-02 -9.876277923005e-02 3.44e-15 2.02e-12 2.44e-08 3.832
530   -9.874705672089e-02 -9.876256118066e-02 2.55e-15 1.87e-12 2.33e-08 3.836
531   -9.874707769085e-02 -9.876253762633e-02 2.66e-15 1.54e-12 2.35e-08 3.843
532   -9.874727009463e-02 -9.876232633309e-02 3.39e-15 1.44e-12 2.24e-08 3.847
533   -9.874729147671e-02 -9.876230274259e-02 6.05e-15 1.36e-12 2.25e-08 3.854
534   -9.874747878511e-02 -9.876209709467e-02 5.05e-15 1.29e-12 2.15e-08 3.858
535   -9.874749899629e-02 -9.876207442261e-02 1.08e-14 6.70e-13 2.17e-08 3.864
536   -9.874768046723e-02 -9.876187517062e-02 1.10e-14 6.58e-13 2.07e-08 3.868
537   -9.874770104619e-02 -9.876185246866e-02 1.35e-14 5.74e-13 2.08e-08 3.874
538   -9.874787770357e-02 -9.876165854764e-02 1.21e-14 5.59e-13 1.99e-08 3.878
539   -9.874789718301e-02 -9.876163672363e-02 1.50e-14 1.31e-13 2.00e-08 3.884
540   -9.874806831475e-02 -9.876144885570e-02 1.49e-14 1.64e-13 1.91e-08 3.888
541   -9.874808811778e-02 -9.876142701212e-02 1.73e-14 4.38e-13 1.92e-08 3.894
542   -9.874825467727e-02 -9.876124420568e-02 1.57e-14 4.15e-13 1.84e-08 3.898
543   -9.874827344664e-02 -9.876122320218e-02 2.09e-14 6.70e-13 1.85e-08 3.904
544   -9.874843477552e-02 -9.876104612456e-02 2.04e-14 6.52e-13 1.76e-08 3.910
545   -9.874845384029e-02 -9.876102509754e-02 2.04e-14 3.94e-13 1.77e-08 3.918
546   -9.874861089174e-02 -9.876085275400e-02 1.86e-14 3.49e-13 1.69e-08 3.922
547   -9.874862897403e-02 -9.876083254177e-02 2.12e-14 1.48e-12 1.70e-08 3.928
548   -9.874878102219e-02 -9.876066567688e-02 2.07e-14 1.41e-12 1.63e-08 3.932
549   -9.874879937102e-02 -9.876064544186e-02 2.05e-14 1.63e-12 1.64e-08 3.939
550   -9.874894740138e-02 -9.876048302245e-02 1.88e-14 1.53e-12 1.56e-08 3.943
551   -9.874896483573e-02 -9.876046355527e-02 2.37e-14 5.33e-13 1.57e-08 3.949
552   -9.874910816124e-02 -9.876030628704e-02 2.30e-14 4.95e-13 1.50e-08 3.953
553   -9.874912582583e-02 -9.876028680899e-02 2.89e-14 9.24e-13 1.51e-08 3.959
554   -9.874926533842e-02 -9.876013375777e-02 2.67e-14 8.76e-13 1.44e-08 3.963
555   -9.874928213811e-02 -9.876011501802e-02 3.14e-14 1.12e-12 1.45e-08 3.970
556   -9.874941719697e-02 -9.875996684219e-02 3.01e-14 1.05e-12 1.38e-08 3.974
557   -9.874943420018e-02 -9.875994809565e-02 3.78e-14 1.37e-12 1.39e-08 3.980
558   -9.874956566710e-02 -9.875980389126e-02 3.51e-14 1.26e-12 1.33e-08 3.984
559   -9.874958185463e-02 -9.875978585137e-02 3.95e-14 1.85e-12 1.34e-08 3.990
560   -9.874970910357e-02 -9.875964626350e-02 3.77e-14 1.78e-12 1.28e-08 3.994
561   -9.874972547638e-02 -9.875962821424e-02 4.31e-14 3.41e-13 1.28e-08 4.000
562   -9.874984932822e-02 -9.875949238123e-02 4.01e-14 3.07e-13 1.23e-08 4.004
563   -9.874986492011e-02 -9.875947502051e-02 4.42e-14 4.18e-13 1.23e-08 4.010
564   -9.874998476095e-02 -9.875934357674e-02 4.22e-14 4.36e-13 1.18e-08 4.014
565   -9.875000051640e-02 -9.875932621020e-02 4.72e-14 2.89e-13 1.18e-08 4.021
566   -9.875011713986e-02 -9.875919832142e-02 4.40e-14 2.69e-13 1.13e-08 4.025
567   -9.875013216328e-02 -9.875918160783e-02 4.79e-14 5.61e-13 1.13e-08 4.030
568   -9.875024502129e-02 -9.875905783909e-02 4.57e-14 5.27e-13 1.08e-08 4.034
569   -9.875026020101e-02 -9.875904110948e-02 5.23e-14 1.09e-12 1.09e-08 4.040
570   -9.875037008432e-02 -9.875892062729e-02 4.88e-14 1.02e-12 1.04e-08 4.044
571   -9.875038456320e-02 -9.875890453227e-02 5.05e-14 2.00e-13 1.05e-08 4.050
572   -9.875049080818e-02 -9.875878803051e-02 4.81e-14 1.92e-13 9.99e-09 4.054
573   -9.875050540700e-02 -9.875877194303e-02 5.27e-14 1.10e-12 1.00e-08 4.060
574   -9.875060881304e-02 -9.875865857642e-02 4.92e-14 1.03e-12 9.59e-09 4.064
575   -9.875062275707e-02 -9.875864308775e-02 5.27e-14 2.84e-13 9.63e-09 4.070
576   -9.875072279054e-02 -9.875853341035e-02 5.01e-14 2.93e-13 9.20e-09 4.075
577   -9.875073686296e-02 -9.875851790515e-02 5.62e-14 3.08e-13 9.24e-09 4.080
578   -9.875083424580e-02 -9.875841115456e-02 5.26e-14 2.88e-13 8.83e-09 4.084
579   -9.875084769727e-02 -9.875839622374e-02 5.58e-14 8.42e-13 8.86e-09 4.090
580   -9.875094186907e-02 -9.875829298537e-02 5.31e-14 7.91e-13 8.47e-09 4.094
581   -9.875095541375e-02 -9.875827806349e-02 5.89e-14 1.76e-12 8.50e-09 4.100
582   -9.875104703749e-02 -9.875817763724e-02 5.51e-14 1.65e-12 8.13e-09 4.104
583   -9.875105998866e-02 -9.875816327141e-02 5.82e-14 3.04e-12 8.16e-09 4.110
584   -9.875114856938e-02 -9.875806617318e-02 5.52e-14 2.89e-12 7.80e-09 4.114
585   -9.875116159551e-02 -9.875805182452e-02 6.08e-14 3.28e-12 7.83e-09 4.119
586   -9.875124782851e-02 -9.875795731702e-02 5.69e-14 3.06e-12 7.48e-09 4.123
587   -9.875126031378e-02 -9.875794347718e-02 5.81e-14 2.25e-12 7.51e-09 4.129
588   -9.875134366362e-02 -9.875785212265e-02 5.52e-14 2.12e-12 7.18e-09 4.133
589   -9.875135621576e-02 -9.875783829796e-02 5.90e-14 2.12e-12 7.20e-09 4.139
590   -9.875143730405e-02 -9.875774943815e-02 5.52e-14 1.96e-12 6.89e-09 4.143
591   -9.875144932572e-02 -9.875773612011e-02 5.63e-14 1.55e-12 6.91e-09 4.149
592   -9.875152772712e-02 -9.875765019824e-02 5.35e-14 1.44e-12 6.61e-09 4.153
593   -9.875153980462e-02 -9.875763689830e-02 5.86e-14 8.16e-13 6.62e-09 4.158
594   -9.875161605485e-02 -9.875755334852e-02 5.49e-14 7.73e-13 6.34e-09 4.162
595   -9.875162764884e-02 -9.875754051191e-02 5.76e-14 1.09e-12 6.35e-09 4.168
596   -9.875170136077e-02 -9.875745973756e-02 5.46e-14 1.03e-12 6.08e-09 4.172
597   -9.875171299787e-02 -9.875744692404e-02 5.81e-14 7.13e-13 6.09e-09 4.178
598   -9.875178473916e-02 -9.875736832267e-02 5.45e-14 6.61e-13 5.83e-09 4.182
599   -9.875179590866e-02 -9.875735596279e-02 5.70e-14 9.60e-13 5.84e-09 4.188
600   -9.875186519562e-02 -9.875728004469e-02 5.40e-14 9.42e-13 5.59e-09 4.192
601   -9.875187639949e-02 -9.875726770997e-02 5.87e-14 2.06e-12 5.60e-09 4.198
602   -9.875194383427e-02 -9.875719383377e-02 5.50e-14 1.93e-12 5.36e-09 4.202
603   -9.875195459039e-02 -9.875718193750e-02 5.59e-14 1.86e-12 5.37e-09 4.207
604   -9.875201970475e-02 -9.875711059794e-02 5.31e-14 1.74e-12 5.14e-09 4.211
605   -9.875203048333e-02 -9.875709873315e-02 5.76e-14 2.74e-12 5.15e-09 4.217
606   -9.875209384807e-02 -9.875702932191e-02 5.40e-14 2.57e-12 4.92e-09 4.221
607   -9.875210421995e-02 -9.875701785652e-02 5.62e-14 2.45e-12 4.93e-09 4.227
608   -9.875216541114e-02 -9.875695082129e-02 5.33e-14 2.32e-12 4.72e-09 4.231
609   -9.875217579475e-02 -9.875693939275e-02 5.64e-14 2.02e-12 4.73e-09 4.237
610   -9.875223534264e-02 -9.875687416830e-02 5.28e-14 1.91e-12 4.52e-09 4.241
611   -9.875224533297e-02 -9.875686312997e-02 5.50e-14 2.40e-12 4.53e-09 4.247
612   -9.875230281171e-02 -9.875680016720e-02 5.22e-14 2.28e-12 4.34e-09 4.251
613   -9.875231280976e-02 -9.875678916465e-02 5.63e-14 1.63e-12 4.34e-09 4.257
614   -9.875236872146e-02 -9.875672792809e-02 5.28e-14 1.59e-12 4.16e-09 4.261
615   -9.875237833033e-02 -9.875671731582e-02 5.48e-14 2.99e-12 4.16e-09 4.267
616   -9.875243228390e-02 -9.875665821938e-02 5.20e-14 2.77e-12 3.98e-09 4.271
617   -9.875244191060e-02 -9.875664762705e-02 5.59e-14 9.55e-13 3.99e-09 4.277
618   -9.875249443451e-02 -9.875659010553e-02 5.24e-14 8.79e-13 3.82e-09 4.281
619   -9.875250369470e-02 -9.875657988266e-02 5.43e-14 2.14e-13 3.82e-09 4.287
620   -9.875255434277e-02 -9.875652441131e-02 5.15e-14 1.75e-13 3.66e-09 4.291
621   -9.875256360451e-02 -9.875651422195e-02 5.41e-14 1.48e-13 3.66e-09 4.297
622   -9.875261284621e-02 -9.875646029905e-02 5.08e-14 1.75e-13 3.50e-09 4.301
623   -9.875262175746e-02 -9.875645046538e-02 5.13e-14 5.53e-13 3.51e-09 4.306
624   -9.875266928120e-02 -9.875639841998e-02 4.87e-14 5.69e-13 3.36e-09 4.310
625   -9.875267818761e-02 -9.875638862300e-02 5.23e-14 5.57e-13 3.36e-09 4.316
626   -9.875272442030e-02 -9.875633799889e-02 4.90e-14 4.71e-13 3.22e-09 4.320
627   -9.875273300903e-02 -9.875632852481e-02 4.96e-14 2.47e-12 3.22e-09 4.325
628   -9.875277759605e-02 -9.875627969920e-02 4.70e-14 2.32e-12 3.08e-09 4.329
629   -9.875278618834e-02 -9.875627024905e-02 4.95e-14 2.61e-12 3.08e-09 4.335
630   -9.875282960497e-02 -9.875622271207e-02 4.64e-14 2.46e-12 2.95e-09 4.339
631   -9.875283786142e-02 -9.875621360778e-02 4.69e-14 3.32e-12 2.95e-09 4.344
632   -9.875287966282e-02 -9.875616783585e-02 4.45e-14 3.17e-12 2.83e-09 4.348
633   -9.875288790990e-02 -9.875615876676e-02 4.78e-14 4.16e-12 2.83e-09 4.354
634   -9.875292857185e-02 -9.875611424878e-02 4.49e-14 3.87e-12 2.71e-09 4.358
635   -9.875293653024e-02 -9.875610547631e-02 4.54e-14 4.81e-12 2.71e-09 4.364
636   -9.875297571906e-02 -9.875606256821e-02 4.30e-14 4.55e-12 2.59e-09 4.368
637   -9.875298364955e-02 -9.875605384830e-02 4.62e-14 5.52e-12 2.59e-09 4.373
638   -9.875302177327e-02 -9.875601211207e-02 4.34e-14 5.24e-12 2.48e-09 4.377
639   -9.875302942563e-02 -9.875600367983e-02 4.38e-14 4.08e-12 2.48e-09 4.383
640   -9.875306618693e-02 -9.875596343231e-02 4.16e-14 3.89e-12 2.38e-09 4.400
641   -9.875307381706e-02 -9.875595504393e-02 4.46e-14 3.36e-12 2.37e-09 4.405
642   -9.875310956250e-02 -9.875591591383e-02 4.19e-14 3.24e-12 2.28e-09 4.409
643   -9.875311693252e-02 -9.875590779524e-02 4.33e-14 3.72e-12 2.27e-09 4.416
644   -9.875315141114e-02 -9.875587004935e-02 4.11e-14 3.53e-12 2.18e-09 4.419
645   -9.875315875762e-02 -9.875586197393e-02 4.39e-14 6.49e-12 2.18e-09 4.425
646   -9.875319226342e-02 -9.875582529781e-02 4.12e-14 6.14e-12 2.09e-09 4.429
647   -9.875319934387e-02 -9.875581750062e-02 4.16e-14 8.50e-12 2.08e-09 4.435
648   -9.875323159916e-02 -9.875578219087e-02 3.95e-14 7.96e-12 2.00e-09 4.439
649   -9.875323866890e-02 -9.875577442074e-02 4.14e-14 8.15e-12 1.99e-09 4.445
650   -9.875327009024e-02 -9.875574002841e-02 3.89e-14 7.69e-12 1.91e-09 4.449
651   -9.875327690609e-02 -9.875573252478e-02 4.02e-14 7.43e-12 1.91e-09 4.455
652   -9.875330715410e-02 -9.875569941445e-02 3.81e-14 7.00e-12 1.83e-09 4.459
653   -9.875331393458e-02 -9.875569196417e-02 7.06e-14 7.04e-12 1.83e-09 4.464
654   -9.875334331914e-02 -9.875565980287e-02 6.64e-14 6.62e-12 1.75e-09 4.468
655   -9.875334987922e-02 -9.875565258287e-02 6.62e-14 3.83e-12 1.75e-09 4.474
656   -9.875337817931e-02 -9.875562160655e-02 6.27e-14 3.69e-12 1.68e-09 4.478
657   -9.875338470436e-02 -9.875561443696e-02 6.47e-14 4.77e-12 1.67e-09 4.484
658   -9.875341225983e-02 -9.875558427937e-02 6.09e-14 4.54e-12 1.60e-09 4.488
659   -9.875341855620e-02 -9.875557735141e-02 6.15e-14 8.40e-12 1.60e-09 4.493
660   -9.875344506203e-02 -9.875554834059e-02 5.82e-14 7.92e-12 1.53e-09 4.497
661   -9.875345131078e-02 -9.875554147554e-02 6.02e-14 1.02e-11 1.53e-09 4.503
662   -9.875347706992e-02 -9.875551328527e-02 5.67e-14 9.63e-12 1.47e-09 4.507
663   -9.875348313729e-02 -9.875550661104e-02 5.73e-14 6.49e-12 1.46e-09 4.513
664   -9.875350797695e-02 -9.875547942544e-02 5.43e-14 6.24e-12 1.40e-09 4.517
665   -9.875351398969e-02 -9.875547282043e-02 5.54e-14 6.33e-12 1.40e-09 4.523
666   -9.875353812605e-02 -9.875544640754e-02 5.22e-14 5.87e-12 1.34e-09 4.527
667   -9.875354393353e-02 -9.875544002068e-02 5.28e-14 5.04e-12 1.34e-09 4.533
668   -9.875356710647e-02 -9.875541466039e-02 5.00e-14 4.73e-12 1.29e-09 4.537
669   -9.875357285172e-02 -9.875540835001e-02 5.18e-14 6.67e-12 1.28e-09 4.543
670   -9.875359536121e-02 -9.875538371855e-02 4.88e-14 6.30e-12 1.23e-09 4.547
671   -9.875360094238e-02 -9.875537758204e-02 4.87e-14 7.98e-12 1.23e-09 4.553
672   -9.875362264704e-02 -9.875535382988e-02 4.62e-14 7.59e-12 1.18e-09 4.557
673   -9.875362815645e-02 -9.875534777924e-02 4.73e-14 4.84e-12 1.17e-09 4.563
674   -9.875364923830e-02 -9.875532471113e-02 4.45e-14 4.52e-12 1.13e-09 4.567
675   -9.875365459800e-02 -9.875531881861e-02 1.79e-14 4.95e-12 1.12e-09 4.572
676   -9.875367491147e-02 -9.875529658999e-02 1.71e-14 4.75e-12 1.08e-09 4.576
677   -9.875368020519e-02 -9.875529077695e-02 1.87e-14 5.54e-12 1.07e-09 4.582
678   -9.875369990055e-02 -9.875526922699e-02 1.76e-14 5.08e-12 1.03e-09 4.586
679   -9.875370501823e-02 -9.875526360166e-02 7.44e-15 1.17e-12 1.03e-09 4.592
680   -9.875372396723e-02 -9.875524286708e-02 6.88e-15 1.13e-12 9.84e-10 4.596
681   -9.875372905455e-02 -9.875523728150e-02 4.83e-15 3.62e-12 9.81e-10 4.602
682   -9.875374751907e-02 -9.875521707928e-02 4.66e-15 3.29e-12 9.41e-10 4.606
683   -9.875375242764e-02 -9.875521168571e-02 3.19e-15 1.86e-12 9.38e-10 4.613
684   -9.875377013868e-02 -9.875519230659e-02 2.89e-15 1.73e-12 9.00e-10 4.617
685   -9.875377499544e-02 -9.875518697479e-02 4.72e-16 1.10e-12 8.96e-10 4.622
686   -9.875379220460e-02 -9.875516814678e-02 5.55e-16 1.06e-12 8.61e-10 4.627
687   -9.875379689308e-02 -9.875516299585e-02 8.33e-16 1.40e-12 8.57e-10 4.632
688   -9.875381340783e-02 -9.875514492644e-02 8.88e-16 1.38e-12 8.23e-10 4.636
689   -9.875381807092e-02 -9.875513980783e-02 3.11e-15 3.36e-12 8.20e-10 4.642
690   -9.875383417473e-02 -9.875512218990e-02 2.83e-15 3.27e-12 7.87e-10 4.646
691   -9.875383866169e-02 -9.875511726123e-02 3.44e-15 6.95e-13 7.83e-10 4.652
692   -9.875385407089e-02 -9.875510040213e-02 3.39e-15 5.09e-13 7.53e-10 4.656
693   -9.875385852197e-02 -9.875509551739e-02 2.44e-14 5.92e-13 7.49e-10 4.661
694   -9.875387353709e-02 -9.875507909105e-02 2.30e-14 6.78e-13 7.20e-10 4.665
695   -9.875387781536e-02 -9.875507439173e-02 1.89e-15 5.01e-12 7.16e-10 4.670
696   -9.875389219075e-02 -9.875505866432e-02 1.89e-15 4.80e-12 6.88e-10 4.674
697   -9.875389645435e-02 -9.875505398529e-02 3.89e-15 5.31e-12 6.85e-10 4.680
698   -9.875391051079e-02 -9.875503860840e-02 3.61e-15 4.94e-12 6.58e-10 4.684
699   -9.875391464604e-02 -9.875503406759e-02 4.11e-15 7.34e-12 6.54e-10 4.689
700   -9.875392810250e-02 -9.875501934624e-02 4.00e-15 6.86e-12 6.29e-10 4.693
701   -9.875393216766e-02 -9.875501488592e-02 2.31e-14 8.76e-12 6.25e-10 4.698
702   -9.875394523019e-02 -9.875500059676e-02 2.18e-14 8.32e-12 6.01e-10 4.702
703   -9.875394917524e-02 -9.875499626542e-02 2.19e-14 4.56e-12 5.98e-10 4.708
704   -9.875396178140e-02 -9.875498247480e-02 2.08e-14 4.26e-12 5.75e-10 4.712
705   -9.875396566591e-02 -9.875497821259e-02 2.18e-14 4.73e-12 5.71e-10 4.718
706   -9.875397789065e-02 -9.875496484036e-02 2.05e-14 4.51e-12 5.49e-10 4.722
707   -9.875398163810e-02 -9.875496072668e-02 2.05e-14 5.76e-12 5.46e-10 4.727
708   -9.875399338395e-02 -9.875494787753e-02 1.95e-14 5.44e-12 5.25e-10 4.731
709   -9.875399710435e-02 -9.875494379589e-02 2.05e-14 3.20e-12 5.22e-10 4.737
710   -9.875400846121e-02 -9.875493137335e-02 1.93e-14 3.04e-12 5.02e-10 4.741
711   -9.875401203618e-02 -9.875492744943e-02 1.94e-14 3.58e-12 4.99e-10 4.747
712   -9.875402304309e-02 -9.875491540912e-02 1.84e-14 3.43e-12 4.80e-10 4.751
713   -9.875402656445e-02 -9.875491154616e-02 1.97e-14 1.48e-12 4.77e-10 4.756
714   -9.875403720304e-02 -9.875489990960e-02 1.86e-14 1.45e-12 4.58e-10 4.760
715   -9.875404065030e-02 -9.875489612600e-02 1.94e-15 1.70e-12 4.55e-10 4.769
716   -9.875405093725e-02 -9.875488487363e-02 1.94e-15 1.64e-12 4.38e-10 4.776
717   -9.875405433252e-02 -9.875488114942e-02 3.55e-15 1.16e-12 4.35e-10 4.788
718   -9.875406425552e-02 -9.875487029601e-02 3.28e-15 1.39e-12 4.18e-10 4.796
719   -9.875406752128e-02 -9.875486671241e-02 3.66e-15 2.94e-12 4.16e-10 4.807
720   -9.875407709407e-02 -9.875485624158e-02 3.55e-15 2.75e-12 4.00e-10 4.814
721   -9.875408030369e-02 -9.875485272122e-02 4.66e-15 5.20e-12 3.97e-10 4.826
722   -9.875408952613e-02 -9.875484263431e-02 4.33e-15 5.01e-12 3.82e-10 4.834
723   -9.875409260948e-02 -9.875483925135e-02 4.66e-15 1.08e-12 3.79e-10 4.846
724   -9.875410155416e-02 -9.875482946774e-02 4.50e-15 1.04e-12 3.65e-10 4.855
725   -9.875410460805e-02 -9.875482611859e-02 5.88e-15 5.34e-13 3.62e-10 4.866
726   -9.875411320398e-02 -9.875481671711e-02 5.50e-15 6.18e-13 3.49e-10 4.875
727   -9.875411615015e-02 -9.875481348495e-02 5.77e-15 5.42e-12 3.46e-10 4.886
728   -9.875412442584e-02 -9.875480443331e-02 5.55e-15 5.09e-12 3.33e-10 4.894
729   -9.875412731875e-02 -9.875480126091e-02 6.49e-15 6.00e-12 3.31e-10 4.906
730   -9.875413528751e-02 -9.875479254562e-02 6.11e-15 5.72e-12 3.19e-10 4.914
731   -9.875413813905e-02 -9.875478941765e-02 6.33e-15 1.48e-12 3.16e-10 4.925
732   -9.875414591552e-02 -9.875478091242e-02 6.05e-15 1.45e-12 3.04e-10 4.933
733   -9.875414870241e-02 -9.875477785685e-02 1.91e-14 6.97e-12 3.02e-10 4.943
734   -9.875415628009e-02 -9.875476956958e-02 1.80e-14 6.56e-12 2.90e-10 4.951
735   -9.875415898859e-02 -9.875476659877e-02 1.79e-14 1.13e-11 2.88e-10 4.961
736   -9.875416626624e-02 -9.875475863924e-02 1.70e-14 1.06e-11 2.77e-10 4.969
737   -9.875416893880e-02 -9.875475570922e-02 2.91e-14 7.24e-12 2.75e-10 4.974
738   -9.875417600475e-02 -9.875474798178e-02 2.75e-14 6.92e-12 2.65e-10 4.978
739   -9.875417852534e-02 -9.875474521689e-02 1.44e-14 1.36e-11 2.63e-10 4.985
740   -9.875418522016e-02 -9.875473789488e-02 1.37e-14 1.29e-11 2.53e-10 4.989
741   -9.875418773762e-02 -9.875473513487e-02 1.46e-14 1.69e-11 2.51e-10 4.994
742   -9.875419423775e-02 -9.875472802633e-02 1.38e-14 1.61e-11 2.42e-10 4.998
743   -9.875419665725e-02 -9.875472537260e-02 1.67e-15 1.39e-11 2.40e-10 5.003
744   -9.875420293465e-02 -9.875471850739e-02 1.67e-15 1.31e-11 2.31e-10 5.007
745   -9.875420534597e-02 -9.875471586426e-02 1.30e-14 1.76e-11 2.29e-10 5.012
746   -9.875421140617e-02 -9.875470923702e-02 1.23e-14 1.70e-11 2.20e-10 5.016
747   -9.875421375227e-02 -9.875470666403e-02 1.11e-15 1.86e-11 2.18e-10 5.021
748   -9.875421969522e-02 -9.875470016486e-02 1.11e-15 1.79e-11 2.10e-10 5.026
749   -9.875422197472e-02 -9.875469766606e-02 2.16e-15 1.76e-11 2.08e-10 5.031
750   -9.875422766711e-02 -9.875469144117e-02 2.00e-15 1.69e-11 2.01e-10 5.036
751   -9.875422988620e-02 -9.875468900803e-02 2.50e-15 2.36e-11 1.99e-10 5.041
752   -9.875423537010e-02 -9.875468301095e-02 2.44e-15 2.24e-11 1.91e-10 5.045
753   -9.875423756113e-02 -9.875468060961e-02 1.26e-14 2.17e-11 1.90e-10 5.050
754   -9.875424288634e-02 -9.875467478641e-02 1.19e-14 2.07e-11 1.83e-10 5.054
755   -9.875424496595e-02 -9.875467250605e-02 1.55e-15 2.90e-11 1.81e-10 5.059
756   -9.875425010052e-02 -9.875466689107e-02 1.55e-15 2.75e-11 1.74e-10 5.063
757   -9.875425215391e-02 -9.875466464070e-02 1.14e-14 4.02e-11 1.73e-10 5.068
758   -9.875425713785e-02 -9.875465919073e-02 1.08e-14 3.80e-11 1.66e-10 5.072
759   -9.875425909290e-02 -9.875465704707e-02 6.11e-16 4.57e-11 1.65e-10 5.077
760   -9.875426379718e-02 -9.875465190268e-02 6.11e-16 4.35e-11 1.59e-10 5.081
761   -9.875426573320e-02 -9.875464978110e-02 1.01e-14 4.22e-11 1.57e-10 5.086
762   -9.875427032599e-02 -9.875464475893e-02 9.55e-15 4.02e-11 1.51e-10 5.090
763   -9.875427220667e-02 -9.875464269699e-02 1.11e-16 4.07e-11 1.50e-10 5.095
764   -9.875427664381e-02 -9.875463784490e-02 1.67e-16 3.87e-11 1.44e-10 5.099
765   -9.875427853255e-02 -9.875463577509e-02 1.05e-15 3.79e-11 1.43e-10 5.105
766   -9.875428279908e-02 -9.875463110980e-02 9.44e-16 3.61e-11 1.38e-10 5.109
767   -9.875428454673e-02 -9.875462919381e-02 7.94e-15 4.28e-11 1.36e-10 5.114
768   -9.875428865935e-02 -9.875462469665e-02 7.49e-15 4.06e-11 1.31e-10 5.118
769   -9.875429039847e-02 -9.875462279112e-02 1.39e-15 4.83e-11 1.30e-10 5.123
770   -9.875429439653e-02 -9.875461841940e-02 1.28e-15 4.61e-11 1.25e-10 5.127
771   -9.875429611986e-02 -9.875461653054e-02 1.44e-15 4.19e-11 1.24e-10 5.132
772   -9.875429989891e-02 -9.875461239822e-02 1.39e-15 3.99e-11 1.19e-10 5.136
773   -9.875430154881e-02 -9.875461059054e-02 9.49e-15 4.58e-11 1.18e-10 5.141
774   -9.875430528999e-02 -9.875460649978e-02 8.97e-15 4.35e-11 1.14e-10 5.145
775   -9.875430689983e-02 -9.875460473547e-02 8.88e-15 4.70e-11 1.13e-10 5.150
776   -9.875431047823e-02 -9.875460082259e-02 8.47e-15 4.45e-11 1.09e-10 5.155
777   -9.875431207401e-02 -9.875459907425e-02 1.59e-14 5.48e-11 1.07e-10 5.160
778   -9.875431549985e-02 -9.875459532836e-02 1.51e-14 5.18e-11 1.04e-10 5.164
779   -9.875431704732e-02 -9.875459363288e-02 2.80e-14 5.79e-11 1.02e-10 5.169
780   -9.875432034187e-02 -9.875459003045e-02 2.66e-14 5.53e-11 9.87e-11 5.175
781   -9.875432181043e-02 -9.875458842128e-02 2.66e-14 5.23e-11 9.75e-11 5.180
782   -9.875432499177e-02 -9.875458494276e-02 2.52e-14 4.96e-11 9.41e-11 5.184
783   -9.875432642443e-02 -9.875458337318e-02 3.71e-14 5.86e-11 9.30e-11 5.189
784   -9.875432953895e-02 -9.875457996762e-02 3.52e-14 5.55e-11 8.96e-11 5.193
785   -9.875433095883e-02 -9.875457841210e-02 4.12e-14 6.40e-11 8.85e-11 5.198
786   -9.875433388303e-02 -9.875457521474e-02 3.91e-14 6.08e-11 8.54e-11 5.202
787   -9.875433520474e-02 -9.875457376651e-02 4.29e-14 5.76e-11 8.44e-11 5.206
788   -9.875433802971e-02 -9.875457067754e-02 4.07e-14 5.49e-11 8.14e-11 5.210
789   -9.875433933466e-02 -9.875456924805e-02 4.65e-14 6.02e-11 8.04e-11 5.215
790   -9.875434205905e-02 -9.875456626916e-02 4.41e-14 5.75e-11 7.76e-11 5.219
791   -9.875434336280e-02 -9.875456484073e-02 4.76e-14 5.47e-11 7.66e-11 5.223
792   -9.875434601958e-02 -9.875456193575e-02 4.52e-14 5.19e-11 7.39e-11 5.227
793   -9.875434728594e-02 -9.875456054834e-02 4.45e-14 4.49e-11 7.30e-11 5.233
794   -9.875434989922e-02 -9.875455769103e-02 4.22e-14 4.25e-11 7.04e-11 5.237
795   -9.875435111976e-02 -9.875455635406e-02 5.16e-14 4.65e-11 6.95e-11 5.242
796   -9.875435359726e-02 -9.875455364509e-02 4.90e-14 4.42e-11 6.70e-11 5.246
797   -9.875435473274e-02 -9.875455240113e-02 4.80e-14 4.98e-11 6.62e-11 5.252
798   -9.875435709929e-02 -9.875454981350e-02 4.56e-14 4.70e-11 6.39e-11 5.256
799   -9.875435833730e-02 -9.875454845747e-02 5.44e-14 5.24e-11 6.30e-11 5.261
800   -9.875436057442e-02 -9.875454601139e-02 5.17e-14 5.01e-11 6.08e-11 5.265
801   -9.875436171514e-02 -9.875454476186e-02 5.57e-14 6.34e-11 6.00e-11 5.270
802   -9.875436393091e-02 -9.875454233923e-02 5.28e-14 5.99e-11 5.79e-11 5.273
803   -9.875436501640e-02 -9.875454115003e-02 5.47e-14 6.94e-11 5.71e-11 5.278
804   -9.875436703731e-02 -9.875453894036e-02 5.20e-14 6.64e-11 5.52e-11 5.282
805   -9.875436799014e-02 -9.875453789672e-02 5.62e-14 7.54e-11 5.45e-11 5.287
806   -9.875437000213e-02 -9.875453569683e-02 5.34e-14 7.16e-11 5.26e-11 5.291
807   -9.875437099704e-02 -9.875453460721e-02 6.07e-14 8.02e-11 5.19e-11 5.295
808   -9.875437283610e-02 -9.875453259632e-02 5.78e-14 7.62e-11 5.02e-11 5.299
809   -9.875437378468e-02 -9.875453155778e-02 7.53e-14 1.04e-10 4.95e-11 5.304
810   -9.875437557779e-02 -9.875452959721e-02 7.17e-14 9.88e-11 4.79e-11 5.308
811   -9.875437652235e-02 -9.875452856254e-02 7.23e-14 1.07e-10 4.72e-11 5.312
812   -9.875437832588e-02 -9.875452659054e-02 6.87e-14 1.01e-10 4.56e-11 5.316
813   -9.875437929075e-02 -9.875452553404e-02 8.00e-14 1.13e-10 4.50e-11 5.321
814   -9.875438101578e-02 -9.875452364795e-02 7.61e-14 1.07e-10 4.34e-11 5.325
815   -9.875438185408e-02 -9.875452272971e-02 7.61e-14 9.24e-11 4.29e-11 5.329
816   -9.875438343091e-02 -9.875452100552e-02 7.25e-14 8.77e-11 4.15e-11 5.333
817   -9.875438429995e-02 -9.875452005400e-02 8.34e-14 1.21e-10 4.09e-11 5.338
818   -9.875438579013e-02 -9.875451842464e-02 7.95e-14 1.15e-10 3.96e-11 5.342
819   -9.875438665159e-02 -9.875451748127e-02 8.38e-14 1.03e-10 3.90e-11 5.347
820   -9.875438822062e-02 -9.875451576568e-02 7.97e-14 9.75e-11 3.77e-11 5.351
821   -9.875438895395e-02 -9.875451496285e-02 9.00e-14 9.64e-11 3.72e-11 5.356
822   -9.875439034647e-02 -9.875451344018e-02 8.58e-14 9.19e-11 3.61e-11 5.360
823   -9.875439119176e-02 -9.875451251439e-02 8.55e-14 9.28e-11 3.55e-11 5.365
824   -9.875439264360e-02 -9.875451092690e-02 8.13e-14 8.86e-11 3.43e-11 5.368
825   -9.875439347663e-02 -9.875451001505e-02 9.45e-14 1.19e-10 3.38e-11 5.373
826   -9.875439479854e-02 -9.875450856970e-02 9.00e-14 1.13e-10 3.27e-11 5.377
827   -9.875439555356e-02 -9.875450774280e-02 8.89e-14 1.39e-10 3.22e-11 5.381
828   -9.875439685113e-02 -9.875450632400e-02 8.47e-14 1.33e-10 3.12e-11 5.385
829   -9.875439760682e-02 -9.875450549683e-02 9.64e-14 1.55e-10 3.07e-11 5.390
830   -9.875439892028e-02 -9.875450406071e-02 9.15e-14 1.47e-10 2.96e-11 5.394
831   -9.875439968828e-02 -9.875450321965e-02 9.41e-14 1.24e-10 2.91e-11 5.398
832   -9.875440093625e-02 -9.875450185510e-02 8.95e-14 1.18e-10 2.81e-11 5.402
833   -9.875440171257e-02 -9.875450100525e-02 9.95e-14 1.54e-10 2.76e-11 5.407
834   -9.875440292880e-02 -9.875449967545e-02 9.45e-14 1.46e-10 2.67e-11 5.411
835   -9.875440354608e-02 -9.875449899946e-02 9.71e-14 1.43e-10 2.63e-11 5.416
836   -9.875440454064e-02 -9.875449791193e-02 9.28e-14 1.38e-10 2.55e-11 5.419
837   -9.875440525004e-02 -9.875449713544e-02 1.02e-13 1.56e-10 2.50e-11 5.424
838   -9.875440645820e-02 -9.875449581447e-02 9.65e-14 1.48e-10 2.41e-11 5.428
839   -9.875440700706e-02 -9.875449521341e-02 9.48e-14 1.38e-10 2.38e-11 5.433
840   -9.875440787764e-02 -9.875449426138e-02 9.08e-14 1.33e-10 2.32e-11 5.437
841   -9.875440852147e-02 -9.875449355669e-02 1.00e-13 1.91e-10 2.28e-11 5.441
842   -9.875440948564e-02 -9.875449250243e-02 9.54e-14 1.82e-10 2.21e-11 5.445
843   -9.875441003582e-02 -9.875449189992e-02 9.33e-14 1.96e-10 2.18e-11 5.450
844   -9.875441089270e-02 -9.875449096294e-02 8.92e-14 1.88e-10 2.11e-11 5.454
845   -9.875441154053e-02 -9.875449025384e-02 9.70e-14 2.53e-10 2.07e-11 5.458
846   -9.875441241683e-02 -9.875448929570e-02 9.25e-14 2.41e-10 2.01e-11 5.462
847   -9.875441294600e-02 -9.875448871618e-02 9.02e-14 2.31e-10 1.97e-11 5.466
848   -9.875441385747e-02 -9.875448771959e-02 8.58e-14 2.19e-10 1.91e-11 5.470
849   -9.875441442428e-02 -9.875448709916e-02 9.36e-14 2.77e-10 1.87e-11 5.475
850   -9.875441525064e-02 -9.875448619558e-02 8.92e-14 2.64e-10 1.81e-11 5.479
851   -9.875441570671e-02 -9.875448569606e-02 8.70e-14 2.77e-10 1.78e-11 5.483
852   -9.875441646772e-02 -9.875448486391e-02 8.31e-14 2.64e-10 1.73e-11 5.487
853   -9.875441695200e-02 -9.875448433384e-02 8.84e-14 3.45e-10 1.70e-11 5.493
854   -9.875441770904e-02 -9.875448350602e-02 8.42e-14 3.29e-10 1.65e-11 5.497
855   -9.875441809494e-02 -9.875448308347e-02 8.22e-14 3.71e-10 1.62e-11 5.501
856   -9.875441871358e-02 -9.875448240693e-02 7.88e-14 3.56e-10 1.58e-11 5.505
857   -9.875441921705e-02 -9.875448185596e-02 8.67e-14 4.94e-10 1.55e-11 5.510
858   -9.875441991782e-02 -9.875448108969e-02 8.27e-14 4.71e-10 1.50e-11 5.514
859   -9.875442041897e-02 -9.875448054101e-02 8.05e-14 4.68e-10 1.48e-11 5.518
860   -9.875442114376e-02 -9.875447974852e-02 7.66e-14 4.45e-10 1.43e-11 5.522
861   -9.875442165134e-02 -9.875447919305e-02 8.31e-14 5.89e-10 1.40e-11 5.527
862   -9.875442237038e-02 -9.875447840680e-02 7.89e-14 5.59e-10 1.35e-11 5.530
863   -9.875442289572e-02 -9.875447783167e-02 7.90e-14 4.64e-10 1.33e-11 5.535
864   -9.875442349602e-02 -9.875447717529e-02 7.55e-14 4.44e-10 1.29e-11 5.539
865   -9.875442387925e-02 -9.875447675589e-02 8.15e-14 5.66e-10 1.26e-11 5.544
866   -9.875442443789e-02 -9.875447614502e-02 7.79e-14 5.40e-10 1.23e-11 5.548
867   -9.875442483386e-02 -9.875447571146e-02 7.56e-14 5.55e-10 1.20e-11 5.552
868   -9.875442525895e-02 -9.875447524664e-02 7.28e-14 5.36e-10 1.18e-11 5.556
869   -9.875442562220e-02 -9.875447484909e-02 7.72e-14 6.25e-10 1.16e-11 5.561
870   -9.875442615330e-02 -9.875447426837e-02 7.38e-14 5.99e-10 1.12e-11 5.565
871   -9.875442654101e-02 -9.875447384387e-02 7.14e-14 5.90e-10 1.10e-11 5.569
872   -9.875442706040e-02 -9.875447327595e-02 6.82e-14 5.64e-10 1.07e-11 5.573
873   -9.875442733508e-02 -9.875447297541e-02 7.17e-14 6.73e-10 1.06e-11 5.578
874   -9.875442786057e-02 -9.875447240072e-02 6.83e-14 6.42e-10 1.02e-11 5.582
875   -9.875442831798e-02 -9.875447189995e-02 6.63e-14 6.26e-10 9.98e-12 5.586
876   -9.875442889523e-02 -9.875447126874e-02 6.28e-14 5.95e-10 9.64e-12 5.590
877   -9.875442934807e-02 -9.875447077322e-02 6.83e-14 7.19e-10 9.42e-12 5.595
878   -9.875442982757e-02 -9.875447024890e-02 6.51e-14 6.84e-10 9.13e-12 5.599
879   -9.875443012122e-02 -9.875446992752e-02 6.56e-14 6.15e-10 9.00e-12 5.604
880   -9.875443053701e-02 -9.875446947281e-02 6.27e-14 5.88e-10 8.75e-12 5.608
881   -9.875443070693e-02 -9.875446928695e-02 6.78e-14 7.96e-10 8.69e-12 5.613
882   -9.875443100488e-02 -9.875446896100e-02 6.54e-14 7.68e-10 8.51e-12 5.617
883   -9.875443134690e-02 -9.875446858657e-02 6.34e-14 7.35e-10 8.33e-12 5.621
884   -9.875443174469e-02 -9.875446815159e-02 6.06e-14 7.02e-10 8.10e-12 5.625
885   -9.875443207095e-02 -9.875446779459e-02 6.63e-14 8.24e-10 7.93e-12 5.630
886   -9.875443237956e-02 -9.875446745713e-02 6.38e-14 7.96e-10 7.75e-12 5.634
887   -9.875443265796e-02 -9.875446715238e-02 6.33e-14 7.02e-10 7.60e-12 5.639
888   -9.875443305420e-02 -9.875446671911e-02 6.04e-14 6.70e-10 7.38e-12 5.643
889   -9.875443347194e-02 -9.875446626198e-02 6.28e-14 7.02e-10 7.15e-12 5.648
890   -9.875443376242e-02 -9.875446594438e-02 6.05e-14 6.77e-10 6.99e-12 5.652
891   -9.875443399449e-02 -9.875446569026e-02 5.83e-14 6.39e-10 6.88e-12 5.657
892   -9.875443436049e-02 -9.875446529006e-02 5.56e-14 6.09e-10 6.68e-12 5.660
893   -9.875443463984e-02 -9.875446498439e-02 5.82e-14 6.61e-10 6.55e-12 5.665
894   -9.875443497999e-02 -9.875446461244e-02 5.55e-14 6.29e-10 6.36e-12 5.669
895   -9.875443514305e-02 -9.875446443384e-02 5.33e-14 6.90e-10 6.25e-12 5.673
896   -9.875443543754e-02 -9.875446411173e-02 5.10e-14 6.60e-10 6.09e-12 5.677
897   -9.875443563802e-02 -9.875446389250e-02 5.52e-14 7.61e-10 6.01e-12 5.682
898   -9.875443590166e-02 -9.875446360412e-02 5.29e-14 7.29e-10 5.86e-12 5.686
899   -9.875443610529e-02 -9.875446338115e-02 5.09e-14 7.33e-10 5.78e-12 5.691
900   -9.875443627954e-02 -9.875446319059e-02 4.94e-14 7.11e-10 5.67e-12 5.695
901   -9.875443644763e-02 -9.875446300677e-02 5.19e-14 8.16e-10 5.66e-12 5.700
902   -9.875443668753e-02 -9.875446274439e-02 4.99e-14 7.85e-10 5.53e-12 5.704
903   -9.875443687344e-02 -9.875446254097e-02 5.03e-14 6.69e-10 5.47e-12 5.708
904   -9.875443699046e-02 -9.875446241299e-02 4.92e-14 6.53e-10 5.40e-12 5.712
905   -9.875443713176e-02 -9.875446225840e-02 5.20e-14 7.22e-10 5.36e-12 5.717
906   -9.875443736025e-02 -9.875446200854e-02 4.99e-14 6.94e-10 5.23e-12 5.721
907   -9.875443764410e-02 -9.875446169782e-02 4.75e-14 6.51e-10 5.09e-12 5.725
908   -9.875443799049e-02 -9.875446131907e-02 4.49e-14 6.15e-10 4.91e-12 5.729
909   -9.875443815123e-02 -9.875446114317e-02 4.69e-14 6.41e-10 4.81e-12 5.734
910   -9.875443834020e-02 -9.875446093648e-02 4.52e-14 6.19e-10 4.70e-12 5.738
911   -9.875443850550e-02 -9.875446075545e-02 4.32e-14 6.21e-10 4.60e-12 5.743
912   -9.875443874746e-02 -9.875446049083e-02 4.13e-14 5.93e-10 4.48e-12 5.747
913   -9.875443894468e-02 -9.875446027508e-02 4.57e-14 6.82e-10 4.41e-12 5.751
914   -9.875443912388e-02 -9.875446007910e-02 4.40e-14 6.60e-10 4.31e-12 5.755
Numerical error in objective
Restoring previous solution


Suboptimal solution found in 915 iterations and 5.76 seconds
Objective -9.87504908e-02
Primal infeasibility (abs/rel): 9.61e-14/4.81e-14
Dual infeasibility   (abs/rel): 2.11e-13/1.92e-13
Complementarity gap  (abs/rel): 1.10e-08/9.99e-09


Barrier finished in 5.76 seconds
Dual variables for problems with quadratic constraints not returned.
