cuOpt version: 26.10.0, git hash: 648f805d, host arch: x86_64, device archs: 80-real
CPU: AMD EPYC 7642 48-Core Processor, threads: 5C/5T, RAM usage: 43.63/503.74GiB
CPU SIMD target: AVX2
CUDA 12.9, device: NVIDIA A100 80GB PCIe (ID 0), VRAM: 79.44 GiB
CUDA device UUID: 68df5cf5-71f9-6a93-b428-460c080ffb10
Problem has 1 quadratic constraints. Converting to second-order cones and solving with barrier.
Handling 50 free variables directly in augmented system
Presolved problem: 5103 constraints 10102 variables 265152 nonzeros
Skipping Ruiz equilibration (row norm ratio 1.4, column norm ratio 1.4 < 5e4, Q coeff ratio 1.0 < 100)
Barrier solver started at 0.029 seconds
Barrier solver: 5103 constraints, 10102 variables, 265152 nonzeros


Second-order cones          : 1
Free variables              : 50
Upper bounds                : 5000
Linear system               : augmented
cuDSS Version               : 0.7.1
cuDSS Threading layer       : libcudss_mtlayer_gomp.so.0
Reordering time             : 0.307s
Symbolic factorization time : 0.059s
Symbolic nonzeros in factor : 2.79e+05
Elapsed time for augmented  : 0.402 seconds
Elapsed time           : 0.402 seconds
Barrier setup complete at 0.402 seconds
Adaptive regularization enabled


                  Objective                         Infeasibility        Time
Iter   Primal              Dual                Primal   Dual    Compl.   Elapsed
  0   -3.704340093575e+02 -3.710959393425e+02 3.71e+03 1.91e+00 1.19e-02 0.402
  1   -4.750382330527e-01 -3.472817100888e+02 3.36e+00 2.99e-01 2.04e-01 0.407
  2   -6.519911883867e-02 -4.828072475638e+00 3.30e-02 3.32e-03 2.60e-03 0.412
  3   -6.247283530523e-02 -2.179447724038e-01 1.05e-03 1.05e-04 6.06e-05 0.419
  4   -6.281947704443e-02 -2.182719432205e-01 1.04e-03 1.05e-04 5.18e-05 0.429
  5   -6.280608102122e-02 -2.182560830867e-01 1.04e-03 1.05e-04 5.31e-05 0.436
  6   -6.377253239346e-02 -2.187967700289e-01 1.01e-03 1.02e-04 5.74e-05 0.441
  7   -6.377659984993e-02 -2.187948093658e-01 1.01e-03 1.02e-04 5.74e-05 0.458
  8   -6.397710376446e-02 -2.188612495887e-01 9.78e-04 9.83e-05 1.67e-04 0.468
  9   -7.033532804507e-02 -2.064207557804e-01 7.43e-04 7.47e-05 1.61e-04 0.481
 10   -7.020516443527e-02 -2.059806397555e-01 7.28e-04 7.32e-05 1.85e-04 0.492
 11   -7.349376523005e-02 -1.910271236949e-01 4.49e-04 4.51e-05 2.42e-04 0.507
 12   -7.353506840770e-02 -1.910531113373e-01 4.48e-04 4.50e-05 2.41e-04 0.518
 13   -7.288458998321e-02 -1.880734887347e-01 3.24e-04 3.26e-05 4.26e-04 0.528
 14   -7.422906327229e-02 -1.824337279083e-01 2.91e-04 2.92e-05 3.77e-04 0.577
 15   -7.427137807838e-02 -1.824255119582e-01 2.89e-04 2.90e-05 4.34e-04 0.582
 16   -7.894768840397e-02 -1.632784470112e-01 2.11e-04 2.12e-05 3.08e-04 0.588
 17   -7.870044602024e-02 -1.630296158100e-01 2.11e-04 2.12e-05 3.32e-04 0.593
 18   -7.996490851628e-02 -1.573964406990e-01 1.77e-04 1.78e-05 2.69e-04 0.599
 19   -8.003574631406e-02 -1.574627100256e-01 1.76e-04 1.77e-05 2.72e-04 0.605
 20   -7.969381704002e-02 -1.541139389251e-01 1.29e-04 1.30e-05 3.55e-04 0.610
 21   -7.966618410093e-02 -1.538783068118e-01 1.27e-04 1.28e-05 3.63e-04 0.617
 22   -8.091179558360e-02 -1.446811502155e-01 4.94e-05 4.96e-06 3.34e-04 0.638
 23   -8.096700666304e-02 -1.444920760240e-01 4.86e-05 4.88e-06 3.43e-04 0.644
 24   -8.089957219181e-02 -1.430703620935e-01 3.98e-05 4.00e-06 4.64e-04 0.650
 25   -8.088517924256e-02 -1.428522982680e-01 3.91e-05 3.93e-06 4.72e-04 0.677
 26   -8.198554465445e-02 -1.390814422390e-01 2.78e-05 2.80e-06 4.07e-04 0.682
 27   -8.203869075670e-02 -1.389593583386e-01 2.75e-05 2.76e-06 4.13e-04 0.689
 28   -8.215325127252e-02 -1.375732799470e-01 2.28e-05 2.29e-06 4.35e-04 0.693
 29   -8.213515427148e-02 -1.374110617213e-01 2.25e-05 2.26e-06 4.41e-04 0.700
 30   -8.326071696681e-02 -1.338548630431e-01 1.59e-05 1.60e-06 3.79e-04 0.705
 31   -8.330368880364e-02 -1.337408244325e-01 1.57e-05 1.58e-06 3.85e-04 0.712
 32   -8.335329190887e-02 -1.327994743818e-01 1.37e-05 1.37e-06 4.05e-04 0.717
 33   -8.334270530979e-02 -1.326724794867e-01 1.35e-05 1.36e-06 4.11e-04 0.723
 34   -8.438209846601e-02 -1.297799857990e-01 1.02e-05 1.02e-06 3.52e-04 0.729
 35   -8.441072269856e-02 -1.296882104763e-01 1.01e-05 1.01e-06 3.57e-04 0.735
 36   -8.445115075525e-02 -1.289392555702e-01 8.95e-06 9.00e-07 3.67e-04 0.740
 37   -8.444383290110e-02 -1.288406207973e-01 8.86e-06 8.91e-07 3.71e-04 0.746
 38   -8.545180271411e-02 -1.262747111142e-01 6.90e-06 6.93e-07 3.19e-04 0.752
 39   -8.546856622582e-02 -1.262007609048e-01 6.83e-06 6.86e-07 3.24e-04 0.760
 40   -8.549262515746e-02 -1.256097317150e-01 6.18e-06 6.21e-07 3.28e-04 0.764
 41   -8.548710973351e-02 -1.255323879365e-01 6.12e-06 6.15e-07 3.32e-04 0.771
 42   -8.647183895313e-02 -1.232330628431e-01 4.92e-06 4.95e-07 2.88e-04 0.777
 43   -8.647960283774e-02 -1.231717854581e-01 4.87e-06 4.90e-07 2.92e-04 0.784
 44   -8.649498713371e-02 -1.226851211554e-01 4.47e-06 4.49e-07 2.93e-04 0.789
 45   -8.649055913954e-02 -1.226235884400e-01 4.43e-06 4.45e-07 2.97e-04 0.796
 46   -8.744288823106e-02 -1.205593070176e-01 3.66e-06 3.68e-07 2.62e-04 0.802
 47   -8.744447102471e-02 -1.205069701512e-01 3.63e-06 3.65e-07 2.65e-04 0.809
 48   -8.745766412714e-02 -1.200878754196e-01 3.35e-06 3.36e-07 2.64e-04 0.814
 49   -8.745415858869e-02 -1.200378901868e-01 3.32e-06 3.34e-07 2.67e-04 0.820
 50   -8.834474722694e-02 -1.182192695246e-01 2.82e-06 2.83e-07 2.40e-04 0.825
 51   -8.834277365556e-02 -1.181735719162e-01 2.79e-06 2.81e-07 2.43e-04 0.832
 52   -8.835954604869e-02 -1.177957185435e-01 2.58e-06 2.60e-07 2.40e-04 0.837
 53   -8.835706054035e-02 -1.177541291768e-01 2.56e-06 2.58e-07 2.42e-04 0.844
 54   -8.916648734097e-02 -1.161753232392e-01 2.21e-06 2.23e-07 2.22e-04 0.849
 55   -8.916290701952e-02 -1.161348319196e-01 2.20e-06 2.21e-07 2.24e-04 0.857
 56   -8.918816914946e-02 -1.157803242591e-01 2.03e-06 2.04e-07 2.20e-04 0.861
 57   -8.918673665448e-02 -1.157449364252e-01 2.02e-06 2.03e-07 2.22e-04 0.868
 58   -8.984514985812e-02 -1.144769997270e-01 1.76e-06 1.77e-07 2.06e-04 0.873
 59   -8.984246171260e-02 -1.144416141100e-01 1.75e-06 1.76e-07 2.08e-04 0.879
 60   -8.988134806284e-02 -1.140994742192e-01 1.61e-06 1.62e-07 2.03e-04 0.884
 61   -8.988105260478e-02 -1.140687962142e-01 1.60e-06 1.61e-07 2.05e-04 0.891
 62   -9.040802072962e-02 -1.130543890202e-01 1.41e-06 1.41e-07 1.92e-04 0.896
 63   -9.040680660587e-02 -1.130235240259e-01 1.40e-06 1.40e-07 1.94e-04 0.902
 64   -9.046275310303e-02 -1.126867534197e-01 1.28e-06 1.29e-07 1.88e-04 0.906
 65   -9.046333237306e-02 -1.126598255860e-01 1.27e-06 1.28e-07 1.90e-04 0.913
 66   -9.091332495634e-02 -1.118038138222e-01 1.12e-06 1.13e-07 1.79e-04 0.918
 67   -9.091297205644e-02 -1.117765338325e-01 1.12e-06 1.12e-07 1.81e-04 0.924
 68   -9.098736550588e-02 -1.114410679716e-01 1.02e-06 1.03e-07 1.75e-04 0.928
 69   -9.098838927714e-02 -1.114171637752e-01 1.01e-06 1.02e-07 1.77e-04 0.935
 70   -9.139168987330e-02 -1.106663535783e-01 8.97e-07 9.02e-08 1.67e-04 0.939
 71   -9.139169994589e-02 -1.106419416509e-01 8.91e-07 8.96e-08 1.69e-04 0.946
 72   -9.148484008979e-02 -1.103060191781e-01 8.11e-07 8.15e-08 1.62e-04 0.950
 73   -9.148597286748e-02 -1.102845417850e-01 8.05e-07 8.10e-08 1.64e-04 0.967
 74   -9.186140008030e-02 -1.096056415432e-01 7.15e-07 7.18e-08 1.55e-04 0.977
 75   -9.186141549615e-02 -1.095835267389e-01 7.10e-07 7.13e-08 1.57e-04 0.991
 76   -9.197257552023e-02 -1.092473256901e-01 6.43e-07 6.46e-08 1.51e-04 0.999
 77   -9.197359820056e-02 -1.092278062151e-01 6.39e-07 6.42e-08 1.53e-04 1.032
 78   -9.233297824802e-02 -1.085996705555e-01 5.67e-07 5.70e-08 1.45e-04 1.037
 79   -9.233275309031e-02 -1.085794069322e-01 5.63e-07 5.66e-08 1.46e-04 1.043
 80   -9.245963826812e-02 -1.082454809847e-01 5.08e-07 5.11e-08 1.40e-04 1.048
 81   -9.246043523814e-02 -1.082275797072e-01 5.05e-07 5.08e-08 1.42e-04 1.061
 82   -9.281012359538e-02 -1.076381507468e-01 4.49e-07 4.52e-08 1.34e-04 1.076
 83   -9.280951684693e-02 -1.076194157990e-01 4.46e-07 4.49e-08 1.36e-04 1.086
 84   -9.294778292529e-02 -1.072929314348e-01 4.01e-07 4.04e-08 1.30e-04 1.090
 85   -9.294833112898e-02 -1.072764345321e-01 3.99e-07 4.01e-08 1.31e-04 1.097
 86   -9.328987735478e-02 -1.067209361447e-01 3.55e-07 3.57e-08 1.24e-04 1.103
 87   -9.328885880993e-02 -1.067035328354e-01 3.53e-07 3.55e-08 1.25e-04 1.109
 88   -9.343237870784e-02 -1.063914865206e-01 3.17e-07 3.18e-08 1.19e-04 1.114
 89   -9.343273297667e-02 -1.063762908140e-01 3.15e-07 3.16e-08 1.21e-04 1.120
 90   -9.374111636437e-02 -1.058835990378e-01 2.81e-07 2.82e-08 1.14e-04 1.125
 91   -9.374018543610e-02 -1.058677620631e-01 2.79e-07 2.80e-08 1.15e-04 1.131
 92   -9.388424463683e-02 -1.055752862972e-01 2.50e-07 2.51e-08 1.09e-04 1.136
 93   -9.388454123238e-02 -1.055613698913e-01 2.48e-07 2.50e-08 1.10e-04 1.143
 94   -9.414555564437e-02 -1.051462563388e-01 2.22e-07 2.23e-08 1.04e-04 1.148
 95   -9.414512081920e-02 -1.051321670978e-01 2.21e-07 2.22e-08 1.06e-04 1.155
 96   -9.428698390552e-02 -1.048611962642e-01 1.98e-07 1.99e-08 9.98e-05 1.159
 97   -9.428732455851e-02 -1.048485334801e-01 1.97e-07 1.98e-08 1.01e-04 1.166
 98   -9.450898732932e-02 -1.044980575129e-01 1.76e-07 1.77e-08 9.52e-05 1.171
 99   -9.450904623396e-02 -1.044855959020e-01 1.75e-07 1.76e-08 9.62e-05 1.178
100   -9.464648682603e-02 -1.042365779417e-01 1.57e-07 1.58e-08 9.09e-05 1.184
101   -9.464689513821e-02 -1.042251045872e-01 1.56e-07 1.57e-08 9.19e-05 1.192
102   -9.483687267933e-02 -1.039270072924e-01 1.41e-07 1.41e-08 8.66e-05 1.197
103   -9.483733034007e-02 -1.039159987983e-01 1.40e-07 1.40e-08 8.76e-05 1.204
104   -9.496849662551e-02 -1.036887779801e-01 1.26e-07 1.26e-08 8.26e-05 1.209
105   -9.496896831517e-02 -1.036784156356e-01 1.25e-07 1.25e-08 8.35e-05 1.215
106   -9.513323777315e-02 -1.034229669119e-01 1.12e-07 1.13e-08 7.86e-05 1.220
107   -9.513398745634e-02 -1.034132399847e-01 1.12e-07 1.12e-08 7.95e-05 1.227
108   -9.525745577786e-02 -1.032072552243e-01 1.01e-07 1.01e-08 7.49e-05 1.232
109   -9.525797956646e-02 -1.031979237396e-01 1.00e-07 1.01e-08 7.57e-05 1.240
110   -9.540106691800e-02 -1.029775851765e-01 9.05e-08 9.09e-09 7.12e-05 1.245
111   -9.540201623393e-02 -1.029689865842e-01 8.98e-08 9.03e-09 7.20e-05 1.252
112   -9.551686196901e-02 -1.027833060527e-01 8.12e-08 8.16e-09 6.78e-05 1.257
113   -9.551742778767e-02 -1.027749264328e-01 8.07e-08 8.11e-09 6.85e-05 1.264
114   -9.564279004435e-02 -1.025838217930e-01 7.31e-08 7.35e-09 6.44e-05 1.269
115   -9.564386786301e-02 -1.025762177600e-01 7.26e-08 7.29e-09 6.51e-05 1.276
116   -9.574966450748e-02 -1.024095879721e-01 6.58e-08 6.61e-09 6.13e-05 1.281
117   -9.575026568991e-02 -1.024020820276e-01 6.53e-08 6.57e-09 6.19e-05 1.287
118   -9.586062808284e-02 -1.022355298857e-01 5.93e-08 5.96e-09 5.83e-05 1.292
119   -9.586178335622e-02 -1.022288027470e-01 5.89e-08 5.92e-09 5.89e-05 1.299
120   -9.595855736433e-02 -1.020797081048e-01 5.36e-08 5.38e-09 5.54e-05 1.304
121   -9.595918971226e-02 -1.020729976019e-01 5.32e-08 5.35e-09 5.60e-05 1.313
122   -9.605679833902e-02 -1.019271546310e-01 4.84e-08 4.87e-09 5.27e-05 1.318
123   -9.605799542460e-02 -1.019211990831e-01 4.81e-08 4.84e-09 5.32e-05 1.325
124   -9.614614227387e-02 -1.017879422710e-01 4.38e-08 4.41e-09 5.01e-05 1.336
125   -9.614680204002e-02 -1.017819491223e-01 4.35e-08 4.38e-09 5.06e-05 1.345
126   -9.623357542736e-02 -1.016535808302e-01 3.98e-08 4.00e-09 4.76e-05 1.350
127   -9.623478902102e-02 -1.016483016318e-01 3.95e-08 3.97e-09 4.82e-05 1.357
128   -9.631496412755e-02 -1.015291013450e-01 3.61e-08 3.63e-09 4.53e-05 1.362
129   -9.631564646663e-02 -1.015237489899e-01 3.58e-08 3.60e-09 4.58e-05 1.369
130   -9.639324950115e-02 -1.014101005571e-01 3.28e-08 3.30e-09 4.31e-05 1.375
131   -9.639446074775e-02 -1.014054116164e-01 3.26e-08 3.27e-09 4.36e-05 1.381
132   -9.646746256612e-02 -1.012985070809e-01 2.98e-08 3.00e-09 4.11e-05 1.386
133   -9.646816103144e-02 -1.012937223981e-01 2.96e-08 2.98e-09 4.15e-05 1.393
134   -9.653802939131e-02 -1.011924563168e-01 2.72e-08 2.73e-09 3.91e-05 1.398
135   -9.653922357646e-02 -1.011882805601e-01 2.70e-08 2.71e-09 3.96e-05 1.404
136   -9.660588689315e-02 -1.010920256676e-01 2.48e-08 2.49e-09 3.73e-05 1.409
137   -9.660659387911e-02 -1.010877407836e-01 2.46e-08 2.47e-09 3.77e-05 1.415
138   -9.666994345359e-02 -1.009968984814e-01 2.26e-08 2.27e-09 3.55e-05 1.420
139   -9.667110889232e-02 -1.009931678510e-01 2.25e-08 2.26e-09 3.59e-05 1.426
140   -9.673223058402e-02 -1.009060899910e-01 2.07e-08 2.08e-09 3.39e-05 1.431
141   -9.673293810675e-02 -1.009022434682e-01 2.05e-08 2.06e-09 3.43e-05 1.437
142   -9.679078174422e-02 -1.008202031140e-01 1.89e-08 1.90e-09 3.23e-05 1.442
143   -9.679190920589e-02 -1.008168582926e-01 1.88e-08 1.89e-09 3.27e-05 1.448
144   -9.684820802120e-02 -1.007376808712e-01 1.73e-08 1.74e-09 3.08e-05 1.453
145   -9.684890837121e-02 -1.007342181901e-01 1.72e-08 1.73e-09 3.12e-05 1.459
146   -9.690207635528e-02 -1.006596519022e-01 1.59e-08 1.59e-09 2.94e-05 1.464
147   -9.690315869418e-02 -1.006566417807e-01 1.58e-08 1.58e-09 2.98e-05 1.471
148   -9.695525279534e-02 -1.005842894807e-01 1.45e-08 1.46e-09 2.81e-05 1.475
149   -9.695593905259e-02 -1.005811630652e-01 1.45e-08 1.45e-09 2.84e-05 1.481
150   -9.700509401113e-02 -1.005130033718e-01 1.33e-08 1.34e-09 2.68e-05 1.486
151   -9.700612604805e-02 -1.005102844365e-01 1.33e-08 1.33e-09 2.72e-05 1.492
152   -9.705451841757e-02 -1.004438822778e-01 1.22e-08 1.23e-09 2.56e-05 1.497
153   -9.705518496327e-02 -1.004410512492e-01 1.22e-08 1.22e-09 2.59e-05 1.503
154   -9.710083395813e-02 -1.003784630086e-01 1.13e-08 1.13e-09 2.45e-05 1.508
155   -9.710181259881e-02 -1.003759986553e-01 1.12e-08 1.12e-09 2.48e-05 1.515
156   -9.714688891636e-02 -1.003148593678e-01 1.03e-08 1.04e-09 2.34e-05 1.519
157   -9.714753189523e-02 -1.003122890186e-01 1.03e-08 1.03e-09 2.37e-05 1.526
158   -9.719004766722e-02 -1.002546330950e-01 9.51e-09 9.55e-10 2.24e-05 1.531
159   -9.719097199178e-02 -1.002523927381e-01 9.45e-09 9.50e-10 2.26e-05 1.538
160   -9.723301928581e-02 -1.001959832426e-01 8.75e-09 8.79e-10 2.14e-05 1.542
161   -9.723363674252e-02 -1.001936441784e-01 8.69e-09 8.73e-10 2.16e-05 1.548
162   -9.727329436546e-02 -1.001404261770e-01 8.05e-09 8.09e-10 2.04e-05 1.553
163   -9.727416538238e-02 -1.001383841506e-01 8.00e-09 8.04e-10 2.07e-05 1.559
164   -9.731340715543e-02 -1.000862763574e-01 7.41e-09 7.44e-10 1.95e-05 1.563
165   -9.731399869644e-02 -1.000841434487e-01 7.37e-09 7.40e-10 1.98e-05 1.570
166   -9.735101700755e-02 -1.000349596976e-01 6.83e-09 6.86e-10 1.87e-05 1.574
167   -9.735183703638e-02 -1.000330941533e-01 6.79e-09 6.82e-10 1.89e-05 1.581
168   -9.738846600468e-02 -9.998492116056e-02 6.29e-09 6.31e-10 1.79e-05 1.585
169   -9.738903218783e-02 -9.998297261502e-02 6.25e-09 6.28e-10 1.81e-05 1.591
170   -9.742360196314e-02 -9.993747323213e-02 5.80e-09 5.82e-10 1.71e-05 1.595
171   -9.742437396638e-02 -9.993576530537e-02 5.77e-09 5.79e-10 1.73e-05 1.602
172   -9.745856770377e-02 -9.989119879932e-02 5.35e-09 5.37e-10 1.64e-05 1.606
173   -9.745910953135e-02 -9.988941553307e-02 5.32e-09 5.34e-10 1.66e-05 1.613
174   -9.749140348241e-02 -9.984728931623e-02 4.93e-09 4.95e-10 1.57e-05 1.617
175   -9.749213064156e-02 -9.984572259041e-02 4.91e-09 4.92e-10 1.59e-05 1.624
176   -9.752405373193e-02 -9.980446665982e-02 4.55e-09 4.57e-10 1.50e-05 1.627
177   -9.752457241432e-02 -9.980283189230e-02 4.53e-09 4.54e-10 1.52e-05 1.635
178   -9.755474707110e-02 -9.976380122374e-02 4.20e-09 4.22e-10 1.44e-05 1.639
179   -9.755543260844e-02 -9.976236134655e-02 4.18e-09 4.19e-10 1.45e-05 1.646
180   -9.758523702169e-02 -9.972414916179e-02 3.88e-09 3.89e-10 1.37e-05 1.650
181   -9.758573387719e-02 -9.972264808030e-02 3.86e-09 3.87e-10 1.39e-05 1.657
182   -9.761393248987e-02 -9.968646336699e-02 3.59e-09 3.60e-10 1.32e-05 1.662
183   -9.761457956512e-02 -9.968513771355e-02 3.57e-09 3.58e-10 1.33e-05 1.668
184   -9.764240766702e-02 -9.964972591709e-02 3.32e-09 3.32e-10 1.26e-05 1.672
185   -9.764288403551e-02 -9.964834537495e-02 3.30e-09 3.30e-10 1.28e-05 1.678
186   -9.766924079465e-02 -9.961477850480e-02 3.07e-09 3.07e-10 1.21e-05 1.683
187   -9.766985240456e-02 -9.961355589296e-02 3.05e-09 3.06e-10 1.22e-05 1.689
188   -9.769583998505e-02 -9.958071940989e-02 2.84e-09 2.84e-10 1.16e-05 1.693
189   -9.769629713308e-02 -9.957944768273e-02 2.82e-09 2.83e-10 1.17e-05 1.700
190   -9.772093968690e-02 -9.954828769447e-02 2.62e-09 2.63e-10 1.11e-05 1.704
191   -9.772151858311e-02 -9.954715817135e-02 2.61e-09 2.61e-10 1.12e-05 1.711
192   -9.774579567677e-02 -9.951668778893e-02 2.43e-09 2.43e-10 1.06e-05 1.714
193   -9.774623474540e-02 -9.951551439630e-02 2.42e-09 2.42e-10 1.08e-05 1.721
194   -9.776928462361e-02 -9.948656572140e-02 2.25e-09 2.25e-10 1.02e-05 1.725
195   -9.776983328421e-02 -9.948552040840e-02 2.24e-09 2.24e-10 1.03e-05 1.732
196   -9.779252379840e-02 -9.945722192282e-02 2.08e-09 2.08e-10 9.79e-06 1.736
197   -9.779294578708e-02 -9.945613748517e-02 2.07e-09 2.07e-10 9.91e-06 1.742
198   -9.781451824729e-02 -9.942921903394e-02 1.93e-09 1.93e-10 9.39e-06 1.747
199   -9.781503887859e-02 -9.942824999813e-02 1.92e-09 1.92e-10 9.51e-06 1.753
200   -9.783626026492e-02 -9.940194352398e-02 1.79e-09 1.79e-10 9.01e-06 1.757
201   -9.783666604102e-02 -9.940093964327e-02 1.78e-09 1.78e-10 9.13e-06 1.764
202   -9.785686999114e-02 -9.937588397096e-02 1.66e-09 1.66e-10 8.65e-06 1.768
203   -9.785736454636e-02 -9.937498411579e-02 1.65e-09 1.65e-10 8.76e-06 1.774
204   -9.787722752055e-02 -9.935050349350e-02 1.54e-09 1.54e-10 8.31e-06 1.778
205   -9.787761782682e-02 -9.934957264951e-02 1.53e-09 1.53e-10 8.41e-06 1.785
206   -9.789655547869e-02 -9.932622553206e-02 1.43e-09 1.43e-10 7.98e-06 1.789
207   -9.789702567750e-02 -9.932538851164e-02 1.42e-09 1.42e-10 8.08e-06 1.795
208   -9.791563350188e-02 -9.930258131042e-02 1.32e-09 1.32e-10 7.66e-06 1.799
209   -9.791600897551e-02 -9.930171677744e-02 1.32e-09 1.32e-10 7.76e-06 1.806
210   -9.793377507127e-02 -9.927993734866e-02 1.23e-09 1.23e-10 7.36e-06 1.810
211   -9.793422243546e-02 -9.927915749568e-02 1.22e-09 1.22e-10 7.45e-06 1.816
212   -9.795167011132e-02 -9.925788519196e-02 1.14e-09 1.14e-10 7.07e-06 1.820
213   -9.795203131210e-02 -9.925708096655e-02 1.13e-09 1.14e-10 7.16e-06 1.827
214   -9.796871242583e-02 -9.923674182953e-02 1.06e-09 1.06e-10 6.79e-06 1.831
215   -9.796913831505e-02 -9.923601409517e-02 1.05e-09 1.05e-10 6.88e-06 1.837
216   -9.798551200668e-02 -9.921615207703e-02 9.84e-10 9.84e-11 6.53e-06 1.841
217   -9.798585944665e-02 -9.921540281088e-02 9.78e-10 9.78e-11 6.61e-06 1.847
218   -9.800153373490e-02 -9.919638973473e-02 9.14e-10 9.14e-11 6.28e-06 1.851
219   -9.800193938951e-02 -9.919570962419e-02 9.09e-10 9.10e-11 6.36e-06 1.858
220   -9.801731658620e-02 -9.917714645774e-02 8.49e-10 8.49e-11 6.04e-06 1.861
221   -9.801765075478e-02 -9.917644738644e-02 8.44e-10 8.44e-11 6.11e-06 1.868
222   -9.803238841491e-02 -9.915865829271e-02 7.89e-10 7.89e-11 5.80e-06 1.872
223   -9.803277498273e-02 -9.915802180564e-02 7.85e-10 7.86e-11 5.88e-06 1.879
224   -9.804722525104e-02 -9.914065792733e-02 7.33e-10 7.34e-11 5.58e-06 1.883
225   -9.804754663109e-02 -9.914000480285e-02 7.29e-10 7.30e-11 5.65e-06 1.889
226   -9.806141085125e-02 -9.912334828131e-02 6.82e-10 6.82e-11 5.37e-06 1.893
227   -9.806177940786e-02 -9.912275184676e-02 6.78e-10 6.79e-11 5.44e-06 1.899
228   -9.807536553612e-02 -9.910649789696e-02 6.34e-10 6.34e-11 5.16e-06 1.903
229   -9.807567460929e-02 -9.910588692192e-02 6.30e-10 6.30e-11 5.23e-06 1.910
230   -9.808872273655e-02 -9.909028057231e-02 5.89e-10 5.89e-11 4.97e-06 1.914
231   -9.808907429611e-02 -9.908972099247e-02 5.86e-10 5.85e-11 5.03e-06 1.921
232   -9.810185351395e-02 -9.907449612541e-02 5.48e-10 5.47e-11 4.78e-06 1.925
233   -9.810215075864e-02 -9.907392389147e-02 5.45e-10 5.44e-11 4.84e-06 1.931
234   -9.811443541742e-02 -9.905929277375e-02 5.10e-10 5.10e-11 4.60e-06 1.935
235   -9.811477093073e-02 -9.905876717303e-02 5.07e-10 5.07e-11 4.66e-06 1.941
236   -9.812679594464e-02 -9.904449762139e-02 4.74e-10 4.74e-11 4.43e-06 1.945
237   -9.812708182835e-02 -9.904396105949e-02 4.72e-10 4.72e-11 4.48e-06 1.952
238   -9.813865177824e-02 -9.903023647531e-02 4.42e-10 4.42e-11 4.26e-06 1.955
239   -9.813897213697e-02 -9.902974225749e-02 4.39e-10 4.40e-11 4.32e-06 1.962
240   -9.815029189428e-02 -9.901636023393e-02 4.11e-10 4.11e-11 4.10e-06 1.966
241   -9.815056687035e-02 -9.901585656957e-02 4.09e-10 4.08e-11 4.15e-06 1.973
242   -9.816146761377e-02 -9.900297515240e-02 3.82e-10 3.82e-11 3.95e-06 1.977
243   -9.816177364544e-02 -9.900250996495e-02 3.80e-10 3.81e-11 4.00e-06 1.983
244   -9.817243380097e-02 -9.898995292588e-02 3.56e-10 3.56e-11 3.80e-06 1.987
245   -9.817269830068e-02 -9.898947964607e-02 3.54e-10 3.54e-11 3.85e-06 1.993
246   -9.818297240018e-02 -9.897738280258e-02 3.31e-10 3.31e-11 3.66e-06 2.000
247   -9.818326487357e-02 -9.897694450960e-02 3.30e-10 3.30e-11 3.71e-06 2.007
248   -9.819330808434e-02 -9.896515463186e-02 3.09e-10 3.08e-11 3.53e-06 2.011
249   -9.819356251813e-02 -9.896470945395e-02 3.07e-10 3.07e-11 3.57e-06 2.017
250   -9.820324980243e-02 -9.895334295037e-02 2.87e-10 2.88e-11 3.40e-06 2.021
251   -9.820352942703e-02 -9.895292960824e-02 2.86e-10 2.87e-11 3.44e-06 2.028
252   -9.821299547183e-02 -9.894185348686e-02 2.68e-10 2.68e-11 3.27e-06 2.039
253   -9.821324022614e-02 -9.894143433683e-02 2.66e-10 2.66e-11 3.31e-06 2.051
254   -9.822237788229e-02 -9.893074803507e-02 2.49e-10 2.49e-11 3.15e-06 2.055
255   -9.822264531540e-02 -9.893035787352e-02 2.48e-10 2.48e-11 3.19e-06 2.065
256   -9.823157122620e-02 -9.891994622436e-02 2.32e-10 2.32e-11 3.04e-06 2.071
257   -9.823180666803e-02 -9.891955121416e-02 2.31e-10 2.30e-11 3.07e-06 2.078
258   -9.824042931836e-02 -9.890949884497e-02 2.16e-10 2.16e-11 2.93e-06 2.083
259   -9.824068516837e-02 -9.890913024953e-02 2.15e-10 2.15e-11 2.96e-06 2.092
260   -9.824910535350e-02 -9.889933764011e-02 2.02e-10 2.01e-11 2.82e-06 2.096
261   -9.824933182952e-02 -9.889896505094e-02 2.00e-10 1.99e-11 2.85e-06 2.105
262   -9.825747164878e-02 -9.888950395748e-02 1.88e-10 1.86e-11 2.72e-06 2.109
263   -9.825771648228e-02 -9.888915545446e-02 1.87e-10 1.85e-11 2.75e-06 2.118
264   -9.826566280609e-02 -9.887994010244e-02 1.75e-10 1.73e-11 2.62e-06 2.124
265   -9.826588064753e-02 -9.887958836560e-02 1.74e-10 1.71e-11 2.65e-06 2.133
266   -9.827356746938e-02 -9.887067927861e-02 1.63e-10 1.61e-11 2.52e-06 2.138
267   -9.827380181429e-02 -9.887034952084e-02 1.62e-10 1.60e-11 2.55e-06 2.147
268   -9.828130378265e-02 -9.886167298687e-02 1.52e-10 1.50e-11 2.43e-06 2.153
269   -9.828151330527e-02 -9.886134067185e-02 1.51e-10 1.49e-11 2.46e-06 2.160
270   -9.828877475870e-02 -9.885294746219e-02 1.42e-10 1.40e-11 2.34e-06 2.166
271   -9.828899911016e-02 -9.885263521783e-02 1.41e-10 1.39e-11 2.37e-06 2.175
272   -9.829608399699e-02 -9.884446217855e-02 1.32e-10 1.30e-11 2.26e-06 2.179
273   -9.829628550535e-02 -9.884414797648e-02 1.31e-10 1.29e-11 2.28e-06 2.188
274   -9.830314718128e-02 -9.883623738834e-02 1.23e-10 1.21e-11 2.17e-06 2.193
275   -9.830336200510e-02 -9.883594152777e-02 1.22e-10 1.20e-11 2.20e-06 2.201
276   -9.831005502740e-02 -9.882823950648e-02 1.15e-10 1.12e-11 2.10e-06 2.205
277   -9.831024881503e-02 -9.882794221918e-02 1.14e-10 1.12e-11 2.12e-06 2.214
278   -9.831673441146e-02 -9.882048363780e-02 1.07e-10 1.05e-11 2.02e-06 2.219
279   -9.831694014581e-02 -9.882020312415e-02 1.06e-10 1.04e-11 2.05e-06 2.229
280   -9.832326463729e-02 -9.881294223242e-02 9.96e-11 9.74e-12 1.95e-06 2.233
281   -9.832345098652e-02 -9.881266076119e-02 9.91e-11 9.79e-12 1.97e-06 2.242
282   -9.832958246944e-02 -9.880562597169e-02 9.29e-11 9.20e-12 1.88e-06 2.247
283   -9.832977952988e-02 -9.880535985050e-02 9.23e-11 9.17e-12 1.90e-06 2.260
284   -9.833575714138e-02 -9.879851250749e-02 8.66e-11 8.57e-12 1.81e-06 2.265
285   -9.833593632749e-02 -9.879824584144e-02 8.61e-11 8.45e-12 1.83e-06 2.274
286   -9.834173410260e-02 -9.879160878362e-02 8.07e-11 7.94e-12 1.74e-06 2.280
287   -9.834192288251e-02 -9.879135617500e-02 8.02e-11 7.80e-12 1.77e-06 2.287
288   -9.834757370787e-02 -9.878489691893e-02 7.52e-11 7.29e-12 1.68e-06 2.292
289   -9.834774599697e-02 -9.878464412743e-02 7.48e-11 7.24e-12 1.70e-06 2.299
290   -9.835322907207e-02 -9.877838066732e-02 7.01e-11 6.81e-12 1.62e-06 2.305
291   -9.835340994591e-02 -9.877814075645e-02 6.97e-11 6.66e-12 1.64e-06 2.313
292   -9.835875269124e-02 -9.877204601233e-02 6.54e-11 6.22e-12 1.56e-06 2.318
293   -9.835891834047e-02 -9.877180623655e-02 6.50e-11 6.17e-12 1.58e-06 2.326
294   -9.836410442574e-02 -9.876589401392e-02 6.10e-11 5.81e-12 1.50e-06 2.332
295   -9.836427774798e-02 -9.876566604928e-02 6.06e-11 5.81e-12 1.52e-06 2.341
296   -9.836932984377e-02 -9.875991396515e-02 5.68e-11 5.43e-12 1.45e-06 2.347
297   -9.836948910258e-02 -9.875968641028e-02 5.65e-11 5.35e-12 1.47e-06 2.357
298   -9.837439476173e-02 -9.875410463290e-02 5.30e-11 5.03e-12 1.40e-06 2.363
299   -9.837456087150e-02 -9.875388791401e-02 5.27e-11 4.93e-12 1.42e-06 2.372
300   -9.837933862937e-02 -9.874845815335e-02 4.94e-11 4.60e-12 1.35e-06 2.377
301   -9.837949174119e-02 -9.874824208178e-02 4.91e-11 4.47e-12 1.36e-06 2.385
302   -9.838413249180e-02 -9.874297138141e-02 4.60e-11 4.21e-12 1.30e-06 2.389
303   -9.838429171057e-02 -9.874276525818e-02 4.58e-11 4.11e-12 1.31e-06 2.397
304   -9.838881039304e-02 -9.873763889162e-02 4.29e-11 3.83e-12 1.25e-06 2.402
305   -9.838895759043e-02 -9.873743362099e-02 4.27e-11 3.80e-12 1.27e-06 2.410
306   -9.839334794873e-02 -9.873245597460e-02 4.00e-11 3.59e-12 1.21e-06 2.415
307   -9.839350058250e-02 -9.873225984204e-02 3.98e-11 3.72e-12 1.22e-06 2.422
308   -9.839777447995e-02 -9.872741923546e-02 3.73e-11 3.47e-12 1.16e-06 2.427
309   -9.839791599021e-02 -9.872722412995e-02 3.71e-11 3.46e-12 1.18e-06 2.436
310   -9.840206961706e-02 -9.872252267155e-02 3.48e-11 3.26e-12 1.12e-06 2.440
311   -9.840221595770e-02 -9.872233596552e-02 3.46e-11 3.18e-12 1.13e-06 2.448
312   -9.840625850781e-02 -9.871776462289e-02 3.24e-11 2.96e-12 1.08e-06 2.452
313   -9.840639455099e-02 -9.871757908971e-02 3.22e-11 3.01e-12 1.09e-06 2.461
314   -9.841032427901e-02 -9.871313805764e-02 3.02e-11 2.84e-12 1.04e-06 2.466
315   -9.841046460626e-02 -9.871296024900e-02 3.00e-11 2.76e-12 1.05e-06 2.473
316   -9.841428842394e-02 -9.870864275941e-02 2.82e-11 2.57e-12 1.00e-06 2.478
317   -9.841441921164e-02 -9.870846624691e-02 2.80e-11 2.57e-12 1.02e-06 2.485
318   -9.841813713778e-02 -9.870427086051e-02 2.63e-11 2.43e-12 9.67e-07 2.490
319   -9.841827171729e-02 -9.870410145581e-02 2.61e-11 2.45e-12 9.78e-07 2.497
320   -9.842188866503e-02 -9.870002339521e-02 2.45e-11 2.28e-12 9.32e-07 2.502
321   -9.842201440290e-02 -9.869985538792e-02 2.43e-11 2.18e-12 9.43e-07 2.509
322   -9.842553189224e-02 -9.869589182586e-02 2.28e-11 2.06e-12 8.98e-07 2.513
323   -9.842566097952e-02 -9.869573036095e-02 2.27e-11 2.13e-12 9.08e-07 2.522
324   -9.842908225510e-02 -9.869187817931e-02 2.13e-11 1.98e-12 8.65e-07 2.526
325   -9.842920314001e-02 -9.869171819602e-02 2.11e-11 2.05e-12 8.75e-07 2.534
326   -9.843253090857e-02 -9.868797348809e-02 1.98e-11 1.94e-12 8.33e-07 2.538
327   -9.843265474365e-02 -9.868781953211e-02 1.97e-11 1.93e-12 8.43e-07 2.546
328   -9.843589085626e-02 -9.868418056445e-02 1.85e-11 1.80e-12 8.03e-07 2.551
329   -9.843600708016e-02 -9.868402815502e-02 1.84e-11 1.74e-12 8.13e-07 2.559
330   -9.843915525543e-02 -9.868049010050e-02 1.72e-11 1.64e-12 7.74e-07 2.564
331   -9.843927407070e-02 -9.868034324549e-02 1.71e-11 1.73e-12 7.83e-07 2.571
332   -9.844233494503e-02 -9.867690558390e-02 1.61e-11 1.61e-12 7.45e-07 2.576
333   -9.844244669513e-02 -9.867676032367e-02 1.60e-11 1.59e-12 7.54e-07 2.584
334   -9.844542483072e-02 -9.867341746384e-02 1.50e-11 1.50e-12 7.18e-07 2.589
335   -9.844553884740e-02 -9.867327732790e-02 1.49e-11 1.41e-12 7.27e-07 2.598
336   -9.844843384212e-02 -9.867002978969e-02 1.39e-11 1.30e-12 6.92e-07 2.603
337   -9.844854129454e-02 -9.866989128544e-02 1.39e-11 1.10e-12 7.00e-07 2.613
338   -9.845135840571e-02 -9.866673285133e-02 1.30e-11 1.04e-12 6.67e-07 2.618
339   -9.845146783572e-02 -9.866659907443e-02 1.29e-11 1.04e-12 6.74e-07 2.625
340   -9.845420581689e-02 -9.866353110935e-02 1.21e-11 9.58e-13 6.42e-07 2.630
341   -9.845430914492e-02 -9.866339898952e-02 1.20e-11 1.06e-12 6.50e-07 2.639
342   -9.845697375000e-02 -9.866041484683e-02 1.13e-11 1.01e-12 6.18e-07 2.643
343   -9.845707879569e-02 -9.866028709127e-02 1.12e-11 9.34e-13 6.26e-07 2.650
344   -9.845966809595e-02 -9.865738881847e-02 1.05e-11 8.67e-13 5.96e-07 2.655
345   -9.845976746768e-02 -9.865726273274e-02 1.05e-11 8.90e-13 6.03e-07 2.663
346   -9.846228763536e-02 -9.865444332103e-02 9.80e-12 8.42e-13 5.74e-07 2.667
347   -9.846238848945e-02 -9.865432126916e-02 9.74e-12 8.80e-13 5.81e-07 2.675
348   -9.846483702557e-02 -9.865158333830e-02 9.13e-12 8.14e-13 5.53e-07 2.679
349   -9.846493260024e-02 -9.865146296144e-02 9.08e-12 8.41e-13 5.59e-07 2.685
350   -9.846731594071e-02 -9.864879929478e-02 8.51e-12 7.92e-13 5.32e-07 2.690
351   -9.846741279017e-02 -9.864868264488e-02 8.46e-12 6.73e-13 5.38e-07 2.698
352   -9.846972802522e-02 -9.864609627099e-02 7.93e-12 6.18e-13 5.13e-07 2.703
353   -9.846981995684e-02 -9.864598129531e-02 7.88e-12 7.26e-13 5.19e-07 2.710
354   -9.847207370610e-02 -9.864346486274e-02 7.39e-12 6.92e-13 4.94e-07 2.714
355   -9.847216672630e-02 -9.864335333384e-02 7.34e-12 7.87e-13 4.99e-07 2.720
356   -9.847435571564e-02 -9.864091023910e-02 6.88e-12 7.30e-13 4.75e-07 2.724
357   -9.847444415390e-02 -9.864080037530e-02 6.84e-12 7.76e-13 4.81e-07 2.731
358   -9.847657513722e-02 -9.863842317480e-02 6.41e-12 7.38e-13 4.58e-07 2.735
359   -9.847666449854e-02 -9.863831649932e-02 6.37e-12 5.96e-13 4.63e-07 2.742
360   -9.847873392488e-02 -9.863600886933e-02 5.97e-12 5.46e-13 4.41e-07 2.746
361   -9.847881901456e-02 -9.863590384399e-02 5.93e-12 7.30e-13 4.46e-07 2.752
362   -9.848083371578e-02 -9.863365830000e-02 5.56e-12 6.97e-13 4.24e-07 2.756
363   -9.848091957887e-02 -9.863355622784e-02 5.53e-12 8.20e-13 4.29e-07 2.763
364   -9.848287579697e-02 -9.863137665593e-02 5.18e-12 7.59e-13 4.09e-07 2.767
365   -9.848295767734e-02 -9.863127621180e-02 5.15e-12 9.32e-13 4.13e-07 2.773
366   -9.848486221865e-02 -9.862915519235e-02 4.83e-12 8.77e-13 3.93e-07 2.777
367   -9.848494473743e-02 -9.862905748708e-02 4.80e-12 6.34e-13 3.98e-07 2.784
368   -9.848679372326e-02 -9.862699902655e-02 4.50e-12 5.87e-13 3.79e-07 2.788
369   -9.848687252639e-02 -9.862690292332e-02 4.47e-12 6.65e-13 3.83e-07 2.794
370   -9.848867273833e-02 -9.862489965802e-02 4.19e-12 6.34e-13 3.65e-07 2.798
371   -9.848875206264e-02 -9.862480609392e-02 4.16e-12 7.84e-13 3.69e-07 2.805
372   -9.849049952630e-02 -9.862286212867e-02 3.90e-12 7.25e-13 3.51e-07 2.809
373   -9.849057538017e-02 -9.862277013940e-02 3.87e-12 8.43e-13 3.55e-07 2.815
374   -9.849227676103e-02 -9.862087826042e-02 3.63e-12 7.97e-13 3.38e-07 2.819
375   -9.849235303195e-02 -9.862078862637e-02 3.61e-12 9.92e-13 3.42e-07 2.825
376   -9.849400432805e-02 -9.861895296608e-02 3.38e-12 9.25e-13 3.25e-07 2.829
377   -9.849407735479e-02 -9.861886487734e-02 3.36e-12 9.84e-13 3.29e-07 2.835
378   -9.849568514451e-02 -9.861707833411e-02 3.15e-12 9.32e-13 3.13e-07 2.839
379   -9.849575849715e-02 -9.861699243073e-02 3.13e-12 8.78e-13 3.17e-07 2.846
380   -9.849731875435e-02 -9.861525916414e-02 2.93e-12 8.17e-13 3.01e-07 2.850
381   -9.849738907401e-02 -9.861517477205e-02 2.91e-12 9.80e-13 3.05e-07 2.856
382   -9.849890824203e-02 -9.861348784124e-02 2.73e-12 9.23e-13 2.90e-07 2.861
383   -9.849897880649e-02 -9.861340547896e-02 2.71e-12 9.67e-13 2.93e-07 2.868
384   -9.850045288380e-02 -9.861176901952e-02 2.54e-12 9.01e-13 2.79e-07 2.872
385   -9.850052060929e-02 -9.861168813421e-02 2.53e-12 1.06e-12 2.82e-07 2.878
386   -9.850195584972e-02 -9.861009542214e-02 2.37e-12 1.01e-12 2.69e-07 2.882
387   -9.850202374683e-02 -9.861001642505e-02 2.35e-12 9.57e-13 2.72e-07 2.888
388   -9.850341622521e-02 -9.860847151698e-02 2.21e-12 8.91e-13 2.59e-07 2.892
389   -9.850348146421e-02 -9.860839396042e-02 2.19e-12 9.46e-13 2.61e-07 2.899
390   -9.850483723420e-02 -9.860689035777e-02 2.05e-12 9.00e-13 2.49e-07 2.903
391   -9.850490258204e-02 -9.860681455769e-02 2.04e-12 8.49e-13 2.51e-07 2.909
392   -9.850621780644e-02 -9.860535622735e-02 1.91e-12 7.88e-13 2.39e-07 2.913
393   -9.850628066537e-02 -9.860528182846e-02 1.90e-12 7.73e-13 2.42e-07 2.920
394   -9.850756121799e-02 -9.860386247226e-02 1.78e-12 7.41e-13 2.30e-07 2.924
395   -9.850762412933e-02 -9.860378970936e-02 1.77e-12 6.97e-13 2.33e-07 2.930
396   -9.850886625543e-02 -9.860241321148e-02 1.66e-12 6.42e-13 2.22e-07 2.935
397   -9.850892683182e-02 -9.860234181309e-02 1.64e-12 7.89e-13 2.24e-07 2.942
398   -9.851013617939e-02 -9.860100212401e-02 1.54e-12 7.42e-13 2.13e-07 2.946
399   -9.851019676019e-02 -9.860093224992e-02 1.53e-12 4.76e-13 2.16e-07 2.952
400   -9.851136968062e-02 -9.859963314650e-02 1.44e-12 4.43e-13 2.05e-07 2.956
401   -9.851142807299e-02 -9.859956459542e-02 1.42e-12 2.41e-13 2.07e-07 2.964
402   -9.851257003760e-02 -9.859830022127e-02 1.34e-12 2.35e-13 1.97e-07 2.977
403   -9.851262839125e-02 -9.859823309231e-02 1.33e-12 1.03e-13 1.99e-07 2.989
404   -9.851373585637e-02 -9.859700711852e-02 1.24e-12 1.05e-13 1.90e-07 2.993
405   -9.851379215501e-02 -9.859694127443e-02 1.23e-12 1.35e-13 1.92e-07 3.001
406   -9.851487035583e-02 -9.859574810135e-02 1.16e-12 1.27e-13 1.83e-07 3.005
407   -9.851492657771e-02 -9.859568358617e-02 1.15e-12 8.30e-14 1.85e-07 3.013
408   -9.851597209353e-02 -9.859452676010e-02 1.08e-12 8.55e-14 1.76e-07 3.019
409   -9.851602638551e-02 -9.859446348975e-02 1.07e-12 8.55e-14 1.78e-07 3.026
410   -9.851704427285e-02 -9.859333760366e-02 1.00e-12 8.22e-14 1.69e-07 3.030
411   -9.851709845829e-02 -9.859327557289e-02 9.95e-13 2.60e-13 1.71e-07 3.037
412   -9.851808540909e-02 -9.859218405985e-02 9.33e-13 2.54e-13 1.63e-07 3.041
413   -9.851813777667e-02 -9.859212323868e-02 9.25e-13 2.74e-13 1.64e-07 3.049
414   -9.851909856389e-02 -9.859106099875e-02 8.68e-13 2.57e-13 1.56e-07 3.053
415   -9.851915079732e-02 -9.859100133730e-02 8.61e-13 4.24e-13 1.58e-07 3.060
416   -9.852008232301e-02 -9.858997158317e-02 8.08e-13 3.99e-13 1.50e-07 3.064
417   -9.852013284942e-02 -9.858991308897e-02 8.01e-13 5.64e-13 1.52e-07 3.072
418   -9.852103967311e-02 -9.858891095028e-02 7.51e-13 5.25e-13 1.45e-07 3.076
419   -9.852109003927e-02 -9.858885354417e-02 7.46e-13 4.51e-13 1.46e-07 3.084
420   -9.852196915539e-02 -9.858788214229e-02 6.99e-13 4.30e-13 1.39e-07 3.088
421   -9.852201791514e-02 -9.858782586523e-02 6.94e-13 3.64e-13 1.40e-07 3.096
422   -9.852287368830e-02 -9.858688053848e-02 6.50e-13 3.39e-13 1.34e-07 3.100
423   -9.852292226709e-02 -9.858682528173e-02 6.45e-13 9.37e-13 1.35e-07 3.109
424   -9.852375183486e-02 -9.858590900464e-02 6.05e-13 8.81e-13 1.29e-07 3.114
425   -9.852379889962e-02 -9.858585483998e-02 6.00e-13 8.62e-13 1.30e-07 3.120
426   -9.852460640528e-02 -9.858496318801e-02 5.63e-13 8.05e-13 1.24e-07 3.125
427   -9.852465327219e-02 -9.858490998066e-02 5.58e-13 8.92e-13 1.25e-07 3.132
428   -9.852543598234e-02 -9.858404579686e-02 5.24e-13 8.42e-13 1.19e-07 3.136
429   -9.852548142280e-02 -9.858399364394e-02 5.19e-13 9.62e-13 1.20e-07 3.143
430   -9.852624328980e-02 -9.858315270746e-02 4.87e-13 8.99e-13 1.14e-07 3.147
431   -9.852628851807e-02 -9.858310145374e-02 4.83e-13 8.71e-13 1.15e-07 3.155
432   -9.852702695892e-02 -9.858228645217e-02 4.53e-13 8.20e-13 1.10e-07 3.159
433   -9.852707084081e-02 -9.858223621751e-02 4.49e-13 9.39e-13 1.11e-07 3.166
434   -9.852778958247e-02 -9.858144317136e-02 4.21e-13 8.83e-13 1.06e-07 3.170
435   -9.852783323969e-02 -9.858139378287e-02 4.18e-13 1.01e-12 1.07e-07 3.176
436   -9.852852979875e-02 -9.858062528003e-02 3.92e-13 9.55e-13 1.02e-07 3.181
437   -9.852857218208e-02 -9.858057687855e-02 3.89e-13 9.03e-13 1.03e-07 3.187
438   -9.852925014491e-02 -9.857982908763e-02 3.65e-13 8.47e-13 9.76e-08 3.191
439   -9.852929229616e-02 -9.857978148057e-02 3.61e-13 6.18e-13 9.85e-08 3.198
440   -9.852994931308e-02 -9.857905685179e-02 3.39e-13 5.86e-13 9.38e-08 3.202
441   -9.852999025863e-02 -9.857901019930e-02 3.36e-13 9.16e-13 9.47e-08 3.208
442   -9.853062968433e-02 -9.857830514959e-02 3.15e-13 8.59e-13 9.02e-08 3.212
443   -9.853067038868e-02 -9.857825924725e-02 3.13e-13 5.13e-13 9.10e-08 3.218
444   -9.853129002377e-02 -9.857757607052e-02 2.93e-13 4.85e-13 8.67e-08 3.222
445   -9.853132958653e-02 -9.857753109071e-02 2.91e-13 5.83e-13 8.75e-08 3.229
446   -9.853193257687e-02 -9.857686642737e-02 2.73e-13 5.30e-13 8.33e-08 3.233
447   -9.853197189084e-02 -9.857682215751e-02 2.70e-13 3.56e-13 8.41e-08 3.239
448   -9.853255617985e-02 -9.857617815282e-02 2.53e-13 3.34e-13 8.01e-08 3.243
449   -9.853259441617e-02 -9.857613476985e-02 2.51e-13 1.12e-13 8.08e-08 3.250
450   -9.853316300627e-02 -9.857550821611e-02 2.36e-13 1.01e-13 7.69e-08 3.254
451   -9.853320098548e-02 -9.857546550794e-02 2.34e-13 2.75e-13 7.76e-08 3.260
452   -9.853375188842e-02 -9.857485848311e-02 2.19e-13 2.62e-13 7.39e-08 3.264
453   -9.853378884698e-02 -9.857481663044e-02 2.17e-13 4.40e-13 7.46e-08 3.271
454   -9.853432492504e-02 -9.857422607523e-02 2.04e-13 4.23e-13 7.10e-08 3.275
455   -9.853436162414e-02 -9.857418485989e-02 2.02e-13 4.04e-13 7.17e-08 3.281
456   -9.853488100180e-02 -9.857361273596e-02 1.89e-13 3.86e-13 6.83e-08 3.285
457   -9.853491673069e-02 -9.857357234890e-02 1.88e-13 7.21e-13 6.89e-08 3.292
458   -9.853542209936e-02 -9.857301577902e-02 1.76e-13 6.87e-13 6.56e-08 3.296
459   -9.853545756827e-02 -9.857297599409e-02 1.74e-13 6.17e-13 6.61e-08 3.301
460   -9.853594716591e-02 -9.857243682251e-02 1.64e-13 5.71e-13 6.30e-08 3.306
461   -9.853598171562e-02 -9.857239783512e-02 1.62e-13 7.13e-13 6.35e-08 3.312
462   -9.853645810067e-02 -9.857187332548e-02 1.52e-13 6.72e-13 6.05e-08 3.316
463   -9.853649238495e-02 -9.857183491383e-02 1.51e-13 1.67e-13 6.10e-08 3.323
464   -9.853695385426e-02 -9.857132685218e-02 1.41e-13 1.54e-13 5.81e-08 3.326
465   -9.853698726508e-02 -9.857128921038e-02 1.40e-13 3.56e-13 5.86e-08 3.333
466   -9.853743624244e-02 -9.857079500338e-02 1.31e-13 3.28e-13 5.58e-08 3.337
467   -9.853746938580e-02 -9.857075791044e-02 1.30e-13 4.88e-13 5.63e-08 3.343
468   -9.853790428287e-02 -9.857027922433e-02 1.22e-13 4.62e-13 5.36e-08 3.347
469   -9.853793659084e-02 -9.857024287975e-02 1.21e-13 1.00e-13 5.41e-08 3.354
470   -9.853835966310e-02 -9.856977730117e-02 1.13e-13 9.19e-14 5.15e-08 3.358
471   -9.853839170574e-02 -9.856974147699e-02 1.12e-13 1.14e-13 5.19e-08 3.365
472   -9.853880151299e-02 -9.856929051554e-02 1.05e-13 1.14e-13 4.95e-08 3.369
473   -9.853883276521e-02 -9.856925540878e-02 1.04e-13 2.54e-13 4.99e-08 3.376
474   -9.853923142966e-02 -9.856881679304e-02 9.79e-14 2.41e-13 4.75e-08 3.380
475   -9.853926241310e-02 -9.856878218686e-02 9.69e-14 1.59e-13 4.79e-08 3.387
476   -9.853964852503e-02 -9.856835739828e-02 9.10e-14 1.58e-13 4.56e-08 3.391
477   -9.853967875078e-02 -9.856832348996e-02 9.00e-14 1.39e-13 4.60e-08 3.399
478   -9.854005430105e-02 -9.856791039712e-02 8.45e-14 1.51e-13 4.38e-08 3.403
479   -9.854008425988e-02 -9.856787696635e-02 8.36e-14 1.19e-13 4.42e-08 3.409
480   -9.854044799791e-02 -9.856747688117e-02 7.85e-14 1.17e-13 4.21e-08 3.413
481   -9.854047724062e-02 -9.856744411716e-02 7.78e-14 2.55e-13 4.24e-08 3.420
482   -9.854083101170e-02 -9.856705506431e-02 7.29e-14 2.51e-13 4.04e-08 3.424
483   -9.854085998576e-02 -9.856702276041e-02 7.22e-14 9.52e-13 4.07e-08 3.430
484   -9.854120262187e-02 -9.856664596572e-02 6.77e-14 8.93e-13 3.88e-08 3.435
485   -9.854123090871e-02 -9.856661431021e-02 6.69e-14 1.16e-12 3.91e-08 3.441
486   -9.854156410538e-02 -9.856624795881e-02 6.28e-14 1.11e-12 3.72e-08 3.445
487   -9.854159212174e-02 -9.856621674843e-02 6.22e-14 1.13e-12 3.75e-08 3.451
488   -9.854191475239e-02 -9.856586202530e-02 5.84e-14 1.06e-12 3.57e-08 3.455
489   -9.854194211536e-02 -9.856583143793e-02 5.78e-14 8.17e-13 3.60e-08 3.462
490   -9.854225588086e-02 -9.856548651909e-02 5.42e-14 7.55e-13 3.43e-08 3.466
491   -9.854228297468e-02 -9.856545635977e-02 5.36e-14 7.17e-13 3.45e-08 3.472
492   -9.854258679249e-02 -9.856512238572e-02 5.04e-14 6.72e-13 3.29e-08 3.476
493   -9.854261326068e-02 -9.856509282970e-02 4.98e-14 5.88e-13 3.32e-08 3.483
494   -9.854290869325e-02 -9.856476812510e-02 4.67e-14 5.59e-13 3.16e-08 3.487
495   -9.854293489449e-02 -9.856473898078e-02 4.62e-14 4.88e-13 3.18e-08 3.493
496   -9.854322092944e-02 -9.856442461316e-02 4.34e-14 4.58e-13 3.03e-08 3.496
497   -9.854324653338e-02 -9.856439605074e-02 4.29e-14 3.14e-13 3.05e-08 3.502
498   -9.854352464923e-02 -9.856409043376e-02 4.03e-14 2.94e-13 2.91e-08 3.506
499   -9.854354999086e-02 -9.856406226538e-02 3.99e-14 4.07e-13 2.93e-08 3.512
500   -9.854381927855e-02 -9.856376635675e-02 3.74e-14 3.98e-13 2.79e-08 3.516
501   -9.854384404177e-02 -9.856373875796e-02 3.70e-14 3.31e-14 2.81e-08 3.522
502   -9.854410579065e-02 -9.856345117592e-02 3.47e-14 3.14e-14 2.68e-08 3.526
503   -9.854413029231e-02 -9.856342395913e-02 3.44e-14 6.85e-14 2.70e-08 3.533
504   -9.854438371356e-02 -9.856314553290e-02 3.23e-14 6.13e-14 2.57e-08 3.537
505   -9.854440766601e-02 -9.856311886116e-02 3.38e-14 2.14e-13 2.59e-08 3.543
506   -9.854465400407e-02 -9.856284825578e-02 3.10e-14 1.75e-13 2.46e-08 3.547
507   -9.854467769417e-02 -9.856282195687e-02 3.45e-14 1.58e-13 2.48e-08 3.553
508   -9.854491617626e-02 -9.856255998673e-02 3.31e-14 1.51e-13 2.36e-08 3.557
509   -9.854493933659e-02 -9.856253421842e-02 3.97e-14 1.79e-13 2.38e-08 3.563
510   -9.854517113336e-02 -9.856227962707e-02 3.66e-14 1.54e-13 2.27e-08 3.567
511   -9.854519403233e-02 -9.856225422149e-02 3.77e-14 7.38e-13 2.28e-08 3.573
512   -9.854541838670e-02 -9.856200780898e-02 3.61e-14 7.10e-13 2.17e-08 3.577
513   -9.854544078068e-02 -9.856198291281e-02 4.04e-14 4.53e-13 2.19e-08 3.582
514   -9.854565881743e-02 -9.856174347090e-02 3.74e-14 4.12e-13 2.09e-08 3.586
515   -9.854568095207e-02 -9.856171892708e-02 3.84e-14 1.73e-13 2.10e-08 3.592
516   -9.854589199088e-02 -9.856148717414e-02 3.67e-14 1.73e-13 2.00e-08 3.596
517   -9.854591363697e-02 -9.856146312717e-02 4.28e-14 5.41e-13 2.01e-08 3.601
518   -9.854611871788e-02 -9.856123794568e-02 3.96e-14 5.05e-13 1.92e-08 3.605
519   -9.854614010788e-02 -9.856121424031e-02 4.06e-14 3.96e-13 1.93e-08 3.611
520   -9.854633857281e-02 -9.856099632664e-02 3.88e-14 3.64e-13 1.84e-08 3.614
521   -9.854635949363e-02 -9.856097310160e-02 4.46e-14 2.74e-13 1.85e-08 3.620
522   -9.854655234759e-02 -9.856076137483e-02 4.13e-14 2.31e-13 1.76e-08 3.624
523   -9.854657301490e-02 -9.856073848199e-02 4.22e-14 4.16e-13 1.77e-08 3.630
524   -9.854675963643e-02 -9.856053360049e-02 4.02e-14 3.65e-13 1.69e-08 3.634
525   -9.854677985046e-02 -9.856051117474e-02 4.58e-14 1.60e-13 1.70e-08 3.639
526   -9.854696114924e-02 -9.856031216035e-02 4.25e-14 1.54e-13 1.62e-08 3.643
527   -9.854698111176e-02 -9.856029005897e-02 4.52e-14 5.14e-13 1.63e-08 3.649
528   -9.854715653769e-02 -9.856009749382e-02 4.30e-14 4.61e-13 1.55e-08 3.653
529   -9.854717606763e-02 -9.856007584045e-02 4.66e-14 1.21e-12 1.56e-08 3.660
530   -9.854734647754e-02 -9.855988880277e-02 4.33e-14 1.15e-12 1.49e-08 3.664
531   -9.854736576134e-02 -9.855986746256e-02 4.41e-14 6.44e-13 1.49e-08 3.670
532   -9.854753065023e-02 -9.855968648685e-02 4.20e-14 6.37e-13 1.43e-08 3.674
533   -9.854754951555e-02 -9.855966558265e-02 4.71e-14 1.63e-12 1.43e-08 3.679
534   -9.854770970697e-02 -9.855948978206e-02 4.37e-14 1.53e-12 1.37e-08 3.683
535   -9.854772832579e-02 -9.855946918679e-02 4.45e-14 2.48e-13 1.37e-08 3.689
536   -9.854788326514e-02 -9.855929915178e-02 4.23e-14 2.86e-13 1.31e-08 3.692
537   -9.854790147558e-02 -9.855927898430e-02 4.72e-14 1.84e-13 1.31e-08 3.698
538   -9.854805196210e-02 -9.855911385337e-02 4.39e-14 1.91e-13 1.25e-08 3.702
539   -9.854806992948e-02 -9.855909398712e-02 4.62e-14 6.89e-13 1.26e-08 3.708
540   -9.854821547500e-02 -9.855893427951e-02 4.39e-14 5.96e-13 1.20e-08 3.712
541   -9.854823304462e-02 -9.855891483195e-02 4.71e-14 6.55e-13 1.21e-08 3.718
542   -9.854837438413e-02 -9.855875975531e-02 4.39e-14 6.23e-13 1.15e-08 3.722
543   -9.854839171783e-02 -9.855874059737e-02 4.45e-14 6.72e-13 1.15e-08 3.728
544   -9.854852842681e-02 -9.855859060259e-02 4.22e-14 6.18e-13 1.10e-08 3.732
545   -9.854854538621e-02 -9.855857183988e-02 4.53e-14 1.08e-12 1.11e-08 3.738
546   -9.854867812775e-02 -9.855842621240e-02 4.21e-14 1.04e-12 1.05e-08 3.742
547   -9.854869484551e-02 -9.855840774216e-02 4.42e-14 8.02e-13 1.06e-08 3.748
548   -9.854882319717e-02 -9.855826693169e-02 4.20e-14 7.22e-13 1.01e-08 3.752
549   -9.854883955094e-02 -9.855824884756e-02 4.64e-14 9.90e-13 1.01e-08 3.758
550   -9.854896412793e-02 -9.855811219098e-02 4.31e-14 9.24e-13 9.67e-09 3.762
551   -9.854898024597e-02 -9.855809438985e-02 4.51e-14 7.20e-13 9.71e-09 3.768
552   -9.854910070608e-02 -9.855796225027e-02 4.29e-14 6.52e-13 9.26e-09 3.772
553   -9.854911647824e-02 -9.855794481711e-02 4.70e-14 3.27e-13 9.29e-09 3.778
554   -9.854923343759e-02 -9.855781652937e-02 4.37e-14 2.89e-13 8.86e-09 3.782
555   -9.854924897370e-02 -9.855779937686e-02 4.56e-14 6.48e-13 8.89e-09 3.788
556   -9.854936205982e-02 -9.855767533819e-02 4.33e-14 5.69e-13 8.48e-09 3.792
557   -9.854937726613e-02 -9.855765853760e-02 4.72e-14 9.67e-14 8.51e-09 3.798
558   -9.854948700135e-02 -9.855753818480e-02 4.40e-14 1.06e-13 8.12e-09 3.802
559   -9.854950197182e-02 -9.855752166219e-02 4.44e-14 6.64e-13 8.15e-09 3.807
560   -9.854960805722e-02 -9.855740531296e-02 4.21e-14 6.02e-13 7.77e-09 3.811
561   -9.854962270413e-02 -9.855738913692e-02 4.59e-14 5.43e-13 7.80e-09 3.816
562   -9.854972562173e-02 -9.855727627131e-02 4.28e-14 5.13e-13 7.44e-09 3.820
563   -9.854974004164e-02 -9.855726036140e-02 4.32e-14 1.60e-13 7.46e-09 3.826
564   -9.854983953920e-02 -9.855715124696e-02 4.10e-14 1.55e-13 7.12e-09 3.830
565   -9.854985364679e-02 -9.855713567248e-02 4.34e-14 3.92e-13 7.14e-09 3.836
566   -9.854995015057e-02 -9.855702984958e-02 4.05e-14 3.73e-13 6.81e-09 3.840
567   -9.854996403898e-02 -9.855701453085e-02 4.21e-14 1.04e-12 6.83e-09 3.846
568   -9.855005735682e-02 -9.855691220206e-02 3.99e-14 9.70e-13 6.52e-09 3.850
569   -9.855007093731e-02 -9.855689721491e-02 4.34e-14 9.46e-13 6.53e-09 3.856
570   -9.855016141554e-02 -9.855679800739e-02 4.05e-14 9.05e-13 6.23e-09 3.860
571   -9.855017477676e-02 -9.855678327443e-02 4.08e-14 1.33e-12 6.25e-09 3.866
572   -9.855026219704e-02 -9.855668742020e-02 3.87e-14 1.22e-12 5.96e-09 3.869
573   -9.855027526177e-02 -9.855667300720e-02 4.09e-14 9.65e-13 5.98e-09 3.876
574   -9.855036004281e-02 -9.855658005366e-02 3.82e-14 9.09e-13 5.70e-09 3.880
575   -9.855037290451e-02 -9.855656587553e-02 3.96e-14 1.40e-12 5.72e-09 3.887
576   -9.855045482744e-02 -9.855647605592e-02 3.76e-14 1.33e-12 5.45e-09 3.891
577   -9.855046739624e-02 -9.855646219448e-02 4.07e-14 1.10e-12 5.47e-09 3.896
578   -9.855054685343e-02 -9.855637508440e-02 3.80e-14 1.04e-12 5.22e-09 3.900
579   -9.855055922513e-02 -9.855636145005e-02 3.83e-14 7.03e-13 5.23e-09 3.906
580   -9.855063595801e-02 -9.855627732684e-02 3.63e-14 6.81e-13 4.99e-09 3.910
581   -9.855064804183e-02 -9.855626400441e-02 3.94e-14 8.95e-14 5.00e-09 3.916
582   -9.855072242938e-02 -9.855618245792e-02 3.67e-14 7.66e-14 4.77e-09 3.920
583   -9.855073432711e-02 -9.855616934942e-02 3.80e-14 9.62e-13 4.78e-09 3.926
584   -9.855080622680e-02 -9.855609053043e-02 3.61e-14 9.02e-13 4.56e-09 3.930
585   -9.855081785228e-02 -9.855607771713e-02 3.80e-14 5.55e-13 4.57e-09 3.936
586   -9.855088753837e-02 -9.855600132972e-02 3.55e-14 5.29e-13 4.36e-09 3.940
587   -9.855089897077e-02 -9.855598873694e-02 3.57e-14 1.24e-12 4.37e-09 3.946
588   -9.855096624957e-02 -9.855591498831e-02 3.38e-14 1.14e-12 4.17e-09 3.950
589   -9.855097742176e-02 -9.855590267806e-02 3.57e-14 1.36e-12 4.17e-09 3.955
590   -9.855104260788e-02 -9.855583122788e-02 3.33e-14 1.29e-12 3.98e-09 3.959
591   -9.855105358665e-02 -9.855581913754e-02 3.35e-14 7.88e-13 3.99e-09 3.965
592   -9.855111653123e-02 -9.855575014430e-02 3.18e-14 7.51e-13 3.81e-09 3.969
593   -9.855112727416e-02 -9.855573831028e-02 3.45e-14 8.86e-13 3.81e-09 3.974
594   -9.855118831759e-02 -9.855567140503e-02 3.22e-14 7.94e-13 3.64e-09 3.978
595   -9.855119887989e-02 -9.855565977599e-02 3.33e-14 7.72e-13 3.64e-09 3.984
596   -9.855125778215e-02 -9.855559521747e-02 3.16e-14 7.10e-13 3.48e-09 3.988
597   -9.855126809578e-02 -9.855558385917e-02 3.41e-14 9.11e-14 3.48e-09 3.994
598   -9.855132515017e-02 -9.855552132959e-02 3.18e-14 9.11e-14 3.32e-09 3.998
599   -9.855133527614e-02 -9.855551018331e-02 3.20e-14 5.89e-13 3.33e-09 4.003
600   -9.855139034606e-02 -9.855544982855e-02 3.03e-14 5.40e-13 3.18e-09 4.007
601   -9.855140025567e-02 -9.855543891805e-02 3.28e-14 1.22e-12 3.18e-09 4.013
602   -9.855145358523e-02 -9.855538047394e-02 3.06e-14 1.13e-12 3.04e-09 4.017
603   -9.855146333100e-02 -9.855536974840e-02 3.07e-14 1.42e-12 3.04e-09 4.022
604   -9.855151486514e-02 -9.855531327203e-02 2.91e-14 1.43e-12 2.90e-09 4.026
605   -9.855152438701e-02 -9.855530279074e-02 3.14e-14 1.51e-12 2.90e-09 4.032
606   -9.855157428018e-02 -9.855524811559e-02 2.94e-14 1.46e-12 2.77e-09 4.036
607   -9.855158362741e-02 -9.855523783073e-02 3.03e-14 1.93e-12 2.77e-09 4.042
608   -9.855163171795e-02 -9.855518513085e-02 2.87e-14 1.82e-12 2.65e-09 4.046
609   -9.855164087334e-02 -9.855517505530e-02 3.09e-14 1.03e-12 2.65e-09 4.052
610   -9.855168750633e-02 -9.855512395548e-02 2.89e-14 1.02e-12 2.53e-09 4.056
611   -9.855169647553e-02 -9.855511408828e-02 2.97e-14 1.96e-12 2.53e-09 4.063
612   -9.855174143641e-02 -9.855506482060e-02 2.82e-14 1.92e-12 2.41e-09 4.066
613   -9.855175020340e-02 -9.855505517457e-02 3.03e-14 1.04e-12 2.41e-09 4.072
614   -9.855179369863e-02 -9.855500751523e-02 2.83e-14 1.06e-12 2.31e-09 4.076
615   -9.855180231713e-02 -9.855499803473e-02 4.33e-15 2.59e-12 2.30e-09 4.081
616   -9.855184430108e-02 -9.855495203148e-02 3.89e-15 2.49e-12 2.20e-09 4.085
617   -9.855185270722e-02 -9.855494278429e-02 1.33e-15 3.50e-12 2.20e-09 4.091
618   -9.855189332395e-02 -9.855489828117e-02 1.44e-15 3.28e-12 2.10e-09 4.095
619   -9.855190159444e-02 -9.855488918601e-02 8.88e-16 2.36e-12 2.10e-09 4.100
620   -9.855194077968e-02 -9.855484625139e-02 6.66e-16 2.27e-12 2.01e-09 4.104
621   -9.855194886987e-02 -9.855483735342e-02 1.22e-15 2.88e-12 2.01e-09 4.110
622   -9.855198681770e-02 -9.855479577658e-02 9.71e-16 2.67e-12 1.92e-09 4.114
623   -9.855199476940e-02 -9.855478703343e-02 2.14e-15 3.45e-12 1.91e-09 4.120
624   -9.855203135251e-02 -9.855474695179e-02 2.19e-15 3.23e-12 1.83e-09 4.124
625   -9.855203911278e-02 -9.855473841821e-02 4.41e-15 6.29e-12 1.83e-09 4.130
626   -9.855207451822e-02 -9.855469962857e-02 4.00e-15 5.93e-12 1.75e-09 4.134
627   -9.855208216267e-02 -9.855469122469e-02 5.05e-15 7.60e-12 1.74e-09 4.140
628   -9.855211636693e-02 -9.855465375110e-02 4.94e-15 7.06e-12 1.67e-09 4.144
629   -9.855212383304e-02 -9.855464554322e-02 3.22e-14 7.76e-12 1.67e-09 4.149
630   -9.855215683943e-02 -9.855460938343e-02 3.01e-14 7.38e-12 1.59e-09 4.153
631   -9.855216416184e-02 -9.855460133395e-02 3.00e-15 1.27e-11 1.59e-09 4.159
632   -9.855219599987e-02 -9.855456645415e-02 3.00e-15 1.19e-11 1.52e-09 4.163
633   -9.855220315810e-02 -9.855455858535e-02 5.02e-15 1.26e-11 1.52e-09 4.168
634   -9.855223395637e-02 -9.855452484605e-02 4.58e-15 1.19e-11 1.45e-09 4.172
635   -9.855224097737e-02 -9.855451712986e-02 4.94e-15 1.06e-11 1.45e-09 4.178
636   -9.855227063719e-02 -9.855448463764e-02 4.80e-15 9.94e-12 1.39e-09 4.182
637   -9.855227752185e-02 -9.855447707072e-02 6.19e-15 1.02e-11 1.38e-09 4.188
638   -9.855230627430e-02 -9.855444557392e-02 5.69e-15 9.66e-12 1.32e-09 4.192
639   -9.855231300428e-02 -9.855443817855e-02 6.00e-15 1.18e-11 1.32e-09 4.197
640   -9.855234064825e-02 -9.855440789586e-02 5.80e-15 1.11e-11 1.26e-09 4.201
641   -9.855234726489e-02 -9.855440062480e-02 7.08e-15 1.07e-11 1.26e-09 4.207
642   -9.855237409339e-02 -9.855437123670e-02 6.55e-15 1.01e-11 1.20e-09 4.211
643   -9.855238058699e-02 -9.855436410205e-02 6.83e-15 8.53e-12 1.20e-09 4.217
644   -9.855240636529e-02 -9.855433586429e-02 6.58e-15 7.97e-12 1.15e-09 4.221
645   -9.855241269749e-02 -9.855432890672e-02 8.24e-15 6.94e-12 1.14e-09 4.226
646   -9.855243761554e-02 -9.855430161229e-02 7.66e-15 6.48e-12 1.10e-09 4.230
647   -9.855244384627e-02 -9.855429476742e-02 8.38e-15 5.84e-12 1.09e-09 4.236
648   -9.855246793427e-02 -9.855426838227e-02 8.05e-15 5.50e-12 1.05e-09 4.240
649   -9.855247405314e-02 -9.855426166002e-02 9.60e-15 3.89e-12 1.04e-09 4.245
650   -9.855249730936e-02 -9.855423618692e-02 8.94e-15 3.67e-12 9.97e-10 4.249
651   -9.855250330388e-02 -9.855422960225e-02 9.58e-15 5.57e-12 9.93e-10 4.255
652   -9.855252570157e-02 -9.855420506952e-02 9.16e-15 5.32e-12 9.51e-10 4.259
653   -9.855253156052e-02 -9.855419863364e-02 1.06e-14 5.39e-12 9.47e-10 4.264
654   -9.855255326709e-02 -9.855417485876e-02 9.88e-15 5.03e-12 9.07e-10 4.268
655   -9.855255900703e-02 -9.855416855446e-02 1.05e-14 1.86e-12 9.02e-10 4.275
656   -9.855257981844e-02 -9.855414575998e-02 9.99e-15 1.76e-12 8.65e-10 4.279
657   -9.855258545720e-02 -9.855413956671e-02 1.09e-14 1.76e-12 8.60e-10 4.285
658   -9.855260562206e-02 -9.855411748123e-02 1.02e-14 1.74e-12 8.24e-10 4.289
659   -9.855261114760e-02 -9.855411141313e-02 1.07e-14 3.23e-12 8.20e-10 4.295
660   -9.855263061675e-02 -9.855409008965e-02 1.02e-14 3.05e-12 7.86e-10 4.299
661   -9.855263600733e-02 -9.855408416969e-02 1.15e-14 3.33e-12 7.82e-10 4.304
662   -9.855265472781e-02 -9.855406366673e-02 1.08e-14 3.20e-12 7.49e-10 4.308
663   -9.855266005533e-02 -9.855405781618e-02 7.44e-15 5.02e-12 7.45e-10 4.313
664   -9.855267813203e-02 -9.855403801849e-02 6.94e-15 4.78e-12 7.14e-10 4.317
665   -9.855268330927e-02 -9.855403233349e-02 5.33e-15 6.27e-12 7.10e-10 4.323
666   -9.855270071695e-02 -9.855401326908e-02 5.11e-15 5.94e-12 6.81e-10 4.327
667   -9.855270581756e-02 -9.855400766888e-02 4.33e-15 9.51e-12 6.77e-10 4.332
668   -9.855272267969e-02 -9.855398920203e-02 4.00e-15 9.06e-12 6.49e-10 4.336
669   -9.855272763144e-02 -9.855398376564e-02 1.30e-14 7.30e-12 6.45e-10 4.342
670   -9.855274383427e-02 -9.855396602127e-02 1.22e-14 6.89e-12 6.18e-10 4.346
671   -9.855274875953e-02 -9.855396061372e-02 4.33e-15 7.43e-12 6.14e-10 4.351
672   -9.855276444170e-02 -9.855394343969e-02 4.00e-15 7.02e-12 5.89e-10 4.355
673   -9.855276921361e-02 -9.855393820120e-02 1.21e-14 9.00e-12 5.85e-10 4.360
674   -9.855278427245e-02 -9.855392171024e-02 1.14e-14 8.50e-12 5.61e-10 4.364
675   -9.855278896329e-02 -9.855391656094e-02 1.13e-14 8.66e-12 5.57e-10 4.369
676   -9.855280344240e-02 -9.855390070484e-02 1.08e-14 8.12e-12 5.35e-10 4.373
677   -9.855280802866e-02 -9.855389567028e-02 1.18e-14 8.12e-12 5.31e-10 4.379
678   -9.855282213597e-02 -9.855388022190e-02 1.10e-14 7.75e-12 5.09e-10 4.383
679   -9.855282663187e-02 -9.855387528663e-02 4.00e-15 9.61e-12 5.05e-10 4.388
680   -9.855284003103e-02 -9.855386061363e-02 3.66e-15 9.15e-12 4.85e-10 4.392
681   -9.855284447056e-02 -9.855385574061e-02 2.39e-15 7.36e-12 4.81e-10 4.398
682   -9.855285759328e-02 -9.855384137096e-02 2.33e-15 6.99e-12 4.62e-10 4.401
683   -9.855286193857e-02 -9.855383660142e-02 1.61e-14 1.01e-11 4.58e-10 4.407
684   -9.855287452120e-02 -9.855382282316e-02 1.51e-14 9.70e-12 4.39e-10 4.411
685   -9.855287874312e-02 -9.855381818939e-02 1.36e-14 7.94e-12 4.36e-10 4.416
686   -9.855289085140e-02 -9.855380493092e-02 1.29e-14 7.45e-12 4.18e-10 4.420
687   -9.855289500715e-02 -9.855380037019e-02 1.24e-14 7.68e-12 4.15e-10 4.425
688   -9.855290670711e-02 -9.855378755886e-02 1.16e-14 7.31e-12 3.98e-10 4.429
689   -9.855291075262e-02 -9.855378311916e-02 1.02e-14 6.46e-12 3.94e-10 4.435
690   -9.855292204727e-02 -9.855377075196e-02 9.71e-15 6.27e-12 3.79e-10 4.438
691   -9.855292605683e-02 -9.855376635173e-02 2.19e-14 1.31e-11 3.75e-10 4.443
692   -9.855293691512e-02 -9.855375446239e-02 2.07e-14 1.25e-11 3.60e-10 4.447
693   -9.855294082266e-02 -9.855375017437e-02 1.93e-14 1.23e-11 3.57e-10 4.453
694   -9.855295129569e-02 -9.855373870724e-02 1.83e-14 1.16e-11 3.42e-10 4.457
695   -9.855295515698e-02 -9.855373447043e-02 1.74e-14 1.70e-11 3.39e-10 4.464
696   -9.855296530442e-02 -9.855372335982e-02 1.63e-14 1.62e-11 3.26e-10 4.468
697   -9.855296905765e-02 -9.855371924185e-02 4.39e-15 1.64e-11 3.22e-10 4.472
698   -9.855297874056e-02 -9.855370864012e-02 4.22e-15 1.54e-11 3.09e-10 4.476
699   -9.855298238732e-02 -9.855370463857e-02 1.53e-14 2.25e-11 3.06e-10 4.482
700   -9.855299173696e-02 -9.855369440175e-02 1.44e-14 2.15e-11 2.94e-10 4.486
701   -9.855299536205e-02 -9.855369042464e-02 3.14e-15 2.21e-11 2.91e-10 4.490
702   -9.855300450639e-02 -9.855368041292e-02 3.03e-15 2.10e-11 2.79e-10 4.494
703   -9.855300804564e-02 -9.855367652967e-02 1.35e-14 1.83e-11 2.76e-10 4.499
704   -9.855301671171e-02 -9.855366704157e-02 1.27e-14 1.75e-11 2.65e-10 4.503
705   -9.855302015039e-02 -9.855366326925e-02 2.03e-15 2.06e-11 2.62e-10 4.509
706   -9.855302867147e-02 -9.855365394017e-02 1.97e-15 1.94e-11 2.52e-10 4.512
707   -9.855303209749e-02 -9.855365018149e-02 1.19e-14 2.56e-11 2.49e-10 4.517
708   -9.855304019802e-02 -9.855364131285e-02 1.12e-14 2.42e-11 2.39e-10 4.521
709   -9.855304353006e-02 -9.855363765748e-02 1.00e-14 2.67e-11 2.36e-10 4.527
710   -9.855305136506e-02 -9.855362907984e-02 9.52e-15 2.52e-11 2.27e-10 4.531
711   -9.855305458299e-02 -9.855362554960e-02 1.86e-14 3.04e-11 2.24e-10 4.536
712   -9.855306214847e-02 -9.855361726700e-02 1.75e-14 2.88e-11 2.15e-10 4.540
713   -9.855306530533e-02 -9.855361380410e-02 1.64e-14 2.35e-11 2.12e-10 4.564
714   -9.855307255604e-02 -9.855360586630e-02 1.55e-14 2.26e-11 2.04e-10 4.569
715   -9.855307559082e-02 -9.855360253747e-02 1.50e-14 2.08e-11 2.01e-10 4.574
716   -9.855308254750e-02 -9.855359492154e-02 1.41e-14 1.94e-11 1.93e-10 4.578
717   -9.855308556772e-02 -9.855359160906e-02 4.94e-15 1.73e-11 1.91e-10 4.583
718   -9.855309227838e-02 -9.855358426265e-02 4.72e-15 1.63e-11 1.83e-10 4.587
719   -9.855309520531e-02 -9.855358105264e-02 9.44e-15 1.77e-11 1.81e-10 4.592
720   -9.855310171058e-02 -9.855357393109e-02 8.99e-15 1.69e-11 1.74e-10 4.596
721   -9.855310461119e-02 -9.855357074996e-02 1.69e-14 1.33e-11 1.71e-10 4.601
722   -9.855311089790e-02 -9.855356386781e-02 1.59e-14 1.24e-11 1.64e-10 4.605
723   -9.855311364970e-02 -9.855356085018e-02 2.86e-14 1.43e-11 1.62e-10 4.610
724   -9.855311955159e-02 -9.855355438924e-02 2.71e-14 1.35e-11 1.56e-10 4.614
725   -9.855312223676e-02 -9.855355144457e-02 3.43e-14 1.59e-11 1.54e-10 4.619
726   -9.855312802017e-02 -9.855354511348e-02 3.23e-14 1.50e-11 1.48e-10 4.623
727   -9.855313060864e-02 -9.855354227512e-02 4.38e-14 1.47e-11 1.45e-10 4.628
728   -9.855313602052e-02 -9.855353635070e-02 4.15e-14 1.40e-11 1.40e-10 4.632
729   -9.855313859283e-02 -9.855353352994e-02 4.76e-14 1.80e-11 1.38e-10 4.637
730   -9.855314386931e-02 -9.855352775391e-02 4.50e-14 1.69e-11 1.32e-10 4.641
731   -9.855314638924e-02 -9.855352499081e-02 5.50e-14 1.74e-11 1.30e-10 4.646
732   -9.855315151405e-02 -9.855351938084e-02 5.21e-14 1.65e-11 1.25e-10 4.650
733   -9.855315401983e-02 -9.855351663303e-02 5.08e-14 1.25e-11 1.23e-10 4.656
734   -9.855315903287e-02 -9.855351114551e-02 4.80e-14 1.18e-11 1.18e-10 4.660
735   -9.855316140384e-02 -9.855350854584e-02 5.71e-14 1.21e-11 1.16e-10 4.665
736   -9.855316601499e-02 -9.855350349825e-02 5.41e-14 1.14e-11 1.12e-10 4.669
737   -9.855316829021e-02 -9.855350100353e-02 5.90e-14 1.03e-11 1.10e-10 4.674
738   -9.855317293119e-02 -9.855349592334e-02 5.56e-14 9.61e-12 1.06e-10 4.678
739   -9.855317514735e-02 -9.855349349349e-02 5.72e-14 1.38e-11 1.04e-10 4.683
740   -9.855317950553e-02 -9.855348872286e-02 5.41e-14 1.31e-11 9.98e-11 4.687
741   -9.855318168071e-02 -9.855348633804e-02 5.86e-14 1.62e-11 9.81e-11 4.692
742   -9.855318582829e-02 -9.855348179799e-02 5.54e-14 1.56e-11 9.43e-11 4.696
743   -9.855318790191e-02 -9.855347952449e-02 5.65e-14 2.32e-11 9.27e-11 4.701
744   -9.855319193769e-02 -9.855347510687e-02 5.34e-14 2.17e-11 8.90e-11 4.705
745   -9.855319405765e-02 -9.855347278315e-02 7.43e-14 4.22e-11 8.74e-11 4.709
746   -9.855319798080e-02 -9.855346848887e-02 7.01e-14 4.01e-11 8.39e-11 4.713
747   -9.855319999131e-02 -9.855346628464e-02 7.03e-14 4.56e-11 8.25e-11 4.718
748   -9.855320377887e-02 -9.855346213880e-02 6.64e-14 4.35e-11 7.91e-11 4.722
749   -9.855320577057e-02 -9.855345995567e-02 8.04e-14 5.28e-11 7.77e-11 4.726
750   -9.855320930299e-02 -9.855345608911e-02 7.59e-14 5.00e-11 7.46e-11 4.730
751   -9.855321114228e-02 -9.855345407281e-02 8.09e-14 3.52e-11 7.33e-11 4.735
752   -9.855321461299e-02 -9.855345027383e-02 7.64e-14 3.37e-11 7.03e-11 4.739
753   -9.855321640326e-02 -9.855344831164e-02 8.90e-14 5.37e-11 6.91e-11 4.744
754   -9.855321980592e-02 -9.855344458711e-02 8.39e-14 5.06e-11 6.62e-11 4.748
755   -9.855322155782e-02 -9.855344266669e-02 8.82e-14 3.72e-11 6.50e-11 4.753
756   -9.855322466703e-02 -9.855343926338e-02 8.34e-14 3.49e-11 6.25e-11 4.757
757   -9.855322635719e-02 -9.855343741086e-02 9.45e-14 5.98e-11 6.12e-11 4.762
758   -9.855322960266e-02 -9.855343385845e-02 8.90e-14 5.62e-11 5.86e-11 4.766
759   -9.855323126738e-02 -9.855343203354e-02 8.76e-14 5.78e-11 5.75e-11 4.770
760   -9.855323418726e-02 -9.855342883752e-02 8.27e-14 5.51e-11 5.51e-11 4.774
761   -9.855323574848e-02 -9.855342712657e-02 9.74e-14 1.15e-10 5.41e-11 4.779
762   -9.855323870264e-02 -9.855342389303e-02 9.17e-14 1.08e-10 5.18e-11 4.783
763   -9.855324022513e-02 -9.855342222411e-02 8.99e-14 1.05e-10 5.08e-11 4.787
764   -9.855324293043e-02 -9.855341926379e-02 1.13e-13 3.76e-08 4.87e-11 4.791
765   -9.855324442777e-02 -9.855341762286e-02 1.25e-13 3.62e-08 4.77e-11 4.795
766   -9.855324697301e-02 -9.855341483689e-02 1.18e-13 3.42e-08 4.57e-11 4.799
767   -9.855324837879e-02 -9.855341329607e-02 1.19e-13 3.29e-08 4.48e-11 4.804
768   -9.855325096388e-02 -9.855341046651e-02 1.12e-13 3.10e-08 4.29e-11 4.808
769   -9.855325219213e-02 -9.855340912039e-02 1.19e-13 3.00e-08 4.21e-11 4.813
770   -9.855325477347e-02 -9.855340629490e-02 1.12e-13 2.82e-08 4.02e-11 4.817
771   -9.855325609489e-02 -9.855340484648e-02 1.09e-13 2.71e-08 3.93e-11 4.821
772   -9.855325843917e-02 -9.855340228048e-02 1.02e-13 2.55e-08 3.76e-11 4.825
773   -9.855325963613e-02 -9.855340096890e-02 1.14e-13 2.47e-08 3.69e-11 4.830
774   -9.855326172353e-02 -9.855339868405e-02 1.07e-13 2.33e-08 3.54e-11 4.834
775   -9.855326289894e-02 -9.855339739565e-02 1.04e-13 2.24e-08 3.46e-11 4.838
776   -9.855326508019e-02 -9.855339500813e-02 9.76e-14 2.11e-08 3.31e-11 4.842
777   -9.855326616805e-02 -9.855339381608e-02 1.07e-13 2.04e-08 3.24e-11 4.846
778   -9.855326823397e-02 -9.855339155477e-02 1.01e-13 1.92e-08 3.10e-11 4.850
779   -9.855326923500e-02 -9.855339045768e-02 1.01e-13 1.85e-08 3.04e-11 4.855
780   -9.855327108036e-02 -9.855338843778e-02 9.55e-14 1.74e-08 2.91e-11 4.859
781   -9.855327196983e-02 -9.855338746319e-02 1.05e-13 1.69e-08 2.86e-11 4.864
782   -9.855327378262e-02 -9.855338547891e-02 9.89e-14 1.59e-08 2.73e-11 4.868
783   -9.855327470487e-02 -9.855338446821e-02 9.92e-14 1.53e-08 2.68e-11 4.873
784   -9.855327634258e-02 -9.855338267558e-02 9.37e-14 1.45e-08 2.57e-11 4.877
785   -9.855327722556e-02 -9.855338170807e-02 9.85e-14 1.40e-08 2.52e-11 4.881
786   -9.855327914729e-02 -9.855337960458e-02 9.20e-14 1.31e-08 2.40e-11 4.885
787   -9.855327986751e-02 -9.855337881528e-02 9.32e-14 1.26e-08 2.36e-11 4.891
788   -9.855328130531e-02 -9.855337724142e-02 8.82e-14 1.20e-08 2.26e-11 4.895
789   -9.855328223729e-02 -9.855337622031e-02 9.53e-14 1.16e-08 2.21e-11 4.899
790   -9.855328381255e-02 -9.855337449606e-02 8.95e-14 1.09e-08 2.11e-11 4.903
791   -9.855328458416e-02 -9.855337365040e-02 8.60e-14 1.05e-08 2.07e-11 4.908
792   -9.855328615967e-02 -9.855337192588e-02 8.07e-14 9.82e-09 1.97e-11 4.912
793   -9.855328684050e-02 -9.855337118001e-02 8.77e-14 9.56e-09 1.94e-11 4.916
794   -9.855328823189e-02 -9.855336965697e-02 8.25e-14 8.99e-09 1.85e-11 4.920
795   -9.855328891901e-02 -9.855336890389e-02 7.92e-14 8.68e-09 1.81e-11 4.924
796   -9.855329034091e-02 -9.855336734749e-02 7.43e-14 8.14e-09 1.73e-11 4.928
797   -9.855329093013e-02 -9.855336670191e-02 7.87e-14 7.92e-09 1.70e-11 4.934
798   -9.855329205523e-02 -9.855336547033e-02 7.44e-14 7.49e-09 1.63e-11 4.938
799   -9.855329271715e-02 -9.855336474496e-02 7.12e-14 7.20e-09 1.59e-11 4.942
800   -9.855329386204e-02 -9.855336349179e-02 6.72e-14 6.79e-09 1.53e-11 4.946
801   -9.855329437494e-02 -9.855336292994e-02 7.22e-14 6.65e-09 1.50e-11 4.951
802   -9.855329562817e-02 -9.855336155817e-02 6.76e-14 6.23e-09 1.43e-11 4.955
803   -9.855329618910e-02 -9.855336094352e-02 6.71e-14 5.97e-09 1.40e-11 4.960
804   -9.855329729778e-02 -9.855335972994e-02 6.31e-14 5.61e-09 1.34e-11 4.964
805   -9.855329773300e-02 -9.855335925315e-02 6.90e-14 5.56e-09 1.31e-11 4.968
806   -9.855329866837e-02 -9.855335822926e-02 6.52e-14 5.25e-09 1.26e-11 4.972
807   -9.855329909819e-02 -9.855335775823e-02 6.23e-14 5.08e-09 1.24e-11 4.977
808   -9.855330015747e-02 -9.855335659872e-02 5.85e-14 4.76e-09 1.18e-11 4.981
809   -9.855330061146e-02 -9.855335610143e-02 6.41e-14 4.68e-09 1.16e-11 4.985
810   -9.855330167256e-02 -9.855335493992e-02 5.98e-14 4.37e-09 1.10e-11 4.989
811   -9.855330201869e-02 -9.855335456067e-02 6.03e-14 4.19e-09 1.08e-11 4.994
812   -9.855330273827e-02 -9.855335377294e-02 5.73e-14 3.98e-09 1.04e-11 4.998
813   -9.855330317768e-02 -9.855335329157e-02 5.99e-14 3.90e-09 1.02e-11 5.004
814   -9.855330404082e-02 -9.855335234675e-02 5.63e-14 3.67e-09 9.75e-12 5.008
815   -9.855330433943e-02 -9.855335201956e-02 5.61e-14 3.55e-09 9.67e-12 5.012
816   -9.855330500167e-02 -9.855335129461e-02 5.33e-14 3.37e-09 9.31e-12 5.016
817   -9.855330528787e-02 -9.855335098109e-02 5.57e-14 3.33e-09 9.19e-12 5.022
818   -9.855330596668e-02 -9.855335023801e-02 5.28e-14 3.16e-09 8.82e-12 5.026
819   -9.855330624799e-02 -9.855334992971e-02 5.24e-14 3.03e-09 8.69e-12 5.030
820   -9.855330693881e-02 -9.855334917351e-02 4.95e-14 2.86e-09 8.32e-12 5.034
821   -9.855330734442e-02 -9.855334872924e-02 5.23e-14 2.83e-09 8.15e-12 5.039
822   -9.855330802178e-02 -9.855334798780e-02 4.93e-14 2.67e-09 7.81e-12 5.043
823   -9.855330826187e-02 -9.855334772470e-02 4.70e-14 2.61e-09 7.66e-12 5.047
824   -9.855330920165e-02 -9.855334669602e-02 4.34e-14 2.41e-09 7.20e-12 5.051
825   -9.855330960564e-02 -9.855334625346e-02 4.61e-14 2.37e-09 7.05e-12 5.055
826   -9.855331044607e-02 -9.855334533350e-02 4.27e-14 2.19e-09 6.64e-12 5.059
827   -9.855331073391e-02 -9.855334501814e-02 4.04e-14 2.14e-09 6.55e-12 5.064
828   -9.855331135624e-02 -9.855334433691e-02 3.79e-14 2.01e-09 6.24e-12 5.068
829   -9.855331151914e-02 -9.855334415853e-02 4.01e-14 2.04e-09 6.18e-12 5.073
830   -9.855331198911e-02 -9.855334364401e-02 3.80e-14 1.94e-09 5.94e-12 5.077
831   -9.855331229543e-02 -9.855334330840e-02 3.59e-14 1.87e-09 5.84e-12 5.081
832   -9.855331307447e-02 -9.855334245564e-02 3.30e-14 1.72e-09 5.47e-12 5.085
833   -9.855331335326e-02 -9.855334215026e-02 3.58e-14 1.73e-09 5.36e-12 5.090
834   -9.855331412793e-02 -9.855334130226e-02 3.28e-14 1.58e-09 4.99e-12 5.093
835   -9.855331444326e-02 -9.855334095679e-02 3.07e-14 1.51e-09 4.87e-12 5.098
836   -9.855331492675e-02 -9.855334042753e-02 2.88e-14 1.42e-09 4.65e-12 5.102
837   -9.855331508034e-02 -9.855334025930e-02 3.03e-14 1.46e-09 4.57e-12 5.107
838   -9.855331550274e-02 -9.855333979690e-02 2.85e-14 1.38e-09 4.37e-12 5.111
839   -9.855331562791e-02 -9.855333965973e-02 2.83e-14 1.34e-09 4.34e-12 5.116
840   -9.855331603199e-02 -9.855333921738e-02 2.67e-14 1.26e-09 4.15e-12 5.120
841   -9.855331620327e-02 -9.855333902976e-02 2.83e-14 1.32e-09 4.09e-12 5.125
842   -9.855331673608e-02 -9.855333844650e-02 2.61e-14 1.22e-09 3.84e-12 5.129
843   -9.855331692012e-02 -9.855333824484e-02 2.59e-14 1.18e-09 3.76e-12 5.134
844   -9.855331715368e-02 -9.855333798915e-02 2.49e-14 1.13e-09 3.65e-12 5.138
845   -9.855331735342e-02 -9.855333777032e-02 2.57e-14 1.14e-09 3.57e-12 5.142
846   -9.855331801437e-02 -9.855333704687e-02 2.32e-14 1.03e-09 3.29e-12 5.146
Numerical error in objective
Restoring previous solution


Suboptimal solution found in 847 iterations and 5.15 seconds
Objective -9.85507224e-02
Primal infeasibility (abs/rel): 7.34e-14/3.67e-14
Dual infeasibility   (abs/rel): 8.44e-14/7.66e-14
Complementarity gap  (abs/rel): 5.24e-09/4.77e-09


Barrier finished in 5.15 seconds
Dual variables for problems with quadratic constraints not returned.
