cuOpt version: 26.10.0, git hash: 648f805d, host arch: x86_64, device archs: 80-real
CPU: AMD EPYC 7642 48-Core Processor, threads: 5C/5T, RAM usage: 52.03/503.74GiB
CPU SIMD target: AVX2
CUDA 12.9, device: NVIDIA A100 80GB PCIe (ID 0), VRAM: 79.44 GiB
CUDA device UUID: 68df5cf5-71f9-6a93-b428-460c080ffb10
Problem has 1 quadratic constraints. Converting to second-order cones and solving with barrier.
Handling 50 free variables directly in augmented system
Presolved problem: 5103 constraints 10102 variables 265152 nonzeros
Skipping Ruiz equilibration (row norm ratio 1.4, column norm ratio 1.4 < 5e4, Q coeff ratio 1.0 < 100)
Barrier solver started at 0.028 seconds
Barrier solver: 5103 constraints, 10102 variables, 265152 nonzeros


Second-order cones          : 1
Free variables              : 50
Upper bounds                : 5000
Linear system               : augmented
cuDSS Version               : 0.7.1
cuDSS Threading layer       : libcudss_mtlayer_gomp.so.0
cuDSS solve mode            : deterministic
Reordering time             : 0.131s
Symbolic factorization time : 0.026s
Symbolic nonzeros in factor : 2.79e+05
Elapsed time for augmented  : 0.192 seconds
Elapsed time           : 0.192 seconds
Barrier setup complete at 0.192 seconds
Adaptive regularization enabled


                  Objective                         Infeasibility        Time
Iter   Primal              Dual                Primal   Dual    Compl.   Elapsed
  0   -3.703336272695e+02 -3.710584120459e+02 3.71e+03 1.91e+00 1.19e-02 0.192
  1   -3.742835968768e+01 -3.496234222228e+02 3.74e+02 7.84e-02 1.66e-02 0.271
  2   -3.889891326073e+00 -2.097525625872e+02 3.80e+01 4.70e-02 1.33e-02 0.348
  3   -4.431513586697e-01 -3.238487871720e+01 3.86e+00 5.32e-03 4.56e-03 0.425
  4   -9.290142670452e-02 -4.511186467063e+00 4.09e-01 5.68e-04 6.47e-04 0.502
  5   -5.629485363532e-02 -7.107170023075e-01 4.09e-02 5.69e-05 8.80e-05 0.580
  6   -5.678749214779e-02 -2.022545233176e-01 9.00e-03 1.25e-05 1.78e-05 0.657
  7   -6.897692961445e-02 -1.397788792239e-01 3.95e-03 5.49e-06 7.54e-06 0.735
  8   -7.282123485341e-02 -1.381519501188e-01 3.36e-03 4.68e-06 1.62e-05 0.812
  9   -7.616605645346e-02 -1.355775786215e-01 2.78e-03 3.87e-06 4.07e-05 0.893
 10   -8.140740630116e-02 -1.291305806182e-01 1.96e-03 2.73e-06 7.17e-05 0.971
 11   -8.230045987707e-02 -1.279833335412e-01 1.67e-03 2.33e-06 7.59e-05 1.048
 12   -8.637334364646e-02 -1.212631672288e-01 1.12e-03 1.57e-06 7.34e-05 1.126
 13   -8.677831205925e-02 -1.193386280844e-01 8.97e-04 1.25e-06 1.52e-04 1.221
 14   -9.118494175088e-02 -1.115006252260e-01 4.43e-04 6.17e-07 1.28e-04 1.299
 15   -9.484063885763e-02 -1.046256705561e-01 1.91e-04 2.65e-07 7.72e-05 1.376
 16   -9.681956738818e-02 -1.011951297615e-01 5.89e-05 8.20e-08 1.88e-05 1.454
 17   -9.766649256504e-02 -9.971202912234e-02 2.06e-05 2.86e-08 1.15e-05 1.531
 18   -9.819793265756e-02 -9.890757429712e-02 6.42e-06 8.93e-09 3.96e-06 1.609
 19   -9.842623660028e-02 -9.857430047919e-02 1.13e-06 1.58e-09 6.65e-07 1.686
 20   -9.847892936955e-02 -9.850150594053e-02 1.71e-07 2.41e-10 8.55e-08 1.763
 21   -9.848704142565e-02 -9.849036541026e-02 2.51e-08 3.78e-11 1.05e-08 1.841
 22   -9.848823498301e-02 -9.848873054413e-02 3.74e-09 1.29e-11 1.30e-09 1.918
 23   -9.848841325325e-02 -9.848848678788e-02 5.54e-10 7.70e-11 1.63e-10 1.996
 24   -9.848843992480e-02 -9.848845034699e-02 7.84e-11 1.23e-08 2.31e-11 2.056
 25   -9.848844379263e-02 -9.848844505298e-02 9.48e-12 1.46e-07 2.80e-12 2.117
 26   -9.848844427057e-02 -9.848844439766e-02 9.57e-13 9.09e-08 2.82e-13 2.177
 27   -9.848844431865e-02 -9.848844433187e-02 1.01e-13 5.07e-07 2.97e-14 2.219
 28   -9.848844432355e-02 -9.848844432498e-02 1.10e-14 3.45e-07 3.23e-15 2.280
 29   -9.848844432401e-02 -9.848844432433e-02 2.55e-15 3.30e-07 1.29e-15 2.340
Numerical error in objective
Restoring previous solution


Suboptimal solution found in 30 iterations and 2.38 seconds
Objective -9.84882350e-02
Primal infeasibility (abs/rel): 7.47e-09/3.74e-09
Dual infeasibility   (abs/rel): 1.42e-11/1.29e-11
Complementarity gap  (abs/rel): 1.43e-09/1.30e-09


Barrier finished in 2.39 seconds
Dual variables for problems with quadratic constraints not returned.
