cuOpt version: 26.10.0, git hash: 648f805d, host arch: x86_64, device archs: 80-real
CPU: AMD EPYC 7642 48-Core Processor, threads: 5C/5T, RAM usage: 46.78/503.74GiB
CPU SIMD target: AVX2
CUDA 12.9, device: NVIDIA A100 80GB PCIe (ID 0), VRAM: 79.44 GiB
CUDA device UUID: 68df5cf5-71f9-6a93-b428-460c080ffb10
Problem has 1 quadratic constraints. Converting to second-order cones and solving with barrier.
Handling 50 free variables directly in augmented system
Presolved problem: 5103 constraints 10102 variables 265152 nonzeros
Skipping Ruiz equilibration (row norm ratio 1.4, column norm ratio 1.4 < 5e4, Q coeff ratio 1.0 < 100)
Barrier solver started at 0.026 seconds
Barrier solver: 5103 constraints, 10102 variables, 265152 nonzeros


Second-order cones          : 1
Free variables              : 50
Upper bounds                : 5000
Linear system               : augmented
cuDSS Version               : 0.7.1
cuDSS Threading layer       : libcudss_mtlayer_gomp.so.0
cuDSS solve mode            : deterministic
Reordering time             : 0.150s
Symbolic factorization time : 0.023s
Symbolic nonzeros in factor : 2.79e+05
Elapsed time for augmented  : 0.206 seconds
Elapsed time           : 0.206 seconds
Barrier setup complete at 0.206 seconds
Adaptive regularization enabled


                  Objective                         Infeasibility        Time
Iter   Primal              Dual                Primal   Dual    Compl.   Elapsed
  0   -3.703532868363e+02 -3.711197926069e+02 3.71e+03 1.91e+00 1.19e-02 0.206
  1   -3.743020853199e+01 -3.496848610668e+02 3.74e+02 7.84e-02 1.66e-02 0.285
  2   -3.890059328356e+00 -2.098043268277e+02 3.81e+01 4.70e-02 1.33e-02 0.362
  3   -4.431777757939e-01 -3.239602562015e+01 3.86e+00 5.32e-03 4.56e-03 0.440
  4   -9.291231041670e-02 -4.513678412998e+00 4.09e-01 5.69e-04 6.47e-04 0.518
  5   -5.628994223274e-02 -7.111301089464e-01 4.09e-02 5.69e-05 8.81e-05 0.595
  6   -5.677713687446e-02 -2.036544837401e-01 9.09e-03 1.26e-05 1.79e-05 0.673
  7   -6.866781007606e-02 -1.414261834700e-01 4.04e-03 5.63e-06 7.72e-06 0.751
  8   -7.207250426735e-02 -1.401650412715e-01 3.50e-03 4.88e-06 1.87e-05 0.828
  9   -7.495980036794e-02 -1.380244778522e-01 3.01e-03 4.20e-06 5.03e-05 0.906
 10   -7.823340235384e-02 -1.350609076847e-01 2.39e-03 3.32e-06 8.91e-05 0.983
 11   -8.152077537452e-02 -1.310894594186e-01 1.69e-03 2.36e-06 1.06e-04 1.061
 12   -8.328002637401e-02 -1.280416513039e-01 1.29e-03 1.80e-06 1.04e-04 1.138
 13   -8.488884062815e-02 -1.244031071131e-01 9.96e-04 1.39e-06 1.32e-04 1.233
 14   -9.110165040165e-02 -1.119888358786e-01 4.44e-04 6.18e-07 8.41e-05 1.310
 15   -9.428407430855e-02 -1.059708198061e-01 2.09e-04 2.91e-07 4.01e-05 1.388
 16   -9.612656077391e-02 -1.026489655888e-01 1.09e-04 1.51e-07 1.72e-05 1.465
 17   -9.686049281792e-02 -1.008989837776e-01 4.72e-05 6.57e-08 2.49e-05 1.543
 18   -9.790447771401e-02 -9.921222749735e-02 1.22e-05 1.70e-08 5.71e-06 1.621
 19   -9.823132965643e-02 -9.869717664187e-02 3.83e-06 5.33e-09 2.12e-06 1.698
 20   -9.837743006868e-02 -9.847736324459e-02 6.34e-07 8.84e-10 3.56e-07 1.776
 21   -9.841333993787e-02 -9.842802186327e-02 9.24e-08 1.32e-10 4.77e-08 1.854
 22   -9.841871042318e-02 -9.842067452059e-02 1.24e-08 2.22e-11 5.62e-09 1.931
 23   -9.841942863131e-02 -9.841969297822e-02 1.66e-09 9.38e-10 6.38e-10 1.992
 24   -9.841952512387e-02 -9.841956118735e-02 2.27e-10 1.48e-09 7.37e-11 2.052
 25   -9.841953846075e-02 -9.841954297780e-02 2.84e-11 4.13e-08 8.39e-12 2.113
 26   -9.841954016926e-02 -9.841954064358e-02 2.98e-12 5.62e-08 8.83e-13 2.173
 27   -9.841954034939e-02 -9.841954039743e-02 3.01e-13 1.17e-07 8.95e-14 2.234
 28   -9.841954036767e-02 -9.841954037250e-02 3.02e-14 8.81e-08 9.35e-15 2.294
 29   -9.841954036917e-02 -9.841954037045e-02 7.88e-15 1.35e-06 2.09e-15 2.354
 30   -9.841954036950e-02 -9.841954037000e-02 3.11e-15 1.43e-06 7.97e-16 2.415
Numerical error in objective
Restoring previous solution


Suboptimal solution found in 31 iterations and 2.46 seconds
Objective -9.84194286e-02
Primal infeasibility (abs/rel): 3.32e-09/1.66e-09
Dual infeasibility   (abs/rel): 1.03e-09/9.38e-10
Complementarity gap  (abs/rel): 7.01e-10/6.38e-10


Barrier finished in 2.46 seconds
Dual variables for problems with quadratic constraints not returned.
