cuOpt version: 26.10.0, git hash: 648f805d, host arch: x86_64, device archs: 80-real
CPU: AMD EPYC 7642 48-Core Processor, threads: 5C/5T, RAM usage: 37.52/503.74GiB
CPU SIMD target: AVX2
CUDA 12.9, device: NVIDIA A100 80GB PCIe (ID 0), VRAM: 79.44 GiB
CUDA device UUID: 68df5cf5-71f9-6a93-b428-460c080ffb10
Problem has 1 quadratic constraints. Converting to second-order cones and solving with barrier.
Handling 50 free variables directly in augmented system
Presolved problem: 5103 constraints 10102 variables 265152 nonzeros
Skipping Ruiz equilibration (row norm ratio 1.4, column norm ratio 1.4 < 5e4, Q coeff ratio 1.0 < 100)
Barrier solver started at 0.024 seconds
Barrier solver: 5103 constraints, 10102 variables, 265152 nonzeros


Second-order cones          : 1
Free variables              : 50
Upper bounds                : 5000
Linear system               : augmented
cuDSS Version               : 0.7.1
cuDSS Threading layer       : libcudss_mtlayer_gomp.so.0
Reordering time             : 0.154s
Symbolic factorization time : 0.023s
Symbolic nonzeros in factor : 2.79e+05
Elapsed time for augmented  : 0.207 seconds
Elapsed time           : 0.207 seconds
Barrier setup complete at 0.207 seconds
Adaptive regularization enabled


                  Objective                         Infeasibility        Time
Iter   Primal              Dual                Primal   Dual    Compl.   Elapsed
  0   -3.701605598740e+02 -3.710234169387e+02 3.71e+03 1.91e+00 1.19e-02 0.208
  1   -8.080457877290e-01 -3.472304197073e+02 6.71e+00 2.97e-01 1.68e-01 0.212
  2   -6.078091649090e-02 -4.935431654789e+00 5.31e-02 3.12e-03 1.97e-03 0.216
  3   -5.626529095630e-02 -2.021234868490e-01 1.46e-03 8.61e-05 4.64e-05 0.220
  4   -6.208280281086e-02 -2.045751208729e-01 1.30e-03 7.67e-05 7.72e-05 0.224
  5   -6.228590423373e-02 -2.045309402145e-01 1.28e-03 7.55e-05 7.76e-05 0.229
  6   -7.644388548213e-02 -1.904807664785e-01 3.56e-04 2.09e-05 2.89e-04 0.232
  7   -7.623582527553e-02 -1.880043115178e-01 3.19e-04 1.88e-05 2.69e-04 0.237
  8   -8.313317825795e-02 -1.488388124853e-01 1.77e-04 1.04e-05 1.78e-04 0.241
  9   -8.318314226680e-02 -1.488285668827e-01 1.75e-04 1.03e-05 1.76e-04 0.246
 10   -8.588663142345e-02 -1.314386480848e-01 6.09e-05 3.58e-06 1.08e-04 0.250
 11   -8.577693461449e-02 -1.312560786102e-01 6.00e-05 3.53e-06 1.06e-04 0.255
 12   -8.920896465881e-02 -1.208451597927e-01 3.30e-05 1.94e-06 7.00e-05 0.259
 13   -8.913751820341e-02 -1.206166587180e-01 3.19e-05 1.88e-06 6.79e-05 0.263
 14   -9.065489698379e-02 -1.160138394016e-01 2.14e-05 1.26e-06 5.58e-05 0.268
 15   -9.058009139151e-02 -1.159199368476e-01 2.12e-05 1.25e-06 5.52e-05 0.274
 16   -9.063585183600e-02 -1.146283354971e-01 1.70e-05 1.00e-06 8.00e-05 0.278
 17   -9.069687760218e-02 -1.145459804823e-01 1.66e-05 9.76e-07 8.81e-05 0.284
 18   -9.122540452068e-02 -1.126972293572e-01 1.26e-05 7.39e-07 9.31e-05 0.288
 19   -9.120468187582e-02 -1.125392654833e-01 1.22e-05 7.18e-07 1.00e-04 0.294
 20   -9.198779564637e-02 -1.105065701218e-01 9.08e-06 5.34e-07 1.06e-04 0.298
 21   -9.205360204847e-02 -1.103926842392e-01 8.79e-06 5.17e-07 1.13e-04 0.304
 22   -9.301435241500e-02 -1.082628016195e-01 6.19e-06 3.64e-07 9.79e-05 0.308
 23   -9.299094164551e-02 -1.081242657679e-01 5.99e-06 3.52e-07 1.04e-04 0.314
 24   -9.397767509546e-02 -1.061770864491e-01 4.14e-06 2.44e-07 9.07e-05 0.318
 25   -9.403138807153e-02 -1.060564554480e-01 3.99e-06 2.35e-07 9.57e-05 0.323
 26   -9.470634744575e-02 -1.047280324996e-01 2.84e-06 1.67e-07 7.85e-05 0.328
 27   -9.470380574293e-02 -1.046282031929e-01 2.73e-06 1.61e-07 8.24e-05 0.334
 28   -9.531090260233e-02 -1.035211590945e-01 1.95e-06 1.15e-07 6.81e-05 0.338
 29   -9.535223397165e-02 -1.034355591832e-01 1.87e-06 1.10e-07 7.14e-05 0.344
 30   -9.579490793166e-02 -1.026332115887e-01 1.37e-06 8.03e-08 5.82e-05 0.349
 31   -9.580467509542e-02 -1.025616185874e-01 1.31e-06 7.70e-08 6.08e-05 0.354
 32   -9.624474137445e-02 -1.018292066857e-01 9.37e-07 5.51e-08 4.87e-05 0.359
 33   -9.627656248024e-02 -1.017683852977e-01 8.98e-07 5.28e-08 5.09e-05 0.365
 34   -9.662049417079e-02 -1.012066672682e-01 6.47e-07 3.81e-08 4.02e-05 0.369
 35   -9.663204656890e-02 -1.011577159686e-01 6.19e-07 3.64e-08 4.19e-05 0.375
 36   -9.695458843822e-02 -1.006629474656e-01 4.39e-07 2.58e-08 3.24e-05 0.379
 37   -9.697718207305e-02 -1.006224471045e-01 4.20e-07 2.47e-08 3.37e-05 0.385
 38   -9.721447941396e-02 -1.002614065587e-01 3.03e-07 1.78e-08 2.61e-05 0.390
 39   -9.722520810027e-02 -1.002295567043e-01 2.90e-07 1.70e-08 2.71e-05 0.396
 40   -9.743996748600e-02 -9.991834396726e-02 2.06e-07 1.21e-08 2.08e-05 0.400
 41   -9.745643611562e-02 -9.989151578197e-02 1.97e-07 1.16e-08 2.16e-05 0.405
 42   -9.762040754860e-02 -9.965748621373e-02 1.43e-07 8.39e-09 1.66e-05 0.410
 43   -9.762974341997e-02 -9.963619497753e-02 1.36e-07 8.01e-09 1.72e-05 0.415
 44   -9.778074679251e-02 -9.943017192234e-02 9.69e-08 5.70e-09 1.30e-05 0.419
 45   -9.779255876012e-02 -9.941211279536e-02 9.25e-08 5.44e-09 1.35e-05 0.425
 46   -9.790805689681e-02 -9.925662650678e-02 6.66e-08 3.92e-09 1.03e-05 0.429
 47   -9.791547130734e-02 -9.924244403097e-02 6.35e-08 3.73e-09 1.07e-05 0.435
 48   -9.801912376596e-02 -9.910765964558e-02 4.51e-08 2.65e-09 7.98e-06 0.438
 49   -9.802761808739e-02 -9.909544203629e-02 4.29e-08 2.52e-09 8.27e-06 0.444
 50   -9.810733714038e-02 -9.899312485592e-02 3.08e-08 1.81e-09 6.23e-06 0.448
 51   -9.811314955984e-02 -9.898347321323e-02 2.93e-08 1.72e-09 6.45e-06 0.454
 52   -9.818319411296e-02 -9.889596977004e-02 2.07e-08 1.22e-09 4.80e-06 0.458
 53   -9.818936449075e-02 -9.888756178993e-02 1.97e-08 1.16e-09 4.96e-06 0.465
 54   -9.824286472329e-02 -9.882138817386e-02 1.41e-08 8.29e-10 3.72e-06 0.468
 55   -9.824738248149e-02 -9.881468719587e-02 1.34e-08 7.85e-10 3.84e-06 0.474
 56   -9.829361080377e-02 -9.875870536973e-02 9.47e-09 5.57e-10 2.85e-06 0.482
 57   -9.829818542587e-02 -9.875277370975e-02 8.96e-09 5.27e-10 2.94e-06 0.488
 58   -9.833389368672e-02 -9.870991609841e-02 6.40e-09 3.77e-10 2.20e-06 0.492
 59   -9.833739758364e-02 -9.870514448818e-02 6.04e-09 3.55e-10 2.26e-06 0.497
 60   -9.836792014065e-02 -9.866910494870e-02 4.28e-09 2.52e-10 1.67e-06 0.501
 61   -9.837133291666e-02 -9.866485376584e-02 4.03e-09 2.37e-10 1.71e-06 0.507
 62   -9.839504782606e-02 -9.863706132430e-02 2.87e-09 1.69e-10 1.28e-06 0.511
 63   -9.839774349660e-02 -9.863361453812e-02 2.69e-09 1.58e-10 1.30e-06 0.516
 64   -9.841775795660e-02 -9.861045040318e-02 1.90e-09 1.12e-10 9.62e-07 0.520
 65   -9.842030631847e-02 -9.860737618156e-02 1.77e-09 1.04e-10 9.78e-07 0.526
 66   -9.843589022342e-02 -9.858945133825e-02 1.26e-09 7.39e-11 7.23e-07 0.530
 67   -9.843794323260e-02 -9.858694424900e-02 1.17e-09 6.88e-11 7.33e-07 0.535
 68   -9.845088887661e-02 -9.857219313044e-02 8.22e-10 4.83e-11 5.38e-07 0.539
 69   -9.845278313658e-02 -9.856996528987e-02 7.62e-10 4.49e-11 5.43e-07 0.545
 70   -9.846283797964e-02 -9.855856522853e-02 5.36e-10 3.16e-11 3.99e-07 0.549
 71   -9.846438554076e-02 -9.855673778599e-02 4.95e-10 2.92e-11 4.00e-07 0.554
 72   -9.847261184565e-02 -9.854747666029e-02 3.46e-10 2.04e-11 2.92e-07 0.558
 73   -9.847401234425e-02 -9.854586207828e-02 3.17e-10 1.87e-11 2.92e-07 0.563
 74   -9.848038665660e-02 -9.853871532301e-02 2.22e-10 1.31e-11 2.13e-07 0.567
 75   -9.848153998774e-02 -9.853738586428e-02 2.02e-10 1.19e-11 2.11e-07 0.572
 76   -9.848667864082e-02 -9.853165529931e-02 1.40e-10 8.21e-12 1.53e-07 0.576
 77   -9.848770193673e-02 -9.853049334797e-02 1.27e-10 7.36e-12 1.50e-07 0.581
 78   -9.849165595911e-02 -9.852609849453e-02 8.77e-11 5.11e-12 1.08e-07 0.585
 79   -9.849249817193e-02 -9.852514400735e-02 7.87e-11 4.74e-12 1.06e-07 0.590
 80   -9.849561799316e-02 -9.852168998598e-02 5.40e-11 3.25e-12 7.58e-08 0.594
 81   -9.849634892277e-02 -9.852086942742e-02 4.81e-11 2.78e-12 7.33e-08 0.599
 82   -9.849870862666e-02 -9.851826358054e-02 3.29e-11 1.91e-12 5.23e-08 0.603
 83   -9.849930715960e-02 -9.851759339275e-02 2.90e-11 1.84e-12 5.00e-08 0.608
 84   -9.850111781496e-02 -9.851559954426e-02 1.97e-11 1.25e-12 3.54e-08 0.612
 85   -9.850162716623e-02 -9.851503268853e-02 1.71e-11 9.77e-13 3.35e-08 0.617
 86   -9.850296747463e-02 -9.851355967828e-02 1.16e-11 6.72e-13 2.36e-08 0.620
 87   -9.850338224262e-02 -9.851309928240e-02 9.93e-12 4.46e-13 2.20e-08 0.625
 88   -9.850438099508e-02 -9.851200396027e-02 6.68e-12 2.97e-13 1.54e-08 0.629
 89   -9.850472742518e-02 -9.851162096398e-02 5.62e-12 3.44e-13 1.41e-08 0.634
 90   -9.850544884229e-02 -9.851083104465e-02 3.76e-12 2.44e-13 9.79e-09 0.638
 91   -9.850572754575e-02 -9.851052363015e-02 3.10e-12 5.91e-13 8.77e-09 0.643
 92   -9.850624801292e-02 -9.850995467045e-02 2.06e-12 3.69e-13 6.05e-09 0.647
 93   -9.850647339007e-02 -9.850970675593e-02 1.65e-12 1.44e-13 5.27e-09 0.652
 94   -9.850683733482e-02 -9.850930941711e-02 1.09e-12 1.93e-09 3.60e-09 0.655
 95   -9.850701094159e-02 -9.850911881372e-02 8.51e-13 1.50e-09 3.05e-09 0.660
 96   -9.850726127135e-02 -9.850884584968e-02 5.50e-13 9.74e-10 2.05e-09 0.664
 97   -9.850739095229e-02 -9.850870374864e-02 4.16e-13 7.35e-10 1.68e-09 0.669
 98   -9.850755525728e-02 -9.850852475287e-02 2.65e-13 4.68e-10 1.11e-09 0.673
 99   -9.850764564695e-02 -9.850842585638e-02 1.93e-13 3.43e-10 8.75e-10 0.677
100   -9.850774865376e-02 -9.850831372128e-02 1.21e-13 2.14e-10 5.67e-10 0.681
101   -9.850780870060e-02 -9.850824810691e-02 8.50e-14 1.50e-10 4.31e-10 0.686
102   -9.850786913972e-02 -9.850818234570e-02 5.23e-14 9.21e-11 2.74e-10 0.690
103   -9.850790706693e-02 -9.850814094393e-02 6.70e-14 6.29e-11 1.99e-10 0.694
104   -9.850794077609e-02 -9.850810428284e-02 4.09e-14 3.82e-11 1.24e-10 0.698
105   -9.850796382638e-02 -9.850807914564e-02 2.02e-13 6.49e-11 8.40e-11 0.702
106   -9.850798167181e-02 -9.850805974438e-02 1.19e-13 3.88e-11 5.13e-11 0.706
107   -9.850799440191e-02 -9.850804586588e-02 2.38e-14 1.22e-10 3.20e-11 0.710
108   -9.850800325945e-02 -9.850803624143e-02 1.33e-14 6.90e-11 1.87e-11 0.714
109   -9.850800926846e-02 -9.850802969835e-02 5.40e-14 4.07e-10 1.10e-11 0.717
110   -9.850801310646e-02 -9.850802552829e-02 2.93e-14 2.22e-10 6.18e-12 0.721
111   -9.850801563407e-02 -9.850802277576e-02 1.35e-14 3.92e-10 3.42e-12 0.725


Optimal solution found in 111 iterations and 0.725s
Objective -9.85080156e-02
Primal infeasibility (abs/rel): 2.70e-14/1.35e-14
Dual infeasibility   (abs/rel): 4.32e-10/3.92e-10
Complementarity gap  (abs/rel): 3.76e-12/3.42e-12


Barrier finished in 0.73 seconds
Dual variables for problems with quadratic constraints not returned.
