cuOpt version: 26.10.0, git hash: 648f805d, host arch: x86_64, device archs: 80-real
CPU: AMD EPYC 7642 48-Core Processor, threads: 5C/5T, RAM usage: 37.41/503.74GiB
CPU SIMD target: AVX2
CUDA 12.9, device: NVIDIA A100 80GB PCIe (ID 0), VRAM: 79.44 GiB
CUDA device UUID: 68df5cf5-71f9-6a93-b428-460c080ffb10
Problem has 1 quadratic constraints. Converting to second-order cones and solving with barrier.
Handling 50 free variables directly in augmented system
Presolved problem: 5103 constraints 10102 variables 265152 nonzeros
Skipping Ruiz equilibration (row norm ratio 1.4, column norm ratio 1.4 < 5e4, Q coeff ratio 1.0 < 100)
Barrier solver started at 0.023 seconds
Barrier solver: 5103 constraints, 10102 variables, 265152 nonzeros


Second-order cones          : 1
Free variables              : 50
Upper bounds                : 5000
Linear system               : augmented
cuDSS Version               : 0.7.1
cuDSS Threading layer       : libcudss_mtlayer_gomp.so.0
Reordering time             : 0.166s
Symbolic factorization time : 0.023s
Symbolic nonzeros in factor : 2.79e+05
Elapsed time for augmented  : 0.218 seconds
Elapsed time           : 0.218 seconds
Barrier setup complete at 0.218 seconds
Adaptive regularization enabled


                  Objective                         Infeasibility        Time
Iter   Primal              Dual                Primal   Dual    Compl.   Elapsed
  0   -3.702624119443e+02 -3.710387458059e+02 3.71e+03 1.91e+00 1.19e-02 0.219
  1   -8.082203442750e-01 -3.472458137774e+02 6.71e+00 2.97e-01 1.68e-01 0.223
  2   -6.076556834392e-02 -4.921549819628e+00 5.28e-02 3.11e-03 1.97e-03 0.227
  3   -5.627943211981e-02 -2.017612981390e-01 1.46e-03 8.58e-05 4.64e-05 0.231
  4   -6.204569135941e-02 -2.044117486048e-01 1.30e-03 7.69e-05 7.28e-05 0.235
  5   -6.220018743208e-02 -2.043809264361e-01 1.29e-03 7.59e-05 7.46e-05 0.240
  6   -7.513846038528e-02 -1.912988767589e-01 4.75e-04 2.80e-05 3.89e-04 0.244
  7   -7.501334673713e-02 -1.898850842202e-01 4.45e-04 2.62e-05 3.74e-04 0.248
  8   -8.113064478498e-02 -1.570786851317e-01 2.65e-04 1.56e-05 2.82e-04 0.252
  9   -8.116846508345e-02 -1.570458935442e-01 2.62e-04 1.54e-05 2.79e-04 0.257
 10   -8.336252226113e-02 -1.402796122753e-01 9.43e-05 5.55e-06 1.98e-04 0.262
 11   -8.534204949507e-02 -1.328983699073e-01 6.29e-05 3.71e-06 1.73e-04 0.266
 12   -8.523919304549e-02 -1.327437679720e-01 6.22e-05 3.66e-06 1.71e-04 0.271
 13   -8.830577463953e-02 -1.231544139523e-01 3.63e-05 2.14e-06 1.24e-04 0.276
 14   -8.826349996436e-02 -1.230372004614e-01 3.57e-05 2.10e-06 1.22e-04 0.281
 15   -8.871263346827e-02 -1.202495531348e-01 2.58e-05 1.52e-06 9.53e-05 0.286
 16   -8.873304476034e-02 -1.201203012080e-01 2.53e-05 1.49e-06 9.34e-05 0.291
 17   -8.900638615820e-02 -1.186234055772e-01 2.10e-05 1.23e-06 9.89e-05 0.296
 18   -8.905411792646e-02 -1.184411326414e-01 2.04e-05 1.20e-06 1.06e-04 0.301
 19   -8.978157609993e-02 -1.161375979531e-01 1.58e-05 9.29e-07 1.18e-04 0.306
 20   -8.983867667252e-02 -1.159487804930e-01 1.53e-05 9.03e-07 1.25e-04 0.311
 21   -9.110548054174e-02 -1.128148785910e-01 1.08e-05 6.37e-07 1.20e-04 0.316
 22   -9.111959483492e-02 -1.126382488287e-01 1.05e-05 6.17e-07 1.27e-04 0.321
 23   -9.226334742309e-02 -1.100060739420e-01 7.33e-06 4.32e-07 1.16e-04 0.326
 24   -9.229955090475e-02 -1.098480565060e-01 7.09e-06 4.17e-07 1.23e-04 0.331
 25   -9.343208969706e-02 -1.074970939739e-01 4.85e-06 2.86e-07 1.02e-04 0.336
 26   -9.343677699286e-02 -1.073606367850e-01 4.67e-06 2.75e-07 1.08e-04 0.341
 27   -9.423277425501e-02 -1.057384334135e-01 3.30e-06 1.95e-07 8.98e-05 0.346
 28   -9.426175543179e-02 -1.056272274832e-01 3.18e-06 1.87e-07 9.42e-05 0.351
 29   -9.489316055141e-02 -1.043928272869e-01 2.29e-06 1.35e-07 7.77e-05 0.356
 30   -9.490855209764e-02 -1.042964873972e-01 2.20e-06 1.30e-07 8.15e-05 0.362
 31   -9.542882952800e-02 -1.033244777274e-01 1.60e-06 9.42e-08 6.72e-05 0.366
 32   -9.545768794986e-02 -1.032428327983e-01 1.54e-06 9.05e-08 7.02e-05 0.372
 33   -9.592136250967e-02 -1.024258988742e-01 1.11e-06 6.56e-08 5.69e-05 0.377
 34   -9.593865614079e-02 -1.023565163541e-01 1.07e-06 6.29e-08 5.94e-05 0.383
 35   -9.632736015965e-02 -1.016967025058e-01 7.74e-07 4.56e-08 4.76e-05 0.387
 36   -9.635126003914e-02 -1.016394096660e-01 7.42e-07 4.37e-08 4.96e-05 0.393
 37   -9.667699818033e-02 -1.011068855979e-01 5.40e-07 3.18e-08 3.94e-05 0.397
 38   -9.669310018244e-02 -1.010594486231e-01 5.17e-07 3.04e-08 4.10e-05 0.403
 39   -9.696669820065e-02 -1.006269639491e-01 3.76e-07 2.21e-08 3.23e-05 0.408
 40   -9.698600565109e-02 -1.005876994525e-01 3.59e-07 2.12e-08 3.36e-05 0.414
 41   -9.721496416222e-02 -1.002379011799e-01 2.62e-07 1.55e-08 2.64e-05 0.419
 42   -9.722883674506e-02 -1.002055621593e-01 2.51e-07 1.48e-08 2.74e-05 0.424
 43   -9.742598092727e-02 -9.991456242954e-02 1.82e-07 1.07e-08 2.13e-05 0.428
 44   -9.744100442092e-02 -9.988758562383e-02 1.74e-07 1.02e-08 2.21e-05 0.434
 45   -9.760591388396e-02 -9.965149585164e-02 1.26e-07 7.44e-09 1.71e-05 0.439
 46   -9.761711406452e-02 -9.962939096494e-02 1.21e-07 7.10e-09 1.78e-05 0.444
 47   -9.775876534770e-02 -9.943261595895e-02 8.71e-08 5.13e-09 1.36e-05 0.448
 48   -9.777010645595e-02 -9.941411128320e-02 8.30e-08 4.89e-09 1.41e-05 0.454
 49   -9.788663643221e-02 -9.925613935488e-02 6.01e-08 3.54e-09 1.08e-05 0.458
 50   -9.789538243329e-02 -9.924101960380e-02 5.72e-08 3.37e-09 1.12e-05 0.464
 51   -9.799394954098e-02 -9.911061943616e-02 4.12e-08 2.43e-09 8.52e-06 0.468
 52   -9.800248645757e-02 -9.909782724645e-02 3.92e-08 2.31e-09 8.82e-06 0.474
 53   -9.808295938882e-02 -9.899344571859e-02 2.83e-08 1.66e-09 6.70e-06 0.478
 54   -9.808981987374e-02 -9.898286414952e-02 2.68e-08 1.58e-09 6.93e-06 0.483
 55   -9.815881589771e-02 -9.889538694492e-02 1.92e-08 1.13e-09 5.21e-06 0.487
 56   -9.816532622677e-02 -9.888629137603e-02 1.82e-08 1.07e-09 5.38e-06 0.493
 57   -9.822232551670e-02 -9.881533700740e-02 1.30e-08 7.63e-10 4.02e-06 0.497
 58   -9.822758900132e-02 -9.880785390158e-02 1.22e-08 7.21e-10 4.14e-06 0.503
 59   -9.827517089696e-02 -9.874960962334e-02 8.65e-09 5.09e-10 3.06e-06 0.507
 60   -9.827999663710e-02 -9.874321864934e-02 8.16e-09 4.80e-10 3.15e-06 0.512
 61   -9.831777976227e-02 -9.869752876957e-02 5.78e-09 3.40e-10 2.33e-06 0.516
 62   -9.832176915465e-02 -9.869223836244e-02 5.43e-09 3.20e-10 2.38e-06 0.522
 63   -9.835261702529e-02 -9.865541851777e-02 3.83e-09 2.25e-10 1.76e-06 0.526
 64   -9.835626643240e-02 -9.865081964459e-02 3.59e-09 2.11e-10 1.79e-06 0.531
 65   -9.838085256866e-02 -9.862178470492e-02 2.53e-09 1.49e-10 1.32e-06 0.535
 66   -9.838393242584e-02 -9.861791880368e-02 2.36e-09 1.39e-10 1.34e-06 0.541
 67   -9.840403932385e-02 -9.859443176768e-02 1.66e-09 9.75e-11 9.83e-07 0.545
 68   -9.840682369109e-02 -9.859105170283e-02 1.54e-09 9.05e-11 9.94e-07 0.551
 69   -9.842287761907e-02 -9.857246347649e-02 1.07e-09 6.32e-11 7.26e-07 0.555
 70   -9.842523567218e-02 -9.856961687819e-02 9.93e-10 5.84e-11 7.29e-07 0.560
 71   -9.843824397457e-02 -9.855468375778e-02 6.88e-10 4.04e-11 5.28e-07 0.564
 72   -9.844033641184e-02 -9.855221216883e-02 6.32e-10 3.71e-11 5.28e-07 0.569
 73   -9.845061388270e-02 -9.854049527226e-02 4.36e-10 2.56e-11 3.79e-07 0.573
 74   -9.845237413256e-02 -9.853842847428e-02 3.97e-10 2.32e-11 3.76e-07 0.578
 75   -9.846052713830e-02 -9.852919322817e-02 2.72e-10 1.59e-11 2.68e-07 0.582
 76   -9.846205437007e-02 -9.852742560194e-02 2.46e-10 1.43e-11 2.64e-07 0.587
 77   -9.846834794559e-02 -9.852033312638e-02 1.67e-10 9.76e-12 1.87e-07 0.591
 78   -9.846961821042e-02 -9.851887145433e-02 1.50e-10 8.80e-12 1.82e-07 0.596
 79   -9.847446456380e-02 -9.851343517759e-02 1.01e-10 5.93e-12 1.28e-07 0.600
 80   -9.847554508166e-02 -9.851220398447e-02 9.00e-11 5.18e-12 1.24e-07 0.606
 81   -9.847919840437e-02 -9.850812166452e-02 6.05e-11 3.49e-12 8.63e-08 0.610
 82   -9.848008919251e-02 -9.850711190974e-02 5.32e-11 2.97e-12 8.25e-08 0.615
 83   -9.848283723834e-02 -9.850405191801e-02 3.55e-11 1.98e-12 5.72e-08 0.619
 84   -9.848358120362e-02 -9.850321420459e-02 3.09e-11 1.85e-12 5.39e-08 0.624
 85   -9.848560980121e-02 -9.850096196410e-02 2.05e-11 1.25e-12 3.72e-08 0.627
 86   -9.848621401220e-02 -9.850028445345e-02 1.75e-11 1.24e-12 3.46e-08 0.632
 87   -9.848769869076e-02 -9.849864036137e-02 1.16e-11 8.27e-13 2.36e-08 0.636
 88   -9.848819090743e-02 -9.849809094756e-02 9.76e-12 3.96e-13 2.16e-08 0.641
 89   -9.848925541000e-02 -9.849691470691e-02 6.41e-12 2.69e-13 1.47e-08 0.645
 90   -9.848964621014e-02 -9.849647990001e-02 5.29e-12 8.67e-13 1.32e-08 0.650
 91   -9.849039847860e-02 -9.849565023107e-02 3.45e-12 5.71e-13 8.90e-09 0.654
 92   -9.849070702076e-02 -9.849530802653e-02 2.79e-12 5.61e-13 7.80e-09 0.659
 93   -9.849122664631e-02 -9.849473585122e-02 1.81e-12 3.57e-13 5.23e-09 0.663
 94   -9.849146333620e-02 -9.849447396892e-02 1.42e-12 1.42e-12 4.46e-09 0.667
 95   -9.849181412906e-02 -9.849408822265e-02 9.13e-13 9.19e-13 2.97e-09 0.672
 96   -9.849199186668e-02 -9.849389200153e-02 6.97e-13 6.59e-13 2.45e-09 0.676
 97   -9.849222077477e-02 -9.849364056279e-02 4.44e-13 3.98e-13 1.62e-09 0.680
 98   -9.849234921611e-02 -9.849349901793e-02 3.27e-13 1.75e-12 1.29e-09 0.685
 99   -9.849249273566e-02 -9.849334150891e-02 2.07e-13 1.12e-12 8.42e-10 0.689
100   -9.849258298767e-02 -9.849324219588e-02 1.46e-13 1.11e-12 6.42e-10 0.693
101   -9.849266898188e-02 -9.849314788699e-02 9.07e-14 7.56e-13 4.14e-10 0.697
102   -9.849273054061e-02 -9.849308022336e-02 5.96e-14 8.73e-13 2.94e-10 0.702
103   -9.849277968617e-02 -9.849302636135e-02 3.62e-14 5.00e-13 1.85e-10 0.706
104   -9.849281979584e-02 -9.849298231702e-02 2.27e-13 2.64e-11 1.17e-10 0.710
105   -9.849284587163e-02 -9.849295375463e-02 1.32e-13 1.57e-11 6.98e-11 0.714
106   -9.849286857917e-02 -9.849292882894e-02 4.50e-14 9.80e-11 3.62e-11 0.717
107   -9.849288047819e-02 -9.849291580409e-02 2.35e-14 5.21e-11 1.95e-11 0.721
108   -9.849288976485e-02 -9.849290562015e-02 4.21e-14 2.15e-10 7.85e-12 0.725
109   -9.849289384798e-02 -9.849290115138e-02 1.81e-14 9.26e-11 3.45e-12 0.729


Optimal solution found in 109 iterations and 0.729s
Objective -9.84928938e-02
Primal infeasibility (abs/rel): 3.62e-14/1.81e-14
Dual infeasibility   (abs/rel): 1.02e-10/9.26e-11
Complementarity gap  (abs/rel): 3.78e-12/3.45e-12


Barrier finished in 0.73 seconds
Dual variables for problems with quadratic constraints not returned.
