cuOpt version: 26.10.0, git hash: 648f805d, host arch: x86_64, device archs: 80-real
CPU: AMD EPYC 7642 48-Core Processor, threads: 5C/5T, RAM usage: 37.51/503.74GiB
CPU SIMD target: AVX2
CUDA 12.9, device: NVIDIA A100 80GB PCIe (ID 0), VRAM: 79.44 GiB
CUDA device UUID: 68df5cf5-71f9-6a93-b428-460c080ffb10
Problem has 1 quadratic constraints. Converting to second-order cones and solving with barrier.
Handling 50 free variables directly in augmented system
Presolved problem: 5103 constraints 10102 variables 265152 nonzeros
Skipping Ruiz equilibration (row norm ratio 1.4, column norm ratio 1.4 < 5e4, Q coeff ratio 1.0 < 100)
Barrier solver started at 0.026 seconds
Barrier solver: 5103 constraints, 10102 variables, 265152 nonzeros


Second-order cones          : 1
Free variables              : 50
Upper bounds                : 5000
Linear system               : augmented
cuDSS Version               : 0.7.1
cuDSS Threading layer       : libcudss_mtlayer_gomp.so.0
Reordering time             : 0.158s
Symbolic factorization time : 0.023s
Symbolic nonzeros in factor : 2.79e+05
Elapsed time for augmented  : 0.214 seconds
Elapsed time           : 0.214 seconds
Barrier setup complete at 0.214 seconds
Adaptive regularization enabled


                  Objective                         Infeasibility        Time
Iter   Primal              Dual                Primal   Dual    Compl.   Elapsed
  0   -3.704291987375e+02 -3.711395609108e+02 3.71e+03 1.91e+00 1.19e-02 0.214
  1   -8.083223154103e-01 -3.473468045888e+02 6.71e+00 2.97e-01 1.68e-01 0.219
  2   -6.077349700380e-02 -4.920524198396e+00 5.28e-02 3.11e-03 1.96e-03 0.224
  3   -5.629436481147e-02 -2.042365789760e-01 1.48e-03 8.74e-05 4.73e-05 0.228
  4   -6.071057037788e-02 -2.060252704922e-01 1.36e-03 7.99e-05 5.69e-05 0.232
  5   -6.096083217537e-02 -2.060419848749e-01 1.34e-03 7.87e-05 5.69e-05 0.237
  6   -7.341806977437e-02 -1.997433071820e-01 5.70e-04 3.36e-05 2.17e-04 0.241
  7   -7.350409946179e-02 -1.960279991994e-01 4.89e-04 2.88e-05 2.19e-04 0.245
  8   -8.064676211766e-02 -1.576194995912e-01 2.93e-04 1.73e-05 1.42e-04 0.249
  9   -8.071529109595e-02 -1.575985139886e-01 2.89e-04 1.70e-05 1.40e-04 0.254
 10   -8.400312341419e-02 -1.399575985827e-01 1.30e-04 7.64e-06 1.09e-04 0.258
 11   -8.390602806136e-02 -1.397929696274e-01 1.28e-04 7.55e-06 1.08e-04 0.263
 12   -8.689669800850e-02 -1.277338977660e-01 5.93e-05 3.49e-06 7.70e-05 0.267
 13   -8.873962389932e-02 -1.228695879226e-01 4.60e-05 2.71e-06 7.18e-05 0.271
 14   -8.848058433149e-02 -1.226034188382e-01 4.56e-05 2.69e-06 8.22e-05 0.276
 15   -9.200977830176e-02 -1.133291526053e-01 2.28e-05 1.34e-06 5.90e-05 0.281
 16   -9.204916256762e-02 -1.132313358406e-01 2.21e-05 1.30e-06 6.83e-05 0.286
 17   -9.324594736851e-02 -1.096981672663e-01 1.31e-05 7.72e-07 5.29e-05 0.290
 18   -9.317373463677e-02 -1.096063988065e-01 1.29e-05 7.62e-07 5.76e-05 0.296
 19   -9.347037910820e-02 -1.084895469872e-01 1.00e-05 5.91e-07 6.67e-05 0.301
 20   -9.351242529656e-02 -1.084202321914e-01 9.75e-06 5.74e-07 7.33e-05 0.307
 21   -9.395100112930e-02 -1.073063327561e-01 7.55e-06 4.45e-07 6.90e-05 0.311
 22   -9.392597206214e-02 -1.072091498814e-01 7.35e-06 4.33e-07 7.42e-05 0.317
 23   -9.467593148980e-02 -1.057488471336e-01 5.39e-06 3.18e-07 6.91e-05 0.321
 24   -9.471198249738e-02 -1.056594090781e-01 5.22e-06 3.08e-07 7.40e-05 0.327
 25   -9.512140959543e-02 -1.047845043315e-01 4.02e-06 2.37e-07 6.59e-05 0.332
 26   -9.511255625830e-02 -1.047056320944e-01 3.90e-06 2.30e-07 6.96e-05 0.337
 27   -9.561676913206e-02 -1.037830669947e-01 2.94e-06 1.73e-07 6.19e-05 0.342
 28   -9.565308534472e-02 -1.037082987645e-01 2.83e-06 1.67e-07 6.54e-05 0.347
 29   -9.595156402133e-02 -1.031152553332e-01 2.21e-06 1.30e-07 5.80e-05 0.352
 30   -9.595829465511e-02 -1.030485369272e-01 2.13e-06 1.26e-07 6.08e-05 0.358
 31   -9.637063832438e-02 -1.023567028864e-01 1.60e-06 9.42e-08 5.24e-05 0.362
 32   -9.640472847372e-02 -1.022919888281e-01 1.53e-06 9.02e-08 5.49e-05 0.368
 33   -9.669350366590e-02 -1.017938598742e-01 1.16e-06 6.85e-08 4.64e-05 0.373
 34   -9.670486509958e-02 -1.017394868491e-01 1.11e-06 6.56e-08 4.83e-05 0.378
 35   -9.702762572004e-02 -1.012350595621e-01 8.23e-07 4.85e-08 3.98e-05 0.383
 36   -9.705578286661e-02 -1.011845970349e-01 7.84e-07 4.62e-08 4.14e-05 0.388
 37   -9.727500612398e-02 -1.008321099422e-01 5.91e-07 3.48e-08 3.42e-05 0.393
 38   -9.728859253770e-02 -1.007906493182e-01 5.63e-07 3.32e-08 3.54e-05 0.399
 39   -9.751591755147e-02 -1.004529735936e-01 4.17e-07 2.46e-08 2.86e-05 0.404
 40   -9.753938484455e-02 -1.004144739854e-01 3.96e-07 2.33e-08 2.96e-05 0.409
 41   -9.770346037897e-02 -1.001680448180e-01 2.97e-07 1.75e-08 2.40e-05 0.414
 42   -9.771673855708e-02 -1.001370527471e-01 2.81e-07 1.66e-08 2.47e-05 0.420
 43   -9.787764665968e-02 -9.990931005350e-02 2.08e-07 1.23e-08 1.97e-05 0.425
 44   -9.789613661357e-02 -9.988091806899e-02 1.97e-07 1.16e-08 2.03e-05 0.430
 45   -9.801576302782e-02 -9.971092488672e-02 1.47e-07 8.67e-09 1.62e-05 0.435
 46   -9.802754726399e-02 -9.968814008914e-02 1.39e-07 8.19e-09 1.67e-05 0.441
 47   -9.814363195831e-02 -9.953129222432e-02 1.02e-07 6.02e-09 1.31e-05 0.446
 48   -9.815792260882e-02 -9.951047969210e-02 9.63e-08 5.67e-09 1.34e-05 0.451
 49   -9.824859751685e-02 -9.938869680598e-02 7.09e-08 4.17e-09 1.05e-05 0.456
 50   -9.825827765705e-02 -9.937217601438e-02 6.66e-08 3.92e-09 1.08e-05 0.462
 51   -9.834382762885e-02 -9.926177926925e-02 4.81e-08 2.83e-09 8.23e-06 0.466
 52   -9.835432042132e-02 -9.924702624761e-02 4.51e-08 2.66e-09 8.40e-06 0.472
 53   -9.841916590244e-02 -9.916366207794e-02 3.27e-08 1.93e-09 6.43e-06 0.476
 54   -9.842660289166e-02 -9.915214190525e-02 3.06e-08 1.80e-09 6.55e-06 0.481
 55   -9.848383419622e-02 -9.908055166438e-02 2.19e-08 1.29e-09 4.95e-06 0.485
 56   -9.849149903948e-02 -9.907025816984e-02 2.05e-08 1.21e-09 5.02e-06 0.491
 57   -9.853507567155e-02 -9.901608498436e-02 1.47e-08 8.68e-10 3.80e-06 0.495
 58   -9.854079694671e-02 -9.900796553618e-02 1.37e-08 8.08e-10 3.85e-06 0.501
 59   -9.857859795768e-02 -9.896200870659e-02 9.79e-09 5.76e-10 2.88e-06 0.505
 60   -9.858419899850e-02 -9.895478846899e-02 9.07e-09 5.34e-10 2.91e-06 0.511
 61   -9.861301566929e-02 -9.891996487397e-02 6.50e-09 3.83e-10 2.18e-06 0.515
 62   -9.861733217954e-02 -9.891423954844e-02 6.01e-09 3.54e-10 2.20e-06 0.520
 63   -9.864177143441e-02 -9.888520730960e-02 4.27e-09 2.52e-10 1.63e-06 0.524
 64   -9.864585590349e-02 -9.888012871266e-02 3.94e-09 2.32e-10 1.64e-06 0.530
 65   -9.866457857263e-02 -9.885802019760e-02 2.81e-09 1.65e-10 1.22e-06 0.534
 66   -9.866780346527e-02 -9.885395961010e-02 2.58e-09 1.52e-10 1.22e-06 0.540
 67   -9.868340149339e-02 -9.883577914346e-02 1.83e-09 1.07e-10 9.03e-07 0.543
 68   -9.868637438662e-02 -9.883219222468e-02 1.67e-09 9.81e-11 8.97e-07 0.549
 69   -9.869836359392e-02 -9.881829447934e-02 1.18e-09 6.96e-11 6.65e-07 0.553
 70   -9.870075669449e-02 -9.881539736706e-02 1.07e-09 6.32e-11 6.58e-07 0.558
 71   -9.871063017666e-02 -9.880406787442e-02 7.57e-10 4.45e-11 4.84e-07 0.562
 72   -9.871278997146e-02 -9.880152409989e-02 6.83e-10 4.02e-11 4.76e-07 0.568
 73   -9.872041591984e-02 -9.879281826255e-02 4.81e-10 2.83e-11 3.49e-07 0.572
 74   -9.872216876634e-02 -9.879075586636e-02 4.31e-10 2.54e-11 3.41e-07 0.577
 75   -9.872835701464e-02 -9.878374620552e-02 3.00e-10 1.76e-11 2.48e-07 0.581
 76   -9.872989792487e-02 -9.878196443622e-02 2.67e-10 1.56e-11 2.40e-07 0.586
 77   -9.873463448707e-02 -9.877662197974e-02 1.85e-10 1.09e-11 1.74e-07 0.590
 78   -9.873588074069e-02 -9.877518526997e-02 1.63e-10 9.56e-12 1.67e-07 0.595
 79   -9.873962050505e-02 -9.877099108424e-02 1.12e-10 6.56e-12 1.20e-07 0.599
 80   -9.874068614388e-02 -9.876977627824e-02 9.79e-11 5.54e-12 1.13e-07 0.604
 81   -9.874348766316e-02 -9.876664497412e-02 6.70e-11 3.79e-12 8.08e-08 0.608
 82   -9.874434080601e-02 -9.876567596749e-02 5.77e-11 3.20e-12 7.57e-08 0.613
 83   -9.874646804710e-02 -9.876330774380e-02 3.91e-11 2.15e-12 5.35e-08 0.617
 84   -9.874717853481e-02 -9.876250675384e-02 3.32e-11 2.11e-12 4.94e-08 0.622
 85   -9.874872254665e-02 -9.876079220380e-02 2.24e-11 1.43e-12 3.47e-08 0.626
 86   -9.874928782769e-02 -9.876015724667e-02 1.88e-11 1.19e-12 3.15e-08 0.631
 87   -9.875042048140e-02 -9.875890325021e-02 1.26e-11 7.67e-13 2.19e-08 0.635
 88   -9.875088198765e-02 -9.875838744453e-02 1.03e-11 5.77e-13 1.95e-08 0.640
 89   -9.875168200116e-02 -9.875750363592e-02 6.83e-12 4.07e-13 1.35e-08 0.643
 90   -9.875204353134e-02 -9.875710081082e-02 5.45e-12 4.09e-13 1.17e-08 0.648
 91   -9.875260472736e-02 -9.875648221900e-02 3.59e-12 2.56e-13 7.99e-09 0.652
 92   -9.875288867480e-02 -9.875616691886e-02 2.77e-12 9.08e-13 6.69e-09 0.657
 93   -9.875326463693e-02 -9.875575318430e-02 1.81e-12 5.82e-13 4.54e-09 0.661
 94   -9.875347746880e-02 -9.875551745337e-02 1.35e-12 1.11e-12 3.66e-09 0.666
 95   -9.875372408978e-02 -9.875524649470e-02 8.66e-13 7.03e-13 2.44e-09 0.670
 96   -9.875387946074e-02 -9.875507483043e-02 6.14e-13 6.18e-13 1.88e-09 0.675
 97   -9.875403362119e-02 -9.875490567666e-02 3.88e-13 3.51e-13 1.23e-09 0.679
 98   -9.875413932985e-02 -9.875478910511e-02 2.59e-13 1.39e-12 8.88e-10 0.683
 99   -9.875423086902e-02 -9.875468877781e-02 1.59e-13 8.54e-13 5.66e-10 0.687
100   -9.875429764013e-02 -9.875461525594e-02 9.86e-14 9.53e-13 3.77e-10 0.692
101   -9.875434668520e-02 -9.875456154245e-02 1.10e-13 1.88e-08 2.32e-10 0.695
102   -9.875438425661e-02 -9.875452022585e-02 4.54e-14 1.05e-08 1.39e-10 0.700
103   -9.875440734373e-02 -9.875449495968e-02 2.57e-14 6.02e-09 8.21e-11 0.703
104   -9.875442574156e-02 -9.875447475300e-02 1.16e-13 2.89e-09 4.30e-11 0.707
105   -9.875443502537e-02 -9.875446459551e-02 6.35e-14 1.58e-09 2.43e-11 0.711
106   -9.875444211489e-02 -9.875445681180e-02 2.29e-14 4.76e-10 1.13e-11 0.715
107   -9.875444529525e-02 -9.875445333409e-02 1.15e-14 2.41e-10 5.96e-12 0.719


Optimal solution found in 107 iterations and 0.719s
Objective -9.87544453e-02
Primal infeasibility (abs/rel): 2.30e-14/1.15e-14
Dual infeasibility   (abs/rel): 2.66e-10/2.41e-10
Complementarity gap  (abs/rel): 6.55e-12/5.96e-12


Barrier finished in 0.72 seconds
Dual variables for problems with quadratic constraints not returned.
