cuOpt version: 26.10.0, git hash: 648f805d, host arch: x86_64, device archs: 80-real
CPU: AMD EPYC 7642 48-Core Processor, threads: 5C/5T, RAM usage: 40.21/503.74GiB
CPU SIMD target: AVX2
CUDA 12.9, device: NVIDIA A100 80GB PCIe (ID 0), VRAM: 79.44 GiB
CUDA device UUID: 68df5cf5-71f9-6a93-b428-460c080ffb10
Problem has 1 quadratic constraints. Converting to second-order cones and solving with barrier.
Handling 50 free variables directly in augmented system
Presolved problem: 5103 constraints 10102 variables 265152 nonzeros
Skipping Ruiz equilibration (row norm ratio 1.4, column norm ratio 1.4 < 5e4, Q coeff ratio 1.0 < 100)
Barrier solver started at 0.029 seconds
Barrier solver: 5103 constraints, 10102 variables, 265152 nonzeros


Second-order cones          : 1
Free variables              : 50
Upper bounds                : 5000
Linear system               : augmented
cuDSS Version               : 0.7.1
cuDSS Threading layer       : libcudss_mtlayer_gomp.so.0
cuDSS solve mode            : deterministic
Reordering time             : 0.053s
Symbolic factorization time : 0.023s
Symbolic nonzeros in factor : 2.79e+05
Elapsed time for augmented  : 0.113 seconds
Elapsed time           : 0.113 seconds
Barrier setup complete at 0.113 seconds
Adaptive regularization enabled


                  Objective                         Infeasibility        Time
Iter   Primal              Dual                Primal   Dual    Compl.   Elapsed
  0   -4.992564657547e-02 -2.507067875879e+03 5.00e+00 9.29e+00 1.02e+02 0.156
  1   -5.009612218523e-02 -4.598120969041e+01 8.13e-02 1.65e+00 5.49e+00 0.198
  2   -6.037324161043e-02 -1.230712732808e+00 8.13e-04 4.56e-01 1.26e-01 0.241
  3   -6.633935003663e-02 -3.118457175320e-01 1.69e-04 9.49e-02 2.62e-02 0.283
  4   -7.321880419178e-02 -2.441343127005e-01 8.00e-05 4.50e-02 1.22e-02 0.325
  5   -8.722660747965e-02 -1.339397892801e-01 1.96e-05 1.10e-02 2.96e-03 0.368
  6   -9.386071224993e-02 -1.078311490863e-01 1.58e-06 8.90e-04 1.92e-04 0.410
  7   -9.618709584924e-02 -1.026252254242e-01 6.29e-07 3.46e-04 9.40e-05 0.452
  8   -9.784502844461e-02 -9.949109357079e-02 8.33e-08 4.48e-05 7.09e-06 0.495
  9   -9.829356164140e-02 -9.881046832642e-02 2.18e-08 1.07e-05 1.58e-06 0.537
 10   -9.838555879827e-02 -9.866195089871e-02 9.70e-09 3.61e-06 1.70e-06 0.580
 11   -9.848747877088e-02 -9.853351705968e-02 1.34e-09 4.68e-07 2.93e-07 0.622
 12   -9.850426535661e-02 -9.851267279803e-02 2.15e-10 8.16e-08 6.39e-08 0.665
 13   -9.850775749121e-02 -9.850834208446e-02 2.27e-11 4.20e-09 4.38e-09 0.707
 14   -9.850800908732e-02 -9.850803093537e-02 1.26e-11 3.38e-08 1.09e-10 0.750
 15   -9.850801822191e-02 -9.850801996097e-02 3.99e-12 2.20e-07 4.50e-12 0.792
 16   -9.850801883405e-02 -9.850801927713e-02 1.58e-12 2.84e-06 1.17e-12 0.835
 17   -9.850801900106e-02 -9.850801911495e-02 2.51e-13 1.67e-04 2.93e-13 0.877
 18   -9.850801903432e-02 -9.850801908549e-02 1.40e-13 1.10e-03 9.24e-14 0.920
 19   -9.850801905132e-02 -9.850801906182e-02 5.55e-15 4.82e-04 5.84e-15 0.963
 20   -9.850801905422e-02 -9.850801905859e-02 5.52e-15 2.96e-03 2.10e-15 1.006
Numerical error in objective
Restoring previous solution


Suboptimal solution found in 21 iterations and 1.05 seconds
Objective -9.85077575e-02
Primal infeasibility (abs/rel): 4.53e-11/2.27e-11
Dual infeasibility   (abs/rel): 4.63e-09/4.20e-09
Complementarity gap  (abs/rel): 4.81e-09/4.38e-09


Barrier finished in 1.05 seconds
Dual variables for problems with quadratic constraints not returned.
