cuOpt version: 26.10.0, git hash: 648f805d, host arch: x86_64, device archs: 80-real
CPU: AMD EPYC 7642 48-Core Processor, threads: 5C/5T, RAM usage: 40.21/503.74GiB
CPU SIMD target: AVX2
CUDA 12.9, device: NVIDIA A100 80GB PCIe (ID 0), VRAM: 79.44 GiB
CUDA device UUID: 68df5cf5-71f9-6a93-b428-460c080ffb10
Problem has 1 quadratic constraints. Converting to second-order cones and solving with barrier.
Handling 50 free variables directly in augmented system
Presolved problem: 5103 constraints 10102 variables 265152 nonzeros
Skipping Ruiz equilibration (row norm ratio 1.4, column norm ratio 1.4 < 5e4, Q coeff ratio 1.0 < 100)
Barrier solver started at 0.027 seconds
Barrier solver: 5103 constraints, 10102 variables, 265152 nonzeros


Second-order cones          : 1
Free variables              : 50
Upper bounds                : 5000
Linear system               : augmented
cuDSS Version               : 0.7.1
cuDSS Threading layer       : libcudss_mtlayer_gomp.so.0
cuDSS solve mode            : deterministic
Reordering time             : 0.142s
Symbolic factorization time : 0.023s
Symbolic nonzeros in factor : 2.79e+05
Elapsed time for augmented  : 0.199 seconds
Elapsed time           : 0.199 seconds
Barrier setup complete at 0.199 seconds
Adaptive regularization enabled


                  Objective                         Infeasibility        Time
Iter   Primal              Dual                Primal   Dual    Compl.   Elapsed
  0   -4.992855124986e-02 -2.507050471952e+03 5.00e+00 9.28e+00 1.02e+02 0.243
  1   -5.009903416175e-02 -4.633824646410e+01 8.20e-02 1.65e+00 5.50e+00 0.285
  2   -6.029550050195e-02 -1.217467586974e+00 8.20e-04 4.59e-01 1.27e-01 0.328
  3   -6.647581847449e-02 -3.225501954978e-01 1.79e-04 1.00e-01 2.79e-02 0.371
  4   -7.294759133840e-02 -2.473390984223e-01 7.72e-05 4.33e-02 1.18e-02 0.413
  5   -8.681124498817e-02 -1.351675916043e-01 1.98e-05 1.11e-02 2.99e-03 0.456
  6   -9.189614174419e-02 -1.122614959518e-01 2.40e-06 1.35e-03 3.59e-04 0.498
  7   -9.636811328118e-02 -1.030704178559e-01 7.40e-07 4.09e-04 8.70e-05 0.541
  8   -9.729723938465e-02 -1.009242882731e-01 3.27e-07 1.74e-04 6.11e-05 0.584
  9   -9.822996462825e-02 -9.939470061368e-02 9.14e-08 4.90e-05 1.91e-05 0.627
 10   -9.858092862234e-02 -9.880423809583e-02 1.52e-08 8.56e-06 5.20e-06 0.669
 11   -9.866547755138e-02 -9.867249062581e-02 7.32e-10 2.58e-07 1.11e-07 0.711
 12   -9.866812062474e-02 -9.866846000816e-02 5.26e-11 8.22e-09 3.33e-09 0.754
 13   -9.866824350424e-02 -9.866826426522e-02 8.04e-13 1.25e-08 1.22e-10 0.797
 14   -9.866825074278e-02 -9.866825339664e-02 3.44e-13 1.21e-07 1.61e-11 0.840
 15   -9.866825181625e-02 -9.866825185452e-02 1.60e-14 5.08e-06 2.86e-13 0.882
 16   -9.866825183074e-02 -9.866825183296e-02 3.43e-14 1.23e-04 1.16e-14 0.925
 17   -9.866825183124e-02 -9.866825183219e-02 3.51e-14 5.75e-04 1.35e-15 0.967
Numerical error in objective
Restoring previous solution


Suboptimal solution found in 18 iterations and 1.01 seconds
Objective -9.86681206e-02
Primal infeasibility (abs/rel): 1.05e-10/5.26e-11
Dual infeasibility   (abs/rel): 9.05e-09/8.22e-09
Complementarity gap  (abs/rel): 3.66e-09/3.33e-09


Barrier finished in 1.01 seconds
Dual variables for problems with quadratic constraints not returned.
