cuOpt version: 26.10.0, git hash: 648f805d, host arch: x86_64, device archs: 80-real
CPU: AMD EPYC 7642 48-Core Processor, threads: 5C/5T, RAM usage: 40.20/503.74GiB
CPU SIMD target: AVX2
CUDA 12.9, device: NVIDIA A100 80GB PCIe (ID 0), VRAM: 79.44 GiB
CUDA device UUID: 68df5cf5-71f9-6a93-b428-460c080ffb10
Problem has 1 quadratic constraints. Converting to second-order cones and solving with barrier.
Handling 50 free variables directly in augmented system
Presolved problem: 5103 constraints 10102 variables 265152 nonzeros
Skipping Ruiz equilibration (row norm ratio 1.4, column norm ratio 1.4 < 5e4, Q coeff ratio 1.0 < 100)
Barrier solver started at 0.026 seconds
Barrier solver: 5103 constraints, 10102 variables, 265152 nonzeros


Second-order cones          : 1
Free variables              : 50
Upper bounds                : 5000
Linear system               : augmented
cuDSS Version               : 0.7.1
cuDSS Threading layer       : libcudss_mtlayer_gomp.so.0
cuDSS solve mode            : deterministic
Reordering time             : 0.143s
Symbolic factorization time : 0.024s
Symbolic nonzeros in factor : 2.79e+05
Elapsed time for augmented  : 0.200 seconds
Elapsed time           : 0.200 seconds
Barrier setup complete at 0.200 seconds
Adaptive regularization enabled


                  Objective                         Infeasibility        Time
Iter   Primal              Dual                Primal   Dual    Compl.   Elapsed
  0   -4.994847164048e-02 -2.507045855028e+03 5.00e+00 9.28e+00 1.02e+02 0.243
  1   -5.011916047162e-02 -4.630438784646e+01 8.20e-02 1.65e+00 5.50e+00 0.285
  2   -6.033576127590e-02 -1.221815080782e+00 8.20e-04 4.59e-01 1.27e-01 0.328
  3   -6.652301700795e-02 -3.130068539497e-01 1.72e-04 9.64e-02 2.68e-02 0.370
  4   -7.262709884186e-02 -2.517674842115e-01 8.33e-05 4.67e-02 1.27e-02 0.413
  5   -8.679219562695e-02 -1.380637265864e-01 2.15e-05 1.21e-02 3.24e-03 0.455
  6   -9.286732979908e-02 -1.101355648789e-01 1.11e-06 6.24e-04 1.36e-04 0.498
  7   -9.578749075423e-02 -1.040838730871e-01 4.50e-07 2.46e-04 8.26e-05 0.541
  8   -9.749944356414e-02 -1.009157200257e-01 1.38e-07 7.27e-05 2.51e-05 0.583
  9   -9.848883956384e-02 -9.928294721241e-02 2.14e-08 9.02e-06 1.42e-06 0.626
 10   -9.869265861628e-02 -9.899250226788e-02 7.20e-09 2.40e-06 4.09e-07 0.669
 11   -9.874188524729e-02 -9.892184750772e-02 3.97e-09 9.22e-07 7.44e-07 0.711
 12   -9.880607818527e-02 -9.884437421631e-02 6.20e-10 1.14e-07 1.69e-07 0.753
 13   -9.882038171240e-02 -9.882744752477e-02 1.33e-10 2.00e-08 5.56e-08 0.796
 14   -9.882340421001e-02 -9.882392921527e-02 2.69e-11 8.80e-09 4.31e-09 0.839
 15   -9.882363751464e-02 -9.882365838024e-02 1.37e-12 1.72e-08 1.71e-10 0.881
 16   -9.882364661870e-02 -9.882364777065e-02 1.42e-13 3.91e-07 9.49e-12 0.923
 17   -9.882364713230e-02 -9.882364716122e-02 1.72e-13 2.46e-06 1.45e-13 0.966
 18   -9.882364714646e-02 -9.882364714951e-02 2.25e-14 2.35e-04 1.41e-14 1.009
 19   -9.882364714818e-02 -9.882364714822e-02 9.44e-16 4.39e-03 1.75e-15 1.051
Numerical error in objective
Restoring previous solution


Suboptimal solution found in 20 iterations and 1.09 seconds
Objective -9.88234042e-02
Primal infeasibility (abs/rel): 5.37e-11/2.69e-11
Dual infeasibility   (abs/rel): 9.70e-09/8.80e-09
Complementarity gap  (abs/rel): 4.73e-09/4.31e-09


Barrier finished in 1.10 seconds
Dual variables for problems with quadratic constraints not returned.
