cuOpt version: 26.10.0, git hash: 648f805d, host arch: x86_64, device archs: 80-real
CPU: AMD EPYC 7642 48-Core Processor, threads: 5C/5T, RAM usage: 40.21/503.74GiB
CPU SIMD target: AVX2
CUDA 12.9, device: NVIDIA A100 80GB PCIe (ID 0), VRAM: 79.44 GiB
CUDA device UUID: 68df5cf5-71f9-6a93-b428-460c080ffb10
Problem has 1 quadratic constraints. Converting to second-order cones and solving with barrier.
Handling 50 free variables directly in augmented system
Presolved problem: 5103 constraints 10102 variables 265152 nonzeros
Skipping Ruiz equilibration (row norm ratio 1.4, column norm ratio 1.4 < 5e4, Q coeff ratio 1.0 < 100)
Barrier solver started at 0.030 seconds
Barrier solver: 5103 constraints, 10102 variables, 265152 nonzeros


Second-order cones          : 1
Free variables              : 50
Upper bounds                : 5000
Linear system               : augmented
cuDSS Version               : 0.7.1
cuDSS Threading layer       : libcudss_mtlayer_gomp.so.0
cuDSS solve mode            : deterministic
Reordering time             : 0.060s
Symbolic factorization time : 0.024s
Symbolic nonzeros in factor : 2.79e+05
Elapsed time for augmented  : 0.121 seconds
Elapsed time           : 0.121 seconds
Barrier setup complete at 0.121 seconds
Adaptive regularization enabled


                  Objective                         Infeasibility        Time
Iter   Primal              Dual                Primal   Dual    Compl.   Elapsed
  0   -4.994241254872e-02 -2.507006163305e+03 5.00e+00 9.28e+00 1.02e+02 0.164
  1   -5.011311112399e-02 -4.596914325699e+01 8.13e-02 1.65e+00 5.49e+00 0.207
  2   -6.040814206446e-02 -1.233165081329e+00 8.13e-04 4.56e-01 1.26e-01 0.249
  3   -6.630674344734e-02 -3.176433339546e-01 1.72e-04 9.68e-02 2.68e-02 0.292
  4   -7.293452029308e-02 -2.426986257118e-01 7.23e-05 4.07e-02 1.10e-02 0.334
  5   -8.674586879305e-02 -1.334344496205e-01 1.85e-05 1.04e-02 2.78e-03 0.377
  6   -9.222388267737e-02 -1.133418616607e-01 4.24e-06 2.38e-03 5.81e-04 0.419
  7   -9.576501694433e-02 -1.044796678128e-01 1.58e-06 8.81e-04 2.28e-04 0.462
  8   -9.779478529256e-02 -9.987984738025e-02 2.15e-07 1.17e-04 2.61e-05 0.504
  9   -9.847986177470e-02 -9.877324145705e-02 2.35e-08 1.18e-05 9.04e-07 0.547
 10   -9.856286489950e-02 -9.864349688841e-02 5.77e-09 2.23e-06 2.74e-07 0.589
 11   -9.859001646623e-02 -9.860743466249e-02 1.14e-09 3.98e-07 4.85e-08 0.632
 12   -9.859558068967e-02 -9.859995353381e-02 3.15e-10 6.34e-08 1.36e-08 0.675
 13   -9.859747782416e-02 -9.859767345429e-02 1.34e-11 1.65e-09 7.56e-10 0.717
 14   -9.859755750542e-02 -9.859757599210e-02 5.53e-12 9.90e-09 6.11e-11 0.760
 15   -9.859756554358e-02 -9.859756660024e-02 8.18e-13 7.74e-07 2.28e-12 0.802
 16   -9.859756601358e-02 -9.859756607023e-02 1.10e-13 1.85e-05 1.79e-13 0.845
 17   -9.859756604030e-02 -9.859756604185e-02 2.08e-14 1.84e-05 3.19e-15 0.887
 18   -9.859756604099e-02 -9.859756604137e-02 1.04e-14 3.56e-03 9.60e-16 0.930
Numerical error in objective
Restoring previous solution


Suboptimal solution found in 19 iterations and 0.97 seconds
Objective -9.85974778e-02
Primal infeasibility (abs/rel): 2.67e-11/1.34e-11
Dual infeasibility   (abs/rel): 1.81e-09/1.65e-09
Complementarity gap  (abs/rel): 8.31e-10/7.56e-10


Barrier finished in 0.97 seconds
Dual variables for problems with quadratic constraints not returned.
