cuOpt version: 26.10.0, git hash: 648f805d, host arch: x86_64, device archs: 80-real
CPU: AMD EPYC 7642 48-Core Processor, threads: 5C/5T, RAM usage: 29.86/503.74GiB
CPU SIMD target: AVX2
CUDA 12.9, device: NVIDIA A100 80GB PCIe (ID 0), VRAM: 79.44 GiB
CUDA device UUID: 68df5cf5-71f9-6a93-b428-460c080ffb10
Problem has 1 quadratic constraints. Converting to second-order cones and solving with barrier.
Handling 50 free variables directly in augmented system
Presolved problem: 5103 constraints 10102 variables 265152 nonzeros
Skipping Ruiz equilibration (row norm ratio 1.4, column norm ratio 1.4 < 5e4, Q coeff ratio 1.0 < 100)
Barrier solver started at 0.025 seconds
Barrier solver: 5103 constraints, 10102 variables, 265152 nonzeros


Second-order cones          : 1
Free variables              : 50
Upper bounds                : 5000
Linear system               : augmented
cuDSS Version               : 0.7.1
cuDSS Threading layer       : libcudss_mtlayer_gomp.so.0
Reordering time             : 0.054s
Symbolic factorization time : 0.024s
Symbolic nonzeros in factor : 2.79e+05
Elapsed time for augmented  : 0.109 seconds
Elapsed time           : 0.109 seconds
Barrier setup complete at 0.109 seconds
Adaptive regularization enabled


                  Objective                         Infeasibility        Time
Iter   Primal              Dual                Primal   Dual    Compl.   Elapsed
  0   -3.702509737108e+02 -3.710937010099e+02 3.71e+03 1.91e+00 1.19e-02 0.110
  1   -4.136273724066e+00 -3.475151614491e+02 4.01e+01 2.77e-01 6.50e-02 0.113
  2   -1.039317309914e-01 -2.487809570122e+01 4.69e-01 7.85e-03 4.78e-03 0.115
  3   -5.492858363959e-02 -6.426989428659e-01 4.69e-03 7.91e-05 1.48e-04 0.118
  4   -5.851315192417e-02 -1.366087249037e-01 6.22e-04 1.05e-05 1.74e-05 0.121
  5   -6.838203673126e-02 -1.390882580303e-01 4.75e-04 8.01e-06 3.90e-05 0.123
  6   -6.889364208531e-02 -1.392058276232e-01 4.61e-04 7.79e-06 4.13e-05 0.126
  7   -7.975773882734e-02 -1.309110456509e-01 2.43e-04 4.26e-06 1.01e-04 0.129
  8   -7.980215692359e-02 -1.306481764198e-01 2.26e-04 3.97e-06 2.65e-04 0.131
  9   -8.971763586857e-02 -1.146079651783e-01 6.32e-05 1.14e-06 2.28e-04 0.134
 10   -9.597459692516e-02 -1.029565244896e-01 1.59e-05 2.86e-07 4.93e-05 0.137
 11   -9.743912980271e-02 -1.006255765941e-01 6.14e-06 1.11e-07 1.11e-05 0.139
 12   -9.773461911040e-02 -9.993998520143e-02 2.94e-06 7.38e-08 2.50e-05 0.142
 13   -9.823248627605e-02 -9.925628777965e-02 9.33e-07 9.57e-09 9.49e-06 0.145
 14   -9.847078376208e-02 -9.892487525313e-02 3.51e-07 1.07e-08 8.04e-06 0.148
 15   -9.865614960082e-02 -9.868363610262e-02 2.06e-08 3.17e-09 3.88e-07 0.151
 16   -9.866786271580e-02 -9.866876061573e-02 6.72e-10 7.17e-09 5.80e-09 0.153
 17   -9.866820137816e-02 -9.866831864891e-02 8.58e-11 1.62e-08 6.40e-10 0.156
 18   -9.866824337516e-02 -9.866826249971e-02 1.15e-11 1.93e-08 6.14e-11 0.159
 19   -9.866825143076e-02 -9.866825234092e-02 5.20e-13 3.50e-06 6.81e-12 0.161
 20   -9.866825181521e-02 -9.866825185118e-02 6.99e-14 1.13e-04 2.66e-13 0.164
 21   -9.866825183018e-02 -9.866825183301e-02 5.10e-14 2.56e-03 1.16e-14 0.167
Numerical error in objective
Restoring previous solution


Suboptimal solution found in 22 iterations and 0.17 seconds
Objective -9.86678627e-02
Primal infeasibility (abs/rel): 1.34e-09/6.72e-10
Dual infeasibility   (abs/rel): 7.90e-09/7.17e-09
Complementarity gap  (abs/rel): 6.37e-09/5.80e-09


Barrier finished in 0.17 seconds
Dual variables for problems with quadratic constraints not returned.
