cuOpt version: 26.10.0, git hash: 648f805d, host arch: x86_64, device archs: 80-real
CPU: AMD EPYC 7642 48-Core Processor, threads: 5C/5T, RAM usage: 29.94/503.74GiB
CPU SIMD target: AVX2
CUDA 12.9, device: NVIDIA A100 80GB PCIe (ID 0), VRAM: 79.44 GiB
CUDA device UUID: 68df5cf5-71f9-6a93-b428-460c080ffb10
Problem has 1 quadratic constraints. Converting to second-order cones and solving with barrier.
Handling 50 free variables directly in augmented system
Presolved problem: 5103 constraints 10102 variables 265152 nonzeros
Skipping Ruiz equilibration (row norm ratio 1.4, column norm ratio 1.4 < 5e4, Q coeff ratio 1.0 < 100)
Barrier solver started at 0.028 seconds
Barrier solver: 5103 constraints, 10102 variables, 265152 nonzeros


Second-order cones          : 1
Free variables              : 50
Upper bounds                : 5000
Linear system               : augmented
cuDSS Version               : 0.7.1
cuDSS Threading layer       : libcudss_mtlayer_gomp.so.0
Reordering time             : 0.065s
Symbolic factorization time : 0.024s
Symbolic nonzeros in factor : 2.79e+05
Elapsed time for augmented  : 0.124 seconds
Elapsed time           : 0.124 seconds
Barrier setup complete at 0.124 seconds
Adaptive regularization enabled


                  Objective                         Infeasibility        Time
Iter   Primal              Dual                Primal   Dual    Compl.   Elapsed
  0   -3.704291987375e+02 -3.711395609108e+02 3.71e+03 1.91e+00 1.19e-02 0.124
  1   -4.138240293852e+00 -3.475611537576e+02 4.01e+01 2.77e-01 6.50e-02 0.127
  2   -1.039773673851e-01 -2.488455939838e+01 4.69e-01 7.85e-03 4.78e-03 0.130
  3   -5.495207885899e-02 -6.428340799583e-01 4.69e-03 7.91e-05 1.47e-04 0.133
  4   -5.854039337828e-02 -1.366926284583e-01 6.23e-04 1.05e-05 1.75e-05 0.135
  5   -6.604975123178e-02 -1.385362712705e-01 5.11e-04 8.60e-06 2.69e-05 0.138
  6   -6.790336046736e-02 -1.389601525999e-01 4.66e-04 7.88e-06 2.96e-05 0.141
  7   -8.303222706572e-02 -1.229859620903e-01 2.19e-04 3.68e-06 5.72e-05 0.144
  8   -8.344792180474e-02 -1.225109089574e-01 1.93e-04 3.26e-06 6.87e-05 0.146
  9   -8.415588690275e-02 -1.222342283151e-01 1.72e-04 2.92e-06 1.24e-04 0.149
 10   -8.638216660578e-02 -1.192142869171e-01 1.32e-04 2.25e-06 9.51e-05 0.152
 11   -8.613030697518e-02 -1.187880985954e-01 1.26e-04 2.17e-06 1.56e-04 0.155
 12   -9.211841826203e-02 -1.096247508330e-01 6.17e-05 1.05e-06 6.89e-05 0.157
 13   -9.284620867621e-02 -1.081501262412e-01 4.70e-05 8.12e-07 9.81e-05 0.160
 14   -9.588078132860e-02 -1.034063541816e-01 2.05e-05 3.41e-07 5.26e-05 0.163
 15   -9.595697437291e-02 -1.029398681633e-01 1.65e-05 2.87e-07 7.06e-05 0.166
 16   -9.732850039254e-02 -1.009836187357e-01 7.97e-06 1.32e-07 3.47e-05 0.168
 17   -9.755025943914e-02 -1.005059342110e-01 5.33e-06 9.94e-08 4.06e-05 0.171
 18   -9.817927039468e-02 -9.960258873846e-02 2.25e-06 3.36e-08 1.83e-05 0.174
 19   -9.831983010245e-02 -9.934568870915e-02 1.26e-06 2.67e-08 1.49e-05 0.178
 20   -9.860387485958e-02 -9.895714693988e-02 3.50e-07 6.87e-09 5.15e-06 0.181
 21   -9.870464601649e-02 -9.881647077777e-02 8.01e-08 3.51e-09 1.85e-06 0.184
 22   -9.874401712008e-02 -9.876792931051e-02 1.65e-08 9.89e-09 4.03e-07 0.187
 23   -9.875302977536e-02 -9.875609875034e-02 1.14e-09 9.30e-10 3.76e-08 0.189
 24   -9.875430117207e-02 -9.875462821976e-02 1.21e-10 6.95e-09 4.05e-09 0.192
 25   -9.875443707320e-02 -9.875446443861e-02 3.62e-11 7.05e-08 2.65e-10 0.195
 26   -9.875444840610e-02 -9.875445004213e-02 2.29e-12 6.60e-07 1.35e-11 0.198
 27   -9.875444902869e-02 -9.875444925792e-02 2.34e-13 2.44e-05 1.87e-12 0.200
 28   -9.875444912506e-02 -9.875444913785e-02 3.44e-14 5.81e-05 7.63e-14 0.203
 29   -9.875444913018e-02 -9.875444913194e-02 3.18e-14 1.23e-03 5.09e-15 0.206
Numerical error in objective
Restoring previous solution


Suboptimal solution found in 30 iterations and 0.21 seconds
Objective -9.87543012e-02
Primal infeasibility (abs/rel): 2.43e-10/1.21e-10
Dual infeasibility   (abs/rel): 7.66e-09/6.95e-09
Complementarity gap  (abs/rel): 4.45e-09/4.05e-09


Barrier finished in 0.21 seconds
Dual variables for problems with quadratic constraints not returned.
