cuOpt version: 26.10.0, git hash: 648f805d, host arch: x86_64, device archs: 80-real
CPU: AMD EPYC 7642 48-Core Processor, threads: 5C/5T, RAM usage: 37.42/503.74GiB
CPU SIMD target: AVX2
CUDA 12.9, device: NVIDIA A100 80GB PCIe (ID 0), VRAM: 79.44 GiB
CUDA device UUID: 68df5cf5-71f9-6a93-b428-460c080ffb10
Problem has 1 quadratic constraints. Converting to second-order cones and solving with barrier.
Handling 50 free variables directly in augmented system
Presolved problem: 5103 constraints 10102 variables 265152 nonzeros
Skipping Ruiz equilibration (row norm ratio 1.4, column norm ratio 1.4 < 5e4, Q coeff ratio 1.0 < 100)
Barrier solver started at 0.026 seconds
Barrier solver: 5103 constraints, 10102 variables, 265152 nonzeros


Second-order cones          : 1
Free variables              : 50
Upper bounds                : 5000
Linear system               : augmented
cuDSS Version               : 0.7.1
cuDSS Threading layer       : libcudss_mtlayer_gomp.so.0
Reordering time             : 0.123s
Symbolic factorization time : 0.024s
Symbolic nonzeros in factor : 2.79e+05
Elapsed time for augmented  : 0.181 seconds
Elapsed time           : 0.181 seconds
Barrier setup complete at 0.181 seconds
Adaptive regularization enabled


                  Objective                         Infeasibility        Time
Iter   Primal              Dual                Primal   Dual    Compl.   Elapsed
  0   -3.703274138474e+02 -3.710708058040e+02 3.71e+03 1.91e+00 1.19e-02 0.181
  1   -4.751482868374e-01 -3.472565138013e+02 3.37e+00 2.99e-01 2.04e-01 0.186
  2   -6.516303184997e-02 -4.818644682454e+00 3.29e-02 3.31e-03 2.60e-03 0.190
  3   -6.244521818762e-02 -2.168202851463e-01 1.04e-03 1.05e-04 6.02e-05 0.193
  4   -6.289722510044e-02 -2.172406365112e-01 1.04e-03 1.04e-04 5.05e-05 0.198
  5   -6.287903764910e-02 -2.172203817230e-01 1.03e-03 1.04e-04 5.15e-05 0.203
  6   -6.412796526908e-02 -2.179911664944e-01 9.98e-04 1.00e-04 5.66e-05 0.207
  7   -6.412658744568e-02 -2.179788170184e-01 9.97e-04 1.00e-04 5.76e-05 0.213
  8   -6.457707675977e-02 -2.181225715861e-01 9.41e-04 9.46e-05 1.52e-04 0.217
  9   -7.357248711101e-02 -1.949156064635e-01 6.30e-04 6.34e-05 1.60e-04 0.221
 10   -7.345741848252e-02 -1.946079550024e-01 6.22e-04 6.25e-05 1.58e-04 0.227
 11   -7.427725821356e-02 -1.770260365020e-01 1.77e-04 1.78e-05 2.40e-04 0.231
 12   -7.726612982335e-02 -1.640698035164e-01 5.25e-05 5.28e-06 2.80e-04 0.235
 13   -7.723604665569e-02 -1.638157485779e-01 5.15e-05 5.17e-06 2.74e-04 0.241
 14   -8.014087500893e-02 -1.520408937041e-01 2.97e-05 2.98e-06 2.56e-04 0.245
 15   -8.015309588210e-02 -1.520344841113e-01 2.96e-05 2.97e-06 2.55e-04 0.252
 16   -7.982071556483e-02 -1.504096202405e-01 2.23e-05 2.24e-06 2.46e-04 0.256
 17   -7.994138352920e-02 -1.501618575929e-01 2.15e-05 2.16e-06 4.29e-04 0.261
 18   -7.986065174465e-02 -1.496608359459e-01 2.08e-05 2.09e-06 4.46e-04 0.267
 19   -8.163042920000e-02 -1.411935498031e-01 6.87e-06 6.90e-07 2.81e-04 0.272
 20   -8.166129656301e-02 -1.409314712749e-01 6.70e-06 6.73e-07 2.96e-04 0.278
 21   -8.388025097406e-02 -1.336947987845e-01 3.29e-06 3.30e-07 1.80e-04 0.282
 22   -8.382951383674e-02 -1.336339730607e-01 3.28e-06 3.29e-07 1.79e-04 0.288
 23   -8.372301726413e-02 -1.331705118445e-01 3.01e-06 3.02e-07 1.94e-04 0.293
 24   -8.375974463415e-02 -1.331498605840e-01 2.99e-06 3.00e-07 1.99e-04 0.299
 25   -8.370147080639e-02 -1.325419212034e-01 2.68e-06 2.70e-07 2.37e-04 0.304
 26   -8.367613815258e-02 -1.324526530115e-01 2.66e-06 2.67e-07 2.42e-04 0.310
 27   -8.407927189571e-02 -1.308017292890e-01 2.15e-06 2.17e-07 2.53e-04 0.314
 28   -8.412427704455e-02 -1.307681900615e-01 2.14e-06 2.15e-07 2.57e-04 0.321
 29   -8.416376166814e-02 -1.300559727102e-01 1.90e-06 1.91e-07 2.76e-04 0.326
 30   -8.414402878150e-02 -1.299674539105e-01 1.88e-06 1.89e-07 2.80e-04 0.333
 31   -8.504239666867e-02 -1.274378892164e-01 1.45e-06 1.45e-07 2.60e-04 0.337
 32   -8.507731614235e-02 -1.273943770447e-01 1.43e-06 1.44e-07 2.64e-04 0.344
 33   -8.508750690808e-02 -1.268449604709e-01 1.30e-06 1.31e-07 2.76e-04 0.348
 34   -8.507187749080e-02 -1.267683211858e-01 1.29e-06 1.30e-07 2.80e-04 0.354
 35   -8.631851075212e-02 -1.237960717946e-01 9.95e-07 9.99e-08 2.45e-04 0.359
 36   -8.633885298431e-02 -1.237462160095e-01 9.86e-07 9.91e-08 2.49e-04 0.365
 37   -8.632031615903e-02 -1.233302391125e-01 9.13e-07 9.18e-08 2.56e-04 0.370
 38   -8.630705658212e-02 -1.232688847144e-01 9.06e-07 9.10e-08 2.59e-04 0.376
 39   -8.768182906976e-02 -1.203291492244e-01 7.24e-07 7.28e-08 2.25e-04 0.380
 40   -8.768707731477e-02 -1.202843240609e-01 7.18e-07 7.22e-08 2.29e-04 0.386
 41   -8.766153434756e-02 -1.199377175141e-01 6.70e-07 6.74e-08 2.30e-04 0.391
 42   -8.764957563829e-02 -1.198888729672e-01 6.66e-07 6.69e-08 2.33e-04 0.397
 43   -8.872458042032e-02 -1.176818422563e-01 5.55e-07 5.57e-08 2.08e-04 0.402
 44   -8.872599843915e-02 -1.176438511487e-01 5.51e-07 5.53e-08 2.10e-04 0.408
 45   -8.870568785768e-02 -1.173354942298e-01 5.15e-07 5.17e-08 2.09e-04 0.413
 46   -8.869612682447e-02 -1.172951186571e-01 5.11e-07 5.14e-08 2.12e-04 0.419
 47   -8.936884174631e-02 -1.158701276500e-01 4.36e-07 4.38e-08 1.93e-04 0.424
 48   -8.937292637513e-02 -1.158392204482e-01 4.33e-07 4.35e-08 1.95e-04 0.430
 49   -8.936113280489e-02 -1.155619101297e-01 4.05e-07 4.07e-08 1.93e-04 0.435
 50   -8.935441926550e-02 -1.155275305863e-01 4.03e-07 4.05e-08 1.95e-04 0.441
 51   -8.983378959554e-02 -1.144975014816e-01 3.48e-07 3.50e-08 1.80e-04 0.446
 52   -8.983949327094e-02 -1.144714925153e-01 3.46e-07 3.47e-08 1.83e-04 0.452
 53   -8.983709027593e-02 -1.142161658015e-01 3.24e-07 3.26e-08 1.80e-04 0.457
 54   -8.983255241259e-02 -1.141864950091e-01 3.22e-07 3.24e-08 1.82e-04 0.462
 55   -9.019414061721e-02 -1.134090382794e-01 2.82e-07 2.83e-08 1.70e-04 0.467
 56   -9.020087374750e-02 -1.133867836304e-01 2.80e-07 2.81e-08 1.72e-04 0.474
 57   -9.020768880053e-02 -1.131472671786e-01 2.63e-07 2.64e-08 1.70e-04 0.478
 58   -9.020466327775e-02 -1.131212225382e-01 2.61e-07 2.62e-08 1.72e-04 0.485
 59   -9.049167324122e-02 -1.125111810258e-01 2.31e-07 2.32e-08 1.62e-04 0.490
 60   -9.049902990430e-02 -1.124918165324e-01 2.30e-07 2.31e-08 1.64e-04 0.496
 61   -9.051509163761e-02 -1.122627936414e-01 2.15e-07 2.16e-08 1.61e-04 0.501
 62   -9.051309724347e-02 -1.122395320622e-01 2.14e-07 2.15e-08 1.63e-04 0.507
 63   -9.075297531705e-02 -1.117402489385e-01 1.91e-07 1.92e-08 1.55e-04 0.512
 64   -9.076064859432e-02 -1.117231061006e-01 1.90e-07 1.91e-08 1.57e-04 0.518
 65   -9.078635077422e-02 -1.115000771721e-01 1.78e-07 1.79e-08 1.54e-04 0.523
 66   -9.078505947259e-02 -1.114789804687e-01 1.77e-07 1.78e-08 1.56e-04 0.529
 67   -9.099567933354e-02 -1.110524172418e-01 1.59e-07 1.60e-08 1.50e-04 0.534
 68   -9.100343562023e-02 -1.110369962459e-01 1.58e-07 1.59e-08 1.52e-04 0.542
 69   -9.103950284744e-02 -1.108161962427e-01 1.48e-07 1.49e-08 1.48e-04 0.545
 70   -9.103868718199e-02 -1.107968212072e-01 1.47e-07 1.48e-08 1.50e-04 0.552
 71   -9.123215583957e-02 -1.104170332279e-01 1.33e-07 1.34e-08 1.44e-04 0.557
 72   -9.123981095979e-02 -1.104029648739e-01 1.32e-07 1.33e-08 1.46e-04 0.563
 73   -9.128724367111e-02 -1.101811883359e-01 1.23e-07 1.24e-08 1.43e-04 0.567
 74   -9.128673617643e-02 -1.101632157539e-01 1.22e-07 1.23e-08 1.44e-04 0.573
 75   -9.147186539638e-02 -1.098117797945e-01 1.11e-07 1.11e-08 1.39e-04 0.578
 76   -9.147926185160e-02 -1.097987860327e-01 1.10e-07 1.11e-08 1.41e-04 0.584
 77   -9.153924619983e-02 -1.095732925281e-01 1.02e-07 1.03e-08 1.37e-04 0.588
 78   -9.153891387183e-02 -1.095564882199e-01 1.02e-07 1.02e-08 1.39e-04 0.594
 79   -9.172262851669e-02 -1.092197541410e-01 9.23e-08 9.28e-09 1.34e-04 0.599
 80   -9.172961956244e-02 -1.092076167879e-01 9.18e-08 9.22e-09 1.36e-04 0.605
 81   -9.180335527731e-02 -1.089761989396e-01 8.49e-08 8.53e-09 1.32e-04 0.609
 82   -9.180308611042e-02 -1.089603879811e-01 8.44e-08 8.60e-09 1.34e-04 0.615
 83   -9.199103996295e-02 -1.086281317401e-01 7.66e-08 7.80e-09 1.29e-04 0.620
 84   -9.199748280518e-02 -1.086166718498e-01 7.61e-08 8.26e-09 1.31e-04 0.626
 85   -9.208588842500e-02 -1.083779059638e-01 7.01e-08 7.61e-09 1.26e-04 0.630
 86   -9.208558694646e-02 -1.083629577597e-01 6.97e-08 8.12e-09 1.28e-04 0.637
 87   -9.228221190630e-02 -1.080279512588e-01 6.32e-08 7.35e-09 1.23e-04 0.642
 88   -9.228797058870e-02 -1.080170190227e-01 6.28e-08 7.77e-09 1.25e-04 0.647
 89   -9.239126348513e-02 -1.077706622898e-01 5.76e-08 7.13e-09 1.21e-04 0.651
 90   -9.239085310031e-02 -1.077564840363e-01 5.73e-08 7.58e-09 1.22e-04 0.657
 91   -9.259905653505e-02 -1.074145298004e-01 5.18e-08 6.85e-09 1.17e-04 0.662
 92   -9.260401376238e-02 -1.074040040840e-01 5.15e-08 7.22e-09 1.19e-04 0.668
 93   -9.272124632149e-02 -1.071514112540e-01 4.70e-08 6.60e-09 1.14e-04 0.672
 94   -9.272067623003e-02 -1.071379472451e-01 4.67e-08 6.99e-09 1.16e-04 0.679
 95   -9.294145293857e-02 -1.067879547032e-01 4.22e-08 6.30e-09 1.11e-04 0.684
 96   -9.294552744593e-02 -1.067777496732e-01 4.19e-08 6.62e-09 1.12e-04 0.691
 97   -9.307426686030e-02 -1.065220810055e-01 3.82e-08 6.03e-09 1.08e-04 0.694
 98   -9.307351994577e-02 -1.065093139595e-01 3.80e-08 6.36e-09 1.09e-04 0.701
 99   -9.330575695621e-02 -1.061531024538e-01 3.42e-08 5.73e-09 1.04e-04 0.705
100   -9.330892018793e-02 -1.061431761295e-01 3.40e-08 6.00e-09 1.05e-04 0.713
101   -9.344529874784e-02 -1.058891567709e-01 3.09e-08 5.45e-09 1.01e-04 0.716
102   -9.344439539878e-02 -1.058771058659e-01 3.07e-08 5.72e-09 1.02e-04 0.723
103   -9.368503578065e-02 -1.055188323914e-01 2.76e-08 5.15e-09 9.69e-05 0.728
104   -9.368732093503e-02 -1.055091905229e-01 2.75e-08 5.38e-09 9.80e-05 0.734
105   -9.382656309675e-02 -1.052623496144e-01 2.49e-08 4.87e-09 9.33e-05 0.738
106   -9.382555651878e-02 -1.052510606768e-01 2.47e-08 5.09e-09 9.44e-05 0.745
107   -9.407011593001e-02 -1.048963612393e-01 2.23e-08 4.58e-09 8.94e-05 0.749
108   -9.407161458629e-02 -1.048870515068e-01 2.21e-08 4.76e-09 9.05e-05 0.756
109   -9.420888902097e-02 -1.046526682505e-01 2.00e-08 4.31e-09 8.57e-05 0.760
110   -9.420785136844e-02 -1.046421959816e-01 1.99e-08 4.48e-09 8.67e-05 0.766
111   -9.445114852252e-02 -1.042972199269e-01 1.79e-08 4.04e-09 8.18e-05 0.771
112   -9.445199455265e-02 -1.042883162719e-01 1.78e-08 4.18e-09 8.28e-05 0.777
113   -9.458321711003e-02 -1.040705221178e-01 1.61e-08 3.77e-09 7.81e-05 0.781
114   -9.458222138347e-02 -1.040609104009e-01 1.60e-08 3.91e-09 7.90e-05 0.788
115   -9.480568475566e-02 -1.037473879021e-01 1.44e-08 3.52e-09 7.43e-05 0.793
116   -9.480625320934e-02 -1.037391505384e-01 1.43e-08 3.63e-09 7.52e-05 0.799
117   -9.492942708596e-02 -1.035397406126e-01 1.29e-08 3.28e-09 7.07e-05 0.803
118   -9.492854402928e-02 -1.035310164446e-01 1.29e-08 3.38e-09 7.15e-05 0.809
119   -9.512092354727e-02 -1.032615835602e-01 1.16e-08 3.05e-09 6.71e-05 0.814
120   -9.512151665642e-02 -1.032542026770e-01 1.15e-08 3.13e-09 6.79e-05 0.822
121   -9.523600876487e-02 -1.030732691314e-01 1.04e-08 2.84e-09 6.37e-05 0.826
122   -9.523527538150e-02 -1.030654191519e-01 1.04e-08 2.91e-09 6.45e-05 0.832
123   -9.540064845540e-02 -1.028344398224e-01 9.38e-09 2.63e-09 6.04e-05 0.837
124   -9.540131647844e-02 -1.028278909847e-01 9.32e-09 2.70e-09 6.11e-05 0.844
125   -9.550657842779e-02 -1.026651123308e-01 8.45e-09 2.45e-09 5.73e-05 0.848
126   -9.550599775047e-02 -1.026580831045e-01 8.40e-09 2.51e-09 5.80e-05 0.855
127   -9.564831533833e-02 -1.024599776534e-01 7.62e-09 2.27e-09 5.43e-05 0.860
128   -9.564906118077e-02 -1.024541904894e-01 7.57e-09 2.32e-09 5.50e-05 0.867
129   -9.574495749873e-02 -1.023086808455e-01 6.88e-09 2.11e-09 5.16e-05 0.871
130   -9.574452556280e-02 -1.023024031280e-01 6.85e-09 2.15e-09 5.22e-05 0.877
131   -9.586741938983e-02 -1.021320014552e-01 6.22e-09 1.96e-09 4.89e-05 0.882
132   -9.586823278697e-02 -1.021268910126e-01 6.19e-09 1.99e-09 4.95e-05 0.888
133   -9.595515861148e-02 -1.019971857077e-01 5.64e-09 1.82e-09 4.65e-05 0.892
134   -9.595486566015e-02 -1.019915821804e-01 5.61e-09 1.85e-09 4.71e-05 0.899
135   -9.606164881199e-02 -1.018441849573e-01 5.12e-09 1.69e-09 4.42e-05 0.904
136   -9.606251358650e-02 -1.018396636997e-01 5.09e-09 1.72e-09 4.47e-05 0.910
137   -9.614123391869e-02 -1.017239767324e-01 4.65e-09 1.57e-09 4.20e-05 0.914
138   -9.614106466510e-02 -1.017189686343e-01 4.63e-09 1.60e-09 4.25e-05 0.921
139   -9.623459581694e-02 -1.015905302742e-01 4.24e-09 1.46e-09 4.00e-05 0.925
140   -9.623549392676e-02 -1.015865160350e-01 4.21e-09 1.49e-09 4.04e-05 0.932
141   -9.630689654046e-02 -1.014830527166e-01 3.86e-09 1.36e-09 3.81e-05 0.936
142   -9.630683296429e-02 -1.014785657791e-01 3.84e-09 1.38e-09 3.85e-05 0.942
143   -9.638943626671e-02 -1.013657846969e-01 3.53e-09 1.27e-09 3.63e-05 0.947
144   -9.639035127562e-02 -1.013622051572e-01 3.51e-09 1.29e-09 3.67e-05 0.953
145   -9.645528133015e-02 -1.012693500593e-01 3.23e-09 1.18e-09 3.46e-05 0.957
146   -9.645530584406e-02 -1.012653178649e-01 3.21e-09 1.20e-09 3.50e-05 0.963
147   -9.652880751162e-02 -1.011655780507e-01 2.95e-09 1.11e-09 3.30e-05 0.968
148   -9.652972652127e-02 -1.011623717848e-01 2.94e-09 1.12e-09 3.34e-05 0.975
149   -9.658892892046e-02 -1.010787389520e-01 2.71e-09 1.03e-09 3.16e-05 0.978
150   -9.658902620083e-02 -1.010751036856e-01 2.69e-09 1.05e-09 3.20e-05 0.985
151   -9.665485933295e-02 -1.009863347660e-01 2.49e-09 9.65e-10 3.02e-05 0.989
152   -9.665577319518e-02 -1.009834501692e-01 2.47e-09 9.77e-10 3.05e-05 0.996
153   -9.670990037940e-02 -1.009078553968e-01 2.29e-09 9.03e-10 2.89e-05 1.000
154   -9.671005768155e-02 -1.009045670982e-01 2.27e-09 9.13e-10 2.92e-05 1.007
155   -9.676937414064e-02 -1.008250985350e-01 2.10e-09 8.45e-10 2.76e-05 1.012
156   -9.677027657255e-02 -1.008224920593e-01 2.09e-09 8.54e-10 2.80e-05 1.018
157   -9.681991244735e-02 -1.007539085711e-01 1.94e-09 7.91e-10 2.65e-05 1.022
158   -9.682011907454e-02 -1.007509239835e-01 1.93e-09 8.00e-10 2.68e-05 1.028
159   -9.687387047570e-02 -1.006793779637e-01 1.79e-09 7.41e-10 2.54e-05 1.032
160   -9.687475696880e-02 -1.006770125665e-01 1.78e-09 7.49e-10 2.57e-05 1.039
161   -9.692042947806e-02 -1.006145424076e-01 1.65e-09 6.95e-10 2.44e-05 1.043
162   -9.692067617449e-02 -1.006118240069e-01 1.64e-09 7.02e-10 2.47e-05 1.063
163   -9.696965923003e-02 -1.005470518053e-01 1.53e-09 6.52e-10 2.34e-05 1.068
164   -9.697052631328e-02 -1.005448958510e-01 1.52e-09 6.58e-10 2.37e-05 1.075
165   -9.701270774156e-02 -1.004877576425e-01 1.41e-09 6.12e-10 2.25e-05 1.079
166   -9.701298636884e-02 -1.004852729287e-01 1.40e-09 6.18e-10 2.28e-05 1.085
167   -9.705786751598e-02 -1.004263170016e-01 1.31e-09 5.75e-10 2.17e-05 1.090
168   -9.705871243325e-02 -1.004243434815e-01 1.30e-09 5.80e-10 2.19e-05 1.097
169   -9.709781692842e-02 -1.003718652766e-01 1.21e-09 5.40e-10 2.08e-05 1.101
170   -9.709812036409e-02 -1.003695861883e-01 1.20e-09 5.45e-10 2.11e-05 1.107
171   -9.713945363235e-02 -1.003156516568e-01 1.12e-09 5.08e-10 2.01e-05 1.112
172   -9.714027424330e-02 -1.003138375577e-01 1.12e-09 5.12e-10 2.03e-05 1.118
173   -9.717665845535e-02 -1.002654478203e-01 1.04e-09 4.78e-10 1.93e-05 1.122
174   -9.717698056591e-02 -1.002633502054e-01 1.04e-09 4.82e-10 1.96e-05 1.129
175   -9.721522398746e-02 -1.002137794529e-01 9.67e-10 4.50e-10 1.86e-05 1.133
176   -9.721601872721e-02 -1.002121052053e-01 9.62e-10 4.53e-10 1.89e-05 1.140
177   -9.724998569724e-02 -1.001673215754e-01 8.99e-10 4.23e-10 1.80e-05 1.144
178   -9.725032129626e-02 -1.001653846912e-01 8.94e-10 4.27e-10 1.82e-05 1.150
179   -9.728585201442e-02 -1.001196346900e-01 8.35e-10 3.98e-10 1.73e-05 1.154
180   -9.728661985723e-02 -1.001180836836e-01 8.31e-10 4.01e-10 1.76e-05 1.160
181   -9.731842422899e-02 -1.000765015061e-01 7.77e-10 3.75e-10 1.67e-05 1.164
182   -9.731876901851e-02 -1.000747075731e-01 7.73e-10 3.78e-10 1.69e-05 1.172
183   -9.735189598210e-02 -1.000323309925e-01 7.23e-10 3.54e-10 1.62e-05 1.176
184   -9.735263641069e-02 -1.000308891594e-01 7.20e-10 3.56e-10 1.64e-05 1.184
185   -9.738248956713e-02 -9.999217114768e-02 6.74e-10 3.33e-10 1.56e-05 1.188
186   -9.738284007984e-02 -9.999050494900e-02 6.70e-10 3.36e-10 1.58e-05 1.195
187   -9.741381469987e-02 -9.995113442662e-02 6.27e-10 3.14e-10 1.51e-05 1.199
188   -9.741452768109e-02 -9.994978988187e-02 6.24e-10 3.16e-10 1.53e-05 1.206
189   -9.744260306377e-02 -9.991365646045e-02 5.85e-10 2.96e-10 1.46e-05 1.210
190   -9.744295660463e-02 -9.991210498691e-02 5.82e-10 2.98e-10 1.48e-05 1.216
191   -9.747198263375e-02 -9.987543904190e-02 5.45e-10 2.80e-10 1.41e-05 1.221
192   -9.747266859488e-02 -9.987418175188e-02 5.43e-10 2.81e-10 1.43e-05 1.227
193   -9.749910826356e-02 -9.984040079386e-02 5.09e-10 2.64e-10 1.36e-05 1.231
194   -9.749946283741e-02 -9.983895290032e-02 5.06e-10 2.66e-10 1.38e-05 1.238
195   -9.752670689722e-02 -9.980474181943e-02 4.75e-10 2.49e-10 1.32e-05 1.242
196   -9.752736665898e-02 -9.980356328088e-02 4.72e-10 2.51e-10 1.33e-05 1.249
197   -9.755228927936e-02 -9.977193896307e-02 4.43e-10 2.35e-10 1.28e-05 1.253
198   -9.755264346948e-02 -9.977058503807e-02 4.41e-10 2.36e-10 1.29e-05 1.259
199   -9.757824584659e-02 -9.973861707445e-02 4.14e-10 2.22e-10 1.23e-05 1.264
200   -9.757888050955e-02 -9.973751000860e-02 4.12e-10 2.23e-10 1.25e-05 1.270
201   -9.760238951833e-02 -9.970787204513e-02 3.86e-10 2.09e-10 1.20e-05 1.274
202   -9.760274233240e-02 -9.970660370824e-02 3.85e-10 2.11e-10 1.21e-05 1.282
203   -9.762682623977e-02 -9.967669345369e-02 3.61e-10 1.98e-10 1.16e-05 1.287
204   -9.762743703944e-02 -9.967565153743e-02 3.59e-10 1.99e-10 1.17e-05 1.293
205   -9.764962694343e-02 -9.964784689105e-02 3.38e-10 1.87e-10 1.12e-05 1.297
206   -9.764997764998e-02 -9.964665674502e-02 3.36e-10 1.88e-10 1.14e-05 1.304
207   -9.767265525697e-02 -9.961863737673e-02 3.16e-10 1.76e-10 1.09e-05 1.308
208   -9.767324343402e-02 -9.961765504029e-02 3.14e-10 1.77e-10 1.10e-05 1.315
209   -9.769420295433e-02 -9.959154337777e-02 2.95e-10 1.67e-10 1.05e-05 1.319
210   -9.769455096148e-02 -9.959042483131e-02 2.94e-10 1.68e-10 1.07e-05 1.325
211   -9.771592590729e-02 -9.956414442105e-02 2.76e-10 1.57e-10 1.02e-05 1.329
212   -9.771649262587e-02 -9.956321671512e-02 2.75e-10 1.58e-10 1.03e-05 1.337
213   -9.773630516297e-02 -9.953866897427e-02 2.58e-10 1.49e-10 9.89e-06 1.341
214   -9.773664995273e-02 -9.953761612815e-02 2.57e-10 1.50e-10 1.00e-05 1.347
215   -9.775681752593e-02 -9.951293664838e-02 2.42e-10 1.41e-10 9.59e-06 1.351
216   -9.775736385238e-02 -9.951205916026e-02 2.41e-10 1.42e-10 9.71e-06 1.358
217   -9.777610675111e-02 -9.948895756234e-02 2.26e-10 1.33e-10 9.30e-06 1.362
218   -9.777644786222e-02 -9.948796513112e-02 2.25e-10 1.34e-10 9.42e-06 1.368
219   -9.779549463416e-02 -9.946476216553e-02 2.12e-10 1.26e-10 9.02e-06 1.373
220   -9.779602155054e-02 -9.946393096167e-02 2.11e-10 1.27e-10 9.14e-06 1.380
221   -9.781376545016e-02 -9.944216905075e-02 1.99e-10 1.19e-10 8.75e-06 1.384
222   -9.781410248418e-02 -9.944123229968e-02 1.98e-10 1.20e-10 8.86e-06 1.391
223   -9.783210638189e-02 -9.941939438784e-02 1.86e-10 1.13e-10 8.49e-06 1.395
224   -9.783261480619e-02 -9.941860595997e-02 1.85e-10 1.13e-10 8.60e-06 1.402
225   -9.784942383932e-02 -9.939808782244e-02 1.74e-10 1.07e-10 8.24e-06 1.406
226   -9.784975646840e-02 -9.939720250644e-02 1.74e-10 1.07e-10 8.35e-06 1.412
227   -9.786678765266e-02 -9.937662970480e-02 1.63e-10 1.01e-10 8.00e-06 1.416
228   -9.786727845812e-02 -9.937588091808e-02 1.63e-10 1.01e-10 8.10e-06 1.423
229   -9.788321103605e-02 -9.935651987147e-02 1.53e-10 9.55e-11 7.77e-06 1.427
230   -9.788353899768e-02 -9.935568217217e-02 1.53e-10 9.61e-11 7.87e-06 1.433
231   -9.789966118593e-02 -9.933628422380e-02 1.44e-10 9.06e-11 7.54e-06 1.437
232   -9.790013520067e-02 -9.933557226436e-02 1.43e-10 9.10e-11 7.64e-06 1.443
233   -9.791524515080e-02 -9.931728923420e-02 1.35e-10 8.57e-11 7.32e-06 1.447
234   -9.791556823698e-02 -9.931649570438e-02 1.34e-10 8.61e-11 7.42e-06 1.454
235   -9.793083997104e-02 -9.929819032782e-02 1.26e-10 8.12e-11 7.11e-06 1.458
236   -9.793129797658e-02 -9.929751265438e-02 1.26e-10 8.16e-11 7.20e-06 1.464
237   -9.794563546257e-02 -9.928023485286e-02 1.19e-10 7.68e-11 6.91e-06 1.469
238   -9.794595350374e-02 -9.927948236495e-02 1.18e-10 7.72e-11 7.00e-06 1.475
239   -9.796042913178e-02 -9.926219390188e-02 1.11e-10 7.29e-11 6.71e-06 1.479
240   -9.796087185300e-02 -9.926154820808e-02 1.11e-10 7.30e-11 6.80e-06 1.485
241   -9.797448393602e-02 -9.924520824377e-02 1.04e-10 6.88e-11 6.52e-06 1.489
242   -9.797479678547e-02 -9.924449395044e-02 1.04e-10 6.91e-11 6.60e-06 1.496
243   -9.798852696032e-02 -9.922815257908e-02 9.80e-11 6.52e-11 6.33e-06 1.500
244   -9.798895506372e-02 -9.922753676333e-02 9.75e-11 6.55e-11 6.42e-06 1.506
245   -9.800188596671e-02 -9.921207210835e-02 9.20e-11 6.17e-11 6.16e-06 1.510
246   -9.800219349432e-02 -9.921139341134e-02 9.15e-11 6.20e-11 6.24e-06 1.517
247   -9.801522545903e-02 -9.919593461317e-02 8.64e-11 5.86e-11 5.98e-06 1.521
248   -9.801563955318e-02 -9.919534675785e-02 8.59e-11 5.89e-11 6.06e-06 1.527
249   -9.802793068720e-02 -9.918069950433e-02 8.11e-11 5.55e-11 5.81e-06 1.531
250   -9.802823277361e-02 -9.918005403167e-02 8.07e-11 5.57e-11 5.89e-06 1.538
251   -9.804061039890e-02 -9.916541836413e-02 7.61e-11 5.26e-11 5.65e-06 1.542
252   -9.804101103932e-02 -9.916485671653e-02 7.57e-11 5.29e-11 5.72e-06 1.549
253   -9.805270103851e-02 -9.915097335036e-02 7.15e-11 4.98e-11 5.49e-06 1.553
254   -9.805299757652e-02 -9.915035893449e-02 7.11e-11 5.00e-11 5.57e-06 1.559
255   -9.806476150559e-02 -9.913649170256e-02 6.72e-11 4.73e-11 5.34e-06 1.563
256   -9.806514920118e-02 -9.913595466184e-02 6.68e-11 4.74e-11 5.41e-06 1.570
257   -9.807627395290e-02 -9.912278586535e-02 6.31e-11 4.47e-11 5.19e-06 1.574
258   -9.807656484788e-02 -9.912220052473e-02 6.28e-11 4.49e-11 5.26e-06 1.580
259   -9.808775262198e-02 -9.910905149932e-02 5.93e-11 4.24e-11 5.05e-06 1.584
260   -9.808812784358e-02 -9.910853760090e-02 5.89e-11 4.25e-11 5.11e-06 1.590
261   -9.809872060583e-02 -9.909603798436e-02 5.57e-11 4.01e-11 4.91e-06 1.594
262   -9.809900577590e-02 -9.909547990745e-02 5.54e-11 4.03e-11 4.97e-06 1.600
263   -9.810965200162e-02 -9.908300301998e-02 5.23e-11 3.81e-11 4.77e-06 1.604
264   -9.811001518615e-02 -9.908251092689e-02 5.20e-11 3.82e-11 4.84e-06 1.612
265   -9.812010672309e-02 -9.907063875842e-02 4.91e-11 3.60e-11 4.64e-06 1.616
266   -9.812038610246e-02 -9.907010628655e-02 4.89e-11 3.61e-11 4.70e-06 1.622
267   -9.813052270285e-02 -9.905825924439e-02 4.62e-11 3.41e-11 4.51e-06 1.626
268   -9.813087425873e-02 -9.905778772940e-02 4.59e-11 3.43e-11 4.57e-06 1.632
269   -9.814049306276e-02 -9.904650458699e-02 4.34e-11 3.23e-11 4.39e-06 1.636
270   -9.814076659817e-02 -9.904599620007e-02 4.32e-11 3.25e-11 4.45e-06 1.643
271   -9.815042305304e-02 -9.903474013088e-02 4.08e-11 3.08e-11 4.27e-06 1.647
272   -9.815076336421e-02 -9.903428807006e-02 4.06e-11 3.08e-11 4.32e-06 1.653
273   -9.815993582881e-02 -9.902355856036e-02 3.83e-11 2.91e-11 4.15e-06 1.657
274   -9.816020348040e-02 -9.902307286361e-02 3.81e-11 2.92e-11 4.21e-06 1.664
275   -9.816940704042e-02 -9.901237199846e-02 3.60e-11 2.77e-11 4.04e-06 1.668
276   -9.816973646640e-02 -9.901193835880e-02 3.58e-11 2.78e-11 4.09e-06 1.674
277   -9.817848708589e-02 -9.900172981733e-02 3.38e-11 2.62e-11 3.93e-06 1.678
278   -9.817874882568e-02 -9.900126552805e-02 3.37e-11 2.62e-11 3.98e-06 1.684
279   -9.818752471991e-02 -9.899108690230e-02 3.18e-11 2.48e-11 3.82e-06 1.688
280   -9.818784360183e-02 -9.899067073218e-02 3.16e-11 2.49e-11 3.87e-06 1.694
281   -9.819619514786e-02 -9.898095295799e-02 2.99e-11 2.35e-11 3.72e-06 1.698
282   -9.819645095775e-02 -9.898050889408e-02 2.97e-11 2.36e-11 3.76e-06 1.705
283   -9.820482259440e-02 -9.897082206096e-02 2.81e-11 2.23e-11 3.61e-06 1.709
284   -9.820513125311e-02 -9.897042248356e-02 2.79e-11 2.24e-11 3.66e-06 1.715
285   -9.821310488130e-02 -9.896116755913e-02 2.64e-11 2.11e-11 3.51e-06 1.719
286   -9.821335475362e-02 -9.896074263152e-02 2.63e-11 2.13e-11 3.56e-06 1.726
287   -9.822134382974e-02 -9.895151948570e-02 2.48e-11 2.01e-11 3.42e-06 1.730
288   -9.822164256872e-02 -9.895113569085e-02 2.47e-11 2.03e-11 3.46e-06 1.736
289   -9.822925794390e-02 -9.894231778859e-02 2.33e-11 1.91e-11 3.32e-06 1.740
290   -9.822950187971e-02 -9.894191099112e-02 2.32e-11 1.91e-11 3.37e-06 1.747
291   -9.823712853596e-02 -9.893312554691e-02 2.19e-11 1.81e-11 3.23e-06 1.751
292   -9.823741764447e-02 -9.893275678583e-02 2.18e-11 1.82e-11 3.27e-06 1.758
293   -9.824469304257e-02 -9.892435200529e-02 2.06e-11 1.72e-11 3.14e-06 1.762
294   -9.824493105074e-02 -9.892396240792e-02 2.05e-11 1.73e-11 3.18e-06 1.769
295   -9.825221396340e-02 -9.891559065330e-02 1.94e-11 1.64e-11 3.06e-06 1.773
296   -9.825249371741e-02 -9.891523623156e-02 1.92e-11 1.64e-11 3.10e-06 1.779
297   -9.825944613352e-02 -9.890722243669e-02 1.82e-11 1.55e-11 2.97e-06 1.783
298   -9.825967823268e-02 -9.890684917744e-02 1.81e-11 1.54e-11 3.01e-06 1.789
299   -9.826663472951e-02 -9.889886890735e-02 1.71e-11 1.46e-11 2.89e-06 1.793
300   -9.826690539331e-02 -9.889852818059e-02 1.70e-11 1.47e-11 2.93e-06 1.800
301   -9.827355062170e-02 -9.889088487354e-02 1.61e-11 1.39e-11 2.81e-06 1.804
302   -9.827377683753e-02 -9.889052715350e-02 1.60e-11 1.38e-11 2.85e-06 1.810
303   -9.828042299617e-02 -9.888291782674e-02 1.51e-11 1.31e-11 2.73e-06 1.814
304   -9.828068482379e-02 -9.888259019735e-02 1.50e-11 1.31e-11 2.77e-06 1.821
305   -9.828703752624e-02 -9.887529841035e-02 1.42e-11 1.24e-11 2.66e-06 1.824
306   -9.828725789287e-02 -9.887495548699e-02 1.41e-11 1.25e-11 2.69e-06 1.831
307   -9.829360864178e-02 -9.886769808599e-02 1.33e-11 1.18e-11 2.58e-06 1.835
308   -9.829386187962e-02 -9.886738299601e-02 1.33e-11 1.19e-11 2.61e-06 1.841
309   -9.829993571811e-02 -9.886042511634e-02 1.25e-11 1.12e-11 2.51e-06 1.845
310   -9.830015027880e-02 -9.886009629808e-02 1.25e-11 1.11e-11 2.54e-06 1.852
311   -9.830621952047e-02 -9.885317316705e-02 1.18e-11 1.05e-11 2.44e-06 1.856
312   -9.830646440867e-02 -9.885287009486e-02 1.17e-11 1.05e-11 2.47e-06 1.864
313   -9.831227213216e-02 -9.884622974421e-02 1.11e-11 9.90e-12 2.37e-06 1.868
314   -9.831248093687e-02 -9.884591438511e-02 1.10e-11 9.97e-12 2.40e-06 1.874
315   -9.831828164350e-02 -9.883930910244e-02 1.04e-11 9.44e-12 2.30e-06 1.878
316   -9.831851841393e-02 -9.883901755965e-02 1.03e-11 9.50e-12 2.33e-06 1.884
317   -9.832407194622e-02 -9.883267947587e-02 9.75e-12 8.94e-12 2.24e-06 1.888
318   -9.832427505235e-02 -9.883237697211e-02 9.69e-12 9.04e-12 2.27e-06 1.895
319   -9.832981937823e-02 -9.882607420684e-02 9.16e-12 8.56e-12 2.18e-06 1.899
320   -9.833004825943e-02 -9.882579373289e-02 9.10e-12 8.54e-12 2.20e-06 1.905
321   -9.833535880862e-02 -9.881974363015e-02 8.60e-12 8.03e-12 2.11e-06 1.909
322   -9.833555628076e-02 -9.881945341386e-02 8.55e-12 8.06e-12 2.14e-06 1.915
323   -9.834085562983e-02 -9.881343883505e-02 8.08e-12 7.64e-12 2.05e-06 1.919
324   -9.834107684320e-02 -9.881316899644e-02 8.03e-12 7.48e-12 2.08e-06 1.926
325   -9.834615497676e-02 -9.880739346535e-02 7.58e-12 7.03e-12 2.00e-06 1.930
326   -9.834634688409e-02 -9.880711500242e-02 7.54e-12 6.91e-12 2.02e-06 1.936
327   -9.835141202330e-02 -9.880137513737e-02 7.12e-12 6.55e-12 1.94e-06 1.940
328   -9.835162578527e-02 -9.880111552260e-02 7.08e-12 6.65e-12 1.96e-06 1.946
329   -9.835648148915e-02 -9.879560195041e-02 6.69e-12 6.25e-12 1.88e-06 1.950
330   -9.835666790670e-02 -9.879533473614e-02 6.65e-12 6.30e-12 1.91e-06 1.956
331   -9.836150903621e-02 -9.878985687933e-02 6.28e-12 5.97e-12 1.83e-06 1.960
332   -9.836171555869e-02 -9.878960709790e-02 6.24e-12 5.89e-12 1.85e-06 1.966
333   -9.836635831844e-02 -9.878434356395e-02 5.89e-12 5.54e-12 1.78e-06 1.970
334   -9.836653932607e-02 -9.878408712123e-02 5.86e-12 5.58e-12 1.80e-06 1.977
335   -9.837116610979e-02 -9.877885928761e-02 5.53e-12 5.30e-12 1.72e-06 1.980
336   -9.837136559894e-02 -9.877861896797e-02 5.50e-12 5.41e-12 1.74e-06 1.987
337   -9.837580443863e-02 -9.877359418809e-02 5.19e-12 5.08e-12 1.67e-06 1.991
338   -9.837598011878e-02 -9.877334806455e-02 5.16e-12 5.09e-12 1.69e-06 1.997
339   -9.838040174398e-02 -9.876835891174e-02 4.87e-12 4.83e-12 1.62e-06 2.001
340   -9.838059440060e-02 -9.876812769915e-02 4.84e-12 4.96e-12 1.64e-06 2.007
341   -9.838483789909e-02 -9.876333099665e-02 4.57e-12 4.66e-12 1.58e-06 2.011
342   -9.838500833950e-02 -9.876309476230e-02 4.54e-12 4.85e-12 1.60e-06 2.017
343   -9.838923357784e-02 -9.875833351231e-02 4.29e-12 4.59e-12 1.53e-06 2.021
344   -9.838941959854e-02 -9.875811106729e-02 4.26e-12 4.62e-12 1.55e-06 2.028
345   -9.839347595953e-02 -9.875353228382e-02 4.02e-12 4.34e-12 1.49e-06 2.032
346   -9.839364124906e-02 -9.875330553052e-02 4.00e-12 4.57e-12 1.50e-06 2.038
347   -9.839767842280e-02 -9.874876199737e-02 3.77e-12 4.34e-12 1.44e-06 2.042
348   -9.839785799938e-02 -9.874854799531e-02 3.75e-12 4.29e-12 1.46e-06 2.049
349   -9.840173503743e-02 -9.874417749770e-02 3.54e-12 4.03e-12 1.40e-06 2.052
350   -9.840189526715e-02 -9.874395983697e-02 3.52e-12 4.08e-12 1.41e-06 2.060
351   -9.840575234602e-02 -9.873962431060e-02 3.32e-12 3.87e-12 1.36e-06 2.063
352   -9.840592566652e-02 -9.873941843993e-02 3.30e-12 4.02e-12 1.37e-06 2.070
353   -9.840963086444e-02 -9.873524704694e-02 3.11e-12 3.77e-12 1.32e-06 2.074
354   -9.840978612893e-02 -9.873503810813e-02 3.10e-12 3.77e-12 1.33e-06 2.080
355   -9.841347070458e-02 -9.873090137439e-02 2.92e-12 3.58e-12 1.28e-06 2.084
356   -9.841363795016e-02 -9.873070333780e-02 2.90e-12 3.75e-12 1.29e-06 2.090
357   -9.841717842623e-02 -9.872672234905e-02 2.74e-12 3.52e-12 1.24e-06 2.094
358   -9.841732882101e-02 -9.872652177928e-02 2.72e-12 3.40e-12 1.25e-06 2.101
359   -9.842084813174e-02 -9.872257508585e-02 2.57e-12 3.22e-12 1.20e-06 2.105
360   -9.842100948251e-02 -9.872238459561e-02 2.55e-12 3.17e-12 1.21e-06 2.111
361   -9.842439206056e-02 -9.871858570734e-02 2.41e-12 2.97e-12 1.16e-06 2.115
362   -9.842453768406e-02 -9.871839316890e-02 2.39e-12 2.83e-12 1.18e-06 2.121
363   -9.842789866594e-02 -9.871462816189e-02 2.26e-12 2.69e-12 1.13e-06 2.125
364   -9.842805429580e-02 -9.871444494410e-02 2.24e-12 2.80e-12 1.14e-06 2.132
365   -9.843128548451e-02 -9.871082026472e-02 2.11e-12 2.62e-12 1.09e-06 2.136
366   -9.843142643451e-02 -9.871063543652e-02 2.10e-12 2.53e-12 1.11e-06 2.143
367   -9.843463567785e-02 -9.870704420284e-02 1.98e-12 2.40e-12 1.06e-06 2.147
368   -9.843478575804e-02 -9.870686799202e-02 1.97e-12 2.55e-12 1.07e-06 2.153
369   -9.843787178423e-02 -9.870341000068e-02 1.86e-12 2.38e-12 1.03e-06 2.157
370   -9.843800816256e-02 -9.870323257406e-02 1.84e-12 2.25e-12 1.04e-06 2.164
371   -9.844107198648e-02 -9.869980755421e-02 1.74e-12 2.14e-12 9.94e-07 2.168
372   -9.844121668429e-02 -9.869963809662e-02 1.73e-12 2.08e-12 1.01e-06 2.174
373   -9.844416349662e-02 -9.869633963351e-02 1.63e-12 1.94e-12 9.63e-07 2.178
374   -9.844429540415e-02 -9.869616931469e-02 1.62e-12 2.00e-12 9.74e-07 2.185
375   -9.844721982870e-02 -9.869290332840e-02 1.53e-12 1.91e-12 9.33e-07 2.189
376   -9.844735930760e-02 -9.869274037916e-02 1.51e-12 2.00e-12 9.44e-07 2.195
377   -9.845017260265e-02 -9.868959461211e-02 1.43e-12 1.86e-12 9.04e-07 2.199
378   -9.845030014159e-02 -9.868943112034e-02 1.42e-12 1.83e-12 9.14e-07 2.206
379   -9.845309092709e-02 -9.868631731899e-02 1.34e-12 1.74e-12 8.75e-07 2.209
380   -9.845322534771e-02 -9.868616064168e-02 1.33e-12 1.76e-12 8.85e-07 2.216
381   -9.845591055996e-02 -9.868316107349e-02 1.25e-12 1.64e-12 8.47e-07 2.220
382   -9.845603383394e-02 -9.868300413827e-02 1.24e-12 1.75e-12 8.57e-07 2.226
383   -9.845869649253e-02 -9.868003598907e-02 1.17e-12 1.66e-12 8.20e-07 2.230
384   -9.845882601257e-02 -9.867988535641e-02 1.16e-12 1.76e-12 8.29e-07 2.236
385   -9.846138837739e-02 -9.867702575112e-02 1.10e-12 1.64e-12 7.94e-07 2.240
386   -9.846150749003e-02 -9.867687511355e-02 1.09e-12 1.64e-12 8.03e-07 2.247
387   -9.846404730772e-02 -9.867404637099e-02 1.03e-12 1.56e-12 7.68e-07 2.251
388   -9.846417207949e-02 -9.867390156486e-02 1.02e-12 1.72e-12 7.77e-07 2.257
389   -9.846661657985e-02 -9.867117600345e-02 9.60e-13 1.60e-12 7.43e-07 2.261
390   -9.846673163560e-02 -9.867103141596e-02 9.54e-13 1.44e-12 7.52e-07 2.268
391   -9.846915365257e-02 -9.866833614088e-02 8.99e-13 1.37e-12 7.19e-07 2.271
392   -9.846927382831e-02 -9.866819694859e-02 8.93e-13 1.39e-12 7.27e-07 2.278
393   -9.847160526693e-02 -9.866559974652e-02 8.41e-13 1.29e-12 6.96e-07 2.282
394   -9.847171636968e-02 -9.866546097119e-02 8.35e-13 1.08e-12 7.03e-07 2.289
395   -9.847402544188e-02 -9.866289345988e-02 7.86e-13 1.03e-12 6.73e-07 2.293
396   -9.847414116862e-02 -9.866275967719e-02 7.81e-13 8.24e-13 6.80e-07 2.299
397   -9.847636414145e-02 -9.866028541052e-02 7.35e-13 7.59e-13 6.51e-07 2.303
398   -9.847647139564e-02 -9.866015221871e-02 7.30e-13 8.44e-13 6.58e-07 2.310
399   -9.847867217334e-02 -9.865770702421e-02 6.88e-13 8.08e-13 6.29e-07 2.314
400   -9.847878359660e-02 -9.865757845298e-02 6.83e-13 9.04e-13 6.36e-07 2.321
401   -9.848090252813e-02 -9.865522191710e-02 6.43e-13 8.34e-13 6.08e-07 2.325
402   -9.848100603657e-02 -9.865509409062e-02 6.38e-13 6.52e-13 6.15e-07 2.331
403   -9.848310296172e-02 -9.865276602294e-02 6.01e-13 6.29e-13 5.88e-07 2.335
404   -9.848321022169e-02 -9.865264247341e-02 5.97e-13 5.56e-13 5.94e-07 2.341
405   -9.848522935917e-02 -9.865039868675e-02 5.62e-13 5.07e-13 5.68e-07 2.345
406   -9.848532922625e-02 -9.865027601301e-02 5.58e-13 3.69e-13 5.74e-07 2.352
407   -9.848732661151e-02 -9.864806005025e-02 5.25e-13 3.58e-13 5.49e-07 2.356
408   -9.848742984625e-02 -9.864794133785e-02 5.21e-13 4.49e-13 5.55e-07 2.362
409   -9.848935327783e-02 -9.864580551999e-02 4.90e-13 4.09e-13 5.31e-07 2.366
410   -9.848944960582e-02 -9.864568779745e-02 4.87e-13 3.57e-13 5.36e-07 2.372
411   -9.849135156218e-02 -9.864357916305e-02 4.58e-13 3.50e-13 5.12e-07 2.376
412   -9.849145090765e-02 -9.864346510888e-02 4.55e-13 1.81e-13 5.18e-07 2.383
413   -9.849328256488e-02 -9.864143267570e-02 4.28e-13 1.60e-13 4.95e-07 2.387
414   -9.849337545641e-02 -9.864131970804e-02 4.25e-13 2.01e-13 5.00e-07 2.393
415   -9.849518594936e-02 -9.863931380767e-02 4.00e-13 1.96e-13 4.78e-07 2.397
416   -9.849528153595e-02 -9.863920424013e-02 3.97e-13 3.30e-13 4.83e-07 2.403
417   -9.849702520769e-02 -9.863727078668e-02 3.73e-13 2.93e-13 4.62e-07 2.407
418   -9.849711476391e-02 -9.863716238603e-02 3.71e-13 5.25e-13 4.66e-07 2.413
419   -9.849883762658e-02 -9.863525479094e-02 3.48e-13 4.99e-13 4.46e-07 2.417
420   -9.849892958478e-02 -9.863514954175e-02 3.46e-13 4.14e-13 4.50e-07 2.424
421   -9.850058892628e-02 -9.863331083037e-02 3.25e-13 3.79e-13 4.30e-07 2.427
422   -9.850067524614e-02 -9.863320681690e-02 3.23e-13 4.52e-13 4.35e-07 2.434
423   -9.850231413337e-02 -9.863139331289e-02 3.04e-13 4.29e-13 4.15e-07 2.438
424   -9.850240258740e-02 -9.863129222142e-02 3.02e-13 5.93e-13 4.19e-07 2.444
425   -9.850398111889e-02 -9.862954418185e-02 2.84e-13 5.45e-13 4.01e-07 2.448
426   -9.850406430266e-02 -9.862944437965e-02 2.81e-13 6.30e-13 4.05e-07 2.454
427   -9.850562278024e-02 -9.862772086777e-02 2.64e-13 5.93e-13 3.86e-07 2.458
428   -9.850570785257e-02 -9.862762377835e-02 2.63e-13 8.48e-13 3.90e-07 2.465
429   -9.850720894741e-02 -9.862596251905e-02 2.47e-13 7.90e-13 3.73e-07 2.469
430   -9.850728909185e-02 -9.862586676130e-02 2.45e-13 7.14e-13 3.77e-07 2.476
431   -9.850877056787e-02 -9.862422933151e-02 2.30e-13 6.84e-13 3.60e-07 2.480
432   -9.850885237725e-02 -9.862413609291e-02 2.28e-13 4.60e-13 3.63e-07 2.486
433   -9.851027931266e-02 -9.862255784416e-02 2.15e-13 4.25e-13 3.47e-07 2.490
434   -9.851035651258e-02 -9.862246597090e-02 2.13e-13 4.50e-13 3.50e-07 2.496
435   -9.851176426911e-02 -9.862091086618e-02 2.00e-13 4.27e-13 3.34e-07 2.500
436   -9.851184293305e-02 -9.862082133123e-02 1.99e-13 3.54e-13 3.38e-07 2.508
437   -9.851319887400e-02 -9.861932246142e-02 1.87e-13 3.13e-13 3.22e-07 2.512
438   -9.851327322436e-02 -9.861923431632e-02 1.85e-13 2.90e-13 3.26e-07 2.519
439   -9.851461043113e-02 -9.861775791668e-02 1.74e-13 2.79e-13 3.11e-07 2.523
440   -9.851468606141e-02 -9.861767194488e-02 1.73e-13 9.76e-14 3.14e-07 2.530
441   -9.851597403455e-02 -9.861624898793e-02 1.62e-13 1.02e-13 2.99e-07 2.533
442   -9.851604562830e-02 -9.861616442146e-02 1.61e-13 1.93e-13 3.02e-07 2.540
443   -9.851731533883e-02 -9.861476324679e-02 1.51e-13 1.68e-13 2.88e-07 2.544
444   -9.851738804524e-02 -9.861468070141e-02 1.50e-13 1.48e-13 2.91e-07 2.551
445   -9.851861100238e-02 -9.861333028607e-02 1.41e-13 1.30e-13 2.78e-07 2.555
446   -9.851867993169e-02 -9.861324915242e-02 1.40e-13 1.81e-13 2.81e-07 2.561
447   -9.851988510814e-02 -9.861191983443e-02 1.31e-13 1.53e-13 2.68e-07 2.565
448   -9.851995499668e-02 -9.861184058376e-02 1.30e-13 2.24e-13 2.70e-07 2.571
449   -9.852111575420e-02 -9.861055949900e-02 1.22e-13 2.21e-13 2.58e-07 2.575
450   -9.852118210608e-02 -9.861048166178e-02 1.21e-13 3.33e-13 2.60e-07 2.581
451   -9.852232556601e-02 -9.860922100122e-02 1.14e-13 3.08e-13 2.48e-07 2.585
452   -9.852239274017e-02 -9.860914491787e-02 1.13e-13 3.77e-13 2.51e-07 2.592
453   -9.852349402026e-02 -9.860793006682e-02 1.06e-13 3.56e-13 2.39e-07 2.595
454   -9.852355788105e-02 -9.860785539386e-02 1.05e-13 2.82e-13 2.41e-07 2.602
455   -9.852464237025e-02 -9.860666027990e-02 9.89e-14 2.59e-13 2.30e-07 2.606
456   -9.852470693207e-02 -9.860658723910e-02 9.80e-14 2.48e-13 2.32e-07 2.612
457   -9.852575137814e-02 -9.860543562109e-02 9.20e-14 2.41e-13 2.21e-07 2.616
458   -9.852581283379e-02 -9.860536398273e-02 9.13e-14 3.93e-13 2.24e-07 2.622
459   -9.852684099590e-02 -9.860423142567e-02 8.56e-14 3.58e-13 2.13e-07 2.626
460   -9.852690304081e-02 -9.860416131052e-02 8.49e-14 5.65e-13 2.15e-07 2.632
461   -9.852789319246e-02 -9.860307004767e-02 7.97e-14 5.30e-13 2.05e-07 2.636
462   -9.852795232768e-02 -9.860300131924e-02 7.90e-14 5.90e-13 2.07e-07 2.642
463   -9.852892668179e-02 -9.860192847421e-02 7.43e-14 5.55e-13 1.97e-07 2.646
464   -9.852898630488e-02 -9.860186116870e-02 7.36e-14 6.79e-13 1.99e-07 2.652
465   -9.852992461752e-02 -9.860082748418e-02 6.91e-14 6.46e-13 1.90e-07 2.656
466   -9.852998151250e-02 -9.860076154744e-02 6.85e-14 5.39e-13 1.92e-07 2.663
467   -9.853090453669e-02 -9.859974562186e-02 6.42e-14 5.06e-13 1.82e-07 2.667
468   -9.853096182937e-02 -9.859968101538e-02 6.37e-14 4.05e-13 1.84e-07 2.673
469   -9.853185062206e-02 -9.859870228923e-02 5.98e-14 3.85e-13 1.75e-07 2.677
470   -9.853190535491e-02 -9.859863903143e-02 5.92e-14 3.27e-13 1.77e-07 2.683
471   -9.853277938943e-02 -9.859767739093e-02 5.56e-14 2.99e-13 1.69e-07 2.687
472   -9.853283443843e-02 -9.859761537837e-02 5.52e-14 4.35e-13 1.70e-07 2.693
473   -9.853367599174e-02 -9.859668903997e-02 5.17e-14 4.09e-13 1.62e-07 2.697
474   -9.853372863927e-02 -9.859662835138e-02 5.13e-14 3.49e-13 1.64e-07 2.704
475   -9.853455596247e-02 -9.859571843573e-02 4.81e-14 3.26e-13 1.56e-07 2.707
476   -9.853460885492e-02 -9.859565891253e-02 4.76e-14 3.27e-13 1.57e-07 2.714
477   -9.853540537660e-02 -9.859478247759e-02 4.46e-14 3.20e-13 1.50e-07 2.718
478   -9.853545601412e-02 -9.859472425245e-02 4.42e-14 2.39e-13 1.51e-07 2.724
479   -9.853623879242e-02 -9.859386362994e-02 4.15e-14 2.31e-13 1.44e-07 2.728
480   -9.853628960976e-02 -9.859380649812e-02 4.12e-14 2.15e-13 1.45e-07 2.734
481   -9.853704319663e-02 -9.859297760984e-02 3.86e-14 2.00e-13 1.38e-07 2.738
482   -9.853709189709e-02 -9.859292174673e-02 3.82e-14 2.41e-13 1.39e-07 2.744
483   -9.853783223239e-02 -9.859210806180e-02 3.59e-14 2.35e-13 1.33e-07 2.748
484   -9.853788105333e-02 -9.859205322678e-02 3.55e-14 4.06e-13 1.34e-07 2.755
485   -9.853859371546e-02 -9.859126962896e-02 3.33e-14 3.69e-13 1.27e-07 2.759
486   -9.853864054638e-02 -9.859121603376e-02 3.30e-14 7.18e-14 1.29e-07 2.765
487   -9.853934047074e-02 -9.859044701216e-02 3.10e-14 6.29e-14 1.22e-07 2.769
488   -9.853938737435e-02 -9.859039437992e-02 3.06e-14 7.10e-14 1.23e-07 2.776
489   -9.854006106590e-02 -9.858965388267e-02 2.89e-14 7.58e-14 1.18e-07 2.780
490   -9.854010609884e-02 -9.858960245884e-02 2.85e-14 1.89e-13 1.19e-07 2.787
491   -9.854076754597e-02 -9.858887593887e-02 2.66e-14 1.81e-13 1.13e-07 2.791
492   -9.854081260608e-02 -9.858882542121e-02 2.64e-14 3.81e-13 1.14e-07 2.797
493   -9.854144922493e-02 -9.858812590086e-02 2.49e-14 3.52e-13 1.08e-07 2.801
494   -9.854149252557e-02 -9.858807655958e-02 2.45e-14 6.85e-14 1.09e-07 2.807
495   -9.854211737191e-02 -9.858739044610e-02 2.31e-14 5.72e-14 1.04e-07 2.811
496   -9.854216065743e-02 -9.858734196100e-02 2.29e-14 1.14e-13 1.05e-07 2.818
497   -9.854276198930e-02 -9.858668142081e-02 2.14e-14 1.12e-13 9.97e-08 2.825
498   -9.854280362181e-02 -9.858663407625e-02 2.12e-14 2.23e-13 1.01e-07 2.831
499   -9.854339365697e-02 -9.858598637319e-02 1.98e-14 2.00e-13 9.56e-08 2.835
500   -9.854343524071e-02 -9.858593983456e-02 1.97e-14 3.93e-13 9.64e-08 2.842
501   -9.854400301267e-02 -9.858531634622e-02 1.84e-14 3.66e-13 9.17e-08 2.846
502   -9.854404303512e-02 -9.858527092052e-02 1.83e-14 5.60e-13 9.25e-08 2.852
503   -9.854459996358e-02 -9.858465972845e-02 1.71e-14 5.36e-13 8.80e-08 2.856
504   -9.854463991053e-02 -9.858461505964e-02 1.69e-14 3.16e-13 8.87e-08 2.862
505   -9.854517577224e-02 -9.858402678293e-02 1.60e-14 2.91e-13 8.44e-08 2.866
506   -9.854521425005e-02 -9.858398319095e-02 1.62e-14 2.78e-13 8.51e-08 2.874
507   -9.854573975227e-02 -9.858340664027e-02 1.47e-14 2.50e-13 8.09e-08 2.878
508   -9.854577812201e-02 -9.858336377029e-02 1.45e-14 1.37e-13 8.15e-08 2.884
509   -9.854628366439e-02 -9.858280893255e-02 1.35e-14 1.34e-13 7.75e-08 2.888
510   -9.854632065277e-02 -9.858276710237e-02 1.46e-14 1.63e-13 7.82e-08 2.894
511   -9.854681627225e-02 -9.858222347586e-02 1.27e-14 1.38e-13 7.43e-08 2.898
512   -9.854685313177e-02 -9.858218232637e-02 1.24e-14 2.21e-13 7.49e-08 2.905
513   -9.854732991555e-02 -9.858165919130e-02 1.31e-14 2.06e-13 7.12e-08 2.908
514   -9.854736546973e-02 -9.858161905096e-02 1.34e-14 2.04e-13 7.18e-08 2.915
515   -9.854783273858e-02 -9.858110664672e-02 1.12e-14 1.96e-13 6.83e-08 2.919
516   -9.854786814301e-02 -9.858106715271e-02 1.12e-14 2.09e-13 6.88e-08 2.926
517   -9.854831759741e-02 -9.858057413023e-02 1.20e-14 2.05e-13 6.54e-08 2.930
518   -9.854835177284e-02 -9.858053560905e-02 1.69e-14 3.38e-13 6.59e-08 2.936
519   -9.854879214915e-02 -9.858005280875e-02 1.45e-14 3.27e-13 6.26e-08 2.940
520   -9.854882615595e-02 -9.858001490278e-02 1.46e-14 5.70e-13 6.31e-08 2.947
521   -9.854924967761e-02 -9.857955044128e-02 1.52e-14 5.31e-13 6.00e-08 2.951
522   -9.854928252593e-02 -9.857951347327e-02 1.98e-14 9.67e-13 6.05e-08 2.957
523   -9.854969739284e-02 -9.857905874282e-02 1.74e-14 9.28e-13 5.75e-08 2.961
524   -9.854973005906e-02 -9.857902235829e-02 1.74e-14 5.26e-13 5.79e-08 2.969
525   -9.855012902107e-02 -9.857858493419e-02 1.77e-14 4.97e-13 5.50e-08 2.973
526   -9.855016059232e-02 -9.857854945605e-02 2.22e-14 4.60e-13 5.54e-08 2.979
527   -9.855055125507e-02 -9.857812134857e-02 1.97e-14 4.22e-13 5.27e-08 2.983
528   -9.855058263055e-02 -9.857808642695e-02 1.95e-14 5.63e-13 5.31e-08 2.989
529   -9.855095826724e-02 -9.857767467054e-02 1.97e-14 5.16e-13 5.04e-08 2.993
530   -9.855098860843e-02 -9.857764062255e-02 1.97e-14 4.52e-13 5.08e-08 3.000
531   -9.855135638245e-02 -9.857723768205e-02 1.74e-14 4.33e-13 4.83e-08 3.004
532   -9.855138651626e-02 -9.857720416600e-02 1.28e-14 6.56e-13 4.86e-08 3.010
533   -9.855174008271e-02 -9.857681668672e-02 1.32e-14 6.28e-13 4.62e-08 3.014
534   -9.855176923790e-02 -9.857678401381e-02 1.34e-14 6.99e-13 4.65e-08 3.020
535   -9.855211528440e-02 -9.857640495443e-02 1.15e-14 6.55e-13 4.42e-08 3.024
536   -9.855214422772e-02 -9.857637278497e-02 1.16e-14 8.68e-13 4.45e-08 3.031
537   -9.855247689038e-02 -9.857600829111e-02 1.21e-14 7.99e-13 4.23e-08 3.035
538   -9.855250490905e-02 -9.857597693232e-02 1.23e-14 7.84e-13 4.26e-08 3.041
539   -9.855283041635e-02 -9.857562044048e-02 1.05e-14 7.51e-13 4.05e-08 3.045
540   -9.855285821502e-02 -9.857558956392e-02 6.33e-15 3.01e-13 4.08e-08 3.051
541   -9.855317108125e-02 -9.857524682997e-02 7.11e-15 2.96e-13 3.87e-08 3.055
542   -9.855319800663e-02 -9.857521673187e-02 1.11e-14 3.82e-13 3.90e-08 3.061
543   -9.855350407253e-02 -9.857488159435e-02 9.44e-15 3.59e-13 3.70e-08 3.065
544   -9.855353076868e-02 -9.857485196165e-02 5.33e-15 9.06e-13 3.73e-08 3.071
545   -9.855382491416e-02 -9.857452979813e-02 6.11e-15 8.37e-13 3.54e-08 3.075
546   -9.855385078402e-02 -9.857450091390e-02 9.99e-15 8.25e-13 3.57e-08 3.081
547   -9.855413846755e-02 -9.857418596088e-02 8.44e-15 7.69e-13 3.39e-08 3.085
548   -9.855416410681e-02 -9.857415751951e-02 4.50e-15 8.04e-13 3.41e-08 3.091
549   -9.855444054064e-02 -9.857385481108e-02 5.27e-15 7.37e-13 3.24e-08 3.095
550   -9.855446539277e-02 -9.857382709417e-02 5.50e-15 6.39e-13 3.26e-08 3.102
551   -9.855473568160e-02 -9.857353123531e-02 4.27e-15 5.88e-13 3.10e-08 3.106
552   -9.855476029947e-02 -9.857350394388e-02 2.66e-15 4.24e-13 3.12e-08 3.111
553   -9.855501994748e-02 -9.857321966745e-02 2.55e-15 3.76e-13 2.96e-08 3.115
554   -9.855504382502e-02 -9.857319306604e-02 2.55e-15 5.22e-13 2.98e-08 3.122
555   -9.855529770570e-02 -9.857291521345e-02 2.33e-15 4.79e-13 2.83e-08 3.126
556   -9.855532134791e-02 -9.857288901955e-02 2.33e-15 1.75e-13 2.85e-08 3.133
557   -9.855556522813e-02 -9.857262205259e-02 2.11e-15 1.60e-13 2.70e-08 3.137
558   -9.855558816621e-02 -9.857259652392e-02 5.25e-15 6.45e-14 2.72e-08 3.142
559   -9.855582648408e-02 -9.857233574466e-02 4.14e-15 5.48e-14 2.58e-08 3.146
560   -9.855584918634e-02 -9.857231060678e-02 2.00e-15 1.18e-13 2.60e-08 3.152
561   -9.855607812495e-02 -9.857206003727e-02 1.78e-15 1.06e-13 2.47e-08 3.156
562   -9.855610015671e-02 -9.857203554099e-02 1.78e-15 2.71e-13 2.48e-08 3.163
563   -9.855632382671e-02 -9.857179082729e-02 1.67e-15 2.90e-13 2.36e-08 3.166
564   -9.855634562262e-02 -9.857176670683e-02 1.67e-15 5.93e-13 2.37e-08 3.173
565   -9.855656044322e-02 -9.857153162644e-02 1.78e-15 5.57e-13 2.25e-08 3.177
566   -9.855658160217e-02 -9.857150812239e-02 1.94e-15 1.05e-12 2.26e-08 3.184
567   -9.855679144497e-02 -9.857127857022e-02 1.55e-15 9.78e-13 2.15e-08 3.188
568   -9.855681237408e-02 -9.857125542207e-02 7.16e-15 1.67e-12 2.16e-08 3.195
569   -9.855701387845e-02 -9.857103494734e-02 7.55e-15 1.57e-12 2.05e-08 3.199
570   -9.855703420402e-02 -9.857101238900e-02 1.06e-14 1.42e-12 2.07e-08 3.204
571   -9.855723103660e-02 -9.857079709933e-02 9.27e-15 1.35e-12 1.96e-08 3.208
572   -9.855725113027e-02 -9.857077488707e-02 1.49e-14 1.84e-12 1.97e-08 3.214
573   -9.855744009139e-02 -9.857056816667e-02 1.48e-14 1.75e-12 1.87e-08 3.218
574   -9.855745961032e-02 -9.857054652181e-02 1.77e-14 2.14e-12 1.88e-08 3.225
575   -9.855764414638e-02 -9.857034470879e-02 1.59e-14 2.02e-12 1.79e-08 3.228
576   -9.855766343246e-02 -9.857032340035e-02 1.82e-14 2.49e-12 1.80e-08 3.234
577   -9.855784052224e-02 -9.857012969403e-02 1.78e-14 2.30e-12 1.71e-08 3.238
578   -9.855785925838e-02 -9.857010893376e-02 1.78e-14 3.28e-12 1.72e-08 3.245
579   -9.855803215629e-02 -9.856991987271e-02 1.60e-14 3.09e-12 1.63e-08 3.249
580   -9.855805066571e-02 -9.856989943284e-02 2.11e-14 2.14e-12 1.64e-08 3.255
581   -9.855821659704e-02 -9.856971795637e-02 2.05e-14 2.00e-12 1.56e-08 3.259
582   -9.855823458602e-02 -9.856969803921e-02 2.05e-14 3.00e-12 1.56e-08 3.265
583   -9.855839659090e-02 -9.856952091149e-02 1.86e-14 2.84e-12 1.48e-08 3.269
584   -9.855841436180e-02 -9.856950129677e-02 2.07e-14 2.60e-12 1.49e-08 3.275
585   -9.855856981557e-02 -9.856933130144e-02 2.01e-14 2.44e-12 1.42e-08 3.279
586   -9.855858708843e-02 -9.856931219132e-02 2.87e-14 2.53e-12 1.42e-08 3.284
587   -9.855873878804e-02 -9.856914635046e-02 2.63e-14 2.32e-12 1.35e-08 3.288
588   -9.855875583768e-02 -9.856912754073e-02 3.09e-14 3.17e-12 1.36e-08 3.294
589   -9.855890140029e-02 -9.856896838146e-02 2.96e-14 2.99e-12 1.29e-08 3.298
590   -9.855891797821e-02 -9.856895005291e-02 3.54e-14 3.00e-12 1.29e-08 3.304
591   -9.855905997657e-02 -9.856879483521e-02 3.26e-14 2.83e-12 1.23e-08 3.308
592   -9.855907633487e-02 -9.856877679641e-02 3.70e-14 2.74e-12 1.24e-08 3.314
593   -9.855921251588e-02 -9.856862791266e-02 3.52e-14 2.56e-12 1.17e-08 3.318
594   -9.855922842399e-02 -9.856861033619e-02 4.30e-14 4.12e-12 1.18e-08 3.324
595   -9.855936132492e-02 -9.856846507879e-02 3.97e-14 3.87e-12 1.12e-08 3.328
596   -9.855937701555e-02 -9.856844778401e-02 4.38e-14 4.52e-12 1.12e-08 3.333
597   -9.855950446970e-02 -9.856830845700e-02 4.16e-14 4.21e-12 1.07e-08 3.337
598   -9.855951973879e-02 -9.856829159733e-02 4.67e-14 4.25e-12 1.07e-08 3.343
599   -9.855964405910e-02 -9.856815573248e-02 4.33e-14 4.00e-12 1.02e-08 3.347
600   -9.855965911017e-02 -9.856813914958e-02 4.47e-14 2.91e-12 1.02e-08 3.353
601   -9.855977835412e-02 -9.856800881183e-02 4.24e-14 2.72e-12 9.71e-09 3.357
602   -9.855979299967e-02 -9.856799265027e-02 4.73e-14 2.61e-12 9.74e-09 3.363
603   -9.855990928157e-02 -9.856786558291e-02 4.38e-14 2.44e-12 9.25e-09 3.367
604   -9.855992371755e-02 -9.856784968433e-02 4.52e-14 2.60e-12 9.29e-09 3.373
605   -9.856003514572e-02 -9.856772790209e-02 4.28e-14 2.42e-12 8.82e-09 3.377
606   -9.856004919255e-02 -9.856771241002e-02 4.75e-14 1.72e-12 8.85e-09 3.384
607   -9.856015787185e-02 -9.856759366183e-02 4.40e-14 1.65e-12 8.41e-09 3.388
608   -9.856017172285e-02 -9.856757841373e-02 4.74e-14 1.39e-13 8.44e-09 3.393
609   -9.856027591989e-02 -9.856746454613e-02 4.49e-14 7.90e-14 8.02e-09 3.397
610   -9.856028939345e-02 -9.856744969419e-02 5.13e-14 7.16e-13 8.04e-09 3.402
611   -9.856039097657e-02 -9.856733870988e-02 4.76e-14 6.71e-13 7.64e-09 3.406
612   -9.856040425150e-02 -9.856732410153e-02 4.87e-14 1.19e-12 7.67e-09 3.412
613   -9.856050159944e-02 -9.856721772879e-02 4.61e-14 1.11e-12 7.29e-09 3.416
614   -9.856051452812e-02 -9.856720348492e-02 5.03e-14 5.41e-13 7.31e-09 3.422
615   -9.856060945558e-02 -9.856709978139e-02 4.67e-14 4.77e-13 6.94e-09 3.426
616   -9.856062217375e-02 -9.856708579075e-02 4.77e-14 1.57e-12 6.96e-09 3.431
617   -9.856071308743e-02 -9.856698645782e-02 4.51e-14 1.46e-12 6.62e-09 3.435
618   -9.856072547217e-02 -9.856697281994e-02 4.92e-14 2.56e-12 6.63e-09 3.441
619   -9.856081411272e-02 -9.856687599256e-02 4.57e-14 2.37e-12 6.31e-09 3.445
620   -9.856082631766e-02 -9.856686257151e-02 4.86e-14 2.75e-12 6.32e-09 3.452
621   -9.856091122876e-02 -9.856676980531e-02 4.59e-14 2.58e-12 6.01e-09 3.456
622   -9.856092310980e-02 -9.856675672817e-02 5.14e-14 2.96e-12 6.02e-09 3.461
623   -9.856100585890e-02 -9.856666634374e-02 4.78e-14 2.75e-12 5.72e-09 3.465
624   -9.856101755119e-02 -9.856665349078e-02 5.05e-14 2.25e-12 5.74e-09 3.471
625   -9.856109683373e-02 -9.856656688117e-02 4.76e-14 2.13e-12 5.45e-09 3.475
626   -9.856110821695e-02 -9.856655435746e-02 5.13e-14 4.94e-13 5.47e-09 3.481
627   -9.856118545401e-02 -9.856647000012e-02 4.77e-14 5.02e-13 5.20e-09 3.485
628   -9.856119665390e-02 -9.856645769245e-02 5.02e-14 1.42e-12 5.21e-09 3.490
629   -9.856127060185e-02 -9.856637691689e-02 4.74e-14 1.30e-12 4.95e-09 3.494
630   -9.856128151405e-02 -9.856636491650e-02 5.08e-14 1.16e-12 4.96e-09 3.500
631   -9.856135357156e-02 -9.856628622206e-02 4.73e-14 1.06e-12 4.71e-09 3.504
632   -9.856136430602e-02 -9.856627442953e-02 4.97e-14 2.18e-12 4.72e-09 3.510
633   -9.856143333171e-02 -9.856619903664e-02 4.69e-14 2.03e-12 4.49e-09 3.514
634   -9.856144378124e-02 -9.856618754958e-02 5.16e-14 1.68e-12 4.50e-09 3.520
635   -9.856151102108e-02 -9.856611412169e-02 4.80e-14 1.58e-12 4.28e-09 3.524
636   -9.856152130607e-02 -9.856610282645e-02 5.02e-14 1.98e-12 4.28e-09 3.530
637   -9.856158566262e-02 -9.856603253854e-02 4.74e-14 1.89e-12 4.07e-09 3.534
638   -9.856159567961e-02 -9.856602153111e-02 5.18e-14 2.25e-12 4.08e-09 3.539
639   -9.856165836206e-02 -9.856595308468e-02 4.83e-14 2.11e-12 3.88e-09 3.543
640   -9.856166821459e-02 -9.856594226751e-02 5.03e-14 2.74e-12 3.88e-09 3.549
641   -9.856172817106e-02 -9.856587678988e-02 4.75e-14 2.61e-12 3.69e-09 3.553
642   -9.856173777030e-02 -9.856586624515e-02 5.04e-14 3.45e-12 3.70e-09 3.558
643   -9.856179623687e-02 -9.856580240655e-02 4.69e-14 3.18e-12 3.52e-09 3.562
644   -9.856180566303e-02 -9.856579206036e-02 4.88e-14 4.65e-12 3.52e-09 3.568
645   -9.856186159591e-02 -9.856573098099e-02 4.61e-14 4.35e-12 3.35e-09 3.572
646   -9.856187077957e-02 -9.856572089629e-02 5.01e-14 4.34e-12 3.35e-09 3.578
647   -9.856192522703e-02 -9.856566144957e-02 4.67e-14 4.10e-12 3.19e-09 3.582
648   -9.856193426714e-02 -9.856565152980e-02 4.71e-14 3.02e-12 3.19e-09 3.588
649   -9.856198640541e-02 -9.856559459797e-02 4.45e-14 2.83e-12 3.04e-09 3.592
650   -9.856199521103e-02 -9.856558493150e-02 4.70e-14 4.44e-12 3.04e-09 3.598
651   -9.856204592718e-02 -9.856552956207e-02 4.39e-14 4.22e-12 2.89e-09 3.602
652   -9.856205456000e-02 -9.856552009163e-02 4.55e-14 4.57e-12 2.89e-09 3.608
653   -9.856210306387e-02 -9.856546713155e-02 4.30e-14 4.31e-12 2.75e-09 3.612
654   -9.856211149034e-02 -9.856545788419e-02 4.66e-14 4.18e-12 2.75e-09 3.618
655   -9.856215876228e-02 -9.856540627793e-02 4.34e-14 3.83e-12 2.62e-09 3.622
656   -9.856216704173e-02 -9.856539719734e-02 4.38e-14 3.33e-12 2.62e-09 3.627
657   -9.856221224984e-02 -9.856534783886e-02 4.13e-14 3.11e-12 2.49e-09 3.631
658   -9.856222030394e-02 -9.856533900268e-02 4.47e-14 7.35e-13 2.49e-09 3.636
659   -9.856226423795e-02 -9.856529104289e-02 4.17e-14 7.92e-13 2.37e-09 3.640
660   -9.856227214501e-02 -9.856528237279e-02 4.32e-14 5.56e-13 2.37e-09 3.647
661   -9.856231418995e-02 -9.856523647040e-02 4.08e-14 5.42e-13 2.26e-09 3.651
662   -9.856232189121e-02 -9.856522802361e-02 4.30e-14 1.85e-13 2.26e-09 3.657
663   -9.856236278502e-02 -9.856518338490e-02 4.01e-14 1.29e-13 2.15e-09 3.661
664   -9.856237035770e-02 -9.856517508344e-02 4.15e-14 7.27e-13 2.15e-09 3.667
665   -9.856240952054e-02 -9.856513232995e-02 3.92e-14 6.94e-13 2.04e-09 3.671
666   -9.856241691405e-02 -9.856512422290e-02 4.23e-14 4.01e-13 2.04e-09 3.676
667   -9.856245500636e-02 -9.856508264444e-02 3.95e-14 3.86e-13 1.95e-09 3.680
668   -9.856246225580e-02 -9.856507469889e-02 3.97e-14 1.48e-12 1.94e-09 3.686
669   -9.856249870311e-02 -9.856503491203e-02 3.74e-14 1.28e-12 1.85e-09 3.690
670   -9.856250575617e-02 -9.856502718018e-02 4.04e-14 1.25e-12 1.85e-09 3.696
671   -9.856254116925e-02 -9.856498852787e-02 3.77e-14 1.19e-12 1.76e-09 3.699
672   -9.856254812641e-02 -9.856498090432e-02 3.79e-14 1.39e-12 1.76e-09 3.705
673   -9.856258207441e-02 -9.856494384772e-02 3.57e-14 1.31e-12 1.68e-09 3.709
674   -9.856258884030e-02 -9.856493643240e-02 3.85e-14 1.52e-12 1.67e-09 3.715
675   -9.856262179167e-02 -9.856490046869e-02 3.60e-14 1.31e-12 1.59e-09 3.719
676   -9.856262842092e-02 -9.856489320583e-02 3.61e-14 9.35e-13 1.59e-09 3.724
677   -9.856265994555e-02 -9.856485879606e-02 3.41e-14 8.44e-13 1.52e-09 3.728
678   -9.856266642563e-02 -9.856485169553e-02 3.59e-14 3.50e-12 1.51e-09 3.734
679   -9.856269710175e-02 -9.856481821659e-02 3.35e-14 3.39e-12 1.44e-09 3.738
680   -9.856270343487e-02 -9.856481127945e-02 3.37e-14 1.82e-12 1.44e-09 3.744
681   -9.856273276438e-02 -9.856477926716e-02 3.18e-14 1.72e-12 1.37e-09 3.748
682   -9.856273896007e-02 -9.856477247980e-02 3.35e-14 3.28e-12 1.37e-09 3.754
683   -9.856276745474e-02 -9.856474138285e-02 3.13e-14 3.15e-12 1.30e-09 3.758
684   -9.856277351227e-02 -9.856473474881e-02 3.23e-14 4.13e-12 1.30e-09 3.764
685   -9.856280072034e-02 -9.856470505331e-02 3.06e-14 3.96e-12 1.24e-09 3.767
686   -9.856280664658e-02 -9.856469856246e-02 3.22e-14 1.51e-12 1.24e-09 3.773
687   -9.856283312541e-02 -9.856466966660e-02 3.01e-14 1.37e-12 1.18e-09 3.777
688   -9.856283894534e-02 -9.856466329380e-02 3.02e-14 4.65e-12 1.18e-09 3.782
689   -9.856286431432e-02 -9.856463560686e-02 2.85e-14 4.41e-12 1.12e-09 3.786
690   -9.856286998031e-02 -9.856462940216e-02 3.00e-14 4.79e-12 1.12e-09 3.792
691   -9.856289454991e-02 -9.856460259083e-02 2.81e-14 4.56e-12 1.07e-09 3.796
692   -9.856290008040e-02 -9.856459653587e-02 2.82e-14 4.72e-12 1.06e-09 3.801
693   -9.856292355516e-02 -9.856457091715e-02 2.66e-14 4.59e-12 1.01e-09 3.805
694   -9.856292895384e-02 -9.856456500624e-02 2.81e-14 5.92e-12 1.01e-09 3.811
695   -9.856295174940e-02 -9.856454013168e-02 2.63e-14 5.47e-12 9.65e-10 3.815
696   -9.856295704816e-02 -9.856453433142e-02 2.63e-14 6.33e-12 9.61e-10 3.820
697   -9.856297883509e-02 -9.856451055563e-02 2.49e-14 5.71e-12 9.17e-10 3.824
698   -9.856298399521e-02 -9.856450490692e-02 2.63e-14 7.68e-12 9.13e-10 3.830
699   -9.856300516031e-02 -9.856448181236e-02 2.46e-14 7.09e-12 8.72e-10 3.834
700   -9.856301022459e-02 -9.856447626957e-02 2.47e-14 1.13e-11 8.68e-10 3.839
701   -9.856303049686e-02 -9.856445414759e-02 2.33e-14 1.06e-11 8.29e-10 3.843
702   -9.856303545015e-02 -9.856444872619e-02 2.53e-14 7.66e-12 8.25e-10 3.849
703   -9.856305513494e-02 -9.856442724765e-02 2.36e-14 7.21e-12 7.88e-10 3.853
704   -9.856305998752e-02 -9.856442193740e-02 2.37e-14 3.09e-12 7.84e-10 3.858
705   -9.856307880938e-02 -9.856440139893e-02 2.24e-14 2.88e-12 7.49e-10 3.862
706   -9.856308353868e-02 -9.856439622349e-02 2.43e-14 2.33e-12 7.45e-10 3.867
707   -9.856310177778e-02 -9.856437632300e-02 2.27e-14 2.05e-12 7.11e-10 3.871
708   -9.856310641058e-02 -9.856437125391e-02 2.27e-14 1.81e-12 7.08e-10 3.877
709   -9.856312387544e-02 -9.856435219685e-02 2.15e-14 1.70e-12 6.76e-10 3.881
710   -9.856312838130e-02 -9.856434726661e-02 2.27e-14 2.51e-12 6.72e-10 3.887
711   -9.856314532798e-02 -9.856432877682e-02 2.12e-14 2.27e-12 6.42e-10 3.891
712   -9.856314974964e-02 -9.856432393945e-02 2.13e-14 3.53e-12 6.39e-10 3.896
713   -9.856316586734e-02 -9.856430635285e-02 2.01e-14 3.18e-12 6.10e-10 3.900
714   -9.856317016349e-02 -9.856430165323e-02 4.17e-14 6.25e-12 6.07e-10 3.906
715   -9.856318586109e-02 -9.856428452673e-02 3.91e-14 5.85e-12 5.80e-10 3.910
716   -9.856319007780e-02 -9.856427991412e-02 3.87e-14 1.42e-11 5.76e-10 3.915
717   -9.856320501737e-02 -9.856426361353e-02 3.66e-14 1.35e-11 5.51e-10 3.919
718   -9.856320912975e-02 -9.856425911508e-02 3.77e-14 9.20e-12 5.47e-10 3.924
719   -9.856322362109e-02 -9.856424330508e-02 3.54e-14 8.57e-12 5.23e-10 3.928
720   -9.856322766064e-02 -9.856423888685e-02 3.50e-14 1.50e-11 5.20e-10 3.933
721   -9.856324159515e-02 -9.856422368342e-02 3.30e-14 1.41e-11 4.97e-10 3.937
722   -9.856324554026e-02 -9.856421936844e-02 3.37e-14 1.61e-11 4.94e-10 3.943
723   -9.856325902368e-02 -9.856420465851e-02 3.16e-14 1.51e-11 4.72e-10 3.947
724   -9.856326287508e-02 -9.856420044651e-02 3.18e-14 1.21e-11 4.69e-10 3.953
725   -9.856327569593e-02 -9.856418645850e-02 3.00e-14 1.16e-11 4.48e-10 3.957
726   -9.856327943359e-02 -9.856418237091e-02 3.11e-14 1.15e-11 4.45e-10 3.962
727   -9.856329188985e-02 -9.856416878188e-02 2.92e-14 1.08e-11 4.26e-10 3.966
728   -9.856329555373e-02 -9.856416477541e-02 2.89e-14 1.26e-11 4.22e-10 3.971
729   -9.856330742439e-02 -9.856415182446e-02 2.73e-14 1.17e-11 4.04e-10 3.975
730   -9.856331100030e-02 -9.856414791473e-02 4.44e-14 5.15e-12 4.01e-10 3.981
731   -9.856332252869e-02 -9.856413533825e-02 4.17e-14 4.68e-12 3.84e-10 3.985
732   -9.856332605030e-02 -9.856413148783e-02 4.15e-14 2.69e-12 3.81e-10 3.990
733   -9.856333711926e-02 -9.856411941186e-02 3.92e-14 2.57e-12 3.64e-10 3.994
734   -9.856334049768e-02 -9.856411571803e-02 3.99e-14 9.22e-12 3.61e-10 4.000
735   -9.856335110476e-02 -9.856410414679e-02 3.75e-14 8.56e-12 3.46e-10 4.004
736   -9.856335443912e-02 -9.856410050152e-02 3.69e-14 6.74e-12 3.43e-10 4.009
737   -9.856336456823e-02 -9.856408945111e-02 3.48e-14 6.54e-12 3.28e-10 4.013
738   -9.856336777472e-02 -9.856408594555e-02 3.55e-14 7.53e-12 3.25e-10 4.018
739   -9.856337756805e-02 -9.856407526228e-02 3.34e-14 7.06e-12 3.12e-10 4.022
740   -9.856338080208e-02 -9.856407172705e-02 3.28e-14 4.42e-12 3.09e-10 4.027
741   -9.856339025378e-02 -9.856406141601e-02 3.10e-14 4.00e-12 2.96e-10 4.031
742   -9.856339337414e-02 -9.856405800494e-02 3.13e-14 6.13e-12 2.93e-10 4.037
743   -9.856340258924e-02 -9.856404795280e-02 2.94e-14 5.86e-12 2.80e-10 4.041
744   -9.856340565783e-02 -9.856404459878e-02 2.89e-14 1.07e-11 2.78e-10 4.046
745   -9.856341437398e-02 -9.856403509031e-02 2.73e-14 1.04e-11 2.66e-10 4.050
746   -9.856341736039e-02 -9.856403182645e-02 4.08e-14 5.91e-12 2.63e-10 4.055
747   -9.856342570946e-02 -9.856402271912e-02 3.84e-14 5.52e-12 2.52e-10 4.059
748   -9.856342857761e-02 -9.856401958398e-02 2.36e-14 7.48e-12 2.50e-10 4.064
749   -9.856343663666e-02 -9.856401079254e-02 2.23e-14 6.96e-12 2.39e-10 4.068
750   -9.856343946971e-02 -9.856400769627e-02 2.30e-14 1.35e-11 2.37e-10 4.074
751   -9.856344717770e-02 -9.856399928906e-02 4.61e-14 3.83e-09 2.27e-10 4.077
752   -9.856344990960e-02 -9.856399630303e-02 3.18e-14 3.73e-09 2.25e-10 4.082
753   -9.856345733914e-02 -9.856398819845e-02 3.00e-14 3.52e-09 2.15e-10 4.086
754   -9.856346006426e-02 -9.856398522083e-02 4.19e-14 3.42e-09 2.13e-10 4.091
755   -9.856346725470e-02 -9.856397737764e-02 3.94e-14 3.23e-09 2.04e-10 4.095
756   -9.856346987602e-02 -9.856397451273e-02 2.60e-14 3.14e-09 2.02e-10 4.100
757   -9.856347663685e-02 -9.856396713776e-02 2.46e-14 2.96e-09 1.94e-10 4.104
758   -9.856347918495e-02 -9.856396435354e-02 2.50e-14 2.88e-09 1.92e-10 4.109
759   -9.856348575911e-02 -9.856395718268e-02 2.36e-14 2.72e-09 1.84e-10 4.113
760   -9.856348828724e-02 -9.856395441991e-02 1.14e-14 2.63e-09 1.82e-10 4.118
761   -9.856349457401e-02 -9.856394756227e-02 1.08e-14 2.48e-09 1.74e-10 4.122
762   -9.856349705855e-02 -9.856394484767e-02 1.16e-14 2.40e-09 1.72e-10 4.127
763   -9.856350317172e-02 -9.856393817983e-02 1.09e-14 2.27e-09 1.65e-10 4.131
764   -9.856350551155e-02 -9.856393562333e-02 1.08e-14 2.20e-09 1.63e-10 4.137
765   -9.856351125452e-02 -9.856392935893e-02 1.02e-14 2.08e-09 1.56e-10 4.141
766   -9.856351361680e-02 -9.856392677813e-02 1.09e-14 2.02e-09 1.55e-10 4.146
767   -9.856351930445e-02 -9.856392057452e-02 1.03e-14 1.90e-09 1.48e-10 4.150
768   -9.856352157148e-02 -9.856391809753e-02 5.00e-16 1.85e-09 1.46e-10 4.155
769   -9.856352690579e-02 -9.856391227904e-02 5.00e-16 1.74e-09 1.40e-10 4.159
770   -9.856352916696e-02 -9.856390980885e-02 6.66e-16 1.69e-09 1.39e-10 4.164
771   -9.856353427449e-02 -9.856390423807e-02 5.83e-16 1.59e-09 1.33e-10 4.168
772   -9.856353643595e-02 -9.856390187682e-02 7.49e-16 1.54e-09 1.31e-10 4.173
773   -9.856354138214e-02 -9.856389648183e-02 7.49e-16 1.46e-09 1.26e-10 4.177
774   -9.856354348593e-02 -9.856389418373e-02 1.42e-15 1.40e-09 1.24e-10 4.183
775   -9.856354826660e-02 -9.856388896949e-02 1.30e-15 1.32e-09 1.19e-10 4.187
776   -9.856355037493e-02 -9.856388666650e-02 1.44e-15 1.27e-09 1.18e-10 4.192
777   -9.856355498565e-02 -9.856388163750e-02 1.42e-15 1.20e-09 1.13e-10 4.196
778   -9.856355698635e-02 -9.856387945241e-02 1.04e-14 1.17e-09 1.11e-10 4.201
779   -9.856356133851e-02 -9.856387470558e-02 9.80e-15 1.11e-09 1.07e-10 4.205
780   -9.856356326577e-02 -9.856387260097e-02 2.44e-14 1.06e-09 1.05e-10 4.210
781   -9.856356744806e-02 -9.856386803921e-02 2.31e-14 1.00e-09 1.01e-10 4.214
782   -9.856356935750e-02 -9.856386595366e-02 2.32e-14 9.68e-10 9.97e-11 4.220
783   -9.856357329179e-02 -9.856386166263e-02 2.19e-14 9.16e-10 9.58e-11 4.223
784   -9.856357516966e-02 -9.856385961174e-02 2.66e-14 8.82e-10 9.43e-11 4.228
785   -9.856357894744e-02 -9.856385549132e-02 2.52e-14 8.34e-10 9.06e-11 4.232
786   -9.856358074796e-02 -9.856385352511e-02 3.23e-14 8.15e-10 8.93e-11 4.237
787   -9.856358447613e-02 -9.856384945897e-02 3.04e-14 7.70e-10 8.57e-11 4.241
788   -9.856358619444e-02 -9.856384758271e-02 4.24e-14 7.37e-10 8.45e-11 4.245
789   -9.856358947543e-02 -9.856384400409e-02 4.02e-14 6.99e-10 8.13e-11 4.249
790   -9.856359114563e-02 -9.856384218010e-02 3.96e-14 6.85e-10 8.01e-11 4.255
791   -9.856359448721e-02 -9.856383853561e-02 3.75e-14 6.48e-10 7.70e-11 4.258
792   -9.856359614254e-02 -9.856383672807e-02 4.06e-14 6.35e-10 7.59e-11 4.263
793   -9.856359938551e-02 -9.856383319101e-02 3.85e-14 6.00e-10 7.29e-11 4.267
794   -9.856360101873e-02 -9.856383140765e-02 4.44e-14 5.92e-10 7.17e-11 4.275
795   -9.856360408514e-02 -9.856382806329e-02 4.20e-14 5.61e-10 6.89e-11 4.279
796   -9.856360573622e-02 -9.856382626059e-02 5.12e-14 5.47e-10 6.78e-11 4.284
797   -9.856360872222e-02 -9.856382300388e-02 4.85e-14 5.18e-10 6.51e-11 4.288
798   -9.856361018400e-02 -9.856382140780e-02 5.37e-14 5.06e-10 6.41e-11 4.293
799   -9.856361296646e-02 -9.856381837312e-02 5.08e-14 4.80e-10 6.17e-11 4.297
800   -9.856361439484e-02 -9.856381681367e-02 5.95e-14 4.75e-10 6.07e-11 4.301
801   -9.856361705893e-02 -9.856381390797e-02 5.64e-14 4.50e-10 5.84e-11 4.305
802   -9.856361859697e-02 -9.856381222920e-02 7.77e-14 4.42e-10 5.73e-11 4.310
803   -9.856362131861e-02 -9.856380926091e-02 7.34e-14 4.17e-10 5.50e-11 4.314
804   -9.856362274790e-02 -9.856380770038e-02 7.42e-14 4.05e-10 5.41e-11 4.318
805   -9.856362512001e-02 -9.856380511316e-02 7.03e-14 3.84e-10 5.21e-11 4.322
806   -9.856362637934e-02 -9.856380373829e-02 7.43e-14 3.73e-10 5.12e-11 4.328
807   -9.856362858672e-02 -9.856380133080e-02 7.05e-14 3.54e-10 4.94e-11 4.332
808   -9.856362991678e-02 -9.856379987867e-02 7.07e-14 3.46e-10 4.85e-11 4.336
809   -9.856363234772e-02 -9.856379722738e-02 6.68e-14 3.26e-10 4.66e-11 4.340
810   -9.856363367320e-02 -9.856379578055e-02 8.01e-14 3.27e-10 4.57e-11 4.346
811   -9.856363586306e-02 -9.856379339221e-02 7.58e-14 3.09e-10 4.40e-11 4.350
812   -9.856363712129e-02 -9.856379201853e-02 7.57e-14 2.96e-10 4.31e-11 4.354
813   -9.856363908235e-02 -9.856378987967e-02 7.18e-14 2.82e-10 4.16e-11 4.358
814   -9.856364024697e-02 -9.856378860846e-02 8.33e-14 2.80e-10 4.08e-11 4.363
815   -9.856364229570e-02 -9.856378637407e-02 7.88e-14 2.66e-10 3.93e-11 4.367
816   -9.856364341404e-02 -9.856378515310e-02 7.82e-14 2.62e-10 3.85e-11 4.371
817   -9.856364525705e-02 -9.856378314299e-02 7.42e-14 2.49e-10 3.71e-11 4.375
818   -9.856364639322e-02 -9.856378190304e-02 8.95e-14 2.27e-10 3.64e-11 4.379
819   -9.856364821000e-02 -9.856377992162e-02 8.48e-14 2.15e-10 3.50e-11 4.383
820   -9.856364926023e-02 -9.856377877524e-02 8.85e-14 2.26e-10 3.44e-11 4.388
821   -9.856365096715e-02 -9.856377691355e-02 8.39e-14 2.15e-10 3.31e-11 4.392
822   -9.856365203939e-02 -9.856377574341e-02 9.75e-14 2.19e-10 3.25e-11 4.396
823   -9.856365362945e-02 -9.856377400925e-02 9.26e-14 2.07e-10 3.13e-11 4.400
824   -9.856365459690e-02 -9.856377295310e-02 9.06e-14 1.93e-10 3.07e-11 4.405
825   -9.856365624794e-02 -9.856377115238e-02 8.58e-14 1.82e-10 2.95e-11 4.409
826   -9.856365705219e-02 -9.856377027485e-02 1.00e-13 1.74e-10 2.90e-11 4.413
827   -9.856365850169e-02 -9.856376869389e-02 9.54e-14 1.65e-10 2.80e-11 4.417
828   -9.856365944415e-02 -9.856376766518e-02 9.82e-14 1.85e-10 2.74e-11 4.422
829   -9.856366088832e-02 -9.856376609007e-02 9.31e-14 1.75e-10 2.64e-11 4.426
830   -9.856366183166e-02 -9.856376506067e-02 1.05e-13 1.56e-10 2.59e-11 4.431
831   -9.856366324608e-02 -9.856376351804e-02 9.92e-14 1.48e-10 2.49e-11 4.434
832   -9.856366419399e-02 -9.856376248330e-02 9.65e-14 1.47e-10 2.44e-11 4.439
833   -9.856366555097e-02 -9.856376100330e-02 9.14e-14 1.39e-10 2.35e-11 4.443
834   -9.856366639311e-02 -9.856376008425e-02 9.80e-14 1.24e-10 2.30e-11 4.448
835   -9.856366773337e-02 -9.856375862251e-02 9.26e-14 1.18e-10 2.21e-11 4.452
836   -9.856366849720e-02 -9.856375778865e-02 9.01e-14 1.16e-10 2.16e-11 4.456
837   -9.856366977391e-02 -9.856375639618e-02 8.52e-14 1.09e-10 2.08e-11 4.460
838   -9.856367044786e-02 -9.856375566093e-02 9.74e-14 6.20e-11 2.04e-11 4.464
839   -9.856367157643e-02 -9.856375443001e-02 9.25e-14 5.91e-11 1.97e-11 4.468
840   -9.856367226850e-02 -9.856375367452e-02 9.00e-14 5.99e-11 1.93e-11 4.473
841   -9.856367325115e-02 -9.856375260274e-02 8.57e-14 5.76e-11 1.87e-11 4.476
842   -9.856367391507e-02 -9.856375187824e-02 9.19e-14 2.80e-11 1.83e-11 4.481
843   -9.856367503060e-02 -9.856375066157e-02 8.69e-14 2.65e-11 1.76e-11 4.485
844   -9.856367572616e-02 -9.856374990235e-02 8.42e-14 4.78e-11 1.72e-11 4.490
845   -9.856367656889e-02 -9.856374898319e-02 8.04e-14 4.59e-11 1.67e-11 4.494
846   -9.856367723079e-02 -9.856374826096e-02 8.78e-14 3.90e-11 1.64e-11 4.498
847   -9.856367814525e-02 -9.856374726361e-02 8.35e-14 3.66e-11 1.58e-11 4.502
848   -9.856367880804e-02 -9.856374654015e-02 8.03e-14 1.11e-11 1.55e-11 4.506
849   -9.856367973638e-02 -9.856374552765e-02 7.62e-14 1.02e-11 1.49e-11 4.510
850   -9.856368029829e-02 -9.856374491442e-02 8.07e-14 1.05e-11 1.45e-11 4.516
851   -9.856368127925e-02 -9.856374384453e-02 7.62e-14 9.80e-12 1.40e-11 4.520
852   -9.856368188641e-02 -9.856374318183e-02 7.35e-14 1.90e-11 1.37e-11 4.525
853   -9.856368264647e-02 -9.856374235285e-02 7.00e-14 1.79e-11 1.32e-11 4.529
854   -9.856368309428e-02 -9.856374186427e-02 7.82e-14 8.10e-11 1.30e-11 4.533
855   -9.856368382725e-02 -9.856374106484e-02 7.45e-14 7.86e-11 1.25e-11 4.537
856   -9.856368443961e-02 -9.856374039642e-02 7.15e-14 9.13e-11 1.22e-11 4.541
857   -9.856368524699e-02 -9.856373951586e-02 6.77e-14 8.66e-11 1.17e-11 4.545
858   -9.856368571912e-02 -9.856373900075e-02 7.49e-14 1.56e-10 1.15e-11 4.550
859   -9.856368627282e-02 -9.856373839686e-02 7.18e-14 1.49e-10 1.12e-11 4.554
860   -9.856368670950e-02 -9.856373792022e-02 6.89e-14 1.58e-10 1.09e-11 4.558
861   -9.856368750913e-02 -9.856373704810e-02 6.50e-14 1.50e-10 1.05e-11 4.562
862   -9.856368801067e-02 -9.856373650089e-02 7.17e-14 2.53e-10 1.02e-11 4.566
863   -9.856368870252e-02 -9.856373574634e-02 6.79e-14 2.41e-10 9.86e-12 4.570
864   -9.856368904077e-02 -9.856373537710e-02 6.50e-14 2.64e-10 9.65e-12 4.575
865   -9.856368943481e-02 -9.856373494730e-02 6.27e-14 2.54e-10 9.43e-12 4.579
866   -9.856368974653e-02 -9.856373460727e-02 6.87e-14 3.40e-10 9.28e-12 4.583
867   -9.856369040752e-02 -9.856373388635e-02 6.51e-14 3.21e-10 8.92e-12 4.587
868   -9.856369109937e-02 -9.856373313124e-02 6.16e-14 2.91e-10 8.61e-12 4.591
869   -9.856369162881e-02 -9.856373255381e-02 5.87e-14 2.76e-10 8.33e-12 4.595
870   -9.856369193860e-02 -9.856373221577e-02 6.10e-14 3.19e-10 8.17e-12 4.600
871   -9.856369266157e-02 -9.856373142728e-02 5.71e-14 2.99e-10 7.80e-12 4.604
872   -9.856369304020e-02 -9.856373101410e-02 5.73e-14 2.86e-10 7.64e-12 4.610
873   -9.856369347195e-02 -9.856373054318e-02 5.48e-14 2.75e-10 7.41e-12 4.614
874   -9.856369383258e-02 -9.856373014976e-02 5.97e-14 3.39e-10 7.25e-12 4.618
875   -9.856369430049e-02 -9.856372963943e-02 5.68e-14 3.25e-10 7.01e-12 4.622
876   -9.856369481833e-02 -9.856372907424e-02 5.36e-14 3.14e-10 6.75e-12 4.626
877   -9.856369521902e-02 -9.856372863723e-02 5.12e-14 3.00e-10 6.55e-12 4.630
878   -9.856369551521e-02 -9.856372831400e-02 5.24e-14 3.32e-10 6.39e-12 4.635
879   -9.856369620495e-02 -9.856372756176e-02 4.87e-14 3.10e-10 6.06e-12 4.639
880   -9.856369659904e-02 -9.856372713162e-02 4.61e-14 3.14e-10 5.88e-12 4.643
881   -9.856369679796e-02 -9.856372691465e-02 4.48e-14 3.06e-10 5.78e-12 4.647
882   -9.856369696144e-02 -9.856372673632e-02 4.82e-14 3.43e-10 5.72e-12 4.652
883   -9.856369730812e-02 -9.856372635820e-02 4.61e-14 3.29e-10 5.54e-12 4.656
884   -9.856369750476e-02 -9.856372614349e-02 4.35e-14 3.74e-10 5.49e-12 4.660
885   -9.856369793193e-02 -9.856372567758e-02 4.11e-14 3.54e-10 5.27e-12 4.664
886   -9.856369817271e-02 -9.856372541494e-02 4.51e-14 4.54e-10 5.19e-12 4.669
887   -9.856369856480e-02 -9.856372498728e-02 4.27e-14 4.31e-10 5.00e-12 4.673
888   -9.856369881018e-02 -9.856372471954e-02 4.02e-14 5.20e-10 4.88e-12 4.677
889   -9.856369909824e-02 -9.856372440533e-02 3.86e-14 4.99e-10 4.73e-12 4.681
890   -9.856369933382e-02 -9.856372414831e-02 4.16e-14 5.74e-10 4.63e-12 4.686
891   -9.856369976649e-02 -9.856372367641e-02 3.91e-14 5.40e-10 4.43e-12 4.690
892   -9.856370001655e-02 -9.856372340347e-02 3.67e-14 4.86e-10 4.33e-12 4.694
893   -9.856370019065e-02 -9.856372321357e-02 3.56e-14 4.70e-10 4.24e-12 4.698
894   -9.856370052951e-02 -9.856372284383e-02 3.70e-14 5.05e-10 4.11e-12 4.702
895   -9.856370118791e-02 -9.856372212578e-02 3.36e-14 4.61e-10 3.82e-12 4.706
896   -9.856370144660e-02 -9.856372184342e-02 3.13e-14 4.61e-10 3.72e-12 4.711
897   -9.856370190221e-02 -9.856372134650e-02 2.90e-14 4.26e-10 3.52e-12 4.715
898   -9.856370219911e-02 -9.856372102263e-02 3.43e-14 6.69e-10 3.38e-12 4.719
899   -9.856370263692e-02 -9.856372054512e-02 3.17e-14 6.19e-10 3.19e-12 4.723
900   -9.856370321351e-02 -9.856371991466e-02 1.70e-14 1.59e-09 2.96e-12 4.727
901   -9.856370366490e-02 -9.856371942247e-02 1.56e-14 1.46e-09 2.77e-12 4.731
902   -9.856370413981e-02 -9.856371890523e-02 2.15e-14 2.28e-09 2.58e-12 4.735
903   -9.856370469108e-02 -9.856371830404e-02 1.92e-14 2.03e-09 2.35e-12 4.739
904   -9.856370495584e-02 -9.856371801509e-02 1.72e-14 1.92e-09 2.24e-12 4.743
905   -9.856370520674e-02 -9.856371774146e-02 1.62e-14 1.81e-09 2.14e-12 4.747
906   -9.856370550851e-02 -9.856371741314e-02 5.11e-14 2.95e-09 2.03e-12 4.751
907   -9.856370579384e-02 -9.856371710190e-02 4.73e-14 2.73e-09 1.91e-12 4.755
Numerical error in objective
Restoring previous solution


Suboptimal solution found in 908 iterations and 4.76 seconds
Objective -9.85623628e-02
Primal infeasibility (abs/rel): 8.03e-14/4.01e-14
Dual infeasibility   (abs/rel): 1.42e-13/1.29e-13
Complementarity gap  (abs/rel): 2.36e-09/2.15e-09


Barrier finished in 4.76 seconds
Dual variables for problems with quadratic constraints not returned.
