cuOpt version: 26.10.0, git hash: 648f805d, host arch: x86_64, device archs: 80-real
CPU: AMD EPYC 7642 48-Core Processor, threads: 5C/5T, RAM usage: 37.48/503.74GiB
CPU SIMD target: AVX2
CUDA 12.9, device: NVIDIA A100 80GB PCIe (ID 0), VRAM: 79.44 GiB
CUDA device UUID: 68df5cf5-71f9-6a93-b428-460c080ffb10
Problem has 1 quadratic constraints. Converting to second-order cones and solving with barrier.
Handling 50 free variables directly in augmented system
Presolved problem: 5103 constraints 10102 variables 265152 nonzeros
Skipping Ruiz equilibration (row norm ratio 1.4, column norm ratio 1.4 < 5e4, Q coeff ratio 1.0 < 100)
Barrier solver started at 0.030 seconds
Barrier solver: 5103 constraints, 10102 variables, 265152 nonzeros


Second-order cones          : 1
Free variables              : 50
Upper bounds                : 5000
Linear system               : augmented
cuDSS Version               : 0.7.1
cuDSS Threading layer       : libcudss_mtlayer_gomp.so.0
Reordering time             : 0.059s
Symbolic factorization time : 0.024s
Symbolic nonzeros in factor : 2.79e+05
Elapsed time for augmented  : 0.119 seconds
Elapsed time           : 0.119 seconds
Barrier setup complete at 0.119 seconds
Adaptive regularization enabled


                  Objective                         Infeasibility        Time
Iter   Primal              Dual                Primal   Dual    Compl.   Elapsed
  0   -3.702509737108e+02 -3.710937010099e+02 3.71e+03 1.91e+00 1.19e-02 0.120
  1   -4.751265496801e-01 -3.472793760466e+02 3.37e+00 2.99e-01 2.04e-01 0.124
  2   -6.514534489183e-02 -4.835694735710e+00 3.31e-02 3.32e-03 2.61e-03 0.128
  3   -6.240694917577e-02 -2.183161811481e-01 1.05e-03 1.06e-04 6.09e-05 0.132
  4   -6.280918688759e-02 -2.186956737624e-01 1.05e-03 1.05e-04 4.86e-05 0.136
  5   -6.276445301618e-02 -2.186501048906e-01 1.05e-03 1.05e-04 5.15e-05 0.140
  6   -6.378250869406e-02 -2.189188949489e-01 1.02e-03 1.02e-04 6.11e-05 0.144
  7   -6.378321767628e-02 -2.189141493928e-01 1.02e-03 1.02e-04 6.11e-05 0.150
  8   -6.426814798112e-02 -2.191084894060e-01 9.66e-04 9.70e-05 1.62e-04 0.154
  9   -7.501155318935e-02 -1.922037504482e-01 5.93e-04 5.95e-05 1.70e-04 0.158
 10   -7.475228112298e-02 -1.914417101030e-01 5.74e-04 5.76e-05 1.96e-04 0.163
 11   -7.785731531307e-02 -1.636825708157e-01 1.33e-04 1.33e-05 2.29e-04 0.168
 12   -7.774727811880e-02 -1.633721863475e-01 1.29e-04 1.30e-05 2.25e-04 0.173
 13   -8.175292292805e-02 -1.478399187076e-01 8.48e-05 8.51e-06 2.01e-04 0.177
 14   -8.180968144736e-02 -1.478941685031e-01 8.47e-05 8.50e-06 2.01e-04 0.184
 15   -8.169766167870e-02 -1.436043954514e-01 5.14e-05 5.16e-06 1.75e-04 0.188
 16   -8.551958375529e-02 -1.327788631734e-01 3.79e-05 3.81e-06 1.53e-04 0.192
 17   -8.524473163388e-02 -1.325016022292e-01 3.78e-05 3.79e-06 1.72e-04 0.197
 18   -8.539020703632e-02 -1.326217802634e-01 3.75e-05 3.76e-06 1.91e-04 0.204
 19   -8.615860229836e-02 -1.257105211205e-01 1.35e-05 1.36e-06 1.18e-04 0.208
 20   -8.610730956938e-02 -1.255711456540e-01 1.33e-05 1.33e-06 1.33e-04 0.214
 21   -8.703466597818e-02 -1.232002543949e-01 1.08e-05 1.09e-06 1.11e-04 0.218
 22   -8.706692492062e-02 -1.232310173572e-01 1.08e-05 1.08e-06 1.14e-04 0.225
 23   -8.709121836891e-02 -1.223352482712e-01 8.98e-06 9.01e-07 1.32e-04 0.230
 24   -8.707005376362e-02 -1.222879385835e-01 8.93e-06 8.96e-07 1.36e-04 0.236
 25   -8.707731699690e-02 -1.217753538948e-01 8.02e-06 8.05e-07 1.55e-04 0.240
 26   -8.709531164512e-02 -1.217579095837e-01 7.97e-06 8.00e-07 1.58e-04 0.246
 27   -8.724116007193e-02 -1.209731146931e-01 6.88e-06 6.90e-07 1.67e-04 0.250
 28   -8.723747928149e-02 -1.209353885451e-01 6.83e-06 6.86e-07 1.71e-04 0.256
 29   -8.740282034841e-02 -1.201848576204e-01 5.94e-06 5.97e-07 1.78e-04 0.260
 30   -8.741317254495e-02 -1.201559110552e-01 5.91e-06 5.93e-07 1.82e-04 0.266
 31   -8.763230618419e-02 -1.193544585756e-01 5.10e-06 5.12e-07 1.84e-04 0.270
 32   -8.763832059495e-02 -1.193235469749e-01 5.07e-06 5.09e-07 1.88e-04 0.277
 33   -8.788872198361e-02 -1.185072700153e-01 4.37e-06 4.39e-07 1.88e-04 0.281
 34   -8.789144719043e-02 -1.184748352996e-01 4.34e-06 4.36e-07 1.92e-04 0.287
 35   -8.814727851369e-02 -1.176983034759e-01 3.76e-06 3.78e-07 1.90e-04 0.291
 36   -8.815789918136e-02 -1.176726566963e-01 3.74e-06 3.75e-07 1.93e-04 0.297
 37   -8.845847822104e-02 -1.168483118069e-01 3.22e-06 3.23e-07 1.89e-04 0.301
 38   -8.845592513624e-02 -1.168149337903e-01 3.20e-06 3.21e-07 1.92e-04 0.307
 39   -8.873145908459e-02 -1.160750655938e-01 2.78e-06 2.79e-07 1.88e-04 0.311
 40   -8.874365416445e-02 -1.160535843534e-01 2.76e-06 2.77e-07 1.91e-04 0.318
 41   -8.907630347588e-02 -1.152432009007e-01 2.38e-06 2.39e-07 1.83e-04 0.322
 42   -8.907038591505e-02 -1.152105121142e-01 2.36e-06 2.37e-07 1.86e-04 0.328
 43   -8.935572077670e-02 -1.145115414505e-01 2.06e-06 2.07e-07 1.80e-04 0.333
 44   -8.936769700683e-02 -1.144935244651e-01 2.05e-06 2.05e-07 1.83e-04 0.339
 45   -8.972106950538e-02 -1.137080646678e-01 1.76e-06 1.77e-07 1.74e-04 0.344
 46   -8.971314795718e-02 -1.136769270065e-01 1.75e-06 1.76e-07 1.77e-04 0.352
 47   -9.000136958276e-02 -1.130210583549e-01 1.53e-06 1.54e-07 1.71e-04 0.357
 48   -9.001246299567e-02 -1.130055019275e-01 1.52e-06 1.53e-07 1.73e-04 0.364
 49   -9.037706042499e-02 -1.122535649653e-01 1.32e-06 1.32e-07 1.64e-04 0.369
 50   -9.036812231250e-02 -1.122243764641e-01 1.31e-06 1.31e-07 1.67e-04 0.375
 51   -9.065348639599e-02 -1.116137662062e-01 1.15e-06 1.15e-07 1.60e-04 0.380
 52   -9.066349402385e-02 -1.115999368686e-01 1.14e-06 1.14e-07 1.62e-04 0.386
 53   -9.102937534782e-02 -1.108908720218e-01 9.88e-07 9.92e-08 1.53e-04 0.391
 54   -9.102013685990e-02 -1.108637750625e-01 9.82e-07 9.86e-08 1.56e-04 0.397
 55   -9.129740028542e-02 -1.103009060691e-01 8.64e-07 8.67e-08 1.49e-04 0.402
 56   -9.130626466084e-02 -1.102884572254e-01 8.58e-07 8.62e-08 1.51e-04 0.408
 57   -9.166296699815e-02 -1.096319929403e-01 7.47e-07 7.50e-08 1.43e-04 0.412
 58   -9.165393838944e-02 -1.096070078664e-01 7.42e-07 7.45e-08 1.45e-04 0.419
 59   -9.191836896381e-02 -1.090941432017e-01 6.54e-07 6.57e-08 1.38e-04 0.424
 60   -9.192619368136e-02 -1.090827955172e-01 6.50e-07 6.53e-08 1.40e-04 0.430
 61   -9.226396964855e-02 -1.084870947133e-01 5.68e-07 5.71e-08 1.32e-04 0.435
 62   -9.225551716259e-02 -1.084642060650e-01 5.65e-07 5.67e-08 1.34e-04 0.442
 63   -9.250310876686e-02 -1.080027270823e-01 5.00e-07 5.01e-08 1.28e-04 0.447
 64   -9.251006271671e-02 -1.079922913222e-01 4.97e-07 4.98e-08 1.30e-04 0.454
 65   -9.282110811782e-02 -1.074624389687e-01 4.36e-07 4.38e-08 1.23e-04 0.459
 66   -9.281347954263e-02 -1.074416163485e-01 4.33e-07 4.35e-08 1.24e-04 0.465
 67   -9.304128540994e-02 -1.070314240165e-01 3.85e-07 3.86e-08 1.18e-04 0.470
 68   -9.304755042357e-02 -1.070218106980e-01 3.82e-07 3.84e-08 1.20e-04 0.476
 69   -9.332716405182e-02 -1.065586281859e-01 3.38e-07 3.39e-08 1.13e-04 0.481
 70   -9.332050156498e-02 -1.065398162938e-01 3.36e-07 3.37e-08 1.15e-04 0.487
 71   -9.352724927377e-02 -1.061785525861e-01 2.99e-07 3.00e-08 1.09e-04 0.492
 72   -9.353299301985e-02 -1.061697267794e-01 2.97e-07 2.98e-08 1.11e-04 0.499
 73   -9.378039637162e-02 -1.057691373186e-01 2.64e-07 2.65e-08 1.05e-04 0.503
 74   -9.377474144009e-02 -1.057522382475e-01 2.62e-07 2.63e-08 1.06e-04 0.509
 75   -9.396124521352e-02 -1.054349780105e-01 2.35e-07 2.36e-08 1.01e-04 0.514
 76   -9.396659003628e-02 -1.054269119804e-01 2.33e-07 2.34e-08 1.02e-04 0.520
 77   -9.418453743665e-02 -1.050808872205e-01 2.09e-07 2.09e-08 9.71e-05 0.525
 78   -9.417984091391e-02 -1.050657556129e-01 2.07e-07 2.08e-08 9.83e-05 0.531
 79   -9.434857524293e-02 -1.047858817925e-01 1.86e-07 1.87e-08 9.35e-05 0.536
 80   -9.435358170701e-02 -1.047785279187e-01 1.85e-07 1.86e-08 9.46e-05 0.543
 81   -9.454670929440e-02 -1.044774941180e-01 1.66e-07 1.67e-08 8.97e-05 0.548
 82   -9.454285847088e-02 -1.044639539988e-01 1.65e-07 1.66e-08 9.08e-05 0.553
 83   -9.469689060689e-02 -1.042147331010e-01 1.49e-07 1.49e-08 8.63e-05 0.558
 84   -9.470156670726e-02 -1.042080237940e-01 1.48e-07 1.48e-08 8.73e-05 0.564
 85   -9.487458867807e-02 -1.039431888810e-01 1.33e-07 1.33e-08 8.28e-05 0.569
 86   -9.487144318152e-02 -1.039310601539e-01 1.32e-07 1.33e-08 8.38e-05 0.576
 87   -9.501349513994e-02 -1.037068354473e-01 1.19e-07 1.20e-08 7.95e-05 0.581
 88   -9.501782017661e-02 -1.037006968643e-01 1.19e-07 1.19e-08 8.04e-05 0.587
 89   -9.517451401248e-02 -1.034651774705e-01 1.07e-07 1.07e-08 7.61e-05 0.592
 90   -9.517193472252e-02 -1.034542957080e-01 1.06e-07 1.07e-08 7.70e-05 0.598
 91   -9.530394242089e-02 -1.032509136602e-01 9.62e-08 9.65e-09 7.29e-05 0.603
 92   -9.530788987526e-02 -1.032452791970e-01 9.56e-08 9.59e-09 7.38e-05 0.610
 93   -9.545078486213e-02 -1.030342790418e-01 8.64e-08 8.67e-09 6.97e-05 0.614
 94   -9.544865155196e-02 -1.030245057202e-01 8.58e-08 8.61e-09 7.05e-05 0.621
 95   -9.557157393402e-02 -1.028393865884e-01 7.77e-08 7.80e-09 6.67e-05 0.626
 96   -9.557513059769e-02 -1.028342079524e-01 7.72e-08 7.75e-09 6.74e-05 0.633
 97   -9.570547388091e-02 -1.026448587440e-01 6.99e-08 7.01e-09 6.36e-05 0.638
 98   -9.570369756720e-02 -1.026360860636e-01 6.94e-08 6.97e-09 6.43e-05 0.644
 99   -9.581757162209e-02 -1.024680078309e-01 6.29e-08 6.32e-09 6.07e-05 0.649
100   -9.582075214908e-02 -1.024632594896e-01 6.25e-08 6.28e-09 6.14e-05 0.656
101   -9.593897473704e-02 -1.022939150942e-01 5.67e-08 5.69e-09 5.78e-05 0.660
102   -9.593749998867e-02 -1.022860592187e-01 5.63e-08 5.65e-09 5.85e-05 0.667
103   -9.604208314783e-02 -1.021343046488e-01 5.11e-08 5.13e-09 5.50e-05 0.672
104   -9.604492679320e-02 -1.021299725787e-01 5.08e-08 5.10e-09 5.57e-05 0.678
105   -9.615151106395e-02 -1.019791132870e-01 4.61e-08 4.63e-09 5.23e-05 0.683
106   -9.615030164022e-02 -1.019720973233e-01 4.58e-08 4.60e-09 5.30e-05 0.690
107   -9.624573723550e-02 -1.018356403504e-01 4.16e-08 4.18e-09 4.98e-05 0.694
108   -9.624828938046e-02 -1.018317068132e-01 4.14e-08 4.15e-09 5.04e-05 0.701
109   -9.634413304528e-02 -1.016974841623e-01 3.77e-08 3.78e-09 4.74e-05 0.705
110   -9.634315659743e-02 -1.016912291485e-01 3.74e-08 3.76e-09 4.79e-05 0.712
111   -9.643001256271e-02 -1.015686751844e-01 3.41e-08 3.42e-09 4.50e-05 0.717
112   -9.643231246094e-02 -1.015651149594e-01 3.39e-08 3.40e-09 4.56e-05 0.723
113   -9.651852618876e-02 -1.014455650471e-01 3.09e-08 3.10e-09 4.28e-05 0.731
114   -9.651775041385e-02 -1.014399920773e-01 3.07e-08 3.08e-09 4.33e-05 0.737
115   -9.659676290666e-02 -1.013298619638e-01 2.80e-08 2.81e-09 4.07e-05 0.742
116   -9.659884258902e-02 -1.013266456308e-01 2.78e-08 2.79e-09 4.12e-05 0.748
117   -9.667651904099e-02 -1.012199370548e-01 2.54e-08 2.55e-09 3.87e-05 0.753
118   -9.667591369967e-02 -1.012149712246e-01 2.52e-08 2.53e-09 3.91e-05 0.759
119   -9.674782802050e-02 -1.011158722347e-01 2.31e-08 2.31e-09 3.68e-05 0.763
120   -9.674971448528e-02 -1.011129692205e-01 2.29e-08 2.30e-09 3.72e-05 0.770
121   -9.681985517067e-02 -1.010174706724e-01 2.10e-08 2.10e-09 3.49e-05 0.774
122   -9.681939349468e-02 -1.010130428759e-01 2.08e-08 2.09e-09 3.54e-05 0.781
123   -9.688493027403e-02 -1.009236957384e-01 1.91e-08 1.91e-09 3.32e-05 0.785
124   -9.688664657772e-02 -1.009210757257e-01 1.90e-08 1.90e-09 3.36e-05 0.791
125   -9.695016738647e-02 -1.008353353144e-01 1.74e-08 1.74e-09 3.16e-05 0.795
126   -9.694982590329e-02 -1.008313825977e-01 1.73e-08 1.73e-09 3.20e-05 0.802
127   -9.700967834879e-02 -1.007506136070e-01 1.58e-08 1.59e-09 3.01e-05 0.806
128   -9.701124378216e-02 -1.007482472878e-01 1.57e-08 1.58e-09 3.04e-05 0.813
129   -9.706897698758e-02 -1.006709775950e-01 1.44e-08 1.45e-09 2.86e-05 0.817
130   -9.706873497408e-02 -1.006674432414e-01 1.44e-08 1.44e-09 2.89e-05 0.824
131   -9.712355141334e-02 -1.005941935991e-01 1.32e-08 1.32e-09 2.72e-05 0.828
132   -9.712498182771e-02 -1.005920534073e-01 1.31e-08 1.32e-09 2.75e-05 0.834
133   -9.717766296219e-02 -1.005221349969e-01 1.21e-08 1.21e-09 2.59e-05 0.838
134   -9.717750223217e-02 -1.005189685969e-01 1.20e-08 1.20e-09 2.62e-05 0.845
135   -9.722786247584e-02 -1.004523112187e-01 1.10e-08 1.11e-09 2.47e-05 0.849
136   -9.722917100793e-02 -1.004503719647e-01 1.10e-08 1.10e-09 2.50e-05 0.856
137   -9.727742746852e-02 -1.003868560997e-01 1.01e-08 1.01e-09 2.35e-05 0.860
138   -9.727733240643e-02 -1.003840134369e-01 1.00e-08 1.01e-09 2.38e-05 0.866
139   -9.732373320068e-02 -1.003231601757e-01 9.23e-09 9.27e-10 2.24e-05 0.870
140   -9.732493111349e-02 -1.003213994001e-01 9.18e-09 9.21e-10 2.26e-05 0.877
141   -9.736928278562e-02 -1.002634984313e-01 8.46e-09 8.49e-10 2.13e-05 0.881
142   -9.736924036478e-02 -1.002609410869e-01 8.41e-09 8.44e-10 2.16e-05 0.887
143   -9.741209552455e-02 -1.002052344091e-01 7.75e-09 7.78e-10 2.03e-05 0.891
144   -9.741319287686e-02 -1.002036324117e-01 7.71e-09 7.74e-10 2.06e-05 0.897
145   -9.745406471335e-02 -1.001506980689e-01 7.11e-09 7.14e-10 1.94e-05 0.901
146   -9.745406434315e-02 -1.001483928087e-01 7.07e-09 7.10e-10 1.96e-05 0.908
147   -9.749371546735e-02 -1.000972868115e-01 6.52e-09 6.55e-10 1.84e-05 0.912
148   -9.749472151036e-02 -1.000958264540e-01 6.49e-09 6.51e-10 1.87e-05 0.918
149   -9.753246094681e-02 -1.000473240704e-01 5.99e-09 6.01e-10 1.76e-05 0.922
150   -9.753249417691e-02 -1.000452421613e-01 5.96e-09 5.98e-10 1.78e-05 0.928
151   -9.756922410037e-02 -9.999828174666e-02 5.50e-09 5.52e-10 1.68e-05 0.932
152   -9.757014747292e-02 -9.999694817078e-02 5.47e-09 5.49e-10 1.70e-05 0.939
153   -9.760504081471e-02 -9.995243325259e-02 5.06e-09 5.07e-10 1.60e-05 0.943
154   -9.760510100424e-02 -9.995054981222e-02 5.03e-09 5.05e-10 1.62e-05 0.949
155   -9.763914696924e-02 -9.990735129085e-02 4.65e-09 4.66e-10 1.53e-05 0.953
156   -9.763999578911e-02 -9.990613160025e-02 4.62e-09 4.64e-10 1.55e-05 0.960
157   -9.767228399818e-02 -9.986522816659e-02 4.28e-09 4.29e-10 1.46e-05 0.964
158   -9.767236597903e-02 -9.986352155127e-02 4.25e-09 4.27e-10 1.48e-05 0.970
159   -9.770393390487e-02 -9.982375309171e-02 3.93e-09 3.95e-10 1.39e-05 0.974
160   -9.770471575421e-02 -9.982263600055e-02 3.91e-09 3.93e-10 1.41e-05 0.980
161   -9.773461041764e-02 -9.978501573353e-02 3.62e-09 3.63e-10 1.33e-05 0.984
162   -9.773471013182e-02 -9.978346696936e-02 3.60e-09 3.61e-10 1.35e-05 0.991
163   -9.776398824845e-02 -9.974683068135e-02 3.34e-09 3.35e-10 1.27e-05 0.995
164   -9.776471006956e-02 -9.974580617944e-02 3.32e-09 3.33e-10 1.28e-05 1.001
165   -9.779240590576e-02 -9.971117221296e-02 3.08e-09 3.08e-10 1.21e-05 1.005
166   -9.779252005651e-02 -9.970976453100e-02 3.06e-09 3.07e-10 1.23e-05 1.011
167   -9.781968725371e-02 -9.967598508050e-02 2.84e-09 2.84e-10 1.16e-05 1.015
168   -9.782035524257e-02 -9.967504418562e-02 2.82e-09 2.83e-10 1.17e-05 1.022
169   -9.784603578838e-02 -9.964312297789e-02 2.62e-09 2.62e-10 1.11e-05 1.026
170   -9.784616158301e-02 -9.964184148402e-02 2.60e-09 2.61e-10 1.12e-05 1.032
171   -9.787138912249e-02 -9.961066248061e-02 2.41e-09 2.42e-10 1.06e-05 1.036
172   -9.787200870325e-02 -9.960979709438e-02 2.40e-09 2.41e-10 1.07e-05 1.043
173   -9.789584637920e-02 -9.958033684181e-02 2.23e-09 2.23e-10 1.01e-05 1.047
174   -9.789598139094e-02 -9.957916829518e-02 2.22e-09 2.22e-10 1.03e-05 1.053
175   -9.791943077844e-02 -9.955035318905e-02 2.06e-09 2.06e-10 9.68e-06 1.057
176   -9.792000666439e-02 -9.954955601728e-02 2.05e-09 2.05e-10 9.81e-06 1.063
177   -9.794216078750e-02 -9.952232754778e-02 1.90e-09 1.91e-10 9.27e-06 1.067
178   -9.794230290317e-02 -9.952126019288e-02 1.89e-09 1.90e-10 9.39e-06 1.073
179   -9.796412336569e-02 -9.949459379777e-02 1.76e-09 1.76e-10 8.87e-06 1.077
180   -9.796465966561e-02 -9.949385829402e-02 1.75e-09 1.75e-10 8.99e-06 1.084
181   -9.798527502668e-02 -9.946865551076e-02 1.63e-09 1.63e-10 8.50e-06 1.088
182   -9.798542242624e-02 -9.946767892995e-02 1.62e-09 1.62e-10 8.61e-06 1.094
183   -9.800574977729e-02 -9.944296758032e-02 1.50e-09 1.51e-10 8.14e-06 1.098
184   -9.800625010333e-02 -9.944228788504e-02 1.50e-09 1.50e-10 8.24e-06 1.105
185   -9.802545714384e-02 -9.941892659222e-02 1.39e-09 1.39e-10 7.80e-06 1.109
186   -9.802560828330e-02 -9.941803155817e-02 1.38e-09 1.39e-10 7.90e-06 1.116
187   -9.804456538955e-02 -9.939510165550e-02 1.29e-09 1.29e-10 7.47e-06 1.120
188   -9.804503294125e-02 -9.939447252959e-02 1.28e-09 1.28e-10 7.57e-06 1.127
189   -9.806294906975e-02 -9.937278814708e-02 1.19e-09 1.19e-10 7.16e-06 1.131
190   -9.806310265173e-02 -9.937196648190e-02 1.19e-09 1.19e-10 7.25e-06 1.137
191   -9.808080084349e-02 -9.935066213998e-02 1.10e-09 1.11e-10 6.86e-06 1.141
192   -9.808123846676e-02 -9.935007889556e-02 1.10e-09 1.10e-10 6.95e-06 1.149
193   -9.809796981734e-02 -9.932992381336e-02 1.02e-09 1.02e-10 6.58e-06 1.153
194   -9.809812475486e-02 -9.932916825617e-02 1.02e-09 1.02e-10 6.67e-06 1.160
195   -9.811466543159e-02 -9.930934885457e-02 9.49e-10 9.50e-11 6.32e-06 1.164
196   -9.811507565957e-02 -9.930880728728e-02 9.44e-10 9.44e-11 6.40e-06 1.170
197   -9.813071877714e-02 -9.929004840076e-02 8.80e-10 8.79e-11 6.06e-06 1.174
198   -9.813087415382e-02 -9.928935249402e-02 8.76e-10 8.76e-11 6.14e-06 1.180
199   -9.814635010939e-02 -9.927089063696e-02 8.16e-10 8.16e-11 5.82e-06 1.184
200   -9.814673519230e-02 -9.927038697072e-02 8.12e-10 8.11e-11 5.89e-06 1.191
201   -9.816137823097e-02 -9.925290384009e-02 7.57e-10 7.56e-11 5.58e-06 1.195
202   -9.816153326766e-02 -9.925226183100e-02 7.54e-10 7.53e-11 5.66e-06 1.201
203   -9.817602960198e-02 -9.923504184211e-02 7.02e-10 7.02e-11 5.36e-06 1.205
204   -9.817639153583e-02 -9.923457268008e-02 6.99e-10 6.98e-11 5.43e-06 1.211
205   -9.819011511119e-02 -9.921825613595e-02 6.52e-10 6.51e-11 5.15e-06 1.215
206   -9.819026914036e-02 -9.921766289259e-02 6.49e-10 6.49e-11 5.22e-06 1.222
207   -9.820386387058e-02 -9.920157970279e-02 6.05e-10 6.05e-11 4.94e-06 1.226
208   -9.820420442223e-02 -9.920114199145e-02 6.02e-10 6.02e-11 5.01e-06 1.232
209   -9.821708206086e-02 -9.918589324255e-02 5.62e-10 5.62e-11 4.75e-06 1.236
210   -9.821723450734e-02 -9.918534418797e-02 5.60e-10 5.59e-11 4.81e-06 1.243
211   -9.822999877910e-02 -9.917030272300e-02 5.22e-10 5.22e-11 4.56e-06 1.247
212   -9.823031951664e-02 -9.916989371802e-02 5.20e-10 5.19e-11 4.62e-06 1.253
213   -9.824241795453e-02 -9.915562367139e-02 4.85e-10 4.85e-11 4.39e-06 1.257
214   -9.824256832439e-02 -9.915511472299e-02 4.83e-10 4.82e-11 4.45e-06 1.263
215   -9.825456657096e-02 -9.914102938907e-02 4.51e-10 4.49e-11 4.22e-06 1.267
216   -9.825486889129e-02 -9.914064663117e-02 4.49e-10 4.47e-11 4.27e-06 1.274
217   -9.826624815432e-02 -9.912727549456e-02 4.19e-10 4.18e-11 4.05e-06 1.278
218   -9.826639602907e-02 -9.912680301452e-02 4.17e-10 4.16e-11 4.11e-06 1.286
219   -9.827768601432e-02 -9.911359735191e-02 3.89e-10 3.88e-11 3.90e-06 1.290
220   -9.827797117367e-02 -9.911323864344e-02 3.87e-10 3.86e-11 3.95e-06 1.297
221   -9.828868462275e-02 -9.910069560379e-02 3.62e-10 3.61e-11 3.75e-06 1.301
222   -9.828882965759e-02 -9.910025635501e-02 3.60e-10 3.59e-11 3.80e-06 1.307
223   -9.829946247324e-02 -9.908786278573e-02 3.37e-10 3.35e-11 3.60e-06 1.311
224   -9.829973161599e-02 -9.908752616800e-02 3.35e-10 3.32e-11 3.65e-06 1.317
225   -9.830982617914e-02 -9.907574890015e-02 3.13e-10 3.10e-11 3.47e-06 1.321
226   -9.830996810368e-02 -9.907534000243e-02 3.12e-10 3.09e-11 3.51e-06 1.327
227   -9.831998852946e-02 -9.906369921123e-02 2.91e-10 2.88e-11 3.33e-06 1.331
228   -9.832024271223e-02 -9.906338294305e-02 2.90e-10 2.89e-11 3.38e-06 1.338
229   -9.832975933147e-02 -9.905231692297e-02 2.71e-10 2.70e-11 3.21e-06 1.342
230   -9.832989794993e-02 -9.905193581097e-02 2.69e-10 2.68e-11 3.25e-06 1.348
231   -9.833934513679e-02 -9.904099581555e-02 2.52e-10 2.51e-11 3.08e-06 1.352
232   -9.833958534979e-02 -9.904069834372e-02 2.51e-10 2.49e-11 3.13e-06 1.359
233   -9.834855991734e-02 -9.903029566291e-02 2.34e-10 2.33e-11 2.97e-06 1.363
234   -9.834869510177e-02 -9.902994004499e-02 2.33e-10 2.32e-11 3.01e-06 1.370
235   -9.835760359857e-02 -9.901965492850e-02 2.18e-10 2.17e-11 2.86e-06 1.373
236   -9.835783077475e-02 -9.901937486166e-02 2.17e-10 2.17e-11 2.89e-06 1.380
237   -9.836629527384e-02 -9.900959285176e-02 2.03e-10 2.03e-11 2.75e-06 1.384
238   -9.836642695439e-02 -9.900926066955e-02 2.02e-10 2.01e-11 2.78e-06 1.390
239   -9.837482796675e-02 -9.899958908438e-02 1.89e-10 1.88e-11 2.64e-06 1.394
240   -9.837504298482e-02 -9.899932516573e-02 1.88e-10 1.87e-11 2.68e-06 1.401
241   -9.838302663762e-02 -9.899012503627e-02 1.76e-10 1.75e-11 2.54e-06 1.405
242   -9.838315478856e-02 -9.898981443004e-02 1.75e-10 1.74e-11 2.58e-06 1.413
243   -9.839107716761e-02 -9.898071841789e-02 1.64e-10 1.63e-11 2.45e-06 1.417
244   -9.839128085007e-02 -9.898046950300e-02 1.63e-10 1.62e-11 2.48e-06 1.423
245   -9.839881096000e-02 -9.897181532736e-02 1.52e-10 1.51e-11 2.36e-06 1.427
246   -9.839893558684e-02 -9.897152460693e-02 1.52e-10 1.50e-11 2.39e-06 1.433
247   -9.840640656256e-02 -9.896296870415e-02 1.42e-10 1.41e-11 2.27e-06 1.437
248   -9.840659967315e-02 -9.896273374478e-02 1.41e-10 1.40e-11 2.30e-06 1.443
249   -9.841370209524e-02 -9.895459185852e-02 1.32e-10 1.31e-11 2.18e-06 1.447
250   -9.841382322340e-02 -9.895431948319e-02 1.31e-10 1.30e-11 2.21e-06 1.453
251   -9.842086865665e-02 -9.894627036316e-02 1.23e-10 1.22e-11 2.10e-06 1.457
252   -9.842105190076e-02 -9.894604839475e-02 1.22e-10 1.22e-11 2.13e-06 1.464
253   -9.842775123114e-02 -9.893838710948e-02 1.14e-10 1.14e-11 2.02e-06 1.468
254   -9.842786889800e-02 -9.893813167242e-02 1.14e-10 1.13e-11 2.05e-06 1.474
255   -9.843451340548e-02 -9.893055793115e-02 1.07e-10 1.06e-11 1.95e-06 1.478
256   -9.843468743256e-02 -9.893034806470e-02 1.06e-10 1.05e-11 1.98e-06 1.485
257   -9.844100705257e-02 -9.892313754730e-02 9.92e-11 9.82e-12 1.88e-06 1.489
258   -9.844112130610e-02 -9.892289776061e-02 9.87e-11 9.68e-12 1.90e-06 1.495
259   -9.844738822066e-02 -9.891576989558e-02 9.24e-11 9.06e-12 1.81e-06 1.499
260   -9.844755362828e-02 -9.891557131021e-02 9.19e-11 9.02e-12 1.83e-06 1.505
261   -9.845351567658e-02 -9.890878355477e-02 8.61e-11 8.44e-12 1.74e-06 1.509
262   -9.845362657084e-02 -9.890855823972e-02 8.57e-11 8.38e-12 1.76e-06 1.516
263   -9.845953800694e-02 -9.890184851850e-02 8.02e-11 7.84e-12 1.68e-06 1.520
264   -9.845969534429e-02 -9.890166045687e-02 7.98e-11 7.74e-12 1.70e-06 1.527
265   -9.846532072458e-02 -9.889526922066e-02 7.47e-11 7.24e-12 1.61e-06 1.531
266   -9.846542831897e-02 -9.889505729866e-02 7.43e-11 7.23e-12 1.64e-06 1.537
267   -9.847100511552e-02 -9.888873977233e-02 6.96e-11 6.76e-12 1.56e-06 1.541
268   -9.847115488888e-02 -9.888856153489e-02 6.92e-11 6.84e-12 1.58e-06 1.547
269   -9.847646328636e-02 -9.888254227491e-02 6.48e-11 6.40e-12 1.50e-06 1.551
270   -9.847656764544e-02 -9.888234275674e-02 6.45e-11 6.32e-12 1.52e-06 1.558
271   -9.848182943532e-02 -9.887639314048e-02 6.04e-11 5.91e-12 1.44e-06 1.562
272   -9.848197211105e-02 -9.887622408127e-02 6.01e-11 5.68e-12 1.46e-06 1.569
273   -9.848698206848e-02 -9.887055382929e-02 5.63e-11 5.31e-12 1.39e-06 1.573
274   -9.848708326091e-02 -9.887036580837e-02 5.60e-11 5.22e-12 1.41e-06 1.579
275   -9.849204850452e-02 -9.886476140544e-02 5.24e-11 4.89e-12 1.34e-06 1.583
276   -9.849218451470e-02 -9.886460092591e-02 5.22e-11 4.88e-12 1.36e-06 1.590
277   -9.849691345473e-02 -9.885925822920e-02 4.89e-11 4.57e-12 1.29e-06 1.594
278   -9.849701155130e-02 -9.885908087432e-02 4.86e-11 4.61e-12 1.31e-06 1.601
279   -9.850169757178e-02 -9.885380050462e-02 4.56e-11 4.32e-12 1.24e-06 1.605
280   -9.850182731537e-02 -9.885364805235e-02 4.53e-11 4.15e-12 1.26e-06 1.611
281   -9.850629159051e-02 -9.884861288673e-02 4.25e-11 3.88e-12 1.20e-06 1.615
282   -9.850638666489e-02 -9.884844543523e-02 4.23e-11 3.85e-12 1.21e-06 1.621
283   -9.851080975001e-02 -9.884346929248e-02 3.96e-11 3.60e-12 1.15e-06 1.625
284   -9.851093359771e-02 -9.884332435519e-02 3.94e-11 3.58e-12 1.17e-06 1.631
285   -9.851514856893e-02 -9.883857801042e-02 3.69e-11 3.35e-12 1.11e-06 1.635
286   -9.851524069782e-02 -9.883841976012e-02 3.67e-11 3.31e-12 1.13e-06 1.642
287   -9.851941613562e-02 -9.883372934722e-02 3.44e-11 3.10e-12 1.07e-06 1.646
288   -9.851953442932e-02 -9.883359145250e-02 3.42e-11 3.08e-12 1.09e-06 1.653
289   -9.852351447659e-02 -9.882911649643e-02 3.21e-11 2.88e-12 1.03e-06 1.657
290   -9.852360373737e-02 -9.882896680338e-02 3.19e-11 2.93e-12 1.05e-06 1.663
291   -9.852754585415e-02 -9.882454486707e-02 2.99e-11 2.74e-12 9.95e-07 1.667
292   -9.852765891389e-02 -9.882441357463e-02 2.97e-11 2.93e-12 1.01e-06 1.674
293   -9.853141759454e-02 -9.882019365648e-02 2.79e-11 2.74e-12 9.59e-07 1.678
294   -9.853150406530e-02 -9.882005192812e-02 2.77e-11 2.70e-12 9.72e-07 1.685
295   -9.853522631362e-02 -9.881588234083e-02 2.60e-11 2.53e-12 9.24e-07 1.689
296   -9.853533443712e-02 -9.881575724255e-02 2.58e-11 2.54e-12 9.36e-07 1.696
297   -9.853888444342e-02 -9.881177712062e-02 2.42e-11 2.38e-12 8.91e-07 1.700
298   -9.853896820527e-02 -9.881164281007e-02 2.41e-11 2.50e-12 9.03e-07 1.705
299   -9.854248323125e-02 -9.880771047826e-02 2.26e-11 2.34e-12 8.59e-07 1.709
300   -9.854258669463e-02 -9.880759119572e-02 2.25e-11 2.39e-12 8.70e-07 1.716
301   -9.854593993310e-02 -9.880383663225e-02 2.11e-11 2.23e-12 8.28e-07 1.719
302   -9.854602106200e-02 -9.880370923750e-02 2.09e-11 2.24e-12 8.38e-07 1.726
303   -9.854934069208e-02 -9.880000009993e-02 1.96e-11 2.10e-12 7.98e-07 1.730
304   -9.854943975412e-02 -9.879988628239e-02 1.95e-11 2.39e-12 8.08e-07 1.736
305   -9.855260743383e-02 -9.879634393107e-02 1.83e-11 2.24e-12 7.69e-07 1.740
306   -9.855268601103e-02 -9.879622298686e-02 1.82e-11 2.30e-12 7.79e-07 1.746
307   -9.855582141048e-02 -9.879272382482e-02 1.71e-11 2.16e-12 7.41e-07 1.750
308   -9.855591631317e-02 -9.879261514448e-02 1.70e-11 2.02e-12 7.51e-07 1.757
309   -9.855890892570e-02 -9.878927255944e-02 1.59e-11 1.89e-12 7.14e-07 1.761
310   -9.855898502856e-02 -9.878915763930e-02 1.58e-11 1.81e-12 7.24e-07 1.767
311   -9.856194661470e-02 -9.878585616068e-02 1.48e-11 1.70e-12 6.89e-07 1.771
312   -9.856203758326e-02 -9.878575231388e-02 1.48e-11 1.79e-12 6.98e-07 1.777
313   -9.856486500757e-02 -9.878259782154e-02 1.38e-11 1.67e-12 6.64e-07 1.781
314   -9.856493871543e-02 -9.878248852834e-02 1.38e-11 1.72e-12 6.72e-07 1.787
315   -9.856773633838e-02 -9.877937315639e-02 1.29e-11 1.61e-12 6.40e-07 1.791
316   -9.856782358403e-02 -9.877927385979e-02 1.28e-11 1.73e-12 6.48e-07 1.798
317   -9.857049512120e-02 -9.877629650985e-02 1.20e-11 1.62e-12 6.17e-07 1.801
318   -9.857056651017e-02 -9.877619247933e-02 1.20e-11 1.60e-12 6.25e-07 1.808
319   -9.857320939440e-02 -9.877325240674e-02 1.12e-11 1.51e-12 5.95e-07 1.812
320   -9.857329311547e-02 -9.877315739617e-02 1.12e-11 1.34e-12 6.02e-07 1.818
321   -9.857581747233e-02 -9.877034697056e-02 1.05e-11 1.26e-12 5.73e-07 1.822
322   -9.857588661868e-02 -9.877024786417e-02 1.04e-11 1.15e-12 5.81e-07 1.828
323   -9.857838344235e-02 -9.876747295784e-02 9.76e-12 1.08e-12 5.53e-07 1.832
324   -9.857846382344e-02 -9.876738198823e-02 9.71e-12 1.11e-12 5.60e-07 1.839
325   -9.858084921490e-02 -9.876472887953e-02 9.11e-12 1.04e-12 5.33e-07 1.842
326   -9.858091619462e-02 -9.876463438280e-02 9.06e-12 9.15e-13 5.40e-07 1.850
327   -9.858327514964e-02 -9.876201510900e-02 8.49e-12 8.57e-13 5.14e-07 1.854
328   -9.858335236698e-02 -9.876192794811e-02 8.45e-12 7.80e-13 5.20e-07 1.861
329   -9.858560655286e-02 -9.875942311195e-02 7.92e-12 7.31e-13 4.95e-07 1.865
330   -9.858567143771e-02 -9.875933293627e-02 7.88e-12 6.97e-13 5.01e-07 1.871
331   -9.858790020262e-02 -9.875686038329e-02 7.39e-12 6.52e-13 4.77e-07 1.875
332   -9.858797441888e-02 -9.875677681786e-02 7.35e-12 5.89e-13 4.83e-07 1.881
333   -9.859010467265e-02 -9.875441179966e-02 6.89e-12 5.52e-13 4.60e-07 1.885
334   -9.859016753487e-02 -9.875432567572e-02 6.85e-12 3.99e-13 4.66e-07 1.891
335   -9.859227334470e-02 -9.875199147132e-02 6.43e-12 3.72e-13 4.44e-07 1.895
336   -9.859234471313e-02 -9.875191130144e-02 6.39e-12 5.73e-13 4.49e-07 1.902
337   -9.859435788214e-02 -9.874967816514e-02 6.00e-12 5.36e-13 4.28e-07 1.906
338   -9.859441879323e-02 -9.874959584201e-02 5.96e-12 6.54e-13 4.33e-07 1.912
339   -9.859640848908e-02 -9.874739209306e-02 5.59e-12 6.10e-13 4.12e-07 1.916
340   -9.859647715401e-02 -9.874731513140e-02 5.56e-12 5.47e-13 4.18e-07 1.922
341   -9.859837971908e-02 -9.874520638807e-02 5.22e-12 5.10e-13 3.98e-07 1.926
342   -9.859843874615e-02 -9.874512763593e-02 5.19e-12 2.31e-13 4.03e-07 1.933
343   -9.860031873365e-02 -9.874304696856e-02 4.86e-12 2.17e-13 3.83e-07 1.937
344   -9.860038483335e-02 -9.874297303759e-02 4.84e-12 4.22e-13 3.88e-07 1.944
345   -9.860218288999e-02 -9.874098166195e-02 4.54e-12 3.98e-13 3.70e-07 1.948
346   -9.860224009954e-02 -9.874090626524e-02 4.51e-12 4.56e-13 3.74e-07 1.954
347   -9.860401646450e-02 -9.873894169428e-02 4.23e-12 4.35e-13 3.56e-07 1.958
348   -9.860408012526e-02 -9.873887063190e-02 4.21e-12 5.14e-13 3.61e-07 1.964
349   -9.860577941466e-02 -9.873699002284e-02 3.95e-12 4.80e-13 3.44e-07 1.968
350   -9.860583487249e-02 -9.873691778082e-02 3.93e-12 2.19e-13 3.48e-07 1.975
351   -9.860751333392e-02 -9.873506275672e-02 3.68e-12 1.96e-13 3.31e-07 1.979
352   -9.860757467628e-02 -9.873499440921e-02 3.66e-12 2.26e-13 3.35e-07 1.985
353   -9.860918063502e-02 -9.873321833220e-02 3.43e-12 2.06e-13 3.19e-07 1.989
354   -9.860923440403e-02 -9.873314905908e-02 3.42e-12 5.39e-13 3.23e-07 1.995
355   -9.861082035558e-02 -9.873139741893e-02 3.20e-12 5.09e-13 3.08e-07 1.999
356   -9.861087949458e-02 -9.873133164099e-02 3.19e-12 4.48e-13 3.12e-07 2.005
357   -9.861239724793e-02 -9.872965423225e-02 2.99e-12 4.18e-13 2.97e-07 2.009
358   -9.861244938891e-02 -9.872958775509e-02 2.97e-12 2.92e-13 3.01e-07 2.016
359   -9.861394793799e-02 -9.872793367689e-02 2.79e-12 2.77e-13 2.86e-07 2.019
360   -9.861400498059e-02 -9.872787033384e-02 2.77e-12 5.55e-13 2.90e-07 2.026
361   -9.861543936094e-02 -9.872628607645e-02 2.60e-12 5.15e-13 2.76e-07 2.030
362   -9.861548993373e-02 -9.872622223347e-02 2.58e-12 6.22e-13 2.79e-07 2.037
363   -9.861690588317e-02 -9.872466025299e-02 2.43e-12 5.84e-13 2.66e-07 2.041
364   -9.861696093071e-02 -9.872459921799e-02 2.41e-12 6.57e-13 2.69e-07 2.047
365   -9.861831652655e-02 -9.872310288574e-02 2.26e-12 6.15e-13 2.57e-07 2.051
366   -9.861836558898e-02 -9.872304152694e-02 2.25e-12 7.15e-13 2.60e-07 2.057
367   -9.861970347621e-02 -9.872156649244e-02 2.11e-12 6.74e-13 2.47e-07 2.061
368   -9.861975662219e-02 -9.872150764845e-02 2.10e-12 5.60e-13 2.50e-07 2.067
369   -9.862103773320e-02 -9.872009435254e-02 1.97e-12 5.18e-13 2.39e-07 2.071
370   -9.862108533922e-02 -9.872003533842e-02 1.96e-12 4.27e-13 2.41e-07 2.077
371   -9.862234947090e-02 -9.871864237020e-02 1.84e-12 4.01e-13 2.30e-07 2.081
372   -9.862240080670e-02 -9.871858560470e-02 1.82e-12 3.38e-13 2.33e-07 2.088
373   -9.862361151303e-02 -9.871725071575e-02 1.71e-12 3.18e-13 2.22e-07 2.091
374   -9.862365771614e-02 -9.871719391641e-02 1.70e-12 4.76e-13 2.24e-07 2.098
375   -9.862485212112e-02 -9.871587845665e-02 1.60e-12 4.47e-13 2.14e-07 2.102
376   -9.862490173180e-02 -9.871582366491e-02 1.59e-12 1.99e-13 2.16e-07 2.108
377   -9.862604590447e-02 -9.871456279970e-02 1.49e-12 1.90e-13 2.06e-07 2.112
378   -9.862609075712e-02 -9.871450809257e-02 1.48e-12 1.38e-13 2.09e-07 2.118
379   -9.862721929908e-02 -9.871326577982e-02 1.39e-12 1.27e-13 1.99e-07 2.122
380   -9.862726726431e-02 -9.871321286424e-02 1.38e-12 2.64e-13 2.01e-07 2.130
381   -9.862834851680e-02 -9.871202193649e-02 1.30e-12 2.43e-13 1.92e-07 2.134
382   -9.862839206718e-02 -9.871196920972e-02 1.29e-12 4.94e-13 1.94e-07 2.140
383   -9.862945834417e-02 -9.871079598741e-02 1.21e-12 4.67e-13 1.85e-07 2.144
384   -9.862950473845e-02 -9.871074485724e-02 1.20e-12 3.07e-13 1.87e-07 2.150
385   -9.863052653559e-02 -9.870961995720e-02 1.13e-12 2.88e-13 1.78e-07 2.154
386   -9.863056883103e-02 -9.870956910556e-02 1.12e-12 3.52e-13 1.80e-07 2.162
387   -9.863157625936e-02 -9.870846112850e-02 1.05e-12 3.26e-13 1.72e-07 2.166
388   -9.863162115650e-02 -9.870841169458e-02 1.04e-12 2.26e-13 1.74e-07 2.172
389   -9.863258676353e-02 -9.870734914343e-02 9.81e-13 2.12e-13 1.66e-07 2.176
390   -9.863262785140e-02 -9.870730006646e-02 9.75e-13 1.59e-13 1.67e-07 2.182
391   -9.863357969215e-02 -9.870625367097e-02 9.15e-13 1.52e-13 1.60e-07 2.186
392   -9.863362315720e-02 -9.870620585458e-02 9.09e-13 3.31e-13 1.61e-07 2.193
393   -9.863453563028e-02 -9.870520221311e-02 8.53e-13 3.10e-13 1.54e-07 2.197
394   -9.863457555493e-02 -9.870515481834e-02 8.48e-13 3.84e-13 1.56e-07 2.205
395   -9.863547486575e-02 -9.870416657333e-02 7.96e-13 3.52e-13 1.48e-07 2.208
396   -9.863551696394e-02 -9.870412029634e-02 7.91e-13 5.11e-13 1.50e-07 2.216
397   -9.863637923691e-02 -9.870317226940e-02 7.42e-13 4.89e-13 1.43e-07 2.219
398   -9.863641803890e-02 -9.870312647268e-02 7.37e-13 2.52e-13 1.45e-07 2.226
399   -9.863726768445e-02 -9.870219316722e-02 6.92e-13 2.37e-13 1.38e-07 2.230
400   -9.863730847398e-02 -9.870214836010e-02 6.88e-13 1.53e-13 1.39e-07 2.236
401   -9.863812327263e-02 -9.870125288893e-02 6.46e-13 1.47e-13 1.33e-07 2.240
402   -9.863816099358e-02 -9.870120860880e-02 6.41e-13 5.60e-13 1.34e-07 2.246
403   -9.863896372366e-02 -9.870032716602e-02 6.02e-13 5.16e-13 1.28e-07 2.250
404   -9.863900326344e-02 -9.870028375893e-02 5.98e-13 8.42e-13 1.30e-07 2.257
405   -9.863977323279e-02 -9.869943788137e-02 5.62e-13 7.72e-13 1.24e-07 2.261
406   -9.863980990925e-02 -9.869939504512e-02 5.58e-13 7.35e-13 1.25e-07 2.268
407   -9.864056829146e-02 -9.869856259446e-02 5.24e-13 6.80e-13 1.19e-07 2.272
408   -9.864060663311e-02 -9.869852052647e-02 5.20e-13 7.19e-13 1.20e-07 2.278
409   -9.864133420680e-02 -9.869772151849e-02 4.88e-13 6.82e-13 1.15e-07 2.282
410   -9.864136987811e-02 -9.869768005357e-02 4.85e-13 7.70e-13 1.16e-07 2.288
411   -9.864208636342e-02 -9.869689385905e-02 4.55e-13 7.17e-13 1.11e-07 2.292
412   -9.864212355708e-02 -9.869685307102e-02 4.52e-13 1.21e-12 1.12e-07 2.298
413   -9.864281104515e-02 -9.869609835054e-02 4.25e-13 1.15e-12 1.07e-07 2.302
414   -9.864284574820e-02 -9.869605819044e-02 4.22e-13 1.68e-12 1.08e-07 2.308
415   -9.864352265708e-02 -9.869531566458e-02 3.96e-13 1.58e-12 1.03e-07 2.312
416   -9.864355875035e-02 -9.869527610052e-02 3.93e-13 1.40e-12 1.04e-07 2.319
417   -9.864420838706e-02 -9.869456317406e-02 3.69e-13 1.31e-12 9.92e-08 2.323
418   -9.864424215279e-02 -9.869452426040e-02 3.67e-13 1.57e-12 1.00e-07 2.328
419   -9.864488164085e-02 -9.869382300106e-02 3.44e-13 1.47e-12 9.56e-08 2.332
420   -9.864491668026e-02 -9.869378460703e-02 3.42e-13 1.42e-12 9.66e-08 2.339
421   -9.864553051200e-02 -9.869311119200e-02 3.21e-13 1.35e-12 9.21e-08 2.343
422   -9.864556337406e-02 -9.869307346557e-02 3.19e-13 1.47e-12 9.31e-08 2.349
423   -9.864616753142e-02 -9.869241114739e-02 2.99e-13 1.38e-12 8.88e-08 2.353
424   -9.864620156080e-02 -9.869237387287e-02 2.97e-13 1.06e-12 8.97e-08 2.359
425   -9.864678156476e-02 -9.869173776691e-02 2.79e-13 9.74e-13 8.56e-08 2.363
426   -9.864681355318e-02 -9.869170117589e-02 2.77e-13 9.48e-13 8.65e-08 2.369
427   -9.864738428945e-02 -9.869107567492e-02 2.60e-13 8.80e-13 8.25e-08 2.373
428   -9.864741734399e-02 -9.869103947873e-02 2.58e-13 9.67e-13 8.33e-08 2.379
429   -9.864796536274e-02 -9.869043863070e-02 2.43e-13 9.13e-13 7.95e-08 2.383
430   -9.864799650977e-02 -9.869040312143e-02 2.41e-13 5.42e-13 8.03e-08 2.389
431   -9.864853568112e-02 -9.868981237617e-02 2.26e-13 5.26e-13 7.66e-08 2.393
432   -9.864856780290e-02 -9.868977720922e-02 2.24e-13 3.95e-13 7.74e-08 2.399
433   -9.864908560584e-02 -9.868920965238e-02 2.11e-13 3.82e-13 7.39e-08 2.403
434   -9.864911593459e-02 -9.868917518379e-02 2.09e-13 1.10e-13 7.46e-08 2.409
435   -9.864962527516e-02 -9.868861726928e-02 1.97e-13 1.00e-13 7.12e-08 2.413
436   -9.864965649821e-02 -9.868858309448e-02 1.95e-13 2.98e-13 7.19e-08 2.419
437   -9.865014571053e-02 -9.868804702242e-02 1.83e-13 2.71e-13 6.86e-08 2.423
438   -9.865017525391e-02 -9.868801354400e-02 1.82e-13 1.45e-13 6.93e-08 2.430
439   -9.865065640416e-02 -9.868748664133e-02 1.71e-13 1.30e-13 6.61e-08 2.434
440   -9.865068676077e-02 -9.868745342064e-02 1.69e-13 2.96e-13 6.67e-08 2.441
441   -9.865114895591e-02 -9.868694708718e-02 1.59e-13 2.72e-13 6.37e-08 2.445
442   -9.865117773624e-02 -9.868691456132e-02 1.58e-13 7.28e-13 6.43e-08 2.451
443   -9.865163226824e-02 -9.868641692853e-02 1.48e-13 6.78e-13 6.14e-08 2.455
444   -9.865166179399e-02 -9.868638462181e-02 1.47e-13 9.17e-13 6.19e-08 2.461
445   -9.865209848197e-02 -9.868590635263e-02 1.38e-13 8.44e-13 5.91e-08 2.465
446   -9.865212652269e-02 -9.868587474244e-02 1.37e-13 7.68e-13 5.97e-08 2.471
447   -9.865255585296e-02 -9.868540481021e-02 1.29e-13 7.38e-13 5.70e-08 2.475
448   -9.865258457365e-02 -9.868537338814e-02 1.28e-13 4.81e-13 5.75e-08 2.482
449   -9.865299710791e-02 -9.868492168245e-02 1.20e-13 4.35e-13 5.49e-08 2.486
450   -9.865302443508e-02 -9.868489094843e-02 1.19e-13 2.49e-13 5.54e-08 2.492
451   -9.865342996552e-02 -9.868444716594e-02 1.12e-13 2.31e-13 5.29e-08 2.496
452   -9.865345791410e-02 -9.868441659135e-02 1.11e-13 2.18e-13 5.33e-08 2.502
453   -9.865384762298e-02 -9.868398997848e-02 1.04e-13 1.87e-13 5.09e-08 2.506
454   -9.865387425536e-02 -9.868396008993e-02 1.03e-13 4.95e-13 5.14e-08 2.512
455   -9.865425728270e-02 -9.868354102317e-02 9.73e-14 4.75e-13 4.90e-08 2.516
456   -9.865428448511e-02 -9.868351126712e-02 9.63e-14 6.30e-13 4.95e-08 2.523
457   -9.865465265283e-02 -9.868310832619e-02 9.05e-14 6.00e-13 4.72e-08 2.527
458   -9.865467861318e-02 -9.868307925031e-02 8.97e-14 1.01e-12 4.77e-08 2.532
459   -9.865504033135e-02 -9.868268357928e-02 8.44e-14 9.51e-13 4.55e-08 2.536
460   -9.865506681087e-02 -9.868265461474e-02 8.36e-14 7.44e-13 4.59e-08 2.542
461   -9.865541454008e-02 -9.868227412531e-02 7.86e-14 6.98e-13 4.38e-08 2.546
462   -9.865543984865e-02 -9.868224583162e-02 7.78e-14 1.09e-12 4.42e-08 2.552
463   -9.865578147421e-02 -9.868187221361e-02 7.32e-14 1.04e-12 4.22e-08 2.556
464   -9.865580725455e-02 -9.868184401556e-02 7.25e-14 1.38e-12 4.25e-08 2.562
465   -9.865613567928e-02 -9.868148472426e-02 6.82e-14 1.31e-12 4.06e-08 2.566
466   -9.865616035189e-02 -9.868145718885e-02 6.75e-14 1.18e-12 4.10e-08 2.573
467   -9.865648291680e-02 -9.868110448373e-02 6.35e-14 1.12e-12 3.91e-08 2.576
468   -9.865650802214e-02 -9.868107702410e-02 6.28e-14 9.05e-13 3.94e-08 2.582
469   -9.865681821292e-02 -9.868073774884e-02 5.91e-14 8.38e-13 3.76e-08 2.586
470   -9.865684227637e-02 -9.868071093601e-02 5.86e-14 2.06e-13 3.80e-08 2.592
471   -9.865714687679e-02 -9.868037793550e-02 5.51e-14 2.13e-13 3.62e-08 2.596
472   -9.865717132872e-02 -9.868035119120e-02 5.45e-14 5.98e-13 3.65e-08 2.602
473   -9.865746424654e-02 -9.868003087060e-02 5.12e-14 5.59e-13 3.49e-08 2.606
474   -9.865748770935e-02 -9.868000476563e-02 5.07e-14 5.26e-13 3.52e-08 2.612
475   -9.865777529715e-02 -9.867969041958e-02 4.77e-14 4.83e-13 3.36e-08 2.616
476   -9.865779911634e-02 -9.867966436754e-02 4.73e-14 4.38e-13 3.38e-08 2.623
477   -9.865807569407e-02 -9.867936197215e-02 4.44e-14 4.22e-13 3.23e-08 2.627
478   -9.865809857923e-02 -9.867933654450e-02 4.40e-14 2.02e-13 3.26e-08 2.633
479   -9.865837005861e-02 -9.867903985637e-02 4.13e-14 1.95e-13 3.11e-08 2.636
480   -9.865839326215e-02 -9.867901447751e-02 4.09e-14 5.35e-13 3.13e-08 2.643
481   -9.865865439927e-02 -9.867872901550e-02 3.85e-14 5.10e-13 2.99e-08 2.647
482   -9.865867672121e-02 -9.867870424507e-02 3.81e-14 8.38e-13 3.01e-08 2.652
483   -9.865893300190e-02 -9.867842421303e-02 3.59e-14 7.92e-13 2.88e-08 2.656
484   -9.865895560597e-02 -9.867839948893e-02 3.55e-14 1.93e-13 2.90e-08 2.662
485   -9.865920209186e-02 -9.867813008964e-02 3.33e-14 2.07e-13 2.77e-08 2.666
486   -9.865922386157e-02 -9.867810595998e-02 3.30e-14 4.20e-13 2.79e-08 2.672
487   -9.865946571497e-02 -9.867784173421e-02 3.10e-14 4.05e-13 2.66e-08 2.676
488   -9.865948774758e-02 -9.867781763537e-02 3.06e-14 4.28e-13 2.68e-08 2.682
489   -9.865972040087e-02 -9.867756339737e-02 2.89e-14 3.85e-13 2.56e-08 2.686
490   -9.865974163652e-02 -9.867753988485e-02 2.85e-14 9.43e-14 2.58e-08 2.692
491   -9.865996990115e-02 -9.867729054316e-02 2.69e-14 1.02e-13 2.46e-08 2.696
492   -9.865999137322e-02 -9.867726705660e-02 2.66e-14 2.80e-13 2.48e-08 2.701
493   -9.866021092243e-02 -9.867702717729e-02 2.50e-14 2.36e-13 2.37e-08 2.705
494   -9.866023163213e-02 -9.867700426991e-02 2.46e-14 2.48e-13 2.39e-08 2.712
495   -9.866044695063e-02 -9.867676910442e-02 2.32e-14 2.39e-13 2.28e-08 2.716
496   -9.866046786987e-02 -9.867674622265e-02 2.30e-14 2.34e-13 2.29e-08 2.722
497   -9.866067500450e-02 -9.867651994274e-02 2.15e-14 2.07e-13 2.19e-08 2.726
498   -9.866069520554e-02 -9.867649761884e-02 2.13e-14 1.64e-13 2.20e-08 2.731
499   -9.866089831702e-02 -9.867627581716e-02 2.01e-14 1.54e-13 2.11e-08 2.735
500   -9.866091870910e-02 -9.867625351177e-02 1.98e-14 8.45e-13 2.12e-08 2.742
501   -9.866111412590e-02 -9.867604006509e-02 1.87e-14 7.81e-13 2.02e-08 2.746
502   -9.866113383598e-02 -9.867601830224e-02 1.84e-14 1.22e-12 2.04e-08 2.751
503   -9.866132543187e-02 -9.867580910471e-02 1.74e-14 1.10e-12 1.94e-08 2.755
504   -9.866134530803e-02 -9.867578736293e-02 2.90e-14 8.56e-13 1.96e-08 2.761
505   -9.866152961961e-02 -9.867558607543e-02 2.71e-14 8.23e-13 1.87e-08 2.765
506   -9.866154884225e-02 -9.867556486750e-02 2.65e-14 2.02e-12 1.88e-08 2.771
507   -9.866172944926e-02 -9.867536769454e-02 2.50e-14 1.89e-12 1.80e-08 2.775
508   -9.866174881692e-02 -9.867534650911e-02 2.45e-14 2.00e-12 1.81e-08 2.782
509   -9.866192261439e-02 -9.867515673085e-02 2.29e-14 1.86e-12 1.72e-08 2.786
510   -9.866194136936e-02 -9.867513605434e-02 1.73e-14 1.70e-12 1.73e-08 2.791
511   -9.866211163241e-02 -9.867495019806e-02 1.63e-14 1.58e-12 1.66e-08 2.795
512   -9.866213051526e-02 -9.867492954286e-02 1.28e-14 7.63e-13 1.67e-08 2.800
513   -9.866229435080e-02 -9.867475066699e-02 1.20e-14 7.34e-13 1.59e-08 2.804
514   -9.866231263428e-02 -9.867473052385e-02 1.19e-14 6.80e-13 1.60e-08 2.810
515   -9.866247309178e-02 -9.867455539281e-02 1.11e-14 6.43e-13 1.53e-08 2.816
516   -9.866249149939e-02 -9.867453525713e-02 1.30e-14 6.37e-13 1.54e-08 2.821
517   -9.866264589291e-02 -9.867436671227e-02 1.22e-14 5.68e-13 1.47e-08 2.825
518   -9.866266373153e-02 -9.867434707172e-02 1.02e-14 1.19e-12 1.47e-08 2.831
519   -9.866281496140e-02 -9.867418203213e-02 9.77e-15 1.11e-12 1.41e-08 2.835
520   -9.866283290483e-02 -9.867416240469e-02 9.55e-15 1.21e-12 1.42e-08 2.840
521   -9.866297842929e-02 -9.867400356207e-02 8.88e-15 1.12e-12 1.35e-08 2.844
522   -9.866299582243e-02 -9.867398442319e-02 1.39e-14 1.90e-12 1.36e-08 2.850
523   -9.866313820630e-02 -9.867382905525e-02 1.30e-14 1.80e-12 1.30e-08 2.854
524   -9.866315568546e-02 -9.867380993583e-02 1.80e-14 2.28e-12 1.30e-08 2.859
525   -9.866329269996e-02 -9.867366040023e-02 1.70e-14 2.14e-12 1.24e-08 2.863
526   -9.866330966822e-02 -9.867364173907e-02 2.24e-14 1.57e-12 1.25e-08 2.868
527   -9.866344380614e-02 -9.867349538565e-02 2.10e-14 1.49e-12 1.19e-08 2.872
528   -9.866346084329e-02 -9.867347674985e-02 2.57e-14 3.14e-12 1.20e-08 2.878
529   -9.866358991112e-02 -9.867333590401e-02 2.43e-14 2.97e-12 1.15e-08 2.882
530   -9.866360645769e-02 -9.867331771594e-02 2.94e-14 3.41e-12 1.15e-08 2.888
531   -9.866373274195e-02 -9.867317994634e-02 2.76e-14 3.20e-12 1.10e-08 2.892
532   -9.866374934286e-02 -9.867316178794e-02 3.24e-14 3.77e-12 1.10e-08 2.897
533   -9.866387080658e-02 -9.867302925534e-02 3.06e-14 3.54e-12 1.05e-08 2.901
534   -9.866388693560e-02 -9.867301153464e-02 3.54e-14 3.66e-12 1.06e-08 2.907
535   -9.866400576847e-02 -9.867288190772e-02 3.33e-14 3.41e-12 1.01e-08 2.911
536   -9.866402194481e-02 -9.867286421418e-02 3.75e-14 3.64e-12 1.01e-08 2.916
537   -9.866413625495e-02 -9.867273950103e-02 3.54e-14 3.42e-12 9.68e-09 2.920
538   -9.866415198962e-02 -9.867272222126e-02 4.00e-14 2.77e-12 9.72e-09 2.926
539   -9.866426379454e-02 -9.867260027321e-02 3.76e-14 2.64e-12 9.28e-09 2.930
540   -9.866427955782e-02 -9.867258303183e-02 4.19e-14 4.06e-12 9.31e-09 2.936
541   -9.866438712147e-02 -9.867246569194e-02 3.95e-14 3.84e-12 8.89e-09 2.940
542   -9.866440245592e-02 -9.867244885883e-02 4.71e-14 2.97e-12 8.92e-09 2.945
543   -9.866450762777e-02 -9.867233415690e-02 4.43e-14 2.78e-12 8.52e-09 2.949
544   -9.866452298096e-02 -9.867231736466e-02 4.83e-14 1.61e-12 8.55e-09 2.956
545   -9.866462410465e-02 -9.867220706151e-02 4.55e-14 1.51e-12 8.16e-09 2.960
546   -9.866463904839e-02 -9.867219066364e-02 5.27e-14 1.85e-12 8.18e-09 2.965
547   -9.866473791256e-02 -9.867208285125e-02 4.96e-14 1.72e-12 7.82e-09 2.969
548   -9.866475287108e-02 -9.867206649100e-02 4.17e-14 3.02e-12 7.84e-09 2.974
549   -9.866484791956e-02 -9.867196282514e-02 3.94e-14 2.81e-12 7.49e-09 2.978
550   -9.866486248636e-02 -9.867194684670e-02 4.62e-14 2.95e-12 7.50e-09 2.983
551   -9.866495537693e-02 -9.867184555805e-02 4.35e-14 2.77e-12 7.17e-09 2.987
552   -9.866496993971e-02 -9.867182963125e-02 3.60e-14 2.89e-12 7.18e-09 2.993
553   -9.866505928208e-02 -9.867173219854e-02 3.40e-14 2.72e-12 6.86e-09 2.997
554   -9.866507346991e-02 -9.867171664110e-02 4.06e-14 2.45e-12 6.87e-09 3.002
555   -9.866516072770e-02 -9.867162150302e-02 3.82e-14 2.31e-12 6.57e-09 3.005
556   -9.866517491038e-02 -9.867160599306e-02 4.16e-14 1.74e-12 6.58e-09 3.011
557   -9.866525880358e-02 -9.867151451167e-02 3.92e-14 1.63e-12 6.28e-09 3.015
558   -9.866527263213e-02 -9.867149935312e-02 4.54e-14 2.47e-12 6.29e-09 3.020
559   -9.866535457211e-02 -9.867141002099e-02 4.27e-14 2.31e-12 6.01e-09 3.024
560   -9.866536837472e-02 -9.867139492716e-02 3.58e-14 1.31e-12 6.02e-09 3.029
561   -9.866544715039e-02 -9.867130903421e-02 3.38e-14 1.24e-12 5.75e-09 3.033
562   -9.866546060967e-02 -9.867129428487e-02 3.97e-14 2.60e-13 5.75e-09 3.038
563   -9.866553751270e-02 -9.867121045117e-02 3.74e-14 3.22e-13 5.50e-09 3.042
564   -9.866555095768e-02 -9.867119574960e-02 4.04e-14 1.92e-12 5.50e-09 3.047
565   -9.866562490458e-02 -9.867111512902e-02 3.81e-14 1.79e-12 5.26e-09 3.051
566   -9.866563801162e-02 -9.867110076970e-02 4.37e-14 2.75e-12 5.26e-09 3.056
567   -9.866571018058e-02 -9.867102210326e-02 4.11e-14 2.58e-12 5.02e-09 3.060
568   -9.866572324484e-02 -9.867100781897e-02 4.42e-14 8.93e-13 5.02e-09 3.066
569   -9.866579262593e-02 -9.867093218279e-02 4.17e-14 8.35e-13 4.80e-09 3.070
570   -9.866580539022e-02 -9.867091820295e-02 4.69e-14 1.77e-13 4.80e-09 3.075
571   -9.866587308183e-02 -9.867084442284e-02 4.41e-14 1.80e-13 4.59e-09 3.079
572   -9.866588581844e-02 -9.867083049741e-02 3.80e-14 1.26e-12 4.58e-09 3.084
573   -9.866595090112e-02 -9.867075955337e-02 3.58e-14 1.21e-12 4.38e-09 3.088
574   -9.866596332462e-02 -9.867074595012e-02 4.08e-14 2.62e-12 4.38e-09 3.094
575   -9.866602678181e-02 -9.867067679072e-02 3.84e-14 2.36e-12 4.18e-09 3.098
576   -9.866603914160e-02 -9.867066327832e-02 3.26e-14 2.95e-12 4.18e-09 3.102
577   -9.866610016422e-02 -9.867059676541e-02 3.07e-14 2.75e-12 3.99e-09 3.106
578   -9.866611222961e-02 -9.867058355759e-02 3.55e-14 2.43e-12 3.99e-09 3.111
579   -9.866617166225e-02 -9.867051878914e-02 3.34e-14 2.31e-12 3.81e-09 3.115
580   -9.866618369524e-02 -9.867050563502e-02 2.79e-14 2.86e-12 3.81e-09 3.120
581   -9.866624082702e-02 -9.867044336803e-02 2.63e-14 2.68e-12 3.64e-09 3.124
582   -9.866625256221e-02 -9.867043052446e-02 2.93e-14 1.73e-12 3.63e-09 3.130
583   -9.866630822563e-02 -9.867036986815e-02 2.76e-14 1.66e-12 3.47e-09 3.134
584   -9.866631991613e-02 -9.867035708951e-02 2.24e-14 2.98e-12 3.46e-09 3.139
585   -9.866637344642e-02 -9.867029875229e-02 2.11e-14 2.87e-12 3.31e-09 3.142
586   -9.866638485619e-02 -9.867028626777e-02 2.56e-14 2.73e-12 3.30e-09 3.148
587   -9.866643695465e-02 -9.867022950024e-02 2.41e-14 2.59e-12 3.16e-09 3.152
588   -9.866644830241e-02 -9.867021709746e-02 2.66e-14 3.41e-12 3.15e-09 3.157
589   -9.866649838806e-02 -9.867016251828e-02 2.51e-14 3.21e-12 3.01e-09 3.161
590   -9.866650946923e-02 -9.867015039581e-02 2.78e-14 2.94e-12 3.00e-09 3.167
591   -9.866655822666e-02 -9.867009727241e-02 2.61e-14 2.81e-12 2.87e-09 3.171
592   -9.866656923951e-02 -9.867008523657e-02 2.14e-14 3.68e-12 2.86e-09 3.176
593   -9.866661601932e-02 -9.867003426351e-02 2.02e-14 3.47e-12 2.73e-09 3.180
594   -9.866662677242e-02 -9.867002250219e-02 2.29e-14 3.28e-12 2.72e-09 3.185
595   -9.866667238328e-02 -9.866997281051e-02 2.15e-14 3.14e-12 2.60e-09 3.189
596   -9.866668306076e-02 -9.866996114231e-02 1.71e-14 5.45e-12 2.59e-09 3.194
597   -9.866672687081e-02 -9.866991340867e-02 1.61e-14 5.16e-12 2.48e-09 3.198
598   -9.866673732080e-02 -9.866990198117e-02 2.00e-14 6.22e-12 2.47e-09 3.203
599   -9.866677993405e-02 -9.866985555830e-02 1.88e-14 5.77e-12 2.36e-09 3.207
600   -9.866679030147e-02 -9.866984423006e-02 2.10e-14 5.82e-12 2.35e-09 3.212
601   -9.866683124617e-02 -9.866979962150e-02 1.98e-14 5.47e-12 2.25e-09 3.216
602   -9.866684136210e-02 -9.866978856136e-02 2.34e-14 6.11e-12 2.24e-09 3.221
603   -9.866688118069e-02 -9.866974518571e-02 2.20e-14 5.69e-12 2.14e-09 3.225
604   -9.866689121919e-02 -9.866973421786e-02 1.79e-14 6.03e-12 2.13e-09 3.230
605   -9.866692941513e-02 -9.866969260675e-02 1.69e-14 5.63e-12 2.03e-09 3.234
606   -9.866693923236e-02 -9.866968187501e-02 2.03e-14 5.14e-12 2.02e-09 3.239
607   -9.866697645108e-02 -9.866964133404e-02 1.91e-14 4.88e-12 1.93e-09 3.243
608   -9.866698616137e-02 -9.866963072575e-02 1.53e-14 4.49e-12 1.92e-09 3.248
609   -9.866702179374e-02 -9.866959190994e-02 1.44e-14 4.20e-12 1.84e-09 3.252
610   -9.866703128389e-02 -9.866958153752e-02 1.77e-14 5.46e-12 1.83e-09 3.257
611   -9.866706599449e-02 -9.866954373076e-02 1.67e-14 5.16e-12 1.75e-09 3.261
612   -9.866707538667e-02 -9.866953347101e-02 1.30e-14 6.22e-12 1.74e-09 3.266
613   -9.866710863279e-02 -9.866949725692e-02 1.23e-14 5.85e-12 1.66e-09 3.270
614   -9.866711781443e-02 -9.866948722336e-02 1.54e-14 4.72e-12 1.65e-09 3.274
615   -9.866715018020e-02 -9.866945197258e-02 1.45e-14 4.44e-12 1.58e-09 3.278
616   -9.866715927737e-02 -9.866944203627e-02 1.65e-14 4.08e-12 1.57e-09 3.284
617   -9.866719034268e-02 -9.866940819977e-02 1.55e-14 3.77e-12 1.50e-09 3.288
618   -9.866719921060e-02 -9.866939851056e-02 1.84e-14 3.47e-12 1.49e-09 3.293
619   -9.866722932361e-02 -9.866936571511e-02 1.73e-14 3.24e-12 1.42e-09 3.297
620   -9.866723807156e-02 -9.866935616106e-02 1.40e-14 2.13e-12 1.41e-09 3.302
621   -9.866726699130e-02 -9.866932466332e-02 1.32e-14 2.02e-12 1.35e-09 3.306
622   -9.866727552606e-02 -9.866931533952e-02 1.60e-14 1.33e-12 1.34e-09 3.310
623   -9.866730364754e-02 -9.866928471464e-02 1.50e-14 1.21e-12 1.28e-09 3.315
624   -9.866731213201e-02 -9.866927544940e-02 1.19e-14 3.47e-12 1.27e-09 3.319
625   -9.866733902307e-02 -9.866924616280e-02 1.12e-14 3.35e-12 1.21e-09 3.323
626   -9.866734726775e-02 -9.866923715712e-02 1.31e-14 3.90e-12 1.20e-09 3.329
627   -9.866737340498e-02 -9.866920869462e-02 1.24e-14 3.65e-12 1.15e-09 3.333
628   -9.866738154278e-02 -9.866919980895e-02 1.40e-14 8.20e-13 1.14e-09 3.338
629   -9.866740654487e-02 -9.866917258104e-02 1.32e-14 7.23e-13 1.09e-09 3.342
630   -9.866741450933e-02 -9.866916388265e-02 1.55e-14 9.51e-14 1.08e-09 3.347
631   -9.866743880622e-02 -9.866913742556e-02 1.46e-14 1.03e-13 1.03e-09 3.351
632   -9.866744664551e-02 -9.866912886664e-02 1.61e-14 2.40e-12 1.02e-09 3.356
633   -9.866746997985e-02 -9.866910345636e-02 1.52e-14 2.29e-12 9.77e-10 3.360
634   -9.866747762064e-02 -9.866909511264e-02 1.67e-14 1.38e-12 9.67e-10 3.366
635   -9.866750032142e-02 -9.866907039474e-02 1.57e-14 1.24e-12 9.24e-10 3.370
636   -9.866750782880e-02 -9.866906219907e-02 1.70e-14 8.68e-13 9.15e-10 3.376
637   -9.866752938849e-02 -9.866903872234e-02 1.61e-14 8.04e-13 8.75e-10 3.380
638   -9.866753671812e-02 -9.866903072003e-02 3.99e-14 5.07e-12 8.66e-10 3.385
639   -9.866755778117e-02 -9.866900778636e-02 3.76e-14 4.75e-12 8.27e-10 3.389
640   -9.866756500040e-02 -9.866899990615e-02 3.82e-14 1.48e-12 8.18e-10 3.394
641   -9.866758516699e-02 -9.866897794749e-02 3.59e-14 1.41e-12 7.82e-10 3.398
642   -9.866759216960e-02 -9.866897030314e-02 5.75e-14 1.07e-12 7.73e-10 3.403
643   -9.866761160819e-02 -9.866894913896e-02 5.41e-14 1.07e-12 7.39e-10 3.407
644   -9.866761854396e-02 -9.866894156880e-02 5.05e-14 4.11e-13 7.31e-10 3.412
645   -9.866763712906e-02 -9.866892133303e-02 4.75e-14 4.34e-13 6.98e-10 3.416
646   -9.866764384121e-02 -9.866891400666e-02 6.74e-14 1.92e-12 6.90e-10 3.420
647   -9.866766198331e-02 -9.866889425494e-02 6.33e-14 1.88e-12 6.59e-10 3.424
648   -9.866766860017e-02 -9.866888703355e-02 5.96e-14 2.64e-12 6.51e-10 3.429
649   -9.866768587263e-02 -9.866886822778e-02 5.61e-14 2.58e-12 6.23e-10 3.433
650   -9.866769230106e-02 -9.866886121140e-02 5.65e-14 2.07e-12 6.15e-10 3.438
651   -9.866770914992e-02 -9.866884286839e-02 5.31e-14 1.92e-12 5.87e-10 3.442
652   -9.866771544766e-02 -9.866883599602e-02 5.29e-14 4.31e-12 5.80e-10 3.447
653   -9.866773145283e-02 -9.866881857073e-02 4.97e-14 3.91e-12 5.54e-10 3.451
654   -9.866773756612e-02 -9.866881189902e-02 4.97e-14 1.62e-12 5.47e-10 3.456
655   -9.866775309603e-02 -9.866879499249e-02 4.68e-14 1.63e-12 5.22e-10 3.460
656   -9.866775911600e-02 -9.866878842381e-02 4.37e-14 4.06e-12 5.15e-10 3.465
657   -9.866777394711e-02 -9.866877227740e-02 4.11e-14 3.84e-12 4.92e-10 3.469
658   -9.866777970922e-02 -9.866876598966e-02 4.16e-14 3.44e-12 4.86e-10 3.474
659   -9.866779405254e-02 -9.866875037542e-02 3.91e-14 3.00e-12 4.64e-10 3.478
660   -9.866779972426e-02 -9.866874418735e-02 3.64e-14 6.21e-14 4.57e-10 3.483
661   -9.866781346173e-02 -9.866872923206e-02 3.42e-14 1.90e-13 4.37e-10 3.487
662   -9.866781898640e-02 -9.866872320452e-02 4.95e-14 2.83e-12 4.31e-10 3.492
663   -9.866783235220e-02 -9.866870865488e-02 4.65e-14 2.77e-12 4.11e-10 3.496
664   -9.866783774672e-02 -9.866870276981e-02 4.35e-14 3.51e-12 4.05e-10 3.500
665   -9.866785041032e-02 -9.866868898400e-02 4.09e-14 3.27e-12 3.87e-10 3.504
666   -9.866785560307e-02 -9.866868331915e-02 5.52e-14 5.20e-12 3.81e-10 3.509
667   -9.866786793851e-02 -9.866866989148e-02 5.19e-14 4.89e-12 3.64e-10 3.513
668   -9.866787298962e-02 -9.866866438147e-02 4.88e-14 4.95e-12 3.58e-10 3.518
669   -9.866788481785e-02 -9.866865150543e-02 4.59e-14 4.68e-12 3.42e-10 3.521
670   -9.866788974917e-02 -9.866864612604e-02 4.59e-14 1.17e-11 3.37e-10 3.526
671   -9.866790117949e-02 -9.866863368392e-02 4.31e-14 1.06e-11 3.21e-10 3.530
672   -9.866790596187e-02 -9.866862846756e-02 4.28e-14 7.93e-12 3.16e-10 3.536
673   -9.866791673224e-02 -9.866861674338e-02 4.02e-14 7.27e-12 3.02e-10 3.540
674   -9.866792135559e-02 -9.866861170071e-02 5.27e-14 1.35e-12 2.97e-10 3.545
675   -9.866793185430e-02 -9.866860027293e-02 4.95e-14 1.31e-12 2.83e-10 3.549
676   -9.866793630953e-02 -9.866859541378e-02 4.67e-14 3.05e-12 2.79e-10 3.554
677   -9.866794636256e-02 -9.866858447075e-02 4.38e-14 3.00e-12 2.66e-10 3.558
678   -9.866795065906e-02 -9.866857978501e-02 5.55e-14 1.10e-13 2.62e-10 3.562
679   -9.866796023409e-02 -9.866856936278e-02 5.21e-14 3.42e-13 2.50e-10 3.566
680   -9.866796434158e-02 -9.866856488328e-02 4.92e-14 6.02e-12 2.46e-10 3.571
681   -9.866797346756e-02 -9.866855494952e-02 4.62e-14 5.86e-12 2.34e-10 3.575
682   -9.866797751881e-02 -9.866855053135e-02 4.56e-14 9.94e-13 2.30e-10 3.580
683   -9.866798650951e-02 -9.866854074539e-02 4.28e-14 7.18e-13 2.20e-10 3.584
684   -9.866799031452e-02 -9.866853659608e-02 4.22e-14 4.46e-12 2.16e-10 3.589
685   -9.866799887929e-02 -9.866852727340e-02 3.96e-14 4.03e-12 2.06e-10 3.593
686   -9.866800260966e-02 -9.866852320579e-02 5.00e-14 7.95e-12 2.02e-10 3.598
687   -9.866801075685e-02 -9.866851433796e-02 4.69e-14 7.48e-12 1.93e-10 3.602
688   -9.866801437602e-02 -9.866851039161e-02 4.61e-14 8.45e-12 1.89e-10 3.607
689   -9.866802215928e-02 -9.866850191973e-02 4.32e-14 7.85e-12 1.81e-10 3.611
690   -9.866802558609e-02 -9.866849818353e-02 5.33e-14 1.87e-12 1.77e-10 3.616
691   -9.866803314844e-02 -9.866848995238e-02 5.00e-14 1.77e-12 1.69e-10 3.620
692   -9.866803652122e-02 -9.866848627492e-02 4.74e-14 5.08e-12 1.66e-10 3.624
693   -9.866804369220e-02 -9.866847846958e-02 4.44e-14 4.63e-12 1.58e-10 3.628
694   -9.866804684240e-02 -9.866847503481e-02 4.39e-14 6.12e-12 1.55e-10 3.633
695   -9.866805377202e-02 -9.866846749246e-02 4.12e-14 5.87e-12 1.48e-10 3.637
696   -9.866805681591e-02 -9.866846417383e-02 3.89e-14 1.74e-11 1.45e-10 3.642
697   -9.866806325082e-02 -9.866845716971e-02 3.65e-14 1.66e-11 1.39e-10 3.646
698   -9.866806618868e-02 -9.866845396703e-02 4.62e-14 1.40e-11 1.36e-10 3.650
699   -9.866807249883e-02 -9.866844709898e-02 4.33e-14 1.35e-11 1.30e-10 3.654
700   -9.866807528779e-02 -9.866844405850e-02 4.10e-14 1.11e-11 1.27e-10 3.659
701   -9.866808137559e-02 -9.866843743229e-02 3.84e-14 1.03e-11 1.21e-10 3.663
702   -9.866808400816e-02 -9.866843456226e-02 3.80e-14 4.82e-12 1.19e-10 3.668
703   -9.866808976105e-02 -9.866842830073e-02 3.56e-14 4.58e-12 1.13e-10 3.672
704   -9.866809234824e-02 -9.866842548033e-02 3.36e-14 8.89e-12 1.11e-10 3.677
705   -9.866809778957e-02 -9.866841955779e-02 3.15e-14 8.06e-12 1.06e-10 3.681
706   -9.866810015943e-02 -9.866841697459e-02 4.11e-14 1.54e-12 1.04e-10 3.685
707   -9.866810543072e-02 -9.866841123729e-02 3.85e-14 2.20e-12 9.89e-11 3.689
708   -9.866810772514e-02 -9.866840873616e-02 3.64e-14 4.98e-12 9.71e-11 3.694
709   -9.866811275459e-02 -9.866840326193e-02 3.41e-14 4.46e-12 9.24e-11 3.698
710   -9.866811501240e-02 -9.866840080109e-02 4.28e-14 4.39e-13 9.07e-11 3.702
711   -9.866811991411e-02 -9.866839546605e-02 4.01e-14 6.47e-13 8.62e-11 3.706
712   -9.866812204493e-02 -9.866839314347e-02 3.80e-14 1.04e-11 8.46e-11 3.711
713   -9.866812668375e-02 -9.866838809443e-02 3.55e-14 9.88e-12 8.05e-11 3.715
714   -9.866812868618e-02 -9.866838591201e-02 4.40e-14 6.27e-12 7.90e-11 3.719
715   -9.866813312470e-02 -9.866838108109e-02 4.11e-14 5.22e-12 7.51e-11 3.723
716   -9.866813507747e-02 -9.866837895308e-02 5.60e-14 1.65e-12 7.36e-11 3.728
717   -9.866813938615e-02 -9.866837426336e-02 5.23e-14 1.29e-12 6.99e-11 3.732
718   -9.866814119759e-02 -9.866837228927e-02 5.99e-14 3.65e-12 6.86e-11 3.736
719   -9.866814515931e-02 -9.866836797724e-02 5.61e-14 3.45e-12 6.53e-11 3.740
720   -9.866814690200e-02 -9.866836607823e-02 6.99e-14 1.92e-12 6.41e-11 3.745
721   -9.866815081581e-02 -9.866836181827e-02 6.53e-14 1.81e-12 6.08e-11 3.749
722   -9.866815248088e-02 -9.866836000391e-02 7.91e-14 4.96e-12 5.96e-11 3.754
723   -9.866815608641e-02 -9.866835607956e-02 7.41e-14 5.38e-12 5.67e-11 3.758
724   -9.866815759749e-02 -9.866835443294e-02 8.49e-14 3.40e-11 5.56e-11 3.762
725   -9.866816097383e-02 -9.866835075792e-02 7.95e-14 3.18e-11 5.29e-11 3.766
726   -9.866816238858e-02 -9.866834921667e-02 9.98e-14 5.55e-12 5.20e-11 3.770
727   -9.866816571161e-02 -9.866834559972e-02 9.33e-14 4.89e-12 4.94e-11 3.774
728   -9.866816719040e-02 -9.866834398832e-02 1.02e-13 3.49e-12 4.84e-11 3.779
729   -9.866817038335e-02 -9.866834051290e-02 9.56e-14 3.40e-12 4.60e-11 3.783
730   -9.866817167995e-02 -9.866833910038e-02 1.14e-13 4.66e-12 4.52e-11 3.787
731   -9.866817463542e-02 -9.866833588346e-02 1.07e-13 4.31e-12 4.29e-11 3.791
732   -9.866817595393e-02 -9.866833444686e-02 1.15e-13 8.26e-12 4.21e-11 3.796
733   -9.866817887415e-02 -9.866833126826e-02 1.07e-13 7.02e-12 3.99e-11 3.800
734   -9.866818010918e-02 -9.866832992285e-02 1.23e-13 4.51e-12 3.91e-11 3.804
735   -9.866818284576e-02 -9.866832694416e-02 1.15e-13 4.28e-12 3.71e-11 3.808
736   -9.866818392790e-02 -9.866832576507e-02 1.21e-13 1.88e-11 3.65e-11 3.813
737   -9.866818651393e-02 -9.866832295015e-02 1.13e-13 1.78e-11 3.46e-11 3.817
738   -9.866818751284e-02 -9.866832186181e-02 1.21e-13 2.68e-11 3.41e-11 3.821
739   -9.866818999362e-02 -9.866831916149e-02 1.13e-13 2.52e-11 3.23e-11 3.825
740   -9.866819105017e-02 -9.866831801028e-02 1.18e-13 1.75e-11 3.17e-11 3.830
741   -9.866819335233e-02 -9.866831550435e-02 1.10e-13 1.65e-11 3.01e-11 3.834
742   -9.866819428945e-02 -9.866831448352e-02 1.24e-13 9.62e-13 2.95e-11 3.838
743   -9.866819672949e-02 -9.866831182756e-02 1.15e-13 6.18e-13 2.79e-11 3.842
744   -9.866819772468e-02 -9.866831074331e-02 1.20e-13 1.85e-13 2.73e-11 3.846
745   -9.866819982591e-02 -9.866830845607e-02 1.12e-13 4.43e-14 2.59e-11 3.850
746   -9.866820069199e-02 -9.866830751270e-02 1.24e-13 3.74e-12 2.54e-11 3.854
747   -9.866820269128e-02 -9.866830533644e-02 1.16e-13 2.90e-12 2.41e-11 3.858
748   -9.866820352980e-02 -9.866830442285e-02 1.19e-13 9.06e-12 2.37e-11 3.862
749   -9.866820557247e-02 -9.866830219934e-02 1.11e-13 8.42e-12 2.24e-11 3.866
750   -9.866820643287e-02 -9.866830126214e-02 1.21e-13 1.43e-11 2.19e-11 3.870
751   -9.866820843102e-02 -9.866829908713e-02 1.12e-13 1.40e-11 2.07e-11 3.874
752   -9.866820918129e-02 -9.866829826915e-02 9.50e-14 9.38e-12 2.03e-11 3.879
753   -9.866821098192e-02 -9.866829630912e-02 8.84e-14 8.49e-12 1.92e-11 3.883
754   -9.866821170079e-02 -9.866829552592e-02 9.30e-14 9.55e-12 1.88e-11 3.887
755   -9.866821332824e-02 -9.866829375441e-02 8.68e-14 9.37e-12 1.78e-11 3.891
756   -9.866821393127e-02 -9.866829309754e-02 9.07e-14 8.87e-14 1.76e-11 3.896
757   -9.866821541866e-02 -9.866829147839e-02 8.48e-14 5.20e-13 1.67e-11 3.900
758   -9.866821615962e-02 -9.866829067141e-02 9.42e-14 3.17e-11 1.63e-11 3.904
759   -9.866821760429e-02 -9.866828909886e-02 8.79e-14 3.03e-11 1.54e-11 3.908
760   -9.866821807268e-02 -9.866828858806e-02 7.21e-14 3.53e-11 1.52e-11 3.912
761   -9.866821919475e-02 -9.866828736660e-02 6.80e-14 3.38e-11 1.45e-11 3.916
762   -9.866821992819e-02 -9.866828656777e-02 7.56e-14 3.40e-11 1.42e-11 3.920
763   -9.866822135752e-02 -9.866828501219e-02 7.78e-14 1.90e-08 1.34e-11 3.923
764   -9.866822192785e-02 -9.866828439041e-02 6.52e-14 1.82e-08 1.31e-11 3.927
765   -9.866822331596e-02 -9.866828287949e-02 6.05e-14 1.69e-08 1.23e-11 3.931
766   -9.866822391671e-02 -9.866828222520e-02 6.78e-14 1.62e-08 1.20e-11 3.935
767   -9.866822530267e-02 -9.866828071658e-02 6.25e-14 1.50e-08 1.13e-11 3.939
768   -9.866822582853e-02 -9.866828014374e-02 6.49e-14 1.44e-08 1.11e-11 3.944
769   -9.866822682274e-02 -9.866827906151e-02 6.08e-14 1.35e-08 1.05e-11 3.948
770   -9.866822734347e-02 -9.866827849426e-02 6.33e-14 1.30e-08 1.03e-11 3.952
771   -9.866822854714e-02 -9.866827718407e-02 5.85e-14 1.20e-08 9.65e-12 3.956
772   -9.866822905638e-02 -9.866827662895e-02 4.74e-14 1.15e-08 9.40e-12 3.960
773   -9.866822995160e-02 -9.866827565451e-02 4.44e-14 1.08e-08 8.93e-12 3.964
774   -9.866823030829e-02 -9.866827526600e-02 4.72e-14 1.04e-08 8.77e-12 3.968
775   -9.866823125315e-02 -9.866827423749e-02 4.39e-14 9.70e-09 8.29e-12 3.972
776   -9.866823165911e-02 -9.866827379494e-02 3.28e-14 9.39e-09 8.12e-12 3.976
777   -9.866823267647e-02 -9.866827268753e-02 3.02e-14 8.65e-09 7.61e-12 3.981
778   -9.866823313564e-02 -9.866827218762e-02 3.85e-14 8.28e-09 7.36e-12 3.985
779   -9.866823376662e-02 -9.866827150078e-02 3.64e-14 7.82e-09 7.04e-12 3.989
780   -9.866823416500e-02 -9.866827106654e-02 2.78e-14 7.61e-09 6.86e-12 3.992
781   -9.866823508106e-02 -9.866827006946e-02 2.56e-14 7.01e-09 6.42e-12 3.996
782   -9.866823545129e-02 -9.866826966628e-02 3.18e-14 6.83e-09 6.23e-12 4.000
783   -9.866823618788e-02 -9.866826886452e-02 2.96e-14 6.36e-09 5.89e-12 4.004
784   -9.866823662962e-02 -9.866826838315e-02 2.24e-14 6.14e-09 5.69e-12 4.008
785   -9.866823774126e-02 -9.866826717321e-02 2.00e-14 5.51e-09 5.20e-12 4.012
786   -9.866823800479e-02 -9.866826688634e-02 2.78e-14 5.55e-09 5.10e-12 4.016
787   -9.866823849453e-02 -9.866826635319e-02 2.62e-14 5.23e-09 4.87e-12 4.020
788   -9.866823894425e-02 -9.866826586340e-02 2.76e-14 4.83e-09 4.66e-12 4.025
789   -9.866823971118e-02 -9.866826502862e-02 2.53e-14 4.42e-09 4.34e-12 4.029
790   -9.866823990830e-02 -9.866826481409e-02 3.11e-14 4.46e-09 4.25e-12 4.033
791   -9.866824058607e-02 -9.866826407628e-02 2.85e-14 4.08e-09 3.96e-12 4.036
792   -9.866824114140e-02 -9.866826347127e-02 2.18e-14 3.80e-09 3.74e-12 4.040
793   -9.866824191406e-02 -9.866826263026e-02 1.96e-14 3.42e-09 3.43e-12 4.044
794   -9.866824242373e-02 -9.866826207529e-02 2.23e-14 3.23e-09 3.27e-12 4.048
795   -9.866824302514e-02 -9.866826142068e-02 2.02e-14 2.93e-09 3.03e-12 4.052
796   -9.866824333167e-02 -9.866826108664e-02 1.48e-14 2.89e-09 2.93e-12 4.056
797   -9.866824384858e-02 -9.866826052399e-02 1.35e-14 2.64e-09 2.72e-12 4.060
798   -9.866824408204e-02 -9.866826026973e-02 1.48e-14 2.52e-09 2.62e-12 4.065
799   -9.866824458852e-02 -9.866825971844e-02 1.34e-14 2.29e-09 2.42e-12 4.069
800   -9.866824482838e-02 -9.866825945704e-02 9.05e-15 2.20e-09 2.30e-12 4.073
801   -9.866824518452e-02 -9.866825906941e-02 8.38e-15 2.03e-09 2.16e-12 4.077
802   -9.866824538154e-02 -9.866825885488e-02 1.12e-14 1.99e-09 2.10e-12 4.081
803   -9.866824578747e-02 -9.866825841305e-02 1.02e-14 1.81e-09 1.95e-12 4.085
Numerical error in objective
Restoring previous solution


Suboptimal solution found in 804 iterations and 4.09 seconds
Objective -9.86674065e-02
Primal infeasibility (abs/rel): 2.63e-14/1.32e-14
Dual infeasibility   (abs/rel): 7.97e-13/7.23e-13
Complementarity gap  (abs/rel): 1.20e-09/1.09e-09


Barrier finished in 4.09 seconds
Dual variables for problems with quadratic constraints not returned.
