cuOpt version: 26.10.0, git hash: 648f805d, host arch: x86_64, device archs: 80-real
CPU: AMD EPYC 7642 48-Core Processor, threads: 5C/5T, RAM usage: 37.35/503.74GiB
CPU SIMD target: AVX2
CUDA 12.9, device: NVIDIA A100 80GB PCIe (ID 0), VRAM: 79.44 GiB
CUDA device UUID: 68df5cf5-71f9-6a93-b428-460c080ffb10
Problem has 1 quadratic constraints. Converting to second-order cones and solving with barrier.
Handling 50 free variables directly in augmented system
Presolved problem: 5103 constraints 10102 variables 265152 nonzeros
Skipping Ruiz equilibration (row norm ratio 1.4, column norm ratio 1.4 < 5e4, Q coeff ratio 1.0 < 100)
Barrier solver started at 0.025 seconds
Barrier solver: 5103 constraints, 10102 variables, 265152 nonzeros


Second-order cones          : 1
Free variables              : 50
Upper bounds                : 5000
Linear system               : augmented
cuDSS Version               : 0.7.1
cuDSS Threading layer       : libcudss_mtlayer_gomp.so.0
Reordering time             : 0.064s
Symbolic factorization time : 0.023s
Symbolic nonzeros in factor : 2.79e+05
Elapsed time for augmented  : 0.119 seconds
Elapsed time           : 0.119 seconds
Barrier setup complete at 0.119 seconds
Adaptive regularization enabled


                  Objective                         Infeasibility        Time
Iter   Primal              Dual                Primal   Dual    Compl.   Elapsed
  0   -3.702624119443e+02 -3.710387458059e+02 3.71e+03 1.91e+00 1.19e-02 0.120
  1   -4.753787302208e-01 -3.472243787035e+02 3.37e+00 2.99e-01 2.04e-01 0.124
  2   -6.514585833609e-02 -4.824573495103e+00 3.30e-02 3.31e-03 2.60e-03 0.128
  3   -6.241785965765e-02 -2.166179811269e-01 1.04e-03 1.04e-04 6.01e-05 0.132
  4   -6.281180401097e-02 -2.169873824078e-01 1.04e-03 1.04e-04 5.14e-05 0.136
  5   -6.279677453143e-02 -2.169701198990e-01 1.04e-03 1.04e-04 5.24e-05 0.141
  6   -6.356526621801e-02 -2.174423702163e-01 1.01e-03 1.02e-04 5.37e-05 0.145
  7   -6.357028824551e-02 -2.174415406020e-01 1.01e-03 1.02e-04 5.43e-05 0.150
  8   -6.380221930580e-02 -2.175435352595e-01 9.80e-04 9.84e-05 1.68e-04 0.154
  9   -6.669120333381e-02 -2.121284357132e-01 8.63e-04 8.66e-05 2.03e-04 0.159
 10   -8.174347071880e-02 -1.656083188556e-01 2.86e-04 2.87e-05 2.07e-04 0.162
 11   -8.146874069559e-02 -1.649508578158e-01 2.77e-04 2.78e-05 2.00e-04 0.168
 12   -8.439311785581e-02 -1.418714089558e-01 1.13e-04 1.14e-05 1.51e-04 0.173
 13   -8.442062098218e-02 -1.418902209854e-01 1.13e-04 1.14e-05 1.51e-04 0.179
 14   -8.383014200313e-02 -1.406631865255e-01 9.64e-05 9.68e-06 1.42e-04 0.183
 15   -8.380222789052e-02 -1.405440734990e-01 9.53e-05 9.57e-06 1.43e-04 0.188
 16   -8.463056920741e-02 -1.360666546179e-01 7.17e-05 7.19e-06 1.30e-04 0.192
 17   -8.464858004088e-02 -1.360817988997e-01 7.16e-05 7.19e-06 1.30e-04 0.199
 18   -8.437945581912e-02 -1.350339776083e-01 6.13e-05 6.15e-06 1.59e-04 0.203
 19   -8.433856011182e-02 -1.349418908285e-01 6.08e-05 6.11e-06 1.63e-04 0.209
 20   -8.414882420136e-02 -1.338432493465e-01 5.19e-05 5.21e-06 2.08e-04 0.213
 21   -8.420064003491e-02 -1.338342792919e-01 5.15e-05 5.17e-06 2.12e-04 0.219
 22   -8.444173382174e-02 -1.315782462647e-01 3.88e-05 3.90e-06 2.20e-04 0.223
 23   -8.438618535826e-02 -1.314678817257e-01 3.85e-05 3.86e-06 2.25e-04 0.229
 24   -8.435408821347e-02 -1.306537800963e-01 3.41e-05 3.42e-06 2.56e-04 0.233
 25   -8.441993817866e-02 -1.306599135312e-01 3.38e-05 3.39e-06 2.61e-04 0.240
 26   -8.490487687335e-02 -1.286164405905e-01 2.64e-05 2.65e-06 2.50e-04 0.244
 27   -8.484420468074e-02 -1.285056163134e-01 2.61e-05 2.62e-06 2.55e-04 0.251
 28   -8.486457098413e-02 -1.278000580055e-01 2.34e-05 2.34e-06 2.76e-04 0.255
 29   -8.493136216398e-02 -1.278104611702e-01 2.31e-05 2.32e-06 2.80e-04 0.261
 30   -8.550771334715e-02 -1.259540425062e-01 1.85e-05 1.86e-06 2.60e-04 0.265
 31   -8.544843371309e-02 -1.258496265378e-01 1.83e-05 1.84e-06 2.64e-04 0.271
 32   -8.548967666015e-02 -1.252377369795e-01 1.65e-05 1.66e-06 2.78e-04 0.275
 33   -8.555208347201e-02 -1.252487984349e-01 1.64e-05 1.65e-06 2.82e-04 0.282
 34   -8.616345739864e-02 -1.235587306720e-01 1.33e-05 1.34e-06 2.58e-04 0.285
 35   -8.610805825901e-02 -1.234632539606e-01 1.32e-05 1.33e-06 2.63e-04 0.292
 36   -8.615633566631e-02 -1.229331783934e-01 1.20e-05 1.21e-06 2.71e-04 0.296
 37   -8.621270311503e-02 -1.229436969289e-01 1.19e-05 1.20e-06 2.75e-04 0.302
 38   -8.683968559381e-02 -1.213906730237e-01 9.89e-06 9.92e-07 2.51e-04 0.306
 39   -8.678874465631e-02 -1.213043601381e-01 9.80e-06 9.84e-07 2.55e-04 0.312
 40   -8.683724208834e-02 -1.208446891530e-01 8.99e-06 9.03e-07 2.60e-04 0.317
 41   -8.688745384141e-02 -1.208542996213e-01 8.92e-06 8.96e-07 2.63e-04 0.323
 42   -8.752781074378e-02 -1.194052292707e-01 7.50e-06 7.53e-07 2.41e-04 0.326
 43   -8.748104724905e-02 -1.193272730569e-01 7.44e-06 7.47e-07 2.44e-04 0.333
 44   -8.752637398672e-02 -1.189270647473e-01 6.87e-06 6.90e-07 2.46e-04 0.338
 45   -8.757085748910e-02 -1.189356392966e-01 6.82e-06 6.85e-07 2.50e-04 0.344
 46   -8.822565846190e-02 -1.175661661885e-01 5.81e-06 5.84e-07 2.29e-04 0.348
 47   -8.818252296407e-02 -1.174954535919e-01 5.77e-06 5.79e-07 2.32e-04 0.355
 48   -8.822352669300e-02 -1.171439458425e-01 5.35e-06 5.38e-07 2.32e-04 0.360
 49   -8.826285419010e-02 -1.171513977853e-01 5.32e-06 5.34e-07 2.35e-04 0.367
 50   -8.892605535727e-02 -1.158556658440e-01 4.59e-06 4.61e-07 2.17e-04 0.371
 51   -8.888612752879e-02 -1.157911995315e-01 4.56e-06 4.58e-07 2.20e-04 0.377
 52   -8.892352791773e-02 -1.154776203996e-01 4.24e-06 4.26e-07 2.19e-04 0.382
 53   -8.895828462423e-02 -1.154838538394e-01 4.22e-06 4.23e-07 2.21e-04 0.388
 54   -8.961262381775e-02 -1.142751977718e-01 3.68e-06 3.70e-07 2.05e-04 0.392
 55   -8.957582430877e-02 -1.142163074661e-01 3.66e-06 3.67e-07 2.08e-04 0.399
 56   -8.961175281898e-02 -1.139304166973e-01 3.41e-06 3.43e-07 2.06e-04 0.404
 57   -8.964249757666e-02 -1.139353394788e-01 3.39e-06 3.40e-07 2.08e-04 0.410
 58   -9.022497628523e-02 -1.128906026603e-01 2.99e-06 3.00e-07 1.94e-04 0.414
 59   -9.019236332438e-02 -1.128375368228e-01 2.97e-06 2.98e-07 1.97e-04 0.421
 60   -9.022999306330e-02 -1.125712645269e-01 2.77e-06 2.78e-07 1.94e-04 0.426
 61   -9.025737499783e-02 -1.125748691668e-01 2.75e-06 2.76e-07 1.96e-04 0.431
 62   -9.069666218310e-02 -1.117776382648e-01 2.45e-06 2.46e-07 1.84e-04 0.436
 63   -9.066973359118e-02 -1.117310491137e-01 2.43e-06 2.44e-07 1.86e-04 0.443
 64   -9.071181918283e-02 -1.114799081841e-01 2.27e-06 2.27e-07 1.82e-04 0.448
 65   -9.073658531216e-02 -1.114824173820e-01 2.25e-06 2.26e-07 1.85e-04 0.455
 66   -9.108281156729e-02 -1.108510848425e-01 2.01e-06 2.02e-07 1.74e-04 0.459
 67   -9.106062124221e-02 -1.108099413898e-01 2.00e-06 2.01e-07 1.77e-04 0.465
 68   -9.110807954198e-02 -1.105703472628e-01 1.86e-06 1.87e-07 1.73e-04 0.470
 69   -9.113069894906e-02 -1.105720478445e-01 1.85e-06 1.86e-07 1.75e-04 0.477
 70   -9.141525461832e-02 -1.100548046650e-01 1.66e-06 1.67e-07 1.66e-04 0.481
 71   -9.139679941375e-02 -1.100181255365e-01 1.65e-06 1.66e-07 1.68e-04 0.487
 72   -9.145005015809e-02 -1.097874795263e-01 1.54e-06 1.54e-07 1.64e-04 0.492
 73   -9.147086030456e-02 -1.097885509784e-01 1.53e-06 1.53e-07 1.66e-04 0.499
 74   -9.171387710086e-02 -1.093513941982e-01 1.38e-06 1.38e-07 1.58e-04 0.503
 75   -9.169834168465e-02 -1.093183747759e-01 1.37e-06 1.37e-07 1.60e-04 0.510
 76   -9.175793189054e-02 -1.090942434643e-01 1.27e-06 1.28e-07 1.56e-04 0.515
 77   -9.177716854568e-02 -1.090947734897e-01 1.26e-06 1.27e-07 1.58e-04 0.522
 78   -9.199265550525e-02 -1.087135108937e-01 1.15e-06 1.15e-07 1.51e-04 0.526
 79   -9.197940045092e-02 -1.086835171983e-01 1.14e-06 1.14e-07 1.53e-04 0.532
 80   -9.204610690536e-02 -1.084634985842e-01 1.06e-06 1.06e-07 1.49e-04 0.537
 81   -9.206392599600e-02 -1.084635171964e-01 1.05e-06 1.05e-07 1.51e-04 0.543
 82   -9.226250020760e-02 -1.081196521221e-01 9.52e-07 9.56e-08 1.45e-04 0.557
 83   -9.225102091179e-02 -1.080921898427e-01 9.46e-07 9.50e-08 1.47e-04 0.566
 84   -9.232572697346e-02 -1.078740956059e-01 8.76e-07 8.79e-08 1.42e-04 0.571
 85   -9.234222435490e-02 -1.078736002807e-01 8.70e-07 8.73e-08 1.44e-04 0.577
 86   -9.253227580331e-02 -1.075526661124e-01 7.91e-07 7.94e-08 1.38e-04 0.582
 87   -9.252217048636e-02 -1.075273512830e-01 7.85e-07 7.88e-08 1.40e-04 0.587
 88   -9.260561481969e-02 -1.073095190443e-01 7.25e-07 7.28e-08 1.36e-04 0.592
 89   -9.262084480845e-02 -1.073084940419e-01 7.20e-07 7.23e-08 1.37e-04 0.598
 90   -9.280877724688e-02 -1.069997335366e-01 6.55e-07 6.57e-08 1.32e-04 0.603
 91   -9.279972828015e-02 -1.069762714404e-01 6.50e-07 6.53e-08 1.34e-04 0.609
 92   -9.289219115859e-02 -1.067578892509e-01 5.99e-07 6.01e-08 1.29e-04 0.614
 93   -9.290618430491e-02 -1.067563221661e-01 5.95e-07 5.97e-08 1.31e-04 0.620
 94   -9.309629435325e-02 -1.064527400411e-01 5.40e-07 5.42e-08 1.26e-04 0.624
 95   -9.308805864751e-02 -1.064309113280e-01 5.36e-07 5.39e-08 1.27e-04 0.631
 96   -9.318909760386e-02 -1.062122190301e-01 4.92e-07 4.94e-08 1.23e-04 0.636
 97   -9.320187668393e-02 -1.062101145034e-01 4.89e-07 4.91e-08 1.24e-04 0.643
 98   -9.339634047391e-02 -1.059082047561e-01 4.44e-07 4.45e-08 1.19e-04 0.647
 99   -9.338874260643e-02 -1.058878548242e-01 4.41e-07 4.42e-08 1.20e-04 0.654
100   -9.349708526628e-02 -1.056701323582e-01 4.03e-07 4.05e-08 1.16e-04 0.659
101   -9.350867741614e-02 -1.056675212471e-01 4.00e-07 4.02e-08 1.17e-04 0.665
102   -9.370784568226e-02 -1.053665125551e-01 3.63e-07 3.64e-08 1.12e-04 0.669
103   -9.370076930365e-02 -1.053475405835e-01 3.60e-07 3.62e-08 1.13e-04 0.676
104   -9.381439197290e-02 -1.051328995155e-01 3.29e-07 3.30e-08 1.08e-04 0.681
105   -9.382483580330e-02 -1.051298423315e-01 3.27e-07 3.28e-08 1.10e-04 0.687
106   -9.402770963332e-02 -1.048307851003e-01 2.96e-07 2.97e-08 1.04e-04 0.692
107   -9.402108667189e-02 -1.048131318981e-01 2.94e-07 2.95e-08 1.06e-04 0.698
108   -9.413743429607e-02 -1.046041898695e-01 2.67e-07 2.68e-08 1.01e-04 0.703
109   -9.414678254862e-02 -1.046007747513e-01 2.65e-07 2.67e-08 1.02e-04 0.710
110   -9.435146540448e-02 -1.043057969578e-01 2.40e-07 2.41e-08 9.68e-05 0.715
111   -9.434526471060e-02 -1.042894325947e-01 2.38e-07 2.39e-08 9.79e-05 0.721
112   -9.446154766335e-02 -1.040889472957e-01 2.17e-07 2.17e-08 9.31e-05 0.726
113   -9.446986678704e-02 -1.040852836305e-01 2.15e-07 2.16e-08 9.42e-05 0.732
114   -9.467392075378e-02 -1.037970797226e-01 1.94e-07 1.95e-08 8.91e-05 0.736
115   -9.466813739199e-02 -1.037819916226e-01 1.93e-07 1.94e-08 9.01e-05 0.743
116   -9.478164311594e-02 -1.035925154341e-01 1.75e-07 1.76e-08 8.54e-05 0.748
117   -9.478901101990e-02 -1.035887243589e-01 1.74e-07 1.75e-08 8.63e-05 0.754
118   -9.498974219875e-02 -1.033101966126e-01 1.57e-07 1.58e-08 8.14e-05 0.758
119   -9.498438771754e-02 -1.032963782814e-01 1.56e-07 1.57e-08 8.23e-05 0.766
120   -9.509276120264e-02 -1.031199718185e-01 1.41e-07 1.42e-08 7.76e-05 0.771
121   -9.509926389398e-02 -1.031161746614e-01 1.40e-07 1.41e-08 7.85e-05 0.777
122   -9.528136274284e-02 -1.028650627156e-01 1.27e-07 1.27e-08 7.37e-05 0.781
123   -9.527664604584e-02 -1.028526567010e-01 1.26e-07 1.27e-08 7.46e-05 0.788
124   -9.537896932145e-02 -1.026899432966e-01 1.14e-07 1.15e-08 7.01e-05 0.793
125   -9.538471338570e-02 -1.026862682952e-01 1.13e-07 1.14e-08 7.09e-05 0.799
126   -9.554403428066e-02 -1.024669934514e-01 1.03e-07 1.03e-08 6.65e-05 0.804
127   -9.554002109848e-02 -1.024560090530e-01 1.02e-07 1.02e-08 6.72e-05 0.811
128   -9.563591455421e-02 -1.023068869327e-01 9.22e-08 9.26e-09 6.31e-05 0.816
129   -9.564099560732e-02 -1.023034233237e-01 9.16e-08 9.20e-09 6.38e-05 0.822
130   -9.578026933921e-02 -1.021122437640e-01 8.29e-08 8.33e-09 5.97e-05 0.826
131   -9.577690091960e-02 -1.021025745701e-01 8.24e-08 8.27e-09 6.03e-05 0.833
132   -9.586609982513e-02 -1.019666766191e-01 7.47e-08 7.50e-09 5.66e-05 0.838
133   -9.587060026005e-02 -1.019634703031e-01 7.42e-08 7.45e-09 5.72e-05 0.844
134   -9.599255880371e-02 -1.017966144048e-01 6.73e-08 6.75e-09 5.35e-05 0.848
135   -9.598975423383e-02 -1.017881266397e-01 6.69e-08 6.71e-09 5.41e-05 0.855
136   -9.607226629578e-02 -1.016647470949e-01 6.07e-08 6.09e-09 5.06e-05 0.859
137   -9.607626013408e-02 -1.016618148426e-01 6.03e-08 6.05e-09 5.12e-05 0.866
138   -9.618346315691e-02 -1.015157362470e-01 5.48e-08 5.50e-09 4.79e-05 0.870
139   -9.618114026031e-02 -1.015082913313e-01 5.44e-08 5.46e-09 4.84e-05 0.877
140   -9.625725082005e-02 -1.013964362609e-01 4.95e-08 4.97e-09 4.53e-05 0.882
141   -9.626080295526e-02 -1.013937743138e-01 4.92e-08 4.94e-09 4.58e-05 0.889
142   -9.635556264563e-02 -1.012652685688e-01 4.48e-08 4.49e-09 4.29e-05 0.893
143   -9.635364473124e-02 -1.012587336575e-01 4.45e-08 4.47e-09 4.34e-05 0.899
144   -9.642381535019e-02 -1.011572707001e-01 4.05e-08 4.07e-09 4.06e-05 0.904
145   -9.642698124148e-02 -1.011548623790e-01 4.03e-08 4.04e-09 4.10e-05 0.910
146   -9.651127844687e-02 -1.010411759664e-01 3.68e-08 3.69e-09 3.84e-05 0.914
147   -9.650969738104e-02 -1.010354299174e-01 3.65e-08 3.67e-09 3.88e-05 0.921
148   -9.657443712131e-02 -1.009432486167e-01 3.33e-08 3.34e-09 3.64e-05 0.926
149   -9.657726399108e-02 -1.009410712382e-01 3.31e-08 3.32e-09 3.68e-05 0.932
150   -9.665271126853e-02 -1.008399428295e-01 3.03e-08 3.04e-09 3.44e-05 0.936
151   -9.665140894218e-02 -1.008348789162e-01 3.01e-08 3.02e-09 3.48e-05 0.943
152   -9.671119113374e-02 -1.007509847245e-01 2.75e-08 2.76e-09 3.26e-05 0.948
153   -9.671371980260e-02 -1.007490144486e-01 2.73e-08 2.74e-09 3.30e-05 0.955
154   -9.678159197943e-02 -1.006586319937e-01 2.50e-08 2.51e-09 3.09e-05 0.960
155   -9.678052033201e-02 -1.006541580476e-01 2.49e-08 2.50e-09 3.13e-05 0.969
156   -9.683575376192e-02 -1.005776973852e-01 2.28e-08 2.29e-09 2.93e-05 0.975
157   -9.683802018666e-02 -1.005759118023e-01 2.26e-08 2.27e-09 2.96e-05 0.982
158   -9.689931919855e-02 -1.004948286265e-01 2.08e-08 2.08e-09 2.78e-05 0.986
159   -9.689843922757e-02 -1.004908657663e-01 2.06e-08 2.07e-09 2.81e-05 0.993
160   -9.694947272034e-02 -1.004211110285e-01 1.89e-08 1.90e-09 2.64e-05 0.998
161   -9.695150896114e-02 -1.004194901356e-01 1.88e-08 1.89e-09 2.67e-05 1.005
162   -9.700703684624e-02 -1.003465324835e-01 1.73e-08 1.73e-09 2.50e-05 1.009
163   -9.700631711547e-02 -1.003430132958e-01 1.72e-08 1.72e-09 2.53e-05 1.015
164   -9.705346214306e-02 -1.002793280912e-01 1.58e-08 1.58e-09 2.38e-05 1.020
165   -9.705529679250e-02 -1.002778542441e-01 1.57e-08 1.57e-09 2.40e-05 1.027
166   -9.710572325177e-02 -1.002120370332e-01 1.44e-08 1.45e-09 2.26e-05 1.031
167   -9.710513822346e-02 -1.002089036782e-01 1.44e-08 1.44e-09 2.28e-05 1.038
168   -9.714869345999e-02 -1.001507077424e-01 1.32e-08 1.32e-09 2.15e-05 1.042
169   -9.715034963725e-02 -1.001493682014e-01 1.31e-08 1.32e-09 2.17e-05 1.049
170   -9.719625816417e-02 -1.000898370766e-01 1.21e-08 1.21e-09 2.04e-05 1.053
171   -9.719578643576e-02 -1.000870394883e-01 1.20e-08 1.21e-09 2.07e-05 1.059
172   -9.723604879842e-02 -1.000337905449e-01 1.11e-08 1.11e-09 1.94e-05 1.064
173   -9.723754835707e-02 -1.000325710933e-01 1.10e-08 1.11e-09 1.97e-05 1.070
174   -9.727945904702e-02 -9.997857219611e-02 1.02e-08 1.02e-09 1.85e-05 1.074
175   -9.727908273891e-02 -9.997606725027e-02 1.01e-08 1.02e-09 1.87e-05 1.081
176   -9.731634312876e-02 -9.992726097259e-02 9.34e-09 9.36e-10 1.76e-05 1.086
177   -9.731770542238e-02 -9.992614765926e-02 9.29e-09 9.31e-10 1.78e-05 1.094
178   -9.735607874554e-02 -9.987701936046e-02 8.59e-09 8.60e-10 1.68e-05 1.098
179   -9.735578278053e-02 -9.987476995038e-02 8.54e-09 8.56e-10 1.70e-05 1.105
180   -9.739031496630e-02 -9.982994807240e-02 7.89e-09 7.91e-10 1.60e-05 1.109
181   -9.739155631414e-02 -9.982892857236e-02 7.85e-09 7.86e-10 1.62e-05 1.116
182   -9.742679177225e-02 -9.978409925582e-02 7.26e-09 7.28e-10 1.53e-05 1.120
183   -9.742656338530e-02 -9.978207348397e-02 7.22e-09 7.24e-10 1.54e-05 1.126
184   -9.745861420179e-02 -9.974083073210e-02 6.68e-09 6.69e-10 1.46e-05 1.131
185   -9.745974848988e-02 -9.973989429084e-02 6.65e-09 6.66e-10 1.47e-05 1.138
186   -9.749218544153e-02 -9.969887800186e-02 6.16e-09 6.17e-10 1.39e-05 1.142
187   -9.749201391831e-02 -9.969704851444e-02 6.13e-09 6.14e-10 1.41e-05 1.148
188   -9.752179822711e-02 -9.965903454437e-02 5.67e-09 5.68e-10 1.33e-05 1.153
189   -9.752283745758e-02 -9.965817188691e-02 5.65e-09 5.65e-10 1.34e-05 1.159
190   -9.755275976809e-02 -9.962056007116e-02 5.24e-09 5.24e-10 1.27e-05 1.163
191   -9.755263622947e-02 -9.961890343425e-02 5.21e-09 5.22e-10 1.29e-05 1.170
192   -9.758033770600e-02 -9.958381871948e-02 4.83e-09 4.84e-10 1.21e-05 1.175
193   -9.758129243846e-02 -9.958302189771e-02 4.81e-09 4.81e-10 1.23e-05 1.181
194   -9.760893793531e-02 -9.954847025400e-02 4.46e-09 4.47e-10 1.16e-05 1.185
195   -9.760885510037e-02 -9.954696634872e-02 4.44e-09 4.44e-10 1.18e-05 1.191
196   -9.763463300778e-02 -9.951455197395e-02 4.12e-09 4.12e-10 1.11e-05 1.196
197   -9.763551263690e-02 -9.951381415245e-02 4.10e-09 4.10e-10 1.12e-05 1.203
198   -9.766108625410e-02 -9.948202594835e-02 3.81e-09 3.81e-10 1.06e-05 1.207
199   -9.766103814483e-02 -9.948065739512e-02 3.79e-09 3.79e-10 1.08e-05 1.213
200   -9.768503727233e-02 -9.945068195297e-02 3.52e-09 3.53e-10 1.02e-05 1.217
201   -9.768585013334e-02 -9.944999716845e-02 3.51e-09 3.51e-10 1.03e-05 1.224
202   -9.770953649191e-02 -9.942070769978e-02 3.26e-09 3.26e-10 9.75e-06 1.228
203   -9.770951811049e-02 -9.941945936114e-02 3.25e-09 3.25e-10 9.88e-06 1.234
204   -9.773187671632e-02 -9.939170854741e-02 3.02e-09 3.02e-10 9.35e-06 1.238
205   -9.773263010710e-02 -9.939107150722e-02 3.00e-09 3.01e-10 9.47e-06 1.245
206   -9.775460094395e-02 -9.936403859342e-02 2.80e-09 2.80e-10 8.97e-06 1.249
207   -9.775460799820e-02 -9.936289719826e-02 2.78e-09 2.78e-10 9.09e-06 1.257
208   -9.777546034032e-02 -9.933716968045e-02 2.59e-09 2.59e-10 8.60e-06 1.261
209   -9.777616055112e-02 -9.933657563989e-02 2.58e-09 2.58e-10 8.71e-06 1.267
210   -9.779657625941e-02 -9.931157681971e-02 2.40e-09 2.40e-10 8.26e-06 1.271
211   -9.779660498601e-02 -9.931053070430e-02 2.39e-09 2.39e-10 8.37e-06 1.278
212   -9.781607969357e-02 -9.928663875419e-02 2.23e-09 2.23e-10 7.93e-06 1.281
213   -9.781673209508e-02 -9.928608345482e-02 2.22e-09 2.22e-10 8.03e-06 1.289
214   -9.783574043493e-02 -9.926291642567e-02 2.07e-09 2.07e-10 7.62e-06 1.293
215   -9.783578750602e-02 -9.926195533955e-02 2.06e-09 2.06e-10 7.72e-06 1.299
216   -9.785400494040e-02 -9.923972670934e-02 1.92e-09 1.92e-10 7.32e-06 1.303
217   -9.785461411295e-02 -9.923920634459e-02 1.91e-09 1.91e-10 7.41e-06 1.309
218   -9.787234891353e-02 -9.921768952628e-02 1.78e-09 1.78e-10 7.03e-06 1.313
219   -9.787241139327e-02 -9.921680447290e-02 1.78e-09 1.77e-10 7.13e-06 1.319
220   -9.788948179880e-02 -9.919608352802e-02 1.66e-09 1.66e-10 6.76e-06 1.323
221   -9.789005166636e-02 -9.919559471207e-02 1.65e-09 1.65e-10 6.85e-06 1.330
222   -9.790663252668e-02 -9.917556681306e-02 1.54e-09 1.54e-10 6.50e-06 1.334
223   -9.790670783356e-02 -9.917474990369e-02 1.53e-09 1.53e-10 6.59e-06 1.341
224   -9.792273060964e-02 -9.915539762847e-02 1.43e-09 1.43e-10 6.26e-06 1.345
225   -9.792326456014e-02 -9.915493736632e-02 1.42e-09 1.43e-10 6.34e-06 1.352
226   -9.793879721650e-02 -9.913625631323e-02 1.33e-09 1.33e-10 6.02e-06 1.356
227   -9.793888309798e-02 -9.913550063429e-02 1.33e-09 1.33e-10 6.10e-06 1.363
228   -9.795394669027e-02 -9.911739405944e-02 1.24e-09 1.24e-10 5.80e-06 1.367
229   -9.795444767435e-02 -9.911695971524e-02 1.23e-09 1.23e-10 5.87e-06 1.373
230   -9.796902464863e-02 -9.909950135640e-02 1.15e-09 1.15e-10 5.58e-06 1.377
231   -9.796911915162e-02 -9.909880085349e-02 1.15e-09 1.15e-10 5.66e-06 1.383
232   -9.798330118868e-02 -9.908183230325e-02 1.07e-09 1.07e-10 5.37e-06 1.387
233   -9.798377180937e-02 -9.908142157285e-02 1.07e-09 1.07e-10 5.44e-06 1.394
234   -9.799747314683e-02 -9.906507835521e-02 9.99e-10 9.99e-11 5.18e-06 1.398
235   -9.799757459290e-02 -9.906442772531e-02 9.94e-10 9.96e-11 5.25e-06 1.405
236   -9.801094225693e-02 -9.904850388970e-02 9.30e-10 9.32e-11 4.99e-06 1.409
237   -9.801138484171e-02 -9.904811476873e-02 9.26e-10 9.28e-11 5.05e-06 1.415
238   -9.802427906485e-02 -9.903279425065e-02 8.66e-10 8.69e-11 4.80e-06 1.419
239   -9.802438603204e-02 -9.903218884813e-02 8.62e-10 8.64e-11 4.87e-06 1.425
240   -9.803699682481e-02 -9.901722949817e-02 8.07e-10 8.09e-11 4.63e-06 1.429
241   -9.803741348881e-02 -9.901686024870e-02 8.03e-10 8.06e-11 4.69e-06 1.436
242   -9.804955894365e-02 -9.900248325314e-02 7.52e-10 7.54e-11 4.46e-06 1.440
243   -9.804967024035e-02 -9.900191899698e-02 7.48e-10 7.51e-11 4.52e-06 1.446
244   -9.806157333384e-02 -9.898785513711e-02 7.00e-10 7.03e-11 4.30e-06 1.450
245   -9.806196602322e-02 -9.898750425094e-02 6.97e-10 6.99e-11 4.36e-06 1.456
246   -9.807341271444e-02 -9.897400255267e-02 6.53e-10 6.55e-11 4.15e-06 1.460
247   -9.807352735657e-02 -9.897347584125e-02 6.50e-10 6.51e-11 4.20e-06 1.466
248   -9.808476547558e-02 -9.896024734791e-02 6.08e-10 6.10e-11 4.00e-06 1.470
249   -9.808513599500e-02 -9.895991350288e-02 6.05e-10 6.07e-11 4.05e-06 1.478
250   -9.809592777382e-02 -9.894722718611e-02 5.67e-10 5.68e-11 3.86e-06 1.482
251   -9.809604494812e-02 -9.894673481945e-02 5.65e-10 5.64e-11 3.91e-06 1.489
252   -9.810665631228e-02 -9.893428807739e-02 5.29e-10 5.29e-11 3.72e-06 1.492
253   -9.810700633343e-02 -9.893397010187e-02 5.26e-10 5.26e-11 3.77e-06 1.500
254   -9.811718283674e-02 -9.892204523971e-02 4.93e-10 4.93e-11 3.59e-06 1.504
255   -9.811730186845e-02 -9.892158435532e-02 4.91e-10 4.90e-11 3.63e-06 1.510
256   -9.812732184940e-02 -9.890987024171e-02 4.60e-10 4.60e-11 3.46e-06 1.514
257   -9.812765291591e-02 -9.890956707998e-02 4.58e-10 4.58e-11 3.51e-06 1.521
258   -9.813725097802e-02 -9.889835401993e-02 4.29e-10 4.29e-11 3.34e-06 1.525
259   -9.813737129836e-02 -9.889792203918e-02 4.27e-10 4.26e-11 3.38e-06 1.531
260   -9.814683338384e-02 -9.888689470004e-02 4.00e-10 3.99e-11 3.22e-06 1.535
261   -9.814714690960e-02 -9.888660539184e-02 3.98e-10 3.97e-11 3.26e-06 1.541
262   -9.815620129678e-02 -9.887605780367e-02 3.73e-10 3.72e-11 3.11e-06 1.545
263   -9.815632241587e-02 -9.887565239518e-02 3.72e-10 3.69e-11 3.15e-06 1.552
264   -9.816525862155e-02 -9.886526864284e-02 3.48e-10 3.46e-11 3.00e-06 1.556
265   -9.816555589547e-02 -9.886499230806e-02 3.47e-10 3.44e-11 3.04e-06 1.563
266   -9.817409956833e-02 -9.885506676542e-02 3.25e-10 3.23e-11 2.89e-06 1.567
267   -9.817422106226e-02 -9.885468581438e-02 3.24e-10 3.21e-11 2.93e-06 1.574
268   -9.818266199508e-02 -9.884490492676e-02 3.03e-10 3.01e-11 2.79e-06 1.578
269   -9.818294418823e-02 -9.884464075695e-02 3.02e-10 2.99e-11 2.83e-06 1.585
270   -9.819100831401e-02 -9.883529661088e-02 2.83e-10 2.80e-11 2.70e-06 1.589
271   -9.819112981147e-02 -9.883493819664e-02 2.82e-10 2.78e-11 2.73e-06 1.596
272   -9.819910458287e-02 -9.882572189970e-02 2.64e-10 2.61e-11 2.60e-06 1.600
273   -9.819937275834e-02 -9.882546914834e-02 2.63e-10 2.60e-11 2.64e-06 1.606
274   -9.820698671373e-02 -9.881666842648e-02 2.47e-10 2.43e-11 2.51e-06 1.610
275   -9.820710788945e-02 -9.881633080370e-02 2.46e-10 2.42e-11 2.55e-06 1.616
276   -9.821464405652e-02 -9.880764323785e-02 2.30e-10 2.27e-11 2.43e-06 1.620
277   -9.821489918118e-02 -9.880740121707e-02 2.29e-10 2.27e-11 2.46e-06 1.627
278   -9.822209053337e-02 -9.879910856025e-02 2.15e-10 2.12e-11 2.34e-06 1.631
279   -9.822221110132e-02 -9.879879014263e-02 2.14e-10 2.11e-11 2.37e-06 1.638
280   -9.822933462853e-02 -9.879059782104e-02 2.01e-10 1.98e-11 2.26e-06 1.641
281   -9.822957758081e-02 -9.879036589695e-02 2.00e-10 1.99e-11 2.29e-06 1.648
282   -9.823637213858e-02 -9.878254843018e-02 1.88e-10 1.86e-11 2.19e-06 1.652
283   -9.823649185094e-02 -9.878224777273e-02 1.87e-10 1.86e-11 2.21e-06 1.658
284   -9.824322715449e-02 -9.877451945930e-02 1.75e-10 1.74e-11 2.11e-06 1.662
285   -9.824345873396e-02 -9.877429704716e-02 1.74e-10 1.73e-11 2.14e-06 1.668
286   -9.824988060510e-02 -9.876692425392e-02 1.64e-10 1.62e-11 2.04e-06 1.672
287   -9.824999924577e-02 -9.876664004111e-02 1.63e-10 1.61e-11 2.07e-06 1.679
288   -9.825636923268e-02 -9.875934664330e-02 1.53e-10 1.52e-11 1.97e-06 1.682
289   -9.825659017080e-02 -9.875913320261e-02 1.52e-10 1.52e-11 1.99e-06 1.689
290   -9.826266186371e-02 -9.875217675688e-02 1.43e-10 1.42e-11 1.90e-06 1.693
291   -9.826277924543e-02 -9.875190778996e-02 1.42e-10 1.41e-11 1.93e-06 1.699
292   -9.826880537087e-02 -9.874502224027e-02 1.33e-10 1.32e-11 1.84e-06 1.703
293   -9.826901633645e-02 -9.874481727230e-02 1.33e-10 1.32e-11 1.86e-06 1.709
294   -9.827475883531e-02 -9.873825090766e-02 1.25e-10 1.24e-11 1.77e-06 1.713
295   -9.827487479708e-02 -9.873799609264e-02 1.24e-10 1.24e-11 1.80e-06 1.720
296   -9.828057713226e-02 -9.873149322514e-02 1.16e-10 1.16e-11 1.71e-06 1.723
297   -9.828077873744e-02 -9.873129626839e-02 1.16e-10 1.16e-11 1.74e-06 1.730
298   -9.828621162475e-02 -9.872509559967e-02 1.09e-10 1.08e-11 1.66e-06 1.734
299   -9.828632602829e-02 -9.872485393853e-02 1.08e-10 1.10e-11 1.68e-06 1.740
300   -9.829172337169e-02 -9.871871032137e-02 1.02e-10 1.04e-11 1.60e-06 1.744
301   -9.829191617904e-02 -9.871852094838e-02 1.01e-10 1.04e-11 1.62e-06 1.750
302   -9.829705769813e-02 -9.871266336524e-02 9.49e-11 9.78e-12 1.55e-06 1.754
303   -9.829717042701e-02 -9.871243394418e-02 9.44e-11 9.68e-12 1.57e-06 1.761
304   -9.830228034470e-02 -9.870662779960e-02 8.87e-11 9.10e-12 1.49e-06 1.765
305   -9.830246487067e-02 -9.870644561539e-02 8.82e-11 9.05e-12 1.51e-06 1.771
306   -9.830733203463e-02 -9.870091012868e-02 8.29e-11 8.49e-12 1.44e-06 1.775
307   -9.830744298947e-02 -9.870069211372e-02 8.24e-11 8.62e-12 1.46e-06 1.781
308   -9.831228191741e-02 -9.869520316952e-02 7.74e-11 8.11e-12 1.39e-06 1.785
309   -9.831245863869e-02 -9.869502780726e-02 7.70e-11 7.98e-12 1.41e-06 1.792
310   -9.831706731414e-02 -9.868979492709e-02 7.23e-11 7.48e-12 1.35e-06 1.796
311   -9.831717641292e-02 -9.868958755275e-02 7.20e-11 7.56e-12 1.36e-06 1.802
312   -9.832175973612e-02 -9.868439692672e-02 6.76e-11 7.11e-12 1.30e-06 1.806
313   -9.832192909185e-02 -9.868422804513e-02 6.72e-11 7.18e-12 1.32e-06 1.812
314   -9.832629411321e-02 -9.867927962831e-02 6.32e-11 6.72e-12 1.26e-06 1.816
315   -9.832640128737e-02 -9.867908219453e-02 6.28e-11 6.61e-12 1.27e-06 1.823
316   -9.833074336757e-02 -9.867417233774e-02 5.90e-11 6.23e-12 1.21e-06 1.827
317   -9.833090576405e-02 -9.867400962081e-02 5.87e-11 6.33e-12 1.23e-06 1.834
318   -9.833504095322e-02 -9.866932882714e-02 5.51e-11 5.93e-12 1.17e-06 1.838
319   -9.833514614806e-02 -9.866914069010e-02 5.48e-11 5.91e-12 1.19e-06 1.844
320   -9.833926048369e-02 -9.866449518689e-02 5.15e-11 5.57e-12 1.13e-06 1.848
321   -9.833941629605e-02 -9.866433834012e-02 5.12e-11 5.69e-12 1.15e-06 1.854
322   -9.834333457526e-02 -9.865990948671e-02 4.81e-11 5.33e-12 1.10e-06 1.858
323   -9.834343774637e-02 -9.865973005548e-02 4.79e-11 5.16e-12 1.11e-06 1.865
324   -9.834733693603e-02 -9.865533364467e-02 4.50e-11 4.86e-12 1.06e-06 1.869
325   -9.834748651298e-02 -9.865518239340e-02 4.47e-11 4.88e-12 1.07e-06 1.876
326   -9.835119998905e-02 -9.865099084388e-02 4.20e-11 4.57e-12 1.02e-06 1.880
327   -9.835130110308e-02 -9.865081957510e-02 4.18e-11 4.69e-12 1.04e-06 1.886
328   -9.835499695874e-02 -9.864665800656e-02 3.93e-11 4.41e-12 9.88e-07 1.890
329   -9.835514062230e-02 -9.864651209566e-02 3.90e-11 4.37e-12 1.00e-06 1.897
330   -9.835866059032e-02 -9.864254424085e-02 3.67e-11 4.08e-12 9.54e-07 1.901
331   -9.835875962115e-02 -9.864238063528e-02 3.65e-11 4.25e-12 9.66e-07 1.907
332   -9.836226323071e-02 -9.863844058487e-02 3.43e-11 4.01e-12 9.22e-07 1.911
333   -9.836240128231e-02 -9.863829977468e-02 3.41e-11 3.94e-12 9.33e-07 1.919
334   -9.836573834090e-02 -9.863454289054e-02 3.20e-11 3.69e-12 8.90e-07 1.923
335   -9.836583527164e-02 -9.863438648665e-02 3.19e-11 3.73e-12 9.01e-07 1.929
336   -9.836915703522e-02 -9.863065550306e-02 2.99e-11 3.51e-12 8.60e-07 1.933
337   -9.836928975247e-02 -9.863051957205e-02 2.98e-11 3.45e-12 8.70e-07 1.940
338   -9.837245383276e-02 -9.862696177521e-02 2.80e-11 3.23e-12 8.31e-07 1.944
339   -9.837254865259e-02 -9.862681214820e-02 2.78e-11 3.35e-12 8.41e-07 1.951
340   -9.837569834149e-02 -9.862327857464e-02 2.61e-11 3.16e-12 8.02e-07 1.955
341   -9.837582598449e-02 -9.862314731430e-02 2.60e-11 3.09e-12 8.12e-07 1.962
342   -9.837882638858e-02 -9.861977750910e-02 2.44e-11 2.89e-12 7.75e-07 1.966
343   -9.837891909285e-02 -9.861963426754e-02 2.43e-11 2.91e-12 7.84e-07 1.972
344   -9.838190587374e-02 -9.861628720483e-02 2.28e-11 2.75e-12 7.48e-07 1.976
345   -9.838202868457e-02 -9.861616042003e-02 2.27e-11 2.69e-12 7.57e-07 1.982
346   -9.838487415007e-02 -9.861296821724e-02 2.13e-11 2.52e-12 7.23e-07 1.986
347   -9.838496473846e-02 -9.861283099939e-02 2.12e-11 2.69e-12 7.31e-07 1.993
348   -9.838779723969e-02 -9.860966022276e-02 1.99e-11 2.54e-12 6.98e-07 1.997
349   -9.838791544457e-02 -9.860953773052e-02 1.98e-11 2.41e-12 7.06e-07 2.003
350   -9.839061419976e-02 -9.860651337727e-02 1.86e-11 2.25e-12 6.74e-07 2.007
351   -9.839070267743e-02 -9.860638184882e-02 1.85e-11 2.33e-12 6.82e-07 2.013
352   -9.839338900606e-02 -9.860337778057e-02 1.73e-11 2.21e-12 6.51e-07 2.017
353   -9.839350281673e-02 -9.860325940935e-02 1.72e-11 2.15e-12 6.58e-07 2.023
354   -9.839606257686e-02 -9.860039378601e-02 1.62e-11 2.01e-12 6.28e-07 2.027
355   -9.839614895287e-02 -9.860026763642e-02 1.61e-11 1.99e-12 6.36e-07 2.034
356   -9.839869675694e-02 -9.859742126972e-02 1.51e-11 1.88e-12 6.06e-07 2.038
357   -9.839880636969e-02 -9.859730685994e-02 1.50e-11 1.75e-12 6.14e-07 2.045
358   -9.840123437920e-02 -9.859459142635e-02 1.41e-11 1.64e-12 5.85e-07 2.049
359   -9.840131866606e-02 -9.859447036904e-02 1.40e-11 1.66e-12 5.92e-07 2.055
360   -9.840373513653e-02 -9.859177325889e-02 1.32e-11 1.57e-12 5.65e-07 2.059
361   -9.840384073761e-02 -9.859166265774e-02 1.31e-11 1.65e-12 5.72e-07 2.066
362   -9.840614384723e-02 -9.858908936210e-02 1.23e-11 1.53e-12 5.45e-07 2.070
363   -9.840622605944e-02 -9.858897313259e-02 1.22e-11 1.58e-12 5.52e-07 2.076
364   -9.840851795510e-02 -9.858641736225e-02 1.15e-11 1.50e-12 5.26e-07 2.080
365   -9.840861971635e-02 -9.858631042930e-02 1.14e-11 1.32e-12 5.33e-07 2.086
366   -9.841080435947e-02 -9.858387172829e-02 1.07e-11 1.23e-12 5.08e-07 2.090
367   -9.841088451514e-02 -9.858376007989e-02 1.07e-11 1.25e-12 5.14e-07 2.096
368   -9.841305823174e-02 -9.858133817923e-02 1.00e-11 1.19e-12 4.90e-07 2.100
369   -9.841315631538e-02 -9.858123478105e-02 9.95e-12 1.14e-12 4.96e-07 2.107
370   -9.841522853104e-02 -9.857892361020e-02 9.34e-12 1.06e-12 4.73e-07 2.111
371   -9.841530664830e-02 -9.857881631624e-02 9.28e-12 1.20e-12 4.78e-07 2.118
372   -9.841736818648e-02 -9.857652129246e-02 8.72e-12 1.13e-12 4.56e-07 2.122
373   -9.841746274579e-02 -9.857642130269e-02 8.66e-12 1.00e-12 4.62e-07 2.128
374   -9.841942826310e-02 -9.857423097840e-02 8.14e-12 9.27e-13 4.40e-07 2.132
375   -9.841950436484e-02 -9.857412782576e-02 8.08e-12 9.90e-13 4.45e-07 2.138
376   -9.842145942280e-02 -9.857195305678e-02 7.59e-12 9.39e-13 4.25e-07 2.142
377   -9.842155060010e-02 -9.857185635800e-02 7.54e-12 5.58e-13 4.29e-07 2.149
378   -9.842341478978e-02 -9.856978062696e-02 7.08e-12 5.12e-13 4.10e-07 2.153
379   -9.842348889964e-02 -9.856968141851e-02 7.04e-12 6.44e-13 4.14e-07 2.160
380   -9.842534283278e-02 -9.856762069371e-02 6.61e-12 6.15e-13 3.95e-07 2.164
381   -9.842543076295e-02 -9.856752717361e-02 6.56e-12 5.94e-13 3.99e-07 2.170
382   -9.842719870421e-02 -9.856556013611e-02 6.16e-12 5.56e-13 3.81e-07 2.174
383   -9.842727084751e-02 -9.856546468814e-02 6.12e-12 5.99e-13 3.85e-07 2.181
384   -9.842902870900e-02 -9.856351216035e-02 5.75e-12 5.75e-13 3.67e-07 2.185
385   -9.842911351988e-02 -9.856342171265e-02 5.71e-12 3.14e-13 3.71e-07 2.192
386   -9.843079000307e-02 -9.856155781622e-02 5.36e-12 2.82e-13 3.54e-07 2.196
387   -9.843086020400e-02 -9.856146596019e-02 5.33e-12 4.72e-13 3.58e-07 2.202
388   -9.843252675438e-02 -9.855961613203e-02 5.00e-12 4.57e-13 3.41e-07 2.206
389   -9.843260856551e-02 -9.855952865707e-02 4.97e-12 4.54e-13 3.45e-07 2.212
390   -9.843419811208e-02 -9.855776267162e-02 4.66e-12 4.15e-13 3.29e-07 2.216
391   -9.843426639919e-02 -9.855767424662e-02 4.63e-12 3.69e-13 3.33e-07 2.222
392   -9.843584615308e-02 -9.855592191653e-02 4.35e-12 3.58e-13 3.17e-07 2.226
393   -9.843592507712e-02 -9.855583732006e-02 4.32e-12 2.42e-13 3.21e-07 2.232
394   -9.843743198171e-02 -9.855416428903e-02 4.05e-12 2.15e-13 3.06e-07 2.236
395   -9.843749838122e-02 -9.855407914858e-02 4.03e-12 7.50e-14 3.09e-07 2.242
396   -9.843899559016e-02 -9.855241942686e-02 3.78e-12 7.26e-14 2.95e-07 2.246
397   -9.843907173490e-02 -9.855233761827e-02 3.75e-12 4.29e-13 2.98e-07 2.252
398   -9.844050002370e-02 -9.855075290275e-02 3.52e-12 3.90e-13 2.84e-07 2.256
399   -9.844056456666e-02 -9.855067090550e-02 3.50e-12 2.52e-13 2.87e-07 2.264
400   -9.844198329836e-02 -9.854909912577e-02 3.28e-12 2.35e-13 2.73e-07 2.268
401   -9.844205676638e-02 -9.854902001776e-02 3.26e-12 7.34e-14 2.76e-07 2.274
402   -9.844341027506e-02 -9.854751920836e-02 3.06e-12 7.90e-14 2.63e-07 2.278
403   -9.844347298976e-02 -9.854744022543e-02 3.04e-12 9.68e-14 2.66e-07 2.285
404   -9.844481706635e-02 -9.854595201010e-02 2.85e-12 9.35e-14 2.54e-07 2.288
405   -9.844488795264e-02 -9.854587552240e-02 2.83e-12 9.68e-14 2.56e-07 2.295
406   -9.844617032534e-02 -9.854445443833e-02 2.65e-12 8.15e-14 2.44e-07 2.299
407   -9.844623124386e-02 -9.854437834552e-02 2.64e-12 2.13e-13 2.47e-07 2.307
408   -9.844750431265e-02 -9.854296952620e-02 2.47e-12 1.92e-13 2.35e-07 2.311
409   -9.844757271014e-02 -9.854289557866e-02 2.45e-12 1.05e-13 2.38e-07 2.318
410   -9.844878740477e-02 -9.854155026071e-02 2.30e-12 8.55e-14 2.27e-07 2.322
411   -9.844884655730e-02 -9.854147694406e-02 2.29e-12 4.22e-13 2.29e-07 2.328
412   -9.845005206513e-02 -9.854014358838e-02 2.15e-12 4.02e-13 2.18e-07 2.332
413   -9.845011805953e-02 -9.854007210704e-02 2.13e-12 4.10e-13 2.20e-07 2.338
414   -9.845126835449e-02 -9.853879880846e-02 2.00e-12 3.70e-13 2.10e-07 2.342
415   -9.845132577263e-02 -9.853872815916e-02 1.98e-12 2.81e-13 2.12e-07 2.348
416   -9.845246701631e-02 -9.853746651385e-02 1.86e-12 2.70e-13 2.02e-07 2.352
417   -9.845253069454e-02 -9.853739742191e-02 1.85e-12 3.44e-13 2.04e-07 2.358
418   -9.845361973892e-02 -9.853619255217e-02 1.73e-12 3.25e-13 1.95e-07 2.362
419   -9.845367545610e-02 -9.853612446567e-02 1.72e-12 5.66e-13 1.97e-07 2.368
420   -9.845475558992e-02 -9.853493094711e-02 1.61e-12 5.17e-13 1.87e-07 2.372
421   -9.845481702929e-02 -9.853486417707e-02 1.60e-12 1.04e-12 1.89e-07 2.379
422   -9.845584780330e-02 -9.853372434338e-02 1.50e-12 9.84e-13 1.80e-07 2.383
423   -9.845590184990e-02 -9.853365872467e-02 1.49e-12 9.44e-13 1.82e-07 2.390
424   -9.845692384822e-02 -9.853252995836e-02 1.40e-12 8.78e-13 1.73e-07 2.394
425   -9.845698312565e-02 -9.853246544143e-02 1.39e-12 3.10e-13 1.75e-07 2.400
426   -9.845795847622e-02 -9.853138740922e-02 1.30e-12 2.90e-13 1.67e-07 2.404
427   -9.845801088579e-02 -9.853132416542e-02 1.29e-12 3.29e-13 1.68e-07 2.411
428   -9.845897762552e-02 -9.853025689477e-02 1.21e-12 3.08e-13 1.60e-07 2.414
429   -9.845903481483e-02 -9.853019456418e-02 1.20e-12 1.47e-13 1.62e-07 2.422
430   -9.845995746805e-02 -9.852917524191e-02 1.12e-12 1.46e-13 1.54e-07 2.426
431   -9.846000827123e-02 -9.852911428788e-02 1.12e-12 2.45e-13 1.56e-07 2.432
432   -9.846092246860e-02 -9.852810544223e-02 1.05e-12 2.29e-13 1.48e-07 2.436
433   -9.846097763869e-02 -9.852804523533e-02 1.04e-12 4.27e-13 1.50e-07 2.442
434   -9.846185018997e-02 -9.852708168443e-02 9.73e-13 3.98e-13 1.42e-07 2.446
435   -9.846189942399e-02 -9.852702293204e-02 9.65e-13 3.73e-13 1.44e-07 2.453
436   -9.846276370256e-02 -9.852606955158e-02 9.05e-13 3.56e-13 1.37e-07 2.456
437   -9.846281691820e-02 -9.852601140871e-02 8.97e-13 1.06e-13 1.38e-07 2.463
438   -9.846364184274e-02 -9.852510083133e-02 8.41e-13 1.02e-13 1.32e-07 2.467
439   -9.846368954105e-02 -9.852504420144e-02 8.34e-13 8.12e-13 1.33e-07 2.473
440   -9.846450640081e-02 -9.852414346972e-02 7.82e-13 7.81e-13 1.26e-07 2.477
441   -9.846455772949e-02 -9.852408732734e-02 7.76e-13 7.16e-13 1.28e-07 2.483
442   -9.846533743696e-02 -9.852322700547e-02 7.27e-13 6.83e-13 1.22e-07 2.487
443   -9.846538362821e-02 -9.852317242748e-02 7.21e-13 7.44e-13 1.23e-07 2.493
444   -9.846615543605e-02 -9.852232168109e-02 6.76e-13 6.97e-13 1.17e-07 2.497
445   -9.846620493848e-02 -9.852226748228e-02 6.70e-13 8.19e-13 1.18e-07 2.504
446   -9.846694163858e-02 -9.852145492438e-02 6.28e-13 7.63e-13 1.12e-07 2.508
447   -9.846698635364e-02 -9.852140232834e-02 6.23e-13 6.35e-13 1.13e-07 2.515
448   -9.846771537261e-02 -9.852059902483e-02 5.84e-13 5.94e-13 1.08e-07 2.519
449   -9.846776311300e-02 -9.852054670780e-02 5.79e-13 3.32e-13 1.09e-07 2.525
450   -9.846845903762e-02 -9.851977940466e-02 5.42e-13 3.18e-13 1.03e-07 2.529
451   -9.846850231745e-02 -9.851972871285e-02 5.38e-13 4.18e-13 1.04e-07 2.535
452   -9.846919072774e-02 -9.851897040666e-02 5.04e-13 3.93e-13 9.94e-08 2.539
453   -9.846923675733e-02 -9.851891992251e-02 4.99e-13 2.94e-13 1.00e-07 2.545
454   -9.846989393201e-02 -9.851819559704e-02 4.68e-13 2.87e-13 9.54e-08 2.549
455   -9.846993580694e-02 -9.851814674653e-02 4.64e-13 5.85e-13 9.63e-08 2.555
456   -9.847058571426e-02 -9.851743107886e-02 4.35e-13 5.52e-13 9.16e-08 2.559
457   -9.847063008894e-02 -9.851738237313e-02 4.31e-13 9.55e-13 9.24e-08 2.566
458   -9.847125050919e-02 -9.851669878647e-02 4.04e-13 9.02e-13 8.79e-08 2.570
459   -9.847129101110e-02 -9.851665171502e-02 4.00e-13 8.64e-13 8.87e-08 2.576
460   -9.847190434513e-02 -9.851597652512e-02 3.75e-13 8.11e-13 8.44e-08 2.580
461   -9.847194711894e-02 -9.851592954451e-02 3.71e-13 7.27e-13 8.51e-08 2.587
462   -9.847253266355e-02 -9.851528459104e-02 3.48e-13 6.71e-13 8.10e-08 2.591
463   -9.847257182265e-02 -9.851523924083e-02 3.45e-13 7.40e-13 8.17e-08 2.597
464   -9.847315048519e-02 -9.851460240294e-02 3.23e-13 7.05e-13 7.77e-08 2.601
465   -9.847319170904e-02 -9.851455709688e-02 3.20e-13 1.40e-12 7.84e-08 2.607
466   -9.847374417998e-02 -9.851394875932e-02 3.00e-13 1.32e-12 7.45e-08 2.611
467   -9.847378202954e-02 -9.851390507127e-02 2.97e-13 1.46e-12 7.52e-08 2.617
468   -9.847432781006e-02 -9.851330458690e-02 2.78e-13 1.39e-12 7.15e-08 2.621
469   -9.847436753647e-02 -9.851326090248e-02 2.76e-13 1.14e-12 7.21e-08 2.627
470   -9.847488864930e-02 -9.851268726266e-02 2.58e-13 1.07e-12 6.86e-08 2.631
471   -9.847492522352e-02 -9.851264517810e-02 2.56e-13 1.10e-12 6.91e-08 2.642
472   -9.847543987528e-02 -9.851207909222e-02 2.40e-13 1.04e-12 6.58e-08 2.646
473   -9.847547815138e-02 -9.851203698195e-02 2.37e-13 3.93e-13 6.63e-08 2.652
474   -9.847596953393e-02 -9.851149622136e-02 2.22e-13 3.56e-13 6.31e-08 2.656
475   -9.847600486208e-02 -9.851145568964e-02 2.20e-13 2.19e-13 6.36e-08 2.663
476   -9.847648999682e-02 -9.851092220549e-02 2.06e-13 2.16e-13 6.04e-08 2.667
477   -9.847652686515e-02 -9.851088162641e-02 2.04e-13 5.89e-13 6.09e-08 2.674
478   -9.847699008212e-02 -9.851037199897e-02 1.91e-13 5.49e-13 5.79e-08 2.677
479   -9.847702419712e-02 -9.851033296697e-02 1.89e-13 1.23e-12 5.84e-08 2.684
480   -9.847748137158e-02 -9.850983035114e-02 1.77e-13 1.17e-12 5.55e-08 2.688
481   -9.847751687936e-02 -9.850979125473e-02 1.76e-13 1.40e-12 5.60e-08 2.694
482   -9.847795340899e-02 -9.850931111233e-02 1.64e-13 1.32e-12 5.32e-08 2.698
483   -9.847798634268e-02 -9.850927352929e-02 1.63e-13 9.96e-13 5.36e-08 2.705
484   -9.847841706915e-02 -9.850880009978e-02 1.52e-13 9.58e-13 5.10e-08 2.709
485   -9.847845126248e-02 -9.850876243807e-02 1.51e-13 1.30e-12 5.14e-08 2.715
486   -9.847886251009e-02 -9.850831021534e-02 1.41e-13 1.22e-12 4.89e-08 2.719
487   -9.847889429011e-02 -9.850827403687e-02 1.40e-13 1.03e-12 4.92e-08 2.726
488   -9.847929993795e-02 -9.850782827094e-02 1.31e-13 9.58e-13 4.68e-08 2.729
489   -9.847933285105e-02 -9.850779200883e-02 1.30e-13 1.54e-12 4.71e-08 2.736
490   -9.847972015283e-02 -9.850736621842e-02 1.21e-13 1.42e-12 4.48e-08 2.740
491   -9.847975081164e-02 -9.850733139603e-02 1.20e-13 1.14e-12 4.52e-08 2.746
492   -9.848013274360e-02 -9.850691178025e-02 1.12e-13 1.07e-12 4.29e-08 2.750
493   -9.848016442115e-02 -9.850687687109e-02 1.11e-13 7.73e-13 4.32e-08 2.756
494   -9.848052907094e-02 -9.850647607450e-02 1.04e-13 7.08e-13 4.11e-08 2.760
495   -9.848055863503e-02 -9.850644256757e-02 1.03e-13 4.47e-13 4.14e-08 2.766
496   -9.848091810256e-02 -9.850604771246e-02 9.65e-14 3.98e-13 3.93e-08 2.770
497   -9.848094858296e-02 -9.850601411574e-02 9.55e-14 9.46e-13 3.96e-08 2.777
498   -9.848129177490e-02 -9.850563698577e-02 8.95e-14 9.23e-13 3.77e-08 2.781
499   -9.848132027642e-02 -9.850560474805e-02 8.84e-14 1.43e-12 3.79e-08 2.787
500   -9.848165852071e-02 -9.850523327746e-02 8.27e-14 1.35e-12 3.60e-08 2.791
501   -9.848168784323e-02 -9.850520095161e-02 8.18e-14 1.94e-12 3.63e-08 2.797
502   -9.848201075570e-02 -9.850484618017e-02 7.67e-14 1.81e-12 3.45e-08 2.801
503   -9.848203822292e-02 -9.850481517115e-02 7.59e-14 1.89e-12 3.47e-08 2.807
504   -9.848235636074e-02 -9.850446584672e-02 7.09e-14 1.79e-12 3.30e-08 2.811
505   -9.848238456247e-02 -9.850443475215e-02 7.02e-14 1.14e-12 3.32e-08 2.817
506   -9.848268831081e-02 -9.850410110199e-02 6.57e-14 1.04e-12 3.16e-08 2.821
507   -9.848271477229e-02 -9.850407128147e-02 6.49e-14 6.25e-13 3.18e-08 2.827
508   -9.848301391679e-02 -9.850374287036e-02 6.08e-14 5.73e-13 3.02e-08 2.831
509   -9.848304103195e-02 -9.850371297079e-02 6.02e-14 3.45e-13 3.04e-08 2.838
510   -9.848332663974e-02 -9.850339930664e-02 5.62e-14 3.11e-13 2.89e-08 2.842
511   -9.848335212068e-02 -9.850337063911e-02 5.56e-14 4.65e-13 2.91e-08 2.848
512   -9.848363332255e-02 -9.850306197821e-02 5.21e-14 4.48e-13 2.76e-08 2.852
513   -9.848365938774e-02 -9.850303323436e-02 5.15e-14 7.83e-13 2.78e-08 2.858
514   -9.848392783201e-02 -9.850273847333e-02 4.81e-14 7.23e-13 2.64e-08 2.862
515   -9.848395236260e-02 -9.850271091821e-02 4.76e-14 9.42e-13 2.66e-08 2.868
516   -9.848421658347e-02 -9.850242094340e-02 4.45e-14 8.61e-13 2.53e-08 2.872
517   -9.848424162308e-02 -9.850239332940e-02 4.40e-14 1.33e-12 2.54e-08 2.878
518   -9.848449387349e-02 -9.850211639789e-02 4.12e-14 1.24e-12 2.41e-08 2.882
519   -9.848451748194e-02 -9.850208991797e-02 4.06e-14 1.67e-12 2.43e-08 2.888
520   -9.848476570871e-02 -9.850181753833e-02 3.81e-14 1.58e-12 2.31e-08 2.892
521   -9.848478977394e-02 -9.850179099823e-02 3.76e-14 1.72e-12 2.32e-08 2.898
522   -9.848502671067e-02 -9.850153092217e-02 3.52e-14 1.60e-12 2.20e-08 2.902
523   -9.848504942520e-02 -9.850150547996e-02 3.90e-14 9.87e-13 2.22e-08 2.908
524   -9.848528250621e-02 -9.850124975765e-02 3.59e-14 9.30e-13 2.11e-08 2.912
525   -9.848530561635e-02 -9.850122427095e-02 3.94e-14 5.12e-13 2.12e-08 2.918
526   -9.848552811611e-02 -9.850098008073e-02 3.75e-14 4.58e-13 2.01e-08 2.922
527   -9.848554995426e-02 -9.850095565197e-02 4.19e-14 1.21e-12 2.02e-08 2.929
528   -9.848576873801e-02 -9.850071564951e-02 3.87e-14 1.10e-12 1.92e-08 2.932
529   -9.848579092869e-02 -9.850069117750e-02 3.99e-14 4.45e-13 1.93e-08 2.938
530   -9.848599976286e-02 -9.850046201990e-02 3.79e-14 4.17e-13 1.84e-08 2.942
531   -9.848602075565e-02 -9.850043856553e-02 4.40e-14 1.66e-13 1.85e-08 2.948
532   -9.848622605334e-02 -9.850021338745e-02 4.07e-14 1.57e-13 1.75e-08 2.952
533   -9.848624734716e-02 -9.850018990569e-02 4.37e-14 3.95e-14 1.76e-08 2.958
534   -9.848644328055e-02 -9.849997493555e-02 4.15e-14 6.61e-14 1.67e-08 2.962
535   -9.848646344881e-02 -9.849995242830e-02 4.72e-14 5.00e-13 1.68e-08 2.968
536   -9.848665599205e-02 -9.849974126684e-02 4.37e-14 4.52e-13 1.60e-08 2.972
537   -9.848667642009e-02 -9.849971874118e-02 4.46e-14 1.35e-13 1.61e-08 2.978
538   -9.848686017137e-02 -9.849951716471e-02 4.23e-14 9.92e-14 1.52e-08 2.982
539   -9.848687954522e-02 -9.849949556747e-02 4.61e-14 7.11e-13 1.53e-08 2.988
540   -9.848706011715e-02 -9.849929755932e-02 4.27e-14 7.12e-13 1.46e-08 2.992
541   -9.848707971223e-02 -9.849927595393e-02 4.36e-14 1.94e-13 1.46e-08 2.998
542   -9.848725195262e-02 -9.849908703001e-02 4.13e-14 2.15e-13 1.39e-08 3.002
543   -9.848727055070e-02 -9.849906631861e-02 4.66e-14 4.95e-13 1.40e-08 3.007
544   -9.848743976571e-02 -9.849888078575e-02 4.31e-14 4.31e-13 1.32e-08 3.011
545   -9.848745855309e-02 -9.849886007279e-02 4.40e-14 1.52e-12 1.33e-08 3.017
546   -9.848761998212e-02 -9.849868302993e-02 4.16e-14 1.41e-12 1.26e-08 3.021
547   -9.848763783605e-02 -9.849866316635e-02 4.67e-14 1.13e-12 1.27e-08 3.027
548   -9.848779637923e-02 -9.849848935391e-02 4.32e-14 1.05e-12 1.21e-08 3.031
549   -9.848781438251e-02 -9.849846950760e-02 4.40e-14 1.25e-12 1.21e-08 3.036
550   -9.848796560693e-02 -9.849830367640e-02 4.16e-14 1.22e-12 1.15e-08 3.040
551   -9.848798273232e-02 -9.849828464058e-02 4.50e-14 2.31e-12 1.15e-08 3.046
552   -9.848813115903e-02 -9.849812193617e-02 4.16e-14 2.18e-12 1.10e-08 3.050
553   -9.848814841222e-02 -9.849810291908e-02 4.24e-14 1.25e-12 1.10e-08 3.055
554   -9.848829005101e-02 -9.849794761743e-02 4.01e-14 1.14e-12 1.05e-08 3.059
555   -9.848830647541e-02 -9.849792937639e-02 4.32e-14 1.30e-12 1.05e-08 3.065
556   -9.848844544704e-02 -9.849777705210e-02 4.01e-14 1.22e-12 9.97e-09 3.069
557   -9.848846197230e-02 -9.849775883973e-02 4.22e-14 8.46e-13 1.00e-08 3.075
558   -9.848859448816e-02 -9.849761355692e-02 4.00e-14 8.06e-13 9.50e-09 3.079
559   -9.848861023677e-02 -9.849759608049e-02 4.30e-14 7.40e-13 9.54e-09 3.085
560   -9.848874034384e-02 -9.849745348640e-02 3.98e-14 6.49e-13 9.05e-09 3.089
561   -9.848875616287e-02 -9.849743605495e-02 4.19e-14 7.27e-13 9.09e-09 3.095
562   -9.848888012888e-02 -9.849730015988e-02 3.96e-14 7.21e-13 8.63e-09 3.099
563   -9.848889521365e-02 -9.849728343283e-02 4.37e-14 3.19e-13 8.66e-09 3.104
564   -9.848901686174e-02 -9.849715012175e-02 4.06e-14 3.25e-13 8.22e-09 3.108
565   -9.848903200430e-02 -9.849713343813e-02 4.25e-14 2.17e-12 8.25e-09 3.115
566   -9.848914793979e-02 -9.849700635910e-02 4.02e-14 2.07e-12 7.83e-09 3.119
567   -9.848916239460e-02 -9.849699034207e-02 4.41e-14 2.70e-12 7.86e-09 3.124
568   -9.848927610695e-02 -9.849686573854e-02 4.10e-14 2.49e-12 7.46e-09 3.128
569   -9.848929059288e-02 -9.849684978088e-02 4.28e-14 2.59e-12 7.48e-09 3.135
570   -9.848939897211e-02 -9.849673099577e-02 4.04e-14 2.42e-12 7.11e-09 3.139
571   -9.848941280428e-02 -9.849671567905e-02 4.30e-14 2.67e-12 7.13e-09 3.145
572   -9.848951903737e-02 -9.849659928075e-02 3.99e-14 2.42e-12 6.77e-09 3.148
573   -9.848953289534e-02 -9.849658401732e-02 4.03e-14 1.33e-12 6.79e-09 3.154
574   -9.848963420181e-02 -9.849647299421e-02 3.80e-14 1.30e-12 6.45e-09 3.158
575   -9.848964743909e-02 -9.849645834557e-02 4.05e-14 2.82e-12 6.46e-09 3.164
576   -9.848974665049e-02 -9.849634964943e-02 3.76e-14 2.69e-12 6.14e-09 3.168
577   -9.848975989252e-02 -9.849633506688e-02 3.80e-14 1.30e-12 6.15e-09 3.173
578   -9.848985446812e-02 -9.849623142904e-02 3.59e-14 1.22e-12 5.84e-09 3.177
579   -9.848986713722e-02 -9.849621741770e-02 3.93e-14 7.90e-13 5.86e-09 3.182
580   -9.848995981362e-02 -9.849611588905e-02 3.65e-14 8.08e-13 5.56e-09 3.186
581   -9.848997247199e-02 -9.849610195172e-02 3.80e-14 7.75e-13 5.58e-09 3.192
582   -9.849006075118e-02 -9.849600522156e-02 3.59e-14 7.41e-13 5.30e-09 3.196
583   -9.849007287165e-02 -9.849599182460e-02 3.91e-14 1.55e-13 5.31e-09 3.202
584   -9.849015934850e-02 -9.849589709449e-02 3.64e-14 1.44e-13 5.04e-09 3.206
585   -9.849017144566e-02 -9.849588377736e-02 3.77e-14 2.70e-12 5.05e-09 3.212
586   -9.849025385899e-02 -9.849579348174e-02 3.56e-14 2.51e-12 4.80e-09 3.216
587   -9.849026543990e-02 -9.849578068811e-02 3.77e-14 3.04e-12 4.81e-09 3.222
588   -9.849034612838e-02 -9.849569230475e-02 3.50e-14 2.79e-12 4.56e-09 3.226
589   -9.849035768370e-02 -9.849567958646e-02 3.53e-14 4.94e-12 4.57e-09 3.231
590   -9.849043451154e-02 -9.849559541674e-02 3.33e-14 4.51e-12 4.34e-09 3.235
591   -9.849044558100e-02 -9.849558319435e-02 3.53e-14 5.71e-12 4.35e-09 3.242
592   -9.849052081972e-02 -9.849550078583e-02 3.28e-14 5.26e-12 4.13e-09 3.245
593   -9.849053185284e-02 -9.849548864448e-02 3.31e-14 6.50e-12 4.14e-09 3.251
594   -9.849060347374e-02 -9.849541018482e-02 3.13e-14 6.13e-12 3.93e-09 3.255
595   -9.849061404634e-02 -9.849539851669e-02 3.40e-14 5.37e-12 3.94e-09 3.261
596   -9.849068414980e-02 -9.849532173751e-02 3.16e-14 5.02e-12 3.74e-09 3.265
597   -9.849069466654e-02 -9.849531016656e-02 3.18e-14 2.87e-12 3.74e-09 3.270
598   -9.849076137233e-02 -9.849523709617e-02 3.00e-14 2.75e-12 3.56e-09 3.274
599   -9.849077147092e-02 -9.849522595634e-02 3.27e-14 1.74e-12 3.56e-09 3.280
600   -9.849083676818e-02 -9.849515444518e-02 3.04e-14 1.70e-12 3.38e-09 3.284
601   -9.849084680900e-02 -9.849514339988e-02 3.06e-14 9.61e-13 3.39e-09 3.289
602   -9.849090897162e-02 -9.849507531054e-02 2.89e-14 9.78e-13 3.22e-09 3.293
603   -9.849091861345e-02 -9.849506467914e-02 3.06e-14 1.68e-12 3.22e-09 3.299
604   -9.849097944702e-02 -9.849499806016e-02 2.84e-14 1.61e-12 3.06e-09 3.303
605   -9.849098902661e-02 -9.849498752404e-02 2.95e-14 2.30e-12 3.06e-09 3.309
606   -9.849104687432e-02 -9.849492416484e-02 2.78e-14 2.13e-12 2.91e-09 3.313
607   -9.849105605687e-02 -9.849491404396e-02 2.94e-14 1.85e-12 2.91e-09 3.319
608   -9.849111261094e-02 -9.849485211457e-02 2.74e-14 1.64e-12 2.77e-09 3.323
609   -9.849112174883e-02 -9.849484206623e-02 2.75e-14 2.21e-12 2.77e-09 3.328
610   -9.849117562399e-02 -9.849478306150e-02 2.60e-14 2.05e-12 2.63e-09 3.332
611   -9.849118439205e-02 -9.849477340122e-02 2.83e-14 3.26e-12 2.63e-09 3.337
612   -9.849123706079e-02 -9.849471572939e-02 2.63e-14 3.07e-12 2.50e-09 3.341
613   -9.849124577954e-02 -9.849470614371e-02 2.64e-14 1.95e-12 2.50e-09 3.347
614   -9.849129589240e-02 -9.849465126250e-02 2.49e-14 1.72e-12 2.38e-09 3.351
615   -9.849130425110e-02 -9.849464205663e-02 2.71e-14 4.35e-14 2.38e-09 3.356
616   -9.849135321802e-02 -9.849458844080e-02 2.52e-14 1.16e-13 2.26e-09 3.360
617   -9.849136152638e-02 -9.849457930796e-02 2.53e-14 8.67e-13 2.26e-09 3.366
618   -9.849140810019e-02 -9.849452830517e-02 2.39e-14 8.28e-13 2.15e-09 3.370
619   -9.849141607045e-02 -9.849451953011e-02 2.53e-14 9.59e-13 2.15e-09 3.376
620   -9.849146160501e-02 -9.849446967475e-02 2.35e-14 9.23e-13 2.04e-09 3.380
621   -9.849146949505e-02 -9.849446100336e-02 2.44e-14 5.23e-13 2.04e-09 3.386
622   -9.849151271978e-02 -9.849441367029e-02 2.30e-14 5.65e-13 1.94e-09 3.390
623   -9.849152032343e-02 -9.849440530165e-02 2.43e-14 1.05e-12 1.94e-09 3.397
624   -9.849156263128e-02 -9.849435898116e-02 2.26e-14 8.44e-13 1.84e-09 3.400
625   -9.849157013819e-02 -9.849435073137e-02 6.44e-15 1.05e-12 1.84e-09 3.406
626   -9.849161039129e-02 -9.849430665454e-02 5.86e-15 1.02e-12 1.75e-09 3.410
627   -9.849161762959e-02 -9.849429869072e-02 3.52e-15 1.90e-12 1.75e-09 3.415
628   -9.849165694855e-02 -9.849425564424e-02 3.44e-15 1.74e-12 1.66e-09 3.419
629   -9.849166411607e-02 -9.849424776881e-02 3.03e-14 7.19e-13 1.66e-09 3.425
630   -9.849170149384e-02 -9.849420684231e-02 2.83e-14 7.28e-13 1.58e-09 3.429
631   -9.849170836860e-02 -9.849419928144e-02 1.19e-15 1.53e-12 1.58e-09 3.434
632   -9.849174479501e-02 -9.849415940312e-02 1.25e-15 1.38e-12 1.50e-09 3.438
633   -9.849175162294e-02 -9.849415190213e-02 2.68e-14 3.58e-12 1.50e-09 3.443
634   -9.849178628983e-02 -9.849411394551e-02 2.49e-14 3.47e-12 1.43e-09 3.447
635   -9.849179283273e-02 -9.849410675081e-02 2.25e-14 8.25e-12 1.43e-09 3.453
636   -9.849182668413e-02 -9.849406969297e-02 2.12e-14 7.79e-12 1.36e-09 3.457
637   -9.849183315866e-02 -9.849406258203e-02 2.03e-14 7.60e-12 1.35e-09 3.462
638   -9.849186533071e-02 -9.849402735826e-02 1.89e-14 7.06e-12 1.29e-09 3.466
639   -9.849187153561e-02 -9.849402053711e-02 1.72e-14 5.90e-12 1.29e-09 3.472
640   -9.849190294072e-02 -9.849398615831e-02 1.62e-14 5.52e-12 1.22e-09 3.476
641   -9.849190909831e-02 -9.849397939663e-02 1.50e-14 4.77e-12 1.22e-09 3.482
642   -9.849193895764e-02 -9.849394670612e-02 1.39e-14 4.38e-12 1.16e-09 3.486
643   -9.849194486684e-02 -9.849394021162e-02 1.18e-14 3.72e-12 1.16e-09 3.491
644   -9.849197404324e-02 -9.849390827360e-02 1.12e-14 3.42e-12 1.10e-09 3.495
645   -9.849197989985e-02 -9.849390184283e-02 3.28e-14 4.74e-12 1.10e-09 3.501
646   -9.849200757884e-02 -9.849387154045e-02 3.07e-14 4.40e-12 1.05e-09 3.505
647   -9.849201320051e-02 -9.849386536345e-02 2.88e-14 2.43e-12 1.05e-09 3.511
648   -9.849204024707e-02 -9.849383575777e-02 2.71e-14 2.40e-12 9.97e-10 3.515
649   -9.849204580628e-02 -9.849382965446e-02 4.73e-14 7.06e-12 9.94e-10 3.521
650   -9.849207148872e-02 -9.849380153882e-02 4.43e-14 6.73e-12 9.47e-10 3.525
651   -9.849207682471e-02 -9.849379567768e-02 2.30e-14 6.19e-12 9.45e-10 3.530
652   -9.849210186084e-02 -9.849376827333e-02 2.17e-14 5.72e-12 9.00e-10 3.534
653   -9.849210714677e-02 -9.849376247152e-02 2.05e-14 3.78e-12 8.97e-10 3.540
654   -9.849213095990e-02 -9.849373640306e-02 1.91e-14 3.52e-12 8.55e-10 3.544
655   -9.849213603792e-02 -9.849373082588e-02 1.75e-14 6.20e-12 8.52e-10 3.551
656   -9.849215925455e-02 -9.849370541388e-02 1.66e-14 6.10e-12 8.12e-10 3.554
657   -9.849216425553e-02 -9.849369992545e-02 1.59e-14 7.20e-12 8.09e-10 3.560
658   -9.849218628023e-02 -9.849367581549e-02 1.48e-14 6.82e-12 7.71e-10 3.564
659   -9.849219109461e-02 -9.849367052892e-02 1.31e-14 7.22e-12 7.69e-10 3.569
660   -9.849221257562e-02 -9.849364701720e-02 1.24e-14 6.79e-12 7.32e-10 3.573
661   -9.849221733613e-02 -9.849364179347e-02 1.18e-14 8.56e-12 7.30e-10 3.579
662   -9.849223776873e-02 -9.849361942700e-02 1.10e-14 7.89e-12 6.96e-10 3.583
663   -9.849224234444e-02 -9.849361440341e-02 9.38e-15 7.42e-12 6.93e-10 3.588
664   -9.849226226074e-02 -9.849359260564e-02 1.90e-14 1.37e-08 6.61e-10 3.591
665   -9.849226674340e-02 -9.849358768682e-02 1.83e-15 1.35e-08 6.58e-10 3.597
666   -9.849228561945e-02 -9.849356702465e-02 1.83e-15 1.26e-08 6.28e-10 3.601
667   -9.849228993482e-02 -9.849356228826e-02 1.83e-14 1.24e-08 6.25e-10 3.606
668   -9.849230835307e-02 -9.849354212962e-02 1.70e-14 1.16e-08 5.96e-10 3.610
669   -9.849231257323e-02 -9.849353749991e-02 1.73e-14 1.14e-08 5.94e-10 3.616
670   -9.849232994347e-02 -9.849351848635e-02 1.64e-14 1.07e-08 5.67e-10 3.620
671   -9.849233405494e-02 -9.849351397456e-02 3.16e-14 1.05e-08 5.64e-10 3.625
672   -9.849235107350e-02 -9.849349534827e-02 2.96e-14 9.82e-09 5.38e-10 3.629
673   -9.849235508828e-02 -9.849349094431e-02 2.92e-14 9.61e-09 5.36e-10 3.635
674   -9.849237125755e-02 -9.849347324585e-02 2.75e-14 9.03e-09 5.11e-10 3.638
675   -9.849237514191e-02 -9.849346898353e-02 2.81e-14 8.84e-09 5.09e-10 3.644
676   -9.849239096058e-02 -9.849345167134e-02 4.62e-14 2.31e-08 4.86e-10 3.647
677   -9.849239476172e-02 -9.849344750191e-02 3.08e-14 2.26e-08 4.84e-10 3.653
678   -9.849240971983e-02 -9.849343112944e-02 2.90e-14 2.13e-08 4.62e-10 3.656
679   -9.849241337343e-02 -9.849342712100e-02 2.92e-14 2.08e-08 4.59e-10 3.663
680   -9.849242792102e-02 -9.849341119954e-02 2.74e-14 1.95e-08 4.38e-10 3.667
681   -9.849243150845e-02 -9.849340726529e-02 2.70e-14 1.91e-08 4.36e-10 3.672
682   -9.849244530862e-02 -9.849339216051e-02 2.54e-14 1.80e-08 4.17e-10 3.676
683   -9.849244878440e-02 -9.849338834802e-02 3.82e-14 1.76e-08 4.15e-10 3.681
684   -9.849246216752e-02 -9.849337370126e-02 3.59e-14 1.65e-08 3.96e-10 3.685
685   -9.849246558110e-02 -9.849336995802e-02 3.52e-14 1.62e-08 3.94e-10 3.690
686   -9.849247835528e-02 -9.849335597659e-02 3.33e-14 1.52e-08 3.76e-10 3.694
687   -9.849248169127e-02 -9.849335231788e-02 4.49e-14 1.49e-08 3.74e-10 3.700
688   -9.849249430396e-02 -9.849333851464e-02 4.21e-14 1.40e-08 3.57e-10 3.704
689   -9.849249751673e-02 -9.849333499156e-02 2.89e-14 1.37e-08 3.55e-10 3.709
690   -9.849250927498e-02 -9.849332212220e-02 2.73e-14 1.28e-08 3.40e-10 3.713
691   -9.849251242916e-02 -9.849331866338e-02 3.84e-14 1.26e-08 3.38e-10 3.718
692   -9.849252394241e-02 -9.849330606349e-02 3.61e-14 1.18e-08 3.23e-10 3.722
693   -9.849252700437e-02 -9.849330270610e-02 2.38e-14 1.15e-08 3.21e-10 3.727
694   -9.849253806085e-02 -9.849329060521e-02 2.25e-14 1.09e-08 3.06e-10 3.731
695   -9.849254104117e-02 -9.849328733716e-02 2.29e-14 1.06e-08 3.05e-10 3.736
696   -9.849255171410e-02 -9.849327565701e-02 2.15e-14 9.96e-09 2.91e-10 3.740
697   -9.849255460217e-02 -9.849327249087e-02 2.11e-14 9.73e-09 2.89e-10 3.745
698   -9.849256470446e-02 -9.849326143440e-02 2.00e-14 9.16e-09 2.77e-10 3.749
699   -9.849256752045e-02 -9.849325834717e-02 3.01e-14 8.95e-09 2.75e-10 3.755
700   -9.849257732396e-02 -9.849324761862e-02 2.83e-14 8.42e-09 2.63e-10 3.759
701   -9.849258002872e-02 -9.849324465363e-02 2.78e-14 8.23e-09 2.61e-10 3.764
702   -9.849258924505e-02 -9.849323456691e-02 2.62e-14 7.75e-09 2.50e-10 3.768
703   -9.849259186981e-02 -9.849323168960e-02 3.57e-14 7.57e-09 2.48e-10 3.773
704   -9.849260094366e-02 -9.849322175965e-02 3.36e-14 7.13e-09 2.37e-10 3.777
705   -9.849260349538e-02 -9.849321896237e-02 2.28e-14 6.97e-09 2.36e-10 3.782
706   -9.849261203974e-02 -9.849320961123e-02 2.15e-14 6.57e-09 2.26e-10 3.786
707   -9.849261452727e-02 -9.849320688466e-02 3.08e-14 6.41e-09 2.24e-10 3.791
708   -9.849262284524e-02 -9.849319778196e-02 2.90e-14 6.04e-09 2.14e-10 3.795
709   -9.849262532067e-02 -9.849319506859e-02 1.89e-14 5.90e-09 2.13e-10 3.799
710   -9.849263331078e-02 -9.849318632425e-02 1.79e-14 5.55e-09 2.04e-10 3.803
711   -9.849263565698e-02 -9.849318375254e-02 1.82e-14 5.41e-09 2.02e-10 3.809
712   -9.849264334323e-02 -9.849317534127e-02 1.70e-14 5.10e-09 1.94e-10 3.813
713   -9.849264565651e-02 -9.849317280587e-02 7.66e-15 4.96e-09 1.92e-10 3.817
714   -9.849265294198e-02 -9.849316483275e-02 7.27e-15 4.68e-09 1.84e-10 3.821
715   -9.849265519050e-02 -9.849316236858e-02 1.57e-14 4.57e-09 1.83e-10 3.826
716   -9.849266242542e-02 -9.849315445139e-02 1.48e-14 4.30e-09 1.75e-10 3.830
717   -9.849266465177e-02 -9.849315201142e-02 6.05e-15 4.20e-09 1.73e-10 3.835
718   -9.849267141945e-02 -9.849314460511e-02 5.77e-15 3.96e-09 1.66e-10 3.839
719   -9.849267354385e-02 -9.849314227704e-02 1.38e-14 3.86e-09 1.65e-10 3.844
720   -9.849268018462e-02 -9.849313501008e-02 1.30e-14 3.64e-09 1.58e-10 3.848
721   -9.849268228549e-02 -9.849313270806e-02 1.64e-14 3.55e-09 1.57e-10 3.852
722   -9.849268849812e-02 -9.849312590922e-02 1.55e-14 3.35e-09 1.50e-10 3.856
723   -9.849269051614e-02 -9.849312369792e-02 2.28e-14 3.28e-09 1.49e-10 3.861
724   -9.849269664700e-02 -9.849311698906e-02 2.14e-14 3.09e-09 1.42e-10 3.865
725   -9.849269862874e-02 -9.849311481773e-02 2.42e-14 3.03e-09 1.41e-10 3.869
726   -9.849270448196e-02 -9.849310841230e-02 2.29e-14 2.86e-09 1.35e-10 3.873
727   -9.849270641745e-02 -9.849310629154e-02 2.96e-14 2.79e-09 1.34e-10 3.878
728   -9.849271202093e-02 -9.849310015979e-02 2.79e-14 2.63e-09 1.28e-10 3.882
729   -9.849271390235e-02 -9.849309809869e-02 3.74e-14 2.56e-09 1.27e-10 3.887
730   -9.849271931302e-02 -9.849309217762e-02 3.53e-14 2.41e-09 1.22e-10 3.891
731   -9.849272111602e-02 -9.849309020224e-02 4.15e-14 2.36e-09 1.21e-10 3.896
732   -9.849272630374e-02 -9.849308452545e-02 3.91e-14 2.22e-09 1.16e-10 3.900
733   -9.849272806238e-02 -9.849308259894e-02 4.78e-14 2.17e-09 1.15e-10 3.904
734   -9.849273274342e-02 -9.849307747629e-02 4.52e-14 2.05e-09 1.10e-10 3.908
735   -9.849273444057e-02 -9.849307561694e-02 5.06e-14 2.01e-09 1.09e-10 3.914
736   -9.849273912190e-02 -9.849307049438e-02 4.77e-14 1.90e-09 1.05e-10 3.918
737   -9.849274082676e-02 -9.849306862663e-02 4.88e-14 1.85e-09 1.04e-10 3.922
738   -9.849274547387e-02 -9.849306354132e-02 4.61e-14 1.74e-09 9.94e-11 3.926
739   -9.849274709212e-02 -9.849306176850e-02 5.11e-14 1.70e-09 9.85e-11 3.931
740   -9.849275146223e-02 -9.849305698649e-02 4.82e-14 1.61e-09 9.44e-11 3.935
741   -9.849275306755e-02 -9.849305522802e-02 5.53e-14 1.57e-09 9.34e-11 3.940
742   -9.849275734141e-02 -9.849305055116e-02 5.22e-14 1.48e-09 8.96e-11 3.944
743   -9.849275886297e-02 -9.849304888434e-02 5.69e-14 1.44e-09 8.86e-11 3.949
744   -9.849276286011e-02 -9.849304451046e-02 5.37e-14 1.36e-09 8.51e-11 3.953
745   -9.849276442422e-02 -9.849304279705e-02 5.43e-14 1.32e-09 8.41e-11 3.957
746   -9.849276832554e-02 -9.849303852793e-02 5.13e-14 1.25e-09 8.07e-11 3.961
747   -9.849276987072e-02 -9.849303683569e-02 6.88e-14 1.21e-09 7.97e-11 3.966
748   -9.849277376458e-02 -9.849303257495e-02 6.48e-14 1.14e-09 7.64e-11 3.969
749   -9.849277521030e-02 -9.849303099129e-02 6.48e-14 1.10e-09 7.55e-11 3.974
750   -9.849277871677e-02 -9.849302715420e-02 6.12e-14 1.04e-09 7.25e-11 3.978
751   -9.849278011595e-02 -9.849302562193e-02 7.76e-14 1.01e-09 7.17e-11 3.982
752   -9.849278353909e-02 -9.849302187623e-02 7.33e-14 9.58e-10 6.88e-11 3.986
753   -9.849278491257e-02 -9.849302037170e-02 7.27e-14 9.49e-10 6.80e-11 3.991
754   -9.849278815401e-02 -9.849301682470e-02 6.87e-14 8.97e-10 6.53e-11 3.995
755   -9.849278953732e-02 -9.849301530985e-02 8.34e-14 8.67e-10 6.44e-11 3.999
756   -9.849279273518e-02 -9.849301181073e-02 7.88e-14 8.18e-10 6.18e-11 4.003
757   -9.849279396265e-02 -9.849301046635e-02 8.28e-14 7.96e-10 6.11e-11 4.009
758   -9.849279707367e-02 -9.849300706205e-02 7.82e-14 7.51e-10 5.86e-11 4.012
759   -9.849279829420e-02 -9.849300572563e-02 9.35e-14 7.53e-10 5.79e-11 4.017
760   -9.849280101324e-02 -9.849300275031e-02 8.86e-14 7.14e-10 5.57e-11 4.021
761   -9.849280230883e-02 -9.849300133138e-02 9.15e-14 6.94e-10 5.49e-11 4.026
762   -9.849280523098e-02 -9.849299813385e-02 8.63e-14 6.55e-10 5.26e-11 4.030
763   -9.849280642193e-02 -9.849299682977e-02 9.97e-14 6.47e-10 5.19e-11 4.034
764   -9.849280912509e-02 -9.849299387190e-02 9.41e-14 6.11e-10 4.99e-11 4.038
765   -9.849281027175e-02 -9.849299261606e-02 9.23e-14 5.89e-10 4.92e-11 4.042
766   -9.849281276726e-02 -9.849298988529e-02 8.74e-14 5.57e-10 4.73e-11 4.046
767   -9.849281401571e-02 -9.849298851816e-02 9.55e-14 5.06e-10 4.65e-11 4.051
768   -9.849281667612e-02 -9.849298560717e-02 8.99e-14 4.77e-10 4.46e-11 4.055
769   -9.849281787559e-02 -9.849298429346e-02 8.80e-14 4.87e-10 4.39e-11 4.059
770   -9.849282040273e-02 -9.849298152819e-02 8.29e-14 4.58e-10 4.20e-11 4.063
771   -9.849282156720e-02 -9.849298025309e-02 9.06e-14 4.09e-10 4.14e-11 4.068
772   -9.849282385054e-02 -9.849297775466e-02 8.56e-14 3.86e-10 3.97e-11 4.072
773   -9.849282483878e-02 -9.849297667226e-02 8.36e-14 3.85e-10 3.91e-11 4.076
774   -9.849282702633e-02 -9.849297427854e-02 7.90e-14 3.63e-10 3.76e-11 4.080
775   -9.849282804271e-02 -9.849297316569e-02 8.66e-14 3.46e-10 3.70e-11 4.085
776   -9.849283010745e-02 -9.849297090644e-02 8.19e-14 3.27e-10 3.55e-11 4.089
777   -9.849283114530e-02 -9.849296976981e-02 7.98e-14 3.46e-10 3.49e-11 4.094
778   -9.849283317064e-02 -9.849296755366e-02 7.54e-14 3.26e-10 3.35e-11 4.098
779   -9.849283415363e-02 -9.849296647735e-02 8.21e-14 2.83e-10 3.29e-11 4.103
780   -9.849283608247e-02 -9.849296436683e-02 7.75e-14 2.68e-10 3.16e-11 4.107
781   -9.849283707659e-02 -9.849296327810e-02 7.54e-14 2.53e-10 3.10e-11 4.111
782   -9.849283903536e-02 -9.849296113482e-02 7.11e-14 2.38e-10 2.97e-11 4.115
783   -9.849283986274e-02 -9.849296022906e-02 8.17e-14 1.77e-10 2.93e-11 4.119
784   -9.849284152494e-02 -9.849295841025e-02 7.74e-14 1.68e-10 2.81e-11 4.123
785   -9.849284247919e-02 -9.849295736532e-02 7.84e-14 1.67e-10 2.76e-11 4.128
786   -9.849284414889e-02 -9.849295553832e-02 7.41e-14 1.57e-10 2.65e-11 4.132
787   -9.849284502255e-02 -9.849295458183e-02 8.29e-14 7.96e-11 2.61e-11 4.137
788   -9.849284659783e-02 -9.849295285818e-02 7.84e-14 7.53e-11 2.50e-11 4.141
789   -9.849284747618e-02 -9.849295189640e-02 7.89e-14 1.01e-10 2.46e-11 4.145
790   -9.849284898099e-02 -9.849295024984e-02 7.46e-14 9.58e-11 2.36e-11 4.149
791   -9.849284976969e-02 -9.849294938631e-02 7.97e-14 7.32e-11 2.32e-11 4.155
792   -9.849285125559e-02 -9.849294776048e-02 7.53e-14 6.91e-11 2.22e-11 4.159
793   -9.849285208540e-02 -9.849294685179e-02 7.27e-14 5.49e-11 2.18e-11 4.163
794   -9.849285347708e-02 -9.849294532901e-02 6.87e-14 5.12e-11 2.10e-11 4.167
795   -9.849285429791e-02 -9.849294443031e-02 7.59e-14 1.21e-11 2.05e-11 4.172
796   -9.849285562676e-02 -9.849294297634e-02 7.18e-14 1.07e-11 1.97e-11 4.176
797   -9.849285632134e-02 -9.849294221569e-02 6.92e-14 1.85e-11 1.93e-11 4.180
798   -9.849285751627e-02 -9.849294090821e-02 6.56e-14 1.86e-11 1.86e-11 4.184
799   -9.849285825917e-02 -9.849294009494e-02 7.22e-14 6.99e-11 1.82e-11 4.188
800   -9.849285962088e-02 -9.849293860505e-02 6.79e-14 6.62e-11 1.74e-11 4.192
801   -9.849286039743e-02 -9.849293775469e-02 6.53e-14 3.64e-11 1.70e-11 4.197
802   -9.849286162390e-02 -9.849293641273e-02 6.15e-14 3.44e-11 1.62e-11 4.201
803   -9.849286241596e-02 -9.849293554559e-02 6.75e-14 1.01e-10 1.59e-11 4.205
804   -9.849286359746e-02 -9.849293425288e-02 6.36e-14 9.60e-11 1.52e-11 4.209
805   -9.849286426587e-02 -9.849293352087e-02 6.09e-14 4.74e-11 1.49e-11 4.213
806   -9.849286526822e-02 -9.849293242413e-02 5.77e-14 4.44e-11 1.43e-11 4.217
807   -9.849286610493e-02 -9.849293150812e-02 6.24e-14 1.25e-10 1.39e-11 4.222
808   -9.849286725154e-02 -9.849293025361e-02 5.85e-14 1.18e-10 1.32e-11 4.226
809   -9.849286811390e-02 -9.849292930936e-02 5.55e-14 6.94e-11 1.28e-11 4.230
810   -9.849286930081e-02 -9.849292801075e-02 5.18e-14 6.50e-11 1.22e-11 4.234
811   -9.849287002374e-02 -9.849292721932e-02 5.63e-14 1.53e-10 1.18e-11 4.238
812   -9.849287115159e-02 -9.849292598533e-02 5.25e-14 1.44e-10 1.13e-11 4.242
813   -9.849287173236e-02 -9.849292534940e-02 5.22e-14 1.52e-10 1.10e-11 4.247
814   -9.849287251326e-02 -9.849292449497e-02 4.95e-14 1.45e-10 1.06e-11 4.251
815   -9.849287328995e-02 -9.849292364465e-02 5.30e-14 1.85e-10 1.02e-11 4.256
816   -9.849287437177e-02 -9.849292246105e-02 4.92e-14 1.71e-10 9.62e-12 4.260
817   -9.849287523023e-02 -9.849292152106e-02 4.61e-14 1.77e-10 9.17e-12 4.264
818   -9.849287619912e-02 -9.849292046103e-02 4.29e-14 1.67e-10 8.70e-12 4.268
819   -9.849287664064e-02 -9.849291997774e-02 4.77e-14 2.08e-10 8.49e-12 4.272
820   -9.849287716823e-02 -9.849291940049e-02 4.56e-14 1.99e-10 8.22e-12 4.276
821   -9.849287757664e-02 -9.849291895326e-02 4.31e-14 9.11e-11 8.05e-12 4.281
822   -9.849287827772e-02 -9.849291818620e-02 4.06e-14 8.64e-11 7.70e-12 4.285
823   -9.849287875171e-02 -9.849291766734e-02 4.49e-14 1.47e-10 7.46e-12 4.289
824   -9.849287931741e-02 -9.849291704842e-02 4.26e-14 1.41e-10 7.18e-12 4.293
825   -9.849287976181e-02 -9.849291656180e-02 4.01e-14 1.20e-10 6.98e-12 4.298
826   -9.849288017924e-02 -9.849291610509e-02 3.85e-14 1.14e-10 6.78e-12 4.302
827   -9.849288061713e-02 -9.849291562573e-02 4.08e-14 1.63e-10 6.57e-12 4.306
828   -9.849288128007e-02 -9.849291490043e-02 3.82e-14 1.51e-10 6.26e-12 4.310
829   -9.849288153179e-02 -9.849291462475e-02 3.59e-14 7.46e-11 6.16e-12 4.314
830   -9.849288200983e-02 -9.849291410171e-02 3.40e-14 7.30e-11 5.93e-12 4.318
831   -9.849288255968e-02 -9.849291349986e-02 3.75e-14 1.64e-10 5.72e-12 4.323
832   -9.849288317177e-02 -9.849291283018e-02 3.51e-14 1.51e-10 5.44e-12 4.327
833   -9.849288369486e-02 -9.849291225742e-02 3.25e-14 1.54e-10 5.20e-12 4.331
834   -9.849288465588e-02 -9.849291120600e-02 2.92e-14 1.38e-10 4.78e-12 4.335
835   -9.849288537734e-02 -9.849291041633e-02 3.28e-14 1.82e-10 4.49e-12 4.339
836   -9.849288585503e-02 -9.849290989369e-02 3.07e-14 1.74e-10 4.28e-12 4.343
837   -9.849288611014e-02 -9.849290961431e-02 2.86e-14 1.82e-10 4.15e-12 4.348
838   -9.849288652334e-02 -9.849290916223e-02 2.70e-14 1.67e-10 3.97e-12 4.352
839   -9.849288679093e-02 -9.849290886936e-02 2.98e-14 1.59e-10 3.85e-12 4.356
840   -9.849288701738e-02 -9.849290862160e-02 2.87e-14 1.51e-10 3.75e-12 4.360
841   -9.849288724742e-02 -9.849290836970e-02 2.68e-14 6.50e-11 3.65e-12 4.364
842   -9.849288773462e-02 -9.849290783666e-02 2.49e-14 6.26e-11 3.44e-12 4.368
843   -9.849288803527e-02 -9.849290750760e-02 2.73e-14 4.26e-11 3.32e-12 4.373
844   -9.849288847973e-02 -9.849290702130e-02 2.54e-14 4.10e-11 3.14e-12 4.377
845   -9.849288916576e-02 -9.849290626934e-02 9.21e-15 2.81e-10 2.86e-12 4.381
846   -9.849288954373e-02 -9.849290585589e-02 8.60e-15 2.60e-10 2.71e-12 4.385
Numerical error in objective
Restoring previous solution


Suboptimal solution found in 847 iterations and 4.39 seconds
Objective -9.84913043e-02
Primal infeasibility (abs/rel): 5.42e-14/2.71e-14
Dual infeasibility   (abs/rel): 4.80e-14/4.35e-14
Complementarity gap  (abs/rel): 2.61e-09/2.38e-09


Barrier finished in 4.39 seconds
Dual variables for problems with quadratic constraints not returned.
