cuOpt version: 26.10.0, git hash: 648f805d, host arch: x86_64, device archs: 80-real
CPU: AMD EPYC 7642 48-Core Processor, threads: 5C/5T, RAM usage: 37.53/503.74GiB
CPU SIMD target: AVX2
CUDA 12.9, device: NVIDIA A100 80GB PCIe (ID 0), VRAM: 79.44 GiB
CUDA device UUID: 68df5cf5-71f9-6a93-b428-460c080ffb10
Problem has 1 quadratic constraints. Converting to second-order cones and solving with barrier.
Handling 50 free variables directly in augmented system
Presolved problem: 5103 constraints 10102 variables 265152 nonzeros
Skipping Ruiz equilibration (row norm ratio 1.4, column norm ratio 1.4 < 5e4, Q coeff ratio 1.0 < 100)
Barrier solver started at 0.029 seconds
Barrier solver: 5103 constraints, 10102 variables, 265152 nonzeros


Second-order cones          : 1
Free variables              : 50
Upper bounds                : 5000
Linear system               : augmented
cuDSS Version               : 0.7.1
cuDSS Threading layer       : libcudss_mtlayer_gomp.so.0
Reordering time             : 0.072s
Symbolic factorization time : 0.023s
Symbolic nonzeros in factor : 2.79e+05
Elapsed time for augmented  : 0.131 seconds
Elapsed time           : 0.131 seconds
Barrier setup complete at 0.131 seconds
Adaptive regularization enabled


                  Objective                         Infeasibility        Time
Iter   Primal              Dual                Primal   Dual    Compl.   Elapsed
  0   -3.704340093575e+02 -3.710959393425e+02 3.71e+03 1.91e+00 1.19e-02 0.132
  1   -4.750382330527e-01 -3.472817100888e+02 3.36e+00 2.99e-01 2.04e-01 0.137
  2   -6.519911883867e-02 -4.828072475637e+00 3.30e-02 3.32e-03 2.60e-03 0.142
  3   -6.247283530523e-02 -2.179447724038e-01 1.05e-03 1.05e-04 6.06e-05 0.145
  4   -6.281947704443e-02 -2.182719432205e-01 1.04e-03 1.05e-04 5.18e-05 0.150
  5   -6.280608102122e-02 -2.182560830867e-01 1.04e-03 1.05e-04 5.31e-05 0.154
  6   -6.377253239336e-02 -2.187967700288e-01 1.01e-03 1.02e-04 5.74e-05 0.158
  7   -6.377659984983e-02 -2.187948093657e-01 1.01e-03 1.02e-04 5.74e-05 0.164
  8   -6.397710376575e-02 -2.188612495898e-01 9.78e-04 9.83e-05 1.67e-04 0.168
  9   -7.033532804981e-02 -2.064207557621e-01 7.43e-04 7.47e-05 1.61e-04 0.172
 10   -7.020516444024e-02 -2.059806397376e-01 7.28e-04 7.32e-05 1.85e-04 0.178
 11   -7.349376523748e-02 -1.910271236492e-01 4.49e-04 4.51e-05 2.42e-04 0.182
 12   -7.353506841494e-02 -1.910531112913e-01 4.48e-04 4.50e-05 2.41e-04 0.190
 13   -7.288458999265e-02 -1.880734887008e-01 3.24e-04 3.26e-05 4.26e-04 0.196
 14   -7.422906335673e-02 -1.824337275640e-01 2.91e-04 2.92e-05 3.77e-04 0.200
 15   -7.427137816037e-02 -1.824255116059e-01 2.89e-04 2.90e-05 4.34e-04 0.207
 16   -7.894768895268e-02 -1.632784447920e-01 2.11e-04 2.12e-05 3.08e-04 0.211
 17   -7.870044655046e-02 -1.630296135720e-01 2.11e-04 2.12e-05 3.32e-04 0.217
 18   -7.996490916125e-02 -1.573964381114e-01 1.77e-04 1.78e-05 2.69e-04 0.222
 19   -8.003574695906e-02 -1.574627074381e-01 1.76e-04 1.77e-05 2.72e-04 0.230
 20   -7.969381765885e-02 -1.541139363057e-01 1.29e-04 1.30e-05 3.55e-04 0.234
 21   -7.966618471797e-02 -1.538783042184e-01 1.27e-04 1.28e-05 3.63e-04 0.241
 22   -8.091179587563e-02 -1.446811492016e-01 4.94e-05 4.96e-06 3.34e-04 0.246
 23   -8.096700695198e-02 -1.444920750465e-01 4.86e-05 4.88e-06 3.43e-04 0.252
 24   -8.089957251258e-02 -1.430703610228e-01 3.98e-05 4.00e-06 4.64e-04 0.257
 25   -8.088517955834e-02 -1.428522972210e-01 3.91e-05 3.93e-06 4.72e-04 0.263
 26   -8.198554467353e-02 -1.390814418417e-01 2.78e-05 2.80e-06 4.07e-04 0.268
 27   -8.203869077909e-02 -1.389593579519e-01 2.75e-05 2.76e-06 4.13e-04 0.274
 28   -8.215325136236e-02 -1.375732794074e-01 2.28e-05 2.29e-06 4.35e-04 0.278
 29   -8.213515436147e-02 -1.374110611880e-01 2.25e-05 2.26e-06 4.41e-04 0.284
 30   -8.326071657541e-02 -1.338548637318e-01 1.59e-05 1.60e-06 3.79e-04 0.290
 31   -8.330368842094e-02 -1.337408251365e-01 1.57e-05 1.58e-06 3.85e-04 0.297
 32   -8.335329167769e-02 -1.327994747441e-01 1.37e-05 1.37e-06 4.05e-04 0.301
 33   -8.334270507797e-02 -1.326724798444e-01 1.35e-05 1.36e-06 4.11e-04 0.307
 34   -8.438209761709e-02 -1.297799874780e-01 1.02e-05 1.02e-06 3.52e-04 0.312
 35   -8.441072187052e-02 -1.296882121538e-01 1.01e-05 1.01e-06 3.57e-04 0.318
 36   -8.445115011487e-02 -1.289392568433e-01 8.95e-06 9.00e-07 3.67e-04 0.322
 37   -8.444383226217e-02 -1.288406220585e-01 8.86e-06 8.91e-07 3.71e-04 0.329
 38   -8.545180132249e-02 -1.262747138554e-01 6.90e-06 6.93e-07 3.19e-04 0.334
 39   -8.546856486059e-02 -1.262007636432e-01 6.83e-06 6.86e-07 3.24e-04 0.340
 40   -8.549262399330e-02 -1.256097340342e-01 6.18e-06 6.21e-07 3.28e-04 0.345
 41   -8.548710857255e-02 -1.255323902397e-01 6.12e-06 6.15e-07 3.32e-04 0.351
 42   -8.647183698420e-02 -1.232330665710e-01 4.92e-06 4.95e-07 2.88e-04 0.356
 43   -8.647960089860e-02 -1.231717891844e-01 4.87e-06 4.90e-07 2.92e-04 0.362
 44   -8.649498539295e-02 -1.226851244859e-01 4.47e-06 4.49e-07 2.93e-04 0.367
 45   -8.649055740279e-02 -1.226235917535e-01 4.43e-06 4.45e-07 2.97e-04 0.373
 46   -8.744288575470e-02 -1.205593114967e-01 3.66e-06 3.68e-07 2.62e-04 0.378
 47   -8.744446857746e-02 -1.205069746309e-01 3.63e-06 3.65e-07 2.65e-04 0.384
 48   -8.745766186553e-02 -1.200878795493e-01 3.35e-06 3.36e-07 2.64e-04 0.388
 49   -8.745415633086e-02 -1.200378943014e-01 3.32e-06 3.34e-07 2.67e-04 0.395
 50   -8.834474447022e-02 -1.182192743048e-01 2.82e-06 2.83e-07 2.40e-04 0.400
 51   -8.834277092271e-02 -1.181735766981e-01 2.79e-06 2.81e-07 2.43e-04 0.406
 52   -8.835954348750e-02 -1.177957230186e-01 2.58e-06 2.60e-07 2.40e-04 0.410
 53   -8.835705798184e-02 -1.177541336397e-01 2.56e-06 2.58e-07 2.42e-04 0.417
 54   -8.916648451556e-02 -1.161753279586e-01 2.21e-06 2.23e-07 2.22e-04 0.421
 55   -8.916290421167e-02 -1.161348366404e-01 2.20e-06 2.21e-07 2.24e-04 0.428
 56   -8.918816650238e-02 -1.157803287056e-01 2.03e-06 2.04e-07 2.20e-04 0.432
 57   -8.918673400808e-02 -1.157449408624e-01 2.02e-06 2.03e-07 2.22e-04 0.439
 58   -8.984514852829e-02 -1.144770020929e-01 1.76e-06 1.77e-07 2.06e-04 0.444
 59   -8.984246036613e-02 -1.144416164596e-01 1.75e-06 1.76e-07 2.08e-04 0.451
 60   -8.988134685228e-02 -1.140994762925e-01 1.61e-06 1.62e-07 2.03e-04 0.455
 61   -8.988105138886e-02 -1.140687982804e-01 1.60e-06 1.61e-07 2.05e-04 0.462
 62   -9.040802046172e-02 -1.130543896034e-01 1.41e-06 1.41e-07 1.92e-04 0.466
 63   -9.040680631993e-02 -1.130235245947e-01 1.40e-06 1.40e-07 1.94e-04 0.473
 64   -9.046275294994e-02 -1.126867537205e-01 1.28e-06 1.29e-07 1.88e-04 0.477
 65   -9.046333221375e-02 -1.126598258805e-01 1.27e-06 1.28e-07 1.90e-04 0.483
 66   -9.091332555330e-02 -1.118038129405e-01 1.12e-06 1.13e-07 1.79e-04 0.488
 67   -9.091297263561e-02 -1.117765329380e-01 1.12e-06 1.12e-07 1.81e-04 0.494
 68   -9.098736622837e-02 -1.114410668064e-01 1.02e-06 1.03e-07 1.75e-04 0.499
 69   -9.098838999324e-02 -1.114171626047e-01 1.01e-06 1.02e-07 1.77e-04 0.505
 70   -9.139169122996e-02 -1.106663514258e-01 8.97e-07 9.02e-08 1.67e-04 0.510
 71   -9.139170128519e-02 -1.106419394873e-01 8.91e-07 8.96e-08 1.69e-04 0.516
 72   -9.148484158033e-02 -1.103060167525e-01 8.11e-07 8.15e-08 1.62e-04 0.520
 73   -9.148597435161e-02 -1.102845393557e-01 8.05e-07 8.10e-08 1.64e-04 0.526
 74   -9.186140211233e-02 -1.096056382987e-01 7.15e-07 7.18e-08 1.55e-04 0.531
 75   -9.186141751112e-02 -1.095835234850e-01 7.10e-07 7.13e-08 1.57e-04 0.537
 76   -9.197257767901e-02 -1.092473222107e-01 6.43e-07 6.46e-08 1.51e-04 0.541
 77   -9.197360035301e-02 -1.092278027335e-01 6.39e-07 6.42e-08 1.53e-04 0.548
 78   -9.233298085944e-02 -1.085996664198e-01 5.67e-07 5.70e-08 1.45e-04 0.552
 79   -9.233275568515e-02 -1.085794027888e-01 5.63e-07 5.66e-08 1.46e-04 0.559
 80   -9.245964098599e-02 -1.082454766687e-01 5.08e-07 5.11e-08 1.40e-04 0.563
 81   -9.246043794985e-02 -1.082275753905e-01 5.05e-07 5.08e-08 1.42e-04 0.569
 82   -9.281012666281e-02 -1.076381459527e-01 4.49e-07 4.52e-08 1.34e-04 0.574
 83   -9.280951989912e-02 -1.076194109995e-01 4.46e-07 4.49e-08 1.36e-04 0.580
 84   -9.294778604314e-02 -1.072929265672e-01 4.01e-07 4.04e-08 1.30e-04 0.585
 85   -9.294833424157e-02 -1.072764296656e-01 3.99e-07 4.01e-08 1.31e-04 0.592
 86   -9.328988072199e-02 -1.067209309612e-01 3.55e-07 3.57e-08 1.24e-04 0.597
 87   -9.328886216434e-02 -1.067035276490e-01 3.53e-07 3.55e-08 1.25e-04 0.604
 88   -9.343238206894e-02 -1.063914813594e-01 3.17e-07 3.18e-08 1.19e-04 0.608
 89   -9.343273633362e-02 -1.063762856556e-01 3.15e-07 3.16e-08 1.21e-04 0.614
 90   -9.374111931847e-02 -1.058835944079e-01 2.81e-07 2.82e-08 1.14e-04 0.619
 91   -9.374018839030e-02 -1.058677574405e-01 2.79e-07 2.80e-08 1.15e-04 0.625
 92   -9.388424758380e-02 -1.055752817439e-01 2.50e-07 2.51e-08 1.09e-04 0.630
 93   -9.388454417770e-02 -1.055613653429e-01 2.48e-07 2.50e-08 1.10e-04 0.636
 94   -9.414555823735e-02 -1.051462522672e-01 2.22e-07 2.23e-08 1.04e-04 0.641
 95   -9.414512341394e-02 -1.051321630351e-01 2.21e-07 2.22e-08 1.06e-04 0.647
 96   -9.428698647873e-02 -1.048611922930e-01 1.98e-07 1.99e-08 9.98e-05 0.651
 97   -9.428732713093e-02 -1.048485295151e-01 1.97e-07 1.98e-08 1.01e-04 0.658
 98   -9.450898961458e-02 -1.044980539454e-01 1.76e-07 1.77e-08 9.52e-05 0.662
 99   -9.450904852119e-02 -1.044855923429e-01 1.75e-07 1.76e-08 9.62e-05 0.669
100   -9.464648908120e-02 -1.042365744827e-01 1.57e-07 1.58e-08 9.09e-05 0.673
101   -9.464689739295e-02 -1.042251011346e-01 1.56e-07 1.57e-08 9.19e-05 0.679
102   -9.483687470651e-02 -1.039270041599e-01 1.41e-07 1.41e-08 8.66e-05 0.684
103   -9.483733236936e-02 -1.039159956740e-01 1.40e-07 1.40e-08 8.76e-05 0.690
104   -9.496849860966e-02 -1.036887749650e-01 1.26e-07 1.26e-08 8.26e-05 0.695
105   -9.496897029887e-02 -1.036784126263e-01 1.25e-07 1.25e-08 8.35e-05 0.701
106   -9.513323957769e-02 -1.034229641575e-01 1.12e-07 1.13e-08 7.86e-05 0.706
107   -9.513398926173e-02 -1.034132372373e-01 1.12e-07 1.12e-08 7.95e-05 0.712
108   -9.525745753322e-02 -1.032072525836e-01 1.01e-07 1.01e-08 7.49e-05 0.716
109   -9.525798132196e-02 -1.031979211051e-01 1.00e-07 1.01e-08 7.57e-05 0.722
110   -9.540106852585e-02 -1.029775827526e-01 9.05e-08 9.09e-09 7.12e-05 0.727
111   -9.540201784253e-02 -1.029689841663e-01 8.98e-08 9.03e-09 7.20e-05 0.734
112   -9.551686352038e-02 -1.027833037432e-01 8.12e-08 8.16e-09 6.78e-05 0.738
113   -9.551742933916e-02 -1.027749241290e-01 8.07e-08 8.11e-09 6.85e-05 0.744
114   -9.564279147946e-02 -1.025838196558e-01 7.31e-08 7.35e-09 6.44e-05 0.749
115   -9.564386929806e-02 -1.025762156276e-01 7.26e-08 7.29e-09 6.51e-05 0.756
116   -9.574966588482e-02 -1.024095859419e-01 6.58e-08 6.61e-09 6.13e-05 0.760
117   -9.575026706770e-02 -1.024020800027e-01 6.53e-08 6.57e-09 6.19e-05 0.766
118   -9.586062936538e-02 -1.022355279977e-01 5.93e-08 5.96e-09 5.83e-05 0.771
119   -9.586178463838e-02 -1.022288008638e-01 5.89e-08 5.92e-09 5.89e-05 0.778
120   -9.595855859079e-02 -1.020797063148e-01 5.36e-08 5.38e-09 5.54e-05 0.782
121   -9.595919093883e-02 -1.020729958165e-01 5.32e-08 5.35e-09 5.60e-05 0.789
122   -9.605679948198e-02 -1.019271529653e-01 4.84e-08 4.87e-09 5.27e-05 0.794
123   -9.605799656741e-02 -1.019211974219e-01 4.81e-08 4.84e-09 5.32e-05 0.801
124   -9.614614336070e-02 -1.017879406993e-01 4.38e-08 4.41e-09 5.01e-05 0.806
125   -9.614680312741e-02 -1.017819475547e-01 4.35e-08 4.38e-09 5.06e-05 0.812
126   -9.623357644989e-02 -1.016535793561e-01 3.98e-08 4.00e-09 4.76e-05 0.817
127   -9.623479004343e-02 -1.016483001617e-01 3.95e-08 3.97e-09 4.82e-05 0.824
128   -9.631496510037e-02 -1.015290999525e-01 3.61e-08 3.63e-09 4.53e-05 0.829
129   -9.631564743890e-02 -1.015237476003e-01 3.58e-08 3.60e-09 4.58e-05 0.836
130   -9.639325041783e-02 -1.014100992481e-01 3.28e-08 3.30e-09 4.31e-05 0.840
131   -9.639446166430e-02 -1.014054103109e-01 3.26e-08 3.27e-09 4.36e-05 0.847
132   -9.646746344337e-02 -1.012985058367e-01 2.98e-08 3.00e-09 4.11e-05 0.851
133   -9.646816190847e-02 -1.012937211570e-01 2.96e-08 2.98e-09 4.15e-05 0.859
134   -9.653803021901e-02 -1.011924551468e-01 2.72e-08 2.73e-09 3.91e-05 0.864
135   -9.653922440334e-02 -1.011882793927e-01 2.70e-08 2.71e-09 3.96e-05 0.870
136   -9.660588768635e-02 -1.010920245527e-01 2.48e-08 2.49e-09 3.73e-05 0.874
137   -9.660659467175e-02 -1.010877396715e-01 2.46e-08 2.47e-09 3.77e-05 0.881
138   -9.666994420827e-02 -1.009968974243e-01 2.26e-08 2.27e-09 3.55e-05 0.886
139   -9.667110964693e-02 -1.009931667965e-01 2.25e-08 2.26e-09 3.59e-05 0.892
140   -9.673223130403e-02 -1.009060889880e-01 2.07e-08 2.08e-09 3.39e-05 0.896
141   -9.673293882690e-02 -1.009022424674e-01 2.05e-08 2.06e-09 3.43e-05 0.903
142   -9.679078243561e-02 -1.008202021556e-01 1.89e-08 1.90e-09 3.23e-05 0.907
143   -9.679190989688e-02 -1.008168573363e-01 1.88e-08 1.89e-09 3.27e-05 0.915
144   -9.684820868469e-02 -1.007376799566e-01 1.73e-08 1.74e-09 3.08e-05 0.919
145   -9.684890903459e-02 -1.007342172774e-01 1.72e-08 1.73e-09 3.12e-05 0.926
146   -9.690207699223e-02 -1.006596510282e-01 1.59e-08 1.59e-09 2.94e-05 0.931
147   -9.690315933074e-02 -1.006566409085e-01 1.58e-08 1.58e-09 2.98e-05 0.937
148   -9.695525340665e-02 -1.005842886465e-01 1.45e-08 1.46e-09 2.81e-05 0.941
149   -9.695593966334e-02 -1.005811622331e-01 1.45e-08 1.45e-09 2.84e-05 0.947
150   -9.700509459646e-02 -1.005130025762e-01 1.33e-08 1.34e-09 2.68e-05 0.952
151   -9.700612663352e-02 -1.005102836430e-01 1.33e-08 1.33e-09 2.72e-05 0.959
152   -9.705451897841e-02 -1.004438815198e-01 1.22e-08 1.23e-09 2.56e-05 0.963
153   -9.705518552424e-02 -1.004410504927e-01 1.22e-08 1.22e-09 2.59e-05 0.969
154   -9.710083449594e-02 -1.003784622854e-01 1.13e-08 1.13e-09 2.45e-05 0.974
155   -9.710181313617e-02 -1.003759979333e-01 1.12e-08 1.12e-09 2.48e-05 0.981
156   -9.714688943417e-02 -1.003148586750e-01 1.03e-08 1.04e-09 2.34e-05 0.986
157   -9.714753241253e-02 -1.003122883272e-01 1.03e-08 1.03e-09 2.37e-05 0.994
158   -9.719004816902e-02 -1.002546324266e-01 9.51e-09 9.55e-10 2.24e-05 0.999
159   -9.719097249310e-02 -1.002523920711e-01 9.45e-09 9.50e-10 2.26e-05 1.007
160   -9.723301977282e-02 -1.001959825966e-01 8.75e-09 8.79e-10 2.14e-05 1.011
161   -9.723363722978e-02 -1.001936435340e-01 8.69e-09 8.74e-10 2.16e-05 1.017
162   -9.727329483486e-02 -1.001404255575e-01 8.05e-09 8.09e-10 2.04e-05 1.022
163   -9.727416585065e-02 -1.001383835319e-01 8.00e-09 8.04e-10 2.07e-05 1.028
164   -9.731340760957e-02 -1.000862757590e-01 7.41e-09 7.44e-10 1.95e-05 1.032
165   -9.731399915083e-02 -1.000841428518e-01 7.37e-09 7.40e-10 1.98e-05 1.039
166   -9.735101743972e-02 -1.000349591310e-01 6.83e-09 6.85e-10 1.87e-05 1.043
167   -9.735183746808e-02 -1.000330935873e-01 6.79e-09 6.81e-10 1.89e-05 1.049
168   -9.738846642719e-02 -9.998492060883e-02 6.29e-09 6.31e-10 1.79e-05 1.053
169   -9.738903261003e-02 -9.998297206463e-02 6.25e-09 6.28e-10 1.81e-05 1.060
170   -9.742360236491e-02 -9.993747270945e-02 5.80e-09 5.82e-10 1.71e-05 1.064
171   -9.742437436760e-02 -9.993576478361e-02 5.77e-09 5.79e-10 1.73e-05 1.071
172   -9.745856809010e-02 -9.989119829837e-02 5.35e-09 5.37e-10 1.64e-05 1.075
173   -9.745910991742e-02 -9.988941503316e-02 5.32e-09 5.34e-10 1.66e-05 1.083
174   -9.749140385445e-02 -9.984728883569e-02 4.93e-09 4.95e-10 1.57e-05 1.087
175   -9.749213101357e-02 -9.984572211106e-02 4.91e-09 4.92e-10 1.59e-05 1.094
176   -9.752405408729e-02 -9.980446620279e-02 4.55e-09 4.57e-10 1.50e-05 1.098
177   -9.752457276981e-02 -9.980283143600e-02 4.53e-09 4.54e-10 1.52e-05 1.104
178   -9.755474741835e-02 -9.976380077926e-02 4.20e-09 4.22e-10 1.44e-05 1.108
179   -9.755543295438e-02 -9.976236090299e-02 4.18e-09 4.19e-10 1.45e-05 1.114
180   -9.758523734850e-02 -9.972414874324e-02 3.88e-09 3.89e-10 1.37e-05 1.118
181   -9.758573420421e-02 -9.972264766281e-02 3.86e-09 3.87e-10 1.39e-05 1.124
182   -9.761393280191e-02 -9.968646296952e-02 3.59e-09 3.60e-10 1.32e-05 1.130
183   -9.761457987630e-02 -9.968513731706e-02 3.57e-09 3.58e-10 1.33e-05 1.136
184   -9.764240796560e-02 -9.964972553745e-02 3.32e-09 3.32e-10 1.26e-05 1.140
185   -9.764288433445e-02 -9.964834499659e-02 3.30e-09 3.30e-10 1.28e-05 1.148
186   -9.766924108059e-02 -9.961477814322e-02 3.07e-09 3.07e-10 1.21e-05 1.153
187   -9.766985269043e-02 -9.961355553113e-02 3.05e-09 3.06e-10 1.22e-05 1.160
188   -9.769584026560e-02 -9.958071905615e-02 2.84e-09 2.84e-10 1.16e-05 1.164
189   -9.769629741349e-02 -9.957944732969e-02 2.82e-09 2.83e-10 1.17e-05 1.171
190   -9.772093996220e-02 -9.954828734852e-02 2.62e-09 2.63e-10 1.11e-05 1.177
191   -9.772151885820e-02 -9.954715782579e-02 2.61e-09 2.61e-10 1.12e-05 1.183
192   -9.774579593822e-02 -9.951668746086e-02 2.43e-09 2.43e-10 1.06e-05 1.187
193   -9.774623500629e-02 -9.951551406876e-02 2.42e-09 2.42e-10 1.08e-05 1.195
194   -9.776928487441e-02 -9.948656540705e-02 2.25e-09 2.25e-10 1.02e-05 1.199
195   -9.776983353443e-02 -9.948552009453e-02 2.24e-09 2.24e-10 1.03e-05 1.205
196   -9.779252403826e-02 -9.945722162245e-02 2.08e-09 2.08e-10 9.79e-06 1.209
197   -9.779294602736e-02 -9.945613718595e-02 2.07e-09 2.07e-10 9.91e-06 1.216
198   -9.781451847369e-02 -9.942921875227e-02 1.93e-09 1.93e-10 9.39e-06 1.220
199   -9.781503910442e-02 -9.942824971672e-02 1.92e-09 1.92e-10 9.51e-06 1.226
200   -9.783626048531e-02 -9.940194325014e-02 1.79e-09 1.79e-10 9.01e-06 1.230
201   -9.783666626150e-02 -9.940093936993e-02 1.78e-09 1.78e-10 9.13e-06 1.237
202   -9.785687020709e-02 -9.937588370380e-02 1.66e-09 1.66e-10 8.65e-06 1.242
203   -9.785736476143e-02 -9.937498384894e-02 1.65e-09 1.65e-10 8.76e-06 1.249
204   -9.787722772657e-02 -9.935050323816e-02 1.54e-09 1.54e-10 8.31e-06 1.253
205   -9.787761803328e-02 -9.934957239476e-02 1.53e-09 1.53e-10 8.41e-06 1.259
206   -9.789655567346e-02 -9.932622529205e-02 1.43e-09 1.43e-10 7.98e-06 1.263
207   -9.789702587133e-02 -9.932538827166e-02 1.42e-09 1.42e-10 8.08e-06 1.269
208   -9.791563369121e-02 -9.930258107675e-02 1.32e-09 1.32e-10 7.66e-06 1.273
209   -9.791600916508e-02 -9.930171654450e-02 1.32e-09 1.32e-10 7.76e-06 1.280
210   -9.793377525430e-02 -9.927993712413e-02 1.23e-09 1.23e-10 7.36e-06 1.284
211   -9.793422261789e-02 -9.927915727149e-02 1.22e-09 1.22e-10 7.45e-06 1.292
212   -9.795167028448e-02 -9.925788497929e-02 1.14e-09 1.14e-10 7.07e-06 1.296
213   -9.795203148545e-02 -9.925708075446e-02 1.13e-09 1.13e-10 7.16e-06 1.303
214   -9.796871259086e-02 -9.923674162784e-02 1.06e-09 1.06e-10 6.79e-06 1.307
215   -9.796913848057e-02 -9.923601389324e-02 1.05e-09 1.05e-10 6.88e-06 1.316
216   -9.798551217423e-02 -9.921615187351e-02 9.84e-10 9.82e-11 6.53e-06 1.320
217   -9.798585961419e-02 -9.921540260725e-02 9.78e-10 9.78e-11 6.61e-06 1.327
218   -9.800153389874e-02 -9.919638953616e-02 9.14e-10 9.14e-11 6.28e-06 1.331
219   -9.800193955315e-02 -9.919570942656e-02 9.09e-10 9.09e-11 6.36e-06 1.338
220   -9.801731673937e-02 -9.917714627264e-02 8.49e-10 8.48e-11 6.04e-06 1.342
221   -9.801765090818e-02 -9.917644720169e-02 8.44e-10 8.43e-11 6.11e-06 1.348
222   -9.803238856273e-02 -9.915865811481e-02 7.89e-10 7.88e-11 5.80e-06 1.352
223   -9.803277513012e-02 -9.915802162748e-02 7.85e-10 7.84e-11 5.88e-06 1.358
224   -9.804722539604e-02 -9.914065775256e-02 7.33e-10 7.32e-11 5.58e-06 1.362
225   -9.804754677616e-02 -9.914000462846e-02 7.29e-10 7.27e-11 5.65e-06 1.370
226   -9.806141099341e-02 -9.912334811056e-02 6.82e-10 6.80e-11 5.37e-06 1.373
227   -9.806177955035e-02 -9.912275167614e-02 6.78e-10 6.77e-11 5.44e-06 1.380
228   -9.807536567285e-02 -9.910649773345e-02 6.34e-10 6.32e-11 5.16e-06 1.384
229   -9.807567474575e-02 -9.910588675870e-02 6.30e-10 6.29e-11 5.23e-06 1.391
230   -9.808872287055e-02 -9.909028041218e-02 5.89e-10 5.88e-11 4.97e-06 1.395
231   -9.808907443014e-02 -9.908972083246e-02 5.86e-10 5.84e-11 5.03e-06 1.401
232   -9.810185364340e-02 -9.907449597112e-02 5.48e-10 5.45e-11 4.78e-06 1.405
233   -9.810215088764e-02 -9.907392373705e-02 5.45e-10 5.43e-11 4.84e-06 1.412
234   -9.811443554380e-02 -9.905929262286e-02 5.10e-10 5.09e-11 4.60e-06 1.416
235   -9.811477105726e-02 -9.905876702220e-02 5.07e-10 5.06e-11 4.66e-06 1.422
236   -9.812679607326e-02 -9.904449746847e-02 4.74e-10 4.72e-11 4.43e-06 1.426
237   -9.812708195708e-02 -9.904396090630e-02 4.72e-10 4.69e-11 4.48e-06 1.433
238   -9.813865190669e-02 -9.903023632295e-02 4.42e-10 4.39e-11 4.26e-06 1.437
239   -9.813897226495e-02 -9.902974210562e-02 4.39e-10 4.37e-11 4.32e-06 1.444
240   -9.815029201550e-02 -9.901636009016e-02 4.11e-10 4.09e-11 4.10e-06 1.448
241   -9.815056699128e-02 -9.901585642623e-02 4.09e-10 4.07e-11 4.15e-06 1.454
242   -9.816146772857e-02 -9.900297501633e-02 3.82e-10 3.81e-11 3.95e-06 1.458
243   -9.816177376071e-02 -9.900250982909e-02 3.80e-10 3.77e-11 4.00e-06 1.464
244   -9.817243391573e-02 -9.898995279080e-02 3.56e-10 3.53e-11 3.80e-06 1.468
245   -9.817269841512e-02 -9.898947951098e-02 3.54e-10 3.50e-11 3.85e-06 1.475
246   -9.818297251604e-02 -9.897738266591e-02 3.31e-10 3.28e-11 3.66e-06 1.479
247   -9.818326498973e-02 -9.897694437290e-02 3.30e-10 3.25e-11 3.71e-06 1.485
248   -9.819330819534e-02 -9.896515450129e-02 3.09e-10 3.04e-11 3.53e-06 1.489
249   -9.819356262882e-02 -9.896470932309e-02 3.07e-10 3.03e-11 3.57e-06 1.496
250   -9.820324991448e-02 -9.895334281826e-02 2.87e-10 2.84e-11 3.40e-06 1.500
251   -9.820352953904e-02 -9.895292947610e-02 2.86e-10 2.81e-11 3.44e-06 1.506
252   -9.821299558522e-02 -9.894185335340e-02 2.68e-10 2.63e-11 3.27e-06 1.510
253   -9.821324034029e-02 -9.894143420292e-02 2.66e-10 2.61e-11 3.31e-06 1.517
254   -9.822237799481e-02 -9.893074790342e-02 2.49e-10 2.45e-11 3.15e-06 1.521
255   -9.822264542733e-02 -9.893035774171e-02 2.48e-10 2.44e-11 3.19e-06 1.527
256   -9.823157134205e-02 -9.891994608839e-02 2.32e-10 2.28e-11 3.04e-06 1.531
257   -9.823180678378e-02 -9.891955107871e-02 2.31e-10 2.27e-11 3.07e-06 1.537
258   -9.824042943203e-02 -9.890949871192e-02 2.16e-10 2.13e-11 2.93e-06 1.541
259   -9.824068528179e-02 -9.890913011623e-02 2.15e-10 2.10e-11 2.96e-06 1.547
260   -9.824910546345e-02 -9.889933751104e-02 2.02e-10 1.96e-11 2.82e-06 1.551
261   -9.824933193967e-02 -9.889896492150e-02 2.00e-10 1.96e-11 2.85e-06 1.558
262   -9.825747175619e-02 -9.888950383167e-02 1.88e-10 1.84e-11 2.72e-06 1.562
263   -9.825771658948e-02 -9.888915532809e-02 1.87e-10 1.84e-11 2.75e-06 1.568
264   -9.826566292287e-02 -9.887993996563e-02 1.75e-10 1.72e-11 2.62e-06 1.572
265   -9.826588076449e-02 -9.887958822894e-02 1.74e-10 1.71e-11 2.65e-06 1.578
266   -9.827356758484e-02 -9.887067914390e-02 1.63e-10 1.60e-11 2.52e-06 1.582
267   -9.827380192965e-02 -9.887034938651e-02 1.62e-10 1.59e-11 2.55e-06 1.589
268   -9.828130389474e-02 -9.886167285632e-02 1.52e-10 1.49e-11 2.43e-06 1.593
269   -9.828151341740e-02 -9.886134054135e-02 1.51e-10 1.48e-11 2.46e-06 1.600
270   -9.828877487319e-02 -9.885294732913e-02 1.42e-10 1.39e-11 2.34e-06 1.604
271   -9.828899922458e-02 -9.885263508491e-02 1.41e-10 1.38e-11 2.37e-06 1.610
272   -9.829608410553e-02 -9.884446205236e-02 1.32e-10 1.29e-11 2.26e-06 1.614
273   -9.829628561415e-02 -9.884414785025e-02 1.31e-10 1.29e-11 2.28e-06 1.621
274   -9.830314729268e-02 -9.883623725929e-02 1.23e-10 1.21e-11 2.17e-06 1.625
275   -9.830336211555e-02 -9.883594139929e-02 1.22e-10 1.20e-11 2.20e-06 1.631
276   -9.831005511938e-02 -9.882823939906e-02 1.15e-10 1.13e-11 2.10e-06 1.635
277   -9.831024890640e-02 -9.882794211251e-02 1.14e-10 1.12e-11 2.12e-06 1.642
278   -9.831673449426e-02 -9.882048354086e-02 1.07e-10 1.05e-11 2.02e-06 1.646
279   -9.831694022865e-02 -9.882020302734e-02 1.06e-10 1.05e-11 2.05e-06 1.653
280   -9.832326471474e-02 -9.881294214184e-02 9.96e-11 9.80e-12 1.95e-06 1.657
281   -9.832345106378e-02 -9.881266067111e-02 9.91e-11 9.76e-12 1.97e-06 1.664
282   -9.832958254461e-02 -9.880562588400e-02 9.29e-11 9.17e-12 1.88e-06 1.668
283   -9.832977960529e-02 -9.880535976221e-02 9.23e-11 9.13e-12 1.90e-06 1.674
284   -9.833575721503e-02 -9.879851242159e-02 8.66e-11 8.54e-12 1.81e-06 1.678
285   -9.833593640143e-02 -9.879824575574e-02 8.61e-11 8.47e-12 1.83e-06 1.684
286   -9.834173418616e-02 -9.879160868718e-02 8.07e-11 7.96e-12 1.74e-06 1.688
287   -9.834192296599e-02 -9.879135607843e-02 8.02e-11 8.02e-12 1.77e-06 1.695
288   -9.834757379103e-02 -9.878489682285e-02 7.52e-11 7.50e-12 1.68e-06 1.699
289   -9.834774607921e-02 -9.878464403228e-02 7.48e-11 7.55e-12 1.70e-06 1.705
290   -9.835322914755e-02 -9.877838057970e-02 7.01e-11 7.10e-12 1.62e-06 1.709
291   -9.835341002137e-02 -9.877814066913e-02 6.97e-11 7.08e-12 1.64e-06 1.715
292   -9.835875275879e-02 -9.877204593391e-02 6.54e-11 6.62e-12 1.56e-06 1.719
293   -9.835891840782e-02 -9.877180615810e-02 6.50e-11 6.60e-12 1.58e-06 1.726
294   -9.836410449706e-02 -9.876589393119e-02 6.10e-11 6.20e-12 1.50e-06 1.730
295   -9.836427781937e-02 -9.876566596633e-02 6.06e-11 6.12e-12 1.52e-06 1.736
296   -9.836932991793e-02 -9.875991387922e-02 5.68e-11 5.72e-12 1.45e-06 1.740
297   -9.836948917686e-02 -9.875968632481e-02 5.65e-11 5.60e-12 1.47e-06 1.746
298   -9.837439482614e-02 -9.875410455855e-02 5.30e-11 5.27e-12 1.40e-06 1.750
299   -9.837456093576e-02 -9.875388783974e-02 5.27e-11 5.34e-12 1.42e-06 1.757
300   -9.837933869802e-02 -9.874845807428e-02 4.94e-11 4.99e-12 1.35e-06 1.761
301   -9.837949180927e-02 -9.874824200351e-02 4.91e-11 4.96e-12 1.36e-06 1.767
302   -9.838413254548e-02 -9.874297131925e-02 4.60e-11 4.67e-12 1.30e-06 1.771
303   -9.838429176327e-02 -9.874276519693e-02 4.58e-11 4.56e-12 1.31e-06 1.777
304   -9.838881044196e-02 -9.873763883449e-02 4.29e-11 4.26e-12 1.25e-06 1.781
305   -9.838895763972e-02 -9.873743356433e-02 4.27e-11 4.11e-12 1.27e-06 1.787
306   -9.839334799263e-02 -9.873245592390e-02 4.00e-11 3.87e-12 1.21e-06 1.791
307   -9.839350062658e-02 -9.873225979149e-02 3.98e-11 3.84e-12 1.22e-06 1.798
308   -9.839777452908e-02 -9.872741917925e-02 3.73e-11 3.59e-12 1.16e-06 1.802
309   -9.839791603956e-02 -9.872722407350e-02 3.71e-11 3.64e-12 1.18e-06 1.810
310   -9.840206966399e-02 -9.872252261788e-02 3.48e-11 3.43e-12 1.12e-06 1.814
311   -9.840221600534e-02 -9.872233591089e-02 3.46e-11 3.59e-12 1.13e-06 1.820
312   -9.840625855329e-02 -9.871776457092e-02 3.24e-11 3.35e-12 1.08e-06 1.824
313   -9.840639459670e-02 -9.871757903773e-02 3.22e-11 3.37e-12 1.09e-06 1.830
314   -9.841032432771e-02 -9.871313800243e-02 3.02e-11 3.18e-12 1.04e-06 1.834
315   -9.841046465529e-02 -9.871296019355e-02 3.00e-11 3.24e-12 1.05e-06 1.841
316   -9.841428847620e-02 -9.870864270033e-02 2.82e-11 3.02e-12 1.00e-06 1.845
317   -9.841441926384e-02 -9.870846618820e-02 2.80e-11 3.14e-12 1.02e-06 1.851
318   -9.841813717878e-02 -9.870427081425e-02 2.63e-11 2.95e-12 9.67e-07 1.855
319   -9.841827175900e-02 -9.870410140906e-02 2.61e-11 3.14e-12 9.78e-07 1.862
320   -9.842188871578e-02 -9.870002333844e-02 2.45e-11 2.93e-12 9.32e-07 1.866
321   -9.842201445303e-02 -9.869985533166e-02 2.43e-11 2.93e-12 9.43e-07 1.873
322   -9.842553193663e-02 -9.869589177596e-02 2.28e-11 2.76e-12 8.98e-07 1.877
323   -9.842566102327e-02 -9.869573031169e-02 2.27e-11 2.58e-12 9.08e-07 1.883
324   -9.842908229148e-02 -9.869187813816e-02 2.13e-11 2.41e-12 8.65e-07 1.887
325   -9.842920317612e-02 -9.869171815534e-02 2.11e-11 2.51e-12 8.75e-07 1.893
326   -9.843253093914e-02 -9.868797345356e-02 1.98e-11 2.37e-12 8.33e-07 1.897
327   -9.843265477365e-02 -9.868781949802e-02 1.97e-11 2.37e-12 8.43e-07 1.903
328   -9.843589087029e-02 -9.868418054814e-02 1.85e-11 2.20e-12 8.03e-07 1.907
329   -9.843600709556e-02 -9.868402813726e-02 1.84e-11 2.41e-12 8.13e-07 1.913
330   -9.843915527599e-02 -9.868049007737e-02 1.72e-11 2.27e-12 7.74e-07 1.917
331   -9.843927409064e-02 -9.868034322278e-02 1.71e-11 2.29e-12 7.83e-07 1.923
332   -9.844233496172e-02 -9.867690556497e-02 1.61e-11 2.14e-12 7.45e-07 1.927
333   -9.844244671122e-02 -9.867676030551e-02 1.60e-11 2.19e-12 7.54e-07 1.933
334   -9.844542484382e-02 -9.867341744894e-02 1.50e-11 2.06e-12 7.18e-07 1.937
335   -9.844553886050e-02 -9.867327731262e-02 1.49e-11 1.99e-12 7.27e-07 1.943
336   -9.844843387288e-02 -9.867002975472e-02 1.39e-11 1.85e-12 6.92e-07 1.947
337   -9.844854132540e-02 -9.866989125060e-02 1.39e-11 1.85e-12 7.00e-07 1.954
338   -9.845135842564e-02 -9.866673282849e-02 1.30e-11 1.75e-12 6.67e-07 1.958
339   -9.845146785599e-02 -9.866659905155e-02 1.29e-11 1.64e-12 6.74e-07 1.965
340   -9.845420583999e-02 -9.866353108330e-02 1.21e-11 1.52e-12 6.42e-07 1.969
341   -9.845430916811e-02 -9.866339896341e-02 1.20e-11 1.49e-12 6.50e-07 1.976
342   -9.845697377225e-02 -9.866041482178e-02 1.13e-11 1.41e-12 6.18e-07 1.980
343   -9.845707881797e-02 -9.866028706625e-02 1.12e-11 1.32e-12 6.26e-07 1.986
344   -9.845966812712e-02 -9.865738878352e-02 1.05e-11 1.22e-12 5.96e-07 1.990
345   -9.845976749817e-02 -9.865726269894e-02 1.05e-11 1.35e-12 6.03e-07 1.996
346   -9.846228766125e-02 -9.865444329218e-02 9.80e-12 1.28e-12 5.74e-07 2.000
347   -9.846238851630e-02 -9.865432123951e-02 9.74e-12 1.26e-12 5.81e-07 2.007
348   -9.846483705527e-02 -9.865158330551e-02 9.13e-12 1.17e-12 5.53e-07 2.010
349   -9.846493262964e-02 -9.865146292857e-02 9.08e-12 1.17e-12 5.59e-07 2.017
350   -9.846731597485e-02 -9.864879925669e-02 8.51e-12 1.10e-12 5.32e-07 2.021
351   -9.846741282353e-02 -9.864868260781e-02 8.46e-12 8.88e-13 5.38e-07 2.028
352   -9.846972805513e-02 -9.864609623757e-02 7.93e-12 8.19e-13 5.13e-07 2.032
353   -9.846981998779e-02 -9.864598126103e-02 7.88e-12 7.30e-13 5.19e-07 2.038
354   -9.847207373700e-02 -9.864346482863e-02 7.39e-12 6.94e-13 4.94e-07 2.042
355   -9.847216675653e-02 -9.864335330060e-02 7.34e-12 6.91e-13 4.99e-07 2.048
356   -9.847435573592e-02 -9.864091021682e-02 6.88e-12 6.37e-13 4.75e-07 2.052
357   -9.847444417551e-02 -9.864080035185e-02 6.84e-12 6.40e-13 4.81e-07 2.059
358   -9.847657516614e-02 -9.863842314332e-02 6.41e-12 6.09e-13 4.58e-07 2.062
359   -9.847666452682e-02 -9.863831646860e-02 6.37e-12 6.56e-13 4.63e-07 2.070
360   -9.847873395345e-02 -9.863600883817e-02 5.97e-12 6.06e-13 4.41e-07 2.074
361   -9.847881904390e-02 -9.863590381189e-02 5.93e-12 5.58e-13 4.46e-07 2.081
362   -9.848083374966e-02 -9.863365826289e-02 5.56e-12 5.25e-13 4.24e-07 2.085
363   -9.848091961328e-02 -9.863355619025e-02 5.53e-12 5.64e-13 4.29e-07 2.092
364   -9.848287582305e-02 -9.863137662762e-02 5.18e-12 5.17e-13 4.09e-07 2.096
365   -9.848295770243e-02 -9.863127618458e-02 5.15e-12 5.91e-13 4.13e-07 2.102
366   -9.848486225020e-02 -9.862915515782e-02 4.83e-12 5.62e-13 3.93e-07 2.106
367   -9.848494477026e-02 -9.862905745132e-02 4.80e-12 4.86e-13 3.98e-07 2.112
368   -9.848679375987e-02 -9.862699898663e-02 4.50e-12 4.46e-13 3.79e-07 2.116
369   -9.848687256194e-02 -9.862690288470e-02 4.47e-12 3.42e-13 3.83e-07 2.122
370   -9.848867276680e-02 -9.862489962706e-02 4.19e-12 3.28e-13 3.65e-07 2.126
371   -9.848875209166e-02 -9.862480606266e-02 4.16e-12 2.66e-13 3.69e-07 2.133
372   -9.849049954199e-02 -9.862286211210e-02 3.90e-12 2.39e-13 3.51e-07 2.137
373   -9.849057539500e-02 -9.862277012365e-02 3.87e-12 1.74e-13 3.55e-07 2.143
374   -9.849227677783e-02 -9.862087824240e-02 3.63e-12 1.73e-13 3.38e-07 2.147
375   -9.849235304944e-02 -9.862078860805e-02 3.61e-12 1.50e-13 3.42e-07 2.154
376   -9.849400434342e-02 -9.861895295002e-02 3.38e-12 1.34e-13 3.25e-07 2.158
377   -9.849407737091e-02 -9.861886486035e-02 3.36e-12 2.21e-13 3.29e-07 2.164
378   -9.849568516182e-02 -9.861707831588e-02 3.15e-12 2.14e-13 3.13e-07 2.168
379   -9.849575851476e-02 -9.861699241231e-02 3.13e-12 2.30e-13 3.17e-07 2.174
380   -9.849731876977e-02 -9.861525914813e-02 2.93e-12 1.97e-13 3.01e-07 2.178
381   -9.849738908973e-02 -9.861517475537e-02 2.91e-12 2.77e-13 3.05e-07 2.185
382   -9.849890825028e-02 -9.861348783294e-02 2.73e-12 2.70e-13 2.90e-07 2.189
383   -9.849897881221e-02 -9.861340547311e-02 2.71e-12 3.22e-13 2.93e-07 2.195
384   -9.850045287442e-02 -9.861176903023e-02 2.54e-12 2.91e-13 2.79e-07 2.199
385   -9.850052060032e-02 -9.861168814468e-02 2.53e-12 3.44e-13 2.82e-07 2.205
386   -9.850195584023e-02 -9.861009543312e-02 2.37e-12 3.27e-13 2.69e-07 2.209
387   -9.850202373633e-02 -9.861001643730e-02 2.35e-12 3.21e-13 2.72e-07 2.216
388   -9.850341620643e-02 -9.860847153827e-02 2.21e-12 2.88e-13 2.59e-07 2.220
389   -9.850348144669e-02 -9.860839398065e-02 2.19e-12 2.35e-13 2.61e-07 2.226
390   -9.850483722906e-02 -9.860689036431e-02 2.05e-12 2.30e-13 2.49e-07 2.230
391   -9.850490257811e-02 -9.860681456289e-02 2.04e-12 3.57e-13 2.51e-07 2.238
392   -9.850621781060e-02 -9.860535622369e-02 1.91e-12 3.32e-13 2.39e-07 2.242
393   -9.850628066979e-02 -9.860528182449e-02 1.90e-12 4.04e-13 2.42e-07 2.248
394   -9.850756122228e-02 -9.860386246833e-02 1.78e-12 3.85e-13 2.30e-07 2.252
395   -9.850762413273e-02 -9.860378970637e-02 1.77e-12 2.41e-13 2.33e-07 2.258
396   -9.850886625842e-02 -9.860241320883e-02 1.66e-12 2.20e-13 2.22e-07 2.262
397   -9.850892683750e-02 -9.860234180779e-02 1.64e-12 3.23e-13 2.24e-07 2.268
398   -9.851013619839e-02 -9.860100210407e-02 1.54e-12 3.14e-13 2.13e-07 2.272
399   -9.851019677900e-02 -9.860093222999e-02 1.53e-12 2.40e-13 2.16e-07 2.279
400   -9.851136970232e-02 -9.859963312341e-02 1.44e-12 2.15e-13 2.05e-07 2.283
401   -9.851142809382e-02 -9.859956457339e-02 1.42e-12 2.14e-13 2.07e-07 2.290
402   -9.851257004898e-02 -9.859830020944e-02 1.34e-12 1.98e-13 1.97e-07 2.294
403   -9.851262840287e-02 -9.859823308048e-02 1.33e-12 3.67e-13 1.99e-07 2.302
404   -9.851373587863e-02 -9.859700709487e-02 1.24e-12 3.37e-13 1.90e-07 2.306
405   -9.851379217722e-02 -9.859694125081e-02 1.23e-12 4.15e-13 1.92e-07 2.312
406   -9.851487038061e-02 -9.859574807477e-02 1.16e-12 4.02e-13 1.83e-07 2.316
407   -9.851492660415e-02 -9.859568355771e-02 1.15e-12 3.80e-13 1.85e-07 2.323
408   -9.851597214023e-02 -9.859452670934e-02 1.08e-12 3.46e-13 1.76e-07 2.327
409   -9.851602643235e-02 -9.859446343861e-02 1.07e-12 5.55e-13 1.78e-07 2.334
410   -9.851704429876e-02 -9.859333757555e-02 1.00e-12 5.34e-13 1.69e-07 2.338
411   -9.851709848266e-02 -9.859327554632e-02 9.95e-13 3.93e-13 1.71e-07 2.344
412   -9.851808543049e-02 -9.859218403651e-02 9.33e-13 3.59e-13 1.63e-07 2.348
413   -9.851813779944e-02 -9.859212321395e-02 9.25e-13 2.31e-13 1.64e-07 2.354
414   -9.851909860124e-02 -9.859106095798e-02 8.68e-13 2.18e-13 1.56e-07 2.358
415   -9.851915083339e-02 -9.859100129765e-02 8.61e-13 2.56e-13 1.58e-07 2.364
416   -9.852008233578e-02 -9.858997156914e-02 8.08e-13 2.39e-13 1.50e-07 2.368
417   -9.852013286263e-02 -9.858991307458e-02 8.01e-13 4.61e-13 1.52e-07 2.375
418   -9.852103969413e-02 -9.858891092723e-02 7.52e-13 4.36e-13 1.45e-07 2.379
419   -9.852109006014e-02 -9.858885352140e-02 7.46e-13 4.83e-13 1.46e-07 2.386
420   -9.852196916907e-02 -9.858788212748e-02 6.99e-13 4.47e-13 1.39e-07 2.390
421   -9.852201792872e-02 -9.858782585038e-02 6.94e-13 4.22e-13 1.40e-07 2.396
422   -9.852287370173e-02 -9.858688052375e-02 6.50e-13 4.07e-13 1.34e-07 2.400
423   -9.852292228243e-02 -9.858682526489e-02 6.45e-13 3.22e-13 1.35e-07 2.407
424   -9.852375183164e-02 -9.858590900843e-02 6.05e-13 2.95e-13 1.29e-07 2.410
425   -9.852379889617e-02 -9.858585484380e-02 6.00e-13 3.56e-13 1.30e-07 2.417
426   -9.852460641055e-02 -9.858496318229e-02 5.63e-13 3.42e-13 1.24e-07 2.421
427   -9.852465327789e-02 -9.858490997439e-02 5.58e-13 3.55e-13 1.25e-07 2.427
428   -9.852543596741e-02 -9.858404581337e-02 5.24e-13 3.25e-13 1.19e-07 2.431
429   -9.852548140743e-02 -9.858399366071e-02 5.19e-13 3.83e-13 1.20e-07 2.438
430   -9.852624328771e-02 -9.858315270965e-02 4.87e-13 3.59e-13 1.14e-07 2.442
431   -9.852628851643e-02 -9.858310145558e-02 4.83e-13 5.45e-13 1.15e-07 2.448
432   -9.852702694928e-02 -9.858228646284e-02 4.53e-13 5.01e-13 1.10e-07 2.452
433   -9.852707083128e-02 -9.858223622789e-02 4.49e-13 4.69e-13 1.11e-07 2.459
434   -9.852778957304e-02 -9.858144318163e-02 4.21e-13 4.39e-13 1.06e-07 2.463
435   -9.852783322655e-02 -9.858139379745e-02 4.18e-13 4.80e-13 1.07e-07 2.470
436   -9.852852977557e-02 -9.858062530550e-02 3.92e-13 4.47e-13 1.02e-07 2.474
437   -9.852857215773e-02 -9.858057690536e-02 3.89e-13 3.60e-13 1.03e-07 2.480
438   -9.852925010646e-02 -9.857982912982e-02 3.65e-13 3.37e-13 9.76e-08 2.484
439   -9.852929225469e-02 -9.857978152609e-02 3.61e-13 4.35e-13 9.85e-08 2.491
440   -9.852994925167e-02 -9.857905691911e-02 3.39e-13 4.06e-13 9.38e-08 2.495
441   -9.852999019544e-02 -9.857901026869e-02 3.36e-13 3.62e-13 9.47e-08 2.501
442   -9.853062960736e-02 -9.857830523402e-02 3.15e-13 3.54e-13 9.02e-08 2.505
443   -9.853067031031e-02 -9.857825933339e-02 3.13e-13 7.37e-13 9.10e-08 2.512
444   -9.853128991704e-02 -9.857757618783e-02 2.93e-13 6.87e-13 8.67e-08 2.516
445   -9.853132948332e-02 -9.857753120428e-02 2.91e-13 6.79e-13 8.75e-08 2.522
446   -9.853193250519e-02 -9.857686650648e-02 2.73e-13 6.30e-13 8.33e-08 2.526
447   -9.853197182028e-02 -9.857682223519e-02 2.70e-13 8.52e-13 8.41e-08 2.533
448   -9.853255613030e-02 -9.857617820754e-02 2.53e-13 7.97e-13 8.01e-08 2.537
449   -9.853259436783e-02 -9.857613482323e-02 2.51e-13 5.64e-13 8.08e-08 2.543
450   -9.853316297622e-02 -9.857550824938e-02 2.36e-13 5.33e-13 7.69e-08 2.547
451   -9.853320095639e-02 -9.857546553988e-02 2.34e-13 6.30e-13 7.76e-08 2.554
452   -9.853375186900e-02 -9.857485850454e-02 2.19e-13 5.72e-13 7.39e-08 2.557
453   -9.853378882751e-02 -9.857481665204e-02 2.17e-13 6.67e-13 7.46e-08 2.564
454   -9.853432491483e-02 -9.857422608658e-02 2.04e-13 6.28e-13 7.10e-08 2.568
455   -9.853436161588e-02 -9.857418486923e-02 2.02e-13 5.93e-13 7.17e-08 2.574
456   -9.853488101975e-02 -9.857361271655e-02 1.89e-13 5.45e-13 6.83e-08 2.578
457   -9.853491675374e-02 -9.857357232388e-02 1.88e-13 7.97e-13 6.89e-08 2.584
458   -9.853542214794e-02 -9.857301572600e-02 1.76e-13 7.63e-13 6.56e-08 2.588
459   -9.853545761627e-02 -9.857297594160e-02 1.74e-13 8.38e-13 6.61e-08 2.594
460   -9.853594721459e-02 -9.857243676928e-02 1.64e-13 7.93e-13 6.30e-08 2.598
461   -9.853598176184e-02 -9.857239778464e-02 1.62e-13 1.04e-12 6.35e-08 2.605
462   -9.853645812565e-02 -9.857187329816e-02 1.52e-13 9.87e-13 6.05e-08 2.608
463   -9.853649240732e-02 -9.857183488929e-02 1.51e-13 7.84e-13 6.10e-08 2.615
464   -9.853695387636e-02 -9.857132682788e-02 1.41e-13 7.38e-13 5.81e-08 2.619
465   -9.853698728762e-02 -9.857128918565e-02 1.40e-13 6.31e-13 5.86e-08 2.626
466   -9.853743625270e-02 -9.857079499209e-02 1.31e-13 5.93e-13 5.58e-08 2.630
467   -9.853746939361e-02 -9.857075790164e-02 1.30e-13 1.36e-13 5.63e-08 2.636
468   -9.853790429268e-02 -9.857027921332e-02 1.22e-13 1.23e-13 5.36e-08 2.640
469   -9.853793660406e-02 -9.857024286524e-02 1.21e-13 5.90e-13 5.41e-08 2.646
470   -9.853835968250e-02 -9.856977727986e-02 1.13e-13 5.54e-13 5.15e-08 2.650
471   -9.853839172705e-02 -9.856974145342e-02 1.12e-13 7.46e-13 5.19e-08 2.656
472   -9.853880154161e-02 -9.856929048412e-02 1.05e-13 7.12e-13 4.95e-08 2.660
473   -9.853883279046e-02 -9.856925538107e-02 1.04e-13 1.09e-12 4.99e-08 2.668
474   -9.853923142519e-02 -9.856881679786e-02 9.79e-14 1.02e-12 4.75e-08 2.672
475   -9.853926240833e-02 -9.856878219198e-02 9.69e-14 1.18e-12 4.79e-08 2.678
476   -9.853964853400e-02 -9.856835738836e-02 9.09e-14 1.12e-12 4.56e-08 2.682
477   -9.853967876313e-02 -9.856832347644e-02 9.00e-14 1.37e-12 4.60e-08 2.688
478   -9.854005432382e-02 -9.856791037222e-02 8.45e-14 1.28e-12 4.38e-08 2.692
479   -9.854008428497e-02 -9.856787693880e-02 8.36e-14 1.53e-12 4.42e-08 2.698
480   -9.854044802703e-02 -9.856747684930e-02 7.85e-14 1.45e-12 4.21e-08 2.702
481   -9.854047726744e-02 -9.856744408779e-02 7.77e-14 1.23e-12 4.24e-08 2.710
482   -9.854083103825e-02 -9.856705503511e-02 7.28e-14 1.15e-12 4.04e-08 2.714
483   -9.854086001284e-02 -9.856702273066e-02 7.22e-14 9.67e-13 4.07e-08 2.719
484   -9.854120263598e-02 -9.856664595018e-02 6.77e-14 9.09e-13 3.88e-08 2.723
485   -9.854123092515e-02 -9.856661429211e-02 6.71e-14 5.78e-13 3.91e-08 2.729
486   -9.854156413676e-02 -9.856624792441e-02 6.28e-14 5.42e-13 3.72e-08 2.733
487   -9.854159215794e-02 -9.856621670865e-02 6.23e-14 4.12e-13 3.75e-08 2.740
488   -9.854191481251e-02 -9.856586195934e-02 5.84e-14 4.00e-13 3.57e-08 2.743
489   -9.854194217292e-02 -9.856583137467e-02 5.78e-14 1.77e-13 3.60e-08 2.750
490   -9.854225592609e-02 -9.856548646927e-02 5.42e-14 1.60e-13 3.43e-08 2.754
491   -9.854228302677e-02 -9.856545630245e-02 5.36e-14 4.03e-13 3.45e-08 2.761
492   -9.854258686734e-02 -9.856512230358e-02 5.04e-14 3.78e-13 3.29e-08 2.765
493   -9.854261333142e-02 -9.856509275198e-02 4.98e-14 2.60e-13 3.32e-08 2.771
494   -9.854290873302e-02 -9.856476808133e-02 4.67e-14 2.39e-13 3.16e-08 2.775
495   -9.854293493443e-02 -9.856473893704e-02 4.63e-14 4.31e-13 3.18e-08 2.781
496   -9.854322096080e-02 -9.856442457882e-02 4.34e-14 4.13e-13 3.03e-08 2.784
497   -9.854324656423e-02 -9.856439601680e-02 4.29e-14 6.48e-13 3.05e-08 2.790
498   -9.854352469507e-02 -9.856409038343e-02 4.03e-14 6.21e-13 2.91e-08 2.794
499   -9.854355003740e-02 -9.856406221436e-02 3.99e-14 7.42e-13 2.93e-08 2.800
500   -9.854381931095e-02 -9.856376632120e-02 3.73e-14 6.99e-13 2.79e-08 2.804
501   -9.854384407375e-02 -9.856373872267e-02 3.70e-14 1.09e-12 2.81e-08 2.811
502   -9.854410586256e-02 -9.856345109688e-02 3.47e-14 1.01e-12 2.68e-08 2.815
503   -9.854413036859e-02 -9.856342387542e-02 3.43e-14 8.99e-13 2.70e-08 2.820
504   -9.854438378040e-02 -9.856314545953e-02 3.23e-14 8.37e-13 2.57e-08 2.824
505   -9.854440772910e-02 -9.856311879168e-02 3.36e-14 2.81e-13 2.59e-08 2.831
506   -9.854465405971e-02 -9.856284819447e-02 3.09e-14 2.56e-13 2.46e-08 2.835
507   -9.854467774966e-02 -9.856282189588e-02 3.21e-14 2.40e-13 2.48e-08 2.841
508   -9.854491620324e-02 -9.856255995698e-02 3.09e-14 2.44e-13 2.36e-08 2.845
509   -9.854493936266e-02 -9.856253418948e-02 3.55e-14 4.40e-13 2.38e-08 2.850
510   -9.854517114128e-02 -9.856227961815e-02 3.27e-14 3.97e-13 2.27e-08 2.854
511   -9.854519404846e-02 -9.856225420365e-02 3.39e-14 1.44e-13 2.28e-08 2.860
512   -9.854541842240e-02 -9.856200776984e-02 3.25e-14 1.23e-13 2.17e-08 2.864
513   -9.854544081373e-02 -9.856198287624e-02 3.68e-14 5.60e-13 2.19e-08 2.871
514   -9.854565887315e-02 -9.856174340957e-02 3.40e-14 5.54e-13 2.09e-08 2.875
515   -9.854568100973e-02 -9.856171886381e-02 3.51e-14 5.19e-13 2.10e-08 2.881
516   -9.854589204437e-02 -9.856148711537e-02 3.36e-14 4.68e-13 2.00e-08 2.885
517   -9.854591368517e-02 -9.856146307397e-02 3.78e-14 1.44e-13 2.01e-08 2.891
518   -9.854611873771e-02 -9.856123792357e-02 3.49e-14 1.11e-13 1.92e-08 2.894
519   -9.854614012700e-02 -9.856121421925e-02 3.80e-14 2.18e-13 1.93e-08 2.901
520   -9.854633860409e-02 -9.856099629221e-02 3.63e-14 2.14e-13 1.84e-08 2.905
521   -9.854635952370e-02 -9.856097306828e-02 4.03e-14 9.84e-14 1.85e-08 2.910
522   -9.854655237994e-02 -9.856076133908e-02 3.73e-14 8.14e-14 1.76e-08 2.914
523   -9.854657305185e-02 -9.856073844134e-02 4.02e-14 5.59e-13 1.77e-08 2.921
524   -9.854675967148e-02 -9.856053356194e-02 3.84e-14 5.18e-13 1.69e-08 2.925
525   -9.854677988872e-02 -9.856051113249e-02 4.40e-14 6.22e-13 1.70e-08 2.931
526   -9.854696120897e-02 -9.856031209471e-02 4.08e-14 5.91e-13 1.62e-08 2.935
527   -9.854698117258e-02 -9.856028999219e-02 4.36e-14 2.35e-13 1.63e-08 2.941
528   -9.854715658523e-02 -9.856009744157e-02 4.15e-14 2.21e-13 1.55e-08 2.945
529   -9.854717611491e-02 -9.856007578836e-02 4.52e-14 1.63e-13 1.56e-08 2.952
530   -9.854734651648e-02 -9.855988875991e-02 4.19e-14 1.50e-13 1.49e-08 2.956
531   -9.854736578700e-02 -9.855986743443e-02 4.45e-14 7.08e-13 1.49e-08 2.962
532   -9.854753066053e-02 -9.855968647539e-02 4.24e-14 6.44e-13 1.43e-08 2.966
533   -9.854754951611e-02 -9.855966558193e-02 4.75e-14 3.64e-13 1.43e-08 2.972
534   -9.854770965463e-02 -9.855948983919e-02 4.41e-14 3.29e-13 1.37e-08 2.976
535   -9.854772826803e-02 -9.855946925006e-02 4.65e-14 3.72e-13 1.37e-08 2.982
536   -9.854788321801e-02 -9.855929920331e-02 4.42e-14 3.31e-13 1.31e-08 2.986
537   -9.854790142837e-02 -9.855927903603e-02 4.91e-14 9.13e-13 1.31e-08 2.992
538   -9.854805189158e-02 -9.855911393066e-02 4.57e-14 8.39e-13 1.25e-08 2.996
539   -9.854806985863e-02 -9.855909406476e-02 4.80e-14 1.15e-13 1.26e-08 3.003
540   -9.854821540247e-02 -9.855893435899e-02 4.56e-14 9.92e-14 1.20e-08 3.006
541   -9.854823297191e-02 -9.855891491168e-02 5.02e-14 7.22e-13 1.21e-08 3.012
542   -9.854837432869e-02 -9.855875981613e-02 4.67e-14 6.84e-13 1.15e-08 3.016
543   -9.854839166254e-02 -9.855874065810e-02 4.89e-14 7.82e-13 1.15e-08 3.022
544   -9.854852835215e-02 -9.855859068452e-02 4.64e-14 7.33e-13 1.10e-08 3.026
545   -9.854854530552e-02 -9.855857192849e-02 4.95e-14 9.50e-13 1.11e-08 3.032
546   -9.854867801763e-02 -9.855842633321e-02 4.60e-14 9.04e-13 1.05e-08 3.036
547   -9.854869473358e-02 -9.855840786510e-02 4.81e-14 3.94e-13 1.06e-08 3.043
548   -9.854882305292e-02 -9.855826709005e-02 4.57e-14 4.01e-13 1.01e-08 3.047
549   -9.854883941065e-02 -9.855824900149e-02 4.86e-14 2.99e-13 1.01e-08 3.053
550   -9.854896401072e-02 -9.855811231973e-02 4.52e-14 2.98e-13 9.67e-09 3.057
551   -9.854898013522e-02 -9.855809451147e-02 4.72e-14 1.04e-12 9.71e-09 3.063
552   -9.854910063025e-02 -9.855796233367e-02 4.47e-14 9.75e-13 9.26e-09 3.067
553   -9.854911639422e-02 -9.855794490942e-02 4.75e-14 7.75e-13 9.29e-09 3.073
554   -9.854923331966e-02 -9.855781665877e-02 4.43e-14 7.49e-13 8.86e-09 3.077
555   -9.854924885722e-02 -9.855779950475e-02 4.47e-14 5.52e-13 8.89e-09 3.082
556   -9.854936189151e-02 -9.855767552285e-02 4.24e-14 5.26e-13 8.49e-09 3.086
557   -9.854937709342e-02 -9.855765872699e-02 4.64e-14 2.26e-14 8.51e-09 3.092
558   -9.854948683881e-02 -9.855753836311e-02 4.32e-14 1.77e-14 8.12e-09 3.096
559   -9.854950181672e-02 -9.855752183238e-02 4.36e-14 3.84e-13 8.15e-09 3.101
560   -9.854960791913e-02 -9.855740546454e-02 4.14e-14 3.68e-13 7.77e-09 3.105
561   -9.854962256448e-02 -9.855738929012e-02 4.40e-14 4.47e-13 7.80e-09 3.113
562   -9.854972551971e-02 -9.855727638329e-02 4.10e-14 4.31e-13 7.44e-09 3.117
563   -9.854973994272e-02 -9.855726047013e-02 4.14e-14 3.06e-13 7.46e-09 3.122
564   -9.854983945072e-02 -9.855715134417e-02 3.92e-14 2.68e-13 7.12e-09 3.126
565   -9.854985354924e-02 -9.855713577964e-02 4.29e-14 2.72e-13 7.14e-09 3.132
566   -9.854995004814e-02 -9.855702996202e-02 4.00e-14 2.96e-13 6.81e-09 3.136
567   -9.854996392639e-02 -9.855701465457e-02 4.04e-14 1.11e-13 6.83e-09 3.141
568   -9.855005717716e-02 -9.855691239912e-02 3.83e-14 9.75e-14 6.52e-09 3.145
569   -9.855007075664e-02 -9.855689741305e-02 4.07e-14 1.05e-12 6.53e-09 3.151
570   -9.855016122087e-02 -9.855679822094e-02 3.79e-14 9.84e-13 6.23e-09 3.155
571   -9.855017458299e-02 -9.855678348704e-02 3.95e-14 8.58e-13 6.25e-09 3.162
572   -9.855026202718e-02 -9.855668760663e-02 3.74e-14 7.61e-13 5.96e-09 3.166
573   -9.855027509146e-02 -9.855667319409e-02 4.08e-14 1.64e-12 5.98e-09 3.172
574   -9.855035986914e-02 -9.855658024422e-02 3.80e-14 1.56e-12 5.70e-09 3.176
575   -9.855037272018e-02 -9.855656607779e-02 3.83e-14 1.24e-12 5.72e-09 3.181
576   -9.855045465734e-02 -9.855647624248e-02 3.64e-14 1.17e-12 5.46e-09 3.185
577   -9.855046722753e-02 -9.855646237965e-02 3.96e-14 1.17e-12 5.47e-09 3.191
578   -9.855054665474e-02 -9.855637530238e-02 3.69e-14 1.13e-12 5.22e-09 3.195
579   -9.855055902267e-02 -9.855636167219e-02 3.82e-14 2.01e-12 5.23e-09 3.211
580   -9.855063577187e-02 -9.855627753108e-02 3.63e-14 1.85e-12 4.99e-09 3.217
581   -9.855064786431e-02 -9.855626419919e-02 3.83e-14 2.20e-12 5.00e-09 3.223
582   -9.855072228655e-02 -9.855618261472e-02 3.57e-14 2.08e-12 4.77e-09 3.227
583   -9.855073418583e-02 -9.855616950433e-02 3.60e-14 1.22e-12 4.78e-09 3.233
584   -9.855080608425e-02 -9.855609068673e-02 3.41e-14 1.12e-12 4.56e-09 3.237
585   -9.855081770688e-02 -9.855607787660e-02 3.61e-14 5.47e-13 4.57e-09 3.243
586   -9.855088732882e-02 -9.855600155944e-02 3.37e-14 5.01e-13 4.36e-09 3.247
587   -9.855089875736e-02 -9.855598897078e-02 3.49e-14 4.69e-13 4.37e-09 3.253
588   -9.855096607110e-02 -9.855591518393e-02 3.31e-14 4.21e-13 4.17e-09 3.257
589   -9.855097725396e-02 -9.855590286206e-02 3.50e-14 1.18e-12 4.17e-09 3.263
590   -9.855104247609e-02 -9.855583137246e-02 3.27e-14 1.10e-12 3.98e-09 3.267
591   -9.855105346651e-02 -9.855581926925e-02 3.39e-14 1.39e-13 3.99e-09 3.273
592   -9.855111643260e-02 -9.855575025250e-02 3.21e-14 1.44e-13 3.81e-09 3.277
593   -9.855112718697e-02 -9.855573840589e-02 3.48e-14 5.40e-13 3.81e-09 3.283
594   -9.855118819098e-02 -9.855567154388e-02 3.25e-14 4.81e-13 3.64e-09 3.287
595   -9.855119873572e-02 -9.855565993397e-02 3.36e-14 1.02e-13 3.64e-09 3.293
596   -9.855125767741e-02 -9.855559533225e-02 3.18e-14 5.72e-14 3.48e-09 3.297
597   -9.855126800298e-02 -9.855558396100e-02 3.36e-14 9.05e-13 3.48e-09 3.303
598   -9.855132508715e-02 -9.855552139879e-02 3.13e-14 8.01e-13 3.32e-09 3.306
599   -9.855133522268e-02 -9.855551024185e-02 3.15e-14 1.70e-12 3.33e-09 3.312
600   -9.855139029324e-02 -9.855544988647e-02 2.99e-14 1.57e-12 3.18e-09 3.316
601   -9.855140020139e-02 -9.855543897755e-02 3.15e-14 6.36e-13 3.18e-09 3.322
602   -9.855145356128e-02 -9.855538050023e-02 2.94e-14 6.48e-13 3.04e-09 3.326
603   -9.855146329284e-02 -9.855536979034e-02 3.04e-14 1.64e-12 3.04e-09 3.332
604   -9.855151477733e-02 -9.855531336826e-02 2.89e-14 1.53e-12 2.90e-09 3.336
605   -9.855152430318e-02 -9.855530288279e-02 3.04e-14 1.39e-13 2.90e-09 3.343
606   -9.855157422038e-02 -9.855524818130e-02 2.84e-14 7.09e-14 2.77e-09 3.346
607   -9.855158356781e-02 -9.855523789616e-02 2.85e-14 4.10e-13 2.77e-09 3.352
608   -9.855163165604e-02 -9.855518519880e-02 2.71e-14 3.81e-13 2.65e-09 3.356
609   -9.855164081182e-02 -9.855517512296e-02 2.93e-14 1.49e-12 2.65e-09 3.361
610   -9.855168744448e-02 -9.855512402346e-02 2.74e-14 1.34e-12 2.53e-09 3.365
611   -9.855169641268e-02 -9.855511415739e-02 2.83e-14 3.21e-12 2.53e-09 3.371
612   -9.855174134950e-02 -9.855506491606e-02 2.68e-14 3.09e-12 2.41e-09 3.375
613   -9.855175013472e-02 -9.855505524988e-02 2.82e-14 3.15e-12 2.41e-09 3.382
614   -9.855179365739e-02 -9.855500756055e-02 2.64e-14 3.01e-12 2.31e-09 3.386
615   -9.855180229096e-02 -9.855499806436e-02 2.65e-14 3.31e-12 2.30e-09 3.391
616   -9.855184428107e-02 -9.855495205441e-02 2.51e-14 3.07e-12 2.20e-09 3.395
617   -9.855185269837e-02 -9.855494279490e-02 2.71e-14 3.77e-12 2.20e-09 3.401
618   -9.855189337113e-02 -9.855489823042e-02 2.53e-14 3.50e-12 2.10e-09 3.404
619   -9.855190163294e-02 -9.855488914471e-02 2.54e-14 2.50e-12 2.10e-09 3.410
620   -9.855194077092e-02 -9.855484626175e-02 2.41e-14 2.37e-12 2.01e-09 3.414
621   -9.855194886588e-02 -9.855483735859e-02 2.60e-14 4.20e-12 2.01e-09 3.420
622   -9.855198681370e-02 -9.855479578169e-02 2.44e-14 3.93e-12 1.92e-09 3.424
623   -9.855199475624e-02 -9.855478704858e-02 2.44e-14 3.77e-12 1.91e-09 3.430
624   -9.855203134287e-02 -9.855474696302e-02 2.32e-14 3.59e-12 1.83e-09 3.433
625   -9.855203912590e-02 -9.855473840452e-02 2.44e-14 4.10e-12 1.83e-09 3.439
626   -9.855207446919e-02 -9.855469968293e-02 2.29e-14 3.94e-12 1.75e-09 3.443
627   -9.855208208946e-02 -9.855469130544e-02 2.35e-14 4.66e-12 1.74e-09 3.450
628   -9.855211625884e-02 -9.855465387005e-02 2.23e-14 4.39e-12 1.67e-09 3.454
629   -9.855212370612e-02 -9.855464568224e-02 2.35e-14 2.57e-12 1.67e-09 3.460
630   -9.855215671793e-02 -9.855460951644e-02 2.20e-14 2.41e-12 1.59e-09 3.464
631   -9.855216406090e-02 -9.855460144433e-02 5.00e-15 1.78e-12 1.59e-09 3.469
632   -9.855219597155e-02 -9.855456648510e-02 4.55e-15 1.65e-12 1.52e-09 3.473
633   -9.855220312819e-02 -9.855455861810e-02 2.91e-15 2.89e-13 1.52e-09 3.479
634   -9.855223391625e-02 -9.855452488993e-02 2.89e-15 2.92e-13 1.45e-09 3.483
635   -9.855224095267e-02 -9.855451715675e-02 1.83e-15 9.43e-14 1.45e-09 3.489
636   -9.855227066826e-02 -9.855448460353e-02 1.55e-15 1.37e-14 1.39e-09 3.493
637   -9.855227755807e-02 -9.855447703169e-02 2.33e-14 1.08e-12 1.38e-09 3.498
638   -9.855230627876e-02 -9.855444556960e-02 2.18e-14 9.85e-13 1.32e-09 3.502
639   -9.855231302548e-02 -9.855443815586e-02 2.18e-14 3.48e-13 1.32e-09 3.507
640   -9.855234070604e-02 -9.855440783315e-02 2.07e-14 3.72e-13 1.26e-09 3.511
641   -9.855234732044e-02 -9.855440056449e-02 2.22e-14 2.14e-13 1.26e-09 3.517
642   -9.855237406677e-02 -9.855437126633e-02 2.08e-14 2.17e-13 1.20e-09 3.521
643   -9.855238053154e-02 -9.855436416319e-02 2.07e-14 1.97e-12 1.20e-09 3.526
644   -9.855240627154e-02 -9.855433596735e-02 1.97e-14 1.90e-12 1.15e-09 3.530
645   -9.855241260320e-02 -9.855432901040e-02 2.06e-14 9.16e-13 1.14e-09 3.536
646   -9.855243755377e-02 -9.855430168034e-02 1.93e-14 8.76e-13 1.10e-09 3.540
647   -9.855244378540e-02 -9.855429483441e-02 1.93e-14 1.57e-12 1.09e-09 3.545
648   -9.855246783879e-02 -9.855426848714e-02 1.83e-14 1.46e-12 1.05e-09 3.549
649   -9.855247393225e-02 -9.855426179280e-02 1.97e-14 1.81e-13 1.04e-09 3.556
650   -9.855249713450e-02 -9.855423637872e-02 1.84e-14 1.52e-13 9.97e-10 3.560
651   -9.855250312857e-02 -9.855422979454e-02 1.89e-14 5.09e-13 9.93e-10 3.565
652   -9.855252559447e-02 -9.855420518714e-02 1.79e-14 4.68e-13 9.51e-10 3.569
653   -9.855253146490e-02 -9.855419873923e-02 3.80e-14 1.34e-12 9.47e-10 3.575
654   -9.855255309710e-02 -9.855417504571e-02 3.57e-14 1.24e-12 9.07e-10 3.579
655   -9.855255883340e-02 -9.855416874475e-02 1.51e-14 4.16e-12 9.03e-10 3.584
656   -9.855257962045e-02 -9.855414597696e-02 1.44e-14 3.96e-12 8.65e-10 3.588
657   -9.855258526426e-02 -9.855413977811e-02 1.57e-14 9.42e-13 8.61e-10 3.593
658   -9.855260543970e-02 -9.855411768107e-02 1.47e-14 8.71e-13 8.25e-10 3.598
659   -9.855261095689e-02 -9.855411162205e-02 1.47e-14 1.49e-12 8.21e-10 3.604
660   -9.855263039469e-02 -9.855409033291e-02 1.39e-14 1.43e-12 7.86e-10 3.608
661   -9.855263578148e-02 -9.855408441761e-02 3.22e-14 6.14e-12 7.82e-10 3.613
662   -9.855265450846e-02 -9.855406390752e-02 3.03e-14 5.83e-12 7.50e-10 3.617
663   -9.855265982725e-02 -9.855405806713e-02 2.99e-14 3.46e-12 7.45e-10 3.622
664   -9.855267790494e-02 -9.855403826830e-02 2.83e-14 3.20e-12 7.15e-10 3.626
665   -9.855268311191e-02 -9.855403255058e-02 2.91e-14 4.13e-13 7.10e-10 3.632
666   -9.855270062041e-02 -9.855401337580e-02 2.74e-14 3.08e-13 6.81e-10 3.636
667   -9.855270573164e-02 -9.855400776385e-02 2.70e-14 3.42e-12 6.77e-10 3.641
668   -9.855272255409e-02 -9.855398934040e-02 2.56e-14 3.31e-12 6.49e-10 3.645
669   -9.855272753440e-02 -9.855398387221e-02 2.64e-14 1.17e-12 6.45e-10 3.651
670   -9.855274373477e-02 -9.855396613055e-02 2.48e-14 1.05e-12 6.18e-10 3.655
671   -9.855274864584e-02 -9.855396073843e-02 8.10e-15 2.41e-12 6.14e-10 3.660
672   -9.855276430148e-02 -9.855394359347e-02 7.77e-15 2.28e-12 5.89e-10 3.664
673   -9.855276904341e-02 -9.855393838786e-02 2.36e-14 3.65e-12 5.85e-10 3.669
674   -9.855278414886e-02 -9.855392184579e-02 2.22e-14 3.50e-12 5.61e-10 3.673
675   -9.855278887483e-02 -9.855391665807e-02 2.19e-14 2.60e-12 5.57e-10 3.678
676   -9.855280337019e-02 -9.855390078420e-02 2.08e-14 2.38e-12 5.35e-10 3.682
677   -9.855280798121e-02 -9.855389572277e-02 3.53e-14 2.37e-12 5.31e-10 3.687
678   -9.855282212667e-02 -9.855388023264e-02 3.33e-14 2.27e-12 5.09e-10 3.691
679   -9.855282662237e-02 -9.855387529757e-02 1.77e-14 2.72e-12 5.05e-10 3.697
680   -9.855284010167e-02 -9.855386053679e-02 1.68e-14 2.63e-12 4.85e-10 3.701
681   -9.855284453881e-02 -9.855385566684e-02 3.06e-14 3.72e-12 4.81e-10 3.706
682   -9.855285764961e-02 -9.855384131015e-02 2.89e-14 3.73e-12 4.62e-10 3.710
683   -9.855286200746e-02 -9.855383652679e-02 1.43e-14 5.73e-12 4.58e-10 3.715
684   -9.855287454694e-02 -9.855382279573e-02 1.36e-14 5.46e-12 4.39e-10 3.719
685   -9.855287876808e-02 -9.855381816314e-02 2.69e-14 3.31e-12 4.36e-10 3.724
686   -9.855289084484e-02 -9.855380493912e-02 2.53e-14 3.13e-12 4.18e-10 3.728
687   -9.855289499992e-02 -9.855380037872e-02 1.15e-14 6.24e-12 4.15e-10 3.733
688   -9.855290674672e-02 -9.855378751610e-02 1.10e-14 5.92e-12 3.98e-10 3.737
689   -9.855291080008e-02 -9.855378306774e-02 1.15e-14 2.99e-12 3.94e-10 3.743
690   -9.855292208985e-02 -9.855377070584e-02 1.08e-14 2.96e-12 3.79e-10 3.747
691   -9.855292607129e-02 -9.855376633684e-02 1.07e-14 2.93e-12 3.75e-10 3.752
692   -9.855293689004e-02 -9.855375449070e-02 1.02e-14 2.88e-12 3.60e-10 3.756
693   -9.855294081548e-02 -9.855375018348e-02 2.21e-14 1.96e-12 3.57e-10 3.761
694   -9.855295132248e-02 -9.855373867907e-02 2.09e-14 1.92e-12 3.42e-10 3.765
695   -9.855295515772e-02 -9.855373447079e-02 2.08e-14 4.72e-13 3.39e-10 3.771
696   -9.855296526136e-02 -9.855372340804e-02 1.97e-14 3.97e-13 3.26e-10 3.775
697   -9.855296903340e-02 -9.855371926939e-02 3.07e-14 1.78e-12 3.22e-10 3.780
698   -9.855297875484e-02 -9.855370862543e-02 2.90e-14 1.75e-12 3.09e-10 3.784
699   -9.855298246037e-02 -9.855370455937e-02 1.71e-14 4.53e-12 3.06e-10 3.788
700   -9.855299184200e-02 -9.855369428754e-02 1.62e-14 4.36e-12 2.94e-10 3.792
701   -9.855299546703e-02 -9.855369031050e-02 2.66e-14 4.54e-12 2.91e-10 3.797
702   -9.855300448059e-02 -9.855368044190e-02 2.51e-14 4.33e-12 2.79e-10 3.801
703   -9.855300801097e-02 -9.855367656862e-02 2.45e-14 3.93e-12 2.76e-10 3.806
704   -9.855301671135e-02 -9.855366704297e-02 2.33e-14 3.67e-12 2.65e-10 3.810
705   -9.855302016206e-02 -9.855366325742e-02 3.29e-14 3.97e-12 2.62e-10 3.815
706   -9.855302859930e-02 -9.855365402008e-02 3.10e-14 3.72e-12 2.52e-10 3.819
707   -9.855303201801e-02 -9.855365026932e-02 2.03e-14 2.99e-12 2.49e-10 3.824
708   -9.855304018686e-02 -9.855364132589e-02 1.92e-14 2.64e-12 2.39e-10 3.828
709   -9.855304344388e-02 -9.855363775317e-02 2.86e-14 2.06e-12 2.36e-10 3.833
710   -9.855305123537e-02 -9.855362922298e-02 2.70e-14 1.88e-12 2.27e-10 3.837
711   -9.855305449707e-02 -9.855362564477e-02 1.67e-14 4.31e-12 2.24e-10 3.842
712   -9.855306198840e-02 -9.855361744328e-02 1.59e-14 4.07e-12 2.15e-10 3.846
713   -9.855306515492e-02 -9.855361396998e-02 2.46e-14 5.07e-12 2.13e-10 3.851
714   -9.855307245734e-02 -9.855360597553e-02 2.32e-14 4.70e-12 2.04e-10 3.855
715   -9.855307550273e-02 -9.855360263484e-02 1.35e-14 1.56e-11 2.01e-10 3.860
716   -9.855308240680e-02 -9.855359507645e-02 1.28e-14 1.49e-11 1.94e-10 3.864
717   -9.855308542099e-02 -9.855359177048e-02 2.11e-14 1.69e-11 1.91e-10 3.869
718   -9.855309214284e-02 -9.855358441180e-02 1.99e-14 1.60e-11 1.83e-10 3.873
719   -9.855309502559e-02 -9.855358125007e-02 2.46e-14 2.04e-11 1.81e-10 3.878
720   -9.855310148669e-02 -9.855357417680e-02 2.34e-14 1.93e-11 1.74e-10 3.881
721   -9.855310438906e-02 -9.855357099383e-02 3.09e-14 2.23e-11 1.71e-10 3.886
722   -9.855311055966e-02 -9.855356423876e-02 2.91e-14 2.10e-11 1.65e-10 3.890
723   -9.855311334245e-02 -9.855356118682e-02 3.31e-14 2.90e-11 1.62e-10 3.895
724   -9.855311930772e-02 -9.855355465654e-02 3.14e-14 2.74e-11 1.56e-10 3.899
725   -9.855312198004e-02 -9.855355172570e-02 3.10e-14 2.70e-11 1.54e-10 3.904
726   -9.855312777748e-02 -9.855354537926e-02 2.93e-14 2.56e-11 1.48e-10 3.908
727   -9.855313048135e-02 -9.855354241419e-02 3.30e-14 2.77e-11 1.46e-10 3.912
728   -9.855313604789e-02 -9.855353632056e-02 3.13e-14 2.64e-11 1.40e-10 3.916
729   -9.855313861159e-02 -9.855353350905e-02 3.09e-14 3.04e-11 1.38e-10 3.921
730   -9.855314389598e-02 -9.855352772437e-02 2.91e-14 2.90e-11 1.32e-10 3.925
731   -9.855314641166e-02 -9.855352496577e-02 3.23e-14 3.21e-11 1.30e-10 3.930
732   -9.855315152779e-02 -9.855351936531e-02 3.05e-14 3.06e-11 1.25e-10 3.934
733   -9.855315402898e-02 -9.855351662271e-02 3.64e-14 2.43e-11 1.23e-10 3.938
734   -9.855315898173e-02 -9.855351120121e-02 3.43e-14 2.30e-11 1.18e-10 3.942
735   -9.855316132719e-02 -9.855350862951e-02 4.36e-14 2.27e-11 1.16e-10 3.947
736   -9.855316607069e-02 -9.855350343706e-02 4.13e-14 2.18e-11 1.12e-10 3.951
737   -9.855316841876e-02 -9.855350086247e-02 4.64e-14 3.13e-11 1.10e-10 3.956
738   -9.855317296325e-02 -9.855349588795e-02 4.39e-14 2.97e-11 1.06e-10 3.960
739   -9.855317520702e-02 -9.855349342770e-02 4.56e-14 3.47e-11 1.04e-10 3.965
740   -9.855317944897e-02 -9.855348878437e-02 4.32e-14 3.30e-11 9.99e-11 3.969
741   -9.855318165505e-02 -9.855348636562e-02 4.77e-14 4.41e-11 9.82e-11 3.974
742   -9.855318604093e-02 -9.855348156484e-02 4.50e-14 4.16e-11 9.42e-11 3.978
743   -9.855318820252e-02 -9.855347919493e-02 4.65e-14 5.01e-11 9.26e-11 3.982
744   -9.855319241225e-02 -9.855347458693e-02 4.39e-14 4.70e-11 8.88e-11 3.986
745   -9.855319453962e-02 -9.855347225447e-02 4.28e-14 5.34e-11 8.72e-11 3.992
746   -9.855319845186e-02 -9.855346797217e-02 4.04e-14 5.04e-11 8.37e-11 3.998
747   -9.855320046894e-02 -9.855346576090e-02 4.73e-14 4.22e-11 8.21e-11 4.003
748   -9.855320418969e-02 -9.855346168822e-02 4.47e-14 3.95e-11 7.89e-11 4.007
749   -9.855320614093e-02 -9.855345954952e-02 5.92e-14 4.84e-11 7.75e-11 4.013
750   -9.855320984186e-02 -9.855345549856e-02 5.58e-14 4.61e-11 7.43e-11 4.016
751   -9.855321170473e-02 -9.855345345631e-02 5.62e-14 4.62e-11 7.29e-11 4.021
752   -9.855321515388e-02 -9.855344968093e-02 5.31e-14 4.41e-11 7.00e-11 4.025
753   -9.855321696898e-02 -9.855344769141e-02 6.66e-14 6.72e-11 6.87e-11 4.030
754   -9.855322022575e-02 -9.855344412663e-02 6.29e-14 6.37e-11 6.59e-11 4.034
755   -9.855322198248e-02 -9.855344220083e-02 6.26e-14 6.44e-11 6.47e-11 4.038
756   -9.855322505084e-02 -9.855343884231e-02 5.92e-14 6.10e-11 6.22e-11 4.042
757   -9.855322672838e-02 -9.855343700369e-02 7.09e-14 8.92e-11 6.10e-11 4.047
758   -9.855322968019e-02 -9.855343377277e-02 6.70e-14 8.46e-11 5.86e-11 4.051
759   -9.855323136145e-02 -9.855343192972e-02 6.61e-14 8.49e-11 5.74e-11 4.056
760   -9.855323448534e-02 -9.855342851050e-02 6.22e-14 7.97e-11 5.49e-11 4.059
761   -9.855323603947e-02 -9.855342680716e-02 7.32e-14 1.03e-10 5.39e-11 4.064
762   -9.855323893601e-02 -9.855342363675e-02 6.89e-14 9.76e-11 5.16e-11 4.068
763   -9.855324053354e-02 -9.855342188559e-02 6.78e-14 9.40e-11 5.05e-11 4.073
764   -9.855324324061e-02 -9.855341892258e-02 6.40e-14 8.84e-11 4.84e-11 4.077
765   -9.855324463637e-02 -9.855341739297e-02 7.38e-14 1.29e-10 4.75e-11 4.082
766   -9.855324715109e-02 -9.855341464048e-02 6.97e-14 1.22e-10 4.56e-11 4.086
767   -9.855324856534e-02 -9.855341309039e-02 7.22e-14 9.93e-11 4.46e-11 4.091
768   -9.855325114903e-02 -9.855341026244e-02 6.79e-14 9.32e-11 4.27e-11 4.095
769   -9.855325249035e-02 -9.855340879245e-02 7.66e-14 1.27e-10 4.18e-11 4.100
770   -9.855325479513e-02 -9.855340626977e-02 7.23e-14 1.20e-10 4.01e-11 4.104
771   -9.855325603874e-02 -9.855340490665e-02 7.04e-14 1.08e-10 3.93e-11 4.109
772   -9.855325837546e-02 -9.855340234903e-02 6.63e-14 1.01e-10 3.76e-11 4.113
773   -9.855325964513e-02 -9.855340095776e-02 7.74e-14 1.60e-10 3.69e-11 4.117
774   -9.855326193393e-02 -9.855339845259e-02 7.28e-14 1.51e-10 3.52e-11 4.121
775   -9.855326311577e-02 -9.855339715715e-02 7.06e-14 1.51e-10 3.45e-11 4.125
776   -9.855326519401e-02 -9.855339488242e-02 6.66e-14 1.43e-10 3.30e-11 4.129
777   -9.855326616630e-02 -9.855339381718e-02 7.76e-14 2.03e-10 3.25e-11 4.134
778   -9.855326807683e-02 -9.855339172597e-02 7.33e-14 1.92e-10 3.11e-11 4.138
779   -9.855326907149e-02 -9.855339063582e-02 7.47e-14 1.64e-10 3.05e-11 4.142
780   -9.855327101046e-02 -9.855338851351e-02 7.03e-14 1.55e-10 2.92e-11 4.146
781   -9.855327212349e-02 -9.855338729396e-02 7.94e-14 2.24e-10 2.86e-11 4.151
782   -9.855327408813e-02 -9.855338514357e-02 7.45e-14 2.11e-10 2.73e-11 4.155
783   -9.855327508174e-02 -9.855338405458e-02 7.19e-14 1.93e-10 2.67e-11 4.159
784   -9.855327684536e-02 -9.855338212422e-02 6.77e-14 1.82e-10 2.55e-11 4.163
785   -9.855327780814e-02 -9.855338106934e-02 7.51e-14 2.27e-10 2.50e-11 4.167
786   -9.855327963018e-02 -9.855337907505e-02 7.04e-14 2.13e-10 2.38e-11 4.171
787   -9.855328051387e-02 -9.855337810654e-02 6.77e-14 2.09e-10 2.33e-11 4.177
788   -9.855328208027e-02 -9.855337639204e-02 6.38e-14 1.97e-10 2.23e-11 4.180
789   -9.855328284292e-02 -9.855337555646e-02 7.12e-14 2.50e-10 2.19e-11 4.185
790   -9.855328439115e-02 -9.855337386183e-02 6.69e-14 2.36e-10 2.09e-11 4.189
791   -9.855328516542e-02 -9.855337301322e-02 6.42e-14 2.37e-10 2.04e-11 4.193
792   -9.855328673756e-02 -9.855337129244e-02 6.02e-14 2.21e-10 1.95e-11 4.197
793   -9.855328742793e-02 -9.855337053609e-02 6.79e-14 3.10e-10 1.91e-11 4.202
794   -9.855328859392e-02 -9.855336925982e-02 6.44e-14 2.95e-10 1.83e-11 4.205
795   -9.855328913064e-02 -9.855336867163e-02 6.17e-14 3.03e-10 1.80e-11 4.210
796   -9.855329048639e-02 -9.855336718764e-02 5.80e-14 2.85e-10 1.72e-11 4.214
797   -9.855329119295e-02 -9.855336641356e-02 6.25e-14 3.17e-10 1.69e-11 4.220
798   -9.855329253449e-02 -9.855336494515e-02 5.86e-14 2.97e-10 1.61e-11 4.237
799   -9.855329320962e-02 -9.855336420531e-02 5.60e-14 2.88e-10 1.57e-11 4.241
800   -9.855329461133e-02 -9.855336267106e-02 5.23e-14 2.69e-10 1.49e-11 4.246
801   -9.855329518037e-02 -9.855336204778e-02 5.87e-14 3.62e-10 1.46e-11 4.250
802   -9.855329638376e-02 -9.855336073055e-02 5.50e-14 3.39e-10 1.39e-11 4.254
803   -9.855329694641e-02 -9.855336011391e-02 5.25e-14 3.49e-10 1.36e-11 4.259
804   -9.855329804992e-02 -9.855335890602e-02 4.93e-14 3.28e-10 1.30e-11 4.263
805   -9.855329859212e-02 -9.855335831211e-02 5.43e-14 3.97e-10 1.28e-11 4.267
806   -9.855329962568e-02 -9.855335718078e-02 5.10e-14 3.74e-10 1.22e-11 4.271
807   -9.855330014188e-02 -9.855335661513e-02 5.03e-14 3.30e-10 1.20e-11 4.276
808   -9.855330136418e-02 -9.855335527724e-02 4.67e-14 3.06e-10 1.13e-11 4.280
809   -9.855330190196e-02 -9.855335468817e-02 5.09e-14 3.51e-10 1.10e-11 4.284
810   -9.855330283805e-02 -9.855335366353e-02 4.77e-14 3.29e-10 1.05e-11 4.288
811   -9.855330322056e-02 -9.855335324436e-02 4.54e-14 3.34e-10 1.04e-11 4.293
812   -9.855330413998e-02 -9.855335223797e-02 4.25e-14 3.12e-10 9.89e-12 4.297
813   -9.855330443923e-02 -9.855335191011e-02 4.55e-14 3.61e-10 9.77e-12 4.301
814   -9.855330521366e-02 -9.855335106237e-02 4.29e-14 3.41e-10 9.34e-12 4.305
815   -9.855330554347e-02 -9.855335070087e-02 4.05e-14 3.83e-10 9.17e-12 4.310
816   -9.855330630795e-02 -9.855334986402e-02 3.81e-14 3.58e-10 8.76e-12 4.314
817   -9.855330674074e-02 -9.855334938998e-02 4.22e-14 4.20e-10 8.56e-12 4.318
818   -9.855330767167e-02 -9.855334837099e-02 3.92e-14 3.91e-10 8.08e-12 4.322
819   -9.855330807198e-02 -9.855334793232e-02 3.71e-14 4.03e-10 7.88e-12 4.326
820   -9.855330890548e-02 -9.855334701999e-02 3.45e-14 3.75e-10 7.46e-12 4.330
821   -9.855330919889e-02 -9.855334669862e-02 3.82e-14 4.38e-10 7.36e-12 4.335
822   -9.855330980166e-02 -9.855334603881e-02 3.61e-14 4.14e-10 7.05e-12 4.339
823   -9.855331006246e-02 -9.855334575299e-02 3.41e-14 4.01e-10 6.95e-12 4.343
824   -9.855331108942e-02 -9.855334462888e-02 3.10e-14 3.65e-10 6.44e-12 4.347
825   -9.855331129659e-02 -9.855334440199e-02 3.48e-14 4.80e-10 6.37e-12 4.353
826   -9.855331147728e-02 -9.855334420415e-02 3.40e-14 4.68e-10 6.27e-12 4.357
827   -9.855331169964e-02 -9.855334396046e-02 3.23e-14 4.57e-10 6.18e-12 4.362
828   -9.855331260210e-02 -9.855334297265e-02 2.94e-14 4.17e-10 5.75e-12 4.366
829   -9.855331277074e-02 -9.855334278806e-02 3.41e-14 5.41e-10 5.69e-12 4.371
830   -9.855331332122e-02 -9.855334218540e-02 3.19e-14 5.07e-10 5.42e-12 4.375
831   -9.855331363632e-02 -9.855334184007e-02 2.99e-14 4.82e-10 5.27e-12 4.379
832   -9.855331448096e-02 -9.855334091550e-02 2.72e-14 4.37e-10 4.88e-12 4.383
833   -9.855331480318e-02 -9.855334056258e-02 3.04e-14 5.03e-10 4.75e-12 4.387
834   -9.855331528478e-02 -9.855334003541e-02 2.85e-14 4.72e-10 4.52e-12 4.391
835   -9.855331551100e-02 -9.855333978751e-02 2.68e-14 4.83e-10 4.42e-12 4.396
836   -9.855331608187e-02 -9.855333916265e-02 2.48e-14 4.47e-10 4.16e-12 4.400
837   -9.855331622619e-02 -9.855333900455e-02 2.72e-14 5.21e-10 4.09e-12 4.404
838   -9.855331680581e-02 -9.855333837007e-02 2.50e-14 4.79e-10 3.82e-12 4.408
Numerical error in objective
Restoring previous solution


Suboptimal solution found in 839 iterations and 4.41 seconds
Objective -9.85522707e-02
Primal infeasibility (abs/rel): 3.11e-15/1.55e-15
Dual infeasibility   (abs/rel): 1.51e-14/1.37e-14
Complementarity gap  (abs/rel): 1.52e-09/1.39e-09


Barrier finished in 4.41 seconds
Dual variables for problems with quadratic constraints not returned.
