cuOpt version: 26.10.0, git hash: 648f805d, host arch: x86_64, device archs: 80-real
CPU: AMD EPYC 7642 48-Core Processor, threads: 5C/5T, RAM usage: 37.44/503.74GiB
CPU SIMD target: AVX2
CUDA 12.9, device: NVIDIA A100 80GB PCIe (ID 0), VRAM: 79.44 GiB
CUDA device UUID: 68df5cf5-71f9-6a93-b428-460c080ffb10
Problem has 1 quadratic constraints. Converting to second-order cones and solving with barrier.
Handling 50 free variables directly in augmented system
Presolved problem: 5103 constraints 10102 variables 265152 nonzeros
Skipping Ruiz equilibration (row norm ratio 1.4, column norm ratio 1.4 < 5e4, Q coeff ratio 1.0 < 100)
Barrier solver started at 0.023 seconds
Barrier solver: 5103 constraints, 10102 variables, 265152 nonzeros


Second-order cones          : 1
Free variables              : 50
Upper bounds                : 5000
Linear system               : augmented
cuDSS Version               : 0.7.1
cuDSS Threading layer       : libcudss_mtlayer_gomp.so.0
Reordering time             : 0.089s
Symbolic factorization time : 0.024s
Symbolic nonzeros in factor : 2.79e+05
Elapsed time for augmented  : 0.143 seconds
Elapsed time           : 0.143 seconds
Barrier setup complete at 0.143 seconds
Adaptive regularization enabled


                  Objective                         Infeasibility        Time
Iter   Primal              Dual                Primal   Dual    Compl.   Elapsed
  0   -3.704291987375e+02 -3.711395609108e+02 3.71e+03 1.91e+00 1.19e-02 0.144
  1   -4.138240121015e+00 -3.475611537449e+02 4.01e+01 2.77e-01 6.50e-02 0.148
  2   -1.039773673472e-01 -2.488455848350e+01 4.69e-01 7.85e-03 4.78e-03 0.152
  3   -5.495207890613e-02 -6.428341782401e-01 4.69e-03 7.91e-05 1.48e-04 0.156
  4   -5.854039328334e-02 -1.366925924249e-01 6.23e-04 1.05e-05 1.75e-05 0.160
  5   -6.604986175882e-02 -1.385362852789e-01 5.11e-04 8.60e-06 2.69e-05 0.164
  6   -6.790324127440e-02 -1.389601490282e-01 4.66e-04 7.86e-06 2.96e-05 0.168
  7   -8.303250566973e-02 -1.229863554053e-01 2.19e-04 3.69e-06 5.72e-05 0.172
  8   -8.344811563721e-02 -1.225112634368e-01 1.93e-04 3.25e-06 6.87e-05 0.176
  9   -8.415635939138e-02 -1.222342535840e-01 1.72e-04 2.89e-06 1.24e-04 0.181
 10   -8.638236893931e-02 -1.192144838915e-01 1.32e-04 2.23e-06 9.51e-05 0.185
 11   -8.613025293722e-02 -1.187881789639e-01 1.26e-04 2.13e-06 1.56e-04 0.190
 12   -9.211930488456e-02 -1.096231831341e-01 6.17e-05 1.04e-06 6.89e-05 0.194
 13   -9.284615212003e-02 -1.081499307095e-01 4.70e-05 7.93e-07 9.81e-05 0.199
 14   -9.588080877142e-02 -1.034061722144e-01 2.05e-05 3.45e-07 5.26e-05 0.203
 15   -9.595684687801e-02 -1.029402359104e-01 1.65e-05 2.78e-07 7.05e-05 0.208
 16   -9.732801111175e-02 -1.009842561746e-01 7.98e-06 1.34e-07 3.47e-05 0.212
 17   -9.754839892237e-02 -1.005084520512e-01 5.34e-06 8.99e-08 4.06e-05 0.217
 18   -9.817798915379e-02 -9.960431299008e-02 2.26e-06 3.81e-08 1.83e-05 0.222
 19   -9.831848282813e-02 -9.934775749083e-02 1.27e-06 2.14e-08 1.50e-05 0.227
 20   -9.860290965823e-02 -9.895835587003e-02 3.52e-07 5.94e-09 5.17e-06 0.231
 21   -9.870326028112e-02 -9.881809183837e-02 8.23e-08 1.39e-09 1.90e-06 0.236
 22   -9.874349795267e-02 -9.876857408814e-02 1.73e-08 2.91e-10 4.21e-07 0.240
 23   -9.875294183333e-02 -9.875621704241e-02 1.23e-09 2.08e-11 4.02e-08 0.244
 24   -9.875428481189e-02 -9.875464800980e-02 1.36e-10 2.28e-12 4.49e-09 0.249
 25   -9.875443399160e-02 -9.875446686891e-02 9.57e-12 2.13e-13 3.09e-10 0.253
 26   -9.875444811263e-02 -9.875445030319e-02 6.33e-13 2.91e-08 1.80e-11 0.256
 27   -9.875444897956e-02 -9.875444930630e-02 9.37e-14 4.31e-09 2.73e-12 0.260


Optimal solution found in 27 iterations and 0.260s
Objective -9.87544490e-02
Primal infeasibility (abs/rel): 1.87e-13/9.37e-14
Dual infeasibility   (abs/rel): 4.75e-09/4.31e-09
Complementarity gap  (abs/rel): 3.00e-12/2.73e-12


Barrier finished in 0.26 seconds
Dual variables for problems with quadratic constraints not returned.
