cuOpt version: 26.10.0, git hash: 648f805d, host arch: x86_64, device archs: 80-real
CPU: AMD EPYC 7642 48-Core Processor, threads: 5C/5T, RAM usage: 37.45/503.74GiB
CPU SIMD target: AVX2
CUDA 12.9, device: NVIDIA A100 80GB PCIe (ID 0), VRAM: 79.44 GiB
CUDA device UUID: 68df5cf5-71f9-6a93-b428-460c080ffb10
Problem has 1 quadratic constraints. Converting to second-order cones and solving with barrier.
Handling 50 free variables directly in augmented system
Presolved problem: 5103 constraints 10102 variables 265152 nonzeros
Skipping Ruiz equilibration (row norm ratio 1.4, column norm ratio 1.4 < 5e4, Q coeff ratio 1.0 < 100)
Barrier solver started at 0.025 seconds
Barrier solver: 5103 constraints, 10102 variables, 265152 nonzeros


Second-order cones          : 1
Free variables              : 50
Upper bounds                : 5000
Linear system               : augmented
cuDSS Version               : 0.7.1
cuDSS Threading layer       : libcudss_mtlayer_gomp.so.0
Reordering time             : 0.091s
Symbolic factorization time : 0.028s
Symbolic nonzeros in factor : 2.79e+05
Elapsed time for augmented  : 0.150 seconds
Elapsed time           : 0.151 seconds
Barrier setup complete at 0.151 seconds
Adaptive regularization enabled


                  Objective                         Infeasibility        Time
Iter   Primal              Dual                Primal   Dual    Compl.   Elapsed
  0   -3.704490508896e+02 -3.710981922775e+02 3.71e+03 1.91e+00 1.19e-02 0.151
  1   -4.138703882017e+00 -3.475197441600e+02 4.01e+01 2.77e-01 6.50e-02 0.155
  2   -1.040077714720e-01 -2.488126401411e+01 4.69e-01 7.85e-03 4.78e-03 0.159
  3   -5.496009159231e-02 -6.429579754472e-01 4.69e-03 7.91e-05 1.48e-04 0.163
  4   -5.855201084762e-02 -1.359300793147e-01 6.17e-04 1.04e-05 1.72e-05 0.168
  5   -6.551675309864e-02 -1.377706752967e-01 5.18e-04 8.72e-06 2.04e-05 0.174
  6   -6.699932395416e-02 -1.382652692977e-01 4.83e-04 8.13e-06 2.72e-05 0.179
  7   -8.162897708727e-02 -1.249450474799e-01 2.43e-04 4.10e-06 7.09e-05 0.183
  8   -8.180531797701e-02 -1.245931779996e-01 2.22e-04 3.73e-06 1.19e-04 0.188
  9   -8.341023206887e-02 -1.237503076353e-01 1.77e-04 2.99e-06 2.86e-04 0.193
 10   -8.547850297632e-02 -1.209211746296e-01 1.01e-04 1.70e-06 2.64e-04 0.198
 11   -8.804419059213e-02 -1.151441607442e-01 5.31e-05 8.94e-07 4.51e-04 0.203
 12   -9.516379834670e-02 -1.038271682682e-01 1.31e-05 2.20e-07 1.16e-04 0.207
 13   -9.699352747739e-02 -1.008567442650e-01 4.62e-06 7.79e-08 3.36e-05 0.211
 14   -9.759936394491e-02 -9.965874891657e-02 1.54e-06 2.59e-08 3.72e-05 0.216
 15   -9.828623670890e-02 -9.873930123852e-02 3.11e-07 5.25e-09 7.79e-06 0.220
 16   -9.842334361470e-02 -9.853996776612e-02 6.38e-08 1.08e-09 2.36e-06 0.225
 17   -9.846598246728e-02 -9.848542723524e-02 1.05e-08 1.77e-10 3.91e-07 0.229
 18   -9.847269079896e-02 -9.847593838377e-02 8.63e-10 1.45e-11 3.58e-08 0.234
 19   -9.847405161255e-02 -9.847432731386e-02 7.30e-11 1.24e-12 3.07e-09 0.239
 20   -9.847416903644e-02 -9.847418318483e-02 2.21e-12 9.27e-14 8.58e-11 0.243
 21   -9.847417544021e-02 -9.847417582951e-02 1.53e-13 8.81e-08 2.34e-12 0.246
 22   -9.847417560801e-02 -9.847417563216e-02 9.49e-15 5.46e-09 1.48e-13 0.251


Optimal solution found in 22 iterations and 0.251s
Objective -9.84741756e-02
Primal infeasibility (abs/rel): 1.90e-14/9.49e-15
Dual infeasibility   (abs/rel): 6.02e-09/5.46e-09
Complementarity gap  (abs/rel): 1.63e-13/1.48e-13


Barrier finished in 0.26 seconds
Dual variables for problems with quadratic constraints not returned.
