cuOpt version: 26.10.0, git hash: 648f805d, host arch: x86_64, device archs: 80-real
CPU: AMD EPYC 7642 48-Core Processor, threads: 5C/5T, RAM usage: 37.46/503.74GiB
CPU SIMD target: AVX2
CUDA 12.9, device: NVIDIA A100 80GB PCIe (ID 0), VRAM: 79.44 GiB
CUDA device UUID: 68df5cf5-71f9-6a93-b428-460c080ffb10
Problem has 1 quadratic constraints. Converting to second-order cones and solving with barrier.
Barrier: reusing cache (skip convert/presolve/scaling)
Barrier solver started at 0.000 seconds
Barrier solver: 5103 constraints, 10102 variables, 265152 nonzeros
Barrier setup complete at 0.000 seconds
Adaptive regularization enabled


                  Objective                         Infeasibility        Time
Iter   Primal              Dual                Primal   Dual    Compl.   Elapsed
  0   -3.701605598740e+02 -3.710234169387e+02 3.71e+03 1.91e+00 1.19e-02 0.001
  1   -4.135545914633e+00 -3.474447710337e+02 4.01e+01 2.77e-01 6.50e-02 0.005
  2   -1.039314354667e-01 -2.487032419842e+01 4.69e-01 7.85e-03 4.78e-03 0.009
  3   -5.492443562267e-02 -6.426587253964e-01 4.69e-03 7.91e-05 1.48e-04 0.014
  4   -5.851219322875e-02 -1.359803005430e-01 6.17e-04 1.04e-05 1.73e-05 0.017
  5   -6.701674706026e-02 -1.381479919775e-01 4.94e-04 8.32e-06 2.86e-05 0.021
  6   -6.855034187651e-02 -1.384591743166e-01 4.55e-04 7.67e-06 3.48e-05 0.025
  7   -8.223283397649e-02 -1.232138715887e-01 2.32e-04 3.91e-06 6.24e-05 0.029
  8   -8.247985948745e-02 -1.229731316109e-01 2.12e-04 3.58e-06 7.15e-05 0.034
  9   -8.394188432388e-02 -1.219999916308e-01 1.71e-04 2.88e-06 1.86e-04 0.038
 10   -8.656542978230e-02 -1.187876953962e-01 8.89e-05 1.50e-06 1.36e-04 0.042
 11   -8.752280678175e-02 -1.157166557991e-01 5.91e-05 9.96e-07 3.81e-04 0.047
 12   -9.538116674771e-02 -1.035671016665e-01 1.38e-05 2.32e-07 9.05e-05 0.051
 13   -9.693240162417e-02 -1.009797180002e-01 5.48e-06 9.23e-08 3.36e-05 0.056
 14   -9.753155482407e-02 -9.982634449518e-02 2.09e-06 3.52e-08 3.57e-05 0.060
 15   -9.826410008101e-02 -9.884488015418e-02 4.45e-07 7.49e-09 7.54e-06 0.064
 16   -9.843129984218e-02 -9.860972331985e-02 1.18e-07 1.99e-09 3.54e-06 0.069
 17   -9.850553286060e-02 -9.851127267288e-02 3.64e-09 6.12e-11 6.01e-08 0.073
 18   -9.850780923728e-02 -9.850829524211e-02 3.02e-10 5.04e-12 2.84e-09 0.077
 19   -9.850798004946e-02 -9.850806861501e-02 5.16e-11 1.00e-12 3.51e-10 0.081
 20   -9.850801409493e-02 -9.850802519769e-02 4.77e-12 1.44e-13 3.22e-11 0.086
 21   -9.850801820965e-02 -9.850802007011e-02 6.73e-13 1.24e-12 3.66e-12 0.090


Optimal solution found in 21 iterations and 0.090s
Objective -9.85080182e-02
Primal infeasibility (abs/rel): 1.35e-12/6.73e-13
Dual infeasibility   (abs/rel): 1.37e-12/1.24e-12
Complementarity gap  (abs/rel): 4.02e-12/3.66e-12


Barrier finished in 0.09 seconds
Dual variables for problems with quadratic constraints not returned.
