cuOpt version: 26.10.0, git hash: 648f805d, host arch: x86_64, device archs: 80-real
CPU: AMD EPYC 7642 48-Core Processor, threads: 5C/5T, RAM usage: 37.48/503.74GiB
CPU SIMD target: AVX2
CUDA 12.9, device: NVIDIA A100 80GB PCIe (ID 0), VRAM: 79.44 GiB
CUDA device UUID: 68df5cf5-71f9-6a93-b428-460c080ffb10
Problem has 1 quadratic constraints. Converting to second-order cones and solving with barrier.
Barrier: reusing cache (skip convert/presolve/scaling)
Barrier solver started at 0.000 seconds
Barrier solver: 5103 constraints, 10102 variables, 265152 nonzeros
Barrier setup complete at 0.000 seconds
Adaptive regularization enabled


                  Objective                         Infeasibility        Time
Iter   Primal              Dual                Primal   Dual    Compl.   Elapsed
  0   -3.702509737108e+02 -3.710937010099e+02 3.71e+03 1.91e+00 1.19e-02 0.001
  1   -4.136273551275e+00 -3.475151614423e+02 4.01e+01 2.77e-01 6.50e-02 0.005
  2   -1.039317309374e-01 -2.487809478481e+01 4.69e-01 7.85e-03 4.78e-03 0.009
  3   -5.492858368113e-02 -6.426990422252e-01 4.69e-03 7.91e-05 1.48e-04 0.013
  4   -5.851315182353e-02 -1.366086835744e-01 6.22e-04 1.05e-05 1.74e-05 0.017
  5   -6.838223229978e-02 -1.390882897041e-01 4.75e-04 8.01e-06 3.90e-05 0.021
  6   -6.889375944991e-02 -1.392058504758e-01 4.61e-04 7.77e-06 4.13e-05 0.025
  7   -7.975791831938e-02 -1.309113998038e-01 2.43e-04 4.10e-06 1.01e-04 0.029
  8   -7.980229726697e-02 -1.306485102209e-01 2.26e-04 3.81e-06 2.65e-04 0.033
  9   -8.971816229119e-02 -1.146065054576e-01 6.32e-05 1.07e-06 2.28e-04 0.038
 10   -9.597467615429e-02 -1.029561655809e-01 1.59e-05 2.68e-07 4.93e-05 0.043
 11   -9.743912257021e-02 -1.006252772744e-01 6.14e-06 1.03e-07 1.11e-05 0.047
 12   -9.773434128888e-02 -9.994009810809e-02 2.94e-06 4.96e-08 2.50e-05 0.052
 13   -9.823232361769e-02 -9.925642937375e-02 9.33e-07 1.57e-08 9.49e-06 0.056
 14   -9.847052977442e-02 -9.892513135673e-02 3.52e-07 5.93e-09 8.06e-06 0.061
 15   -9.865602249685e-02 -9.868376464814e-02 2.08e-08 3.51e-10 3.92e-07 0.065
 16   -9.866785252717e-02 -9.866876999968e-02 6.85e-10 1.15e-11 6.06e-09 0.069
 17   -9.866820080787e-02 -9.866831873312e-02 8.61e-11 2.24e-09 6.55e-10 0.073
 18   -9.866824347301e-02 -9.866826218433e-02 1.12e-11 2.92e-10 6.03e-11 0.077
 19   -9.866825144545e-02 -9.866825230555e-02 4.68e-13 1.30e-07 6.39e-12 0.080
 20   -9.866825181720e-02 -9.866825184966e-02 3.95e-14 3.56e-08 2.44e-13 0.084
 21   -9.866825183155e-02 -9.866825183286e-02 1.61e-15 1.38e-09 1.12e-14 0.087


Optimal solution found in 21 iterations and 0.087s
Objective -9.86682518e-02
Primal infeasibility (abs/rel): 3.22e-15/1.61e-15
Dual infeasibility   (abs/rel): 1.52e-09/1.38e-09
Complementarity gap  (abs/rel): 1.23e-14/1.12e-14


Barrier finished in 0.09 seconds
Dual variables for problems with quadratic constraints not returned.
