cuOpt version: 26.10.0, git hash: 648f805d, host arch: x86_64, device archs: 80-real
CPU: AMD EPYC 7642 48-Core Processor, threads: 5C/5T, RAM usage: 37.47/503.74GiB
CPU SIMD target: AVX2
CUDA 12.9, device: NVIDIA A100 80GB PCIe (ID 0), VRAM: 79.44 GiB
CUDA device UUID: 68df5cf5-71f9-6a93-b428-460c080ffb10
Problem has 1 quadratic constraints. Converting to second-order cones and solving with barrier.
Barrier: reusing cache (skip convert/presolve/scaling)
Barrier solver started at 0.000 seconds
Barrier solver: 5103 constraints, 10102 variables, 265152 nonzeros
Barrier setup complete at 0.000 seconds
Adaptive regularization enabled


                  Objective                         Infeasibility        Time
Iter   Primal              Dual                Primal   Dual    Compl.   Elapsed
  0   -3.704490508896e+02 -3.710981922775e+02 3.71e+03 1.91e+00 1.19e-02 0.001
  1   -4.138703882017e+00 -3.475197441600e+02 4.01e+01 2.77e-01 6.50e-02 0.006
  2   -1.040077714720e-01 -2.488126401411e+01 4.69e-01 7.85e-03 4.78e-03 0.010
  3   -5.496009159231e-02 -6.429579754472e-01 4.69e-03 7.91e-05 1.48e-04 0.014
  4   -5.855201084762e-02 -1.359300793147e-01 6.17e-04 1.04e-05 1.72e-05 0.018
  5   -6.551675309863e-02 -1.377706752967e-01 5.18e-04 8.72e-06 2.04e-05 0.022
  6   -6.699932395422e-02 -1.382652692977e-01 4.83e-04 8.13e-06 2.72e-05 0.026
  7   -8.162897708721e-02 -1.249450474796e-01 2.43e-04 4.10e-06 7.09e-05 0.030
  8   -8.180531797695e-02 -1.245931779994e-01 2.22e-04 3.73e-06 1.19e-04 0.034
  9   -8.341023206855e-02 -1.237503076354e-01 1.77e-04 2.99e-06 2.86e-04 0.039
 10   -8.547850297617e-02 -1.209211746298e-01 1.01e-04 1.70e-06 2.64e-04 0.043
 11   -8.804419059173e-02 -1.151441607448e-01 5.31e-05 8.94e-07 4.51e-04 0.048
 12   -9.516379834664e-02 -1.038271682683e-01 1.31e-05 2.20e-07 1.16e-04 0.052
 13   -9.699352747738e-02 -1.008567442650e-01 4.62e-06 7.79e-08 3.36e-05 0.056
 14   -9.759936394491e-02 -9.965874891656e-02 1.54e-06 2.59e-08 3.72e-05 0.061
 15   -9.828623670894e-02 -9.873930123846e-02 3.11e-07 5.25e-09 7.79e-06 0.065
 16   -9.842334361465e-02 -9.853996776618e-02 6.38e-08 1.08e-09 2.36e-06 0.070
 17   -9.846598246725e-02 -9.848542723529e-02 1.05e-08 1.77e-10 3.91e-07 0.074
 18   -9.847269079900e-02 -9.847593838373e-02 8.63e-10 1.45e-11 3.58e-08 0.078
 19   -9.847405161252e-02 -9.847432731390e-02 7.30e-11 1.24e-12 3.07e-09 0.082
 20   -9.847416903642e-02 -9.847418318486e-02 2.21e-12 1.14e-13 8.58e-11 0.086
 21   -9.847417544022e-02 -9.847417582950e-02 1.53e-13 6.51e-08 2.34e-12 0.090
 22   -9.847417560892e-02 -9.847417563211e-02 4.40e-14 1.21e-06 1.47e-13 0.093
 23   -9.847417561874e-02 -9.847417561934e-02 8.88e-16 2.11e-08 3.25e-15 0.097
 24   -9.847417561884e-02 -9.847417561921e-02 5.00e-16 1.18e-08 9.68e-16 0.101
Numerical error in objective
Restoring previous solution


Suboptimal solution found in 25 iterations and 0.10 seconds
Objective -9.84741690e-02
Primal infeasibility (abs/rel): 4.43e-12/2.21e-12
Dual infeasibility   (abs/rel): 1.25e-13/1.14e-13
Complementarity gap  (abs/rel): 9.43e-11/8.58e-11


Barrier finished in 0.10 seconds
Dual variables for problems with quadratic constraints not returned.
