================================================================================
 SERIES: warm   (SedumiMu, barrier_step_scale=0.99, cudss_deterministic=off)
 build: includes PR #1732 (user-space objective gap) and PR #1856 (ALG2 SpMV)
 portfolio SOCP n=5000 k=50, 20-step mu sequence via update_linear_objective
================================================================================

########## warm  t=00  (warm/t00.log) ##########

cuOpt version: 26.10.0, git hash: 648f805d, host arch: x86_64, device archs: 80-real
CPU: AMD EPYC 7642 48-Core Processor, threads: 5C/5T, RAM usage: 14.31/503.74GiB
CPU SIMD target: AVX2
CUDA 12.9, device: NVIDIA A100 80GB PCIe (ID 0), VRAM: 79.44 GiB
CUDA device UUID: 68df5cf5-71f9-6a93-b428-460c080ffb10
Problem has 1 quadratic constraints. Converting to second-order cones and solving with barrier.
Handling 50 free variables directly in augmented system
Presolved problem: 5103 constraints 10102 variables 265152 nonzeros
Skipping Ruiz equilibration (row norm ratio 1.4, column norm ratio 1.4 < 5e4, Q coeff ratio 1.0 < 100)
Barrier solver started at 0.024 seconds
Barrier solver: 5103 constraints, 10102 variables, 265152 nonzeros


Second-order cones          : 1
Free variables              : 50
Upper bounds                : 5000
Linear system               : augmented
cuDSS Version               : 0.7.1
cuDSS Threading layer       : libcudss_mtlayer_gomp.so.0
Reordering time             : 0.141s
Symbolic factorization time : 0.024s
Symbolic nonzeros in factor : 2.79e+05
Elapsed time for augmented  : 0.195 seconds
Elapsed time           : 0.195 seconds
Barrier setup complete at 0.195 seconds
Adaptive regularization enabled


                  Objective                         Infeasibility        Time
Iter   Primal              Dual                Primal   Dual    Compl.   Elapsed
  0   -3.703274138474e+02 -3.710708058040e+02 3.71e+03 1.91e+00 1.19e-02 0.196
  1   -4.137051906248e+00 -3.474922988706e+02 4.01e+01 2.77e-01 6.50e-02 0.201
  2   -1.039665874828e-01 -2.487350973719e+01 4.69e-01 7.85e-03 4.78e-03 0.206
  3   -5.494861956811e-02 -6.426108944999e-01 4.69e-03 7.91e-05 1.47e-04 0.211
  4   -5.854386029111e-02 -1.360801180361e-01 6.18e-04 1.04e-05 1.73e-05 0.216
  5   -6.651989845180e-02 -1.382165106393e-01 5.03e-04 8.47e-06 2.56e-05 0.220
  6   -6.787735673974e-02 -1.385553495042e-01 4.69e-04 7.91e-06 3.65e-05 0.225
  7   -8.000826200205e-02 -1.263548053271e-01 2.70e-04 4.55e-06 7.62e-05 0.230
  8   -8.013342408294e-02 -1.261898350951e-01 2.54e-04 4.29e-06 9.32e-05 0.236
  9   -8.275777854994e-02 -1.243057840399e-01 1.86e-04 3.14e-06 2.72e-04 0.241
 10   -8.324259273877e-02 -1.222953278186e-01 1.45e-04 2.44e-06 5.49e-04 0.246
 11   -9.290666973145e-02 -1.080048516218e-01 4.82e-05 8.11e-07 1.53e-04 0.251
 12   -9.345935462395e-02 -1.064550777999e-01 3.41e-05 5.75e-07 1.79e-04 0.257
 13   -9.680879512344e-02 -1.013498264783e-01 1.07e-05 1.80e-07 6.47e-05 0.262
 14   -9.715359100782e-02 -1.005218102682e-01 6.05e-06 1.02e-07 6.35e-05 0.267
 15   -9.800922158155e-02 -9.938303899002e-02 2.32e-06 3.92e-08 2.31e-05 0.272
 16   -9.823272535585e-02 -9.900239832745e-02 9.47e-07 1.59e-08 1.50e-05 0.277
 17   -9.846619115927e-02 -9.869681400334e-02 2.58e-07 4.35e-09 4.55e-06 0.282
 18   -9.852959427209e-02 -9.860584091415e-02 5.68e-08 9.43e-10 1.36e-06 0.286
 19   -9.855651421311e-02 -9.857291516502e-02 1.17e-08 1.97e-10 2.96e-07 0.291
 20   -9.856279662656e-02 -9.856478182082e-02 7.76e-10 1.04e-11 2.44e-08 0.296
 21   -9.856361045200e-02 -9.856383047768e-02 8.59e-11 4.75e-12 2.78e-09 0.301
 22   -9.856370646408e-02 -9.856371688610e-02 4.06e-12 1.91e-11 1.31e-10 0.306
 23   -9.856371090317e-02 -9.856371155657e-02 2.53e-13 2.37e-09 8.19e-12 0.311


Optimal solution found in 23 iterations and 0.311s
Objective -9.85637109e-02
Primal infeasibility (abs/rel): 5.06e-13/2.53e-13
Dual infeasibility   (abs/rel): 2.61e-09/2.37e-09
Complementarity gap  (abs/rel): 9.00e-12/8.19e-12


Barrier finished in 0.31 seconds
Dual variables for problems with quadratic constraints not returned.

########## warm  t=01  (warm/t01.log) ##########

cuOpt version: 26.10.0, git hash: 648f805d, host arch: x86_64, device archs: 80-real
CPU: AMD EPYC 7642 48-Core Processor, threads: 5C/5T, RAM usage: 14.37/503.74GiB
CPU SIMD target: AVX2
CUDA 12.9, device: NVIDIA A100 80GB PCIe (ID 0), VRAM: 79.44 GiB
CUDA device UUID: 68df5cf5-71f9-6a93-b428-460c080ffb10
Problem has 1 quadratic constraints. Converting to second-order cones and solving with barrier.
Barrier: reusing cache (skip convert/presolve/scaling)
Barrier solver started at 0.000 seconds
Barrier solver: 5103 constraints, 10102 variables, 265152 nonzeros
Barrier setup complete at 0.000 seconds
Adaptive regularization enabled


                  Objective                         Infeasibility        Time
Iter   Primal              Dual                Primal   Dual    Compl.   Elapsed
  0   -3.701605598740e+02 -3.710234169387e+02 3.71e+03 1.91e+00 1.19e-02 0.001
  1   -4.135545914633e+00 -3.474447710337e+02 4.01e+01 2.77e-01 6.50e-02 0.006
  2   -1.039314354667e-01 -2.487032419842e+01 4.69e-01 7.85e-03 4.78e-03 0.012
  3   -5.492443562267e-02 -6.426587254006e-01 4.69e-03 7.91e-05 1.48e-04 0.017
  4   -5.851219322879e-02 -1.359803005397e-01 6.17e-04 1.04e-05 1.73e-05 0.022
  5   -6.701674707394e-02 -1.381479919792e-01 4.94e-04 8.32e-06 2.86e-05 0.027
  6   -6.855034187643e-02 -1.384591743163e-01 4.55e-04 7.67e-06 3.48e-05 0.032
  7   -8.223283401203e-02 -1.232138715908e-01 2.32e-04 3.91e-06 6.24e-05 0.037
  8   -8.247985951839e-02 -1.229731316097e-01 2.12e-04 3.58e-06 7.15e-05 0.041
  9   -8.394188439470e-02 -1.219999915814e-01 1.71e-04 2.88e-06 1.86e-04 0.047
 10   -8.656542971771e-02 -1.187876954746e-01 8.89e-05 1.50e-06 1.36e-04 0.052
 11   -8.752280687730e-02 -1.157166556068e-01 5.91e-05 9.96e-07 3.81e-04 0.057
 12   -9.538116679592e-02 -1.035671015885e-01 1.38e-05 2.32e-07 9.05e-05 0.062
 13   -9.693240172235e-02 -1.009797178710e-01 5.48e-06 9.23e-08 3.36e-05 0.067
 14   -9.753155483418e-02 -9.982634447817e-02 2.09e-06 3.51e-08 3.57e-05 0.072
 15   -9.826410009265e-02 -9.884488014041e-02 4.45e-07 7.49e-09 7.54e-06 0.077
 16   -9.843129985203e-02 -9.860972330722e-02 1.18e-07 1.99e-09 3.54e-06 0.082
 17   -9.850553284684e-02 -9.851127267392e-02 3.64e-09 6.52e-11 6.01e-08 0.087
 18   -9.850780923380e-02 -9.850829524115e-02 3.02e-10 7.51e-12 2.84e-09 0.092
 19   -9.850798004629e-02 -9.850806861494e-02 5.16e-11 8.70e-11 3.51e-10 0.097
 20   -9.850801409468e-02 -9.850802519764e-02 4.77e-12 5.56e-11 3.22e-11 0.101
 21   -9.850801820966e-02 -9.850802007005e-02 6.73e-13 3.17e-10 3.66e-12 0.106


Optimal solution found in 21 iterations and 0.106s
Objective -9.85080182e-02
Primal infeasibility (abs/rel): 1.35e-12/6.73e-13
Dual infeasibility   (abs/rel): 3.49e-10/3.17e-10
Complementarity gap  (abs/rel): 4.02e-12/3.66e-12


Barrier finished in 0.11 seconds
Dual variables for problems with quadratic constraints not returned.

########## warm  t=02  (warm/t02.log) ##########

cuOpt version: 26.10.0, git hash: 648f805d, host arch: x86_64, device archs: 80-real
CPU: AMD EPYC 7642 48-Core Processor, threads: 5C/5T, RAM usage: 14.31/503.74GiB
CPU SIMD target: AVX2
CUDA 12.9, device: NVIDIA A100 80GB PCIe (ID 0), VRAM: 79.44 GiB
CUDA device UUID: 68df5cf5-71f9-6a93-b428-460c080ffb10
Problem has 1 quadratic constraints. Converting to second-order cones and solving with barrier.
Barrier: reusing cache (skip convert/presolve/scaling)
Barrier solver started at 0.000 seconds
Barrier solver: 5103 constraints, 10102 variables, 265152 nonzeros
Barrier setup complete at 0.000 seconds
Adaptive regularization enabled


                  Objective                         Infeasibility        Time
Iter   Primal              Dual                Primal   Dual    Compl.   Elapsed
  0   -3.702509737108e+02 -3.710937010099e+02 3.71e+03 1.91e+00 1.19e-02 0.001
  1   -4.136273551275e+00 -3.475151614423e+02 4.01e+01 2.77e-01 6.50e-02 0.006
  2   -1.039317309374e-01 -2.487809478481e+01 4.69e-01 7.85e-03 4.78e-03 0.012
  3   -5.492858368113e-02 -6.426990422293e-01 4.69e-03 7.91e-05 1.48e-04 0.017
  4   -5.851315182356e-02 -1.366086835713e-01 6.22e-04 1.05e-05 1.74e-05 0.022
  5   -6.838223231583e-02 -1.390882897067e-01 4.75e-04 8.01e-06 3.90e-05 0.026
  6   -6.889375945967e-02 -1.392058504776e-01 4.61e-04 7.77e-06 4.13e-05 0.031
  7   -7.975791834276e-02 -1.309113998325e-01 2.43e-04 4.10e-06 1.01e-04 0.036
  8   -7.980229728685e-02 -1.306485102465e-01 2.26e-04 3.81e-06 2.65e-04 0.041
  9   -8.971816234686e-02 -1.146065053328e-01 6.32e-05 1.07e-06 2.28e-04 0.046
 10   -9.597467619439e-02 -1.029561655380e-01 1.59e-05 2.68e-07 4.93e-05 0.051
 11   -9.743912260310e-02 -1.006252772177e-01 6.14e-06 1.03e-07 1.11e-05 0.056
 12   -9.773434130260e-02 -9.994009809262e-02 2.94e-06 4.96e-08 2.50e-05 0.061
 13   -9.823232358787e-02 -9.925642941383e-02 9.33e-07 1.57e-08 9.49e-06 0.066
 14   -9.847052975251e-02 -9.892513138470e-02 3.52e-07 5.90e-09 8.06e-06 0.070
 15   -9.865602249693e-02 -9.868376464854e-02 2.08e-08 3.54e-10 3.92e-07 0.075
 16   -9.866785252593e-02 -9.866876999955e-02 6.85e-10 1.72e-11 6.06e-09 0.080
 17   -9.866820080742e-02 -9.866831873333e-02 8.61e-11 2.46e-09 6.55e-10 0.084
 18   -9.866824347267e-02 -9.866826218435e-02 1.12e-11 2.00e-10 6.03e-11 0.089
 19   -9.866825144547e-02 -9.866825230551e-02 4.72e-13 1.26e-07 6.39e-12 0.093
 20   -9.866825181720e-02 -9.866825184965e-02 3.95e-14 5.99e-08 2.45e-13 0.097
 21   -9.866825183146e-02 -9.866825183297e-02 1.89e-15 2.68e-09 1.02e-14 0.102


Optimal solution found in 21 iterations and 0.102s
Objective -9.86682518e-02
Primal infeasibility (abs/rel): 3.77e-15/1.89e-15
Dual infeasibility   (abs/rel): 2.95e-09/2.68e-09
Complementarity gap  (abs/rel): 1.12e-14/1.02e-14


Barrier finished in 0.10 seconds
Dual variables for problems with quadratic constraints not returned.

########## warm  t=03  (warm/t03.log) ##########

cuOpt version: 26.10.0, git hash: 648f805d, host arch: x86_64, device archs: 80-real
CPU: AMD EPYC 7642 48-Core Processor, threads: 5C/5T, RAM usage: 14.32/503.74GiB
CPU SIMD target: AVX2
CUDA 12.9, device: NVIDIA A100 80GB PCIe (ID 0), VRAM: 79.44 GiB
CUDA device UUID: 68df5cf5-71f9-6a93-b428-460c080ffb10
Problem has 1 quadratic constraints. Converting to second-order cones and solving with barrier.
Barrier: reusing cache (skip convert/presolve/scaling)
Barrier solver started at 0.000 seconds
Barrier solver: 5103 constraints, 10102 variables, 265152 nonzeros
Barrier setup complete at 0.000 seconds
Adaptive regularization enabled


                  Objective                         Infeasibility        Time
Iter   Primal              Dual                Primal   Dual    Compl.   Elapsed
  0   -3.704296579021e+02 -3.711143874095e+02 3.71e+03 1.91e+00 1.19e-02 0.001
  1   -4.138892424296e+00 -3.475359915702e+02 4.01e+01 2.77e-01 6.50e-02 0.006
  2   -1.039998756227e-01 -2.488607216942e+01 4.69e-01 7.85e-03 4.78e-03 0.011
  3   -5.495597875825e-02 -6.429558222594e-01 4.69e-03 7.91e-05 1.48e-04 0.016
  4   -5.854647543587e-02 -1.362808304930e-01 6.19e-04 1.04e-05 1.74e-05 0.021
  5   -6.679140205461e-02 -1.385929045562e-01 5.02e-04 8.46e-06 2.70e-05 0.026
  6   -6.794021313316e-02 -1.389116930289e-01 4.73e-04 7.97e-06 3.50e-05 0.031
  7   -8.102227734754e-02 -1.263519063646e-01 2.52e-04 4.25e-06 8.00e-05 0.036
  8   -8.117573340987e-02 -1.261420568963e-01 2.34e-04 3.94e-06 1.12e-04 0.041
  9   -8.463955985212e-02 -1.227986557087e-01 1.51e-04 2.54e-06 2.91e-04 0.046
 10   -8.541318893936e-02 -1.201658823085e-01 1.11e-04 1.87e-06 4.88e-04 0.052
 11   -9.365681329795e-02 -1.075881490550e-01 3.94e-05 6.63e-07 1.40e-04 0.056
 12   -9.411708782621e-02 -1.061242778070e-01 2.78e-05 4.68e-07 1.95e-04 0.062
 13   -9.711606201690e-02 -1.015147594584e-01 9.14e-06 1.54e-07 7.16e-05 0.067
 14   -9.773012963182e-02 -1.003112783843e-01 3.87e-06 6.52e-08 4.83e-05 0.072
 15   -9.846033027777e-02 -9.934189011648e-02 1.18e-06 1.99e-08 1.41e-05 0.076
 16   -9.865719876910e-02 -9.903620144391e-02 3.59e-07 6.03e-09 7.42e-06 0.081
 17   -9.878513929112e-02 -9.887517731339e-02 8.20e-08 1.38e-09 1.78e-06 0.086
 18   -9.881244736624e-02 -9.883698598173e-02 1.25e-08 2.06e-10 3.38e-07 0.091
 19   -9.882182181149e-02 -9.882589455951e-02 2.04e-09 3.76e-11 5.70e-08 0.096
 20   -9.882347508941e-02 -9.882384327989e-02 8.89e-11 2.62e-11 2.97e-09 0.101
 21   -9.882363229387e-02 -9.882366420657e-02 7.71e-12 2.31e-11 2.65e-10 0.106
 22   -9.882364643917e-02 -9.882364797034e-02 3.69e-13 6.68e-10 1.28e-11 0.110


Optimal solution found in 22 iterations and 0.111s
Objective -9.88236464e-02
Primal infeasibility (abs/rel): 7.38e-13/3.69e-13
Dual infeasibility   (abs/rel): 7.36e-10/6.68e-10
Complementarity gap  (abs/rel): 1.40e-11/1.28e-11


Barrier finished in 0.11 seconds
Dual variables for problems with quadratic constraints not returned.

########## warm  t=04  (warm/t04.log) ##########

cuOpt version: 26.10.0, git hash: 648f805d, host arch: x86_64, device archs: 80-real
CPU: AMD EPYC 7642 48-Core Processor, threads: 5C/5T, RAM usage: 14.35/503.74GiB
CPU SIMD target: AVX2
CUDA 12.9, device: NVIDIA A100 80GB PCIe (ID 0), VRAM: 79.44 GiB
CUDA device UUID: 68df5cf5-71f9-6a93-b428-460c080ffb10
Problem has 1 quadratic constraints. Converting to second-order cones and solving with barrier.
Barrier: reusing cache (skip convert/presolve/scaling)
Barrier solver started at 0.000 seconds
Barrier solver: 5103 constraints, 10102 variables, 265152 nonzeros
Barrier setup complete at 0.000 seconds
Adaptive regularization enabled


                  Objective                         Infeasibility        Time
Iter   Primal              Dual                Primal   Dual    Compl.   Elapsed
  0   -3.702624119443e+02 -3.710387458059e+02 3.71e+03 1.91e+00 1.19e-02 0.001
  1   -4.136636484816e+00 -3.474601645164e+02 4.01e+01 2.77e-01 6.50e-02 0.006
  2   -1.039518362250e-01 -2.487140678162e+01 4.69e-01 7.85e-03 4.78e-03 0.011
  3   -5.493965881654e-02 -6.425639186560e-01 4.69e-03 7.91e-05 1.48e-04 0.016
  4   -5.853205540329e-02 -1.359055184408e-01 6.17e-04 1.04e-05 1.72e-05 0.021
  5   -6.752262788005e-02 -1.382889562896e-01 4.87e-04 8.20e-06 3.00e-05 0.026
  6   -6.909308643533e-02 -1.385283236887e-01 4.47e-04 7.53e-06 4.23e-05 0.031
  7   -8.140921929963e-02 -1.243462474045e-01 2.48e-04 4.17e-06 7.51e-05 0.036
  8   -8.155823317750e-02 -1.241861441019e-01 2.32e-04 3.91e-06 7.37e-05 0.041
  9   -8.323126950183e-02 -1.230408470615e-01 1.85e-04 3.12e-06 2.17e-04 0.046
 10   -8.338538478390e-02 -1.218653039961e-01 1.59e-04 2.67e-06 3.59e-04 0.052
 11   -9.171618093226e-02 -1.095585688517e-01 6.76e-05 1.14e-06 1.14e-04 0.057
 12   -9.235011047952e-02 -1.081514288795e-01 5.23e-05 8.80e-07 1.34e-04 0.062
 13   -9.592592044879e-02 -1.025477579451e-01 1.90e-05 3.20e-07 6.40e-05 0.067
 14   -9.614587680778e-02 -1.018815110785e-01 1.36e-05 2.30e-07 7.67e-05 0.073
 15   -9.733930721808e-02 -1.002250479740e-01 6.13e-06 1.03e-07 3.37e-05 0.078
 16   -9.760405845877e-02 -9.973277575243e-02 3.64e-06 6.13e-08 3.20e-05 0.083
 17   -9.812132700703e-02 -9.901382750569e-02 1.31e-06 2.21e-08 1.27e-05 0.088
 18   -9.826862556025e-02 -9.878523325182e-02 5.79e-07 9.73e-09 8.12e-06 0.093
 19   -9.842352807303e-02 -9.858376974688e-02 1.54e-07 2.59e-09 2.46e-06 0.097
 20   -9.847368042775e-02 -9.851646617581e-02 2.95e-08 4.84e-10 6.70e-07 0.102
 21   -9.848854590965e-02 -9.849837584752e-02 6.39e-09 1.08e-10 1.53e-07 0.107
 22   -9.849231468890e-02 -9.849359155019e-02 5.64e-10 6.32e-12 1.53e-08 0.112
 23   -9.849280572279e-02 -9.849300663564e-02 8.87e-11 3.96e-12 2.50e-09 0.117
 24   -9.849289139823e-02 -9.849290442924e-02 5.72e-12 6.44e-10 1.61e-10 0.121
 25   -9.849289719718e-02 -9.849289749593e-02 1.16e-13 9.87e-11 3.63e-12 0.125


Optimal solution found in 25 iterations and 0.125s
Objective -9.84928972e-02
Primal infeasibility (abs/rel): 2.31e-13/1.16e-13
Dual infeasibility   (abs/rel): 1.09e-10/9.87e-11
Complementarity gap  (abs/rel): 3.99e-12/3.63e-12


Barrier finished in 0.13 seconds
Dual variables for problems with quadratic constraints not returned.

########## warm  t=05  (warm/t05.log) ##########

cuOpt version: 26.10.0, git hash: 648f805d, host arch: x86_64, device archs: 80-real
CPU: AMD EPYC 7642 48-Core Processor, threads: 5C/5T, RAM usage: 14.29/503.74GiB
CPU SIMD target: AVX2
CUDA 12.9, device: NVIDIA A100 80GB PCIe (ID 0), VRAM: 79.44 GiB
CUDA device UUID: 68df5cf5-71f9-6a93-b428-460c080ffb10
Problem has 1 quadratic constraints. Converting to second-order cones and solving with barrier.
Barrier: reusing cache (skip convert/presolve/scaling)
Barrier solver started at 0.000 seconds
Barrier solver: 5103 constraints, 10102 variables, 265152 nonzeros
Barrier setup complete at 0.000 seconds
Adaptive regularization enabled


                  Objective                         Infeasibility        Time
Iter   Primal              Dual                Primal   Dual    Compl.   Elapsed
  0   -3.704291987375e+02 -3.711395609108e+02 3.71e+03 1.91e+00 1.19e-02 0.001
  1   -4.138240121015e+00 -3.475611537449e+02 4.01e+01 2.77e-01 6.50e-02 0.008
  2   -1.039773673472e-01 -2.488455848350e+01 4.69e-01 7.85e-03 4.78e-03 0.013
  3   -5.495207890613e-02 -6.428341782442e-01 4.69e-03 7.91e-05 1.48e-04 0.018
  4   -5.854039328337e-02 -1.366925924223e-01 6.23e-04 1.05e-05 1.75e-05 0.022
  5   -6.604986177006e-02 -1.385362852807e-01 5.11e-04 8.60e-06 2.69e-05 0.027
  6   -6.790324127050e-02 -1.389601490280e-01 4.66e-04 7.86e-06 2.96e-05 0.032
  7   -8.303250571007e-02 -1.229863554128e-01 2.19e-04 3.69e-06 5.72e-05 0.037
  8   -8.344811566910e-02 -1.225112634413e-01 1.93e-04 3.25e-06 6.87e-05 0.042
  9   -8.415635944455e-02 -1.222342535625e-01 1.72e-04 2.89e-06 1.24e-04 0.047
 10   -8.638236897679e-02 -1.192144838733e-01 1.32e-04 2.23e-06 9.51e-05 0.053
 11   -8.613025296761e-02 -1.187881789383e-01 1.26e-04 2.13e-06 1.56e-04 0.058
 12   -9.211930489350e-02 -1.096231831199e-01 6.17e-05 1.04e-06 6.89e-05 0.063
 13   -9.284615215631e-02 -1.081499306518e-01 4.70e-05 7.93e-07 9.81e-05 0.068
 14   -9.588080878656e-02 -1.034061721914e-01 2.05e-05 3.45e-07 5.26e-05 0.073
 15   -9.595684689207e-02 -1.029402358925e-01 1.65e-05 2.78e-07 7.05e-05 0.079
 16   -9.732801110356e-02 -1.009842561808e-01 7.98e-06 1.34e-07 3.47e-05 0.084
 17   -9.754839890967e-02 -1.005084520648e-01 5.34e-06 8.99e-08 4.06e-05 0.089
 18   -9.817798914253e-02 -9.960431300307e-02 2.26e-06 3.81e-08 1.83e-05 0.094
 19   -9.831848281199e-02 -9.934775751701e-02 1.27e-06 2.14e-08 1.50e-05 0.100
 20   -9.860290962317e-02 -9.895835590432e-02 3.52e-07 5.94e-09 5.17e-06 0.105
 21   -9.870326019008e-02 -9.881809195203e-02 8.23e-08 1.37e-09 1.90e-06 0.110
 22   -9.874349791222e-02 -9.876857414283e-02 1.73e-08 2.91e-10 4.21e-07 0.115
 23   -9.875294183555e-02 -9.875621705414e-02 1.23e-09 1.90e-11 4.02e-08 0.119
 24   -9.875428481059e-02 -9.875464801198e-02 1.36e-10 4.84e-12 4.49e-09 0.124
 25   -9.875443398781e-02 -9.875446686919e-02 9.57e-12 2.08e-10 3.09e-10 0.129
 26   -9.875444811237e-02 -9.875445030321e-02 6.31e-13 7.70e-09 1.80e-11 0.133


Optimal solution found in 26 iterations and 0.133s
Objective -9.87544481e-02
Primal infeasibility (abs/rel): 1.26e-12/6.31e-13
Dual infeasibility   (abs/rel): 8.49e-09/7.70e-09
Complementarity gap  (abs/rel): 1.98e-11/1.80e-11


Barrier finished in 0.13 seconds
Dual variables for problems with quadratic constraints not returned.

########## warm  t=06  (warm/t06.log) ##########

cuOpt version: 26.10.0, git hash: 648f805d, host arch: x86_64, device archs: 80-real
CPU: AMD EPYC 7642 48-Core Processor, threads: 5C/5T, RAM usage: 14.31/503.74GiB
CPU SIMD target: AVX2
CUDA 12.9, device: NVIDIA A100 80GB PCIe (ID 0), VRAM: 79.44 GiB
CUDA device UUID: 68df5cf5-71f9-6a93-b428-460c080ffb10
Problem has 1 quadratic constraints. Converting to second-order cones and solving with barrier.
Barrier: reusing cache (skip convert/presolve/scaling)
Barrier solver started at 0.000 seconds
Barrier solver: 5103 constraints, 10102 variables, 265152 nonzeros
Barrier setup complete at 0.000 seconds
Adaptive regularization enabled


                  Objective                         Infeasibility        Time
Iter   Primal              Dual                Primal   Dual    Compl.   Elapsed
  0   -3.704490508896e+02 -3.710981922775e+02 3.71e+03 1.91e+00 1.19e-02 0.001
  1   -4.138703882017e+00 -3.475197441600e+02 4.01e+01 2.77e-01 6.50e-02 0.006
  2   -1.040077714720e-01 -2.488126401411e+01 4.69e-01 7.85e-03 4.78e-03 0.011
  3   -5.496009159231e-02 -6.429579754514e-01 4.69e-03 7.91e-05 1.48e-04 0.016
  4   -5.855201084765e-02 -1.359300793120e-01 6.17e-04 1.04e-05 1.72e-05 0.021
  5   -6.551675310994e-02 -1.377706752984e-01 5.18e-04 8.72e-06 2.04e-05 0.026
  6   -6.699932395295e-02 -1.382652692960e-01 4.83e-04 8.13e-06 2.72e-05 0.030
  7   -8.162897713542e-02 -1.249450474890e-01 2.43e-04 4.10e-06 7.09e-05 0.035
  8   -8.180531801521e-02 -1.245931780048e-01 2.22e-04 3.73e-06 1.19e-04 0.041
  9   -8.341023217422e-02 -1.237503075556e-01 1.77e-04 2.99e-06 2.86e-04 0.046
 10   -8.547850294479e-02 -1.209211746473e-01 1.01e-04 1.70e-06 2.64e-04 0.051
 11   -8.804419080853e-02 -1.151441603694e-01 5.31e-05 8.94e-07 4.51e-04 0.057
 12   -9.516379843869e-02 -1.038271681119e-01 1.31e-05 2.20e-07 1.16e-04 0.062
 13   -9.699352752141e-02 -1.008567441900e-01 4.62e-06 7.79e-08 3.36e-05 0.067
 14   -9.759936398234e-02 -9.965874885953e-02 1.54e-06 2.58e-08 3.72e-05 0.072
 15   -9.828623671797e-02 -9.873930122497e-02 3.11e-07 5.25e-09 7.79e-06 0.077
 16   -9.842334361797e-02 -9.853996776184e-02 6.38e-08 1.07e-09 2.36e-06 0.082
 17   -9.846598246607e-02 -9.848542723482e-02 1.05e-08 1.79e-10 3.91e-07 0.086
 18   -9.847269078948e-02 -9.847593838541e-02 8.63e-10 1.55e-11 3.58e-08 0.091
 19   -9.847405161183e-02 -9.847432731430e-02 7.30e-11 5.51e-12 3.07e-09 0.096
 20   -9.847416903807e-02 -9.847418318491e-02 2.21e-12 8.89e-11 8.58e-11 0.101
 21   -9.847417544026e-02 -9.847417582950e-02 1.54e-13 1.01e-08 2.34e-12 0.105
 22   -9.847417560811e-02 -9.847417563204e-02 9.52e-15 6.15e-10 1.46e-13 0.110


Optimal solution found in 22 iterations and 0.110s
Objective -9.84741756e-02
Primal infeasibility (abs/rel): 1.90e-14/9.52e-15
Dual infeasibility   (abs/rel): 6.78e-10/6.15e-10
Complementarity gap  (abs/rel): 1.60e-13/1.46e-13


Barrier finished in 0.11 seconds
Dual variables for problems with quadratic constraints not returned.

########## warm  t=07  (warm/t07.log) ##########

cuOpt version: 26.10.0, git hash: 648f805d, host arch: x86_64, device archs: 80-real
CPU: AMD EPYC 7642 48-Core Processor, threads: 5C/5T, RAM usage: 14.34/503.74GiB
CPU SIMD target: AVX2
CUDA 12.9, device: NVIDIA A100 80GB PCIe (ID 0), VRAM: 79.44 GiB
CUDA device UUID: 68df5cf5-71f9-6a93-b428-460c080ffb10
Problem has 1 quadratic constraints. Converting to second-order cones and solving with barrier.
Barrier: reusing cache (skip convert/presolve/scaling)
Barrier solver started at 0.000 seconds
Barrier solver: 5103 constraints, 10102 variables, 265152 nonzeros
Barrier setup complete at 0.000 seconds
Adaptive regularization enabled


                  Objective                         Infeasibility        Time
Iter   Primal              Dual                Primal   Dual    Compl.   Elapsed
  0   -3.704340093575e+02 -3.710959393425e+02 3.71e+03 1.91e+00 1.19e-02 0.001
  1   -4.137998343196e+00 -3.475174945368e+02 4.01e+01 2.77e-01 6.50e-02 0.007
  2   -1.040026843868e-01 -2.487628134973e+01 4.69e-01 7.85e-03 4.78e-03 0.012
  3   -5.496235280700e-02 -6.427807953946e-01 4.69e-03 7.91e-05 1.48e-04 0.017
  4   -5.856089445158e-02 -1.359195234624e-01 6.17e-04 1.04e-05 1.72e-05 0.022
  5   -6.659170651102e-02 -1.380598273755e-01 5.02e-04 8.45e-06 2.55e-05 0.027
  6   -6.814658537819e-02 -1.384347572872e-01 4.64e-04 7.81e-06 3.21e-05 0.032
  7   -8.145174426065e-02 -1.248840330847e-01 2.46e-04 4.14e-06 6.80e-05 0.037
  8   -8.163161837713e-02 -1.246568625923e-01 2.28e-04 3.84e-06 7.92e-05 0.042
  9   -8.366657300819e-02 -1.232304571672e-01 1.73e-04 2.91e-06 2.39e-04 0.048
 10   -8.319594441045e-02 -1.225994187712e-01 1.60e-04 2.70e-06 4.86e-04 0.053
 11   -8.610208382268e-02 -1.183600747273e-01 1.18e-04 1.99e-06 4.64e-04 0.059
 12   -9.418075440462e-02 -1.056816904277e-01 2.71e-05 4.57e-07 6.09e-05 0.063
 13   -9.574081044971e-02 -1.027946820280e-01 1.32e-05 2.23e-07 6.75e-05 0.069
 14   -9.753735885800e-02 -1.001313474435e-01 4.19e-06 7.06e-08 2.04e-05 0.074
 15   -9.786761829846e-02 -9.951268061348e-02 1.96e-06 3.31e-08 2.98e-05 0.078
 16   -9.845906357587e-02 -9.867937422577e-02 2.53e-07 4.25e-09 2.94e-06 0.083
 17   -9.854298698976e-02 -9.856749611695e-02 2.55e-08 4.34e-10 2.07e-07 0.088
 18   -9.855153627051e-02 -9.855567241110e-02 3.83e-09 6.63e-11 3.74e-08 0.093
 19   -9.855323737159e-02 -9.855344289149e-02 1.90e-10 8.98e-12 1.31e-09 0.098
 20   -9.855332070291e-02 -9.855333542114e-02 1.32e-11 2.82e-10 5.09e-11 0.102
 21   -9.855332590981e-02 -9.855332857572e-02 1.95e-12 1.70e-10 9.72e-12 0.107


Optimal solution found in 21 iterations and 0.107s
Objective -9.85533259e-02
Primal infeasibility (abs/rel): 3.89e-12/1.95e-12
Dual infeasibility   (abs/rel): 1.88e-10/1.70e-10
Complementarity gap  (abs/rel): 1.07e-11/9.72e-12


Barrier finished in 0.11 seconds
Dual variables for problems with quadratic constraints not returned.

########## warm  t=08  (warm/t08.log) ##########

cuOpt version: 26.10.0, git hash: 648f805d, host arch: x86_64, device archs: 80-real
CPU: AMD EPYC 7642 48-Core Processor, threads: 5C/5T, RAM usage: 14.29/503.74GiB
CPU SIMD target: AVX2
CUDA 12.9, device: NVIDIA A100 80GB PCIe (ID 0), VRAM: 79.44 GiB
CUDA device UUID: 68df5cf5-71f9-6a93-b428-460c080ffb10
Problem has 1 quadratic constraints. Converting to second-order cones and solving with barrier.
Barrier: reusing cache (skip convert/presolve/scaling)
Barrier solver started at 0.000 seconds
Barrier solver: 5103 constraints, 10102 variables, 265152 nonzeros
Barrier setup complete at 0.000 seconds
Adaptive regularization enabled


                  Objective                         Infeasibility        Time
Iter   Primal              Dual                Primal   Dual    Compl.   Elapsed
  0   -3.704472534989e+02 -3.711214143411e+02 3.71e+03 1.91e+00 1.19e-02 0.001
  1   -4.139241786382e+00 -3.475430561425e+02 4.01e+01 2.77e-01 6.50e-02 0.006
  2   -1.040141421008e-01 -2.488853327147e+01 4.69e-01 7.85e-03 4.78e-03 0.011
  3   -5.495990767093e-02 -6.430541095433e-01 4.69e-03 7.91e-05 1.48e-04 0.016
  4   -5.854949324269e-02 -1.367065253593e-01 6.23e-04 1.05e-05 1.74e-05 0.021
  5   -6.684370814731e-02 -1.389240273767e-01 5.00e-04 8.41e-06 2.91e-05 0.026
  6   -6.858413485248e-02 -1.392430844195e-01 4.57e-04 7.69e-06 4.63e-05 0.031
  7   -8.184716017294e-02 -1.245071663838e-01 2.41e-04 4.06e-06 9.35e-05 0.036
  8   -8.205645798379e-02 -1.242795746243e-01 2.24e-04 3.77e-06 8.66e-05 0.041
  9   -8.329145852978e-02 -1.236155516123e-01 1.89e-04 3.18e-06 1.67e-04 0.047
 10   -8.579134809167e-02 -1.208127936787e-01 1.15e-04 1.94e-06 1.18e-04 0.051
 11   -8.609940809082e-02 -1.189970710190e-01 9.07e-05 1.53e-06 3.15e-04 0.058
 12   -9.366884475392e-02 -1.069255468352e-01 3.32e-05 5.59e-07 9.09e-05 0.062
 13   -9.465891987768e-02 -1.050848351883e-01 2.22e-05 3.74e-07 9.99e-05 0.068
 14   -9.514528084197e-02 -1.042611950213e-01 1.75e-05 2.94e-07 1.08e-04 0.074
 15   -9.670996710185e-02 -1.019018708879e-01 8.91e-06 1.50e-07 5.45e-05 0.079
 16   -9.685677360696e-02 -1.014431178661e-01 6.62e-06 1.12e-07 5.95e-05 0.085
 17   -9.786802927654e-02 -9.994565153072e-02 2.48e-06 4.17e-08 2.48e-05 0.089
 18   -9.810392519343e-02 -9.953523281136e-02 1.36e-06 2.28e-08 2.14e-05 0.095
 19   -9.848035601353e-02 -9.901769848848e-02 4.20e-07 7.08e-09 7.64e-06 0.100
 20   -9.859699681357e-02 -9.884889777676e-02 1.51e-07 2.51e-09 4.07e-06 0.105
 21   -9.867518452402e-02 -9.874976336240e-02 3.96e-08 6.63e-10 1.17e-06 0.110
 22   -9.870100233345e-02 -9.871576764821e-02 5.26e-09 7.14e-11 2.18e-07 0.115
 23   -9.870640701747e-02 -9.870930625808e-02 9.94e-10 1.69e-11 4.31e-08 0.119
 24   -9.870752135909e-02 -9.870791770736e-02 1.04e-10 1.32e-11 4.80e-09 0.124
 25   -9.870768878912e-02 -9.870771717032e-02 7.46e-12 7.18e-11 3.39e-10 0.129
 26   -9.870770119440e-02 -9.870770235229e-02 2.92e-13 8.50e-08 1.24e-11 0.133
 27   -9.870770169062e-02 -9.870770178543e-02 2.20e-14 6.38e-09 8.50e-13 0.138


Optimal solution found in 27 iterations and 0.138s
Objective -9.87077017e-02
Primal infeasibility (abs/rel): 4.40e-14/2.20e-14
Dual infeasibility   (abs/rel): 7.03e-09/6.38e-09
Complementarity gap  (abs/rel): 9.34e-13/8.50e-13


Barrier finished in 0.14 seconds
Dual variables for problems with quadratic constraints not returned.

########## warm  t=09  (warm/t09.log) ##########

cuOpt version: 26.10.0, git hash: 648f805d, host arch: x86_64, device archs: 80-real
CPU: AMD EPYC 7642 48-Core Processor, threads: 5C/5T, RAM usage: 14.19/503.74GiB
CPU SIMD target: AVX2
CUDA 12.9, device: NVIDIA A100 80GB PCIe (ID 0), VRAM: 79.44 GiB
CUDA device UUID: 68df5cf5-71f9-6a93-b428-460c080ffb10
Problem has 1 quadratic constraints. Converting to second-order cones and solving with barrier.
Barrier: reusing cache (skip convert/presolve/scaling)
Barrier solver started at 0.000 seconds
Barrier solver: 5103 constraints, 10102 variables, 265152 nonzeros
Barrier setup complete at 0.000 seconds
Adaptive regularization enabled


                  Objective                         Infeasibility        Time
Iter   Primal              Dual                Primal   Dual    Compl.   Elapsed
  0   -3.702779911923e+02 -3.710340990992e+02 3.71e+03 1.91e+00 1.19e-02 0.001
  1   -4.137413965078e+00 -3.474555508912e+02 4.01e+01 2.77e-01 6.49e-02 0.008
  2   -1.039627881816e-01 -2.487502701009e+01 4.69e-01 7.85e-03 4.78e-03 0.013
  3   -5.494259749550e-02 -6.426390295605e-01 4.69e-03 7.91e-05 1.48e-04 0.018
  4   -5.853147883895e-02 -1.362046779041e-01 6.19e-04 1.04e-05 1.73e-05 0.023
  5   -6.730421863223e-02 -1.383594196589e-01 4.88e-04 8.22e-06 3.14e-05 0.028
  6   -6.898407367575e-02 -1.386008917923e-01 4.45e-04 7.50e-06 4.26e-05 0.033
  7   -8.252091794322e-02 -1.224963597773e-01 2.25e-04 3.80e-06 7.32e-05 0.037
  8   -8.268114833381e-02 -1.222822697651e-01 2.09e-04 3.53e-06 6.77e-05 0.042
  9   -8.383691471884e-02 -1.216691216758e-01 1.75e-04 2.95e-06 1.72e-04 0.048
 10   -8.546472970700e-02 -1.197750613732e-01 1.12e-04 1.88e-06 1.69e-04 0.052
 11   -8.753101204127e-02 -1.152999351222e-01 6.41e-05 1.08e-06 3.89e-04 0.058
 12   -9.549973572012e-02 -1.030620287562e-01 1.25e-05 2.11e-07 8.56e-05 0.063
 13   -9.695192121189e-02 -1.005109374043e-01 4.45e-06 7.49e-08 4.28e-05 0.067
 14   -9.798380789126e-02 -9.895345355038e-02 9.93e-07 1.67e-08 9.27e-06 0.072
 15   -9.830540480406e-02 -9.849455965679e-02 9.78e-08 1.65e-09 6.11e-07 0.077
 16   -9.836747571950e-02 -9.841452109056e-02 1.82e-08 3.00e-10 1.90e-07 0.082
 17   -9.838644827232e-02 -9.839174275541e-02 1.77e-09 3.29e-11 1.98e-08 0.087
 18   -9.838859214167e-02 -9.838915600037e-02 1.79e-10 2.01e-11 2.96e-09 0.092
 19   -9.838883521824e-02 -9.838886711978e-02 1.01e-11 3.49e-11 1.57e-10 0.096
 20   -9.838884914891e-02 -9.838885071312e-02 4.76e-13 1.12e-07 4.99e-12 0.101
 21   -9.838884979250e-02 -9.838884994719e-02 3.44e-14 8.13e-09 6.16e-13 0.105


Optimal solution found in 21 iterations and 0.105s
Objective -9.83888498e-02
Primal infeasibility (abs/rel): 6.88e-14/3.44e-14
Dual infeasibility   (abs/rel): 8.95e-09/8.13e-09
Complementarity gap  (abs/rel): 6.76e-13/6.16e-13


Barrier finished in 0.11 seconds
Dual variables for problems with quadratic constraints not returned.

########## warm  t=10  (warm/t10.log) ##########

cuOpt version: 26.10.0, git hash: 648f805d, host arch: x86_64, device archs: 80-real
CPU: AMD EPYC 7642 48-Core Processor, threads: 5C/5T, RAM usage: 14.20/503.74GiB
CPU SIMD target: AVX2
CUDA 12.9, device: NVIDIA A100 80GB PCIe (ID 0), VRAM: 79.44 GiB
CUDA device UUID: 68df5cf5-71f9-6a93-b428-460c080ffb10
Problem has 1 quadratic constraints. Converting to second-order cones and solving with barrier.
Barrier: reusing cache (skip convert/presolve/scaling)
Barrier solver started at 0.000 seconds
Barrier solver: 5103 constraints, 10102 variables, 265152 nonzeros
Barrier setup complete at 0.000 seconds
Adaptive regularization enabled


                  Objective                         Infeasibility        Time
Iter   Primal              Dual                Primal   Dual    Compl.   Elapsed
  0   -3.704562062107e+02 -3.710714720587e+02 3.71e+03 1.91e+00 1.19e-02 0.001
  1   -4.139037088259e+00 -3.474930274934e+02 4.01e+01 2.77e-01 6.49e-02 0.007
  2   -1.040203888891e-01 -2.487881575907e+01 4.69e-01 7.85e-03 4.78e-03 0.013
  3   -5.496595416765e-02 -6.428695019044e-01 4.69e-03 7.91e-05 1.48e-04 0.018
  4   -5.855928225679e-02 -1.358861132381e-01 6.16e-04 1.04e-05 1.71e-05 0.023
  5   -6.633604649581e-02 -1.378606070000e-01 5.05e-04 8.50e-06 2.41e-05 0.027
  6   -6.767698000493e-02 -1.382478097972e-01 4.72e-04 7.94e-06 2.82e-05 0.032
  7   -8.154108303844e-02 -1.247342887670e-01 2.42e-04 4.07e-06 6.14e-05 0.037
  8   -8.190808710706e-02 -1.244209937333e-01 2.17e-04 3.66e-06 8.71e-05 0.042
  9   -8.395606193267e-02 -1.227574618808e-01 1.64e-04 2.76e-06 2.16e-04 0.047
 10   -8.700148319982e-02 -1.186902318753e-01 9.08e-05 1.53e-06 1.29e-04 0.052
 11   -8.697032142492e-02 -1.174108832222e-01 7.64e-05 1.29e-06 2.76e-04 0.058
 12   -9.358726795633e-02 -1.067457897425e-01 2.99e-05 5.04e-07 8.74e-05 0.063
 13   -9.463697005612e-02 -1.048575363436e-01 2.02e-05 3.40e-07 1.04e-04 0.068
 14   -9.655186166797e-02 -1.018583955284e-01 9.24e-06 1.56e-07 4.87e-05 0.073
 15   -9.675468109239e-02 -1.012625020302e-01 6.45e-06 1.09e-07 5.65e-05 0.079
 16   -9.776305991550e-02 -9.979157807913e-02 2.60e-06 4.38e-08 2.43e-05 0.084
 17   -9.799883354422e-02 -9.937311977263e-02 1.43e-06 2.41e-08 2.19e-05 0.089
 18   -9.834287715378e-02 -9.888466968597e-02 4.83e-07 8.14e-09 8.19e-06 0.094
 19   -9.843936912029e-02 -9.873301157076e-02 1.92e-07 3.21e-09 4.62e-06 0.099
 20   -9.852857306080e-02 -9.861718191100e-02 5.09e-08 8.53e-10 1.36e-06 0.104
 21   -9.855799285614e-02 -9.857772072880e-02 7.85e-09 1.25e-10 3.01e-07 0.109
 22   -9.856497162516e-02 -9.856924218022e-02 1.62e-09 2.98e-11 6.48e-08 0.114
 23   -9.856660335203e-02 -9.856717527277e-02 1.56e-10 8.05e-11 6.75e-09 0.118
 24   -9.856682442201e-02 -9.856690975124e-02 2.32e-11 4.82e-10 1.01e-09 0.122
 25   -9.856686178682e-02 -9.856686495159e-02 8.60e-13 1.12e-08 3.34e-11 0.126
 26   -9.856686310472e-02 -9.856686340116e-02 7.94e-14 1.03e-09 2.70e-12 0.131


Optimal solution found in 26 iterations and 0.131s
Objective -9.85668631e-02
Primal infeasibility (abs/rel): 1.59e-13/7.94e-14
Dual infeasibility   (abs/rel): 1.14e-09/1.03e-09
Complementarity gap  (abs/rel): 2.96e-12/2.70e-12


Barrier finished in 0.13 seconds
Dual variables for problems with quadratic constraints not returned.

########## warm  t=11  (warm/t11.log) ##########

cuOpt version: 26.10.0, git hash: 648f805d, host arch: x86_64, device archs: 80-real
CPU: AMD EPYC 7642 48-Core Processor, threads: 5C/5T, RAM usage: 14.23/503.74GiB
CPU SIMD target: AVX2
CUDA 12.9, device: NVIDIA A100 80GB PCIe (ID 0), VRAM: 79.44 GiB
CUDA device UUID: 68df5cf5-71f9-6a93-b428-460c080ffb10
Problem has 1 quadratic constraints. Converting to second-order cones and solving with barrier.
Barrier: reusing cache (skip convert/presolve/scaling)
Barrier solver started at 0.000 seconds
Barrier solver: 5103 constraints, 10102 variables, 265152 nonzeros
Barrier setup complete at 0.000 seconds
Adaptive regularization enabled


                  Objective                         Infeasibility        Time
Iter   Primal              Dual                Primal   Dual    Compl.   Elapsed
  0   -3.703336272695e+02 -3.710584120459e+02 3.71e+03 1.91e+00 1.19e-02 0.001
  1   -4.137832929498e+00 -3.474799232405e+02 4.01e+01 2.77e-01 6.49e-02 0.007
  2   -1.039807671202e-01 -2.487731337697e+01 4.69e-01 7.85e-03 4.78e-03 0.012
  3   -5.494981773508e-02 -6.427223953578e-01 4.69e-03 7.91e-05 1.48e-04 0.017
  4   -5.854536693144e-02 -1.356570860147e-01 6.15e-04 1.04e-05 1.72e-05 0.022
  5   -6.553128985594e-02 -1.375823483797e-01 5.16e-04 8.70e-06 1.98e-05 0.027
  6   -6.729993156544e-02 -1.381153593903e-01 4.75e-04 8.00e-06 3.03e-05 0.034
  7   -8.239177894727e-02 -1.235205323465e-01 2.32e-04 3.91e-06 7.67e-05 0.039
  8   -8.264021178262e-02 -1.231477047061e-01 2.10e-04 3.54e-06 8.23e-05 0.045
  9   -8.327699601722e-02 -1.231878312516e-01 1.90e-04 3.20e-06 1.78e-04 0.050
 10   -8.606536404059e-02 -1.198865904465e-01 1.12e-04 1.88e-06 1.19e-04 0.055
 11   -8.627233464900e-02 -1.182988057152e-01 9.01e-05 1.52e-06 2.79e-04 0.061
 12   -9.298421391688e-02 -1.075028619286e-01 3.71e-05 6.25e-07 9.18e-05 0.066
 13   -9.424773507718e-02 -1.053375365538e-01 2.32e-05 3.90e-07 1.09e-04 0.071
 14   -9.476825004353e-02 -1.043050374957e-01 1.80e-05 3.03e-07 1.15e-04 0.077
 15   -9.670474377926e-02 -1.013497126474e-01 7.93e-06 1.34e-07 5.22e-05 0.082
 16   -9.696546313762e-02 -1.007448798033e-01 5.30e-06 8.94e-08 5.32e-05 0.087
 17   -9.782739730230e-02 -9.947054812359e-02 1.98e-06 3.34e-08 2.14e-05 0.092
 18   -9.801222066419e-02 -9.914256728053e-02 1.08e-06 1.82e-08 1.70e-05 0.098
 19   -9.831876711730e-02 -9.872117864492e-02 3.27e-07 5.51e-09 5.73e-06 0.103
 20   -9.841217139509e-02 -9.858612399003e-02 1.07e-07 1.77e-09 2.72e-06 0.108
 21   -9.846617430281e-02 -9.851733966886e-02 2.82e-08 4.72e-10 7.70e-07 0.113
 22   -9.848403168692e-02 -9.849371879334e-02 3.30e-09 6.07e-11 1.19e-07 0.118
 23   -9.848767676457e-02 -9.848938515797e-02 5.65e-10 1.47e-11 2.12e-08 0.122
 24   -9.848836214044e-02 -9.848854081536e-02 4.33e-11 8.94e-11 1.65e-09 0.127
 25   -9.848843362396e-02 -9.848845685062e-02 5.63e-12 6.10e-11 2.17e-10 0.132
 26   -9.848844263742e-02 -9.848844630056e-02 8.85e-13 3.26e-11 3.51e-11 0.137


Optimal solution found in 26 iterations and 0.137s
Objective -9.84884426e-02
Primal infeasibility (abs/rel): 1.77e-12/8.85e-13
Dual infeasibility   (abs/rel): 3.59e-11/3.26e-11
Complementarity gap  (abs/rel): 3.86e-11/3.51e-11


Barrier finished in 0.14 seconds
Dual variables for problems with quadratic constraints not returned.

########## warm  t=12  (warm/t12.log) ##########

cuOpt version: 26.10.0, git hash: 648f805d, host arch: x86_64, device archs: 80-real
CPU: AMD EPYC 7642 48-Core Processor, threads: 5C/5T, RAM usage: 14.17/503.74GiB
CPU SIMD target: AVX2
CUDA 12.9, device: NVIDIA A100 80GB PCIe (ID 0), VRAM: 79.44 GiB
CUDA device UUID: 68df5cf5-71f9-6a93-b428-460c080ffb10
Problem has 1 quadratic constraints. Converting to second-order cones and solving with barrier.
Barrier: reusing cache (skip convert/presolve/scaling)
Barrier solver started at 0.000 seconds
Barrier solver: 5103 constraints, 10102 variables, 265152 nonzeros
Barrier setup complete at 0.000 seconds
Adaptive regularization enabled


                  Objective                         Infeasibility        Time
Iter   Primal              Dual                Primal   Dual    Compl.   Elapsed
  0   -3.703361174615e+02 -3.711052443117e+02 3.71e+03 1.91e+00 1.19e-02 0.001
  1   -4.137135437376e+00 -3.475267509272e+02 4.01e+01 2.77e-01 6.50e-02 0.006
  2   -1.039531739210e-01 -2.487909939798e+01 4.69e-01 7.85e-03 4.78e-03 0.011
  3   -5.493987113675e-02 -6.426843426177e-01 4.69e-03 7.91e-05 1.47e-04 0.016
  4   -5.852671165755e-02 -1.365429791277e-01 6.22e-04 1.05e-05 1.74e-05 0.021
  5   -6.766231699823e-02 -1.389353414505e-01 4.86e-04 8.19e-06 3.37e-05 0.026
  6   -6.886255265106e-02 -1.391548248021e-01 4.54e-04 7.65e-06 4.28e-05 0.031
  7   -8.047950122359e-02 -1.258121075048e-01 2.61e-04 4.40e-06 7.94e-05 0.036
  8   -8.065829175638e-02 -1.256963999901e-01 2.46e-04 4.14e-06 7.69e-05 0.041
  9   -8.300367952690e-02 -1.237812850562e-01 1.84e-04 3.10e-06 2.23e-04 0.046
 10   -8.389689474542e-02 -1.215840699373e-01 1.44e-04 2.42e-06 3.70e-04 0.051
 11   -9.193528348152e-02 -1.093076125649e-01 6.12e-05 1.03e-06 1.21e-04 0.056
 12   -9.265521287719e-02 -1.077066623348e-01 4.52e-05 7.62e-07 1.39e-04 0.062
 13   -9.633186127751e-02 -1.019842122160e-01 1.50e-05 2.54e-07 5.78e-05 0.066
 14   -9.649225342710e-02 -1.014072091119e-01 1.07e-05 1.80e-07 6.91e-05 0.073
 15   -9.758120075139e-02 -9.990236014541e-02 4.73e-06 7.96e-08 2.97e-05 0.077
 16   -9.782660883573e-02 -9.944881152809e-02 2.61e-06 4.40e-08 2.62e-05 0.083
 17   -9.823999919085e-02 -9.887841730172e-02 8.95e-07 1.51e-08 9.86e-06 0.088
 18   -9.835841231349e-02 -9.869556575310e-02 3.49e-07 5.85e-09 5.49e-06 0.092
 19   -9.846246806829e-02 -9.856223310032e-02 9.16e-08 1.54e-09 1.59e-06 0.097
 20   -9.849581231309e-02 -9.851773082450e-02 1.38e-08 2.21e-10 3.39e-07 0.102
 21   -9.850368781685e-02 -9.850823702715e-02 2.75e-09 4.74e-11 7.00e-08 0.107
 22   -9.850544051334e-02 -9.850602753106e-02 2.51e-10 1.64e-11 6.90e-09 0.112
 23   -9.850567245674e-02 -9.850575042672e-02 3.33e-11 8.77e-10 9.18e-10 0.116
 24   -9.850570676422e-02 -9.850570951994e-02 1.17e-12 3.72e-09 3.14e-11 0.120


Optimal solution found in 24 iterations and 0.120s
Objective -9.85057068e-02
Primal infeasibility (abs/rel): 2.35e-12/1.17e-12
Dual infeasibility   (abs/rel): 4.10e-09/3.72e-09
Complementarity gap  (abs/rel): 3.45e-11/3.14e-11


Barrier finished in 0.12 seconds
Dual variables for problems with quadratic constraints not returned.

########## warm  t=13  (warm/t13.log) ##########

cuOpt version: 26.10.0, git hash: 648f805d, host arch: x86_64, device archs: 80-real
CPU: AMD EPYC 7642 48-Core Processor, threads: 5C/5T, RAM usage: 14.19/503.74GiB
CPU SIMD target: AVX2
CUDA 12.9, device: NVIDIA A100 80GB PCIe (ID 0), VRAM: 79.44 GiB
CUDA device UUID: 68df5cf5-71f9-6a93-b428-460c080ffb10
Problem has 1 quadratic constraints. Converting to second-order cones and solving with barrier.
Barrier: reusing cache (skip convert/presolve/scaling)
Barrier solver started at 0.000 seconds
Barrier solver: 5103 constraints, 10102 variables, 265152 nonzeros
Barrier setup complete at 0.000 seconds
Adaptive regularization enabled


                  Objective                         Infeasibility        Time
Iter   Primal              Dual                Primal   Dual    Compl.   Elapsed
  0   -3.703532868363e+02 -3.711197926069e+02 3.71e+03 1.91e+00 1.19e-02 0.001
  1   -4.137900701564e+00 -3.475413679128e+02 4.01e+01 2.77e-01 6.50e-02 0.006
  2   -1.039745622217e-01 -2.488596438960e+01 4.69e-01 7.85e-03 4.78e-03 0.012
  3   -5.494370613672e-02 -6.429525666163e-01 4.69e-03 7.91e-05 1.48e-04 0.017
  4   -5.852900844772e-02 -1.369056657672e-01 6.24e-04 1.05e-05 1.75e-05 0.022
  5   -6.642473502094e-02 -1.389496554769e-01 5.07e-04 8.54e-06 2.84e-05 0.026
  6   -6.769403823964e-02 -1.393008169591e-01 4.75e-04 8.00e-06 3.77e-05 0.031
  7   -7.916851900406e-02 -1.276638001516e-01 2.84e-04 4.79e-06 8.13e-05 0.036
  8   -7.928837091939e-02 -1.275288180258e-01 2.70e-04 4.54e-06 9.31e-05 0.042
  9   -8.201658588968e-02 -1.255773977211e-01 2.00e-04 3.36e-06 2.72e-04 0.047
 10   -8.282434440786e-02 -1.232650630318e-01 1.54e-04 2.60e-06 5.06e-04 0.052
 11   -9.170484399226e-02 -1.098300438734e-01 6.34e-05 1.07e-06 1.60e-04 0.057
 12   -9.213583319842e-02 -1.084542896789e-01 4.88e-05 8.21e-07 1.96e-04 0.063
 13   -9.606988316285e-02 -1.022441069071e-01 1.66e-05 2.79e-07 7.99e-05 0.068
 14   -9.652372727757e-02 -1.010907125926e-01 9.09e-06 1.53e-07 8.31e-05 0.073
 15   -9.766163749966e-02 -9.954412423739e-02 3.35e-06 5.64e-08 2.83e-05 0.078
 16   -9.793266569670e-02 -9.907067510028e-02 1.49e-06 2.51e-08 2.04e-05 0.083
 17   -9.826812070117e-02 -9.862891145106e-02 4.40e-07 7.41e-09 6.36e-06 0.088
 18   -9.835375626939e-02 -9.850213982852e-02 1.23e-07 2.05e-09 2.38e-06 0.092
 19   -9.840434783491e-02 -9.843916172014e-02 2.71e-08 4.57e-10 5.67e-07 0.097
 20   -9.841726129631e-02 -9.842222562111e-02 2.07e-09 3.46e-11 5.91e-08 0.102
 21   -9.841924735028e-02 -9.841989539831e-02 2.68e-10 1.03e-11 7.79e-09 0.107
 22   -9.841951623472e-02 -9.841956851484e-02 1.54e-11 9.26e-12 4.46e-10 0.112
 23   -9.841953691939e-02 -9.841954439433e-02 2.20e-12 1.75e-08 6.56e-11 0.116
 24   -9.841954018594e-02 -9.841954058404e-02 1.13e-13 7.00e-09 3.32e-12 0.120


Optimal solution found in 24 iterations and 0.120s
Objective -9.84195402e-02
Primal infeasibility (abs/rel): 2.26e-13/1.13e-13
Dual infeasibility   (abs/rel): 7.72e-09/7.00e-09
Complementarity gap  (abs/rel): 3.65e-12/3.32e-12


Barrier finished in 0.12 seconds
Dual variables for problems with quadratic constraints not returned.

########## warm  t=14  (warm/t14.log) ##########

cuOpt version: 26.10.0, git hash: 648f805d, host arch: x86_64, device archs: 80-real
CPU: AMD EPYC 7642 48-Core Processor, threads: 5C/5T, RAM usage: 14.22/503.74GiB
CPU SIMD target: AVX2
CUDA 12.9, device: NVIDIA A100 80GB PCIe (ID 0), VRAM: 79.44 GiB
CUDA device UUID: 68df5cf5-71f9-6a93-b428-460c080ffb10
Problem has 1 quadratic constraints. Converting to second-order cones and solving with barrier.
Barrier: reusing cache (skip convert/presolve/scaling)
Barrier solver started at 0.000 seconds
Barrier solver: 5103 constraints, 10102 variables, 265152 nonzeros
Barrier setup complete at 0.000 seconds
Adaptive regularization enabled


                  Objective                         Infeasibility        Time
Iter   Primal              Dual                Primal   Dual    Compl.   Elapsed
  0   -3.703993037120e+02 -3.711301956175e+02 3.71e+03 1.91e+00 1.19e-02 0.001
  1   -4.138311991348e+00 -3.475517914134e+02 4.01e+01 2.77e-01 6.50e-02 0.006
  2   -1.039811675448e-01 -2.488651170153e+01 4.69e-01 7.85e-03 4.78e-03 0.011
  3   -5.494896688005e-02 -6.429279200996e-01 4.69e-03 7.91e-05 1.48e-04 0.016
  4   -5.853996103246e-02 -1.361843852418e-01 6.19e-04 1.04e-05 1.73e-05 0.021
  5   -6.635118170696e-02 -1.384036203547e-01 5.08e-04 8.56e-06 2.50e-05 0.026
  6   -6.755105172100e-02 -1.387681128442e-01 4.78e-04 8.06e-06 3.38e-05 0.031
  7   -7.881700629503e-02 -1.279578299654e-01 2.93e-04 4.94e-06 7.37e-05 0.036
  8   -7.897143529299e-02 -1.278428036094e-01 2.78e-04 4.68e-06 9.91e-05 0.041
  9   -8.213079835115e-02 -1.254377164867e-01 1.99e-04 3.35e-06 2.83e-04 0.046
 10   -8.362960669442e-02 -1.222989785653e-01 1.43e-04 2.42e-06 4.82e-04 0.051
 11   -9.211723261998e-02 -1.094454130361e-01 5.97e-05 1.01e-06 1.57e-04 0.056
 12   -9.256768504161e-02 -1.080701258916e-01 4.52e-05 7.61e-07 1.88e-04 0.062
 13   -9.635546548175e-02 -1.021846247598e-01 1.50e-05 2.53e-07 7.13e-05 0.067
 14   -9.657156103855e-02 -1.015267926676e-01 1.04e-05 1.76e-07 7.65e-05 0.073
 15   -9.764142514806e-02 -1.000368196042e-01 4.57e-06 7.70e-08 3.26e-05 0.078
 16   -9.788322884573e-02 -9.958710569528e-02 2.59e-06 4.37e-08 2.84e-05 0.083
 17   -9.832454671120e-02 -9.897984583393e-02 8.61e-07 1.45e-08 1.05e-05 0.088
 18   -9.844488223973e-02 -9.879427820322e-02 3.43e-07 5.74e-09 6.00e-06 0.093
 19   -9.855275389249e-02 -9.865625209374e-02 9.00e-08 1.51e-09 1.75e-06 0.097
 20   -9.858603590601e-02 -9.861159229549e-02 1.55e-08 2.51e-10 4.13e-07 0.102
 21   -9.859514433458e-02 -9.860060397653e-02 3.17e-09 5.47e-11 8.87e-08 0.107
 22   -9.859720517295e-02 -9.859800041169e-02 3.46e-10 5.53e-12 1.07e-08 0.112
 23   -9.859754918586e-02 -9.859758616532e-02 1.61e-11 4.73e-11 4.83e-10 0.117
 24   -9.859756410591e-02 -9.859756831163e-02 1.75e-12 4.18e-08 5.30e-11 0.120
 25   -9.859756587289e-02 -9.859756623607e-02 1.42e-13 8.39e-08 4.81e-12 0.124
 26   -9.859756602576e-02 -9.859756605940e-02 1.31e-14 7.69e-09 4.43e-13 0.129


Optimal solution found in 26 iterations and 0.129s
Objective -9.85975660e-02
Primal infeasibility (abs/rel): 2.62e-14/1.31e-14
Dual infeasibility   (abs/rel): 8.47e-09/7.69e-09
Complementarity gap  (abs/rel): 4.87e-13/4.43e-13


Barrier finished in 0.13 seconds
Dual variables for problems with quadratic constraints not returned.

########## warm  t=15  (warm/t15.log) ##########

cuOpt version: 26.10.0, git hash: 648f805d, host arch: x86_64, device archs: 80-real
CPU: AMD EPYC 7642 48-Core Processor, threads: 5C/5T, RAM usage: 14.25/503.74GiB
CPU SIMD target: AVX2
CUDA 12.9, device: NVIDIA A100 80GB PCIe (ID 0), VRAM: 79.44 GiB
CUDA device UUID: 68df5cf5-71f9-6a93-b428-460c080ffb10
Problem has 1 quadratic constraints. Converting to second-order cones and solving with barrier.
Barrier: reusing cache (skip convert/presolve/scaling)
Barrier solver started at 0.000 seconds
Barrier solver: 5103 constraints, 10102 variables, 265152 nonzeros
Barrier setup complete at 0.000 seconds
Adaptive regularization enabled


                  Objective                         Infeasibility        Time
Iter   Primal              Dual                Primal   Dual    Compl.   Elapsed
  0   -3.704184917206e+02 -3.711180220135e+02 3.71e+03 1.91e+00 1.19e-02 0.001
  1   -4.138494784655e+00 -3.475396351185e+02 4.01e+01 2.77e-01 6.50e-02 0.007
  2   -1.040008758327e-01 -2.488460308934e+01 4.69e-01 7.85e-03 4.78e-03 0.012
  3   -5.495630939609e-02 -6.429606405559e-01 4.69e-03 7.91e-05 1.48e-04 0.017
  4   -5.855092429041e-02 -1.360876440755e-01 6.18e-04 1.04e-05 1.73e-05 0.022
  5   -6.611152268928e-02 -1.381205805524e-01 5.09e-04 8.58e-06 2.37e-05 0.027
  6   -6.769543451139e-02 -1.385415055802e-01 4.71e-04 7.94e-06 3.28e-05 0.032
  7   -8.140017783229e-02 -1.247056679286e-01 2.49e-04 4.19e-06 6.94e-05 0.037
  8   -8.171325022462e-02 -1.244405874139e-01 2.27e-04 3.83e-06 7.20e-05 0.042
  9   -8.292050149845e-02 -1.238190171836e-01 1.93e-04 3.25e-06 1.61e-04 0.047
 10   -8.530066703455e-02 -1.209246166217e-01 1.41e-04 2.38e-06 1.19e-04 0.052
 11   -8.502980736187e-02 -1.203273474688e-01 1.32e-04 2.23e-06 2.15e-04 0.058
 12   -9.150908259436e-02 -1.101538978550e-01 6.66e-05 1.12e-06 9.36e-05 0.063
 13   -9.244902438383e-02 -1.084468516878e-01 5.06e-05 8.53e-07 1.11e-04 0.068
 14   -9.567320752406e-02 -1.033785207205e-01 2.15e-05 3.63e-07 5.51e-05 0.073
 15   -9.577590531412e-02 -1.028824016310e-01 1.71e-05 2.88e-07 6.91e-05 0.079
 16   -9.719545631658e-02 -1.008388156483e-01 8.08e-06 1.36e-07 3.19e-05 0.084
 17   -9.743599890057e-02 -1.003571213125e-01 5.43e-06 9.14e-08 3.44e-05 0.089
 18   -9.808389080360e-02 -9.941860836616e-02 2.10e-06 3.53e-08 1.45e-05 0.094
 19   -9.822235972001e-02 -9.918100499748e-02 1.20e-06 2.03e-08 1.23e-05 0.100
 20   -9.849286112450e-02 -9.881940969806e-02 3.44e-07 5.79e-09 4.04e-06 0.105
 21   -9.856543603663e-02 -9.871781796894e-02 1.24e-07 2.06e-09 2.11e-06 0.110
 22   -9.861348912542e-02 -9.865802173290e-02 3.25e-08 5.44e-10 5.97e-07 0.114
 23   -9.862844580964e-02 -9.863872493341e-02 5.11e-09 7.24e-11 1.24e-07 0.119
 24   -9.863215990574e-02 -9.863433766139e-02 1.04e-09 1.80e-11 2.63e-08 0.124
 25   -9.863300166019e-02 -9.863331096020e-02 1.12e-10 4.74e-11 3.09e-09 0.129
 26   -9.863313932881e-02 -9.863314903953e-02 3.51e-12 3.83e-11 9.31e-11 0.134


Optimal solution found in 26 iterations and 0.134s
Objective -9.86331393e-02
Primal infeasibility (abs/rel): 7.02e-12/3.51e-12
Dual infeasibility   (abs/rel): 4.22e-11/3.83e-11
Complementarity gap  (abs/rel): 1.02e-10/9.31e-11


Barrier finished in 0.13 seconds
Dual variables for problems with quadratic constraints not returned.

########## warm  t=16  (warm/t16.log) ##########

cuOpt version: 26.10.0, git hash: 648f805d, host arch: x86_64, device archs: 80-real
CPU: AMD EPYC 7642 48-Core Processor, threads: 5C/5T, RAM usage: 14.12/503.74GiB
CPU SIMD target: AVX2
CUDA 12.9, device: NVIDIA A100 80GB PCIe (ID 0), VRAM: 79.44 GiB
CUDA device UUID: 68df5cf5-71f9-6a93-b428-460c080ffb10
Problem has 1 quadratic constraints. Converting to second-order cones and solving with barrier.
Barrier: reusing cache (skip convert/presolve/scaling)
Barrier solver started at 0.000 seconds
Barrier solver: 5103 constraints, 10102 variables, 265152 nonzeros
Barrier setup complete at 0.000 seconds
Adaptive regularization enabled


                  Objective                         Infeasibility        Time
Iter   Primal              Dual                Primal   Dual    Compl.   Elapsed
  0   -3.705152443471e+02 -3.711033693861e+02 3.71e+03 1.91e+00 1.19e-02 0.001
  1   -4.138998630640e+00 -3.475249664383e+02 4.01e+01 2.77e-01 6.50e-02 0.006
  2   -1.040338950666e-01 -2.487858726121e+01 4.69e-01 7.85e-03 4.78e-03 0.012
  3   -5.497382540149e-02 -6.429189352268e-01 4.69e-03 7.91e-05 1.48e-04 0.017
  4   -5.856905360045e-02 -1.363520738771e-01 6.20e-04 1.04e-05 1.73e-05 0.022
  5   -6.705051129623e-02 -1.385952919680e-01 4.95e-04 8.35e-06 2.84e-05 0.027
  6   -6.848331754998e-02 -1.388985869978e-01 4.59e-04 7.73e-06 4.03e-05 0.032
  7   -8.093067467806e-02 -1.253020268244e-01 2.54e-04 4.28e-06 7.91e-05 0.037
  8   -8.112528366960e-02 -1.251137255530e-01 2.36e-04 3.97e-06 9.13e-05 0.042
  9   -8.325026282562e-02 -1.235964497083e-01 1.79e-04 3.02e-06 2.57e-04 0.047
 10   -8.360575602509e-02 -1.220443045620e-01 1.46e-04 2.46e-06 4.26e-04 0.053
 11   -9.182270753895e-02 -1.097882225138e-01 6.30e-05 1.06e-06 1.44e-04 0.058
 12   -9.260041515320e-02 -1.080842471126e-01 4.68e-05 7.89e-07 1.69e-04 0.063
 13   -9.603616619742e-02 -1.026642872780e-01 1.77e-05 2.98e-07 7.20e-05 0.068
 14   -9.627299926476e-02 -1.020026876649e-01 1.28e-05 2.16e-07 7.60e-05 0.074
 15   -9.745119775876e-02 -1.003298241854e-01 5.89e-06 9.92e-08 3.43e-05 0.079
 16   -9.773596824604e-02 -9.980734851263e-02 3.43e-06 5.79e-08 3.11e-05 0.084
 17   -9.823702783865e-02 -9.910382773853e-02 1.23e-06 2.07e-08 1.22e-05 0.089
 18   -9.838608574439e-02 -9.887089418888e-02 5.23e-07 8.79e-09 7.59e-06 0.094
 19   -9.853176840534e-02 -9.868107573310e-02 1.40e-07 2.35e-09 2.29e-06 0.099
 20   -9.857867884023e-02 -9.861767676221e-02 2.61e-08 4.18e-10 6.03e-07 0.103
 21   -9.859232166992e-02 -9.860102926205e-02 5.50e-09 9.14e-11 1.36e-07 0.108
 22   -9.859562165633e-02 -9.859683081962e-02 5.43e-10 2.58e-11 1.51e-08 0.113
 23   -9.859607808380e-02 -9.859628235739e-02 9.17e-11 7.18e-12 2.57e-09 0.118
 24   -9.859616643960e-02 -9.859617615407e-02 4.34e-12 4.83e-10 1.19e-10 0.122


Optimal solution found in 24 iterations and 0.122s
Objective -9.85961664e-02
Primal infeasibility (abs/rel): 8.68e-12/4.34e-12
Dual infeasibility   (abs/rel): 5.32e-10/4.83e-10
Complementarity gap  (abs/rel): 1.30e-10/1.19e-10


Barrier finished in 0.12 seconds
Dual variables for problems with quadratic constraints not returned.

########## warm  t=17  (warm/t17.log) ##########

cuOpt version: 26.10.0, git hash: 648f805d, host arch: x86_64, device archs: 80-real
CPU: AMD EPYC 7642 48-Core Processor, threads: 5C/5T, RAM usage: 14.13/503.74GiB
CPU SIMD target: AVX2
CUDA 12.9, device: NVIDIA A100 80GB PCIe (ID 0), VRAM: 79.44 GiB
CUDA device UUID: 68df5cf5-71f9-6a93-b428-460c080ffb10
Problem has 1 quadratic constraints. Converting to second-order cones and solving with barrier.
Barrier: reusing cache (skip convert/presolve/scaling)
Barrier solver started at 0.000 seconds
Barrier solver: 5103 constraints, 10102 variables, 265152 nonzeros
Barrier setup complete at 0.000 seconds
Adaptive regularization enabled


                  Objective                         Infeasibility        Time
Iter   Primal              Dual                Primal   Dual    Compl.   Elapsed
  0   -3.703446513950e+02 -3.711178663113e+02 3.71e+03 1.91e+00 1.19e-02 0.001
  1   -4.136321529131e+00 -3.475393405809e+02 4.01e+01 2.77e-01 6.50e-02 0.006
  2   -1.039556753273e-01 -2.487508093218e+01 4.69e-01 7.85e-03 4.78e-03 0.011
  3   -5.494034064074e-02 -6.427666810377e-01 4.69e-03 7.91e-05 1.48e-04 0.016
  4   -5.852904384018e-02 -1.363010696235e-01 6.20e-04 1.04e-05 1.73e-05 0.021
  5   -6.681503747006e-02 -1.385031865887e-01 5.00e-04 8.42e-06 2.76e-05 0.026
  6   -6.831090568098e-02 -1.388298863184e-01 4.63e-04 7.79e-06 3.21e-05 0.031
  7   -8.086291832574e-02 -1.256455652834e-01 2.57e-04 4.34e-06 5.93e-05 0.036
  8   -8.098453628036e-02 -1.254733655644e-01 2.43e-04 4.09e-06 7.95e-05 0.041
  9   -8.293806583725e-02 -1.241477597300e-01 1.89e-04 3.19e-06 2.37e-04 0.046
 10   -8.299331816309e-02 -1.228171215758e-01 1.62e-04 2.73e-06 4.26e-04 0.052
 11   -9.152305283806e-02 -1.100077410109e-01 7.04e-05 1.19e-06 1.35e-04 0.057
 12   -9.228020509406e-02 -1.083513007869e-01 5.24e-05 8.83e-07 1.54e-04 0.062
 13   -9.625822390635e-02 -1.020991628973e-01 1.64e-05 2.76e-07 6.56e-05 0.067
 14   -9.647512478778e-02 -1.014329562305e-01 1.13e-05 1.90e-07 7.44e-05 0.073
 15   -9.756282439880e-02 -9.995528406652e-02 5.09e-06 8.57e-08 3.26e-05 0.078
 16   -9.782676979473e-02 -9.948485829618e-02 2.85e-06 4.81e-08 2.87e-05 0.083
 17   -9.826693748825e-02 -9.888329809658e-02 9.20e-07 1.55e-08 1.03e-05 0.088
 18   -9.837580404726e-02 -9.871389041254e-02 3.75e-07 6.30e-09 5.94e-06 0.093
 19   -9.848175821167e-02 -9.857930591607e-02 9.72e-08 1.63e-09 1.69e-06 0.098
 20   -9.851228230140e-02 -9.853833780484e-02 1.82e-08 2.97e-10 4.29e-07 0.102
 21   -9.852141739316e-02 -9.852734209808e-02 3.94e-09 6.82e-11 9.72e-08 0.107
 22   -9.852365508756e-02 -9.852452274647e-02 4.15e-10 2.87e-11 1.16e-08 0.112
 23   -9.852399900258e-02 -9.852411216885e-02 5.41e-11 8.29e-11 1.55e-09 0.116
 24   -9.852404820829e-02 -9.852405335457e-02 2.44e-12 8.09e-11 7.06e-11 0.120


Optimal solution found in 24 iterations and 0.120s
Objective -9.85240482e-02
Primal infeasibility (abs/rel): 4.89e-12/2.44e-12
Dual infeasibility   (abs/rel): 8.91e-11/8.09e-11
Complementarity gap  (abs/rel): 7.75e-11/7.06e-11


Barrier finished in 0.12 seconds
Dual variables for problems with quadratic constraints not returned.

########## warm  t=18  (warm/t18.log) ##########

cuOpt version: 26.10.0, git hash: 648f805d, host arch: x86_64, device archs: 80-real
CPU: AMD EPYC 7642 48-Core Processor, threads: 5C/5T, RAM usage: 14.14/503.74GiB
CPU SIMD target: AVX2
CUDA 12.9, device: NVIDIA A100 80GB PCIe (ID 0), VRAM: 79.44 GiB
CUDA device UUID: 68df5cf5-71f9-6a93-b428-460c080ffb10
Problem has 1 quadratic constraints. Converting to second-order cones and solving with barrier.
Barrier: reusing cache (skip convert/presolve/scaling)
Barrier solver started at 0.000 seconds
Barrier solver: 5103 constraints, 10102 variables, 265152 nonzeros
Barrier setup complete at 0.000 seconds
Adaptive regularization enabled


                  Objective                         Infeasibility        Time
Iter   Primal              Dual                Primal   Dual    Compl.   Elapsed
  0   -3.702964190560e+02 -3.711235215740e+02 3.71e+03 1.91e+00 1.19e-02 0.001
  1   -4.136200227630e+00 -3.475449712495e+02 4.01e+01 2.77e-01 6.50e-02 0.006
  2   -1.039156975344e-01 -2.487807126761e+01 4.69e-01 7.85e-03 4.78e-03 0.011
  3   -5.492703520484e-02 -6.425745747629e-01 4.69e-03 7.90e-05 1.47e-04 0.016
  4   -5.851160243313e-02 -1.363146170136e-01 6.20e-04 1.04e-05 1.74e-05 0.021
  5   -6.671516474544e-02 -1.384831380726e-01 4.99e-04 8.41e-06 2.78e-05 0.026
  6   -6.822891841834e-02 -1.387925503654e-01 4.62e-04 7.78e-06 3.77e-05 0.031
  7   -8.057545981644e-02 -1.255006369802e-01 2.60e-04 4.38e-06 7.74e-05 0.036
  8   -8.071997914607e-02 -1.253463137852e-01 2.45e-04 4.14e-06 6.95e-05 0.041
  9   -8.270670792681e-02 -1.240856180966e-01 1.91e-04 3.22e-06 2.25e-04 0.047
 10   -8.239364822400e-02 -1.230769919996e-01 1.70e-04 2.86e-06 4.87e-04 0.052
 11   -9.220735492960e-02 -1.088215762911e-01 6.13e-05 1.03e-06 1.34e-04 0.057
 12   -9.241894711295e-02 -1.075312591984e-01 4.54e-05 7.65e-07 2.33e-04 0.062
 13   -9.595453368033e-02 -1.021142494393e-01 1.55e-05 2.61e-07 1.02e-04 0.067
 14   -9.664321953504e-02 -1.008019156286e-01 8.33e-06 1.40e-07 9.17e-05 0.073
 15   -9.769467277763e-02 -9.939475119790e-02 3.14e-06 5.30e-08 3.33e-05 0.078
 16   -9.798719850394e-02 -9.890598790935e-02 1.28e-06 2.16e-08 2.03e-05 0.083
 17   -9.826181813280e-02 -9.854192964771e-02 3.57e-07 6.02e-09 6.12e-06 0.088
 18   -9.833657801327e-02 -9.843182742285e-02 7.95e-08 1.33e-09 1.79e-06 0.093
 19   -9.836991667895e-02 -9.839075979608e-02 1.66e-08 2.81e-10 3.94e-07 0.098
 20   -9.837777884035e-02 -9.838047534770e-02 1.31e-09 2.65e-11 3.81e-08 0.103
 21   -9.837885074663e-02 -9.837919621940e-02 1.68e-10 8.76e-12 4.94e-09 0.108
 22   -9.837899997112e-02 -9.837901709171e-02 8.31e-12 4.27e-11 2.37e-10 0.112
 23   -9.837900754732e-02 -9.837900792762e-02 1.84e-13 9.30e-10 4.89e-12 0.117


Optimal solution found in 23 iterations and 0.117s
Objective -9.83790075e-02
Primal infeasibility (abs/rel): 3.69e-13/1.84e-13
Dual infeasibility   (abs/rel): 1.02e-09/9.30e-10
Complementarity gap  (abs/rel): 5.37e-12/4.89e-12


Barrier finished in 0.12 seconds
Dual variables for problems with quadratic constraints not returned.

########## warm  t=19  (warm/t19.log) ##########

cuOpt version: 26.10.0, git hash: 648f805d, host arch: x86_64, device archs: 80-real
CPU: AMD EPYC 7642 48-Core Processor, threads: 5C/5T, RAM usage: 14.16/503.74GiB
CPU SIMD target: AVX2
CUDA 12.9, device: NVIDIA A100 80GB PCIe (ID 0), VRAM: 79.44 GiB
CUDA device UUID: 68df5cf5-71f9-6a93-b428-460c080ffb10
Problem has 1 quadratic constraints. Converting to second-order cones and solving with barrier.
Barrier: reusing cache (skip convert/presolve/scaling)
Barrier solver started at 0.000 seconds
Barrier solver: 5103 constraints, 10102 variables, 265152 nonzeros
Barrier setup complete at 0.000 seconds
Adaptive regularization enabled


                  Objective                         Infeasibility        Time
Iter   Primal              Dual                Primal   Dual    Compl.   Elapsed
  0   -3.704438282728e+02 -3.711104708303e+02 3.71e+03 1.91e+00 1.19e-02 0.001
  1   -4.139322487461e+00 -3.475321003739e+02 4.01e+01 2.77e-01 6.50e-02 0.006
  2   -1.040051645786e-01 -2.488690059915e+01 4.69e-01 7.85e-03 4.78e-03 0.012
  3   -5.496098290900e-02 -6.429066466971e-01 4.69e-03 7.91e-05 1.48e-04 0.017
  4   -5.855459132465e-02 -1.362807828578e-01 6.19e-04 1.04e-05 1.73e-05 0.022
  5   -6.665907728715e-02 -1.384240677307e-01 5.01e-04 8.44e-06 2.67e-05 0.026
  6   -6.830397407936e-02 -1.387646904003e-01 4.61e-04 7.77e-06 3.69e-05 0.031
  7   -8.178965068434e-02 -1.244187875719e-01 2.41e-04 4.06e-06 7.25e-05 0.036
  8   -8.204667333158e-02 -1.241615513235e-01 2.21e-04 3.73e-06 7.39e-05 0.041
  9   -8.363783321437e-02 -1.231267561999e-01 1.77e-04 2.98e-06 1.96e-04 0.046
 10   -8.573826314111e-02 -1.205847460182e-01 1.06e-04 1.79e-06 1.75e-04 0.051
 11   -8.728360766858e-02 -1.169549405448e-01 6.97e-05 1.17e-06 3.38e-04 0.057
 12   -9.492178523590e-02 -1.048282905871e-01 2.14e-05 3.60e-07 7.49e-05 0.061
 13   -9.573363293820e-02 -1.031913850309e-01 1.32e-05 2.22e-07 8.97e-05 0.067
 14   -9.611217937779e-02 -1.025782578611e-01 1.00e-05 1.69e-07 9.41e-05 0.073
 15   -9.721223360900e-02 -1.009317456519e-01 5.10e-06 8.59e-08 4.82e-05 0.078
 16   -9.738047607290e-02 -1.005140832514e-01 3.53e-06 5.94e-08 4.78e-05 0.084
 17   -9.813667348531e-02 -9.940576145462e-02 1.10e-06 1.85e-08 1.83e-05 0.089
 18   -9.834629730058e-02 -9.908004990965e-02 4.97e-07 8.38e-09 1.30e-05 0.094
 19   -9.855959438951e-02 -9.879983180320e-02 1.40e-07 2.37e-09 4.15e-06 0.099
 20   -9.863009676241e-02 -9.870302415237e-02 3.17e-08 5.18e-10 1.35e-06 0.104
 21   -9.865468522678e-02 -9.867265752213e-02 7.33e-09 1.23e-10 3.27e-07 0.109
 22   -9.866134821716e-02 -9.866398528991e-02 6.93e-10 1.59e-11 3.61e-08 0.114
 23   -9.866238143833e-02 -9.866274590460e-02 9.58e-11 1.79e-12 5.12e-09 0.119
 24   -9.866252321788e-02 -9.866257540687e-02 1.37e-11 1.66e-11 7.37e-10 0.123
 25   -9.866254596020e-02 -9.866254802255e-02 5.36e-13 8.10e-09 2.83e-11 0.127


Optimal solution found in 25 iterations and 0.127s
Objective -9.86625460e-02
Primal infeasibility (abs/rel): 1.07e-12/5.36e-13
Dual infeasibility   (abs/rel): 8.92e-09/8.10e-09
Complementarity gap  (abs/rel): 3.11e-11/2.83e-11


Barrier finished in 0.13 seconds
Dual variables for problems with quadratic constraints not returned.
