cuOpt version: 26.10.0, git hash: 648f805d, host arch: x86_64, device archs: 80-real
CPU: AMD EPYC 7642 48-Core Processor, threads: 5C/5T, RAM usage: 40.00/503.74GiB
CPU SIMD target: AVX2
CUDA 12.9, device: NVIDIA A100 80GB PCIe (ID 0), VRAM: 79.44 GiB
CUDA device UUID: 68df5cf5-71f9-6a93-b428-460c080ffb10
Problem has 1 quadratic constraints. Converting to second-order cones and solving with barrier.
Handling 50 free variables directly in augmented system
Presolved problem: 5103 constraints 10102 variables 265152 nonzeros
Skipping Ruiz equilibration (row norm ratio 1.4, column norm ratio 1.4 < 5e4, Q coeff ratio 1.0 < 100)
Barrier solver started at 0.026 seconds
Barrier solver: 5103 constraints, 10102 variables, 265152 nonzeros


Second-order cones          : 1
Free variables              : 50
Upper bounds                : 5000
Linear system               : augmented
cuDSS Version               : 0.7.1
cuDSS Threading layer       : libcudss_mtlayer_gomp.so.0
Reordering time             : 0.140s
Symbolic factorization time : 0.026s
Symbolic nonzeros in factor : 2.79e+05
Elapsed time for augmented  : 0.200 seconds
Elapsed time           : 0.200 seconds
Barrier setup complete at 0.200 seconds
Adaptive regularization enabled


                  Objective                         Infeasibility        Time
Iter   Primal              Dual                Primal   Dual    Compl.   Elapsed
  0   -3.702509737108e+02 -3.710937010099e+02 3.71e+03 1.91e+00 1.19e-02 0.200
  1   -3.741942826848e+01 -3.496586650455e+02 3.74e+02 7.84e-02 1.66e-02 0.203
  2   -3.888833825699e+00 -2.097808201880e+02 3.80e+01 4.70e-02 1.33e-02 0.206
  3   -4.430335905435e-01 -3.239045895147e+01 3.86e+00 5.32e-03 4.56e-03 0.208
  4   -9.288170298993e-02 -4.512561737192e+00 4.09e-01 5.69e-04 6.47e-04 0.211
  5   -5.627609639293e-02 -7.109288791983e-01 4.09e-02 5.69e-05 8.81e-05 0.214
  6   -5.676233471294e-02 -2.033124988070e-01 9.07e-03 1.26e-05 1.79e-05 0.216
  7   -6.873002756422e-02 -1.408716383991e-01 4.01e-03 5.58e-06 7.66e-06 0.219
  8   -7.285289505757e-02 -1.391244757917e-01 3.37e-03 4.70e-06 2.03e-05 0.222
  9   -7.477680068335e-02 -1.378568580579e-01 3.00e-03 4.20e-06 3.22e-05 0.224
 10   -7.901091949972e-02 -1.327269395292e-01 2.36e-03 3.32e-06 5.32e-05 0.227
 11   -8.004649051792e-02 -1.317322409761e-01 1.98e-03 2.81e-06 6.58e-05 0.230
 12   -8.661857276102e-02 -1.214058156198e-01 1.05e-03 1.49e-06 7.24e-05 0.232
 13   -8.936168865828e-02 -1.150097618236e-01 5.69e-04 8.13e-07 1.44e-04 0.235
 14   -9.415291765667e-02 -1.065992934952e-01 2.40e-04 3.47e-07 5.41e-05 0.238
 15   -9.632236675818e-02 -1.026847446506e-01 1.11e-04 1.63e-07 2.52e-05 0.240
 16   -9.750480177072e-02 -1.005528727710e-01 4.01e-05 5.72e-08 8.28e-06 0.243
 17   -9.814846247713e-02 -9.941995556102e-02 1.19e-05 2.19e-08 5.92e-06 0.246
 18   -9.847570343167e-02 -9.894412088505e-02 4.13e-06 3.76e-09 2.27e-06 0.248
 19   -9.862071413063e-02 -9.873463235540e-02 8.99e-07 4.06e-09 4.61e-07 0.251
 20   -9.865965761651e-02 -9.868014599228e-02 1.58e-07 3.16e-09 8.05e-08 0.254
 21   -9.866724162703e-02 -9.866965135332e-02 1.85e-08 2.41e-09 9.36e-09 0.256
 22   -9.866813445717e-02 -9.866841466787e-02 2.16e-09 3.31e-09 1.04e-09 0.259
 23   -9.866823895330e-02 -9.866826973815e-02 2.37e-10 4.51e-08 1.15e-10 0.262
 24   -9.866825028973e-02 -9.866825397286e-02 2.84e-11 3.96e-06 1.41e-11 0.264
 25   -9.866825166545e-02 -9.866825206009e-02 3.02e-12 2.46e-06 1.50e-12 0.267
 26   -9.866825181418e-02 -9.866825185542e-02 3.07e-13 1.26e-05 1.53e-13 0.270
 27   -9.866825182986e-02 -9.866825183471e-02 3.35e-14 1.47e-04 1.58e-14 0.273
 28   -9.866825183178e-02 -9.866825183246e-02 6.19e-15 2.74e-03 2.16e-15 0.276
 29   -9.866825183208e-02 -9.866825183218e-02 1.89e-15 1.22e-02 5.42e-16 0.279
Numerical error in objective
Restoring previous solution


Suboptimal solution found in 30 iterations and 0.28 seconds
Objective -9.86681345e-02
Primal infeasibility (abs/rel): 4.32e-09/2.16e-09
Dual infeasibility   (abs/rel): 3.65e-09/3.31e-09
Complementarity gap  (abs/rel): 1.14e-09/1.04e-09


Barrier finished in 0.28 seconds
Dual variables for problems with quadratic constraints not returned.
