cuOpt version: 26.10.0, git hash: 648f805d, host arch: x86_64, device archs: 80-real
CPU: AMD EPYC 7642 48-Core Processor, threads: 5C/5T, RAM usage: 40.00/503.74GiB
CPU SIMD target: AVX2
CUDA 12.9, device: NVIDIA A100 80GB PCIe (ID 0), VRAM: 79.44 GiB
CUDA device UUID: 68df5cf5-71f9-6a93-b428-460c080ffb10
Problem has 1 quadratic constraints. Converting to second-order cones and solving with barrier.
Handling 50 free variables directly in augmented system
Presolved problem: 5103 constraints 10102 variables 265152 nonzeros
Skipping Ruiz equilibration (row norm ratio 1.4, column norm ratio 1.4 < 5e4, Q coeff ratio 1.0 < 100)
Barrier solver started at 0.023 seconds
Barrier solver: 5103 constraints, 10102 variables, 265152 nonzeros


Second-order cones          : 1
Free variables              : 50
Upper bounds                : 5000
Linear system               : augmented
cuDSS Version               : 0.7.1
cuDSS Threading layer       : libcudss_mtlayer_gomp.so.0
Reordering time             : 0.127s
Symbolic factorization time : 0.024s
Symbolic nonzeros in factor : 2.79e+05
Elapsed time for augmented  : 0.181 seconds
Elapsed time           : 0.181 seconds
Barrier setup complete at 0.181 seconds
Adaptive regularization enabled


                  Objective                         Infeasibility        Time
Iter   Primal              Dual                Primal   Dual    Compl.   Elapsed
  0   -3.704291987375e+02 -3.711395609108e+02 3.71e+03 1.91e+00 1.19e-02 0.182
  1   -3.743741833440e+01 -3.497046453170e+02 3.74e+02 7.84e-02 1.66e-02 0.185
  2   -3.890680466727e+00 -2.098194050835e+02 3.81e+01 4.70e-02 1.33e-02 0.187
  3   -4.432259691465e-01 -3.239729121780e+01 3.86e+00 5.32e-03 4.56e-03 0.190
  4   -9.291615009706e-02 -4.513183648838e+00 4.09e-01 5.69e-04 6.47e-04 0.193
  5   -5.629790146932e-02 -7.110357953258e-01 4.09e-02 5.69e-05 8.80e-05 0.195
  6   -5.678707105624e-02 -2.035525577398e-01 9.08e-03 1.26e-05 1.79e-05 0.198
  7   -6.872850705144e-02 -1.410848200530e-01 4.02e-03 5.60e-06 7.68e-06 0.201
  8   -7.252538538924e-02 -1.393039763775e-01 3.42e-03 4.78e-06 1.87e-05 0.203
  9   -7.579257332930e-02 -1.366866596355e-01 2.85e-03 4.00e-06 3.07e-05 0.206
 10   -8.100916946559e-02 -1.300791589889e-01 2.05e-03 2.89e-06 4.59e-05 0.209
 11   -8.218461811811e-02 -1.286200747343e-01 1.69e-03 2.40e-06 5.10e-05 0.211
 12   -8.767314181429e-02 -1.195230276181e-01 1.00e-03 1.43e-06 5.06e-05 0.214
 13   -8.858593067461e-02 -1.167187260684e-01 7.02e-04 1.01e-06 1.02e-04 0.217
 14   -9.161043922101e-02 -1.112761904056e-01 4.19e-04 6.13e-07 1.01e-04 0.219
 15   -9.478786622507e-02 -1.055162023248e-01 2.05e-04 3.03e-07 6.09e-05 0.222
 16   -9.695507970513e-02 -1.018354609741e-01 7.97e-05 1.14e-07 1.92e-05 0.225
 17   -9.767311741852e-02 -1.003901960968e-01 3.10e-05 4.90e-08 1.79e-05 0.227
 18   -9.823501211425e-02 -9.951410705991e-02 1.27e-05 1.90e-08 9.80e-06 0.230
 19   -9.862094076541e-02 -9.893677622402e-02 2.26e-06 3.23e-09 1.68e-06 0.233
 20   -9.871552377080e-02 -9.880696457691e-02 6.24e-07 2.88e-09 5.01e-07 0.235
 21   -9.874839065446e-02 -9.876249117902e-02 8.91e-08 3.30e-09 6.71e-08 0.238
 22   -9.875365425401e-02 -9.875550523043e-02 1.17e-08 4.45e-09 7.80e-09 0.241
 23   -9.875434225243e-02 -9.875459150153e-02 1.58e-09 9.33e-09 9.19e-10 0.244
 24   -9.875443453592e-02 -9.875446867410e-02 2.17e-10 2.14e-07 1.08e-10 0.246
 25   -9.875444708313e-02 -9.875445190195e-02 3.07e-11 6.76e-06 1.26e-11 0.249
 26   -9.875444884773e-02 -9.875444952308e-02 4.34e-12 6.77e-06 1.50e-12 0.252
 27   -9.875444909711e-02 -9.875444918069e-02 5.46e-13 4.66e-05 1.76e-13 0.254
 28   -9.875444912820e-02 -9.875444913645e-02 5.56e-14 3.25e-04 1.77e-14 0.257
 29   -9.875444913116e-02 -9.875444913198e-02 5.44e-15 9.76e-05 2.27e-15 0.259
 30   -9.875444913143e-02 -9.875444913154e-02 5.55e-16 3.96e-03 5.67e-16 0.262
Numerical error in objective
Restoring previous solution


Suboptimal solution found in 31 iterations and 0.27 seconds
Objective -9.87543423e-02
Primal infeasibility (abs/rel): 3.16e-09/1.58e-09
Dual infeasibility   (abs/rel): 1.03e-08/9.33e-09
Complementarity gap  (abs/rel): 1.01e-09/9.19e-10


Barrier finished in 0.27 seconds
Dual variables for problems with quadratic constraints not returned.
