cuOpt version: 26.10.0, git hash: 648f805d, host arch: x86_64, device archs: 80-real
CPU: AMD EPYC 7642 48-Core Processor, threads: 5C/5T, RAM usage: 40.00/503.74GiB
CPU SIMD target: AVX2
CUDA 12.9, device: NVIDIA A100 80GB PCIe (ID 0), VRAM: 79.44 GiB
CUDA device UUID: 68df5cf5-71f9-6a93-b428-460c080ffb10
Problem has 1 quadratic constraints. Converting to second-order cones and solving with barrier.
Handling 50 free variables directly in augmented system
Presolved problem: 5103 constraints 10102 variables 265152 nonzeros
Skipping Ruiz equilibration (row norm ratio 1.4, column norm ratio 1.4 < 5e4, Q coeff ratio 1.0 < 100)
Barrier solver started at 0.027 seconds
Barrier solver: 5103 constraints, 10102 variables, 265152 nonzeros


Second-order cones          : 1
Free variables              : 50
Upper bounds                : 5000
Linear system               : augmented
cuDSS Version               : 0.7.1
cuDSS Threading layer       : libcudss_mtlayer_gomp.so.0
Reordering time             : 0.128s
Symbolic factorization time : 0.024s
Symbolic nonzeros in factor : 2.79e+05
Elapsed time for augmented  : 0.185 seconds
Elapsed time           : 0.185 seconds
Barrier setup complete at 0.185 seconds
Adaptive regularization enabled


                  Objective                         Infeasibility        Time
Iter   Primal              Dual                Primal   Dual    Compl.   Elapsed
  0   -3.703361174615e+02 -3.711052443117e+02 3.71e+03 1.91e+00 1.19e-02 0.186
  1   -3.742795214206e+01 -3.496702503206e+02 3.74e+02 7.84e-02 1.66e-02 0.189
  2   -3.889668026336e+00 -2.097901231331e+02 3.80e+01 4.70e-02 1.33e-02 0.192
  3   -4.431096117272e-01 -3.239116108501e+01 3.86e+00 5.32e-03 4.56e-03 0.194
  4   -9.288825725722e-02 -4.511806562148e+00 4.09e-01 5.68e-04 6.47e-04 0.197
  5   -5.628648432432e-02 -7.107976049950e-01 4.09e-02 5.69e-05 8.80e-05 0.200
  6   -5.677571215758e-02 -2.030857820163e-01 9.05e-03 1.26e-05 1.79e-05 0.202
  7   -6.872914292194e-02 -1.411028037918e-01 4.03e-03 5.61e-06 7.69e-06 0.205
  8   -7.250384028338e-02 -1.395583886507e-01 3.42e-03 4.78e-06 1.99e-05 0.208
  9   -7.554562689794e-02 -1.369861064522e-01 2.91e-03 4.07e-06 4.64e-05 0.210
 10   -7.906155596747e-02 -1.334434964363e-01 2.24e-03 3.17e-06 7.42e-05 0.213
 11   -8.340862821054e-02 -1.273453836844e-01 1.50e-03 2.13e-06 8.08e-05 0.216
 12   -8.386846329292e-02 -1.262583743009e-01 1.30e-03 1.86e-06 7.68e-05 0.218
 13   -8.680334350745e-02 -1.206731536857e-01 9.17e-04 1.32e-06 6.54e-05 0.221
 14   -8.889519926868e-02 -1.155763248230e-01 5.81e-04 8.53e-07 1.87e-04 0.224
 15   -9.465128839943e-02 -1.053460076390e-01 1.87e-04 2.78e-07 6.33e-05 0.226
 16   -9.673195829183e-02 -1.015802457642e-01 7.71e-05 1.15e-07 2.21e-05 0.229
 17   -9.766316967068e-02 -9.987750011066e-02 2.74e-05 3.88e-08 6.96e-06 0.232
 18   -9.818064057910e-02 -9.898267711721e-02 7.44e-06 1.36e-08 3.34e-06 0.234
 19   -9.842128215949e-02 -9.862917315825e-02 1.86e-06 2.88e-09 7.54e-07 0.237
 20   -9.848812244748e-02 -9.853098778208e-02 3.65e-07 2.82e-09 1.37e-07 0.240
 21   -9.850297303269e-02 -9.850962103325e-02 5.60e-08 2.83e-09 1.86e-08 0.242
 22   -9.850532352725e-02 -9.850625872885e-02 7.87e-09 9.85e-09 2.39e-09 0.245
 23   -9.850565713530e-02 -9.850578105296e-02 1.04e-09 3.48e-08 2.89e-10 0.248
 24   -9.850570155554e-02 -9.850571734116e-02 1.33e-10 2.32e-06 3.30e-11 0.250
 25   -9.850570726712e-02 -9.850570913269e-02 1.57e-11 2.05e-06 3.56e-12 0.253
 26   -9.850570794846e-02 -9.850570815025e-02 1.70e-12 7.68e-07 3.77e-13 0.256
 27   -9.850570802228e-02 -9.850570804344e-02 1.77e-13 6.68e-05 3.86e-14 0.258
 28   -9.850570803007e-02 -9.850570803227e-02 1.79e-14 5.59e-04 4.71e-15 0.261
 29   -9.850570803077e-02 -9.850570803133e-02 4.22e-15 3.91e-04 1.06e-15 0.264
 30   -9.850570803097e-02 -9.850570803108e-02 8.88e-16 1.20e-02 1.54e-16 0.266
Numerical error in objective
Restoring previous solution


Suboptimal solution found in 31 iterations and 0.27 seconds
Objective -9.85053235e-02
Primal infeasibility (abs/rel): 1.57e-08/7.87e-09
Dual infeasibility   (abs/rel): 1.09e-08/9.85e-09
Complementarity gap  (abs/rel): 2.62e-09/2.39e-09


Barrier finished in 0.27 seconds
Dual variables for problems with quadratic constraints not returned.
