cuOpt version: 26.10.0, git hash: 648f805d, host arch: x86_64, device archs: 80-real
CPU: AMD EPYC 7642 48-Core Processor, threads: 5C/5T, RAM usage: 40.00/503.74GiB
CPU SIMD target: AVX2
CUDA 12.9, device: NVIDIA A100 80GB PCIe (ID 0), VRAM: 79.44 GiB
CUDA device UUID: 68df5cf5-71f9-6a93-b428-460c080ffb10
Problem has 1 quadratic constraints. Converting to second-order cones and solving with barrier.
Handling 50 free variables directly in augmented system
Presolved problem: 5103 constraints 10102 variables 265152 nonzeros
Skipping Ruiz equilibration (row norm ratio 1.4, column norm ratio 1.4 < 5e4, Q coeff ratio 1.0 < 100)
Barrier solver started at 0.026 seconds
Barrier solver: 5103 constraints, 10102 variables, 265152 nonzeros


Second-order cones          : 1
Free variables              : 50
Upper bounds                : 5000
Linear system               : augmented
cuDSS Version               : 0.7.1
cuDSS Threading layer       : libcudss_mtlayer_gomp.so.0
Reordering time             : 0.115s
Symbolic factorization time : 0.023s
Symbolic nonzeros in factor : 2.79e+05
Elapsed time for augmented  : 0.172 seconds
Elapsed time           : 0.172 seconds
Barrier setup complete at 0.172 seconds
Adaptive regularization enabled


                  Objective                         Infeasibility        Time
Iter   Primal              Dual                Primal   Dual    Compl.   Elapsed
  0   -3.703993037120e+02 -3.711301956175e+02 3.71e+03 1.91e+00 1.19e-02 0.172
  1   -3.743476594130e+01 -3.496952827003e+02 3.74e+02 7.84e-02 1.66e-02 0.175
  2   -3.890536618441e+00 -2.098129356249e+02 3.81e+01 4.70e-02 1.33e-02 0.178
  3   -4.432231736126e-01 -3.239735340891e+01 3.86e+00 5.32e-03 4.56e-03 0.181
  4   -9.291562184941e-02 -4.513380754783e+00 4.09e-01 5.69e-04 6.47e-04 0.183
  5   -5.629490748689e-02 -7.110782645682e-01 4.09e-02 5.69e-05 8.81e-05 0.186
  6   -5.678368793282e-02 -2.029105106952e-01 9.04e-03 1.26e-05 1.79e-05 0.189
  7   -6.879664044851e-02 -1.408537640205e-01 4.01e-03 5.58e-06 7.66e-06 0.191
  8   -7.225663503500e-02 -1.396077107084e-01 3.47e-03 4.85e-06 1.83e-05 0.194
  9   -7.532518058274e-02 -1.372344803188e-01 2.97e-03 4.16e-06 4.38e-05 0.197
 10   -7.794390924076e-02 -1.350657447187e-01 2.44e-03 3.44e-06 6.31e-05 0.199
 11   -8.204029288690e-02 -1.295533811123e-01 1.77e-03 2.51e-06 7.95e-05 0.202
 12   -8.266186914548e-02 -1.282901152113e-01 1.50e-03 2.15e-06 7.70e-05 0.205
 13   -8.640447343994e-02 -1.215098419745e-01 9.99e-04 1.44e-06 9.13e-05 0.207
 14   -8.989450352691e-02 -1.138539871666e-01 5.32e-04 7.74e-07 1.88e-04 0.210
 15   -9.397405113302e-02 -1.064349483103e-01 1.45e-04 2.13e-07 6.18e-05 0.213
 16   -9.669538699240e-02 -1.017372901562e-01 5.32e-05 7.55e-08 3.14e-05 0.215
 17   -9.760615899928e-02 -1.002290799629e-01 2.54e-05 3.24e-08 1.45e-05 0.218
 18   -9.807225383903e-02 -9.936594906490e-02 9.39e-06 1.52e-08 1.02e-05 0.221
 19   -9.849340049228e-02 -9.874469536746e-02 1.56e-06 3.50e-09 1.44e-06 0.223
 20   -9.857729377519e-02 -9.862617219339e-02 3.01e-07 4.43e-09 2.37e-07 0.226
 21   -9.859404274199e-02 -9.860252339562e-02 5.16e-08 3.56e-09 3.49e-08 0.229
 22   -9.859708397360e-02 -9.859824461493e-02 7.05e-09 3.35e-09 4.19e-09 0.231
 23   -9.859750012420e-02 -9.859765902121e-02 9.66e-10 1.38e-09 5.12e-10 0.234
 24   -9.859755685504e-02 -9.859757902152e-02 1.35e-10 2.75e-06 6.39e-11 0.237
 25   -9.859756477057e-02 -9.859756783833e-02 1.87e-11 4.25e-06 7.76e-12 0.240
 26   -9.859756588308e-02 -9.859756626508e-02 2.33e-12 1.02e-05 9.51e-13 0.242
 27   -9.859756602401e-02 -9.859756606571e-02 2.53e-13 2.10e-05 1.04e-13 0.245
 28   -9.859756603944e-02 -9.859756604391e-02 2.61e-14 3.30e-04 1.10e-14 0.248
 29   -9.859756604102e-02 -9.859756604170e-02 4.00e-15 1.85e-03 1.64e-15 0.250
 30   -9.859756604115e-02 -9.859756604153e-02 2.33e-15 2.22e-02 8.99e-16 0.253
Numerical error in objective
Restoring previous solution


Suboptimal solution found in 31 iterations and 0.26 seconds
Objective -9.85975001e-02
Primal infeasibility (abs/rel): 1.93e-09/9.66e-10
Dual infeasibility   (abs/rel): 1.52e-09/1.38e-09
Complementarity gap  (abs/rel): 5.62e-10/5.12e-10


Barrier finished in 0.26 seconds
Dual variables for problems with quadratic constraints not returned.
