cuOpt version: 26.10.0, git hash: 648f805d, host arch: x86_64, device archs: 80-real
CPU: AMD EPYC 7642 48-Core Processor, threads: 5C/5T, RAM usage: 40.00/503.74GiB
CPU SIMD target: AVX2
CUDA 12.9, device: NVIDIA A100 80GB PCIe (ID 0), VRAM: 79.44 GiB
CUDA device UUID: 68df5cf5-71f9-6a93-b428-460c080ffb10
Problem has 1 quadratic constraints. Converting to second-order cones and solving with barrier.
Handling 50 free variables directly in augmented system
Presolved problem: 5103 constraints 10102 variables 265152 nonzeros
Skipping Ruiz equilibration (row norm ratio 1.4, column norm ratio 1.4 < 5e4, Q coeff ratio 1.0 < 100)
Barrier solver started at 0.024 seconds
Barrier solver: 5103 constraints, 10102 variables, 265152 nonzeros


Second-order cones          : 1
Free variables              : 50
Upper bounds                : 5000
Linear system               : augmented
cuDSS Version               : 0.7.1
cuDSS Threading layer       : libcudss_mtlayer_gomp.so.0
Reordering time             : 0.128s
Symbolic factorization time : 0.024s
Symbolic nonzeros in factor : 2.79e+05
Elapsed time for augmented  : 0.183 seconds
Elapsed time           : 0.183 seconds
Barrier setup complete at 0.183 seconds
Adaptive regularization enabled


                  Objective                         Infeasibility        Time
Iter   Primal              Dual                Primal   Dual    Compl.   Elapsed
  0   -3.705152443471e+02 -3.711033693861e+02 3.71e+03 1.91e+00 1.19e-02 0.184
  1   -3.744593021672e+01 -3.496684576181e+02 3.74e+02 7.84e-02 1.66e-02 0.186
  2   -3.891507457244e+00 -2.097876982036e+02 3.80e+01 4.70e-02 1.33e-02 0.189
  3   -4.433598734480e-01 -3.239205143439e+01 3.86e+00 5.32e-03 4.56e-03 0.192
  4   -9.295418047175e-02 -4.513112195704e+00 4.09e-01 5.69e-04 6.47e-04 0.194
  5   -5.631920787599e-02 -7.110530575872e-01 4.09e-02 5.69e-05 8.81e-05 0.197
  6   -5.681228397309e-02 -2.029575755300e-01 9.04e-03 1.26e-05 1.79e-05 0.200
  7   -6.884369738509e-02 -1.408422057178e-01 4.01e-03 5.58e-06 7.65e-06 0.202
  8   -7.336408878872e-02 -1.390158423426e-01 3.29e-03 4.58e-06 2.40e-05 0.205
  9   -7.493816051419e-02 -1.380497865899e-01 2.96e-03 4.15e-06 4.18e-05 0.208
 10   -7.994408899196e-02 -1.314911892591e-01 2.24e-03 3.14e-06 7.17e-05 0.210
 11   -8.185150739975e-02 -1.294872999121e-01 1.68e-03 2.39e-06 8.30e-05 0.213
 12   -8.592289619689e-02 -1.227211059813e-01 1.11e-03 1.59e-06 8.11e-05 0.216
 13   -8.642156469131e-02 -1.206850081669e-01 8.62e-04 1.25e-06 1.34e-04 0.218
 14   -9.097322304706e-02 -1.124595657361e-01 4.87e-04 7.10e-07 1.14e-04 0.221
 15   -9.449661410293e-02 -1.056847586081e-01 2.15e-04 3.16e-07 5.70e-05 0.224
 16   -9.660996678056e-02 -1.019821050971e-01 8.63e-05 1.24e-07 1.76e-05 0.226
 17   -9.754897340197e-02 -1.001928479283e-01 3.01e-05 4.82e-08 1.11e-05 0.229
 18   -9.822218415928e-02 -9.913789672441e-02 8.02e-06 1.05e-08 3.00e-06 0.232
 19   -9.849584161393e-02 -9.873478541539e-02 1.79e-06 2.43e-09 7.08e-07 0.234
 20   -9.857637748646e-02 -9.862339597164e-02 3.46e-07 2.58e-09 1.28e-07 0.237
 21   -9.859309094821e-02 -9.860039964562e-02 5.34e-08 3.44e-09 1.71e-08 0.240
 22   -9.859576262818e-02 -9.859673182655e-02 7.08e-09 7.26e-09 2.00e-09 0.242
 23   -9.859612116193e-02 -9.859623935437e-02 8.64e-10 1.41e-09 2.25e-10 0.245
 24   -9.859616528752e-02 -9.859617857085e-02 9.73e-11 2.82e-06 2.50e-11 0.248
 25   -9.859617028307e-02 -9.859617166107e-02 1.01e-11 1.02e-05 2.60e-12 0.251
 26   -9.859617080092e-02 -9.859617094107e-02 1.03e-12 2.22e-05 2.65e-13 0.253
 27   -9.859617085351e-02 -9.859617086747e-02 1.03e-13 2.33e-04 2.65e-14 0.256
 28   -9.859617085850e-02 -9.859617086043e-02 1.43e-14 2.03e-04 3.69e-15 0.259
 29   -9.859617085912e-02 -9.859617085954e-02 3.33e-15 6.10e-03 8.10e-16 0.261
Numerical error in objective
Restoring previous solution


Suboptimal solution found in 30 iterations and 0.26 seconds
Objective -9.85961212e-02
Primal infeasibility (abs/rel): 1.73e-09/8.64e-10
Dual infeasibility   (abs/rel): 1.55e-09/1.41e-09
Complementarity gap  (abs/rel): 2.47e-10/2.25e-10


Barrier finished in 0.27 seconds
Dual variables for problems with quadratic constraints not returned.
