cuOpt version: 26.10.0, git hash: 648f805d, host arch: x86_64, device archs: 80-real
CPU: AMD EPYC 7642 48-Core Processor, threads: 5C/5T, RAM usage: 40.01/503.74GiB
CPU SIMD target: AVX2
CUDA 12.9, device: NVIDIA A100 80GB PCIe (ID 0), VRAM: 79.44 GiB
CUDA device UUID: 68df5cf5-71f9-6a93-b428-460c080ffb10
Problem has 1 quadratic constraints. Converting to second-order cones and solving with barrier.
Handling 50 free variables directly in augmented system
Presolved problem: 5103 constraints 10102 variables 265152 nonzeros
Skipping Ruiz equilibration (row norm ratio 1.4, column norm ratio 1.4 < 5e4, Q coeff ratio 1.0 < 100)
Barrier solver started at 0.027 seconds
Barrier solver: 5103 constraints, 10102 variables, 265152 nonzeros


Second-order cones          : 1
Free variables              : 50
Upper bounds                : 5000
Linear system               : augmented
cuDSS Version               : 0.7.1
cuDSS Threading layer       : libcudss_mtlayer_gomp.so.0
Reordering time             : 0.130s
Symbolic factorization time : 0.023s
Symbolic nonzeros in factor : 2.79e+05
Elapsed time for augmented  : 0.187 seconds
Elapsed time           : 0.187 seconds
Barrier setup complete at 0.187 seconds
Adaptive regularization enabled


                  Objective                         Infeasibility        Time
Iter   Primal              Dual                Primal   Dual    Compl.   Elapsed
  0   -3.704438282728e+02 -3.711104708303e+02 3.71e+03 1.91e+00 1.19e-02 0.188
  1   -3.743973226147e+01 -3.496755885985e+02 3.74e+02 7.84e-02 1.66e-02 0.191
  2   -3.891182000757e+00 -2.097977465926e+02 3.81e+01 4.70e-02 1.33e-02 0.193
  3   -4.432881727386e-01 -3.239429835203e+01 3.86e+00 5.32e-03 4.56e-03 0.196
  4   -9.292346427940e-02 -4.512392434153e+00 4.09e-01 5.68e-04 6.47e-04 0.199
  5   -5.630487737987e-02 -7.109222018990e-01 4.09e-02 5.69e-05 8.80e-05 0.201
  6   -5.679745245193e-02 -2.028991979248e-01 9.04e-03 1.26e-05 1.79e-05 0.204
  7   -6.886011093445e-02 -1.406635096824e-01 3.99e-03 5.56e-06 7.63e-06 0.207
  8   -7.302564721704e-02 -1.389553922544e-01 3.34e-03 4.66e-06 2.15e-05 0.209
  9   -7.589145416618e-02 -1.365802860656e-01 2.84e-03 3.98e-06 4.34e-05 0.212
 10   -8.022711893141e-02 -1.314573384178e-01 2.14e-03 3.01e-06 6.93e-05 0.215
 11   -8.112605428932e-02 -1.304993147551e-01 1.84e-03 2.62e-06 7.44e-05 0.217
 12   -8.603384866164e-02 -1.225928519684e-01 1.17e-03 1.68e-06 6.83e-05 0.220
 13   -8.666374105103e-02 -1.203005761977e-01 8.93e-04 1.29e-06 1.49e-04 0.223
 14   -9.121966624294e-02 -1.121327383963e-01 4.73e-04 6.89e-07 1.14e-04 0.225
 15   -9.463183408970e-02 -1.056003364396e-01 2.19e-04 3.21e-07 6.84e-05 0.228
 16   -9.672641868957e-02 -1.019318663441e-01 7.86e-05 1.11e-07 1.88e-05 0.231
 17   -9.747944054108e-02 -1.004952497014e-01 3.54e-05 5.37e-08 1.70e-05 0.233
 18   -9.828891129268e-02 -9.919168793549e-02 6.90e-06 8.74e-09 3.28e-06 0.236
 19   -9.855291315514e-02 -9.881369519175e-02 1.78e-06 1.92e-09 9.08e-07 0.239
 20   -9.863958134815e-02 -9.869394570329e-02 3.60e-07 2.26e-09 1.78e-07 0.241
 21   -9.865933912493e-02 -9.866692665911e-02 5.01e-08 3.62e-09 2.22e-08 0.244
 22   -9.866213952408e-02 -9.866310394746e-02 6.37e-09 3.46e-09 2.58e-09 0.247
 23   -9.866249807676e-02 -9.866261385687e-02 7.65e-10 3.99e-08 2.87e-10 0.249
 24   -9.866254114248e-02 -9.866255481117e-02 9.05e-11 2.81e-06 3.12e-11 0.252
 25   -9.866254627850e-02 -9.866254774114e-02 9.70e-12 6.43e-06 3.26e-12 0.255
 26   -9.866254683085e-02 -9.866254697810e-02 9.75e-13 1.71e-05 3.29e-13 0.257
 27   -9.866254688627e-02 -9.866254690159e-02 1.00e-13 8.56e-05 3.38e-14 0.260
 28   -9.866254689193e-02 -9.866254689388e-02 1.22e-14 8.90e-04 3.47e-15 0.263
 29   -9.866254689237e-02 -9.866254689332e-02 5.66e-15 1.07e-04 1.62e-15 0.265
Numerical error in objective
Restoring previous solution


Suboptimal solution found in 30 iterations and 0.27 seconds
Objective -9.86621395e-02
Primal infeasibility (abs/rel): 1.27e-08/6.37e-09
Dual infeasibility   (abs/rel): 3.82e-09/3.46e-09
Complementarity gap  (abs/rel): 2.84e-09/2.58e-09


Barrier finished in 0.27 seconds
Dual variables for problems with quadratic constraints not returned.
