cuOpt version: 26.10.0, git hash: 648f805d, host arch: x86_64, device archs: 80-real
CPU: AMD EPYC 7642 48-Core Processor, threads: 5C/5T, RAM usage: 37.43/503.74GiB
CPU SIMD target: AVX2
CUDA 12.9, device: NVIDIA A100 80GB PCIe (ID 0), VRAM: 79.44 GiB
CUDA device UUID: 68df5cf5-71f9-6a93-b428-460c080ffb10
Problem has 1 quadratic constraints. Converting to second-order cones and solving with barrier.
Handling 50 free variables directly in augmented system
Presolved problem: 5103 constraints 10102 variables 265152 nonzeros
Skipping Ruiz equilibration (row norm ratio 1.4, column norm ratio 1.4 < 5e4, Q coeff ratio 1.0 < 100)
Barrier solver started at 0.026 seconds
Barrier solver: 5103 constraints, 10102 variables, 265152 nonzeros


Second-order cones          : 1
Free variables              : 50
Upper bounds                : 5000
Linear system               : augmented
cuDSS Version               : 0.7.1
cuDSS Threading layer       : libcudss_mtlayer_gomp.so.0
Reordering time             : 0.054s
Symbolic factorization time : 0.023s
Symbolic nonzeros in factor : 2.79e+05
Elapsed time for augmented  : 0.110 seconds
Elapsed time           : 0.110 seconds
Barrier setup complete at 0.110 seconds
Adaptive regularization enabled


                  Objective                         Infeasibility        Time
Iter   Primal              Dual                Primal   Dual    Compl.   Elapsed
  0   -3.702509737108e+02 -3.710937010099e+02 3.71e+03 1.91e+00 1.19e-02 0.110
  1   -4.136273551275e+00 -3.475151614423e+02 4.01e+01 2.77e-01 6.50e-02 0.116
  2   -1.039317309374e-01 -2.487809478481e+01 4.69e-01 7.85e-03 4.78e-03 0.121
  3   -5.492858368110e-02 -6.426990422387e-01 4.69e-03 7.91e-05 1.48e-04 0.126
  4   -5.851315182347e-02 -1.366086835720e-01 6.22e-04 1.05e-05 1.74e-05 0.131
  5   -6.838223232047e-02 -1.390882897082e-01 4.75e-04 8.01e-06 3.90e-05 0.135
  6   -6.889375946116e-02 -1.392058504777e-01 4.61e-04 7.77e-06 4.13e-05 0.139
  7   -7.975791832914e-02 -1.309113999067e-01 2.43e-04 4.10e-06 1.01e-04 0.143
  8   -7.980229727171e-02 -1.306485103193e-01 2.26e-04 3.81e-06 2.65e-04 0.147
  9   -8.971816235452e-02 -1.146065053021e-01 6.32e-05 1.07e-06 2.28e-04 0.152
 10   -9.597467621510e-02 -1.029561655193e-01 1.59e-05 2.68e-07 4.93e-05 0.157
 11   -9.743912262115e-02 -1.006252771852e-01 6.14e-06 1.03e-07 1.11e-05 0.162
 12   -9.773434131254e-02 -9.994009808323e-02 2.94e-06 4.96e-08 2.50e-05 0.166
 13   -9.823232357076e-02 -9.925642944038e-02 9.33e-07 1.57e-08 9.49e-06 0.170
 14   -9.847052973758e-02 -9.892513140544e-02 3.52e-07 5.93e-09 8.06e-06 0.175
 15   -9.865602249689e-02 -9.868376464792e-02 2.08e-08 3.51e-10 3.92e-07 0.180
 16   -9.866785252729e-02 -9.866876999954e-02 6.85e-10 1.15e-11 6.06e-09 0.184
 17   -9.866820080781e-02 -9.866831873320e-02 8.61e-11 7.80e-10 6.55e-10 0.187
 18   -9.866824347307e-02 -9.866826218426e-02 1.12e-11 1.01e-10 6.03e-11 0.191
 19   -9.866825144547e-02 -9.866825230553e-02 4.70e-13 1.51e-07 6.39e-12 0.194
 20   -9.866825181713e-02 -9.866825184973e-02 3.95e-14 1.13e-07 2.47e-13 0.198
 21   -9.866825183137e-02 -9.866825183307e-02 2.08e-15 5.66e-09 1.26e-14 0.202


Optimal solution found in 21 iterations and 0.202s
Objective -9.86682518e-02
Primal infeasibility (abs/rel): 4.16e-15/2.08e-15
Dual infeasibility   (abs/rel): 6.23e-09/5.66e-09
Complementarity gap  (abs/rel): 1.38e-14/1.26e-14


Barrier finished in 0.20 seconds
Dual variables for problems with quadratic constraints not returned.
