cuOpt version: 26.10.0, git hash: 648f805d, host arch: x86_64, device archs: 80-real
CPU: AMD EPYC 7642 48-Core Processor, threads: 5C/5T, RAM usage: 27.77/503.74GiB
CPU SIMD target: AVX2
CUDA 12.9, device: NVIDIA A100 80GB PCIe (ID 0), VRAM: 79.44 GiB
CUDA device UUID: 68df5cf5-71f9-6a93-b428-460c080ffb10
Problem has 1 quadratic constraints. Converting to second-order cones and solving with barrier.
Barrier: reusing cache (skip convert/presolve/scaling)
Barrier solver started at 0.000 seconds
Barrier solver: 5103 constraints, 10102 variables, 265152 nonzeros
Barrier setup complete at 0.000 seconds
Adaptive regularization enabled


                  Objective                         Infeasibility        Time
Iter   Primal              Dual                Primal   Dual    Compl.   Elapsed
  0   -3.702624119443e+02 -3.710387458059e+02 3.71e+03 1.91e+00 1.19e-02 0.001
  1   -4.136636484816e+00 -3.474601645164e+02 4.01e+01 2.77e-01 6.50e-02 0.008
  2   -1.039518362250e-01 -2.487140678162e+01 4.69e-01 7.85e-03 4.78e-03 0.014
  3   -5.493965881654e-02 -6.425639186560e-01 4.69e-03 7.91e-05 1.48e-04 0.019
  4   -5.853205540329e-02 -1.359055184408e-01 6.17e-04 1.04e-05 1.72e-05 0.024
  5   -6.752262788004e-02 -1.382889562896e-01 4.87e-04 8.20e-06 3.00e-05 0.029
  6   -6.909308643533e-02 -1.385283236887e-01 4.47e-04 7.53e-06 4.23e-05 0.034
  7   -8.140921929949e-02 -1.243462474047e-01 2.48e-04 4.17e-06 7.51e-05 0.039
  8   -8.155823317740e-02 -1.241861441021e-01 2.32e-04 3.91e-06 7.37e-05 0.045
  9   -8.323126950166e-02 -1.230408470618e-01 1.85e-04 3.12e-06 2.17e-04 0.050
 10   -8.338538478364e-02 -1.218653039964e-01 1.59e-04 2.67e-06 3.59e-04 0.056
 11   -9.171618093213e-02 -1.095585688520e-01 6.76e-05 1.14e-06 1.14e-04 0.061
 12   -9.235011047944e-02 -1.081514288796e-01 5.23e-05 8.80e-07 1.34e-04 0.067
 13   -9.592592044862e-02 -1.025477579454e-01 1.90e-05 3.20e-07 6.40e-05 0.072
 14   -9.614587680760e-02 -1.018815110788e-01 1.36e-05 2.30e-07 7.67e-05 0.078
 15   -9.733930721806e-02 -1.002250479741e-01 6.13e-06 1.03e-07 3.37e-05 0.083
 16   -9.760405845873e-02 -9.973277575250e-02 3.64e-06 6.13e-08 3.20e-05 0.089
 17   -9.812132700684e-02 -9.901382750596e-02 1.31e-06 2.21e-08 1.27e-05 0.094
 18   -9.826862555993e-02 -9.878523325224e-02 5.79e-07 9.73e-09 8.12e-06 0.099
 19   -9.842352807273e-02 -9.858376974726e-02 1.54e-07 2.59e-09 2.46e-06 0.104
 20   -9.847368042755e-02 -9.851646617607e-02 2.95e-08 4.79e-10 6.70e-07 0.109
 21   -9.848854590953e-02 -9.849837584767e-02 6.39e-09 1.07e-10 1.53e-07 0.114
 22   -9.849231468888e-02 -9.849359155023e-02 5.64e-10 5.83e-12 1.53e-08 0.119
 23   -9.849280572278e-02 -9.849300663565e-02 8.87e-11 1.75e-11 2.50e-09 0.125
 24   -9.849289139823e-02 -9.849290442925e-02 5.72e-12 9.01e-10 1.61e-10 0.129
 25   -9.849289719718e-02 -9.849289749594e-02 1.17e-13 2.76e-09 3.63e-12 0.133


Optimal solution found in 25 iterations and 0.133s
Objective -9.84928972e-02
Primal infeasibility (abs/rel): 2.34e-13/1.17e-13
Dual infeasibility   (abs/rel): 3.04e-09/2.76e-09
Complementarity gap  (abs/rel): 3.99e-12/3.63e-12


Barrier finished in 0.13 seconds
Dual variables for problems with quadratic constraints not returned.
