cuOpt version: 26.10.0, git hash: 648f805d, host arch: x86_64, device archs: 80-real
CPU: AMD EPYC 7642 48-Core Processor, threads: 5C/5T, RAM usage: 27.74/503.74GiB
CPU SIMD target: AVX2
CUDA 12.9, device: NVIDIA A100 80GB PCIe (ID 0), VRAM: 79.44 GiB
CUDA device UUID: 68df5cf5-71f9-6a93-b428-460c080ffb10
Problem has 1 quadratic constraints. Converting to second-order cones and solving with barrier.
Barrier: reusing cache (skip convert/presolve/scaling)
Barrier solver started at 0.000 seconds
Barrier solver: 5103 constraints, 10102 variables, 265152 nonzeros
Barrier setup complete at 0.000 seconds
Adaptive regularization enabled


                  Objective                         Infeasibility        Time
Iter   Primal              Dual                Primal   Dual    Compl.   Elapsed
  0   -3.704490508896e+02 -3.710981922775e+02 3.71e+03 1.91e+00 1.19e-02 0.001
  1   -4.138703882017e+00 -3.475197441600e+02 4.01e+01 2.77e-01 6.50e-02 0.007
  2   -1.040077714720e-01 -2.488126401411e+01 4.69e-01 7.85e-03 4.78e-03 0.012
  3   -5.496009159231e-02 -6.429579754514e-01 4.69e-03 7.91e-05 1.48e-04 0.017
  4   -5.855201084765e-02 -1.359300793120e-01 6.17e-04 1.04e-05 1.72e-05 0.022
  5   -6.551675310995e-02 -1.377706752984e-01 5.18e-04 8.72e-06 2.04e-05 0.027
  6   -6.699932395293e-02 -1.382652692960e-01 4.83e-04 8.13e-06 2.72e-05 0.032
  7   -8.162897713545e-02 -1.249450474892e-01 2.43e-04 4.10e-06 7.09e-05 0.037
  8   -8.180531801521e-02 -1.245931780049e-01 2.22e-04 3.73e-06 1.19e-04 0.043
  9   -8.341023217426e-02 -1.237503075556e-01 1.77e-04 2.99e-06 2.86e-04 0.049
 10   -8.547850294489e-02 -1.209211746472e-01 1.01e-04 1.70e-06 2.64e-04 0.054
 11   -8.804419080864e-02 -1.151441603693e-01 5.31e-05 8.94e-07 4.51e-04 0.060
 12   -9.516379843868e-02 -1.038271681119e-01 1.31e-05 2.20e-07 1.16e-04 0.065
 13   -9.699352752144e-02 -1.008567441899e-01 4.62e-06 7.79e-08 3.36e-05 0.070
 14   -9.759936398237e-02 -9.965874885951e-02 1.54e-06 2.58e-08 3.72e-05 0.076
 15   -9.828623671803e-02 -9.873930122491e-02 3.11e-07 5.25e-09 7.79e-06 0.081
 16   -9.842334361799e-02 -9.853996776181e-02 6.38e-08 1.07e-09 2.36e-06 0.086
 17   -9.846598246608e-02 -9.848542723479e-02 1.05e-08 1.79e-10 3.91e-07 0.091
 18   -9.847269078946e-02 -9.847593838543e-02 8.63e-10 1.66e-11 3.58e-08 0.096
 19   -9.847405161186e-02 -9.847432731426e-02 7.30e-11 4.37e-12 3.07e-09 0.102
 20   -9.847416903809e-02 -9.847418318488e-02 2.21e-12 1.78e-10 8.58e-11 0.107
 21   -9.847417545170e-02 -9.847417582952e-02 6.08e-13 6.60e-08 2.34e-12 0.110
 22   -9.847417560860e-02 -9.847417563232e-02 3.82e-14 4.14e-09 1.47e-13 0.115


Optimal solution found in 22 iterations and 0.115s
Objective -9.84741756e-02
Primal infeasibility (abs/rel): 7.63e-14/3.82e-14
Dual infeasibility   (abs/rel): 4.56e-09/4.14e-09
Complementarity gap  (abs/rel): 1.62e-13/1.47e-13


Barrier finished in 0.12 seconds
Dual variables for problems with quadratic constraints not returned.
