cuOpt version: 26.10.0, git hash: 648f805d, host arch: x86_64, device archs: 80-real
CPU: AMD EPYC 7642 48-Core Processor, threads: 5C/5T, RAM usage: 27.78/503.74GiB
CPU SIMD target: AVX2
CUDA 12.9, device: NVIDIA A100 80GB PCIe (ID 0), VRAM: 79.44 GiB
CUDA device UUID: 68df5cf5-71f9-6a93-b428-460c080ffb10
Problem has 1 quadratic constraints. Converting to second-order cones and solving with barrier.
Barrier: reusing cache (skip convert/presolve/scaling)
Barrier solver started at 0.000 seconds
Barrier solver: 5103 constraints, 10102 variables, 265152 nonzeros
Barrier setup complete at 0.000 seconds
Adaptive regularization enabled


                  Objective                         Infeasibility        Time
Iter   Primal              Dual                Primal   Dual    Compl.   Elapsed
  0   -3.703532868363e+02 -3.711197926069e+02 3.71e+03 1.91e+00 1.19e-02 0.001
  1   -4.137900701564e+00 -3.475413679128e+02 4.01e+01 2.77e-01 6.50e-02 0.006
  2   -1.039745622217e-01 -2.488596438960e+01 4.69e-01 7.85e-03 4.78e-03 0.012
  3   -5.494370613672e-02 -6.429525666163e-01 4.69e-03 7.91e-05 1.48e-04 0.017
  4   -5.852900844772e-02 -1.369056657672e-01 6.24e-04 1.05e-05 1.75e-05 0.022
  5   -6.642473502094e-02 -1.389496554769e-01 5.07e-04 8.54e-06 2.84e-05 0.027
  6   -6.769403823964e-02 -1.393008169590e-01 4.75e-04 8.00e-06 3.77e-05 0.032
  7   -7.916851900399e-02 -1.276638001517e-01 2.84e-04 4.79e-06 8.13e-05 0.037
  8   -7.928837091935e-02 -1.275288180259e-01 2.70e-04 4.54e-06 9.31e-05 0.043
  9   -8.201658588950e-02 -1.255773977213e-01 2.00e-04 3.36e-06 2.72e-04 0.048
 10   -8.282434440764e-02 -1.232650630321e-01 1.54e-04 2.60e-06 5.06e-04 0.054
 11   -9.170484399217e-02 -1.098300438735e-01 6.34e-05 1.07e-06 1.60e-04 0.059
 12   -9.213583319836e-02 -1.084542896791e-01 4.88e-05 8.21e-07 1.96e-04 0.065
 13   -9.606988316274e-02 -1.022441069072e-01 1.66e-05 2.79e-07 7.99e-05 0.070
 14   -9.652372727739e-02 -1.010907125929e-01 9.09e-06 1.53e-07 8.31e-05 0.076
 15   -9.766163749943e-02 -9.954412423773e-02 3.35e-06 5.64e-08 2.83e-05 0.081
 16   -9.793266569629e-02 -9.907067510089e-02 1.49e-06 2.51e-08 2.04e-05 0.086
 17   -9.826812070081e-02 -9.862891145156e-02 4.40e-07 7.41e-09 6.36e-06 0.091
 18   -9.835375626916e-02 -9.850213982878e-02 1.23e-07 2.05e-09 2.38e-06 0.096
 19   -9.840434783499e-02 -9.843916172002e-02 2.71e-08 4.57e-10 5.67e-07 0.101
 20   -9.841726129635e-02 -9.842222562105e-02 2.07e-09 3.12e-11 5.91e-08 0.106
 21   -9.841924735022e-02 -9.841989539838e-02 2.68e-10 9.13e-12 7.79e-09 0.112
 22   -9.841951623472e-02 -9.841956851484e-02 1.54e-11 1.40e-10 4.46e-10 0.117
 23   -9.841953691940e-02 -9.841954439429e-02 2.20e-12 1.85e-08 6.56e-11 0.121
 24   -9.841954018594e-02 -9.841954058404e-02 1.14e-13 3.18e-09 3.32e-12 0.125


Optimal solution found in 24 iterations and 0.125s
Objective -9.84195402e-02
Primal infeasibility (abs/rel): 2.27e-13/1.14e-13
Dual infeasibility   (abs/rel): 3.50e-09/3.18e-09
Complementarity gap  (abs/rel): 3.65e-12/3.32e-12


Barrier finished in 0.13 seconds
Dual variables for problems with quadratic constraints not returned.
