cuOpt version: 26.10.0, git hash: 648f805d, host arch: x86_64, device archs: 80-real
CPU: AMD EPYC 7642 48-Core Processor, threads: 5C/5T, RAM usage: 27.86/503.74GiB
CPU SIMD target: AVX2
CUDA 12.9, device: NVIDIA A100 80GB PCIe (ID 0), VRAM: 79.44 GiB
CUDA device UUID: 68df5cf5-71f9-6a93-b428-460c080ffb10
Problem has 1 quadratic constraints. Converting to second-order cones and solving with barrier.
Barrier: reusing cache (skip convert/presolve/scaling)
Barrier solver started at 0.000 seconds
Barrier solver: 5103 constraints, 10102 variables, 265152 nonzeros
Barrier setup complete at 0.000 seconds
Adaptive regularization enabled


                  Objective                         Infeasibility        Time
Iter   Primal              Dual                Primal   Dual    Compl.   Elapsed
  0   -3.704184917206e+02 -3.711180220135e+02 3.71e+03 1.91e+00 1.19e-02 0.001
  1   -4.138494784655e+00 -3.475396351185e+02 4.01e+01 2.77e-01 6.50e-02 0.007
  2   -1.040008758327e-01 -2.488460308934e+01 4.69e-01 7.85e-03 4.78e-03 0.012
  3   -5.495630939609e-02 -6.429606405560e-01 4.69e-03 7.91e-05 1.48e-04 0.018
  4   -5.855092429041e-02 -1.360876440755e-01 6.18e-04 1.04e-05 1.73e-05 0.023
  5   -6.611152268928e-02 -1.381205805524e-01 5.09e-04 8.58e-06 2.37e-05 0.028
  6   -6.769543451143e-02 -1.385415055802e-01 4.71e-04 7.94e-06 3.28e-05 0.033
  7   -8.140017783229e-02 -1.247056679285e-01 2.49e-04 4.19e-06 6.94e-05 0.038
  8   -8.171325022464e-02 -1.244405874139e-01 2.27e-04 3.83e-06 7.20e-05 0.043
  9   -8.292050149834e-02 -1.238190171837e-01 1.93e-04 3.25e-06 1.61e-04 0.049
 10   -8.530066703447e-02 -1.209246166218e-01 1.41e-04 2.38e-06 1.19e-04 0.054
 11   -8.502980736178e-02 -1.203273474689e-01 1.32e-04 2.23e-06 2.15e-04 0.060
 12   -9.150908259438e-02 -1.101538978550e-01 6.66e-05 1.12e-06 9.36e-05 0.065
 13   -9.244902438375e-02 -1.084468516879e-01 5.06e-05 8.53e-07 1.11e-04 0.071
 14   -9.567320752417e-02 -1.033785207203e-01 2.15e-05 3.63e-07 5.51e-05 0.076
 15   -9.577590531424e-02 -1.028824016308e-01 1.71e-05 2.88e-07 6.91e-05 0.082
 16   -9.719545631655e-02 -1.008388156483e-01 8.08e-06 1.36e-07 3.19e-05 0.087
 17   -9.743599890077e-02 -1.003571213121e-01 5.43e-06 9.14e-08 3.44e-05 0.093
 18   -9.808389080358e-02 -9.941860836620e-02 2.10e-06 3.53e-08 1.45e-05 0.098
 19   -9.822235971987e-02 -9.918100499769e-02 1.20e-06 2.03e-08 1.23e-05 0.104
 20   -9.849286112449e-02 -9.881940969808e-02 3.44e-07 5.79e-09 4.04e-06 0.109
 21   -9.856543603672e-02 -9.871781796882e-02 1.24e-07 2.06e-09 2.11e-06 0.115
 22   -9.861348912564e-02 -9.865802173262e-02 3.25e-08 5.44e-10 5.97e-07 0.120
 23   -9.862844580956e-02 -9.863872493351e-02 5.11e-09 6.30e-11 1.24e-07 0.125
 24   -9.863215990565e-02 -9.863433766151e-02 1.04e-09 1.54e-11 2.63e-08 0.130
 25   -9.863300166018e-02 -9.863331096022e-02 1.12e-10 1.42e-11 3.09e-09 0.135
 26   -9.863313932881e-02 -9.863314903953e-02 3.51e-12 4.66e-11 9.31e-11 0.140


Optimal solution found in 26 iterations and 0.140s
Objective -9.86331393e-02
Primal infeasibility (abs/rel): 7.02e-12/3.51e-12
Dual infeasibility   (abs/rel): 5.13e-11/4.66e-11
Complementarity gap  (abs/rel): 1.02e-10/9.31e-11


Barrier finished in 0.14 seconds
Dual variables for problems with quadratic constraints not returned.
