Setting CUDA_MODULE_LOADING to EAGER
Reading file portfolio_socp_n5000_k50_mu_t01.mps
Read file portfolio_socp_n5000_k50_mu_t01.mps in 0.11 seconds
cuOpt version: 26.10.0, git hash: 78884b0b, host arch: x86_64, device archs: 80-real
CPU: AMD EPYC 7642 48-Core Processor, threads: 5C/5T, RAM usage: 29.35/503.74GiB
CPU SIMD target: AVX2
CUDA 12.9, device: NVIDIA A100 80GB PCIe (ID 0), VRAM: 79.44 GiB
CUDA device UUID: 68df5cf5-71f9-6a93-b428-460c080ffb10
Problem has 1 quadratic constraints. Converting to second-order cones and solving with barrier.
Handling 50 free variables directly in augmented system
Presolved problem: 5103 constraints 10102 variables 265152 nonzeros
Skipping Ruiz equilibration (row norm ratio 1.4, column norm ratio 1.4 < 5e4, Q coeff ratio 1.0 < 100)
Barrier solver started at 0.028 seconds
Barrier solver: 5103 constraints, 10102 variables, 265152 nonzeros


Second-order cones          : 1
Free variables              : 50
Upper bounds                : 5000
Linear system               : augmented
cuDSS Version               : 0.7.1
cuDSS Threading layer       : libcudss_mtlayer_gomp.so.0
cuDSS solve mode            : deterministic
Reordering time             : 0.171s
Symbolic factorization time : 0.024s
Symbolic nonzeros in factor : 2.79e+05
Elapsed time for augmented  : 0.319 seconds
Elapsed time           : 0.319 seconds
Barrier setup complete at 0.319 seconds
Adaptive regularization enabled


                  Objective                         Infeasibility        Time
Iter   Primal              Dual                Primal   Dual    Compl.   Elapsed
  0   -4.988378996094e-02 -2.507067875879e+03 5.00e+00 9.29e+00 1.02e+02 0.655
  1   -5.003846276531e-02 -2.710456394231e+02 5.31e-01 6.51e-01 1.37e+01 0.732
  2   -5.138692889777e-02 -4.512033583906e+01 8.53e-02 1.11e+00 2.68e+00 0.809
  3   -5.777811072947e-02 -5.254415575101e+00 8.53e-03 2.92e-01 2.73e-01 0.887
  4   -6.190633011486e-02 -1.243938764842e+00 1.93e-03 6.84e-02 6.14e-02 0.964
  5   -7.283316385055e-02 -2.847276528750e-01 1.94e-04 6.99e-03 6.61e-03 1.041
  6   -8.308228539265e-02 -1.597261505428e-01 6.57e-05 2.37e-03 2.23e-03 1.118
  7   -8.975214040766e-02 -1.222717216240e-01 1.43e-05 5.17e-04 3.93e-04 1.196
  8   -9.483554116465e-02 -1.079565670186e-01 5.20e-06 1.88e-04 9.40e-05 1.273
  9   -9.660374209654e-02 -1.029177704731e-01 2.24e-06 8.08e-05 4.23e-05 1.352
 10   -9.758454992515e-02 -1.003566175099e-01 7.27e-07 2.63e-05 1.06e-05 1.429
 11   -9.805501789328e-02 -9.932549916064e-02 2.79e-07 1.01e-05 6.44e-06 1.506
 12   -9.835856659503e-02 -9.873530010947e-02 5.35e-08 1.93e-06 1.21e-06 1.584
 13   -9.847502503923e-02 -9.855673177947e-02 1.08e-08 3.88e-07 2.12e-07 1.661
 14   -9.850218955006e-02 -9.851653116435e-02 1.84e-09 6.63e-08 3.11e-08 1.738
 15   -9.850708172995e-02 -9.850938286786e-02 2.92e-10 1.06e-08 4.11e-09 1.816
 16   -9.850786939033e-02 -9.850823633395e-02 4.64e-11 1.68e-09 5.24e-10 1.893
 17   -9.850799580768e-02 -9.850805275432e-02 7.18e-12 7.18e-10 7.00e-11 1.970
 18   -9.850801512914e-02 -9.850802474580e-02 1.38e-12 1.22e-07 1.18e-11 2.030
 19   -9.850801832882e-02 -9.850802011009e-02 3.23e-13 4.29e-07 2.17e-12 2.091
 20   -9.850801891081e-02 -9.850801926634e-02 6.39e-14 8.49e-08 4.29e-13 2.168
 21   -9.850801902199e-02 -9.850801910560e-02 1.48e-14 1.95e-08 9.87e-14 2.245
 22   -9.850801904756e-02 -9.850801906883e-02 3.66e-15 4.79e-09 2.42e-14 2.323


Optimal solution found in 22 iterations and 2.323s
Objective -9.85080190e-02
Primal infeasibility (abs/rel): 7.33e-15/3.66e-15
Dual infeasibility   (abs/rel): 5.28e-09/4.79e-09
Complementarity gap  (abs/rel): 2.66e-14/2.42e-14


Barrier finished in 2.33 seconds
Dual variables for problems with quadratic constraints not returned.
