Setting CUDA_MODULE_LOADING to EAGER
Reading file portfolio_socp_n5000_k50_mu_t01.mps
Read file portfolio_socp_n5000_k50_mu_t01.mps in 0.11 seconds
cuOpt version: 26.10.0, git hash: 78884b0b, host arch: x86_64, device archs: 80-real
CPU: AMD EPYC 7642 48-Core Processor, threads: 5C/5T, RAM usage: 29.52/503.74GiB
CPU SIMD target: AVX2
CUDA 12.9, device: NVIDIA A100 80GB PCIe (ID 0), VRAM: 79.44 GiB
CUDA device UUID: 68df5cf5-71f9-6a93-b428-460c080ffb10
Problem has 1 quadratic constraints. Converting to second-order cones and solving with barrier.
Handling 50 free variables directly in augmented system
Presolved problem: 5103 constraints 10102 variables 265152 nonzeros
Skipping Ruiz equilibration (row norm ratio 1.4, column norm ratio 1.4 < 5e4, Q coeff ratio 1.0 < 100)
Barrier solver started at 0.028 seconds
Barrier solver: 5103 constraints, 10102 variables, 265152 nonzeros


Second-order cones          : 1
Free variables              : 50
Upper bounds                : 5000
Linear system               : augmented
cuDSS Version               : 0.7.1
cuDSS Threading layer       : libcudss_mtlayer_gomp.so.0
cuDSS solve mode            : deterministic
Reordering time             : 0.086s
Symbolic factorization time : 0.024s
Symbolic nonzeros in factor : 2.79e+05
Elapsed time for augmented  : 0.233 seconds
Elapsed time           : 0.233 seconds
Barrier setup complete at 0.233 seconds
Adaptive regularization enabled


                  Objective                         Infeasibility        Time
Iter   Primal              Dual                Primal   Dual    Compl.   Elapsed
  0   -4.988376616920e-02 -2.507067875879e+03 5.00e+00 9.29e+00 1.02e+02 0.568
  1   -5.003843830698e-02 -2.710455218893e+02 5.31e-01 6.51e-01 1.37e+01 0.645
  2   -5.138690183563e-02 -4.512030075679e+01 8.53e-02 1.11e+00 2.68e+00 0.722
  3   -5.777775470562e-02 -5.254495382024e+00 8.53e-03 2.92e-01 2.73e-01 0.800
  4   -6.190551698202e-02 -1.243902520473e+00 1.93e-03 6.84e-02 6.14e-02 0.877
  5   -7.283436536067e-02 -2.846990324193e-01 1.94e-04 6.99e-03 6.61e-03 0.954
  6   -8.308369680873e-02 -1.597209838788e-01 6.57e-05 2.37e-03 2.23e-03 1.034
  7   -8.975176185223e-02 -1.222725979410e-01 1.43e-05 5.17e-04 3.93e-04 1.112
  8   -9.483552528236e-02 -1.079567992841e-01 5.21e-06 1.88e-04 9.40e-05 1.189
  9   -9.660380664973e-02 -1.029176931632e-01 2.24e-06 8.08e-05 4.23e-05 1.266
 10   -9.758460898789e-02 -1.003564824592e-01 7.27e-07 2.63e-05 1.06e-05 1.343
 11   -9.805504663698e-02 -9.932546629023e-02 2.79e-07 1.01e-05 6.44e-06 1.421
 12   -9.835858745498e-02 -9.873526909827e-02 5.35e-08 1.93e-06 1.21e-06 1.498
 13   -9.847503136653e-02 -9.855672278330e-02 1.07e-08 3.88e-07 2.12e-07 1.575
 14   -9.850219070206e-02 -9.851652953610e-02 1.83e-09 6.63e-08 3.11e-08 1.653
 15   -9.850708189066e-02 -9.850938264266e-02 2.92e-10 1.06e-08 4.11e-09 1.732
 16   -9.850786941323e-02 -9.850823630205e-02 4.64e-11 1.70e-09 5.24e-10 1.810
 17   -9.850799581121e-02 -9.850805274941e-02 7.18e-12 6.80e-10 7.00e-11 1.887
 18   -9.850801512994e-02 -9.850802474468e-02 1.38e-12 1.22e-08 1.18e-11 1.948
 19   -9.850801832869e-02 -9.850802011029e-02 3.23e-13 2.86e-07 2.17e-12 2.008
 20   -9.850801891399e-02 -9.850801926667e-02 2.06e-13 1.02e-06 4.29e-13 2.068
 21   -9.850801902301e-02 -9.850801910526e-02 4.71e-14 2.33e-07 9.81e-14 2.146
 22   -9.850801904789e-02 -9.850801906860e-02 1.13e-14 5.58e-08 2.36e-14 2.223
 23   -9.850801905471e-02 -9.850801905872e-02 2.11e-15 1.01e-08 4.67e-15 2.300
 24   -9.850801905576e-02 -9.850801905720e-02 7.22e-16 3.39e-09 1.56e-15 2.378


Optimal solution found in 24 iterations and 2.378s
Objective -9.85080191e-02
Primal infeasibility (abs/rel): 1.44e-15/7.22e-16
Dual infeasibility   (abs/rel): 3.73e-09/3.39e-09
Complementarity gap  (abs/rel): 1.71e-15/1.56e-15


Barrier finished in 2.38 seconds
Dual variables for problems with quadratic constraints not returned.
