Setting CUDA_MODULE_LOADING to EAGER
Reading file portfolio_socp_n5000_k50_mu_t01.mps
Read file portfolio_socp_n5000_k50_mu_t01.mps in 0.11 seconds
cuOpt version: 26.10.0, git hash: 78884b0b, host arch: x86_64, device archs: 80-real
CPU: AMD EPYC 7642 48-Core Processor, threads: 5C/5T, RAM usage: 29.32/503.74GiB
CPU SIMD target: AVX2
CUDA 12.9, device: NVIDIA A100 80GB PCIe (ID 0), VRAM: 79.44 GiB
CUDA device UUID: 68df5cf5-71f9-6a93-b428-460c080ffb10
Problem has 1 quadratic constraints. Converting to second-order cones and solving with barrier.
Handling 50 free variables directly in augmented system
Presolved problem: 5103 constraints 10102 variables 265152 nonzeros
Skipping Ruiz equilibration (row norm ratio 1.4, column norm ratio 1.4 < 5e4, Q coeff ratio 1.0 < 100)
Barrier solver started at 0.028 seconds
Barrier solver: 5103 constraints, 10102 variables, 265152 nonzeros


Second-order cones          : 1
Free variables              : 50
Upper bounds                : 5000
Linear system               : augmented
cuDSS Version               : 0.7.1
cuDSS Threading layer       : libcudss_mtlayer_gomp.so.0
cuDSS solve mode            : deterministic
Reordering time             : 0.068s
Symbolic factorization time : 0.023s
Symbolic nonzeros in factor : 2.79e+05
Elapsed time for augmented  : 0.215 seconds
Elapsed time           : 0.215 seconds
Barrier setup complete at 0.215 seconds
Adaptive regularization enabled


                  Objective                         Infeasibility        Time
Iter   Primal              Dual                Primal   Dual    Compl.   Elapsed
  0   -4.988382553300e-02 -2.507067875879e+03 5.00e+00 9.29e+00 1.02e+02 0.549
  1   -5.003849775685e-02 -2.710450285297e+02 5.31e-01 6.51e-01 1.37e+01 0.626
  2   -5.138696059526e-02 -4.511969188792e+01 8.53e-02 1.11e+00 2.68e+00 0.703
  3   -5.777806080918e-02 -5.254378883314e+00 8.53e-03 2.92e-01 2.73e-01 0.780
  4   -6.190613921726e-02 -1.243905370966e+00 1.93e-03 6.84e-02 6.14e-02 0.857
  5   -7.283394291694e-02 -2.847120761055e-01 1.94e-04 6.99e-03 6.61e-03 0.934
  6   -8.308314277501e-02 -1.597229674682e-01 6.57e-05 2.37e-03 2.23e-03 1.011
  7   -8.975208488144e-02 -1.222717006607e-01 1.43e-05 5.17e-04 3.93e-04 1.088
  8   -9.483556207542e-02 -1.079565692450e-01 5.20e-06 1.88e-04 9.40e-05 1.166
  9   -9.660378962136e-02 -1.029176787203e-01 2.24e-06 8.08e-05 4.23e-05 1.242
 10   -9.758459372831e-02 -1.003565191440e-01 7.27e-07 2.63e-05 1.06e-05 1.319
 11   -9.805503779643e-02 -9.932547400344e-02 2.79e-07 1.01e-05 6.44e-06 1.397
 12   -9.835858022083e-02 -9.873528039627e-02 5.35e-08 1.93e-06 1.21e-06 1.474
 13   -9.847502925751e-02 -9.855672589808e-02 1.08e-08 3.88e-07 2.12e-07 1.551
 14   -9.850219034615e-02 -9.851653005822e-02 1.84e-09 6.63e-08 3.11e-08 1.627
 15   -9.850708184560e-02 -9.850938270870e-02 2.92e-10 1.06e-08 4.11e-09 1.704
 16   -9.850786940773e-02 -9.850823631014e-02 4.64e-11 1.71e-09 5.24e-10 1.782
 17   -9.850799581058e-02 -9.850805275034e-02 7.18e-12 7.07e-10 7.00e-11 1.859
 18   -9.850801512994e-02 -9.850802474467e-02 1.38e-12 3.14e-08 1.18e-11 1.919
 19   -9.850801832884e-02 -9.850802011007e-02 3.23e-13 1.48e-07 2.17e-12 1.979
 20   -9.850801891031e-02 -9.850801926705e-02 6.41e-14 2.95e-08 4.30e-13 2.056
 21   -9.850801902224e-02 -9.850801910525e-02 1.47e-14 6.70e-09 9.80e-14 2.133


Optimal solution found in 21 iterations and 2.133s
Objective -9.85080190e-02
Primal infeasibility (abs/rel): 2.93e-14/1.47e-14
Dual infeasibility   (abs/rel): 7.38e-09/6.70e-09
Complementarity gap  (abs/rel): 1.08e-13/9.80e-14


Barrier finished in 2.13 seconds
Dual variables for problems with quadratic constraints not returned.
