cuOpt version: 26.10.0, git hash: 648f805d, host arch: x86_64, device archs: 80-real
CPU: AMD EPYC 7642 48-Core Processor, threads: 5C/5T, RAM usage: 29.20/503.74GiB
CPU SIMD target: AVX2
CUDA 12.9, device: NVIDIA A100 80GB PCIe (ID 0), VRAM: 79.44 GiB
CUDA device UUID: 68df5cf5-71f9-6a93-b428-460c080ffb10
Problem has 1 quadratic constraints. Converting to second-order cones and solving with barrier.
Barrier: reusing cache (skip convert/presolve/scaling)
Barrier solver started at 0.000 seconds
Barrier solver: 5103 constraints, 10102 variables, 265152 nonzeros
Barrier setup complete at 0.000 seconds
Adaptive regularization enabled


                  Objective                         Infeasibility        Time
Iter   Primal              Dual                Primal   Dual    Compl.   Elapsed
  0   -3.703336272695e+02 -3.710584120459e+02 3.71e+03 1.91e+00 1.19e-02 0.001
  1   -4.137832929498e+00 -3.474799232405e+02 4.01e+01 2.77e-01 6.49e-02 0.005
  2   -1.039807671202e-01 -2.487731337698e+01 4.69e-01 7.85e-03 4.78e-03 0.010
  3   -5.494981773508e-02 -6.427223953537e-01 4.69e-03 7.91e-05 1.48e-04 0.014
  4   -5.854536693142e-02 -1.356570860145e-01 6.15e-04 1.04e-05 1.72e-05 0.018
  5   -6.553128984350e-02 -1.375823483759e-01 5.16e-04 8.70e-06 1.98e-05 0.022
  6   -6.729993156647e-02 -1.381153593900e-01 4.75e-04 8.00e-06 3.03e-05 0.026
  7   -8.239177890977e-02 -1.235205323357e-01 2.32e-04 3.91e-06 7.67e-05 0.030
  8   -8.264021175463e-02 -1.231477046968e-01 2.10e-04 3.54e-06 8.23e-05 0.035
  9   -8.327699596708e-02 -1.231878312719e-01 1.90e-04 3.20e-06 1.78e-04 0.040
 10   -8.606536396793e-02 -1.198865905871e-01 1.12e-04 1.88e-06 1.19e-04 0.044
 11   -8.627233507130e-02 -1.182988049588e-01 9.01e-05 1.52e-06 2.79e-04 0.049
 12   -9.298421526695e-02 -1.075028596847e-01 3.71e-05 6.25e-07 9.18e-05 0.054
 13   -9.424773589930e-02 -1.053375351683e-01 2.32e-05 3.90e-07 1.09e-04 0.059
 14   -9.476825197015e-02 -1.043050344458e-01 1.80e-05 3.03e-07 1.15e-04 0.064
 15   -9.670474491788e-02 -1.013497107903e-01 7.93e-06 1.34e-07 5.22e-05 0.069
 16   -9.696546449956e-02 -1.007448777519e-01 5.30e-06 8.94e-08 5.32e-05 0.074
 17   -9.782739792879e-02 -9.947054717292e-02 1.98e-06 3.34e-08 2.14e-05 0.079
 18   -9.801222123272e-02 -9.914256647129e-02 1.08e-06 1.82e-08 1.70e-05 0.084
 19   -9.831876739091e-02 -9.872117827793e-02 3.27e-07 5.51e-09 5.73e-06 0.088
 20   -9.841217153601e-02 -9.858612381225e-02 1.07e-07 1.80e-09 2.72e-06 0.093
 21   -9.846617434756e-02 -9.851733960757e-02 2.82e-08 4.75e-10 7.70e-07 0.097
 22   -9.848403171126e-02 -9.849371877385e-02 3.30e-09 5.56e-11 1.19e-07 0.101
 23   -9.848767677209e-02 -9.848938515159e-02 5.65e-10 9.51e-12 2.12e-08 0.105
 24   -9.848836214992e-02 -9.848854081452e-02 4.33e-11 8.59e-13 1.65e-09 0.110
 25   -9.848843362505e-02 -9.848845685053e-02 5.63e-12 1.06e-13 2.17e-10 0.114
 26   -9.848844263751e-02 -9.848844630057e-02 8.86e-13 1.69e-14 3.51e-11 0.118


Optimal solution found in 26 iterations and 0.118s
Objective -9.84884426e-02
Primal infeasibility (abs/rel): 1.77e-12/8.86e-13
Dual infeasibility   (abs/rel): 1.87e-14/1.69e-14
Complementarity gap  (abs/rel): 3.86e-11/3.51e-11


Barrier finished in 0.12 seconds
Dual variables for problems with quadratic constraints not returned.
