cuOpt version: 26.10.0, git hash: 648f805d, host arch: x86_64, device archs: 80-real
CPU: AMD EPYC 7642 48-Core Processor, threads: 5C/5T, RAM usage: 29.20/503.74GiB
CPU SIMD target: AVX2
CUDA 12.9, device: NVIDIA A100 80GB PCIe (ID 0), VRAM: 79.44 GiB
CUDA device UUID: 68df5cf5-71f9-6a93-b428-460c080ffb10
Problem has 1 quadratic constraints. Converting to second-order cones and solving with barrier.
Barrier: reusing cache (skip convert/presolve/scaling)
Barrier solver started at 0.000 seconds
Barrier solver: 5103 constraints, 10102 variables, 265152 nonzeros
Barrier setup complete at 0.000 seconds
Adaptive regularization enabled


                  Objective                         Infeasibility        Time
Iter   Primal              Dual                Primal   Dual    Compl.   Elapsed
  0   -3.703993037120e+02 -3.711301956175e+02 3.71e+03 1.91e+00 1.19e-02 0.001
  1   -4.138311991348e+00 -3.475517914134e+02 4.01e+01 2.77e-01 6.50e-02 0.005
  2   -1.039811675448e-01 -2.488651170153e+01 4.69e-01 7.85e-03 4.78e-03 0.010
  3   -5.494896688005e-02 -6.429279200955e-01 4.69e-03 7.91e-05 1.48e-04 0.014
  4   -5.853996103240e-02 -1.361843852473e-01 6.19e-04 1.04e-05 1.73e-05 0.018
  5   -6.635118169679e-02 -1.384036203555e-01 5.08e-04 8.56e-06 2.50e-05 0.022
  6   -6.755105172059e-02 -1.387681128473e-01 4.78e-04 8.06e-06 3.38e-05 0.026
  7   -7.881700627496e-02 -1.279578299513e-01 2.93e-04 4.94e-06 7.37e-05 0.030
  8   -7.897143527649e-02 -1.278428035979e-01 2.78e-04 4.68e-06 9.91e-05 0.034
  9   -8.213079828574e-02 -1.254377165450e-01 1.99e-04 3.35e-06 2.83e-04 0.039
 10   -8.362960655612e-02 -1.222989787640e-01 1.43e-04 2.42e-06 4.82e-04 0.044
 11   -9.211723251685e-02 -1.094454131966e-01 5.97e-05 1.01e-06 1.57e-04 0.048
 12   -9.256768494525e-02 -1.080701260581e-01 4.52e-05 7.61e-07 1.88e-04 0.053
 13   -9.635546544914e-02 -1.021846248126e-01 1.50e-05 2.53e-07 7.13e-05 0.058
 14   -9.657156099860e-02 -1.015267927235e-01 1.04e-05 1.76e-07 7.65e-05 0.063
 15   -9.764142514795e-02 -1.000368196135e-01 4.57e-06 7.70e-08 3.26e-05 0.067
 16   -9.788322884224e-02 -9.958710570770e-02 2.59e-06 4.37e-08 2.84e-05 0.072
 17   -9.832454671041e-02 -9.897984584133e-02 8.61e-07 1.45e-08 1.05e-05 0.077
 18   -9.844488223354e-02 -9.879427821206e-02 3.43e-07 5.77e-09 6.00e-06 0.082
 19   -9.855275390722e-02 -9.865625208547e-02 9.00e-08 1.52e-09 1.75e-06 0.086
 20   -9.858603589782e-02 -9.861159230834e-02 1.55e-08 2.62e-10 4.13e-07 0.091
 21   -9.859514432994e-02 -9.860060397986e-02 3.17e-09 5.34e-11 8.87e-08 0.095
 22   -9.859720517239e-02 -9.859800041186e-02 3.46e-10 5.82e-12 1.07e-08 0.100
 23   -9.859754918605e-02 -9.859758616533e-02 1.61e-11 2.68e-13 4.83e-10 0.104
 24   -9.859756411460e-02 -9.859756831161e-02 1.79e-12 1.03e-08 5.30e-11 0.108
 25   -9.859756587540e-02 -9.859756623610e-02 1.53e-13 8.88e-10 4.81e-12 0.112


Optimal solution found in 25 iterations and 0.112s
Objective -9.85975659e-02
Primal infeasibility (abs/rel): 3.07e-13/1.53e-13
Dual infeasibility   (abs/rel): 9.78e-10/8.88e-10
Complementarity gap  (abs/rel): 5.28e-12/4.81e-12


Barrier finished in 0.11 seconds
Dual variables for problems with quadratic constraints not returned.
