cuOpt version: 26.10.0, git hash: 648f805d, host arch: x86_64, device archs: 80-real
CPU: AMD EPYC 7642 48-Core Processor, threads: 5C/5T, RAM usage: 29.20/503.74GiB
CPU SIMD target: AVX2
CUDA 12.9, device: NVIDIA A100 80GB PCIe (ID 0), VRAM: 79.44 GiB
CUDA device UUID: 68df5cf5-71f9-6a93-b428-460c080ffb10
Problem has 1 quadratic constraints. Converting to second-order cones and solving with barrier.
Barrier: reusing cache (skip convert/presolve/scaling)
Barrier solver started at 0.000 seconds
Barrier solver: 5103 constraints, 10102 variables, 265152 nonzeros
Barrier setup complete at 0.000 seconds
Adaptive regularization enabled


                  Objective                         Infeasibility        Time
Iter   Primal              Dual                Primal   Dual    Compl.   Elapsed
  0   -3.704184917206e+02 -3.711180220135e+02 3.71e+03 1.91e+00 1.19e-02 0.001
  1   -4.138494784655e+00 -3.475396351185e+02 4.01e+01 2.77e-01 6.50e-02 0.005
  2   -1.040008758327e-01 -2.488460308934e+01 4.69e-01 7.85e-03 4.78e-03 0.009
  3   -5.495630939609e-02 -6.429606405518e-01 4.69e-03 7.91e-05 1.48e-04 0.014
  4   -5.855092429038e-02 -1.360876440774e-01 6.18e-04 1.04e-05 1.73e-05 0.018
  5   -6.611152267773e-02 -1.381205805504e-01 5.09e-04 8.58e-06 2.37e-05 0.022
  6   -6.769543451139e-02 -1.385415055807e-01 4.71e-04 7.94e-06 3.28e-05 0.026
  7   -8.140017780906e-02 -1.247056679520e-01 2.49e-04 4.19e-06 6.94e-05 0.032
  8   -8.171325020770e-02 -1.244405874372e-01 2.27e-04 3.83e-06 7.20e-05 0.036
  9   -8.292050144327e-02 -1.238190172432e-01 1.93e-04 3.25e-06 1.61e-04 0.041
 10   -8.530066698271e-02 -1.209246166813e-01 1.41e-04 2.38e-06 1.19e-04 0.045
 11   -8.502980731095e-02 -1.203273475441e-01 1.32e-04 2.23e-06 2.15e-04 0.050
 12   -9.150908255501e-02 -1.101538979241e-01 6.66e-05 1.12e-06 9.36e-05 0.055
 13   -9.244902430793e-02 -1.084468518133e-01 5.06e-05 8.53e-07 1.11e-04 0.060
 14   -9.567320749228e-02 -1.033785207667e-01 2.15e-05 3.63e-07 5.51e-05 0.064
 15   -9.577590528422e-02 -1.028824016692e-01 1.71e-05 2.88e-07 6.91e-05 0.069
 16   -9.719545630882e-02 -1.008388156617e-01 8.08e-06 1.36e-07 3.19e-05 0.074
 17   -9.743599889941e-02 -1.003571213154e-01 5.43e-06 9.14e-08 3.44e-05 0.079
 18   -9.808389079823e-02 -9.941860838378e-02 2.10e-06 3.53e-08 1.45e-05 0.083
 19   -9.822235969704e-02 -9.918100503610e-02 1.20e-06 2.03e-08 1.23e-05 0.088
 20   -9.849286113521e-02 -9.881940969684e-02 3.44e-07 5.79e-09 4.04e-06 0.093
 21   -9.856543601539e-02 -9.871781800162e-02 1.24e-07 2.08e-09 2.11e-06 0.097
 22   -9.861348911611e-02 -9.865802174246e-02 3.25e-08 5.48e-10 5.97e-07 0.102
 23   -9.862844580701e-02 -9.863872493556e-02 5.11e-09 8.61e-11 1.24e-07 0.107
 24   -9.863215990655e-02 -9.863433766106e-02 1.04e-09 1.74e-11 2.63e-08 0.111
 25   -9.863300166938e-02 -9.863331095935e-02 1.12e-10 1.86e-12 3.09e-09 0.115
 26   -9.863313932885e-02 -9.863314903958e-02 3.51e-12 1.43e-13 9.31e-11 0.119


Optimal solution found in 26 iterations and 0.119s
Objective -9.86331393e-02
Primal infeasibility (abs/rel): 7.02e-12/3.51e-12
Dual infeasibility   (abs/rel): 1.58e-13/1.43e-13
Complementarity gap  (abs/rel): 1.02e-10/9.31e-11


Barrier finished in 0.12 seconds
Dual variables for problems with quadratic constraints not returned.
