cuOpt version: 26.10.0, git hash: 648f805d, host arch: x86_64, device archs: 80-real
CPU: AMD EPYC 7642 48-Core Processor, threads: 5C/5T, RAM usage: 40.19/503.74GiB
CPU SIMD target: AVX2
CUDA 12.9, device: NVIDIA A100 80GB PCIe (ID 0), VRAM: 79.44 GiB
CUDA device UUID: 68df5cf5-71f9-6a93-b428-460c080ffb10
Problem has 1 quadratic constraints. Converting to second-order cones and solving with barrier.
Handling 50 free variables directly in augmented system
Presolved problem: 5103 constraints 10102 variables 265152 nonzeros
Skipping Ruiz equilibration (row norm ratio 1.4, column norm ratio 1.4 < 5e4, Q coeff ratio 1.0 < 100)
Barrier solver started at 0.023 seconds
Barrier solver: 5103 constraints, 10102 variables, 265152 nonzeros


Second-order cones          : 1
Free variables              : 50
Upper bounds                : 5000
Linear system               : augmented
cuDSS Version               : 0.7.1
cuDSS Threading layer       : libcudss_mtlayer_gomp.so.0
cuDSS solve mode            : deterministic
Reordering time             : 0.136s
Symbolic factorization time : 0.023s
Symbolic nonzeros in factor : 2.79e+05
Elapsed time for augmented  : 0.190 seconds
Elapsed time           : 0.190 seconds
Barrier setup complete at 0.190 seconds
Adaptive regularization enabled


                  Objective                         Infeasibility        Time
Iter   Primal              Dual                Primal   Dual    Compl.   Elapsed
  0   -3.702624119443e+02 -3.710387458059e+02 3.71e+03 1.91e+00 1.19e-02 0.190
  1   -3.742079804773e+01 -3.496036719201e+02 3.74e+02 7.84e-02 1.66e-02 0.233
  2   -3.888994022658e+00 -2.097346658157e+02 3.80e+01 4.70e-02 1.33e-02 0.276
  3   -4.430512189107e-01 -3.238077215366e+01 3.86e+00 5.32e-03 4.56e-03 0.319
  4   -9.288389423745e-02 -4.510664335250e+00 4.09e-01 5.68e-04 6.47e-04 0.362
  5   -5.628571692259e-02 -7.106213628550e-01 4.09e-02 5.69e-05 8.80e-05 0.404
  6   -5.677723466270e-02 -2.023843147277e-01 9.01e-03 1.25e-05 1.78e-05 0.447
  7   -6.888703843066e-02 -1.402318576557e-01 3.97e-03 5.53e-06 7.59e-06 0.489
  8   -7.323101576256e-02 -1.384589041649e-01 3.29e-03 4.59e-06 2.13e-05 0.532
  9   -7.617083067336e-02 -1.359066570452e-01 2.79e-03 3.91e-06 4.75e-05 0.574
 10   -8.013365014212e-02 -1.313973899932e-01 2.11e-03 2.98e-06 8.10e-05 0.617
 11   -8.114872817277e-02 -1.302550229335e-01 1.79e-03 2.55e-06 8.57e-05 0.659
 12   -8.613153912176e-02 -1.220822230485e-01 1.13e-03 1.62e-06 8.44e-05 0.701
 13   -8.658084322805e-02 -1.197338085283e-01 8.41e-04 1.22e-06 2.03e-04 0.744
 14   -9.079229602111e-02 -1.122951941435e-01 4.75e-04 6.93e-07 1.64e-04 0.786
 15   -9.473575533387e-02 -1.049139514016e-01 2.00e-04 2.94e-07 7.82e-05 0.829
 16   -9.673566243813e-02 -1.013424678272e-01 5.96e-05 8.34e-08 1.70e-05 0.872
 17   -9.765736945421e-02 -9.976408998059e-02 2.15e-05 3.07e-08 8.53e-06 0.914
 18   -9.807935058730e-02 -9.909375610440e-02 8.94e-06 1.37e-08 5.25e-06 0.957
 19   -9.838783285413e-02 -9.862800605238e-02 1.10e-06 2.35e-09 8.47e-07 1.000
 20   -9.846838476517e-02 -9.852428709929e-02 2.49e-07 3.29e-09 2.04e-07 1.043
 21   -9.848938265873e-02 -9.849739404823e-02 3.55e-08 4.00e-09 2.59e-08 1.085
 22   -9.849244373663e-02 -9.849347832905e-02 4.58e-09 6.84e-10 2.99e-09 1.127
 23   -9.849284646357e-02 -9.849296269102e-02 5.15e-10 1.14e-08 3.20e-10 1.170
 24   -9.849289214140e-02 -9.849290403624e-02 5.28e-11 4.31e-07 3.29e-11 1.213
 25   -9.849289681368e-02 -9.849289800786e-02 5.33e-12 5.78e-07 3.31e-12 1.255
 26   -9.849289728138e-02 -9.849289740045e-02 5.36e-13 6.12e-06 3.31e-13 1.298
 27   -9.849289732777e-02 -9.849289733950e-02 5.38e-14 3.44e-05 3.45e-14 1.341
 28   -9.849289733227e-02 -9.849289733341e-02 4.33e-15 2.57e-04 3.98e-15 1.383
 29   -9.849289733269e-02 -9.849289733279e-02 1.22e-15 5.88e-03 1.36e-16 1.426
Numerical error in objective
Restoring previous solution


Suboptimal solution found in 30 iterations and 1.47 seconds
Objective -9.84924437e-02
Primal infeasibility (abs/rel): 9.16e-09/4.58e-09
Dual infeasibility   (abs/rel): 7.53e-10/6.84e-10
Complementarity gap  (abs/rel): 3.29e-09/2.99e-09


Barrier finished in 1.47 seconds
Dual variables for problems with quadratic constraints not returned.
