cuOpt version: 26.10.0, git hash: 648f805d, host arch: x86_64, device archs: 80-real
CPU: AMD EPYC 7642 48-Core Processor, threads: 5C/5T, RAM usage: 37.40/503.74GiB
CPU SIMD target: AVX2
CUDA 12.9, device: NVIDIA A100 80GB PCIe (ID 0), VRAM: 79.44 GiB
CUDA device UUID: 68df5cf5-71f9-6a93-b428-460c080ffb10
Problem has 1 quadratic constraints. Converting to second-order cones and solving with barrier.
Handling 50 free variables directly in augmented system
Presolved problem: 5103 constraints 10102 variables 265152 nonzeros
Skipping Ruiz equilibration (row norm ratio 1.4, column norm ratio 1.4 < 5e4, Q coeff ratio 1.0 < 100)
Barrier solver started at 0.028 seconds
Barrier solver: 5103 constraints, 10102 variables, 265152 nonzeros


Second-order cones          : 1
Free variables              : 50
Upper bounds                : 5000
Linear system               : augmented
cuDSS Version               : 0.7.1
cuDSS Threading layer       : libcudss_mtlayer_gomp.so.0
Reordering algorithm        : AMD
Reordering time             : 0.019s
Symbolic factorization time : 0.071s
Symbolic nonzeros in factor : 2.79e+05
Elapsed time for augmented  : 0.124 seconds
Elapsed time           : 0.124 seconds
Barrier setup complete at 0.124 seconds
Adaptive regularization enabled


                  Objective                         Infeasibility        Time
Iter   Primal              Dual                Primal   Dual    Compl.   Elapsed
  0   -3.703274138474e+02 -3.710708058040e+02 3.71e+03 1.91e+00 1.19e-02 0.125
  1   -4.137051906248e+00 -3.474922988706e+02 4.01e+01 2.77e-01 6.50e-02 0.131
  2   -1.039665874828e-01 -2.487350973719e+01 4.69e-01 7.85e-03 4.78e-03 0.137
  3   -5.494861956811e-02 -6.426108944958e-01 4.69e-03 7.91e-05 1.47e-04 0.142
  4   -5.854386029105e-02 -1.360801180417e-01 6.18e-04 1.04e-05 1.73e-05 0.148
  5   -6.651989844192e-02 -1.382165106403e-01 5.03e-04 8.47e-06 2.56e-05 0.153
  6   -6.787735674026e-02 -1.385553495069e-01 4.69e-04 7.91e-06 3.65e-05 0.159
  7   -8.000826197777e-02 -1.263548053126e-01 2.70e-04 4.55e-06 7.62e-05 0.164
  8   -8.013342406267e-02 -1.261898350836e-01 2.54e-04 4.29e-06 9.32e-05 0.170
  9   -8.275777847546e-02 -1.243057841053e-01 1.86e-04 3.14e-06 2.72e-04 0.176
 10   -8.324259260335e-02 -1.222953279946e-01 1.45e-04 2.44e-06 5.49e-04 0.183
 11   -9.290666967129e-02 -1.080048517147e-01 4.82e-05 8.11e-07 1.53e-04 0.189
 12   -9.345935455860e-02 -1.064550779105e-01 3.41e-05 5.75e-07 1.79e-04 0.195
 13   -9.680879506107e-02 -1.013498265649e-01 1.07e-05 1.80e-07 6.47e-05 0.201
 14   -9.715359104075e-02 -1.005218101873e-01 6.05e-06 1.02e-07 6.35e-05 0.207
 15   -9.800922164434e-02 -9.938303888612e-02 2.32e-06 3.92e-08 2.31e-05 0.214
 16   -9.823272542848e-02 -9.900239822316e-02 9.47e-07 1.58e-08 1.50e-05 0.220
 17   -9.846619119186e-02 -9.869681395796e-02 2.58e-07 4.33e-09 4.55e-06 0.227
 18   -9.852959428685e-02 -9.860584089551e-02 5.68e-08 9.85e-10 1.36e-06 0.234
 19   -9.855651421707e-02 -9.857291515987e-02 1.17e-08 4.63e-10 2.96e-07 0.240
 20   -9.856279662732e-02 -9.856478181984e-02 7.76e-10 2.61e-10 2.44e-08 0.248
 21   -9.856361045211e-02 -9.856383047755e-02 8.59e-11 1.96e-09 2.78e-09 0.255
 22   -9.856370646414e-02 -9.856371688603e-02 4.06e-12 2.10e-09 1.31e-10 0.264
 23   -9.856371090320e-02 -9.856371155655e-02 2.54e-13 9.21e-08 8.19e-12 0.274
 24   -9.856371117730e-02 -9.856371122973e-02 2.04e-14 7.22e-08 6.53e-13 0.283
 25   -9.856371120051e-02 -9.856371120306e-02 3.33e-16 1.36e-07 1.27e-14 0.292
 26   -9.856371120160e-02 -9.856371120183e-02 3.47e-18 2.45e-08 1.81e-15 0.302
 27   -9.856371120171e-02 -9.856371120171e-02 1.11e-16 1.70e-05 4.56e-17 0.312
Numerical error in objective
Restoring previous solution


Suboptimal solution found in 28 iterations and 0.32 seconds
Objective -9.85636105e-02
Primal infeasibility (abs/rel): 1.72e-10/8.59e-11
Dual infeasibility   (abs/rel): 2.16e-09/1.96e-09
Complementarity gap  (abs/rel): 3.05e-09/2.78e-09


Barrier finished in 0.32 seconds
Dual variables for problems with quadratic constraints not returned.
