cuOpt version: 26.10.0, git hash: 648f805d, host arch: x86_64, device archs: 80-real
CPU: AMD EPYC 7642 48-Core Processor, threads: 5C/5T, RAM usage: 37.44/503.74GiB
CPU SIMD target: AVX2
CUDA 12.9, device: NVIDIA A100 80GB PCIe (ID 0), VRAM: 79.44 GiB
CUDA device UUID: 68df5cf5-71f9-6a93-b428-460c080ffb10
Problem has 1 quadratic constraints. Converting to second-order cones and solving with barrier.
Handling 50 free variables directly in augmented system
Presolved problem: 5103 constraints 10102 variables 265152 nonzeros
Skipping Ruiz equilibration (row norm ratio 1.4, column norm ratio 1.4 < 5e4, Q coeff ratio 1.0 < 100)
Barrier solver started at 0.023 seconds
Barrier solver: 5103 constraints, 10102 variables, 265152 nonzeros


Second-order cones          : 1
Free variables              : 50
Upper bounds                : 5000
Linear system               : augmented
cuDSS Version               : 0.7.1
cuDSS Threading layer       : libcudss_mtlayer_gomp.so.0
Reordering algorithm        : AMD
Reordering time             : 0.017s
Symbolic factorization time : 0.071s
Symbolic nonzeros in factor : 2.79e+05
Elapsed time for augmented  : 0.118 seconds
Elapsed time           : 0.118 seconds
Barrier setup complete at 0.118 seconds
Adaptive regularization enabled


                  Objective                         Infeasibility        Time
Iter   Primal              Dual                Primal   Dual    Compl.   Elapsed
  0   -3.702509737108e+02 -3.710937010099e+02 3.71e+03 1.91e+00 1.19e-02 0.119
  1   -4.136273551275e+00 -3.475151614423e+02 4.01e+01 2.77e-01 6.50e-02 0.124
  2   -1.039317309374e-01 -2.487809478481e+01 4.69e-01 7.85e-03 4.78e-03 0.130
  3   -5.492858368113e-02 -6.426990422252e-01 4.69e-03 7.91e-05 1.48e-04 0.135
  4   -5.851315182353e-02 -1.366086835744e-01 6.22e-04 1.05e-05 1.74e-05 0.141
  5   -6.838223229978e-02 -1.390882897041e-01 4.75e-04 8.01e-06 3.90e-05 0.146
  6   -6.889375944993e-02 -1.392058504758e-01 4.61e-04 7.77e-06 4.13e-05 0.152
  7   -7.975791831912e-02 -1.309113998048e-01 2.43e-04 4.10e-06 1.01e-04 0.157
  8   -7.980229726674e-02 -1.306485102218e-01 2.26e-04 3.81e-06 2.65e-04 0.163
  9   -8.971816229225e-02 -1.146065054555e-01 6.32e-05 1.07e-06 2.28e-04 0.169
 10   -9.597467615485e-02 -1.029561655803e-01 1.59e-05 2.68e-07 4.93e-05 0.176
 11   -9.743912257067e-02 -1.006252772736e-01 6.14e-06 1.03e-07 1.11e-05 0.182
 12   -9.773434128548e-02 -9.994009811199e-02 2.94e-06 4.96e-08 2.50e-05 0.189
 13   -9.823232361160e-02 -9.925642938003e-02 9.33e-07 1.57e-08 9.49e-06 0.196
 14   -9.847052977124e-02 -9.892513135967e-02 3.52e-07 6.07e-09 8.06e-06 0.203
 15   -9.865602249579e-02 -9.868376464958e-02 2.08e-08 2.16e-10 3.92e-07 0.209
 16   -9.866785252574e-02 -9.866876999975e-02 6.85e-10 2.49e-09 6.06e-09 0.216
 17   -9.866820081085e-02 -9.866831873325e-02 8.61e-11 8.98e-09 6.55e-10 0.224
 18   -9.866824347316e-02 -9.866826218432e-02 1.12e-11 3.88e-08 6.03e-11 0.234
 19   -9.866825144857e-02 -9.866825230550e-02 4.74e-13 4.87e-08 6.39e-12 0.242
 20   -9.866825181817e-02 -9.866825184969e-02 1.74e-14 4.06e-07 2.46e-13 0.251
 21   -9.866825183147e-02 -9.866825183301e-02 7.77e-16 1.00e-07 1.20e-14 0.261
 22   -9.866825183124e-02 -9.866825183301e-02 1.82e-14 4.10e+00 9.51e-15 0.269
Numerical error in objective
Restoring previous solution


Suboptimal solution found in 23 iterations and 0.27 seconds
Objective -9.86678525e-02
Primal infeasibility (abs/rel): 1.37e-09/6.85e-10
Dual infeasibility   (abs/rel): 2.75e-09/2.49e-09
Complementarity gap  (abs/rel): 6.66e-09/6.06e-09


Barrier finished in 0.28 seconds
Dual variables for problems with quadratic constraints not returned.
