cuOpt version: 26.10.0, git hash: 648f805d, host arch: x86_64, device archs: 80-real
CPU: AMD EPYC 7642 48-Core Processor, threads: 5C/5T, RAM usage: 37.34/503.74GiB
CPU SIMD target: AVX2
CUDA 12.9, device: NVIDIA A100 80GB PCIe (ID 0), VRAM: 79.44 GiB
CUDA device UUID: 68df5cf5-71f9-6a93-b428-460c080ffb10
Problem has 1 quadratic constraints. Converting to second-order cones and solving with barrier.
Handling 50 free variables directly in augmented system
Presolved problem: 5103 constraints 10102 variables 265152 nonzeros
Skipping Ruiz equilibration (row norm ratio 1.4, column norm ratio 1.4 < 5e4, Q coeff ratio 1.0 < 100)
Barrier solver started at 0.027 seconds
Barrier solver: 5103 constraints, 10102 variables, 265152 nonzeros


Second-order cones          : 1
Free variables              : 50
Upper bounds                : 5000
Linear system               : augmented
cuDSS Version               : 0.7.1
cuDSS Threading layer       : libcudss_mtlayer_gomp.so.0
Reordering algorithm        : AMD
Reordering time             : 0.017s
Symbolic factorization time : 0.071s
Symbolic nonzeros in factor : 2.79e+05
Elapsed time for augmented  : 0.122 seconds
Elapsed time           : 0.122 seconds
Barrier setup complete at 0.122 seconds
Adaptive regularization enabled


                  Objective                         Infeasibility        Time
Iter   Primal              Dual                Primal   Dual    Compl.   Elapsed
  0   -3.704296579021e+02 -3.711143874095e+02 3.71e+03 1.91e+00 1.19e-02 0.123
  1   -4.138892424296e+00 -3.475359915702e+02 4.01e+01 2.77e-01 6.50e-02 0.128
  2   -1.039998756227e-01 -2.488607216942e+01 4.69e-01 7.85e-03 4.78e-03 0.134
  3   -5.495597875825e-02 -6.429558222553e-01 4.69e-03 7.91e-05 1.48e-04 0.139
  4   -5.854647543584e-02 -1.362808304949e-01 6.19e-04 1.04e-05 1.74e-05 0.145
  5   -6.679140203932e-02 -1.385929045531e-01 5.02e-04 8.46e-06 2.70e-05 0.150
  6   -6.794021312726e-02 -1.389116930282e-01 4.73e-04 7.97e-06 3.50e-05 0.156
  7   -8.102227730293e-02 -1.263519063642e-01 2.52e-04 4.25e-06 8.00e-05 0.161
  8   -8.117573337051e-02 -1.261420568999e-01 2.34e-04 3.94e-06 1.12e-04 0.167
  9   -8.463955974988e-02 -1.227986558286e-01 1.51e-04 2.54e-06 2.91e-04 0.174
 10   -8.541318876273e-02 -1.201658825750e-01 1.11e-04 1.87e-06 4.88e-04 0.180
 11   -9.365681325835e-02 -1.075881491224e-01 3.94e-05 6.63e-07 1.40e-04 0.186
 12   -9.411708778590e-02 -1.061242778904e-01 2.78e-05 4.68e-07 1.95e-04 0.194
 13   -9.711606196311e-02 -1.015147595397e-01 9.14e-06 1.54e-07 7.16e-05 0.200
 14   -9.773012972085e-02 -1.003112782462e-01 3.87e-06 6.52e-08 4.83e-05 0.206
 15   -9.846033030175e-02 -9.934189006732e-02 1.18e-06 1.98e-08 1.41e-05 0.212
 16   -9.865719878593e-02 -9.903620141909e-02 3.59e-07 5.43e-09 7.42e-06 0.218
 17   -9.878513929770e-02 -9.887517730388e-02 8.20e-08 1.23e-09 1.78e-06 0.225
 18   -9.881244736764e-02 -9.883698597970e-02 1.25e-08 2.23e-10 3.38e-07 0.233
 19   -9.882182181174e-02 -9.882589455914e-02 2.04e-09 2.08e-09 5.70e-08 0.239
 20   -9.882347508946e-02 -9.882384327982e-02 8.89e-11 1.04e-09 2.97e-09 0.248
 21   -9.882363229389e-02 -9.882366420655e-02 7.71e-12 7.53e-09 2.65e-10 0.256
 22   -9.882364643916e-02 -9.882364797038e-02 3.69e-13 3.40e-08 1.28e-11 0.265
 23   -9.882364713338e-02 -9.882364716511e-02 7.55e-15 2.66e-08 2.62e-13 0.275
 24   -9.882364714589e-02 -9.882364715081e-02 1.11e-15 7.01e-08 3.94e-14 0.285
 25   -9.882364714808e-02 -9.882364714835e-02 5.55e-17 3.89e-08 1.60e-15 0.294
Numerical error in objective
Restoring previous solution


Suboptimal solution found in 26 iterations and 0.30 seconds
Objective -9.88234751e-02
Primal infeasibility (abs/rel): 1.78e-10/8.89e-11
Dual infeasibility   (abs/rel): 1.14e-09/1.04e-09
Complementarity gap  (abs/rel): 3.26e-09/2.97e-09


Barrier finished in 0.30 seconds
Dual variables for problems with quadratic constraints not returned.
