cuOpt version: 26.10.0, git hash: 648f805d, host arch: x86_64, device archs: 80-real
CPU: AMD EPYC 7642 48-Core Processor, threads: 5C/5T, RAM usage: 30.04/503.74GiB
CPU SIMD target: AVX2
CUDA 12.9, device: NVIDIA A100 80GB PCIe (ID 0), VRAM: 79.44 GiB
CUDA device UUID: 68df5cf5-71f9-6a93-b428-460c080ffb10
Problem has 1 quadratic constraints. Converting to second-order cones and solving with barrier.
Bounded 50 free variables in presolve
26 variables with no lower bound
Transforming 50 nonzero lower bound
Presolved problem: 5103 constraints 10102 variables 265152 nonzeros
Skipping Ruiz equilibration (row norm ratio 1.4, column norm ratio 1.4 < 5e4, Q coeff ratio 1.0 < 100)
Barrier solver started at 0.029 seconds
Barrier solver: 5103 constraints, 10102 variables, 265152 nonzeros


Second-order cones          : 1
Upper bounds                : 5000
Linear system               : augmented
cuDSS Version               : 0.7.1
cuDSS Threading layer       : libcudss_mtlayer_gomp.so.0
Reordering time             : 0.129s
Symbolic factorization time : 0.024s
Symbolic nonzeros in factor : 2.79e+05
Elapsed time for augmented  : 0.188 seconds
Elapsed time           : 0.188 seconds
Barrier setup complete at 0.188 seconds
Adaptive regularization enabled


                  Objective                         Infeasibility        Time
Iter   Primal              Dual                Primal   Dual    Compl.   Elapsed
  0   -1.025971514282e+03 -1.028113563520e+03 1.34e+03 5.28e+00 3.29e-02 0.189
  1   -7.986718716730e+02 -1.216964815690e+03 1.04e+03 3.89e+00 1.06e-01 0.194
  2   -9.731139950488e+00 -1.999336492398e+03 1.25e+01 3.58e+00 1.82e+00 0.200
  3   -3.456021276821e-01 -2.774904021368e+02 3.71e-01 1.25e-01 4.38e-01 0.205
  4   -5.471772790367e-02 -6.322159455193e+00 3.72e-03 1.26e-03 5.61e-03 0.210
  5   -5.229044869003e-02 -1.977724680118e-01 8.06e-05 2.73e-05 1.22e-04 0.216
  6   -6.562713506313e-02 -1.303023326462e-01 3.19e-05 1.08e-05 4.82e-05 0.221
  7   -6.659993421444e-02 -1.310953264155e-01 3.12e-05 1.06e-05 4.72e-05 0.226
  8   -6.698910666819e-02 -1.313616041788e-01 3.07e-05 1.04e-05 4.65e-05 0.231
  9   -7.069190680120e-02 -1.315132390103e-01 2.74e-05 9.28e-06 4.61e-05 0.235
 10   -7.116726647734e-02 -1.316906236065e-01 2.64e-05 8.95e-06 4.71e-05 0.240
 11   -7.888525416622e-02 -1.269878911132e-01 1.85e-05 6.28e-06 7.84e-05 0.245
 12   -7.892707366329e-02 -1.265535159313e-01 1.74e-05 5.90e-06 1.48e-04 0.251
 13   -8.570756995480e-02 -1.178645976200e-01 1.09e-05 3.69e-06 1.21e-04 0.256
 14   -8.644238687710e-02 -1.166462933626e-01 9.01e-06 3.06e-06 2.05e-04 0.261
 15   -9.062666621042e-02 -1.106333466137e-01 4.97e-06 1.69e-06 2.46e-04 0.266
 16   -9.379192845050e-02 -1.055277581364e-01 2.21e-06 7.48e-07 2.11e-04 0.272
 17   -9.747964644716e-02 -1.000005341848e-01 3.84e-07 1.30e-07 5.58e-05 0.277
 18   -9.831908626399e-02 -9.881000477381e-02 5.09e-08 1.73e-08 4.58e-06 0.282
 19   -9.846981131716e-02 -9.859181333152e-02 9.21e-09 3.12e-09 1.42e-06 0.287
 20   -9.852178336349e-02 -9.852692451417e-02 3.73e-10 1.31e-10 5.09e-08 0.291
 21   -9.852388494355e-02 -9.852426316180e-02 2.72e-11 1.52e-11 3.22e-09 0.296
 22   -9.852403876442e-02 -9.852406506480e-02 1.75e-12 1.26e-10 1.58e-10 0.301
 23   -9.852405006661e-02 -9.852405114401e-02 6.88e-14 1.54e-07 9.83e-12 0.305
 24   -9.852405052443e-02 -9.852405059005e-02 4.18e-15 9.37e-09 6.15e-13 0.310


Optimal solution found in 24 iterations and 0.310s
Objective -9.85240505e-02
Primal infeasibility (abs/rel): 6.42e-14/4.18e-15
Dual infeasibility   (abs/rel): 1.03e-08/9.37e-09
Complementarity gap  (abs/rel): 6.75e-13/6.15e-13


Barrier finished in 0.31 seconds
Dual variables for problems with quadratic constraints not returned.
