cuOpt version: 26.10.0, git hash: 648f805d, host arch: x86_64, device archs: 80-real
CPU: AMD EPYC 7642 48-Core Processor, threads: 5C/5T, RAM usage: 30.17/503.74GiB
CPU SIMD target: AVX2
CUDA 12.9, device: NVIDIA A100 80GB PCIe (ID 0), VRAM: 79.44 GiB
CUDA device UUID: 68df5cf5-71f9-6a93-b428-460c080ffb10
Problem has 1 quadratic constraints. Converting to second-order cones and solving with barrier.
Bounded 50 free variables in presolve
26 variables with no lower bound
Transforming 50 nonzero lower bound
Presolved problem: 5103 constraints 10102 variables 265152 nonzeros
Skipping Ruiz equilibration (row norm ratio 1.4, column norm ratio 1.4 < 5e4, Q coeff ratio 1.0 < 100)
Barrier solver started at 0.031 seconds
Barrier solver: 5103 constraints, 10102 variables, 265152 nonzeros


Second-order cones          : 1
Upper bounds                : 5000
Linear system               : augmented
cuDSS Version               : 0.7.1
cuDSS Threading layer       : libcudss_mtlayer_gomp.so.0
Reordering time             : 0.121s
Symbolic factorization time : 0.023s
Symbolic nonzeros in factor : 2.79e+05
Elapsed time for augmented  : 0.183 seconds
Elapsed time           : 0.183 seconds
Barrier setup complete at 0.183 seconds
Adaptive regularization enabled


                  Objective                         Infeasibility        Time
Iter   Primal              Dual                Primal   Dual    Compl.   Elapsed
  0   -1.025837895487e+03 -1.028129230382e+03 1.34e+03 5.28e+00 3.29e-02 0.183
  1   -7.985632909685e+02 -1.216976611224e+03 1.04e+03 3.89e+00 1.06e-01 0.188
  2   -9.730475677263e+00 -1.999287297575e+03 1.25e+01 3.58e+00 1.82e+00 0.194
  3   -3.457028732159e-01 -2.775406964311e+02 3.71e-01 1.25e-01 4.38e-01 0.199
  4   -5.470798429360e-02 -6.323440460214e+00 3.73e-03 1.26e-03 5.61e-03 0.204
  5   -5.227916473364e-02 -1.984445628451e-01 8.11e-05 2.75e-05 1.22e-04 0.210
  6   -6.553479954128e-02 -1.301961148956e-01 3.20e-05 1.08e-05 4.83e-05 0.215
  7   -6.646079573358e-02 -1.309762903220e-01 3.14e-05 1.06e-05 4.75e-05 0.220
  8   -6.658996952751e-02 -1.310706868956e-01 3.12e-05 1.06e-05 4.72e-05 0.225
  9   -6.980068070269e-02 -1.315465649600e-01 2.83e-05 9.58e-06 5.56e-05 0.230
 10   -7.025954135488e-02 -1.317438957169e-01 2.72e-05 9.21e-06 7.49e-05 0.235
 11   -7.658523223802e-02 -1.306539528797e-01 1.93e-05 6.54e-06 1.74e-04 0.240
 12   -7.841176963240e-02 -1.287246559974e-01 1.55e-05 5.25e-06 3.90e-04 0.245
 13   -8.545538771506e-02 -1.215740491497e-01 7.58e-06 2.57e-06 5.89e-04 0.250
 14   -8.792196777484e-02 -1.175945659302e-01 5.65e-06 1.91e-06 4.31e-04 0.255
 15   -8.786827506810e-02 -1.164790895749e-01 4.83e-06 1.64e-06 4.83e-04 0.261
 16   -9.184920084180e-02 -1.097402177659e-01 2.71e-06 9.18e-07 2.61e-04 0.266
 17   -9.248230417714e-02 -1.082458593309e-01 2.12e-06 7.19e-07 2.54e-04 0.272
 18   -9.594462750555e-02 -1.023269844383e-01 6.33e-07 2.15e-07 8.99e-05 0.277
 19   -9.641362549925e-02 -1.012969410457e-01 3.97e-07 1.34e-07 8.63e-05 0.283
 20   -9.754025470086e-02 -9.965836829719e-02 1.51e-07 5.13e-08 3.38e-05 0.288
 21   -9.785245377892e-02 -9.912028565488e-02 7.20e-08 2.44e-08 2.53e-05 0.293
 22   -9.819690392780e-02 -9.863658402272e-02 2.13e-08 7.21e-09 8.40e-06 0.298
 23   -9.830210877354e-02 -9.847877520041e-02 6.27e-09 2.11e-09 3.43e-06 0.303
 24   -9.835875266859e-02 -9.840597994715e-02 1.54e-09 5.19e-10 8.98e-07 0.308
 25   -9.837617815203e-02 -9.838244628142e-02 1.22e-10 3.55e-11 1.02e-07 0.312
 26   -9.837858743847e-02 -9.837953743088e-02 1.82e-11 7.96e-12 1.55e-08 0.317
 27   -9.837897822631e-02 -9.837904294347e-02 8.08e-13 6.73e-11 7.08e-10 0.322
 28   -9.837900708440e-02 -9.837900847837e-02 3.95e-14 3.77e-09 1.43e-11 0.326


Optimal solution found in 28 iterations and 0.326s
Objective -9.83790071e-02
Primal infeasibility (abs/rel): 6.06e-13/3.95e-14
Dual infeasibility   (abs/rel): 4.16e-09/3.77e-09
Complementarity gap  (abs/rel): 1.57e-11/1.43e-11


Barrier finished in 0.33 seconds
Dual variables for problems with quadratic constraints not returned.
