cuOpt version: 26.10.0, git hash: 648f805d, host arch: x86_64, device archs: 80-real
CPU: AMD EPYC 7642 48-Core Processor, threads: 5C/5T, RAM usage: 28.89/503.74GiB
CPU SIMD target: AVX2
CUDA 12.9, device: NVIDIA A100 80GB PCIe (ID 0), VRAM: 79.44 GiB
CUDA device UUID: 68df5cf5-71f9-6a93-b428-460c080ffb10
Problem has 1 quadratic constraints. Converting to second-order cones and solving with barrier.
Barrier: reusing cache (skip convert/presolve/scaling)
Barrier solver started at 0.000 seconds
Barrier solver: 5103 constraints, 10102 variables, 265152 nonzeros
Barrier setup complete at 0.000 seconds
Adaptive regularization enabled


                  Objective                         Infeasibility        Time
Iter   Primal              Dual                Primal   Dual    Compl.   Elapsed
  0   -3.704490508896e+02 -3.710981922775e+02 3.71e+03 1.91e+00 1.19e-02 0.001
  1   -4.138703882017e+00 -3.475197441600e+02 4.01e+01 2.77e-01 6.50e-02 0.005
  2   -1.040077714720e-01 -2.488126401411e+01 4.69e-01 7.85e-03 4.78e-03 0.010
  3   -5.496009159231e-02 -6.429579754472e-01 4.69e-03 7.91e-05 1.48e-04 0.015
  4   -5.855201084762e-02 -1.359300793147e-01 6.17e-04 1.04e-05 1.72e-05 0.019
  5   -6.551675309864e-02 -1.377706752967e-01 5.18e-04 8.72e-06 2.04e-05 0.024
  6   -6.699932395419e-02 -1.382652692977e-01 4.83e-04 8.13e-06 2.72e-05 0.028
  7   -8.162897708723e-02 -1.249450474798e-01 2.43e-04 4.10e-06 7.09e-05 0.033
  8   -8.180531797698e-02 -1.245931779996e-01 2.22e-04 3.73e-06 1.19e-04 0.038
  9   -8.341023206877e-02 -1.237503076354e-01 1.77e-04 2.99e-06 2.86e-04 0.043
 10   -8.547850297569e-02 -1.209211746304e-01 1.01e-04 1.70e-06 2.64e-04 0.048
 11   -8.804419059268e-02 -1.151441607431e-01 5.31e-05 8.94e-07 4.51e-04 0.054
 12   -9.516379834710e-02 -1.038271682675e-01 1.31e-05 2.20e-07 1.16e-04 0.058
 13   -9.699352747785e-02 -1.008567442643e-01 4.62e-06 7.79e-08 3.36e-05 0.063
 14   -9.759936394530e-02 -9.965874891607e-02 1.54e-06 2.59e-08 3.72e-05 0.069
 15   -9.828623670899e-02 -9.873930123838e-02 3.11e-07 5.25e-09 7.79e-06 0.074
 16   -9.842334361468e-02 -9.853996776615e-02 6.38e-08 1.08e-09 2.36e-06 0.079
 17   -9.846598246728e-02 -9.848542723525e-02 1.05e-08 1.77e-10 3.91e-07 0.084
 18   -9.847269079899e-02 -9.847593838374e-02 8.63e-10 1.45e-11 3.58e-08 0.089
 19   -9.847405161261e-02 -9.847432731379e-02 7.30e-11 1.24e-12 3.07e-09 0.093
 20   -9.847416903642e-02 -9.847418318486e-02 2.21e-12 7.09e-14 8.58e-11 0.098
 21   -9.847417544022e-02 -9.847417582950e-02 1.53e-13 1.79e-07 2.34e-12 0.102
 22   -9.847417560794e-02 -9.847417563225e-02 9.58e-15 1.11e-08 1.46e-13 0.106
 23   -9.847417561871e-02 -9.847417561936e-02 2.78e-16 1.83e-10 3.36e-15 0.111


Optimal solution found in 23 iterations and 0.111s
Objective -9.84741756e-02
Primal infeasibility (abs/rel): 5.55e-16/2.78e-16
Dual infeasibility   (abs/rel): 2.02e-10/1.83e-10
Complementarity gap  (abs/rel): 3.69e-15/3.36e-15


Barrier finished in 0.11 seconds
Dual variables for problems with quadratic constraints not returned.
