cuOpt version: 26.10.0, git hash: 648f805d, host arch: x86_64, device archs: 80-real
CPU: AMD EPYC 7642 48-Core Processor, threads: 5C/5T, RAM usage: 28.89/503.74GiB
CPU SIMD target: AVX2
CUDA 12.9, device: NVIDIA A100 80GB PCIe (ID 0), VRAM: 79.44 GiB
CUDA device UUID: 68df5cf5-71f9-6a93-b428-460c080ffb10
Problem has 1 quadratic constraints. Converting to second-order cones and solving with barrier.
Barrier: reusing cache (skip convert/presolve/scaling)
Barrier solver started at 0.000 seconds
Barrier solver: 5103 constraints, 10102 variables, 265152 nonzeros
Barrier setup complete at 0.000 seconds
Adaptive regularization enabled


                  Objective                         Infeasibility        Time
Iter   Primal              Dual                Primal   Dual    Compl.   Elapsed
  0   -3.704562062107e+02 -3.710714720587e+02 3.71e+03 1.91e+00 1.19e-02 0.001
  1   -4.139037088259e+00 -3.474930274934e+02 4.01e+01 2.77e-01 6.49e-02 0.005
  2   -1.040203888891e-01 -2.487881575907e+01 4.69e-01 7.85e-03 4.78e-03 0.010
  3   -5.496595416765e-02 -6.428695019002e-01 4.69e-03 7.91e-05 1.48e-04 0.015
  4   -5.855928225676e-02 -1.358861132406e-01 6.16e-04 1.04e-05 1.71e-05 0.019
  5   -6.633604648347e-02 -1.378606069980e-01 5.05e-04 8.50e-06 2.41e-05 0.024
  6   -6.767698000468e-02 -1.382478097980e-01 4.72e-04 7.94e-06 2.82e-05 0.028
  7   -8.154108298884e-02 -1.247342887604e-01 2.42e-04 4.07e-06 6.14e-05 0.033
  8   -8.190808706454e-02 -1.244209937316e-01 2.17e-04 3.66e-06 8.71e-05 0.038
  9   -8.395606180003e-02 -1.227574619961e-01 1.64e-04 2.76e-06 2.16e-04 0.043
 10   -8.700148305309e-02 -1.186902320583e-01 9.08e-05 1.53e-06 1.29e-04 0.048
 11   -8.697032117644e-02 -1.174108836677e-01 7.64e-05 1.29e-06 2.76e-04 0.053
 12   -9.358726742932e-02 -1.067457906218e-01 2.99e-05 5.04e-07 8.74e-05 0.059
 13   -9.463696955736e-02 -1.048575371913e-01 2.02e-05 3.40e-07 1.04e-04 0.065
 14   -9.655186146114e-02 -1.018583959394e-01 9.24e-06 1.56e-07 4.87e-05 0.070
 15   -9.675468068820e-02 -1.012625027161e-01 6.45e-06 1.09e-07 5.65e-05 0.076
 16   -9.776305966697e-02 -9.979157849066e-02 2.60e-06 4.38e-08 2.43e-05 0.081
 17   -9.799883328269e-02 -9.937312016830e-02 1.43e-06 2.41e-08 2.19e-05 0.086
 18   -9.834287701956e-02 -9.888466987720e-02 4.83e-07 8.13e-09 8.19e-06 0.091
 19   -9.843936902364e-02 -9.873301169719e-02 1.92e-07 3.24e-09 4.62e-06 0.096
 20   -9.852857304505e-02 -9.861718194159e-02 5.09e-08 8.57e-10 1.36e-06 0.101
 21   -9.855799283885e-02 -9.857772075336e-02 7.85e-09 1.32e-10 3.01e-07 0.106
 22   -9.856497161837e-02 -9.856924218731e-02 1.62e-09 2.73e-11 6.48e-08 0.111
 23   -9.856660333233e-02 -9.856717527118e-02 1.56e-10 2.64e-12 6.75e-09 0.116
 24   -9.856682441951e-02 -9.856690975078e-02 2.32e-11 9.40e-11 1.01e-09 0.119
 25   -9.856686178675e-02 -9.856686495157e-02 8.57e-13 2.77e-10 3.34e-11 0.123


Optimal solution found in 25 iterations and 0.123s
Objective -9.85668618e-02
Primal infeasibility (abs/rel): 1.71e-12/8.57e-13
Dual infeasibility   (abs/rel): 3.05e-10/2.77e-10
Complementarity gap  (abs/rel): 3.67e-11/3.34e-11


Barrier finished in 0.12 seconds
Dual variables for problems with quadratic constraints not returned.
