cuOpt version: 26.10.0, git hash: 648f805d, host arch: x86_64, device archs: 80-real
CPU: AMD EPYC 7642 48-Core Processor, threads: 5C/5T, RAM usage: 28.89/503.74GiB
CPU SIMD target: AVX2
CUDA 12.9, device: NVIDIA A100 80GB PCIe (ID 0), VRAM: 79.44 GiB
CUDA device UUID: 68df5cf5-71f9-6a93-b428-460c080ffb10
Problem has 1 quadratic constraints. Converting to second-order cones and solving with barrier.
Barrier: reusing cache (skip convert/presolve/scaling)
Barrier solver started at 0.000 seconds
Barrier solver: 5103 constraints, 10102 variables, 265152 nonzeros
Barrier setup complete at 0.000 seconds
Adaptive regularization enabled


                  Objective                         Infeasibility        Time
Iter   Primal              Dual                Primal   Dual    Compl.   Elapsed
  0   -3.703532868363e+02 -3.711197926069e+02 3.71e+03 1.91e+00 1.19e-02 0.001
  1   -4.137900701564e+00 -3.475413679128e+02 4.01e+01 2.77e-01 6.50e-02 0.005
  2   -1.039745622217e-01 -2.488596438960e+01 4.69e-01 7.85e-03 4.78e-03 0.010
  3   -5.494370613672e-02 -6.429525666121e-01 4.69e-03 7.91e-05 1.48e-04 0.015
  4   -5.852900844769e-02 -1.369056657702e-01 6.24e-04 1.05e-05 1.75e-05 0.019
  5   -6.642473500768e-02 -1.389496554751e-01 5.07e-04 8.54e-06 2.84e-05 0.024
  6   -6.769403823704e-02 -1.393008169597e-01 4.75e-04 8.00e-06 3.77e-05 0.028
  7   -7.916851898647e-02 -1.276638001706e-01 2.84e-04 4.79e-06 8.13e-05 0.033
  8   -7.928837090614e-02 -1.275288180462e-01 2.70e-04 4.54e-06 9.31e-05 0.038
  9   -8.201658584195e-02 -1.255773977844e-01 2.00e-04 3.36e-06 2.72e-04 0.043
 10   -8.282434431080e-02 -1.232650631851e-01 1.54e-04 2.60e-06 5.06e-04 0.049
 11   -9.170484392844e-02 -1.098300439799e-01 6.34e-05 1.07e-06 1.60e-04 0.054
 12   -9.213583313329e-02 -1.084542897954e-01 4.88e-05 8.21e-07 1.96e-04 0.059
 13   -9.606988309635e-02 -1.022441070079e-01 1.66e-05 2.79e-07 7.99e-05 0.064
 14   -9.652372730393e-02 -1.010907125289e-01 9.09e-06 1.53e-07 8.31e-05 0.070
 15   -9.766163759312e-02 -9.954412410847e-02 3.35e-06 5.64e-08 2.83e-05 0.074
 16   -9.793266573432e-02 -9.907067505089e-02 1.49e-06 2.51e-08 2.04e-05 0.080
 17   -9.826812071773e-02 -9.862891142230e-02 4.40e-07 7.41e-09 6.36e-06 0.084
 18   -9.835375628008e-02 -9.850213981096e-02 1.23e-07 2.07e-09 2.38e-06 0.090
 19   -9.840434784817e-02 -9.843916170805e-02 2.71e-08 4.57e-10 5.67e-07 0.094
 20   -9.841726131298e-02 -9.842222561455e-02 2.07e-09 3.50e-11 5.91e-08 0.099
 21   -9.841924735247e-02 -9.841989539626e-02 2.68e-10 4.53e-12 7.79e-09 0.104
 22   -9.841951622891e-02 -9.841956851457e-02 1.54e-11 1.66e-13 4.46e-10 0.109
 23   -9.841953691860e-02 -9.841954439426e-02 2.20e-12 1.38e-08 6.56e-11 0.113
 24   -9.841954018590e-02 -9.841954058404e-02 1.11e-13 9.85e-08 3.32e-12 0.117
 25   -9.841954036136e-02 -9.841954037937e-02 5.00e-15 4.45e-09 1.39e-13 0.121


Optimal solution found in 25 iterations and 0.121s
Objective -9.84195404e-02
Primal infeasibility (abs/rel): 9.99e-15/5.00e-15
Dual infeasibility   (abs/rel): 4.90e-09/4.45e-09
Complementarity gap  (abs/rel): 1.53e-13/1.39e-13


Barrier finished in 0.12 seconds
Dual variables for problems with quadratic constraints not returned.
