cuOpt version: 26.10.0, git hash: 648f805d, host arch: x86_64, device archs: 80-real
CPU: AMD EPYC 7642 48-Core Processor, threads: 5C/5T, RAM usage: 30.00/503.74GiB
CPU SIMD target: AVX2
CUDA 12.9, device: NVIDIA A100 80GB PCIe (ID 0), VRAM: 79.44 GiB
CUDA device UUID: 68df5cf5-71f9-6a93-b428-460c080ffb10
Problem has 1 quadratic constraints. Converting to second-order cones and solving with barrier.
Barrier: reusing cache (skip convert/presolve/scaling)
Barrier solver started at 0.000 seconds
Barrier solver: 5103 constraints, 10102 variables, 265152 nonzeros
Barrier setup complete at 0.000 seconds
Adaptive regularization enabled


                  Objective                         Infeasibility        Time
Iter   Primal              Dual                Primal   Dual    Compl.   Elapsed
  0   -3.704291987375e+02 -3.711395609108e+02 3.71e+03 1.91e+00 1.19e-02 0.001
  1   -4.138240121015e+00 -3.475611537449e+02 4.01e+01 2.77e-01 6.50e-02 0.005
  2   -1.039773673472e-01 -2.488455848350e+01 4.69e-01 7.85e-03 4.78e-03 0.010
  3   -5.495207890613e-02 -6.428341782401e-01 4.69e-03 7.91e-05 1.48e-04 0.014
  4   -5.854039328334e-02 -1.366925924249e-01 6.23e-04 1.05e-05 1.75e-05 0.018
  5   -6.604986175883e-02 -1.385362852789e-01 5.11e-04 8.60e-06 2.69e-05 0.021
  6   -6.790324127444e-02 -1.389601490282e-01 4.66e-04 7.86e-06 2.96e-05 0.025
  7   -8.303250566963e-02 -1.229863554053e-01 2.19e-04 3.69e-06 5.72e-05 0.029
  8   -8.344811563712e-02 -1.225112634368e-01 1.93e-04 3.25e-06 6.87e-05 0.034
  9   -8.415635939126e-02 -1.222342535841e-01 1.72e-04 2.89e-06 1.24e-04 0.038
 10   -8.638236893914e-02 -1.192144838917e-01 1.32e-04 2.23e-06 9.51e-05 0.042
 11   -8.613025293706e-02 -1.187881789641e-01 1.26e-04 2.13e-06 1.56e-04 0.047
 12   -9.211930488452e-02 -1.096231831341e-01 6.17e-05 1.04e-06 6.89e-05 0.051
 13   -9.284615212006e-02 -1.081499307095e-01 4.70e-05 7.93e-07 9.81e-05 0.056
 14   -9.588080877153e-02 -1.034061722142e-01 2.05e-05 3.45e-07 5.26e-05 0.060
 15   -9.595684687811e-02 -1.029402359102e-01 1.65e-05 2.78e-07 7.05e-05 0.065
 16   -9.732801111181e-02 -1.009842561745e-01 7.98e-06 1.34e-07 3.47e-05 0.069
 17   -9.754839892252e-02 -1.005084520510e-01 5.34e-06 8.99e-08 4.06e-05 0.074
 18   -9.817798915398e-02 -9.960431298978e-02 2.26e-06 3.81e-08 1.83e-05 0.079
 19   -9.831848282823e-02 -9.934775749067e-02 1.27e-06 2.14e-08 1.50e-05 0.084
 20   -9.860290965827e-02 -9.895835586998e-02 3.52e-07 5.94e-09 5.17e-06 0.088
 21   -9.870326028130e-02 -9.881809183812e-02 8.23e-08 1.39e-09 1.90e-06 0.093
 22   -9.874349795278e-02 -9.876857408800e-02 1.73e-08 2.91e-10 4.21e-07 0.097
 23   -9.875294183337e-02 -9.875621704236e-02 1.23e-09 2.07e-11 4.02e-08 0.101
 24   -9.875428481180e-02 -9.875464800991e-02 1.36e-10 2.28e-12 4.49e-09 0.105
 25   -9.875443399157e-02 -9.875446686894e-02 9.57e-12 2.70e-13 3.09e-10 0.109
 26   -9.875444811263e-02 -9.875445030318e-02 6.31e-13 1.30e-09 1.80e-11 0.113


Optimal solution found in 26 iterations and 0.113s
Objective -9.87544481e-02
Primal infeasibility (abs/rel): 1.26e-12/6.31e-13
Dual infeasibility   (abs/rel): 1.43e-09/1.30e-09
Complementarity gap  (abs/rel): 1.98e-11/1.80e-11


Barrier finished in 0.11 seconds
Dual variables for problems with quadratic constraints not returned.
