cuOpt version: 26.10.0, git hash: 80c103c1, host arch: x86_64, device archs: 80-real
CPU: AMD EPYC 7642 48-Core Processor, threads: 5C/5T, RAM usage: 28.48/503.74GiB
CPU SIMD target: AVX2
CUDA 12.9, device: NVIDIA A100 80GB PCIe (ID 0), VRAM: 79.44 GiB
CUDA device UUID: 68df5cf5-71f9-6a93-b428-460c080ffb10
Problem has 1 quadratic constraints. Converting to second-order cones and solving with barrier.
Handling 50 free variables directly in augmented system
Eliminated 50 free variables by equality substitution (0 skipped by pivot threshold) in 0.00s
Presolve eliminated 50 constraints
Presolve eliminated 50 variables
Presolved problem: 5053 constraints 10052 variables 265052 nonzeros
Skipping Ruiz equilibration (row norm ratio 1.4, column norm ratio 1.4 < 5e4, Q coeff ratio 1.0 < 100)
Barrier solver started at 0.03 seconds
Barrier solver: 5053 constraints, 10052 variables, 265052 nonzeros


Second-order cones          : 1
Upper bounds                : 5000
Linear system               : augmented
cuDSS Version               : 0.7.1
cuDSS Threading layer       : libcudss_mtlayer_gomp.so.0
Reordering time             : 0.06s
Symbolic factorization time : 0.02s
Symbolic nonzeros in factor : 2.79e+05
Barrier setup complete at 0.12 seconds
Elapsed time                : 0.12s
Adaptive regularization enabled


                  Objective                         Infeasibility        Time
Iter   Primal              Dual                Primal   Dual    Compl.   Elapsed
  0   -4.990233548776e-02 -2.506496455461e+03 5.00e+00 1.01e+01 1.11e+02 0.1
  1   -5.013954682930e-02 -1.542588762858e+02 2.97e-01 1.25e+00 1.02e+01 0.1
  2   -4.924633411221e-02 -1.296803127786e+02 2.33e-01 1.20e+00 7.72e+00 0.1
  3   -4.965189618921e-02 -1.034790461455e+01 1.71e-02 8.15e-01 8.03e-01 0.1
  4   -5.575569031635e-02 -2.976989799341e+00 6.77e-04 5.02e-02 1.32e-02 0.1
  5   -5.669320440658e-02 -3.357889685994e-01 6.44e-05 4.78e-03 7.73e-04 0.2
  6   -6.598254574484e-02 -1.976058856119e-01 1.22e-05 9.07e-04 1.69e-04 0.2
  7   -7.817174811490e-02 -1.279651777147e-01 3.96e-06 2.94e-04 5.77e-05 0.2
  8   -7.957856391799e-02 -1.281957239808e-01 3.56e-06 2.65e-04 5.57e-05 0.2
  9   -8.027384159660e-02 -1.277207384231e-01 3.27e-06 2.43e-04 5.37e-05 0.2
 10   -8.285369214852e-02 -1.252592540058e-01 2.63e-06 1.96e-04 6.15e-05 0.2
 11   -8.349558080140e-02 -1.240661126476e-01 2.26e-06 1.68e-04 1.19e-04 0.2
 12   -8.391050268306e-02 -1.238532583825e-01 2.08e-06 1.55e-04 2.13e-04 0.2
 13   -8.554104560397e-02 -1.212084893120e-01 1.51e-06 1.12e-04 2.19e-04 0.2
 14   -8.684953596225e-02 -1.180817656560e-01 1.13e-06 8.43e-05 3.00e-04 0.2
 15   -9.273311808664e-02 -1.084527113341e-01 5.35e-07 3.97e-05 1.21e-04 0.2
 16   -9.338401984571e-02 -1.070147706607e-01 4.13e-07 3.07e-05 1.49e-04 0.2
 17   -9.603623201829e-02 -1.026631928660e-01 1.82e-07 1.35e-05 6.78e-05 0.2
 18   -9.612438770373e-02 -1.022937906279e-01 1.53e-07 1.14e-05 7.27e-05 0.2
 19   -9.779146450820e-02 -9.954833844692e-02 3.73e-08 2.77e-06 2.16e-05 0.2
 20   -9.840103765130e-02 -9.861195742049e-02 3.04e-09 2.26e-07 6.53e-07 0.2
 21   -9.847142057337e-02 -9.851068046016e-02 4.30e-10 3.20e-08 9.63e-08 0.2
 22   -9.848538296318e-02 -9.849241275815e-02 6.94e-11 5.16e-09 1.31e-08 0.2
 23   -9.848759531374e-02 -9.848947255854e-02 1.22e-11 8.46e-10 3.12e-09 0.2
 24   -9.848838610143e-02 -9.848851441357e-02 7.34e-13 6.73e-11 1.89e-10 0.2


Optimal solution found in 24 iterations and 0.246s
Objective -9.84883861e-02
Primal infeasibility (abs/rel): 1.47e-12/7.34e-13
Dual infeasibility   (abs/rel): 7.41e-11/6.73e-11
Complementarity gap  (abs/rel): 2.08e-10/1.89e-10
Objective gap        (abs/rel): 1.28e-07/1.17e-07


Barrier finished in 0.25 seconds
Dual variables for problems with quadratic constraints not returned.
