================================================================================
 SERIES: warm   (SedumiMu, step_scale=0.99, cudss_deterministic=off)
 barrier_presolve_bound_free_variables = -1 (cuOpt default)
 cold bounds the 50 free variables; warm is forced to 0 by sequence_solve
================================================================================

########## warm  t=00 ##########

cuOpt version: 26.10.0, git hash: 648f805d, host arch: x86_64, device archs: 80-real
CPU: AMD EPYC 7642 48-Core Processor, threads: 5C/5T, RAM usage: 29.99/503.74GiB
CPU SIMD target: AVX2
CUDA 12.9, device: NVIDIA A100 80GB PCIe (ID 0), VRAM: 79.44 GiB
CUDA device UUID: 68df5cf5-71f9-6a93-b428-460c080ffb10
Problem has 1 quadratic constraints. Converting to second-order cones and solving with barrier.
Handling 50 free variables directly in augmented system
Presolved problem: 5103 constraints 10102 variables 265152 nonzeros
Skipping Ruiz equilibration (row norm ratio 1.4, column norm ratio 1.4 < 5e4, Q coeff ratio 1.0 < 100)
Barrier solver started at 0.028 seconds
Barrier solver: 5103 constraints, 10102 variables, 265152 nonzeros


Second-order cones          : 1
Free variables              : 50
Upper bounds                : 5000
Linear system               : augmented
cuDSS Version               : 0.7.1
cuDSS Threading layer       : libcudss_mtlayer_gomp.so.0
Reordering time             : 0.086s
Symbolic factorization time : 0.023s
Symbolic nonzeros in factor : 2.79e+05
Elapsed time for augmented  : 0.144 seconds
Elapsed time           : 0.144 seconds
Barrier setup complete at 0.144 seconds
Adaptive regularization enabled


                  Objective                         Infeasibility        Time
Iter   Primal              Dual                Primal   Dual    Compl.   Elapsed
  0   -3.703274138474e+02 -3.710708058040e+02 3.71e+03 1.91e+00 1.19e-02 0.145
  1   -4.137051906248e+00 -3.474922988706e+02 4.01e+01 2.77e-01 6.50e-02 0.150
  2   -1.039665874828e-01 -2.487350973719e+01 4.69e-01 7.85e-03 4.78e-03 0.155
  3   -5.494861956811e-02 -6.426108944999e-01 4.69e-03 7.91e-05 1.47e-04 0.160
  4   -5.854386029111e-02 -1.360801180361e-01 6.18e-04 1.04e-05 1.73e-05 0.165
  5   -6.651989845180e-02 -1.382165106393e-01 5.03e-04 8.47e-06 2.56e-05 0.169
  6   -6.787735673975e-02 -1.385553495042e-01 4.69e-04 7.91e-06 3.65e-05 0.174
  7   -8.000826200206e-02 -1.263548053270e-01 2.70e-04 4.55e-06 7.62e-05 0.179
  8   -8.013342408295e-02 -1.261898350950e-01 2.54e-04 4.29e-06 9.32e-05 0.184
  9   -8.275777854988e-02 -1.243057840400e-01 1.86e-04 3.14e-06 2.72e-04 0.190
 10   -8.324259273863e-02 -1.222953278188e-01 1.45e-04 2.44e-06 5.49e-04 0.195
 11   -9.290666973161e-02 -1.080048516215e-01 4.82e-05 8.11e-07 1.53e-04 0.200
 12   -9.345935462418e-02 -1.064550777995e-01 3.41e-05 5.75e-07 1.79e-04 0.206
 13   -9.680879512340e-02 -1.013498264783e-01 1.07e-05 1.80e-07 6.47e-05 0.210
 14   -9.715359100828e-02 -1.005218102674e-01 6.05e-06 1.02e-07 6.35e-05 0.216
 15   -9.800922158194e-02 -9.938303898940e-02 2.32e-06 3.92e-08 2.31e-05 0.221
 16   -9.823272535617e-02 -9.900239832700e-02 9.47e-07 1.59e-08 1.50e-05 0.226
 17   -9.846619115946e-02 -9.869681400308e-02 2.58e-07 4.35e-09 4.55e-06 0.230
 18   -9.852959427214e-02 -9.860584091407e-02 5.68e-08 9.43e-10 1.36e-06 0.235
 19   -9.855651421318e-02 -9.857291516491e-02 1.17e-08 1.97e-10 2.96e-07 0.240
 20   -9.856279662659e-02 -9.856478182080e-02 7.76e-10 9.29e-12 2.44e-08 0.245
 21   -9.856361045200e-02 -9.856383047768e-02 8.59e-11 9.10e-13 2.78e-09 0.250
 22   -9.856370646408e-02 -9.856371688611e-02 4.06e-12 9.23e-12 1.31e-10 0.255
 23   -9.856371090317e-02 -9.856371155657e-02 2.53e-13 2.29e-09 8.19e-12 0.260


Optimal solution found in 23 iterations and 0.260s
Objective -9.85637109e-02
Primal infeasibility (abs/rel): 5.06e-13/2.53e-13
Dual infeasibility   (abs/rel): 2.53e-09/2.29e-09
Complementarity gap  (abs/rel): 9.00e-12/8.19e-12


Barrier finished in 0.26 seconds
Dual variables for problems with quadratic constraints not returned.

########## warm  t=01 ##########

cuOpt version: 26.10.0, git hash: 648f805d, host arch: x86_64, device archs: 80-real
CPU: AMD EPYC 7642 48-Core Processor, threads: 5C/5T, RAM usage: 30.04/503.74GiB
CPU SIMD target: AVX2
CUDA 12.9, device: NVIDIA A100 80GB PCIe (ID 0), VRAM: 79.44 GiB
CUDA device UUID: 68df5cf5-71f9-6a93-b428-460c080ffb10
Problem has 1 quadratic constraints. Converting to second-order cones and solving with barrier.
Barrier: reusing cache (skip convert/presolve/scaling)
Barrier solver started at 0.000 seconds
Barrier solver: 5103 constraints, 10102 variables, 265152 nonzeros
Barrier setup complete at 0.000 seconds
Adaptive regularization enabled


                  Objective                         Infeasibility        Time
Iter   Primal              Dual                Primal   Dual    Compl.   Elapsed
  0   -3.701605598740e+02 -3.710234169387e+02 3.71e+03 1.91e+00 1.19e-02 0.001
  1   -4.135545914633e+00 -3.474447710337e+02 4.01e+01 2.77e-01 6.50e-02 0.007
  2   -1.039314354667e-01 -2.487032419842e+01 4.69e-01 7.85e-03 4.78e-03 0.012
  3   -5.492443562267e-02 -6.426587254006e-01 4.69e-03 7.91e-05 1.48e-04 0.018
  4   -5.851219322878e-02 -1.359803005397e-01 6.17e-04 1.04e-05 1.73e-05 0.023
  5   -6.701674707394e-02 -1.381479919792e-01 4.94e-04 8.32e-06 2.86e-05 0.028
  6   -6.855034187645e-02 -1.384591743163e-01 4.55e-04 7.67e-06 3.48e-05 0.033
  7   -8.223283401204e-02 -1.232138715908e-01 2.32e-04 3.91e-06 6.24e-05 0.037
  8   -8.247985951841e-02 -1.229731316096e-01 2.12e-04 3.58e-06 7.15e-05 0.042
  9   -8.394188439455e-02 -1.219999915815e-01 1.71e-04 2.88e-06 1.86e-04 0.048
 10   -8.656542971875e-02 -1.187876954733e-01 8.89e-05 1.50e-06 1.36e-04 0.053
 11   -8.752280687637e-02 -1.157166556089e-01 5.91e-05 9.96e-07 3.81e-04 0.058
 12   -9.538116679490e-02 -1.035671015901e-01 1.38e-05 2.32e-07 9.05e-05 0.063
 13   -9.693240172051e-02 -1.009797178736e-01 5.48e-06 9.23e-08 3.36e-05 0.068
 14   -9.753155483317e-02 -9.982634447964e-02 2.09e-06 3.51e-08 3.57e-05 0.073
 15   -9.826410009232e-02 -9.884488014089e-02 4.45e-07 7.49e-09 7.54e-06 0.078
 16   -9.843129985187e-02 -9.860972330742e-02 1.18e-07 1.99e-09 3.54e-06 0.083
 17   -9.850553284683e-02 -9.851127267393e-02 3.64e-09 6.52e-11 6.01e-08 0.088
 18   -9.850780923378e-02 -9.850829524117e-02 3.02e-10 8.96e-12 2.84e-09 0.093
 19   -9.850798004623e-02 -9.850806861502e-02 5.16e-11 9.20e-11 3.51e-10 0.098
 20   -9.850801409487e-02 -9.850802519742e-02 4.77e-12 4.98e-11 3.22e-11 0.102
 21   -9.850801820962e-02 -9.850802007010e-02 6.73e-13 9.54e-10 3.66e-12 0.107


Optimal solution found in 21 iterations and 0.107s
Objective -9.85080182e-02
Primal infeasibility (abs/rel): 1.35e-12/6.73e-13
Dual infeasibility   (abs/rel): 1.05e-09/9.54e-10
Complementarity gap  (abs/rel): 4.02e-12/3.66e-12


Barrier finished in 0.11 seconds
Dual variables for problems with quadratic constraints not returned.

########## warm  t=02 ##########

cuOpt version: 26.10.0, git hash: 648f805d, host arch: x86_64, device archs: 80-real
CPU: AMD EPYC 7642 48-Core Processor, threads: 5C/5T, RAM usage: 30.02/503.74GiB
CPU SIMD target: AVX2
CUDA 12.9, device: NVIDIA A100 80GB PCIe (ID 0), VRAM: 79.44 GiB
CUDA device UUID: 68df5cf5-71f9-6a93-b428-460c080ffb10
Problem has 1 quadratic constraints. Converting to second-order cones and solving with barrier.
Barrier: reusing cache (skip convert/presolve/scaling)
Barrier solver started at 0.000 seconds
Barrier solver: 5103 constraints, 10102 variables, 265152 nonzeros
Barrier setup complete at 0.000 seconds
Adaptive regularization enabled


                  Objective                         Infeasibility        Time
Iter   Primal              Dual                Primal   Dual    Compl.   Elapsed
  0   -3.702509737108e+02 -3.710937010099e+02 3.71e+03 1.91e+00 1.19e-02 0.001
  1   -4.136273551275e+00 -3.475151614423e+02 4.01e+01 2.77e-01 6.50e-02 0.006
  2   -1.039317309374e-01 -2.487809478481e+01 4.69e-01 7.85e-03 4.78e-03 0.012
  3   -5.492858368113e-02 -6.426990422293e-01 4.69e-03 7.91e-05 1.48e-04 0.017
  4   -5.851315182356e-02 -1.366086835713e-01 6.22e-04 1.05e-05 1.74e-05 0.022
  5   -6.838223231582e-02 -1.390882897067e-01 4.75e-04 8.01e-06 3.90e-05 0.027
  6   -6.889375945966e-02 -1.392058504776e-01 4.61e-04 7.77e-06 4.13e-05 0.032
  7   -7.975791834275e-02 -1.309113998326e-01 2.43e-04 4.10e-06 1.01e-04 0.038
  8   -7.980229728680e-02 -1.306485102466e-01 2.26e-04 3.81e-06 2.65e-04 0.043
  9   -8.971816234695e-02 -1.146065053327e-01 6.32e-05 1.07e-06 2.28e-04 0.048
 10   -9.597467619437e-02 -1.029561655380e-01 1.59e-05 2.68e-07 4.93e-05 0.053
 11   -9.743912260310e-02 -1.006252772177e-01 6.14e-06 1.03e-07 1.11e-05 0.058
 12   -9.773434130252e-02 -9.994009809281e-02 2.94e-06 4.96e-08 2.50e-05 0.062
 13   -9.823232358777e-02 -9.925642941393e-02 9.33e-07 1.57e-08 9.49e-06 0.067
 14   -9.847052975255e-02 -9.892513138463e-02 3.52e-07 5.90e-09 8.06e-06 0.072
 15   -9.865602249696e-02 -9.868376464849e-02 2.08e-08 3.54e-10 3.92e-07 0.077
 16   -9.866785252587e-02 -9.866876999963e-02 6.85e-10 1.70e-11 6.06e-09 0.082
 17   -9.866820080746e-02 -9.866831873328e-02 8.61e-11 7.30e-10 6.55e-10 0.086
 18   -9.866824347273e-02 -9.866826218427e-02 1.12e-11 7.23e-10 6.03e-11 0.091
 19   -9.866825144549e-02 -9.866825230550e-02 4.70e-13 1.45e-07 6.39e-12 0.095
 20   -9.866825181709e-02 -9.866825184978e-02 3.95e-14 1.49e-07 2.46e-13 0.099
 21   -9.866825183136e-02 -9.866825183308e-02 2.11e-15 7.56e-09 1.18e-14 0.104


Optimal solution found in 21 iterations and 0.104s
Objective -9.86682518e-02
Primal infeasibility (abs/rel): 4.22e-15/2.11e-15
Dual infeasibility   (abs/rel): 8.33e-09/7.56e-09
Complementarity gap  (abs/rel): 1.29e-14/1.18e-14


Barrier finished in 0.10 seconds
Dual variables for problems with quadratic constraints not returned.

########## warm  t=03 ##########

cuOpt version: 26.10.0, git hash: 648f805d, host arch: x86_64, device archs: 80-real
CPU: AMD EPYC 7642 48-Core Processor, threads: 5C/5T, RAM usage: 30.03/503.74GiB
CPU SIMD target: AVX2
CUDA 12.9, device: NVIDIA A100 80GB PCIe (ID 0), VRAM: 79.44 GiB
CUDA device UUID: 68df5cf5-71f9-6a93-b428-460c080ffb10
Problem has 1 quadratic constraints. Converting to second-order cones and solving with barrier.
Barrier: reusing cache (skip convert/presolve/scaling)
Barrier solver started at 0.000 seconds
Barrier solver: 5103 constraints, 10102 variables, 265152 nonzeros
Barrier setup complete at 0.000 seconds
Adaptive regularization enabled


                  Objective                         Infeasibility        Time
Iter   Primal              Dual                Primal   Dual    Compl.   Elapsed
  0   -3.704296579021e+02 -3.711143874095e+02 3.71e+03 1.91e+00 1.19e-02 0.001
  1   -4.138892424295e+00 -3.475359915702e+02 4.01e+01 2.77e-01 6.50e-02 0.007
  2   -1.039998756227e-01 -2.488607216942e+01 4.69e-01 7.85e-03 4.78e-03 0.012
  3   -5.495597875825e-02 -6.429558222594e-01 4.69e-03 7.91e-05 1.48e-04 0.017
  4   -5.854647543587e-02 -1.362808304930e-01 6.19e-04 1.04e-05 1.74e-05 0.022
  5   -6.679140205461e-02 -1.385929045562e-01 5.02e-04 8.46e-06 2.70e-05 0.027
  6   -6.794021313313e-02 -1.389116930289e-01 4.73e-04 7.97e-06 3.50e-05 0.031
  7   -8.102227734751e-02 -1.263519063647e-01 2.52e-04 4.25e-06 8.00e-05 0.036
  8   -8.117573340986e-02 -1.261420568964e-01 2.34e-04 3.94e-06 1.12e-04 0.042
  9   -8.463955985224e-02 -1.227986557086e-01 1.51e-04 2.54e-06 2.91e-04 0.047
 10   -8.541318893977e-02 -1.201658823079e-01 1.11e-04 1.87e-06 4.88e-04 0.053
 11   -9.365681329819e-02 -1.075881490546e-01 3.94e-05 6.63e-07 1.40e-04 0.057
 12   -9.411708782642e-02 -1.061242778066e-01 2.78e-05 4.68e-07 1.95e-04 0.063
 13   -9.711606201700e-02 -1.015147594582e-01 9.14e-06 1.54e-07 7.16e-05 0.068
 14   -9.773012963184e-02 -1.003112783843e-01 3.87e-06 6.52e-08 4.83e-05 0.073
 15   -9.846033027785e-02 -9.934189011638e-02 1.18e-06 1.99e-08 1.41e-05 0.078
 16   -9.865719876909e-02 -9.903620144393e-02 3.59e-07 6.03e-09 7.42e-06 0.083
 17   -9.878513929105e-02 -9.887517731348e-02 8.20e-08 1.38e-09 1.78e-06 0.087
 18   -9.881244736614e-02 -9.883698598186e-02 1.25e-08 2.04e-10 3.38e-07 0.092
 19   -9.882182181148e-02 -9.882589455952e-02 2.04e-09 3.77e-11 5.70e-08 0.097
 20   -9.882347508943e-02 -9.882384327989e-02 8.89e-11 1.43e-11 2.97e-09 0.102
 21   -9.882363229387e-02 -9.882366420657e-02 7.71e-12 1.31e-11 2.65e-10 0.107
 22   -9.882364643925e-02 -9.882364797027e-02 3.69e-13 3.08e-10 1.28e-11 0.112


Optimal solution found in 22 iterations and 0.112s
Objective -9.88236464e-02
Primal infeasibility (abs/rel): 7.38e-13/3.69e-13
Dual infeasibility   (abs/rel): 3.39e-10/3.08e-10
Complementarity gap  (abs/rel): 1.40e-11/1.28e-11


Barrier finished in 0.11 seconds
Dual variables for problems with quadratic constraints not returned.

########## warm  t=04 ##########

cuOpt version: 26.10.0, git hash: 648f805d, host arch: x86_64, device archs: 80-real
CPU: AMD EPYC 7642 48-Core Processor, threads: 5C/5T, RAM usage: 29.96/503.74GiB
CPU SIMD target: AVX2
CUDA 12.9, device: NVIDIA A100 80GB PCIe (ID 0), VRAM: 79.44 GiB
CUDA device UUID: 68df5cf5-71f9-6a93-b428-460c080ffb10
Problem has 1 quadratic constraints. Converting to second-order cones and solving with barrier.
Barrier: reusing cache (skip convert/presolve/scaling)
Barrier solver started at 0.000 seconds
Barrier solver: 5103 constraints, 10102 variables, 265152 nonzeros
Barrier setup complete at 0.000 seconds
Adaptive regularization enabled


                  Objective                         Infeasibility        Time
Iter   Primal              Dual                Primal   Dual    Compl.   Elapsed
  0   -3.702624119443e+02 -3.710387458059e+02 3.71e+03 1.91e+00 1.19e-02 0.001
  1   -4.136636484816e+00 -3.474601645164e+02 4.01e+01 2.77e-01 6.50e-02 0.006
  2   -1.039518362250e-01 -2.487140678162e+01 4.69e-01 7.85e-03 4.78e-03 0.011
  3   -5.493965881654e-02 -6.425639186560e-01 4.69e-03 7.91e-05 1.48e-04 0.017
  4   -5.853205540329e-02 -1.359055184408e-01 6.17e-04 1.04e-05 1.72e-05 0.022
  5   -6.752262788004e-02 -1.382889562896e-01 4.87e-04 8.20e-06 3.00e-05 0.027
  6   -6.909308643530e-02 -1.385283236887e-01 4.47e-04 7.53e-06 4.23e-05 0.032
  7   -8.140921929957e-02 -1.243462474046e-01 2.48e-04 4.17e-06 7.51e-05 0.036
  8   -8.155823317744e-02 -1.241861441020e-01 2.32e-04 3.91e-06 7.37e-05 0.042
  9   -8.323126950188e-02 -1.230408470615e-01 1.85e-04 3.12e-06 2.17e-04 0.047
 10   -8.338538478393e-02 -1.218653039960e-01 1.59e-04 2.67e-06 3.59e-04 0.053
 11   -9.171618093265e-02 -1.095585688512e-01 6.76e-05 1.14e-06 1.14e-04 0.058
 12   -9.235011047994e-02 -1.081514288788e-01 5.23e-05 8.80e-07 1.34e-04 0.063
 13   -9.592592044910e-02 -1.025477579447e-01 1.90e-05 3.20e-07 6.40e-05 0.068
 14   -9.614587680815e-02 -1.018815110779e-01 1.36e-05 2.30e-07 7.67e-05 0.074
 15   -9.733930721837e-02 -1.002250479735e-01 6.13e-06 1.03e-07 3.37e-05 0.079
 16   -9.760405845893e-02 -9.973277575222e-02 3.64e-06 6.13e-08 3.20e-05 0.084
 17   -9.812132700687e-02 -9.901382750590e-02 1.31e-06 2.21e-08 1.27e-05 0.089
 18   -9.826862555999e-02 -9.878523325215e-02 5.79e-07 9.73e-09 8.12e-06 0.094
 19   -9.842352807273e-02 -9.858376974726e-02 1.54e-07 2.59e-09 2.46e-06 0.099
 20   -9.847368042750e-02 -9.851646617614e-02 2.95e-08 4.83e-10 6.70e-07 0.104
 21   -9.848854590957e-02 -9.849837584762e-02 6.39e-09 1.08e-10 1.53e-07 0.109
 22   -9.849231468890e-02 -9.849359155019e-02 5.64e-10 9.83e-12 1.53e-08 0.114
 23   -9.849280572279e-02 -9.849300663564e-02 8.87e-11 6.41e-12 2.50e-09 0.119
 24   -9.849289139823e-02 -9.849290442924e-02 5.72e-12 2.04e-10 1.61e-10 0.123
 25   -9.849289719718e-02 -9.849289749594e-02 1.18e-13 2.86e-08 3.63e-12 0.127
 26   -9.849289732461e-02 -9.849289734231e-02 6.88e-15 1.69e-09 2.13e-13 0.131


Optimal solution found in 26 iterations and 0.131s
Objective -9.84928973e-02
Primal infeasibility (abs/rel): 1.38e-14/6.88e-15
Dual infeasibility   (abs/rel): 1.86e-09/1.69e-09
Complementarity gap  (abs/rel): 2.33e-13/2.13e-13


Barrier finished in 0.13 seconds
Dual variables for problems with quadratic constraints not returned.

########## warm  t=05 ##########

cuOpt version: 26.10.0, git hash: 648f805d, host arch: x86_64, device archs: 80-real
CPU: AMD EPYC 7642 48-Core Processor, threads: 5C/5T, RAM usage: 29.92/503.74GiB
CPU SIMD target: AVX2
CUDA 12.9, device: NVIDIA A100 80GB PCIe (ID 0), VRAM: 79.44 GiB
CUDA device UUID: 68df5cf5-71f9-6a93-b428-460c080ffb10
Problem has 1 quadratic constraints. Converting to second-order cones and solving with barrier.
Barrier: reusing cache (skip convert/presolve/scaling)
Barrier solver started at 0.000 seconds
Barrier solver: 5103 constraints, 10102 variables, 265152 nonzeros
Barrier setup complete at 0.000 seconds
Adaptive regularization enabled


                  Objective                         Infeasibility        Time
Iter   Primal              Dual                Primal   Dual    Compl.   Elapsed
  0   -3.704291987375e+02 -3.711395609108e+02 3.71e+03 1.91e+00 1.19e-02 0.001
  1   -4.138240121015e+00 -3.475611537449e+02 4.01e+01 2.77e-01 6.50e-02 0.006
  2   -1.039773673472e-01 -2.488455848350e+01 4.69e-01 7.85e-03 4.78e-03 0.012
  3   -5.495207890613e-02 -6.428341782442e-01 4.69e-03 7.91e-05 1.48e-04 0.017
  4   -5.854039328337e-02 -1.366925924223e-01 6.23e-04 1.05e-05 1.75e-05 0.022
  5   -6.604986177005e-02 -1.385362852807e-01 5.11e-04 8.60e-06 2.69e-05 0.027
  6   -6.790324127053e-02 -1.389601490280e-01 4.66e-04 7.86e-06 2.96e-05 0.031
  7   -8.303250571000e-02 -1.229863554128e-01 2.19e-04 3.69e-06 5.72e-05 0.036
  8   -8.344811566906e-02 -1.225112634413e-01 1.93e-04 3.25e-06 6.87e-05 0.041
  9   -8.415635944443e-02 -1.222342535626e-01 1.72e-04 2.89e-06 1.24e-04 0.047
 10   -8.638236897666e-02 -1.192144838735e-01 1.32e-04 2.23e-06 9.51e-05 0.051
 11   -8.613025296750e-02 -1.187881789384e-01 1.26e-04 2.13e-06 1.56e-04 0.057
 12   -9.211930489352e-02 -1.096231831198e-01 6.17e-05 1.04e-06 6.89e-05 0.062
 13   -9.284615215629e-02 -1.081499306518e-01 4.70e-05 7.93e-07 9.81e-05 0.067
 14   -9.588080878661e-02 -1.034061721913e-01 2.05e-05 3.45e-07 5.26e-05 0.072
 15   -9.595684689214e-02 -1.029402358923e-01 1.65e-05 2.78e-07 7.05e-05 0.078
 16   -9.732801110350e-02 -1.009842561808e-01 7.98e-06 1.34e-07 3.47e-05 0.083
 17   -9.754839890951e-02 -1.005084520651e-01 5.34e-06 8.99e-08 4.06e-05 0.088
 18   -9.817798914244e-02 -9.960431300318e-02 2.26e-06 3.81e-08 1.83e-05 0.093
 19   -9.831848281187e-02 -9.934775751715e-02 1.27e-06 2.14e-08 1.50e-05 0.100
 20   -9.860290962311e-02 -9.895835590439e-02 3.52e-07 5.94e-09 5.17e-06 0.105
 21   -9.870326019083e-02 -9.881809195106e-02 8.23e-08 1.37e-09 1.90e-06 0.110
 22   -9.874349791254e-02 -9.876857414242e-02 1.73e-08 2.91e-10 4.21e-07 0.115
 23   -9.875294183554e-02 -9.875621705413e-02 1.23e-09 2.07e-11 4.02e-08 0.120
 24   -9.875428481057e-02 -9.875464801201e-02 1.36e-10 2.57e-12 4.49e-09 0.125
 25   -9.875443398780e-02 -9.875446686920e-02 9.57e-12 1.86e-10 3.09e-10 0.129
 26   -9.875444811237e-02 -9.875445030321e-02 6.31e-13 2.48e-09 1.80e-11 0.133


Optimal solution found in 26 iterations and 0.133s
Objective -9.87544481e-02
Primal infeasibility (abs/rel): 1.26e-12/6.31e-13
Dual infeasibility   (abs/rel): 2.73e-09/2.48e-09
Complementarity gap  (abs/rel): 1.98e-11/1.80e-11


Barrier finished in 0.13 seconds
Dual variables for problems with quadratic constraints not returned.

########## warm  t=06 ##########

cuOpt version: 26.10.0, git hash: 648f805d, host arch: x86_64, device archs: 80-real
CPU: AMD EPYC 7642 48-Core Processor, threads: 5C/5T, RAM usage: 29.97/503.74GiB
CPU SIMD target: AVX2
CUDA 12.9, device: NVIDIA A100 80GB PCIe (ID 0), VRAM: 79.44 GiB
CUDA device UUID: 68df5cf5-71f9-6a93-b428-460c080ffb10
Problem has 1 quadratic constraints. Converting to second-order cones and solving with barrier.
Barrier: reusing cache (skip convert/presolve/scaling)
Barrier solver started at 0.000 seconds
Barrier solver: 5103 constraints, 10102 variables, 265152 nonzeros
Barrier setup complete at 0.000 seconds
Adaptive regularization enabled


                  Objective                         Infeasibility        Time
Iter   Primal              Dual                Primal   Dual    Compl.   Elapsed
  0   -3.704490508896e+02 -3.710981922775e+02 3.71e+03 1.91e+00 1.19e-02 0.001
  1   -4.138703882017e+00 -3.475197441600e+02 4.01e+01 2.77e-01 6.50e-02 0.007
  2   -1.040077714720e-01 -2.488126401411e+01 4.69e-01 7.85e-03 4.78e-03 0.013
  3   -5.496009159231e-02 -6.429579754514e-01 4.69e-03 7.91e-05 1.48e-04 0.018
  4   -5.855201084765e-02 -1.359300793120e-01 6.17e-04 1.04e-05 1.72e-05 0.024
  5   -6.551675310995e-02 -1.377706752984e-01 5.18e-04 8.72e-06 2.04e-05 0.029
  6   -6.699932395298e-02 -1.382652692960e-01 4.83e-04 8.13e-06 2.72e-05 0.034
  7   -8.162897713559e-02 -1.249450474888e-01 2.43e-04 4.10e-06 7.09e-05 0.039
  8   -8.180531801537e-02 -1.245931780045e-01 2.22e-04 3.73e-06 1.19e-04 0.044
  9   -8.341023217436e-02 -1.237503075553e-01 1.77e-04 2.99e-06 2.86e-04 0.049
 10   -8.547850294514e-02 -1.209211746468e-01 1.01e-04 1.70e-06 2.64e-04 0.054
 11   -8.804419080814e-02 -1.151441603701e-01 5.31e-05 8.94e-07 4.51e-04 0.060
 12   -9.516379843834e-02 -1.038271681124e-01 1.31e-05 2.20e-07 1.16e-04 0.065
 13   -9.699352752103e-02 -1.008567441906e-01 4.62e-06 7.79e-08 3.36e-05 0.070
 14   -9.759936398195e-02 -9.965874886012e-02 1.54e-06 2.58e-08 3.72e-05 0.075
 15   -9.828623671795e-02 -9.873930122503e-02 3.11e-07 5.25e-09 7.79e-06 0.080
 16   -9.842334361798e-02 -9.853996776182e-02 6.38e-08 1.07e-09 2.36e-06 0.085
 17   -9.846598246606e-02 -9.848542723482e-02 1.05e-08 1.79e-10 3.91e-07 0.090
 18   -9.847269078947e-02 -9.847593838542e-02 8.63e-10 1.46e-11 3.58e-08 0.095
 19   -9.847405161186e-02 -9.847432731426e-02 7.30e-11 3.70e-12 3.07e-09 0.100
 20   -9.847416903805e-02 -9.847418318492e-02 2.21e-12 6.26e-11 8.58e-11 0.108
 21   -9.847417545170e-02 -9.847417582952e-02 6.08e-13 1.39e-07 2.34e-12 0.111
 22   -9.847417560863e-02 -9.847417563228e-02 3.81e-14 8.71e-09 1.48e-13 0.116


Optimal solution found in 22 iterations and 0.116s
Objective -9.84741756e-02
Primal infeasibility (abs/rel): 7.61e-14/3.81e-14
Dual infeasibility   (abs/rel): 9.60e-09/8.71e-09
Complementarity gap  (abs/rel): 1.63e-13/1.48e-13


Barrier finished in 0.12 seconds
Dual variables for problems with quadratic constraints not returned.

########## warm  t=07 ##########

cuOpt version: 26.10.0, git hash: 648f805d, host arch: x86_64, device archs: 80-real
CPU: AMD EPYC 7642 48-Core Processor, threads: 5C/5T, RAM usage: 30.07/503.74GiB
CPU SIMD target: AVX2
CUDA 12.9, device: NVIDIA A100 80GB PCIe (ID 0), VRAM: 79.44 GiB
CUDA device UUID: 68df5cf5-71f9-6a93-b428-460c080ffb10
Problem has 1 quadratic constraints. Converting to second-order cones and solving with barrier.
Barrier: reusing cache (skip convert/presolve/scaling)
Barrier solver started at 0.000 seconds
Barrier solver: 5103 constraints, 10102 variables, 265152 nonzeros
Barrier setup complete at 0.000 seconds
Adaptive regularization enabled


                  Objective                         Infeasibility        Time
Iter   Primal              Dual                Primal   Dual    Compl.   Elapsed
  0   -3.704340093575e+02 -3.710959393425e+02 3.71e+03 1.91e+00 1.19e-02 0.001
  1   -4.137998343196e+00 -3.475174945368e+02 4.01e+01 2.77e-01 6.50e-02 0.007
  2   -1.040026843868e-01 -2.487628134973e+01 4.69e-01 7.85e-03 4.78e-03 0.012
  3   -5.496235280700e-02 -6.427807953946e-01 4.69e-03 7.91e-05 1.48e-04 0.017
  4   -5.856089445158e-02 -1.359195234624e-01 6.17e-04 1.04e-05 1.72e-05 0.022
  5   -6.659170651100e-02 -1.380598273755e-01 5.02e-04 8.45e-06 2.55e-05 0.027
  6   -6.814658537817e-02 -1.384347572872e-01 4.64e-04 7.81e-06 3.21e-05 0.032
  7   -8.145174426064e-02 -1.248840330848e-01 2.46e-04 4.14e-06 6.80e-05 0.037
  8   -8.163161837715e-02 -1.246568625923e-01 2.28e-04 3.84e-06 7.92e-05 0.042
  9   -8.366657300854e-02 -1.232304571669e-01 1.73e-04 2.91e-06 2.39e-04 0.047
 10   -8.319594440745e-02 -1.225994187696e-01 1.60e-04 2.70e-06 4.86e-04 0.053
 11   -8.610208378598e-02 -1.183600747794e-01 1.18e-04 1.99e-06 4.64e-04 0.058
 12   -9.418075439336e-02 -1.056816904541e-01 2.71e-05 4.57e-07 6.09e-05 0.063
 13   -9.574081043255e-02 -1.027946820605e-01 1.32e-05 2.23e-07 6.75e-05 0.069
 14   -9.753735885119e-02 -1.001313474557e-01 4.19e-06 7.06e-08 2.04e-05 0.073
 15   -9.786761828905e-02 -9.951268062672e-02 1.96e-06 3.31e-08 2.98e-05 0.078
 16   -9.845906357357e-02 -9.867937422884e-02 2.53e-07 4.25e-09 2.94e-06 0.083
 17   -9.854298698947e-02 -9.856749611736e-02 2.55e-08 4.34e-10 2.07e-07 0.088
 18   -9.855153627047e-02 -9.855567241117e-02 3.83e-09 6.68e-11 3.74e-08 0.093
 19   -9.855323737161e-02 -9.855344289146e-02 1.90e-10 9.98e-12 1.31e-09 0.098
 20   -9.855332070284e-02 -9.855333542124e-02 1.32e-11 1.40e-10 5.09e-11 0.102
 21   -9.855332591007e-02 -9.855332857541e-02 1.95e-12 1.90e-10 9.72e-12 0.107


Optimal solution found in 21 iterations and 0.107s
Objective -9.85533259e-02
Primal infeasibility (abs/rel): 3.89e-12/1.95e-12
Dual infeasibility   (abs/rel): 2.10e-10/1.90e-10
Complementarity gap  (abs/rel): 1.07e-11/9.72e-12


Barrier finished in 0.11 seconds
Dual variables for problems with quadratic constraints not returned.

########## warm  t=08 ##########

cuOpt version: 26.10.0, git hash: 648f805d, host arch: x86_64, device archs: 80-real
CPU: AMD EPYC 7642 48-Core Processor, threads: 5C/5T, RAM usage: 29.95/503.74GiB
CPU SIMD target: AVX2
CUDA 12.9, device: NVIDIA A100 80GB PCIe (ID 0), VRAM: 79.44 GiB
CUDA device UUID: 68df5cf5-71f9-6a93-b428-460c080ffb10
Problem has 1 quadratic constraints. Converting to second-order cones and solving with barrier.
Barrier: reusing cache (skip convert/presolve/scaling)
Barrier solver started at 0.000 seconds
Barrier solver: 5103 constraints, 10102 variables, 265152 nonzeros
Barrier setup complete at 0.000 seconds
Adaptive regularization enabled


                  Objective                         Infeasibility        Time
Iter   Primal              Dual                Primal   Dual    Compl.   Elapsed
  0   -3.704472534989e+02 -3.711214143411e+02 3.71e+03 1.91e+00 1.19e-02 0.001
  1   -4.139241786382e+00 -3.475430561425e+02 4.01e+01 2.77e-01 6.50e-02 0.006
  2   -1.040141421008e-01 -2.488853327147e+01 4.69e-01 7.85e-03 4.78e-03 0.011
  3   -5.495990767093e-02 -6.430541095433e-01 4.69e-03 7.91e-05 1.48e-04 0.016
  4   -5.854949324269e-02 -1.367065253593e-01 6.23e-04 1.05e-05 1.74e-05 0.021
  5   -6.684370814730e-02 -1.389240273767e-01 5.00e-04 8.41e-06 2.91e-05 0.026
  6   -6.858413485250e-02 -1.392430844195e-01 4.57e-04 7.69e-06 4.63e-05 0.031
  7   -8.184716017291e-02 -1.245071663838e-01 2.41e-04 4.06e-06 9.35e-05 0.036
  8   -8.205645798376e-02 -1.242795746243e-01 2.24e-04 3.77e-06 8.66e-05 0.041
  9   -8.329145852963e-02 -1.236155516125e-01 1.89e-04 3.18e-06 1.67e-04 0.046
 10   -8.579134809196e-02 -1.208127936783e-01 1.15e-04 1.94e-06 1.18e-04 0.051
 11   -8.609940809054e-02 -1.189970710197e-01 9.07e-05 1.53e-06 3.15e-04 0.057
 12   -9.366884475233e-02 -1.069255468378e-01 3.32e-05 5.59e-07 9.09e-05 0.062
 13   -9.465891987664e-02 -1.050848351902e-01 2.22e-05 3.74e-07 9.99e-05 0.067
 14   -9.514528084056e-02 -1.042611950237e-01 1.75e-05 2.94e-07 1.08e-04 0.073
 15   -9.670996710098e-02 -1.019018708894e-01 8.91e-06 1.50e-07 5.45e-05 0.078
 16   -9.685677360589e-02 -1.014431178678e-01 6.62e-06 1.12e-07 5.95e-05 0.084
 17   -9.786802927622e-02 -9.994565153124e-02 2.48e-06 4.17e-08 2.48e-05 0.089
 18   -9.810392519303e-02 -9.953523281191e-02 1.36e-06 2.28e-08 2.14e-05 0.095
 19   -9.848035601333e-02 -9.901769848874e-02 4.20e-07 7.08e-09 7.64e-06 0.100
 20   -9.859699681361e-02 -9.884889777666e-02 1.51e-07 2.51e-09 4.07e-06 0.105
 21   -9.867518452401e-02 -9.874976336241e-02 3.96e-08 6.62e-10 1.17e-06 0.109
 22   -9.870100233350e-02 -9.871576764812e-02 5.26e-09 7.10e-11 2.18e-07 0.114
 23   -9.870640701740e-02 -9.870930625816e-02 9.94e-10 1.67e-11 4.31e-08 0.119
 24   -9.870752135908e-02 -9.870791770737e-02 1.04e-10 1.95e-11 4.80e-09 0.124
 25   -9.870768878912e-02 -9.870771717032e-02 7.46e-12 7.39e-11 3.39e-10 0.129
 26   -9.870770119441e-02 -9.870770235228e-02 2.93e-13 9.28e-08 1.24e-11 0.133
 27   -9.870770169054e-02 -9.870770178552e-02 2.20e-14 6.98e-09 8.52e-13 0.138


Optimal solution found in 27 iterations and 0.138s
Objective -9.87077017e-02
Primal infeasibility (abs/rel): 4.40e-14/2.20e-14
Dual infeasibility   (abs/rel): 7.69e-09/6.98e-09
Complementarity gap  (abs/rel): 9.36e-13/8.52e-13


Barrier finished in 0.14 seconds
Dual variables for problems with quadratic constraints not returned.

########## warm  t=09 ##########

cuOpt version: 26.10.0, git hash: 648f805d, host arch: x86_64, device archs: 80-real
CPU: AMD EPYC 7642 48-Core Processor, threads: 5C/5T, RAM usage: 29.84/503.74GiB
CPU SIMD target: AVX2
CUDA 12.9, device: NVIDIA A100 80GB PCIe (ID 0), VRAM: 79.44 GiB
CUDA device UUID: 68df5cf5-71f9-6a93-b428-460c080ffb10
Problem has 1 quadratic constraints. Converting to second-order cones and solving with barrier.
Barrier: reusing cache (skip convert/presolve/scaling)
Barrier solver started at 0.000 seconds
Barrier solver: 5103 constraints, 10102 variables, 265152 nonzeros
Barrier setup complete at 0.000 seconds
Adaptive regularization enabled


                  Objective                         Infeasibility        Time
Iter   Primal              Dual                Primal   Dual    Compl.   Elapsed
  0   -3.702779911923e+02 -3.710340990992e+02 3.71e+03 1.91e+00 1.19e-02 0.001
  1   -4.137413965078e+00 -3.474555508912e+02 4.01e+01 2.77e-01 6.49e-02 0.006
  2   -1.039627881816e-01 -2.487502701009e+01 4.69e-01 7.85e-03 4.78e-03 0.012
  3   -5.494259749550e-02 -6.426390295604e-01 4.69e-03 7.91e-05 1.48e-04 0.017
  4   -5.853147883895e-02 -1.362046779041e-01 6.19e-04 1.04e-05 1.73e-05 0.022
  5   -6.730421863223e-02 -1.383594196589e-01 4.88e-04 8.22e-06 3.14e-05 0.027
  6   -6.898407367574e-02 -1.386008917923e-01 4.45e-04 7.50e-06 4.26e-05 0.032
  7   -8.252091794327e-02 -1.224963597772e-01 2.25e-04 3.80e-06 7.32e-05 0.037
  8   -8.268114833387e-02 -1.222822697651e-01 2.09e-04 3.53e-06 6.77e-05 0.042
  9   -8.383691471906e-02 -1.216691216756e-01 1.75e-04 2.95e-06 1.72e-04 0.047
 10   -8.546472970597e-02 -1.197750613742e-01 1.12e-04 1.88e-06 1.69e-04 0.052
 11   -8.753101204327e-02 -1.152999351187e-01 6.41e-05 1.08e-06 3.89e-04 0.057
 12   -9.549973572118e-02 -1.030620287545e-01 1.25e-05 2.11e-07 8.56e-05 0.062
 13   -9.695192121305e-02 -1.005109374028e-01 4.45e-06 7.49e-08 4.28e-05 0.067
 14   -9.798380789128e-02 -9.895345355040e-02 9.93e-07 1.67e-08 9.27e-06 0.072
 15   -9.830540480417e-02 -9.849455965664e-02 9.78e-08 1.65e-09 6.11e-07 0.077
 16   -9.836747571956e-02 -9.841452109049e-02 1.82e-08 3.01e-10 1.90e-07 0.081
 17   -9.838644827248e-02 -9.839174275522e-02 1.77e-09 3.31e-11 1.98e-08 0.086
 18   -9.838859214170e-02 -9.838915600033e-02 1.79e-10 3.64e-11 2.96e-09 0.091
 19   -9.838883521827e-02 -9.838886711974e-02 1.01e-11 3.00e-11 1.57e-10 0.096
 20   -9.838884914872e-02 -9.838885071335e-02 4.75e-13 5.86e-08 4.99e-12 0.100
 21   -9.838884979244e-02 -9.838884994726e-02 3.43e-14 4.23e-09 6.17e-13 0.105


Optimal solution found in 21 iterations and 0.105s
Objective -9.83888498e-02
Primal infeasibility (abs/rel): 6.86e-14/3.43e-14
Dual infeasibility   (abs/rel): 4.66e-09/4.23e-09
Complementarity gap  (abs/rel): 6.78e-13/6.17e-13


Barrier finished in 0.11 seconds
Dual variables for problems with quadratic constraints not returned.

########## warm  t=10 ##########

cuOpt version: 26.10.0, git hash: 648f805d, host arch: x86_64, device archs: 80-real
CPU: AMD EPYC 7642 48-Core Processor, threads: 5C/5T, RAM usage: 29.95/503.74GiB
CPU SIMD target: AVX2
CUDA 12.9, device: NVIDIA A100 80GB PCIe (ID 0), VRAM: 79.44 GiB
CUDA device UUID: 68df5cf5-71f9-6a93-b428-460c080ffb10
Problem has 1 quadratic constraints. Converting to second-order cones and solving with barrier.
Barrier: reusing cache (skip convert/presolve/scaling)
Barrier solver started at 0.000 seconds
Barrier solver: 5103 constraints, 10102 variables, 265152 nonzeros
Barrier setup complete at 0.000 seconds
Adaptive regularization enabled


                  Objective                         Infeasibility        Time
Iter   Primal              Dual                Primal   Dual    Compl.   Elapsed
  0   -3.704562062107e+02 -3.710714720587e+02 3.71e+03 1.91e+00 1.19e-02 0.001
  1   -4.139037088259e+00 -3.474930274934e+02 4.01e+01 2.77e-01 6.49e-02 0.006
  2   -1.040203888891e-01 -2.487881575907e+01 4.69e-01 7.85e-03 4.78e-03 0.012
  3   -5.496595416765e-02 -6.428695019044e-01 4.69e-03 7.91e-05 1.48e-04 0.017
  4   -5.855928225679e-02 -1.358861132381e-01 6.16e-04 1.04e-05 1.71e-05 0.022
  5   -6.633604649580e-02 -1.378606070000e-01 5.05e-04 8.50e-06 2.41e-05 0.027
  6   -6.767698000489e-02 -1.382478097972e-01 4.72e-04 7.94e-06 2.82e-05 0.032
  7   -8.154108303867e-02 -1.247342887669e-01 2.42e-04 4.07e-06 6.14e-05 0.037
  8   -8.190808710723e-02 -1.244209937331e-01 2.17e-04 3.66e-06 8.71e-05 0.042
  9   -8.395606193356e-02 -1.227574618798e-01 1.64e-04 2.76e-06 2.16e-04 0.047
 10   -8.700148320106e-02 -1.186902318736e-01 9.08e-05 1.53e-06 1.29e-04 0.052
 11   -8.697032142716e-02 -1.174108832182e-01 7.64e-05 1.29e-06 2.76e-04 0.058
 12   -9.358726796085e-02 -1.067457897349e-01 2.99e-05 5.04e-07 8.74e-05 0.063
 13   -9.463697006054e-02 -1.048575363360e-01 2.02e-05 3.40e-07 1.04e-04 0.068
 14   -9.655186166980e-02 -1.018583955246e-01 9.24e-06 1.56e-07 4.87e-05 0.073
 15   -9.675468109615e-02 -1.012625020238e-01 6.45e-06 1.09e-07 5.65e-05 0.079
 16   -9.776305991804e-02 -9.979157807498e-02 2.60e-06 4.38e-08 2.43e-05 0.084
 17   -9.799883354681e-02 -9.937311976881e-02 1.43e-06 2.41e-08 2.19e-05 0.089
 18   -9.834287715499e-02 -9.888466968423e-02 4.83e-07 8.14e-09 8.19e-06 0.094
 19   -9.843936912140e-02 -9.873301156933e-02 1.92e-07 3.21e-09 4.62e-06 0.099
 20   -9.852857306121e-02 -9.861718191048e-02 5.09e-08 8.53e-10 1.36e-06 0.104
 21   -9.855799285621e-02 -9.857772072870e-02 7.85e-09 1.23e-10 3.01e-07 0.109
 22   -9.856497162525e-02 -9.856924218011e-02 1.62e-09 2.89e-11 6.48e-08 0.114
 23   -9.856660335207e-02 -9.856717527273e-02 1.56e-10 4.12e-11 6.75e-09 0.119
 24   -9.856682442202e-02 -9.856690975124e-02 2.32e-11 2.73e-10 1.01e-09 0.123
 25   -9.856686178682e-02 -9.856686495158e-02 8.59e-13 1.13e-08 3.34e-11 0.127
 26   -9.856686310478e-02 -9.856686340109e-02 7.94e-14 1.04e-09 2.69e-12 0.131


Optimal solution found in 26 iterations and 0.131s
Objective -9.85668631e-02
Primal infeasibility (abs/rel): 1.59e-13/7.94e-14
Dual infeasibility   (abs/rel): 1.14e-09/1.04e-09
Complementarity gap  (abs/rel): 2.96e-12/2.69e-12


Barrier finished in 0.13 seconds
Dual variables for problems with quadratic constraints not returned.

########## warm  t=11 ##########

cuOpt version: 26.10.0, git hash: 648f805d, host arch: x86_64, device archs: 80-real
CPU: AMD EPYC 7642 48-Core Processor, threads: 5C/5T, RAM usage: 30.06/503.74GiB
CPU SIMD target: AVX2
CUDA 12.9, device: NVIDIA A100 80GB PCIe (ID 0), VRAM: 79.44 GiB
CUDA device UUID: 68df5cf5-71f9-6a93-b428-460c080ffb10
Problem has 1 quadratic constraints. Converting to second-order cones and solving with barrier.
Barrier: reusing cache (skip convert/presolve/scaling)
Barrier solver started at 0.000 seconds
Barrier solver: 5103 constraints, 10102 variables, 265152 nonzeros
Barrier setup complete at 0.000 seconds
Adaptive regularization enabled


                  Objective                         Infeasibility        Time
Iter   Primal              Dual                Primal   Dual    Compl.   Elapsed
  0   -3.703336272695e+02 -3.710584120459e+02 3.71e+03 1.91e+00 1.19e-02 0.001
  1   -4.137832929498e+00 -3.474799232405e+02 4.01e+01 2.77e-01 6.49e-02 0.006
  2   -1.039807671202e-01 -2.487731337698e+01 4.69e-01 7.85e-03 4.78e-03 0.011
  3   -5.494981773509e-02 -6.427223953578e-01 4.69e-03 7.91e-05 1.48e-04 0.016
  4   -5.854536693144e-02 -1.356570860147e-01 6.15e-04 1.04e-05 1.72e-05 0.021
  5   -6.553128985594e-02 -1.375823483797e-01 5.16e-04 8.70e-06 1.98e-05 0.026
  6   -6.729993156547e-02 -1.381153593903e-01 4.75e-04 8.00e-06 3.03e-05 0.031
  7   -8.239177894723e-02 -1.235205323464e-01 2.32e-04 3.91e-06 7.67e-05 0.036
  8   -8.264021178257e-02 -1.231477047060e-01 2.10e-04 3.54e-06 8.23e-05 0.041
  9   -8.327699601703e-02 -1.231878312516e-01 1.90e-04 3.20e-06 1.78e-04 0.047
 10   -8.606536404032e-02 -1.198865904470e-01 1.12e-04 1.88e-06 1.19e-04 0.051
 11   -8.627233465023e-02 -1.182988057129e-01 9.01e-05 1.52e-06 2.79e-04 0.057
 12   -9.298421392109e-02 -1.075028619216e-01 3.71e-05 6.25e-07 9.18e-05 0.062
 13   -9.424773507977e-02 -1.053375365494e-01 2.32e-05 3.90e-07 1.09e-04 0.068
 14   -9.476825004968e-02 -1.043050374860e-01 1.80e-05 3.03e-07 1.15e-04 0.074
 15   -9.670474378285e-02 -1.013497126416e-01 7.93e-06 1.34e-07 5.22e-05 0.079
 16   -9.696546314190e-02 -1.007448797968e-01 5.30e-06 8.94e-08 5.32e-05 0.084
 17   -9.782739730437e-02 -9.947054812045e-02 1.98e-06 3.34e-08 2.14e-05 0.089
 18   -9.801222066601e-02 -9.914256727794e-02 1.08e-06 1.82e-08 1.70e-05 0.095
 19   -9.831876711816e-02 -9.872117864371e-02 3.27e-07 5.51e-09 5.73e-06 0.100
 20   -9.841217139573e-02 -9.858612398920e-02 1.07e-07 1.77e-09 2.72e-06 0.105
 21   -9.846617430307e-02 -9.851733966852e-02 2.82e-08 4.72e-10 7.70e-07 0.110
 22   -9.848403168717e-02 -9.849371879303e-02 3.30e-09 6.99e-11 1.19e-07 0.115
 23   -9.848767676469e-02 -9.848938515783e-02 5.65e-10 1.47e-11 2.12e-08 0.119
 24   -9.848836214045e-02 -9.848854081535e-02 4.33e-11 6.83e-11 1.65e-09 0.124
 25   -9.848843362397e-02 -9.848845685061e-02 5.63e-12 2.70e-11 2.17e-10 0.129
 26   -9.848844263742e-02 -9.848844630057e-02 8.86e-13 2.70e-12 3.51e-11 0.134


Optimal solution found in 26 iterations and 0.134s
Objective -9.84884426e-02
Primal infeasibility (abs/rel): 1.77e-12/8.86e-13
Dual infeasibility   (abs/rel): 2.98e-12/2.70e-12
Complementarity gap  (abs/rel): 3.86e-11/3.51e-11


Barrier finished in 0.13 seconds
Dual variables for problems with quadratic constraints not returned.

########## warm  t=12 ##########

cuOpt version: 26.10.0, git hash: 648f805d, host arch: x86_64, device archs: 80-real
CPU: AMD EPYC 7642 48-Core Processor, threads: 5C/5T, RAM usage: 29.88/503.74GiB
CPU SIMD target: AVX2
CUDA 12.9, device: NVIDIA A100 80GB PCIe (ID 0), VRAM: 79.44 GiB
CUDA device UUID: 68df5cf5-71f9-6a93-b428-460c080ffb10
Problem has 1 quadratic constraints. Converting to second-order cones and solving with barrier.
Barrier: reusing cache (skip convert/presolve/scaling)
Barrier solver started at 0.000 seconds
Barrier solver: 5103 constraints, 10102 variables, 265152 nonzeros
Barrier setup complete at 0.000 seconds
Adaptive regularization enabled


                  Objective                         Infeasibility        Time
Iter   Primal              Dual                Primal   Dual    Compl.   Elapsed
  0   -3.703361174615e+02 -3.711052443117e+02 3.71e+03 1.91e+00 1.19e-02 0.001
  1   -4.137135437376e+00 -3.475267509272e+02 4.01e+01 2.77e-01 6.50e-02 0.006
  2   -1.039531739210e-01 -2.487909939798e+01 4.69e-01 7.85e-03 4.78e-03 0.012
  3   -5.493987113675e-02 -6.426843426177e-01 4.69e-03 7.91e-05 1.47e-04 0.016
  4   -5.852671165755e-02 -1.365429791277e-01 6.22e-04 1.05e-05 1.74e-05 0.021
  5   -6.766231699824e-02 -1.389353414505e-01 4.86e-04 8.19e-06 3.37e-05 0.026
  6   -6.886255265106e-02 -1.391548248021e-01 4.54e-04 7.65e-06 4.28e-05 0.031
  7   -8.047950122352e-02 -1.258121075049e-01 2.61e-04 4.40e-06 7.94e-05 0.036
  8   -8.065829175635e-02 -1.256963999902e-01 2.46e-04 4.14e-06 7.69e-05 0.041
  9   -8.300367952681e-02 -1.237812850564e-01 1.84e-04 3.10e-06 2.23e-04 0.046
 10   -8.389689474527e-02 -1.215840699375e-01 1.44e-04 2.42e-06 3.70e-04 0.051
 11   -9.193528348142e-02 -1.093076125650e-01 6.12e-05 1.03e-06 1.21e-04 0.056
 12   -9.265521287717e-02 -1.077066623348e-01 4.52e-05 7.62e-07 1.39e-04 0.062
 13   -9.633186127752e-02 -1.019842122160e-01 1.50e-05 2.54e-07 5.78e-05 0.067
 14   -9.649225342708e-02 -1.014072091120e-01 1.07e-05 1.80e-07 6.91e-05 0.072
 15   -9.758120075127e-02 -9.990236014560e-02 4.73e-06 7.96e-08 2.97e-05 0.077
 16   -9.782660883553e-02 -9.944881152839e-02 2.61e-06 4.40e-08 2.62e-05 0.083
 17   -9.823999919066e-02 -9.887841730198e-02 8.95e-07 1.51e-08 9.86e-06 0.087
 18   -9.835841231331e-02 -9.869556575332e-02 3.49e-07 5.85e-09 5.49e-06 0.092
 19   -9.846246806823e-02 -9.856223310040e-02 9.16e-08 1.54e-09 1.59e-06 0.097
 20   -9.849581231293e-02 -9.851773082470e-02 1.38e-08 2.23e-10 3.39e-07 0.102
 21   -9.850368781686e-02 -9.850823702713e-02 2.75e-09 4.77e-11 7.00e-08 0.107
 22   -9.850544051333e-02 -9.850602753108e-02 2.51e-10 5.02e-11 6.90e-09 0.112
 23   -9.850567245674e-02 -9.850575042673e-02 3.33e-11 3.41e-10 9.18e-10 0.116
 24   -9.850570676422e-02 -9.850570951994e-02 1.18e-12 4.27e-09 3.14e-11 0.120


Optimal solution found in 24 iterations and 0.120s
Objective -9.85057068e-02
Primal infeasibility (abs/rel): 2.35e-12/1.18e-12
Dual infeasibility   (abs/rel): 4.71e-09/4.27e-09
Complementarity gap  (abs/rel): 3.45e-11/3.14e-11


Barrier finished in 0.12 seconds
Dual variables for problems with quadratic constraints not returned.

########## warm  t=13 ##########

cuOpt version: 26.10.0, git hash: 648f805d, host arch: x86_64, device archs: 80-real
CPU: AMD EPYC 7642 48-Core Processor, threads: 5C/5T, RAM usage: 29.87/503.74GiB
CPU SIMD target: AVX2
CUDA 12.9, device: NVIDIA A100 80GB PCIe (ID 0), VRAM: 79.44 GiB
CUDA device UUID: 68df5cf5-71f9-6a93-b428-460c080ffb10
Problem has 1 quadratic constraints. Converting to second-order cones and solving with barrier.
Barrier: reusing cache (skip convert/presolve/scaling)
Barrier solver started at 0.000 seconds
Barrier solver: 5103 constraints, 10102 variables, 265152 nonzeros
Barrier setup complete at 0.000 seconds
Adaptive regularization enabled


                  Objective                         Infeasibility        Time
Iter   Primal              Dual                Primal   Dual    Compl.   Elapsed
  0   -3.703532868363e+02 -3.711197926069e+02 3.71e+03 1.91e+00 1.19e-02 0.001
  1   -4.137900701564e+00 -3.475413679128e+02 4.01e+01 2.77e-01 6.50e-02 0.006
  2   -1.039745622217e-01 -2.488596438960e+01 4.69e-01 7.85e-03 4.78e-03 0.011
  3   -5.494370613672e-02 -6.429525666163e-01 4.69e-03 7.91e-05 1.48e-04 0.016
  4   -5.852900844772e-02 -1.369056657672e-01 6.24e-04 1.05e-05 1.75e-05 0.021
  5   -6.642473502094e-02 -1.389496554769e-01 5.07e-04 8.54e-06 2.84e-05 0.026
  6   -6.769403823962e-02 -1.393008169590e-01 4.75e-04 8.00e-06 3.77e-05 0.031
  7   -7.916851900405e-02 -1.276638001516e-01 2.84e-04 4.79e-06 8.13e-05 0.036
  8   -7.928837091938e-02 -1.275288180258e-01 2.70e-04 4.54e-06 9.31e-05 0.041
  9   -8.201658588971e-02 -1.255773977210e-01 2.00e-04 3.36e-06 2.72e-04 0.046
 10   -8.282434440778e-02 -1.232650630319e-01 1.54e-04 2.60e-06 5.06e-04 0.052
 11   -9.170484399222e-02 -1.098300438735e-01 6.34e-05 1.07e-06 1.60e-04 0.057
 12   -9.213583319838e-02 -1.084542896790e-01 4.88e-05 8.21e-07 1.96e-04 0.062
 13   -9.606988316277e-02 -1.022441069072e-01 1.66e-05 2.79e-07 7.99e-05 0.067
 14   -9.652372727873e-02 -1.010907125906e-01 9.09e-06 1.53e-07 8.31e-05 0.072
 15   -9.766163750089e-02 -9.954412423546e-02 3.35e-06 5.64e-08 2.83e-05 0.077
 16   -9.793266569760e-02 -9.907067509898e-02 1.49e-06 2.51e-08 2.04e-05 0.082
 17   -9.826812070135e-02 -9.862891145079e-02 4.40e-07 7.41e-09 6.36e-06 0.087
 18   -9.835375626947e-02 -9.850213982840e-02 1.23e-07 2.05e-09 2.38e-06 0.092
 19   -9.840434783500e-02 -9.843916172001e-02 2.71e-08 4.57e-10 5.67e-07 0.097
 20   -9.841726129635e-02 -9.842222562106e-02 2.07e-09 3.23e-11 5.91e-08 0.102
 21   -9.841924735021e-02 -9.841989539840e-02 2.68e-10 9.88e-12 7.79e-09 0.107
 22   -9.841951623469e-02 -9.841956851487e-02 1.54e-11 1.12e-10 4.46e-10 0.112
 23   -9.841953691940e-02 -9.841954439432e-02 2.20e-12 1.29e-08 6.56e-11 0.115
 24   -9.841954018594e-02 -9.841954058404e-02 1.13e-13 2.85e-08 3.32e-12 0.119
 25   -9.841954036135e-02 -9.841954037938e-02 5.11e-15 1.29e-09 1.41e-13 0.124


Optimal solution found in 25 iterations and 0.124s
Objective -9.84195404e-02
Primal infeasibility (abs/rel): 1.02e-14/5.11e-15
Dual infeasibility   (abs/rel): 1.42e-09/1.29e-09
Complementarity gap  (abs/rel): 1.55e-13/1.41e-13


Barrier finished in 0.12 seconds
Dual variables for problems with quadratic constraints not returned.

########## warm  t=14 ##########

cuOpt version: 26.10.0, git hash: 648f805d, host arch: x86_64, device archs: 80-real
CPU: AMD EPYC 7642 48-Core Processor, threads: 5C/5T, RAM usage: 30.06/503.74GiB
CPU SIMD target: AVX2
CUDA 12.9, device: NVIDIA A100 80GB PCIe (ID 0), VRAM: 79.44 GiB
CUDA device UUID: 68df5cf5-71f9-6a93-b428-460c080ffb10
Problem has 1 quadratic constraints. Converting to second-order cones and solving with barrier.
Barrier: reusing cache (skip convert/presolve/scaling)
Barrier solver started at 0.000 seconds
Barrier solver: 5103 constraints, 10102 variables, 265152 nonzeros
Barrier setup complete at 0.000 seconds
Adaptive regularization enabled


                  Objective                         Infeasibility        Time
Iter   Primal              Dual                Primal   Dual    Compl.   Elapsed
  0   -3.703993037120e+02 -3.711301956175e+02 3.71e+03 1.91e+00 1.19e-02 0.001
  1   -4.138311991348e+00 -3.475517914134e+02 4.01e+01 2.77e-01 6.50e-02 0.006
  2   -1.039811675448e-01 -2.488651170153e+01 4.69e-01 7.85e-03 4.78e-03 0.012
  3   -5.494896688005e-02 -6.429279200996e-01 4.69e-03 7.91e-05 1.48e-04 0.017
  4   -5.853996103246e-02 -1.361843852418e-01 6.19e-04 1.04e-05 1.73e-05 0.022
  5   -6.635118170697e-02 -1.384036203547e-01 5.08e-04 8.56e-06 2.50e-05 0.027
  6   -6.755105172102e-02 -1.387681128442e-01 4.78e-04 8.06e-06 3.38e-05 0.032
  7   -7.881700629505e-02 -1.279578299654e-01 2.93e-04 4.94e-06 7.37e-05 0.037
  8   -7.897143529302e-02 -1.278428036094e-01 2.78e-04 4.68e-06 9.91e-05 0.042
  9   -8.213079835120e-02 -1.254377164867e-01 1.99e-04 3.35e-06 2.83e-04 0.047
 10   -8.362960669454e-02 -1.222989785651e-01 1.43e-04 2.42e-06 4.82e-04 0.052
 11   -9.211723262006e-02 -1.094454130360e-01 5.97e-05 1.01e-06 1.57e-04 0.057
 12   -9.256768504173e-02 -1.080701258914e-01 4.52e-05 7.61e-07 1.88e-04 0.063
 13   -9.635546548160e-02 -1.021846247601e-01 1.50e-05 2.53e-07 7.13e-05 0.068
 14   -9.657156103837e-02 -1.015267926679e-01 1.04e-05 1.76e-07 7.65e-05 0.073
 15   -9.764142514794e-02 -1.000368196044e-01 4.57e-06 7.70e-08 3.26e-05 0.078
 16   -9.788322884559e-02 -9.958710569549e-02 2.59e-06 4.37e-08 2.84e-05 0.084
 17   -9.832454671115e-02 -9.897984583399e-02 8.61e-07 1.45e-08 1.05e-05 0.089
 18   -9.844488223971e-02 -9.879427820328e-02 3.43e-07 5.74e-09 6.00e-06 0.093
 19   -9.855275389255e-02 -9.865625209366e-02 9.00e-08 1.51e-09 1.75e-06 0.098
 20   -9.858603590602e-02 -9.861159229548e-02 1.55e-08 2.48e-10 4.13e-07 0.103
 21   -9.859514433460e-02 -9.860060397650e-02 3.17e-09 5.41e-11 8.87e-08 0.108
 22   -9.859720517297e-02 -9.859800041168e-02 3.46e-10 1.78e-11 1.07e-08 0.113
 23   -9.859754918586e-02 -9.859758616532e-02 1.61e-11 4.04e-11 4.83e-10 0.118
 24   -9.859756410590e-02 -9.859756831164e-02 1.75e-12 7.42e-08 5.30e-11 0.121
 25   -9.859756587287e-02 -9.859756623610e-02 1.43e-13 1.62e-07 4.81e-12 0.125
 26   -9.859756602576e-02 -9.859756605941e-02 1.31e-14 1.48e-08 4.42e-13 0.130
 27   -9.859756604067e-02 -9.859756604208e-02 6.66e-16 6.19e-10 1.88e-14 0.135


Optimal solution found in 27 iterations and 0.135s
Objective -9.85975660e-02
Primal infeasibility (abs/rel): 1.33e-15/6.66e-16
Dual infeasibility   (abs/rel): 6.83e-10/6.19e-10
Complementarity gap  (abs/rel): 2.06e-14/1.88e-14


Barrier finished in 0.14 seconds
Dual variables for problems with quadratic constraints not returned.

########## warm  t=15 ##########

cuOpt version: 26.10.0, git hash: 648f805d, host arch: x86_64, device archs: 80-real
CPU: AMD EPYC 7642 48-Core Processor, threads: 5C/5T, RAM usage: 30.15/503.74GiB
CPU SIMD target: AVX2
CUDA 12.9, device: NVIDIA A100 80GB PCIe (ID 0), VRAM: 79.44 GiB
CUDA device UUID: 68df5cf5-71f9-6a93-b428-460c080ffb10
Problem has 1 quadratic constraints. Converting to second-order cones and solving with barrier.
Barrier: reusing cache (skip convert/presolve/scaling)
Barrier solver started at 0.000 seconds
Barrier solver: 5103 constraints, 10102 variables, 265152 nonzeros
Barrier setup complete at 0.000 seconds
Adaptive regularization enabled


                  Objective                         Infeasibility        Time
Iter   Primal              Dual                Primal   Dual    Compl.   Elapsed
  0   -3.704184917206e+02 -3.711180220135e+02 3.71e+03 1.91e+00 1.19e-02 0.001
  1   -4.138494784655e+00 -3.475396351185e+02 4.01e+01 2.77e-01 6.50e-02 0.006
  2   -1.040008758327e-01 -2.488460308934e+01 4.69e-01 7.85e-03 4.78e-03 0.011
  3   -5.495630939609e-02 -6.429606405560e-01 4.69e-03 7.91e-05 1.48e-04 0.016
  4   -5.855092429041e-02 -1.360876440755e-01 6.18e-04 1.04e-05 1.73e-05 0.021
  5   -6.611152268928e-02 -1.381205805524e-01 5.09e-04 8.58e-06 2.37e-05 0.026
  6   -6.769543451141e-02 -1.385415055802e-01 4.71e-04 7.94e-06 3.28e-05 0.031
  7   -8.140017783211e-02 -1.247056679287e-01 2.49e-04 4.19e-06 6.94e-05 0.036
  8   -8.171325022443e-02 -1.244405874142e-01 2.27e-04 3.83e-06 7.20e-05 0.040
  9   -8.292050149819e-02 -1.238190171840e-01 1.93e-04 3.25e-06 1.61e-04 0.046
 10   -8.530066703451e-02 -1.209246166218e-01 1.41e-04 2.38e-06 1.19e-04 0.051
 11   -8.502980736187e-02 -1.203273474690e-01 1.32e-04 2.23e-06 2.15e-04 0.057
 12   -9.150908259394e-02 -1.101538978557e-01 6.66e-05 1.12e-06 9.36e-05 0.062
 13   -9.244902438354e-02 -1.084468516883e-01 5.06e-05 8.53e-07 1.11e-04 0.067
 14   -9.567320752371e-02 -1.033785207211e-01 2.15e-05 3.63e-07 5.51e-05 0.072
 15   -9.577590531379e-02 -1.028824016316e-01 1.71e-05 2.88e-07 6.91e-05 0.078
 16   -9.719545631642e-02 -1.008388156485e-01 8.08e-06 1.36e-07 3.19e-05 0.083
 17   -9.743599890061e-02 -1.003571213123e-01 5.43e-06 9.14e-08 3.44e-05 0.088
 18   -9.808389080338e-02 -9.941860836650e-02 2.10e-06 3.53e-08 1.45e-05 0.093
 19   -9.822235971959e-02 -9.918100499811e-02 1.20e-06 2.03e-08 1.23e-05 0.099
 20   -9.849286112428e-02 -9.881940969836e-02 3.44e-07 5.79e-09 4.04e-06 0.104
 21   -9.856543603657e-02 -9.871781796900e-02 1.24e-07 2.06e-09 2.11e-06 0.109
 22   -9.861348912541e-02 -9.865802173290e-02 3.25e-08 5.44e-10 5.97e-07 0.113
 23   -9.862844580948e-02 -9.863872493360e-02 5.11e-09 6.83e-11 1.24e-07 0.118
 24   -9.863215990572e-02 -9.863433766142e-02 1.04e-09 1.65e-11 2.63e-08 0.123
 25   -9.863300166020e-02 -9.863331096019e-02 1.12e-10 3.70e-11 3.09e-09 0.128
 26   -9.863313932882e-02 -9.863314903953e-02 3.51e-12 2.74e-11 9.31e-11 0.133


Optimal solution found in 26 iterations and 0.133s
Objective -9.86331393e-02
Primal infeasibility (abs/rel): 7.02e-12/3.51e-12
Dual infeasibility   (abs/rel): 3.01e-11/2.74e-11
Complementarity gap  (abs/rel): 1.02e-10/9.31e-11


Barrier finished in 0.13 seconds
Dual variables for problems with quadratic constraints not returned.

########## warm  t=16 ##########

cuOpt version: 26.10.0, git hash: 648f805d, host arch: x86_64, device archs: 80-real
CPU: AMD EPYC 7642 48-Core Processor, threads: 5C/5T, RAM usage: 29.90/503.74GiB
CPU SIMD target: AVX2
CUDA 12.9, device: NVIDIA A100 80GB PCIe (ID 0), VRAM: 79.44 GiB
CUDA device UUID: 68df5cf5-71f9-6a93-b428-460c080ffb10
Problem has 1 quadratic constraints. Converting to second-order cones and solving with barrier.
Barrier: reusing cache (skip convert/presolve/scaling)
Barrier solver started at 0.000 seconds
Barrier solver: 5103 constraints, 10102 variables, 265152 nonzeros
Barrier setup complete at 0.000 seconds
Adaptive regularization enabled


                  Objective                         Infeasibility        Time
Iter   Primal              Dual                Primal   Dual    Compl.   Elapsed
  0   -3.705152443471e+02 -3.711033693861e+02 3.71e+03 1.91e+00 1.19e-02 0.001
  1   -4.138998630640e+00 -3.475249664383e+02 4.01e+01 2.77e-01 6.50e-02 0.006
  2   -1.040338950666e-01 -2.487858726121e+01 4.69e-01 7.85e-03 4.78e-03 0.011
  3   -5.497382540149e-02 -6.429189352267e-01 4.69e-03 7.91e-05 1.48e-04 0.016
  4   -5.856905360045e-02 -1.363520738771e-01 6.20e-04 1.04e-05 1.73e-05 0.021
  5   -6.705051129623e-02 -1.385952919680e-01 4.95e-04 8.35e-06 2.84e-05 0.026
  6   -6.848331754997e-02 -1.388985869977e-01 4.59e-04 7.73e-06 4.03e-05 0.031
  7   -8.093067467820e-02 -1.253020268242e-01 2.54e-04 4.28e-06 7.91e-05 0.036
  8   -8.112528366971e-02 -1.251137255528e-01 2.36e-04 3.97e-06 9.13e-05 0.041
  9   -8.325026282594e-02 -1.235964497079e-01 1.79e-04 3.02e-06 2.57e-04 0.047
 10   -8.360575602554e-02 -1.220443045613e-01 1.46e-04 2.46e-06 4.26e-04 0.052
 11   -9.182270753930e-02 -1.097882225132e-01 6.30e-05 1.06e-06 1.44e-04 0.057
 12   -9.260041515349e-02 -1.080842471122e-01 4.68e-05 7.89e-07 1.69e-04 0.062
 13   -9.603616619774e-02 -1.026642872775e-01 1.77e-05 2.98e-07 7.20e-05 0.067
 14   -9.627299926506e-02 -1.020026876644e-01 1.28e-05 2.16e-07 7.60e-05 0.073
 15   -9.745119775908e-02 -1.003298241849e-01 5.89e-06 9.92e-08 3.43e-05 0.078
 16   -9.773596824654e-02 -9.980734851192e-02 3.43e-06 5.79e-08 3.11e-05 0.084
 17   -9.823702783900e-02 -9.910382773805e-02 1.23e-06 2.07e-08 1.22e-05 0.088
 18   -9.838608574472e-02 -9.887089418849e-02 5.23e-07 8.79e-09 7.59e-06 0.093
 19   -9.853176840543e-02 -9.868107573300e-02 1.40e-07 2.35e-09 2.29e-06 0.098
 20   -9.857867884033e-02 -9.861767676209e-02 2.61e-08 4.21e-10 6.03e-07 0.103
 21   -9.859232167004e-02 -9.860102926190e-02 5.50e-09 9.20e-11 1.36e-07 0.108
 22   -9.859562165638e-02 -9.859683081959e-02 5.43e-10 1.97e-11 1.51e-08 0.113
 23   -9.859607808380e-02 -9.859628235739e-02 9.17e-11 5.25e-12 2.57e-09 0.118
 24   -9.859616643960e-02 -9.859617615407e-02 4.34e-12 3.38e-11 1.19e-10 0.122


Optimal solution found in 24 iterations and 0.122s
Objective -9.85961664e-02
Primal infeasibility (abs/rel): 8.68e-12/4.34e-12
Dual infeasibility   (abs/rel): 3.72e-11/3.38e-11
Complementarity gap  (abs/rel): 1.30e-10/1.19e-10


Barrier finished in 0.12 seconds
Dual variables for problems with quadratic constraints not returned.

########## warm  t=17 ##########

cuOpt version: 26.10.0, git hash: 648f805d, host arch: x86_64, device archs: 80-real
CPU: AMD EPYC 7642 48-Core Processor, threads: 5C/5T, RAM usage: 29.78/503.74GiB
CPU SIMD target: AVX2
CUDA 12.9, device: NVIDIA A100 80GB PCIe (ID 0), VRAM: 79.44 GiB
CUDA device UUID: 68df5cf5-71f9-6a93-b428-460c080ffb10
Problem has 1 quadratic constraints. Converting to second-order cones and solving with barrier.
Barrier: reusing cache (skip convert/presolve/scaling)
Barrier solver started at 0.000 seconds
Barrier solver: 5103 constraints, 10102 variables, 265152 nonzeros
Barrier setup complete at 0.000 seconds
Adaptive regularization enabled


                  Objective                         Infeasibility        Time
Iter   Primal              Dual                Primal   Dual    Compl.   Elapsed
  0   -3.703446513950e+02 -3.711178663113e+02 3.71e+03 1.91e+00 1.19e-02 0.001
  1   -4.136321529131e+00 -3.475393405809e+02 4.01e+01 2.77e-01 6.50e-02 0.006
  2   -1.039556753273e-01 -2.487508093218e+01 4.69e-01 7.85e-03 4.78e-03 0.012
  3   -5.494034064074e-02 -6.427666810377e-01 4.69e-03 7.91e-05 1.48e-04 0.017
  4   -5.852904384018e-02 -1.363010696235e-01 6.20e-04 1.04e-05 1.73e-05 0.021
  5   -6.681503747006e-02 -1.385031865887e-01 5.00e-04 8.42e-06 2.76e-05 0.026
  6   -6.831090568100e-02 -1.388298863184e-01 4.63e-04 7.79e-06 3.21e-05 0.031
  7   -8.086291832567e-02 -1.256455652835e-01 2.57e-04 4.34e-06 5.93e-05 0.036
  8   -8.098453628030e-02 -1.254733655644e-01 2.43e-04 4.09e-06 7.95e-05 0.041
  9   -8.293806583710e-02 -1.241477597302e-01 1.89e-04 3.19e-06 2.37e-04 0.047
 10   -8.299331816282e-02 -1.228171215762e-01 1.62e-04 2.73e-06 4.26e-04 0.052
 11   -9.152305283800e-02 -1.100077410110e-01 7.04e-05 1.19e-06 1.35e-04 0.057
 12   -9.228020509403e-02 -1.083513007869e-01 5.24e-05 8.83e-07 1.54e-04 0.063
 13   -9.625822390630e-02 -1.020991628974e-01 1.64e-05 2.76e-07 6.56e-05 0.067
 14   -9.647512478783e-02 -1.014329562304e-01 1.13e-05 1.90e-07 7.44e-05 0.073
 15   -9.756282439879e-02 -9.995528406653e-02 5.09e-06 8.57e-08 3.26e-05 0.078
 16   -9.782676979476e-02 -9.948485829614e-02 2.85e-06 4.81e-08 2.87e-05 0.084
 17   -9.826693748849e-02 -9.888329809625e-02 9.20e-07 1.55e-08 1.03e-05 0.089
 18   -9.837580404749e-02 -9.871389041220e-02 3.75e-07 6.30e-09 5.94e-06 0.094
 19   -9.848175821188e-02 -9.857930591579e-02 9.72e-08 1.63e-09 1.69e-06 0.098
 20   -9.851228230151e-02 -9.853833780471e-02 1.82e-08 2.93e-10 4.29e-07 0.103
 21   -9.852141739306e-02 -9.852734209819e-02 3.94e-09 6.74e-11 9.72e-08 0.108
 22   -9.852365508756e-02 -9.852452274647e-02 4.15e-10 1.24e-11 1.16e-08 0.113
 23   -9.852399900259e-02 -9.852411216885e-02 5.41e-11 1.73e-10 1.55e-09 0.117
 24   -9.852404820829e-02 -9.852405335457e-02 2.45e-12 1.30e-10 7.06e-11 0.121


Optimal solution found in 24 iterations and 0.121s
Objective -9.85240482e-02
Primal infeasibility (abs/rel): 4.89e-12/2.45e-12
Dual infeasibility   (abs/rel): 1.43e-10/1.30e-10
Complementarity gap  (abs/rel): 7.75e-11/7.06e-11


Barrier finished in 0.12 seconds
Dual variables for problems with quadratic constraints not returned.

########## warm  t=18 ##########

cuOpt version: 26.10.0, git hash: 648f805d, host arch: x86_64, device archs: 80-real
CPU: AMD EPYC 7642 48-Core Processor, threads: 5C/5T, RAM usage: 30.05/503.74GiB
CPU SIMD target: AVX2
CUDA 12.9, device: NVIDIA A100 80GB PCIe (ID 0), VRAM: 79.44 GiB
CUDA device UUID: 68df5cf5-71f9-6a93-b428-460c080ffb10
Problem has 1 quadratic constraints. Converting to second-order cones and solving with barrier.
Barrier: reusing cache (skip convert/presolve/scaling)
Barrier solver started at 0.000 seconds
Barrier solver: 5103 constraints, 10102 variables, 265152 nonzeros
Barrier setup complete at 0.000 seconds
Adaptive regularization enabled


                  Objective                         Infeasibility        Time
Iter   Primal              Dual                Primal   Dual    Compl.   Elapsed
  0   -3.702964190560e+02 -3.711235215740e+02 3.71e+03 1.91e+00 1.19e-02 0.001
  1   -4.136200227630e+00 -3.475449712495e+02 4.01e+01 2.77e-01 6.50e-02 0.006
  2   -1.039156975344e-01 -2.487807126761e+01 4.69e-01 7.85e-03 4.78e-03 0.012
  3   -5.492703520484e-02 -6.425745747629e-01 4.69e-03 7.90e-05 1.47e-04 0.017
  4   -5.851160243313e-02 -1.363146170136e-01 6.20e-04 1.04e-05 1.74e-05 0.022
  5   -6.671516474544e-02 -1.384831380726e-01 4.99e-04 8.41e-06 2.78e-05 0.027
  6   -6.822891841832e-02 -1.387925503654e-01 4.62e-04 7.78e-06 3.77e-05 0.031
  7   -8.057545981634e-02 -1.255006369803e-01 2.60e-04 4.38e-06 7.74e-05 0.036
  8   -8.071997914598e-02 -1.253463137853e-01 2.45e-04 4.14e-06 6.95e-05 0.042
  9   -8.270670792669e-02 -1.240856180967e-01 1.91e-04 3.22e-06 2.25e-04 0.047
 10   -8.239364822391e-02 -1.230769919998e-01 1.70e-04 2.86e-06 4.87e-04 0.053
 11   -9.220735492931e-02 -1.088215762915e-01 6.13e-05 1.03e-06 1.34e-04 0.058
 12   -9.241894711257e-02 -1.075312591991e-01 4.54e-05 7.65e-07 2.33e-04 0.063
 13   -9.595453368026e-02 -1.021142494395e-01 1.55e-05 2.61e-07 1.02e-04 0.068
 14   -9.664321953472e-02 -1.008019156291e-01 8.33e-06 1.40e-07 9.17e-05 0.074
 15   -9.769467277739e-02 -9.939475119827e-02 3.14e-06 5.30e-08 3.33e-05 0.079
 16   -9.798719850364e-02 -9.890598790975e-02 1.28e-06 2.16e-08 2.03e-05 0.084
 17   -9.826181813263e-02 -9.854192964795e-02 3.57e-07 6.02e-09 6.12e-06 0.089
 18   -9.833657801316e-02 -9.843182742298e-02 7.95e-08 1.33e-09 1.79e-06 0.094
 19   -9.836991667898e-02 -9.839075979605e-02 1.66e-08 2.81e-10 3.94e-07 0.099
 20   -9.837777884039e-02 -9.838047534766e-02 1.31e-09 1.96e-11 3.81e-08 0.104
 21   -9.837885074662e-02 -9.837919621940e-02 1.68e-10 1.01e-11 4.94e-09 0.109
 22   -9.837899997112e-02 -9.837901709171e-02 8.31e-12 5.13e-11 2.37e-10 0.113
 23   -9.837900754731e-02 -9.837900792763e-02 1.84e-13 1.05e-09 4.89e-12 0.118


Optimal solution found in 23 iterations and 0.118s
Objective -9.83790075e-02
Primal infeasibility (abs/rel): 3.69e-13/1.84e-13
Dual infeasibility   (abs/rel): 1.16e-09/1.05e-09
Complementarity gap  (abs/rel): 5.37e-12/4.89e-12


Barrier finished in 0.12 seconds
Dual variables for problems with quadratic constraints not returned.

########## warm  t=19 ##########

cuOpt version: 26.10.0, git hash: 648f805d, host arch: x86_64, device archs: 80-real
CPU: AMD EPYC 7642 48-Core Processor, threads: 5C/5T, RAM usage: 30.10/503.74GiB
CPU SIMD target: AVX2
CUDA 12.9, device: NVIDIA A100 80GB PCIe (ID 0), VRAM: 79.44 GiB
CUDA device UUID: 68df5cf5-71f9-6a93-b428-460c080ffb10
Problem has 1 quadratic constraints. Converting to second-order cones and solving with barrier.
Barrier: reusing cache (skip convert/presolve/scaling)
Barrier solver started at 0.000 seconds
Barrier solver: 5103 constraints, 10102 variables, 265152 nonzeros
Barrier setup complete at 0.000 seconds
Adaptive regularization enabled


                  Objective                         Infeasibility        Time
Iter   Primal              Dual                Primal   Dual    Compl.   Elapsed
  0   -3.704438282728e+02 -3.711104708303e+02 3.71e+03 1.91e+00 1.19e-02 0.001
  1   -4.139322487461e+00 -3.475321003739e+02 4.01e+01 2.77e-01 6.50e-02 0.006
  2   -1.040051645786e-01 -2.488690059915e+01 4.69e-01 7.85e-03 4.78e-03 0.012
  3   -5.496098290900e-02 -6.429066466971e-01 4.69e-03 7.91e-05 1.48e-04 0.016
  4   -5.855459132465e-02 -1.362807828578e-01 6.19e-04 1.04e-05 1.73e-05 0.021
  5   -6.665907728715e-02 -1.384240677307e-01 5.01e-04 8.44e-06 2.67e-05 0.026
  6   -6.830397407936e-02 -1.387646904003e-01 4.61e-04 7.77e-06 3.69e-05 0.031
  7   -8.178965068420e-02 -1.244187875720e-01 2.41e-04 4.06e-06 7.25e-05 0.036
  8   -8.204667333147e-02 -1.241615513236e-01 2.21e-04 3.73e-06 7.39e-05 0.041
  9   -8.363783321406e-02 -1.231267562003e-01 1.77e-04 2.98e-06 1.96e-04 0.046
 10   -8.573826314200e-02 -1.205847460173e-01 1.06e-04 1.79e-06 1.75e-04 0.054
 11   -8.728360766766e-02 -1.169549405466e-01 6.97e-05 1.17e-06 3.38e-04 0.060
 12   -9.492178523446e-02 -1.048282905895e-01 2.14e-05 3.60e-07 7.49e-05 0.065
 13   -9.573363293688e-02 -1.031913850334e-01 1.32e-05 2.22e-07 8.97e-05 0.070
 14   -9.611217937711e-02 -1.025782578624e-01 1.00e-05 1.69e-07 9.41e-05 0.076
 15   -9.721223360898e-02 -1.009317456522e-01 5.10e-06 8.59e-08 4.82e-05 0.081
 16   -9.738047607304e-02 -1.005140832513e-01 3.53e-06 5.94e-08 4.78e-05 0.087
 17   -9.813667348541e-02 -9.940576145459e-02 1.10e-06 1.85e-08 1.83e-05 0.092
 18   -9.834629730039e-02 -9.908004990997e-02 4.97e-07 8.38e-09 1.30e-05 0.098
 19   -9.855959438927e-02 -9.879983180352e-02 1.40e-07 2.37e-09 4.15e-06 0.102
 20   -9.863009676226e-02 -9.870302415252e-02 3.17e-08 5.18e-10 1.35e-06 0.107
 21   -9.865468522673e-02 -9.867265752218e-02 7.33e-09 1.23e-10 3.27e-07 0.112
 22   -9.866134821716e-02 -9.866398528991e-02 6.93e-10 1.84e-11 3.61e-08 0.117
 23   -9.866238143833e-02 -9.866274590461e-02 9.58e-11 9.78e-13 5.12e-09 0.122
 24   -9.866252321788e-02 -9.866257540687e-02 1.37e-11 1.54e-11 7.37e-10 0.127
 25   -9.866254596020e-02 -9.866254802255e-02 5.35e-13 9.31e-09 2.83e-11 0.131


Optimal solution found in 25 iterations and 0.131s
Objective -9.86625460e-02
Primal infeasibility (abs/rel): 1.07e-12/5.35e-13
Dual infeasibility   (abs/rel): 1.03e-08/9.31e-09
Complementarity gap  (abs/rel): 3.11e-11/2.83e-11


Barrier finished in 0.13 seconds
Dual variables for problems with quadratic constraints not returned.
