cuOpt version: 26.10.0, git hash: 648f805d, host arch: x86_64, device archs: 80-real
CPU: AMD EPYC 7642 48-Core Processor, threads: 5C/5T, RAM usage: 14.61/503.74GiB
CPU SIMD target: AVX2
CUDA 12.9, device: NVIDIA A100 80GB PCIe (ID 0), VRAM: 79.44 GiB
CUDA device UUID: 68df5cf5-71f9-6a93-b428-460c080ffb10
Problem has 1 quadratic constraints. Converting to second-order cones and solving with barrier.
Handling 50 free variables directly in augmented system
Presolved problem: 5103 constraints 10102 variables 265152 nonzeros
Skipping Ruiz equilibration (row norm ratio 1.4, column norm ratio 1.4 < 5e4, Q coeff ratio 1.0 < 100)
Barrier solver started at 0.03 seconds
Barrier solver: 5103 constraints, 10102 variables, 265152 nonzeros


Second-order cones          : 1
Free variables              : 50
Upper bounds                : 5000
Linear system               : augmented
cuDSS Version               : 0.7.1
cuDSS Threading layer       : libcudss_mtlayer_gomp.so.0
Reordering time             : 0.05s
Symbolic factorization time : 0.02s
Symbolic nonzeros in factor : 2.79e+05
Barrier setup complete at 0.11 seconds
Elapsed time                : 0.11s
Adaptive regularization enabled


                  Objective                         Infeasibility        Time
Iter   Primal              Dual                Primal   Dual    Compl.   Elapsed
  0   -4.990232124451e-02 -2.507004013074e+03 5.00e+00 9.29e+00 1.02e+02 0.1
  1   -5.007265201983e-02 -4.783607714458e+01 8.50e-02 1.64e+00 5.56e+00 0.1
  2   -5.982974383086e-02 -1.496934868754e+00 8.50e-04 4.71e-01 1.33e-01 0.1
  3   -6.403004787153e-02 -2.649221273535e-01 1.18e-04 6.56e-02 1.87e-02 0.1
  4   -7.545580715702e-02 -2.122949101632e-01 4.86e-05 2.70e-02 7.38e-03 0.1
  5   -8.838005697687e-02 -1.258753540992e-01 1.20e-05 6.66e-03 1.81e-03 0.1
  6   -9.279561500034e-02 -1.101345611587e-01 2.32e-06 1.29e-03 3.13e-04 0.2
  7   -9.573767051472e-02 -1.034695718785e-01 9.03e-07 5.01e-04 1.46e-04 0.2
  8   -9.775881067158e-02 -9.961423040584e-02 1.22e-07 6.77e-05 1.27e-05 0.2
  9   -9.828670089248e-02 -9.877831823644e-02 2.28e-08 1.27e-05 1.76e-06 0.2
 10   -9.840223723169e-02 -9.859795952491e-02 5.65e-09 3.13e-06 1.17e-06 0.2
 11   -9.847720991052e-02 -9.850265308121e-02 6.52e-10 3.62e-07 1.63e-07 0.2
 12   -9.848702073590e-02 -9.849024942573e-02 8.23e-11 4.57e-08 2.31e-08 0.2
 13   -9.848831486850e-02 -9.848860835792e-02 7.46e-12 4.15e-09 1.94e-09 0.2
 14   -9.848843857169e-02 -9.848845153891e-02 3.29e-13 1.25e-10 5.72e-11 0.2
 15   -9.848844407552e-02 -9.848844463625e-02 1.18e-14 3.42e-10 1.53e-12 0.2


Optimal solution found in 15 iterations and 0.198s
Objective -9.84884441e-02
Primal infeasibility (abs/rel): 2.35e-14/1.18e-14
Dual infeasibility   (abs/rel): 3.76e-10/3.42e-10
Complementarity gap  (abs/rel): 1.68e-12/1.53e-12


Barrier finished in 0.20 seconds
Dual variables for problems with quadratic constraints not returned.
