cuOpt version: 26.10.0, git hash: 648f805d, host arch: x86_64, device archs: 80-real
CPU: AMD EPYC 7642 48-Core Processor, threads: 5C/5T, RAM usage: 14.77/503.74GiB
CPU SIMD target: AVX2
CUDA 12.9, device: NVIDIA A100 80GB PCIe (ID 0), VRAM: 79.44 GiB
CUDA device UUID: 68df5cf5-71f9-6a93-b428-460c080ffb10
Problem has 1 quadratic constraints. Converting to second-order cones and solving with barrier.
Handling 50 free variables directly in augmented system
Presolved problem: 5103 constraints 10102 variables 265152 nonzeros
Skipping Ruiz equilibration (row norm ratio 1.4, column norm ratio 1.4 < 5e4, Q coeff ratio 1.0 < 100)
Barrier solver started at 0.03 seconds
Barrier solver: 5103 constraints, 10102 variables, 265152 nonzeros


Second-order cones          : 1
Free variables              : 50
Upper bounds                : 5000
Linear system               : augmented
cuDSS Version               : 0.7.1
cuDSS Threading layer       : libcudss_mtlayer_gomp.so.0
Reordering time             : 0.05s
Symbolic factorization time : 0.02s
Symbolic nonzeros in factor : 2.79e+05
Barrier setup complete at 0.11 seconds
Elapsed time                : 0.11s
Adaptive regularization enabled


                  Objective                         Infeasibility        Time
Iter   Primal              Dual                Primal   Dual    Compl.   Elapsed
  0   -4.988857356581e-02 -2.507082430269e+03 5.00e+00 9.28e+00 1.02e+02 0.1
  1   -5.005865200606e-02 -4.760388778029e+01 8.46e-02 1.64e+00 5.55e+00 0.1
  2   -5.987114650324e-02 -1.455801528109e+00 8.46e-04 4.69e-01 1.32e-01 0.1
  3   -6.426189808254e-02 -2.723487751732e-01 1.25e-04 6.97e-02 1.98e-02 0.1
  4   -7.481540158235e-02 -2.180069395136e-01 4.89e-05 2.72e-02 7.38e-03 0.1
  5   -8.772952130467e-02 -1.273287470445e-01 1.24e-05 6.89e-03 1.86e-03 0.1
  6   -9.267934505726e-02 -1.099340018477e-01 1.88e-06 1.04e-03 2.09e-04 0.2
  7   -9.401720353045e-02 -1.061585481042e-01 1.05e-06 5.85e-04 1.79e-04 0.2
  8   -9.668457723613e-02 -1.013657919530e-01 3.81e-07 2.12e-04 8.49e-05 0.2
  9   -9.797922473596e-02 -9.905092938093e-02 7.20e-08 4.00e-05 1.37e-05 0.2
 10   -9.827947349496e-02 -9.851930518838e-02 1.12e-08 6.21e-06 3.10e-06 0.2
 11   -9.836405153017e-02 -9.840042062247e-02 1.64e-09 9.14e-07 4.89e-07 0.2
 12   -9.837696317030e-02 -9.838197349187e-02 2.25e-10 1.25e-07 6.87e-08 0.2
 13   -9.837885668352e-02 -9.837922681176e-02 1.65e-11 9.15e-09 5.02e-09 0.2
 14   -9.837900285336e-02 -9.837901463146e-02 9.33e-13 5.30e-09 1.45e-10 0.2
 15   -9.837900732745e-02 -9.837900826966e-02 5.07e-14 5.14e-09 1.02e-11 0.2


Optimal solution found in 15 iterations and 0.196s
Objective -9.83790073e-02
Primal infeasibility (abs/rel): 1.01e-13/5.07e-14
Dual infeasibility   (abs/rel): 5.66e-09/5.14e-09
Complementarity gap  (abs/rel): 1.12e-11/1.02e-11


Barrier finished in 0.20 seconds
Dual variables for problems with quadratic constraints not returned.
