cuOpt version: 26.10.0, git hash: 648f805d, host arch: x86_64, device archs: 80-real
CPU: AMD EPYC 7642 48-Core Processor, threads: 5C/5T, RAM usage: 37.39/503.74GiB
CPU SIMD target: AVX2
CUDA 12.9, device: NVIDIA A100 80GB PCIe (ID 0), VRAM: 79.44 GiB
CUDA device UUID: 68df5cf5-71f9-6a93-b428-460c080ffb10
Problem has 1 quadratic constraints. Converting to second-order cones and solving with barrier.
Handling 50 free variables directly in augmented system
Presolved problem: 5103 constraints 10102 variables 265152 nonzeros
Skipping Ruiz equilibration (row norm ratio 1.4, column norm ratio 1.4 < 5e4, Q coeff ratio 1.0 < 100)
Barrier solver started at 0.027 seconds
Barrier solver: 5103 constraints, 10102 variables, 265152 nonzeros


Second-order cones          : 1
Free variables              : 50
Upper bounds                : 5000
Linear system               : augmented
cuDSS Version               : 0.7.1
cuDSS Threading layer       : libcudss_mtlayer_gomp.so.0
Reordering time             : 0.052s
Symbolic factorization time : 0.024s
Symbolic nonzeros in factor : 2.79e+05
Elapsed time for augmented  : 0.109 seconds
Elapsed time           : 0.109 seconds
Barrier setup complete at 0.109 seconds
Adaptive regularization enabled


                  Objective                         Infeasibility        Time
Iter   Primal              Dual                Primal   Dual    Compl.   Elapsed
  0   -3.703274138474e+02 -3.710708058040e+02 3.71e+03 1.91e+00 1.19e-02 0.110
  1   -8.080486158747e-01 -3.472779488076e+02 6.70e+00 2.97e-01 1.68e-01 0.114
  2   -6.077017195124e-02 -4.918257914625e+00 5.27e-02 3.11e-03 1.96e-03 0.118
  3   -5.629282886234e-02 -2.016747179866e-01 1.46e-03 8.58e-05 4.64e-05 0.122
  4   -6.110266094748e-02 -2.039932901331e-01 1.34e-03 7.87e-05 4.69e-05 0.126
  5   -6.121839319153e-02 -2.039906546433e-01 1.32e-03 7.80e-05 4.83e-05 0.130
  6   -7.214707157146e-02 -1.974984129308e-01 6.75e-04 3.98e-05 3.31e-04 0.134
  7   -7.208405236838e-02 -1.955975718780e-01 6.15e-04 3.62e-05 3.00e-04 0.140
  8   -7.941352917411e-02 -1.605060077394e-01 3.87e-04 2.28e-05 2.37e-04 0.144
  9   -7.947272592248e-02 -1.604465318557e-01 3.82e-04 2.25e-05 2.34e-04 0.149
 10   -8.436661233979e-02 -1.392602323600e-01 1.75e-04 1.03e-05 1.69e-04 0.153
 11   -8.426302634337e-02 -1.390435641000e-01 1.72e-04 1.01e-05 1.66e-04 0.159
 12   -8.508341028605e-02 -1.319497847701e-01 9.48e-05 5.59e-06 1.22e-04 0.163
 13   -8.507748018807e-02 -1.316135909452e-01 9.15e-05 5.39e-06 1.88e-04 0.167
 14   -8.529607154107e-02 -1.309620479838e-01 8.67e-05 5.11e-06 2.10e-04 0.173
 15   -8.667437922438e-02 -1.247028884855e-01 4.69e-05 2.77e-06 1.70e-04 0.177
 16   -8.671882584809e-02 -1.241921149295e-01 4.45e-05 2.62e-06 1.88e-04 0.182
 17   -8.839612366612e-02 -1.193940249192e-01 2.84e-05 1.67e-06 1.59e-04 0.186
 18   -8.849326629908e-02 -1.191311392743e-01 2.74e-05 1.62e-06 1.69e-04 0.192
 19   -8.954901643000e-02 -1.161724779008e-01 1.97e-05 1.16e-06 1.50e-04 0.196
 20   -8.955374246587e-02 -1.159462283313e-01 1.91e-05 1.12e-06 1.59e-04 0.207
 21   -9.100815817355e-02 -1.126267459337e-01 1.31e-05 7.70e-07 1.37e-04 0.211
 22   -9.106864190986e-02 -1.124263091383e-01 1.26e-05 7.44e-07 1.45e-04 0.216
 23   -9.235926658024e-02 -1.096578967740e-01 8.57e-06 5.05e-07 1.17e-04 0.221
 24   -9.236055719790e-02 -1.095013971791e-01 8.28e-06 4.88e-07 1.24e-04 0.226
 25   -9.355065645542e-02 -1.071531090535e-01 5.56e-06 3.28e-07 9.92e-05 0.231
 26   -9.357619487677e-02 -1.070293195992e-01 5.37e-06 3.16e-07 1.05e-04 0.237
 27   -9.441518435303e-02 -1.054051444359e-01 3.72e-06 2.19e-07 8.28e-05 0.241
 28   -9.442126746276e-02 -1.053055333832e-01 3.60e-06 2.12e-07 8.73e-05 0.247
 29   -9.510712059180e-02 -1.040513361368e-01 2.54e-06 1.50e-07 6.95e-05 0.251
 30   -9.512925952443e-02 -1.039702224198e-01 2.45e-06 1.44e-07 7.32e-05 0.257
 31   -9.562660652613e-02 -1.030732065810e-01 1.78e-06 1.05e-07 5.89e-05 0.262
 32   -9.563944054813e-02 -1.030051873502e-01 1.71e-06 1.01e-07 6.18e-05 0.268
 33   -9.608368631502e-02 -1.022530695787e-01 1.25e-06 7.34e-08 4.97e-05 0.272
 34   -9.610467229031e-02 -1.021954163864e-01 1.20e-06 7.06e-08 5.21e-05 0.278
 35   -9.645309881295e-02 -1.016188065864e-01 8.85e-07 5.22e-08 4.19e-05 0.283
 36   -9.646740565123e-02 -1.015701447510e-01 8.51e-07 5.01e-08 4.38e-05 0.289
 37   -9.677024357075e-02 -1.010913764286e-01 6.30e-07 3.72e-08 3.53e-05 0.293
 38   -9.678893142267e-02 -1.010497787337e-01 6.05e-07 3.57e-08 3.68e-05 0.299
 39   -9.702589558700e-02 -1.006807864110e-01 4.55e-07 2.68e-08 2.99e-05 0.304
 40   -9.704021769906e-02 -1.006453207512e-01 4.36e-07 2.57e-08 3.11e-05 0.310
 41   -9.724835477525e-02 -1.003337490367e-01 3.29e-07 1.94e-08 2.52e-05 0.315
 42   -9.726497466079e-02 -1.003026903970e-01 3.15e-07 1.85e-08 2.63e-05 0.321
 43   -9.743676271614e-02 -1.000506828310e-01 2.38e-07 1.41e-08 2.14e-05 0.326
 44   -9.745002771708e-02 -1.000239610375e-01 2.28e-07 1.34e-08 2.23e-05 0.332
 45   -9.760606102218e-02 -9.980348855291e-02 1.72e-07 1.01e-08 1.80e-05 0.336
 46   -9.762015766154e-02 -9.977990047447e-02 1.64e-07 9.67e-09 1.87e-05 0.342
 47   -9.775400646085e-02 -9.959509032362e-02 1.23e-07 7.27e-09 1.50e-05 0.346
 48   -9.776534969317e-02 -9.957494178238e-02 1.18e-07 6.93e-09 1.56e-05 0.352
 49   -9.788709989679e-02 -9.941219657555e-02 8.73e-08 5.15e-09 1.23e-05 0.356
 50   -9.789830994679e-02 -9.939466306589e-02 8.31e-08 4.90e-09 1.28e-05 0.362
 51   -9.800001802590e-02 -9.926100558787e-02 6.16e-08 3.63e-09 1.01e-05 0.366
 52   -9.800910002208e-02 -9.924629971427e-02 5.85e-08 3.45e-09 1.04e-05 0.372
 53   -9.809739598774e-02 -9.913288825997e-02 4.30e-08 2.54e-09 8.12e-06 0.376
 54   -9.810612284251e-02 -9.912013133880e-02 4.08e-08 2.40e-09 8.38e-06 0.382
 55   -9.817834781031e-02 -9.902861576112e-02 3.00e-08 1.77e-09 6.52e-06 0.388
 56   -9.818558477870e-02 -9.901789686581e-02 2.84e-08 1.67e-09 6.72e-06 0.395
 57   -9.824763321078e-02 -9.894078197100e-02 2.07e-08 1.22e-09 5.19e-06 0.400
 58   -9.825441976459e-02 -9.893146177660e-02 1.96e-08 1.15e-09 5.33e-06 0.405
 59   -9.830534566506e-02 -9.886896103934e-02 1.43e-08 8.40e-10 4.10e-06 0.410
 60   -9.831100779248e-02 -9.886115333263e-02 1.34e-08 7.91e-10 4.20e-06 0.416
 61   -9.835437368665e-02 -9.880877465542e-02 9.69e-09 5.71e-10 3.20e-06 0.419
 62   -9.835954086821e-02 -9.880202469491e-02 9.09e-09 5.36e-10 3.27e-06 0.425
 63   -9.839484300306e-02 -9.875983133744e-02 6.54e-09 3.85e-10 2.47e-06 0.429
 64   -9.839915759696e-02 -9.875420708538e-02 6.12e-09 3.61e-10 2.52e-06 0.435
 65   -9.842868844967e-02 -9.871935617296e-02 4.36e-09 2.57e-10 1.89e-06 0.439
 66   -9.843254168307e-02 -9.871452534173e-02 4.07e-09 2.40e-10 1.92e-06 0.445
 67   -9.845625946494e-02 -9.868677184184e-02 2.88e-09 1.70e-10 1.43e-06 0.449
 68   -9.845947957537e-02 -9.868275848652e-02 2.68e-09 1.58e-10 1.44e-06 0.454
 69   -9.847898930635e-02 -9.866015875480e-02 1.88e-09 1.11e-10 1.06e-06 0.459
 70   -9.848181959898e-02 -9.865672731521e-02 1.74e-09 1.03e-10 1.07e-06 0.465
 71   -9.849733631940e-02 -9.863888204398e-02 1.22e-09 7.18e-11 7.83e-07 0.469
 72   -9.849969304975e-02 -9.863604410166e-02 1.12e-09 6.61e-11 7.85e-07 0.474
 73   -9.851219714987e-02 -9.862177583194e-02 7.77e-10 4.58e-11 5.68e-07 0.478
 74   -9.851423096419e-02 -9.861937342744e-02 7.12e-10 4.19e-11 5.66e-07 0.484
 75   -9.852395775541e-02 -9.860833487546e-02 4.91e-10 2.89e-11 4.07e-07 0.488
 76   -9.852564428307e-02 -9.860635702801e-02 4.47e-10 2.64e-11 4.03e-07 0.493
 77   -9.853327670451e-02 -9.859774556312e-02 3.06e-10 1.80e-11 2.87e-07 0.497
 78   -9.853471825934e-02 -9.859607816248e-02 2.77e-10 1.63e-11 2.83e-07 0.502
 79   -9.854055358133e-02 -9.858952283349e-02 1.89e-10 1.11e-11 2.01e-07 0.506
 80   -9.854175141268e-02 -9.858814662635e-02 1.69e-10 9.93e-12 1.96e-07 0.512
 81   -9.854625463308e-02 -9.858311100956e-02 1.15e-10 6.71e-12 1.38e-07 0.516
 82   -9.854727157898e-02 -9.858195374576e-02 1.02e-10 5.89e-12 1.34e-07 0.521
 83   -9.855067032196e-02 -9.857816660639e-02 6.91e-11 3.99e-12 9.37e-08 0.525
 84   -9.855151305144e-02 -9.857721293582e-02 6.07e-11 3.43e-12 8.96e-08 0.530
 85   -9.855408553638e-02 -9.857435662608e-02 4.08e-11 2.30e-12 6.25e-08 0.534
 86   -9.855479270557e-02 -9.857356164981e-02 3.55e-11 1.92e-12 5.90e-08 0.539
 87   -9.855669693099e-02 -9.857145318671e-02 2.37e-11 1.30e-12 4.09e-08 0.543
 88   -9.855727770549e-02 -9.857080321438e-02 2.03e-11 1.14e-12 3.81e-08 0.548
 89   -9.855868339928e-02 -9.856925095010e-02 1.35e-11 7.55e-13 2.62e-08 0.554
 90   -9.855916217931e-02 -9.856871760580e-02 1.13e-11 4.97e-13 2.40e-08 0.559
 91   -9.856017587955e-02 -9.856760062667e-02 7.49e-12 3.26e-13 1.64e-08 0.563
 92   -9.856056167500e-02 -9.856717233393e-02 6.17e-12 6.68e-13 1.47e-08 0.568
 93   -9.856128423198e-02 -9.856637776551e-02 4.05e-12 4.10e-13 9.97e-09 0.572
 94   -9.856159301225e-02 -9.856603607887e-02 3.25e-12 3.68e-13 8.69e-09 0.577
 95   -9.856209260623e-02 -9.856548757947e-02 2.11e-12 2.39e-13 5.85e-09 0.581
 96   -9.856233343353e-02 -9.856522176045e-02 1.64e-12 7.93e-13 4.94e-09 0.586
 97   -9.856267068061e-02 -9.856485203986e-02 1.06e-12 5.28e-13 3.29e-09 0.590
 98   -9.856285528923e-02 -9.856464873261e-02 7.90e-13 2.48e-13 2.66e-09 0.594
 99   -9.856307372271e-02 -9.856440955158e-02 5.02e-13 1.07e-13 1.75e-09 0.598
100   -9.856321029440e-02 -9.856425941995e-02 3.55e-13 3.07e-13 1.34e-09 0.603
101   -9.856334560905e-02 -9.856411140974e-02 2.22e-13 1.27e-13 8.70e-10 0.607
102   -9.856344236607e-02 -9.856400521291e-02 1.46e-13 1.54e-12 6.16e-10 0.612
103   -9.856352082299e-02 -9.856391947099e-02 8.93e-14 8.49e-13 3.90e-10 0.616
104   -9.856358366553e-02 -9.856385058901e-02 5.28e-14 4.50e-13 2.49e-10 0.620
105   -9.856362567862e-02 -9.856380471034e-02 3.11e-14 3.16e-13 1.51e-10 0.624
106   -9.856366064599e-02 -9.856376643039e-02 2.15e-13 5.50e-11 8.45e-11 0.628
107   -9.856368045784e-02 -9.856374480613e-02 1.16e-13 2.99e-11 4.72e-11 0.632
108   -9.856369605442e-02 -9.856372773915e-02 3.97e-14 1.64e-10 2.20e-11 0.636
109   -9.856370345277e-02 -9.856371966871e-02 1.85e-14 7.70e-11 1.06e-11 0.640
110   -9.856370806869e-02 -9.856371462179e-02 3.15e-14 3.25e-10 3.71e-12 0.644


Optimal solution found in 110 iterations and 0.644s
Objective -9.85637081e-02
Primal infeasibility (abs/rel): 6.31e-14/3.15e-14
Dual infeasibility   (abs/rel): 3.58e-10/3.25e-10
Complementarity gap  (abs/rel): 4.07e-12/3.71e-12


Barrier finished in 0.65 seconds
Dual variables for problems with quadratic constraints not returned.
