cuOpt version: 26.10.0, git hash: 648f805d, host arch: x86_64, device archs: 80-real
CPU: AMD EPYC 7642 48-Core Processor, threads: 5C/5T, RAM usage: 37.58/503.74GiB
CPU SIMD target: AVX2
CUDA 12.9, device: NVIDIA A100 80GB PCIe (ID 0), VRAM: 79.44 GiB
CUDA device UUID: 68df5cf5-71f9-6a93-b428-460c080ffb10
Problem has 1 quadratic constraints. Converting to second-order cones and solving with barrier.
Handling 50 free variables directly in augmented system
Presolved problem: 5103 constraints 10102 variables 265152 nonzeros
Skipping Ruiz equilibration (row norm ratio 1.4, column norm ratio 1.4 < 5e4, Q coeff ratio 1.0 < 100)
Barrier solver started at 0.026 seconds
Barrier solver: 5103 constraints, 10102 variables, 265152 nonzeros


Second-order cones          : 1
Free variables              : 50
Upper bounds                : 5000
Linear system               : augmented
cuDSS Version               : 0.7.1
cuDSS Threading layer       : libcudss_mtlayer_gomp.so.0
Reordering time             : 0.141s
Symbolic factorization time : 0.024s
Symbolic nonzeros in factor : 2.79e+05
Elapsed time for augmented  : 0.198 seconds
Elapsed time           : 0.198 seconds
Barrier setup complete at 0.198 seconds
Adaptive regularization enabled


                  Objective                         Infeasibility        Time
Iter   Primal              Dual                Primal   Dual    Compl.   Elapsed
  0   -3.701605598740e+02 -3.710234169387e+02 3.71e+03 1.91e+00 1.19e-02 0.199
  1   -8.080457877290e-01 -3.472304197073e+02 6.71e+00 2.97e-01 1.68e-01 0.203
  2   -6.078091649090e-02 -4.935431654789e+00 5.31e-02 3.12e-03 1.97e-03 0.207
  3   -5.626529095630e-02 -2.021234868490e-01 1.46e-03 8.61e-05 4.64e-05 0.210
  4   -6.208280281084e-02 -2.045751208729e-01 1.30e-03 7.67e-05 7.72e-05 0.214
  5   -6.228590423377e-02 -2.045309402145e-01 1.28e-03 7.55e-05 7.76e-05 0.219
  6   -7.644388548671e-02 -1.904807664677e-01 3.56e-04 2.09e-05 2.89e-04 0.223
  7   -7.623582527931e-02 -1.880043115025e-01 3.19e-04 1.88e-05 2.69e-04 0.228
  8   -8.313317827245e-02 -1.488388124149e-01 1.77e-04 1.04e-05 1.78e-04 0.232
  9   -8.318314228147e-02 -1.488285668126e-01 1.75e-04 1.03e-05 1.76e-04 0.237
 10   -8.588663142679e-02 -1.314386481250e-01 6.09e-05 3.58e-06 1.08e-04 0.241
 11   -8.577693461927e-02 -1.312560786528e-01 6.00e-05 3.53e-06 1.06e-04 0.249
 12   -8.920896469078e-02 -1.208451597812e-01 3.30e-05 1.94e-06 7.00e-05 0.253
 13   -8.913751822895e-02 -1.206166587077e-01 3.19e-05 1.88e-06 6.79e-05 0.257
 14   -9.065489698064e-02 -1.160138394201e-01 2.14e-05 1.26e-06 5.58e-05 0.262
 15   -9.058009139371e-02 -1.159199368696e-01 2.12e-05 1.25e-06 5.52e-05 0.268
 16   -9.063585181270e-02 -1.146283355967e-01 1.70e-05 1.00e-06 8.00e-05 0.272
 17   -9.069687757745e-02 -1.145459805796e-01 1.66e-05 9.76e-07 8.81e-05 0.277
 18   -9.122540449396e-02 -1.126972294499e-01 1.26e-05 7.39e-07 9.31e-05 0.282
 19   -9.120468185202e-02 -1.125392655755e-01 1.22e-05 7.18e-07 1.00e-04 0.287
 20   -9.198779560041e-02 -1.105065702421e-01 9.08e-06 5.34e-07 1.06e-04 0.292
 21   -9.205360200177e-02 -1.103926843569e-01 8.79e-06 5.17e-07 1.13e-04 0.297
 22   -9.301435236616e-02 -1.082628017295e-01 6.19e-06 3.64e-07 9.79e-05 0.302
 23   -9.299094159848e-02 -1.081242658774e-01 5.99e-06 3.52e-07 1.04e-04 0.307
 24   -9.397767505230e-02 -1.061770865423e-01 4.14e-06 2.44e-07 9.07e-05 0.312
 25   -9.403138802698e-02 -1.060564555407e-01 3.99e-06 2.35e-07 9.57e-05 0.317
 26   -9.470634740920e-02 -1.047280325739e-01 2.84e-06 1.67e-07 7.85e-05 0.322
 27   -9.470380570684e-02 -1.046282032665e-01 2.73e-06 1.61e-07 8.24e-05 0.327
 28   -9.531090257139e-02 -1.035211591552e-01 1.95e-06 1.15e-07 6.81e-05 0.332
 29   -9.535223394014e-02 -1.034355592430e-01 1.87e-06 1.10e-07 7.14e-05 0.338
 30   -9.579490790419e-02 -1.026332116389e-01 1.37e-06 8.03e-08 5.82e-05 0.342
 31   -9.580467506817e-02 -1.025616186372e-01 1.31e-06 7.70e-08 6.08e-05 0.348
 32   -9.624474134898e-02 -1.018292067301e-01 9.37e-07 5.51e-08 4.87e-05 0.352
 33   -9.627656245466e-02 -1.017683853414e-01 8.98e-07 5.28e-08 5.09e-05 0.358
 34   -9.662049414929e-02 -1.012066673036e-01 6.47e-07 3.81e-08 4.02e-05 0.363
 35   -9.663204654776e-02 -1.011577160034e-01 6.19e-07 3.64e-08 4.19e-05 0.369
 36   -9.695458842156e-02 -1.006629474926e-01 4.39e-07 2.58e-08 3.24e-05 0.373
 37   -9.697718205638e-02 -1.006224471309e-01 4.20e-07 2.47e-08 3.37e-05 0.379
 38   -9.721447940035e-02 -1.002614065798e-01 3.03e-07 1.78e-08 2.61e-05 0.384
 39   -9.722520808683e-02 -1.002295567251e-01 2.90e-07 1.70e-08 2.71e-05 0.389
 40   -9.743996747473e-02 -9.991834398418e-02 2.06e-07 1.21e-08 2.08e-05 0.393
 41   -9.745643610424e-02 -9.989151579888e-02 1.97e-07 1.16e-08 2.16e-05 0.399
 42   -9.762040753693e-02 -9.965748623026e-02 1.43e-07 8.39e-09 1.66e-05 0.403
 43   -9.762974340853e-02 -9.963619499370e-02 1.36e-07 8.01e-09 1.72e-05 0.409
 44   -9.778074678396e-02 -9.943017193433e-02 9.69e-08 5.70e-09 1.30e-05 0.413
 45   -9.779255875180e-02 -9.941211280683e-02 9.25e-08 5.44e-09 1.35e-05 0.418
 46   -9.790805689050e-02 -9.925662651547e-02 6.66e-08 3.92e-09 1.03e-05 0.422
 47   -9.791547130072e-02 -9.924244404005e-02 6.35e-08 3.73e-09 1.07e-05 0.428
 48   -9.801912375846e-02 -9.910765965531e-02 4.51e-08 2.65e-09 7.98e-06 0.432
 49   -9.802761808019e-02 -9.909544204558e-02 4.29e-08 2.52e-09 8.27e-06 0.438
 50   -9.810733713598e-02 -9.899312486167e-02 3.08e-08 1.81e-09 6.23e-06 0.442
 51   -9.811314955559e-02 -9.898347321876e-02 2.93e-08 1.72e-09 6.45e-06 0.447
 52   -9.818319410902e-02 -9.889596977506e-02 2.07e-08 1.22e-09 4.80e-06 0.451
 53   -9.818936448653e-02 -9.888756179534e-02 1.97e-08 1.16e-09 4.96e-06 0.457
 54   -9.824286471737e-02 -9.882138818106e-02 1.41e-08 8.29e-10 3.72e-06 0.461
 55   -9.824738247555e-02 -9.881468720310e-02 1.34e-08 7.85e-10 3.84e-06 0.467
 56   -9.829361079873e-02 -9.875870537580e-02 9.47e-09 5.57e-10 2.85e-06 0.470
 57   -9.829818542126e-02 -9.875277371524e-02 8.96e-09 5.27e-10 2.94e-06 0.476
 58   -9.833389368479e-02 -9.870991610085e-02 6.40e-09 3.77e-10 2.20e-06 0.480
 59   -9.833739758114e-02 -9.870514449123e-02 6.04e-09 3.55e-10 2.26e-06 0.486
 60   -9.836792013887e-02 -9.866910495080e-02 4.28e-09 2.52e-10 1.67e-06 0.490
 61   -9.837133291490e-02 -9.866485376792e-02 4.03e-09 2.37e-10 1.71e-06 0.495
 62   -9.839504782322e-02 -9.863706132760e-02 2.87e-09 1.69e-10 1.28e-06 0.499
 63   -9.839774349364e-02 -9.863361454156e-02 2.69e-09 1.58e-10 1.30e-06 0.505
 64   -9.841775795313e-02 -9.861045040720e-02 1.90e-09 1.12e-10 9.62e-07 0.509
 65   -9.842030631474e-02 -9.860737618588e-02 1.77e-09 1.04e-10 9.78e-07 0.515
 66   -9.843589022271e-02 -9.858945133904e-02 1.26e-09 7.39e-11 7.23e-07 0.519
 67   -9.843794323220e-02 -9.858694424948e-02 1.17e-09 6.88e-11 7.33e-07 0.524
 68   -9.845088887539e-02 -9.857219313183e-02 8.22e-10 4.83e-11 5.38e-07 0.528
 69   -9.845278313712e-02 -9.856996528921e-02 7.62e-10 4.48e-11 5.43e-07 0.533
 70   -9.846283798548e-02 -9.855856522207e-02 5.36e-10 3.15e-11 3.99e-07 0.537
 71   -9.846438554635e-02 -9.855673777978e-02 4.95e-10 2.90e-11 4.00e-07 0.542
 72   -9.847261185121e-02 -9.854747665409e-02 3.46e-10 2.03e-11 2.92e-07 0.546
 73   -9.847401235155e-02 -9.854586207010e-02 3.17e-10 1.86e-11 2.92e-07 0.551
 74   -9.848038666731e-02 -9.853871531117e-02 2.22e-10 1.30e-11 2.13e-07 0.555
 75   -9.848153999619e-02 -9.853738585501e-02 2.02e-10 1.18e-11 2.11e-07 0.560
 76   -9.848667864555e-02 -9.853165529400e-02 1.40e-10 8.17e-12 1.53e-07 0.564
 77   -9.848770194214e-02 -9.853049334193e-02 1.27e-10 7.34e-12 1.50e-07 0.570
 78   -9.849165596199e-02 -9.852609849133e-02 8.77e-11 5.08e-12 1.08e-07 0.574
 79   -9.849249817790e-02 -9.852514400069e-02 7.87e-11 4.60e-12 1.06e-07 0.579
 80   -9.849561800444e-02 -9.852168997360e-02 5.40e-11 3.15e-12 7.58e-08 0.583
 81   -9.849634893271e-02 -9.852086941645e-02 4.81e-11 2.99e-12 7.33e-08 0.587
 82   -9.849870863411e-02 -9.851826357231e-02 3.29e-11 2.07e-12 5.23e-08 0.591
 83   -9.849930716168e-02 -9.851759339045e-02 2.90e-11 2.05e-12 5.00e-08 0.596
 84   -9.850111780435e-02 -9.851559955584e-02 1.97e-11 1.38e-12 3.54e-08 0.600
 85   -9.850162715015e-02 -9.851503270620e-02 1.71e-11 1.06e-12 3.35e-08 0.605
 86   -9.850296745876e-02 -9.851355969561e-02 1.16e-11 7.16e-13 2.36e-08 0.609
 87   -9.850338222989e-02 -9.851309929633e-02 9.93e-12 3.26e-13 2.20e-08 0.614
 88   -9.850438098649e-02 -9.851200396969e-02 6.68e-12 1.93e-13 1.54e-08 0.618
 89   -9.850472742387e-02 -9.851162096536e-02 5.62e-12 4.13e-13 1.41e-08 0.622
 90   -9.850544885861e-02 -9.851083102682e-02 3.76e-12 2.73e-13 9.79e-09 0.627
 91   -9.850572756370e-02 -9.851052361053e-02 3.10e-12 2.31e-13 8.77e-09 0.631
 92   -9.850624803111e-02 -9.850995465054e-02 2.06e-12 1.59e-13 6.05e-09 0.635
 93   -9.850647340314e-02 -9.850970674164e-02 1.65e-12 4.49e-13 5.27e-09 0.640
 94   -9.850683734104e-02 -9.850930941030e-02 1.09e-12 1.52e-08 3.60e-09 0.644
 95   -9.850701093360e-02 -9.850911882249e-02 8.47e-13 1.18e-08 3.05e-09 0.649
 96   -9.850726123681e-02 -9.850884588735e-02 5.48e-13 7.67e-09 2.05e-09 0.652
 97   -9.850739092386e-02 -9.850870377962e-02 4.14e-13 5.80e-09 1.68e-09 0.657
 98   -9.850755526022e-02 -9.850852474972e-02 2.64e-13 3.69e-09 1.11e-09 0.661
 99   -9.850764564185e-02 -9.850842586192e-02 1.93e-13 2.69e-09 8.75e-10 0.666
100   -9.850774864266e-02 -9.850831373334e-02 1.20e-13 1.68e-09 5.67e-10 0.669
101   -9.850780868065e-02 -9.850824812862e-02 8.48e-14 1.18e-09 4.31e-10 0.674
102   -9.850786911806e-02 -9.850818236929e-02 5.22e-14 7.29e-10 2.74e-10 0.678
103   -9.850790702370e-02 -9.850814099098e-02 6.70e-14 4.87e-10 1.99e-10 0.683
104   -9.850794072530e-02 -9.850810433810e-02 4.10e-14 2.95e-10 1.24e-10 0.686
105   -9.850796378669e-02 -9.850807918882e-02 2.02e-13 1.61e-10 8.41e-11 0.690
106   -9.850798165644e-02 -9.850805976111e-02 1.19e-13 9.51e-11 5.13e-11 0.694
107   -9.850799442917e-02 -9.850804583621e-02 2.38e-14 4.02e-11 3.20e-11 0.698
108   -9.850800328612e-02 -9.850803621241e-02 1.33e-14 2.30e-11 1.87e-11 0.702
109   -9.850800932546e-02 -9.850802963636e-02 5.39e-14 3.19e-10 1.09e-11 0.706
110   -9.850801316491e-02 -9.850802546474e-02 2.91e-14 1.72e-10 6.13e-12 0.710
111   -9.850801564242e-02 -9.850802276672e-02 1.42e-14 4.30e-10 3.42e-12 0.714


Optimal solution found in 111 iterations and 0.714s
Objective -9.85080156e-02
Primal infeasibility (abs/rel): 2.84e-14/1.42e-14
Dual infeasibility   (abs/rel): 4.74e-10/4.30e-10
Complementarity gap  (abs/rel): 3.76e-12/3.42e-12


Barrier finished in 0.72 seconds
Dual variables for problems with quadratic constraints not returned.
