cuOpt version: 26.10.0, git hash: 648f805d, host arch: x86_64, device archs: 80-real
CPU: AMD EPYC 7642 48-Core Processor, threads: 5C/5T, RAM usage: 37.43/503.74GiB
CPU SIMD target: AVX2
CUDA 12.9, device: NVIDIA A100 80GB PCIe (ID 0), VRAM: 79.44 GiB
CUDA device UUID: 68df5cf5-71f9-6a93-b428-460c080ffb10
Problem has 1 quadratic constraints. Converting to second-order cones and solving with barrier.
Handling 50 free variables directly in augmented system
Presolved problem: 5103 constraints 10102 variables 265152 nonzeros
Skipping Ruiz equilibration (row norm ratio 1.4, column norm ratio 1.4 < 5e4, Q coeff ratio 1.0 < 100)
Barrier solver started at 0.027 seconds
Barrier solver: 5103 constraints, 10102 variables, 265152 nonzeros


Second-order cones          : 1
Free variables              : 50
Upper bounds                : 5000
Linear system               : augmented
cuDSS Version               : 0.7.1
cuDSS Threading layer       : libcudss_mtlayer_gomp.so.0
Reordering time             : 0.165s
Symbolic factorization time : 0.023s
Symbolic nonzeros in factor : 2.79e+05
Elapsed time for augmented  : 0.222 seconds
Elapsed time           : 0.222 seconds
Barrier setup complete at 0.222 seconds
Adaptive regularization enabled


                  Objective                         Infeasibility        Time
Iter   Primal              Dual                Primal   Dual    Compl.   Elapsed
  0   -3.704490508896e+02 -3.710981922775e+02 3.71e+03 1.91e+00 1.19e-02 0.223
  1   -8.086098183120e-01 -3.473053946317e+02 6.71e+00 2.97e-01 1.68e-01 0.227
  2   -6.082676239747e-02 -4.940078760009e+00 5.32e-02 3.13e-03 1.98e-03 0.231
  3   -5.630105793546e-02 -2.020492554085e-01 1.46e-03 8.60e-05 4.64e-05 0.235
  4   -6.046732715395e-02 -2.040139452760e-01 1.36e-03 7.99e-05 3.52e-05 0.239
  5   -6.064885265575e-02 -2.040453041942e-01 1.34e-03 7.90e-05 3.60e-05 0.244
  6   -7.185331336587e-02 -2.005660010267e-01 6.89e-04 4.05e-05 2.93e-04 0.248
  7   -7.200773287231e-02 -1.973848347903e-01 5.96e-04 3.51e-05 3.01e-04 0.252
  8   -7.836298802629e-02 -1.658653762339e-01 3.96e-04 2.33e-05 2.21e-04 0.256
  9   -7.846619676250e-02 -1.658556090708e-01 3.90e-04 2.29e-05 2.18e-04 0.261
 10   -8.251228585287e-02 -1.467545791338e-01 1.97e-04 1.16e-05 1.74e-04 0.266
 11   -8.238833254874e-02 -1.465465582498e-01 1.95e-04 1.15e-05 1.73e-04 0.271
 12   -8.443835216669e-02 -1.358193339441e-01 1.00e-04 5.90e-06 1.30e-04 0.275
 13   -8.698155913997e-02 -1.285753317278e-01 7.56e-05 4.44e-06 1.14e-04 0.279
 14   -8.656563518663e-02 -1.281336008793e-01 7.42e-05 4.37e-06 1.59e-04 0.284
 15   -9.181730283455e-02 -1.137002179692e-01 3.42e-05 2.01e-06 1.02e-04 0.289
 16   -9.185920937193e-02 -1.135388604657e-01 3.30e-05 1.94e-06 1.09e-04 0.294
 17   -9.329892263703e-02 -1.096744651618e-01 2.10e-05 1.24e-06 7.76e-05 0.299
 18   -9.322124771503e-02 -1.095585597860e-01 2.06e-05 1.21e-06 8.28e-05 0.304
 19   -9.380397452172e-02 -1.076054140549e-01 1.39e-05 8.19e-07 6.85e-05 0.309
 20   -9.383351095304e-02 -1.074871061000e-01 1.35e-05 7.93e-07 7.44e-05 0.314
 21   -9.404209309948e-02 -1.067415956582e-01 1.11e-05 6.55e-07 6.91e-05 0.319
 22   -9.403686057000e-02 -1.066396211151e-01 1.08e-05 6.35e-07 7.35e-05 0.325
 23   -9.457818521744e-02 -1.054217570494e-01 8.20e-06 4.82e-07 6.60e-05 0.329
 24   -9.460925615198e-02 -1.053184250882e-01 7.91e-06 4.65e-07 7.03e-05 0.335
 25   -9.492794083858e-02 -1.045388960167e-01 6.25e-06 3.67e-07 6.27e-05 0.340
 26   -9.493461575870e-02 -1.044543135987e-01 6.04e-06 3.55e-07 6.60e-05 0.346
 27   -9.546823247691e-02 -1.034331932038e-01 4.47e-06 2.63e-07 5.64e-05 0.350
 28   -9.549500408251e-02 -1.033513753355e-01 4.30e-06 2.53e-07 5.95e-05 0.356
 29   -9.579921539588e-02 -1.027200141805e-01 3.31e-06 1.95e-07 5.10e-05 0.360
 30   -9.581154893887e-02 -1.026540829239e-01 3.19e-06 1.88e-07 5.34e-05 0.366
 31   -9.622750287743e-02 -1.019294854486e-01 2.35e-06 1.38e-07 4.40e-05 0.371
 32   -9.625133178950e-02 -1.018681220479e-01 2.25e-06 1.33e-07 4.62e-05 0.376
 33   -9.651138698192e-02 -1.013912949678e-01 1.71e-06 1.00e-07 3.82e-05 0.381
 34   -9.652556804876e-02 -1.013421847820e-01 1.64e-06 9.63e-08 3.99e-05 0.387
 35   -9.683184219470e-02 -1.008471164646e-01 1.20e-06 7.08e-08 3.21e-05 0.391
 36   -9.685220038740e-02 -1.008028479677e-01 1.15e-06 6.78e-08 3.35e-05 0.397
 37   -9.706135401717e-02 -1.004566602483e-01 8.61e-07 5.06e-08 2.70e-05 0.402
 38   -9.707480038448e-02 -1.004213730836e-01 8.25e-07 4.85e-08 2.81e-05 0.408
 39   -9.729420811098e-02 -1.000891320369e-01 6.06e-07 3.56e-08 2.22e-05 0.411
 40   -9.731063606489e-02 -1.000581126639e-01 5.79e-07 3.40e-08 2.31e-05 0.417
 41   -9.747036948591e-02 -9.981457169494e-02 4.29e-07 2.52e-08 1.84e-05 0.422
 42   -9.748200406545e-02 -9.978968979204e-02 4.10e-07 2.41e-08 1.91e-05 0.428
 43   -9.764243447548e-02 -9.956148591113e-02 3.00e-07 1.76e-08 1.49e-05 0.432
 44   -9.765523059519e-02 -9.953978577518e-02 2.86e-07 1.68e-08 1.54e-05 0.437
 45   -9.777932812659e-02 -9.936451471840e-02 2.08e-07 1.23e-08 1.20e-05 0.442
 46   -9.778865199727e-02 -9.934717677693e-02 1.99e-07 1.17e-08 1.24e-05 0.447
 47   -9.790772352121e-02 -9.918742395987e-02 1.43e-07 8.39e-09 9.43e-06 0.451
 48   -9.791717999424e-02 -9.917254729023e-02 1.36e-07 7.98e-09 9.77e-06 0.457
 49   -9.800868303625e-02 -9.905089892275e-02 9.74e-08 5.73e-09 7.39e-06 0.461
 50   -9.801575305573e-02 -9.903912476370e-02 9.27e-08 5.45e-09 7.65e-06 0.467
 51   -9.809629515123e-02 -9.893553082959e-02 6.61e-08 3.89e-09 5.74e-06 0.471
 52   -9.810324564540e-02 -9.892541351083e-02 6.27e-08 3.69e-09 5.93e-06 0.476
 53   -9.816422662189e-02 -9.884758723215e-02 4.50e-08 2.65e-09 4.47e-06 0.480
 54   -9.816975584716e-02 -9.883935347691e-02 4.27e-08 2.51e-09 4.61e-06 0.486
 55   -9.822299276381e-02 -9.877324898829e-02 3.05e-08 1.79e-09 3.46e-06 0.490
 56   -9.822831852446e-02 -9.876602365313e-02 2.88e-08 1.69e-09 3.56e-06 0.496
 57   -9.826994857152e-02 -9.871484124717e-02 2.06e-08 1.21e-09 2.67e-06 0.500
 58   -9.827426654844e-02 -9.870891397795e-02 1.94e-08 1.14e-09 2.74e-06 0.505
 59   -9.830999295395e-02 -9.866586978600e-02 1.38e-08 8.12e-10 2.04e-06 0.509
 60   -9.831402921413e-02 -9.866067000168e-02 1.30e-08 7.63e-10 2.09e-06 0.515
 61   -9.834194847303e-02 -9.862731351918e-02 9.23e-09 5.43e-10 1.56e-06 0.519
 62   -9.834527467053e-02 -9.862301890822e-02 8.65e-09 5.08e-10 1.59e-06 0.524
 63   -9.836875874042e-02 -9.859537974049e-02 6.12e-09 3.60e-10 1.18e-06 0.528
 64   -9.837181347443e-02 -9.859160232443e-02 5.70e-09 3.35e-10 1.20e-06 0.534
 65   -9.839020675697e-02 -9.857011358636e-02 4.03e-09 2.37e-10 8.85e-07 0.538
 66   -9.839275241536e-02 -9.856697348270e-02 3.75e-09 2.20e-10 8.95e-07 0.543
 67   -9.840799667099e-02 -9.854936445578e-02 2.63e-09 1.55e-10 6.58e-07 0.547
 68   -9.841029062563e-02 -9.854661437157e-02 2.43e-09 1.43e-10 6.62e-07 0.552
 69   -9.842218111326e-02 -9.853296243057e-02 1.70e-09 1.00e-10 4.86e-07 0.556
 70   -9.842409572426e-02 -9.853067767466e-02 1.57e-09 9.21e-11 4.86e-07 0.561
 71   -9.843374487299e-02 -9.851969039698e-02 1.09e-09 6.42e-11 3.54e-07 0.565
 72   -9.843543713071e-02 -9.851770895384e-02 9.97e-10 5.87e-11 3.52e-07 0.571
 73   -9.844288057195e-02 -9.850927365690e-02 6.93e-10 4.08e-11 2.55e-07 0.574
 74   -9.844428985721e-02 -9.850763242645e-02 6.28e-10 3.71e-11 2.52e-07 0.580
 75   -9.845020214813e-02 -9.850097280677e-02 4.35e-10 2.57e-11 1.82e-07 0.584
 76   -9.845142506770e-02 -9.849956660563e-02 3.91e-10 2.31e-11 1.78e-07 0.589
 77   -9.845592935088e-02 -9.849451196645e-02 2.70e-10 1.59e-11 1.28e-07 0.593
 78   -9.845694189979e-02 -9.849335368212e-02 2.41e-10 1.43e-11 1.24e-07 0.598
 79   -9.846044442679e-02 -9.848944066132e-02 1.65e-10 9.78e-12 8.90e-08 0.602
 80   -9.846130685669e-02 -9.848846249742e-02 1.46e-10 8.81e-12 8.56e-08 0.607
 81   -9.846393623878e-02 -9.848553352920e-02 9.96e-11 6.03e-12 6.10e-08 0.611
 82   -9.846464389912e-02 -9.848473447310e-02 8.71e-11 5.45e-12 5.80e-08 0.616
 83   -9.846664317532e-02 -9.848251469059e-02 5.92e-11 3.71e-12 4.11e-08 0.619
 84   -9.846723424984e-02 -9.848185111293e-02 5.11e-11 3.20e-12 3.85e-08 0.624
 85   -9.846870781058e-02 -9.848021873964e-02 3.46e-11 2.18e-12 2.72e-08 0.628
 86   -9.846918636511e-02 -9.847968339624e-02 2.94e-11 1.70e-12 2.51e-08 0.633
 87   -9.847027752552e-02 -9.847847755043e-02 1.98e-11 1.11e-12 1.76e-08 0.637
 88   -9.847066798551e-02 -9.847804245675e-02 1.65e-11 1.00e-12 1.60e-08 0.642
 89   -9.847145159894e-02 -9.847717799809e-02 1.10e-11 6.84e-13 1.11e-08 0.646
 90   -9.847176093740e-02 -9.847683424131e-02 9.02e-12 8.96e-13 9.86e-09 0.651
 91   -9.847232079736e-02 -9.847621771586e-02 5.96e-12 5.78e-13 6.77e-09 0.655
 92   -9.847256456098e-02 -9.847594756076e-02 4.76e-12 2.56e-13 5.87e-09 0.660
 93   -9.847295091217e-02 -9.847552267482e-02 3.11e-12 1.95e-13 3.99e-09 0.664
 94   -9.847313605133e-02 -9.847531791940e-02 2.41e-12 8.86e-13 3.36e-09 0.668
 95   -9.847339725009e-02 -9.847503103354e-02 1.55e-12 5.54e-13 2.24e-09 0.672
 96   -9.847353423176e-02 -9.847487983127e-02 1.16e-12 1.86e-13 1.82e-09 0.677
 97   -9.847370244139e-02 -9.847469525424e-02 7.39e-13 1.55e-13 1.20e-09 0.681
 98   -9.847379861628e-02 -9.847458926616e-02 5.33e-13 2.43e-12 9.33e-10 0.686
 99   -9.847390222776e-02 -9.847447566494e-02 3.33e-13 1.62e-12 6.04e-10 0.690
100   -9.847396664588e-02 -9.847440477355e-02 2.29e-13 1.74e-12 4.49e-10 0.694
101   -9.847402632250e-02 -9.847433938134e-02 1.41e-13 1.04e-12 2.86e-10 0.698
102   -9.847406705190e-02 -9.847429461313e-02 9.24e-14 1.06e-12 2.02e-10 0.703
103   -9.847409938087e-02 -9.847425920469e-02 5.62e-14 5.84e-13 1.27e-10 0.707
104   -9.847412395619e-02 -9.847423222276e-02 1.85e-13 7.31e-11 8.29e-11 0.711
105   -9.847414043289e-02 -9.847421418245e-02 1.10e-13 4.35e-11 5.12e-11 0.715
106   -9.847415377876e-02 -9.847419953510e-02 3.01e-14 1.34e-10 3.04e-11 0.718
107   -9.847416169128e-02 -9.847419087671e-02 1.69e-14 7.65e-11 1.79e-11 0.722
108   -9.847416797347e-02 -9.847418399022e-02 4.32e-14 3.01e-10 9.52e-12 0.726
109   -9.847417131283e-02 -9.847418033648e-02 2.20e-14 1.53e-10 5.01e-12 0.730


Optimal solution found in 109 iterations and 0.730s
Objective -9.84741713e-02
Primal infeasibility (abs/rel): 4.40e-14/2.20e-14
Dual infeasibility   (abs/rel): 1.69e-10/1.53e-10
Complementarity gap  (abs/rel): 5.50e-12/5.01e-12


Barrier finished in 0.73 seconds
Dual variables for problems with quadratic constraints not returned.
