cuOpt version: 26.10.0, git hash: 648f805d, host arch: x86_64, device archs: 80-real
CPU: AMD EPYC 7642 48-Core Processor, threads: 5C/5T, RAM usage: 39.20/503.74GiB
CPU SIMD target: AVX2
CUDA 12.9, device: NVIDIA A100 80GB PCIe (ID 0), VRAM: 79.44 GiB
CUDA device UUID: 68df5cf5-71f9-6a93-b428-460c080ffb10
Problem has 1 quadratic constraints. Converting to second-order cones and solving with barrier.
Handling 50 free variables directly in augmented system
Presolved problem: 5103 constraints 10102 variables 265152 nonzeros
Skipping Ruiz equilibration (row norm ratio 1.4, column norm ratio 1.4 < 5e4, Q coeff ratio 1.0 < 100)
Barrier solver started at 0.027 seconds
Barrier solver: 5103 constraints, 10102 variables, 265152 nonzeros


Second-order cones          : 1
Free variables              : 50
Upper bounds                : 5000
Linear system               : augmented
cuDSS Version               : 0.7.1
cuDSS Threading layer       : libcudss_mtlayer_gomp.so.0
Reordering time             : 0.154s
Symbolic factorization time : 0.023s
Symbolic nonzeros in factor : 2.79e+05
Elapsed time for augmented  : 0.210 seconds
Elapsed time           : 0.210 seconds
Barrier setup complete at 0.210 seconds
Adaptive regularization enabled


                  Objective                         Infeasibility        Time
Iter   Primal              Dual                Primal   Dual    Compl.   Elapsed
  0   -3.703274138474e+02 -3.710708058040e+02 3.71e+03 1.91e+00 1.19e-02 0.211
  1   -4.137051906248e+00 -3.474922988706e+02 4.01e+01 2.77e-01 6.50e-02 0.216
  2   -1.039665874828e-01 -2.487350973719e+01 4.69e-01 7.85e-03 4.78e-03 0.221
  3   -5.494861956811e-02 -6.426108944999e-01 4.69e-03 7.91e-05 1.47e-04 0.226
  4   -5.854386029111e-02 -1.360801180361e-01 6.18e-04 1.04e-05 1.73e-05 0.230
  5   -6.651989845181e-02 -1.382165106393e-01 5.03e-04 8.47e-06 2.56e-05 0.235
  6   -6.787735673975e-02 -1.385553495042e-01 4.69e-04 7.91e-06 3.65e-05 0.240
  7   -8.000826200207e-02 -1.263548053271e-01 2.70e-04 4.55e-06 7.62e-05 0.245
  8   -8.013342408299e-02 -1.261898350951e-01 2.54e-04 4.29e-06 9.32e-05 0.250
  9   -8.275777854561e-02 -1.243057840422e-01 1.86e-04 3.14e-06 2.72e-04 0.254
 10   -8.324259274468e-02 -1.222953278215e-01 1.45e-04 2.44e-06 5.49e-04 0.259
 11   -9.290666969788e-02 -1.080048516719e-01 4.82e-05 8.11e-07 1.53e-04 0.264
 12   -9.345935458752e-02 -1.064550778612e-01 3.41e-05 5.75e-07 1.79e-04 0.273
 13   -9.680879512090e-02 -1.013498264874e-01 1.07e-05 1.80e-07 6.47e-05 0.277
 14   -9.715359094065e-02 -1.005218103787e-01 6.05e-06 1.02e-07 6.35e-05 0.282
 15   -9.800922152410e-02 -9.938303908041e-02 2.32e-06 3.92e-08 2.31e-05 0.287
 16   -9.823272530455e-02 -9.900239840021e-02 9.47e-07 1.59e-08 1.50e-05 0.292
 17   -9.846619113739e-02 -9.869681403384e-02 2.58e-07 4.35e-09 4.55e-06 0.297
 18   -9.852959426169e-02 -9.860584092739e-02 5.68e-08 9.44e-10 1.36e-06 0.302
 19   -9.855651421040e-02 -9.857291516855e-02 1.17e-08 1.97e-10 2.96e-07 0.306
 20   -9.856279716103e-02 -9.856478214021e-02 7.76e-10 2.59e-10 2.45e-08 0.310
 21   -9.856360963539e-02 -9.856383044778e-02 8.59e-11 5.09e-09 2.78e-09 0.314
 22   -9.856370599525e-02 -9.856371687171e-02 1.93e-11 4.00e-08 1.31e-10 0.317
 23   -9.856371076398e-02 -9.856371155373e-02 5.67e-12 1.37e-07 8.13e-12 0.320
 24   -9.856371115708e-02 -9.856371122962e-02 8.13e-13 6.17e-05 6.50e-13 0.323
 25   -9.856371119980e-02 -9.856371120307e-02 2.80e-14 2.66e-04 1.30e-14 0.327
 26   -9.856371120143e-02 -9.856371120172e-02 1.08e-14 1.95e-03 6.26e-16 0.330
 27   -9.856371120152e-02 -9.856371120172e-02 7.16e-15 1.31e-03 1.98e-16 0.334
Numerical error in objective
Restoring previous solution


Suboptimal solution found in 28 iterations and 0.34 seconds
Objective -9.85636096e-02
Primal infeasibility (abs/rel): 1.72e-10/8.59e-11
Dual infeasibility   (abs/rel): 5.60e-09/5.09e-09
Complementarity gap  (abs/rel): 3.05e-09/2.78e-09


Barrier finished in 0.34 seconds
Dual variables for problems with quadratic constraints not returned.
