cuOpt version: 26.10.0, git hash: 648f805d, host arch: x86_64, device archs: 80-real
CPU: AMD EPYC 7642 48-Core Processor, threads: 5C/5T, RAM usage: 39.07/503.74GiB
CPU SIMD target: AVX2
CUDA 12.9, device: NVIDIA A100 80GB PCIe (ID 0), VRAM: 79.44 GiB
CUDA device UUID: 68df5cf5-71f9-6a93-b428-460c080ffb10
Problem has 1 quadratic constraints. Converting to second-order cones and solving with barrier.
Handling 50 free variables directly in augmented system
Presolved problem: 5103 constraints 10102 variables 265152 nonzeros
Skipping Ruiz equilibration (row norm ratio 1.4, column norm ratio 1.4 < 5e4, Q coeff ratio 1.0 < 100)
Barrier solver started at 0.027 seconds
Barrier solver: 5103 constraints, 10102 variables, 265152 nonzeros


Second-order cones          : 1
Free variables              : 50
Upper bounds                : 5000
Linear system               : augmented
cuDSS Version               : 0.7.1
cuDSS Threading layer       : libcudss_mtlayer_gomp.so.0
Reordering time             : 0.063s
Symbolic factorization time : 0.023s
Symbolic nonzeros in factor : 2.79e+05
Elapsed time for augmented  : 0.119 seconds
Elapsed time           : 0.119 seconds
Barrier setup complete at 0.119 seconds
Adaptive regularization enabled


                  Objective                         Infeasibility        Time
Iter   Primal              Dual                Primal   Dual    Compl.   Elapsed
  0   -3.704291987375e+02 -3.711395609108e+02 3.71e+03 1.91e+00 1.19e-02 0.120
  1   -4.138240121015e+00 -3.475611537449e+02 4.01e+01 2.77e-01 6.50e-02 0.125
  2   -1.039773673472e-01 -2.488455848350e+01 4.69e-01 7.85e-03 4.78e-03 0.130
  3   -5.495207890613e-02 -6.428341782442e-01 4.69e-03 7.91e-05 1.48e-04 0.135
  4   -5.854039328337e-02 -1.366925924223e-01 6.23e-04 1.05e-05 1.75e-05 0.139
  5   -6.604986177005e-02 -1.385362852807e-01 5.11e-04 8.60e-06 2.69e-05 0.144
  6   -6.790324127048e-02 -1.389601490280e-01 4.66e-04 7.86e-06 2.96e-05 0.149
  7   -8.303250571005e-02 -1.229863554128e-01 2.19e-04 3.69e-06 5.72e-05 0.154
  8   -8.344811566906e-02 -1.225112634414e-01 1.93e-04 3.25e-06 6.87e-05 0.159
  9   -8.415635944469e-02 -1.222342535623e-01 1.72e-04 2.89e-06 1.24e-04 0.164
 10   -8.638236897688e-02 -1.192144838733e-01 1.32e-04 2.23e-06 9.51e-05 0.168
 11   -8.613025296811e-02 -1.187881789384e-01 1.26e-04 2.13e-06 1.56e-04 0.173
 12   -9.211930489075e-02 -1.096231831246e-01 6.17e-05 1.04e-06 6.89e-05 0.178
 13   -9.284615215211e-02 -1.081499306593e-01 4.70e-05 7.92e-07 9.81e-05 0.183
 14   -9.588080878342e-02 -1.034061721963e-01 2.05e-05 3.45e-07 5.26e-05 0.188
 15   -9.595684688819e-02 -1.029402358978e-01 1.65e-05 2.78e-07 7.05e-05 0.192
 16   -9.732801110147e-02 -1.009842561839e-01 7.98e-06 1.34e-07 3.47e-05 0.197
 17   -9.754839890857e-02 -1.005084520672e-01 5.34e-06 8.99e-08 4.06e-05 0.202
 18   -9.817798914112e-02 -9.960431300548e-02 2.26e-06 3.81e-08 1.83e-05 0.207
 19   -9.831848280952e-02 -9.934775752038e-02 1.27e-06 2.13e-08 1.50e-05 0.212
 20   -9.860290962195e-02 -9.895835590592e-02 3.52e-07 5.93e-09 5.17e-06 0.216
 21   -9.870326019226e-02 -9.881809194918e-02 8.23e-08 1.37e-09 1.90e-06 0.221
 22   -9.874349758719e-02 -9.876857380339e-02 1.73e-08 1.18e-08 4.21e-07 0.225
 23   -9.875294172428e-02 -9.875621712196e-02 1.23e-09 8.45e-10 4.02e-08 0.230
 24   -9.875428633623e-02 -9.875464788904e-02 1.35e-10 5.88e-10 4.49e-09 0.233
 25   -9.875443518437e-02 -9.875446687324e-02 4.24e-11 6.27e-10 3.09e-10 0.236
 26   -9.875444820091e-02 -9.875445030283e-02 2.93e-12 1.19e-06 1.80e-11 0.239
 27   -9.875444899039e-02 -9.875444930608e-02 3.49e-13 6.82e-06 2.73e-12 0.242
 28   -9.875444912217e-02 -9.875444914118e-02 3.52e-14 2.34e-05 1.22e-13 0.245
 29   -9.875444913000e-02 -9.875444913226e-02 2.83e-14 3.64e-04 1.00e-14 0.249
 30   -9.875444913131e-02 -9.875444913150e-02 4.86e-15 8.12e-04 7.68e-16 0.252
Numerical error in objective
Restoring previous solution


Suboptimal solution found in 31 iterations and 0.26 seconds
Objective -9.87542863e-02
Primal infeasibility (abs/rel): 2.71e-10/1.35e-10
Dual infeasibility   (abs/rel): 6.48e-10/5.88e-10
Complementarity gap  (abs/rel): 4.93e-09/4.49e-09


Barrier finished in 0.26 seconds
Dual variables for problems with quadratic constraints not returned.
