cuOpt version: 26.10.0, git hash: 648f805d, host arch: x86_64, device archs: 80-real
CPU: AMD EPYC 7642 48-Core Processor, threads: 5C/5T, RAM usage: 39.16/503.74GiB
CPU SIMD target: AVX2
CUDA 12.9, device: NVIDIA A100 80GB PCIe (ID 0), VRAM: 79.44 GiB
CUDA device UUID: 68df5cf5-71f9-6a93-b428-460c080ffb10
Problem has 1 quadratic constraints. Converting to second-order cones and solving with barrier.
Handling 50 free variables directly in augmented system
Presolved problem: 5103 constraints 10102 variables 265152 nonzeros
Skipping Ruiz equilibration (row norm ratio 1.4, column norm ratio 1.4 < 5e4, Q coeff ratio 1.0 < 100)
Barrier solver started at 0.024 seconds
Barrier solver: 5103 constraints, 10102 variables, 265152 nonzeros


Second-order cones          : 1
Free variables              : 50
Upper bounds                : 5000
Linear system               : augmented
cuDSS Version               : 0.7.1
cuDSS Threading layer       : libcudss_mtlayer_gomp.so.0
Reordering time             : 0.053s
Symbolic factorization time : 0.024s
Symbolic nonzeros in factor : 2.79e+05
Elapsed time for augmented  : 0.107 seconds
Elapsed time           : 0.107 seconds
Barrier setup complete at 0.107 seconds
Adaptive regularization enabled


                  Objective                         Infeasibility        Time
Iter   Primal              Dual                Primal   Dual    Compl.   Elapsed
  0   -3.704340093575e+02 -3.710959393425e+02 3.71e+03 1.91e+00 1.19e-02 0.108
  1   -4.137998343196e+00 -3.475174945368e+02 4.01e+01 2.77e-01 6.50e-02 0.113
  2   -1.040026843868e-01 -2.487628134973e+01 4.69e-01 7.85e-03 4.78e-03 0.117
  3   -5.496235280700e-02 -6.427807953946e-01 4.69e-03 7.91e-05 1.48e-04 0.122
  4   -5.856089445158e-02 -1.359195234624e-01 6.17e-04 1.04e-05 1.72e-05 0.127
  5   -6.659170651102e-02 -1.380598273755e-01 5.02e-04 8.45e-06 2.55e-05 0.132
  6   -6.814658537820e-02 -1.384347572872e-01 4.64e-04 7.81e-06 3.21e-05 0.137
  7   -8.145174426072e-02 -1.248840330847e-01 2.46e-04 4.14e-06 6.80e-05 0.142
  8   -8.163161837724e-02 -1.246568625922e-01 2.28e-04 3.84e-06 7.92e-05 0.146
  9   -8.366657300884e-02 -1.232304571659e-01 1.73e-04 2.91e-06 2.39e-04 0.151
 10   -8.319594436682e-02 -1.225994187539e-01 1.60e-04 2.70e-06 4.86e-04 0.156
 11   -8.610208332994e-02 -1.183600754293e-01 1.18e-04 1.99e-06 4.64e-04 0.161
 12   -9.418075424871e-02 -1.056816907893e-01 2.71e-05 4.57e-07 6.09e-05 0.166
 13   -9.574081021686e-02 -1.027946824677e-01 1.32e-05 2.23e-07 6.75e-05 0.171
 14   -9.753735876611e-02 -1.001313476075e-01 4.19e-06 7.06e-08 2.04e-05 0.179
 15   -9.786761817092e-02 -9.951268079282e-02 1.96e-06 3.31e-08 2.98e-05 0.185
 16   -9.845906293774e-02 -9.867937475964e-02 2.53e-07 6.08e-09 2.94e-06 0.189
 17   -9.854298812307e-02 -9.856749586005e-02 2.55e-08 1.86e-09 2.07e-07 0.192
 18   -9.855153745666e-02 -9.855567228114e-02 3.83e-09 1.74e-09 3.74e-08 0.196
 19   -9.855323800284e-02 -9.855344286433e-02 1.90e-10 2.17e-09 1.31e-09 0.200
 20   -9.855332077696e-02 -9.855333541882e-02 1.32e-11 2.56e-07 5.09e-11 0.203
 21   -9.855332593503e-02 -9.855332857519e-02 1.97e-12 2.19e-05 9.72e-12 0.206
 22   -9.855332691231e-02 -9.855332733539e-02 2.69e-13 9.18e-08 1.38e-12 0.209
 23   -9.855332704256e-02 -9.855332717222e-02 1.58e-13 7.79e-05 3.29e-13 0.213
 24   -9.855332709510e-02 -9.855332710506e-02 4.77e-15 5.24e-04 2.26e-14 0.216
 25   -9.855332709888e-02 -9.855332710003e-02 1.39e-14 4.69e-04 8.04e-16 0.219
Numerical error in objective
Restoring previous solution


Suboptimal solution found in 26 iterations and 0.22 seconds
Objective -9.85532380e-02
Primal infeasibility (abs/rel): 3.80e-10/1.90e-10
Dual infeasibility   (abs/rel): 2.39e-09/2.17e-09
Complementarity gap  (abs/rel): 1.44e-09/1.31e-09


Barrier finished in 0.22 seconds
Dual variables for problems with quadratic constraints not returned.
