cuOpt version: 26.10.0, git hash: 648f805d, host arch: x86_64, device archs: 80-real
CPU: AMD EPYC 7642 48-Core Processor, threads: 5C/5T, RAM usage: 39.12/503.74GiB
CPU SIMD target: AVX2
CUDA 12.9, device: NVIDIA A100 80GB PCIe (ID 0), VRAM: 79.44 GiB
CUDA device UUID: 68df5cf5-71f9-6a93-b428-460c080ffb10
Problem has 1 quadratic constraints. Converting to second-order cones and solving with barrier.
Handling 50 free variables directly in augmented system
Presolved problem: 5103 constraints 10102 variables 265152 nonzeros
Skipping Ruiz equilibration (row norm ratio 1.4, column norm ratio 1.4 < 5e4, Q coeff ratio 1.0 < 100)
Barrier solver started at 0.026 seconds
Barrier solver: 5103 constraints, 10102 variables, 265152 nonzeros


Second-order cones          : 1
Free variables              : 50
Upper bounds                : 5000
Linear system               : augmented
cuDSS Version               : 0.7.1
cuDSS Threading layer       : libcudss_mtlayer_gomp.so.0
Reordering time             : 0.135s
Symbolic factorization time : 0.026s
Symbolic nonzeros in factor : 2.79e+05
Elapsed time for augmented  : 0.194 seconds
Elapsed time           : 0.194 seconds
Barrier setup complete at 0.194 seconds
Adaptive regularization enabled


                  Objective                         Infeasibility        Time
Iter   Primal              Dual                Primal   Dual    Compl.   Elapsed
  0   -3.704184917206e+02 -3.711180220135e+02 3.71e+03 1.91e+00 1.19e-02 0.195
  1   -4.138494784655e+00 -3.475396351185e+02 4.01e+01 2.77e-01 6.50e-02 0.199
  2   -1.040008758327e-01 -2.488460308934e+01 4.69e-01 7.85e-03 4.78e-03 0.204
  3   -5.495630939609e-02 -6.429606405560e-01 4.69e-03 7.91e-05 1.48e-04 0.209
  4   -5.855092429041e-02 -1.360876440755e-01 6.18e-04 1.04e-05 1.73e-05 0.214
  5   -6.611152268927e-02 -1.381205805524e-01 5.09e-04 8.58e-06 2.37e-05 0.219
  6   -6.769543451146e-02 -1.385415055803e-01 4.71e-04 7.94e-06 3.28e-05 0.224
  7   -8.140017783236e-02 -1.247056679285e-01 2.49e-04 4.19e-06 6.94e-05 0.228
  8   -8.171325022468e-02 -1.244405874139e-01 2.27e-04 3.83e-06 7.20e-05 0.233
  9   -8.292050149864e-02 -1.238190171832e-01 1.93e-04 3.25e-06 1.61e-04 0.238
 10   -8.530066703880e-02 -1.209246166170e-01 1.41e-04 2.38e-06 1.19e-04 0.243
 11   -8.502980736808e-02 -1.203273474643e-01 1.32e-04 2.23e-06 2.15e-04 0.248
 12   -9.150908258442e-02 -1.101538978732e-01 6.66e-05 1.12e-06 9.36e-05 0.252
 13   -9.244902437123e-02 -1.084468517103e-01 5.06e-05 8.53e-07 1.11e-04 0.257
 14   -9.567320751587e-02 -1.033785207338e-01 2.15e-05 3.63e-07 5.51e-05 0.262
 15   -9.577590530574e-02 -1.028824016438e-01 1.71e-05 2.88e-07 6.91e-05 0.267
 16   -9.719545631239e-02 -1.008388156549e-01 8.08e-06 1.36e-07 3.19e-05 0.272
 17   -9.743599889751e-02 -1.003571213175e-01 5.43e-06 9.14e-08 3.44e-05 0.276
 18   -9.808389080117e-02 -9.941860836992e-02 2.10e-06 3.53e-08 1.45e-05 0.281
 19   -9.822235971705e-02 -9.918100500159e-02 1.20e-06 2.03e-08 1.23e-05 0.286
 20   -9.849286112355e-02 -9.881940969933e-02 3.44e-07 5.78e-09 4.04e-06 0.291
 21   -9.856543603631e-02 -9.871781796932e-02 1.24e-07 2.05e-09 2.11e-06 0.296
 22   -9.861348912514e-02 -9.865802173325e-02 3.25e-08 5.43e-10 5.97e-07 0.300
 23   -9.862844580931e-02 -9.863872493379e-02 5.11e-09 6.98e-11 1.24e-07 0.305
 24   -9.863216169202e-02 -9.863433739558e-02 1.04e-09 7.98e-09 2.63e-08 0.308
 25   -9.863300175707e-02 -9.863331106469e-02 1.12e-10 6.21e-09 3.09e-09 0.312
 26   -9.863313925064e-02 -9.863314904441e-02 3.51e-12 2.19e-08 9.32e-11 0.315
 27   -9.863314272230e-02 -9.863314504554e-02 1.57e-12 1.86e-06 2.36e-11 0.318
 28   -9.863314373401e-02 -9.863314388972e-02 6.13e-13 4.00e-05 1.45e-12 0.322
 29   -9.863314380847e-02 -9.863314381533e-02 1.47e-13 9.29e-05 3.42e-14 0.325
 30   -9.863314381273e-02 -9.863314381362e-02 2.87e-14 6.69e-05 1.85e-15 0.328
 31   -9.863314381342e-02 -9.863314381352e-02 3.55e-15 7.56e-03 1.25e-15 0.331
Numerical error in objective
Restoring previous solution


Suboptimal solution found in 32 iterations and 0.33 seconds
Objective -9.86330018e-02
Primal infeasibility (abs/rel): 2.24e-10/1.12e-10
Dual infeasibility   (abs/rel): 6.84e-09/6.21e-09
Complementarity gap  (abs/rel): 3.39e-09/3.09e-09


Barrier finished in 0.34 seconds
Dual variables for problems with quadratic constraints not returned.
