cuOpt version: 26.10.0, git hash: 648f805d, host arch: x86_64, device archs: 80-real
CPU: AMD EPYC 7642 48-Core Processor, threads: 5C/5T, RAM usage: 39.20/503.74GiB
CPU SIMD target: AVX2
CUDA 12.9, device: NVIDIA A100 80GB PCIe (ID 0), VRAM: 79.44 GiB
CUDA device UUID: 68df5cf5-71f9-6a93-b428-460c080ffb10
Problem has 1 quadratic constraints. Converting to second-order cones and solving with barrier.
Handling 50 free variables directly in augmented system
Presolved problem: 5103 constraints 10102 variables 265152 nonzeros
Skipping Ruiz equilibration (row norm ratio 1.4, column norm ratio 1.4 < 5e4, Q coeff ratio 1.0 < 100)
Barrier solver started at 0.028 seconds
Barrier solver: 5103 constraints, 10102 variables, 265152 nonzeros


Second-order cones          : 1
Free variables              : 50
Upper bounds                : 5000
Linear system               : augmented
cuDSS Version               : 0.7.1
cuDSS Threading layer       : libcudss_mtlayer_gomp.so.0
Reordering time             : 0.059s
Symbolic factorization time : 0.023s
Symbolic nonzeros in factor : 2.79e+05
Elapsed time for augmented  : 0.117 seconds
Elapsed time           : 0.117 seconds
Barrier setup complete at 0.117 seconds
Adaptive regularization enabled


                  Objective                         Infeasibility        Time
Iter   Primal              Dual                Primal   Dual    Compl.   Elapsed
  0   -3.705152443471e+02 -3.711033693861e+02 3.71e+03 1.91e+00 1.19e-02 0.118
  1   -4.138998630640e+00 -3.475249664383e+02 4.01e+01 2.77e-01 6.50e-02 0.123
  2   -1.040338950666e-01 -2.487858726121e+01 4.69e-01 7.85e-03 4.78e-03 0.131
  3   -5.497382540149e-02 -6.429189352268e-01 4.69e-03 7.91e-05 1.48e-04 0.136
  4   -5.856905360045e-02 -1.363520738771e-01 6.20e-04 1.04e-05 1.73e-05 0.141
  5   -6.705051129624e-02 -1.385952919680e-01 4.95e-04 8.35e-06 2.84e-05 0.146
  6   -6.848331755004e-02 -1.388985869978e-01 4.59e-04 7.73e-06 4.03e-05 0.151
  7   -8.093067467799e-02 -1.253020268245e-01 2.54e-04 4.28e-06 7.91e-05 0.156
  8   -8.112528366953e-02 -1.251137255531e-01 2.36e-04 3.97e-06 9.13e-05 0.161
  9   -8.325026282878e-02 -1.235964497074e-01 1.79e-04 3.02e-06 2.57e-04 0.165
 10   -8.360575601840e-02 -1.220443045673e-01 1.46e-04 2.46e-06 4.26e-04 0.170
 11   -9.182270755368e-02 -1.097882224911e-01 6.30e-05 1.06e-06 1.44e-04 0.175
 12   -9.260041517001e-02 -1.080842470846e-01 4.68e-05 7.89e-07 1.69e-04 0.180
 13   -9.603616620607e-02 -1.026642872622e-01 1.77e-05 2.98e-07 7.20e-05 0.185
 14   -9.627299927745e-02 -1.020026876439e-01 1.28e-05 2.16e-07 7.60e-05 0.189
 15   -9.745119776745e-02 -1.003298241711e-01 5.89e-06 9.91e-08 3.43e-05 0.194
 16   -9.773596825644e-02 -9.980734849751e-02 3.43e-06 5.78e-08 3.11e-05 0.199
 17   -9.823702784410e-02 -9.910382773072e-02 1.23e-06 2.07e-08 1.22e-05 0.204
 18   -9.838608574848e-02 -9.887089418336e-02 5.23e-07 8.79e-09 7.59e-06 0.209
 19   -9.853176840679e-02 -9.868107573117e-02 1.40e-07 2.35e-09 2.29e-06 0.213
 20   -9.857867884080e-02 -9.861767676152e-02 2.61e-08 4.19e-10 6.03e-07 0.218
 21   -9.859232167007e-02 -9.860102926187e-02 5.50e-09 9.18e-11 1.36e-07 0.223
 22   -9.859562165636e-02 -9.859683081958e-02 5.43e-10 2.30e-11 1.51e-08 0.228
 23   -9.859607832926e-02 -9.859628236079e-02 9.17e-11 3.23e-09 2.57e-09 0.231
 24   -9.859616649383e-02 -9.859617615617e-02 4.35e-12 5.08e-08 1.19e-10 0.234
 25   -9.859617069810e-02 -9.859617105723e-02 3.11e-13 7.39e-07 4.20e-12 0.237
 26   -9.859617085203e-02 -9.859617086884e-02 3.72e-14 4.20e-05 1.88e-13 0.240
 27   -9.859617085886e-02 -9.859617085992e-02 4.19e-15 4.68e-05 9.58e-15 0.244
 28   -9.859617085921e-02 -9.859617085939e-02 4.72e-16 5.19e-06 2.06e-16 0.249
Numerical error in objective
Restoring previous solution


Suboptimal solution found in 29 iterations and 0.25 seconds
Objective -9.85960783e-02
Primal infeasibility (abs/rel): 1.83e-10/9.17e-11
Dual infeasibility   (abs/rel): 3.56e-09/3.23e-09
Complementarity gap  (abs/rel): 2.83e-09/2.57e-09


Barrier finished in 0.25 seconds
Dual variables for problems with quadratic constraints not returned.
