cuOpt version: 26.10.0, git hash: 648f805d, host arch: x86_64, device archs: 80-real
CPU: AMD EPYC 7642 48-Core Processor, threads: 5C/5T, RAM usage: 39.20/503.74GiB
CPU SIMD target: AVX2
CUDA 12.9, device: NVIDIA A100 80GB PCIe (ID 0), VRAM: 79.44 GiB
CUDA device UUID: 68df5cf5-71f9-6a93-b428-460c080ffb10
Problem has 1 quadratic constraints. Converting to second-order cones and solving with barrier.
Handling 50 free variables directly in augmented system
Presolved problem: 5103 constraints 10102 variables 265152 nonzeros
Skipping Ruiz equilibration (row norm ratio 1.4, column norm ratio 1.4 < 5e4, Q coeff ratio 1.0 < 100)
Barrier solver started at 0.027 seconds
Barrier solver: 5103 constraints, 10102 variables, 265152 nonzeros


Second-order cones          : 1
Free variables              : 50
Upper bounds                : 5000
Linear system               : augmented
cuDSS Version               : 0.7.1
cuDSS Threading layer       : libcudss_mtlayer_gomp.so.0
Reordering time             : 0.085s
Symbolic factorization time : 0.023s
Symbolic nonzeros in factor : 2.79e+05
Elapsed time for augmented  : 0.142 seconds
Elapsed time           : 0.142 seconds
Barrier setup complete at 0.142 seconds
Adaptive regularization enabled


                  Objective                         Infeasibility        Time
Iter   Primal              Dual                Primal   Dual    Compl.   Elapsed
  0   -3.703446513950e+02 -3.711178663113e+02 3.71e+03 1.91e+00 1.19e-02 0.142
  1   -4.136321529131e+00 -3.475393405809e+02 4.01e+01 2.77e-01 6.50e-02 0.147
  2   -1.039556753273e-01 -2.487508093218e+01 4.69e-01 7.85e-03 4.78e-03 0.152
  3   -5.494034064074e-02 -6.427666810377e-01 4.69e-03 7.91e-05 1.48e-04 0.157
  4   -5.852904384018e-02 -1.363010696235e-01 6.20e-04 1.04e-05 1.73e-05 0.162
  5   -6.681503747006e-02 -1.385031865887e-01 5.00e-04 8.42e-06 2.76e-05 0.166
  6   -6.831090568101e-02 -1.388298863184e-01 4.63e-04 7.79e-06 3.21e-05 0.171
  7   -8.086291832580e-02 -1.256455652833e-01 2.57e-04 4.34e-06 5.93e-05 0.176
  8   -8.098453628046e-02 -1.254733655643e-01 2.43e-04 4.09e-06 7.95e-05 0.181
  9   -8.293806583392e-02 -1.241477597313e-01 1.89e-04 3.19e-06 2.37e-04 0.186
 10   -8.299331816722e-02 -1.228171215775e-01 1.62e-04 2.73e-06 4.26e-04 0.191
 11   -9.152305280734e-02 -1.100077410616e-01 7.04e-05 1.19e-06 1.35e-04 0.195
 12   -9.228020505991e-02 -1.083513008456e-01 5.24e-05 8.83e-07 1.54e-04 0.200
 13   -9.625822389046e-02 -1.020991629233e-01 1.64e-05 2.76e-07 6.56e-05 0.205
 14   -9.647512476604e-02 -1.014329562635e-01 1.13e-05 1.90e-07 7.44e-05 0.210
 15   -9.756282438395e-02 -9.995528408960e-02 5.09e-06 8.57e-08 3.26e-05 0.215
 16   -9.782676978047e-02 -9.948485831711e-02 2.85e-06 4.81e-08 2.87e-05 0.219
 17   -9.826693748112e-02 -9.888329810679e-02 9.20e-07 1.55e-08 1.03e-05 0.224
 18   -9.837580404150e-02 -9.871389042008e-02 3.75e-07 6.30e-09 5.94e-06 0.229
 19   -9.848175820986e-02 -9.857930591845e-02 9.72e-08 1.63e-09 1.69e-06 0.234
 20   -9.851228230073e-02 -9.853833780567e-02 1.82e-08 2.96e-10 4.29e-07 0.239
 21   -9.852141739293e-02 -9.852734209837e-02 3.94e-09 6.82e-11 9.72e-08 0.244
 22   -9.852365508756e-02 -9.852452274645e-02 4.15e-10 4.74e-11 1.16e-08 0.248
 23   -9.852399918605e-02 -9.852411216954e-02 5.41e-11 8.09e-09 1.55e-09 0.252
 24   -9.852404823487e-02 -9.852405335508e-02 2.44e-12 3.36e-08 7.06e-11 0.255
 25   -9.852405051190e-02 -9.852405060317e-02 1.44e-14 1.76e-06 1.26e-12 0.258
 26   -9.852405055101e-02 -9.852405055681e-02 2.66e-15 7.00e-05 7.96e-14 0.262
 27   -9.852405055369e-02 -9.852405055379e-02 1.05e-15 1.07e-03 1.51e-15 0.265
Numerical error in objective
Restoring previous solution


Suboptimal solution found in 28 iterations and 0.27 seconds
Objective -9.85239992e-02
Primal infeasibility (abs/rel): 1.08e-10/5.41e-11
Dual infeasibility   (abs/rel): 8.91e-09/8.09e-09
Complementarity gap  (abs/rel): 1.70e-09/1.55e-09


Barrier finished in 0.27 seconds
Dual variables for problems with quadratic constraints not returned.
