cuOpt version: 26.10.0, git hash: 648f805d, host arch: x86_64, device archs: 80-real
CPU: AMD EPYC 7642 48-Core Processor, threads: 5C/5T, RAM usage: 14.97/503.74GiB
CPU SIMD target: AVX2
CUDA 12.9, device: NVIDIA A100 80GB PCIe (ID 0), VRAM: 79.44 GiB
CUDA device UUID: 68df5cf5-71f9-6a93-b428-460c080ffb10
Problem has 1 quadratic constraints. Converting to second-order cones and solving with barrier.
Handling 50 free variables directly in augmented system
Presolved problem: 5103 constraints 10102 variables 265152 nonzeros
Skipping Ruiz equilibration (row norm ratio 1.4, column norm ratio 1.4 < 5e4, Q coeff ratio 1.0 < 100)
Barrier solver started at 0.03 seconds
Barrier solver: 5103 constraints, 10102 variables, 265152 nonzeros


Second-order cones          : 1
Free variables              : 50
Upper bounds                : 5000
Linear system               : augmented
cuDSS Version               : 0.7.1
cuDSS Threading layer       : libcudss_mtlayer_gomp.so.0
Reordering time             : 0.08s
Symbolic factorization time : 0.02s
Symbolic nonzeros in factor : 2.79e+05
Barrier setup complete at 0.13 seconds
Elapsed time                : 0.13s
Adaptive regularization enabled


                  Objective                         Infeasibility        Time
Iter   Primal              Dual                Primal   Dual    Compl.   Elapsed
  0   -3.702779911923e+02 -3.710340990992e+02 3.71e+03 1.91e+00 1.19e-02 0.1
  1   -4.137413965078e+00 -3.474555508912e+02 4.01e+01 2.77e-01 6.49e-02 0.1
  2   -1.039627881816e-01 -2.487502701009e+01 4.69e-01 7.85e-03 4.78e-03 0.1
  3   -5.494259749550e-02 -6.426390295604e-01 4.69e-03 7.91e-05 1.48e-04 0.1
  4   -5.853147883895e-02 -1.362046779041e-01 6.19e-04 1.04e-05 1.73e-05 0.2
  5   -6.730421863224e-02 -1.383594196589e-01 4.88e-04 8.22e-06 3.14e-05 0.2
  6   -6.898407367574e-02 -1.386008917923e-01 4.45e-04 7.50e-06 4.26e-05 0.2
  7   -8.252091794328e-02 -1.224963597772e-01 2.25e-04 3.80e-06 7.32e-05 0.2
  8   -8.268114833388e-02 -1.222822697650e-01 2.09e-04 3.53e-06 6.77e-05 0.2
  9   -8.383691471902e-02 -1.216691216755e-01 1.75e-04 2.95e-06 1.72e-04 0.2
 10   -8.546472970677e-02 -1.197750613733e-01 1.12e-04 1.88e-06 1.69e-04 0.2
 11   -8.753101204182e-02 -1.152999351212e-01 6.41e-05 1.08e-06 3.89e-04 0.2
 12   -9.549973572029e-02 -1.030620287559e-01 1.25e-05 2.11e-07 8.56e-05 0.2
 13   -9.695192121210e-02 -1.005109374040e-01 4.45e-06 7.49e-08 4.28e-05 0.2
 14   -9.798380789127e-02 -9.895345355036e-02 9.93e-07 1.67e-08 9.27e-06 0.2
 15   -9.830540480405e-02 -9.849455965682e-02 9.78e-08 1.65e-09 6.11e-07 0.2
 16   -9.836747571950e-02 -9.841452109057e-02 1.82e-08 3.00e-10 1.90e-07 0.2
 17   -9.838644827236e-02 -9.839174275536e-02 1.77e-09 3.30e-11 1.98e-08 0.2
 18   -9.838859214169e-02 -9.838915600035e-02 1.79e-10 1.12e-11 2.96e-09 0.2
 19   -9.838883521827e-02 -9.838886711975e-02 1.01e-11 3.32e-11 1.57e-10 0.2
 20   -9.838884914871e-02 -9.838885071336e-02 4.74e-13 7.11e-08 4.99e-12 0.2
 21   -9.838884979252e-02 -9.838884994717e-02 3.43e-14 5.13e-09 6.15e-13 0.2


Optimal solution found in 21 iterations and 0.236s
Objective -9.83888498e-02
Primal infeasibility (abs/rel): 6.86e-14/3.43e-14
Dual infeasibility   (abs/rel): 5.65e-09/5.13e-09
Complementarity gap  (abs/rel): 6.76e-13/6.15e-13


Barrier finished in 0.24 seconds
Dual variables for problems with quadratic constraints not returned.
