cuOpt version: 26.10.0, git hash: 648f805d, host arch: x86_64, device archs: 80-real
CPU: AMD EPYC 7642 48-Core Processor, threads: 5C/5T, RAM usage: 37.42/503.74GiB
CPU SIMD target: AVX2
CUDA 12.9, device: NVIDIA A100 80GB PCIe (ID 0), VRAM: 79.44 GiB
CUDA device UUID: 68df5cf5-71f9-6a93-b428-460c080ffb10
Problem has 1 quadratic constraints. Converting to second-order cones and solving with barrier.
Handling 50 free variables directly in augmented system
Presolved problem: 5103 constraints 10102 variables 265152 nonzeros
Skipping Ruiz equilibration (row norm ratio 1.4, column norm ratio 1.4 < 5e4, Q coeff ratio 1.0 < 100)
Barrier solver started at 0.025 seconds
Barrier solver: 5103 constraints, 10102 variables, 265152 nonzeros


Second-order cones          : 1
Free variables              : 50
Upper bounds                : 5000
Linear system               : augmented
cuDSS Version               : 0.7.1
cuDSS Threading layer       : libcudss_mtlayer_gomp.so.0
Reordering time             : 0.053s
Symbolic factorization time : 0.023s
Symbolic nonzeros in factor : 2.79e+05
Elapsed time for augmented  : 0.107 seconds
Elapsed time           : 0.107 seconds
Barrier setup complete at 0.107 seconds
Adaptive regularization enabled


                  Objective                         Infeasibility        Time
Iter   Primal              Dual                Primal   Dual    Compl.   Elapsed
  0   -3.702624119443e+02 -3.710387458059e+02 3.71e+03 1.91e+00 1.19e-02 0.108
  1   -4.136636484818e+00 -3.474601645164e+02 4.01e+01 2.77e-01 6.50e-02 0.113
  2   -1.039518362251e-01 -2.487140678164e+01 4.69e-01 7.85e-03 4.78e-03 0.116
  3   -5.493965881653e-02 -6.425639186525e-01 4.69e-03 7.91e-05 1.48e-04 0.120
  4   -5.853205540324e-02 -1.359055184448e-01 6.17e-04 1.04e-05 1.72e-05 0.124
  5   -6.752262786746e-02 -1.382889562872e-01 4.87e-04 8.20e-06 3.00e-05 0.128
  6   -6.909308643566e-02 -1.385283236873e-01 4.47e-04 7.53e-06 4.23e-05 0.132
  7   -8.140921927825e-02 -1.243462474300e-01 2.48e-04 4.17e-06 7.51e-05 0.138
  8   -8.155823315982e-02 -1.241861441284e-01 2.32e-04 3.91e-06 7.37e-05 0.143
  9   -8.323126946861e-02 -1.230408471076e-01 1.85e-04 3.12e-06 2.17e-04 0.148
 10   -8.338538473289e-02 -1.218653040711e-01 1.59e-04 2.67e-06 3.59e-04 0.152
 11   -9.171618093690e-02 -1.095585688506e-01 6.76e-05 1.14e-06 1.14e-04 0.156
 12   -9.235011047069e-02 -1.081514288975e-01 5.23e-05 8.80e-07 1.34e-04 0.161
 13   -9.592592047161e-02 -1.025477579155e-01 1.90e-05 3.20e-07 6.40e-05 0.166
 14   -9.614587682891e-02 -1.018815110476e-01 1.36e-05 2.30e-07 7.67e-05 0.171
 15   -9.733930724836e-02 -1.002250479363e-01 6.13e-06 1.03e-07 3.37e-05 0.175
 16   -9.760405848717e-02 -9.973277571771e-02 3.64e-06 6.13e-08 3.20e-05 0.180
 17   -9.812132702209e-02 -9.901382749418e-02 1.31e-06 2.21e-08 1.27e-05 0.184
 18   -9.826862555908e-02 -9.878523325718e-02 5.79e-07 9.75e-09 8.12e-06 0.189
 19   -9.842352809155e-02 -9.858376973619e-02 1.54e-07 2.59e-09 2.46e-06 0.193
 20   -9.847368041185e-02 -9.851646619881e-02 2.95e-08 4.97e-10 6.70e-07 0.198
 21   -9.848854590254e-02 -9.849837585417e-02 6.39e-09 1.08e-10 1.53e-07 0.202
 22   -9.849231468799e-02 -9.849359155081e-02 5.64e-10 9.49e-12 1.53e-08 0.207
 23   -9.849280572323e-02 -9.849300663570e-02 8.87e-11 1.49e-12 2.50e-09 0.211
 24   -9.849289139832e-02 -9.849290442925e-02 5.72e-12 8.38e-10 1.61e-10 0.214
 25   -9.849289719718e-02 -9.849289749594e-02 1.20e-13 1.64e-08 3.63e-12 0.218
 26   -9.849289732461e-02 -9.849289734231e-02 7.11e-15 9.69e-10 2.12e-13 0.222


Optimal solution found in 26 iterations and 0.222s
Objective -9.84928973e-02
Primal infeasibility (abs/rel): 1.42e-14/7.11e-15
Dual infeasibility   (abs/rel): 1.07e-09/9.69e-10
Complementarity gap  (abs/rel): 2.33e-13/2.12e-13


Barrier finished in 0.22 seconds
Dual variables for problems with quadratic constraints not returned.
