Setting CUDA_MODULE_LOADING to EAGER
Reading file portfolio_socp_n5000_k50_mu_t00.mps
Read file portfolio_socp_n5000_k50_mu_t00.mps in 0.12 seconds
cuOpt version: 26.10.0, git hash: 648f805d, host arch: x86_64, device archs: 80-real
CPU: AMD EPYC 7642 48-Core Processor, threads: 5C/5T, RAM usage: 25.87/503.74GiB
CPU SIMD target: AVX2
CUDA 12.9, device: NVIDIA A100 80GB PCIe (ID 0), VRAM: 79.44 GiB
CUDA device UUID: 68df5cf5-71f9-6a93-b428-460c080ffb10
Problem has 1 quadratic constraints. Converting to second-order cones and solving with barrier.
Handling 50 free variables directly in augmented system
Presolved problem: 5103 constraints 10102 variables 265152 nonzeros
Skipping Ruiz equilibration (row norm ratio 1.4, column norm ratio 1.4 < 5e4, Q coeff ratio 1.0 < 100)
Barrier solver started at 0.030 seconds
Barrier solver: 5103 constraints, 10102 variables, 265152 nonzeros


Second-order cones          : 1
Free variables              : 50
Upper bounds                : 5000
Linear system               : augmented
cuDSS Version               : 0.7.1
cuDSS Threading layer       : libcudss_mtlayer_gomp.so.0
cuDSS solve mode            : deterministic
Reordering time             : 0.060s
Symbolic factorization time : 0.024s
Symbolic nonzeros in factor : 2.79e+05
Elapsed time for augmented  : 0.211 seconds
Elapsed time           : 0.211 seconds
Barrier setup complete at 0.211 seconds
Adaptive regularization enabled


                  Objective                         Infeasibility        Time
Iter   Primal              Dual                Primal   Dual    Compl.   Elapsed
  0   -4.989987310085e-02 -2.507019876882e+03 5.00e+00 9.29e+00 1.02e+02 0.563
  1   -5.005479953019e-02 -2.715889685111e+02 5.32e-01 6.48e-01 1.37e+01 0.641
  2   -5.140221677959e-02 -4.528535842126e+01 8.57e-02 1.11e+00 2.68e+00 0.718
  3   -5.808095355192e-02 -5.201544014846e+00 8.57e-03 2.92e-01 2.74e-01 0.796
  4   -6.264124540773e-02 -1.286681117514e+00 2.03e-03 7.16e-02 6.43e-02 0.873
  5   -7.101689121186e-02 -3.156927715548e-01 2.03e-04 7.31e-03 6.91e-03 0.950
  6   -8.115742741138e-02 -1.663779294561e-01 6.82e-05 2.46e-03 2.32e-03 1.030
  7   -9.013065605358e-02 -1.214172681118e-01 1.46e-05 5.25e-04 4.05e-04 1.108
  8   -9.492320522514e-02 -1.078874310159e-01 5.39e-06 1.94e-04 9.53e-05 1.188
  9   -9.656313487983e-02 -1.031504514577e-01 2.35e-06 8.47e-05 3.84e-05 1.266
 10   -9.768304182723e-02 -1.005399597925e-01 9.30e-07 3.35e-05 1.10e-05 1.347
 11   -9.807457826484e-02 -9.949058125637e-02 3.64e-07 1.31e-05 8.87e-06 1.425
 12   -9.839199774224e-02 -9.886381278677e-02 1.02e-07 3.68e-06 2.66e-06 1.502
 13   -9.851128321198e-02 -9.865302831927e-02 2.93e-08 1.06e-06 8.46e-07 1.580
 14   -9.855568904581e-02 -9.857720384031e-02 4.37e-09 1.58e-07 1.12e-07 1.658
 15   -9.856267411614e-02 -9.856545038796e-02 5.63e-10 2.03e-08 1.31e-08 1.735
 16   -9.856358575227e-02 -9.856392137761e-02 6.81e-11 2.46e-09 1.48e-09 1.813
 17   -9.856369647931e-02 -9.856373585972e-02 8.08e-12 4.53e-10 1.63e-10 1.874
 18   -9.856370962470e-02 -9.856371384201e-02 8.47e-13 1.77e-09 1.72e-11 1.934


Optimal solution found in 18 iterations and 1.934s
Objective -9.85637096e-02
Primal infeasibility (abs/rel): 1.69e-12/8.47e-13
Dual infeasibility   (abs/rel): 1.95e-09/1.77e-09
Complementarity gap  (abs/rel): 1.89e-11/1.72e-11


Barrier finished in 1.94 seconds
Dual variables for problems with quadratic constraints not returned.
