Setting CUDA_MODULE_LOADING to EAGER
Reading file portfolio_socp_n5000_k50_mu_t00.mps
Read file portfolio_socp_n5000_k50_mu_t00.mps in 0.11 seconds
cuOpt version: 26.10.0, git hash: 648f805d, host arch: x86_64, device archs: 80-real
CPU: AMD EPYC 7642 48-Core Processor, threads: 5C/5T, RAM usage: 28.35/503.74GiB
CPU SIMD target: AVX2
CUDA 12.9, device: NVIDIA A100 80GB PCIe (ID 0), VRAM: 79.44 GiB
CUDA device UUID: 68df5cf5-71f9-6a93-b428-460c080ffb10
Problem has 1 quadratic constraints. Converting to second-order cones and solving with barrier.
Handling 50 free variables directly in augmented system
Presolved problem: 5103 constraints 10102 variables 265152 nonzeros
Skipping Ruiz equilibration (row norm ratio 1.4, column norm ratio 1.4 < 5e4, Q coeff ratio 1.0 < 100)
Barrier solver started at 0.029 seconds
Barrier solver: 5103 constraints, 10102 variables, 265152 nonzeros


Second-order cones          : 1
Free variables              : 50
Upper bounds                : 5000
Linear system               : augmented
cuDSS Version               : 0.7.1
cuDSS Threading layer       : libcudss_mtlayer_gomp.so.0
cuDSS solve mode            : deterministic
Reordering time             : 0.065s
Symbolic factorization time : 0.024s
Symbolic nonzeros in factor : 2.79e+05
Elapsed time for augmented  : 0.215 seconds
Elapsed time           : 0.215 seconds
Barrier setup complete at 0.215 seconds
Adaptive regularization enabled


                  Objective                         Infeasibility        Time
Iter   Primal              Dual                Primal   Dual    Compl.   Elapsed
  0   -4.989977131637e-02 -2.507019876882e+03 5.00e+00 9.29e+00 1.02e+02 0.549
  1   -5.005469723356e-02 -2.715897354476e+02 5.32e-01 6.48e-01 1.37e+01 0.627
  2   -5.140210342961e-02 -4.528704876192e+01 8.57e-02 1.11e+00 2.68e+00 0.704
  3   -5.808101657370e-02 -5.201646490833e+00 8.57e-03 2.92e-01 2.74e-01 0.781
  4   -6.264177722944e-02 -1.286773437715e+00 2.03e-03 7.16e-02 6.43e-02 0.858
  5   -7.101484696144e-02 -3.157280087971e-01 2.03e-04 7.31e-03 6.91e-03 0.935
  6   -8.115564578760e-02 -1.663825468664e-01 6.82e-05 2.46e-03 2.32e-03 1.013
  7   -9.013053020846e-02 -1.214173111646e-01 1.46e-05 5.25e-04 4.05e-04 1.090
  8   -9.492304784625e-02 -1.078877219784e-01 5.39e-06 1.94e-04 9.53e-05 1.167
  9   -9.656298902973e-02 -1.031507311505e-01 2.35e-06 8.47e-05 3.84e-05 1.244
 10   -9.768297372492e-02 -1.005401215619e-01 9.30e-07 3.35e-05 1.10e-05 1.321
 11   -9.807453003259e-02 -9.949065841511e-02 3.64e-07 1.31e-05 8.87e-06 1.398
 12   -9.839196949799e-02 -9.886385300586e-02 1.02e-07 3.68e-06 2.66e-06 1.476
 13   -9.851126987939e-02 -9.865304875799e-02 2.93e-08 1.06e-06 8.47e-07 1.553
 14   -9.855568678923e-02 -9.857720720391e-02 4.37e-09 1.58e-07 1.12e-07 1.631
 15   -9.856267380382e-02 -9.856545085577e-02 5.63e-10 2.03e-08 1.31e-08 1.708
 16   -9.856358571345e-02 -9.856392143591e-02 6.81e-11 2.46e-09 1.48e-09 1.786
 17   -9.856369647472e-02 -9.856373586663e-02 8.08e-12 1.53e-09 1.63e-10 1.847
 18   -9.856370962415e-02 -9.856371384287e-02 8.47e-13 2.76e-09 1.72e-11 1.907


Optimal solution found in 18 iterations and 1.907s
Objective -9.85637096e-02
Primal infeasibility (abs/rel): 1.69e-12/8.47e-13
Dual infeasibility   (abs/rel): 3.04e-09/2.76e-09
Complementarity gap  (abs/rel): 1.89e-11/1.72e-11


Barrier finished in 1.91 seconds
Dual variables for problems with quadratic constraints not returned.
