Setting CUDA_MODULE_LOADING to EAGER
Reading file portfolio_socp_n5000_k50_mu_t00.mps
Read file portfolio_socp_n5000_k50_mu_t00.mps in 0.11 seconds
cuOpt version: 26.10.0, git hash: 648f805d, host arch: x86_64, device archs: 80-real
CPU: AMD EPYC 7642 48-Core Processor, threads: 5C/5T, RAM usage: 26.34/503.74GiB
CPU SIMD target: AVX2
CUDA 12.9, device: NVIDIA A100 80GB PCIe (ID 0), VRAM: 79.44 GiB
CUDA device UUID: 68df5cf5-71f9-6a93-b428-460c080ffb10
Problem has 1 quadratic constraints. Converting to second-order cones and solving with barrier.
Handling 50 free variables directly in augmented system
Presolved problem: 5103 constraints 10102 variables 265152 nonzeros
Skipping Ruiz equilibration (row norm ratio 1.4, column norm ratio 1.4 < 5e4, Q coeff ratio 1.0 < 100)
Barrier solver started at 0.028 seconds
Barrier solver: 5103 constraints, 10102 variables, 265152 nonzeros


Second-order cones          : 1
Free variables              : 50
Upper bounds                : 5000
Linear system               : augmented
cuDSS Version               : 0.7.1
cuDSS Threading layer       : libcudss_mtlayer_gomp.so.0
cuDSS solve mode            : deterministic
Reordering time             : 0.062s
Symbolic factorization time : 0.024s
Symbolic nonzeros in factor : 2.79e+05
Elapsed time for augmented  : 0.203 seconds
Elapsed time           : 0.203 seconds
Barrier setup complete at 0.203 seconds
Adaptive regularization enabled


                  Objective                         Infeasibility        Time
Iter   Primal              Dual                Primal   Dual    Compl.   Elapsed
  0   -4.989987877120e-02 -2.507019876882e+03 5.00e+00 9.29e+00 1.02e+02 0.541
  1   -5.005480429772e-02 -2.715888126579e+02 5.32e-01 6.48e-01 1.37e+01 0.619
  2   -5.140220988808e-02 -4.528624232049e+01 8.57e-02 1.11e+00 2.68e+00 0.696
  3   -5.808148653003e-02 -5.201473250939e+00 8.57e-03 2.92e-01 2.74e-01 0.773
  4   -6.264285740833e-02 -1.286812282133e+00 2.03e-03 7.16e-02 6.43e-02 0.850
  5   -7.101227907061e-02 -3.157631937744e-01 2.03e-04 7.31e-03 6.91e-03 0.927
  6   -8.115337529816e-02 -1.663874995867e-01 6.82e-05 2.46e-03 2.32e-03 1.004
  7   -9.013056893509e-02 -1.214164678809e-01 1.46e-05 5.25e-04 4.05e-04 1.081
  8   -9.492285012351e-02 -1.078879934259e-01 5.39e-06 1.94e-04 9.53e-05 1.162
  9   -9.656280056290e-02 -1.031510439489e-01 2.35e-06 8.47e-05 3.84e-05 1.239
 10   -9.768288846437e-02 -1.005403031846e-01 9.30e-07 3.35e-05 1.10e-05 1.316
 11   -9.807446809792e-02 -9.949075283756e-02 3.64e-07 1.31e-05 8.87e-06 1.403
 12   -9.839193350129e-02 -9.886390247981e-02 1.02e-07 3.68e-06 2.66e-06 1.480
 13   -9.851125333547e-02 -9.865307363120e-02 2.93e-08 1.06e-06 8.47e-07 1.557
 14   -9.855568398768e-02 -9.857721130844e-02 4.37e-09 1.58e-07 1.12e-07 1.634
 15   -9.856267341882e-02 -9.856545142276e-02 5.63e-10 2.03e-08 1.31e-08 1.711
 16   -9.856358566565e-02 -9.856392150648e-02 6.81e-11 2.47e-09 1.48e-09 1.789
 17   -9.856369646907e-02 -9.856373587497e-02 8.08e-12 1.41e-09 1.63e-10 1.849
 18   -9.856370962346e-02 -9.856371384391e-02 8.48e-13 1.52e-10 1.72e-11 1.909


Optimal solution found in 18 iterations and 1.910s
Objective -9.85637096e-02
Primal infeasibility (abs/rel): 1.70e-12/8.48e-13
Dual infeasibility   (abs/rel): 1.67e-10/1.52e-10
Complementarity gap  (abs/rel): 1.89e-11/1.72e-11


Barrier finished in 1.91 seconds
Dual variables for problems with quadratic constraints not returned.
