Setting CUDA_MODULE_LOADING to EAGER
Reading file portfolio_socp_n5000_k50_mu_t00.mps
Read file portfolio_socp_n5000_k50_mu_t00.mps in 0.11 seconds
cuOpt version: 26.10.0, git hash: 648f805d, host arch: x86_64, device archs: 80-real
CPU: AMD EPYC 7642 48-Core Processor, threads: 5C/5T, RAM usage: 25.65/503.74GiB
CPU SIMD target: AVX2
CUDA 12.9, device: NVIDIA A100 80GB PCIe (ID 0), VRAM: 79.44 GiB
CUDA device UUID: 68df5cf5-71f9-6a93-b428-460c080ffb10
Problem has 1 quadratic constraints. Converting to second-order cones and solving with barrier.
Handling 50 free variables directly in augmented system
Presolved problem: 5103 constraints 10102 variables 265152 nonzeros
Skipping Ruiz equilibration (row norm ratio 1.4, column norm ratio 1.4 < 5e4, Q coeff ratio 1.0 < 100)
Barrier solver started at 0.028 seconds
Barrier solver: 5103 constraints, 10102 variables, 265152 nonzeros


Second-order cones          : 1
Free variables              : 50
Upper bounds                : 5000
Linear system               : augmented
cuDSS Version               : 0.7.1
cuDSS Threading layer       : libcudss_mtlayer_gomp.so.0
cuDSS solve mode            : deterministic
Reordering time             : 0.134s
Symbolic factorization time : 0.027s
Symbolic nonzeros in factor : 2.79e+05
Elapsed time for augmented  : 0.281 seconds
Elapsed time           : 0.281 seconds
Barrier setup complete at 0.281 seconds
Adaptive regularization enabled


                  Objective                         Infeasibility        Time
Iter   Primal              Dual                Primal   Dual    Compl.   Elapsed
  0   -4.990000257701e-02 -2.507019876882e+03 5.00e+00 9.29e+00 1.02e+02 0.620
  1   -5.005492836632e-02 -2.715891849107e+02 5.32e-01 6.48e-01 1.37e+01 0.697
  2   -5.140233381795e-02 -4.528662464029e+01 8.57e-02 1.11e+00 2.68e+00 0.774
  3   -5.808116660838e-02 -5.201555867990e+00 8.57e-03 2.92e-01 2.74e-01 0.852
  4   -6.264225407036e-02 -1.286795560444e+00 2.03e-03 7.16e-02 6.43e-02 0.932
  5   -7.101378719070e-02 -3.157438078542e-01 2.03e-04 7.31e-03 6.91e-03 1.009
  6   -8.115470184998e-02 -1.663851180573e-01 6.82e-05 2.46e-03 2.32e-03 1.086
  7   -9.013052299946e-02 -1.214169430335e-01 1.46e-05 5.25e-04 4.05e-04 1.163
  8   -9.492295944691e-02 -1.078878333503e-01 5.39e-06 1.94e-04 9.53e-05 1.240
  9   -9.656290907395e-02 -1.031508590305e-01 2.35e-06 8.47e-05 3.84e-05 1.317
 10   -9.768293947267e-02 -1.005401956271e-01 9.30e-07 3.35e-05 1.10e-05 1.394
 11   -9.807450452719e-02 -9.949069751460e-02 3.64e-07 1.31e-05 8.87e-06 1.471
 12   -9.839195443991e-02 -9.886387371864e-02 1.02e-07 3.68e-06 2.66e-06 1.548
 13   -9.851126293098e-02 -9.865305922259e-02 2.93e-08 1.06e-06 8.47e-07 1.625
 14   -9.855568560644e-02 -9.857720894008e-02 4.37e-09 1.58e-07 1.12e-07 1.705
 15   -9.856267363962e-02 -9.856545109832e-02 5.63e-10 2.03e-08 1.31e-08 1.782
 16   -9.856358569301e-02 -9.856392146619e-02 6.81e-11 2.46e-09 1.48e-09 1.859
 17   -9.856369647229e-02 -9.856373587022e-02 8.08e-12 6.37e-10 1.63e-10 1.919
 18   -9.856370962390e-02 -9.856371384323e-02 8.47e-13 8.61e-10 1.72e-11 1.979


Optimal solution found in 18 iterations and 1.979s
Objective -9.85637096e-02
Primal infeasibility (abs/rel): 1.69e-12/8.47e-13
Dual infeasibility   (abs/rel): 9.48e-10/8.61e-10
Complementarity gap  (abs/rel): 1.89e-11/1.72e-11


Barrier finished in 1.98 seconds
Dual variables for problems with quadratic constraints not returned.
