cuOpt version: 26.10.0, git hash: 648f805d, host arch: x86_64, device archs: 80-real
CPU: AMD EPYC 7642 48-Core Processor, threads: 5C/5T, RAM usage: 37.45/503.74GiB
CPU SIMD target: AVX2
CUDA 12.9, device: NVIDIA A100 80GB PCIe (ID 0), VRAM: 79.44 GiB
CUDA device UUID: 68df5cf5-71f9-6a93-b428-460c080ffb10
Problem has 1 quadratic constraints. Converting to second-order cones and solving with barrier.
Barrier: reusing cache (skip convert/presolve/scaling)
Barrier solver started at 0.000 seconds
Barrier solver: 5103 constraints, 10102 variables, 265152 nonzeros
Barrier setup complete at 0.000 seconds
Adaptive regularization enabled


                  Objective                         Infeasibility        Time
Iter   Primal              Dual                Primal   Dual    Compl.   Elapsed
  0   -3.702624119443e+02 -3.710387458059e+02 3.71e+03 1.91e+00 1.19e-02 0.001
  1   -4.136636484816e+00 -3.474601645164e+02 4.01e+01 2.77e-01 6.50e-02 0.007
  2   -1.039518362250e-01 -2.487140678162e+01 4.69e-01 7.85e-03 4.78e-03 0.013
  3   -5.493965881653e-02 -6.425639186519e-01 4.69e-03 7.91e-05 1.48e-04 0.018
  4   -5.853205540324e-02 -1.359055184448e-01 6.17e-04 1.04e-05 1.72e-05 0.024
  5   -6.752262786747e-02 -1.382889562872e-01 4.87e-04 8.20e-06 3.00e-05 0.029
  6   -6.909308643561e-02 -1.385283236873e-01 4.47e-04 7.53e-06 4.23e-05 0.034
  7   -8.140921927776e-02 -1.243462474306e-01 2.48e-04 4.17e-06 7.51e-05 0.040
  8   -8.155823315936e-02 -1.241861441290e-01 2.32e-04 3.91e-06 7.37e-05 0.046
  9   -8.323126946816e-02 -1.230408471083e-01 1.85e-04 3.12e-06 2.17e-04 0.052
 10   -8.338538473221e-02 -1.218653040720e-01 1.59e-04 2.67e-06 3.59e-04 0.058
 11   -9.171618093723e-02 -1.095585688501e-01 6.76e-05 1.14e-06 1.14e-04 0.063
 12   -9.235011047110e-02 -1.081514288968e-01 5.23e-05 8.80e-07 1.34e-04 0.070
 13   -9.592592044651e-02 -1.025477579471e-01 1.90e-05 3.20e-07 6.40e-05 0.076
 14   -9.614587680915e-02 -1.018815110698e-01 1.36e-05 2.30e-07 7.67e-05 0.083
 15   -9.733930723929e-02 -1.002250479460e-01 6.13e-06 1.03e-07 3.37e-05 0.089
 16   -9.760405847073e-02 -9.973277573765e-02 3.64e-06 6.13e-08 3.20e-05 0.096
 17   -9.812132701404e-02 -9.901382749687e-02 1.31e-06 2.21e-08 1.27e-05 0.102
 18   -9.826862556501e-02 -9.878523324586e-02 5.79e-07 9.80e-09 8.12e-06 0.110
 19   -9.842352807448e-02 -9.858376974516e-02 1.54e-07 2.61e-09 2.46e-06 0.116
 20   -9.847368042766e-02 -9.851646617569e-02 2.95e-08 9.66e-10 6.70e-07 0.124
 21   -9.848854590956e-02 -9.849837584757e-02 6.39e-09 2.97e-10 1.53e-07 0.131
 22   -9.849231468894e-02 -9.849359155017e-02 5.64e-10 2.80e-11 1.53e-08 0.139
 23   -9.849280572279e-02 -9.849300663563e-02 8.87e-11 6.09e-10 2.50e-09 0.147
 24   -9.849289138791e-02 -9.849290442897e-02 5.72e-12 6.89e-09 1.61e-10 0.156
 25   -9.849289719457e-02 -9.849289749592e-02 1.32e-13 1.17e-07 3.63e-12 0.164
 26   -9.849289732443e-02 -9.849289734234e-02 7.66e-15 1.96e-08 2.13e-13 0.174
 27   -9.849289733257e-02 -9.849289733291e-02 2.22e-16 6.23e-07 5.41e-15 0.182
 28   -9.849289733272e-02 -9.849289733273e-02 3.69e-18 1.39e-05 2.98e-16 0.190
Numerical error in objective
Restoring previous solution


Suboptimal solution found in 29 iterations and 0.19 seconds
Objective -9.84928057e-02
Primal infeasibility (abs/rel): 1.77e-10/8.87e-11
Dual infeasibility   (abs/rel): 6.71e-10/6.09e-10
Complementarity gap  (abs/rel): 2.74e-09/2.50e-09


Barrier finished in 0.19 seconds
Dual variables for problems with quadratic constraints not returned.
