cuOpt version: 26.10.0, git hash: 648f805d, host arch: x86_64, device archs: 80-real
CPU: AMD EPYC 7642 48-Core Processor, threads: 5C/5T, RAM usage: 37.40/503.74GiB
CPU SIMD target: AVX2
CUDA 12.9, device: NVIDIA A100 80GB PCIe (ID 0), VRAM: 79.44 GiB
CUDA device UUID: 68df5cf5-71f9-6a93-b428-460c080ffb10
Problem has 1 quadratic constraints. Converting to second-order cones and solving with barrier.
Barrier: reusing cache (skip convert/presolve/scaling)
Barrier solver started at 0.000 seconds
Barrier solver: 5103 constraints, 10102 variables, 265152 nonzeros
Barrier setup complete at 0.000 seconds
Adaptive regularization enabled


                  Objective                         Infeasibility        Time
Iter   Primal              Dual                Primal   Dual    Compl.   Elapsed
  0   -3.704291987375e+02 -3.711395609108e+02 3.71e+03 1.91e+00 1.19e-02 0.001
  1   -4.138240121015e+00 -3.475611537449e+02 4.01e+01 2.77e-01 6.50e-02 0.007
  2   -1.039773673472e-01 -2.488455848350e+01 4.69e-01 7.85e-03 4.78e-03 0.012
  3   -5.495207890613e-02 -6.428341782401e-01 4.69e-03 7.91e-05 1.48e-04 0.018
  4   -5.854039328334e-02 -1.366925924249e-01 6.23e-04 1.05e-05 1.75e-05 0.023
  5   -6.604986175884e-02 -1.385362852789e-01 5.11e-04 8.60e-06 2.69e-05 0.029
  6   -6.790324127449e-02 -1.389601490282e-01 4.66e-04 7.86e-06 2.96e-05 0.034
  7   -8.303250566964e-02 -1.229863554049e-01 2.19e-04 3.69e-06 5.72e-05 0.039
  8   -8.344811563708e-02 -1.225112634366e-01 1.93e-04 3.25e-06 6.87e-05 0.045
  9   -8.415635939107e-02 -1.222342535839e-01 1.72e-04 2.89e-06 1.24e-04 0.052
 10   -8.638236893913e-02 -1.192144838914e-01 1.32e-04 2.23e-06 9.51e-05 0.057
 11   -8.613025293706e-02 -1.187881789639e-01 1.26e-04 2.13e-06 1.56e-04 0.064
 12   -9.211930488405e-02 -1.096231831348e-01 6.17e-05 1.04e-06 6.89e-05 0.069
 13   -9.284615211947e-02 -1.081499307103e-01 4.70e-05 7.93e-07 9.81e-05 0.075
 14   -9.588080877157e-02 -1.034061722142e-01 2.05e-05 3.45e-07 5.26e-05 0.081
 15   -9.595684687817e-02 -1.029402359102e-01 1.65e-05 2.78e-07 7.05e-05 0.088
 16   -9.732801111160e-02 -1.009842561748e-01 7.98e-06 1.35e-07 3.47e-05 0.093
 17   -9.754839890807e-02 -1.005084520722e-01 5.34e-06 9.00e-08 4.06e-05 0.100
 18   -9.817798914319e-02 -9.960431300536e-02 2.26e-06 3.81e-08 1.83e-05 0.107
 19   -9.831848281002e-02 -9.934775752112e-02 1.27e-06 2.14e-08 1.50e-05 0.114
 20   -9.860290962262e-02 -9.895835590576e-02 3.52e-07 5.91e-09 5.17e-06 0.121
 21   -9.870326018553e-02 -9.881809195766e-02 8.23e-08 1.93e-09 1.90e-06 0.128
 22   -9.874349791043e-02 -9.876857414511e-02 1.73e-08 5.29e-10 4.21e-07 0.134
 23   -9.875294183519e-02 -9.875621705464e-02 1.23e-09 9.83e-10 4.02e-08 0.142
 24   -9.875428481050e-02 -9.875464801210e-02 1.36e-10 1.42e-09 4.49e-09 0.149
 25   -9.875443398778e-02 -9.875446686922e-02 9.57e-12 4.12e-09 3.09e-10 0.159
 26   -9.875444811763e-02 -9.875445030322e-02 6.36e-13 1.31e-08 1.80e-11 0.168
 27   -9.875444898032e-02 -9.875444930630e-02 9.44e-14 9.33e-08 2.73e-12 0.177
 28   -9.875444912315e-02 -9.875444914120e-02 5.22e-15 1.13e-06 1.24e-13 0.186
 29   -9.875444913104e-02 -9.875444913198e-02 2.22e-16 4.58e-06 6.97e-15 0.195
 30   -9.875444913145e-02 -9.875444913150e-02 2.60e-18 3.00e-06 5.46e-16 0.205
Numerical error in objective
Restoring previous solution


Suboptimal solution found in 31 iterations and 0.21 seconds
Objective -9.87542848e-02
Primal infeasibility (abs/rel): 2.71e-10/1.36e-10
Dual infeasibility   (abs/rel): 1.56e-09/1.42e-09
Complementarity gap  (abs/rel): 4.93e-09/4.49e-09


Barrier finished in 0.21 seconds
Dual variables for problems with quadratic constraints not returned.
