cuOpt version: 26.10.0, git hash: 648f805d, host arch: x86_64, device archs: 80-real
CPU: AMD EPYC 7642 48-Core Processor, threads: 5C/5T, RAM usage: 37.50/503.74GiB
CPU SIMD target: AVX2
CUDA 12.9, device: NVIDIA A100 80GB PCIe (ID 0), VRAM: 79.44 GiB
CUDA device UUID: 68df5cf5-71f9-6a93-b428-460c080ffb10
Problem has 1 quadratic constraints. Converting to second-order cones and solving with barrier.
Barrier: reusing cache (skip convert/presolve/scaling)
Barrier solver started at 0.000 seconds
Barrier solver: 5103 constraints, 10102 variables, 265152 nonzeros
Barrier setup complete at 0.000 seconds
Adaptive regularization enabled


                  Objective                         Infeasibility        Time
Iter   Primal              Dual                Primal   Dual    Compl.   Elapsed
  0   -3.704490508896e+02 -3.710981922775e+02 3.71e+03 1.91e+00 1.19e-02 0.001
  1   -4.138703882017e+00 -3.475197441600e+02 4.01e+01 2.77e-01 6.50e-02 0.007
  2   -1.040077714720e-01 -2.488126401411e+01 4.69e-01 7.85e-03 4.78e-03 0.013
  3   -5.496009159231e-02 -6.429579754472e-01 4.69e-03 7.91e-05 1.48e-04 0.018
  4   -5.855201084762e-02 -1.359300793147e-01 6.17e-04 1.04e-05 1.72e-05 0.024
  5   -6.551675309864e-02 -1.377706752967e-01 5.18e-04 8.72e-06 2.04e-05 0.029
  6   -6.699932395420e-02 -1.382652692977e-01 4.83e-04 8.13e-06 2.72e-05 0.034
  7   -8.162897708735e-02 -1.249450474797e-01 2.43e-04 4.10e-06 7.09e-05 0.040
  8   -8.180531797706e-02 -1.245931779994e-01 2.22e-04 3.73e-06 1.19e-04 0.046
  9   -8.341023206885e-02 -1.237503076353e-01 1.77e-04 2.99e-06 2.86e-04 0.052
 10   -8.547850297655e-02 -1.209211746293e-01 1.01e-04 1.70e-06 2.64e-04 0.058
 11   -8.804419059179e-02 -1.151441607449e-01 5.31e-05 8.94e-07 4.51e-04 0.065
 12   -9.516379834666e-02 -1.038271682684e-01 1.31e-05 2.20e-07 1.16e-04 0.070
 13   -9.699352747750e-02 -1.008567442649e-01 4.62e-06 7.80e-08 3.36e-05 0.076
 14   -9.759936393300e-02 -9.965874893242e-02 1.54e-06 2.59e-08 3.72e-05 0.083
 15   -9.828623670698e-02 -9.873930124773e-02 3.11e-07 5.63e-09 7.79e-06 0.089
 16   -9.842334361269e-02 -9.853996777064e-02 6.38e-08 1.09e-09 2.36e-06 0.096
 17   -9.846598246360e-02 -9.848542723861e-02 1.05e-08 1.73e-10 3.91e-07 0.102
 18   -9.847269078847e-02 -9.847593838661e-02 8.63e-10 2.41e-09 3.58e-08 0.109
 19   -9.847405161174e-02 -9.847432731441e-02 7.30e-11 7.34e-10 3.07e-09 0.116
 20   -9.847416903806e-02 -9.847418318492e-02 2.21e-12 3.17e-08 8.58e-11 0.125
 21   -9.847417543638e-02 -9.847417582950e-02 6.13e-14 8.08e-08 2.34e-12 0.133
 22   -9.847417560773e-02 -9.847417563221e-02 3.89e-15 1.07e-08 1.47e-13 0.141
 23   -9.847417561860e-02 -9.847417561948e-02 1.11e-16 5.95e-08 3.56e-15 0.151
Numerical error in objective
Restoring previous solution


Suboptimal solution found in 24 iterations and 0.16 seconds
Objective -9.84740516e-02
Primal infeasibility (abs/rel): 1.46e-10/7.30e-11
Dual infeasibility   (abs/rel): 8.09e-10/7.34e-10
Complementarity gap  (abs/rel): 3.38e-09/3.07e-09


Barrier finished in 0.16 seconds
Dual variables for problems with quadratic constraints not returned.
