cuOpt version: 26.10.0, git hash: 648f805d, host arch: x86_64, device archs: 80-real
CPU: AMD EPYC 7642 48-Core Processor, threads: 5C/5T, RAM usage: 35.13/503.74GiB
CPU SIMD target: AVX2
CUDA 12.9, device: NVIDIA A100 80GB PCIe (ID 0), VRAM: 79.44 GiB
CUDA device UUID: 68df5cf5-71f9-6a93-b428-460c080ffb10
Problem has 1 quadratic constraints. Converting to second-order cones and solving with barrier.
Handling 50 free variables directly in augmented system
Presolved problem: 5103 constraints 10102 variables 265152 nonzeros
Skipping Ruiz equilibration (row norm ratio 1.4, column norm ratio 1.4 < 5e4, Q coeff ratio 1.0 < 100)
Barrier solver started at 0.024 seconds
Barrier solver: 5103 constraints, 10102 variables, 265152 nonzeros


Second-order cones          : 1
Free variables              : 50
Upper bounds                : 5000
Linear system               : augmented
cuDSS Version               : 0.7.1
cuDSS Threading layer       : libcudss_mtlayer_gomp.so.0
Reordering time             : 0.145s
Symbolic factorization time : 0.023s
Symbolic nonzeros in factor : 2.79e+05
Elapsed time for augmented  : 0.200 seconds
Elapsed time           : 0.200 seconds
Barrier setup complete at 0.200 seconds
Adaptive regularization enabled


                  Objective                         Infeasibility        Time
Iter   Primal              Dual                Primal   Dual    Compl.   Elapsed
  0   -3.703274138474e+02 -3.710708058040e+02 3.71e+03 1.91e+00 1.19e-02 0.200
  1   -3.742708491541e+01 -3.496357995083e+02 3.74e+02 7.84e-02 1.66e-02 0.205
  2   -3.889594807196e+00 -2.097606982704e+02 3.80e+01 4.70e-02 1.33e-02 0.209
  3   -4.431139951779e-01 -3.238533029142e+01 3.86e+00 5.32e-03 4.56e-03 0.213
  4   -9.289583149146e-02 -4.511251149906e+00 4.09e-01 5.68e-04 6.47e-04 0.218
  5   -5.629298468041e-02 -7.107154845699e-01 4.09e-02 5.69e-05 8.80e-05 0.222
  6   -5.678727240221e-02 -2.028270994986e-01 9.03e-03 1.26e-05 1.79e-05 0.226
  7   -6.884626378659e-02 -1.404950221406e-01 3.99e-03 5.55e-06 7.62e-06 0.231
  8   -7.267746732345e-02 -1.389770391579e-01 3.39e-03 4.72e-06 1.92e-05 0.235
  9   -7.595627609451e-02 -1.362000962335e-01 2.85e-03 3.97e-06 4.91e-05 0.239
 10   -7.855673756248e-02 -1.337722357127e-01 2.33e-03 3.25e-06 7.72e-05 0.243
 11   -8.243708407282e-02 -1.285192593570e-01 1.67e-03 2.33e-06 9.33e-05 0.247
 12   -8.282769355540e-02 -1.276141354432e-01 1.46e-03 2.04e-06 9.20e-05 0.252
 13   -8.682801630521e-02 -1.203300483451e-01 9.47e-04 1.32e-06 7.45e-05 0.256
 14   -8.957278167281e-02 -1.142971485544e-01 5.43e-04 7.56e-07 1.55e-04 0.260
 15   -9.497067105844e-02 -1.048302885755e-01 1.69e-04 2.35e-07 4.47e-05 0.264
 16   -9.687965916293e-02 -1.014718661087e-01 7.23e-05 1.01e-07 1.49e-05 0.269
 17   -9.772349814585e-02 -9.998973634418e-02 3.23e-05 4.50e-08 6.53e-06 0.273
 18   -9.817131100269e-02 -9.913707827359e-02 9.53e-06 1.33e-08 5.86e-06 0.277
 19   -9.846844254445e-02 -9.870101870071e-02 2.07e-06 2.88e-09 1.11e-06 0.281
 20   -9.854099399810e-02 -9.859622563710e-02 4.79e-07 6.71e-10 2.58e-07 0.286
 21   -9.856008767383e-02 -9.856886511762e-02 7.52e-08 1.08e-10 3.68e-08 0.290
 22   -9.856325609132e-02 -9.856435675162e-02 9.42e-09 1.92e-11 4.30e-09 0.294
 23   -9.856365688596e-02 -9.856378815478e-02 1.12e-09 2.01e-10 4.97e-10 0.298
 24   -9.856370491132e-02 -9.856372010593e-02 1.30e-10 2.40e-08 5.69e-11 0.301
 25   -9.856371044925e-02 -9.856371226518e-02 1.55e-11 1.77e-07 6.84e-12 0.305
 26   -9.856371112144e-02 -9.856371131465e-02 1.65e-12 5.20e-07 7.25e-13 0.308
 27   -9.856371119320e-02 -9.856371121352e-02 1.72e-13 4.66e-07 7.71e-14 0.312
 28   -9.856371120078e-02 -9.856371120295e-02 1.82e-14 2.38e-06 8.35e-15 0.316
 29   -9.856371120151e-02 -9.856371120196e-02 3.55e-15 2.42e-07 1.19e-15 0.319
Numerical error in objective
Restoring previous solution


Suboptimal solution found in 30 iterations and 0.32 seconds
Objective -9.85632561e-02
Primal infeasibility (abs/rel): 1.88e-08/9.42e-09
Dual infeasibility   (abs/rel): 2.12e-11/1.92e-11
Complementarity gap  (abs/rel): 4.72e-09/4.30e-09


Barrier finished in 0.32 seconds
Dual variables for problems with quadratic constraints not returned.
