cuOpt version: 26.10.0, git hash: 648f805d, host arch: x86_64, device archs: 80-real
CPU: AMD EPYC 7642 48-Core Processor, threads: 5C/5T, RAM usage: 35.26/503.74GiB
CPU SIMD target: AVX2
CUDA 12.9, device: NVIDIA A100 80GB PCIe (ID 0), VRAM: 79.44 GiB
CUDA device UUID: 68df5cf5-71f9-6a93-b428-460c080ffb10
Problem has 1 quadratic constraints. Converting to second-order cones and solving with barrier.
Handling 50 free variables directly in augmented system
Presolved problem: 5103 constraints 10102 variables 265152 nonzeros
Skipping Ruiz equilibration (row norm ratio 1.4, column norm ratio 1.4 < 5e4, Q coeff ratio 1.0 < 100)
Barrier solver started at 0.024 seconds
Barrier solver: 5103 constraints, 10102 variables, 265152 nonzeros


Second-order cones          : 1
Free variables              : 50
Upper bounds                : 5000
Linear system               : augmented
cuDSS Version               : 0.7.1
cuDSS Threading layer       : libcudss_mtlayer_gomp.so.0
Reordering time             : 0.053s
Symbolic factorization time : 0.023s
Symbolic nonzeros in factor : 2.79e+05
Elapsed time for augmented  : 0.107 seconds
Elapsed time           : 0.107 seconds
Barrier setup complete at 0.107 seconds
Adaptive regularization enabled


                  Objective                         Infeasibility        Time
Iter   Primal              Dual                Primal   Dual    Compl.   Elapsed
  0   -3.701605598740e+02 -3.710234169387e+02 3.71e+03 1.91e+00 1.19e-02 0.108
  1   -3.741054728906e+01 -3.495882843052e+02 3.74e+02 7.84e-02 1.66e-02 0.112
  2   -3.887937415097e+00 -2.097219589965e+02 3.80e+01 4.70e-02 1.33e-02 0.116
  3   -4.429600743902e-01 -3.237980308251e+01 3.86e+00 5.32e-03 4.56e-03 0.121
  4   -9.287886951982e-02 -4.511798823254e+00 4.09e-01 5.69e-04 6.47e-04 0.125
  5   -5.627296345894e-02 -7.108185580176e-01 4.09e-02 5.69e-05 8.81e-05 0.129
  6   -5.675916003837e-02 -2.026239755899e-01 9.03e-03 1.26e-05 1.79e-05 0.133
  7   -6.888235743605e-02 -1.400988448093e-01 3.96e-03 5.52e-06 7.57e-06 0.138
  8   -7.287761758627e-02 -1.383138550048e-01 3.34e-03 4.66e-06 1.84e-05 0.142
  9   -7.610760716490e-02 -1.355476028252e-01 2.79e-03 3.89e-06 3.64e-05 0.146
 10   -8.087141004658e-02 -1.298420118546e-01 2.02e-03 2.81e-06 5.26e-05 0.150
 11   -8.196508441656e-02 -1.284914186033e-01 1.67e-03 2.32e-06 5.28e-05 0.155
 12   -8.703874089853e-02 -1.201278554176e-01 9.98e-04 1.39e-06 5.44e-05 0.159
 13   -8.777481625521e-02 -1.172977797954e-01 7.19e-04 1.00e-06 1.85e-04 0.163
 14   -9.271058854697e-02 -1.085907407876e-01 3.18e-04 4.42e-07 1.14e-04 0.167
 15   -9.553683516416e-02 -1.034406529998e-01 1.33e-04 1.85e-07 5.56e-05 0.171
 16   -9.738496903396e-02 -1.003410949191e-01 4.04e-05 5.63e-08 1.24e-05 0.176
 17   -9.798780275829e-02 -9.931162451451e-02 1.49e-05 2.08e-08 5.32e-06 0.180
 18   -9.829688191684e-02 -9.880470661725e-02 4.39e-06 6.10e-09 2.57e-06 0.184
 19   -9.847161781149e-02 -9.855905560540e-02 7.36e-07 1.03e-09 3.80e-07 0.188
 20   -9.850140459517e-02 -9.851729135733e-02 1.33e-07 1.89e-10 6.11e-08 0.193
 21   -9.850694295797e-02 -9.850952424977e-02 2.15e-08 3.33e-11 8.79e-09 0.197
 22   -9.850786961404e-02 -9.850822746488e-02 2.97e-09 2.58e-12 1.04e-09 0.202
 23   -9.850799832838e-02 -9.850804789608e-02 4.11e-10 1.21e-11 1.30e-10 0.206
 24   -9.850801599559e-02 -9.850802330807e-02 6.06e-11 1.46e-07 1.69e-11 0.209
 25   -9.850801860875e-02 -9.850801967804e-02 8.86e-12 6.15e-08 2.19e-12 0.213
 26   -9.850801899175e-02 -9.850801914651e-02 1.28e-12 4.25e-07 2.57e-13 0.217
 27   -9.850801904487e-02 -9.850801907239e-02 2.28e-13 7.54e-08 4.79e-14 0.221
 28   -9.850801905410e-02 -9.850801905951e-02 4.44e-14 1.47e-08 1.08e-14 0.225
 29   -9.850801905605e-02 -9.850801905680e-02 6.22e-15 2.01e-09 1.67e-15 0.229


Optimal solution found in 29 iterations and 0.229s
Objective -9.85080191e-02
Primal infeasibility (abs/rel): 1.24e-14/6.22e-15
Dual infeasibility   (abs/rel): 2.22e-09/2.01e-09
Complementarity gap  (abs/rel): 1.84e-15/1.67e-15


Barrier finished in 0.23 seconds
Dual variables for problems with quadratic constraints not returned.
