cuOpt version: 26.10.0, git hash: 648f805d, host arch: x86_64, device archs: 80-real
CPU: AMD EPYC 7642 48-Core Processor, threads: 5C/5T, RAM usage: 35.25/503.74GiB
CPU SIMD target: AVX2
CUDA 12.9, device: NVIDIA A100 80GB PCIe (ID 0), VRAM: 79.44 GiB
CUDA device UUID: 68df5cf5-71f9-6a93-b428-460c080ffb10
Problem has 1 quadratic constraints. Converting to second-order cones and solving with barrier.
Handling 50 free variables directly in augmented system
Presolved problem: 5103 constraints 10102 variables 265152 nonzeros
Skipping Ruiz equilibration (row norm ratio 1.4, column norm ratio 1.4 < 5e4, Q coeff ratio 1.0 < 100)
Barrier solver started at 0.027 seconds
Barrier solver: 5103 constraints, 10102 variables, 265152 nonzeros


Second-order cones          : 1
Free variables              : 50
Upper bounds                : 5000
Linear system               : augmented
cuDSS Version               : 0.7.1
cuDSS Threading layer       : libcudss_mtlayer_gomp.so.0
Reordering time             : 0.052s
Symbolic factorization time : 0.023s
Symbolic nonzeros in factor : 2.79e+05
Elapsed time for augmented  : 0.110 seconds
Elapsed time           : 0.110 seconds
Barrier setup complete at 0.110 seconds
Adaptive regularization enabled


                  Objective                         Infeasibility        Time
Iter   Primal              Dual                Primal   Dual    Compl.   Elapsed
  0   -3.703336272695e+02 -3.710584120459e+02 3.71e+03 1.91e+00 1.19e-02 0.111
  1   -3.742835979308e+01 -3.496234222302e+02 3.74e+02 7.84e-02 1.66e-02 0.115
  2   -3.889891355003e+00 -2.097525629163e+02 3.80e+01 4.70e-02 1.33e-02 0.119
  3   -4.431513633288e-01 -3.238487896616e+01 3.86e+00 5.32e-03 4.56e-03 0.124
  4   -9.290142742688e-02 -4.511186515589e+00 4.09e-01 5.68e-04 6.47e-04 0.128
  5   -5.629485369877e-02 -7.107170118149e-01 4.09e-02 5.69e-05 8.80e-05 0.132
  6   -5.678749209491e-02 -2.022545242435e-01 9.00e-03 1.25e-05 1.78e-05 0.136
  7   -6.897692945381e-02 -1.397788793880e-01 3.95e-03 5.49e-06 7.54e-06 0.141
  8   -7.282123523193e-02 -1.381519500340e-01 3.36e-03 4.68e-06 1.62e-05 0.147
  9   -7.616605658132e-02 -1.355775787071e-01 2.78e-03 3.87e-06 4.07e-05 0.152
 10   -8.140740655080e-02 -1.291305799189e-01 1.96e-03 2.73e-06 7.17e-05 0.156
 11   -8.230046011285e-02 -1.279833328056e-01 1.67e-03 2.33e-06 7.59e-05 0.160
 12   -8.637334422414e-02 -1.212631659214e-01 1.12e-03 1.57e-06 7.34e-05 0.165
 13   -8.677831263894e-02 -1.193386263626e-01 8.97e-04 1.25e-06 1.52e-04 0.169
 14   -9.118494245524e-02 -1.115006237446e-01 4.43e-04 6.17e-07 1.28e-04 0.173
 15   -9.484063965188e-02 -1.046256689594e-01 1.91e-04 2.65e-07 7.72e-05 0.177
 16   -9.681956782100e-02 -1.011951289354e-01 5.89e-05 8.20e-08 1.88e-05 0.182
 17   -9.766649300680e-02 -9.971202846727e-02 2.06e-05 2.86e-08 1.15e-05 0.186
 18   -9.819793276057e-02 -9.890757417418e-02 6.42e-06 8.93e-09 3.96e-06 0.191
 19   -9.842623664034e-02 -9.857430042484e-02 1.13e-06 1.58e-09 6.65e-07 0.195
 20   -9.847892937695e-02 -9.850150593056e-02 1.71e-07 2.41e-10 8.55e-08 0.199
 21   -9.848704142679e-02 -9.849036540873e-02 2.51e-08 3.98e-11 1.05e-08 0.203
 22   -9.848823498321e-02 -9.848873054387e-02 3.74e-09 1.45e-11 1.30e-09 0.208
 23   -9.848841325345e-02 -9.848848678760e-02 5.54e-10 3.47e-11 1.63e-10 0.212
 24   -9.848843992106e-02 -9.848845034709e-02 7.84e-11 1.61e-10 2.31e-11 0.216
 25   -9.848844379253e-02 -9.848844505251e-02 9.47e-12 4.33e-07 2.80e-12 0.220
 26   -9.848844427041e-02 -9.848844439782e-02 9.58e-13 8.40e-07 2.83e-13 0.224
 27   -9.848844431870e-02 -9.848844433162e-02 9.73e-14 5.90e-07 2.87e-14 0.227
 28   -9.848844432342e-02 -9.848844432513e-02 1.29e-14 4.38e-07 3.80e-15 0.231
 29   -9.848844432394e-02 -9.848844432442e-02 3.66e-15 3.38e-06 1.08e-15 0.234
 30   -9.848844432401e-02 -9.848844432431e-02 2.00e-15 1.97e-06 6.29e-16 0.239
Numerical error in objective
Restoring previous solution


Suboptimal solution found in 31 iterations and 0.24 seconds
Objective -9.84882350e-02
Primal infeasibility (abs/rel): 7.47e-09/3.74e-09
Dual infeasibility   (abs/rel): 1.60e-11/1.45e-11
Complementarity gap  (abs/rel): 1.43e-09/1.30e-09


Barrier finished in 0.24 seconds
Dual variables for problems with quadratic constraints not returned.
