cuOpt version: 26.10.0, git hash: 648f805d, host arch: x86_64, device archs: 80-real
CPU: AMD EPYC 7642 48-Core Processor, threads: 5C/5T, RAM usage: 35.13/503.74GiB
CPU SIMD target: AVX2
CUDA 12.9, device: NVIDIA A100 80GB PCIe (ID 0), VRAM: 79.44 GiB
CUDA device UUID: 68df5cf5-71f9-6a93-b428-460c080ffb10
Problem has 1 quadratic constraints. Converting to second-order cones and solving with barrier.
Handling 50 free variables directly in augmented system
Presolved problem: 5103 constraints 10102 variables 265152 nonzeros
Skipping Ruiz equilibration (row norm ratio 1.4, column norm ratio 1.4 < 5e4, Q coeff ratio 1.0 < 100)
Barrier solver started at 0.027 seconds
Barrier solver: 5103 constraints, 10102 variables, 265152 nonzeros


Second-order cones          : 1
Free variables              : 50
Upper bounds                : 5000
Linear system               : augmented
cuDSS Version               : 0.7.1
cuDSS Threading layer       : libcudss_mtlayer_gomp.so.0
Reordering time             : 0.054s
Symbolic factorization time : 0.024s
Symbolic nonzeros in factor : 2.79e+05
Elapsed time for augmented  : 0.112 seconds
Elapsed time           : 0.112 seconds
Barrier setup complete at 0.112 seconds
Adaptive regularization enabled


                  Objective                         Infeasibility        Time
Iter   Primal              Dual                Primal   Dual    Compl.   Elapsed
  0   -3.702964190560e+02 -3.711235215740e+02 3.71e+03 1.91e+00 1.19e-02 0.112
  1   -3.742349295376e+01 -3.496884758318e+02 3.74e+02 7.84e-02 1.66e-02 0.117
  2   -3.889054526245e+00 -2.098042038974e+02 3.80e+01 4.70e-02 1.33e-02 0.121
  3   -4.430325555093e-01 -3.239324781577e+01 3.86e+00 5.32e-03 4.56e-03 0.126
  4   -9.287132158811e-02 -4.512039571369e+00 4.09e-01 5.68e-04 6.47e-04 0.130
  5   -5.627559517101e-02 -7.108197449657e-01 4.09e-02 5.69e-05 8.80e-05 0.134
  6   -5.676127129505e-02 -2.028282072340e-01 9.03e-03 1.26e-05 1.79e-05 0.138
  7   -6.872057580153e-02 -1.408419733298e-01 4.01e-03 5.59e-06 7.67e-06 0.143
  8   -7.258982425127e-02 -1.392588274769e-01 3.40e-03 4.73e-06 2.05e-05 0.147
  9   -7.571181245103e-02 -1.366622377962e-01 2.87e-03 4.00e-06 4.96e-05 0.151
 10   -7.916984707094e-02 -1.330919965799e-01 2.23e-03 3.11e-06 8.05e-05 0.156
 11   -8.266762323724e-02 -1.284169251426e-01 1.57e-03 2.19e-06 8.79e-05 0.160
 12   -8.365782843407e-02 -1.266262191330e-01 1.28e-03 1.78e-06 8.45e-05 0.164
 13   -8.597751125089e-02 -1.221423657027e-01 9.32e-04 1.30e-06 7.35e-05 0.168
 14   -8.796964141053e-02 -1.174009862302e-01 6.31e-04 8.79e-07 1.66e-04 0.173
 15   -9.395185070230e-02 -1.062205115815e-01 2.12e-04 2.95e-07 6.87e-05 0.177
 16   -9.601550354549e-02 -1.024278664606e-01 8.72e-05 1.21e-07 2.31e-05 0.181
 17   -9.729755293148e-02 -1.002292104296e-01 3.73e-05 5.19e-08 7.98e-06 0.185
 18   -9.782857853392e-02 -9.921481262053e-02 1.31e-05 1.83e-08 6.47e-06 0.190
 19   -9.819958722451e-02 -9.862586434432e-02 2.57e-06 3.58e-09 1.40e-06 0.194
 20   -9.833913866316e-02 -9.843271658869e-02 5.22e-07 7.27e-10 2.66e-07 0.198
 21   -9.837234423125e-02 -9.838792378176e-02 8.50e-08 1.20e-10 3.81e-08 0.203
 22   -9.837803855187e-02 -9.838030353528e-02 1.23e-08 2.19e-11 4.88e-09 0.207
 23   -9.837887833458e-02 -9.837918082795e-02 1.64e-09 4.06e-09 5.76e-10 0.211
 24   -9.837899224691e-02 -9.837902843770e-02 1.97e-10 3.89e-10 6.35e-11 0.215
 25   -9.837900612834e-02 -9.837900985266e-02 2.02e-11 1.62e-07 6.57e-12 0.219
 26   -9.837900756054e-02 -9.837900793526e-02 2.03e-12 7.78e-08 6.62e-13 0.222
 27   -9.837900770474e-02 -9.837900774235e-02 2.04e-13 7.58e-08 6.62e-14 0.226
 28   -9.837900771920e-02 -9.837900772306e-02 2.08e-14 5.25e-07 6.85e-15 0.229
 29   -9.837900772055e-02 -9.837900772127e-02 3.77e-15 7.25e-07 9.42e-16 0.233
Numerical error in objective
Restoring previous solution


Suboptimal solution found in 30 iterations and 0.24 seconds
Objective -9.83789922e-02
Primal infeasibility (abs/rel): 3.93e-10/1.97e-10
Dual infeasibility   (abs/rel): 4.29e-10/3.89e-10
Complementarity gap  (abs/rel): 6.98e-11/6.35e-11


Barrier finished in 0.24 seconds
Dual variables for problems with quadratic constraints not returned.
