cuOpt version: 26.10.0, git hash: 648f805d, host arch: x86_64, device archs: 80-real
CPU: AMD EPYC 7642 48-Core Processor, threads: 5C/5T, RAM usage: 27.03/503.74GiB
CPU SIMD target: AVX2
CUDA 12.9, device: NVIDIA A100 80GB PCIe (ID 0), VRAM: 79.44 GiB
CUDA device UUID: 68df5cf5-71f9-6a93-b428-460c080ffb10
Problem has 1 quadratic constraints. Converting to second-order cones and solving with barrier.
Handling 50 free variables directly in augmented system
Presolved problem: 5103 constraints 10102 variables 265152 nonzeros
Skipping Ruiz equilibration (row norm ratio 1.4, column norm ratio 1.4 < 5e4, Q coeff ratio 1.0 < 100)
Barrier solver started at 0.029 seconds
Barrier solver: 5103 constraints, 10102 variables, 265152 nonzeros


Second-order cones          : 1
Free variables              : 50
Upper bounds                : 5000
Linear system               : augmented
cuDSS Version               : 0.7.1
cuDSS Threading layer       : libcudss_mtlayer_gomp.so.0
cuDSS solve mode            : deterministic
Reordering time             : 0.147s
Symbolic factorization time : 0.023s
Symbolic nonzeros in factor : 2.79e+05
Elapsed time for augmented  : 0.207 seconds
Elapsed time           : 0.207 seconds
Barrier setup complete at 0.207 seconds
Adaptive regularization enabled


                  Objective                         Infeasibility        Time
Iter   Primal              Dual                Primal   Dual    Compl.   Elapsed
  0   -4.988370062087e-02 -6.261712008651e+04 5.00e+00 6.54e+02 7.21e+03 0.457
  1   -4.990597028500e-02 -1.142615831542e+04 8.90e-01 1.13e+02 1.44e+03 0.552
  2   -4.986581739476e-02 -1.907071472625e+03 8.91e-02 8.22e+00 2.69e+02 0.646
  3   -4.987333081195e-02 -2.193329378490e+02 9.57e-03 7.84e-01 3.54e+01 0.758
  4   -4.992246410056e-02 -2.431641661343e+01 1.05e-03 4.03e-01 3.84e+00 0.869
  5   -5.033604431028e-02 -3.249518323707e+00 1.38e-04 5.91e-02 5.04e-01 0.981
  6   -5.315661164215e-02 -7.257437783023e-01 2.89e-05 1.25e-02 1.06e-01 1.093
  7   -6.573712631332e-02 -2.619726008894e-01 6.80e-06 2.95e-03 2.45e-02 1.205
  8   -7.854358086857e-02 -1.817816725253e-01 1.19e-06 5.18e-04 4.21e-03 1.316
  9   -8.894179399306e-02 -1.222037035129e-01 3.68e-07 1.60e-04 1.32e-03 1.394
 10   -9.523751848040e-02 -1.050751348918e-01 7.24e-08 3.14e-05 2.03e-04 1.471
 11   -9.700886215707e-02 -1.013517932154e-01 2.94e-08 1.27e-05 8.09e-05 1.549
 12   -9.799318161455e-02 -9.937022605256e-02 6.99e-09 3.03e-06 1.45e-05 1.627
 13   -9.830602618945e-02 -9.884151700187e-02 2.63e-09 1.14e-06 6.04e-06 1.705
 14   -9.845690388226e-02 -9.858969259555e-02 6.11e-10 2.65e-07 1.24e-06 1.782
 15   -9.849888381241e-02 -9.852233311092e-02 1.05e-10 4.57e-08 1.72e-07 1.860
 16   -9.850657023119e-02 -9.851027063847e-02 1.65e-11 7.17e-09 2.35e-08 1.938
 17   -9.850779793889e-02 -9.850836130756e-02 2.51e-12 1.09e-09 3.02e-09 2.015
 18   -9.850798628030e-02 -9.850806966181e-02 3.71e-13 9.82e-11 3.68e-10 2.093
 19   -9.850801402066e-02 -9.850802683684e-02 4.25e-13 8.64e-09 4.52e-11 2.153
 20   -9.850801816584e-02 -9.850802043565e-02 2.35e-13 5.60e-09 6.10e-12 2.214


Optimal solution found in 20 iterations and 2.214s
Objective -9.85080182e-02
Primal infeasibility (abs/rel): 4.71e-13/2.35e-13
Dual infeasibility   (abs/rel): 6.16e-09/5.60e-09
Complementarity gap  (abs/rel): 6.70e-12/6.10e-12


Barrier finished in 2.22 seconds
Dual variables for problems with quadratic constraints not returned.
