cuOpt version: 26.10.0, git hash: 648f805d, host arch: x86_64, device archs: 80-real
CPU: AMD EPYC 7642 48-Core Processor, threads: 5C/5T, RAM usage: 26.95/503.74GiB
CPU SIMD target: AVX2
CUDA 12.9, device: NVIDIA A100 80GB PCIe (ID 0), VRAM: 79.44 GiB
CUDA device UUID: 68df5cf5-71f9-6a93-b428-460c080ffb10
Problem has 1 quadratic constraints. Converting to second-order cones and solving with barrier.
Handling 50 free variables directly in augmented system
Presolved problem: 5103 constraints 10102 variables 265152 nonzeros
Skipping Ruiz equilibration (row norm ratio 1.4, column norm ratio 1.4 < 5e4, Q coeff ratio 1.0 < 100)
Barrier solver started at 0.029 seconds
Barrier solver: 5103 constraints, 10102 variables, 265152 nonzeros


Second-order cones          : 1
Free variables              : 50
Upper bounds                : 5000
Linear system               : augmented
cuDSS Version               : 0.7.1
cuDSS Threading layer       : libcudss_mtlayer_gomp.so.0
cuDSS solve mode            : deterministic
Reordering time             : 0.090s
Symbolic factorization time : 0.024s
Symbolic nonzeros in factor : 2.79e+05
Elapsed time for augmented  : 0.150 seconds
Elapsed time           : 0.150 seconds
Barrier setup complete at 0.150 seconds
Adaptive regularization enabled


                  Objective                         Infeasibility        Time
Iter   Primal              Dual                Primal   Dual    Compl.   Elapsed
  0   -4.988372441027e-02 -6.261712008651e+04 5.00e+00 6.54e+02 7.21e+03 0.417
  1   -4.990599237591e-02 -1.142615660438e+04 8.90e-01 1.13e+02 1.44e+03 0.511
  2   -4.986572036311e-02 -1.907069542279e+03 8.91e-02 8.22e+00 2.69e+02 0.606
  3   -4.987323421557e-02 -2.193329182476e+02 9.57e-03 7.84e-01 3.54e+01 0.717
  4   -4.992236850718e-02 -2.431660284306e+01 1.05e-03 4.03e-01 3.84e+00 0.828
  5   -5.033594982357e-02 -3.249516417680e+00 1.38e-04 5.91e-02 5.04e-01 0.940
  6   -5.315654700877e-02 -7.257334400637e-01 2.89e-05 1.25e-02 1.06e-01 1.052
  7   -6.573616243743e-02 -2.620129158956e-01 6.80e-06 2.95e-03 2.45e-02 1.163
  8   -7.854079977546e-02 -1.817988811372e-01 1.19e-06 5.18e-04 4.21e-03 1.275
  9   -8.893957320126e-02 -1.222086715808e-01 3.68e-07 1.60e-04 1.32e-03 1.353
 10   -9.523662157390e-02 -1.050765112291e-01 7.24e-08 3.14e-05 2.03e-04 1.430
 11   -9.700850168064e-02 -1.013524933524e-01 2.94e-08 1.27e-05 8.09e-05 1.508
 12   -9.799298739710e-02 -9.937055633219e-02 7.00e-09 3.03e-06 1.45e-05 1.586
 13   -9.830592924291e-02 -9.884167952025e-02 2.63e-09 1.14e-06 6.04e-06 1.663
 14   -9.845687581774e-02 -9.858973485486e-02 6.11e-10 2.65e-07 1.24e-06 1.741
 15   -9.849887817625e-02 -9.852234155098e-02 1.05e-10 4.57e-08 1.72e-07 1.819
 16   -9.850656935211e-02 -9.851027193807e-02 1.65e-11 7.17e-09 2.35e-08 1.896
 17   -9.850779780937e-02 -9.850836149773e-02 2.51e-12 1.09e-09 3.02e-09 1.974
 18   -9.850798626060e-02 -9.850806969066e-02 3.71e-13 9.42e-11 3.69e-10 2.052
 19   -9.850801401805e-02 -9.850802684062e-02 4.25e-13 2.12e-09 4.52e-11 2.112
 20   -9.850801816549e-02 -9.850802043614e-02 2.35e-13 6.38e-08 6.11e-12 2.173
 21   -9.850801888741e-02 -9.850801931926e-02 1.11e-13 4.01e-07 1.24e-12 2.233
 22   -9.850801901961e-02 -9.850801911312e-02 2.39e-14 8.57e-08 3.19e-13 2.311
 23   -9.850801904739e-02 -9.850801907004e-02 5.72e-15 2.01e-08 8.46e-14 2.388
 24   -9.850801905409e-02 -9.850801905976e-02 1.39e-15 4.84e-09 2.13e-14 2.466


Optimal solution found in 24 iterations and 2.466s
Objective -9.85080191e-02
Primal infeasibility (abs/rel): 2.78e-15/1.39e-15
Dual infeasibility   (abs/rel): 5.33e-09/4.84e-09
Complementarity gap  (abs/rel): 2.34e-14/2.13e-14


Barrier finished in 2.47 seconds
Dual variables for problems with quadratic constraints not returned.
