cuOpt version: 26.10.0, git hash: 648f805d, host arch: x86_64, device archs: 80-real
CPU: AMD EPYC 7642 48-Core Processor, threads: 5C/5T, RAM usage: 26.72/503.74GiB
CPU SIMD target: AVX2
CUDA 12.9, device: NVIDIA A100 80GB PCIe (ID 0), VRAM: 79.44 GiB
CUDA device UUID: 68df5cf5-71f9-6a93-b428-460c080ffb10
Problem has 1 quadratic constraints. Converting to second-order cones and solving with barrier.
Handling 50 free variables directly in augmented system
Presolved problem: 5103 constraints 10102 variables 265152 nonzeros
Skipping Ruiz equilibration (row norm ratio 1.4, column norm ratio 1.4 < 5e4, Q coeff ratio 1.0 < 100)
Barrier solver started at 0.029 seconds
Barrier solver: 5103 constraints, 10102 variables, 265152 nonzeros


Second-order cones          : 1
Free variables              : 50
Upper bounds                : 5000
Linear system               : augmented
cuDSS Version               : 0.7.1
cuDSS Threading layer       : libcudss_mtlayer_gomp.so.0
cuDSS solve mode            : deterministic
Reordering time             : 0.059s
Symbolic factorization time : 0.023s
Symbolic nonzeros in factor : 2.79e+05
Elapsed time for augmented  : 0.119 seconds
Elapsed time           : 0.119 seconds
Barrier setup complete at 0.119 seconds
Adaptive regularization enabled


                  Objective                         Infeasibility        Time
Iter   Primal              Dual                Primal   Dual    Compl.   Elapsed
  0   -4.988371941331e-02 -6.261712008651e+04 5.00e+00 6.54e+02 7.21e+03 0.369
  1   -4.990598618826e-02 -1.142615765958e+04 8.90e-01 1.13e+02 1.44e+03 0.463
  2   -4.986576232482e-02 -1.907071023993e+03 8.91e-02 8.22e+00 2.69e+02 0.558
  3   -4.987327684029e-02 -2.193331367534e+02 9.57e-03 7.84e-01 3.54e+01 0.670
  4   -4.992241068711e-02 -2.431654923999e+01 1.05e-03 4.03e-01 3.84e+00 0.781
  5   -5.033598824076e-02 -3.249571038392e+00 1.38e-04 5.91e-02 5.04e-01 0.893
  6   -5.315650831116e-02 -7.257559958218e-01 2.89e-05 1.25e-02 1.06e-01 1.005
  7   -6.573686927658e-02 -2.619726482183e-01 6.80e-06 2.95e-03 2.45e-02 1.116
  8   -7.854360872527e-02 -1.817818527119e-01 1.19e-06 5.18e-04 4.21e-03 1.228
  9   -8.894180116172e-02 -1.222035699441e-01 3.68e-07 1.60e-04 1.32e-03 1.306
 10   -9.523756208129e-02 -1.050749896702e-01 7.24e-08 3.14e-05 2.03e-04 1.384
 11   -9.700895042104e-02 -1.013516714414e-01 2.94e-08 1.27e-05 8.09e-05 1.462
 12   -9.799320937114e-02 -9.937020009953e-02 6.99e-09 3.03e-06 1.45e-05 1.539
 13   -9.830604653556e-02 -9.884149020174e-02 2.63e-09 1.14e-06 6.04e-06 1.617
 14   -9.845691212745e-02 -9.858968149707e-02 6.11e-10 2.65e-07 1.24e-06 1.694
 15   -9.849888547004e-02 -9.852233092106e-02 1.05e-10 4.57e-08 1.72e-07 1.772
 16   -9.850657053219e-02 -9.851027023486e-02 1.65e-11 7.17e-09 2.35e-08 1.850
 17   -9.850779798651e-02 -9.850836124346e-02 2.51e-12 1.09e-09 3.02e-09 1.928
 18   -9.850798628736e-02 -9.850806965231e-02 3.71e-13 1.01e-10 3.68e-10 2.006
 19   -9.850801402187e-02 -9.850802683518e-02 4.25e-13 1.92e-08 4.52e-11 2.066
 20   -9.850801816607e-02 -9.850802043533e-02 2.35e-13 6.94e-08 6.10e-12 2.127
 21   -9.850801888746e-02 -9.850801931919e-02 1.11e-13 2.52e-07 1.24e-12 2.188
 22   -9.850801901951e-02 -9.850801911329e-02 2.40e-14 5.40e-08 3.19e-13 2.266
 23   -9.850801904717e-02 -9.850801907038e-02 5.83e-15 1.30e-08 8.59e-14 2.344
 24   -9.850801905404e-02 -9.850801905985e-02 1.44e-15 3.17e-09 2.21e-14 2.421


Optimal solution found in 24 iterations and 2.421s
Objective -9.85080191e-02
Primal infeasibility (abs/rel): 2.89e-15/1.44e-15
Dual infeasibility   (abs/rel): 3.49e-09/3.17e-09
Complementarity gap  (abs/rel): 2.42e-14/2.21e-14


Barrier finished in 2.42 seconds
Dual variables for problems with quadratic constraints not returned.
