cuOpt version: 26.10.0, git hash: 648f805d, host arch: x86_64, device archs: 80-real
CPU: AMD EPYC 7642 48-Core Processor, threads: 5C/5T, RAM usage: 35.22/503.74GiB
CPU SIMD target: AVX2
CUDA 12.9, device: NVIDIA A100 80GB PCIe (ID 0), VRAM: 79.44 GiB
CUDA device UUID: 68df5cf5-71f9-6a93-b428-460c080ffb10
Problem has 1 quadratic constraints. Converting to second-order cones and solving with barrier.
Handling 50 free variables directly in augmented system
Presolved problem: 5103 constraints 10102 variables 265152 nonzeros
Skipping Ruiz equilibration (row norm ratio 1.4, column norm ratio 1.4 < 5e4, Q coeff ratio 1.0 < 100)
Barrier solver started at 0.027 seconds
Barrier solver: 5103 constraints, 10102 variables, 265152 nonzeros


Second-order cones          : 1
Free variables              : 50
Upper bounds                : 5000
Linear system               : augmented
cuDSS Version               : 0.7.1
cuDSS Threading layer       : libcudss_mtlayer_gomp.so.0
Reordering time             : 0.056s
Symbolic factorization time : 0.024s
Symbolic nonzeros in factor : 2.79e+05
Elapsed time for augmented  : 0.115 seconds
Elapsed time           : 0.115 seconds
Barrier setup complete at 0.115 seconds
Adaptive regularization enabled


                  Objective                         Infeasibility        Time
Iter   Primal              Dual                Primal   Dual    Compl.   Elapsed
  0   -3.702624119443e+02 -3.710387458059e+02 3.71e+03 1.91e+00 1.19e-02 0.115
  1   -4.136636600806e+00 -3.474601645246e+02 4.01e+01 2.77e-01 6.50e-02 0.120
  2   -1.039518415401e-01 -2.487140787151e+01 4.69e-01 7.85e-03 4.78e-03 0.125
  3   -5.493965901104e-02 -6.425639779068e-01 4.69e-03 7.91e-05 1.48e-04 0.129
  4   -5.853205515324e-02 -1.359055187948e-01 6.17e-04 1.04e-05 1.72e-05 0.134
  5   -6.752262495901e-02 -1.382889553615e-01 4.87e-04 8.20e-06 3.00e-05 0.138
  6   -6.909308649977e-02 -1.385283226433e-01 4.47e-04 7.53e-06 4.23e-05 0.143
  7   -8.140923665872e-02 -1.243462249551e-01 2.48e-04 4.17e-06 7.51e-05 0.147
  8   -8.155824985274e-02 -1.241861208541e-01 2.32e-04 3.91e-06 7.37e-05 0.151
  9   -8.323127475463e-02 -1.230408375732e-01 1.85e-04 3.12e-06 2.17e-04 0.156
 10   -8.338537782125e-02 -1.218653044648e-01 1.59e-04 2.67e-06 3.59e-04 0.161
 11   -9.171620309970e-02 -1.095585324832e-01 6.76e-05 1.14e-06 1.14e-04 0.165
 12   -9.235013107250e-02 -1.081513925348e-01 5.23e-05 8.80e-07 1.34e-04 0.170
 13   -9.592593451627e-02 -1.025477342895e-01 1.90e-05 3.20e-07 6.40e-05 0.175
 14   -9.614589441935e-02 -1.018814825337e-01 1.36e-05 2.30e-07 7.67e-05 0.180
 15   -9.733931654371e-02 -1.002250320356e-01 6.13e-06 1.03e-07 3.37e-05 0.184
 16   -9.760406905786e-02 -9.973275965449e-02 3.64e-06 6.13e-08 3.20e-05 0.189
 17   -9.812133295615e-02 -9.901381870931e-02 1.31e-06 2.21e-08 1.27e-05 0.194
 18   -9.826863040262e-02 -9.878522661997e-02 5.79e-07 9.72e-09 8.12e-06 0.198
 19   -9.842352988086e-02 -9.858376733048e-02 1.54e-07 2.59e-09 2.46e-06 0.203
 20   -9.847368120550e-02 -9.851646520157e-02 2.95e-08 4.78e-10 6.70e-07 0.207
 21   -9.848854611936e-02 -9.849837558010e-02 6.39e-09 1.07e-10 1.53e-07 0.212
 22   -9.849231472413e-02 -9.849359150773e-02 5.64e-10 1.62e-11 1.53e-08 0.216
 23   -9.849280572831e-02 -9.849300662897e-02 8.87e-11 1.41e-11 2.50e-09 0.220
 24   -9.849289139888e-02 -9.849290442847e-02 5.72e-12 1.51e-09 1.61e-10 0.224
 25   -9.849289719720e-02 -9.849289749591e-02 1.18e-13 2.59e-08 3.63e-12 0.228
 26   -9.849289732458e-02 -9.849289734235e-02 6.99e-15 1.53e-09 2.14e-13 0.232


Optimal solution found in 26 iterations and 0.232s
Objective -9.84928973e-02
Primal infeasibility (abs/rel): 1.40e-14/6.99e-15
Dual infeasibility   (abs/rel): 1.69e-09/1.53e-09
Complementarity gap  (abs/rel): 2.36e-13/2.14e-13


Barrier finished in 0.23 seconds
Dual variables for problems with quadratic constraints not returned.
