cuOpt version: 26.10.0, git hash: 648f805d, host arch: x86_64, device archs: 80-real
CPU: AMD EPYC 7642 48-Core Processor, threads: 5C/5T, RAM usage: 35.37/503.74GiB
CPU SIMD target: AVX2
CUDA 12.9, device: NVIDIA A100 80GB PCIe (ID 0), VRAM: 79.44 GiB
CUDA device UUID: 68df5cf5-71f9-6a93-b428-460c080ffb10
Problem has 1 quadratic constraints. Converting to second-order cones and solving with barrier.
Handling 50 free variables directly in augmented system
Presolved problem: 5103 constraints 10102 variables 265152 nonzeros
Skipping Ruiz equilibration (row norm ratio 1.4, column norm ratio 1.4 < 5e4, Q coeff ratio 1.0 < 100)
Barrier solver started at 0.026 seconds
Barrier solver: 5103 constraints, 10102 variables, 265152 nonzeros


Second-order cones          : 1
Free variables              : 50
Upper bounds                : 5000
Linear system               : augmented
cuDSS Version               : 0.7.1
cuDSS Threading layer       : libcudss_mtlayer_gomp.so.0
Reordering time             : 0.055s
Symbolic factorization time : 0.023s
Symbolic nonzeros in factor : 2.79e+05
Elapsed time for augmented  : 0.112 seconds
Elapsed time           : 0.112 seconds
Barrier setup complete at 0.112 seconds
Adaptive regularization enabled


                  Objective                         Infeasibility        Time
Iter   Primal              Dual                Primal   Dual    Compl.   Elapsed
  0   -3.704340093575e+02 -3.710959393425e+02 3.71e+03 1.91e+00 1.19e-02 0.112
  1   -4.137998459202e+00 -3.475174945450e+02 4.01e+01 2.77e-01 6.50e-02 0.117
  2   -1.040026894611e-01 -2.487628242109e+01 4.69e-01 7.85e-03 4.78e-03 0.121
  3   -5.496235300272e-02 -6.427808523001e-01 4.69e-03 7.91e-05 1.48e-04 0.126
  4   -5.856089422603e-02 -1.359195235053e-01 6.17e-04 1.04e-05 1.72e-05 0.130
  5   -6.659170450442e-02 -1.380598263522e-01 5.02e-04 8.45e-06 2.55e-05 0.135
  6   -6.814658587016e-02 -1.384347563335e-01 4.64e-04 7.81e-06 3.21e-05 0.139
  7   -8.145176565883e-02 -1.248840065172e-01 2.46e-04 4.14e-06 6.80e-05 0.144
  8   -8.163163940147e-02 -1.246568348413e-01 2.28e-04 3.84e-06 7.92e-05 0.148
  9   -8.366656020352e-02 -1.232304626393e-01 1.73e-04 2.91e-06 2.39e-04 0.153
 10   -8.319614413200e-02 -1.225995037488e-01 1.60e-04 2.70e-06 4.85e-04 0.158
 11   -8.610434366022e-02 -1.183568664436e-01 1.18e-04 1.99e-06 4.64e-04 0.163
 12   -9.418144382468e-02 -1.056800722962e-01 2.71e-05 4.57e-07 6.09e-05 0.167
 13   -9.574186143788e-02 -1.027926899110e-01 1.32e-05 2.23e-07 6.75e-05 0.172
 14   -9.753778180191e-02 -1.001305931349e-01 4.19e-06 7.06e-08 2.04e-05 0.176
 15   -9.786820601682e-02 -9.951185444249e-02 1.96e-06 3.31e-08 2.98e-05 0.181
 16   -9.845920859287e-02 -9.867918126438e-02 2.52e-07 4.25e-09 2.93e-06 0.185
 17   -9.854300322555e-02 -9.856747400152e-02 2.55e-08 4.34e-10 2.07e-07 0.190
 18   -9.855153944296e-02 -9.855566816540e-02 3.83e-09 6.69e-11 3.72e-08 0.194
 19   -9.855323750413e-02 -9.855344271803e-02 1.90e-10 1.04e-11 1.31e-09 0.199
 20   -9.855332070603e-02 -9.855333541671e-02 1.32e-11 4.98e-10 5.08e-11 0.202
 21   -9.855332590879e-02 -9.855332857696e-02 1.95e-12 2.03e-11 9.72e-12 0.207


Optimal solution found in 21 iterations and 0.207s
Objective -9.85533259e-02
Primal infeasibility (abs/rel): 3.90e-12/1.95e-12
Dual infeasibility   (abs/rel): 2.24e-11/2.03e-11
Complementarity gap  (abs/rel): 1.07e-11/9.72e-12


Barrier finished in 0.21 seconds
Dual variables for problems with quadratic constraints not returned.
