cuOpt version: 26.10.0, git hash: 648f805d, host arch: x86_64, device archs: 80-real
CPU: AMD EPYC 7642 48-Core Processor, threads: 5C/5T, RAM usage: 35.29/503.74GiB
CPU SIMD target: AVX2
CUDA 12.9, device: NVIDIA A100 80GB PCIe (ID 0), VRAM: 79.44 GiB
CUDA device UUID: 68df5cf5-71f9-6a93-b428-460c080ffb10
Problem has 1 quadratic constraints. Converting to second-order cones and solving with barrier.
Handling 50 free variables directly in augmented system
Presolved problem: 5103 constraints 10102 variables 265152 nonzeros
Skipping Ruiz equilibration (row norm ratio 1.4, column norm ratio 1.4 < 5e4, Q coeff ratio 1.0 < 100)
Barrier solver started at 0.027 seconds
Barrier solver: 5103 constraints, 10102 variables, 265152 nonzeros


Second-order cones          : 1
Free variables              : 50
Upper bounds                : 5000
Linear system               : augmented
cuDSS Version               : 0.7.1
cuDSS Threading layer       : libcudss_mtlayer_gomp.so.0
Reordering time             : 0.058s
Symbolic factorization time : 0.023s
Symbolic nonzeros in factor : 2.79e+05
Elapsed time for augmented  : 0.115 seconds
Elapsed time           : 0.115 seconds
Barrier setup complete at 0.115 seconds
Adaptive regularization enabled


                  Objective                         Infeasibility        Time
Iter   Primal              Dual                Primal   Dual    Compl.   Elapsed
  0   -3.704562062107e+02 -3.710714720587e+02 3.71e+03 1.91e+00 1.19e-02 0.116
  1   -4.139037204236e+00 -3.474930275016e+02 4.01e+01 2.77e-01 6.49e-02 0.121
  2   -1.040203935121e-01 -2.487881684847e+01 4.69e-01 7.85e-03 4.78e-03 0.125
  3   -5.496595434048e-02 -6.428695552005e-01 4.69e-03 7.91e-05 1.48e-04 0.130
  4   -5.855928203457e-02 -1.358861142051e-01 6.16e-04 1.04e-05 1.71e-05 0.134
  5   -6.633605012588e-02 -1.378606081627e-01 5.05e-04 8.50e-06 2.41e-05 0.139
  6   -6.767698247951e-02 -1.382478099408e-01 4.72e-04 7.94e-06 2.82e-05 0.143
  7   -8.154108346660e-02 -1.247342995119e-01 2.42e-04 4.07e-06 6.14e-05 0.148
  8   -8.190808709532e-02 -1.244210040606e-01 2.17e-04 3.66e-06 8.71e-05 0.152
  9   -8.395609361577e-02 -1.227574335531e-01 1.64e-04 2.76e-06 2.16e-04 0.157
 10   -8.700153485790e-02 -1.186901667892e-01 9.08e-05 1.53e-06 1.29e-04 0.161
 11   -8.697041373753e-02 -1.174107171047e-01 7.64e-05 1.29e-06 2.76e-04 0.166
 12   -9.358746875364e-02 -1.067454543926e-01 2.99e-05 5.04e-07 8.74e-05 0.171
 13   -9.463715539797e-02 -1.048572193182e-01 2.02e-05 3.40e-07 1.04e-04 0.176
 14   -9.655193926975e-02 -1.018582398773e-01 9.24e-06 1.56e-07 4.87e-05 0.180
 15   -9.675484001255e-02 -1.012622309289e-01 6.44e-06 1.09e-07 5.65e-05 0.186
 16   -9.776316449909e-02 -9.979140755825e-02 2.60e-06 4.38e-08 2.43e-05 0.190
 17   -9.799894633595e-02 -9.937295160258e-02 1.43e-06 2.41e-08 2.19e-05 0.195
 18   -9.834293272242e-02 -9.888459003518e-02 4.83e-07 8.14e-09 8.19e-06 0.200
 19   -9.843941155329e-02 -9.873295460610e-02 1.92e-07 3.21e-09 4.62e-06 0.204
 20   -9.852858790836e-02 -9.861716223496e-02 5.08e-08 8.52e-10 1.36e-06 0.208
 21   -9.855799804171e-02 -9.857771426042e-02 7.84e-09 1.22e-10 3.01e-07 0.213
 22   -9.856497299968e-02 -9.856924043154e-02 1.62e-09 2.85e-11 6.47e-08 0.217
 23   -9.856660357294e-02 -9.856717500600e-02 1.56e-10 7.38e-12 6.75e-09 0.222
 24   -9.856682446390e-02 -9.856690970075e-02 2.32e-11 9.61e-10 1.01e-09 0.226
 25   -9.856686178898e-02 -9.856686494901e-02 8.58e-13 3.58e-09 3.34e-11 0.230


Optimal solution found in 25 iterations and 0.230s
Objective -9.85668618e-02
Primal infeasibility (abs/rel): 1.72e-12/8.58e-13
Dual infeasibility   (abs/rel): 3.94e-09/3.58e-09
Complementarity gap  (abs/rel): 3.67e-11/3.34e-11


Barrier finished in 0.23 seconds
Dual variables for problems with quadratic constraints not returned.
