cuOpt version: 26.10.0, git hash: 648f805d, host arch: x86_64, device archs: 80-real
CPU: AMD EPYC 7642 48-Core Processor, threads: 5C/5T, RAM usage: 35.43/503.74GiB
CPU SIMD target: AVX2
CUDA 12.9, device: NVIDIA A100 80GB PCIe (ID 0), VRAM: 79.44 GiB
CUDA device UUID: 68df5cf5-71f9-6a93-b428-460c080ffb10
Problem has 1 quadratic constraints. Converting to second-order cones and solving with barrier.
Handling 50 free variables directly in augmented system
Presolved problem: 5103 constraints 10102 variables 265152 nonzeros
Skipping Ruiz equilibration (row norm ratio 1.4, column norm ratio 1.4 < 5e4, Q coeff ratio 1.0 < 100)
Barrier solver started at 0.029 seconds
Barrier solver: 5103 constraints, 10102 variables, 265152 nonzeros


Second-order cones          : 1
Free variables              : 50
Upper bounds                : 5000
Linear system               : augmented
cuDSS Version               : 0.7.1
cuDSS Threading layer       : libcudss_mtlayer_gomp.so.0
Reordering time             : 0.061s
Symbolic factorization time : 0.023s
Symbolic nonzeros in factor : 2.79e+05
Elapsed time for augmented  : 0.121 seconds
Elapsed time           : 0.121 seconds
Barrier setup complete at 0.121 seconds
Adaptive regularization enabled


                  Objective                         Infeasibility        Time
Iter   Primal              Dual                Primal   Dual    Compl.   Elapsed
  0   -3.703336272695e+02 -3.710584120459e+02 3.71e+03 1.91e+00 1.19e-02 0.122
  1   -4.137833045445e+00 -3.474799232486e+02 4.01e+01 2.77e-01 6.49e-02 0.126
  2   -1.039807718591e-01 -2.487731442300e+01 4.69e-01 7.85e-03 4.78e-03 0.131
  3   -5.494981792960e-02 -6.427224486089e-01 4.69e-03 7.91e-05 1.48e-04 0.135
  4   -5.854536673128e-02 -1.356570863583e-01 6.15e-04 1.04e-05 1.72e-05 0.140
  5   -6.553128982979e-02 -1.375823482423e-01 5.16e-04 8.70e-06 1.98e-05 0.144
  6   -6.729993349836e-02 -1.381153589398e-01 4.75e-04 8.00e-06 3.03e-05 0.149
  7   -8.239177795132e-02 -1.235205331856e-01 2.32e-04 3.91e-06 7.67e-05 0.153
  8   -8.264021065874e-02 -1.231477055122e-01 2.10e-04 3.54e-06 8.23e-05 0.158
  9   -8.327699925029e-02 -1.231878272787e-01 1.90e-04 3.20e-06 1.78e-04 0.163
 10   -8.606537690172e-02 -1.198865683810e-01 1.12e-04 1.88e-06 1.19e-04 0.167
 11   -8.627230817787e-02 -1.182988542350e-01 9.01e-05 1.52e-06 2.79e-04 0.173
 12   -9.298410866603e-02 -1.075030357885e-01 3.71e-05 6.25e-07 9.18e-05 0.177
 13   -9.424767478483e-02 -1.053376378921e-01 2.32e-05 3.90e-07 1.09e-04 0.182
 14   -9.476808920497e-02 -1.043052907812e-01 1.80e-05 3.03e-07 1.15e-04 0.188
 15   -9.670464700889e-02 -1.013498701679e-01 7.93e-06 1.34e-07 5.22e-05 0.192
 16   -9.696534711964e-02 -1.007450543264e-01 5.31e-06 8.94e-08 5.32e-05 0.197
 17   -9.782734444024e-02 -9.947062821500e-02 1.98e-06 3.34e-08 2.14e-05 0.201
 18   -9.801217313212e-02 -9.914263456517e-02 1.08e-06 1.82e-08 1.70e-05 0.207
 19   -9.831874743168e-02 -9.872120627716e-02 3.27e-07 5.51e-09 5.73e-06 0.211
 20   -9.841215848894e-02 -9.858614087414e-02 1.07e-07 1.77e-09 2.72e-06 0.216
 21   -9.846616996066e-02 -9.851734535121e-02 2.82e-08 4.72e-10 7.70e-07 0.220
 22   -9.848403043869e-02 -9.849372030739e-02 3.30e-09 4.54e-11 1.20e-07 0.225
 23   -9.848767648165e-02 -9.848938550797e-02 5.65e-10 1.21e-11 2.12e-08 0.229
 24   -9.848836211483e-02 -9.848854084496e-02 4.33e-11 6.08e-11 1.65e-09 0.234
 25   -9.848843361852e-02 -9.848845685695e-02 5.63e-12 6.60e-11 2.17e-10 0.238
 26   -9.848844263638e-02 -9.848844630175e-02 8.86e-13 2.85e-10 3.52e-11 0.243


Optimal solution found in 26 iterations and 0.243s
Objective -9.84884426e-02
Primal infeasibility (abs/rel): 1.77e-12/8.86e-13
Dual infeasibility   (abs/rel): 3.14e-10/2.85e-10
Complementarity gap  (abs/rel): 3.86e-11/3.52e-11


Barrier finished in 0.24 seconds
Dual variables for problems with quadratic constraints not returned.
