cuOpt version: 26.10.0, git hash: 648f805d, host arch: x86_64, device archs: 80-real
CPU: AMD EPYC 7642 48-Core Processor, threads: 5C/5T, RAM usage: 35.25/503.74GiB
CPU SIMD target: AVX2
CUDA 12.9, device: NVIDIA A100 80GB PCIe (ID 0), VRAM: 79.44 GiB
CUDA device UUID: 68df5cf5-71f9-6a93-b428-460c080ffb10
Problem has 1 quadratic constraints. Converting to second-order cones and solving with barrier.
Handling 50 free variables directly in augmented system
Presolved problem: 5103 constraints 10102 variables 265152 nonzeros
Skipping Ruiz equilibration (row norm ratio 1.4, column norm ratio 1.4 < 5e4, Q coeff ratio 1.0 < 100)
Barrier solver started at 0.026 seconds
Barrier solver: 5103 constraints, 10102 variables, 265152 nonzeros


Second-order cones          : 1
Free variables              : 50
Upper bounds                : 5000
Linear system               : augmented
cuDSS Version               : 0.7.1
cuDSS Threading layer       : libcudss_mtlayer_gomp.so.0
Reordering time             : 0.070s
Symbolic factorization time : 0.023s
Symbolic nonzeros in factor : 2.79e+05
Elapsed time for augmented  : 0.126 seconds
Elapsed time           : 0.126 seconds
Barrier setup complete at 0.126 seconds
Adaptive regularization enabled


                  Objective                         Infeasibility        Time
Iter   Primal              Dual                Primal   Dual    Compl.   Elapsed
  0   -3.703993037120e+02 -3.711301956175e+02 3.71e+03 1.91e+00 1.19e-02 0.127
  1   -4.138312107311e+00 -3.475517914215e+02 4.01e+01 2.77e-01 6.50e-02 0.132
  2   -1.039811724468e-01 -2.488651276023e+01 4.69e-01 7.85e-03 4.78e-03 0.136
  3   -5.494896707395e-02 -6.429279751891e-01 4.69e-03 7.91e-05 1.48e-04 0.141
  4   -5.853996081125e-02 -1.361843863637e-01 6.19e-04 1.04e-05 1.73e-05 0.145
  5   -6.635118542956e-02 -1.384036218433e-01 5.08e-04 8.56e-06 2.50e-05 0.150
  6   -6.755105493439e-02 -1.387681135047e-01 4.78e-04 8.06e-06 3.38e-05 0.154
  7   -7.881700737647e-02 -1.279578369540e-01 2.93e-04 4.94e-06 7.37e-05 0.159
  8   -7.897143593595e-02 -1.278428101456e-01 2.78e-04 4.68e-06 9.91e-05 0.163
  9   -8.213080843770e-02 -1.254377080156e-01 1.99e-04 3.35e-06 2.83e-04 0.168
 10   -8.362963875982e-02 -1.222989319786e-01 1.43e-04 2.42e-06 4.82e-04 0.173
 11   -9.211726162322e-02 -1.094453672744e-01 5.97e-05 1.01e-06 1.57e-04 0.177
 12   -9.256771299080e-02 -1.080700796711e-01 4.52e-05 7.61e-07 1.88e-04 0.182
 13   -9.635547641535e-02 -1.021846077596e-01 1.50e-05 2.53e-07 7.13e-05 0.186
 14   -9.657157244134e-02 -1.015267757419e-01 1.04e-05 1.76e-07 7.65e-05 0.192
 15   -9.764143300289e-02 -1.000368077902e-01 4.57e-06 7.70e-08 3.26e-05 0.196
 16   -9.788323604095e-02 -9.958709547039e-02 2.59e-06 4.37e-08 2.84e-05 0.201
 17   -9.832455018343e-02 -9.897984092779e-02 8.61e-07 1.45e-08 1.05e-05 0.206
 18   -9.844488483613e-02 -9.879427479372e-02 3.42e-07 5.74e-09 6.00e-06 0.210
 19   -9.855275476430e-02 -9.865625094479e-02 9.00e-08 1.51e-09 1.75e-06 0.215
 20   -9.858603622505e-02 -9.861159190226e-02 1.55e-08 2.43e-10 4.13e-07 0.219
 21   -9.859514441441e-02 -9.860060387552e-02 3.17e-09 5.34e-11 8.87e-08 0.224
 22   -9.859720518970e-02 -9.859800039131e-02 3.46e-10 4.76e-12 1.07e-08 0.228
 23   -9.859754918737e-02 -9.859758616350e-02 1.61e-11 2.72e-11 4.83e-10 0.233
 24   -9.859756410623e-02 -9.859756831125e-02 1.76e-12 4.36e-08 5.29e-11 0.236
 25   -9.859756587288e-02 -9.859756623609e-02 1.41e-13 1.44e-07 4.80e-12 0.240
 26   -9.859756602576e-02 -9.859756605941e-02 1.29e-14 1.32e-08 4.41e-13 0.244
 27   -9.859756604067e-02 -9.859756604208e-02 6.66e-16 5.53e-10 1.89e-14 0.249


Optimal solution found in 27 iterations and 0.249s
Objective -9.85975660e-02
Primal infeasibility (abs/rel): 1.33e-15/6.66e-16
Dual infeasibility   (abs/rel): 6.09e-10/5.53e-10
Complementarity gap  (abs/rel): 2.08e-14/1.89e-14


Barrier finished in 0.25 seconds
Dual variables for problems with quadratic constraints not returned.
