cuOpt version: 26.10.0, git hash: 648f805d, host arch: x86_64, device archs: 80-real
CPU: AMD EPYC 7642 48-Core Processor, threads: 5C/5T, RAM usage: 35.26/503.74GiB
CPU SIMD target: AVX2
CUDA 12.9, device: NVIDIA A100 80GB PCIe (ID 0), VRAM: 79.44 GiB
CUDA device UUID: 68df5cf5-71f9-6a93-b428-460c080ffb10
Problem has 1 quadratic constraints. Converting to second-order cones and solving with barrier.
Handling 50 free variables directly in augmented system
Presolved problem: 5103 constraints 10102 variables 265152 nonzeros
Skipping Ruiz equilibration (row norm ratio 1.4, column norm ratio 1.4 < 5e4, Q coeff ratio 1.0 < 100)
Barrier solver started at 0.025 seconds
Barrier solver: 5103 constraints, 10102 variables, 265152 nonzeros


Second-order cones          : 1
Free variables              : 50
Upper bounds                : 5000
Linear system               : augmented
cuDSS Version               : 0.7.1
cuDSS Threading layer       : libcudss_mtlayer_gomp.so.0
Reordering time             : 0.052s
Symbolic factorization time : 0.023s
Symbolic nonzeros in factor : 2.79e+05
Elapsed time for augmented  : 0.107 seconds
Elapsed time           : 0.107 seconds
Barrier setup complete at 0.107 seconds
Adaptive regularization enabled


                  Objective                         Infeasibility        Time
Iter   Primal              Dual                Primal   Dual    Compl.   Elapsed
  0   -3.704184917206e+02 -3.711180220135e+02 3.71e+03 1.91e+00 1.19e-02 0.108
  1   -4.138494900652e+00 -3.475396351267e+02 4.01e+01 2.77e-01 6.50e-02 0.112
  2   -1.040008809490e-01 -2.488460416407e+01 4.69e-01 7.85e-03 4.78e-03 0.117
  3   -5.495630959128e-02 -6.429606979300e-01 4.69e-03 7.91e-05 1.48e-04 0.121
  4   -5.855092405716e-02 -1.360876445805e-01 6.18e-04 1.04e-05 1.73e-05 0.126
  5   -6.611152202489e-02 -1.381205802990e-01 5.09e-04 8.58e-06 2.37e-05 0.130
  6   -6.769543583381e-02 -1.385415052426e-01 4.71e-04 7.94e-06 3.28e-05 0.135
  7   -8.140019301449e-02 -1.247056534186e-01 2.49e-04 4.19e-06 6.94e-05 0.139
  8   -8.171326446792e-02 -1.244405720289e-01 2.27e-04 3.83e-06 7.20e-05 0.144
  9   -8.292050875989e-02 -1.238190087251e-01 1.93e-04 3.25e-06 1.61e-04 0.149
 10   -8.530066953600e-02 -1.209246119076e-01 1.41e-04 2.38e-06 1.19e-04 0.153
 11   -8.502980864871e-02 -1.203273427544e-01 1.32e-04 2.23e-06 2.15e-04 0.159
 12   -9.150908778526e-02 -1.101538879156e-01 6.66e-05 1.12e-06 9.36e-05 0.163
 13   -9.244903226681e-02 -1.084468380554e-01 5.06e-05 8.53e-07 1.11e-04 0.168
 14   -9.567321095353e-02 -1.033785151450e-01 2.15e-05 3.63e-07 5.51e-05 0.172
 15   -9.577590869326e-02 -1.028823964131e-01 1.71e-05 2.88e-07 6.91e-05 0.178
 16   -9.719545820293e-02 -1.008388125757e-01 8.08e-06 1.36e-07 3.19e-05 0.182
 17   -9.743600078055e-02 -1.003571184533e-01 5.43e-06 9.14e-08 3.44e-05 0.187
 18   -9.808389189465e-02 -9.941860673173e-02 2.10e-06 3.53e-08 1.45e-05 0.192
 19   -9.822236068347e-02 -9.918100364232e-02 1.20e-06 2.03e-08 1.23e-05 0.197
 20   -9.849286150275e-02 -9.881940918226e-02 3.44e-07 5.79e-09 4.04e-06 0.202
 21   -9.856543628583e-02 -9.871781765154e-02 1.24e-07 2.05e-09 2.11e-06 0.206
 22   -9.861348920593e-02 -9.865802162994e-02 3.25e-08 5.43e-10 5.97e-07 0.211
 23   -9.862844583671e-02 -9.863872490085e-02 5.11e-09 7.52e-11 1.24e-07 0.215
 24   -9.863215991247e-02 -9.863433765316e-02 1.04e-09 2.00e-11 2.63e-08 0.220
 25   -9.863300166112e-02 -9.863331095911e-02 1.12e-10 5.78e-11 3.09e-09 0.224
 26   -9.863313932888e-02 -9.863314903946e-02 3.51e-12 6.05e-11 9.31e-11 0.229


Optimal solution found in 26 iterations and 0.229s
Objective -9.86331393e-02
Primal infeasibility (abs/rel): 7.02e-12/3.51e-12
Dual infeasibility   (abs/rel): 6.67e-11/6.05e-11
Complementarity gap  (abs/rel): 1.02e-10/9.31e-11


Barrier finished in 0.23 seconds
Dual variables for problems with quadratic constraints not returned.
