cuOpt version: 26.10.0, git hash: 648f805d, host arch: x86_64, device archs: 80-real
CPU: AMD EPYC 7642 48-Core Processor, threads: 5C/5T, RAM usage: 37.42/503.74GiB
CPU SIMD target: AVX2
CUDA 12.9, device: NVIDIA A100 80GB PCIe (ID 0), VRAM: 79.44 GiB
CUDA device UUID: 68df5cf5-71f9-6a93-b428-460c080ffb10
Problem has 1 quadratic constraints. Converting to second-order cones and solving with barrier.
Handling 50 free variables directly in augmented system
Presolved problem: 5103 constraints 10102 variables 265152 nonzeros
Skipping Ruiz equilibration (row norm ratio 1.4, column norm ratio 1.4 < 5e4, Q coeff ratio 1.0 < 100)
Barrier solver started at 0.026 seconds
Barrier solver: 5103 constraints, 10102 variables, 265152 nonzeros


Second-order cones          : 1
Free variables              : 50
Upper bounds                : 5000
Linear system               : augmented
cuDSS Version               : 0.7.1
cuDSS Threading layer       : libcudss_mtlayer_gomp.so.0
Reordering time             : 0.055s
Symbolic factorization time : 0.023s
Symbolic nonzeros in factor : 2.79e+05
Elapsed time for augmented  : 0.112 seconds
Elapsed time           : 0.112 seconds
Barrier setup complete at 0.112 seconds
Adaptive regularization enabled


                  Objective                         Infeasibility        Time
Iter   Primal              Dual                Primal   Dual    Compl.   Elapsed
  0   -3.702509737108e+02 -3.710937010099e+02 3.71e+03 1.91e+00 1.19e-02 0.112
  1   -4.136273551275e+00 -3.475151614423e+02 4.01e+01 2.77e-01 6.50e-02 0.117
  2   -1.039317309374e-01 -2.487809478481e+01 4.69e-01 7.85e-03 4.78e-03 0.121
  3   -5.492858368111e-02 -6.426990422363e-01 4.69e-03 7.91e-05 1.48e-04 0.125
  4   -5.851315182347e-02 -1.366086835751e-01 6.22e-04 1.05e-05 1.74e-05 0.129
  5   -6.838223230004e-02 -1.390882897047e-01 4.75e-04 8.01e-06 3.90e-05 0.133
  6   -6.889375945017e-02 -1.392058504764e-01 4.61e-04 7.77e-06 4.13e-05 0.137
  7   -7.975791831982e-02 -1.309113998052e-01 2.43e-04 4.10e-06 1.01e-04 0.141
  8   -7.980229726732e-02 -1.306485102222e-01 2.26e-04 3.81e-06 2.65e-04 0.145
  9   -8.971816229189e-02 -1.146065054559e-01 6.32e-05 1.07e-06 2.28e-04 0.150
 10   -9.597467615498e-02 -1.029561655803e-01 1.59e-05 2.68e-07 4.93e-05 0.155
 11   -9.743912257081e-02 -1.006252772733e-01 6.14e-06 1.03e-07 1.11e-05 0.160
 12   -9.773434128929e-02 -9.994009810748e-02 2.94e-06 4.96e-08 2.50e-05 0.165
 13   -9.823232361744e-02 -9.925642937405e-02 9.33e-07 1.57e-08 9.49e-06 0.169
 14   -9.847052977420e-02 -9.892513135698e-02 3.52e-07 5.93e-09 8.06e-06 0.173
 15   -9.865602249683e-02 -9.868376464817e-02 2.08e-08 3.51e-10 3.92e-07 0.178
 16   -9.866785252718e-02 -9.866876999967e-02 6.85e-10 1.15e-11 6.06e-09 0.182
 17   -9.866820080778e-02 -9.866831873324e-02 8.61e-11 1.55e-10 6.55e-10 0.185
 18   -9.866824347303e-02 -9.866826218431e-02 1.12e-11 2.04e-11 6.03e-11 0.189
 19   -9.866825144541e-02 -9.866825230560e-02 4.70e-13 1.19e-07 6.39e-12 0.193
 20   -9.866825181714e-02 -9.866825184972e-02 3.95e-14 2.69e-07 2.45e-13 0.196
 21   -9.866825183134e-02 -9.866825183311e-02 2.16e-15 1.42e-08 1.23e-14 0.200
 22   -9.866825183215e-02 -9.866825183216e-02 5.55e-17 1.59e-10 1.74e-17 0.204


Optimal solution found in 22 iterations and 0.204s
Objective -9.86682518e-02
Primal infeasibility (abs/rel): 1.11e-16/5.55e-17
Dual infeasibility   (abs/rel): 1.75e-10/1.59e-10
Complementarity gap  (abs/rel): 1.91e-17/1.74e-17


Barrier finished in 0.21 seconds
Dual variables for problems with quadratic constraints not returned.
