cuOpt version: 26.10.0, git hash: 648f805d, host arch: x86_64, device archs: 80-real
CPU: AMD EPYC 7642 48-Core Processor, threads: 5C/5T, RAM usage: 37.42/503.74GiB
CPU SIMD target: AVX2
CUDA 12.9, device: NVIDIA A100 80GB PCIe (ID 0), VRAM: 79.44 GiB
CUDA device UUID: 68df5cf5-71f9-6a93-b428-460c080ffb10
Problem has 1 quadratic constraints. Converting to second-order cones and solving with barrier.
Handling 50 free variables directly in augmented system
Presolved problem: 5103 constraints 10102 variables 265152 nonzeros
Applying Ruiz equilibration (qcqp_hyper_ruiz_equilibration = 1, row norm ratio 1.4, column norm ratio 1.4, Q coeff ratio 1.0)
Ruiz equilibration: coefficient range [4.230657e-07, 1.021897e+00]
Barrier solver started at 0.029 seconds
Barrier solver: 5103 constraints, 10102 variables, 265152 nonzeros


Second-order cones          : 1
Free variables              : 50
Upper bounds                : 5000
Linear system               : augmented
cuDSS Version               : 0.7.1
cuDSS Threading layer       : libcudss_mtlayer_gomp.so.0
Reordering time             : 0.062s
Symbolic factorization time : 0.023s
Symbolic nonzeros in factor : 2.79e+05
Elapsed time for augmented  : 0.121 seconds
Elapsed time           : 0.121 seconds
Barrier setup complete at 0.121 seconds
Adaptive regularization enabled


                  Objective                         Infeasibility        Time
Iter   Primal              Dual                Primal   Dual    Compl.   Elapsed
  0   -3.701605598740e+02 -3.710234169387e+02 3.71e+03 1.91e+00 1.19e-02 0.122
  1   -4.135545914633e+00 -3.474447710337e+02 4.01e+01 2.77e-01 6.50e-02 0.126
  2   -1.039314354667e-01 -2.487032419841e+01 4.69e-01 7.85e-03 4.78e-03 0.130
  3   -5.492443562267e-02 -6.426587253964e-01 4.69e-03 7.91e-05 1.48e-04 0.134
  4   -5.851219322875e-02 -1.359803005430e-01 6.17e-04 1.04e-05 1.73e-05 0.138
  5   -6.701674706026e-02 -1.381479919775e-01 4.94e-04 8.32e-06 2.86e-05 0.142
  6   -6.855034187646e-02 -1.384591743165e-01 4.55e-04 7.67e-06 3.48e-05 0.146
  7   -8.223283397647e-02 -1.232138715890e-01 2.32e-04 3.91e-06 6.24e-05 0.150
  8   -8.247985948743e-02 -1.229731316112e-01 2.12e-04 3.58e-06 7.15e-05 0.154
  9   -8.394188432410e-02 -1.219999916308e-01 1.71e-04 2.88e-06 1.86e-04 0.159
 10   -8.656542978122e-02 -1.187876953976e-01 8.89e-05 1.50e-06 1.36e-04 0.163
 11   -8.752280678263e-02 -1.157166557972e-01 5.91e-05 9.96e-07 3.81e-04 0.168
 12   -9.538116674866e-02 -1.035671016650e-01 1.38e-05 2.32e-07 9.05e-05 0.171
 13   -9.693240162586e-02 -1.009797179978e-01 5.48e-06 9.23e-08 3.36e-05 0.176
 14   -9.753155482506e-02 -9.982634449377e-02 2.09e-06 3.52e-08 3.57e-05 0.181
 15   -9.826410008129e-02 -9.884488015376e-02 4.45e-07 7.49e-09 7.54e-06 0.185
 16   -9.843129984236e-02 -9.860972331960e-02 1.18e-07 1.99e-09 3.54e-06 0.190
 17   -9.850553286061e-02 -9.851127267287e-02 3.64e-09 6.12e-11 6.01e-08 0.194
 18   -9.850780923724e-02 -9.850829524216e-02 3.02e-10 5.05e-12 2.84e-09 0.198
 19   -9.850798004942e-02 -9.850806861507e-02 5.16e-11 9.38e-13 3.51e-10 0.202
 20   -9.850801409513e-02 -9.850802519744e-02 4.76e-12 1.91e-13 3.22e-11 0.206
 21   -9.850801820968e-02 -9.850802007009e-02 6.73e-13 2.91e-13 3.66e-12 0.210


Optimal solution found in 21 iterations and 0.210s
Objective -9.85080182e-02
Primal infeasibility (abs/rel): 1.35e-12/6.73e-13
Dual infeasibility   (abs/rel): 3.21e-13/2.91e-13
Complementarity gap  (abs/rel): 4.02e-12/3.66e-12


Barrier finished in 0.21 seconds
Dual variables for problems with quadratic constraints not returned.
