cuOpt version: 26.10.0, git hash: 648f805d, host arch: x86_64, device archs: 80-real
CPU: AMD EPYC 7642 48-Core Processor, threads: 5C/5T, RAM usage: 44.11/503.74GiB
CPU SIMD target: AVX2
CUDA 12.9, device: NVIDIA A100 80GB PCIe (ID 0), VRAM: 79.44 GiB
CUDA device UUID: 68df5cf5-71f9-6a93-b428-460c080ffb10
Problem has 1 quadratic constraints. Converting to second-order cones and solving with barrier.
Handling 50 free variables directly in augmented system
Presolved problem: 5103 constraints 10102 variables 265152 nonzeros
Skipping Ruiz equilibration (row norm ratio 1.4, column norm ratio 1.4 < 5e4, Q coeff ratio 1.0 < 100)
Barrier solver started at 0.023 seconds
Barrier solver: 5103 constraints, 10102 variables, 265152 nonzeros


Second-order cones          : 1
Free variables              : 50
Upper bounds                : 5000
Linear system               : augmented
cuDSS Version               : 0.7.1
cuDSS Threading layer       : libcudss_mtlayer_gomp.so.0
Reordering time             : 0.055s
Symbolic factorization time : 0.024s
Symbolic nonzeros in factor : 2.79e+05
Elapsed time for augmented  : 0.109 seconds
Elapsed time           : 0.109 seconds
Barrier setup complete at 0.109 seconds
Adaptive regularization enabled


                  Objective                         Infeasibility        Time
Iter   Primal              Dual                Primal   Dual    Compl.   Elapsed
  0   -3.701605598740e+02 -3.710234169387e+02 3.71e+03 1.91e+00 1.19e-02 0.109
  1   -4.135546087433e+00 -3.474447710371e+02 4.01e+01 2.77e-01 6.50e-02 0.112
  2   -1.039314353016e-01 -2.487032509777e+01 4.69e-01 7.85e-03 4.78e-03 0.115
  3   -5.492443558520e-02 -6.426586217497e-01 4.69e-03 7.91e-05 1.48e-04 0.118
  4   -5.851219333053e-02 -1.359803435335e-01 6.17e-04 1.04e-05 1.73e-05 0.120
  5   -6.701659579935e-02 -1.381479765140e-01 4.94e-04 8.32e-06 2.86e-05 0.123
  6   -6.855040157278e-02 -1.384591755741e-01 4.55e-04 7.69e-06 3.48e-05 0.126
  7   -8.223256207201e-02 -1.232136205731e-01 2.32e-04 3.90e-06 6.24e-05 0.128
  8   -8.247964065432e-02 -1.229729189685e-01 2.12e-04 3.59e-06 7.15e-05 0.131
  9   -8.394119915815e-02 -1.220003103389e-01 1.71e-04 2.93e-06 1.85e-04 0.134
 10   -8.656829053489e-02 -1.187840508449e-01 8.89e-05 1.53e-06 1.36e-04 0.136
 11   -8.752242561433e-02 -1.157196044775e-01 5.91e-05 1.05e-06 3.80e-04 0.139
 12   -9.537761682220e-02 -1.035726244656e-01 1.38e-05 2.03e-07 9.04e-05 0.142
 13   -9.692697115744e-02 -1.009873776922e-01 5.49e-06 8.09e-08 3.36e-05 0.144
 14   -9.752957797231e-02 -9.982936564377e-02 2.09e-06 4.49e-08 3.58e-05 0.147
 15   -9.826348094660e-02 -9.884574652257e-02 4.45e-07 1.82e-08 7.54e-06 0.150
 16   -9.843074994884e-02 -9.861044651574e-02 1.19e-07 1.36e-09 3.55e-06 0.152
 17   -9.850552967150e-02 -9.851129316568e-02 3.66e-09 4.68e-09 6.01e-08 0.155
 18   -9.850780606579e-02 -9.850830551295e-02 3.13e-10 2.95e-09 3.01e-09 0.158
 19   -9.850798129380e-02 -9.850806928815e-02 7.53e-11 5.15e-08 3.59e-10 0.160
 20   -9.850801442024e-02 -9.850802497911e-02 6.31e-12 2.95e-07 3.17e-11 0.163
 21   -9.850801828707e-02 -9.850802001100e-02 1.16e-12 2.13e-05 3.59e-12 0.166
 22   -9.850801893347e-02 -9.850801920984e-02 3.00e-13 4.55e-04 6.44e-13 0.168
 23   -9.850801902378e-02 -9.850801910099e-02 2.56e-13 6.62e-04 1.66e-13 0.171
 24   -9.850801904751e-02 -9.850801906775e-02 5.05e-14 2.10e-04 2.69e-14 0.174
 25   -9.850801905383e-02 -9.850801906049e-02 4.78e-14 1.84e-02 8.56e-15 0.176
 26   -9.850801905592e-02 -9.850801905688e-02 1.22e-15 2.93e-03 1.15e-15 0.179
 27   -9.850801905637e-02 -9.850801905637e-02 5.55e-16 2.16e-02 7.34e-16 0.182
Numerical error in objective
Restoring previous solution


Suboptimal solution found in 28 iterations and 0.18 seconds
Objective -9.85078061e-02
Primal infeasibility (abs/rel): 6.26e-10/3.13e-10
Dual infeasibility   (abs/rel): 3.25e-09/2.95e-09
Complementarity gap  (abs/rel): 3.30e-09/3.01e-09


Barrier finished in 0.19 seconds
Dual variables for problems with quadratic constraints not returned.
