cuOpt version: 26.10.0, git hash: 648f805d, host arch: x86_64, device archs: 80-real
CPU: AMD EPYC 7642 48-Core Processor, threads: 5C/5T, RAM usage: 44.14/503.74GiB
CPU SIMD target: AVX2
CUDA 12.9, device: NVIDIA A100 80GB PCIe (ID 0), VRAM: 79.44 GiB
CUDA device UUID: 68df5cf5-71f9-6a93-b428-460c080ffb10
Problem has 1 quadratic constraints. Converting to second-order cones and solving with barrier.
Handling 50 free variables directly in augmented system
Presolved problem: 5103 constraints 10102 variables 265152 nonzeros
Skipping Ruiz equilibration (row norm ratio 1.4, column norm ratio 1.4 < 5e4, Q coeff ratio 1.0 < 100)
Barrier solver started at 0.027 seconds
Barrier solver: 5103 constraints, 10102 variables, 265152 nonzeros


Second-order cones          : 1
Free variables              : 50
Upper bounds                : 5000
Linear system               : augmented
cuDSS Version               : 0.7.1
cuDSS Threading layer       : libcudss_mtlayer_gomp.so.0
Reordering time             : 0.055s
Symbolic factorization time : 0.023s
Symbolic nonzeros in factor : 2.79e+05
Elapsed time for augmented  : 0.112 seconds
Elapsed time           : 0.112 seconds
Barrier setup complete at 0.112 seconds
Adaptive regularization enabled


                  Objective                         Infeasibility        Time
Iter   Primal              Dual                Primal   Dual    Compl.   Elapsed
  0   -3.702624119443e+02 -3.710387458059e+02 3.71e+03 1.91e+00 1.19e-02 0.112
  1   -4.136636657717e+00 -3.474601645315e+02 4.01e+01 2.77e-01 6.50e-02 0.115
  2   -1.039518364502e-01 -2.487140771107e+01 4.69e-01 7.85e-03 4.78e-03 0.118
  3   -5.493965877081e-02 -6.425638226456e-01 4.69e-03 7.91e-05 1.48e-04 0.120
  4   -5.853205541303e-02 -1.359055666999e-01 6.17e-04 1.04e-05 1.72e-05 0.123
  5   -6.752248991678e-02 -1.382889312650e-01 4.87e-04 8.20e-06 3.00e-05 0.126
  6   -6.909314693931e-02 -1.385283023480e-01 4.47e-04 7.55e-06 4.23e-05 0.128
  7   -8.140912291937e-02 -1.243463698981e-01 2.48e-04 4.16e-06 7.51e-05 0.131
  8   -8.155818046867e-02 -1.241862749120e-01 2.32e-04 3.92e-06 7.37e-05 0.134
  9   -8.323131777348e-02 -1.230409626839e-01 1.85e-04 3.17e-06 2.17e-04 0.137
 10   -8.338516620427e-02 -1.218659104049e-01 1.59e-04 2.73e-06 3.59e-04 0.139
 11   -9.171588473112e-02 -1.095592630238e-01 6.76e-05 1.15e-06 1.14e-04 0.142
 12   -9.235092589539e-02 -1.081506296516e-01 5.22e-05 8.97e-07 1.34e-04 0.145
 13   -9.592641956450e-02 -1.025471242419e-01 1.90e-05 3.11e-07 6.40e-05 0.147
 14   -9.614659527943e-02 -1.018800505300e-01 1.36e-05 2.35e-07 7.68e-05 0.150
 15   -9.734043207311e-02 -1.002233140795e-01 6.12e-06 9.87e-08 3.38e-05 0.153
 16   -9.760704815413e-02 -9.972869203178e-02 3.62e-06 6.74e-08 3.20e-05 0.155
 17   -9.812314824471e-02 -9.901136504643e-02 1.30e-06 1.53e-08 1.27e-05 0.158
 18   -9.827025341497e-02 -9.878292274115e-02 5.73e-07 1.36e-08 8.07e-06 0.161
 19   -9.842443056585e-02 -9.858261353131e-02 1.52e-07 7.28e-09 2.44e-06 0.163
 20   -9.847431763619e-02 -9.851574216597e-02 2.85e-08 2.38e-09 6.52e-07 0.166
 21   -9.848874279585e-02 -9.849813611552e-02 6.12e-09 7.09e-09 1.48e-07 0.169
 22   -9.849234181071e-02 -9.849355090977e-02 5.31e-10 3.73e-09 1.45e-08 0.171
 23   -9.849281062678e-02 -9.849299989839e-02 8.32e-11 1.67e-09 2.36e-09 0.174
 24   -9.849289201688e-02 -9.849290368420e-02 5.12e-12 6.01e-08 1.45e-10 0.177
 25   -9.849289722036e-02 -9.849289747526e-02 3.28e-13 2.90e-07 3.20e-12 0.179
 26   -9.849289732691e-02 -9.849289734131e-02 6.20e-14 3.68e-05 1.92e-13 0.182
 27   -9.849289733262e-02 -9.849289733309e-02 7.91e-15 1.64e-02 5.46e-15 0.185
 28   -9.849289733282e-02 -9.849289733278e-02 5.75e-15 3.63e-02 1.16e-15 0.187
Numerical error in objective
Restoring previous solution


Suboptimal solution found in 29 iterations and 0.19 seconds
Objective -9.84928106e-02
Primal infeasibility (abs/rel): 1.66e-10/8.32e-11
Dual infeasibility   (abs/rel): 1.84e-09/1.67e-09
Complementarity gap  (abs/rel): 2.59e-09/2.36e-09


Barrier finished in 0.19 seconds
Dual variables for problems with quadratic constraints not returned.
