cuOpt version: 26.10.0, git hash: 648f805d, host arch: x86_64, device archs: 80-real
CPU: AMD EPYC 7642 48-Core Processor, threads: 5C/5T, RAM usage: 44.13/503.74GiB
CPU SIMD target: AVX2
CUDA 12.9, device: NVIDIA A100 80GB PCIe (ID 0), VRAM: 79.44 GiB
CUDA device UUID: 68df5cf5-71f9-6a93-b428-460c080ffb10
Problem has 1 quadratic constraints. Converting to second-order cones and solving with barrier.
Handling 50 free variables directly in augmented system
Presolved problem: 5103 constraints 10102 variables 265152 nonzeros
Skipping Ruiz equilibration (row norm ratio 1.4, column norm ratio 1.4 < 5e4, Q coeff ratio 1.0 < 100)
Barrier solver started at 0.028 seconds
Barrier solver: 5103 constraints, 10102 variables, 265152 nonzeros


Second-order cones          : 1
Free variables              : 50
Upper bounds                : 5000
Linear system               : augmented
cuDSS Version               : 0.7.1
cuDSS Threading layer       : libcudss_mtlayer_gomp.so.0
Reordering time             : 0.175s
Symbolic factorization time : 0.026s
Symbolic nonzeros in factor : 2.79e+05
Elapsed time for augmented  : 0.235 seconds
Elapsed time           : 0.235 seconds
Barrier setup complete at 0.235 seconds
Adaptive regularization enabled


                  Objective                         Infeasibility        Time
Iter   Primal              Dual                Primal   Dual    Compl.   Elapsed
  0   -3.704340093575e+02 -3.710959393425e+02 3.71e+03 1.91e+00 1.19e-02 0.236
  1   -4.137998516224e+00 -3.475174945458e+02 4.01e+01 2.77e-01 6.50e-02 0.239
  2   -1.040026843364e-01 -2.487628225874e+01 4.69e-01 7.85e-03 4.78e-03 0.242
  3   -5.496235276563e-02 -6.427806958435e-01 4.69e-03 7.91e-05 1.48e-04 0.244
  4   -5.856089498976e-02 -1.359195024231e-01 6.17e-04 1.04e-05 1.72e-05 0.247
  5   -6.659155988768e-02 -1.380597672267e-01 5.02e-04 8.45e-06 2.55e-05 0.250
  6   -6.814662298516e-02 -1.384347226960e-01 4.64e-04 7.83e-06 3.21e-05 0.252
  7   -8.145162470324e-02 -1.248841641501e-01 2.46e-04 4.13e-06 6.80e-05 0.255
  8   -8.163155724356e-02 -1.246569973406e-01 2.28e-04 3.86e-06 7.92e-05 0.258
  9   -8.366586875474e-02 -1.232311931920e-01 1.73e-04 2.96e-06 2.39e-04 0.260
 10   -8.320255616612e-02 -1.226028114414e-01 1.60e-04 2.76e-06 4.83e-04 0.263
 11   -8.618180162362e-02 -1.182469973866e-01 1.17e-04 2.02e-06 4.61e-04 0.266
 12   -9.420624269428e-02 -1.056238217052e-01 2.78e-05 4.78e-07 6.26e-05 0.268
 13   -9.577883459906e-02 -1.027241280196e-01 1.34e-05 2.43e-07 6.82e-05 0.271
 14   -9.755132420465e-02 -1.001065913685e-01 4.25e-06 6.05e-08 2.03e-05 0.274
 15   -9.788728382409e-02 -9.948504393382e-02 1.97e-06 3.90e-08 2.91e-05 0.277
 16   -9.846392059404e-02 -9.867299483621e-02 2.49e-07 3.35e-09 2.75e-06 0.279
 17   -9.854353342962e-02 -9.856676902176e-02 2.52e-08 1.32e-08 1.92e-07 0.282
 18   -9.855164637737e-02 -9.855553562200e-02 3.72e-09 2.21e-09 3.38e-08 0.285
 19   -9.855324266350e-02 -9.855343718385e-02 1.86e-10 5.06e-10 1.18e-09 0.287
 20   -9.855332090772e-02 -9.855333526581e-02 1.34e-11 1.34e-07 4.69e-11 0.290
 21   -9.855332590095e-02 -9.855332861934e-02 2.08e-12 3.32e-05 9.63e-12 0.293
 22   -9.855332691749e-02 -9.855332732925e-02 2.74e-13 2.79e-05 1.31e-12 0.295
 23   -9.855332704761e-02 -9.855332716631e-02 1.61e-13 2.63e-04 2.98e-13 0.298
 24   -9.855332709598e-02 -9.855332710397e-02 4.00e-15 1.20e-04 1.77e-14 0.301
 25   -9.855332709799e-02 -9.855332710090e-02 2.04e-14 3.53e-02 4.99e-15 0.303
 26   -9.855332709898e-02 -9.855332710018e-02 5.61e-15 1.92e-02 2.09e-15 0.306
Numerical error in objective
Restoring previous solution


Suboptimal solution found in 27 iterations and 0.31 seconds
Objective -9.85532427e-02
Primal infeasibility (abs/rel): 3.73e-10/1.86e-10
Dual infeasibility   (abs/rel): 5.58e-10/5.06e-10
Complementarity gap  (abs/rel): 1.30e-09/1.18e-09


Barrier finished in 0.31 seconds
Dual variables for problems with quadratic constraints not returned.
