cuOpt version: 26.10.0, git hash: 648f805d, host arch: x86_64, device archs: 80-real
CPU: AMD EPYC 7642 48-Core Processor, threads: 5C/5T, RAM usage: 43.26/503.74GiB
CPU SIMD target: AVX2
CUDA 12.9, device: NVIDIA A100 80GB PCIe (ID 0), VRAM: 79.44 GiB
CUDA device UUID: 68df5cf5-71f9-6a93-b428-460c080ffb10
Problem has 1 quadratic constraints. Converting to second-order cones and solving with barrier.
Handling 50 free variables directly in augmented system
Presolved problem: 5103 constraints 10102 variables 265152 nonzeros
Skipping Ruiz equilibration (row norm ratio 1.4, column norm ratio 1.4 < 5e4, Q coeff ratio 1.0 < 100)
Barrier solver started at 0.026 seconds
Barrier solver: 5103 constraints, 10102 variables, 265152 nonzeros


Second-order cones          : 1
Free variables              : 50
Upper bounds                : 5000
Linear system               : augmented
cuDSS Version               : 0.7.1
cuDSS Threading layer       : libcudss_mtlayer_gomp.so.0
Reordering time             : 0.068s
Symbolic factorization time : 0.023s
Symbolic nonzeros in factor : 2.79e+05
Elapsed time for augmented  : 0.124 seconds
Elapsed time           : 0.124 seconds
Barrier setup complete at 0.124 seconds
Adaptive regularization enabled


                  Objective                         Infeasibility        Time
Iter   Primal              Dual                Primal   Dual    Compl.   Elapsed
  0   -3.703446513950e+02 -3.711178663113e+02 3.71e+03 1.91e+00 1.19e-02 0.124
  1   -4.136321701940e+00 -3.475393405900e+02 4.01e+01 2.77e-01 6.50e-02 0.127
  2   -1.039556752576e-01 -2.487508189626e+01 4.69e-01 7.85e-03 4.78e-03 0.130
  3   -5.494034058071e-02 -6.427665804666e-01 4.69e-03 7.91e-05 1.48e-04 0.132
  4   -5.852904416432e-02 -1.363010766176e-01 6.20e-04 1.04e-05 1.73e-05 0.135
  5   -6.681488353255e-02 -1.385031446886e-01 5.00e-04 8.42e-06 2.76e-05 0.138
  6   -6.831092871241e-02 -1.388298640660e-01 4.63e-04 7.81e-06 3.21e-05 0.141
  7   -8.086286119335e-02 -1.256456343015e-01 2.57e-04 4.33e-06 5.93e-05 0.143
  8   -8.098452715087e-02 -1.254734429211e-01 2.43e-04 4.10e-06 7.95e-05 0.146
  9   -8.293818696903e-02 -1.241478719312e-01 1.89e-04 3.24e-06 2.37e-04 0.149
 10   -8.299293139344e-02 -1.228180238707e-01 1.62e-04 2.79e-06 4.26e-04 0.151
 11   -9.152272414871e-02 -1.100085563140e-01 7.04e-05 1.19e-06 1.35e-04 0.154
 12   -9.228110323892e-02 -1.083504197514e-01 5.24e-05 9.00e-07 1.55e-04 0.157
 13   -9.625903784592e-02 -1.020978656685e-01 1.64e-05 2.66e-07 6.56e-05 0.159
 14   -9.647622056314e-02 -1.014307727157e-01 1.13e-05 1.94e-07 7.44e-05 0.162
 15   -9.756422973778e-02 -9.995308717059e-02 5.08e-06 8.08e-08 3.26e-05 0.165
 16   -9.783008365443e-02 -9.948034981814e-02 2.84e-06 5.39e-08 2.87e-05 0.168
 17   -9.826871392011e-02 -9.888089729598e-02 9.13e-07 9.97e-09 1.03e-05 0.170
 18   -9.837729470139e-02 -9.871183469671e-02 3.70e-07 9.10e-09 5.88e-06 0.173
 19   -9.848247926847e-02 -9.857837230309e-02 9.55e-08 7.77e-09 1.67e-06 0.176
 20   -9.851277218276e-02 -9.853778952843e-02 1.75e-08 1.93e-09 4.14e-07 0.178
 21   -9.852156249418e-02 -9.852716616817e-02 3.72e-09 8.00e-09 9.25e-08 0.181
 22   -9.852368437342e-02 -9.852448039109e-02 3.74e-10 2.39e-09 1.06e-08 0.184
 23   -9.852400131644e-02 -9.852410859625e-02 5.05e-11 9.19e-10 1.46e-09 0.186
 24   -9.852404835565e-02 -9.852405316581e-02 2.26e-12 2.59e-08 6.58e-11 0.189
 25   -9.852405051523e-02 -9.852405059929e-02 1.39e-14 7.99e-07 1.16e-12 0.192
 26   -9.852405055120e-02 -9.852405055659e-02 3.66e-15 1.28e-03 7.31e-14 0.195
 27   -9.852405055361e-02 -9.852405055390e-02 5.55e-16 1.79e-03 2.44e-15 0.197
Numerical error in objective
Restoring previous solution


Suboptimal solution found in 28 iterations and 0.20 seconds
Objective -9.85240013e-02
Primal infeasibility (abs/rel): 1.01e-10/5.05e-11
Dual infeasibility   (abs/rel): 1.01e-09/9.19e-10
Complementarity gap  (abs/rel): 1.60e-09/1.46e-09


Barrier finished in 0.20 seconds
Dual variables for problems with quadratic constraints not returned.
