cuOpt version: 26.10.0, git hash: 648f805d, host arch: x86_64, device archs: 80-real
CPU: AMD EPYC 7642 48-Core Processor, threads: 5C/5T, RAM usage: 43.13/503.74GiB
CPU SIMD target: AVX2
CUDA 12.9, device: NVIDIA A100 80GB PCIe (ID 0), VRAM: 79.44 GiB
CUDA device UUID: 68df5cf5-71f9-6a93-b428-460c080ffb10
Problem has 1 quadratic constraints. Converting to second-order cones and solving with barrier.
Handling 50 free variables directly in augmented system
Presolved problem: 5103 constraints 10102 variables 265152 nonzeros
Skipping Ruiz equilibration (row norm ratio 1.4, column norm ratio 1.4 < 5e4, Q coeff ratio 1.0 < 100)
Barrier solver started at 0.026 seconds
Barrier solver: 5103 constraints, 10102 variables, 265152 nonzeros


Second-order cones          : 1
Free variables              : 50
Upper bounds                : 5000
Linear system               : augmented
cuDSS Version               : 0.7.1
cuDSS Threading layer       : libcudss_mtlayer_gomp.so.0
Reordering time             : 0.173s
Symbolic factorization time : 0.023s
Symbolic nonzeros in factor : 2.79e+05
Elapsed time for augmented  : 0.230 seconds
Elapsed time           : 0.230 seconds
Barrier setup complete at 0.230 seconds
Adaptive regularization enabled


                  Objective                         Infeasibility        Time
Iter   Primal              Dual                Primal   Dual    Compl.   Elapsed
  0   -3.702964190560e+02 -3.711235215740e+02 3.71e+03 1.91e+00 1.19e-02 0.231
  1   -4.136200400095e+00 -3.475449712620e+02 4.01e+01 2.77e-01 6.50e-02 0.234
  2   -1.039156970135e-01 -2.487807213880e+01 4.69e-01 7.85e-03 4.78e-03 0.236
  3   -5.492703515524e-02 -6.425744712041e-01 4.69e-03 7.90e-05 1.47e-04 0.239
  4   -5.851160243273e-02 -1.363146743142e-01 6.20e-04 1.04e-05 1.74e-05 0.242
  5   -6.671506239759e-02 -1.384831505125e-01 4.99e-04 8.41e-06 2.78e-05 0.244
  6   -6.822898979336e-02 -1.387925720568e-01 4.62e-04 7.80e-06 3.77e-05 0.247
  7   -8.057551308402e-02 -1.255005805688e-01 2.60e-04 4.38e-06 7.74e-05 0.250
  8   -8.072007556537e-02 -1.253462610816e-01 2.45e-04 4.15e-06 6.95e-05 0.253
  9   -8.270686966167e-02 -1.240856419677e-01 1.91e-04 3.27e-06 2.25e-04 0.255
 10   -8.239301557152e-02 -1.230776078233e-01 1.70e-04 2.93e-06 4.87e-04 0.258
 11   -9.220858080714e-02 -1.088201099235e-01 6.13e-05 1.04e-06 1.34e-04 0.261
 12   -9.242054428866e-02 -1.075286822760e-01 4.54e-05 7.81e-07 2.34e-04 0.263
 13   -9.595317863033e-02 -1.021157689284e-01 1.55e-05 2.51e-07 1.02e-04 0.266
 14   -9.664462921272e-02 -1.007992001830e-01 8.31e-06 1.45e-07 9.18e-05 0.269
 15   -9.769670688809e-02 -9.939161558230e-02 3.13e-06 4.50e-08 3.32e-05 0.271
 16   -9.799075932699e-02 -9.890129084759e-02 1.27e-06 2.43e-08 2.02e-05 0.274
 17   -9.826339641613e-02 -9.853981188041e-02 3.52e-07 1.15e-08 6.06e-06 0.277
 18   -9.833737087430e-02 -9.843076411501e-02 7.76e-08 1.94e-09 1.76e-06 0.279
 19   -9.837017675953e-02 -9.839042425341e-02 1.61e-08 8.53e-09 3.84e-07 0.282
 20   -9.837783417898e-02 -9.838042557891e-02 1.27e-09 3.35e-10 3.69e-08 0.285
 21   -9.837885672478e-02 -9.837918971449e-02 1.63e-10 5.10e-09 4.79e-09 0.287
 22   -9.837899992136e-02 -9.837901664508e-02 1.56e-11 2.79e-08 2.27e-10 0.290
 23   -9.837900742856e-02 -9.837900792064e-02 4.73e-12 6.69e-07 4.74e-12 0.293
 24   -9.837900768181e-02 -9.837900773629e-02 9.81e-13 2.85e-05 3.53e-13 0.295
 25   -9.837900771783e-02 -9.837900772148e-02 9.56e-14 1.68e-03 1.22e-14 0.298
 26   -9.837900771870e-02 -9.837900772097e-02 7.90e-14 1.84e-01 1.92e-15 0.301
 27   -9.837900771990e-02 -9.837900772090e-02 3.54e-14 5.30e-02 1.07e-15 0.304
Numerical error in objective
Restoring previous solution


Suboptimal solution found in 28 iterations and 0.31 seconds
Objective -9.83788567e-02
Primal infeasibility (abs/rel): 3.25e-10/1.63e-10
Dual infeasibility   (abs/rel): 5.62e-09/5.10e-09
Complementarity gap  (abs/rel): 5.26e-09/4.79e-09


Barrier finished in 0.31 seconds
Dual variables for problems with quadratic constraints not returned.
