cuOpt version: 26.10.0, git hash: 648f805d, host arch: x86_64, device archs: 80-real
CPU: AMD EPYC 7642 48-Core Processor, threads: 5C/5T, RAM usage: 43.00/503.74GiB
CPU SIMD target: AVX2
CUDA 12.9, device: NVIDIA A100 80GB PCIe (ID 0), VRAM: 79.44 GiB
CUDA device UUID: 68df5cf5-71f9-6a93-b428-460c080ffb10
Problem has 1 quadratic constraints. Converting to second-order cones and solving with barrier.
Handling 50 free variables directly in augmented system
Presolved problem: 5103 constraints 10102 variables 265152 nonzeros
Skipping Ruiz equilibration (row norm ratio 1.4, column norm ratio 1.4 < 5e4, Q coeff ratio 1.0 < 100)
Barrier solver started at 0.026 seconds
Barrier solver: 5103 constraints, 10102 variables, 265152 nonzeros


Second-order cones          : 1
Free variables              : 50
Upper bounds                : 5000
Linear system               : augmented
cuDSS Version               : 0.7.1
cuDSS Threading layer       : libcudss_mtlayer_gomp.so.0
Reordering time             : 0.138s
Symbolic factorization time : 0.027s
Symbolic nonzeros in factor : 2.79e+05
Elapsed time for augmented  : 0.198 seconds
Elapsed time           : 0.198 seconds
Barrier setup complete at 0.198 seconds
Adaptive regularization enabled


                  Objective                         Infeasibility        Time
Iter   Primal              Dual                Primal   Dual    Compl.   Elapsed
  0   -3.704438282728e+02 -3.711104708303e+02 3.71e+03 1.91e+00 1.19e-02 0.199
  1   -4.139322660344e+00 -3.475321003753e+02 4.01e+01 2.77e-01 6.50e-02 0.202
  2   -1.040051644777e-01 -2.488690150380e+01 4.69e-01 7.85e-03 4.78e-03 0.204
  3   -5.496098286578e-02 -6.429065465087e-01 4.69e-03 7.91e-05 1.48e-04 0.207
  4   -5.855459127018e-02 -1.362808451043e-01 6.19e-04 1.04e-05 1.73e-05 0.210
  5   -6.665900438468e-02 -1.384240901438e-01 5.01e-04 8.44e-06 2.67e-05 0.212
  6   -6.830409204067e-02 -1.387647178585e-01 4.61e-04 7.79e-06 3.69e-05 0.215
  7   -8.178955735002e-02 -1.244189040464e-01 2.41e-04 4.06e-06 7.25e-05 0.218
  8   -8.204663334051e-02 -1.241616691657e-01 2.21e-04 3.74e-06 7.39e-05 0.220
  9   -8.363736533405e-02 -1.231272577391e-01 1.77e-04 3.03e-06 1.96e-04 0.223
 10   -8.574109112751e-02 -1.205816104436e-01 1.06e-04 1.82e-06 1.75e-04 0.226
 11   -8.728284061338e-02 -1.169578669164e-01 6.97e-05 1.22e-06 3.38e-04 0.228
 12   -9.491678312306e-02 -1.048368694409e-01 2.14e-05 3.40e-07 7.50e-05 0.231
 13   -9.573043832175e-02 -1.031982759273e-01 1.32e-05 2.24e-07 8.97e-05 0.234
 14   -9.610891506912e-02 -1.025840560288e-01 1.00e-05 1.84e-07 9.42e-05 0.236
 15   -9.721091234691e-02 -1.009344530582e-01 5.11e-06 8.87e-08 4.83e-05 0.239
 16   -9.738107089570e-02 -1.005139536058e-01 3.53e-06 7.06e-08 4.79e-05 0.242
 17   -9.813667790308e-02 -9.940610508485e-02 1.10e-06 1.51e-08 1.83e-05 0.244
 18   -9.834643585688e-02 -9.907977040209e-02 4.97e-07 1.49e-08 1.30e-05 0.247
 19   -9.856013189858e-02 -9.879917298627e-02 1.40e-07 6.60e-09 4.13e-06 0.250
 20   -9.863076582641e-02 -9.870228515775e-02 3.12e-08 2.93e-09 1.33e-06 0.253
 21   -9.865492253550e-02 -9.867237050947e-02 7.14e-09 8.05e-09 3.20e-07 0.255
 22   -9.866137831092e-02 -9.866393836833e-02 6.75e-10 5.54e-10 3.53e-08 0.258
 23   -9.866238683419e-02 -9.866273877952e-02 9.30e-11 1.37e-09 4.99e-09 0.261
 24   -9.866252416297e-02 -9.866257431358e-02 1.33e-11 3.77e-08 7.16e-10 0.263
 25   -9.866254602189e-02 -9.866254797096e-02 9.28e-13 4.35e-07 2.73e-11 0.266
 26   -9.866254686963e-02 -9.866254692522e-02 1.61e-13 4.82e-06 7.81e-13 0.269
 27   -9.866254689222e-02 -9.866254689424e-02 2.43e-14 1.06e-03 3.34e-14 0.271
 28   -9.866254689285e-02 -9.866254689290e-02 5.22e-15 8.13e-02 2.90e-15 0.274
Numerical error in objective
Restoring previous solution


Suboptimal solution found in 29 iterations and 0.28 seconds
Objective -9.86623868e-02
Primal infeasibility (abs/rel): 1.86e-10/9.30e-11
Dual infeasibility   (abs/rel): 1.50e-09/1.37e-09
Complementarity gap  (abs/rel): 5.48e-09/4.99e-09


Barrier finished in 0.28 seconds
Dual variables for problems with quadratic constraints not returned.
