cuOpt version: 26.10.0, git hash: 80c103c1, host arch: x86_64, device archs: 80-real
CPU: AMD EPYC 7642 48-Core Processor, threads: 5C/5T, RAM usage: 31.62/503.74GiB
CPU SIMD target: AVX2
CUDA 12.9, device: NVIDIA A100 80GB PCIe (ID 0), VRAM: 79.44 GiB
CUDA device UUID: 68df5cf5-71f9-6a93-b428-460c080ffb10
Problem has 1 quadratic constraints. Converting to second-order cones and solving with barrier.
Barrier: reusing cache (skip convert/presolve/scaling)
Barrier solver started at 0.00 seconds
Barrier solver: 5053 constraints, 10052 variables, 265052 nonzeros
Barrier setup complete at 0.00 seconds
Elapsed time                : 0.00s
Adaptive regularization enabled


                  Objective                         Infeasibility        Time
Iter   Primal              Dual                Primal   Dual    Compl.   Elapsed
  0   -3.701605598740e+02 -3.710234169387e+02 3.71e+03 1.91e+00 1.19e-02 0.0
  1   -3.741054718367e+01 -3.495882842978e+02 3.74e+02 7.84e-02 1.66e-02 0.0
  2   -3.887937386173e+00 -2.097219586674e+02 3.80e+01 4.70e-02 1.33e-02 0.0
  3   -4.429600696008e-01 -3.237980282684e+01 3.86e+00 5.32e-03 4.56e-03 0.0
  4   -9.287886877923e-02 -4.511798773553e+00 4.09e-01 5.69e-04 6.47e-04 0.0
  5   -5.627296339391e-02 -7.108185482735e-01 4.09e-02 5.69e-05 8.81e-05 0.0
  6   -5.675916009226e-02 -2.026239748050e-01 9.03e-03 1.26e-05 1.79e-05 0.0
  7   -6.888235758129e-02 -1.400988447281e-01 3.96e-03 5.52e-06 7.57e-06 0.0
  8   -7.287761734214e-02 -1.383138551267e-01 3.34e-03 4.66e-06 1.84e-05 0.0
  9   -7.610760678347e-02 -1.355476031731e-01 2.79e-03 3.89e-06 3.64e-05 0.0
 10   -8.087140956479e-02 -1.298420127110e-01 2.02e-03 2.81e-06 5.26e-05 0.0
 11   -8.196508394956e-02 -1.284914195669e-01 1.67e-03 2.32e-06 5.28e-05 0.1
 12   -8.703874020624e-02 -1.201278569022e-01 9.98e-04 1.39e-06 5.44e-05 0.1
 13   -8.777481576847e-02 -1.172977814611e-01 7.19e-04 1.00e-06 1.85e-04 0.1
 14   -9.271058813878e-02 -1.085907416302e-01 3.18e-04 4.42e-07 1.14e-04 0.1
 15   -9.553683448472e-02 -1.034406543434e-01 1.33e-04 1.85e-07 5.56e-05 0.1
 16   -9.738496867178e-02 -1.003410956075e-01 4.04e-05 5.63e-08 1.24e-05 0.1
 17   -9.798780247880e-02 -9.931162491269e-02 1.49e-05 2.08e-08 5.32e-06 0.1
 18   -9.829688174820e-02 -9.880470684682e-02 4.39e-06 6.10e-09 2.57e-06 0.1
 19   -9.847161777658e-02 -9.855905565302e-02 7.36e-07 1.03e-09 3.80e-07 0.1
 20   -9.850140458729e-02 -9.851729136811e-02 1.33e-07 1.89e-10 6.11e-08 0.1
 21   -9.850694295676e-02 -9.850952425142e-02 2.15e-08 3.36e-11 8.79e-09 0.1
 22   -9.850786961406e-02 -9.850822746484e-02 2.97e-09 3.49e-12 1.04e-09 0.1


Optimal solution found in 22 iterations and 0.104s
Objective -9.85078696e-02
Primal infeasibility (abs/rel): 5.94e-09/2.97e-09
Dual infeasibility   (abs/rel): 3.84e-12/3.49e-12
Complementarity gap  (abs/rel): 1.14e-09/1.04e-09
Objective gap        (abs/rel): 3.58e-07/3.26e-07


Barrier finished in 0.10 seconds
Dual variables for problems with quadratic constraints not returned.
