cuOpt version: 26.10.0, git hash: 80c103c1, host arch: x86_64, device archs: 80-real
CPU: AMD EPYC 7642 48-Core Processor, threads: 5C/5T, RAM usage: 31.44/503.74GiB
CPU SIMD target: AVX2
CUDA 12.9, device: NVIDIA A100 80GB PCIe (ID 0), VRAM: 79.44 GiB
CUDA device UUID: 68df5cf5-71f9-6a93-b428-460c080ffb10
Problem has 1 quadratic constraints. Converting to second-order cones and solving with barrier.
Barrier: reusing cache (skip convert/presolve/scaling)
Barrier solver started at 0.00 seconds
Barrier solver: 5053 constraints, 10052 variables, 265052 nonzeros
Barrier setup complete at 0.00 seconds
Elapsed time                : 0.00s
Adaptive regularization enabled


                  Objective                         Infeasibility        Time
Iter   Primal              Dual                Primal   Dual    Compl.   Elapsed
  0   -3.702509737108e+02 -3.710937010099e+02 3.71e+03 1.91e+00 1.19e-02 0.0
  1   -3.741942811123e+01 -3.496586650393e+02 3.74e+02 7.84e-02 1.66e-02 0.0
  2   -3.888833787341e+00 -2.097808197354e+02 3.80e+01 4.70e-02 1.33e-02 0.0
  3   -4.430335847848e-01 -3.239045866058e+01 3.86e+00 5.32e-03 4.56e-03 0.0
  4   -9.288170526105e-02 -4.512561924569e+00 4.09e-01 5.69e-04 6.47e-04 0.0
  5   -5.627609700496e-02 -7.109289050753e-01 4.09e-02 5.69e-05 8.81e-05 0.0
  6   -5.676233512514e-02 -2.033121092672e-01 9.07e-03 1.26e-05 1.79e-05 0.0
  7   -6.873008101395e-02 -1.408714699242e-01 4.01e-03 5.58e-06 7.66e-06 0.0
  8   -7.285246524380e-02 -1.391245908592e-01 3.37e-03 4.69e-06 2.03e-05 0.0
  9   -7.477570713004e-02 -1.378576077150e-01 3.00e-03 4.18e-06 3.21e-05 0.0
 10   -7.900971824503e-02 -1.327284130836e-01 2.36e-03 3.29e-06 5.32e-05 0.0
 11   -8.004509488991e-02 -1.317342319951e-01 1.98e-03 2.76e-06 6.58e-05 0.1
 12   -8.661783071796e-02 -1.214072798788e-01 1.05e-03 1.46e-06 7.24e-05 0.1
 13   -8.935930984504e-02 -1.150142608796e-01 5.70e-04 7.93e-07 1.44e-04 0.1
 14   -9.415098873601e-02 -1.066025415943e-01 2.40e-04 3.35e-07 5.41e-05 0.1
 15   -9.632069426339e-02 -1.026873483192e-01 1.11e-04 1.55e-07 2.52e-05 0.1
 16   -9.750424151555e-02 -1.005537734019e-01 4.02e-05 5.59e-08 8.28e-06 0.1
 17   -9.814789796191e-02 -9.942061157362e-02 1.20e-05 1.66e-08 5.92e-06 0.1
 18   -9.847553508191e-02 -9.894425607707e-02 4.13e-06 5.75e-09 2.27e-06 0.1
 19   -9.862064949904e-02 -9.873466897096e-02 9.00e-07 1.26e-09 4.61e-07 0.1
 20   -9.865963451200e-02 -9.868015142185e-02 1.58e-07 2.22e-10 8.05e-08 0.1
 21   -9.866723570239e-02 -9.866965282723e-02 1.86e-08 2.99e-11 9.35e-09 0.1
 22   -9.866813338440e-02 -9.866841491182e-02 2.16e-09 2.26e-10 1.04e-09 0.1


Optimal solution found in 22 iterations and 0.104s
Objective -9.86681334e-02
Primal infeasibility (abs/rel): 4.33e-09/2.16e-09
Dual infeasibility   (abs/rel): 2.49e-10/2.26e-10
Complementarity gap  (abs/rel): 1.14e-09/1.04e-09
Objective gap        (abs/rel): 2.82e-07/2.56e-07


Barrier finished in 0.10 seconds
Dual variables for problems with quadratic constraints not returned.
