cuOpt version: 26.10.0, git hash: 80c103c1, host arch: x86_64, device archs: 80-real
CPU: AMD EPYC 7642 48-Core Processor, threads: 5C/5T, RAM usage: 31.42/503.74GiB
CPU SIMD target: AVX2
CUDA 12.9, device: NVIDIA A100 80GB PCIe (ID 0), VRAM: 79.44 GiB
CUDA device UUID: 68df5cf5-71f9-6a93-b428-460c080ffb10
Problem has 1 quadratic constraints. Converting to second-order cones and solving with barrier.
Barrier: reusing cache (skip convert/presolve/scaling)
Barrier solver started at 0.00 seconds
Barrier solver: 5053 constraints, 10052 variables, 265052 nonzeros
Barrier setup complete at 0.00 seconds
Elapsed time                : 0.00s
Adaptive regularization enabled


                  Objective                         Infeasibility        Time
Iter   Primal              Dual                Primal   Dual    Compl.   Elapsed
  0   -3.704296579021e+02 -3.711143874095e+02 3.71e+03 1.91e+00 1.19e-02 0.0
  1   -3.743805292228e+01 -3.496794821010e+02 3.74e+02 7.84e-02 1.66e-02 0.0
  2   -3.890892564962e+00 -2.098000844124e+02 3.81e+01 4.70e-02 1.33e-02 0.0
  3   -4.432644633378e-01 -3.239481392010e+01 3.86e+00 5.32e-03 4.56e-03 0.0
  4   -9.292787579859e-02 -4.513226640159e+00 4.09e-01 5.69e-04 6.47e-04 0.0
  5   -5.630208158416e-02 -7.110613727372e-01 4.09e-02 5.69e-05 8.81e-05 0.0
  6   -5.679115489380e-02 -2.028171237661e-01 9.03e-03 1.26e-05 1.79e-05 0.0
  7   -6.885155064277e-02 -1.407271929047e-01 4.00e-03 5.57e-06 7.64e-06 0.0
  8   -7.258830029257e-02 -1.393007496023e-01 3.43e-03 4.77e-06 1.78e-05 0.0
  9   -7.504512723332e-02 -1.376451208267e-01 2.99e-03 4.16e-06 3.86e-05 0.0
 10   -7.959200224362e-02 -1.323732926824e-01 2.28e-03 3.17e-06 6.84e-05 0.0
 11   -8.076422223517e-02 -1.311944750839e-01 1.90e-03 2.64e-06 7.26e-05 0.1
 12   -8.623958386110e-02 -1.226287347358e-01 1.10e-03 1.52e-06 6.79e-05 0.1
 13   -8.791569134999e-02 -1.184122736970e-01 7.44e-04 1.04e-06 1.45e-04 0.1
 14   -9.323070574282e-02 -1.086357427180e-01 3.17e-04 4.42e-07 7.57e-05 0.1
 15   -9.543077883219e-02 -1.045164769368e-01 1.39e-04 1.94e-07 3.89e-05 0.1
 16   -9.737210295343e-02 -1.012380916366e-01 5.18e-05 7.21e-08 1.38e-05 0.1
 17   -9.813333027022e-02 -9.988907320368e-02 1.81e-05 2.52e-08 5.80e-06 0.1
 18   -9.850837027823e-02 -9.926625624609e-02 5.96e-06 8.30e-09 4.00e-06 0.1
 19   -9.876122284819e-02 -9.891005925010e-02 1.08e-06 1.50e-09 6.55e-07 0.1
 20   -9.881063166874e-02 -9.884131610076e-02 2.03e-07 2.86e-10 1.12e-07 0.1
 21   -9.882152986259e-02 -9.882650963721e-02 3.25e-08 5.13e-11 1.61e-08 0.1
 22   -9.882338623430e-02 -9.882399924415e-02 4.00e-09 1.20e-11 1.84e-09 0.1


Optimal solution found in 22 iterations and 0.104s
Objective -9.88233862e-02
Primal infeasibility (abs/rel): 8.00e-09/4.00e-09
Dual infeasibility   (abs/rel): 1.32e-11/1.20e-11
Complementarity gap  (abs/rel): 2.02e-09/1.84e-09
Objective gap        (abs/rel): 6.13e-07/5.58e-07


Barrier finished in 0.10 seconds
Dual variables for problems with quadratic constraints not returned.
