cuOpt version: 26.10.0, git hash: 80c103c1, host arch: x86_64, device archs: 80-real
CPU: AMD EPYC 7642 48-Core Processor, threads: 5C/5T, RAM usage: 31.51/503.74GiB
CPU SIMD target: AVX2
CUDA 12.9, device: NVIDIA A100 80GB PCIe (ID 0), VRAM: 79.44 GiB
CUDA device UUID: 68df5cf5-71f9-6a93-b428-460c080ffb10
Problem has 1 quadratic constraints. Converting to second-order cones and solving with barrier.
Barrier: reusing cache (skip convert/presolve/scaling)
Barrier solver started at 0.00 seconds
Barrier solver: 5053 constraints, 10052 variables, 265052 nonzeros
Barrier setup complete at 0.00 seconds
Elapsed time                : 0.00s
Adaptive regularization enabled


                  Objective                         Infeasibility        Time
Iter   Primal              Dual                Primal   Dual    Compl.   Elapsed
  0   -3.702624119443e+02 -3.710387458059e+02 3.71e+03 1.91e+00 1.19e-02 0.0
  1   -3.742079789023e+01 -3.496036719064e+02 3.74e+02 7.84e-02 1.66e-02 0.0
  2   -3.888993984283e+00 -2.097346653642e+02 3.80e+01 4.70e-02 1.33e-02 0.0
  3   -4.430512134758e-01 -3.238077187940e+01 3.86e+00 5.32e-03 4.56e-03 0.0
  4   -9.288389751437e-02 -4.510664601825e+00 4.09e-01 5.68e-04 6.47e-04 0.0
  5   -5.628571763013e-02 -7.106214023162e-01 4.09e-02 5.69e-05 8.80e-05 0.0
  6   -5.677723484909e-02 -2.023841423786e-01 9.01e-03 1.25e-05 1.78e-05 0.0
  7   -6.888706418171e-02 -1.402317627576e-01 3.97e-03 5.53e-06 7.59e-06 0.0
  8   -7.323051310495e-02 -1.384590469870e-01 3.29e-03 4.58e-06 2.13e-05 0.0
  9   -7.616943839279e-02 -1.359080178161e-01 2.79e-03 3.89e-06 4.75e-05 0.0
 10   -8.013258407945e-02 -1.313987026793e-01 2.11e-03 2.94e-06 8.10e-05 0.0
 11   -8.114638514562e-02 -1.302582697502e-01 1.80e-03 2.50e-06 8.57e-05 0.1
 12   -8.613106503583e-02 -1.220830158250e-01 1.13e-03 1.58e-06 8.44e-05 0.1
 13   -8.658053170828e-02 -1.197342100135e-01 8.41e-04 1.17e-06 2.03e-04 0.1
 14   -9.079265491545e-02 -1.122942942442e-01 4.75e-04 6.61e-07 1.64e-04 0.1
 15   -9.473431328540e-02 -1.049161462117e-01 2.00e-04 2.79e-07 7.82e-05 0.1
 16   -9.673600514924e-02 -1.013421524985e-01 5.96e-05 8.30e-08 1.70e-05 0.1
 17   -9.765764280922e-02 -9.976368990728e-02 2.15e-05 3.00e-08 8.52e-06 0.1
 18   -9.807907030768e-02 -9.909408968423e-02 8.95e-06 1.25e-08 5.26e-06 0.1
 19   -9.838802056808e-02 -9.862770130175e-02 1.09e-06 1.53e-09 8.44e-07 0.1
 20   -9.846849594231e-02 -9.852411347120e-02 2.48e-07 3.48e-10 2.03e-07 0.1
 21   -9.848939198765e-02 -9.849737261192e-02 3.53e-08 5.23e-11 2.57e-08 0.1
 22   -9.849244372886e-02 -9.849347599403e-02 4.56e-09 4.91e-12 2.97e-09 0.1


Optimal solution found in 22 iterations and 0.105s
Objective -9.84924437e-02
Primal infeasibility (abs/rel): 9.13e-09/4.56e-09
Dual infeasibility   (abs/rel): 5.41e-12/4.91e-12
Complementarity gap  (abs/rel): 3.26e-09/2.97e-09
Objective gap        (abs/rel): 1.03e-06/9.40e-07


Barrier finished in 0.11 seconds
Dual variables for problems with quadratic constraints not returned.
