cuOpt version: 26.10.0, git hash: 80c103c1, host arch: x86_64, device archs: 80-real
CPU: AMD EPYC 7642 48-Core Processor, threads: 5C/5T, RAM usage: 31.59/503.74GiB
CPU SIMD target: AVX2
CUDA 12.9, device: NVIDIA A100 80GB PCIe (ID 0), VRAM: 79.44 GiB
CUDA device UUID: 68df5cf5-71f9-6a93-b428-460c080ffb10
Problem has 1 quadratic constraints. Converting to second-order cones and solving with barrier.
Barrier: reusing cache (skip convert/presolve/scaling)
Barrier solver started at 0.00 seconds
Barrier solver: 5053 constraints, 10052 variables, 265052 nonzeros
Barrier setup complete at 0.00 seconds
Elapsed time                : 0.00s
Adaptive regularization enabled


                  Objective                         Infeasibility        Time
Iter   Primal              Dual                Primal   Dual    Compl.   Elapsed
  0   -3.704291987375e+02 -3.711395609108e+02 3.71e+03 1.91e+00 1.19e-02 0.0
  1   -3.743741817706e+01 -3.497046453054e+02 3.74e+02 7.84e-02 1.66e-02 0.0
  2   -3.890680428367e+00 -2.098194046320e+02 3.81e+01 4.70e-02 1.33e-02 0.0
  3   -4.432259633860e-01 -3.239729092693e+01 3.86e+00 5.32e-03 4.56e-03 0.0
  4   -9.291615235054e-02 -4.513183834739e+00 4.09e-01 5.69e-04 6.47e-04 0.0
  5   -5.629790208488e-02 -7.110358209521e-01 4.09e-02 5.69e-05 8.80e-05 0.0
  6   -5.678707166315e-02 -2.035520415055e-01 9.08e-03 1.26e-05 1.79e-05 0.0
  7   -6.872858008317e-02 -1.410845875313e-01 4.02e-03 5.60e-06 7.68e-06 0.0
  8   -7.252490416815e-02 -1.393041240940e-01 3.42e-03 4.77e-06 1.87e-05 0.0
  9   -7.579096238658e-02 -1.366882915741e-01 2.85e-03 3.97e-06 3.07e-05 0.0
 10   -8.100782466698e-02 -1.300808359860e-01 2.05e-03 2.86e-06 4.59e-05 0.0
 11   -8.218333541157e-02 -1.286220025056e-01 1.69e-03 2.35e-06 5.10e-05 0.1
 12   -8.767240572854e-02 -1.195243904227e-01 1.00e-03 1.39e-06 5.06e-05 0.1
 13   -8.858510041320e-02 -1.167201125118e-01 7.02e-04 9.78e-07 1.02e-04 0.1
 14   -9.160993009502e-02 -1.112770017177e-01 4.19e-04 5.84e-07 1.01e-04 0.1
 15   -9.478652630336e-02 -1.055181765280e-01 2.05e-04 2.86e-07 6.09e-05 0.1
 16   -9.695465309121e-02 -1.018357921285e-01 7.97e-05 1.11e-07 1.92e-05 0.1
 17   -9.767270772727e-02 -1.003905043724e-01 3.10e-05 4.31e-08 1.79e-05 0.1
 18   -9.823477695819e-02 -9.951422158104e-02 1.27e-05 1.77e-08 9.79e-06 0.1
 19   -9.862090374105e-02 -9.893673495973e-02 2.26e-06 3.15e-09 1.68e-06 0.1
 20   -9.871549362816e-02 -9.880694149463e-02 6.25e-07 8.73e-10 5.01e-07 0.1
 21   -9.874841045481e-02 -9.876244030958e-02 8.87e-08 1.28e-10 6.64e-08 0.1
 22   -9.875365344812e-02 -9.875549997365e-02 1.17e-08 2.30e-11 7.72e-09 0.1
 23   -9.875434154021e-02 -9.875459104240e-02 1.58e-09 4.27e-11 9.11e-10 0.1


Optimal solution found in 23 iterations and 0.109s
Objective -9.87543415e-02
Primal infeasibility (abs/rel): 3.15e-09/1.58e-09
Dual infeasibility   (abs/rel): 4.70e-11/4.27e-11
Complementarity gap  (abs/rel): 1.00e-09/9.11e-10
Objective gap        (abs/rel): 2.50e-07/2.27e-07


Barrier finished in 0.11 seconds
Dual variables for problems with quadratic constraints not returned.
