cuOpt version: 26.10.0, git hash: 80c103c1, host arch: x86_64, device archs: 80-real
CPU: AMD EPYC 7642 48-Core Processor, threads: 5C/5T, RAM usage: 31.33/503.74GiB
CPU SIMD target: AVX2
CUDA 12.9, device: NVIDIA A100 80GB PCIe (ID 0), VRAM: 79.44 GiB
CUDA device UUID: 68df5cf5-71f9-6a93-b428-460c080ffb10
Problem has 1 quadratic constraints. Converting to second-order cones and solving with barrier.
Barrier: reusing cache (skip convert/presolve/scaling)
Barrier solver started at 0.00 seconds
Barrier solver: 5053 constraints, 10052 variables, 265052 nonzeros
Barrier setup complete at 0.00 seconds
Elapsed time                : 0.00s
Adaptive regularization enabled


                  Objective                         Infeasibility        Time
Iter   Primal              Dual                Primal   Dual    Compl.   Elapsed
  0   -3.704340093575e+02 -3.710959393425e+02 3.71e+03 1.91e+00 1.19e-02 0.0
  1   -3.743763570813e+01 -3.496609895192e+02 3.74e+02 7.84e-02 1.66e-02 0.0
  2   -3.890628828344e+00 -2.097811369819e+02 3.80e+01 4.70e-02 1.33e-02 0.0
  3   -4.432462222108e-01 -3.238991826105e+01 3.86e+00 5.32e-03 4.56e-03 0.0
  4   -9.292768669747e-02 -4.512426310848e+00 4.09e-01 5.69e-04 6.47e-04 0.0
  5   -5.630707285378e-02 -7.109235424395e-01 4.09e-02 5.69e-05 8.81e-05 0.0
  6   -5.680194946651e-02 -2.023096863666e-01 9.00e-03 1.25e-05 1.78e-05 0.0
  7   -6.898520010782e-02 -1.400410509421e-01 3.96e-03 5.51e-06 7.56e-06 0.0
  8   -7.329816257590e-02 -1.381751049968e-01 3.30e-03 4.59e-06 1.91e-05 0.0
  9   -7.581106840866e-02 -1.362803224366e-01 2.85e-03 3.96e-06 3.77e-05 0.0
 10   -8.015149914526e-02 -1.311167221196e-01 2.17e-03 3.02e-06 7.10e-05 0.0
 11   -8.113082932730e-02 -1.301339590577e-01 1.83e-03 2.55e-06 8.07e-05 0.1
 12   -8.445027043821e-02 -1.250407948438e-01 1.26e-03 1.75e-06 8.07e-05 0.1
 13   -8.640435561003e-02 -1.208305691515e-01 9.05e-04 1.26e-06 1.14e-04 0.1
 14   -9.202790215782e-02 -1.101735225252e-01 4.10e-04 5.71e-07 6.81e-05 0.1
 15   -9.482760572042e-02 -1.051599160202e-01 2.02e-04 2.81e-07 2.87e-05 0.1
 16   -9.648762658788e-02 -1.022025509967e-01 1.01e-04 1.41e-07 1.31e-05 0.1
 17   -9.718027877829e-02 -1.006709810390e-01 4.36e-05 6.07e-08 1.99e-05 0.1
 18   -9.812717924972e-02 -9.919332062649e-02 1.08e-05 1.50e-08 4.52e-06 0.1
 19   -9.841168208950e-02 -9.876006010180e-02 3.19e-06 4.45e-09 1.44e-06 0.1
 20   -9.852521532792e-02 -9.859319757142e-02 5.78e-07 8.06e-10 2.27e-07 0.1
 21   -9.854921693163e-02 -9.855913287319e-02 8.39e-08 1.20e-10 3.08e-08 0.1
 22   -9.855277423307e-02 -9.855410710053e-02 1.13e-08 1.88e-11 3.78e-09 0.1
 23   -9.855325602524e-02 -9.855342730336e-02 1.45e-09 8.77e-09 4.33e-10 0.1


Optimal solution found in 23 iterations and 0.108s
Objective -9.85532560e-02
Primal infeasibility (abs/rel): 2.89e-09/1.45e-09
Dual infeasibility   (abs/rel): 9.66e-09/8.77e-09
Complementarity gap  (abs/rel): 4.76e-10/4.33e-10
Objective gap        (abs/rel): 1.71e-07/1.56e-07


Barrier finished in 0.11 seconds
Dual variables for problems with quadratic constraints not returned.
