cuOpt version: 26.10.0, git hash: 80c103c1, host arch: x86_64, device archs: 80-real
CPU: AMD EPYC 7642 48-Core Processor, threads: 5C/5T, RAM usage: 31.51/503.74GiB
CPU SIMD target: AVX2
CUDA 12.9, device: NVIDIA A100 80GB PCIe (ID 0), VRAM: 79.44 GiB
CUDA device UUID: 68df5cf5-71f9-6a93-b428-460c080ffb10
Problem has 1 quadratic constraints. Converting to second-order cones and solving with barrier.
Barrier: reusing cache (skip convert/presolve/scaling)
Barrier solver started at 0.00 seconds
Barrier solver: 5053 constraints, 10052 variables, 265052 nonzeros
Barrier setup complete at 0.00 seconds
Elapsed time                : 0.00s
Adaptive regularization enabled


                  Objective                         Infeasibility        Time
Iter   Primal              Dual                Primal   Dual    Compl.   Elapsed
  0   -3.704472534989e+02 -3.711214143411e+02 3.71e+03 1.91e+00 1.19e-02 0.0
  1   -3.743997012388e+01 -3.496865432515e+02 3.74e+02 7.84e-02 1.66e-02 0.0
  2   -3.891133575414e+00 -2.098064520476e+02 3.81e+01 4.70e-02 1.33e-02 0.0
  3   -4.433011125657e-01 -3.239671005289e+01 3.86e+00 5.32e-03 4.56e-03 0.0
  4   -9.293283504511e-02 -4.513403771044e+00 4.09e-01 5.69e-04 6.47e-04 0.0
  5   -5.630477207026e-02 -7.110955679130e-01 4.09e-02 5.69e-05 8.81e-05 0.0
  6   -5.679523469185e-02 -2.032837417766e-01 9.06e-03 1.26e-05 1.79e-05 0.0
  7   -6.871423018952e-02 -1.414511759325e-01 4.05e-03 5.63e-06 7.73e-06 0.0
  8   -7.377545222329e-02 -1.394731322717e-01 3.22e-03 4.49e-06 3.02e-05 0.0
  9   -7.665593433557e-02 -1.368589985306e-01 2.70e-03 3.76e-06 6.71e-05 0.0
 10   -8.148071133708e-02 -1.304719223836e-01 1.94e-03 2.70e-06 1.02e-04 0.0
 11   -8.291224885285e-02 -1.284861614864e-01 1.54e-03 2.14e-06 1.04e-04 0.1
 12   -8.626623514297e-02 -1.226828856717e-01 1.06e-03 1.47e-06 9.58e-05 0.1
 13   -8.645788377591e-02 -1.210464448392e-01 8.77e-04 1.22e-06 1.56e-04 0.1
 14   -9.101090320497e-02 -1.126476685095e-01 4.23e-04 5.89e-07 1.42e-04 0.1
 15   -9.490112537147e-02 -1.052769578929e-01 1.84e-04 2.56e-07 8.04e-05 0.1
 16   -9.715418457354e-02 -1.014324444539e-01 6.75e-05 9.39e-08 2.10e-05 0.1
 17   -9.773750112339e-02 -1.002762993431e-01 3.26e-05 4.54e-08 1.55e-05 0.1
 18   -9.832265622543e-02 -9.927598917550e-02 9.20e-06 1.28e-08 5.82e-06 0.1
 19   -9.862388914390e-02 -9.882773931838e-02 1.77e-06 2.46e-09 9.41e-07 0.1
 20   -9.869306800410e-02 -9.872847848801e-02 3.01e-07 4.21e-10 1.36e-07 0.1
 21   -9.870554353639e-02 -9.871075605202e-02 4.40e-08 6.70e-11 1.73e-08 0.1
 22   -9.870740788383e-02 -9.870811719975e-02 5.98e-09 1.60e-11 2.08e-09 0.1


Optimal solution found in 22 iterations and 0.104s
Objective -9.87074079e-02
Primal infeasibility (abs/rel): 1.20e-08/5.98e-09
Dual infeasibility   (abs/rel): 1.76e-11/1.60e-11
Complementarity gap  (abs/rel): 2.29e-09/2.08e-09
Objective gap        (abs/rel): 7.09e-07/6.46e-07


Barrier finished in 0.10 seconds
Dual variables for problems with quadratic constraints not returned.
