cuOpt version: 26.10.0, git hash: 80c103c1, host arch: x86_64, device archs: 80-real
CPU: AMD EPYC 7642 48-Core Processor, threads: 5C/5T, RAM usage: 31.52/503.74GiB
CPU SIMD target: AVX2
CUDA 12.9, device: NVIDIA A100 80GB PCIe (ID 0), VRAM: 79.44 GiB
CUDA device UUID: 68df5cf5-71f9-6a93-b428-460c080ffb10
Problem has 1 quadratic constraints. Converting to second-order cones and solving with barrier.
Barrier: reusing cache (skip convert/presolve/scaling)
Barrier solver started at 0.00 seconds
Barrier solver: 5053 constraints, 10052 variables, 265052 nonzeros
Barrier setup complete at 0.00 seconds
Elapsed time                : 0.00s
Adaptive regularization enabled


                  Objective                         Infeasibility        Time
Iter   Primal              Dual                Primal   Dual    Compl.   Elapsed
  0   -3.702779911923e+02 -3.710340990992e+02 3.71e+03 1.91e+00 1.19e-02 0.0
  1   -3.742292098574e+01 -3.495990552737e+02 3.74e+02 7.84e-02 1.66e-02 0.0
  2   -3.889384278690e+00 -2.097327984721e+02 3.80e+01 4.70e-02 1.33e-02 0.0
  3   -4.430960132925e-01 -3.238133763385e+01 3.86e+00 5.32e-03 4.56e-03 0.0
  4   -9.289012120813e-02 -4.510662176438e+00 4.09e-01 5.68e-04 6.47e-04 0.0
  5   -5.628863749930e-02 -7.106312171052e-01 4.09e-02 5.69e-05 8.80e-05 0.0
  6   -5.677850783767e-02 -2.029424263575e-01 9.04e-03 1.26e-05 1.79e-05 0.0
  7   -6.877287734791e-02 -1.406254861918e-01 4.00e-03 5.57e-06 7.64e-06 0.0
  8   -7.302390490428e-02 -1.387468623998e-01 3.31e-03 4.60e-06 2.33e-05 0.0
  9   -7.655296412793e-02 -1.353559560659e-01 2.71e-03 3.78e-06 5.34e-05 0.0
 10   -8.076278227555e-02 -1.302532339762e-01 2.00e-03 2.78e-06 7.65e-05 0.1
 11   -8.201908504801e-02 -1.286317527871e-01 1.65e-03 2.29e-06 7.72e-05 0.1
 12   -8.588590970617e-02 -1.221386602391e-01 1.12e-03 1.56e-06 7.21e-05 0.1
 13   -8.618516193646e-02 -1.205849292194e-01 9.23e-04 1.28e-06 1.19e-04 0.1
 14   -9.029711203577e-02 -1.130154672290e-01 4.99e-04 6.94e-07 1.12e-04 0.1
 15   -9.408412832701e-02 -1.058317625176e-01 2.31e-04 3.22e-07 7.25e-05 0.1
 16   -9.644047539885e-02 -1.017414834343e-01 8.51e-05 1.18e-07 2.08e-05 0.1
 17   -9.738354295590e-02 -9.984886414106e-02 2.27e-05 3.16e-08 1.33e-05 0.1
 18   -9.794054234377e-02 -9.902848542751e-02 9.29e-06 1.29e-08 7.00e-06 0.1
 19   -9.822787225860e-02 -9.860316183108e-02 2.30e-06 3.20e-09 2.19e-06 0.1
 20   -9.835884108782e-02 -9.842826565819e-02 4.02e-07 5.63e-10 3.65e-07 0.1
 21   -9.838494059107e-02 -9.839397357975e-02 5.22e-08 7.61e-11 4.27e-08 0.1
 22   -9.838837410365e-02 -9.838947278267e-02 6.35e-09 1.52e-11 4.78e-09 0.1
 23   -9.838879368898e-02 -9.838892336986e-02 7.49e-10 6.96e-10 5.26e-10 0.1


Optimal solution found in 23 iterations and 0.115s
Objective -9.83887937e-02
Primal infeasibility (abs/rel): 1.50e-09/7.49e-10
Dual infeasibility   (abs/rel): 7.66e-10/6.96e-10
Complementarity gap  (abs/rel): 5.78e-10/5.26e-10
Objective gap        (abs/rel): 1.30e-07/1.18e-07


Barrier finished in 0.12 seconds
Dual variables for problems with quadratic constraints not returned.
