cuOpt version: 26.10.0, git hash: 80c103c1, host arch: x86_64, device archs: 80-real
CPU: AMD EPYC 7642 48-Core Processor, threads: 5C/5T, RAM usage: 31.49/503.74GiB
CPU SIMD target: AVX2
CUDA 12.9, device: NVIDIA A100 80GB PCIe (ID 0), VRAM: 79.44 GiB
CUDA device UUID: 68df5cf5-71f9-6a93-b428-460c080ffb10
Problem has 1 quadratic constraints. Converting to second-order cones and solving with barrier.
Barrier: reusing cache (skip convert/presolve/scaling)
Barrier solver started at 0.00 seconds
Barrier solver: 5053 constraints, 10052 variables, 265052 nonzeros
Barrier setup complete at 0.00 seconds
Elapsed time                : 0.00s
Adaptive regularization enabled


                  Objective                         Infeasibility        Time
Iter   Primal              Dual                Primal   Dual    Compl.   Elapsed
  0   -3.703361174615e+02 -3.711052443117e+02 3.71e+03 1.91e+00 1.19e-02 0.0
  1   -3.742795198503e+01 -3.496702503258e+02 3.74e+02 7.84e-02 1.66e-02 0.0
  2   -3.889667988002e+00 -2.097901226828e+02 3.80e+01 4.70e-02 1.33e-02 0.0
  3   -4.431096061050e-01 -3.239116080152e+01 3.86e+00 5.32e-03 4.56e-03 0.0
  4   -9.288825948120e-02 -4.511806745450e+00 4.09e-01 5.68e-04 6.47e-04 0.0
  5   -5.628648493515e-02 -7.107976302091e-01 4.09e-02 5.69e-05 8.80e-05 0.0
  6   -5.677571247186e-02 -2.030855398163e-01 9.05e-03 1.26e-05 1.79e-05 0.0
  7   -6.872918274134e-02 -1.411026631460e-01 4.03e-03 5.61e-06 7.69e-06 0.0
  8   -7.250345322541e-02 -1.395584674556e-01 3.42e-03 4.77e-06 1.99e-05 0.0
  9   -7.554429114193e-02 -1.369873644175e-01 2.91e-03 4.05e-06 4.64e-05 0.0
 10   -7.906083709939e-02 -1.334444062251e-01 2.24e-03 3.12e-06 7.42e-05 0.0
 11   -8.340818423251e-02 -1.273470314213e-01 1.50e-03 2.08e-06 8.08e-05 0.1
 12   -8.386817753256e-02 -1.262597860799e-01 1.30e-03 1.81e-06 7.68e-05 0.1
 13   -8.679977977677e-02 -1.206801822682e-01 9.18e-04 1.28e-06 6.54e-05 0.1
 14   -8.889469179354e-02 -1.155764895147e-01 5.81e-04 8.09e-07 1.87e-04 0.1
 15   -9.465244634247e-02 -1.053442245741e-01 1.87e-04 2.60e-07 6.33e-05 0.1
 16   -9.673239996736e-02 -1.015794086506e-01 7.71e-05 1.07e-07 2.21e-05 0.1
 17   -9.766355505138e-02 -9.987672572801e-02 2.74e-05 3.81e-08 6.95e-06 0.1
 18   -9.818070803106e-02 -9.898247605545e-02 7.44e-06 1.04e-08 3.34e-06 0.1
 19   -9.842129442469e-02 -9.862909024113e-02 1.86e-06 2.59e-09 7.52e-07 0.1
 20   -9.848813965568e-02 -9.853092804118e-02 3.65e-07 5.10e-10 1.36e-07 0.1
 21   -9.850296891753e-02 -9.850961458067e-02 5.59e-08 8.01e-11 1.85e-08 0.1
 22   -9.850532162887e-02 -9.850625851067e-02 7.87e-09 1.20e-09 2.38e-09 0.1


Optimal solution found in 22 iterations and 0.103s
Objective -9.85053216e-02
Primal infeasibility (abs/rel): 1.57e-08/7.87e-09
Dual infeasibility   (abs/rel): 1.32e-09/1.20e-09
Complementarity gap  (abs/rel): 2.61e-09/2.38e-09
Objective gap        (abs/rel): 9.37e-07/8.53e-07


Barrier finished in 0.10 seconds
Dual variables for problems with quadratic constraints not returned.
