cuOpt version: 26.10.0, git hash: 80c103c1, host arch: x86_64, device archs: 80-real
CPU: AMD EPYC 7642 48-Core Processor, threads: 5C/5T, RAM usage: 31.49/503.74GiB
CPU SIMD target: AVX2
CUDA 12.9, device: NVIDIA A100 80GB PCIe (ID 0), VRAM: 79.44 GiB
CUDA device UUID: 68df5cf5-71f9-6a93-b428-460c080ffb10
Problem has 1 quadratic constraints. Converting to second-order cones and solving with barrier.
Barrier: reusing cache (skip convert/presolve/scaling)
Barrier solver started at 0.00 seconds
Barrier solver: 5053 constraints, 10052 variables, 265052 nonzeros
Barrier setup complete at 0.00 seconds
Elapsed time                : 0.00s
Adaptive regularization enabled


                  Objective                         Infeasibility        Time
Iter   Primal              Dual                Primal   Dual    Compl.   Elapsed
  0   -3.703532868363e+02 -3.711197926069e+02 3.71e+03 1.91e+00 1.19e-02 0.0
  1   -3.743020853199e+01 -3.496848610668e+02 3.74e+02 7.84e-02 1.66e-02 0.0
  2   -3.890059328356e+00 -2.098043268277e+02 3.81e+01 4.70e-02 1.33e-02 0.0
  3   -4.431777757939e-01 -3.239602562015e+01 3.86e+00 5.32e-03 4.56e-03 0.0
  4   -9.291231041671e-02 -4.513678412998e+00 4.09e-01 5.69e-04 6.47e-04 0.0
  5   -5.628994223274e-02 -7.111301089464e-01 4.09e-02 5.69e-05 8.81e-05 0.0
  6   -5.677713687446e-02 -2.036544837397e-01 9.09e-03 1.26e-05 1.79e-05 0.0
  7   -6.866781007606e-02 -1.414261834701e-01 4.04e-03 5.63e-06 7.72e-06 0.0
  8   -7.207250426712e-02 -1.401650412716e-01 3.50e-03 4.88e-06 1.87e-05 0.0
  9   -7.495980036916e-02 -1.380244778507e-01 3.01e-03 4.20e-06 5.03e-05 0.0
 10   -7.823340235166e-02 -1.350609076876e-01 2.39e-03 3.32e-06 8.91e-05 0.0
 11   -8.152077538379e-02 -1.310894594048e-01 1.69e-03 2.36e-06 1.06e-04 0.1
 12   -8.328002636492e-02 -1.280416513188e-01 1.29e-03 1.80e-06 1.04e-04 0.1
 13   -8.488884063078e-02 -1.244031071118e-01 9.96e-04 1.39e-06 1.32e-04 0.1
 14   -9.110165040414e-02 -1.119888358708e-01 4.44e-04 6.18e-07 8.41e-05 0.1
 15   -9.428407431451e-02 -1.059708197958e-01 2.09e-04 2.91e-07 4.01e-05 0.1
 16   -9.612656077129e-02 -1.026489655936e-01 1.09e-04 1.51e-07 1.72e-05 0.1
 17   -9.686049281219e-02 -1.008989837882e-01 4.72e-05 6.57e-08 2.49e-05 0.1
 18   -9.790447771390e-02 -9.921222749870e-02 1.22e-05 1.70e-08 5.71e-06 0.1
 19   -9.823132965647e-02 -9.869717664214e-02 3.83e-06 5.33e-09 2.12e-06 0.1
 20   -9.837743006847e-02 -9.847736324499e-02 6.34e-07 8.84e-10 3.56e-07 0.1
 21   -9.841333993777e-02 -9.842802186342e-02 9.24e-08 1.32e-10 4.77e-08 0.1
 22   -9.841871042318e-02 -9.842067452060e-02 1.24e-08 2.15e-11 5.62e-09 0.1
 23   -9.841942863145e-02 -9.841969297803e-02 1.66e-09 2.60e-09 6.38e-10 0.1


Optimal solution found in 23 iterations and 0.108s
Objective -9.84194286e-02
Primal infeasibility (abs/rel): 3.32e-09/1.66e-09
Dual infeasibility   (abs/rel): 2.86e-09/2.60e-09
Complementarity gap  (abs/rel): 7.01e-10/6.38e-10
Objective gap        (abs/rel): 2.64e-07/2.41e-07


Barrier finished in 0.11 seconds
Dual variables for problems with quadratic constraints not returned.
