cuOpt version: 26.10.0, git hash: 80c103c1, host arch: x86_64, device archs: 80-real
CPU: AMD EPYC 7642 48-Core Processor, threads: 5C/5T, RAM usage: 31.47/503.74GiB
CPU SIMD target: AVX2
CUDA 12.9, device: NVIDIA A100 80GB PCIe (ID 0), VRAM: 79.44 GiB
CUDA device UUID: 68df5cf5-71f9-6a93-b428-460c080ffb10
Problem has 1 quadratic constraints. Converting to second-order cones and solving with barrier.
Barrier: reusing cache (skip convert/presolve/scaling)
Barrier solver started at 0.00 seconds
Barrier solver: 5053 constraints, 10052 variables, 265052 nonzeros
Barrier setup complete at 0.00 seconds
Elapsed time                : 0.00s
Adaptive regularization enabled


                  Objective                         Infeasibility        Time
Iter   Primal              Dual                Primal   Dual    Compl.   Elapsed
  0   -3.705152443471e+02 -3.711033693861e+02 3.71e+03 1.91e+00 1.19e-02 0.0
  1   -3.744593005941e+01 -3.496684576153e+02 3.74e+02 7.84e-02 1.66e-02 0.0
  2   -3.891507418859e+00 -2.097876977543e+02 3.80e+01 4.70e-02 1.33e-02 0.0
  3   -4.433598676081e-01 -3.239205113999e+01 3.86e+00 5.32e-03 4.56e-03 0.0
  4   -9.295418275923e-02 -4.513112384465e+00 4.09e-01 5.69e-04 6.47e-04 0.0
  5   -5.631920849001e-02 -7.110530836802e-01 4.09e-02 5.69e-05 8.81e-05 0.0
  6   -5.681228423082e-02 -2.029573522234e-01 9.04e-03 1.26e-05 1.79e-05 0.0
  7   -6.884373143763e-02 -1.408420777364e-01 4.01e-03 5.58e-06 7.65e-06 0.0
  8   -7.336359773587e-02 -1.390159817445e-01 3.29e-03 4.57e-06 2.40e-05 0.0
  9   -7.493708290771e-02 -1.380505841137e-01 2.96e-03 4.12e-06 4.18e-05 0.0
 10   -7.994207491959e-02 -1.314938875374e-01 2.24e-03 3.11e-06 7.16e-05 0.0
 11   -8.185223682994e-02 -1.294870813760e-01 1.68e-03 2.33e-06 8.30e-05 0.1
 12   -8.592210898674e-02 -1.227234167488e-01 1.11e-03 1.54e-06 8.11e-05 0.1
 13   -8.641973253024e-02 -1.206900428902e-01 8.62e-04 1.20e-06 1.33e-04 0.1
 14   -9.097090087120e-02 -1.124642904354e-01 4.88e-04 6.79e-07 1.14e-04 0.1
 15   -9.449274677034e-02 -1.056913919713e-01 2.15e-04 3.00e-07 5.70e-05 0.1
 16   -9.660806851859e-02 -1.019854312357e-01 8.63e-05 1.20e-07 1.76e-05 0.1
 17   -9.754723177377e-02 -1.001954237536e-01 3.02e-05 4.20e-08 1.11e-05 0.1
 18   -9.822167301094e-02 -9.913866609187e-02 8.03e-06 1.12e-08 3.01e-06 0.1
 19   -9.849564671437e-02 -9.873500222858e-02 1.79e-06 2.49e-09 7.08e-07 0.1
 20   -9.857632163877e-02 -9.862344623181e-02 3.47e-07 4.85e-10 1.28e-07 0.1
 21   -9.859307819986e-02 -9.860040833742e-02 5.36e-08 7.79e-11 1.71e-08 0.1
 22   -9.859576003834e-02 -9.859673314940e-02 7.10e-09 1.66e-11 2.00e-09 0.1


Optimal solution found in 22 iterations and 0.104s
Objective -9.85957600e-02
Primal infeasibility (abs/rel): 1.42e-08/7.10e-09
Dual infeasibility   (abs/rel): 1.83e-11/1.66e-11
Complementarity gap  (abs/rel): 2.20e-09/2.00e-09
Objective gap        (abs/rel): 9.73e-07/8.86e-07


Barrier finished in 0.10 seconds
Dual variables for problems with quadratic constraints not returned.
