cuOpt version: 26.10.0, git hash: 80c103c1, host arch: x86_64, device archs: 80-real
CPU: AMD EPYC 7642 48-Core Processor, threads: 5C/5T, RAM usage: 31.40/503.74GiB
CPU SIMD target: AVX2
CUDA 12.9, device: NVIDIA A100 80GB PCIe (ID 0), VRAM: 79.44 GiB
CUDA device UUID: 68df5cf5-71f9-6a93-b428-460c080ffb10
Problem has 1 quadratic constraints. Converting to second-order cones and solving with barrier.
Barrier: reusing cache (skip convert/presolve/scaling)
Barrier solver started at 0.00 seconds
Barrier solver: 5053 constraints, 10052 variables, 265052 nonzeros
Barrier setup complete at 0.00 seconds
Elapsed time                : 0.00s
Adaptive regularization enabled


                  Objective                         Infeasibility        Time
Iter   Primal              Dual                Primal   Dual    Compl.   Elapsed
  0   -3.703446513950e+02 -3.711178663113e+02 3.71e+03 1.91e+00 1.19e-02 0.0
  1   -3.742798788058e+01 -3.496828429201e+02 3.74e+02 7.84e-02 1.66e-02 0.0
  2   -3.889436185734e+00 -2.097977700381e+02 3.80e+01 4.70e-02 1.33e-02 0.0
  3   -4.431251872206e-01 -3.239348568825e+01 3.86e+00 5.32e-03 4.56e-03 0.0
  4   -9.290831313090e-02 -4.513559933931e+00 4.09e-01 5.69e-04 6.47e-04 0.0
  5   -5.628862974438e-02 -7.110982294197e-01 4.09e-02 5.69e-05 8.81e-05 0.0
  6   -5.677593070616e-02 -2.027006463582e-01 9.03e-03 1.26e-05 1.79e-05 0.0
  7   -6.883607182089e-02 -1.404869387205e-01 3.99e-03 5.55e-06 7.62e-06 0.0
  8   -7.309176074783e-02 -1.386907787202e-01 3.34e-03 4.65e-06 1.94e-05 0.0
  9   -7.543608785900e-02 -1.370385266120e-01 2.91e-03 4.06e-06 3.21e-05 0.0
 10   -8.006922690825e-02 -1.315247235212e-01 2.21e-03 3.08e-06 5.64e-05 0.0
 11   -8.088640992827e-02 -1.307449719495e-01 1.91e-03 2.66e-06 6.16e-05 0.1
 12   -8.499265400779e-02 -1.243303489386e-01 1.30e-03 1.81e-06 6.43e-05 0.1
 13   -8.550465919358e-02 -1.222345288234e-01 1.05e-03 1.47e-06 1.49e-04 0.1
 14   -9.068289630418e-02 -1.125693476371e-01 5.02e-04 6.99e-07 1.34e-04 0.1
 15   -9.443389154166e-02 -1.056546712460e-01 2.25e-04 3.13e-07 6.93e-05 0.1
 16   -9.680332054020e-02 -1.015426224969e-01 8.35e-05 1.16e-07 1.77e-05 0.1
 17   -9.759646325179e-02 -9.996297843872e-02 2.94e-05 4.10e-08 1.09e-05 0.1
 18   -9.820588215952e-02 -9.898437344192e-02 7.68e-06 1.07e-08 2.62e-06 0.1
 19   -9.844179831702e-02 -9.864073396949e-02 1.83e-06 2.55e-09 5.65e-07 0.1
 20   -9.850640196980e-02 -9.854852713882e-02 3.63e-07 5.07e-10 1.02e-07 0.1
 21   -9.852125153371e-02 -9.852791241254e-02 5.66e-08 8.01e-11 1.42e-08 0.1
 22   -9.852369156852e-02 -9.852454511352e-02 7.24e-09 1.39e-11 1.68e-09 0.1


Optimal solution found in 22 iterations and 0.105s
Objective -9.85236916e-02
Primal infeasibility (abs/rel): 1.45e-08/7.24e-09
Dual infeasibility   (abs/rel): 1.53e-11/1.39e-11
Complementarity gap  (abs/rel): 1.85e-09/1.68e-09
Objective gap        (abs/rel): 8.54e-07/7.77e-07


Barrier finished in 0.11 seconds
Dual variables for problems with quadratic constraints not returned.
