cuOpt version: 26.10.0, git hash: 80c103c1, host arch: x86_64, device archs: 80-real
CPU: AMD EPYC 7642 48-Core Processor, threads: 5C/5T, RAM usage: 31.48/503.74GiB
CPU SIMD target: AVX2
CUDA 12.9, device: NVIDIA A100 80GB PCIe (ID 0), VRAM: 79.44 GiB
CUDA device UUID: 68df5cf5-71f9-6a93-b428-460c080ffb10
Problem has 1 quadratic constraints. Converting to second-order cones and solving with barrier.
Barrier: reusing cache (skip convert/presolve/scaling)
Barrier solver started at 0.00 seconds
Barrier solver: 5053 constraints, 10052 variables, 265052 nonzeros
Barrier setup complete at 0.00 seconds
Elapsed time                : 0.00s
Adaptive regularization enabled


                  Objective                         Infeasibility        Time
Iter   Primal              Dual                Primal   Dual    Compl.   Elapsed
  0   -3.702964190560e+02 -3.711235215740e+02 3.71e+03 1.91e+00 1.19e-02 0.0
  1   -3.742349284839e+01 -3.496884758244e+02 3.74e+02 7.84e-02 1.66e-02 0.0
  2   -3.889054497323e+00 -2.098042035683e+02 3.80e+01 4.70e-02 1.33e-02 0.0
  3   -4.430325509222e-01 -3.239324757035e+01 3.86e+00 5.32e-03 4.56e-03 0.0
  4   -9.287132087755e-02 -4.512039523600e+00 4.09e-01 5.68e-04 6.47e-04 0.0
  5   -5.627559510859e-02 -7.108197356069e-01 4.09e-02 5.69e-05 8.80e-05 0.0
  6   -5.676127134694e-02 -2.028282062658e-01 9.03e-03 1.26e-05 1.79e-05 0.0
  7   -6.872057598589e-02 -1.408419729904e-01 4.01e-03 5.59e-06 7.67e-06 0.0
  8   -7.258982402987e-02 -1.392588273575e-01 3.40e-03 4.73e-06 2.05e-05 0.0
  9   -7.571181217972e-02 -1.366622378173e-01 2.87e-03 4.00e-06 4.96e-05 0.0
 10   -7.916984554378e-02 -1.330919985033e-01 2.23e-03 3.11e-06 8.05e-05 0.0
 11   -8.266762513309e-02 -1.284169221068e-01 1.57e-03 2.19e-06 8.79e-05 0.1
 12   -8.365782350353e-02 -1.266262267970e-01 1.28e-03 1.78e-06 8.45e-05 0.1
 13   -8.597750976861e-02 -1.221423682100e-01 9.32e-04 1.30e-06 7.35e-05 0.1
 14   -8.796964457683e-02 -1.174009789208e-01 6.31e-04 8.79e-07 1.66e-04 0.1
 15   -9.395185348479e-02 -1.062205067427e-01 2.12e-04 2.95e-07 6.87e-05 0.1
 16   -9.601550455667e-02 -1.024278644950e-01 8.72e-05 1.21e-07 2.31e-05 0.1
 17   -9.729755349230e-02 -1.002292092293e-01 3.73e-05 5.19e-08 7.98e-06 0.1
 18   -9.782857887861e-02 -9.921481210384e-02 1.31e-05 1.83e-08 6.47e-06 0.1
 19   -9.819958732755e-02 -9.862586418996e-02 2.57e-06 3.58e-09 1.40e-06 0.1
 20   -9.833913870478e-02 -9.843271652950e-02 5.22e-07 7.27e-10 2.66e-07 0.1
 21   -9.837234423844e-02 -9.838792377172e-02 8.50e-08 1.20e-10 3.81e-08 0.1
 22   -9.837803855272e-02 -9.838030353408e-02 1.23e-08 1.93e-11 4.88e-09 0.1
 23   -9.837887833493e-02 -9.837918082748e-02 1.64e-09 3.72e-09 5.76e-10 0.1


Optimal solution found in 23 iterations and 0.108s
Objective -9.83788783e-02
Primal infeasibility (abs/rel): 3.29e-09/1.64e-09
Dual infeasibility   (abs/rel): 4.10e-09/3.72e-09
Complementarity gap  (abs/rel): 6.33e-10/5.76e-10
Objective gap        (abs/rel): 3.02e-07/2.75e-07


Barrier finished in 0.11 seconds
Dual variables for problems with quadratic constraints not returned.
