cuOpt version: 26.10.0, git hash: 648f805d, host arch: x86_64, device archs: 80-real
CPU: AMD EPYC 7642 48-Core Processor, threads: 5C/5T, RAM usage: 39.27/503.74GiB
CPU SIMD target: AVX2
CUDA 12.9, device: NVIDIA A100 80GB PCIe (ID 0), VRAM: 79.44 GiB
CUDA device UUID: 68df5cf5-71f9-6a93-b428-460c080ffb10
Problem has 1 quadratic constraints. Converting to second-order cones and solving with barrier.
Handling 50 free variables directly in augmented system
Presolved problem: 5103 constraints 10102 variables 265152 nonzeros
Skipping Ruiz equilibration (row norm ratio 1.4, column norm ratio 1.4 < 5e4, Q coeff ratio 1.0 < 100)
Barrier solver started at 0.026 seconds
Barrier solver: 5103 constraints, 10102 variables, 265152 nonzeros


Second-order cones          : 1
Free variables              : 50
Upper bounds                : 5000
Linear system               : augmented
cuDSS Version               : 0.7.1
cuDSS Threading layer       : libcudss_mtlayer_gomp.so.0
Reordering time             : 0.052s
Symbolic factorization time : 0.023s
Symbolic nonzeros in factor : 2.79e+05
Elapsed time for augmented  : 0.108 seconds
Elapsed time           : 0.108 seconds
Barrier setup complete at 0.108 seconds
Adaptive regularization enabled


                  Objective                         Infeasibility        Time
Iter   Primal              Dual                Primal   Dual    Compl.   Elapsed
  0   -3.703274138474e+02 -3.710708058040e+02 3.71e+03 1.91e+00 1.19e-02 0.109
  1   -4.137051906248e+00 -3.474922988706e+02 4.01e+01 2.77e-01 6.50e-02 0.113
  2   -1.039665874828e-01 -2.487350973719e+01 4.69e-01 7.85e-03 4.78e-03 0.117
  3   -5.494861956811e-02 -6.426108944959e-01 4.69e-03 7.91e-05 1.47e-04 0.121
  4   -5.854386029105e-02 -1.360801180417e-01 6.18e-04 1.04e-05 1.73e-05 0.125
  5   -6.651989844191e-02 -1.382165106403e-01 5.03e-04 8.47e-06 2.56e-05 0.129
  6   -6.787735674023e-02 -1.385553495069e-01 4.69e-04 7.91e-06 3.65e-05 0.133
  7   -8.000826197807e-02 -1.263548053122e-01 2.70e-04 4.55e-06 7.62e-05 0.137
  8   -8.013342406407e-02 -1.261898350833e-01 2.54e-04 4.29e-06 9.32e-05 0.141
  9   -8.275777875699e-02 -1.243057838495e-01 1.86e-04 3.14e-06 2.72e-04 0.145
 10   -8.324259308269e-02 -1.222953276807e-01 1.45e-04 2.44e-06 5.49e-04 0.149
 11   -9.290666900653e-02 -1.080048528073e-01 4.82e-05 8.11e-07 1.53e-04 0.153
 12   -9.345935467612e-02 -1.064550780189e-01 3.41e-05 5.75e-07 1.79e-04 0.156
 13   -9.680879474086e-02 -1.013498270808e-01 1.07e-05 1.80e-07 6.47e-05 0.160
 14   -9.715359463149e-02 -1.005218036642e-01 6.05e-06 1.02e-07 6.35e-05 0.164
 15   -9.800922557586e-02 -9.938303261898e-02 2.32e-06 3.92e-08 2.31e-05 0.168
 16   -9.823273266474e-02 -9.900238862857e-02 9.47e-07 1.59e-08 1.50e-05 0.172
 17   -9.846619451411e-02 -9.869680955134e-02 2.58e-07 4.35e-09 4.55e-06 0.176
 18   -9.852959581434e-02 -9.860583879544e-02 5.68e-08 9.58e-10 1.36e-06 0.180
 19   -9.855651472801e-02 -9.857291447425e-02 1.17e-08 1.97e-10 2.96e-07 0.184
 20   -9.856279731796e-02 -9.856478200461e-02 7.76e-10 2.37e-09 2.45e-08 0.188
 21   -9.856360965269e-02 -9.856383043253e-02 8.59e-11 5.99e-09 2.78e-09 0.191
 22   -9.856370599679e-02 -9.856371687025e-02 1.92e-11 2.48e-09 1.31e-10 0.194
 23   -9.856371076420e-02 -9.856371155352e-02 5.67e-12 1.07e-06 8.12e-12 0.197
 24   -9.856371115706e-02 -9.856371122964e-02 8.13e-13 6.55e-05 6.50e-13 0.200
 25   -9.856371119979e-02 -9.856371120308e-02 2.81e-14 2.19e-04 1.23e-14 0.203
 26   -9.856371120138e-02 -9.856371120176e-02 1.13e-14 3.50e-04 4.76e-17 0.209
Numerical error in objective
Restoring previous solution


Suboptimal solution found in 27 iterations and 0.21 seconds
Objective -9.85637060e-02
Primal infeasibility (abs/rel): 3.85e-11/1.92e-11
Dual infeasibility   (abs/rel): 2.73e-09/2.48e-09
Complementarity gap  (abs/rel): 1.43e-10/1.31e-10


Barrier finished in 0.21 seconds
Dual variables for problems with quadratic constraints not returned.
