cuOpt version: 26.10.0, git hash: 648f805d, host arch: x86_64, device archs: 80-real
CPU: AMD EPYC 7642 48-Core Processor, threads: 5C/5T, RAM usage: 39.15/503.74GiB
CPU SIMD target: AVX2
CUDA 12.9, device: NVIDIA A100 80GB PCIe (ID 0), VRAM: 79.44 GiB
CUDA device UUID: 68df5cf5-71f9-6a93-b428-460c080ffb10
Problem has 1 quadratic constraints. Converting to second-order cones and solving with barrier.
Handling 50 free variables directly in augmented system
Presolved problem: 5103 constraints 10102 variables 265152 nonzeros
Skipping Ruiz equilibration (row norm ratio 1.4, column norm ratio 1.4 < 5e4, Q coeff ratio 1.0 < 100)
Barrier solver started at 0.027 seconds
Barrier solver: 5103 constraints, 10102 variables, 265152 nonzeros


Second-order cones          : 1
Free variables              : 50
Upper bounds                : 5000
Linear system               : augmented
cuDSS Version               : 0.7.1
cuDSS Threading layer       : libcudss_mtlayer_gomp.so.0
Reordering time             : 0.052s
Symbolic factorization time : 0.024s
Symbolic nonzeros in factor : 2.79e+05
Elapsed time for augmented  : 0.109 seconds
Elapsed time           : 0.109 seconds
Barrier setup complete at 0.109 seconds
Adaptive regularization enabled


                  Objective                         Infeasibility        Time
Iter   Primal              Dual                Primal   Dual    Compl.   Elapsed
  0   -3.703993037120e+02 -3.711301956175e+02 3.71e+03 1.91e+00 1.19e-02 0.110
  1   -4.138311991348e+00 -3.475517914134e+02 4.01e+01 2.77e-01 6.50e-02 0.114
  2   -1.039811675448e-01 -2.488651170153e+01 4.69e-01 7.85e-03 4.78e-03 0.118
  3   -5.494896688005e-02 -6.429279200955e-01 4.69e-03 7.91e-05 1.48e-04 0.122
  4   -5.853996103240e-02 -1.361843852473e-01 6.19e-04 1.04e-05 1.73e-05 0.126
  5   -6.635118169679e-02 -1.384036203555e-01 5.08e-04 8.56e-06 2.50e-05 0.130
  6   -6.755105172059e-02 -1.387681128473e-01 4.78e-04 8.06e-06 3.38e-05 0.134
  7   -7.881700627512e-02 -1.279578299510e-01 2.93e-04 4.94e-06 7.37e-05 0.138
  8   -7.897143527768e-02 -1.278428035978e-01 2.78e-04 4.68e-06 9.91e-05 0.142
  9   -8.213079867452e-02 -1.254377161994e-01 1.99e-04 3.35e-06 2.83e-04 0.146
 10   -8.362960753557e-02 -1.222989777638e-01 1.43e-04 2.42e-06 4.82e-04 0.150
 11   -9.211723232223e-02 -1.094454136622e-01 5.97e-05 1.01e-06 1.57e-04 0.154
 12   -9.256768590615e-02 -1.080701250384e-01 4.52e-05 7.61e-07 1.88e-04 0.157
 13   -9.635546622880e-02 -1.021846236821e-01 1.50e-05 2.53e-07 7.13e-05 0.161
 14   -9.657156231593e-02 -1.015267909173e-01 1.04e-05 1.76e-07 7.65e-05 0.166
 15   -9.764142561458e-02 -1.000368189335e-01 4.57e-06 7.70e-08 3.26e-05 0.170
 16   -9.788323384506e-02 -9.958709927945e-02 2.59e-06 4.37e-08 2.84e-05 0.174
 17   -9.832454976907e-02 -9.897984187840e-02 8.61e-07 1.45e-08 1.05e-05 0.178
 18   -9.844488508826e-02 -9.879427398815e-02 3.42e-07 5.77e-09 6.00e-06 0.182
 19   -9.855275563362e-02 -9.865624975960e-02 9.00e-08 1.52e-09 1.75e-06 0.186
 20   -9.858603769747e-02 -9.861159035724e-02 1.55e-08 2.61e-10 4.13e-07 0.190
 21   -9.859514489567e-02 -9.860060332915e-02 3.16e-09 5.33e-11 8.87e-08 0.193
 22   -9.859720526615e-02 -9.859800026950e-02 3.45e-10 5.84e-12 1.07e-08 0.197
 23   -9.859754929611e-02 -9.859758614942e-02 1.61e-11 1.82e-08 4.83e-10 0.200
 24   -9.859756411937e-02 -9.859756830867e-02 1.76e-12 3.11e-07 5.29e-11 0.203
 25   -9.859756587087e-02 -9.859756623608e-02 1.95e-13 1.23e-06 4.80e-12 0.207
 26   -9.859756602515e-02 -9.859756605940e-02 3.38e-14 4.55e-07 4.43e-13 0.210
 27   -9.859756604047e-02 -9.859756604208e-02 7.61e-15 1.19e-04 1.94e-14 0.214
 28   -9.859756604124e-02 -9.859756604135e-02 2.00e-15 7.03e-05 3.51e-16 0.217
Numerical error in objective
Primal residual -nan dual residual -nan complementarity residual -nan
Search direction computation failed
Barrier finished in 0.22 seconds
Barrier Solve status A numerical error was encountered.
Dual variables for problems with quadratic constraints not returned.
