cuOpt version: 26.10.0, git hash: 648f805d, host arch: x86_64, device archs: 80-real
CPU: AMD EPYC 7642 48-Core Processor, threads: 5C/5T, RAM usage: 37.42/503.74GiB
CPU SIMD target: AVX2
CUDA 12.9, device: NVIDIA A100 80GB PCIe (ID 0), VRAM: 79.44 GiB
CUDA device UUID: 68df5cf5-71f9-6a93-b428-460c080ffb10
Problem has 1 quadratic constraints. Converting to second-order cones and solving with barrier.
Handling 50 free variables directly in augmented system
Presolved problem: 5103 constraints 10102 variables 265152 nonzeros
Skipping Ruiz equilibration (row norm ratio 1.4, column norm ratio 1.4 < 5e4, Q coeff ratio 1.0 < 100)
Barrier solver started at 0.023 seconds
Barrier solver: 5103 constraints, 10102 variables, 265152 nonzeros


Second-order cones          : 1
Free variables              : 50
Upper bounds                : 5000
Linear system               : augmented
cuDSS Version               : 0.7.1
cuDSS Threading layer       : libcudss_mtlayer_gomp.so.0
Reordering time             : 0.054s
Symbolic factorization time : 0.023s
Symbolic nonzeros in factor : 2.79e+05
Elapsed time for augmented  : 0.107 seconds
Elapsed time           : 0.107 seconds
Barrier setup complete at 0.107 seconds
Adaptive regularization enabled


                  Objective                         Infeasibility        Time
Iter   Primal              Dual                Primal   Dual    Compl.   Elapsed
  0   -3.704340093575e+02 -3.710959393425e+02 3.71e+03 1.91e+00 1.19e-02 0.107
  1   -4.137998343196e+00 -3.475174945368e+02 4.01e+01 2.77e-01 6.50e-02 0.111
  2   -1.040026843868e-01 -2.487628134973e+01 4.69e-01 7.85e-03 4.78e-03 0.115
  3   -5.496235280700e-02 -6.427807953905e-01 4.69e-03 7.91e-05 1.48e-04 0.119
  4   -5.856089445158e-02 -1.359195234607e-01 6.17e-04 1.04e-05 1.72e-05 0.123
  5   -6.659170649760e-02 -1.380598273704e-01 5.02e-04 8.45e-06 2.55e-05 0.127
  6   -6.814658537649e-02 -1.384347572845e-01 4.64e-04 7.81e-06 3.21e-05 0.131
  7   -8.145174423383e-02 -1.248840331142e-01 2.46e-04 4.14e-06 6.80e-05 0.135
  8   -8.163161835561e-02 -1.246568626225e-01 2.28e-04 3.84e-06 7.92e-05 0.139
  9   -8.366657293721e-02 -1.232304572477e-01 1.73e-04 2.91e-06 2.39e-04 0.144
 10   -8.319594459572e-02 -1.225994189520e-01 1.60e-04 2.70e-06 4.86e-04 0.148
 11   -8.610208661312e-02 -1.183600707757e-01 1.18e-04 1.99e-06 4.64e-04 0.153
 12   -9.418075523280e-02 -1.056816884625e-01 2.71e-05 4.57e-07 6.09e-05 0.158
 13   -9.574081174610e-02 -1.027946795648e-01 1.32e-05 2.23e-07 6.75e-05 0.162
 14   -9.753735939671e-02 -1.001313464858e-01 4.19e-06 7.06e-08 2.04e-05 0.167
 15   -9.786761904232e-02 -9.951267956819e-02 1.96e-06 3.31e-08 2.98e-05 0.172
 16   -9.845906375932e-02 -9.867937398170e-02 2.53e-07 4.25e-09 2.94e-06 0.176
 17   -9.854298701254e-02 -9.856749608853e-02 2.55e-08 4.30e-10 2.07e-07 0.180
 18   -9.855153628546e-02 -9.855567240373e-02 3.83e-09 6.45e-11 3.74e-08 0.184
 19   -9.855323737290e-02 -9.855344289115e-02 1.90e-10 3.20e-12 1.31e-09 0.188
 20   -9.855332070309e-02 -9.855333542102e-02 1.32e-11 1.07e-08 5.09e-11 0.192
 21   -9.855332590997e-02 -9.855332857555e-02 1.95e-12 1.58e-09 9.72e-12 0.196


Optimal solution found in 21 iterations and 0.196s
Objective -9.85533259e-02
Primal infeasibility (abs/rel): 3.89e-12/1.95e-12
Dual infeasibility   (abs/rel): 1.74e-09/1.58e-09
Complementarity gap  (abs/rel): 1.07e-11/9.72e-12


Barrier finished in 0.20 seconds
Dual variables for problems with quadratic constraints not returned.
