cuOpt version: 26.10.0, git hash: 648f805d, host arch: x86_64, device archs: 80-real
CPU: AMD EPYC 7642 48-Core Processor, threads: 5C/5T, RAM usage: 28.95/503.74GiB
CPU SIMD target: AVX2
CUDA 12.9, device: NVIDIA A100 80GB PCIe (ID 0), VRAM: 79.44 GiB
CUDA device UUID: 68df5cf5-71f9-6a93-b428-460c080ffb10
Problem has 1 quadratic constraints. Converting to second-order cones and solving with barrier.
Barrier: reusing cache (skip convert/presolve/scaling)
Barrier solver started at 0.000 seconds
Barrier solver: 5103 constraints, 10102 variables, 265152 nonzeros
Barrier setup complete at 0.000 seconds
Adaptive regularization enabled


                  Objective                         Infeasibility        Time
Iter   Primal              Dual                Primal   Dual    Compl.   Elapsed
  0   -3.704490508896e+02 -3.710981922775e+02 3.71e+03 1.91e+00 1.19e-02 0.001
  1   -4.138703882017e+00 -3.475197441600e+02 4.01e+01 2.77e-01 6.50e-02 0.005
  2   -1.040077714720e-01 -2.488126401411e+01 4.69e-01 7.85e-03 4.78e-03 0.009
  3   -5.496009159231e-02 -6.429579754472e-01 4.69e-03 7.91e-05 1.48e-04 0.013
  4   -5.855201084762e-02 -1.359300793147e-01 6.17e-04 1.04e-05 1.72e-05 0.017
  5   -6.551675309864e-02 -1.377706752967e-01 5.18e-04 8.72e-06 2.04e-05 0.022
  6   -6.699932395422e-02 -1.382652692977e-01 4.83e-04 8.13e-06 2.72e-05 0.026
  7   -8.162897708713e-02 -1.249450474798e-01 2.43e-04 4.10e-06 7.09e-05 0.030
  8   -8.180531797690e-02 -1.245931779996e-01 2.22e-04 3.73e-06 1.19e-04 0.034
  9   -8.341023206838e-02 -1.237503076358e-01 1.77e-04 2.99e-06 2.86e-04 0.039
 10   -8.547850297678e-02 -1.209211746292e-01 1.01e-04 1.70e-06 2.64e-04 0.044
 11   -8.804419059074e-02 -1.151441607467e-01 5.31e-05 8.94e-07 4.51e-04 0.049
 12   -9.516379834616e-02 -1.038271682692e-01 1.31e-05 2.20e-07 1.16e-04 0.053
 13   -9.699352747685e-02 -1.008567442659e-01 4.62e-06 7.79e-08 3.36e-05 0.057
 14   -9.759936394438e-02 -9.965874891737e-02 1.54e-06 2.59e-08 3.72e-05 0.062
 15   -9.828623670851e-02 -9.873930123907e-02 3.11e-07 5.25e-09 7.79e-06 0.066
 16   -9.842334361446e-02 -9.853996776645e-02 6.38e-08 1.08e-09 2.36e-06 0.071
 17   -9.846598246716e-02 -9.848542723541e-02 1.05e-08 1.77e-10 3.91e-07 0.075
 18   -9.847269079893e-02 -9.847593838382e-02 8.63e-10 1.45e-11 3.58e-08 0.080
 19   -9.847405161262e-02 -9.847432731377e-02 7.30e-11 1.23e-12 3.07e-09 0.084
 20   -9.847416903644e-02 -9.847418318483e-02 2.21e-12 9.35e-14 8.58e-11 0.088
 21   -9.847417545165e-02 -9.847417582952e-02 6.06e-13 1.70e-08 2.34e-12 0.091
 22   -9.847417560965e-02 -9.847417563209e-02 7.19e-14 1.28e-07 1.47e-13 0.095
 23   -9.847417561875e-02 -9.847417561935e-02 1.33e-15 2.17e-09 2.99e-15 0.099


Optimal solution found in 23 iterations and 0.099s
Objective -9.84741756e-02
Primal infeasibility (abs/rel): 2.66e-15/1.33e-15
Dual infeasibility   (abs/rel): 2.39e-09/2.17e-09
Complementarity gap  (abs/rel): 3.28e-15/2.99e-15


Barrier finished in 0.10 seconds
Dual variables for problems with quadratic constraints not returned.
