cuOpt version: 26.10.0, git hash: 648f805d, host arch: x86_64, device archs: 80-real
CPU: AMD EPYC 7642 48-Core Processor, threads: 5C/5T, RAM usage: 28.93/503.74GiB
CPU SIMD target: AVX2
CUDA 12.9, device: NVIDIA A100 80GB PCIe (ID 0), VRAM: 79.44 GiB
CUDA device UUID: 68df5cf5-71f9-6a93-b428-460c080ffb10
Problem has 1 quadratic constraints. Converting to second-order cones and solving with barrier.
Barrier: reusing cache (skip convert/presolve/scaling)
Barrier solver started at 0.000 seconds
Barrier solver: 5103 constraints, 10102 variables, 265152 nonzeros
Barrier setup complete at 0.000 seconds
Adaptive regularization enabled


                  Objective                         Infeasibility        Time
Iter   Primal              Dual                Primal   Dual    Compl.   Elapsed
  0   -3.705152443471e+02 -3.711033693861e+02 3.71e+03 1.91e+00 1.19e-02 0.001
  1   -4.138998630640e+00 -3.475249664383e+02 4.01e+01 2.77e-01 6.50e-02 0.005
  2   -1.040338950666e-01 -2.487858726121e+01 4.69e-01 7.85e-03 4.78e-03 0.010
  3   -5.497382540149e-02 -6.429189352226e-01 4.69e-03 7.91e-05 1.48e-04 0.014
  4   -5.856905360040e-02 -1.363520738817e-01 6.20e-04 1.04e-05 1.73e-05 0.018
  5   -6.705051128545e-02 -1.385952919682e-01 4.95e-04 8.35e-06 2.84e-05 0.022
  6   -6.848331755158e-02 -1.388985869995e-01 4.59e-04 7.73e-06 4.03e-05 0.026
  7   -8.093067465878e-02 -1.253020268481e-01 2.54e-04 4.28e-06 7.91e-05 0.031
  8   -8.112528365420e-02 -1.251137255778e-01 2.36e-04 3.97e-06 9.13e-05 0.035
  9   -8.325026278005e-02 -1.235964497679e-01 1.79e-04 3.02e-06 2.57e-04 0.040
 10   -8.360575596373e-02 -1.220443046605e-01 1.46e-04 2.46e-06 4.26e-04 0.045
 11   -9.182270750171e-02 -1.097882225763e-01 6.30e-05 1.06e-06 1.44e-04 0.049
 12   -9.260041510584e-02 -1.080842471921e-01 4.68e-05 7.89e-07 1.69e-04 0.054
 13   -9.603616617501e-02 -1.026642873153e-01 1.77e-05 2.98e-07 7.20e-05 0.059
 14   -9.627299923875e-02 -1.020026877022e-01 1.28e-05 2.16e-07 7.60e-05 0.064
 15   -9.745119774403e-02 -1.003298242086e-01 5.89e-06 9.91e-08 3.43e-05 0.069
 16   -9.773596824469e-02 -9.980734851628e-02 3.43e-06 5.79e-08 3.11e-05 0.074
 17   -9.823702783679e-02 -9.910382774818e-02 1.23e-06 2.07e-08 1.22e-05 0.078
 18   -9.838608573168e-02 -9.887089420858e-02 5.23e-07 8.82e-09 7.59e-06 0.083
 19   -9.853176841496e-02 -9.868107573094e-02 1.40e-07 2.35e-09 2.29e-06 0.087
 20   -9.857867882664e-02 -9.861767678172e-02 2.61e-08 4.39e-10 6.03e-07 0.092
 21   -9.859232166401e-02 -9.860102926733e-02 5.50e-09 9.27e-11 1.36e-07 0.096
 22   -9.859562165560e-02 -9.859683082008e-02 5.43e-10 9.13e-12 1.51e-08 0.101
 23   -9.859607808408e-02 -9.859628235746e-02 9.17e-11 1.56e-12 2.57e-09 0.105
 24   -9.859616643968e-02 -9.859617615408e-02 4.34e-12 1.98e-10 1.19e-10 0.109


Optimal solution found in 24 iterations and 0.109s
Objective -9.85961664e-02
Primal infeasibility (abs/rel): 8.68e-12/4.34e-12
Dual infeasibility   (abs/rel): 2.18e-10/1.98e-10
Complementarity gap  (abs/rel): 1.30e-10/1.19e-10


Barrier finished in 0.11 seconds
Dual variables for problems with quadratic constraints not returned.
