cuOpt version: 26.10.0, git hash: 648f805d, host arch: x86_64, device archs: 80-real
CPU: AMD EPYC 7642 48-Core Processor, threads: 5C/5T, RAM usage: 28.90/503.74GiB
CPU SIMD target: AVX2
CUDA 12.9, device: NVIDIA A100 80GB PCIe (ID 0), VRAM: 79.44 GiB
CUDA device UUID: 68df5cf5-71f9-6a93-b428-460c080ffb10
Problem has 1 quadratic constraints. Converting to second-order cones and solving with barrier.
Barrier: reusing cache (skip convert/presolve/scaling)
Barrier solver started at 0.000 seconds
Barrier solver: 5103 constraints, 10102 variables, 265152 nonzeros
Barrier setup complete at 0.000 seconds
Adaptive regularization enabled


                  Objective                         Infeasibility        Time
Iter   Primal              Dual                Primal   Dual    Compl.   Elapsed
  0   -3.702509737108e+02 -3.710937010099e+02 3.71e+03 1.91e+00 1.19e-02 0.001
  1   -4.136273551275e+00 -3.475151614423e+02 4.01e+01 2.77e-01 6.50e-02 0.005
  2   -1.039317309374e-01 -2.487809478481e+01 4.69e-01 7.85e-03 4.78e-03 0.010
  3   -5.492858368113e-02 -6.426990422251e-01 4.69e-03 7.91e-05 1.48e-04 0.014
  4   -5.851315182353e-02 -1.366086835744e-01 6.22e-04 1.05e-05 1.74e-05 0.018
  5   -6.838223229977e-02 -1.390882897041e-01 4.75e-04 8.01e-06 3.90e-05 0.022
  6   -6.889375944989e-02 -1.392058504758e-01 4.61e-04 7.77e-06 4.13e-05 0.026
  7   -7.975791831941e-02 -1.309113998038e-01 2.43e-04 4.10e-06 1.01e-04 0.030
  8   -7.980229726698e-02 -1.306485102209e-01 2.26e-04 3.81e-06 2.65e-04 0.035
  9   -8.971816229116e-02 -1.146065054575e-01 6.32e-05 1.07e-06 2.28e-04 0.040
 10   -9.597467615435e-02 -1.029561655808e-01 1.59e-05 2.68e-07 4.93e-05 0.045
 11   -9.743912257023e-02 -1.006252772743e-01 6.14e-06 1.03e-07 1.11e-05 0.051
 12   -9.773434128898e-02 -9.994009810790e-02 2.94e-06 4.96e-08 2.50e-05 0.056
 13   -9.823232361775e-02 -9.925642937363e-02 9.33e-07 1.57e-08 9.49e-06 0.060
 14   -9.847052977449e-02 -9.892513135662e-02 3.52e-07 5.93e-09 8.06e-06 0.065
 15   -9.865602249684e-02 -9.868376464816e-02 2.08e-08 3.51e-10 3.92e-07 0.070
 16   -9.866785252713e-02 -9.866876999974e-02 6.85e-10 1.15e-11 6.06e-09 0.074
 17   -9.866820080768e-02 -9.866831873337e-02 8.61e-11 4.55e-10 6.55e-10 0.078
 18   -9.866824347310e-02 -9.866826218423e-02 1.12e-11 5.91e-11 6.03e-11 0.082
 19   -9.866825144543e-02 -9.866825230557e-02 4.71e-13 1.26e-07 6.39e-12 0.085
 20   -9.866825181721e-02 -9.866825184964e-02 3.95e-14 1.72e-07 2.46e-13 0.089
 21   -9.866825183145e-02 -9.866825183297e-02 1.89e-15 7.78e-09 1.23e-14 0.093


Optimal solution found in 21 iterations and 0.093s
Objective -9.86682518e-02
Primal infeasibility (abs/rel): 3.77e-15/1.89e-15
Dual infeasibility   (abs/rel): 8.57e-09/7.78e-09
Complementarity gap  (abs/rel): 1.35e-14/1.23e-14


Barrier finished in 0.09 seconds
Dual variables for problems with quadratic constraints not returned.
