cuOpt version: 26.10.0, git hash: 648f805d, host arch: x86_64, device archs: 80-real
CPU: AMD EPYC 7642 48-Core Processor, threads: 5C/5T, RAM usage: 28.90/503.74GiB
CPU SIMD target: AVX2
CUDA 12.9, device: NVIDIA A100 80GB PCIe (ID 0), VRAM: 79.44 GiB
CUDA device UUID: 68df5cf5-71f9-6a93-b428-460c080ffb10
Problem has 1 quadratic constraints. Converting to second-order cones and solving with barrier.
Barrier: reusing cache (skip convert/presolve/scaling)
Barrier solver started at 0.000 seconds
Barrier solver: 5103 constraints, 10102 variables, 265152 nonzeros
Barrier setup complete at 0.000 seconds
Adaptive regularization enabled


                  Objective                         Infeasibility        Time
Iter   Primal              Dual                Primal   Dual    Compl.   Elapsed
  0   -3.703336272695e+02 -3.710584120459e+02 3.71e+03 1.91e+00 1.19e-02 0.001
  1   -4.137832929498e+00 -3.474799232405e+02 4.01e+01 2.77e-01 6.49e-02 0.005
  2   -1.039807671202e-01 -2.487731337698e+01 4.69e-01 7.85e-03 4.78e-03 0.010
  3   -5.494981773508e-02 -6.427223953537e-01 4.69e-03 7.91e-05 1.48e-04 0.014
  4   -5.854536693142e-02 -1.356570860145e-01 6.15e-04 1.04e-05 1.72e-05 0.018
  5   -6.553128984351e-02 -1.375823483759e-01 5.16e-04 8.70e-06 1.98e-05 0.022
  6   -6.729993156647e-02 -1.381153593900e-01 4.75e-04 8.00e-06 3.03e-05 0.026
  7   -8.239177890988e-02 -1.235205323356e-01 2.32e-04 3.91e-06 7.67e-05 0.030
  8   -8.264021175471e-02 -1.231477046968e-01 2.10e-04 3.54e-06 8.23e-05 0.037
  9   -8.327699596726e-02 -1.231878312717e-01 1.90e-04 3.20e-06 1.78e-04 0.042
 10   -8.606536396823e-02 -1.198865905865e-01 1.12e-04 1.88e-06 1.19e-04 0.046
 11   -8.627233506989e-02 -1.182988049613e-01 9.01e-05 1.52e-06 2.79e-04 0.051
 12   -9.298421526183e-02 -1.075028596932e-01 3.71e-05 6.25e-07 9.18e-05 0.056
 13   -9.424773589635e-02 -1.053375351733e-01 2.32e-05 3.90e-07 1.09e-04 0.061
 14   -9.476825196309e-02 -1.043050344569e-01 1.80e-05 3.03e-07 1.15e-04 0.066
 15   -9.670474491372e-02 -1.013497107970e-01 7.93e-06 1.34e-07 5.22e-05 0.071
 16   -9.696546449445e-02 -1.007448777596e-01 5.30e-06 8.94e-08 5.32e-05 0.076
 17   -9.782739792643e-02 -9.947054717648e-02 1.98e-06 3.34e-08 2.14e-05 0.081
 18   -9.801222123056e-02 -9.914256647437e-02 1.08e-06 1.82e-08 1.70e-05 0.086
 19   -9.831876739012e-02 -9.872117827904e-02 3.27e-07 5.51e-09 5.73e-06 0.090
 20   -9.841217153554e-02 -9.858612381289e-02 1.07e-07 1.80e-09 2.72e-06 0.095
 21   -9.846617434736e-02 -9.851733960783e-02 2.82e-08 4.75e-10 7.70e-07 0.099
 22   -9.848403171119e-02 -9.849371877394e-02 3.30e-09 5.56e-11 1.19e-07 0.104
 23   -9.848767677208e-02 -9.848938515160e-02 5.65e-10 9.50e-12 2.12e-08 0.108
 24   -9.848836214993e-02 -9.848854081451e-02 4.33e-11 9.41e-13 1.65e-09 0.112
 25   -9.848843362506e-02 -9.848845685053e-02 5.63e-12 1.03e-13 2.17e-10 0.116
 26   -9.848844263752e-02 -9.848844630057e-02 8.85e-13 8.14e-14 3.51e-11 0.120


Optimal solution found in 26 iterations and 0.120s
Objective -9.84884426e-02
Primal infeasibility (abs/rel): 1.77e-12/8.85e-13
Dual infeasibility   (abs/rel): 8.97e-14/8.14e-14
Complementarity gap  (abs/rel): 3.86e-11/3.51e-11


Barrier finished in 0.12 seconds
Dual variables for problems with quadratic constraints not returned.
