cuOpt version: 26.10.0, git hash: 648f805d, host arch: x86_64, device archs: 80-real
CPU: AMD EPYC 7642 48-Core Processor, threads: 5C/5T, RAM usage: 36.11/503.74GiB
CPU SIMD target: AVX2
CUDA 12.9, device: NVIDIA A100 80GB PCIe (ID 0), VRAM: 79.44 GiB
CUDA device UUID: 68df5cf5-71f9-6a93-b428-460c080ffb10
Problem has 1 quadratic constraints. Converting to second-order cones and solving with barrier.
Handling 50 free variables directly in augmented system
Presolved problem: 5103 constraints 10102 variables 265152 nonzeros
Skipping Ruiz equilibration (row norm ratio 1.4, column norm ratio 1.4 < 5e4, Q coeff ratio 1.0 < 100)
Barrier solver started at 0.027 seconds
Barrier solver: 5103 constraints, 10102 variables, 265152 nonzeros


Second-order cones          : 1
Free variables              : 50
Upper bounds                : 5000
Linear system               : augmented
cuDSS Version               : 0.7.1
cuDSS Threading layer       : libcudss_mtlayer_gomp.so.0
cuDSS solve mode            : deterministic
Reordering time             : 0.151s
Symbolic factorization time : 0.023s
Symbolic nonzeros in factor : 2.79e+05
Elapsed time for augmented  : 0.209 seconds
Elapsed time           : 0.209 seconds
Barrier setup complete at 0.209 seconds
Adaptive regularization enabled


                  Objective                         Infeasibility        Time
Iter   Primal              Dual                Primal   Dual    Compl.   Elapsed
  0   -4.988373501532e-02 -2.507067875879e+03 5.00e+00 9.29e+00 1.02e+02 0.493
  1   -5.003840724252e-02 -2.710453995325e+02 5.31e-01 6.51e-01 1.37e+01 0.570
  2   -5.138687215191e-02 -4.512000302628e+01 8.53e-02 1.11e+00 2.68e+00 0.648
  3   -5.777811748466e-02 -5.254398300060e+00 8.53e-03 2.92e-01 2.73e-01 0.726
  4   -6.190625072624e-02 -1.243921756904e+00 1.93e-03 6.84e-02 6.14e-02 0.805
  5   -7.283379496604e-02 -2.847166560782e-01 1.94e-04 6.99e-03 6.61e-03 0.883
  6   -8.308297506827e-02 -1.597240118810e-01 6.57e-05 2.37e-03 2.23e-03 0.961
  7   -8.975208549430e-02 -1.222717391298e-01 1.43e-05 5.17e-04 3.93e-04 1.038
  8   -9.483556577313e-02 -1.079565525453e-01 5.20e-06 1.88e-04 9.40e-05 1.116
  9   -9.660378790307e-02 -1.029176829944e-01 2.24e-06 8.08e-05 4.23e-05 1.194
 10   -9.758458457734e-02 -1.003565353243e-01 7.27e-07 2.63e-05 1.06e-05 1.271
 11   -9.805503333288e-02 -9.932547880263e-02 2.79e-07 1.01e-05 6.44e-06 1.348
 12   -9.835857742060e-02 -9.873528412871e-02 5.35e-08 1.93e-06 1.21e-06 1.426
 13   -9.847502844413e-02 -9.855672696883e-02 1.08e-08 3.88e-07 2.12e-07 1.506
 14   -9.850219019778e-02 -9.851653025323e-02 1.84e-09 6.63e-08 3.11e-08 1.584
 15   -9.850708182341e-02 -9.850938273752e-02 2.92e-10 1.06e-08 4.11e-09 1.662
 16   -9.850786940429e-02 -9.850823631458e-02 4.64e-11 1.69e-09 5.24e-10 1.739
 17   -9.850799581006e-02 -9.850805275102e-02 7.18e-12 7.20e-10 7.00e-11 1.817
 18   -9.850801512947e-02 -9.850802474534e-02 1.38e-12 3.21e-08 1.18e-11 1.877
 19   -9.850801832866e-02 -9.850802011033e-02 3.23e-13 1.89e-07 2.17e-12 1.937
 20   -9.850801891015e-02 -9.850801926729e-02 6.42e-14 3.75e-08 4.31e-13 2.015
 21   -9.850801902350e-02 -9.850801910538e-02 7.08e-14 3.26e-06 9.84e-14 2.075
 22   -9.850801904819e-02 -9.850801906831e-02 1.64e-14 7.54e-07 2.28e-14 2.153
 23   -9.850801905450e-02 -9.850801905901e-02 3.39e-15 1.55e-07 4.96e-15 2.230
 24   -9.850801905591e-02 -9.850801905700e-02 7.77e-16 3.64e-08 1.14e-15 2.308
Numerical error in objective
Restoring previous solution


Suboptimal solution found in 25 iterations and 2.35 seconds
Objective -9.85079958e-02
Primal infeasibility (abs/rel): 1.44e-11/7.18e-12
Dual infeasibility   (abs/rel): 7.93e-10/7.20e-10
Complementarity gap  (abs/rel): 7.69e-11/7.00e-11


Barrier finished in 2.35 seconds
Dual variables for problems with quadratic constraints not returned.
