cuOpt version: 26.10.0, git hash: 648f805d, host arch: x86_64, device archs: 80-real
CPU: AMD EPYC 7642 48-Core Processor, threads: 5C/5T, RAM usage: 35.13/503.74GiB
CPU SIMD target: AVX2
CUDA 12.9, device: NVIDIA A100 80GB PCIe (ID 0), VRAM: 79.44 GiB
CUDA device UUID: 68df5cf5-71f9-6a93-b428-460c080ffb10
Problem has 1 quadratic constraints. Converting to second-order cones and solving with barrier.
Handling 50 free variables directly in augmented system
Presolved problem: 5103 constraints 10102 variables 265152 nonzeros
Skipping Ruiz equilibration (row norm ratio 1.4, column norm ratio 1.4 < 5e4, Q coeff ratio 1.0 < 100)
Barrier solver started at 0.030 seconds
Barrier solver: 5103 constraints, 10102 variables, 265152 nonzeros


Second-order cones          : 1
Free variables              : 50
Upper bounds                : 5000
Linear system               : augmented
cuDSS Version               : 0.7.1
cuDSS Threading layer       : libcudss_mtlayer_gomp.so.0
cuDSS solve mode            : deterministic
Reordering time             : 0.057s
Symbolic factorization time : 0.023s
Symbolic nonzeros in factor : 2.79e+05
Elapsed time for augmented  : 0.118 seconds
Elapsed time           : 0.118 seconds
Barrier setup complete at 0.118 seconds
Adaptive regularization enabled


                  Objective                         Infeasibility        Time
Iter   Primal              Dual                Primal   Dual    Compl.   Elapsed
  0   -4.988374812634e-02 -2.507067875879e+03 5.00e+00 9.29e+00 1.02e+02 0.405
  1   -5.003842022261e-02 -2.710454177461e+02 5.31e-01 6.51e-01 1.37e+01 0.483
  2   -5.138688303429e-02 -4.512005498441e+01 8.53e-02 1.11e+00 2.68e+00 0.561
  3   -5.777814427205e-02 -5.254394075896e+00 8.53e-03 2.92e-01 2.73e-01 0.639
  4   -6.190632939056e-02 -1.243930017900e+00 1.93e-03 6.84e-02 6.14e-02 0.717
  5   -7.283386272329e-02 -2.847175835539e-01 1.94e-04 6.99e-03 6.61e-03 0.795
  6   -8.308303645509e-02 -1.597241281011e-01 6.57e-05 2.37e-03 2.23e-03 0.873
  7   -8.975213307963e-02 -1.222716090559e-01 1.43e-05 5.17e-04 3.93e-04 0.950
  8   -9.483558861358e-02 -1.079564952077e-01 5.20e-06 1.88e-04 9.40e-05 1.028
  9   -9.660380574744e-02 -1.029176430014e-01 2.24e-06 8.08e-05 4.23e-05 1.106
 10   -9.758459489859e-02 -1.003565133334e-01 7.27e-07 2.63e-05 1.06e-05 1.183
 11   -9.805503721595e-02 -9.932547321315e-02 2.79e-07 1.01e-05 6.44e-06 1.261
 12   -9.835858015325e-02 -9.873528034651e-02 5.35e-08 1.93e-06 1.21e-06 1.339
 13   -9.847502923016e-02 -9.855672590583e-02 1.08e-08 3.88e-07 2.12e-07 1.417
 14   -9.850219035349e-02 -9.851653004227e-02 1.84e-09 6.63e-08 3.11e-08 1.495
 15   -9.850708184736e-02 -9.850938270533e-02 2.92e-10 1.06e-08 4.11e-09 1.573
 16   -9.850786940793e-02 -9.850823630972e-02 4.64e-11 1.70e-09 5.24e-10 1.651
 17   -9.850799581064e-02 -9.850805275024e-02 7.18e-12 6.80e-10 7.00e-11 1.729
 18   -9.850801512948e-02 -9.850802474534e-02 1.38e-12 6.81e-08 1.18e-11 1.789
 19   -9.850801832889e-02 -9.850802011000e-02 3.23e-13 1.89e-07 2.17e-12 1.850
 20   -9.850801891123e-02 -9.850801926668e-02 9.14e-14 1.64e-08 4.29e-13 1.910
 21   -9.850801902240e-02 -9.850801910524e-02 2.09e-14 3.75e-09 9.80e-14 1.988


Optimal solution found in 21 iterations and 1.988s
Objective -9.85080190e-02
Primal infeasibility (abs/rel): 4.19e-14/2.09e-14
Dual infeasibility   (abs/rel): 4.13e-09/3.75e-09
Complementarity gap  (abs/rel): 1.08e-13/9.80e-14


Barrier finished in 1.99 seconds
Dual variables for problems with quadratic constraints not returned.
