cuOpt version: 26.10.0, git hash: 648f805d, host arch: x86_64, device archs: 80-real
CPU: AMD EPYC 7642 48-Core Processor, threads: 5C/5T, RAM usage: 39.31/503.74GiB
CPU SIMD target: AVX2
CUDA 12.9, device: NVIDIA A100 80GB PCIe (ID 0), VRAM: 79.44 GiB
CUDA device UUID: 68df5cf5-71f9-6a93-b428-460c080ffb10
Problem has 1 quadratic constraints. Converting to second-order cones and solving with barrier.
Handling 50 free variables directly in augmented system
Presolved problem: 5103 constraints 10102 variables 265152 nonzeros
Skipping Ruiz equilibration (row norm ratio 1.4, column norm ratio 1.4 < 5e4, Q coeff ratio 1.0 < 100)
Barrier solver started at 0.025 seconds
Barrier solver: 5103 constraints, 10102 variables, 265152 nonzeros


Second-order cones          : 1
Free variables              : 50
Upper bounds                : 5000
Linear system               : augmented
cuDSS Version               : 0.7.1
cuDSS Threading layer       : libcudss_mtlayer_gomp.so.0
Reordering time             : 0.138s
Symbolic factorization time : 0.024s
Symbolic nonzeros in factor : 2.79e+05
Elapsed time for augmented  : 0.193 seconds
Elapsed time           : 0.193 seconds
Barrier setup complete at 0.193 seconds
Adaptive regularization enabled


                  Objective                         Infeasibility        Time
Iter   Primal              Dual                Primal   Dual    Compl.   Elapsed
  0   -3.703274138474e+02 -3.710708058040e+02 3.71e+03 1.91e+00 1.19e-02 0.193
  1   -4.137051906248e+00 -3.474922988706e+02 4.01e+01 2.77e-01 6.50e-02 0.199
  2   -1.039665874828e-01 -2.487350973719e+01 4.69e-01 7.85e-03 4.78e-03 0.203
  3   -5.494861956811e-02 -6.426108944999e-01 4.69e-03 7.91e-05 1.47e-04 0.208
  4   -5.854386029111e-02 -1.360801180361e-01 6.18e-04 1.04e-05 1.73e-05 0.213
  5   -6.651989845180e-02 -1.382165106393e-01 5.03e-04 8.47e-06 2.56e-05 0.218
  6   -6.787735673976e-02 -1.385553495043e-01 4.69e-04 7.91e-06 3.65e-05 0.222
  7   -8.000826200207e-02 -1.263548053270e-01 2.70e-04 4.55e-06 7.62e-05 0.227
  8   -8.013342408298e-02 -1.261898350950e-01 2.54e-04 4.29e-06 9.32e-05 0.232
  9   -8.275777854550e-02 -1.243057840423e-01 1.86e-04 3.14e-06 2.72e-04 0.237
 10   -8.324259274445e-02 -1.222953278218e-01 1.45e-04 2.44e-06 5.49e-04 0.241
 11   -9.290666969776e-02 -1.080048516721e-01 4.82e-05 8.11e-07 1.53e-04 0.246
 12   -9.345935458746e-02 -1.064550778613e-01 3.41e-05 5.75e-07 1.79e-04 0.251
 13   -9.680879512081e-02 -1.013498264875e-01 1.07e-05 1.80e-07 6.47e-05 0.256
 14   -9.715359094102e-02 -1.005218103780e-01 6.05e-06 1.02e-07 6.35e-05 0.261
 15   -9.800922152446e-02 -9.938303907985e-02 2.32e-06 3.92e-08 2.31e-05 0.265
 16   -9.823272530479e-02 -9.900239839986e-02 9.47e-07 1.59e-08 1.50e-05 0.270
 17   -9.846619113750e-02 -9.869681403367e-02 2.58e-07 4.35e-09 4.55e-06 0.275
 18   -9.852959426178e-02 -9.860584092729e-02 5.68e-08 9.44e-10 1.36e-06 0.280
 19   -9.855651421042e-02 -9.857291516853e-02 1.17e-08 1.97e-10 2.96e-07 0.284
 20   -9.856279716102e-02 -9.856478214023e-02 7.76e-10 9.09e-10 2.45e-08 0.289
 21   -9.856360963539e-02 -9.856383044777e-02 8.59e-11 5.44e-10 2.78e-09 0.292
 22   -9.856370599521e-02 -9.856371687175e-02 1.93e-11 1.90e-08 1.31e-10 0.295
 23   -9.856371076397e-02 -9.856371155373e-02 5.67e-12 3.34e-07 8.13e-12 0.298
 24   -9.856371115708e-02 -9.856371122962e-02 8.13e-13 6.29e-05 6.50e-13 0.301
 25   -9.856371119983e-02 -9.856371120305e-02 2.74e-14 2.45e-04 1.28e-14 0.305
 26   -9.856371120160e-02 -9.856371120172e-02 3.80e-15 6.87e-04 2.21e-16 0.309
Numerical error in objective
Restoring previous solution


Suboptimal solution found in 27 iterations and 0.31 seconds
Objective -9.85636096e-02
Primal infeasibility (abs/rel): 1.72e-10/8.59e-11
Dual infeasibility   (abs/rel): 6.00e-10/5.44e-10
Complementarity gap  (abs/rel): 3.05e-09/2.78e-09


Barrier finished in 0.31 seconds
Dual variables for problems with quadratic constraints not returned.
