cuOpt version: 26.10.0, git hash: 648f805d, host arch: x86_64, device archs: 80-real
CPU: AMD EPYC 7642 48-Core Processor, threads: 5C/5T, RAM usage: 39.04/503.74GiB
CPU SIMD target: AVX2
CUDA 12.9, device: NVIDIA A100 80GB PCIe (ID 0), VRAM: 79.44 GiB
CUDA device UUID: 68df5cf5-71f9-6a93-b428-460c080ffb10
Problem has 1 quadratic constraints. Converting to second-order cones and solving with barrier.
Handling 50 free variables directly in augmented system
Presolved problem: 5103 constraints 10102 variables 265152 nonzeros
Skipping Ruiz equilibration (row norm ratio 1.4, column norm ratio 1.4 < 5e4, Q coeff ratio 1.0 < 100)
Barrier solver started at 0.027 seconds
Barrier solver: 5103 constraints, 10102 variables, 265152 nonzeros


Second-order cones          : 1
Free variables              : 50
Upper bounds                : 5000
Linear system               : augmented
cuDSS Version               : 0.7.1
cuDSS Threading layer       : libcudss_mtlayer_gomp.so.0
Reordering time             : 0.053s
Symbolic factorization time : 0.023s
Symbolic nonzeros in factor : 2.79e+05
Elapsed time for augmented  : 0.111 seconds
Elapsed time           : 0.111 seconds
Barrier setup complete at 0.111 seconds
Adaptive regularization enabled


                  Objective                         Infeasibility        Time
Iter   Primal              Dual                Primal   Dual    Compl.   Elapsed
  0   -3.702624119443e+02 -3.710387458059e+02 3.71e+03 1.91e+00 1.19e-02 0.111
  1   -4.136636484816e+00 -3.474601645164e+02 4.01e+01 2.77e-01 6.50e-02 0.116
  2   -1.039518362250e-01 -2.487140678162e+01 4.69e-01 7.85e-03 4.78e-03 0.121
  3   -5.493965881654e-02 -6.425639186560e-01 4.69e-03 7.91e-05 1.48e-04 0.126
  4   -5.853205540329e-02 -1.359055184408e-01 6.17e-04 1.04e-05 1.72e-05 0.130
  5   -6.752262788005e-02 -1.382889562896e-01 4.87e-04 8.20e-06 3.00e-05 0.135
  6   -6.909308643534e-02 -1.385283236887e-01 4.47e-04 7.53e-06 4.23e-05 0.140
  7   -8.140921929951e-02 -1.243462474047e-01 2.48e-04 4.17e-06 7.51e-05 0.145
  8   -8.155823317744e-02 -1.241861441020e-01 2.32e-04 3.91e-06 7.37e-05 0.150
  9   -8.323126950425e-02 -1.230408470611e-01 1.85e-04 3.12e-06 2.17e-04 0.154
 10   -8.338538477876e-02 -1.218653039997e-01 1.59e-04 2.67e-06 3.59e-04 0.159
 11   -9.171618094720e-02 -1.095585688288e-01 6.76e-05 1.14e-06 1.14e-04 0.164
 12   -9.235011049606e-02 -1.081514288529e-01 5.23e-05 8.80e-07 1.34e-04 0.172
 13   -9.592592046038e-02 -1.025477579256e-01 1.90e-05 3.20e-07 6.40e-05 0.177
 14   -9.614587682292e-02 -1.018815110537e-01 1.36e-05 2.30e-07 7.67e-05 0.181
 15   -9.733930722584e-02 -1.002250479605e-01 6.13e-06 1.03e-07 3.37e-05 0.186
 16   -9.760405846821e-02 -9.973277573848e-02 3.64e-06 6.12e-08 3.20e-05 0.191
 17   -9.812132701190e-02 -9.901382749856e-02 1.31e-06 2.21e-08 1.27e-05 0.196
 18   -9.826862556376e-02 -9.878523324701e-02 5.79e-07 9.72e-09 8.12e-06 0.200
 19   -9.842352807429e-02 -9.858376974519e-02 1.54e-07 2.59e-09 2.46e-06 0.205
 20   -9.847368042836e-02 -9.851646617507e-02 2.95e-08 4.81e-10 6.70e-07 0.210
 21   -9.848854590993e-02 -9.849837584717e-02 6.39e-09 1.07e-10 1.53e-07 0.215
 22   -9.849231468897e-02 -9.849359155011e-02 5.64e-10 7.23e-12 1.53e-08 0.219
 23   -9.849280611260e-02 -9.849300663741e-02 8.87e-11 7.39e-09 2.50e-09 0.223
 24   -9.849289146990e-02 -9.849290443226e-02 5.73e-12 5.72e-08 1.61e-10 0.226
 25   -9.849289720618e-02 -9.849289749605e-02 4.56e-13 1.38e-06 3.63e-12 0.229
 26   -9.849289732645e-02 -9.849289734228e-02 7.65e-14 5.10e-05 2.12e-13 0.232
 27   -9.849289733258e-02 -9.849289733306e-02 5.38e-15 2.00e-04 5.78e-15 0.236
 28   -9.849289733268e-02 -9.849289733282e-02 1.42e-15 5.23e-05 1.51e-16 0.241
Numerical error in objective
Restoring previous solution


Suboptimal solution found in 29 iterations and 0.24 seconds
Objective -9.84928061e-02
Primal infeasibility (abs/rel): 1.77e-10/8.87e-11
Dual infeasibility   (abs/rel): 8.14e-09/7.39e-09
Complementarity gap  (abs/rel): 2.74e-09/2.50e-09


Barrier finished in 0.25 seconds
Dual variables for problems with quadratic constraints not returned.
