cuOpt version: 26.10.0, git hash: 648f805d, host arch: x86_64, device archs: 80-real
CPU: AMD EPYC 7642 48-Core Processor, threads: 5C/5T, RAM usage: 39.33/503.74GiB
CPU SIMD target: AVX2
CUDA 12.9, device: NVIDIA A100 80GB PCIe (ID 0), VRAM: 79.44 GiB
CUDA device UUID: 68df5cf5-71f9-6a93-b428-460c080ffb10
Problem has 1 quadratic constraints. Converting to second-order cones and solving with barrier.
Handling 50 free variables directly in augmented system
Presolved problem: 5103 constraints 10102 variables 265152 nonzeros
Skipping Ruiz equilibration (row norm ratio 1.4, column norm ratio 1.4 < 5e4, Q coeff ratio 1.0 < 100)
Barrier solver started at 0.028 seconds
Barrier solver: 5103 constraints, 10102 variables, 265152 nonzeros


Second-order cones          : 1
Free variables              : 50
Upper bounds                : 5000
Linear system               : augmented
cuDSS Version               : 0.7.1
cuDSS Threading layer       : libcudss_mtlayer_gomp.so.0
Reordering time             : 0.057s
Symbolic factorization time : 0.024s
Symbolic nonzeros in factor : 2.79e+05
Elapsed time for augmented  : 0.116 seconds
Elapsed time           : 0.116 seconds
Barrier setup complete at 0.116 seconds
Adaptive regularization enabled


                  Objective                         Infeasibility        Time
Iter   Primal              Dual                Primal   Dual    Compl.   Elapsed
  0   -3.702779911923e+02 -3.710340990992e+02 3.71e+03 1.91e+00 1.19e-02 0.117
  1   -4.137413965078e+00 -3.474555508912e+02 4.01e+01 2.77e-01 6.49e-02 0.122
  2   -1.039627881816e-01 -2.487502701009e+01 4.69e-01 7.85e-03 4.78e-03 0.127
  3   -5.494259749550e-02 -6.426390295604e-01 4.69e-03 7.91e-05 1.48e-04 0.132
  4   -5.853147883895e-02 -1.362046779041e-01 6.19e-04 1.04e-05 1.73e-05 0.137
  5   -6.730421863224e-02 -1.383594196589e-01 4.88e-04 8.22e-06 3.14e-05 0.142
  6   -6.898407367574e-02 -1.386008917923e-01 4.45e-04 7.50e-06 4.26e-05 0.147
  7   -8.252091794309e-02 -1.224963597775e-01 2.25e-04 3.80e-06 7.32e-05 0.151
  8   -8.268114833371e-02 -1.222822697653e-01 2.09e-04 3.53e-06 6.77e-05 0.156
  9   -8.383691471930e-02 -1.216691216751e-01 1.75e-04 2.95e-06 1.72e-04 0.161
 10   -8.546472968358e-02 -1.197750613973e-01 1.12e-04 1.88e-06 1.69e-04 0.166
 11   -8.753101208300e-02 -1.152999350518e-01 6.41e-05 1.08e-06 3.89e-04 0.171
 12   -9.549973573815e-02 -1.030620287257e-01 1.25e-05 2.11e-07 8.56e-05 0.176
 13   -9.695192123374e-02 -1.005109373764e-01 4.45e-06 7.49e-08 4.28e-05 0.181
 14   -9.798380789290e-02 -9.895345354904e-02 9.93e-07 1.67e-08 9.27e-06 0.185
 15   -9.830540559430e-02 -9.849455899427e-02 9.78e-08 3.71e-09 6.11e-07 0.189
 16   -9.836747381342e-02 -9.841452277751e-02 1.82e-08 5.22e-09 1.90e-07 0.193
 17   -9.838644821909e-02 -9.839174316678e-02 1.77e-09 1.32e-08 1.98e-08 0.197
 18   -9.838859188658e-02 -9.838915606137e-02 1.79e-10 7.98e-09 2.96e-09 0.200
 19   -9.838883517930e-02 -9.838886712216e-02 1.01e-11 4.52e-08 1.57e-10 0.203
 20   -9.838884914320e-02 -9.838885071387e-02 4.68e-13 1.33e-05 4.99e-12 0.206
 21   -9.838884978559e-02 -9.838884994726e-02 2.92e-13 6.09e-05 6.17e-13 0.210
 22   -9.838884985988e-02 -9.838884986679e-02 8.14e-14 1.14e-04 2.06e-14 0.213
 23   -9.838884986339e-02 -9.838884986446e-02 2.08e-14 1.35e-03 2.26e-15 0.216
 24   -9.838884986413e-02 -9.838884986417e-02 1.44e-15 2.44e-03 5.43e-18 0.220
Numerical error in objective
Restoring previous solution


Suboptimal solution found in 25 iterations and 0.22 seconds
Objective -9.83885919e-02
Primal infeasibility (abs/rel): 3.58e-10/1.79e-10
Dual infeasibility   (abs/rel): 8.78e-09/7.98e-09
Complementarity gap  (abs/rel): 3.25e-09/2.96e-09


Barrier finished in 0.22 seconds
Dual variables for problems with quadratic constraints not returned.
