cuOpt version: 26.10.0, git hash: 648f805d, host arch: x86_64, device archs: 80-real
CPU: AMD EPYC 7642 48-Core Processor, threads: 5C/5T, RAM usage: 39.33/503.74GiB
CPU SIMD target: AVX2
CUDA 12.9, device: NVIDIA A100 80GB PCIe (ID 0), VRAM: 79.44 GiB
CUDA device UUID: 68df5cf5-71f9-6a93-b428-460c080ffb10
Problem has 1 quadratic constraints. Converting to second-order cones and solving with barrier.
Handling 50 free variables directly in augmented system
Presolved problem: 5103 constraints 10102 variables 265152 nonzeros
Skipping Ruiz equilibration (row norm ratio 1.4, column norm ratio 1.4 < 5e4, Q coeff ratio 1.0 < 100)
Barrier solver started at 0.027 seconds
Barrier solver: 5103 constraints, 10102 variables, 265152 nonzeros


Second-order cones          : 1
Free variables              : 50
Upper bounds                : 5000
Linear system               : augmented
cuDSS Version               : 0.7.1
cuDSS Threading layer       : libcudss_mtlayer_gomp.so.0
Reordering time             : 0.054s
Symbolic factorization time : 0.024s
Symbolic nonzeros in factor : 2.79e+05
Elapsed time for augmented  : 0.112 seconds
Elapsed time           : 0.112 seconds
Barrier setup complete at 0.112 seconds
Adaptive regularization enabled


                  Objective                         Infeasibility        Time
Iter   Primal              Dual                Primal   Dual    Compl.   Elapsed
  0   -3.704562062107e+02 -3.710714720587e+02 3.71e+03 1.91e+00 1.19e-02 0.112
  1   -4.139037088259e+00 -3.474930274934e+02 4.01e+01 2.77e-01 6.49e-02 0.117
  2   -1.040203888891e-01 -2.487881575907e+01 4.69e-01 7.85e-03 4.78e-03 0.122
  3   -5.496595416765e-02 -6.428695019044e-01 4.69e-03 7.91e-05 1.48e-04 0.127
  4   -5.855928225679e-02 -1.358861132381e-01 6.16e-04 1.04e-05 1.71e-05 0.131
  5   -6.633604649580e-02 -1.378606070000e-01 5.05e-04 8.50e-06 2.41e-05 0.136
  6   -6.767698000491e-02 -1.382478097972e-01 4.72e-04 7.94e-06 2.82e-05 0.141
  7   -8.154108303845e-02 -1.247342887670e-01 2.42e-04 4.07e-06 6.14e-05 0.146
  8   -8.190808710702e-02 -1.244209937333e-01 2.17e-04 3.66e-06 8.71e-05 0.151
  9   -8.395606193381e-02 -1.227574618792e-01 1.64e-04 2.76e-06 2.16e-04 0.155
 10   -8.700148320840e-02 -1.186902318644e-01 9.08e-05 1.53e-06 1.29e-04 0.160
 11   -8.697032144484e-02 -1.174108831894e-01 7.64e-05 1.29e-06 2.76e-04 0.165
 12   -9.358726798817e-02 -1.067457896898e-01 2.99e-05 5.04e-07 8.74e-05 0.170
 13   -9.463697008465e-02 -1.048575362958e-01 2.02e-05 3.40e-07 1.04e-04 0.174
 14   -9.655186167941e-02 -1.018583955057e-01 9.24e-06 1.56e-07 4.87e-05 0.179
 15   -9.675468111607e-02 -1.012625019897e-01 6.45e-06 1.09e-07 5.65e-05 0.184
 16   -9.776305993142e-02 -9.979157805317e-02 2.60e-06 4.38e-08 2.43e-05 0.189
 17   -9.799883356326e-02 -9.937311974554e-02 1.43e-06 2.41e-08 2.19e-05 0.194
 18   -9.834287716211e-02 -9.888466967443e-02 4.83e-07 8.13e-09 8.19e-06 0.198
 19   -9.843936912569e-02 -9.873301156358e-02 1.92e-07 3.21e-09 4.62e-06 0.203
 20   -9.852857306274e-02 -9.861718190847e-02 5.09e-08 8.52e-10 1.36e-06 0.208
 21   -9.855799285672e-02 -9.857772072808e-02 7.85e-09 1.23e-10 3.01e-07 0.213
 22   -9.856497162539e-02 -9.856924217993e-02 1.62e-09 2.91e-11 6.48e-08 0.217
 23   -9.856660335212e-02 -9.856717527267e-02 1.56e-10 4.45e-11 6.75e-09 0.222
 24   -9.856682452672e-02 -9.856690975117e-02 2.32e-11 6.90e-09 1.01e-09 0.225
 25   -9.856686181029e-02 -9.856686495149e-02 8.60e-13 1.09e-07 3.34e-11 0.228
 26   -9.856686310814e-02 -9.856686340114e-02 1.26e-13 5.88e-06 2.70e-12 0.231
 27   -9.856686323460e-02 -9.856686325027e-02 1.07e-14 6.32e-06 9.12e-14 0.235
 28   -9.856686324131e-02 -9.856686324199e-02 4.72e-16 2.75e-07 6.20e-15 0.240
 29   -9.856686324154e-02 -9.856686324168e-02 3.89e-16 9.11e-04 4.86e-16 0.244
 30   -9.856686324157e-02 -9.856686324166e-02 2.78e-16 1.15e-03 4.29e-16 0.248
Numerical error in objective
Restoring previous solution


Suboptimal solution found in 31 iterations and 0.25 seconds
Objective -9.85666034e-02
Primal infeasibility (abs/rel): 3.11e-10/1.56e-10
Dual infeasibility   (abs/rel): 4.90e-11/4.45e-11
Complementarity gap  (abs/rel): 7.42e-09/6.75e-09


Barrier finished in 0.25 seconds
Dual variables for problems with quadratic constraints not returned.
