cuOpt version: 26.10.0, git hash: 648f805d, host arch: x86_64, device archs: 80-real
CPU: AMD EPYC 7642 48-Core Processor, threads: 5C/5T, RAM usage: 39.27/503.74GiB
CPU SIMD target: AVX2
CUDA 12.9, device: NVIDIA A100 80GB PCIe (ID 0), VRAM: 79.44 GiB
CUDA device UUID: 68df5cf5-71f9-6a93-b428-460c080ffb10
Problem has 1 quadratic constraints. Converting to second-order cones and solving with barrier.
Handling 50 free variables directly in augmented system
Presolved problem: 5103 constraints 10102 variables 265152 nonzeros
Skipping Ruiz equilibration (row norm ratio 1.4, column norm ratio 1.4 < 5e4, Q coeff ratio 1.0 < 100)
Barrier solver started at 0.027 seconds
Barrier solver: 5103 constraints, 10102 variables, 265152 nonzeros


Second-order cones          : 1
Free variables              : 50
Upper bounds                : 5000
Linear system               : augmented
cuDSS Version               : 0.7.1
cuDSS Threading layer       : libcudss_mtlayer_gomp.so.0
Reordering time             : 0.053s
Symbolic factorization time : 0.023s
Symbolic nonzeros in factor : 2.79e+05
Elapsed time for augmented  : 0.110 seconds
Elapsed time           : 0.110 seconds
Barrier setup complete at 0.110 seconds
Adaptive regularization enabled


                  Objective                         Infeasibility        Time
Iter   Primal              Dual                Primal   Dual    Compl.   Elapsed
  0   -3.703336272695e+02 -3.710584120459e+02 3.71e+03 1.91e+00 1.19e-02 0.111
  1   -4.137832929498e+00 -3.474799232405e+02 4.01e+01 2.77e-01 6.49e-02 0.116
  2   -1.039807671202e-01 -2.487731337698e+01 4.69e-01 7.85e-03 4.78e-03 0.121
  3   -5.494981773509e-02 -6.427223953578e-01 4.69e-03 7.91e-05 1.48e-04 0.125
  4   -5.854536693144e-02 -1.356570860147e-01 6.15e-04 1.04e-05 1.72e-05 0.130
  5   -6.553128985594e-02 -1.375823483797e-01 5.16e-04 8.70e-06 1.98e-05 0.135
  6   -6.729993156550e-02 -1.381153593903e-01 4.75e-04 8.00e-06 3.03e-05 0.140
  7   -8.239177894698e-02 -1.235205323466e-01 2.32e-04 3.91e-06 7.67e-05 0.144
  8   -8.264021178238e-02 -1.231477047062e-01 2.10e-04 3.54e-06 8.23e-05 0.149
  9   -8.327699601680e-02 -1.231878312520e-01 1.90e-04 3.20e-06 1.78e-04 0.154
 10   -8.606536403855e-02 -1.198865904508e-01 1.12e-04 1.88e-06 1.19e-04 0.159
 11   -8.627233466131e-02 -1.182988056950e-01 9.01e-05 1.52e-06 2.79e-04 0.164
 12   -9.298421394795e-02 -1.075028618773e-01 3.71e-05 6.25e-07 9.18e-05 0.168
 13   -9.424773509971e-02 -1.053375365184e-01 2.32e-05 3.90e-07 1.09e-04 0.173
 14   -9.476825008293e-02 -1.043050374348e-01 1.80e-05 3.03e-07 1.15e-04 0.178
 15   -9.670474380217e-02 -1.013497126107e-01 7.93e-06 1.34e-07 5.22e-05 0.183
 16   -9.696546316437e-02 -1.007448797639e-01 5.30e-06 8.93e-08 5.32e-05 0.187
 17   -9.782739731474e-02 -9.947054810502e-02 1.98e-06 3.34e-08 2.14e-05 0.192
 18   -9.801222067475e-02 -9.914256726554e-02 1.08e-06 1.81e-08 1.70e-05 0.197
 19   -9.831876712182e-02 -9.872117863858e-02 3.27e-07 5.50e-09 5.73e-06 0.202
 20   -9.841217139797e-02 -9.858612398630e-02 1.07e-07 1.77e-09 2.72e-06 0.206
 21   -9.846617430377e-02 -9.851733966761e-02 2.82e-08 4.72e-10 7.70e-07 0.211
 22   -9.848403168705e-02 -9.849371879317e-02 3.30e-09 6.06e-11 1.19e-07 0.216
 23   -9.848767775183e-02 -9.848938497479e-02 5.65e-10 1.20e-09 2.12e-08 0.220
 24   -9.848836236990e-02 -9.848854091761e-02 4.33e-11 8.08e-09 1.65e-09 0.224
 25   -9.848843358853e-02 -9.848845685904e-02 5.63e-12 3.77e-08 2.17e-10 0.227
 26   -9.848844258409e-02 -9.848844630189e-02 2.05e-12 2.80e-07 3.52e-11 0.230
 27   -9.848844421976e-02 -9.848844441690e-02 9.90e-13 9.56e-06 1.57e-12 0.233
 28   -9.848844431934e-02 -9.848844432659e-02 1.06e-13 1.60e-05 3.84e-14 0.237
 29   -9.848844432340e-02 -9.848844432426e-02 2.49e-14 1.05e-03 1.37e-15 0.241
Numerical error in objective
Restoring previous solution


Suboptimal solution found in 30 iterations and 0.24 seconds
Objective -9.84883624e-02
Primal infeasibility (abs/rel): 8.67e-11/4.33e-11
Dual infeasibility   (abs/rel): 8.90e-09/8.08e-09
Complementarity gap  (abs/rel): 1.81e-09/1.65e-09


Barrier finished in 0.25 seconds
Dual variables for problems with quadratic constraints not returned.
