cuOpt version: 26.10.0, git hash: 648f805d, host arch: x86_64, device archs: 80-real
CPU: AMD EPYC 7642 48-Core Processor, threads: 5C/5T, RAM usage: 39.26/503.74GiB
CPU SIMD target: AVX2
CUDA 12.9, device: NVIDIA A100 80GB PCIe (ID 0), VRAM: 79.44 GiB
CUDA device UUID: 68df5cf5-71f9-6a93-b428-460c080ffb10
Problem has 1 quadratic constraints. Converting to second-order cones and solving with barrier.
Handling 50 free variables directly in augmented system
Presolved problem: 5103 constraints 10102 variables 265152 nonzeros
Skipping Ruiz equilibration (row norm ratio 1.4, column norm ratio 1.4 < 5e4, Q coeff ratio 1.0 < 100)
Barrier solver started at 0.027 seconds
Barrier solver: 5103 constraints, 10102 variables, 265152 nonzeros


Second-order cones          : 1
Free variables              : 50
Upper bounds                : 5000
Linear system               : augmented
cuDSS Version               : 0.7.1
cuDSS Threading layer       : libcudss_mtlayer_gomp.so.0
Reordering time             : 0.064s
Symbolic factorization time : 0.023s
Symbolic nonzeros in factor : 2.79e+05
Elapsed time for augmented  : 0.121 seconds
Elapsed time           : 0.121 seconds
Barrier setup complete at 0.121 seconds
Adaptive regularization enabled


                  Objective                         Infeasibility        Time
Iter   Primal              Dual                Primal   Dual    Compl.   Elapsed
  0   -3.703361174615e+02 -3.711052443117e+02 3.71e+03 1.91e+00 1.19e-02 0.122
  1   -4.137135437376e+00 -3.475267509272e+02 4.01e+01 2.77e-01 6.50e-02 0.127
  2   -1.039531739210e-01 -2.487909939798e+01 4.69e-01 7.85e-03 4.78e-03 0.132
  3   -5.493987113675e-02 -6.426843426177e-01 4.69e-03 7.91e-05 1.47e-04 0.137
  4   -5.852671165755e-02 -1.365429791277e-01 6.22e-04 1.05e-05 1.74e-05 0.141
  5   -6.766231699824e-02 -1.389353414505e-01 4.86e-04 8.19e-06 3.37e-05 0.146
  6   -6.886255265104e-02 -1.391548248021e-01 4.54e-04 7.65e-06 4.28e-05 0.151
  7   -8.047950122342e-02 -1.258121075052e-01 2.61e-04 4.40e-06 7.94e-05 0.156
  8   -8.065829175626e-02 -1.256963999904e-01 2.46e-04 4.14e-06 7.69e-05 0.160
  9   -8.300367952672e-02 -1.237812850568e-01 1.84e-04 3.10e-06 2.23e-04 0.165
 10   -8.389689474351e-02 -1.215840699420e-01 1.44e-04 2.42e-06 3.70e-04 0.170
 11   -9.193528347464e-02 -1.093076125767e-01 6.12e-05 1.03e-06 1.21e-04 0.175
 12   -9.265521286947e-02 -1.077066623486e-01 4.52e-05 7.62e-07 1.39e-04 0.180
 13   -9.633186127476e-02 -1.019842122205e-01 1.50e-05 2.53e-07 5.78e-05 0.184
 14   -9.649225342343e-02 -1.014072091170e-01 1.07e-05 1.80e-07 6.91e-05 0.189
 15   -9.758120074951e-02 -9.990236014828e-02 4.73e-06 7.96e-08 2.97e-05 0.194
 16   -9.782660883458e-02 -9.944881153004e-02 2.61e-06 4.40e-08 2.62e-05 0.199
 17   -9.823999918992e-02 -9.887841730316e-02 8.95e-07 1.51e-08 9.86e-06 0.203
 18   -9.835841231254e-02 -9.869556575436e-02 3.49e-07 5.85e-09 5.49e-06 0.208
 19   -9.846246806800e-02 -9.856223310072e-02 9.16e-08 1.54e-09 1.59e-06 0.213
 20   -9.849581231278e-02 -9.851773082490e-02 1.38e-08 2.23e-10 3.39e-07 0.218
 21   -9.850368781680e-02 -9.850823702722e-02 2.75e-09 4.76e-11 7.00e-08 0.223
 22   -9.850544051334e-02 -9.850602753105e-02 2.51e-10 5.91e-12 6.90e-09 0.231
 23   -9.850567257039e-02 -9.850575042568e-02 3.33e-11 2.94e-08 9.18e-10 0.234
 24   -9.850570678070e-02 -9.850570952018e-02 1.17e-12 6.38e-08 3.14e-11 0.237
 25   -9.850570776865e-02 -9.850570833968e-02 2.25e-13 1.20e-05 6.73e-12 0.240
 26   -9.850570801372e-02 -9.850570805047e-02 3.49e-14 1.80e-06 4.23e-13 0.244
 27   -9.850570803035e-02 -9.850570803153e-02 1.01e-14 1.17e-04 1.01e-14 0.248
 28   -9.850570803082e-02 -9.850570803108e-02 6.38e-15 1.34e-03 3.71e-16 0.251
Numerical error in objective
Restoring previous solution


Suboptimal solution found in 29 iterations and 0.25 seconds
Objective -9.85054405e-02
Primal infeasibility (abs/rel): 5.02e-10/2.51e-10
Dual infeasibility   (abs/rel): 6.51e-12/5.91e-12
Complementarity gap  (abs/rel): 7.58e-09/6.90e-09


Barrier finished in 0.26 seconds
Dual variables for problems with quadratic constraints not returned.
