cuOpt version: 26.10.0, git hash: 648f805d, host arch: x86_64, device archs: 80-real
CPU: AMD EPYC 7642 48-Core Processor, threads: 5C/5T, RAM usage: 39.17/503.74GiB
CPU SIMD target: AVX2
CUDA 12.9, device: NVIDIA A100 80GB PCIe (ID 0), VRAM: 79.44 GiB
CUDA device UUID: 68df5cf5-71f9-6a93-b428-460c080ffb10
Problem has 1 quadratic constraints. Converting to second-order cones and solving with barrier.
Handling 50 free variables directly in augmented system
Presolved problem: 5103 constraints 10102 variables 265152 nonzeros
Skipping Ruiz equilibration (row norm ratio 1.4, column norm ratio 1.4 < 5e4, Q coeff ratio 1.0 < 100)
Barrier solver started at 0.028 seconds
Barrier solver: 5103 constraints, 10102 variables, 265152 nonzeros


Second-order cones          : 1
Free variables              : 50
Upper bounds                : 5000
Linear system               : augmented
cuDSS Version               : 0.7.1
cuDSS Threading layer       : libcudss_mtlayer_gomp.so.0
Reordering time             : 0.140s
Symbolic factorization time : 0.024s
Symbolic nonzeros in factor : 2.79e+05
Elapsed time for augmented  : 0.199 seconds
Elapsed time           : 0.199 seconds
Barrier setup complete at 0.199 seconds
Adaptive regularization enabled


                  Objective                         Infeasibility        Time
Iter   Primal              Dual                Primal   Dual    Compl.   Elapsed
  0   -3.704438282728e+02 -3.711104708303e+02 3.71e+03 1.91e+00 1.19e-02 0.200
  1   -4.139322487461e+00 -3.475321003739e+02 4.01e+01 2.77e-01 6.50e-02 0.205
  2   -1.040051645786e-01 -2.488690059915e+01 4.69e-01 7.85e-03 4.78e-03 0.210
  3   -5.496098290900e-02 -6.429066466971e-01 4.69e-03 7.91e-05 1.48e-04 0.214
  4   -5.855459132465e-02 -1.362807828578e-01 6.19e-04 1.04e-05 1.73e-05 0.219
  5   -6.665907728714e-02 -1.384240677307e-01 5.01e-04 8.44e-06 2.67e-05 0.224
  6   -6.830397407939e-02 -1.387646904003e-01 4.61e-04 7.77e-06 3.69e-05 0.229
  7   -8.178965068423e-02 -1.244187875720e-01 2.41e-04 4.06e-06 7.25e-05 0.234
  8   -8.204667333142e-02 -1.241615513237e-01 2.21e-04 3.73e-06 7.39e-05 0.239
  9   -8.363783321484e-02 -1.231267561990e-01 1.77e-04 2.98e-06 1.96e-04 0.243
 10   -8.573826311200e-02 -1.205847460510e-01 1.06e-04 1.79e-06 1.75e-04 0.248
 11   -8.728360769412e-02 -1.169549404988e-01 6.97e-05 1.17e-06 3.38e-04 0.253
 12   -9.492178526736e-02 -1.048282905351e-01 2.14e-05 3.60e-07 7.49e-05 0.258
 13   -9.573363296746e-02 -1.031913849721e-01 1.32e-05 2.22e-07 8.97e-05 0.262
 14   -9.611217937340e-02 -1.025782578641e-01 1.00e-05 1.69e-07 9.41e-05 0.267
 15   -9.721223358743e-02 -1.009317456787e-01 5.10e-06 8.59e-08 4.82e-05 0.272
 16   -9.738047604686e-02 -1.005140832858e-01 3.53e-06 5.94e-08 4.78e-05 0.277
 17   -9.813667347730e-02 -9.940576146313e-02 1.10e-06 1.85e-08 1.83e-05 0.282
 18   -9.834629729626e-02 -9.908004991410e-02 4.97e-07 8.34e-09 1.30e-05 0.286
 19   -9.855959438822e-02 -9.879983180462e-02 1.40e-07 2.35e-09 4.15e-06 0.291
 20   -9.863009676192e-02 -9.870302415291e-02 3.17e-08 5.15e-10 1.35e-06 0.296
 21   -9.865468522665e-02 -9.867265752228e-02 7.33e-09 1.22e-10 3.27e-07 0.301
 22   -9.866134821721e-02 -9.866398528986e-02 6.93e-10 1.88e-11 3.61e-08 0.306
 23   -9.866238223939e-02 -9.866274592631e-02 9.58e-11 1.93e-09 5.12e-09 0.309
 24   -9.866252346580e-02 -9.866257541186e-02 1.37e-11 3.03e-09 7.37e-10 0.312
 25   -9.866254599246e-02 -9.866254802346e-02 1.46e-12 8.72e-08 2.84e-11 0.315
 26   -9.866254687007e-02 -9.866254692632e-02 2.11e-13 3.26e-06 8.01e-13 0.318
 27   -9.866254689200e-02 -9.866254689430e-02 1.81e-14 3.45e-05 3.36e-14 0.324
 28   -9.866254689280e-02 -9.866254689288e-02 3.03e-15 6.85e-04 1.84e-15 0.328
Numerical error in objective
Restoring previous solution


Suboptimal solution found in 29 iterations and 0.33 seconds
Objective -9.86623822e-02
Primal infeasibility (abs/rel): 1.92e-10/9.58e-11
Dual infeasibility   (abs/rel): 2.13e-09/1.93e-09
Complementarity gap  (abs/rel): 5.63e-09/5.12e-09


Barrier finished in 0.33 seconds
Dual variables for problems with quadratic constraints not returned.
