cuOpt version: 26.10.0, git hash: 648f805d, host arch: x86_64, device archs: 80-real
CPU: AMD EPYC 7642 48-Core Processor, threads: 5C/5T, RAM usage: 26.58/503.74GiB
CPU SIMD target: AVX2
CUDA 12.9, device: NVIDIA A100 80GB PCIe (ID 0), VRAM: 79.44 GiB
CUDA device UUID: 68df5cf5-71f9-6a93-b428-460c080ffb10
Problem has 1 quadratic constraints. Converting to second-order cones and solving with barrier.
Handling 50 free variables directly in augmented system
Presolved problem: 5103 constraints 10102 variables 265152 nonzeros
Skipping Ruiz equilibration (row norm ratio 1.4, column norm ratio 1.4 < 5e4, Q coeff ratio 1.0 < 100)
Barrier solver started at 0.023 seconds
Barrier solver: 5103 constraints, 10102 variables, 265152 nonzeros


Second-order cones          : 1
Free variables              : 50
Upper bounds                : 5000
Linear system               : augmented
cuDSS Version               : 0.7.1
cuDSS Threading layer       : libcudss_mtlayer_gomp.so.0
Reordering time             : 0.060s
Symbolic factorization time : 0.023s
Symbolic nonzeros in factor : 2.79e+05
Elapsed time for augmented  : 0.114 seconds
Elapsed time           : 0.114 seconds
Barrier setup complete at 0.114 seconds
Adaptive regularization enabled


                  Objective                         Infeasibility        Time
Iter   Primal              Dual                Primal   Dual    Compl.   Elapsed
  0   -4.988372426120e-02 -2.507067875879e+03 5.00e+00 9.29e+00 1.02e+02 0.127
  1   -5.003839644547e-02 -2.710454371880e+02 5.31e-01 6.51e-01 1.37e+01 0.133
  2   -5.138686061458e-02 -4.512006385028e+01 8.53e-02 1.11e+00 2.68e+00 0.138
  3   -5.777817489021e-02 -5.254390765782e+00 8.53e-03 2.92e-01 2.73e-01 0.143
  4   -6.190638373668e-02 -1.243930253315e+00 1.93e-03 6.84e-02 6.14e-02 0.148
  5   -7.283361763256e-02 -2.847212632328e-01 1.94e-04 6.99e-03 6.61e-03 0.153
  6   -8.308277123024e-02 -1.597248257981e-01 6.57e-05 2.37e-03 2.23e-03 0.158
  7   -8.975215149788e-02 -1.222716155495e-01 1.43e-05 5.17e-04 3.93e-04 0.163
  8   -9.483557375670e-02 -1.079565125318e-01 5.20e-06 1.88e-04 9.40e-05 0.168
  9   -9.660378330534e-02 -1.029176868369e-01 2.24e-06 8.08e-05 4.23e-05 0.173
 10   -9.758457803539e-02 -1.003565507730e-01 7.27e-07 2.63e-05 1.06e-05 0.178
 11   -9.805502975872e-02 -9.932548304844e-02 2.79e-07 1.01e-05 6.44e-06 0.183
 12   -9.835857470382e-02 -9.873528810796e-02 5.35e-08 1.93e-06 1.21e-06 0.188
 13   -9.847502765112e-02 -9.855672808555e-02 1.08e-08 3.88e-07 2.12e-07 0.193
 14   -9.850219005514e-02 -9.851653045280e-02 1.84e-09 6.63e-08 3.11e-08 0.198
 15   -9.850708180342e-02 -9.850938276521e-02 2.92e-10 1.06e-08 4.11e-09 0.204
 16   -9.850786940147e-02 -9.850823631846e-02 4.64e-11 1.65e-09 5.24e-10 0.209
 17   -9.850799580958e-02 -9.850805275166e-02 7.18e-12 5.03e-10 7.00e-11 0.214
 18   -9.850801512583e-02 -9.850802474473e-02 1.21e-12 8.36e-11 1.18e-11 0.219


Optimal solution found in 18 iterations and 0.219s
Objective -9.85080151e-02
Primal infeasibility (abs/rel): 2.42e-12/1.21e-12
Dual infeasibility   (abs/rel): 9.20e-11/8.36e-11
Complementarity gap  (abs/rel): 1.29e-11/1.18e-11


Barrier finished in 0.22 seconds
Dual variables for problems with quadratic constraints not returned.
