cuOpt version: 26.10.0, git hash: 648f805d, host arch: x86_64, device archs: 80-real
CPU: AMD EPYC 7642 48-Core Processor, threads: 5C/5T, RAM usage: 26.60/503.74GiB
CPU SIMD target: AVX2
CUDA 12.9, device: NVIDIA A100 80GB PCIe (ID 0), VRAM: 79.44 GiB
CUDA device UUID: 68df5cf5-71f9-6a93-b428-460c080ffb10
Problem has 1 quadratic constraints. Converting to second-order cones and solving with barrier.
Handling 50 free variables directly in augmented system
Presolved problem: 5103 constraints 10102 variables 265152 nonzeros
Skipping Ruiz equilibration (row norm ratio 1.4, column norm ratio 1.4 < 5e4, Q coeff ratio 1.0 < 100)
Barrier solver started at 0.026 seconds
Barrier solver: 5103 constraints, 10102 variables, 265152 nonzeros


Second-order cones          : 1
Free variables              : 50
Upper bounds                : 5000
Linear system               : augmented
cuDSS Version               : 0.7.1
cuDSS Threading layer       : libcudss_mtlayer_gomp.so.0
Reordering time             : 0.069s
Symbolic factorization time : 0.023s
Symbolic nonzeros in factor : 2.79e+05
Elapsed time for augmented  : 0.125 seconds
Elapsed time           : 0.126 seconds
Barrier setup complete at 0.126 seconds
Adaptive regularization enabled


                  Objective                         Infeasibility        Time
Iter   Primal              Dual                Primal   Dual    Compl.   Elapsed
  0   -4.988372699896e-02 -2.507067875879e+03 5.00e+00 9.29e+00 1.02e+02 0.139
  1   -5.003839918697e-02 -2.710454301154e+02 5.31e-01 6.51e-01 1.37e+01 0.144
  2   -5.138686342691e-02 -4.512005330958e+01 8.53e-02 1.11e+00 2.68e+00 0.149
  3   -5.777816407003e-02 -5.254392158126e+00 8.53e-03 2.92e-01 2.73e-01 0.154
  4   -6.190635931619e-02 -1.243928820219e+00 1.93e-03 6.84e-02 6.14e-02 0.159
  5   -7.283365696139e-02 -2.847203468850e-01 1.94e-04 6.99e-03 6.61e-03 0.164
  6   -8.308281578884e-02 -1.597246620520e-01 6.57e-05 2.37e-03 2.23e-03 0.169
  7   -8.975213971455e-02 -1.222716360081e-01 1.43e-05 5.17e-04 3.93e-04 0.174
  8   -9.483557300141e-02 -1.079565185585e-01 5.20e-06 1.88e-04 9.40e-05 0.179
  9   -9.660378495586e-02 -1.029176844742e-01 2.24e-06 8.08e-05 4.23e-05 0.184
 10   -9.758457979281e-02 -1.003565467163e-01 7.27e-07 2.63e-05 1.06e-05 0.189
 11   -9.805503065002e-02 -9.932548195138e-02 2.79e-07 1.01e-05 6.44e-06 0.195
 12   -9.835857537273e-02 -9.873528713683e-02 5.35e-08 1.93e-06 1.21e-06 0.200
 13   -9.847502784595e-02 -9.855672781291e-02 1.08e-08 3.88e-07 2.12e-07 0.205
 14   -9.850219009091e-02 -9.851653040302e-02 1.84e-09 6.63e-08 3.11e-08 0.210
 15   -9.850708180870e-02 -9.850938275792e-02 2.92e-10 1.06e-08 4.11e-09 0.215
 16   -9.850786940219e-02 -9.850823631747e-02 4.64e-11 1.68e-09 5.24e-10 0.220
 17   -9.850799580977e-02 -9.850805275140e-02 7.18e-12 5.46e-10 7.00e-11 0.225
 18   -9.850801512556e-02 -9.850802474513e-02 1.21e-12 5.88e-11 1.18e-11 0.230


Optimal solution found in 18 iterations and 0.230s
Objective -9.85080151e-02
Primal infeasibility (abs/rel): 2.42e-12/1.21e-12
Dual infeasibility   (abs/rel): 6.48e-11/5.88e-11
Complementarity gap  (abs/rel): 1.29e-11/1.18e-11


Barrier finished in 0.23 seconds
Dual variables for problems with quadratic constraints not returned.
