cuOpt version: 26.10.0, git hash: 648f805d, host arch: x86_64, device archs: 80-real
CPU: AMD EPYC 7642 48-Core Processor, threads: 5C/5T, RAM usage: 26.63/503.74GiB
CPU SIMD target: AVX2
CUDA 12.9, device: NVIDIA A100 80GB PCIe (ID 0), VRAM: 79.44 GiB
CUDA device UUID: 68df5cf5-71f9-6a93-b428-460c080ffb10
Problem has 1 quadratic constraints. Converting to second-order cones and solving with barrier.
Handling 50 free variables directly in augmented system
Presolved problem: 5103 constraints 10102 variables 265152 nonzeros
Skipping Ruiz equilibration (row norm ratio 1.4, column norm ratio 1.4 < 5e4, Q coeff ratio 1.0 < 100)
Barrier solver started at 0.028 seconds
Barrier solver: 5103 constraints, 10102 variables, 265152 nonzeros


Second-order cones          : 1
Free variables              : 50
Upper bounds                : 5000
Linear system               : augmented
cuDSS Version               : 0.7.1
cuDSS Threading layer       : libcudss_mtlayer_gomp.so.0
Reordering time             : 0.053s
Symbolic factorization time : 0.023s
Symbolic nonzeros in factor : 2.79e+05
Elapsed time for augmented  : 0.110 seconds
Elapsed time           : 0.110 seconds
Barrier setup complete at 0.110 seconds
Adaptive regularization enabled


                  Objective                         Infeasibility        Time
Iter   Primal              Dual                Primal   Dual    Compl.   Elapsed
  0   -4.988371096227e-02 -2.507067875879e+03 5.00e+00 9.29e+00 1.02e+02 0.125
  1   -5.003838306636e-02 -2.710454932353e+02 5.31e-01 6.51e-01 1.37e+01 0.130
  2   -5.138684587663e-02 -4.512015771330e+01 8.53e-02 1.11e+00 2.68e+00 0.135
  3   -5.777826017995e-02 -5.254379466905e+00 8.53e-03 2.92e-01 2.73e-01 0.140
  4   -6.190658382080e-02 -1.243943513426e+00 1.93e-03 6.84e-02 6.14e-02 0.145
  5   -7.283337633484e-02 -2.847279284139e-01 1.94e-04 6.99e-03 6.61e-03 0.150
  6   -8.308249146717e-02 -1.597259961198e-01 6.57e-05 2.37e-03 2.23e-03 0.155
  7   -8.975225205608e-02 -1.222714211546e-01 1.43e-05 5.17e-04 3.93e-04 0.160
  8   -9.483558843989e-02 -1.079564473593e-01 5.20e-06 1.88e-04 9.40e-05 0.165
  9   -9.660377942428e-02 -1.029176863732e-01 2.24e-06 8.08e-05 4.23e-05 0.170
 10   -9.758457029115e-02 -1.003565694120e-01 7.27e-07 2.63e-05 1.06e-05 0.175
 11   -9.805502526809e-02 -9.932548823835e-02 2.79e-07 1.01e-05 6.44e-06 0.180
 12   -9.835857125808e-02 -9.873529318738e-02 5.35e-08 1.93e-06 1.21e-06 0.185
 13   -9.847502664373e-02 -9.855672951063e-02 1.08e-08 3.88e-07 2.12e-07 0.190
 14   -9.850218987617e-02 -9.851653070422e-02 1.84e-09 6.63e-08 3.11e-08 0.196
 15   -9.850708177881e-02 -9.850938279945e-02 2.92e-10 1.06e-08 4.11e-09 0.201
 16   -9.850786939796e-02 -9.850823632330e-02 4.64e-11 1.66e-09 5.24e-10 0.206
 17   -9.850799580881e-02 -9.850805275275e-02 7.18e-12 5.13e-10 7.00e-11 0.211
 18   -9.850801512551e-02 -9.850802474519e-02 1.21e-12 5.77e-11 1.18e-11 0.216


Optimal solution found in 18 iterations and 0.216s
Objective -9.85080151e-02
Primal infeasibility (abs/rel): 2.42e-12/1.21e-12
Dual infeasibility   (abs/rel): 6.36e-11/5.77e-11
Complementarity gap  (abs/rel): 1.29e-11/1.18e-11


Barrier finished in 0.22 seconds
Dual variables for problems with quadratic constraints not returned.
