cuOpt version: 26.10.0, git hash: 648f805d, host arch: x86_64, device archs: 80-real
CPU: AMD EPYC 7642 48-Core Processor, threads: 5C/5T, RAM usage: 14.88/503.74GiB
CPU SIMD target: AVX2
CUDA 12.9, device: NVIDIA A100 80GB PCIe (ID 0), VRAM: 79.44 GiB
CUDA device UUID: 68df5cf5-71f9-6a93-b428-460c080ffb10
Problem has 1 quadratic constraints. Converting to second-order cones and solving with barrier.
Handling 50 free variables directly in augmented system
Presolved problem: 5103 constraints 10102 variables 265152 nonzeros
Skipping Ruiz equilibration (row norm ratio 1.4, column norm ratio 1.4 < 5e4, Q coeff ratio 1.0 < 100)
Barrier solver started at 0.03 seconds
Barrier solver: 5103 constraints, 10102 variables, 265152 nonzeros


Second-order cones          : 1
Free variables              : 50
Upper bounds                : 5000
Linear system               : augmented
cuDSS Version               : 0.7.1
cuDSS Threading layer       : libcudss_mtlayer_gomp.so.0
Reordering time             : 0.05s
Symbolic factorization time : 0.02s
Symbolic nonzeros in factor : 2.79e+05
Barrier setup complete at 0.11 seconds
Elapsed time                : 0.11s
Adaptive regularization enabled


                  Objective                         Infeasibility        Time
Iter   Primal              Dual                Primal   Dual    Compl.   Elapsed
  0   -4.991080132140e-02 -2.507003389386e+03 5.00e+00 9.28e+00 1.02e+02 0.1
  1   -5.008133658364e-02 -4.732588374793e+01 8.40e-02 1.64e+00 5.54e+00 0.1
  2   -5.999380180374e-02 -1.458079582141e+00 8.40e-04 4.67e-01 1.31e-01 0.1
  3   -6.436388847443e-02 -2.677296136152e-01 1.22e-04 6.77e-02 1.92e-02 0.1
  4   -7.536144075003e-02 -2.152804611195e-01 4.86e-05 2.70e-02 7.35e-03 0.1
  5   -8.854669724322e-02 -1.251904957169e-01 1.17e-05 6.53e-03 1.76e-03 0.1
  6   -9.399627132754e-02 -1.081400914423e-01 2.03e-06 1.13e-03 2.24e-04 0.2
  7   -9.509997163925e-02 -1.047058047957e-01 1.08e-06 6.04e-04 1.80e-04 0.2
  8   -9.746130049722e-02 -1.005147927229e-01 3.06e-07 1.70e-04 5.68e-05 0.2
  9   -9.822740862927e-02 -9.904917609890e-02 6.05e-08 3.37e-05 1.90e-05 0.2
 10   -9.851854888206e-02 -9.860476971084e-02 5.77e-09 3.22e-06 1.35e-06 0.2
 11   -9.855122301758e-02 -9.855643014864e-02 3.47e-10 1.93e-07 3.96e-08 0.2
 12   -9.855309704115e-02 -9.855365359985e-02 3.58e-11 1.99e-08 2.22e-09 0.2
 13   -9.855330274314e-02 -9.855336071315e-02 3.11e-12 1.60e-09 1.32e-10 0.2
 14   -9.855332235854e-02 -9.855333338849e-02 5.26e-13 4.92e-10 2.77e-11 0.2
 15   -9.855332647186e-02 -9.855332789134e-02 5.10e-14 4.88e-08 2.86e-12 0.2
 16   -9.855332696371e-02 -9.855332726526e-02 9.16e-15 8.01e-09 5.61e-13 0.2


Optimal solution found in 16 iterations and 0.202s
Objective -9.85533270e-02
Primal infeasibility (abs/rel): 1.83e-14/9.16e-15
Dual infeasibility   (abs/rel): 8.83e-09/8.01e-09
Complementarity gap  (abs/rel): 6.16e-13/5.61e-13


Barrier finished in 0.20 seconds
Dual variables for problems with quadratic constraints not returned.
