cuOpt version: 26.10.0, git hash: 648f805d, host arch: x86_64, device archs: 80-real
CPU: AMD EPYC 7642 48-Core Processor, threads: 5C/5T, RAM usage: 14.72/503.74GiB
CPU SIMD target: AVX2
CUDA 12.9, device: NVIDIA A100 80GB PCIe (ID 0), VRAM: 79.44 GiB
CUDA device UUID: 68df5cf5-71f9-6a93-b428-460c080ffb10
Problem has 1 quadratic constraints. Converting to second-order cones and solving with barrier.
Handling 50 free variables directly in augmented system
Presolved problem: 5103 constraints 10102 variables 265152 nonzeros
Skipping Ruiz equilibration (row norm ratio 1.4, column norm ratio 1.4 < 5e4, Q coeff ratio 1.0 < 100)
Barrier solver started at 0.03 seconds
Barrier solver: 5103 constraints, 10102 variables, 265152 nonzeros


Second-order cones          : 1
Free variables              : 50
Upper bounds                : 5000
Linear system               : augmented
cuDSS Version               : 0.7.1
cuDSS Threading layer       : libcudss_mtlayer_gomp.so.0
Reordering time             : 0.15s
Symbolic factorization time : 0.02s
Symbolic nonzeros in factor : 2.79e+05
Barrier setup complete at 0.21 seconds
Elapsed time                : 0.21s
Adaptive regularization enabled


                  Objective                         Infeasibility        Time
Iter   Primal              Dual                Primal   Dual    Compl.   Elapsed
  0   -4.990233009164e-02 -2.507004013074e+03 5.00e+00 9.29e+00 1.02e+02 0.2
  1   -5.007266082848e-02 -4.783606839142e+01 8.50e-02 1.64e+00 5.56e+00 0.2
  2   -5.982973703342e-02 -1.496935558715e+00 8.50e-04 4.71e-01 1.33e-01 0.2
  3   -6.403003970334e-02 -2.649215567696e-01 1.18e-04 6.56e-02 1.87e-02 0.2
  4   -7.545585087017e-02 -2.122946929424e-01 4.86e-05 2.70e-02 7.38e-03 0.2
  5   -8.838010990456e-02 -1.258752932253e-01 1.20e-05 6.66e-03 1.81e-03 0.2
  6   -9.279568848793e-02 -1.101343566541e-01 2.32e-06 1.29e-03 3.13e-04 0.2
  7   -9.573770718771e-02 -1.034694538522e-01 9.03e-07 5.01e-04 1.46e-04 0.3
  8   -9.775885137541e-02 -9.961415081050e-02 1.22e-07 6.77e-05 1.27e-05 0.3
  9   -9.828667929556e-02 -9.877835196514e-02 2.28e-08 1.27e-05 1.76e-06 0.3
 10   -9.840221389204e-02 -9.859798854217e-02 5.65e-09 3.13e-06 1.17e-06 0.3
 11   -9.847720509003e-02 -9.850265913128e-02 6.52e-10 3.62e-07 1.63e-07 0.3
 12   -9.848702013439e-02 -9.849025019405e-02 8.23e-11 4.57e-08 2.31e-08 0.3
 13   -9.848831479770e-02 -9.848860844903e-02 7.46e-12 4.15e-09 1.94e-09 0.3
 14   -9.848843857132e-02 -9.848845153940e-02 3.29e-13 9.97e-11 5.72e-11 0.3
 15   -9.848844407574e-02 -9.848844463597e-02 1.18e-14 3.36e-10 1.53e-12 0.3


Optimal solution found in 15 iterations and 0.293s
Objective -9.84884441e-02
Primal infeasibility (abs/rel): 2.35e-14/1.18e-14
Dual infeasibility   (abs/rel): 3.70e-10/3.36e-10
Complementarity gap  (abs/rel): 1.68e-12/1.53e-12


Barrier finished in 0.30 seconds
Dual variables for problems with quadratic constraints not returned.
