cuOpt version: 26.10.0, git hash: 648f805d, host arch: x86_64, device archs: 80-real
CPU: AMD EPYC 7642 48-Core Processor, threads: 5C/5T, RAM usage: 14.68/503.74GiB
CPU SIMD target: AVX2
CUDA 12.9, device: NVIDIA A100 80GB PCIe (ID 0), VRAM: 79.44 GiB
CUDA device UUID: 68df5cf5-71f9-6a93-b428-460c080ffb10
Problem has 1 quadratic constraints. Converting to second-order cones and solving with barrier.
Handling 50 free variables directly in augmented system
Presolved problem: 5103 constraints 10102 variables 265152 nonzeros
Skipping Ruiz equilibration (row norm ratio 1.4, column norm ratio 1.4 < 5e4, Q coeff ratio 1.0 < 100)
Barrier solver started at 0.03 seconds
Barrier solver: 5103 constraints, 10102 variables, 265152 nonzeros


Second-order cones          : 1
Free variables              : 50
Upper bounds                : 5000
Linear system               : augmented
cuDSS Version               : 0.7.1
cuDSS Threading layer       : libcudss_mtlayer_gomp.so.0
Reordering time             : 0.05s
Symbolic factorization time : 0.02s
Symbolic nonzeros in factor : 2.79e+05
Barrier setup complete at 0.11 seconds
Elapsed time                : 0.11s
Adaptive regularization enabled


                  Objective                         Infeasibility        Time
Iter   Primal              Dual                Primal   Dual    Compl.   Elapsed
  0   -4.990154395525e-02 -2.507006163305e+03 5.00e+00 9.28e+00 1.02e+02 0.1
  1   -5.007190496554e-02 -4.743038445949e+01 8.42e-02 1.64e+00 5.54e+00 0.1
  2   -5.993002285089e-02 -1.489014975299e+00 8.42e-04 4.67e-01 1.31e-01 0.1
  3   -6.411336640604e-02 -2.684436206196e-01 1.20e-04 6.66e-02 1.89e-02 0.1
  4   -7.769040209411e-02 -1.998038369218e-01 3.68e-05 2.05e-02 5.35e-03 0.1
  5   -8.969055793795e-02 -1.207795164734e-01 8.68e-06 4.83e-03 1.27e-03 0.1
  6   -9.383948957835e-02 -1.086574837342e-01 2.21e-06 1.23e-03 2.41e-04 0.2
  7   -9.497309043293e-02 -1.051223054474e-01 1.20e-06 6.70e-04 1.94e-04 0.2
  8   -9.739984826800e-02 -1.007840248256e-01 3.77e-07 2.10e-04 7.15e-05 0.2
  9   -9.820788317826e-02 -9.922625675081e-02 8.84e-08 4.92e-05 2.15e-05 0.2
 10   -9.855510349911e-02 -9.866208135745e-02 8.20e-09 4.56e-06 1.18e-06 0.2
 11   -9.859407579269e-02 -9.860274641772e-02 6.51e-10 3.62e-07 2.13e-08 0.2
 12   -9.859684698839e-02 -9.859860149796e-02 1.17e-10 6.50e-08 2.14e-09 0.2
 13   -9.859728168185e-02 -9.859795009689e-02 3.55e-11 1.95e-08 1.05e-09 0.2
 14   -9.859746325328e-02 -9.859769824097e-02 9.22e-12 5.00e-09 3.64e-10 0.2
 15   -9.859755508030e-02 -9.859757962415e-02 8.00e-13 6.54e-10 6.52e-11 0.2
 16   -9.859756540383e-02 -9.859756683026e-02 4.46e-14 4.17e-11 4.35e-12 0.2


Optimal solution found in 16 iterations and 0.202s
Objective -9.85975654e-02
Primal infeasibility (abs/rel): 8.92e-14/4.46e-14
Dual infeasibility   (abs/rel): 4.60e-11/4.17e-11
Complementarity gap  (abs/rel): 4.78e-12/4.35e-12


Barrier finished in 0.20 seconds
Dual variables for problems with quadratic constraints not returned.
