cuOpt version: 26.10.0, git hash: 648f805d, host arch: x86_64, device archs: 80-real
CPU: AMD EPYC 7642 48-Core Processor, threads: 5C/5T, RAM usage: 24.87/503.74GiB
CPU SIMD target: AVX2
CUDA 12.9, device: NVIDIA A100 80GB PCIe (ID 0), VRAM: 79.44 GiB
CUDA device UUID: 68df5cf5-71f9-6a93-b428-460c080ffb10
Problem has 1 quadratic constraints. Converting to second-order cones and solving with barrier.
Handling 50 free variables directly in augmented system
Presolved problem: 5103 constraints 10102 variables 265152 nonzeros
Skipping Ruiz equilibration (row norm ratio 1.4, column norm ratio 1.4 < 5e4, Q coeff ratio 1.0 < 100)
Barrier solver started at 0.028 seconds
Barrier solver: 5103 constraints, 10102 variables, 265152 nonzeros


Second-order cones          : 1
Free variables              : 50
Upper bounds                : 5000
Linear system               : augmented
cuDSS Version               : 0.7.1
cuDSS Threading layer       : libcudss_mtlayer_gomp.so.0
cuDSS solve mode            : deterministic
Reordering time             : 0.053s
Symbolic factorization time : 0.024s
Symbolic nonzeros in factor : 2.79e+05
Elapsed time for augmented  : 0.113 seconds
Elapsed time           : 0.113 seconds
Barrier setup complete at 0.113 seconds
Adaptive regularization enabled


                  Objective                         Infeasibility        Time
Iter   Primal              Dual                Primal   Dual    Compl.   Elapsed
  0   -4.992564655152e-02 -6.261712008651e+04 5.00e+00 6.54e+02 7.20e+03 0.157
  1   -4.994615776145e-02 -1.142351458268e+04 8.90e-01 1.13e+02 1.44e+03 0.251
  2   -4.979939060901e-02 -6.080944060353e+03 4.41e-01 5.42e+01 7.00e+02 0.345
  3   -4.981779105549e-02 -1.028947491852e+03 6.83e-02 5.84e+00 1.56e+02 0.456
  4   -4.988098316314e-02 -1.341051416250e+02 8.35e-03 8.10e-01 2.13e+01 0.567
  5   -5.020432248668e-02 -2.648034372037e+01 1.63e-03 3.31e-01 4.08e+00 0.678
  6   -5.164050822187e-02 -6.198995126872e+00 3.64e-04 8.30e-02 8.94e-01 0.789
  7   -5.481931117274e-02 -1.373224371388e+00 5.95e-05 1.41e-02 1.21e-01 0.900
  8   -5.964289461077e-02 -4.299373312433e-01 1.65e-05 3.90e-03 3.47e-02 1.011
  9   -7.296879146331e-02 -2.044296213346e-01 3.37e-06 7.99e-04 7.00e-03 1.122
 10   -8.460067643907e-02 -1.327349325518e-01 1.03e-06 2.44e-04 2.17e-03 1.233
 11   -9.164450276449e-02 -1.138260066751e-01 3.22e-07 7.63e-05 6.06e-04 1.310
 12   -9.670854717570e-02 -1.024311773519e-01 7.19e-08 1.70e-05 8.48e-05 1.386
 13   -9.784534996795e-02 -9.990831076057e-02 2.43e-08 5.76e-06 2.76e-05 1.464
 14   -9.832404677340e-02 -9.887998562641e-02 6.19e-09 1.47e-06 6.32e-06 1.541
 15   -9.846339040921e-02 -9.859481496444e-02 1.41e-09 3.34e-07 1.29e-06 1.619
 16   -9.850028169198e-02 -9.852278273947e-02 2.39e-10 5.66e-08 1.85e-07 1.696
 17   -9.850684752491e-02 -9.851023981397e-02 3.58e-11 8.50e-09 2.45e-08 1.773
 18   -9.850784921216e-02 -9.850834004541e-02 5.18e-12 1.23e-09 2.95e-09 1.851
 19   -9.850799407045e-02 -9.850806618714e-02 7.60e-13 1.92e-10 3.57e-10 1.928
 20   -9.850801516758e-02 -9.850802639462e-02 4.42e-13 3.86e-09 4.50e-11 1.988
 21   -9.850801840207e-02 -9.850802029249e-02 1.99e-13 8.87e-08 5.83e-12 2.048
 22   -9.850801893764e-02 -9.850801927936e-02 3.61e-14 1.56e-08 1.07e-12 2.125
 23   -9.850801903101e-02 -9.850801910356e-02 7.72e-15 3.29e-09 2.73e-13 2.202


Optimal solution found in 23 iterations and 2.202s
Objective -9.85080190e-02
Primal infeasibility (abs/rel): 1.54e-14/7.72e-15
Dual infeasibility   (abs/rel): 3.62e-09/3.29e-09
Complementarity gap  (abs/rel): 3.00e-13/2.73e-13


Barrier finished in 2.20 seconds
Dual variables for problems with quadratic constraints not returned.
