cuOpt version: 26.10.0, git hash: 648f805d, host arch: x86_64, device archs: 80-real
CPU: AMD EPYC 7642 48-Core Processor, threads: 5C/5T, RAM usage: 25.91/503.74GiB
CPU SIMD target: AVX2
CUDA 12.9, device: NVIDIA A100 80GB PCIe (ID 0), VRAM: 79.44 GiB
CUDA device UUID: 68df5cf5-71f9-6a93-b428-460c080ffb10
Problem has 1 quadratic constraints. Converting to second-order cones and solving with barrier.
Handling 50 free variables directly in augmented system
Presolved problem: 5103 constraints 10102 variables 265152 nonzeros
Skipping Ruiz equilibration (row norm ratio 1.4, column norm ratio 1.4 < 5e4, Q coeff ratio 1.0 < 100)
Barrier solver started at 0.026 seconds
Barrier solver: 5103 constraints, 10102 variables, 265152 nonzeros


Second-order cones          : 1
Free variables              : 50
Upper bounds                : 5000
Linear system               : augmented
cuDSS Version               : 0.7.1
cuDSS Threading layer       : libcudss_mtlayer_gomp.so.0
cuDSS solve mode            : deterministic
Reordering time             : 0.054s
Symbolic factorization time : 0.024s
Symbolic nonzeros in factor : 2.79e+05
Elapsed time for augmented  : 0.111 seconds
Elapsed time           : 0.111 seconds
Barrier setup complete at 0.111 seconds
Adaptive regularization enabled


                  Objective                         Infeasibility        Time
Iter   Primal              Dual                Primal   Dual    Compl.   Elapsed
  0   -3.702779911923e+02 -3.710340990992e+02 3.71e+03 1.91e+00 1.19e-02 0.112
  1   -4.137413965078e+00 -3.474555508912e+02 4.01e+01 2.77e-01 6.49e-02 0.207
  2   -1.039627881816e-01 -2.487502701009e+01 4.69e-01 7.85e-03 4.78e-03 0.285
  3   -5.494259749550e-02 -6.426390295601e-01 4.69e-03 7.91e-05 1.48e-04 0.363
  4   -5.853147883895e-02 -1.362046779042e-01 6.19e-04 1.04e-05 1.73e-05 0.440
  5   -6.730421863221e-02 -1.383594196589e-01 4.88e-04 8.22e-06 3.14e-05 0.518
  6   -6.898407367603e-02 -1.386008917923e-01 4.45e-04 7.50e-06 4.26e-05 0.596
  7   -8.252091794331e-02 -1.224963597772e-01 2.25e-04 3.80e-06 7.32e-05 0.674
  8   -8.268114833392e-02 -1.222822697650e-01 2.09e-04 3.53e-06 6.77e-05 0.769
  9   -8.383691471948e-02 -1.216691216751e-01 1.75e-04 2.95e-06 1.72e-04 0.863
 10   -8.546472970101e-02 -1.197750613793e-01 1.12e-04 1.88e-06 1.69e-04 0.941
 11   -8.753101205248e-02 -1.152999351024e-01 6.41e-05 1.08e-06 3.89e-04 1.052
 12   -9.549973572632e-02 -1.030620287457e-01 1.25e-05 2.11e-07 8.56e-05 1.130
 13   -9.695192121781e-02 -1.005109373965e-01 4.45e-06 7.49e-08 4.28e-05 1.207
 14   -9.798380789209e-02 -9.895345354948e-02 9.93e-07 1.67e-08 9.27e-06 1.285
 15   -9.830540480463e-02 -9.849455965603e-02 9.78e-08 1.65e-09 6.11e-07 1.363
 16   -9.836747571947e-02 -9.841452109061e-02 1.82e-08 2.99e-10 1.90e-07 1.440
 17   -9.838644827221e-02 -9.839174275554e-02 1.77e-09 3.32e-11 1.98e-08 1.518
 18   -9.838859214168e-02 -9.838915600037e-02 1.79e-10 1.26e-11 2.96e-09 1.596
 19   -9.838883521833e-02 -9.838886711967e-02 1.01e-11 7.56e-12 1.57e-10 1.674
 20   -9.838884914552e-02 -9.838885071331e-02 4.55e-13 1.12e-07 4.99e-12 1.717
 21   -9.838884978581e-02 -9.838884994721e-02 2.84e-13 9.34e-08 6.16e-13 1.778
 22   -9.838884986115e-02 -9.838884986679e-02 3.06e-14 9.63e-08 1.89e-14 1.838
 23   -9.838884986411e-02 -9.838884986422e-02 6.11e-16 1.88e-09 2.28e-16 1.917


Optimal solution found in 23 iterations and 1.917s
Objective -9.83888499e-02
Primal infeasibility (abs/rel): 1.22e-15/6.11e-16
Dual infeasibility   (abs/rel): 2.07e-09/1.88e-09
Complementarity gap  (abs/rel): 2.51e-16/2.28e-16


Barrier finished in 1.92 seconds
Dual variables for problems with quadratic constraints not returned.
