cuOpt version: 26.10.0, git hash: 648f805d, host arch: x86_64, device archs: 80-real
CPU: AMD EPYC 7642 48-Core Processor, threads: 5C/5T, RAM usage: 37.43/503.74GiB
CPU SIMD target: AVX2
CUDA 12.9, device: NVIDIA A100 80GB PCIe (ID 0), VRAM: 79.44 GiB
CUDA device UUID: 68df5cf5-71f9-6a93-b428-460c080ffb10
Problem has 1 quadratic constraints. Converting to second-order cones and solving with barrier.
Barrier: reusing cache (skip convert/presolve/scaling)
Barrier solver started at 0.000 seconds
Barrier solver: 5103 constraints, 10102 variables, 265152 nonzeros
Barrier setup complete at 0.000 seconds
Adaptive regularization enabled


                  Objective                         Infeasibility        Time
Iter   Primal              Dual                Primal   Dual    Compl.   Elapsed
  0   -3.704291987375e+02 -3.711395609108e+02 3.71e+03 1.91e+00 1.19e-02 0.001
  1   -4.138240121015e+00 -3.475611537449e+02 4.01e+01 2.77e-01 6.50e-02 0.006
  2   -1.039773673472e-01 -2.488455848350e+01 4.69e-01 7.85e-03 4.78e-03 0.011
  3   -5.495207890613e-02 -6.428341782401e-01 4.69e-03 7.91e-05 1.48e-04 0.015
  4   -5.854039328334e-02 -1.366925924249e-01 6.23e-04 1.05e-05 1.75e-05 0.019
  5   -6.604986175883e-02 -1.385362852789e-01 5.11e-04 8.60e-06 2.69e-05 0.023
  6   -6.790324127449e-02 -1.389601490282e-01 4.66e-04 7.86e-06 2.96e-05 0.027
  7   -8.303250566976e-02 -1.229863554049e-01 2.19e-04 3.69e-06 5.72e-05 0.031
  8   -8.344811563720e-02 -1.225112634365e-01 1.93e-04 3.25e-06 6.87e-05 0.035
  9   -8.415635939126e-02 -1.222342535839e-01 1.72e-04 2.89e-06 1.24e-04 0.040
 10   -8.638236893917e-02 -1.192144838915e-01 1.32e-04 2.23e-06 9.51e-05 0.044
 11   -8.613025293708e-02 -1.187881789639e-01 1.26e-04 2.13e-06 1.56e-04 0.049
 12   -9.211930488460e-02 -1.096231831339e-01 6.17e-05 1.04e-06 6.89e-05 0.053
 13   -9.284615212004e-02 -1.081499307094e-01 4.70e-05 7.93e-07 9.81e-05 0.058
 14   -9.588080877139e-02 -1.034061722144e-01 2.05e-05 3.45e-07 5.26e-05 0.062
 15   -9.595684687803e-02 -1.029402359103e-01 1.65e-05 2.78e-07 7.05e-05 0.067
 16   -9.732801111182e-02 -1.009842561745e-01 7.98e-06 1.34e-07 3.47e-05 0.071
 17   -9.754839892251e-02 -1.005084520510e-01 5.34e-06 8.99e-08 4.06e-05 0.076
 18   -9.817798915396e-02 -9.960431298981e-02 2.26e-06 3.81e-08 1.83e-05 0.081
 19   -9.831848282830e-02 -9.934775749058e-02 1.27e-06 2.14e-08 1.50e-05 0.086
 20   -9.860290965832e-02 -9.895835586991e-02 3.52e-07 5.94e-09 5.17e-06 0.090
 21   -9.870326028092e-02 -9.881809183862e-02 8.23e-08 1.39e-09 1.90e-06 0.095
 22   -9.874349795254e-02 -9.876857408831e-02 1.73e-08 2.91e-10 4.21e-07 0.099
 23   -9.875294183337e-02 -9.875621704236e-02 1.23e-09 2.07e-11 4.02e-08 0.104
 24   -9.875428481188e-02 -9.875464800981e-02 1.36e-10 2.28e-12 4.49e-09 0.108
 25   -9.875443399158e-02 -9.875446686893e-02 9.57e-12 1.41e-13 3.09e-10 0.112
 26   -9.875444811263e-02 -9.875445030318e-02 6.31e-13 3.13e-08 1.80e-11 0.115
 27   -9.875444897956e-02 -9.875444930630e-02 9.37e-14 4.64e-09 2.73e-12 0.119


Optimal solution found in 27 iterations and 0.119s
Objective -9.87544490e-02
Primal infeasibility (abs/rel): 1.87e-13/9.37e-14
Dual infeasibility   (abs/rel): 5.11e-09/4.64e-09
Complementarity gap  (abs/rel): 3.00e-12/2.73e-12


Barrier finished in 0.12 seconds
Dual variables for problems with quadratic constraints not returned.
