cuOpt version: 26.10.0, git hash: 648f805d, host arch: x86_64, device archs: 80-real
CPU: AMD EPYC 7642 48-Core Processor, threads: 5C/5T, RAM usage: 39.97/503.74GiB
CPU SIMD target: AVX2
CUDA 12.9, device: NVIDIA A100 80GB PCIe (ID 0), VRAM: 79.44 GiB
CUDA device UUID: 68df5cf5-71f9-6a93-b428-460c080ffb10
Problem has 1 quadratic constraints. Converting to second-order cones and solving with barrier.
Handling 50 free variables directly in augmented system
Presolved problem: 5103 constraints 10102 variables 265152 nonzeros
Skipping Ruiz equilibration (row norm ratio 1.4, column norm ratio 1.4 < 5e4, Q coeff ratio 1.0 < 100)
Barrier solver started at 0.026 seconds
Barrier solver: 5103 constraints, 10102 variables, 265152 nonzeros


Second-order cones          : 1
Free variables              : 50
Upper bounds                : 5000
Linear system               : augmented
cuDSS Version               : 0.7.1
cuDSS Threading layer       : libcudss_mtlayer_gomp.so.0
Reordering time             : 0.061s
Symbolic factorization time : 0.023s
Symbolic nonzeros in factor : 2.79e+05
Elapsed time for augmented  : 0.117 seconds
Elapsed time           : 0.117 seconds
Barrier setup complete at 0.117 seconds
Adaptive regularization enabled


                  Objective                         Infeasibility        Time
Iter   Primal              Dual                Primal   Dual    Compl.   Elapsed
  0   -3.701605598740e+02 -3.710234169387e+02 3.71e+03 1.91e+00 1.19e-02 0.117
  1   -3.741054734067e+01 -3.495882843009e+02 3.74e+02 7.84e-02 1.66e-02 0.120
  2   -3.887937424462e+00 -2.097219591192e+02 3.80e+01 4.70e-02 1.33e-02 0.123
  3   -4.429600752589e-01 -3.237980311243e+01 3.86e+00 5.32e-03 4.56e-03 0.126
  4   -9.287886646664e-02 -4.511798583109e+00 4.09e-01 5.69e-04 6.47e-04 0.129
  5   -5.627296277732e-02 -7.108185218397e-01 4.09e-02 5.69e-05 8.81e-05 0.132
  6   -5.675915965791e-02 -2.026243658242e-01 9.03e-03 1.26e-05 1.79e-05 0.135
  7   -6.888229907845e-02 -1.400990309943e-01 3.96e-03 5.52e-06 7.57e-06 0.138
  8   -7.287822203480e-02 -1.383136584146e-01 3.34e-03 4.67e-06 1.84e-05 0.141
  9   -7.610925372152e-02 -1.355459829131e-01 2.79e-03 3.92e-06 3.64e-05 0.144
 10   -8.087316541042e-02 -1.298397569396e-01 2.02e-03 2.84e-06 5.26e-05 0.147
 11   -8.196678102533e-02 -1.284888957517e-01 1.67e-03 2.38e-06 5.28e-05 0.150
 12   -8.703913268010e-02 -1.201270978418e-01 9.97e-04 1.42e-06 5.44e-05 0.153
 13   -8.777571454626e-02 -1.172967525018e-01 7.19e-04 1.04e-06 1.84e-04 0.156
 14   -9.271122842382e-02 -1.085897907835e-01 3.18e-04 4.64e-07 1.14e-04 0.158
 15   -9.553767892032e-02 -1.034395345828e-01 1.33e-04 1.95e-07 5.56e-05 0.161
 16   -9.738505422271e-02 -1.003410244084e-01 4.04e-05 5.48e-08 1.24e-05 0.164
 17   -9.798807224995e-02 -9.931110487849e-02 1.49e-05 1.88e-08 5.31e-06 0.167
 18   -9.829710913175e-02 -9.880448720010e-02 4.38e-06 8.45e-09 2.57e-06 0.170
 19   -9.847163774089e-02 -9.855906419278e-02 7.36e-07 4.24e-09 3.80e-07 0.173
 20   -9.850141216320e-02 -9.851729553861e-02 1.33e-07 4.86e-09 6.11e-08 0.176
 21   -9.850694710829e-02 -9.850952405895e-02 2.15e-08 5.78e-09 8.79e-09 0.179
 22   -9.850787103982e-02 -9.850822721060e-02 2.96e-09 5.43e-09 1.04e-09 0.182
 23   -9.850799867153e-02 -9.850804786381e-02 4.10e-10 1.09e-07 1.30e-10 0.185
 24   -9.850801607309e-02 -9.850802330186e-02 6.05e-11 2.62e-06 1.69e-11 0.188
 25   -9.850801862670e-02 -9.850801967688e-02 8.84e-12 1.99e-07 2.18e-12 0.191
 26   -9.850801899620e-02 -9.850801914658e-02 1.29e-12 2.84e-06 2.57e-13 0.194
 27   -9.850801904671e-02 -9.850801907234e-02 2.28e-13 6.55e-05 4.78e-14 0.197
 28   -9.850801905504e-02 -9.850801905938e-02 4.39e-14 4.39e-04 1.05e-14 0.200
 29   -9.850801905605e-02 -9.850801905739e-02 1.82e-14 3.12e-03 3.41e-15 0.203
Numerical error in objective
Restoring previous solution


Suboptimal solution found in 30 iterations and 0.21 seconds
Objective -9.85078710e-02
Primal infeasibility (abs/rel): 5.93e-09/2.96e-09
Dual infeasibility   (abs/rel): 5.98e-09/5.43e-09
Complementarity gap  (abs/rel): 1.14e-09/1.04e-09


Barrier finished in 0.21 seconds
Dual variables for problems with quadratic constraints not returned.
