cuOpt version: 26.10.0, git hash: 648f805d, host arch: x86_64, device archs: 80-real
CPU: AMD EPYC 7642 48-Core Processor, threads: 5C/5T, RAM usage: 39.97/503.74GiB
CPU SIMD target: AVX2
CUDA 12.9, device: NVIDIA A100 80GB PCIe (ID 0), VRAM: 79.44 GiB
CUDA device UUID: 68df5cf5-71f9-6a93-b428-460c080ffb10
Problem has 1 quadratic constraints. Converting to second-order cones and solving with barrier.
Handling 50 free variables directly in augmented system
Presolved problem: 5103 constraints 10102 variables 265152 nonzeros
Skipping Ruiz equilibration (row norm ratio 1.4, column norm ratio 1.4 < 5e4, Q coeff ratio 1.0 < 100)
Barrier solver started at 0.027 seconds
Barrier solver: 5103 constraints, 10102 variables, 265152 nonzeros


Second-order cones          : 1
Free variables              : 50
Upper bounds                : 5000
Linear system               : augmented
cuDSS Version               : 0.7.1
cuDSS Threading layer       : libcudss_mtlayer_gomp.so.0
Reordering time             : 0.062s
Symbolic factorization time : 0.023s
Symbolic nonzeros in factor : 2.79e+05
Elapsed time for augmented  : 0.119 seconds
Elapsed time           : 0.119 seconds
Barrier setup complete at 0.119 seconds
Adaptive regularization enabled


                  Objective                         Infeasibility        Time
Iter   Primal              Dual                Primal   Dual    Compl.   Elapsed
  0   -3.704296579021e+02 -3.711143874095e+02 3.71e+03 1.91e+00 1.19e-02 0.120
  1   -3.743805307945e+01 -3.496794821105e+02 3.74e+02 7.84e-02 1.66e-02 0.123
  2   -3.890892603274e+00 -2.098000848635e+02 3.81e+01 4.70e-02 1.33e-02 0.126
  3   -4.432644689156e-01 -3.239481420139e+01 3.86e+00 5.32e-03 4.56e-03 0.129
  4   -9.292787356447e-02 -4.513226456203e+00 4.09e-01 5.69e-04 6.47e-04 0.132
  5   -5.630208097290e-02 -7.110613473980e-01 4.09e-02 5.69e-05 8.81e-05 0.135
  6   -5.679115458249e-02 -2.028173655504e-01 9.03e-03 1.26e-05 1.79e-05 0.137
  7   -6.885150902268e-02 -1.407273407845e-01 4.00e-03 5.57e-06 7.64e-06 0.140
  8   -7.258871904165e-02 -1.393006730031e-01 3.43e-03 4.78e-06 1.78e-05 0.143
  9   -7.504650688677e-02 -1.376440057255e-01 2.99e-03 4.18e-06 3.86e-05 0.146
 10   -7.959333538138e-02 -1.323717339846e-01 2.28e-03 3.21e-06 6.84e-05 0.149
 11   -8.076571003051e-02 -1.311923722785e-01 1.89e-03 2.69e-06 7.26e-05 0.152
 12   -8.623964373424e-02 -1.226284037366e-01 1.10e-03 1.56e-06 6.79e-05 0.155
 13   -8.791721823059e-02 -1.184098076569e-01 7.44e-04 1.07e-06 1.45e-04 0.158
 14   -9.323285903590e-02 -1.086322149989e-01 3.17e-04 4.60e-07 7.57e-05 0.161
 15   -9.543165630214e-02 -1.045150231072e-01 1.39e-04 2.04e-07 3.89e-05 0.164
 16   -9.737225575614e-02 -1.012379974135e-01 5.18e-05 7.31e-08 1.38e-05 0.167
 17   -9.813396941407e-02 -9.988791742262e-02 1.81e-05 2.61e-08 5.79e-06 0.170
 18   -9.850905667040e-02 -9.926539658047e-02 5.95e-06 1.29e-08 3.99e-06 0.172
 19   -9.876128923615e-02 -9.891001822340e-02 1.07e-06 3.69e-09 6.55e-07 0.175
 20   -9.881065283277e-02 -9.884131053788e-02 2.02e-07 4.70e-09 1.12e-07 0.178
 21   -9.882154075316e-02 -9.882650461999e-02 3.24e-08 3.83e-09 1.60e-08 0.181
 22   -9.882338852388e-02 -9.882399876503e-02 3.99e-09 5.64e-09 1.84e-09 0.184
 23   -9.882361782600e-02 -9.882368716485e-02 4.54e-10 1.00e-07 2.07e-10 0.187
 24   -9.882364378750e-02 -9.882365174861e-02 5.22e-11 1.92e-06 2.41e-11 0.190
 25   -9.882364679518e-02 -9.882364763150e-02 5.48e-12 2.77e-06 2.53e-12 0.193
 26   -9.882364711162e-02 -9.882364719783e-02 5.63e-13 2.14e-05 2.60e-13 0.196
 27   -9.882364714436e-02 -9.882364715324e-02 5.71e-14 1.49e-04 2.63e-14 0.199
 28   -9.882364714778e-02 -9.882364714871e-02 5.88e-15 2.14e-03 2.75e-15 0.202
 29   -9.882364714812e-02 -9.882364714830e-02 8.88e-16 3.79e-03 5.02e-16 0.205
Numerical error in objective
Restoring previous solution


Suboptimal solution found in 30 iterations and 0.21 seconds
Objective -9.88233885e-02
Primal infeasibility (abs/rel): 7.98e-09/3.99e-09
Dual infeasibility   (abs/rel): 6.22e-09/5.64e-09
Complementarity gap  (abs/rel): 2.02e-09/1.84e-09


Barrier finished in 0.21 seconds
Dual variables for problems with quadratic constraints not returned.
