cuOpt version: 26.10.0, git hash: 648f805d, host arch: x86_64, device archs: 80-real
CPU: AMD EPYC 7642 48-Core Processor, threads: 5C/5T, RAM usage: 39.97/503.74GiB
CPU SIMD target: AVX2
CUDA 12.9, device: NVIDIA A100 80GB PCIe (ID 0), VRAM: 79.44 GiB
CUDA device UUID: 68df5cf5-71f9-6a93-b428-460c080ffb10
Problem has 1 quadratic constraints. Converting to second-order cones and solving with barrier.
Handling 50 free variables directly in augmented system
Presolved problem: 5103 constraints 10102 variables 265152 nonzeros
Skipping Ruiz equilibration (row norm ratio 1.4, column norm ratio 1.4 < 5e4, Q coeff ratio 1.0 < 100)
Barrier solver started at 0.026 seconds
Barrier solver: 5103 constraints, 10102 variables, 265152 nonzeros


Second-order cones          : 1
Free variables              : 50
Upper bounds                : 5000
Linear system               : augmented
cuDSS Version               : 0.7.1
cuDSS Threading layer       : libcudss_mtlayer_gomp.so.0
Reordering time             : 0.053s
Symbolic factorization time : 0.026s
Symbolic nonzeros in factor : 2.79e+05
Elapsed time for augmented  : 0.112 seconds
Elapsed time           : 0.112 seconds
Barrier setup complete at 0.112 seconds
Adaptive regularization enabled


                  Objective                         Infeasibility        Time
Iter   Primal              Dual                Primal   Dual    Compl.   Elapsed
  0   -3.704490508896e+02 -3.710981922775e+02 3.71e+03 1.91e+00 1.19e-02 0.112
  1   -3.743964467633e+01 -3.496632394489e+02 3.74e+02 7.84e-02 1.66e-02 0.115
  2   -3.890973967300e+00 -2.097851600003e+02 3.80e+01 4.70e-02 1.33e-02 0.118
  3   -4.433049755093e-01 -3.239282439983e+01 3.86e+00 5.32e-03 4.56e-03 0.121
  4   -9.294831978253e-02 -4.513914907428e+00 4.09e-01 5.69e-04 6.48e-04 0.124
  5   -5.630835787625e-02 -7.111924373220e-01 4.09e-02 5.69e-05 8.82e-05 0.127
  6   -5.679488030289e-02 -2.026136033718e-01 9.02e-03 1.26e-05 1.79e-05 0.130
  7   -6.896530078359e-02 -1.398856225033e-01 3.95e-03 5.50e-06 7.54e-06 0.133
  8   -7.265414224210e-02 -1.383512926119e-01 3.39e-03 4.74e-06 1.52e-05 0.136
  9   -7.517423299441e-02 -1.367378148155e-01 2.94e-03 4.12e-06 3.18e-05 0.139
 10   -8.010500235426e-02 -1.310526189966e-01 2.18e-03 3.07e-06 5.61e-05 0.142
 11   -8.097107724945e-02 -1.301714529895e-01 1.87e-03 2.66e-06 6.37e-05 0.145
 12   -8.583611903194e-02 -1.223433681178e-01 1.22e-03 1.74e-06 6.63e-05 0.148
 13   -8.644708003186e-02 -1.199860195869e-01 9.35e-04 1.35e-06 1.63e-04 0.150
 14   -9.130500770231e-02 -1.112989509393e-01 4.56e-04 6.64e-07 1.28e-04 0.153
 15   -9.468300006062e-02 -1.049463261542e-01 1.98e-04 2.90e-07 7.18e-05 0.156
 16   -9.695715766723e-02 -1.010557052251e-01 6.64e-05 9.21e-08 1.77e-05 0.159
 17   -9.770226950599e-02 -9.967226094072e-02 2.37e-05 3.29e-08 8.18e-06 0.162
 18   -9.815207495069e-02 -9.892737729023e-02 6.96e-06 1.32e-08 4.43e-06 0.165
 19   -9.841130576455e-02 -9.856112292085e-02 1.20e-06 4.47e-09 6.72e-07 0.168
 20   -9.846151515724e-02 -9.849169115046e-02 2.40e-07 4.98e-09 1.18e-07 0.171
 21   -9.847187954657e-02 -9.847734134280e-02 4.29e-08 3.41e-09 1.83e-08 0.174
 22   -9.847384543932e-02 -9.847463019783e-02 6.13e-09 6.61e-09 2.26e-09 0.177
 23   -9.847412770449e-02 -9.847424165795e-02 8.91e-10 2.77e-08 2.98e-10 0.180
 24   -9.847416898658e-02 -9.847418478577e-02 1.24e-10 1.99e-06 3.84e-11 0.183
 25   -9.847417482664e-02 -9.847417671914e-02 1.48e-11 1.40e-06 4.48e-12 0.186
 26   -9.847417553611e-02 -9.847417573398e-02 1.55e-12 2.33e-06 4.75e-13 0.189
 27   -9.847417561028e-02 -9.847417563072e-02 1.57e-13 1.59e-04 4.91e-14 0.192
 28   -9.847417561799e-02 -9.847417562019e-02 1.58e-14 1.51e-05 5.67e-15 0.194
 29   -9.847417561885e-02 -9.847417561913e-02 2.89e-15 3.43e-04 1.34e-15 0.197
 30   -9.847417561894e-02 -9.847417561905e-02 1.55e-15 1.07e-02 1.31e-16 0.200
Numerical error in objective
Restoring previous solution


Suboptimal solution found in 31 iterations and 0.20 seconds
Objective -9.84738454e-02
Primal infeasibility (abs/rel): 1.23e-08/6.13e-09
Dual infeasibility   (abs/rel): 7.29e-09/6.61e-09
Complementarity gap  (abs/rel): 2.48e-09/2.26e-09


Barrier finished in 0.20 seconds
Dual variables for problems with quadratic constraints not returned.
