cuOpt version: 26.10.0, git hash: 648f805d, host arch: x86_64, device archs: 80-real
CPU: AMD EPYC 7642 48-Core Processor, threads: 5C/5T, RAM usage: 39.97/503.74GiB
CPU SIMD target: AVX2
CUDA 12.9, device: NVIDIA A100 80GB PCIe (ID 0), VRAM: 79.44 GiB
CUDA device UUID: 68df5cf5-71f9-6a93-b428-460c080ffb10
Problem has 1 quadratic constraints. Converting to second-order cones and solving with barrier.
Handling 50 free variables directly in augmented system
Presolved problem: 5103 constraints 10102 variables 265152 nonzeros
Skipping Ruiz equilibration (row norm ratio 1.4, column norm ratio 1.4 < 5e4, Q coeff ratio 1.0 < 100)
Barrier solver started at 0.025 seconds
Barrier solver: 5103 constraints, 10102 variables, 265152 nonzeros


Second-order cones          : 1
Free variables              : 50
Upper bounds                : 5000
Linear system               : augmented
cuDSS Version               : 0.7.1
cuDSS Threading layer       : libcudss_mtlayer_gomp.so.0
Reordering time             : 0.054s
Symbolic factorization time : 0.023s
Symbolic nonzeros in factor : 2.79e+05
Elapsed time for augmented  : 0.110 seconds
Elapsed time           : 0.110 seconds
Barrier setup complete at 0.110 seconds
Adaptive regularization enabled


                  Objective                         Infeasibility        Time
Iter   Primal              Dual                Primal   Dual    Compl.   Elapsed
  0   -3.704340093575e+02 -3.710959393425e+02 3.71e+03 1.91e+00 1.19e-02 0.110
  1   -3.743763586528e+01 -3.496609895273e+02 3.74e+02 7.84e-02 1.66e-02 0.113
  2   -3.890628866699e+00 -2.097811374324e+02 3.80e+01 4.70e-02 1.33e-02 0.116
  3   -4.432462278588e-01 -3.238991854587e+01 3.86e+00 5.32e-03 4.56e-03 0.119
  4   -9.292768449160e-02 -4.512426129013e+00 4.09e-01 5.69e-04 6.47e-04 0.122
  5   -5.630707224585e-02 -7.109235174865e-01 4.09e-02 5.69e-05 8.81e-05 0.125
  6   -5.680194927831e-02 -2.023098114471e-01 9.00e-03 1.25e-05 1.78e-05 0.128
  7   -6.898517614941e-02 -1.400411212717e-01 3.96e-03 5.51e-06 7.56e-06 0.131
  8   -7.329874500909e-02 -1.381748635204e-01 3.30e-03 4.60e-06 1.91e-05 0.134
  9   -7.581246329717e-02 -1.362790212933e-01 2.85e-03 3.99e-06 3.78e-05 0.137
 10   -8.015304608395e-02 -1.311148270901e-01 2.17e-03 3.05e-06 7.10e-05 0.140
 11   -8.113158297362e-02 -1.301326544342e-01 1.83e-03 2.60e-06 8.07e-05 0.143
 12   -8.444883440938e-02 -1.250428395780e-01 1.26e-03 1.80e-06 8.07e-05 0.145
 13   -8.640650768356e-02 -1.208270893509e-01 9.05e-04 1.30e-06 1.14e-04 0.148
 14   -9.203112055731e-02 -1.101678190767e-01 4.10e-04 5.95e-07 6.80e-05 0.151
 15   -9.482979442414e-02 -1.051563258875e-01 2.02e-04 2.95e-07 2.86e-05 0.154
 16   -9.648807563127e-02 -1.022014064639e-01 1.01e-04 1.48e-07 1.31e-05 0.157
 17   -9.718060292507e-02 -1.006707312133e-01 4.36e-05 7.42e-08 1.98e-05 0.160
 18   -9.812728610659e-02 -9.919332301579e-02 1.08e-05 1.23e-08 4.52e-06 0.163
 19   -9.841174889081e-02 -9.876005800268e-02 3.19e-06 3.46e-09 1.44e-06 0.166
 20   -9.852524117097e-02 -9.859321387586e-02 5.78e-07 1.96e-09 2.27e-07 0.169
 21   -9.854922743894e-02 -9.855913310812e-02 8.39e-08 2.77e-09 3.09e-08 0.172
 22   -9.855277685308e-02 -9.855410655968e-02 1.13e-08 1.07e-08 3.78e-09 0.175
 23   -9.855325654431e-02 -9.855342715796e-02 1.44e-09 2.83e-08 4.33e-10 0.178
 24   -9.855331806738e-02 -9.855333992727e-02 1.85e-10 8.34e-07 4.80e-11 0.181
 25   -9.855332595078e-02 -9.855332873645e-02 2.36e-11 2.40e-06 5.49e-12 0.183
 26   -9.855332697026e-02 -9.855332728476e-02 2.68e-12 2.27e-05 6.02e-13 0.186
 27   -9.855332708601e-02 -9.855332711892e-02 2.79e-13 1.12e-04 6.22e-14 0.189
 28   -9.855332709810e-02 -9.855332710163e-02 2.82e-14 1.88e-04 6.47e-15 0.192
 29   -9.855332709936e-02 -9.855332709990e-02 4.11e-15 9.57e-03 9.39e-16 0.195
Numerical error in objective
Primal residual -nan dual residual -nan complementarity residual -nan
Search direction computation failed
Barrier finished in 0.20 seconds
Barrier Solve status A numerical error was encountered.
Dual variables for problems with quadratic constraints not returned.
