cuOpt version: 26.10.0, git hash: 648f805d, host arch: x86_64, device archs: 80-real
CPU: AMD EPYC 7642 48-Core Processor, threads: 5C/5T, RAM usage: 39.97/503.74GiB
CPU SIMD target: AVX2
CUDA 12.9, device: NVIDIA A100 80GB PCIe (ID 0), VRAM: 79.44 GiB
CUDA device UUID: 68df5cf5-71f9-6a93-b428-460c080ffb10
Problem has 1 quadratic constraints. Converting to second-order cones and solving with barrier.
Handling 50 free variables directly in augmented system
Presolved problem: 5103 constraints 10102 variables 265152 nonzeros
Skipping Ruiz equilibration (row norm ratio 1.4, column norm ratio 1.4 < 5e4, Q coeff ratio 1.0 < 100)
Barrier solver started at 0.027 seconds
Barrier solver: 5103 constraints, 10102 variables, 265152 nonzeros


Second-order cones          : 1
Free variables              : 50
Upper bounds                : 5000
Linear system               : augmented
cuDSS Version               : 0.7.1
cuDSS Threading layer       : libcudss_mtlayer_gomp.so.0
Reordering time             : 0.053s
Symbolic factorization time : 0.023s
Symbolic nonzeros in factor : 2.79e+05
Elapsed time for augmented  : 0.110 seconds
Elapsed time           : 0.110 seconds
Barrier setup complete at 0.110 seconds
Adaptive regularization enabled


                  Objective                         Infeasibility        Time
Iter   Primal              Dual                Primal   Dual    Compl.   Elapsed
  0   -3.704562062107e+02 -3.710714720587e+02 3.71e+03 1.91e+00 1.19e-02 0.110
  1   -3.744059807482e+01 -3.496365224492e+02 3.74e+02 7.84e-02 1.66e-02 0.113
  2   -3.891132533993e+00 -2.097631414317e+02 3.80e+01 4.70e-02 1.33e-02 0.116
  3   -4.433137570064e-01 -3.238797490888e+01 3.86e+00 5.32e-03 4.56e-03 0.119
  4   -9.294120477757e-02 -4.512297791929e+00 4.09e-01 5.69e-04 6.47e-04 0.122
  5   -5.631271530446e-02 -7.109228934841e-01 4.09e-02 5.69e-05 8.82e-05 0.125
  6   -5.680269448974e-02 -2.025392000233e-01 9.02e-03 1.25e-05 1.79e-05 0.128
  7   -6.898842488932e-02 -1.397398182961e-01 3.94e-03 5.48e-06 7.52e-06 0.131
  8   -7.285439440397e-02 -1.380109991119e-01 3.36e-03 4.68e-06 1.55e-05 0.134
  9   -7.453550040335e-02 -1.371981306044e-01 3.01e-03 4.22e-06 2.76e-05 0.137
 10   -8.146624884686e-02 -1.281501678424e-01 2.07e-03 2.91e-06 5.59e-05 0.140
 11   -8.329283883909e-02 -1.260599280577e-01 1.48e-03 2.11e-06 6.80e-05 0.142
 12   -8.493423612101e-02 -1.233267958761e-01 1.16e-03 1.66e-06 6.97e-05 0.145
 13   -8.887894900458e-02 -1.158457717517e-01 6.84e-04 9.85e-07 7.46e-05 0.148
 14   -9.340738867898e-02 -1.073741823277e-01 2.96e-04 4.33e-07 6.77e-05 0.151
 15   -9.550798298163e-02 -1.038907544920e-01 1.57e-04 2.27e-07 3.16e-05 0.154
 16   -9.635969555861e-02 -1.019084833411e-01 7.31e-05 1.15e-07 4.76e-05 0.157
 17   -9.784142235361e-02 -9.966147805247e-02 2.04e-05 2.59e-08 1.21e-05 0.160
 18   -9.824103557421e-02 -9.905325622669e-02 8.62e-06 7.79e-09 5.73e-06 0.163
 19   -9.844424899492e-02 -9.874523152222e-02 2.96e-06 3.86e-09 2.25e-06 0.166
 20   -9.853397197291e-02 -9.861389586650e-02 7.44e-07 3.18e-09 6.01e-07 0.169
 21   -9.856270916915e-02 -9.857277979400e-02 9.29e-08 3.53e-09 7.06e-08 0.172
 22   -9.856637342074e-02 -9.856756153720e-02 1.10e-08 2.99e-09 7.88e-09 0.175
 23   -9.856680429609e-02 -9.856694747167e-02 1.32e-09 1.45e-09 8.85e-10 0.178
 24   -9.856685605315e-02 -9.856687356299e-02 1.62e-10 2.41e-07 1.00e-10 0.181
 25   -9.856686237826e-02 -9.856686449451e-02 1.97e-11 5.58e-06 1.11e-11 0.183
 26   -9.856686314529e-02 -9.856686338513e-02 2.26e-12 1.06e-06 1.19e-12 0.186
 27   -9.856686323214e-02 -9.856686325640e-02 2.33e-13 1.20e-05 1.24e-13 0.189
 28   -9.856686324059e-02 -9.856686324323e-02 2.56e-14 1.44e-04 1.38e-14 0.192
 29   -9.856686324143e-02 -9.856686324189e-02 4.55e-15 1.18e-03 2.12e-15 0.195
 30   -9.856686324154e-02 -9.856686324172e-02 2.00e-15 4.54e-03 3.52e-16 0.198
Numerical error in objective
Restoring previous solution


Suboptimal solution found in 31 iterations and 0.20 seconds
Objective -9.85668043e-02
Primal infeasibility (abs/rel): 2.65e-09/1.32e-09
Dual infeasibility   (abs/rel): 1.59e-09/1.45e-09
Complementarity gap  (abs/rel): 9.72e-10/8.85e-10


Barrier finished in 0.20 seconds
Dual variables for problems with quadratic constraints not returned.
