cuOpt version: 26.10.0, git hash: 648f805d, host arch: x86_64, device archs: 80-real
CPU: AMD EPYC 7642 48-Core Processor, threads: 5C/5T, RAM usage: 39.97/503.74GiB
CPU SIMD target: AVX2
CUDA 12.9, device: NVIDIA A100 80GB PCIe (ID 0), VRAM: 79.44 GiB
CUDA device UUID: 68df5cf5-71f9-6a93-b428-460c080ffb10
Problem has 1 quadratic constraints. Converting to second-order cones and solving with barrier.
Handling 50 free variables directly in augmented system
Presolved problem: 5103 constraints 10102 variables 265152 nonzeros
Skipping Ruiz equilibration (row norm ratio 1.4, column norm ratio 1.4 < 5e4, Q coeff ratio 1.0 < 100)
Barrier solver started at 0.027 seconds
Barrier solver: 5103 constraints, 10102 variables, 265152 nonzeros


Second-order cones          : 1
Free variables              : 50
Upper bounds                : 5000
Linear system               : augmented
cuDSS Version               : 0.7.1
cuDSS Threading layer       : libcudss_mtlayer_gomp.so.0
Reordering time             : 0.056s
Symbolic factorization time : 0.023s
Symbolic nonzeros in factor : 2.79e+05
Elapsed time for augmented  : 0.114 seconds
Elapsed time           : 0.114 seconds
Barrier setup complete at 0.114 seconds
Adaptive regularization enabled


                  Objective                         Infeasibility        Time
Iter   Primal              Dual                Primal   Dual    Compl.   Elapsed
  0   -3.703993037120e+02 -3.711301956175e+02 3.71e+03 1.91e+00 1.19e-02 0.115
  1   -3.743476594121e+01 -3.496952827002e+02 3.74e+02 7.84e-02 1.66e-02 0.118
  2   -3.890536618417e+00 -2.098129356242e+02 3.81e+01 4.70e-02 1.33e-02 0.121
  3   -4.432231735586e-01 -3.239735340610e+01 3.86e+00 5.32e-03 4.56e-03 0.123
  4   -9.291562184499e-02 -4.513380754544e+00 4.09e-01 5.69e-04 6.47e-04 0.126
  5   -5.629490748655e-02 -7.110782645141e-01 4.09e-02 5.69e-05 8.81e-05 0.129
  6   -5.678368793316e-02 -2.029105104850e-01 9.04e-03 1.26e-05 1.79e-05 0.132
  7   -6.879664047832e-02 -1.408537639240e-01 4.01e-03 5.58e-06 7.66e-06 0.135
  8   -7.225663481985e-02 -1.396077107254e-01 3.47e-03 4.85e-06 1.83e-05 0.138
  9   -7.532518009485e-02 -1.372344807007e-01 2.97e-03 4.16e-06 4.38e-05 0.141
 10   -7.794390873778e-02 -1.350657452703e-01 2.44e-03 3.44e-06 6.31e-05 0.144
 11   -8.204029231128e-02 -1.295533820121e-01 1.77e-03 2.51e-06 7.95e-05 0.147
 12   -8.266186861677e-02 -1.282901161605e-01 1.50e-03 2.15e-06 7.70e-05 0.150
 13   -8.640447303789e-02 -1.215098428144e-01 9.99e-04 1.44e-06 9.13e-05 0.153
 14   -8.989450294464e-02 -1.138539881809e-01 5.32e-04 7.74e-07 1.88e-04 0.156
 15   -9.397405102677e-02 -1.064349484939e-01 1.45e-04 2.13e-07 6.18e-05 0.159
 16   -9.669538686360e-02 -1.017372903142e-01 5.32e-05 7.55e-08 3.14e-05 0.162
 17   -9.760615905576e-02 -1.002290798611e-01 2.54e-05 3.24e-08 1.45e-05 0.164
 18   -9.807225383632e-02 -9.936594911180e-02 9.39e-06 1.52e-08 1.02e-05 0.167
 19   -9.849340048860e-02 -9.874469538009e-02 1.56e-06 3.50e-09 1.44e-06 0.170
 20   -9.857729377821e-02 -9.862617219030e-02 3.01e-07 4.35e-09 2.37e-07 0.173
 21   -9.859404274318e-02 -9.860252339415e-02 5.16e-08 3.95e-09 3.49e-08 0.176
 22   -9.859708397364e-02 -9.859824461489e-02 7.05e-09 4.06e-09 4.19e-09 0.179
 23   -9.859750012420e-02 -9.859765902121e-02 9.66e-10 2.06e-08 5.12e-10 0.182
 24   -9.859755685483e-02 -9.859757902181e-02 1.35e-10 2.62e-06 6.39e-11 0.185
 25   -9.859756477051e-02 -9.859756783842e-02 1.87e-11 4.87e-06 7.76e-12 0.188
 26   -9.859756588322e-02 -9.859756626489e-02 2.32e-12 6.97e-06 9.50e-13 0.191
 27   -9.859756602410e-02 -9.859756606558e-02 2.52e-13 5.29e-05 1.03e-13 0.194
 28   -9.859756603924e-02 -9.859756604419e-02 2.98e-14 4.97e-04 1.22e-14 0.197
 29   -9.859756604103e-02 -9.859756604169e-02 3.77e-15 9.87e-04 1.58e-15 0.200
 30   -9.859756604126e-02 -9.859756604138e-02 5.55e-16 2.72e-02 2.87e-16 0.203
Numerical error in objective
Restoring previous solution


Suboptimal solution found in 31 iterations and 0.21 seconds
Objective -9.85970840e-02
Primal infeasibility (abs/rel): 1.41e-08/7.05e-09
Dual infeasibility   (abs/rel): 4.47e-09/4.06e-09
Complementarity gap  (abs/rel): 4.60e-09/4.19e-09


Barrier finished in 0.21 seconds
Dual variables for problems with quadratic constraints not returned.
