cuOpt version: 26.10.0, git hash: 648f805d, host arch: x86_64, device archs: 80-real
CPU: AMD EPYC 7642 48-Core Processor, threads: 5C/5T, RAM usage: 39.97/503.74GiB
CPU SIMD target: AVX2
CUDA 12.9, device: NVIDIA A100 80GB PCIe (ID 0), VRAM: 79.44 GiB
CUDA device UUID: 68df5cf5-71f9-6a93-b428-460c080ffb10
Problem has 1 quadratic constraints. Converting to second-order cones and solving with barrier.
Handling 50 free variables directly in augmented system
Presolved problem: 5103 constraints 10102 variables 265152 nonzeros
Skipping Ruiz equilibration (row norm ratio 1.4, column norm ratio 1.4 < 5e4, Q coeff ratio 1.0 < 100)
Barrier solver started at 0.027 seconds
Barrier solver: 5103 constraints, 10102 variables, 265152 nonzeros


Second-order cones          : 1
Free variables              : 50
Upper bounds                : 5000
Linear system               : augmented
cuDSS Version               : 0.7.1
cuDSS Threading layer       : libcudss_mtlayer_gomp.so.0
Reordering time             : 0.053s
Symbolic factorization time : 0.024s
Symbolic nonzeros in factor : 2.79e+05
Elapsed time for augmented  : 0.111 seconds
Elapsed time           : 0.111 seconds
Barrier setup complete at 0.111 seconds
Adaptive regularization enabled


                  Objective                         Infeasibility        Time
Iter   Primal              Dual                Primal   Dual    Compl.   Elapsed
  0   -3.705152443471e+02 -3.711033693861e+02 3.71e+03 1.91e+00 1.19e-02 0.111
  1   -3.744593021657e+01 -3.496684576181e+02 3.74e+02 7.84e-02 1.66e-02 0.114
  2   -3.891507457209e+00 -2.097876982031e+02 3.80e+01 4.70e-02 1.33e-02 0.117
  3   -4.433598734745e-01 -3.239205143576e+01 3.86e+00 5.32e-03 4.56e-03 0.120
  4   -9.295418055400e-02 -4.513112202181e+00 4.09e-01 5.69e-04 6.47e-04 0.123
  5   -5.631920788350e-02 -7.110530587028e-01 4.09e-02 5.69e-05 8.81e-05 0.126
  6   -5.681228396827e-02 -2.029575755083e-01 9.04e-03 1.26e-05 1.79e-05 0.132
  7   -6.884369739406e-02 -1.408422056693e-01 4.01e-03 5.58e-06 7.65e-06 0.135
  8   -7.336408868720e-02 -1.390158423502e-01 3.29e-03 4.58e-06 2.40e-05 0.138
  9   -7.493816030159e-02 -1.380497867331e-01 2.96e-03 4.15e-06 4.18e-05 0.141
 10   -7.994408853339e-02 -1.314911899018e-01 2.24e-03 3.14e-06 7.17e-05 0.144
 11   -8.185150748056e-02 -1.294872999832e-01 1.68e-03 2.39e-06 8.30e-05 0.147
 12   -8.592289603588e-02 -1.227211064589e-01 1.11e-03 1.59e-06 8.11e-05 0.150
 13   -8.642156439916e-02 -1.206850091025e-01 8.62e-04 1.25e-06 1.34e-04 0.153
 14   -9.097322281278e-02 -1.124595663116e-01 4.87e-04 7.10e-07 1.14e-04 0.156
 15   -9.449661362110e-02 -1.056847595086e-01 2.15e-04 3.16e-07 5.70e-05 0.159
 16   -9.660996643645e-02 -1.019821057342e-01 8.63e-05 1.24e-07 1.76e-05 0.162
 17   -9.754897304438e-02 -1.001928485088e-01 3.01e-05 4.82e-08 1.11e-05 0.165
 18   -9.822218408489e-02 -9.913789688294e-02 8.02e-06 1.05e-08 3.00e-06 0.168
 19   -9.849584158989e-02 -9.873478545959e-02 1.79e-06 2.43e-09 7.08e-07 0.170
 20   -9.857637747661e-02 -9.862339598712e-02 3.46e-07 2.60e-09 1.28e-07 0.173
 21   -9.859309094659e-02 -9.860039964814e-02 5.34e-08 3.08e-09 1.71e-08 0.176
 22   -9.859576262798e-02 -9.859673182687e-02 7.08e-09 2.06e-09 2.00e-09 0.179
 23   -9.859612116175e-02 -9.859623935463e-02 8.64e-10 3.71e-10 2.25e-10 0.182
 24   -9.859616528765e-02 -9.859617857067e-02 9.72e-11 2.71e-06 2.50e-11 0.185
 25   -9.859617028292e-02 -9.859617166127e-02 1.01e-11 8.86e-06 2.60e-12 0.188
 26   -9.859617080123e-02 -9.859617094063e-02 1.03e-12 2.24e-06 2.64e-13 0.191
 27   -9.859617085354e-02 -9.859617086744e-02 1.03e-13 9.30e-05 2.64e-14 0.194
 28   -9.859617085867e-02 -9.859617086018e-02 1.15e-14 1.57e-04 3.66e-15 0.197
 29   -9.859617085912e-02 -9.859617085953e-02 3.44e-15 1.06e-02 1.33e-15 0.200
Numerical error in objective
Restoring previous solution


Suboptimal solution found in 30 iterations and 0.20 seconds
Objective -9.85961212e-02
Primal infeasibility (abs/rel): 1.73e-09/8.64e-10
Dual infeasibility   (abs/rel): 4.09e-10/3.71e-10
Complementarity gap  (abs/rel): 2.47e-10/2.25e-10


Barrier finished in 0.20 seconds
Dual variables for problems with quadratic constraints not returned.
