cuOpt version: 26.10.0, git hash: 648f805d, host arch: x86_64, device archs: 80-real
CPU: AMD EPYC 7642 48-Core Processor, threads: 5C/5T, RAM usage: 39.97/503.74GiB
CPU SIMD target: AVX2
CUDA 12.9, device: NVIDIA A100 80GB PCIe (ID 0), VRAM: 79.44 GiB
CUDA device UUID: 68df5cf5-71f9-6a93-b428-460c080ffb10
Problem has 1 quadratic constraints. Converting to second-order cones and solving with barrier.
Handling 50 free variables directly in augmented system
Presolved problem: 5103 constraints 10102 variables 265152 nonzeros
Skipping Ruiz equilibration (row norm ratio 1.4, column norm ratio 1.4 < 5e4, Q coeff ratio 1.0 < 100)
Barrier solver started at 0.027 seconds
Barrier solver: 5103 constraints, 10102 variables, 265152 nonzeros


Second-order cones          : 1
Free variables              : 50
Upper bounds                : 5000
Linear system               : augmented
cuDSS Version               : 0.7.1
cuDSS Threading layer       : libcudss_mtlayer_gomp.so.0
Reordering time             : 0.053s
Symbolic factorization time : 0.024s
Symbolic nonzeros in factor : 2.79e+05
Elapsed time for augmented  : 0.110 seconds
Elapsed time           : 0.110 seconds
Barrier setup complete at 0.110 seconds
Adaptive regularization enabled


                  Objective                         Infeasibility        Time
Iter   Primal              Dual                Primal   Dual    Compl.   Elapsed
  0   -3.702964190560e+02 -3.711235215740e+02 3.71e+03 1.91e+00 1.19e-02 0.111
  1   -3.742349300541e+01 -3.496884758358e+02 3.74e+02 7.84e-02 1.66e-02 0.114
  2   -3.889054535644e+00 -2.098042040195e+02 3.80e+01 4.70e-02 1.33e-02 0.117
  3   -4.430325563695e-01 -3.239324784533e+01 3.86e+00 5.32e-03 4.56e-03 0.120
  4   -9.287131859387e-02 -4.512039335913e+00 4.09e-01 5.68e-04 6.47e-04 0.123
  5   -5.627559449211e-02 -7.108197095899e-01 4.09e-02 5.69e-05 8.80e-05 0.126
  6   -5.676127111782e-02 -2.028283541336e-01 9.03e-03 1.26e-05 1.79e-05 0.129
  7   -6.872055431452e-02 -1.408420570638e-01 4.01e-03 5.59e-06 7.67e-06 0.132
  8   -7.259020266497e-02 -1.392586934207e-01 3.40e-03 4.74e-06 2.05e-05 0.135
  9   -7.571314863376e-02 -1.366608725889e-01 2.87e-03 4.02e-06 4.96e-05 0.138
 10   -7.917049505393e-02 -1.330912176001e-01 2.23e-03 3.15e-06 8.05e-05 0.140
 11   -8.266994336591e-02 -1.284131115845e-01 1.57e-03 2.24e-06 8.79e-05 0.143
 12   -8.365645102704e-02 -1.266279734974e-01 1.28e-03 1.84e-06 8.45e-05 0.146
 13   -8.597865248840e-02 -1.221399752719e-01 9.32e-04 1.35e-06 7.35e-05 0.149
 14   -8.797480382513e-02 -1.173909142928e-01 6.31e-04 9.30e-07 1.66e-04 0.152
 15   -9.395519294367e-02 -1.062147848469e-01 2.12e-04 3.17e-07 6.86e-05 0.155
 16   -9.601673691737e-02 -1.024255995506e-01 8.72e-05 1.31e-07 2.31e-05 0.158
 17   -9.729813408704e-02 -1.002281530142e-01 3.73e-05 5.45e-08 7.97e-06 0.161
 18   -9.782907412611e-02 -9.921417797039e-02 1.31e-05 2.37e-08 6.47e-06 0.164
 19   -9.819970868352e-02 -9.862574774441e-02 2.56e-06 2.85e-09 1.40e-06 0.167
 20   -9.833918157869e-02 -9.843270507754e-02 5.21e-07 1.83e-09 2.66e-07 0.170
 21   -9.837236281355e-02 -9.838791732272e-02 8.49e-08 2.03e-09 3.81e-08 0.173
 22   -9.837804369731e-02 -9.838030148575e-02 1.23e-08 3.39e-09 4.88e-09 0.176
 23   -9.837887941391e-02 -9.837918038868e-02 1.64e-09 3.09e-08 5.77e-10 0.178
 24   -9.837899243031e-02 -9.837902836859e-02 1.96e-10 1.57e-06 6.36e-11 0.181
 25   -9.837900615254e-02 -9.837900984575e-02 2.02e-11 4.49e-06 6.57e-12 0.184
 26   -9.837900756335e-02 -9.837900793455e-02 2.03e-12 6.44e-06 6.64e-13 0.187
 27   -9.837900770481e-02 -9.837900774251e-02 2.05e-13 3.40e-05 6.69e-14 0.190
 28   -9.837900771895e-02 -9.837900772338e-02 2.33e-14 6.09e-04 7.67e-15 0.193
 29   -9.837900772065e-02 -9.837900772113e-02 2.78e-15 1.08e-04 6.05e-16 0.196
 30   -9.837900772084e-02 -9.837900772089e-02 4.44e-16 3.16e-02 3.29e-16 0.199
Numerical error in objective
Primal residual -nan dual residual -nan complementarity residual -nan
Search direction computation failed
Barrier finished in 0.20 seconds
Barrier Solve status A numerical error was encountered.
Dual variables for problems with quadratic constraints not returned.
