cuOpt version: 26.10.0, git hash: 648f805d, host arch: x86_64, device archs: 80-real
CPU: AMD EPYC 7642 48-Core Processor, threads: 5C/5T, RAM usage: 39.97/503.74GiB
CPU SIMD target: AVX2
CUDA 12.9, device: NVIDIA A100 80GB PCIe (ID 0), VRAM: 79.44 GiB
CUDA device UUID: 68df5cf5-71f9-6a93-b428-460c080ffb10
Problem has 1 quadratic constraints. Converting to second-order cones and solving with barrier.
Handling 50 free variables directly in augmented system
Presolved problem: 5103 constraints 10102 variables 265152 nonzeros
Skipping Ruiz equilibration (row norm ratio 1.4, column norm ratio 1.4 < 5e4, Q coeff ratio 1.0 < 100)
Barrier solver started at 0.026 seconds
Barrier solver: 5103 constraints, 10102 variables, 265152 nonzeros


Second-order cones          : 1
Free variables              : 50
Upper bounds                : 5000
Linear system               : augmented
cuDSS Version               : 0.7.1
cuDSS Threading layer       : libcudss_mtlayer_gomp.so.0
Reordering time             : 0.074s
Symbolic factorization time : 0.023s
Symbolic nonzeros in factor : 2.79e+05
Elapsed time for augmented  : 0.130 seconds
Elapsed time           : 0.130 seconds
Barrier setup complete at 0.130 seconds
Adaptive regularization enabled


                  Objective                         Infeasibility        Time
Iter   Primal              Dual                Primal   Dual    Compl.   Elapsed
  0   -4.993543054602e-02 -2.506879868424e+03 5.00e+00 9.29e+00 1.02e+02 0.133
  1   -5.010604290441e-02 -4.583894007912e+01 8.11e-02 1.65e+00 5.48e+00 0.138
  2   -6.043704255166e-02 -1.218076512629e+00 8.10e-04 4.55e-01 1.26e-01 0.141
  3   -6.653639203029e-02 -3.121495034363e-01 1.70e-04 9.57e-02 2.64e-02 0.144
  4   -7.249891762198e-02 -2.522069439134e-01 9.05e-05 5.09e-02 1.38e-02 0.147
  5   -8.666357655051e-02 -1.392234246625e-01 2.38e-05 1.34e-02 3.59e-03 0.150
  6   -9.108394873535e-02 -1.121225825845e-01 1.08e-06 6.06e-04 1.76e-04 0.153
  7   -9.521062072116e-02 -1.041447230655e-01 4.02e-07 2.21e-04 8.30e-05 0.156
  8   -9.681838164497e-02 -1.007886261309e-01 6.46e-08 3.22e-05 2.52e-05 0.159
  9   -9.789454518633e-02 -9.931747821820e-02 2.05e-08 9.37e-06 7.34e-06 0.161
 10   -9.809587939411e-02 -9.899246448455e-02 1.14e-08 3.96e-06 9.26e-06 0.164
 11   -9.845834184081e-02 -9.853529338715e-02 1.61e-09 2.42e-07 9.58e-07 0.167
 12   -9.849177795068e-02 -9.849430168118e-02 1.86e-10 7.26e-09 2.40e-08 0.170
 13   -9.849279895747e-02 -9.849302299551e-02 3.56e-11 9.65e-09 1.82e-09 0.173
 14   -9.849289174713e-02 -9.849290445263e-02 9.29e-12 2.04e-07 7.86e-11 0.176
 15   -9.849289706649e-02 -9.849289765414e-02 3.20e-13 6.83e-06 4.33e-12 0.179
 16   -9.849289731200e-02 -9.849289734631e-02 3.80e-13 5.58e-05 1.76e-13 0.182
 17   -9.849289733008e-02 -9.849289733365e-02 7.29e-14 8.25e-05 1.33e-14 0.185
 18   -9.849289733242e-02 -9.849289733284e-02 8.05e-15 5.14e-04 3.77e-16 0.188
Numerical error in objective
Restoring previous solution


Suboptimal solution found in 19 iterations and 0.19 seconds
Objective -9.84927990e-02
Primal infeasibility (abs/rel): 7.12e-11/3.56e-11
Dual infeasibility   (abs/rel): 1.06e-08/9.65e-09
Complementarity gap  (abs/rel): 2.00e-09/1.82e-09


Barrier finished in 0.19 seconds
Dual variables for problems with quadratic constraints not returned.
