cuOpt version: 26.10.0, git hash: 648f805d, host arch: x86_64, device archs: 80-real
CPU: AMD EPYC 7642 48-Core Processor, threads: 5C/5T, RAM usage: 39.97/503.74GiB
CPU SIMD target: AVX2
CUDA 12.9, device: NVIDIA A100 80GB PCIe (ID 0), VRAM: 79.44 GiB
CUDA device UUID: 68df5cf5-71f9-6a93-b428-460c080ffb10
Problem has 1 quadratic constraints. Converting to second-order cones and solving with barrier.
Handling 50 free variables directly in augmented system
Presolved problem: 5103 constraints 10102 variables 265152 nonzeros
Skipping Ruiz equilibration (row norm ratio 1.4, column norm ratio 1.4 < 5e4, Q coeff ratio 1.0 < 100)
Barrier solver started at 0.027 seconds
Barrier solver: 5103 constraints, 10102 variables, 265152 nonzeros


Second-order cones          : 1
Free variables              : 50
Upper bounds                : 5000
Linear system               : augmented
cuDSS Version               : 0.7.1
cuDSS Threading layer       : libcudss_mtlayer_gomp.so.0
Reordering time             : 0.190s
Symbolic factorization time : 0.030s
Symbolic nonzeros in factor : 2.79e+05
Elapsed time for augmented  : 0.253 seconds
Elapsed time           : 0.253 seconds
Barrier setup complete at 0.253 seconds
Adaptive regularization enabled


                  Objective                         Infeasibility        Time
Iter   Primal              Dual                Primal   Dual    Compl.   Elapsed
  0   -4.995033215370e-02 -2.506818514660e+03 5.00e+00 9.28e+00 1.02e+02 0.257
  1   -5.012113001485e-02 -4.589494041451e+01 8.12e-02 1.65e+00 5.49e+00 0.260
  2   -6.044353976098e-02 -1.233505880959e+00 8.12e-04 4.56e-01 1.26e-01 0.263
  3   -6.639716204574e-02 -3.074720902861e-01 1.65e-04 9.28e-02 2.57e-02 0.265
  4   -7.151044587509e-02 -2.560288028985e-01 8.83e-05 4.96e-02 1.35e-02 0.268
  5   -8.628565114927e-02 -1.376940430476e-01 2.20e-05 1.24e-02 3.31e-03 0.271
  6   -9.309922833383e-02 -1.111269117265e-01 2.86e-06 1.61e-03 3.71e-04 0.274
  7   -9.647364386182e-02 -1.029416483645e-01 8.85e-07 4.89e-04 1.26e-04 0.277
  8   -9.806383066821e-02 -9.961439296006e-02 7.66e-08 4.14e-05 7.22e-06 0.280
  9   -9.850423350568e-02 -9.899516186282e-02 2.35e-08 1.19e-05 1.93e-06 0.283
 10   -9.860343278333e-02 -9.883658259839e-02 8.77e-09 3.19e-06 1.71e-06 0.286
 11   -9.869561555851e-02 -9.872257571144e-02 7.75e-10 2.66e-07 2.09e-07 0.289
 12   -9.870627301305e-02 -9.870942907368e-02 1.45e-10 3.06e-08 3.52e-08 0.292
 13   -9.870761682787e-02 -9.870780257701e-02 1.77e-11 2.68e-09 2.15e-09 0.295
 14   -9.870769913782e-02 -9.870770481807e-02 2.99e-12 1.00e-07 5.75e-11 0.298
 15   -9.870770124187e-02 -9.870770224294e-02 3.17e-12 8.03e-07 8.31e-12 0.301
 16   -9.870770165359e-02 -9.870770177482e-02 1.80e-12 3.05e-04 3.23e-13 0.304
 17   -9.870770173089e-02 -9.870770173905e-02 3.13e-14 3.25e-04 3.33e-14 0.307
 18   -9.870770173500e-02 -9.870770173540e-02 2.55e-15 5.64e-03 3.29e-15 0.309
Numerical error in objective
Restoring previous solution


Suboptimal solution found in 19 iterations and 0.31 seconds
Objective -9.87076168e-02
Primal infeasibility (abs/rel): 3.54e-11/1.77e-11
Dual infeasibility   (abs/rel): 2.95e-09/2.68e-09
Complementarity gap  (abs/rel): 2.36e-09/2.15e-09


Barrier finished in 0.31 seconds
Dual variables for problems with quadratic constraints not returned.
