cuOpt version: 26.10.0, git hash: 648f805d, host arch: x86_64, device archs: 80-real
CPU: AMD EPYC 7642 48-Core Processor, threads: 5C/5T, RAM usage: 39.98/503.74GiB
CPU SIMD target: AVX2
CUDA 12.9, device: NVIDIA A100 80GB PCIe (ID 0), VRAM: 79.44 GiB
CUDA device UUID: 68df5cf5-71f9-6a93-b428-460c080ffb10
Problem has 1 quadratic constraints. Converting to second-order cones and solving with barrier.
Handling 50 free variables directly in augmented system
Presolved problem: 5103 constraints 10102 variables 265152 nonzeros
Skipping Ruiz equilibration (row norm ratio 1.4, column norm ratio 1.4 < 5e4, Q coeff ratio 1.0 < 100)
Barrier solver started at 0.024 seconds
Barrier solver: 5103 constraints, 10102 variables, 265152 nonzeros


Second-order cones          : 1
Free variables              : 50
Upper bounds                : 5000
Linear system               : augmented
cuDSS Version               : 0.7.1
cuDSS Threading layer       : libcudss_mtlayer_gomp.so.0
Reordering time             : 0.058s
Symbolic factorization time : 0.023s
Symbolic nonzeros in factor : 2.79e+05
Elapsed time for augmented  : 0.113 seconds
Elapsed time           : 0.113 seconds
Barrier setup complete at 0.113 seconds
Adaptive regularization enabled


                  Objective                         Infeasibility        Time
Iter   Primal              Dual                Primal   Dual    Compl.   Elapsed
  0   -4.993837370587e-02 -2.507036107877e+03 5.00e+00 9.29e+00 1.02e+02 0.116
  1   -5.010894750954e-02 -4.628406293627e+01 8.19e-02 1.65e+00 5.50e+00 0.119
  2   -6.032689744423e-02 -1.208897826953e+00 8.19e-04 4.59e-01 1.27e-01 0.122
  3   -6.667173027458e-02 -3.141991562925e-01 1.74e-04 9.78e-02 2.71e-02 0.125
  4   -7.217542017206e-02 -2.528504357426e-01 8.49e-05 4.76e-02 1.30e-02 0.128
  5   -8.669647630774e-02 -1.359641757024e-01 2.11e-05 1.18e-02 3.19e-03 0.131
  6   -9.293488052858e-02 -1.084238448353e-01 8.03e-07 4.51e-04 1.09e-04 0.134
  7   -9.608238696272e-02 -1.021547680766e-01 2.47e-07 1.32e-04 5.27e-05 0.137
  8   -9.755787529285e-02 -9.962700887787e-02 5.82e-08 2.93e-05 8.87e-06 0.140
  9   -9.792987783206e-02 -9.898400467895e-02 2.33e-08 9.12e-06 1.11e-05 0.143
 10   -9.827958383536e-02 -9.853056424015e-02 4.92e-09 1.83e-06 2.47e-06 0.146
 11   -9.836950433854e-02 -9.841373387729e-02 8.53e-10 3.11e-07 5.69e-07 0.149
 12   -9.838805351203e-02 -9.838987108612e-02 1.68e-11 8.27e-09 2.18e-08 0.152
 13   -9.838881596135e-02 -9.838889286998e-02 2.70e-11 2.16e-09 7.01e-10 0.155
 14   -9.838884721403e-02 -9.838885278872e-02 1.32e-11 1.17e-07 2.58e-11 0.157
 15   -9.838884954199e-02 -9.838885020959e-02 1.99e-12 8.66e-06 3.84e-12 0.160
 16   -9.838884981278e-02 -9.838884991327e-02 4.55e-13 1.42e-03 4.72e-13 0.163
 17   -9.838884985220e-02 -9.838884987697e-02 5.43e-14 5.88e-04 1.03e-13 0.166
 18   -9.838884986446e-02 -9.838884986440e-02 1.96e-14 1.87e-03 1.19e-15 0.169
Numerical error in objective
Restoring previous solution


Suboptimal solution found in 19 iterations and 0.17 seconds
Objective -9.83888160e-02
Primal infeasibility (abs/rel): 5.41e-11/2.70e-11
Dual infeasibility   (abs/rel): 2.38e-09/2.16e-09
Complementarity gap  (abs/rel): 7.70e-10/7.01e-10


Barrier finished in 0.17 seconds
Dual variables for problems with quadratic constraints not returned.
