cuOpt version: 26.10.0, git hash: 648f805d, host arch: x86_64, device archs: 80-real
CPU: AMD EPYC 7642 48-Core Processor, threads: 5C/5T, RAM usage: 39.98/503.74GiB
CPU SIMD target: AVX2
CUDA 12.9, device: NVIDIA A100 80GB PCIe (ID 0), VRAM: 79.44 GiB
CUDA device UUID: 68df5cf5-71f9-6a93-b428-460c080ffb10
Problem has 1 quadratic constraints. Converting to second-order cones and solving with barrier.
Handling 50 free variables directly in augmented system
Presolved problem: 5103 constraints 10102 variables 265152 nonzeros
Skipping Ruiz equilibration (row norm ratio 1.4, column norm ratio 1.4 < 5e4, Q coeff ratio 1.0 < 100)
Barrier solver started at 0.027 seconds
Barrier solver: 5103 constraints, 10102 variables, 265152 nonzeros


Second-order cones          : 1
Free variables              : 50
Upper bounds                : 5000
Linear system               : augmented
cuDSS Version               : 0.7.1
cuDSS Threading layer       : libcudss_mtlayer_gomp.so.0
Reordering time             : 0.054s
Symbolic factorization time : 0.023s
Symbolic nonzeros in factor : 2.79e+05
Elapsed time for augmented  : 0.111 seconds
Elapsed time           : 0.111 seconds
Barrier setup complete at 0.111 seconds
Adaptive regularization enabled


                  Objective                         Infeasibility        Time
Iter   Primal              Dual                Primal   Dual    Compl.   Elapsed
  0   -4.994269591567e-02 -2.507004013074e+03 5.00e+00 9.29e+00 1.02e+02 0.114
  1   -5.011336303107e-02 -4.637547850205e+01 8.21e-02 1.65e+00 5.50e+00 0.117
  2   -6.031449411727e-02 -1.213480935452e+00 8.21e-04 4.59e-01 1.28e-01 0.120
  3   -6.661800580565e-02 -3.158470871676e-01 1.75e-04 9.83e-02 2.73e-02 0.123
  4   -7.394177840499e-02 -2.405219988379e-01 7.59e-05 4.26e-02 1.16e-02 0.126
  5   -8.769301151531e-02 -1.332230106100e-01 1.88e-05 1.06e-02 2.84e-03 0.129
  6   -9.225688992145e-02 -1.105781690372e-01 1.90e-06 1.07e-03 2.93e-04 0.132
  7   -9.553337419412e-02 -1.037478332179e-01 7.79e-07 4.29e-04 1.40e-04 0.135
  8   -9.769811935195e-02 -9.969633747466e-02 1.15e-07 6.10e-05 1.34e-05 0.138
  9   -9.825317422808e-02 -9.881743602899e-02 2.21e-08 1.09e-05 1.85e-06 0.141
 10   -9.838857367596e-02 -9.861335822035e-02 7.82e-09 2.68e-06 1.37e-06 0.143
 11   -9.847541157125e-02 -9.850468379914e-02 9.07e-10 2.87e-07 1.90e-07 0.146
 12   -9.848671291026e-02 -9.849060357876e-02 4.16e-11 3.41e-08 2.84e-08 0.149
 13   -9.848830450911e-02 -9.848861740912e-02 4.00e-11 5.60e-09 2.10e-09 0.152
 14   -9.848843779876e-02 -9.848845197217e-02 1.29e-11 1.85e-07 6.41e-11 0.155
 15   -9.848844399280e-02 -9.848844465567e-02 2.49e-12 1.26e-05 1.58e-12 0.158
 16   -9.848844429711e-02 -9.848844433340e-02 7.66e-13 1.48e-04 6.64e-14 0.161
 17   -9.848844431864e-02 -9.848844432472e-02 1.97e-13 6.24e-04 3.66e-15 0.164
 18   -9.848844432390e-02 -9.848844432415e-02 9.16e-15 1.61e-02 1.33e-17 0.167
Numerical error in objective
Restoring previous solution


Suboptimal solution found in 19 iterations and 0.17 seconds
Objective -9.84883045e-02
Primal infeasibility (abs/rel): 8.00e-11/4.00e-11
Dual infeasibility   (abs/rel): 6.17e-09/5.60e-09
Complementarity gap  (abs/rel): 2.31e-09/2.10e-09


Barrier finished in 0.17 seconds
Dual variables for problems with quadratic constraints not returned.
