cuOpt version: 26.10.0, git hash: 648f805d, host arch: x86_64, device archs: 80-real
CPU: AMD EPYC 7642 48-Core Processor, threads: 5C/5T, RAM usage: 39.98/503.74GiB
CPU SIMD target: AVX2
CUDA 12.9, device: NVIDIA A100 80GB PCIe (ID 0), VRAM: 79.44 GiB
CUDA device UUID: 68df5cf5-71f9-6a93-b428-460c080ffb10
Problem has 1 quadratic constraints. Converting to second-order cones and solving with barrier.
Handling 50 free variables directly in augmented system
Presolved problem: 5103 constraints 10102 variables 265152 nonzeros
Skipping Ruiz equilibration (row norm ratio 1.4, column norm ratio 1.4 < 5e4, Q coeff ratio 1.0 < 100)
Barrier solver started at 0.027 seconds
Barrier solver: 5103 constraints, 10102 variables, 265152 nonzeros


Second-order cones          : 1
Free variables              : 50
Upper bounds                : 5000
Linear system               : augmented
cuDSS Version               : 0.7.1
cuDSS Threading layer       : libcudss_mtlayer_gomp.so.0
Reordering time             : 0.058s
Symbolic factorization time : 0.024s
Symbolic nonzeros in factor : 2.79e+05
Elapsed time for augmented  : 0.115 seconds
Elapsed time           : 0.115 seconds
Barrier setup complete at 0.115 seconds
Adaptive regularization enabled


                  Objective                         Infeasibility        Time
Iter   Primal              Dual                Primal   Dual    Compl.   Elapsed
  0   -4.994241254848e-02 -2.507006163305e+03 5.00e+00 9.28e+00 1.02e+02 0.118
  1   -5.011311112377e-02 -4.596914292402e+01 8.13e-02 1.65e+00 5.49e+00 0.121
  2   -6.040814208765e-02 -1.233165110771e+00 8.13e-04 4.56e-01 1.26e-01 0.124
  3   -6.630674301529e-02 -3.176433360884e-01 1.72e-04 9.68e-02 2.68e-02 0.127
  4   -7.293451921827e-02 -2.426986318445e-01 7.23e-05 4.07e-02 1.10e-02 0.130
  5   -8.674586733415e-02 -1.334344553828e-01 1.85e-05 1.04e-02 2.78e-03 0.133
  6   -9.222388177705e-02 -1.133418638711e-01 4.24e-06 2.38e-03 5.81e-04 0.136
  7   -9.576501682787e-02 -1.044796682568e-01 1.58e-06 8.81e-04 2.28e-04 0.139
  8   -9.779478514427e-02 -9.987984765992e-02 2.15e-07 1.17e-04 2.61e-05 0.142
  9   -9.847986173604e-02 -9.877324152088e-02 2.35e-08 1.18e-05 9.04e-07 0.144
 10   -9.856286488664e-02 -9.864349690578e-02 5.77e-09 2.23e-06 2.74e-07 0.147
 11   -9.859001646485e-02 -9.860743466432e-02 1.14e-09 3.98e-07 4.85e-08 0.150
 12   -9.859558068956e-02 -9.859995353401e-02 3.15e-10 7.50e-08 1.36e-08 0.153
 13   -9.859747782476e-02 -9.859767345358e-02 1.34e-11 4.95e-09 7.56e-10 0.156
 14   -9.859755750550e-02 -9.859757599201e-02 5.53e-12 6.68e-08 6.11e-11 0.159
 15   -9.859756554367e-02 -9.859756660014e-02 8.18e-13 1.59e-06 2.28e-12 0.162
 16   -9.859756601372e-02 -9.859756607008e-02 1.10e-13 3.55e-04 1.79e-13 0.165
 17   -9.859756604014e-02 -9.859756604202e-02 2.14e-14 1.34e-03 5.24e-15 0.168
 18   -9.859756604085e-02 -9.859756604148e-02 1.19e-14 1.42e-02 6.57e-16 0.171
Numerical error in objective
Restoring previous solution


Suboptimal solution found in 19 iterations and 0.17 seconds
Objective -9.85974778e-02
Primal infeasibility (abs/rel): 2.67e-11/1.34e-11
Dual infeasibility   (abs/rel): 5.45e-09/4.95e-09
Complementarity gap  (abs/rel): 8.31e-10/7.56e-10


Barrier finished in 0.18 seconds
Dual variables for problems with quadratic constraints not returned.
