cuOpt version: 26.10.0, git hash: 648f805d, host arch: x86_64, device archs: 80-real
CPU: AMD EPYC 7642 48-Core Processor, threads: 5C/5T, RAM usage: 39.98/503.74GiB
CPU SIMD target: AVX2
CUDA 12.9, device: NVIDIA A100 80GB PCIe (ID 0), VRAM: 79.44 GiB
CUDA device UUID: 68df5cf5-71f9-6a93-b428-460c080ffb10
Problem has 1 quadratic constraints. Converting to second-order cones and solving with barrier.
Handling 50 free variables directly in augmented system
Presolved problem: 5103 constraints 10102 variables 265152 nonzeros
Skipping Ruiz equilibration (row norm ratio 1.4, column norm ratio 1.4 < 5e4, Q coeff ratio 1.0 < 100)
Barrier solver started at 0.026 seconds
Barrier solver: 5103 constraints, 10102 variables, 265152 nonzeros


Second-order cones          : 1
Free variables              : 50
Upper bounds                : 5000
Linear system               : augmented
cuDSS Version               : 0.7.1
cuDSS Threading layer       : libcudss_mtlayer_gomp.so.0
Reordering time             : 0.053s
Symbolic factorization time : 0.024s
Symbolic nonzeros in factor : 2.79e+05
Elapsed time for augmented  : 0.110 seconds
Elapsed time           : 0.110 seconds
Barrier setup complete at 0.110 seconds
Adaptive regularization enabled


                  Objective                         Infeasibility        Time
Iter   Primal              Dual                Primal   Dual    Compl.   Elapsed
  0   -4.994692347848e-02 -2.506959949003e+03 5.00e+00 9.28e+00 1.02e+02 0.113
  1   -5.011768236489e-02 -4.663789268680e+01 8.26e-02 1.65e+00 5.51e+00 0.116
  2   -6.026024547369e-02 -1.214556022271e+00 8.26e-04 4.61e-01 1.28e-01 0.119
  3   -6.661795256339e-02 -3.188619465921e-01 1.78e-04 9.98e-02 2.78e-02 0.122
  4   -7.464264986791e-02 -2.379309860228e-01 7.37e-05 4.12e-02 1.12e-02 0.125
  5   -8.837221088416e-02 -1.308438140605e-01 1.75e-05 9.81e-03 2.64e-03 0.128
  6   -9.367369105643e-02 -1.082853523177e-01 1.69e-06 9.47e-04 2.20e-04 0.131
  7   -9.661703769835e-02 -1.020480436532e-01 5.32e-07 2.89e-04 7.85e-05 0.134
  8   -9.807647937975e-02 -9.945931608227e-02 8.15e-08 4.37e-05 8.85e-06 0.136
  9   -9.850360263198e-02 -9.880819225969e-02 1.39e-08 6.40e-06 7.92e-07 0.139
 10   -9.857710187890e-02 -9.870305798817e-02 5.40e-09 1.88e-06 5.37e-07 0.142
 11   -9.862633165254e-02 -9.864148300335e-02 5.17e-10 1.55e-07 6.29e-08 0.145
 12   -9.863204552146e-02 -9.863446850788e-02 9.51e-11 2.55e-08 1.30e-08 0.148
 13   -9.863309489692e-02 -9.863320242294e-02 6.47e-12 2.48e-08 6.39e-10 0.151
 14   -9.863314240674e-02 -9.863314549486e-02 7.46e-13 6.45e-07 1.61e-11 0.154
 15   -9.863314355257e-02 -9.863314410054e-02 1.01e-12 5.29e-05 2.46e-12 0.157
 16   -9.863314379048e-02 -9.863314382652e-02 4.96e-13 4.84e-04 7.00e-14 0.160
 17   -9.863314381259e-02 -9.863314381419e-02 1.42e-14 3.49e-04 4.80e-15 0.163
 18   -9.863314381355e-02 -9.863314381354e-02 2.97e-15 2.38e-03 6.81e-17 0.166
Numerical error in objective
Primal residual -nan dual residual -nan complementarity residual -nan
Search direction computation failed
Barrier finished in 0.17 seconds
Barrier Solve status A numerical error was encountered.
Dual variables for problems with quadratic constraints not returned.
