cuOpt version: 26.10.0, git hash: 648f805d, host arch: x86_64, device archs: 80-real
CPU: AMD EPYC 7642 48-Core Processor, threads: 5C/5T, RAM usage: 39.98/503.74GiB
CPU SIMD target: AVX2
CUDA 12.9, device: NVIDIA A100 80GB PCIe (ID 0), VRAM: 79.44 GiB
CUDA device UUID: 68df5cf5-71f9-6a93-b428-460c080ffb10
Problem has 1 quadratic constraints. Converting to second-order cones and solving with barrier.
Handling 50 free variables directly in augmented system
Presolved problem: 5103 constraints 10102 variables 265152 nonzeros
Skipping Ruiz equilibration (row norm ratio 1.4, column norm ratio 1.4 < 5e4, Q coeff ratio 1.0 < 100)
Barrier solver started at 0.027 seconds
Barrier solver: 5103 constraints, 10102 variables, 265152 nonzeros


Second-order cones          : 1
Free variables              : 50
Upper bounds                : 5000
Linear system               : augmented
cuDSS Version               : 0.7.1
cuDSS Threading layer       : libcudss_mtlayer_gomp.so.0
Reordering time             : 0.056s
Symbolic factorization time : 0.023s
Symbolic nonzeros in factor : 2.79e+05
Elapsed time for augmented  : 0.112 seconds
Elapsed time           : 0.112 seconds
Barrier setup complete at 0.112 seconds
Adaptive regularization enabled


                  Objective                         Infeasibility        Time
Iter   Primal              Dual                Primal   Dual    Compl.   Elapsed
  0   -4.993815836010e-02 -2.506924487080e+03 5.00e+00 9.28e+00 1.02e+02 0.115
  1   -5.010881151017e-02 -4.609063820921e+01 8.16e-02 1.65e+00 5.49e+00 0.119
  2   -6.037132366542e-02 -1.222620076711e+00 8.16e-04 4.57e-01 1.26e-01 0.121
  3   -6.650898365591e-02 -3.083278110995e-01 1.68e-04 9.42e-02 2.61e-02 0.124
  4   -7.309400284683e-02 -2.470800037884e-01 8.25e-05 4.63e-02 1.25e-02 0.127
  5   -8.765558257803e-02 -1.333832983034e-01 1.97e-05 1.11e-02 2.95e-03 0.130
  6   -9.419345848239e-02 -1.085652533031e-01 2.89e-06 1.62e-03 3.60e-04 0.133
  7   -9.643058771183e-02 -1.023715112377e-01 9.41e-07 5.17e-04 1.38e-04 0.136
  8   -9.811134635265e-02 -9.911544056008e-02 5.27e-08 3.04e-05 5.61e-06 0.139
  9   -9.837997578176e-02 -9.872695975547e-02 1.60e-08 9.01e-06 2.11e-06 0.142
 10   -9.845300798216e-02 -9.861381780568e-02 5.91e-09 2.78e-06 1.51e-06 0.145
 11   -9.851398908753e-02 -9.853710418248e-02 1.04e-09 3.65e-07 2.65e-07 0.148
 12   -9.852292347864e-02 -9.852547402231e-02 4.29e-10 3.41e-08 3.27e-08 0.151
 13   -9.852399565100e-02 -9.852411907346e-02 1.60e-11 4.66e-09 1.66e-09 0.154
 14   -9.852404792057e-02 -9.852405368909e-02 3.00e-12 1.20e-07 7.91e-11 0.157
 15   -9.852405047729e-02 -9.852405061602e-02 1.00e-12 3.58e-06 1.57e-12 0.160
 16   -9.852405053516e-02 -9.852405056134e-02 4.83e-13 6.79e-04 1.88e-13 0.162
 17   -9.852405054616e-02 -9.852405055398e-02 2.82e-13 3.62e-03 3.78e-15 0.165
 18   -9.852405055239e-02 -9.852405055379e-02 5.02e-14 1.27e-02 8.06e-16 0.168
Numerical error in objective
Restoring previous solution


Suboptimal solution found in 19 iterations and 0.17 seconds
Objective -9.85239957e-02
Primal infeasibility (abs/rel): 3.19e-11/1.60e-11
Dual infeasibility   (abs/rel): 5.14e-09/4.66e-09
Complementarity gap  (abs/rel): 1.83e-09/1.66e-09


Barrier finished in 0.17 seconds
Dual variables for problems with quadratic constraints not returned.
