cuOpt version: 26.10.0, git hash: 648f805d, host arch: x86_64, device archs: 80-real
CPU: AMD EPYC 7642 48-Core Processor, threads: 5C/5T, RAM usage: 39.98/503.74GiB
CPU SIMD target: AVX2
CUDA 12.9, device: NVIDIA A100 80GB PCIe (ID 0), VRAM: 79.44 GiB
CUDA device UUID: 68df5cf5-71f9-6a93-b428-460c080ffb10
Problem has 1 quadratic constraints. Converting to second-order cones and solving with barrier.
Handling 50 free variables directly in augmented system
Presolved problem: 5103 constraints 10102 variables 265152 nonzeros
Skipping Ruiz equilibration (row norm ratio 1.4, column norm ratio 1.4 < 5e4, Q coeff ratio 1.0 < 100)
Barrier solver started at 0.027 seconds
Barrier solver: 5103 constraints, 10102 variables, 265152 nonzeros


Second-order cones          : 1
Free variables              : 50
Upper bounds                : 5000
Linear system               : augmented
cuDSS Version               : 0.7.1
cuDSS Threading layer       : libcudss_mtlayer_gomp.so.0
Reordering time             : 0.052s
Symbolic factorization time : 0.023s
Symbolic nonzeros in factor : 2.79e+05
Elapsed time for augmented  : 0.109 seconds
Elapsed time           : 0.109 seconds
Barrier setup complete at 0.109 seconds
Adaptive regularization enabled


                  Objective                         Infeasibility        Time
Iter   Primal              Dual                Primal   Dual    Compl.   Elapsed
  0   -4.995018260215e-02 -2.507089044478e+03 5.00e+00 9.28e+00 1.02e+02 0.112
  1   -5.012094911150e-02 -4.634354329145e+01 8.21e-02 1.65e+00 5.50e+00 0.115
  2   -6.034055472364e-02 -1.213394299531e+00 8.21e-04 4.59e-01 1.27e-01 0.118
  3   -6.658956576594e-02 -3.230568790477e-01 1.80e-04 1.01e-01 2.80e-02 0.121
  4   -7.215436013958e-02 -2.532135895494e-01 8.07e-05 4.52e-02 1.24e-02 0.124
  5   -8.596103696534e-02 -1.392755476062e-01 2.17e-05 1.22e-02 3.28e-03 0.127
  6   -9.122603510970e-02 -1.129062110920e-01 1.28e-06 7.19e-04 1.99e-04 0.130
  7   -9.547896634971e-02 -1.044502230824e-01 4.77e-07 2.62e-04 6.75e-05 0.133
  8   -9.703202635019e-02 -1.012835738974e-01 1.87e-07 9.68e-05 3.77e-05 0.136
  9   -9.783672097777e-02 -9.988231686860e-02 5.34e-08 2.81e-05 1.06e-05 0.139
 10   -9.812222192933e-02 -9.941003396768e-02 2.65e-08 1.39e-05 1.66e-05 0.142
 11   -9.856459785914e-02 -9.879489722596e-02 7.70e-09 2.36e-06 3.23e-06 0.145
 12   -9.865811131543e-02 -9.866844761378e-02 9.36e-10 9.39e-08 7.68e-08 0.148
 13   -9.866218198667e-02 -9.866304370263e-02 1.65e-10 9.69e-09 4.28e-09 0.151
 14   -9.866251918947e-02 -9.866258433217e-02 6.51e-11 6.39e-08 1.59e-10 0.154
 15   -9.866254568500e-02 -9.866254851714e-02 2.49e-12 1.96e-05 9.94e-12 0.156
 16   -9.866254683892e-02 -9.866254695108e-02 2.24e-13 1.05e-04 2.80e-13 0.159
 17   -9.866254689131e-02 -9.866254689358e-02 3.10e-14 2.21e-05 4.68e-15 0.162
 18   -9.866254689251e-02 -9.866254689287e-02 7.99e-15 5.91e-03 1.04e-16 0.165
Numerical error in objective
Restoring previous solution


Suboptimal solution found in 19 iterations and 0.17 seconds
Objective -9.86621820e-02
Primal infeasibility (abs/rel): 3.31e-10/1.65e-10
Dual infeasibility   (abs/rel): 1.07e-08/9.69e-09
Complementarity gap  (abs/rel): 4.70e-09/4.28e-09


Barrier finished in 0.17 seconds
Dual variables for problems with quadratic constraints not returned.
