cuOpt version: 26.10.0, git hash: 648f805d, host arch: x86_64, device archs: 80-real
CPU: AMD EPYC 7642 48-Core Processor, threads: 5C/5T, RAM usage: 35.22/503.74GiB
CPU SIMD target: AVX2
CUDA 12.9, device: NVIDIA A100 80GB PCIe (ID 0), VRAM: 79.44 GiB
CUDA device UUID: 68df5cf5-71f9-6a93-b428-460c080ffb10
Problem has 1 quadratic constraints. Converting to second-order cones and solving with barrier.
Handling 50 free variables directly in augmented system
Presolved problem: 5103 constraints 10102 variables 265152 nonzeros
Skipping Ruiz equilibration (row norm ratio 1.4, column norm ratio 1.4 < 5e4, Q coeff ratio 1.0 < 100)
Barrier solver started at 0.027 seconds
Barrier solver: 5103 constraints, 10102 variables, 265152 nonzeros


Second-order cones          : 1
Free variables              : 50
Upper bounds                : 5000
Linear system               : augmented
cuDSS Version               : 0.7.1
cuDSS Threading layer       : libcudss_mtlayer_gomp.so.0
Reordering time             : 0.055s
Symbolic factorization time : 0.023s
Symbolic nonzeros in factor : 2.79e+05
Elapsed time for augmented  : 0.113 seconds
Elapsed time           : 0.113 seconds
Barrier setup complete at 0.113 seconds
Adaptive regularization enabled


                  Objective                         Infeasibility        Time
Iter   Primal              Dual                Primal   Dual    Compl.   Elapsed
  0   -3.703274138474e+02 -3.710708058040e+02 3.71e+03 1.91e+00 1.19e-02 0.114
  1   -3.742708480999e+01 -3.496357995009e+02 3.74e+02 7.84e-02 1.66e-02 0.119
  2   -3.889594778260e+00 -2.097606979413e+02 3.80e+01 4.70e-02 1.33e-02 0.124
  3   -4.431139904004e-01 -3.238533003639e+01 3.86e+00 5.32e-03 4.56e-03 0.129
  4   -9.289583075293e-02 -4.511251100346e+00 4.09e-01 5.68e-04 6.47e-04 0.135
  5   -5.629298461558e-02 -7.107154748535e-01 4.09e-02 5.69e-05 8.80e-05 0.140
  6   -5.678727245614e-02 -2.028270986447e-01 9.03e-03 1.26e-05 1.79e-05 0.145
  7   -6.884626395001e-02 -1.404950219505e-01 3.99e-03 5.55e-06 7.62e-06 0.150
  8   -7.267746706679e-02 -1.389770391686e-01 3.39e-03 4.72e-06 1.92e-05 0.155
  9   -7.595627584520e-02 -1.362000963158e-01 2.85e-03 3.97e-06 4.91e-05 0.160
 10   -7.855673637116e-02 -1.337722371071e-01 2.33e-03 3.25e-06 7.72e-05 0.165
 11   -8.243708339987e-02 -1.285192598806e-01 1.67e-03 2.33e-06 9.33e-05 0.170
 12   -8.282769310370e-02 -1.276141356424e-01 1.46e-03 2.04e-06 9.20e-05 0.175
 13   -8.682801605739e-02 -1.203300484949e-01 9.47e-04 1.32e-06 7.45e-05 0.180
 14   -8.957278278241e-02 -1.142971461876e-01 5.43e-04 7.56e-07 1.55e-04 0.185
 15   -9.497067125805e-02 -1.048302881600e-01 1.69e-04 2.35e-07 4.47e-05 0.190
 16   -9.687965924272e-02 -1.014718658967e-01 7.23e-05 1.01e-07 1.49e-05 0.196
 17   -9.772349830448e-02 -9.998973608510e-02 3.23e-05 4.50e-08 6.53e-06 0.201
 18   -9.817131116245e-02 -9.913707804621e-02 9.53e-06 1.33e-08 5.86e-06 0.206
 19   -9.846844257837e-02 -9.870101864892e-02 2.07e-06 2.88e-09 1.11e-06 0.211
 20   -9.854099400953e-02 -9.859622562002e-02 4.79e-07 6.71e-10 2.58e-07 0.216
 21   -9.856008767603e-02 -9.856886511439e-02 7.52e-08 1.08e-10 3.68e-08 0.221
 22   -9.856325609166e-02 -9.856435675113e-02 9.42e-09 1.76e-11 4.30e-09 0.226
 23   -9.856365688598e-02 -9.856378815476e-02 1.12e-09 3.34e-10 4.97e-10 0.230
 24   -9.856370491148e-02 -9.856372010570e-02 1.30e-10 1.56e-08 5.69e-11 0.235
 25   -9.856371044926e-02 -9.856371226516e-02 1.55e-11 2.15e-07 6.84e-12 0.239
 26   -9.856371112144e-02 -9.856371131465e-02 1.65e-12 5.67e-07 7.26e-13 0.243
 27   -9.856371119320e-02 -9.856371121353e-02 1.73e-13 5.29e-07 7.59e-14 0.247
 28   -9.856371120070e-02 -9.856371120306e-02 1.97e-14 5.68e-06 8.43e-15 0.251
 29   -9.856371120144e-02 -9.856371120205e-02 5.00e-15 1.62e-05 1.25e-15 0.256
 30   -9.856371120160e-02 -9.856371120184e-02 1.89e-15 6.27e-06 4.86e-16 0.261
Numerical error in objective
Restoring previous solution


Suboptimal solution found in 31 iterations and 0.26 seconds
Objective -9.85632561e-02
Primal infeasibility (abs/rel): 1.88e-08/9.42e-09
Dual infeasibility   (abs/rel): 1.94e-11/1.76e-11
Complementarity gap  (abs/rel): 4.72e-09/4.30e-09


Barrier finished in 0.27 seconds
Dual variables for problems with quadratic constraints not returned.
