cuOpt version: 26.10.0, git hash: 648f805d, host arch: x86_64, device archs: 80-real
CPU: AMD EPYC 7642 48-Core Processor, threads: 5C/5T, RAM usage: 35.30/503.74GiB
CPU SIMD target: AVX2
CUDA 12.9, device: NVIDIA A100 80GB PCIe (ID 0), VRAM: 79.44 GiB
CUDA device UUID: 68df5cf5-71f9-6a93-b428-460c080ffb10
Problem has 1 quadratic constraints. Converting to second-order cones and solving with barrier.
Handling 50 free variables directly in augmented system
Presolved problem: 5103 constraints 10102 variables 265152 nonzeros
Skipping Ruiz equilibration (row norm ratio 1.4, column norm ratio 1.4 < 5e4, Q coeff ratio 1.0 < 100)
Barrier solver started at 0.028 seconds
Barrier solver: 5103 constraints, 10102 variables, 265152 nonzeros


Second-order cones          : 1
Free variables              : 50
Upper bounds                : 5000
Linear system               : augmented
cuDSS Version               : 0.7.1
cuDSS Threading layer       : libcudss_mtlayer_gomp.so.0
Reordering time             : 0.056s
Symbolic factorization time : 0.024s
Symbolic nonzeros in factor : 2.79e+05
Elapsed time for augmented  : 0.115 seconds
Elapsed time           : 0.115 seconds
Barrier setup complete at 0.115 seconds
Adaptive regularization enabled


                  Objective                         Infeasibility        Time
Iter   Primal              Dual                Primal   Dual    Compl.   Elapsed
  0   -3.702964190560e+02 -3.711235215740e+02 3.71e+03 1.91e+00 1.19e-02 0.116
  1   -3.742349284839e+01 -3.496884758244e+02 3.74e+02 7.84e-02 1.66e-02 0.121
  2   -3.889054497323e+00 -2.098042035683e+02 3.80e+01 4.70e-02 1.33e-02 0.126
  3   -4.430325509222e-01 -3.239324757035e+01 3.86e+00 5.32e-03 4.56e-03 0.131
  4   -9.287132087755e-02 -4.512039523600e+00 4.09e-01 5.68e-04 6.47e-04 0.136
  5   -5.627559510859e-02 -7.108197356070e-01 4.09e-02 5.69e-05 8.80e-05 0.141
  6   -5.676127134694e-02 -2.028282062658e-01 9.03e-03 1.26e-05 1.79e-05 0.146
  7   -6.872057598590e-02 -1.408419729903e-01 4.01e-03 5.59e-06 7.67e-06 0.152
  8   -7.258982402985e-02 -1.392588273575e-01 3.40e-03 4.73e-06 2.05e-05 0.157
  9   -7.571181217802e-02 -1.366622378194e-01 2.87e-03 4.00e-06 4.96e-05 0.162
 10   -7.916984554495e-02 -1.330919985015e-01 2.23e-03 3.11e-06 8.05e-05 0.167
 11   -8.266762512713e-02 -1.284169221163e-01 1.57e-03 2.19e-06 8.79e-05 0.172
 12   -8.365782351278e-02 -1.266262267831e-01 1.28e-03 1.78e-06 8.45e-05 0.177
 13   -8.597750977018e-02 -1.221423682080e-01 9.32e-04 1.30e-06 7.35e-05 0.182
 14   -8.796964456866e-02 -1.174009789393e-01 6.31e-04 8.79e-07 1.66e-04 0.187
 15   -9.395185347580e-02 -1.062205067582e-01 2.12e-04 2.95e-07 6.87e-05 0.193
 16   -9.601550455322e-02 -1.024278645015e-01 8.72e-05 1.21e-07 2.31e-05 0.198
 17   -9.729755349048e-02 -1.002292092329e-01 3.73e-05 5.19e-08 7.98e-06 0.203
 18   -9.782857887765e-02 -9.921481210526e-02 1.31e-05 1.83e-08 6.47e-06 0.208
 19   -9.819958732716e-02 -9.862586419055e-02 2.57e-06 3.58e-09 1.40e-06 0.213
 20   -9.833913870463e-02 -9.843271652971e-02 5.22e-07 7.27e-10 2.66e-07 0.218
 21   -9.837234423843e-02 -9.838792377174e-02 8.50e-08 1.20e-10 3.81e-08 0.223
 22   -9.837803855249e-02 -9.838030353439e-02 1.23e-08 1.72e-11 4.88e-09 0.228
 23   -9.837887833484e-02 -9.837918082759e-02 1.64e-09 4.68e-09 5.76e-10 0.233
 24   -9.837899224695e-02 -9.837902843765e-02 1.97e-10 4.94e-10 6.35e-11 0.238
 25   -9.837900612801e-02 -9.837900985311e-02 2.02e-11 1.49e-07 6.57e-12 0.242
 26   -9.837900756050e-02 -9.837900793530e-02 2.04e-12 9.55e-08 6.64e-13 0.246
 27   -9.837900770474e-02 -9.837900774235e-02 2.04e-13 1.10e-07 6.63e-14 0.251
 28   -9.837900771923e-02 -9.837900772302e-02 2.04e-14 4.00e-07 6.06e-15 0.255
 29   -9.837900772048e-02 -9.837900772137e-02 4.66e-15 9.26e-07 2.11e-15 0.259
 30   -9.837900772082e-02 -9.837900772092e-02 4.44e-16 7.65e-06 1.16e-16 0.263
Numerical error in objective
Restoring previous solution


Suboptimal solution found in 31 iterations and 0.27 seconds
Objective -9.83789922e-02
Primal infeasibility (abs/rel): 3.93e-10/1.97e-10
Dual infeasibility   (abs/rel): 5.45e-10/4.94e-10
Complementarity gap  (abs/rel): 6.98e-11/6.35e-11


Barrier finished in 0.27 seconds
Dual variables for problems with quadratic constraints not returned.
