cuOpt version: 26.10.0, git hash: 648f805d, host arch: x86_64, device archs: 80-real
CPU: AMD EPYC 7642 48-Core Processor, threads: 5C/5T, RAM usage: 37.44/503.74GiB
CPU SIMD target: AVX2
CUDA 12.9, device: NVIDIA A100 80GB PCIe (ID 0), VRAM: 79.44 GiB
CUDA device UUID: 68df5cf5-71f9-6a93-b428-460c080ffb10
Problem has 1 quadratic constraints. Converting to second-order cones and solving with barrier.
Barrier: reusing cache (skip convert/presolve/scaling)
Barrier solver started at 0.000 seconds
Barrier solver: 5103 constraints, 10102 variables, 265152 nonzeros
Barrier setup complete at 0.000 seconds
Adaptive regularization enabled


                  Objective                         Infeasibility        Time
Iter   Primal              Dual                Primal   Dual    Compl.   Elapsed
  0   -3.704490508896e+02 -3.710981922775e+02 3.71e+03 1.91e+00 1.19e-02 0.001
  1   -4.138703882017e+00 -3.475197441600e+02 4.01e+01 2.77e-01 6.50e-02 0.007
  2   -1.040077714720e-01 -2.488126401411e+01 4.69e-01 7.85e-03 4.78e-03 0.012
  3   -5.496009159228e-02 -6.429579754609e-01 4.69e-03 7.91e-05 1.48e-04 0.018
  4   -5.855201084756e-02 -1.359300793129e-01 6.17e-04 1.04e-05 1.72e-05 0.023
  5   -6.551675311395e-02 -1.377706752998e-01 5.18e-04 8.72e-06 2.04e-05 0.026
  6   -6.699932396675e-02 -1.382652692968e-01 4.83e-04 8.13e-06 2.72e-05 0.030
  7   -8.162897717125e-02 -1.249450474547e-01 2.43e-04 4.10e-06 7.09e-05 0.034
  8   -8.180531805202e-02 -1.245931779674e-01 2.22e-04 3.73e-06 1.19e-04 0.039
  9   -8.341023221985e-02 -1.237503075020e-01 1.77e-04 2.99e-06 2.86e-04 0.044
 10   -8.547850286265e-02 -1.209211747205e-01 1.01e-04 1.70e-06 2.64e-04 0.048
 11   -8.804419094897e-02 -1.151441601007e-01 5.31e-05 8.94e-07 4.51e-04 0.053
 12   -9.516379848875e-02 -1.038271680111e-01 1.31e-05 2.20e-07 1.16e-04 0.057
 13   -9.699352761837e-02 -1.008567440426e-01 4.62e-06 7.79e-08 3.36e-05 0.061
 14   -9.759936406597e-02 -9.965874874461e-02 1.54e-06 2.59e-08 3.72e-05 0.066
 15   -9.828623674916e-02 -9.873930118062e-02 3.11e-07 5.25e-09 7.79e-06 0.070
 16   -9.842334363248e-02 -9.853996774274e-02 6.38e-08 1.08e-09 2.36e-06 0.075
 17   -9.846598247139e-02 -9.848542722960e-02 1.05e-08 1.77e-10 3.91e-07 0.079
 18   -9.847269079997e-02 -9.847593838257e-02 8.63e-10 1.45e-11 3.58e-08 0.083
 19   -9.847405161270e-02 -9.847432731367e-02 7.30e-11 1.24e-12 3.07e-09 0.087
 20   -9.847416903644e-02 -9.847418318483e-02 2.21e-12 1.03e-13 8.58e-11 0.091
 21   -9.847417544022e-02 -9.847417582950e-02 1.53e-13 5.32e-08 2.34e-12 0.095
 22   -9.847417560804e-02 -9.847417563213e-02 9.49e-15 3.29e-09 1.47e-13 0.098


Optimal solution found in 22 iterations and 0.099s
Objective -9.84741756e-02
Primal infeasibility (abs/rel): 1.90e-14/9.49e-15
Dual infeasibility   (abs/rel): 3.62e-09/3.29e-09
Complementarity gap  (abs/rel): 1.62e-13/1.47e-13


Barrier finished in 0.10 seconds
Dual variables for problems with quadratic constraints not returned.
