cuOpt version: 26.10.0, git hash: 648f805d, host arch: x86_64, device archs: 80-real
CPU: AMD EPYC 7642 48-Core Processor, threads: 5C/5T, RAM usage: 43.81/503.74GiB
CPU SIMD target: AVX2
CUDA 12.9, device: NVIDIA A100 80GB PCIe (ID 0), VRAM: 79.44 GiB
CUDA device UUID: 68df5cf5-71f9-6a93-b428-460c080ffb10
Problem has 1 quadratic constraints. Converting to second-order cones and solving with barrier.
Handling 50 free variables directly in augmented system
Presolved problem: 5103 constraints 10102 variables 265152 nonzeros
Skipping Ruiz equilibration (row norm ratio 1.4, column norm ratio 1.4 < 5e4, Q coeff ratio 1.0 < 100)
Barrier solver started at 0.027 seconds
Barrier solver: 5103 constraints, 10102 variables, 265152 nonzeros


Second-order cones          : 1
Free variables              : 50
Upper bounds                : 5000
Linear system               : augmented
cuDSS Version               : 0.7.1
cuDSS Threading layer       : libcudss_mtlayer_gomp.so.0
Reordering time             : 0.117s
Symbolic factorization time : 0.024s
Symbolic nonzeros in factor : 2.79e+05
Elapsed time for augmented  : 0.175 seconds
Elapsed time           : 0.175 seconds
Barrier setup complete at 0.175 seconds
Adaptive regularization enabled


                  Objective                         Infeasibility        Time
Iter   Primal              Dual                Primal   Dual    Compl.   Elapsed
  0   -3.704296579021e+02 -3.711143874095e+02 3.71e+03 1.91e+00 1.19e-02 0.175
  1   -8.089763744970e-01 -3.473216425171e+02 6.71e+00 2.97e-01 1.68e-01 0.180
  2   -6.078602814646e-02 -4.926299866974e+00 5.29e-02 3.11e-03 1.97e-03 0.184
  3   -5.629070209152e-02 -2.026413309989e-01 1.47e-03 8.63e-05 4.67e-05 0.190
  4   -6.165920028985e-02 -2.052029241865e-01 1.33e-03 7.83e-05 6.16e-05 0.194
  5   -6.179442160752e-02 -2.051993242789e-01 1.32e-03 7.74e-05 6.29e-05 0.200
  6   -7.600088180725e-02 -1.931091916590e-01 4.37e-04 2.57e-05 3.49e-04 0.204
  7   -7.578070190590e-02 -1.906681382313e-01 3.93e-04 2.31e-05 3.29e-04 0.209
  8   -8.254854970144e-02 -1.532679822206e-01 2.30e-04 1.35e-05 2.31e-04 0.213
  9   -8.258823295372e-02 -1.532197985112e-01 2.27e-04 1.34e-05 2.29e-04 0.218
 10   -8.605093361119e-02 -1.337157583625e-01 8.77e-05 5.16e-06 1.51e-04 0.222
 11   -8.595301054741e-02 -1.335293303741e-01 8.64e-05 5.08e-06 1.49e-04 0.227
 12   -8.822169321478e-02 -1.231242013358e-01 3.39e-05 2.00e-06 9.78e-05 0.232
 13   -8.807784496912e-02 -1.229672721198e-01 3.34e-05 1.97e-06 1.01e-04 0.236
 14   -8.824636240376e-02 -1.218560191395e-01 2.94e-05 1.73e-06 1.52e-04 0.241
 15   -9.046441497911e-02 -1.164635466222e-01 1.99e-05 1.17e-06 1.18e-04 0.245
 16   -9.050608689990e-02 -1.163951165681e-01 1.95e-05 1.15e-06 1.27e-04 0.250
 17   -9.110764387914e-02 -1.137189030575e-01 1.28e-05 7.51e-07 1.22e-04 0.255
 18   -9.107547820289e-02 -1.135443990313e-01 1.24e-05 7.30e-07 1.31e-04 0.262
 19   -9.204998692641e-02 -1.112872475154e-01 9.12e-06 5.36e-07 1.24e-04 0.266
 20   -9.213185966505e-02 -1.110956202399e-01 8.77e-06 5.16e-07 1.32e-04 0.273
 21   -9.286749663895e-02 -1.093800007693e-01 6.53e-06 3.84e-07 1.17e-04 0.278
 22   -9.286538682876e-02 -1.092258323838e-01 6.31e-06 3.71e-07 1.24e-04 0.283
 23   -9.400634770585e-02 -1.070442950648e-01 4.32e-06 2.54e-07 1.03e-04 0.287
 24   -9.404772642938e-02 -1.069087091787e-01 4.15e-06 2.44e-07 1.09e-04 0.293
 25   -9.467593595624e-02 -1.056351676618e-01 3.03e-06 1.78e-07 9.08e-05 0.298
 26   -9.468497985661e-02 -1.055279343294e-01 2.92e-06 1.72e-07 9.51e-05 0.304
 27   -9.532718270980e-02 -1.043515334381e-01 2.10e-06 1.23e-07 7.87e-05 0.309
 28   -9.536453921291e-02 -1.042563713454e-01 2.01e-06 1.18e-07 8.24e-05 0.314
 29   -9.582661082037e-02 -1.034091247167e-01 1.48e-06 8.72e-08 6.83e-05 0.319
 30   -9.584449007426e-02 -1.033294744218e-01 1.42e-06 8.37e-08 7.13e-05 0.325
 31   -9.634650722326e-02 -1.024984145728e-01 1.01e-06 5.97e-08 5.72e-05 0.330
 32   -9.637573475142e-02 -1.024298791136e-01 9.71e-07 5.71e-08 5.97e-05 0.340
 33   -9.675673801755e-02 -1.018066810524e-01 6.99e-07 4.12e-08 4.73e-05 0.345
 34   -9.677254197289e-02 -1.017521463335e-01 6.69e-07 3.94e-08 4.92e-05 0.352
 35   -9.711908799497e-02 -1.012151274439e-01 4.77e-07 2.81e-08 3.83e-05 0.356
 36   -9.714037978313e-02 -1.011703782645e-01 4.56e-07 2.68e-08 3.98e-05 0.363
 37   -9.740070131928e-02 -1.007708427379e-01 3.29e-07 1.94e-08 3.10e-05 0.368
 38   -9.741453255238e-02 -1.007348661075e-01 3.15e-07 1.85e-08 3.23e-05 0.374
 39   -9.765101481059e-02 -1.003900787801e-01 2.25e-07 1.32e-08 2.48e-05 0.378
 40   -9.766715947405e-02 -1.003600521835e-01 2.15e-07 1.26e-08 2.57e-05 0.384
 41   -9.785215132813e-02 -1.000952489651e-01 1.55e-07 9.11e-09 1.97e-05 0.389
 42   -9.786329588509e-02 -1.000712107501e-01 1.48e-07 8.70e-09 2.05e-05 0.395
 43   -9.802265234897e-02 -9.985086833335e-02 1.06e-07 6.24e-09 1.56e-05 0.398
 44   -9.803464639522e-02 -9.983076842170e-02 1.01e-07 5.95e-09 1.62e-05 0.404
 45   -9.815855949663e-02 -9.966196297260e-02 7.34e-08 4.32e-09 1.24e-05 0.409
 46   -9.816762960469e-02 -9.964550821875e-02 6.99e-08 4.11e-09 1.29e-05 0.415
 47   -9.827503613737e-02 -9.950368104395e-02 5.05e-08 2.97e-09 9.83e-06 0.418
 48   -9.828431368304e-02 -9.948954529910e-02 4.80e-08 2.82e-09 1.02e-05 0.424
 49   -9.837055588891e-02 -9.937756052620e-02 3.48e-08 2.05e-09 7.78e-06 0.428
 50   -9.837781928298e-02 -9.936591399101e-02 3.31e-08 1.95e-09 8.04e-06 0.434
 51   -9.845178479456e-02 -9.927215377135e-02 2.39e-08 1.40e-09 6.11e-06 0.438
 52   -9.845889054416e-02 -9.926207546555e-02 2.26e-08 1.33e-09 6.30e-06 0.444
 53   -9.851811581460e-02 -9.918801977819e-02 1.64e-08 9.65e-10 4.80e-06 0.448
 54   -9.852386700793e-02 -9.917964998622e-02 1.55e-08 9.12e-10 4.94e-06 0.454
 55   -9.857413566557e-02 -9.911797731925e-02 1.12e-08 6.58e-10 3.74e-06 0.458
 56   -9.857962796350e-02 -9.911064468751e-02 1.05e-08 6.20e-10 3.85e-06 0.465
 57   -9.862024428328e-02 -9.906142805504e-02 7.61e-09 4.48e-10 2.91e-06 0.469
 58   -9.862477854456e-02 -9.905530042080e-02 7.16e-09 4.21e-10 2.98e-06 0.475
 59   -9.865902248834e-02 -9.901442933830e-02 5.13e-09 3.02e-10 2.24e-06 0.479
 60   -9.866323734824e-02 -9.900905804809e-02 4.81e-09 2.83e-10 2.29e-06 0.484
 61   -9.869079268189e-02 -9.897649866443e-02 3.45e-09 2.03e-10 1.72e-06 0.488
 62   -9.869430438841e-02 -9.897200961627e-02 3.22e-09 1.90e-10 1.75e-06 0.494
 63   -9.871719973808e-02 -9.894526932500e-02 2.30e-09 1.35e-10 1.31e-06 0.498
 64   -9.872039663688e-02 -9.894134427522e-02 2.14e-09 1.26e-10 1.32e-06 0.504
 65   -9.873874442085e-02 -9.892009266451e-02 1.52e-09 8.93e-11 9.86e-07 0.508
 66   -9.874141778357e-02 -9.891681639256e-02 1.41e-09 8.28e-11 9.95e-07 0.514
 67   -9.875647620183e-02 -9.889953209254e-02 9.94e-10 5.84e-11 7.35e-07 0.518
 68   -9.875885964018e-02 -9.889668986907e-02 9.16e-10 5.38e-11 7.38e-07 0.524
 69   -9.877085116339e-02 -9.888301898235e-02 6.44e-10 3.79e-11 5.42e-07 0.528
 70   -9.877283895080e-02 -9.888065831884e-02 5.91e-10 3.47e-11 5.42e-07 0.533
 71   -9.878254218218e-02 -9.886967426097e-02 4.12e-10 2.42e-11 3.95e-07 0.537
 72   -9.878427369357e-02 -9.886765528350e-02 3.76e-10 2.21e-11 3.92e-07 0.543
 73   -9.879188958123e-02 -9.885907981838e-02 2.61e-10 1.54e-11 2.84e-07 0.547
 74   -9.879331807455e-02 -9.885742238183e-02 2.37e-10 1.40e-11 2.80e-07 0.552
 75   -9.879932142712e-02 -9.885069702590e-02 1.63e-10 9.64e-12 2.01e-07 0.556
 76   -9.880053891152e-02 -9.884930235384e-02 1.47e-10 8.54e-12 1.97e-07 0.562
 77   -9.880515674896e-02 -9.884414984563e-02 1.01e-10 5.87e-12 1.41e-07 0.566
 78   -9.880615386726e-02 -9.884301347445e-02 9.02e-11 5.17e-12 1.37e-07 0.571
 79   -9.880972190651e-02 -9.883904776511e-02 6.15e-11 3.52e-12 9.75e-08 0.576
 80   -9.881055687345e-02 -9.883810457390e-02 5.46e-11 3.04e-12 9.41e-08 0.581
 81   -9.881325730693e-02 -9.883511249668e-02 3.71e-11 2.08e-12 6.65e-08 0.585
 82   -9.881393467582e-02 -9.883435080392e-02 3.26e-11 1.86e-12 6.36e-08 0.591
 83   -9.881597619293e-02 -9.883209532867e-02 2.20e-11 1.26e-12 4.47e-08 0.595
 84   -9.881653403072e-02 -9.883147188638e-02 1.92e-11 9.97e-13 4.23e-08 0.600
 85   -9.881804928576e-02 -9.882980179303e-02 1.29e-11 6.59e-13 2.96e-08 0.604
 86   -9.881849793321e-02 -9.882930225040e-02 1.11e-11 3.24e-13 2.77e-08 0.609
 87   -9.881961728219e-02 -9.882807118801e-02 7.42e-12 2.27e-13 1.92e-08 0.613
 88   -9.881998168139e-02 -9.882766716085e-02 6.29e-12 3.29e-13 1.77e-08 0.618
 89   -9.882079377981e-02 -9.882677563591e-02 4.18e-12 2.46e-13 1.22e-08 0.622
 90   -9.882108430156e-02 -9.882645443962e-02 3.49e-12 5.51e-13 1.11e-08 0.627
 91   -9.882166696805e-02 -9.882581582725e-02 2.30e-12 3.12e-13 7.60e-09 0.631
 92   -9.882189944623e-02 -9.882555954105e-02 1.88e-12 1.01e-12 6.74e-09 0.635
 93   -9.882230786921e-02 -9.882511252107e-02 1.23e-12 5.96e-13 4.58e-09 0.639
 94   -9.882249039107e-02 -9.882491173642e-02 9.75e-13 2.32e-13 3.94e-09 0.644
 95   -9.882277001399e-02 -9.882460605819e-02 6.32e-13 1.36e-13 2.65e-09 0.648
 96   -9.882291213272e-02 -9.882445003585e-02 4.83e-13 1.13e-12 2.20e-09 0.653
 97   -9.882309682839e-02 -9.882424833758e-02 3.10e-13 6.74e-13 1.46e-09 0.657
 98   -9.882320433614e-02 -9.882413050420e-02 2.25e-13 1.73e-13 1.15e-09 0.662


Optimal solution found in 98 iterations and 0.662s
Objective -9.88232043e-02
Primal infeasibility (abs/rel): 4.51e-13/2.25e-13
Dual infeasibility   (abs/rel): 1.90e-13/1.73e-13
Complementarity gap  (abs/rel): 1.26e-09/1.15e-09


Barrier finished in 0.66 seconds
Dual variables for problems with quadratic constraints not returned.
