cuOpt version: 26.10.0, git hash: 648f805d, host arch: x86_64, device archs: 80-real
CPU: AMD EPYC 7642 48-Core Processor, threads: 5C/5T, RAM usage: 43.64/503.74GiB
CPU SIMD target: AVX2
CUDA 12.9, device: NVIDIA A100 80GB PCIe (ID 0), VRAM: 79.44 GiB
CUDA device UUID: 68df5cf5-71f9-6a93-b428-460c080ffb10
Problem has 1 quadratic constraints. Converting to second-order cones and solving with barrier.
Handling 50 free variables directly in augmented system
Presolved problem: 5103 constraints 10102 variables 265152 nonzeros
Skipping Ruiz equilibration (row norm ratio 1.4, column norm ratio 1.4 < 5e4, Q coeff ratio 1.0 < 100)
Barrier solver started at 0.027 seconds
Barrier solver: 5103 constraints, 10102 variables, 265152 nonzeros


Second-order cones          : 1
Free variables              : 50
Upper bounds                : 5000
Linear system               : augmented
cuDSS Version               : 0.7.1
cuDSS Threading layer       : libcudss_mtlayer_gomp.so.0
Reordering time             : 0.117s
Symbolic factorization time : 0.024s
Symbolic nonzeros in factor : 2.79e+05
Elapsed time for augmented  : 0.174 seconds
Elapsed time           : 0.174 seconds
Barrier setup complete at 0.174 seconds
Adaptive regularization enabled


                  Objective                         Infeasibility        Time
Iter   Primal              Dual                Primal   Dual    Compl.   Elapsed
  0   -3.704490508896e+02 -3.710981922775e+02 3.71e+03 1.91e+00 1.19e-02 0.175
  1   -8.086098183120e-01 -3.473053946317e+02 6.71e+00 2.97e-01 1.68e-01 0.179
  2   -6.082676239747e-02 -4.940078760010e+00 5.32e-02 3.13e-03 1.98e-03 0.183
  3   -5.630105793546e-02 -2.020492554086e-01 1.46e-03 8.60e-05 4.64e-05 0.187
  4   -6.046732715397e-02 -2.040139452760e-01 1.36e-03 7.99e-05 3.52e-05 0.191
  5   -6.064885265576e-02 -2.040453041943e-01 1.34e-03 7.90e-05 3.60e-05 0.196
  6   -7.185331336573e-02 -2.005660010269e-01 6.89e-04 4.05e-05 2.93e-04 0.200
  7   -7.200773287220e-02 -1.973848347910e-01 5.96e-04 3.51e-05 3.01e-04 0.205
  8   -7.836298802717e-02 -1.658653762296e-01 3.96e-04 2.33e-05 2.21e-04 0.209
  9   -7.846619676335e-02 -1.658556090665e-01 3.90e-04 2.29e-05 2.18e-04 0.214
 10   -8.251228585371e-02 -1.467545791291e-01 1.97e-04 1.16e-05 1.74e-04 0.219
 11   -8.238833254947e-02 -1.465465582446e-01 1.95e-04 1.15e-05 1.73e-04 0.224
 12   -8.443835217900e-02 -1.358193338994e-01 1.00e-04 5.90e-06 1.30e-04 0.228
 13   -8.698155914024e-02 -1.285753317147e-01 7.56e-05 4.44e-06 1.14e-04 0.232
 14   -8.656563518876e-02 -1.281336008680e-01 7.42e-05 4.37e-06 1.59e-04 0.237
 15   -9.181730280136e-02 -1.137002180578e-01 3.42e-05 2.01e-06 1.02e-04 0.242
 16   -9.185920933875e-02 -1.135388605581e-01 3.30e-05 1.94e-06 1.09e-04 0.247
 17   -9.329892260681e-02 -1.096744652298e-01 2.10e-05 1.24e-06 7.76e-05 0.251
 18   -9.322124768437e-02 -1.095585598534e-01 2.06e-05 1.21e-06 8.28e-05 0.257
 19   -9.380397449652e-02 -1.076054141081e-01 1.39e-05 8.19e-07 6.85e-05 0.262
 20   -9.383351092842e-02 -1.074871061517e-01 1.35e-05 7.93e-07 7.44e-05 0.267
 21   -9.404209307945e-02 -1.067415956977e-01 1.11e-05 6.55e-07 6.91e-05 0.272
 22   -9.403686054981e-02 -1.066396211539e-01 1.08e-05 6.35e-07 7.35e-05 0.278
 23   -9.457818520624e-02 -1.054217570711e-01 8.20e-06 4.82e-07 6.60e-05 0.282
 24   -9.460925614091e-02 -1.053184251094e-01 7.91e-06 4.65e-07 7.03e-05 0.288
 25   -9.492794082726e-02 -1.045388960368e-01 6.25e-06 3.67e-07 6.27e-05 0.293
 26   -9.493461574735e-02 -1.044543136187e-01 6.04e-06 3.55e-07 6.60e-05 0.299
 27   -9.546823247057e-02 -1.034331932151e-01 4.47e-06 2.63e-07 5.64e-05 0.303
 28   -9.549500407644e-02 -1.033513753461e-01 4.30e-06 2.53e-07 5.95e-05 0.309
 29   -9.579921539183e-02 -1.027200141873e-01 3.31e-06 1.95e-07 5.10e-05 0.314
 30   -9.581154893475e-02 -1.026540829307e-01 3.19e-06 1.88e-07 5.34e-05 0.320
 31   -9.622750287521e-02 -1.019294854523e-01 2.35e-06 1.38e-07 4.40e-05 0.324
 32   -9.625133178733e-02 -1.018681220515e-01 2.25e-06 1.33e-07 4.62e-05 0.330
 33   -9.651138697911e-02 -1.013912949723e-01 1.71e-06 1.00e-07 3.82e-05 0.335
 34   -9.652556804622e-02 -1.013421847858e-01 1.64e-06 9.63e-08 3.99e-05 0.340
 35   -9.683184219683e-02 -1.008471164616e-01 1.20e-06 7.08e-08 3.21e-05 0.345
 36   -9.685220038952e-02 -1.008028479646e-01 1.15e-06 6.78e-08 3.35e-05 0.351
 37   -9.706135401951e-02 -1.004566602447e-01 8.61e-07 5.06e-08 2.70e-05 0.355
 38   -9.707480038706e-02 -1.004213730797e-01 8.25e-07 4.85e-08 2.81e-05 0.361
 39   -9.729420811382e-02 -1.000891320326e-01 6.06e-07 3.56e-08 2.22e-05 0.365
 40   -9.731063606768e-02 -1.000581126598e-01 5.79e-07 3.40e-08 2.31e-05 0.371
 41   -9.747036948733e-02 -9.981457169275e-02 4.29e-07 2.52e-08 1.84e-05 0.376
 42   -9.748200406729e-02 -9.978968978928e-02 4.10e-07 2.41e-08 1.91e-05 0.382
 43   -9.764243447953e-02 -9.956148590567e-02 3.00e-07 1.76e-08 1.49e-05 0.386
 44   -9.765523059938e-02 -9.953978576936e-02 2.86e-07 1.68e-08 1.54e-05 0.392
 45   -9.777932813290e-02 -9.936451470995e-02 2.08e-07 1.23e-08 1.20e-05 0.396
 46   -9.778865200339e-02 -9.934717676879e-02 1.99e-07 1.17e-08 1.24e-05 0.402
 47   -9.790772352474e-02 -9.918742395505e-02 1.43e-07 8.39e-09 9.43e-06 0.406
 48   -9.791717999806e-02 -9.917254728508e-02 1.36e-07 7.98e-09 9.77e-06 0.412
 49   -9.800868303976e-02 -9.905089891820e-02 9.74e-08 5.73e-09 7.39e-06 0.415
 50   -9.801575305915e-02 -9.903912475927e-02 9.27e-08 5.45e-09 7.65e-06 0.421
 51   -9.809629515478e-02 -9.893553082505e-02 6.61e-08 3.89e-09 5.74e-06 0.425
 52   -9.810324564875e-02 -9.892541350657e-02 6.27e-08 3.69e-09 5.93e-06 0.431
 53   -9.816422662485e-02 -9.884758722841e-02 4.50e-08 2.65e-09 4.47e-06 0.435
 54   -9.816975585073e-02 -9.883935347235e-02 4.27e-08 2.51e-09 4.61e-06 0.441
 55   -9.822299277021e-02 -9.877324898051e-02 3.05e-08 1.79e-09 3.46e-06 0.444
 56   -9.822831853069e-02 -9.876602364553e-02 2.88e-08 1.69e-09 3.56e-06 0.450
 57   -9.826994857654e-02 -9.871484124109e-02 2.06e-08 1.21e-09 2.67e-06 0.454
 58   -9.827426655322e-02 -9.870891397216e-02 1.94e-08 1.14e-09 2.74e-06 0.460
 59   -9.830999295848e-02 -9.866586978056e-02 1.38e-08 8.12e-10 2.04e-06 0.464
 60   -9.831402921875e-02 -9.866066999612e-02 1.30e-08 7.63e-10 2.09e-06 0.470
 61   -9.834194847747e-02 -9.862731351389e-02 9.23e-09 5.43e-10 1.56e-06 0.474
 62   -9.834527467478e-02 -9.862301890316e-02 8.65e-09 5.08e-10 1.59e-06 0.479
 63   -9.836875874376e-02 -9.859537973653e-02 6.12e-09 3.60e-10 1.18e-06 0.483
 64   -9.837181347823e-02 -9.859160231993e-02 5.70e-09 3.35e-10 1.20e-06 0.489
 65   -9.839020675990e-02 -9.857011358296e-02 4.03e-09 2.37e-10 8.85e-07 0.493
 66   -9.839275241825e-02 -9.856697347937e-02 3.75e-09 2.20e-10 8.95e-07 0.498
 67   -9.840799667609e-02 -9.854936444993e-02 2.63e-09 1.55e-10 6.58e-07 0.502
 68   -9.841029063091e-02 -9.854661436549e-02 2.43e-09 1.43e-10 6.62e-07 0.507
 69   -9.842218111735e-02 -9.853296242587e-02 1.70e-09 1.00e-10 4.86e-07 0.511
 70   -9.842409572862e-02 -9.853067766972e-02 1.57e-09 9.22e-11 4.86e-07 0.517
 71   -9.843374487599e-02 -9.851969039362e-02 1.09e-09 6.42e-11 3.54e-07 0.521
 72   -9.843543713422e-02 -9.851770894991e-02 9.97e-10 5.87e-11 3.52e-07 0.526
 73   -9.844288057677e-02 -9.850927365150e-02 6.93e-10 4.08e-11 2.55e-07 0.530
 74   -9.844428986310e-02 -9.850763241986e-02 6.28e-10 3.70e-11 2.52e-07 0.536
 75   -9.845020215582e-02 -9.850097279815e-02 4.35e-10 2.56e-11 1.82e-07 0.540
 76   -9.845142507693e-02 -9.849956659531e-02 3.91e-10 2.30e-11 1.78e-07 0.545
 77   -9.845592936014e-02 -9.849451195610e-02 2.70e-10 1.59e-11 1.28e-07 0.549
 78   -9.845694190699e-02 -9.849335367412e-02 2.41e-10 1.41e-11 1.24e-07 0.554
 79   -9.846044442778e-02 -9.848944066014e-02 1.65e-10 9.68e-12 8.90e-08 0.558
 80   -9.846130686135e-02 -9.848846249218e-02 1.46e-10 8.58e-12 8.56e-08 0.563
 81   -9.846393624229e-02 -9.848553352539e-02 9.96e-11 5.88e-12 6.10e-08 0.567
 82   -9.846464389753e-02 -9.848473447500e-02 8.71e-11 5.02e-12 5.80e-08 0.572
 83   -9.846664317520e-02 -9.848251469070e-02 5.92e-11 3.40e-12 4.11e-08 0.576
 84   -9.846723425161e-02 -9.848185111098e-02 5.11e-11 3.07e-12 3.85e-08 0.581
 85   -9.846870781191e-02 -9.848021873819e-02 3.46e-11 2.07e-12 2.72e-08 0.585
 86   -9.846918636087e-02 -9.847968340098e-02 2.94e-11 1.64e-12 2.51e-08 0.590
 87   -9.847027751281e-02 -9.847847756441e-02 1.98e-11 1.11e-12 1.76e-08 0.594
 88   -9.847066796715e-02 -9.847804247700e-02 1.65e-11 9.75e-13 1.60e-08 0.599
 89   -9.847145157671e-02 -9.847717802252e-02 1.10e-11 6.61e-13 1.11e-08 0.603
 90   -9.847176092014e-02 -9.847683426030e-02 9.02e-12 8.93e-13 9.86e-09 0.608
 91   -9.847232078471e-02 -9.847621772979e-02 5.96e-12 6.25e-13 6.77e-09 0.612
 92   -9.847256453933e-02 -9.847594758463e-02 4.76e-12 4.97e-13 5.87e-09 0.617
 93   -9.847295088144e-02 -9.847552270860e-02 3.11e-12 3.49e-13 3.99e-09 0.621
 94   -9.847313602726e-02 -9.847531794590e-02 2.41e-12 5.82e-13 3.36e-09 0.626
 95   -9.847339723002e-02 -9.847503105562e-02 1.55e-12 3.70e-13 2.24e-09 0.630
 96   -9.847353422681e-02 -9.847487983668e-02 1.16e-12 4.29e-13 1.82e-09 0.635
 97   -9.847370244860e-02 -9.847469524636e-02 7.39e-13 2.15e-13 1.20e-09 0.639


Optimal solution found in 97 iterations and 0.639s
Objective -9.84737024e-02
Primal infeasibility (abs/rel): 1.48e-12/7.39e-13
Dual infeasibility   (abs/rel): 2.37e-13/2.15e-13
Complementarity gap  (abs/rel): 1.32e-09/1.20e-09


Barrier finished in 0.64 seconds
Dual variables for problems with quadratic constraints not returned.
