cuOpt version: 26.10.0, git hash: 648f805d, host arch: x86_64, device archs: 80-real
CPU: AMD EPYC 7642 48-Core Processor, threads: 5C/5T, RAM usage: 43.78/503.74GiB
CPU SIMD target: AVX2
CUDA 12.9, device: NVIDIA A100 80GB PCIe (ID 0), VRAM: 79.44 GiB
CUDA device UUID: 68df5cf5-71f9-6a93-b428-460c080ffb10
Problem has 1 quadratic constraints. Converting to second-order cones and solving with barrier.
Handling 50 free variables directly in augmented system
Presolved problem: 5103 constraints 10102 variables 265152 nonzeros
Skipping Ruiz equilibration (row norm ratio 1.4, column norm ratio 1.4 < 5e4, Q coeff ratio 1.0 < 100)
Barrier solver started at 0.025 seconds
Barrier solver: 5103 constraints, 10102 variables, 265152 nonzeros


Second-order cones          : 1
Free variables              : 50
Upper bounds                : 5000
Linear system               : augmented
cuDSS Version               : 0.7.1
cuDSS Threading layer       : libcudss_mtlayer_gomp.so.0
Reordering time             : 0.113s
Symbolic factorization time : 0.023s
Symbolic nonzeros in factor : 2.79e+05
Elapsed time for augmented  : 0.168 seconds
Elapsed time           : 0.168 seconds
Barrier setup complete at 0.168 seconds
Adaptive regularization enabled


                  Objective                         Infeasibility        Time
Iter   Primal              Dual                Primal   Dual    Compl.   Elapsed
  0   -3.704340093575e+02 -3.710959393425e+02 3.71e+03 1.91e+00 1.19e-02 0.168
  1   -8.080346067021e-01 -3.473031450386e+02 6.70e+00 2.97e-01 1.68e-01 0.172
  2   -6.080118619697e-02 -4.924817609263e+00 5.28e-02 3.11e-03 1.97e-03 0.177
  3   -5.631133624901e-02 -2.026577920370e-01 1.47e-03 8.64e-05 4.67e-05 0.181
  4   -6.127517399400e-02 -2.048439662645e-01 1.33e-03 7.85e-05 5.86e-05 0.185
  5   -6.147953087737e-02 -2.048337873472e-01 1.31e-03 7.74e-05 5.95e-05 0.190
  6   -7.356966674285e-02 -1.970253318505e-01 5.66e-04 3.33e-05 2.65e-04 0.194
  7   -7.349890803579e-02 -1.947847577887e-01 5.10e-04 3.00e-05 2.53e-04 0.199
  8   -8.186166998350e-02 -1.512297842520e-01 2.77e-04 1.63e-05 1.74e-04 0.203
  9   -8.193377681706e-02 -1.512410705730e-01 2.74e-04 1.61e-05 1.73e-04 0.208
 10   -8.450192111498e-02 -1.381334963140e-01 1.46e-04 8.58e-06 1.45e-04 0.212
 11   -8.439839135325e-02 -1.379689181536e-01 1.44e-04 8.48e-06 1.43e-04 0.217
 12   -8.597813024284e-02 -1.299795738816e-01 7.92e-05 4.67e-06 1.14e-04 0.221
 13   -8.574664186722e-02 -1.295525707835e-01 7.62e-05 4.49e-06 1.53e-04 0.225
 14   -8.591969576232e-02 -1.294235923422e-01 7.34e-05 4.33e-06 1.73e-04 0.230
 15   -8.775461804439e-02 -1.225873831222e-01 3.86e-05 2.27e-06 1.14e-04 0.235
 16   -8.765857841654e-02 -1.222614896236e-01 3.72e-05 2.19e-06 1.30e-04 0.240
 17   -8.849180672090e-02 -1.195545977500e-01 2.82e-05 1.66e-06 1.30e-04 0.244
 18   -8.858477389884e-02 -1.194288574243e-01 2.74e-05 1.61e-06 1.40e-04 0.249
 19   -8.932344831805e-02 -1.172062556644e-01 2.13e-05 1.26e-06 1.27e-04 0.254
 20   -8.926405268135e-02 -1.170031445976e-01 2.07e-05 1.22e-06 1.36e-04 0.259
 21   -9.032205951014e-02 -1.143698361051e-01 1.56e-05 9.19e-07 1.35e-04 0.264
 22   -9.041195040382e-02 -1.142250312170e-01 1.51e-05 8.90e-07 1.43e-04 0.269
 23   -9.138868247707e-02 -1.119017505755e-01 1.12e-05 6.58e-07 1.26e-04 0.274
 24   -9.135920884040e-02 -1.117261524922e-01 1.08e-05 6.37e-07 1.33e-04 0.279
 25   -9.271060312882e-02 -1.089719286917e-01 7.44e-06 4.38e-07 1.18e-04 0.284
 26   -9.277999380136e-02 -1.088121650145e-01 7.16e-06 4.22e-07 1.24e-04 0.289
 27   -9.367355500101e-02 -1.069742970735e-01 5.07e-06 2.99e-07 1.02e-04 0.294
 28   -9.366214616835e-02 -1.068444145426e-01 4.89e-06 2.88e-07 1.08e-04 0.300
 29   -9.458506816052e-02 -1.051363470559e-01 3.37e-06 1.99e-07 8.77e-05 0.304
 30   -9.463067948571e-02 -1.050219942812e-01 3.23e-06 1.90e-07 9.22e-05 0.310
 31   -9.514704246808e-02 -1.040175639781e-01 2.38e-06 1.40e-07 7.60e-05 0.315
 32   -9.515448388307e-02 -1.039250168445e-01 2.28e-06 1.34e-07 7.93e-05 0.321
 33   -9.567769952116e-02 -1.030021510965e-01 1.66e-06 9.76e-08 6.52e-05 0.325
 34   -9.571902774114e-02 -1.029176045427e-01 1.58e-06 9.33e-08 6.80e-05 0.331
 35   -9.608026901551e-02 -1.022708264505e-01 1.18e-06 6.97e-08 5.62e-05 0.336
 36   -9.609667863857e-02 -1.022011635939e-01 1.13e-06 6.66e-08 5.83e-05 0.342
 37   -9.647386797138e-02 -1.015855865812e-01 8.28e-07 4.88e-08 4.73e-05 0.346
 38   -9.650812929565e-02 -1.015223594779e-01 7.88e-07 4.64e-08 4.91e-05 0.352
 39   -9.678109233775e-02 -1.010739650774e-01 5.88e-07 3.46e-08 3.98e-05 0.357
 40   -9.679844624141e-02 -1.010233488161e-01 5.60e-07 3.30e-08 4.12e-05 0.363
 41   -9.706329135473e-02 -1.006157474783e-01 4.12e-07 2.43e-08 3.30e-05 0.368
 42   -9.709013820810e-02 -1.005706232691e-01 3.92e-07 2.31e-08 3.41e-05 0.373
 43   -9.729128712261e-02 -1.002620049517e-01 2.92e-07 1.72e-08 2.73e-05 0.378
 44   -9.730719562515e-02 -1.002258332197e-01 2.77e-07 1.63e-08 2.82e-05 0.384
 45   -9.750625833755e-02 -9.993854599443e-02 2.02e-07 1.19e-08 2.22e-05 0.389
 46   -9.752655389144e-02 -9.990655362063e-02 1.92e-07 1.13e-08 2.29e-05 0.396
 47   -9.768569831370e-02 -9.968020917272e-02 1.40e-07 8.23e-09 1.78e-05 0.402
 48   -9.769845966930e-02 -9.965509688091e-02 1.32e-07 7.80e-09 1.84e-05 0.408
 49   -9.784928727783e-02 -9.945032398284e-02 9.44e-08 5.56e-09 1.39e-05 0.412
 50   -9.786348760166e-02 -9.942881018693e-02 8.93e-08 5.26e-09 1.43e-05 0.418
 51   -9.797829894138e-02 -9.927433612652e-02 6.40e-08 3.77e-09 1.09e-05 0.422
 52   -9.798780295523e-02 -9.925776127641e-02 6.05e-08 3.56e-09 1.12e-05 0.428
 53   -9.808911763459e-02 -9.912581197902e-02 4.28e-08 2.52e-09 8.33e-06 0.432
 54   -9.809910968916e-02 -9.911155213529e-02 4.04e-08 2.38e-09 8.56e-06 0.438
 55   -9.817610794453e-02 -9.901226541089e-02 2.88e-08 1.70e-09 6.41e-06 0.442
 56   -9.818332974048e-02 -9.900108389754e-02 2.71e-08 1.60e-09 6.58e-06 0.448
 57   -9.825095363484e-02 -9.891632535957e-02 1.91e-08 1.12e-09 4.86e-06 0.452
 58   -9.825812765219e-02 -9.890663240694e-02 1.80e-08 1.06e-09 4.98e-06 0.458
 59   -9.831011484125e-02 -9.884214685244e-02 1.27e-08 7.48e-10 3.68e-06 0.462
 60   -9.831547868894e-02 -9.883454861646e-02 1.19e-08 7.02e-10 3.76e-06 0.468
 61   -9.835983903135e-02 -9.878066460884e-02 8.33e-09 4.91e-10 2.75e-06 0.472
 62   -9.836494201131e-02 -9.877408302693e-02 7.80e-09 4.60e-10 2.81e-06 0.478
 63   -9.839895365371e-02 -9.873313971221e-02 5.47e-09 3.22e-10 2.06e-06 0.482
 64   -9.840289785747e-02 -9.872793218194e-02 5.12e-09 3.01e-10 2.09e-06 0.488
 65   -9.843141502873e-02 -9.869415727693e-02 3.56e-09 2.09e-10 1.52e-06 0.492
 66   -9.843505627814e-02 -9.868964017993e-02 3.31e-09 1.95e-10 1.54e-06 0.498
 67   -9.845686891594e-02 -9.866399817527e-02 2.31e-09 1.36e-10 1.12e-06 0.501
 68   -9.845974907174e-02 -9.866039194762e-02 2.15e-09 1.26e-10 1.13e-06 0.507
 69   -9.847764950039e-02 -9.863959990460e-02 1.49e-09 8.75e-11 8.16e-07 0.511
 70   -9.848026335822e-02 -9.863645918896e-02 1.37e-09 8.09e-11 8.20e-07 0.517
 71   -9.849394969382e-02 -9.862066084250e-02 9.54e-10 5.62e-11 5.93e-07 0.521
 72   -9.849606550581e-02 -9.861811490505e-02 8.78e-10 5.17e-11 5.94e-07 0.526
 73   -9.850715902681e-02 -9.860542599637e-02 6.06e-10 3.57e-11 4.27e-07 0.530
 74   -9.850905651932e-02 -9.860320186481e-02 5.54e-10 3.27e-11 4.25e-07 0.535
 75   -9.851753994605e-02 -9.859354836349e-02 3.83e-10 2.26e-11 3.05e-07 0.539
 76   -9.851909877914e-02 -9.859172511316e-02 3.48e-10 2.05e-11 3.02e-07 0.545
 77   -9.852587300057e-02 -9.858406889672e-02 2.39e-10 1.41e-11 2.16e-07 0.549
 78   -9.852725375807e-02 -9.858248027710e-02 2.15e-10 1.26e-11 2.12e-07 0.554
 79   -9.853240432670e-02 -9.857668317360e-02 1.47e-10 8.64e-12 1.51e-07 0.558
 80   -9.853354684117e-02 -9.857537330881e-02 1.32e-10 7.60e-12 1.47e-07 0.564
 81   -9.853758429012e-02 -9.857085192090e-02 8.97e-11 5.16e-12 1.04e-07 0.568
 82   -9.853858067095e-02 -9.856972131444e-02 7.92e-11 4.41e-12 9.98e-08 0.573
 83   -9.854161533879e-02 -9.856633411217e-02 5.37e-11 3.00e-12 7.04e-08 0.577
 84   -9.854243678202e-02 -9.856540545197e-02 4.68e-11 2.56e-12 6.68e-08 0.585
 85   -9.854475659433e-02 -9.856282570763e-02 3.15e-11 1.71e-12 4.67e-08 0.589
 86   -9.854545474375e-02 -9.856204159076e-02 2.71e-11 1.64e-12 4.36e-08 0.594
 87   -9.854715555848e-02 -9.856015492535e-02 1.81e-11 1.11e-12 3.03e-08 0.598
 88   -9.854772037522e-02 -9.855952267457e-02 1.53e-11 7.27e-13 2.79e-08 0.603
 89   -9.854896859899e-02 -9.855814159280e-02 1.02e-11 4.93e-13 1.92e-08 0.607
 90   -9.854943241161e-02 -9.855762466259e-02 8.43e-12 4.19e-13 1.73e-08 0.612
 91   -9.855031169291e-02 -9.855665353481e-02 5.57e-12 1.03e-08 1.19e-08 0.615
 92   -9.855067822142e-02 -9.855624616645e-02 4.51e-12 8.35e-09 1.04e-08 0.620
 93   -9.855129331568e-02 -9.855556803844e-02 2.96e-12 5.48e-09 7.10e-09 0.624
 94   -9.855158520174e-02 -9.855524457525e-02 2.32e-12 4.30e-09 6.05e-09 0.629
 95   -9.855199999888e-02 -9.855478789977e-02 1.52e-12 2.81e-09 4.09e-09 0.633
 96   -9.855222557587e-02 -9.855453843696e-02 1.14e-12 2.12e-09 3.35e-09 0.638
 97   -9.855250144496e-02 -9.855423513847e-02 7.37e-13 1.36e-09 2.24e-09 0.642
 98   -9.855267410076e-02 -9.855404456402e-02 5.26e-13 9.73e-10 1.73e-09 0.647
 99   -9.855285015452e-02 -9.855385123635e-02 3.31e-13 6.13e-10 1.13e-09 0.651
100   -9.855297428852e-02 -9.855371442200e-02 2.18e-13 4.05e-10 8.08e-10 0.655


Optimal solution found in 100 iterations and 0.655s
Objective -9.85529743e-02
Primal infeasibility (abs/rel): 4.37e-13/2.18e-13
Dual infeasibility   (abs/rel): 4.47e-10/4.05e-10
Complementarity gap  (abs/rel): 8.87e-10/8.08e-10


Barrier finished in 0.66 seconds
Dual variables for problems with quadratic constraints not returned.
