cuOpt version: 26.10.0, git hash: 648f805d, host arch: x86_64, device archs: 80-real
CPU: AMD EPYC 7642 48-Core Processor, threads: 5C/5T, RAM usage: 37.51/503.74GiB
CPU SIMD target: AVX2
CUDA 12.9, device: NVIDIA A100 80GB PCIe (ID 0), VRAM: 79.44 GiB
CUDA device UUID: 68df5cf5-71f9-6a93-b428-460c080ffb10
Problem has 1 quadratic constraints. Converting to second-order cones and solving with barrier.
Barrier: reusing cache (skip convert/presolve/scaling)
Barrier solver started at 0.000 seconds
Barrier solver: 5103 constraints, 10102 variables, 265152 nonzeros
Barrier setup complete at 0.000 seconds
Adaptive regularization enabled


                  Objective                         Infeasibility        Time
Iter   Primal              Dual                Primal   Dual    Compl.   Elapsed
  0   -3.702509737108e+02 -3.710937010099e+02 3.71e+03 1.91e+00 1.19e-02 0.001
  1   -4.136273551275e+00 -3.475151614423e+02 4.01e+01 2.77e-01 6.50e-02 0.005
  2   -1.039317309374e-01 -2.487809478481e+01 4.69e-01 7.85e-03 4.78e-03 0.009
  3   -5.492858368113e-02 -6.426990422252e-01 4.69e-03 7.91e-05 1.48e-04 0.014
  4   -5.851315182353e-02 -1.366086835744e-01 6.22e-04 1.05e-05 1.74e-05 0.018
  5   -6.838223229976e-02 -1.390882897041e-01 4.75e-04 8.01e-06 3.90e-05 0.021
  6   -6.889375944989e-02 -1.392058504758e-01 4.61e-04 7.77e-06 4.13e-05 0.025
  7   -7.975791831944e-02 -1.309113998035e-01 2.43e-04 4.10e-06 1.01e-04 0.029
  8   -7.980229726700e-02 -1.306485102206e-01 2.26e-04 3.81e-06 2.65e-04 0.034
  9   -8.971816229119e-02 -1.146065054574e-01 6.32e-05 1.07e-06 2.28e-04 0.038
 10   -9.597467615437e-02 -1.029561655808e-01 1.59e-05 2.68e-07 4.93e-05 0.043
 11   -9.743912257029e-02 -1.006252772742e-01 6.14e-06 1.03e-07 1.11e-05 0.048
 12   -9.773434128899e-02 -9.994009810792e-02 2.94e-06 4.96e-08 2.50e-05 0.053
 13   -9.823232361745e-02 -9.925642937403e-02 9.33e-07 1.57e-08 9.49e-06 0.057
 14   -9.847052977424e-02 -9.892513135695e-02 3.52e-07 5.93e-09 8.06e-06 0.062
 15   -9.865602249682e-02 -9.868376464818e-02 2.08e-08 3.51e-10 3.92e-07 0.066
 16   -9.866785252714e-02 -9.866876999973e-02 6.85e-10 1.15e-11 6.06e-09 0.070


Optimal solution found in 16 iterations and 0.070s
Objective -9.86678525e-02
Primal infeasibility (abs/rel): 1.37e-09/6.85e-10
Dual infeasibility   (abs/rel): 1.27e-11/1.15e-11
Complementarity gap  (abs/rel): 6.66e-09/6.06e-09


Barrier finished in 0.07 seconds
Dual variables for problems with quadratic constraints not returned.
