cuOpt version: 26.10.0, git hash: 648f805d, host arch: x86_64, device archs: 80-real
CPU: AMD EPYC 7642 48-Core Processor, threads: 5C/5T, RAM usage: 28.89/503.74GiB
CPU SIMD target: AVX2
CUDA 12.9, device: NVIDIA A100 80GB PCIe (ID 0), VRAM: 79.44 GiB
CUDA device UUID: 68df5cf5-71f9-6a93-b428-460c080ffb10
Problem has 1 quadratic constraints. Converting to second-order cones and solving with barrier.
Handling 50 free variables directly in augmented system
Presolved problem: 5103 constraints 10102 variables 265152 nonzeros
Skipping Ruiz equilibration (row norm ratio 1.4, column norm ratio 1.4 < 5e4, Q coeff ratio 1.0 < 100)
Barrier solver started at 0.028 seconds
Barrier solver: 5103 constraints, 10102 variables, 265152 nonzeros


Second-order cones          : 1
Free variables              : 50
Upper bounds                : 5000
Linear system               : augmented
cuDSS Version               : 0.7.1
cuDSS Threading layer       : libcudss_mtlayer_gomp.so.0
cuDSS ND levels             : 16
Reordering time             : 0.070s
Symbolic factorization time : 0.038s
Symbolic nonzeros in factor : 2.79e+05
Elapsed time for augmented  : 0.142 seconds
Elapsed time           : 0.142 seconds
Barrier setup complete at 0.142 seconds
Adaptive regularization enabled


                  Objective                         Infeasibility        Time
Iter   Primal              Dual                Primal   Dual    Compl.   Elapsed
  0   -3.702779911923e+02 -3.710340990992e+02 3.71e+03 1.91e+00 1.19e-02 0.143
  1   -4.137413965078e+00 -3.474555508912e+02 4.01e+01 2.77e-01 6.49e-02 0.148
  2   -1.039627881816e-01 -2.487502701009e+01 4.69e-01 7.85e-03 4.78e-03 0.153
  3   -5.494259749550e-02 -6.426390295563e-01 4.69e-03 7.91e-05 1.48e-04 0.158
  4   -5.853147883889e-02 -1.362046779095e-01 6.19e-04 1.04e-05 1.73e-05 0.163
  5   -6.730421862038e-02 -1.383594196594e-01 4.88e-04 8.22e-06 3.14e-05 0.168
  6   -6.898407367880e-02 -1.386008917935e-01 4.45e-04 7.50e-06 4.26e-05 0.172
  7   -8.252091792468e-02 -1.224963598014e-01 2.25e-04 3.80e-06 7.32e-05 0.177
  8   -8.268114831897e-02 -1.222822697897e-01 2.09e-04 3.53e-06 6.77e-05 0.182
  9   -8.383691468148e-02 -1.216691217207e-01 1.75e-04 2.95e-06 1.72e-04 0.188
 10   -8.546472972628e-02 -1.197750613699e-01 1.12e-04 1.88e-06 1.69e-04 0.193
 11   -8.753101193053e-02 -1.152999353152e-01 6.41e-05 1.08e-06 3.89e-04 0.199
 12   -9.549973566820e-02 -1.030620288412e-01 1.25e-05 2.11e-07 8.56e-05 0.203
 13   -9.695192115026e-02 -1.005109374808e-01 4.45e-06 7.49e-08 4.28e-05 0.209
 14   -9.798380792219e-02 -9.895345350780e-02 9.93e-07 1.67e-08 9.27e-06 0.214
 15   -9.830540480187e-02 -9.849455966020e-02 9.78e-08 1.65e-09 6.11e-07 0.219
 16   -9.836747571456e-02 -9.841452109521e-02 1.82e-08 3.06e-10 1.90e-07 0.224
 17   -9.838644827226e-02 -9.839174275549e-02 1.77e-09 2.99e-11 1.98e-08 0.229
 18   -9.838859214118e-02 -9.838915600034e-02 1.79e-10 3.07e-12 2.96e-09 0.234
 19   -9.838883521816e-02 -9.838886711981e-02 1.01e-11 2.02e-13 1.57e-10 0.238
 20   -9.838884914882e-02 -9.838885071322e-02 4.69e-13 1.54e-07 4.99e-12 0.243
 21   -9.838884979250e-02 -9.838884994719e-02 3.40e-14 1.11e-08 6.17e-13 0.247
 22   -9.838884986189e-02 -9.838884986679e-02 1.11e-15 3.53e-10 1.94e-14 0.252


Optimal solution found in 22 iterations and 0.252s
Objective -9.83888499e-02
Primal infeasibility (abs/rel): 2.22e-15/1.11e-15
Dual infeasibility   (abs/rel): 3.89e-10/3.53e-10
Complementarity gap  (abs/rel): 2.14e-14/1.94e-14


Barrier finished in 0.25 seconds
Dual variables for problems with quadratic constraints not returned.
