cuOpt version: 26.10.0, git hash: 648f805d, host arch: x86_64, device archs: 80-real
CPU: AMD EPYC 7642 48-Core Processor, threads: 5C/5T, RAM usage: 37.82/503.74GiB
CPU SIMD target: AVX2
CUDA 12.9, device: NVIDIA A100 80GB PCIe (ID 0), VRAM: 79.44 GiB
CUDA device UUID: 68df5cf5-71f9-6a93-b428-460c080ffb10
Problem has 1 quadratic constraints. Converting to second-order cones and solving with barrier.
Handling 50 free variables directly in augmented system
Presolved problem: 5103 constraints 10102 variables 265152 nonzeros
Skipping Ruiz equilibration (row norm ratio 1.4, column norm ratio 1.4 < 5e4, Q coeff ratio 1.0 < 100)
Barrier solver started at 0.026 seconds
Barrier solver: 5103 constraints, 10102 variables, 265152 nonzeros


Second-order cones          : 1
Free variables              : 50
Upper bounds                : 5000
Linear system               : augmented
cuDSS Version               : 0.7.1
cuDSS Threading layer       : libcudss_mtlayer_gomp.so.0
Reordering time             : 0.054s
Symbolic factorization time : 0.023s
Symbolic nonzeros in factor : 2.79e+05
Elapsed time for augmented  : 0.111 seconds
Elapsed time           : 0.111 seconds
Barrier setup complete at 0.111 seconds
Adaptive regularization enabled


                  Objective                         Infeasibility        Time
Iter   Primal              Dual                Primal   Dual    Compl.   Elapsed
  0   -3.703274138474e+02 -3.710708058040e+02 3.71e+03 1.91e+00 1.19e-02 0.111
  1   -4.137052079045e+00 -3.474922988751e+02 4.01e+01 2.77e-01 6.50e-02 0.114
  2   -1.039665873189e-01 -2.487351063672e+01 4.69e-01 7.85e-03 4.78e-03 0.117
  3   -5.494861952165e-02 -6.426107939295e-01 4.69e-03 7.91e-05 1.47e-04 0.120
  4   -5.854386015849e-02 -1.360801898324e-01 6.18e-04 1.04e-05 1.73e-05 0.122
  5   -6.651980186552e-02 -1.382165323833e-01 5.03e-04 8.47e-06 2.56e-05 0.125
  6   -6.787741967993e-02 -1.385553868392e-01 4.69e-04 7.93e-06 3.65e-05 0.128
  7   -8.000815264941e-02 -1.263543941692e-01 2.70e-04 4.55e-06 7.62e-05 0.130
  8   -8.013336175292e-02 -1.261894568106e-01 2.54e-04 4.30e-06 9.32e-05 0.133
  9   -8.275751269574e-02 -1.243059763202e-01 1.86e-04 3.19e-06 2.72e-04 0.136
 10   -8.324125472443e-02 -1.222972930243e-01 1.45e-04 2.50e-06 5.49e-04 0.138
 11   -9.290516403250e-02 -1.080072674682e-01 4.82e-05 8.13e-07 1.53e-04 0.141
 12   -9.345899216028e-02 -1.064560129687e-01 3.41e-05 5.87e-07 1.79e-04 0.144
 13   -9.680796884911e-02 -1.013510888876e-01 1.07e-05 1.65e-07 6.48e-05 0.146
 14   -9.715836458883e-02 -1.005134355126e-01 6.02e-06 1.02e-07 6.33e-05 0.149
 15   -9.801444136928e-02 -9.937491777625e-02 2.30e-06 2.88e-08 2.29e-05 0.152
 16   -9.823847212982e-02 -9.899449044512e-02 9.26e-07 1.80e-08 1.48e-05 0.154
 17   -9.846873756562e-02 -9.869334457654e-02 2.51e-07 1.22e-08 4.44e-06 0.157
 18   -9.853074547405e-02 -9.860434143870e-02 5.45e-08 1.28e-09 1.30e-06 0.160
 19   -9.855685058679e-02 -9.857248105142e-02 1.11e-08 9.04e-09 2.82e-07 0.162
 20   -9.856287209670e-02 -9.856470331902e-02 7.04e-10 3.01e-09 2.23e-08 0.165
 21   -9.856361930202e-02 -9.856382012957e-02 7.68e-11 3.79e-09 2.50e-09 0.168
 22   -9.856370624864e-02 -9.856371664127e-02 1.65e-11 4.76e-08 1.24e-10 0.170
 23   -9.856371080987e-02 -9.856371151072e-02 5.26e-12 1.94e-06 7.03e-12 0.173
 24   -9.856371116084e-02 -9.856371122702e-02 7.52e-13 8.19e-05 5.82e-13 0.179
 25   -9.856371119959e-02 -9.856371120306e-02 3.69e-14 4.51e-04 1.22e-14 0.181
 26   -9.856371120146e-02 -9.856371120172e-02 9.55e-15 6.76e-04 8.09e-16 0.184
 27   -9.856371120160e-02 -9.856371120171e-02 4.30e-15 7.24e-03 3.61e-18 0.187
Numerical error in objective
Restoring previous solution


Suboptimal solution found in 28 iterations and 0.19 seconds
Objective -9.85636193e-02
Primal infeasibility (abs/rel): 1.54e-10/7.68e-11
Dual infeasibility   (abs/rel): 4.18e-09/3.79e-09
Complementarity gap  (abs/rel): 2.74e-09/2.50e-09


Barrier finished in 0.19 seconds
Dual variables for problems with quadratic constraints not returned.
