cuOpt version: 26.10.0, git hash: 648f805d, host arch: x86_64, device archs: 80-real
CPU: AMD EPYC 7642 48-Core Processor, threads: 5C/5T, RAM usage: 37.71/503.74GiB
CPU SIMD target: AVX2
CUDA 12.9, device: NVIDIA A100 80GB PCIe (ID 0), VRAM: 79.44 GiB
CUDA device UUID: 68df5cf5-71f9-6a93-b428-460c080ffb10
Problem has 1 quadratic constraints. Converting to second-order cones and solving with barrier.
Handling 50 free variables directly in augmented system
Presolved problem: 5103 constraints 10102 variables 265152 nonzeros
Skipping Ruiz equilibration (row norm ratio 1.4, column norm ratio 1.4 < 5e4, Q coeff ratio 1.0 < 100)
Barrier solver started at 0.028 seconds
Barrier solver: 5103 constraints, 10102 variables, 265152 nonzeros


Second-order cones          : 1
Free variables              : 50
Upper bounds                : 5000
Linear system               : augmented
cuDSS Version               : 0.7.1
cuDSS Threading layer       : libcudss_mtlayer_gomp.so.0
Reordering time             : 0.058s
Symbolic factorization time : 0.023s
Symbolic nonzeros in factor : 2.79e+05
Elapsed time for augmented  : 0.117 seconds
Elapsed time           : 0.117 seconds
Barrier setup complete at 0.117 seconds
Adaptive regularization enabled


                  Objective                         Infeasibility        Time
Iter   Primal              Dual                Primal   Dual    Compl.   Elapsed
  0   -3.701605598740e+02 -3.710234169387e+02 3.71e+03 1.91e+00 1.19e-02 0.118
  1   -4.135546087314e+00 -3.474447710371e+02 4.01e+01 2.77e-01 6.50e-02 0.120
  2   -1.039314353084e-01 -2.487032509764e+01 4.69e-01 7.85e-03 4.78e-03 0.123
  3   -5.492443558248e-02 -6.426586228068e-01 4.69e-03 7.91e-05 1.48e-04 0.126
  4   -5.851219332324e-02 -1.359803436119e-01 6.17e-04 1.04e-05 1.73e-05 0.128
  5   -6.701659638381e-02 -1.381479767225e-01 4.94e-04 8.32e-06 2.86e-05 0.131
  6   -6.855040212374e-02 -1.384591756138e-01 4.55e-04 7.69e-06 3.48e-05 0.134
  7   -8.223256481020e-02 -1.232136187921e-01 2.32e-04 3.90e-06 6.24e-05 0.136
  8   -8.247964321468e-02 -1.229729169897e-01 2.12e-04 3.59e-06 7.15e-05 0.139
  9   -8.394120146022e-02 -1.220003082370e-01 1.71e-04 2.93e-06 1.85e-04 0.142
 10   -8.656829540157e-02 -1.187840443437e-01 8.89e-05 1.53e-06 1.36e-04 0.144
 11   -8.752242413437e-02 -1.157196090089e-01 5.91e-05 1.05e-06 3.80e-04 0.147
 12   -9.537761146182e-02 -1.035726325922e-01 1.38e-05 2.03e-07 9.04e-05 0.150
 13   -9.692696338617e-02 -1.009873892569e-01 5.49e-06 8.09e-08 3.36e-05 0.153
 14   -9.752957241942e-02 -9.982937331970e-02 2.09e-06 4.51e-08 3.58e-05 0.155
 15   -9.826347955859e-02 -9.884574847845e-02 4.45e-07 1.81e-08 7.54e-06 0.158
 16   -9.843074918238e-02 -9.861044755438e-02 1.19e-07 1.28e-09 3.55e-06 0.161
 17   -9.850552964273e-02 -9.851129320371e-02 3.66e-09 4.69e-09 6.01e-08 0.163
 18   -9.850780606348e-02 -9.850830551589e-02 3.13e-10 2.49e-09 3.01e-09 0.166
 19   -9.850798129292e-02 -9.850806928930e-02 7.53e-11 2.25e-07 3.59e-10 0.169
 20   -9.850801442018e-02 -9.850802497918e-02 6.31e-12 9.09e-08 3.17e-11 0.172
 21   -9.850801828712e-02 -9.850802001095e-02 1.16e-12 1.93e-05 3.59e-12 0.174
 22   -9.850801893346e-02 -9.850801920985e-02 3.00e-13 4.31e-04 6.44e-13 0.177
 23   -9.850801902355e-02 -9.850801910128e-02 2.57e-13 3.16e-04 1.67e-13 0.180
 24   -9.850801904876e-02 -9.850801906632e-02 4.91e-14 4.44e-04 2.60e-14 0.182
 25   -9.850801905383e-02 -9.850801906030e-02 4.09e-14 3.64e-03 8.21e-15 0.185
Numerical error in objective
Restoring previous solution


Suboptimal solution found in 26 iterations and 0.19 seconds
Objective -9.85078061e-02
Primal infeasibility (abs/rel): 6.26e-10/3.13e-10
Dual infeasibility   (abs/rel): 2.75e-09/2.49e-09
Complementarity gap  (abs/rel): 3.30e-09/3.01e-09


Barrier finished in 0.19 seconds
Dual variables for problems with quadratic constraints not returned.
