cuOpt version: 26.10.0, git hash: 648f805d, host arch: x86_64, device archs: 80-real
CPU: AMD EPYC 7642 48-Core Processor, threads: 5C/5T, RAM usage: 37.73/503.74GiB
CPU SIMD target: AVX2
CUDA 12.9, device: NVIDIA A100 80GB PCIe (ID 0), VRAM: 79.44 GiB
CUDA device UUID: 68df5cf5-71f9-6a93-b428-460c080ffb10
Problem has 1 quadratic constraints. Converting to second-order cones and solving with barrier.
Handling 50 free variables directly in augmented system
Presolved problem: 5103 constraints 10102 variables 265152 nonzeros
Skipping Ruiz equilibration (row norm ratio 1.4, column norm ratio 1.4 < 5e4, Q coeff ratio 1.0 < 100)
Barrier solver started at 0.026 seconds
Barrier solver: 5103 constraints, 10102 variables, 265152 nonzeros


Second-order cones          : 1
Free variables              : 50
Upper bounds                : 5000
Linear system               : augmented
cuDSS Version               : 0.7.1
cuDSS Threading layer       : libcudss_mtlayer_gomp.so.0
Reordering time             : 0.054s
Symbolic factorization time : 0.023s
Symbolic nonzeros in factor : 2.79e+05
Elapsed time for augmented  : 0.111 seconds
Elapsed time           : 0.111 seconds
Barrier setup complete at 0.111 seconds
Adaptive regularization enabled


                  Objective                         Infeasibility        Time
Iter   Primal              Dual                Primal   Dual    Compl.   Elapsed
  0   -3.702624119443e+02 -3.710387458059e+02 3.71e+03 1.91e+00 1.19e-02 0.111
  1   -4.136636657504e+00 -3.474601645314e+02 4.01e+01 2.77e-01 6.50e-02 0.114
  2   -1.039518364562e-01 -2.487140771015e+01 4.69e-01 7.85e-03 4.78e-03 0.117
  3   -5.493965877246e-02 -6.425638219155e-01 4.69e-03 7.91e-05 1.48e-04 0.120
  4   -5.853205541658e-02 -1.359055667252e-01 6.17e-04 1.04e-05 1.72e-05 0.122
  5   -6.752248963855e-02 -1.382889310690e-01 4.87e-04 8.20e-06 3.00e-05 0.125
  6   -6.909314660311e-02 -1.385283022709e-01 4.47e-04 7.55e-06 4.23e-05 0.128
  7   -8.140912192605e-02 -1.243463711413e-01 2.48e-04 4.16e-06 7.51e-05 0.130
  8   -8.155817954436e-02 -1.241862761908e-01 2.32e-04 3.92e-06 7.37e-05 0.133
  9   -8.323131689515e-02 -1.230409638838e-01 1.85e-04 3.17e-06 2.17e-04 0.136
 10   -8.338516578917e-02 -1.218659113624e-01 1.59e-04 2.73e-06 3.59e-04 0.138
 11   -9.171588365277e-02 -1.095592647495e-01 6.76e-05 1.15e-06 1.14e-04 0.141
 12   -9.235092486487e-02 -1.081506314204e-01 5.22e-05 8.97e-07 1.34e-04 0.144
 13   -9.592641876557e-02 -1.025471255580e-01 1.90e-05 3.11e-07 6.40e-05 0.146
 14   -9.614659436913e-02 -1.018800519783e-01 1.36e-05 2.34e-07 7.68e-05 0.149
 15   -9.734043166093e-02 -1.002233147988e-01 6.12e-06 9.87e-08 3.38e-05 0.152
 16   -9.760704767996e-02 -9.972869275492e-02 3.62e-06 6.75e-08 3.20e-05 0.155
 17   -9.812314798187e-02 -9.901136543922e-02 1.30e-06 1.53e-08 1.27e-05 0.157
 18   -9.827025320143e-02 -9.878292303480e-02 5.73e-07 1.34e-08 8.07e-06 0.160
 19   -9.842443048677e-02 -9.858261363753e-02 1.52e-07 7.40e-09 2.44e-06 0.163
 20   -9.847431760270e-02 -9.851574220802e-02 2.85e-08 1.09e-09 6.52e-07 0.165
 21   -9.848874278703e-02 -9.849813612680e-02 6.12e-09 7.54e-09 1.48e-07 0.168
 22   -9.849234180925e-02 -9.849355091153e-02 5.31e-10 3.43e-10 1.45e-08 0.171
 23   -9.849281062655e-02 -9.849299989867e-02 8.32e-11 1.32e-08 2.36e-09 0.173
 24   -9.849289201685e-02 -9.849290368423e-02 5.12e-12 7.93e-08 1.45e-10 0.176
 25   -9.849289722036e-02 -9.849289747526e-02 3.28e-13 4.69e-07 3.19e-12 0.179
 26   -9.849289732687e-02 -9.849289734136e-02 6.20e-14 5.60e-05 1.94e-13 0.181
 27   -9.849289733273e-02 -9.849289733293e-02 6.94e-15 1.39e-02 6.23e-15 0.184
 28   -9.849289733280e-02 -9.849289733280e-02 5.61e-15 3.19e-02 1.51e-15 0.187
Numerical error in objective
Primal residual -nan dual residual -nan complementarity residual -nan
Search direction computation failed
Barrier finished in 0.19 seconds
Barrier Solve status A numerical error was encountered.
Dual variables for problems with quadratic constraints not returned.
