cuOpt version: 26.10.0, git hash: 648f805d, host arch: x86_64, device archs: 80-real
CPU: AMD EPYC 7642 48-Core Processor, threads: 5C/5T, RAM usage: 37.84/503.74GiB
CPU SIMD target: AVX2
CUDA 12.9, device: NVIDIA A100 80GB PCIe (ID 0), VRAM: 79.44 GiB
CUDA device UUID: 68df5cf5-71f9-6a93-b428-460c080ffb10
Problem has 1 quadratic constraints. Converting to second-order cones and solving with barrier.
Handling 50 free variables directly in augmented system
Presolved problem: 5103 constraints 10102 variables 265152 nonzeros
Skipping Ruiz equilibration (row norm ratio 1.4, column norm ratio 1.4 < 5e4, Q coeff ratio 1.0 < 100)
Barrier solver started at 0.028 seconds
Barrier solver: 5103 constraints, 10102 variables, 265152 nonzeros


Second-order cones          : 1
Free variables              : 50
Upper bounds                : 5000
Linear system               : augmented
cuDSS Version               : 0.7.1
cuDSS Threading layer       : libcudss_mtlayer_gomp.so.0
Reordering time             : 0.115s
Symbolic factorization time : 0.024s
Symbolic nonzeros in factor : 2.79e+05
Elapsed time for augmented  : 0.173 seconds
Elapsed time           : 0.173 seconds
Barrier setup complete at 0.173 seconds
Adaptive regularization enabled


                  Objective                         Infeasibility        Time
Iter   Primal              Dual                Primal   Dual    Compl.   Elapsed
  0   -3.704291987375e+02 -3.711395609108e+02 3.71e+03 1.91e+00 1.19e-02 0.173
  1   -4.138240293859e+00 -3.475611537576e+02 4.01e+01 2.77e-01 6.50e-02 0.176
  2   -1.039773674095e-01 -2.488455940038e+01 4.69e-01 7.85e-03 4.78e-03 0.179
  3   -5.495207885897e-02 -6.428340801415e-01 4.69e-03 7.91e-05 1.47e-04 0.182
  4   -5.854039337638e-02 -1.366926284344e-01 6.23e-04 1.05e-05 1.75e-05 0.184
  5   -6.604975124811e-02 -1.385362712475e-01 5.11e-04 8.60e-06 2.69e-05 0.187
  6   -6.790336052977e-02 -1.389601525581e-01 4.66e-04 7.88e-06 2.96e-05 0.190
  7   -8.303222743364e-02 -1.229859617082e-01 2.19e-04 3.68e-06 5.72e-05 0.192
  8   -8.344792211204e-02 -1.225109085839e-01 1.93e-04 3.26e-06 6.87e-05 0.195
  9   -8.415588724128e-02 -1.222342278978e-01 1.72e-04 2.92e-06 1.24e-04 0.198
 10   -8.638216684621e-02 -1.192142865997e-01 1.32e-04 2.25e-06 9.51e-05 0.200
 11   -8.613030720136e-02 -1.187880982580e-01 1.26e-04 2.17e-06 1.56e-04 0.203
 12   -9.211841840309e-02 -1.096247506052e-01 6.17e-05 1.05e-06 6.89e-05 0.206
 13   -9.284620887715e-02 -1.081501259278e-01 4.70e-05 8.12e-07 9.81e-05 0.208
 14   -9.588078144882e-02 -1.034063539922e-01 2.05e-05 3.41e-07 5.26e-05 0.211
 15   -9.595697449143e-02 -1.029398679816e-01 1.65e-05 2.87e-07 7.06e-05 0.214
 16   -9.732850045575e-02 -1.009836186311e-01 7.97e-06 1.32e-07 3.47e-05 0.216
 17   -9.755025951561e-02 -1.005059340955e-01 5.33e-06 9.95e-08 4.06e-05 0.219
 18   -9.817927043670e-02 -9.960258867299e-02 2.25e-06 3.36e-08 1.83e-05 0.222
 19   -9.831983014366e-02 -9.934568865005e-02 1.26e-06 2.70e-08 1.49e-05 0.225
 20   -9.860387487654e-02 -9.895714691648e-02 3.50e-07 6.85e-09 5.15e-06 0.227
 21   -9.870464603009e-02 -9.881647076033e-02 8.01e-08 3.48e-09 1.85e-06 0.230
 22   -9.874401712448e-02 -9.876792930480e-02 1.65e-08 9.83e-09 4.03e-07 0.236
 23   -9.875302977612e-02 -9.875609874943e-02 1.14e-09 8.43e-10 3.76e-08 0.239
 24   -9.875430117215e-02 -9.875462821966e-02 1.21e-10 9.03e-09 4.05e-09 0.241
 25   -9.875443707321e-02 -9.875446443861e-02 3.62e-11 5.18e-08 2.65e-10 0.244
 26   -9.875444840610e-02 -9.875445004214e-02 2.29e-12 1.19e-06 1.35e-11 0.247
 27   -9.875444902869e-02 -9.875444925792e-02 2.34e-13 2.63e-05 1.87e-12 0.250
 28   -9.875444912507e-02 -9.875444913786e-02 3.44e-14 4.29e-05 7.46e-14 0.252
 29   -9.875444913018e-02 -9.875444913192e-02 3.21e-14 8.07e-04 5.69e-15 0.255
Numerical error in objective
Restoring previous solution


Suboptimal solution found in 30 iterations and 0.26 seconds
Objective -9.87543012e-02
Primal infeasibility (abs/rel): 2.43e-10/1.21e-10
Dual infeasibility   (abs/rel): 9.95e-09/9.03e-09
Complementarity gap  (abs/rel): 4.45e-09/4.05e-09


Barrier finished in 0.26 seconds
Dual variables for problems with quadratic constraints not returned.
