cuOpt version: 26.10.0, git hash: 648f805d, host arch: x86_64, device archs: 80-real
CPU: AMD EPYC 7642 48-Core Processor, threads: 5C/5T, RAM usage: 37.66/503.74GiB
CPU SIMD target: AVX2
CUDA 12.9, device: NVIDIA A100 80GB PCIe (ID 0), VRAM: 79.44 GiB
CUDA device UUID: 68df5cf5-71f9-6a93-b428-460c080ffb10
Problem has 1 quadratic constraints. Converting to second-order cones and solving with barrier.
Handling 50 free variables directly in augmented system
Presolved problem: 5103 constraints 10102 variables 265152 nonzeros
Skipping Ruiz equilibration (row norm ratio 1.4, column norm ratio 1.4 < 5e4, Q coeff ratio 1.0 < 100)
Barrier solver started at 0.025 seconds
Barrier solver: 5103 constraints, 10102 variables, 265152 nonzeros


Second-order cones          : 1
Free variables              : 50
Upper bounds                : 5000
Linear system               : augmented
cuDSS Version               : 0.7.1
cuDSS Threading layer       : libcudss_mtlayer_gomp.so.0
Reordering time             : 0.058s
Symbolic factorization time : 0.023s
Symbolic nonzeros in factor : 2.79e+05
Elapsed time for augmented  : 0.113 seconds
Elapsed time           : 0.113 seconds
Barrier setup complete at 0.113 seconds
Adaptive regularization enabled


                  Objective                         Infeasibility        Time
Iter   Primal              Dual                Primal   Dual    Compl.   Elapsed
  0   -3.704562062107e+02 -3.710714720587e+02 3.71e+03 1.91e+00 1.19e-02 0.114
  1   -4.139037261184e+00 -3.474930274882e+02 4.01e+01 2.77e-01 6.49e-02 0.117
  2   -1.040203883519e-01 -2.487881668835e+01 4.69e-01 7.85e-03 4.78e-03 0.119
  3   -5.496595410693e-02 -6.428693971652e-01 4.69e-03 7.91e-05 1.48e-04 0.122
  4   -5.855928244626e-02 -1.358861470100e-01 6.16e-04 1.04e-05 1.71e-05 0.125
  5   -6.633591287405e-02 -1.378605864313e-01 5.05e-04 8.51e-06 2.41e-05 0.127
  6   -6.767703195416e-02 -1.382478229274e-01 4.72e-04 7.97e-06 2.82e-05 0.130
  7   -8.154063381669e-02 -1.247339890765e-01 2.42e-04 4.06e-06 6.14e-05 0.133
  8   -8.190771818029e-02 -1.244207508620e-01 2.17e-04 3.67e-06 8.71e-05 0.137
  9   -8.395453982635e-02 -1.227586548567e-01 1.64e-04 2.80e-06 2.16e-04 0.140
 10   -8.699904996103e-02 -1.186931132032e-01 9.09e-05 1.56e-06 1.29e-04 0.143
 11   -8.696665996400e-02 -1.174185100357e-01 7.65e-05 1.33e-06 2.75e-04 0.145
 12   -9.357428921863e-02 -1.067678735808e-01 3.01e-05 5.00e-07 8.75e-05 0.148
 13   -9.462487717488e-02 -1.048787170535e-01 2.03e-05 3.52e-07 1.04e-04 0.151
 14   -9.654722013274e-02 -1.018684978384e-01 9.31e-06 1.55e-07 4.87e-05 0.153
 15   -9.674411731480e-02 -1.012805973912e-01 6.52e-06 1.20e-07 5.66e-05 0.156
 16   -9.775643795569e-02 -9.980257696497e-02 2.64e-06 4.16e-08 2.43e-05 0.159
 17   -9.799283631928e-02 -9.938237849859e-02 1.45e-06 3.17e-08 2.20e-05 0.161
 18   -9.834006116306e-02 -9.888882191049e-02 4.91e-07 7.88e-09 8.26e-06 0.164
 19   -9.843731833666e-02 -9.873572886154e-02 1.96e-07 6.33e-09 4.68e-06 0.167
 20   -9.852800846749e-02 -9.861795656563e-02 5.18e-08 7.35e-09 1.38e-06 0.169
 21   -9.855791627907e-02 -9.857786117998e-02 8.00e-09 1.69e-09 3.06e-07 0.172
 22   -9.856495877463e-02 -9.856926455640e-02 1.65e-09 7.83e-09 6.58e-08 0.175
 23   -9.856659781813e-02 -9.856717766038e-02 1.58e-10 4.13e-09 6.87e-09 0.178
 24   -9.856682368360e-02 -9.856691011128e-02 2.36e-11 1.14e-08 1.03e-09 0.180
 25   -9.856686176934e-02 -9.856686497359e-02 8.74e-13 6.14e-08 3.42e-11 0.183
 26   -9.856686310537e-02 -9.856686340184e-02 7.36e-14 5.12e-06 2.75e-12 0.186
 27   -9.856686323505e-02 -9.856686325017e-02 2.45e-14 3.37e-04 8.97e-14 0.188
 28   -9.856686324134e-02 -9.856686324197e-02 1.52e-15 2.35e-02 6.23e-15 0.191
 29   -9.856686324150e-02 -9.856686324174e-02 7.29e-16 1.40e-02 5.08e-16 0.194
Numerical error in objective
Restoring previous solution


Suboptimal solution found in 30 iterations and 0.20 seconds
Objective -9.85665978e-02
Primal infeasibility (abs/rel): 3.16e-10/1.58e-10
Dual infeasibility   (abs/rel): 4.55e-09/4.13e-09
Complementarity gap  (abs/rel): 7.55e-09/6.87e-09


Barrier finished in 0.20 seconds
Dual variables for problems with quadratic constraints not returned.
