cuOpt version: 26.10.0, git hash: 648f805d, host arch: x86_64, device archs: 80-real
CPU: AMD EPYC 7642 48-Core Processor, threads: 5C/5T, RAM usage: 37.73/503.74GiB
CPU SIMD target: AVX2
CUDA 12.9, device: NVIDIA A100 80GB PCIe (ID 0), VRAM: 79.44 GiB
CUDA device UUID: 68df5cf5-71f9-6a93-b428-460c080ffb10
Problem has 1 quadratic constraints. Converting to second-order cones and solving with barrier.
Handling 50 free variables directly in augmented system
Presolved problem: 5103 constraints 10102 variables 265152 nonzeros
Skipping Ruiz equilibration (row norm ratio 1.4, column norm ratio 1.4 < 5e4, Q coeff ratio 1.0 < 100)
Barrier solver started at 0.027 seconds
Barrier solver: 5103 constraints, 10102 variables, 265152 nonzeros


Second-order cones          : 1
Free variables              : 50
Upper bounds                : 5000
Linear system               : augmented
cuDSS Version               : 0.7.1
cuDSS Threading layer       : libcudss_mtlayer_gomp.so.0
Reordering time             : 0.138s
Symbolic factorization time : 0.023s
Symbolic nonzeros in factor : 2.79e+05
Elapsed time for augmented  : 0.196 seconds
Elapsed time           : 0.196 seconds
Barrier setup complete at 0.196 seconds
Adaptive regularization enabled


                  Objective                         Infeasibility        Time
Iter   Primal              Dual                Primal   Dual    Compl.   Elapsed
  0   -3.703361174615e+02 -3.711052443117e+02 3.71e+03 1.91e+00 1.19e-02 0.197
  1   -4.137135610353e+00 -3.475267509215e+02 4.01e+01 2.77e-01 6.50e-02 0.199
  2   -1.039531737341e-01 -2.487910029666e+01 4.69e-01 7.85e-03 4.78e-03 0.202
  3   -5.493987109262e-02 -6.426842426540e-01 4.69e-03 7.91e-05 1.47e-04 0.205
  4   -5.852671188015e-02 -1.365430028268e-01 6.22e-04 1.05e-05 1.74e-05 0.207
  5   -6.766214566972e-02 -1.389353107463e-01 4.86e-04 8.19e-06 3.37e-05 0.210
  6   -6.886254235387e-02 -1.391548070042e-01 4.54e-04 7.67e-06 4.28e-05 0.213
  7   -8.047923548060e-02 -1.258120141394e-01 2.61e-04 4.40e-06 7.94e-05 0.216
  8   -8.065806127186e-02 -1.256963355930e-01 2.46e-04 4.16e-06 7.68e-05 0.218
  9   -8.300360733047e-02 -1.237813227360e-01 1.84e-04 3.15e-06 2.23e-04 0.221
 10   -8.389641114091e-02 -1.215851003374e-01 1.44e-04 2.49e-06 3.70e-04 0.224
 11   -9.193387984537e-02 -1.093100205905e-01 6.12e-05 1.04e-06 1.21e-04 0.226
 12   -9.265518578994e-02 -1.077072832004e-01 4.52e-05 7.78e-07 1.39e-04 0.229
 13   -9.633224997114e-02 -1.019836313245e-01 1.50e-05 2.43e-07 5.78e-05 0.232
 14   -9.649276769160e-02 -1.014059873327e-01 1.07e-05 1.84e-07 6.91e-05 0.235
 15   -9.758211125086e-02 -9.990094722863e-02 4.72e-06 7.38e-08 2.97e-05 0.237
 16   -9.782908781007e-02 -9.944544213120e-02 2.60e-06 4.91e-08 2.62e-05 0.240
 17   -9.824145802377e-02 -9.887644504700e-02 8.90e-07 9.49e-09 9.83e-06 0.243
 18   -9.835961057176e-02 -9.869389226484e-02 3.45e-07 8.74e-09 5.45e-06 0.245
 19   -9.846308604878e-02 -9.856143679175e-02 9.02e-08 7.63e-09 1.58e-06 0.248
 20   -9.849617560283e-02 -9.851733047465e-02 1.33e-08 1.50e-09 3.29e-07 0.251
 21   -9.850378890874e-02 -9.850811514487e-02 2.62e-09 7.51e-09 6.70e-08 0.253
 22   -9.850545263224e-02 -9.850600807670e-02 2.36e-10 1.24e-10 6.53e-09 0.256
 23   -9.850567510104e-02 -9.850574673791e-02 3.05e-11 4.90e-09 8.44e-10 0.259
 24   -9.850570690845e-02 -9.850570934261e-02 1.03e-12 9.62e-08 2.79e-11 0.261
 25   -9.850570780840e-02 -9.850570828715e-02 2.21e-13 9.18e-06 5.62e-12 0.264
 26   -9.850570801513e-02 -9.850570804683e-02 1.01e-13 2.73e-04 3.45e-13 0.267
 27   -9.850570802995e-02 -9.850570803143e-02 2.93e-14 5.55e-04 9.03e-15 0.270
 28   -9.850570803075e-02 -9.850570803109e-02 8.88e-15 3.67e-03 1.15e-15 0.272
Numerical error in objective
Restoring previous solution


Suboptimal solution found in 29 iterations and 0.28 seconds
Objective -9.85054526e-02
Primal infeasibility (abs/rel): 4.72e-10/2.36e-10
Dual infeasibility   (abs/rel): 1.37e-10/1.24e-10
Complementarity gap  (abs/rel): 7.18e-09/6.53e-09


Barrier finished in 0.28 seconds
Dual variables for problems with quadratic constraints not returned.
