cuOpt version: 26.10.0, git hash: 648f805d, host arch: x86_64, device archs: 80-real
CPU: AMD EPYC 7642 48-Core Processor, threads: 5C/5T, RAM usage: 37.64/503.74GiB
CPU SIMD target: AVX2
CUDA 12.9, device: NVIDIA A100 80GB PCIe (ID 0), VRAM: 79.44 GiB
CUDA device UUID: 68df5cf5-71f9-6a93-b428-460c080ffb10
Problem has 1 quadratic constraints. Converting to second-order cones and solving with barrier.
Handling 50 free variables directly in augmented system
Presolved problem: 5103 constraints 10102 variables 265152 nonzeros
Skipping Ruiz equilibration (row norm ratio 1.4, column norm ratio 1.4 < 5e4, Q coeff ratio 1.0 < 100)
Barrier solver started at 0.027 seconds
Barrier solver: 5103 constraints, 10102 variables, 265152 nonzeros


Second-order cones          : 1
Free variables              : 50
Upper bounds                : 5000
Linear system               : augmented
cuDSS Version               : 0.7.1
cuDSS Threading layer       : libcudss_mtlayer_gomp.so.0
Reordering time             : 0.139s
Symbolic factorization time : 0.023s
Symbolic nonzeros in factor : 2.79e+05
Elapsed time for augmented  : 0.196 seconds
Elapsed time           : 0.196 seconds
Barrier setup complete at 0.196 seconds
Adaptive regularization enabled


                  Objective                         Infeasibility        Time
Iter   Primal              Dual                Primal   Dual    Compl.   Elapsed
  0   -3.703993037120e+02 -3.711301956175e+02 3.71e+03 1.91e+00 1.19e-02 0.197
  1   -4.138312164142e+00 -3.475517914085e+02 4.01e+01 2.77e-01 6.50e-02 0.200
  2   -1.039811673394e-01 -2.488651259808e+01 4.69e-01 7.85e-03 4.78e-03 0.203
  3   -5.494896683657e-02 -6.429278183343e-01 4.69e-03 7.91e-05 1.48e-04 0.205
  4   -5.853996091908e-02 -1.361844566620e-01 6.19e-04 1.04e-05 1.73e-05 0.208
  5   -6.635107952388e-02 -1.384036406309e-01 5.08e-04 8.56e-06 2.50e-05 0.211
  6   -6.755110003840e-02 -1.387681582990e-01 4.78e-04 8.08e-06 3.38e-05 0.213
  7   -7.881693751717e-02 -1.279574529570e-01 2.93e-04 4.94e-06 7.37e-05 0.216
  8   -7.897140816830e-02 -1.278424549151e-01 2.78e-04 4.70e-06 9.91e-05 0.219
  9   -8.213086630755e-02 -1.254376495672e-01 1.99e-04 3.40e-06 2.83e-04 0.221
 10   -8.362872112167e-02 -1.223006156944e-01 1.44e-04 2.48e-06 4.82e-04 0.224
 11   -9.211582719098e-02 -1.094477774367e-01 5.97e-05 1.01e-06 1.57e-04 0.227
 12   -9.256779508633e-02 -1.080706673791e-01 4.52e-05 7.78e-07 1.89e-04 0.229
 13   -9.635598778322e-02 -1.021839141469e-01 1.50e-05 2.40e-07 7.13e-05 0.232
 14   -9.657221953050e-02 -1.015252554173e-01 1.04e-05 1.77e-07 7.66e-05 0.235
 15   -9.764235837393e-02 -1.000352387122e-01 4.56e-06 7.06e-08 3.26e-05 0.237
 16   -9.788615389176e-02 -9.958310728744e-02 2.58e-06 4.82e-08 2.84e-05 0.240
 17   -9.832618586421e-02 -9.897762592481e-02 8.55e-07 9.45e-09 1.05e-05 0.243
 18   -9.844624316889e-02 -9.879236972960e-02 3.38e-07 8.79e-09 5.96e-06 0.245
 19   -9.855345113305e-02 -9.865535113457e-02 8.86e-08 7.52e-09 1.72e-06 0.248
 20   -9.858648470618e-02 -9.861109479877e-02 1.49e-08 6.19e-10 4.00e-07 0.251
 21   -9.859527187079e-02 -9.860044937544e-02 3.00e-09 7.57e-09 8.47e-08 0.254
 22   -9.859722779178e-02 -9.859796637662e-02 3.17e-10 1.78e-09 9.89e-09 0.256
 23   -9.859755146816e-02 -9.859758322873e-02 1.37e-11 2.30e-09 4.14e-10 0.259
 24   -9.859756458943e-02 -9.859756771666e-02 1.27e-12 7.64e-08 3.86e-11 0.262
 25   -9.859756587601e-02 -9.859756622743e-02 2.73e-13 4.90e-06 4.59e-12 0.264
 26   -9.859756602617e-02 -9.859756605726e-02 6.31e-14 1.96e-04 3.91e-13 0.267
 27   -9.859756604030e-02 -9.859756604194e-02 1.87e-14 6.59e-04 1.52e-14 0.270
 28   -9.859756604111e-02 -9.859756604135e-02 6.63e-15 4.22e-03 9.99e-16 0.272
Numerical error in objective
Restoring previous solution


Suboptimal solution found in 29 iterations and 0.28 seconds
Objective -9.85972278e-02
Primal infeasibility (abs/rel): 6.34e-10/3.17e-10
Dual infeasibility   (abs/rel): 1.96e-09/1.78e-09
Complementarity gap  (abs/rel): 1.09e-08/9.89e-09


Barrier finished in 0.28 seconds
Dual variables for problems with quadratic constraints not returned.
