cuOpt version: 26.10.0, git hash: 648f805d, host arch: x86_64, device archs: 80-real
CPU: AMD EPYC 7642 48-Core Processor, threads: 5C/5T, RAM usage: 37.82/503.74GiB
CPU SIMD target: AVX2
CUDA 12.9, device: NVIDIA A100 80GB PCIe (ID 0), VRAM: 79.44 GiB
CUDA device UUID: 68df5cf5-71f9-6a93-b428-460c080ffb10
Problem has 1 quadratic constraints. Converting to second-order cones and solving with barrier.
Handling 50 free variables directly in augmented system
Presolved problem: 5103 constraints 10102 variables 265152 nonzeros
Skipping Ruiz equilibration (row norm ratio 1.4, column norm ratio 1.4 < 5e4, Q coeff ratio 1.0 < 100)
Barrier solver started at 0.026 seconds
Barrier solver: 5103 constraints, 10102 variables, 265152 nonzeros


Second-order cones          : 1
Free variables              : 50
Upper bounds                : 5000
Linear system               : augmented
cuDSS Version               : 0.7.1
cuDSS Threading layer       : libcudss_mtlayer_gomp.so.0
Reordering time             : 0.122s
Symbolic factorization time : 0.023s
Symbolic nonzeros in factor : 2.79e+05
Elapsed time for augmented  : 0.179 seconds
Elapsed time           : 0.179 seconds
Barrier setup complete at 0.179 seconds
Adaptive regularization enabled


                  Objective                         Infeasibility        Time
Iter   Primal              Dual                Primal   Dual    Compl.   Elapsed
  0   -3.703446513950e+02 -3.711178663113e+02 3.71e+03 1.91e+00 1.19e-02 0.179
  1   -4.136321701899e+00 -3.475393405900e+02 4.01e+01 2.77e-01 6.50e-02 0.182
  2   -1.039556752404e-01 -2.487508189500e+01 4.69e-01 7.85e-03 4.78e-03 0.185
  3   -5.494034057952e-02 -6.427665806473e-01 4.69e-03 7.91e-05 1.48e-04 0.188
  4   -5.852904416351e-02 -1.363010766141e-01 6.20e-04 1.04e-05 1.73e-05 0.190
  5   -6.681488354083e-02 -1.385031446885e-01 5.00e-04 8.42e-06 2.76e-05 0.193
  6   -6.831092877569e-02 -1.388298640555e-01 4.63e-04 7.81e-06 3.21e-05 0.196
  7   -8.086286101494e-02 -1.256456345175e-01 2.57e-04 4.33e-06 5.93e-05 0.198
  8   -8.098452698365e-02 -1.254734431487e-01 2.43e-04 4.10e-06 7.95e-05 0.201
  9   -8.293818682129e-02 -1.241478720978e-01 1.89e-04 3.24e-06 2.37e-04 0.204
 10   -8.299293144506e-02 -1.228180239514e-01 1.62e-04 2.79e-06 4.26e-04 0.206
 11   -9.152272368019e-02 -1.100085570853e-01 7.04e-05 1.19e-06 1.35e-04 0.209
 12   -9.228110271737e-02 -1.083504206594e-01 5.24e-05 9.00e-07 1.55e-04 0.212
 13   -9.625903762138e-02 -1.020978660426e-01 1.64e-05 2.66e-07 6.56e-05 0.214
 14   -9.647622023965e-02 -1.014307732103e-01 1.13e-05 1.94e-07 7.44e-05 0.217
 15   -9.756422951540e-02 -9.995308751860e-02 5.08e-06 8.08e-08 3.26e-05 0.220
 16   -9.783008343108e-02 -9.948035014075e-02 2.84e-06 5.37e-08 2.87e-05 0.222
 17   -9.826871381472e-02 -9.888089744546e-02 9.13e-07 1.00e-08 1.03e-05 0.225
 18   -9.837729462035e-02 -9.871183480307e-02 3.70e-07 9.00e-09 5.88e-06 0.228
 19   -9.848247924195e-02 -9.857837233810e-02 9.55e-08 7.80e-09 1.67e-06 0.230
 20   -9.851277217228e-02 -9.853778954136e-02 1.75e-08 8.29e-10 4.14e-07 0.233
 21   -9.852156249155e-02 -9.852716617150e-02 3.72e-09 7.70e-09 9.25e-08 0.236
 22   -9.852368437283e-02 -9.852448039180e-02 3.74e-10 7.53e-10 1.06e-08 0.239
 23   -9.852400131640e-02 -9.852410859630e-02 5.05e-11 2.40e-10 1.46e-09 0.241
 24   -9.852404835565e-02 -9.852405316581e-02 2.26e-12 3.38e-08 6.58e-11 0.244
 25   -9.852405051523e-02 -9.852405059929e-02 1.39e-14 8.05e-07 1.16e-12 0.247
 26   -9.852405055117e-02 -9.852405055662e-02 4.22e-15 1.05e-03 7.33e-14 0.249
 27   -9.852405055355e-02 -9.852405055395e-02 8.88e-16 1.84e-03 4.71e-15 0.252
Numerical error in objective
Restoring previous solution


Suboptimal solution found in 28 iterations and 0.26 seconds
Objective -9.85240013e-02
Primal infeasibility (abs/rel): 1.01e-10/5.05e-11
Dual infeasibility   (abs/rel): 2.65e-10/2.40e-10
Complementarity gap  (abs/rel): 1.60e-09/1.46e-09


Barrier finished in 0.26 seconds
Dual variables for problems with quadratic constraints not returned.
