cuOpt version: 26.10.0, git hash: 648f805d, host arch: x86_64, device archs: 80-real
CPU: AMD EPYC 7642 48-Core Processor, threads: 5C/5T, RAM usage: 37.82/503.74GiB
CPU SIMD target: AVX2
CUDA 12.9, device: NVIDIA A100 80GB PCIe (ID 0), VRAM: 79.44 GiB
CUDA device UUID: 68df5cf5-71f9-6a93-b428-460c080ffb10
Problem has 1 quadratic constraints. Converting to second-order cones and solving with barrier.
Handling 50 free variables directly in augmented system
Presolved problem: 5103 constraints 10102 variables 265152 nonzeros
Skipping Ruiz equilibration (row norm ratio 1.4, column norm ratio 1.4 < 5e4, Q coeff ratio 1.0 < 100)
Barrier solver started at 0.026 seconds
Barrier solver: 5103 constraints, 10102 variables, 265152 nonzeros


Second-order cones          : 1
Free variables              : 50
Upper bounds                : 5000
Linear system               : augmented
cuDSS Version               : 0.7.1
cuDSS Threading layer       : libcudss_mtlayer_gomp.so.0
Reordering time             : 0.140s
Symbolic factorization time : 0.031s
Symbolic nonzeros in factor : 2.79e+05
Elapsed time for augmented  : 0.204 seconds
Elapsed time           : 0.204 seconds
Barrier setup complete at 0.204 seconds
Adaptive regularization enabled


                  Objective                         Infeasibility        Time
Iter   Primal              Dual                Primal   Dual    Compl.   Elapsed
  0   -3.702964190560e+02 -3.711235215740e+02 3.71e+03 1.91e+00 1.19e-02 0.205
  1   -4.136200400319e+00 -3.475449712620e+02 4.01e+01 2.77e-01 6.50e-02 0.207
  2   -1.039156970413e-01 -2.487807214255e+01 4.69e-01 7.85e-03 4.78e-03 0.210
  3   -5.492703515533e-02 -6.425744712743e-01 4.69e-03 7.90e-05 1.47e-04 0.213
  4   -5.851160243074e-02 -1.363146743591e-01 6.20e-04 1.04e-05 1.74e-05 0.216
  5   -6.671506248128e-02 -1.384831505649e-01 4.99e-04 8.41e-06 2.78e-05 0.218
  6   -6.822898984486e-02 -1.387925720980e-01 4.62e-04 7.80e-06 3.77e-05 0.221
  7   -8.057551314296e-02 -1.255005804898e-01 2.60e-04 4.38e-06 7.74e-05 0.224
  8   -8.072007561629e-02 -1.253462610039e-01 2.45e-04 4.15e-06 6.95e-05 0.227
  9   -8.270686976055e-02 -1.240856418048e-01 1.91e-04 3.27e-06 2.25e-04 0.229
 10   -8.239301586870e-02 -1.230776075872e-01 1.70e-04 2.93e-06 4.87e-04 0.232
 11   -9.220858038219e-02 -1.088201104935e-01 6.13e-05 1.04e-06 1.34e-04 0.235
 12   -9.242054398442e-02 -1.075286828963e-01 4.54e-05 7.81e-07 2.34e-04 0.238
 13   -9.595317915127e-02 -1.021157682670e-01 1.55e-05 2.51e-07 1.02e-04 0.240
 14   -9.664462909646e-02 -1.007992003916e-01 8.31e-06 1.45e-07 9.18e-05 0.243
 15   -9.769670661551e-02 -9.939161598096e-02 3.13e-06 4.50e-08 3.32e-05 0.246
 16   -9.799075905556e-02 -9.890129122504e-02 1.27e-06 2.43e-08 2.02e-05 0.249
 17   -9.826339629832e-02 -9.853981204265e-02 3.52e-07 1.15e-08 6.06e-06 0.251
 18   -9.833737081227e-02 -9.843076419409e-02 7.76e-08 2.18e-09 1.76e-06 0.254
 19   -9.837017674252e-02 -9.839042427564e-02 1.61e-08 8.61e-09 3.84e-07 0.257
 20   -9.837783417620e-02 -9.838042558229e-02 1.27e-09 1.41e-09 3.69e-08 0.260
 21   -9.837885672443e-02 -9.837918971491e-02 1.63e-10 9.57e-10 4.79e-09 0.262
 22   -9.837899992134e-02 -9.837901664511e-02 1.56e-11 2.72e-08 2.27e-10 0.265
 23   -9.837900742856e-02 -9.837900792064e-02 4.73e-12 6.62e-08 4.74e-12 0.269
 24   -9.837900768180e-02 -9.837900773629e-02 9.81e-13 4.12e-05 3.53e-13 0.271
 25   -9.837900771772e-02 -9.837900772154e-02 9.81e-14 1.28e-03 1.32e-14 0.274
 26   -9.837900771876e-02 -9.837900772096e-02 7.70e-14 1.88e-01 1.77e-15 0.277
Numerical error in objective
Restoring previous solution


Suboptimal solution found in 27 iterations and 0.28 seconds
Objective -9.83788567e-02
Primal infeasibility (abs/rel): 3.25e-10/1.63e-10
Dual infeasibility   (abs/rel): 1.05e-09/9.57e-10
Complementarity gap  (abs/rel): 5.26e-09/4.79e-09


Barrier finished in 0.28 seconds
Dual variables for problems with quadratic constraints not returned.
