cuOpt version: 26.10.0, git hash: 648f805d, host arch: x86_64, device archs: 80-real
CPU: AMD EPYC 7642 48-Core Processor, threads: 5C/5T, RAM usage: 37.71/503.74GiB
CPU SIMD target: AVX2
CUDA 12.9, device: NVIDIA A100 80GB PCIe (ID 0), VRAM: 79.44 GiB
CUDA device UUID: 68df5cf5-71f9-6a93-b428-460c080ffb10
Problem has 1 quadratic constraints. Converting to second-order cones and solving with barrier.
Handling 50 free variables directly in augmented system
Presolved problem: 5103 constraints 10102 variables 265152 nonzeros
Skipping Ruiz equilibration (row norm ratio 1.4, column norm ratio 1.4 < 5e4, Q coeff ratio 1.0 < 100)
Barrier solver started at 0.034 seconds
Barrier solver: 5103 constraints, 10102 variables, 265152 nonzeros


Second-order cones          : 1
Free variables              : 50
Upper bounds                : 5000
Linear system               : augmented
cuDSS Version               : 0.7.1
cuDSS Threading layer       : libcudss_mtlayer_gomp.so.0
Reordering time             : 0.143s
Symbolic factorization time : 0.025s
Symbolic nonzeros in factor : 2.79e+05
Elapsed time for augmented  : 0.209 seconds
Elapsed time           : 0.209 seconds
Barrier setup complete at 0.209 seconds
Adaptive regularization enabled


                  Objective                         Infeasibility        Time
Iter   Primal              Dual                Primal   Dual    Compl.   Elapsed
  0   -3.704438282728e+02 -3.711104708303e+02 3.71e+03 1.91e+00 1.19e-02 0.209
  1   -4.139322660486e+00 -3.475321003753e+02 4.01e+01 2.77e-01 6.50e-02 0.212
  2   -1.040051644698e-01 -2.488690150420e+01 4.69e-01 7.85e-03 4.78e-03 0.215
  3   -5.496098286586e-02 -6.429065461774e-01 4.69e-03 7.91e-05 1.48e-04 0.218
  4   -5.855459127271e-02 -1.362808449901e-01 6.19e-04 1.04e-05 1.73e-05 0.220
  5   -6.665900410097e-02 -1.384240899739e-01 5.01e-04 8.44e-06 2.67e-05 0.223
  6   -6.830409179440e-02 -1.387647177511e-01 4.61e-04 7.79e-06 3.69e-05 0.226
  7   -8.178955640832e-02 -1.244189051368e-01 2.41e-04 4.06e-06 7.25e-05 0.228
  8   -8.204663246018e-02 -1.241616702990e-01 2.21e-04 3.74e-06 7.39e-05 0.231
  9   -8.363736491188e-02 -1.231272584482e-01 1.77e-04 3.03e-06 1.96e-04 0.234
 10   -8.574108891553e-02 -1.205816133102e-01 1.06e-04 1.82e-06 1.75e-04 0.237
 11   -8.728284190149e-02 -1.169578644285e-01 6.97e-05 1.22e-06 3.38e-04 0.239
 12   -9.491678603281e-02 -1.048368647000e-01 2.14e-05 3.40e-07 7.50e-05 0.242
 13   -9.573044056774e-02 -1.031982714170e-01 1.32e-05 2.24e-07 8.97e-05 0.245
 14   -9.610891596821e-02 -1.025840541861e-01 1.00e-05 1.84e-07 9.42e-05 0.247
 15   -9.721091197993e-02 -1.009344531424e-01 5.11e-06 8.87e-08 4.83e-05 0.250
 16   -9.738107036734e-02 -1.005139540303e-01 3.53e-06 7.06e-08 4.79e-05 0.253
 17   -9.813667799039e-02 -9.940610475020e-02 1.10e-06 1.51e-08 1.83e-05 0.255
 18   -9.834643615570e-02 -9.907976990523e-02 4.97e-07 1.42e-08 1.30e-05 0.258
 19   -9.856013205460e-02 -9.879917275855e-02 1.40e-07 6.81e-09 4.13e-06 0.261
 20   -9.863076593267e-02 -9.870228501939e-02 3.12e-08 1.85e-09 1.33e-06 0.263
 21   -9.865492256874e-02 -9.867237046615e-02 7.14e-09 7.60e-09 3.20e-07 0.266
 22   -9.866137831580e-02 -9.866393836255e-02 6.75e-10 2.70e-10 3.53e-08 0.269
 23   -9.866238683493e-02 -9.866273877862e-02 9.30e-11 6.29e-09 4.99e-09 0.272
 24   -9.866252416306e-02 -9.866257431347e-02 1.33e-11 2.74e-09 7.16e-10 0.274
 25   -9.866254602189e-02 -9.866254797096e-02 9.28e-13 2.25e-07 2.73e-11 0.277
 26   -9.866254686965e-02 -9.866254692519e-02 1.61e-13 4.11e-06 7.81e-13 0.280
 27   -9.866254689215e-02 -9.866254689433e-02 2.46e-14 1.11e-03 3.49e-14 0.283
 28   -9.866254689287e-02 -9.866254689281e-02 3.47e-15 7.76e-02 2.66e-15 0.285
 29   -9.866254689290e-02 -9.866254689280e-02 4.08e-15 1.34e-01 2.14e-17 0.288
Numerical error in objective
Restoring previous solution


Suboptimal solution found in 30 iterations and 0.29 seconds
Objective -9.86625242e-02
Primal infeasibility (abs/rel): 2.66e-11/1.33e-11
Dual infeasibility   (abs/rel): 3.02e-09/2.74e-09
Complementarity gap  (abs/rel): 7.86e-10/7.16e-10


Barrier finished in 0.29 seconds
Dual variables for problems with quadratic constraints not returned.
