cuOpt version: 26.10.0, git hash: 648f805d, host arch: x86_64, device archs: 80-real
CPU: AMD EPYC 7642 48-Core Processor, threads: 5C/5T, RAM usage: 43.77/503.74GiB
CPU SIMD target: AVX2
CUDA 12.9, device: NVIDIA A100 80GB PCIe (ID 0), VRAM: 79.44 GiB
CUDA device UUID: 68df5cf5-71f9-6a93-b428-460c080ffb10
Problem has 1 quadratic constraints. Converting to second-order cones and solving with barrier.
Handling 50 free variables directly in augmented system
Presolved problem: 5103 constraints 10102 variables 265152 nonzeros
Skipping Ruiz equilibration (row norm ratio 1.4, column norm ratio 1.4 < 5e4, Q coeff ratio 1.0 < 100)
Barrier solver started at 0.027 seconds
Barrier solver: 5103 constraints, 10102 variables, 265152 nonzeros


Second-order cones          : 1
Free variables              : 50
Upper bounds                : 5000
Linear system               : augmented
cuDSS Version               : 0.7.1
cuDSS Threading layer       : libcudss_mtlayer_gomp.so.0
cuDSS solve mode            : deterministic
Reordering time             : 0.069s
Symbolic factorization time : 0.024s
Symbolic nonzeros in factor : 2.79e+05
Elapsed time for augmented  : 0.127 seconds
Elapsed time           : 0.127 seconds
Barrier setup complete at 0.127 seconds
Adaptive regularization enabled


                  Objective                         Infeasibility        Time
Iter   Primal              Dual                Primal   Dual    Compl.   Elapsed
  0   -3.703361174615e+02 -3.711052443117e+02 3.71e+03 1.91e+00 1.19e-02 0.127
  1   -4.137135437376e+00 -3.475267509272e+02 4.01e+01 2.77e-01 6.50e-02 0.206
  2   -1.039531739210e-01 -2.487909939798e+01 4.69e-01 7.85e-03 4.78e-03 0.284
  3   -5.493987113675e-02 -6.426843426174e-01 4.69e-03 7.91e-05 1.47e-04 0.363
  4   -5.852671165756e-02 -1.365429791277e-01 6.22e-04 1.05e-05 1.74e-05 0.441
  5   -6.766231699818e-02 -1.389353414505e-01 4.86e-04 8.19e-06 3.37e-05 0.518
  6   -6.886255265119e-02 -1.391548248021e-01 4.54e-04 7.65e-06 4.28e-05 0.596
  7   -8.047950122326e-02 -1.258121075051e-01 2.61e-04 4.40e-06 7.94e-05 0.673
  8   -8.065829175608e-02 -1.256963999904e-01 2.46e-04 4.14e-06 7.69e-05 0.768
  9   -8.300367952658e-02 -1.237812850565e-01 1.84e-04 3.10e-06 2.23e-04 0.845
 10   -8.389689474542e-02 -1.215840699373e-01 1.44e-04 2.42e-06 3.70e-04 0.940
 11   -9.193528348115e-02 -1.093076125653e-01 6.12e-05 1.03e-06 1.21e-04 1.018
 12   -9.265521287735e-02 -1.077066623344e-01 4.52e-05 7.62e-07 1.39e-04 1.112
 13   -9.633186127745e-02 -1.019842122160e-01 1.50e-05 2.54e-07 5.78e-05 1.190
 14   -9.649225342709e-02 -1.014072091119e-01 1.07e-05 1.80e-07 6.91e-05 1.301
 15   -9.758120075145e-02 -9.990236014529e-02 4.73e-06 7.96e-08 2.97e-05 1.379
 16   -9.782660883578e-02 -9.944881152803e-02 2.61e-06 4.40e-08 2.62e-05 1.473
 17   -9.823999919086e-02 -9.887841730170e-02 8.95e-07 1.51e-08 9.86e-06 1.551
 18   -9.835841231380e-02 -9.869556575265e-02 3.49e-07 5.85e-09 5.49e-06 1.629
 19   -9.846246806851e-02 -9.856223310003e-02 9.16e-08 1.54e-09 1.59e-06 1.706
 20   -9.849581231303e-02 -9.851773082459e-02 1.38e-08 2.23e-10 3.39e-07 1.784
 21   -9.850368781683e-02 -9.850823702717e-02 2.75e-09 4.77e-11 7.00e-08 1.861
 22   -9.850544051333e-02 -9.850602753106e-02 2.51e-10 1.63e-11 6.90e-09 1.939
 23   -9.850567245674e-02 -9.850575042672e-02 3.33e-11 1.15e-10 9.18e-10 2.003
 24   -9.850570676422e-02 -9.850570951994e-02 1.17e-12 6.37e-10 3.14e-11 2.063


Optimal solution found in 24 iterations and 2.063s
Objective -9.85057068e-02
Primal infeasibility (abs/rel): 2.34e-12/1.17e-12
Dual infeasibility   (abs/rel): 7.02e-10/6.37e-10
Complementarity gap  (abs/rel): 3.45e-11/3.14e-11


Barrier finished in 2.07 seconds
Dual variables for problems with quadratic constraints not returned.
