cuOpt version: 26.10.0, git hash: 648f805d, host arch: x86_64, device archs: 80-real
CPU: AMD EPYC 7642 48-Core Processor, threads: 5C/5T, RAM usage: 42.32/503.74GiB
CPU SIMD target: AVX2
CUDA 12.9, device: NVIDIA A100 80GB PCIe (ID 0), VRAM: 79.44 GiB
CUDA device UUID: 68df5cf5-71f9-6a93-b428-460c080ffb10
Problem has 1 quadratic constraints. Converting to second-order cones and solving with barrier.
Handling 50 free variables directly in augmented system
Presolved problem: 5103 constraints 10102 variables 265152 nonzeros
Skipping Ruiz equilibration (row norm ratio 1.4, column norm ratio 1.4 < 5e4, Q coeff ratio 1.0 < 100)
Barrier solver started at 0.026 seconds
Barrier solver: 5103 constraints, 10102 variables, 265152 nonzeros


Second-order cones          : 1
Free variables              : 50
Upper bounds                : 5000
Linear system               : augmented
cuDSS Version               : 0.7.1
cuDSS Threading layer       : libcudss_mtlayer_gomp.so.0
cuDSS solve mode            : deterministic
Reordering time             : 0.053s
Symbolic factorization time : 0.023s
Symbolic nonzeros in factor : 2.79e+05
Elapsed time for augmented  : 0.110 seconds
Elapsed time           : 0.110 seconds
Barrier setup complete at 0.110 seconds
Adaptive regularization enabled


                  Objective                         Infeasibility        Time
Iter   Primal              Dual                Primal   Dual    Compl.   Elapsed
  0   -3.705152443471e+02 -3.711033693861e+02 3.71e+03 1.91e+00 1.19e-02 0.110
  1   -4.138998630640e+00 -3.475249664383e+02 4.01e+01 2.77e-01 6.50e-02 0.188
  2   -1.040338950666e-01 -2.487858726121e+01 4.69e-01 7.85e-03 4.78e-03 0.266
  3   -5.497382540149e-02 -6.429189352264e-01 4.69e-03 7.91e-05 1.48e-04 0.344
  4   -5.856905360045e-02 -1.363520738772e-01 6.20e-04 1.04e-05 1.73e-05 0.421
  5   -6.705051129623e-02 -1.385952919680e-01 4.95e-04 8.35e-06 2.84e-05 0.499
  6   -6.848331755028e-02 -1.388985869978e-01 4.59e-04 7.73e-06 4.03e-05 0.576
  7   -8.093067467809e-02 -1.253020268244e-01 2.54e-04 4.28e-06 7.91e-05 0.654
  8   -8.112528366971e-02 -1.251137255530e-01 2.36e-04 3.97e-06 9.13e-05 0.749
  9   -8.325026282544e-02 -1.235964497086e-01 1.79e-04 3.02e-06 2.57e-04 0.844
 10   -8.360575602543e-02 -1.220443045618e-01 1.46e-04 2.46e-06 4.26e-04 0.938
 11   -9.182270753858e-02 -1.097882225144e-01 6.30e-05 1.06e-06 1.44e-04 1.016
 12   -9.260041515304e-02 -1.080842471130e-01 4.68e-05 7.89e-07 1.69e-04 1.111
 13   -9.603616619761e-02 -1.026642872778e-01 1.77e-05 2.98e-07 7.20e-05 1.188
 14   -9.627299926490e-02 -1.020026876647e-01 1.28e-05 2.16e-07 7.60e-05 1.300
 15   -9.745119775893e-02 -1.003298241851e-01 5.89e-06 9.92e-08 3.43e-05 1.378
 16   -9.773596824631e-02 -9.980734851228e-02 3.43e-06 5.79e-08 3.11e-05 1.472
 17   -9.823702783893e-02 -9.910382773816e-02 1.23e-06 2.07e-08 1.22e-05 1.550
 18   -9.838608574458e-02 -9.887089418868e-02 5.23e-07 8.79e-09 7.59e-06 1.630
 19   -9.853176840532e-02 -9.868107573314e-02 1.40e-07 2.35e-09 2.29e-06 1.708
 20   -9.857867884006e-02 -9.861767676243e-02 2.61e-08 4.26e-10 6.03e-07 1.785
 21   -9.859232166984e-02 -9.860102926215e-02 5.50e-09 9.31e-11 1.36e-07 1.863
 22   -9.859562165633e-02 -9.859683081965e-02 5.43e-10 7.15e-12 1.51e-08 1.940
 23   -9.859607808380e-02 -9.859628235740e-02 9.17e-11 1.07e-11 2.57e-09 2.018
 24   -9.859616643960e-02 -9.859617615407e-02 4.34e-12 2.41e-10 1.19e-10 2.077


Optimal solution found in 24 iterations and 2.077s
Objective -9.85961664e-02
Primal infeasibility (abs/rel): 8.68e-12/4.34e-12
Dual infeasibility   (abs/rel): 2.66e-10/2.41e-10
Complementarity gap  (abs/rel): 1.30e-10/1.19e-10


Barrier finished in 2.08 seconds
Dual variables for problems with quadratic constraints not returned.
