cuOpt version: 26.10.0, git hash: 648f805d, host arch: x86_64, device archs: 80-real
CPU: AMD EPYC 7642 48-Core Processor, threads: 5C/5T, RAM usage: 42.29/503.74GiB
CPU SIMD target: AVX2
CUDA 12.9, device: NVIDIA A100 80GB PCIe (ID 0), VRAM: 79.44 GiB
CUDA device UUID: 68df5cf5-71f9-6a93-b428-460c080ffb10
Problem has 1 quadratic constraints. Converting to second-order cones and solving with barrier.
Handling 50 free variables directly in augmented system
Presolved problem: 5103 constraints 10102 variables 265152 nonzeros
Skipping Ruiz equilibration (row norm ratio 1.4, column norm ratio 1.4 < 5e4, Q coeff ratio 1.0 < 100)
Barrier solver started at 0.029 seconds
Barrier solver: 5103 constraints, 10102 variables, 265152 nonzeros


Second-order cones          : 1
Free variables              : 50
Upper bounds                : 5000
Linear system               : augmented
cuDSS Version               : 0.7.1
cuDSS Threading layer       : libcudss_mtlayer_gomp.so.0
cuDSS solve mode            : deterministic
Reordering time             : 0.155s
Symbolic factorization time : 0.024s
Symbolic nonzeros in factor : 2.79e+05
Elapsed time for augmented  : 0.215 seconds
Elapsed time           : 0.215 seconds
Barrier setup complete at 0.215 seconds
Adaptive regularization enabled


                  Objective                         Infeasibility        Time
Iter   Primal              Dual                Primal   Dual    Compl.   Elapsed
  0   -3.704438282728e+02 -3.711104708303e+02 3.71e+03 1.91e+00 1.19e-02 0.216
  1   -4.139322487461e+00 -3.475321003739e+02 4.01e+01 2.77e-01 6.50e-02 0.294
  2   -1.040051645786e-01 -2.488690059915e+01 4.69e-01 7.85e-03 4.78e-03 0.371
  3   -5.496098290900e-02 -6.429066466968e-01 4.69e-03 7.91e-05 1.48e-04 0.449
  4   -5.855459132465e-02 -1.362807828579e-01 6.19e-04 1.04e-05 1.73e-05 0.526
  5   -6.665907728715e-02 -1.384240677307e-01 5.01e-04 8.44e-06 2.67e-05 0.604
  6   -6.830397407967e-02 -1.387646904003e-01 4.61e-04 7.77e-06 3.69e-05 0.681
  7   -8.178965068448e-02 -1.244187875717e-01 2.41e-04 4.06e-06 7.25e-05 0.759
  8   -8.204667333172e-02 -1.241615513233e-01 2.21e-04 3.73e-06 7.39e-05 0.853
  9   -8.363783321534e-02 -1.231267561990e-01 1.77e-04 2.98e-06 1.96e-04 0.948
 10   -8.573826313308e-02 -1.205847460274e-01 1.06e-04 1.79e-06 1.75e-04 1.026
 11   -8.728360767603e-02 -1.169549405303e-01 6.97e-05 1.17e-06 3.38e-04 1.137
 12   -9.492178524971e-02 -1.048282905644e-01 2.14e-05 3.60e-07 7.49e-05 1.215
 13   -9.573363294929e-02 -1.031913850094e-01 1.32e-05 2.22e-07 8.97e-05 1.310
 14   -9.611217938451e-02 -1.025782578486e-01 1.00e-05 1.69e-07 9.41e-05 1.421
 15   -9.721223360997e-02 -1.009317456484e-01 5.10e-06 8.59e-08 4.82e-05 1.499
 16   -9.738047607348e-02 -1.005140832491e-01 3.53e-06 5.94e-08 4.78e-05 1.611
 17   -9.813667348698e-02 -9.940576145137e-02 1.10e-06 1.85e-08 1.83e-05 1.688
 18   -9.834629730295e-02 -9.908004990605e-02 4.97e-07 8.38e-09 1.30e-05 1.800
 19   -9.855959439074e-02 -9.879983180147e-02 1.40e-07 2.37e-09 4.15e-06 1.877
 20   -9.863009676300e-02 -9.870302415161e-02 3.17e-08 5.16e-10 1.35e-06 1.955
 21   -9.865468522694e-02 -9.867265752193e-02 7.33e-09 1.23e-10 3.27e-07 2.032
 22   -9.866134821719e-02 -9.866398528987e-02 6.93e-10 9.81e-12 3.61e-08 2.110
 23   -9.866238143834e-02 -9.866274590460e-02 9.58e-11 7.37e-12 5.12e-09 2.188
 24   -9.866252321788e-02 -9.866257540687e-02 1.37e-11 8.49e-12 7.37e-10 2.265
 25   -9.866254596018e-02 -9.866254802255e-02 5.26e-13 9.21e-10 2.83e-11 2.326


Optimal solution found in 25 iterations and 2.326s
Objective -9.86625460e-02
Primal infeasibility (abs/rel): 1.05e-12/5.26e-13
Dual infeasibility   (abs/rel): 1.01e-09/9.21e-10
Complementarity gap  (abs/rel): 3.11e-11/2.83e-11


Barrier finished in 2.33 seconds
Dual variables for problems with quadratic constraints not returned.
