cuOpt version: 26.10.0, git hash: 648f805d, host arch: x86_64, device archs: 80-real
CPU: AMD EPYC 7642 48-Core Processor, threads: 5C/5T, RAM usage: 30.02/503.74GiB
CPU SIMD target: AVX2
CUDA 12.9, device: NVIDIA A100 80GB PCIe (ID 0), VRAM: 79.44 GiB
CUDA device UUID: 68df5cf5-71f9-6a93-b428-460c080ffb10
Problem has 1 quadratic constraints. Converting to second-order cones and solving with barrier.
Handling 50 free variables directly in augmented system
Presolved problem: 5103 constraints 10102 variables 265152 nonzeros
Skipping Ruiz equilibration (row norm ratio 1.4, column norm ratio 1.4 < 5e4, Q coeff ratio 1.0 < 100)
Barrier solver started at 0.028 seconds
Barrier solver: 5103 constraints, 10102 variables, 265152 nonzeros


Second-order cones          : 1
Free variables              : 50
Upper bounds                : 5000
Linear system               : augmented
cuDSS Version               : 0.7.1
cuDSS Threading layer       : libcudss_mtlayer_gomp.so.0
Reordering time             : 0.053s
Symbolic factorization time : 0.024s
Symbolic nonzeros in factor : 2.79e+05
Elapsed time for augmented  : 0.112 seconds
Elapsed time           : 0.112 seconds
Barrier setup complete at 0.112 seconds
Adaptive regularization enabled


                  Objective                         Infeasibility        Time
Iter   Primal              Dual                Primal   Dual    Compl.   Elapsed
  0   -3.703274138474e+02 -3.710708058040e+02 3.71e+03 1.91e+00 1.19e-02 0.112
  1   -4.137052079144e+00 -3.474922988751e+02 4.01e+01 2.77e-01 6.50e-02 0.115
  2   -1.039665872922e-01 -2.487351063529e+01 4.69e-01 7.85e-03 4.78e-03 0.118
  3   -5.494861952081e-02 -6.426107942510e-01 4.69e-03 7.91e-05 1.47e-04 0.120
  4   -5.854386015787e-02 -1.360801898714e-01 6.18e-04 1.04e-05 1.73e-05 0.123
  5   -6.651980201018e-02 -1.382165324562e-01 5.03e-04 8.47e-06 2.56e-05 0.126
  6   -6.787741984136e-02 -1.385553868743e-01 4.69e-04 7.93e-06 3.65e-05 0.128
  7   -8.000815321355e-02 -1.263543937159e-01 2.70e-04 4.55e-06 7.62e-05 0.131
  8   -8.013336227096e-02 -1.261894563207e-01 2.54e-04 4.30e-06 9.32e-05 0.134
  9   -8.275751305196e-02 -1.243059759116e-01 1.86e-04 3.19e-06 2.72e-04 0.136
 10   -8.324125523432e-02 -1.222972921790e-01 1.45e-04 2.50e-06 5.49e-04 0.139
 11   -9.290516486162e-02 -1.080072661737e-01 4.82e-05 8.13e-07 1.53e-04 0.142
 12   -9.345899298338e-02 -1.064560116284e-01 3.41e-05 5.87e-07 1.79e-04 0.144
 13   -9.680796914984e-02 -1.013510883952e-01 1.07e-05 1.65e-07 6.48e-05 0.147
 14   -9.715836503101e-02 -1.005134348456e-01 6.02e-06 1.02e-07 6.33e-05 0.150
 15   -9.801444161347e-02 -9.937491738537e-02 2.30e-06 2.88e-08 2.29e-05 0.152
 16   -9.823847235583e-02 -9.899449013005e-02 9.26e-07 1.79e-08 1.48e-05 0.155
 17   -9.846873765548e-02 -9.869334445124e-02 2.51e-07 1.22e-08 4.44e-06 0.158
 18   -9.853074551860e-02 -9.860434138222e-02 5.45e-08 1.54e-09 1.30e-06 0.160
 19   -9.855685059801e-02 -9.857248103682e-02 1.11e-08 9.00e-09 2.82e-07 0.163
 20   -9.856287209871e-02 -9.856470331658e-02 7.04e-10 1.44e-09 2.23e-08 0.166
 21   -9.856361930227e-02 -9.856382012927e-02 7.68e-11 7.41e-09 2.50e-09 0.168
 22   -9.856370624859e-02 -9.856371664134e-02 1.65e-11 4.86e-08 1.24e-10 0.171
 23   -9.856371080986e-02 -9.856371151073e-02 5.26e-12 1.75e-06 7.03e-12 0.174
 24   -9.856371116090e-02 -9.856371122697e-02 7.51e-13 8.32e-05 5.81e-13 0.176
 25   -9.856371119953e-02 -9.856371120311e-02 3.75e-14 5.27e-04 1.27e-14 0.179
 26   -9.856371120136e-02 -9.856371120179e-02 1.11e-14 1.31e-03 6.69e-17 0.182
Numerical error in objective
Restoring previous solution


Suboptimal solution found in 27 iterations and 0.18 seconds
Objective -9.85636193e-02
Primal infeasibility (abs/rel): 1.54e-10/7.68e-11
Dual infeasibility   (abs/rel): 8.16e-09/7.41e-09
Complementarity gap  (abs/rel): 2.74e-09/2.50e-09


Barrier finished in 0.18 seconds
Dual variables for problems with quadratic constraints not returned.
