cuOpt version: 26.10.0, git hash: 648f805d, host arch: x86_64, device archs: 80-real
CPU: AMD EPYC 7642 48-Core Processor, threads: 5C/5T, RAM usage: 29.93/503.74GiB
CPU SIMD target: AVX2
CUDA 12.9, device: NVIDIA A100 80GB PCIe (ID 0), VRAM: 79.44 GiB
CUDA device UUID: 68df5cf5-71f9-6a93-b428-460c080ffb10
Problem has 1 quadratic constraints. Converting to second-order cones and solving with barrier.
Barrier: reusing cache (skip convert/presolve/scaling)
Barrier solver started at 0.000 seconds
Barrier solver: 5103 constraints, 10102 variables, 265152 nonzeros
Barrier setup complete at 0.000 seconds
Adaptive regularization enabled


                  Objective                         Infeasibility        Time
Iter   Primal              Dual                Primal   Dual    Compl.   Elapsed
  0   -3.702509737108e+02 -3.710937010099e+02 3.71e+03 1.91e+00 1.19e-02 0.001
  1   -4.136273724080e+00 -3.475151614491e+02 4.01e+01 2.77e-01 6.50e-02 0.004
  2   -1.039317309521e-01 -2.487809569840e+01 4.69e-01 7.85e-03 4.78e-03 0.007
  3   -5.492858363946e-02 -6.426989425550e-01 4.69e-03 7.91e-05 1.48e-04 0.010
  4   -5.851315192754e-02 -1.366087248675e-01 6.22e-04 1.05e-05 1.74e-05 0.013
  5   -6.838203658344e-02 -1.390882579727e-01 4.75e-04 8.01e-06 3.90e-05 0.015
  6   -6.889364198850e-02 -1.392058275864e-01 4.61e-04 7.79e-06 4.13e-05 0.018
  7   -7.975773864367e-02 -1.309110449393e-01 2.43e-04 4.26e-06 1.01e-04 0.021
  8   -7.980215677289e-02 -1.306481757480e-01 2.26e-04 3.97e-06 2.65e-04 0.023
  9   -8.971763529922e-02 -1.146079665051e-01 6.32e-05 1.14e-06 2.28e-04 0.026
 10   -9.597459645549e-02 -1.029565249455e-01 1.59e-05 2.86e-07 4.93e-05 0.029
 11   -9.743912938933e-02 -1.006255773171e-01 6.14e-06 1.11e-07 1.11e-05 0.031
 12   -9.773461891953e-02 -9.993998540003e-02 2.94e-06 7.39e-08 2.50e-05 0.034
 13   -9.823248665987e-02 -9.925628723512e-02 9.33e-07 9.52e-09 9.49e-06 0.037
 14   -9.847078408541e-02 -9.892487483086e-02 3.51e-07 1.09e-08 8.04e-06 0.039
 15   -9.865614960536e-02 -9.868363609840e-02 2.06e-08 3.17e-09 3.88e-07 0.042
 16   -9.866786271543e-02 -9.866876061615e-02 6.72e-10 6.67e-09 5.80e-09 0.045
 17   -9.866820137835e-02 -9.866831864868e-02 8.58e-11 3.15e-09 6.40e-10 0.048
 18   -9.866824337530e-02 -9.866826249952e-02 1.15e-11 2.75e-07 6.13e-11 0.050
 19   -9.866825143081e-02 -9.866825234087e-02 5.18e-13 4.63e-06 6.81e-12 0.053
 20   -9.866825181507e-02 -9.866825185135e-02 6.98e-14 1.42e-04 2.66e-13 0.056
 21   -9.866825183030e-02 -9.866825183286e-02 5.10e-14 2.54e-03 1.06e-14 0.058
 22   -9.866825183186e-02 -9.866825183222e-02 9.60e-15 6.80e-03 1.81e-15 0.061
Numerical error in objective
Restoring previous solution


Suboptimal solution found in 23 iterations and 0.06 seconds
Objective -9.86682014e-02
Primal infeasibility (abs/rel): 1.72e-10/8.58e-11
Dual infeasibility   (abs/rel): 3.47e-09/3.15e-09
Complementarity gap  (abs/rel): 7.03e-10/6.40e-10


Barrier finished in 0.06 seconds
Dual variables for problems with quadratic constraints not returned.
