cuOpt version: 26.10.0, git hash: 648f805d, host arch: x86_64, device archs: 80-real
CPU: AMD EPYC 7642 48-Core Processor, threads: 5C/5T, RAM usage: 30.07/503.74GiB
CPU SIMD target: AVX2
CUDA 12.9, device: NVIDIA A100 80GB PCIe (ID 0), VRAM: 79.44 GiB
CUDA device UUID: 68df5cf5-71f9-6a93-b428-460c080ffb10
Problem has 1 quadratic constraints. Converting to second-order cones and solving with barrier.
Barrier: reusing cache (skip convert/presolve/scaling)
Barrier solver started at 0.000 seconds
Barrier solver: 5103 constraints, 10102 variables, 265152 nonzeros
Barrier setup complete at 0.000 seconds
Adaptive regularization enabled


                  Objective                         Infeasibility        Time
Iter   Primal              Dual                Primal   Dual    Compl.   Elapsed
  0   -3.702624119443e+02 -3.710387458059e+02 3.71e+03 1.91e+00 1.19e-02 0.001
  1   -4.136636657611e+00 -3.474601645315e+02 4.01e+01 2.77e-01 6.50e-02 0.003
  2   -1.039518364658e-01 -2.487140771177e+01 4.69e-01 7.85e-03 4.78e-03 0.006
  3   -5.493965877149e-02 -6.425638222724e-01 4.69e-03 7.91e-05 1.48e-04 0.009
  4   -5.853205541475e-02 -1.359055666001e-01 6.17e-04 1.04e-05 1.72e-05 0.012
  5   -6.752248970629e-02 -1.382889312300e-01 4.87e-04 8.20e-06 3.00e-05 0.015
  6   -6.909314671318e-02 -1.385283023765e-01 4.47e-04 7.55e-06 4.23e-05 0.017
  7   -8.140912256300e-02 -1.243463703014e-01 2.48e-04 4.16e-06 7.51e-05 0.020
  8   -8.155818014139e-02 -1.241862753238e-01 2.32e-04 3.92e-06 7.37e-05 0.023
  9   -8.323131738826e-02 -1.230409631786e-01 1.85e-04 3.17e-06 2.17e-04 0.025
 10   -8.338516592064e-02 -1.218659108569e-01 1.59e-04 2.73e-06 3.59e-04 0.028
 11   -9.171588459646e-02 -1.095592632235e-01 6.76e-05 1.15e-06 1.14e-04 0.031
 12   -9.235092576425e-02 -1.081506298649e-01 5.22e-05 8.97e-07 1.34e-04 0.033
 13   -9.592641943717e-02 -1.025471244513e-01 1.90e-05 3.11e-07 6.40e-05 0.036
 14   -9.614659514862e-02 -1.018800507330e-01 1.36e-05 2.34e-07 7.68e-05 0.039
 15   -9.734043202748e-02 -1.002233141612e-01 6.12e-06 9.87e-08 3.38e-05 0.041
 16   -9.760704810158e-02 -9.972869211247e-02 3.62e-06 6.74e-08 3.20e-05 0.044
 17   -9.812314821668e-02 -9.901136508929e-02 1.30e-06 1.53e-08 1.27e-05 0.047
 18   -9.827025339189e-02 -9.878292277313e-02 5.73e-07 1.33e-08 8.07e-06 0.049
 19   -9.842443055742e-02 -9.858261354274e-02 1.52e-07 7.41e-09 2.44e-06 0.052
 20   -9.847431763265e-02 -9.851574217043e-02 2.85e-08 1.31e-09 6.52e-07 0.055
 21   -9.848874279496e-02 -9.849813611667e-02 6.12e-09 7.93e-09 1.48e-07 0.057
 22   -9.849234181056e-02 -9.849355090995e-02 5.31e-10 4.15e-09 1.45e-08 0.060
 23   -9.849281062675e-02 -9.849299989842e-02 8.32e-11 9.82e-10 2.36e-09 0.063
 24   -9.849289201688e-02 -9.849290368420e-02 5.12e-12 7.84e-08 1.45e-10 0.065
 25   -9.849289722036e-02 -9.849289747526e-02 3.28e-13 5.46e-07 3.19e-12 0.068
 26   -9.849289732690e-02 -9.849289734132e-02 6.20e-14 4.04e-05 1.92e-13 0.071
 27   -9.849289733268e-02 -9.849289733300e-02 7.33e-15 1.66e-02 5.97e-15 0.073
 28   -9.849289733279e-02 -9.849289733283e-02 6.02e-15 3.05e-02 1.78e-15 0.076
Numerical error in objective
Restoring previous solution


Suboptimal solution found in 29 iterations and 0.08 seconds
Objective -9.84928106e-02
Primal infeasibility (abs/rel): 1.66e-10/8.32e-11
Dual infeasibility   (abs/rel): 1.08e-09/9.82e-10
Complementarity gap  (abs/rel): 2.59e-09/2.36e-09


Barrier finished in 0.08 seconds
Dual variables for problems with quadratic constraints not returned.
