cuOpt version: 26.10.0, git hash: 648f805d, host arch: x86_64, device archs: 80-real
CPU: AMD EPYC 7642 48-Core Processor, threads: 5C/5T, RAM usage: 30.04/503.74GiB
CPU SIMD target: AVX2
CUDA 12.9, device: NVIDIA A100 80GB PCIe (ID 0), VRAM: 79.44 GiB
CUDA device UUID: 68df5cf5-71f9-6a93-b428-460c080ffb10
Problem has 1 quadratic constraints. Converting to second-order cones and solving with barrier.
Barrier: reusing cache (skip convert/presolve/scaling)
Barrier solver started at 0.000 seconds
Barrier solver: 5103 constraints, 10102 variables, 265152 nonzeros
Barrier setup complete at 0.000 seconds
Adaptive regularization enabled


                  Objective                         Infeasibility        Time
Iter   Primal              Dual                Primal   Dual    Compl.   Elapsed
  0   -3.704291987375e+02 -3.711395609108e+02 3.71e+03 1.91e+00 1.19e-02 0.001
  1   -4.138240293833e+00 -3.475611537576e+02 4.01e+01 2.77e-01 6.50e-02 0.004
  2   -1.039773673663e-01 -2.488455939686e+01 4.69e-01 7.85e-03 4.78e-03 0.006
  3   -5.495207885732e-02 -6.428340804215e-01 4.69e-03 7.91e-05 1.47e-04 0.009
  4   -5.854039337602e-02 -1.366926284841e-01 6.23e-04 1.05e-05 1.75e-05 0.012
  5   -6.604975145127e-02 -1.385362713445e-01 5.11e-04 8.60e-06 2.69e-05 0.015
  6   -6.790336073679e-02 -1.389601525881e-01 4.66e-04 7.88e-06 2.96e-05 0.018
  7   -8.303222836681e-02 -1.229859613733e-01 2.19e-04 3.68e-06 5.72e-05 0.020
  8   -8.344792298770e-02 -1.225109081264e-01 1.93e-04 3.26e-06 6.87e-05 0.023
  9   -8.415588812901e-02 -1.222342273426e-01 1.72e-04 2.92e-06 1.24e-04 0.026
 10   -8.638216763577e-02 -1.192142859051e-01 1.32e-04 2.25e-06 9.51e-05 0.028
 11   -8.613030793222e-02 -1.187880975057e-01 1.26e-04 2.17e-06 1.56e-04 0.031
 12   -9.211841902150e-02 -1.096247497607e-01 6.17e-05 1.05e-06 6.89e-05 0.034
 13   -9.284620955332e-02 -1.081501249697e-01 4.70e-05 8.12e-07 9.81e-05 0.036
 14   -9.588078187166e-02 -1.034063533708e-01 2.05e-05 3.41e-07 5.26e-05 0.039
 15   -9.595697491900e-02 -1.029398673541e-01 1.65e-05 2.87e-07 7.06e-05 0.042
 16   -9.732850069734e-02 -1.009836182530e-01 7.97e-06 1.32e-07 3.47e-05 0.044
 17   -9.755025979099e-02 -1.005059336897e-01 5.33e-06 9.95e-08 4.06e-05 0.047
 18   -9.817927058718e-02 -9.960258844517e-02 2.25e-06 3.36e-08 1.83e-05 0.050
 19   -9.831983028412e-02 -9.934568845167e-02 1.26e-06 2.72e-08 1.49e-05 0.052
 20   -9.860387493547e-02 -9.895714683606e-02 3.50e-07 6.75e-09 5.15e-06 0.055
 21   -9.870464606831e-02 -9.881647071170e-02 8.01e-08 3.81e-09 1.85e-06 0.058
 22   -9.874401713574e-02 -9.876792929017e-02 1.65e-08 9.77e-09 4.03e-07 0.060
 23   -9.875302977825e-02 -9.875609874690e-02 1.14e-09 1.16e-09 3.76e-08 0.063
 24   -9.875430117248e-02 -9.875462821926e-02 1.21e-10 2.47e-09 4.05e-09 0.066
 25   -9.875443707324e-02 -9.875446443856e-02 3.62e-11 1.60e-07 2.65e-10 0.069
 26   -9.875444840611e-02 -9.875445004213e-02 2.29e-12 1.22e-06 1.35e-11 0.071
 27   -9.875444902867e-02 -9.875444925794e-02 2.34e-13 1.95e-05 1.87e-12 0.074
 28   -9.875444912506e-02 -9.875444913786e-02 3.44e-14 6.38e-05 7.53e-14 0.077
 29   -9.875444913014e-02 -9.875444913199e-02 3.17e-14 4.84e-04 7.04e-15 0.079
 30   -9.875444913113e-02 -9.875444913149e-02 1.17e-14 5.26e-03 1.47e-16 0.082
Numerical error in objective
Restoring previous solution


Suboptimal solution found in 31 iterations and 0.08 seconds
Objective -9.87543012e-02
Primal infeasibility (abs/rel): 2.43e-10/1.21e-10
Dual infeasibility   (abs/rel): 2.72e-09/2.47e-09
Complementarity gap  (abs/rel): 4.45e-09/4.05e-09


Barrier finished in 0.08 seconds
Dual variables for problems with quadratic constraints not returned.
