cuOpt version: 26.10.0, git hash: 648f805d, host arch: x86_64, device archs: 80-real
CPU: AMD EPYC 7642 48-Core Processor, threads: 5C/5T, RAM usage: 40.24/503.74GiB
CPU SIMD target: AVX2
CUDA 12.9, device: NVIDIA A100 80GB PCIe (ID 0), VRAM: 79.44 GiB
CUDA device UUID: 68df5cf5-71f9-6a93-b428-460c080ffb10
Problem has 1 quadratic constraints. Converting to second-order cones and solving with barrier.
Handling 50 free variables directly in augmented system
Presolved problem: 5103 constraints 10102 variables 265152 nonzeros
Skipping Ruiz equilibration (row norm ratio 1.4, column norm ratio 1.4 < 5e4, Q coeff ratio 1.0 < 100)
Barrier solver started at 0.031 seconds
Barrier solver: 5103 constraints, 10102 variables, 265152 nonzeros


Second-order cones          : 1
Free variables              : 50
Upper bounds                : 5000
Linear system               : augmented
cuDSS Version               : 0.7.1
cuDSS Threading layer       : libcudss_mtlayer_gomp.so.0
cuDSS solve mode            : deterministic
Reordering time             : 0.054s
Symbolic factorization time : 0.024s
Symbolic nonzeros in factor : 2.79e+05
Elapsed time for augmented  : 0.115 seconds
Elapsed time           : 0.115 seconds
Barrier setup complete at 0.115 seconds
Adaptive regularization enabled


                  Objective                         Infeasibility        Time
Iter   Primal              Dual                Primal   Dual    Compl.   Elapsed
  0   -4.993924920508e-02 -2.507019876882e+03 5.00e+00 9.29e+00 1.02e+02 0.158
  1   -5.010999217565e-02 -4.658660430302e+01 8.25e-02 1.65e+00 5.51e+00 0.201
  2   -6.026148549535e-02 -1.213432159885e+00 8.25e-04 4.61e-01 1.28e-01 0.243
  3   -6.661324581457e-02 -3.184575381613e-01 1.78e-04 9.96e-02 2.77e-02 0.286
  4   -7.140070473939e-02 -2.598161306722e-01 8.95e-05 5.01e-02 1.37e-02 0.328
  5   -8.615887160559e-02 -1.375559590255e-01 2.20e-05 1.23e-02 3.33e-03 0.371
  6   -9.179429507013e-02 -1.118250014749e-01 1.96e-06 1.10e-03 3.00e-04 0.413
  7   -9.606396354787e-02 -1.031775286208e-01 6.51e-07 3.58e-04 9.58e-05 0.456
  8   -9.767532541077e-02 -9.989732826207e-02 1.19e-07 6.20e-05 1.50e-05 0.498
  9   -9.828165929100e-02 -9.898442839603e-02 3.31e-08 1.66e-05 3.56e-06 0.541
 10   -9.843670827794e-02 -9.872203776160e-02 9.76e-09 3.44e-06 3.02e-06 0.583
 11   -9.855149860755e-02 -9.857888067387e-02 8.62e-10 2.93e-07 3.36e-07 0.625
 12   -9.856313412676e-02 -9.856444625817e-02 3.00e-11 8.46e-09 1.68e-08 0.668
 13   -9.856365910661e-02 -9.856377704002e-02 4.72e-11 3.63e-09 1.47e-09 0.711
 14   -9.856370930922e-02 -9.856371303954e-02 1.69e-11 2.56e-07 3.47e-11 0.754
 15   -9.856371093406e-02 -9.856371145245e-02 2.71e-12 4.97e-07 5.73e-12 0.796
 16   -9.856371118838e-02 -9.856371121073e-02 2.45e-13 9.89e-07 2.08e-13 0.839
 17   -9.856371120037e-02 -9.856371120199e-02 4.50e-14 1.10e-04 4.93e-15 0.881
Numerical error in objective
Restoring previous solution


Suboptimal solution found in 18 iterations and 0.92 seconds
Objective -9.85636591e-02
Primal infeasibility (abs/rel): 9.44e-11/4.72e-11
Dual infeasibility   (abs/rel): 4.00e-09/3.63e-09
Complementarity gap  (abs/rel): 1.61e-09/1.47e-09


Barrier finished in 0.93 seconds
Dual variables for problems with quadratic constraints not returned.
