cuOpt version: 26.10.0, git hash: 648f805d, host arch: x86_64, device archs: 80-real
CPU: AMD EPYC 7642 48-Core Processor, threads: 5C/5T, RAM usage: 40.24/503.74GiB
CPU SIMD target: AVX2
CUDA 12.9, device: NVIDIA A100 80GB PCIe (ID 0), VRAM: 79.44 GiB
CUDA device UUID: 68df5cf5-71f9-6a93-b428-460c080ffb10
Problem has 1 quadratic constraints. Converting to second-order cones and solving with barrier.
Handling 50 free variables directly in augmented system
Presolved problem: 5103 constraints 10102 variables 265152 nonzeros
Skipping Ruiz equilibration (row norm ratio 1.4, column norm ratio 1.4 < 5e4, Q coeff ratio 1.0 < 100)
Barrier solver started at 0.028 seconds
Barrier solver: 5103 constraints, 10102 variables, 265152 nonzeros


Second-order cones          : 1
Free variables              : 50
Upper bounds                : 5000
Linear system               : augmented
cuDSS Version               : 0.7.1
cuDSS Threading layer       : libcudss_mtlayer_gomp.so.0
cuDSS solve mode            : deterministic
Reordering time             : 0.069s
Symbolic factorization time : 0.024s
Symbolic nonzeros in factor : 2.79e+05
Elapsed time for augmented  : 0.128 seconds
Elapsed time           : 0.128 seconds
Barrier setup complete at 0.128 seconds
Adaptive regularization enabled


                  Objective                         Infeasibility        Time
Iter   Primal              Dual                Primal   Dual    Compl.   Elapsed
  0   -4.993543054627e-02 -2.506879868424e+03 5.00e+00 9.29e+00 1.02e+02 0.173
  1   -5.010604290461e-02 -4.583894051891e+01 8.11e-02 1.65e+00 5.48e+00 0.216
  2   -6.043704240357e-02 -1.218076672387e+00 8.10e-04 4.55e-01 1.26e-01 0.259
  3   -6.653639018089e-02 -3.121494393172e-01 1.70e-04 9.57e-02 2.64e-02 0.302
  4   -7.249891927021e-02 -2.522069110001e-01 9.05e-05 5.09e-02 1.38e-02 0.346
  5   -8.666357835631e-02 -1.392234159118e-01 2.38e-05 1.34e-02 3.59e-03 0.389
  6   -9.108395055219e-02 -1.121225781601e-01 1.08e-06 6.06e-04 1.76e-04 0.432
  7   -9.521062070323e-02 -1.041447224492e-01 4.02e-07 2.21e-04 8.30e-05 0.475
  8   -9.681838202293e-02 -1.007886252672e-01 6.46e-08 3.22e-05 2.52e-05 0.518
  9   -9.789454467167e-02 -9.931747880995e-02 2.05e-08 9.37e-06 7.34e-06 0.560
 10   -9.809587880988e-02 -9.899246519252e-02 1.14e-08 3.96e-06 9.26e-06 0.603
 11   -9.845834174134e-02 -9.853529350250e-02 1.61e-09 2.42e-07 9.58e-07 0.646
 12   -9.849177794853e-02 -9.849430168360e-02 1.86e-10 7.04e-09 2.40e-08 0.688
 13   -9.849279895735e-02 -9.849302299564e-02 3.56e-11 5.79e-09 1.82e-09 0.731
 14   -9.849289174717e-02 -9.849290445257e-02 9.29e-12 1.26e-07 7.86e-11 0.774
 15   -9.849289706649e-02 -9.849289765414e-02 3.20e-13 2.41e-07 4.33e-12 0.816
 16   -9.849289731200e-02 -9.849289734632e-02 3.80e-13 1.45e-06 1.77e-13 0.859
 17   -9.849289733006e-02 -9.849289733367e-02 7.33e-14 3.07e-04 1.20e-14 0.902
 18   -9.849289733263e-02 -9.849289733275e-02 3.00e-15 1.05e-03 1.20e-15 0.944
 19   -9.849289733270e-02 -9.849289733273e-02 1.44e-15 2.08e-02 1.05e-17 0.987
Numerical error in objective
Restoring previous solution


Suboptimal solution found in 20 iterations and 1.03 seconds
Objective -9.84927990e-02
Primal infeasibility (abs/rel): 7.12e-11/3.56e-11
Dual infeasibility   (abs/rel): 6.38e-09/5.79e-09
Complementarity gap  (abs/rel): 2.00e-09/1.82e-09


Barrier finished in 1.03 seconds
Dual variables for problems with quadratic constraints not returned.
