cuOpt version: 26.10.0, git hash: 648f805d, host arch: x86_64, device archs: 80-real
CPU: AMD EPYC 7642 48-Core Processor, threads: 5C/5T, RAM usage: 40.24/503.74GiB
CPU SIMD target: AVX2
CUDA 12.9, device: NVIDIA A100 80GB PCIe (ID 0), VRAM: 79.44 GiB
CUDA device UUID: 68df5cf5-71f9-6a93-b428-460c080ffb10
Problem has 1 quadratic constraints. Converting to second-order cones and solving with barrier.
Handling 50 free variables directly in augmented system
Presolved problem: 5103 constraints 10102 variables 265152 nonzeros
Skipping Ruiz equilibration (row norm ratio 1.4, column norm ratio 1.4 < 5e4, Q coeff ratio 1.0 < 100)
Barrier solver started at 0.028 seconds
Barrier solver: 5103 constraints, 10102 variables, 265152 nonzeros


Second-order cones          : 1
Free variables              : 50
Upper bounds                : 5000
Linear system               : augmented
cuDSS Version               : 0.7.1
cuDSS Threading layer       : libcudss_mtlayer_gomp.so.0
cuDSS solve mode            : deterministic
Reordering time             : 0.052s
Symbolic factorization time : 0.023s
Symbolic nonzeros in factor : 2.79e+05
Elapsed time for augmented  : 0.111 seconds
Elapsed time           : 0.111 seconds
Barrier setup complete at 0.111 seconds
Adaptive regularization enabled


                  Objective                         Infeasibility        Time
Iter   Primal              Dual                Primal   Dual    Compl.   Elapsed
  0   -4.995580054654e-02 -2.506996814097e+03 5.00e+00 9.28e+00 1.02e+02 0.154
  1   -5.012649550838e-02 -4.607986404346e+01 8.15e-02 1.65e+00 5.49e+00 0.197
  2   -6.040168484578e-02 -1.214356041895e+00 8.15e-04 4.57e-01 1.26e-01 0.239
  3   -6.660805930277e-02 -3.148347388423e-01 1.73e-04 9.73e-02 2.70e-02 0.281
  4   -7.064578732695e-02 -2.653316446200e-01 9.71e-05 5.45e-02 1.50e-02 0.324
  5   -8.597912790761e-02 -1.378410273205e-01 2.32e-05 1.30e-02 3.49e-03 0.367
  6   -9.119803129982e-02 -1.145049925979e-01 4.11e-06 2.31e-03 6.17e-04 0.410
  7   -9.546019584717e-02 -1.047674741842e-01 1.57e-06 8.75e-04 2.34e-04 0.452
  8   -9.744605977440e-02 -1.003532689431e-01 4.07e-07 2.23e-04 6.33e-05 0.495
  9   -9.824305069935e-02 -9.877659577262e-02 2.27e-08 1.22e-05 4.14e-06 0.537
 10   -9.843790516682e-02 -9.852224923504e-02 3.90e-09 1.76e-06 4.76e-07 0.580
 11   -9.846682819720e-02 -9.848316601374e-02 1.14e-09 2.42e-07 9.32e-08 0.623
 12   -9.847389336788e-02 -9.847452411983e-02 3.88e-11 8.43e-09 3.29e-09 0.666
 13   -9.847414759367e-02 -9.847421005782e-02 7.54e-12 5.18e-08 2.53e-10 0.709
 14   -9.847417179163e-02 -9.847418005140e-02 5.54e-12 1.55e-06 2.24e-11 0.751
 15   -9.847417534854e-02 -9.847417594159e-02 6.80e-14 2.06e-09 1.87e-12 0.793


Optimal solution found in 15 iterations and 0.793s
Objective -9.84741753e-02
Primal infeasibility (abs/rel): 1.36e-13/6.80e-14
Dual infeasibility   (abs/rel): 2.27e-09/2.06e-09
Complementarity gap  (abs/rel): 2.05e-12/1.87e-12


Barrier finished in 0.80 seconds
Dual variables for problems with quadratic constraints not returned.
