cuOpt version: 26.10.0, git hash: 648f805d, host arch: x86_64, device archs: 80-real
CPU: AMD EPYC 7642 48-Core Processor, threads: 5C/5T, RAM usage: 40.24/503.74GiB
CPU SIMD target: AVX2
CUDA 12.9, device: NVIDIA A100 80GB PCIe (ID 0), VRAM: 79.44 GiB
CUDA device UUID: 68df5cf5-71f9-6a93-b428-460c080ffb10
Problem has 1 quadratic constraints. Converting to second-order cones and solving with barrier.
Handling 50 free variables directly in augmented system
Presolved problem: 5103 constraints 10102 variables 265152 nonzeros
Skipping Ruiz equilibration (row norm ratio 1.4, column norm ratio 1.4 < 5e4, Q coeff ratio 1.0 < 100)
Barrier solver started at 0.027 seconds
Barrier solver: 5103 constraints, 10102 variables, 265152 nonzeros


Second-order cones          : 1
Free variables              : 50
Upper bounds                : 5000
Linear system               : augmented
cuDSS Version               : 0.7.1
cuDSS Threading layer       : libcudss_mtlayer_gomp.so.0
cuDSS solve mode            : deterministic
Reordering time             : 0.098s
Symbolic factorization time : 0.026s
Symbolic nonzeros in factor : 2.79e+05
Elapsed time for augmented  : 0.158 seconds
Elapsed time           : 0.158 seconds
Barrier setup complete at 0.158 seconds
Adaptive regularization enabled


                  Objective                         Infeasibility        Time
Iter   Primal              Dual                Primal   Dual    Compl.   Elapsed
  0   -4.993815836034e-02 -2.506924487080e+03 5.00e+00 9.28e+00 1.02e+02 0.201
  1   -5.010881151041e-02 -4.609063845728e+01 8.16e-02 1.65e+00 5.49e+00 0.244
  2   -6.037132369759e-02 -1.222620013822e+00 8.16e-04 4.57e-01 1.26e-01 0.286
  3   -6.650898451830e-02 -3.083278132088e-01 1.68e-04 9.42e-02 2.61e-02 0.328
  4   -7.309399633308e-02 -2.470800480847e-01 8.25e-05 4.63e-02 1.25e-02 0.371
  5   -8.765557883255e-02 -1.333833084041e-01 1.97e-05 1.11e-02 2.95e-03 0.414
  6   -9.419345790008e-02 -1.085652533612e-01 2.89e-06 1.62e-03 3.60e-04 0.457
  7   -9.643058697448e-02 -1.023715115372e-01 9.41e-07 5.17e-04 1.38e-04 0.499
  8   -9.811134719909e-02 -9.911543913110e-02 5.27e-08 3.04e-05 5.61e-06 0.542
  9   -9.837997558043e-02 -9.872695958890e-02 1.60e-08 9.01e-06 2.11e-06 0.585
 10   -9.845300815291e-02 -9.861381747451e-02 5.91e-09 2.78e-06 1.51e-06 0.628
 11   -9.851398916981e-02 -9.853710405446e-02 1.04e-09 3.65e-07 2.65e-07 0.670
 12   -9.852292347071e-02 -9.852547403432e-02 4.29e-10 3.38e-08 3.27e-08 0.713
 13   -9.852399565249e-02 -9.852411907174e-02 1.60e-11 2.99e-09 1.66e-09 0.756
 14   -9.852404792058e-02 -9.852405368910e-02 3.00e-12 3.09e-08 7.91e-11 0.798
 15   -9.852405047729e-02 -9.852405061603e-02 1.00e-12 3.44e-07 1.57e-12 0.841
 16   -9.852405053504e-02 -9.852405056147e-02 4.84e-13 7.27e-06 1.89e-13 0.884
 17   -9.852405054613e-02 -9.852405055403e-02 2.82e-13 1.65e-05 4.30e-15 0.930
 18   -9.852405055349e-02 -9.852405055376e-02 9.24e-15 1.54e-03 1.39e-17 0.973
Numerical error in objective
Restoring previous solution


Suboptimal solution found in 19 iterations and 1.02 seconds
Objective -9.85239957e-02
Primal infeasibility (abs/rel): 3.20e-11/1.60e-11
Dual infeasibility   (abs/rel): 3.30e-09/2.99e-09
Complementarity gap  (abs/rel): 1.83e-09/1.66e-09


Barrier finished in 1.02 seconds
Dual variables for problems with quadratic constraints not returned.
