cuOpt version: 26.10.0, git hash: 648f805d, host arch: x86_64, device archs: 80-real
CPU: AMD EPYC 7642 48-Core Processor, threads: 5C/5T, RAM usage: 29.61/503.74GiB
CPU SIMD target: AVX2
CUDA 12.9, device: NVIDIA A100 80GB PCIe (ID 0), VRAM: 79.44 GiB
CUDA device UUID: 68df5cf5-71f9-6a93-b428-460c080ffb10
Problem has 1 quadratic constraints. Converting to second-order cones and solving with barrier.
Handling 50 free variables directly in augmented system
Presolved problem: 5103 constraints 10102 variables 265152 nonzeros
Skipping Ruiz equilibration (row norm ratio 1.4, column norm ratio 1.4 < 5e4, Q coeff ratio 1.0 < 100)
Barrier solver started at 0.025 seconds
Barrier solver: 5103 constraints, 10102 variables, 265152 nonzeros


Second-order cones          : 1
Free variables              : 50
Upper bounds                : 5000
Linear system               : augmented
cuDSS Version               : 0.7.1
cuDSS Threading layer       : libcudss_mtlayer_gomp.so.0
Reordering time             : 0.082s
Symbolic factorization time : 0.024s
Symbolic nonzeros in factor : 2.79e+05
Elapsed time for augmented  : 0.137 seconds
Elapsed time           : 0.137 seconds
Barrier setup complete at 0.137 seconds
Adaptive regularization enabled


                  Objective                         Infeasibility        Time
Iter   Primal              Dual                Primal   Dual    Compl.   Elapsed
  0   -4.988370768202e-02 -6.261712008651e+04 5.00e+00 6.54e+02 7.21e+03 0.149
  1   -4.990597495143e-02 -1.142615865763e+04 8.90e-01 1.13e+02 1.44e+03 0.154
  2   -4.986581496080e-02 -1.907072214704e+03 8.91e-02 8.22e+00 2.69e+02 0.160
  3   -4.987332942874e-02 -2.193331939868e+02 9.57e-03 7.84e-01 3.54e+01 0.166
  4   -4.992246272820e-02 -2.431645421076e+01 1.05e-03 4.03e-01 3.84e+00 0.171
  5   -5.033603895122e-02 -3.249584003196e+00 1.38e-04 5.91e-02 5.04e-01 0.177
  6   -5.315652859482e-02 -7.257656117065e-01 2.89e-05 1.25e-02 1.06e-01 0.183
  7   -6.573745600933e-02 -2.619457302600e-01 6.80e-06 2.95e-03 2.45e-02 0.189
  8   -7.854547212986e-02 -1.817703999642e-01 1.19e-06 5.18e-04 4.21e-03 0.194
  9   -8.894328566721e-02 -1.222002226210e-01 3.68e-07 1.60e-04 1.32e-03 0.199
 10   -9.523817070836e-02 -1.050740383325e-01 7.24e-08 3.14e-05 2.03e-04 0.207
 11   -9.700921098930e-02 -1.013511763387e-01 2.94e-08 1.27e-05 8.09e-05 0.212
 12   -9.799334532442e-02 -9.936997360366e-02 6.99e-09 3.03e-06 1.45e-05 0.216
 13   -9.830611589303e-02 -9.884137555056e-02 2.63e-09 1.14e-06 6.04e-06 0.221
 14   -9.845693272849e-02 -9.858965076247e-02 6.10e-10 2.65e-07 1.24e-06 0.226
 15   -9.849888960703e-02 -9.852232478968e-02 1.05e-10 4.57e-08 1.72e-07 0.231
 16   -9.850657118660e-02 -9.851026927642e-02 1.65e-11 7.16e-09 2.35e-08 0.235
 17   -9.850779808369e-02 -9.850836110203e-02 2.51e-12 1.08e-09 3.02e-09 0.240
 18   -9.850798630210e-02 -9.850806963093e-02 3.71e-13 1.88e-10 3.68e-10 0.245
 19   -9.850801401498e-02 -9.850802683247e-02 5.92e-14 3.67e-10 4.51e-11 0.250
 20   -9.850801816098e-02 -9.850802043492e-02 1.14e-14 1.50e-10 6.10e-12 0.255


Optimal solution found in 20 iterations and 0.255s
Objective -9.85080182e-02
Primal infeasibility (abs/rel): 2.29e-14/1.14e-14
Dual infeasibility   (abs/rel): 1.66e-10/1.50e-10
Complementarity gap  (abs/rel): 6.70e-12/6.10e-12


Barrier finished in 0.26 seconds
Dual variables for problems with quadratic constraints not returned.
