cuOpt version: 26.10.0, git hash: 648f805d, host arch: x86_64, device archs: 80-real
CPU: AMD EPYC 7642 48-Core Processor, threads: 5C/5T, RAM usage: 28.97/503.74GiB
CPU SIMD target: AVX2
CUDA 12.9, device: NVIDIA A100 80GB PCIe (ID 0), VRAM: 79.44 GiB
CUDA device UUID: 68df5cf5-71f9-6a93-b428-460c080ffb10
Problem has 1 quadratic constraints. Converting to second-order cones and solving with barrier.
Handling 50 free variables directly in augmented system
Presolved problem: 5103 constraints 10102 variables 265152 nonzeros
Skipping Ruiz equilibration (row norm ratio 1.4, column norm ratio 1.4 < 5e4, Q coeff ratio 1.0 < 100)
Barrier solver started at 0.027 seconds
Barrier solver: 5103 constraints, 10102 variables, 265152 nonzeros


Second-order cones          : 1
Free variables              : 50
Upper bounds                : 5000
Linear system               : augmented
cuDSS Version               : 0.7.1
cuDSS Threading layer       : libcudss_mtlayer_gomp.so.0
Reordering time             : 0.053s
Symbolic factorization time : 0.023s
Symbolic nonzeros in factor : 2.79e+05
Elapsed time for augmented  : 0.110 seconds
Elapsed time           : 0.110 seconds
Barrier setup complete at 0.110 seconds
Adaptive regularization enabled


                  Objective                         Infeasibility        Time
Iter   Primal              Dual                Primal   Dual    Compl.   Elapsed
  0   -4.988371079549e-02 -6.261712008651e+04 5.00e+00 6.54e+02 7.21e+03 0.122
  1   -4.990597719070e-02 -1.142615872681e+04 8.90e-01 1.13e+02 1.44e+03 0.127
  2   -4.986581135368e-02 -1.907072415578e+03 8.91e-02 8.22e+00 2.69e+02 0.132
  3   -4.987332619635e-02 -2.193332817609e+02 9.57e-03 7.84e-01 3.54e+01 0.138
  4   -4.992245952812e-02 -2.431647249268e+01 1.05e-03 4.03e-01 3.84e+00 0.144
  5   -5.033603440788e-02 -3.249606597812e+00 1.38e-04 5.91e-02 5.04e-01 0.150
  6   -5.315649811505e-02 -7.257728453286e-01 2.89e-05 1.25e-02 1.06e-01 0.156
  7   -6.573754203681e-02 -2.619376198381e-01 6.80e-06 2.95e-03 2.45e-02 0.162
  8   -7.854604445159e-02 -1.817670064128e-01 1.19e-06 5.18e-04 4.21e-03 0.167
  9   -8.894373626841e-02 -1.221991648781e-01 3.68e-07 1.60e-04 1.32e-03 0.172
 10   -9.523836985832e-02 -1.050736997259e-01 7.24e-08 3.14e-05 2.03e-04 0.176
 11   -9.700932097031e-02 -1.013509836485e-01 2.94e-08 1.27e-05 8.09e-05 0.181
 12   -9.799339621363e-02 -9.936989601522e-02 6.99e-09 3.03e-06 1.45e-05 0.186
 13   -9.830614406035e-02 -9.884133141038e-02 2.63e-09 1.14e-06 6.04e-06 0.191
 14   -9.845694187531e-02 -9.858963754128e-02 6.10e-10 2.65e-07 1.24e-06 0.196
 15   -9.849889144435e-02 -9.852232216096e-02 1.05e-10 4.57e-08 1.72e-07 0.200
 16   -9.850657149094e-02 -9.851026884385e-02 1.65e-11 7.16e-09 2.34e-08 0.205
 17   -9.850779812991e-02 -9.850836103662e-02 2.51e-12 1.09e-09 3.01e-09 0.210
 18   -9.850798630907e-02 -9.850806962107e-02 3.71e-13 1.79e-10 3.68e-10 0.215
 19   -9.850801401596e-02 -9.850802683110e-02 5.91e-14 3.96e-10 4.51e-11 0.220
 20   -9.850801816113e-02 -9.850802043471e-02 1.14e-14 1.56e-10 6.10e-12 0.224


Optimal solution found in 20 iterations and 0.224s
Objective -9.85080182e-02
Primal infeasibility (abs/rel): 2.29e-14/1.14e-14
Dual infeasibility   (abs/rel): 1.72e-10/1.56e-10
Complementarity gap  (abs/rel): 6.70e-12/6.10e-12


Barrier finished in 0.23 seconds
Dual variables for problems with quadratic constraints not returned.
