cuOpt version: 26.10.0, git hash: 648f805d, host arch: x86_64, device archs: 80-real
CPU: AMD EPYC 7642 48-Core Processor, threads: 5C/5T, RAM usage: 44.60/503.74GiB
CPU SIMD target: AVX2
CUDA 12.9, device: NVIDIA A100 80GB PCIe (ID 0), VRAM: 79.44 GiB
CUDA device UUID: 68df5cf5-71f9-6a93-b428-460c080ffb10
Problem has 1 quadratic constraints. Converting to second-order cones and solving with barrier.
Handling 50 free variables directly in augmented system
Presolved problem: 5103 constraints 10102 variables 265152 nonzeros
Skipping Ruiz equilibration (row norm ratio 1.4, column norm ratio 1.4 < 5e4, Q coeff ratio 1.0 < 100)
Barrier solver started at 0.029 seconds
Barrier solver: 5103 constraints, 10102 variables, 265152 nonzeros


Second-order cones          : 1
Free variables              : 50
Upper bounds                : 5000
Linear system               : augmented
cuDSS Version               : 0.7.1
cuDSS Threading layer       : libcudss_mtlayer_gomp.so.0
cuDSS solve mode            : deterministic
Reordering time             : 0.115s
Symbolic factorization time : 0.024s
Symbolic nonzeros in factor : 2.79e+05
Elapsed time for augmented  : 0.174 seconds
Elapsed time           : 0.174 seconds
Barrier setup complete at 0.174 seconds
Adaptive regularization enabled


                  Objective                         Infeasibility        Time
Iter   Primal              Dual                Primal   Dual    Compl.   Elapsed
  0   -3.702509737108e+02 -3.710937010099e+02 3.71e+03 1.91e+00 1.19e-02 0.175
  1   -3.741942826867e+01 -3.496586650456e+02 3.74e+02 7.84e-02 1.66e-02 0.218
  2   -3.888833825679e+00 -2.097808201879e+02 3.80e+01 4.70e-02 1.33e-02 0.261
  3   -4.430335901938e-01 -3.239045893366e+01 3.86e+00 5.32e-03 4.56e-03 0.304
  4   -9.288170180976e-02 -4.512561644007e+00 4.09e-01 5.69e-04 6.47e-04 0.346
  5   -5.627609628505e-02 -7.109288632149e-01 4.09e-02 5.69e-05 8.81e-05 0.389
  6   -5.676233477995e-02 -2.033124999161e-01 9.07e-03 1.26e-05 1.79e-05 0.431
  7   -6.873002740274e-02 -1.408716390055e-01 4.01e-03 5.58e-06 7.66e-06 0.474
  8   -7.285289933678e-02 -1.391244740402e-01 3.37e-03 4.70e-06 2.03e-05 0.516
  9   -7.477680772650e-02 -1.378568535395e-01 3.00e-03 4.20e-06 3.22e-05 0.559
 10   -7.901092910811e-02 -1.327269270237e-01 2.36e-03 3.32e-06 5.32e-05 0.601
 11   -8.004650175085e-02 -1.317322246598e-01 1.98e-03 2.81e-06 6.58e-05 0.644
 12   -8.661857016976e-02 -1.214058187750e-01 1.05e-03 1.49e-06 7.24e-05 0.687
 13   -8.936169266256e-02 -1.150097564287e-01 5.69e-04 8.13e-07 1.44e-04 0.729
 14   -9.415292681738e-02 -1.065992772187e-01 2.40e-04 3.47e-07 5.41e-05 0.772
 15   -9.632237173072e-02 -1.026847371497e-01 1.11e-04 1.63e-07 2.52e-05 0.814
 16   -9.750480232611e-02 -1.005528730575e-01 4.01e-05 5.72e-08 8.28e-06 0.857
 17   -9.814846042462e-02 -9.941995888301e-02 1.19e-05 2.19e-08 5.92e-06 0.900
 18   -9.847570344092e-02 -9.894412103254e-02 4.13e-06 3.75e-09 2.27e-06 0.942
 19   -9.862071406678e-02 -9.873463248949e-02 8.99e-07 4.06e-09 4.61e-07 0.985
 20   -9.865965756011e-02 -9.868014607784e-02 1.58e-07 2.92e-09 8.05e-08 1.027
 21   -9.866724161766e-02 -9.866965136715e-02 1.85e-08 4.08e-09 9.36e-09 1.070
 22   -9.866813445629e-02 -9.866841466918e-02 2.16e-09 4.06e-09 1.04e-09 1.113
 23   -9.866823895313e-02 -9.866826973840e-02 2.37e-10 1.05e-07 1.15e-10 1.155
 24   -9.866825028971e-02 -9.866825397290e-02 2.84e-11 1.65e-06 1.41e-11 1.198
 25   -9.866825166544e-02 -9.866825206010e-02 3.02e-12 2.96e-07 1.50e-12 1.241
 26   -9.866825181418e-02 -9.866825185542e-02 3.07e-13 1.10e-05 1.54e-13 1.283
 27   -9.866825182998e-02 -9.866825183455e-02 3.12e-14 4.04e-05 1.55e-14 1.326
 28   -9.866825183183e-02 -9.866825183239e-02 5.77e-15 1.05e-03 1.03e-15 1.369
 29   -9.866825183202e-02 -9.866825183223e-02 2.94e-15 5.20e-04 4.61e-16 1.412
Numerical error in objective
Restoring previous solution


Suboptimal solution found in 30 iterations and 1.45 seconds
Objective -9.86681345e-02
Primal infeasibility (abs/rel): 4.32e-09/2.16e-09
Dual infeasibility   (abs/rel): 4.48e-09/4.06e-09
Complementarity gap  (abs/rel): 1.14e-09/1.04e-09


Barrier finished in 1.46 seconds
Dual variables for problems with quadratic constraints not returned.
