cuOpt version: 26.10.0, git hash: 648f805d, host arch: x86_64, device archs: 80-real
CPU: AMD EPYC 7642 48-Core Processor, threads: 5C/5T, RAM usage: 43.91/503.74GiB
CPU SIMD target: AVX2
CUDA 12.9, device: NVIDIA A100 80GB PCIe (ID 0), VRAM: 79.44 GiB
CUDA device UUID: 68df5cf5-71f9-6a93-b428-460c080ffb10
Problem has 1 quadratic constraints. Converting to second-order cones and solving with barrier.
Handling 50 free variables directly in augmented system
Presolved problem: 5103 constraints 10102 variables 265152 nonzeros
Skipping Ruiz equilibration (row norm ratio 1.4, column norm ratio 1.4 < 5e4, Q coeff ratio 1.0 < 100)
Barrier solver started at 0.030 seconds
Barrier solver: 5103 constraints, 10102 variables, 265152 nonzeros


Second-order cones          : 1
Free variables              : 50
Upper bounds                : 5000
Linear system               : augmented
cuDSS Version               : 0.7.1
cuDSS Threading layer       : libcudss_mtlayer_gomp.so.0
cuDSS solve mode            : deterministic
Reordering time             : 0.111s
Symbolic factorization time : 0.023s
Symbolic nonzeros in factor : 2.79e+05
Elapsed time for augmented  : 0.172 seconds
Elapsed time           : 0.172 seconds
Barrier setup complete at 0.172 seconds
Adaptive regularization enabled


                  Objective                         Infeasibility        Time
Iter   Primal              Dual                Primal   Dual    Compl.   Elapsed
  0   -3.704296579021e+02 -3.711143874095e+02 3.71e+03 1.91e+00 1.19e-02 0.172
  1   -3.743805307985e+01 -3.496794821106e+02 3.74e+02 7.84e-02 1.66e-02 0.216
  2   -3.890892603378e+00 -2.098000848634e+02 3.81e+01 4.70e-02 1.33e-02 0.258
  3   -4.432644685344e-01 -3.239481418192e+01 3.86e+00 5.32e-03 4.56e-03 0.301
  4   -9.292787239817e-02 -4.513226364230e+00 4.09e-01 5.69e-04 6.47e-04 0.343
  5   -5.630208086608e-02 -7.110613316177e-01 4.09e-02 5.69e-05 8.81e-05 0.385
  6   -5.679115464956e-02 -2.028173656094e-01 9.03e-03 1.26e-05 1.79e-05 0.428
  7   -6.885150895188e-02 -1.407273412339e-01 4.00e-03 5.57e-06 7.64e-06 0.471
  8   -7.258872309453e-02 -1.393006715947e-01 3.43e-03 4.78e-06 1.78e-05 0.513
  9   -7.504651573694e-02 -1.376439988769e-01 2.99e-03 4.18e-06 3.86e-05 0.555
 10   -7.959334546674e-02 -1.323717210389e-01 2.28e-03 3.21e-06 6.84e-05 0.598
 11   -8.076572150090e-02 -1.311923553087e-01 1.89e-03 2.69e-06 7.26e-05 0.641
 12   -8.623963945234e-02 -1.226284089846e-01 1.10e-03 1.56e-06 6.79e-05 0.683
 13   -8.791722104517e-02 -1.184098044132e-01 7.44e-04 1.07e-06 1.45e-04 0.726
 14   -9.323286531443e-02 -1.086322027707e-01 3.17e-04 4.60e-07 7.57e-05 0.768
 15   -9.543165710494e-02 -1.045150206733e-01 1.39e-04 2.04e-07 3.89e-05 0.811
 16   -9.737225519550e-02 -1.012379981278e-01 5.18e-05 7.31e-08 1.38e-05 0.853
 17   -9.813397090813e-02 -9.988791338350e-02 1.81e-05 2.61e-08 5.79e-06 0.896
 18   -9.850905870766e-02 -9.926539334788e-02 5.95e-06 1.29e-08 3.99e-06 0.938
 19   -9.876128939749e-02 -9.891001795504e-02 1.07e-06 3.67e-09 6.55e-07 0.980
 20   -9.881065284139e-02 -9.884131051430e-02 2.02e-07 4.42e-09 1.12e-07 1.023
 21   -9.882154075915e-02 -9.882650460975e-02 3.24e-08 4.17e-09 1.60e-08 1.065
 22   -9.882338852431e-02 -9.882399876416e-02 3.99e-09 6.19e-09 1.84e-09 1.108
 23   -9.882361782619e-02 -9.882368716456e-02 4.54e-10 1.87e-08 2.07e-10 1.150
 24   -9.882364378752e-02 -9.882365174858e-02 5.22e-11 6.20e-07 2.41e-11 1.193
 25   -9.882364679518e-02 -9.882364763149e-02 5.48e-12 1.11e-06 2.53e-12 1.236
 26   -9.882364711143e-02 -9.882364719810e-02 5.65e-13 1.80e-06 2.59e-13 1.278
 27   -9.882364714425e-02 -9.882364715340e-02 5.95e-14 1.17e-04 2.80e-14 1.321
 28   -9.882364714768e-02 -9.882364714884e-02 6.88e-15 1.02e-05 2.71e-15 1.363
 29   -9.882364714812e-02 -9.882364714830e-02 8.33e-16 1.70e-03 3.75e-16 1.406
Numerical error in objective
Restoring previous solution


Suboptimal solution found in 30 iterations and 1.45 seconds
Objective -9.88233885e-02
Primal infeasibility (abs/rel): 7.98e-09/3.99e-09
Dual infeasibility   (abs/rel): 6.82e-09/6.19e-09
Complementarity gap  (abs/rel): 2.02e-09/1.84e-09


Barrier finished in 1.45 seconds
Dual variables for problems with quadratic constraints not returned.
