cuOpt version: 26.10.0, git hash: 648f805d, host arch: x86_64, device archs: 80-real
CPU: AMD EPYC 7642 48-Core Processor, threads: 5C/5T, RAM usage: 41.61/503.74GiB
CPU SIMD target: AVX2
CUDA 12.9, device: NVIDIA A100 80GB PCIe (ID 0), VRAM: 79.44 GiB
CUDA device UUID: 68df5cf5-71f9-6a93-b428-460c080ffb10
Problem has 1 quadratic constraints. Converting to second-order cones and solving with barrier.
Handling 50 free variables directly in augmented system
Presolved problem: 5103 constraints 10102 variables 265152 nonzeros
Skipping Ruiz equilibration (row norm ratio 1.4, column norm ratio 1.4 < 5e4, Q coeff ratio 1.0 < 100)
Barrier solver started at 0.028 seconds
Barrier solver: 5103 constraints, 10102 variables, 265152 nonzeros


Second-order cones          : 1
Free variables              : 50
Upper bounds                : 5000
Linear system               : augmented
cuDSS Version               : 0.7.1
cuDSS Threading layer       : libcudss_mtlayer_gomp.so.0
cuDSS solve mode            : deterministic
Reordering time             : 0.163s
Symbolic factorization time : 0.028s
Symbolic nonzeros in factor : 2.79e+05
Elapsed time for augmented  : 0.227 seconds
Elapsed time           : 0.227 seconds
Barrier setup complete at 0.227 seconds
Adaptive regularization enabled


                  Objective                         Infeasibility        Time
Iter   Primal              Dual                Primal   Dual    Compl.   Elapsed
  0   -3.704490508896e+02 -3.710981922775e+02 3.71e+03 1.91e+00 1.19e-02 0.227
  1   -3.743964467662e+01 -3.496632394489e+02 3.74e+02 7.84e-02 1.66e-02 0.271
  2   -3.890973967415e+00 -2.097851600013e+02 3.80e+01 4.70e-02 1.33e-02 0.313
  3   -4.433049750783e-01 -3.239282437793e+01 3.86e+00 5.32e-03 4.56e-03 0.356
  4   -9.294831863484e-02 -4.513914817083e+00 4.09e-01 5.69e-04 6.48e-04 0.398
  5   -5.630835777121e-02 -7.111924218055e-01 4.09e-02 5.69e-05 8.82e-05 0.440
  6   -5.679488036834e-02 -2.026136047618e-01 9.02e-03 1.26e-05 1.79e-05 0.483
  7   -6.896530064608e-02 -1.398856228560e-01 3.95e-03 5.50e-06 7.54e-06 0.526
  8   -7.265414741314e-02 -1.383512903897e-01 3.39e-03 4.74e-06 1.52e-05 0.568
  9   -7.517424254740e-02 -1.367378070628e-01 2.94e-03 4.12e-06 3.18e-05 0.611
 10   -8.010501160105e-02 -1.310526062661e-01 2.18e-03 3.07e-06 5.61e-05 0.653
 11   -8.097108649972e-02 -1.301714378766e-01 1.87e-03 2.66e-06 6.37e-05 0.696
 12   -8.583612693912e-02 -1.223433529864e-01 1.22e-03 1.74e-06 6.63e-05 0.738
 13   -8.644708706743e-02 -1.199860023283e-01 9.35e-04 1.35e-06 1.63e-04 0.781
 14   -9.130502376278e-02 -1.112989210296e-01 4.56e-04 6.64e-07 1.28e-04 0.824
 15   -9.468301075250e-02 -1.049463062289e-01 1.98e-04 2.90e-07 7.18e-05 0.867
 16   -9.695716445705e-02 -1.010556935105e-01 6.64e-05 9.21e-08 1.77e-05 0.910
 17   -9.770227390738e-02 -9.967225385793e-02 2.37e-05 3.29e-08 8.18e-06 0.952
 18   -9.815207663557e-02 -9.892737466539e-02 6.96e-06 1.32e-08 4.43e-06 0.995
 19   -9.841130640597e-02 -9.856112208591e-02 1.20e-06 4.50e-09 6.72e-07 1.038
 20   -9.846151529414e-02 -9.849169097179e-02 2.40e-07 5.09e-09 1.18e-07 1.080
 21   -9.847187957164e-02 -9.847734131022e-02 4.29e-08 3.84e-09 1.83e-08 1.123
 22   -9.847384544292e-02 -9.847463019315e-02 6.13e-09 6.06e-10 2.26e-09 1.165
 23   -9.847412770506e-02 -9.847424165720e-02 8.91e-10 2.14e-08 2.98e-10 1.208
 24   -9.847416898677e-02 -9.847418478552e-02 1.24e-10 9.75e-07 3.84e-11 1.250
 25   -9.847417482663e-02 -9.847417671915e-02 1.48e-11 1.10e-06 4.48e-12 1.293
 26   -9.847417553611e-02 -9.847417573398e-02 1.55e-12 3.54e-06 4.76e-13 1.335
 27   -9.847417561015e-02 -9.847417563089e-02 1.59e-13 2.75e-06 4.90e-14 1.378
 28   -9.847417561791e-02 -9.847417562030e-02 1.69e-14 2.46e-04 5.64e-15 1.420
 29   -9.847417561876e-02 -9.847417561924e-02 3.66e-15 4.22e-04 7.32e-16 1.463
Numerical error in objective
Restoring previous solution


Suboptimal solution found in 30 iterations and 1.51 seconds
Objective -9.84738454e-02
Primal infeasibility (abs/rel): 1.23e-08/6.13e-09
Dual infeasibility   (abs/rel): 6.68e-10/6.06e-10
Complementarity gap  (abs/rel): 2.48e-09/2.26e-09


Barrier finished in 1.51 seconds
Dual variables for problems with quadratic constraints not returned.
