cuOpt version: 26.10.0, git hash: 648f805d, host arch: x86_64, device archs: 80-real
CPU: AMD EPYC 7642 48-Core Processor, threads: 5C/5T, RAM usage: 40.96/503.74GiB
CPU SIMD target: AVX2
CUDA 12.9, device: NVIDIA A100 80GB PCIe (ID 0), VRAM: 79.44 GiB
CUDA device UUID: 68df5cf5-71f9-6a93-b428-460c080ffb10
Problem has 1 quadratic constraints. Converting to second-order cones and solving with barrier.
Handling 50 free variables directly in augmented system
Presolved problem: 5103 constraints 10102 variables 265152 nonzeros
Skipping Ruiz equilibration (row norm ratio 1.4, column norm ratio 1.4 < 5e4, Q coeff ratio 1.0 < 100)
Barrier solver started at 0.029 seconds
Barrier solver: 5103 constraints, 10102 variables, 265152 nonzeros


Second-order cones          : 1
Free variables              : 50
Upper bounds                : 5000
Linear system               : augmented
cuDSS Version               : 0.7.1
cuDSS Threading layer       : libcudss_mtlayer_gomp.so.0
cuDSS solve mode            : deterministic
Reordering time             : 0.058s
Symbolic factorization time : 0.023s
Symbolic nonzeros in factor : 2.79e+05
Elapsed time for augmented  : 0.117 seconds
Elapsed time           : 0.117 seconds
Barrier setup complete at 0.117 seconds
Adaptive regularization enabled


                  Objective                         Infeasibility        Time
Iter   Primal              Dual                Primal   Dual    Compl.   Elapsed
  0   -3.703993037120e+02 -3.711301956175e+02 3.71e+03 1.91e+00 1.19e-02 0.117
  1   -3.743476594167e+01 -3.496952827003e+02 3.74e+02 7.84e-02 1.66e-02 0.161
  2   -3.890536618497e+00 -2.098129356255e+02 3.81e+01 4.70e-02 1.33e-02 0.204
  3   -4.432231732872e-01 -3.239735339243e+01 3.86e+00 5.32e-03 4.56e-03 0.246
  4   -9.291562066520e-02 -4.513380661247e+00 4.09e-01 5.69e-04 6.47e-04 0.289
  5   -5.629490737856e-02 -7.110782485301e-01 4.09e-02 5.69e-05 8.81e-05 0.331
  6   -5.678368799966e-02 -2.029105121761e-01 9.04e-03 1.26e-05 1.79e-05 0.374
  7   -6.879664017656e-02 -1.408537651748e-01 4.01e-03 5.58e-06 7.66e-06 0.417
  8   -7.225663928367e-02 -1.396077097936e-01 3.47e-03 4.85e-06 1.83e-05 0.459
  9   -7.532519071194e-02 -1.372344718355e-01 2.97e-03 4.16e-06 4.38e-05 0.501
 10   -7.794391655874e-02 -1.350657364936e-01 2.44e-03 3.44e-06 6.31e-05 0.544
 11   -8.204030313357e-02 -1.295533631607e-01 1.77e-03 2.51e-06 7.95e-05 0.587
 12   -8.266187916340e-02 -1.282900954713e-01 1.50e-03 2.15e-06 7.70e-05 0.629
 13   -8.640447648357e-02 -1.215098333177e-01 9.99e-04 1.44e-06 9.13e-05 0.672
 14   -8.989451851797e-02 -1.138539604532e-01 5.32e-04 7.74e-07 1.88e-04 0.714
 15   -9.397405197419e-02 -1.064349468971e-01 1.45e-04 2.13e-07 6.18e-05 0.757
 16   -9.669538922039e-02 -1.017372878449e-01 5.32e-05 7.55e-08 3.14e-05 0.800
 17   -9.760615708678e-02 -1.002290833144e-01 2.54e-05 3.24e-08 1.45e-05 0.842
 18   -9.807225349849e-02 -9.936594854312e-02 9.39e-06 1.52e-08 1.02e-05 0.885
 19   -9.849340049729e-02 -9.874469518976e-02 1.56e-06 3.51e-09 1.44e-06 0.927
 20   -9.857729368574e-02 -9.862617229240e-02 3.01e-07 4.28e-09 2.37e-07 0.970
 21   -9.859404270743e-02 -9.860252343932e-02 5.16e-08 3.50e-09 3.49e-08 1.012
 22   -9.859708396932e-02 -9.859824462022e-02 7.05e-09 4.47e-09 4.19e-09 1.055
 23   -9.859750012367e-02 -9.859765902184e-02 9.66e-10 2.14e-09 5.12e-10 1.097
 24   -9.859755685482e-02 -9.859757902181e-02 1.35e-10 4.52e-07 6.39e-11 1.140
 25   -9.859756477054e-02 -9.859756783837e-02 1.87e-11 7.10e-07 7.76e-12 1.182
 26   -9.859756588312e-02 -9.859756626502e-02 2.32e-12 4.66e-06 9.50e-13 1.225
 27   -9.859756602379e-02 -9.859756606603e-02 2.58e-13 1.30e-05 1.05e-13 1.267
 28   -9.859756603944e-02 -9.859756604392e-02 2.74e-14 9.93e-05 1.10e-14 1.310
 29   -9.859756604096e-02 -9.859756604179e-02 6.33e-15 5.83e-04 2.02e-15 1.352
 30   -9.859756604127e-02 -9.859756604136e-02 9.99e-16 1.91e-02 2.02e-16 1.395
Numerical error in objective
Restoring previous solution


Suboptimal solution found in 31 iterations and 1.44 seconds
Objective -9.85975001e-02
Primal infeasibility (abs/rel): 1.93e-09/9.66e-10
Dual infeasibility   (abs/rel): 2.36e-09/2.14e-09
Complementarity gap  (abs/rel): 5.62e-10/5.12e-10


Barrier finished in 1.44 seconds
Dual variables for problems with quadratic constraints not returned.
