cuOpt version: 26.10.0, git hash: 648f805d, host arch: x86_64, device archs: 80-real
CPU: AMD EPYC 7642 48-Core Processor, threads: 5C/5T, RAM usage: 24.83/503.74GiB
CPU SIMD target: AVX2
CUDA 12.9, device: NVIDIA A100 80GB PCIe (ID 0), VRAM: 79.44 GiB
CUDA device UUID: 68df5cf5-71f9-6a93-b428-460c080ffb10
Problem has 1 quadratic constraints. Converting to second-order cones and solving with barrier.
Handling 50 free variables directly in augmented system
Presolved problem: 5103 constraints 10102 variables 265152 nonzeros
Skipping Ruiz equilibration (row norm ratio 1.4, column norm ratio 1.4 < 5e4, Q coeff ratio 1.0 < 100)
Barrier solver started at 0.030 seconds
Barrier solver: 5103 constraints, 10102 variables, 265152 nonzeros


Second-order cones          : 1
Free variables              : 50
Upper bounds                : 5000
Linear system               : augmented
cuDSS Version               : 0.7.1
cuDSS Threading layer       : libcudss_mtlayer_gomp.so.0
cuDSS solve mode            : deterministic
Reordering time             : 0.126s
Symbolic factorization time : 0.026s
Symbolic nonzeros in factor : 2.79e+05
Elapsed time for augmented  : 0.189 seconds
Elapsed time           : 0.189 seconds
Barrier setup complete at 0.189 seconds
Adaptive regularization enabled


                  Objective                         Infeasibility        Time
Iter   Primal              Dual                Primal   Dual    Compl.   Elapsed
  0   -4.992564655152e-02 -2.507067875879e+03 5.00e+00 9.29e+00 1.02e+02 0.249
  1   -5.008062440015e-02 -2.697163614203e+02 5.28e-01 6.57e-01 1.36e+01 0.326
  2   -5.146090790000e-02 -3.993777732674e+01 7.51e-02 1.12e+00 2.47e+00 0.403
  3   -5.983537063110e-02 -4.491433862709e+00 7.51e-03 2.69e-01 2.49e-01 0.481
  4   -6.568753186594e-02 -1.237277187651e+00 1.96e-03 7.21e-02 6.44e-02 0.558
  5   -6.463066090306e-02 -3.562452354913e-01 1.96e-04 7.36e-03 7.00e-03 0.635
  6   -7.582083223025e-02 -1.722713001204e-01 6.31e-05 2.37e-03 2.25e-03 0.712
  7   -8.956419551275e-02 -1.224018871185e-01 1.20e-05 4.52e-04 3.82e-04 0.789
  8   -9.467450178606e-02 -1.080991215252e-01 4.36e-06 1.64e-04 8.53e-05 0.867
  9   -9.634117346059e-02 -1.033717911558e-01 2.02e-06 7.60e-05 4.60e-05 0.944
 10   -9.733086212273e-02 -1.008606909821e-01 7.72e-07 2.90e-05 1.35e-05 1.021
 11   -9.791940225401e-02 -9.950251338257e-02 2.51e-07 9.44e-06 7.39e-06 1.098
 12   -9.830534575172e-02 -9.882826879499e-02 6.83e-08 2.57e-06 1.98e-06 1.176
 13   -9.844943840992e-02 -9.859567083965e-02 1.68e-08 6.33e-07 5.07e-07 1.253
 14   -9.849746382764e-02 -9.852367537542e-02 2.95e-09 1.11e-07 7.74e-08 1.329
 15   -9.850631423505e-02 -9.851053850231e-02 4.72e-10 1.78e-08 1.05e-08 1.407
 16   -9.850775698387e-02 -9.850840539703e-02 7.23e-11 2.72e-09 1.31e-09 1.484
 17   -9.850797932548e-02 -9.850807751379e-02 1.09e-11 4.45e-10 1.62e-10 1.562
 18   -9.850801278337e-02 -9.850802827936e-02 1.94e-12 1.45e-08 2.20e-11 1.622
 19   -9.850801799155e-02 -9.850802062192e-02 4.14e-13 1.70e-07 3.73e-12 1.682
 20   -9.850801886534e-02 -9.850801934307e-02 2.60e-13 8.86e-07 6.80e-13 1.743
 21   -9.850801901568e-02 -9.850801911714e-02 5.46e-14 1.86e-07 1.43e-13 1.820
 22   -9.850801904665e-02 -9.850801907072e-02 1.26e-14 4.28e-08 3.49e-14 1.897
 23   -9.850801905393e-02 -9.850801905992e-02 3.05e-15 1.03e-08 8.63e-15 1.974
 24   -9.850801905502e-02 -9.850801905827e-02 1.50e-15 5.04e-09 4.10e-15 2.051


Optimal solution found in 24 iterations and 2.051s
Objective -9.85080191e-02
Primal infeasibility (abs/rel): 3.00e-15/1.50e-15
Dual infeasibility   (abs/rel): 5.55e-09/5.04e-09
Complementarity gap  (abs/rel): 4.50e-15/4.10e-15


Barrier finished in 2.05 seconds
Dual variables for problems with quadratic constraints not returned.
