cuOpt version: 26.10.0, git hash: 648f805d, host arch: x86_64, device archs: 80-real
CPU: AMD EPYC 7642 48-Core Processor, threads: 5C/5T, RAM usage: 37.67/503.74GiB
CPU SIMD target: AVX2
CUDA 12.9, device: NVIDIA A100 80GB PCIe (ID 0), VRAM: 79.44 GiB
CUDA device UUID: 68df5cf5-71f9-6a93-b428-460c080ffb10
Problem has 1 quadratic constraints. Converting to second-order cones and solving with barrier.
Barrier: reusing cache (skip convert/presolve/scaling)
Barrier solver started at 0.000 seconds
Barrier solver: 5103 constraints, 10102 variables, 265152 nonzeros
Barrier setup complete at 0.000 seconds
Adaptive regularization enabled
Barrier: cone cache reuse overrides the requested initial point with SedumiMu


                  Objective                         Infeasibility        Time
Iter   Primal              Dual                Primal   Dual    Compl.   Elapsed
  0   -3.704291987375e+02 -3.711395609108e+02 3.71e+03 1.91e+00 1.19e-02 0.001
  1   -4.138240293765e+00 -3.475611537576e+02 4.01e+01 2.77e-01 6.50e-02 0.004
  2   -1.039773673805e-01 -2.488455939764e+01 4.69e-01 7.85e-03 4.78e-03 0.007
  3   -5.495207885771e-02 -6.428340803206e-01 4.69e-03 7.91e-05 1.47e-04 0.010
  4   -5.854039337587e-02 -1.366926284621e-01 6.23e-04 1.05e-05 1.75e-05 0.013
  5   -6.604975136236e-02 -1.385362712996e-01 5.11e-04 8.60e-06 2.69e-05 0.015
  6   -6.790336069284e-02 -1.389601525558e-01 4.66e-04 7.88e-06 2.96e-05 0.018
  7   -8.303222825685e-02 -1.229859611393e-01 2.19e-04 3.68e-06 5.72e-05 0.021
  8   -8.344792285985e-02 -1.225109079576e-01 1.93e-04 3.26e-06 6.87e-05 0.024
  9   -8.415588802133e-02 -1.222342271917e-01 1.72e-04 2.92e-06 1.24e-04 0.027
 10   -8.638216746695e-02 -1.192142859518e-01 1.32e-04 2.25e-06 9.51e-05 0.029
 11   -8.613030777642e-02 -1.187880975566e-01 1.26e-04 2.17e-06 1.56e-04 0.032
 12   -9.211841889161e-02 -1.096247498862e-01 6.17e-05 1.05e-06 6.89e-05 0.035
 13   -9.284620946312e-02 -1.081501250570e-01 4.70e-05 8.12e-07 9.81e-05 0.038
 14   -9.588078179789e-02 -1.034063534655e-01 2.05e-05 3.41e-07 5.26e-05 0.041
 15   -9.595697483970e-02 -1.029398674612e-01 1.65e-05 2.87e-07 7.06e-05 0.043
 16   -9.732850065457e-02 -1.009836183129e-01 7.97e-06 1.32e-07 3.47e-05 0.046
 17   -9.755025974518e-02 -1.005059337533e-01 5.33e-06 9.95e-08 4.06e-05 0.049
 18   -9.817927056275e-02 -9.960258847996e-02 2.25e-06 3.36e-08 1.83e-05 0.052
 19   -9.831983026256e-02 -9.934568848112e-02 1.26e-06 2.70e-08 1.49e-05 0.054
 20   -9.860387492625e-02 -9.895714684832e-02 3.50e-07 6.83e-09 5.15e-06 0.057
 21   -9.870464606515e-02 -9.881647071562e-02 8.01e-08 3.95e-09 1.85e-06 0.063
 22   -9.874401713522e-02 -9.876792929084e-02 1.65e-08 9.89e-09 4.03e-07 0.066
 23   -9.875302977811e-02 -9.875609874707e-02 1.14e-09 2.21e-10 3.76e-08 0.068
 24   -9.875430117255e-02 -9.875462821918e-02 1.21e-10 1.20e-08 4.05e-09 0.071
 25   -9.875443707325e-02 -9.875446443856e-02 3.62e-11 7.63e-08 2.65e-10 0.074
 26   -9.875444840611e-02 -9.875445004213e-02 2.29e-12 1.39e-06 1.35e-11 0.077
 27   -9.875444902869e-02 -9.875444925792e-02 2.34e-13 2.15e-05 1.87e-12 0.080
 28   -9.875444912506e-02 -9.875444913785e-02 3.44e-14 1.46e-06 7.48e-14 0.082
 29   -9.875444913021e-02 -9.875444913189e-02 3.19e-14 2.49e-04 4.31e-15 0.085
Numerical error in objective
Primal residual -nan dual residual -nan complementarity residual -nan
Search direction computation failed
Barrier finished in 0.09 seconds
Barrier Solve status A numerical error was encountered.
Dual variables for problems with quadratic constraints not returned.
