cuOpt version: 26.10.0, git hash: 648f805d, host arch: x86_64, device archs: 80-real
CPU: AMD EPYC 7642 48-Core Processor, threads: 5C/5T, RAM usage: 37.77/503.74GiB
CPU SIMD target: AVX2
CUDA 12.9, device: NVIDIA A100 80GB PCIe (ID 0), VRAM: 79.44 GiB
CUDA device UUID: 68df5cf5-71f9-6a93-b428-460c080ffb10
Problem has 1 quadratic constraints. Converting to second-order cones and solving with barrier.
Barrier: reusing cache (skip convert/presolve/scaling)
Barrier solver started at 0.000 seconds
Barrier solver: 5103 constraints, 10102 variables, 265152 nonzeros
Barrier setup complete at 0.000 seconds
Adaptive regularization enabled
Barrier: cone cache reuse overrides the requested initial point with SedumiMu


                  Objective                         Infeasibility        Time
Iter   Primal              Dual                Primal   Dual    Compl.   Elapsed
  0   -3.704490508896e+02 -3.710981922775e+02 3.71e+03 1.91e+00 1.19e-02 0.001
  1   -4.138704054865e+00 -3.475197441660e+02 4.01e+01 2.77e-01 6.50e-02 0.004
  2   -1.040077714883e-01 -2.488126492703e+01 4.69e-01 7.85e-03 4.78e-03 0.007
  3   -5.496009155755e-02 -6.429578735551e-01 4.69e-03 7.91e-05 1.48e-04 0.010
  4   -5.855201100062e-02 -1.359301148950e-01 6.17e-04 1.04e-05 1.72e-05 0.013
  5   -6.551663268734e-02 -1.377706604397e-01 5.18e-04 8.72e-06 2.04e-05 0.016
  6   -6.699939882454e-02 -1.382652965334e-01 4.83e-04 8.15e-06 2.72e-05 0.018
  7   -8.162860256753e-02 -1.249446431572e-01 2.43e-04 4.09e-06 7.09e-05 0.021
  8   -8.180505699137e-02 -1.245928182842e-01 2.22e-04 3.75e-06 1.18e-04 0.024
  9   -8.340904073469e-02 -1.237510869194e-01 1.77e-04 3.03e-06 2.86e-04 0.027
 10   -8.548191297537e-02 -1.209174045589e-01 1.01e-04 1.72e-06 2.63e-04 0.030
 11   -8.804180940309e-02 -1.151500508768e-01 5.31e-05 9.37e-07 4.50e-04 0.032
 12   -9.516026573698e-02 -1.038332632956e-01 1.31e-05 1.97e-07 1.16e-04 0.035
 13   -9.698997716713e-02 -1.008623546825e-01 4.64e-06 6.71e-08 3.36e-05 0.038
 14   -9.759720487702e-02 -9.966209353793e-02 1.54e-06 3.48e-08 3.73e-05 0.041
 15   -9.828552990532e-02 -9.874037147960e-02 3.13e-07 1.80e-08 7.81e-06 0.044
 16   -9.842291774183e-02 -9.854048583104e-02 6.43e-08 6.73e-10 2.37e-06 0.046
 17   -9.846590740951e-02 -9.848553094086e-02 1.06e-08 1.38e-08 3.94e-07 0.049
 18   -9.847269098054e-02 -9.847595268868e-02 8.69e-10 8.66e-10 3.61e-08 0.052
 19   -9.847405130486e-02 -9.847432807825e-02 7.34e-11 1.00e-08 3.10e-09 0.055
 20   -9.847416827922e-02 -9.847418320003e-02 2.95e-11 3.70e-08 8.65e-11 0.058
 21   -9.847417543235e-02 -9.847417582687e-02 2.48e-13 8.02e-07 2.32e-12 0.060
 22   -9.847417560940e-02 -9.847417563218e-02 6.52e-14 4.66e-05 1.47e-13 0.063
 23   -9.847417562010e-02 -9.847417561942e-02 5.74e-14 5.08e-03 3.01e-15 0.066
Numerical error in objective
Primal residual -nan dual residual -nan complementarity residual -nan
Search direction computation failed
Barrier finished in 0.07 seconds
Barrier Solve status A numerical error was encountered.
Dual variables for problems with quadratic constraints not returned.
