cuOpt version: 26.10.0, git hash: 648f805d, host arch: x86_64, device archs: 80-real
CPU: AMD EPYC 7642 48-Core Processor, threads: 5C/5T, RAM usage: 39.96/503.74GiB
CPU SIMD target: AVX2
CUDA 12.9, device: NVIDIA A100 80GB PCIe (ID 0), VRAM: 79.44 GiB
CUDA device UUID: 68df5cf5-71f9-6a93-b428-460c080ffb10
Problem has 1 quadratic constraints. Converting to second-order cones and solving with barrier.
Handling 50 free variables directly in augmented system
Presolved problem: 5103 constraints 10102 variables 265152 nonzeros
Skipping Ruiz equilibration (row norm ratio 1.4, column norm ratio 1.4 < 5e4, Q coeff ratio 1.0 < 100)
Barrier solver started at 0.028 seconds
Barrier solver: 5103 constraints, 10102 variables, 265152 nonzeros


Second-order cones          : 1
Free variables              : 50
Upper bounds                : 5000
Linear system               : augmented
cuDSS Version               : 0.7.1
cuDSS Threading layer       : libcudss_mtlayer_gomp.so.0
Reordering time             : 0.056s
Symbolic factorization time : 0.024s
Symbolic nonzeros in factor : 2.79e+05
Elapsed time for augmented  : 0.116 seconds
Elapsed time           : 0.116 seconds
Barrier setup complete at 0.116 seconds
Adaptive regularization enabled


                  Objective                         Infeasibility        Time
Iter   Primal              Dual                Primal   Dual    Compl.   Elapsed
  0   -3.704296579021e+02 -3.711143874095e+02 3.71e+03 1.91e+00 1.19e-02 0.116
  1   -3.743805307944e+01 -3.496794821105e+02 3.74e+02 7.84e-02 1.66e-02 0.119
  2   -3.890892603288e+00 -2.098000848639e+02 3.81e+01 4.70e-02 1.33e-02 0.122
  3   -4.432644690077e-01 -3.239481420608e+01 3.86e+00 5.32e-03 4.56e-03 0.124
  4   -9.292787348314e-02 -4.513226449507e+00 4.09e-01 5.69e-04 6.47e-04 0.127
  5   -5.630208096541e-02 -7.110613462725e-01 4.09e-02 5.69e-05 8.81e-05 0.130
  6   -5.679115458686e-02 -2.028173655069e-01 9.03e-03 1.26e-05 1.79e-05 0.132
  7   -6.885150902299e-02 -1.407273407922e-01 4.00e-03 5.57e-06 7.64e-06 0.135
  8   -7.258871910702e-02 -1.393006729815e-01 3.43e-03 4.78e-06 1.78e-05 0.138
  9   -7.504650701633e-02 -1.376440056510e-01 2.99e-03 4.18e-06 3.86e-05 0.140
 10   -7.959333558137e-02 -1.323717337060e-01 2.28e-03 3.21e-06 6.84e-05 0.143
 11   -8.076571028236e-02 -1.311923718993e-01 1.89e-03 2.69e-06 7.26e-05 0.146
 12   -8.623964366965e-02 -1.226284037998e-01 1.10e-03 1.56e-06 6.79e-05 0.148
 13   -8.791721829821e-02 -1.184098075508e-01 7.44e-04 1.07e-06 1.45e-04 0.151
 14   -9.323285915989e-02 -1.086322147583e-01 3.17e-04 4.60e-07 7.57e-05 0.154
 15   -9.543165633376e-02 -1.045150230321e-01 1.39e-04 2.04e-07 3.89e-05 0.156
 16   -9.737225576144e-02 -1.012379973998e-01 5.18e-05 7.31e-08 1.38e-05 0.159
 17   -9.813396945002e-02 -9.988791733304e-02 1.81e-05 2.61e-08 5.79e-06 0.162
 18   -9.850905671247e-02 -9.926539651403e-02 5.95e-06 1.28e-08 3.99e-06 0.164
 19   -9.876128924040e-02 -9.891001821659e-02 1.07e-06 3.70e-09 6.55e-07 0.167
 20   -9.881065283318e-02 -9.884131053708e-02 2.02e-07 4.58e-09 1.12e-07 0.170
 21   -9.882154075328e-02 -9.882650461978e-02 3.24e-08 3.39e-09 1.60e-08 0.172
 22   -9.882338852390e-02 -9.882399876500e-02 3.99e-09 4.58e-09 1.84e-09 0.175
 23   -9.882361782609e-02 -9.882368716472e-02 4.54e-10 7.35e-08 2.07e-10 0.178
 24   -9.882364378751e-02 -9.882365174859e-02 5.22e-11 2.04e-06 2.41e-11 0.180
 25   -9.882364679518e-02 -9.882364763150e-02 5.48e-12 4.45e-06 2.53e-12 0.183
 26   -9.882364711146e-02 -9.882364719805e-02 5.65e-13 1.01e-05 2.60e-13 0.186
 27   -9.882364714413e-02 -9.882364715355e-02 6.06e-14 1.94e-04 2.66e-14 0.188
 28   -9.882364714774e-02 -9.882364714876e-02 6.22e-15 1.01e-03 2.89e-15 0.191
 29   -9.882364714804e-02 -9.882364714839e-02 2.00e-15 1.12e-03 4.93e-16 0.194
Numerical error in objective
Restoring previous solution


Suboptimal solution found in 30 iterations and 0.20 seconds
Objective -9.88233885e-02
Primal infeasibility (abs/rel): 7.98e-09/3.99e-09
Dual infeasibility   (abs/rel): 5.05e-09/4.58e-09
Complementarity gap  (abs/rel): 2.02e-09/1.84e-09


Barrier finished in 0.20 seconds
Dual variables for problems with quadratic constraints not returned.
