cuOpt version: 26.10.0, git hash: 648f805d, host arch: x86_64, device archs: 80-real
CPU: AMD EPYC 7642 48-Core Processor, threads: 5C/5T, RAM usage: 39.96/503.74GiB
CPU SIMD target: AVX2
CUDA 12.9, device: NVIDIA A100 80GB PCIe (ID 0), VRAM: 79.44 GiB
CUDA device UUID: 68df5cf5-71f9-6a93-b428-460c080ffb10
Problem has 1 quadratic constraints. Converting to second-order cones and solving with barrier.
Handling 50 free variables directly in augmented system
Presolved problem: 5103 constraints 10102 variables 265152 nonzeros
Skipping Ruiz equilibration (row norm ratio 1.4, column norm ratio 1.4 < 5e4, Q coeff ratio 1.0 < 100)
Barrier solver started at 0.026 seconds
Barrier solver: 5103 constraints, 10102 variables, 265152 nonzeros


Second-order cones          : 1
Free variables              : 50
Upper bounds                : 5000
Linear system               : augmented
cuDSS Version               : 0.7.1
cuDSS Threading layer       : libcudss_mtlayer_gomp.so.0
Reordering time             : 0.052s
Symbolic factorization time : 0.024s
Symbolic nonzeros in factor : 2.79e+05
Elapsed time for augmented  : 0.109 seconds
Elapsed time           : 0.109 seconds
Barrier setup complete at 0.109 seconds
Adaptive regularization enabled


                  Objective                         Infeasibility        Time
Iter   Primal              Dual                Primal   Dual    Compl.   Elapsed
  0   -3.704472534989e+02 -3.711214143411e+02 3.71e+03 1.91e+00 1.19e-02 0.109
  1   -3.743997028132e+01 -3.496865432605e+02 3.74e+02 7.84e-02 1.66e-02 0.112
  2   -3.891133613772e+00 -2.098064524991e+02 3.81e+01 4.70e-02 1.33e-02 0.115
  3   -4.433011183153e-01 -3.239671034313e+01 3.86e+00 5.32e-03 4.56e-03 0.117
  4   -9.293283281824e-02 -4.513403587298e+00 4.09e-01 5.69e-04 6.47e-04 0.120
  5   -5.630477146002e-02 -7.110955426518e-01 4.09e-02 5.69e-05 8.81e-05 0.123
  6   -5.679523438429e-02 -2.032839848102e-01 9.06e-03 1.26e-05 1.79e-05 0.126
  7   -6.871418673570e-02 -1.414513379892e-01 4.05e-03 5.63e-06 7.73e-06 0.128
  8   -7.377610406630e-02 -1.394729723168e-01 3.22e-03 4.50e-06 3.02e-05 0.131
  9   -7.665736588048e-02 -1.368575921423e-01 2.70e-03 3.78e-06 6.72e-05 0.134
 10   -8.148243636864e-02 -1.304695263379e-01 1.94e-03 2.73e-06 1.02e-04 0.136
 11   -8.291265742734e-02 -1.284853164986e-01 1.54e-03 2.19e-06 1.04e-04 0.139
 12   -8.626720043114e-02 -1.226809674761e-01 1.06e-03 1.51e-06 9.58e-05 0.142
 13   -8.645950936477e-02 -1.210435011882e-01 8.77e-04 1.27e-06 1.56e-04 0.144
 14   -9.101311162045e-02 -1.126436058076e-01 4.23e-04 6.24e-07 1.42e-04 0.147
 15   -9.490340838142e-02 -1.052734036633e-01 1.84e-04 2.73e-07 8.03e-05 0.150
 16   -9.715472334623e-02 -1.014316413561e-01 6.74e-05 9.45e-08 2.10e-05 0.152
 17   -9.773790730205e-02 -1.002758292365e-01 3.26e-05 4.73e-08 1.55e-05 0.155
 18   -9.832286200527e-02 -9.927577853796e-02 9.19e-06 1.29e-08 5.81e-06 0.158
 19   -9.862396309113e-02 -9.882770465697e-02 1.77e-06 2.51e-09 9.41e-07 0.160
 20   -9.869309568671e-02 -9.872847158249e-02 3.00e-07 2.77e-09 1.37e-07 0.163
 21   -9.870555160284e-02 -9.871075467161e-02 4.40e-08 4.68e-09 1.73e-08 0.166
 22   -9.870740981869e-02 -9.870811684765e-02 5.97e-09 1.13e-09 2.08e-09 0.168
 23   -9.870766535049e-02 -9.870775363077e-02 7.47e-10 5.96e-08 2.36e-10 0.171
 24   -9.870769701811e-02 -9.870770848361e-02 9.71e-11 2.48e-06 2.63e-11 0.174
 25   -9.870770103186e-02 -9.870770274417e-02 1.45e-11 6.32e-06 3.06e-12 0.176
 26   -9.870770160693e-02 -9.870770191958e-02 2.64e-12 1.26e-05 6.57e-13 0.179
 27   -9.870770170760e-02 -9.870770177486e-02 5.63e-13 5.72e-05 1.68e-13 0.182
 28   -9.870770172826e-02 -9.870770174511e-02 1.37e-13 8.42e-05 4.52e-14 0.184
 29   -9.870770173358e-02 -9.870770173744e-02 2.95e-14 2.00e-03 1.05e-14 0.187
 30   -9.870770173492e-02 -9.870770173551e-02 4.88e-15 5.63e-02 1.60e-15 0.190
Numerical error in objective
Restoring previous solution


Suboptimal solution found in 31 iterations and 0.19 seconds
Objective -9.87074098e-02
Primal infeasibility (abs/rel): 1.19e-08/5.97e-09
Dual infeasibility   (abs/rel): 1.25e-09/1.13e-09
Complementarity gap  (abs/rel): 2.29e-09/2.08e-09


Barrier finished in 0.19 seconds
Dual variables for problems with quadratic constraints not returned.
