cuOpt version: 26.10.0, git hash: 648f805d, host arch: x86_64, device archs: 80-real
CPU: AMD EPYC 7642 48-Core Processor, threads: 5C/5T, RAM usage: 39.96/503.74GiB
CPU SIMD target: AVX2
CUDA 12.9, device: NVIDIA A100 80GB PCIe (ID 0), VRAM: 79.44 GiB
CUDA device UUID: 68df5cf5-71f9-6a93-b428-460c080ffb10
Problem has 1 quadratic constraints. Converting to second-order cones and solving with barrier.
Handling 50 free variables directly in augmented system
Presolved problem: 5103 constraints 10102 variables 265152 nonzeros
Skipping Ruiz equilibration (row norm ratio 1.4, column norm ratio 1.4 < 5e4, Q coeff ratio 1.0 < 100)
Barrier solver started at 0.026 seconds
Barrier solver: 5103 constraints, 10102 variables, 265152 nonzeros


Second-order cones          : 1
Free variables              : 50
Upper bounds                : 5000
Linear system               : augmented
cuDSS Version               : 0.7.1
cuDSS Threading layer       : libcudss_mtlayer_gomp.so.0
Reordering time             : 0.064s
Symbolic factorization time : 0.023s
Symbolic nonzeros in factor : 2.79e+05
Elapsed time for augmented  : 0.119 seconds
Elapsed time           : 0.119 seconds
Barrier setup complete at 0.119 seconds
Adaptive regularization enabled


                  Objective                         Infeasibility        Time
Iter   Primal              Dual                Primal   Dual    Compl.   Elapsed
  0   -3.702779911923e+02 -3.710340990992e+02 3.71e+03 1.91e+00 1.19e-02 0.120
  1   -3.742292114300e+01 -3.495990552830e+02 3.74e+02 7.84e-02 1.66e-02 0.122
  2   -3.889384317021e+00 -2.097327989230e+02 3.80e+01 4.70e-02 1.33e-02 0.125
  3   -4.430960191597e-01 -3.238133792989e+01 3.86e+00 5.32e-03 4.56e-03 0.128
  4   -9.289011900046e-02 -4.510661993964e+00 4.09e-01 5.68e-04 6.47e-04 0.130
  5   -5.628863688985e-02 -7.106311920902e-01 4.09e-02 5.69e-05 8.80e-05 0.133
  6   -5.677850734434e-02 -2.029428520092e-01 9.04e-03 1.26e-05 1.79e-05 0.136
  7   -6.877281553411e-02 -1.406256974234e-01 4.00e-03 5.57e-06 7.64e-06 0.138
  8   -7.302451129655e-02 -1.387467000274e-01 3.31e-03 4.61e-06 2.33e-05 0.141
  9   -7.655453457371e-02 -1.353543162868e-01 2.71e-03 3.80e-06 5.34e-05 0.144
 10   -8.076390205421e-02 -1.302517178299e-01 2.00e-03 2.81e-06 7.65e-05 0.146
 11   -8.202070321453e-02 -1.286292263550e-01 1.65e-03 2.34e-06 7.72e-05 0.149
 12   -8.588661785748e-02 -1.221373806417e-01 1.12e-03 1.60e-06 7.21e-05 0.152
 13   -8.618591454530e-02 -1.205838279333e-01 9.23e-04 1.34e-06 1.19e-04 0.154
 14   -9.029766583970e-02 -1.130146631897e-01 4.98e-04 7.31e-07 1.12e-04 0.157
 15   -9.408563254510e-02 -1.058294183777e-01 2.31e-04 3.42e-07 7.25e-05 0.160
 16   -9.644060135963e-02 -1.017414393619e-01 8.51e-05 1.20e-07 2.08e-05 0.162
 17   -9.738363041225e-02 -9.984895405806e-02 2.27e-05 3.69e-08 1.33e-05 0.165
 18   -9.794097915220e-02 -9.902805036810e-02 9.28e-06 1.39e-08 7.00e-06 0.168
 19   -9.822795135754e-02 -9.860314585122e-02 2.30e-06 2.41e-09 2.19e-06 0.170
 20   -9.835886375527e-02 -9.842827956034e-02 4.02e-07 3.06e-09 3.65e-07 0.173
 21   -9.838495009847e-02 -9.839397449999e-02 5.22e-08 3.39e-09 4.28e-08 0.176
 22   -9.838837642752e-02 -9.838947271166e-02 6.35e-09 5.89e-09 4.79e-09 0.178
 23   -9.838879414052e-02 -9.838892333329e-02 7.49e-10 4.77e-09 5.27e-10 0.181
 24   -9.838884337912e-02 -9.838885845402e-02 8.75e-11 1.36e-06 5.74e-11 0.184
 25   -9.838884908256e-02 -9.838885090996e-02 1.07e-11 7.62e-06 6.26e-12 0.186
 26   -9.838884977371e-02 -9.838884998818e-02 1.27e-12 2.12e-05 6.76e-13 0.189
 27   -9.838884985523e-02 -9.838884987699e-02 1.33e-13 2.39e-05 7.01e-14 0.192
 28   -9.838884986328e-02 -9.838884986548e-02 1.33e-14 1.11e-04 7.08e-15 0.194
 29   -9.838884986408e-02 -9.838884986430e-02 8.88e-16 3.41e-03 8.78e-16 0.197
 30   -9.838884986414e-02 -9.838884986421e-02 1.39e-16 2.47e-02 1.06e-16 0.200
Numerical error in objective
Restoring previous solution


Suboptimal solution found in 31 iterations and 0.20 seconds
Objective -9.83887941e-02
Primal infeasibility (abs/rel): 1.50e-09/7.49e-10
Dual infeasibility   (abs/rel): 5.26e-09/4.77e-09
Complementarity gap  (abs/rel): 5.79e-10/5.27e-10


Barrier finished in 0.20 seconds
Dual variables for problems with quadratic constraints not returned.
