cuOpt version: 26.10.0, git hash: 648f805d, host arch: x86_64, device archs: 80-real
CPU: AMD EPYC 7642 48-Core Processor, threads: 5C/5T, RAM usage: 39.96/503.74GiB
CPU SIMD target: AVX2
CUDA 12.9, device: NVIDIA A100 80GB PCIe (ID 0), VRAM: 79.44 GiB
CUDA device UUID: 68df5cf5-71f9-6a93-b428-460c080ffb10
Problem has 1 quadratic constraints. Converting to second-order cones and solving with barrier.
Handling 50 free variables directly in augmented system
Presolved problem: 5103 constraints 10102 variables 265152 nonzeros
Skipping Ruiz equilibration (row norm ratio 1.4, column norm ratio 1.4 < 5e4, Q coeff ratio 1.0 < 100)
Barrier solver started at 0.027 seconds
Barrier solver: 5103 constraints, 10102 variables, 265152 nonzeros


Second-order cones          : 1
Free variables              : 50
Upper bounds                : 5000
Linear system               : augmented
cuDSS Version               : 0.7.1
cuDSS Threading layer       : libcudss_mtlayer_gomp.so.0
Reordering time             : 0.120s
Symbolic factorization time : 0.024s
Symbolic nonzeros in factor : 2.79e+05
Elapsed time for augmented  : 0.178 seconds
Elapsed time           : 0.178 seconds
Barrier setup complete at 0.178 seconds
Adaptive regularization enabled


                  Objective                         Infeasibility        Time
Iter   Primal              Dual                Primal   Dual    Compl.   Elapsed
  0   -3.703993037120e+02 -3.711301956175e+02 3.71e+03 1.91e+00 1.19e-02 0.178
  1   -3.743476594134e+01 -3.496952827003e+02 3.74e+02 7.84e-02 1.66e-02 0.181
  2   -3.890536618429e+00 -2.098129356245e+02 3.81e+01 4.70e-02 1.33e-02 0.184
  3   -4.432231735843e-01 -3.239735340750e+01 3.86e+00 5.32e-03 4.56e-03 0.186
  4   -9.291562180916e-02 -4.513380751646e+00 4.09e-01 5.69e-04 6.47e-04 0.189
  5   -5.629490748325e-02 -7.110782640229e-01 4.09e-02 5.69e-05 8.81e-05 0.192
  6   -5.678368793515e-02 -2.029105103874e-01 9.04e-03 1.26e-05 1.79e-05 0.194
  7   -6.879664049270e-02 -1.408537638788e-01 4.01e-03 5.58e-06 7.66e-06 0.197
  8   -7.225663476739e-02 -1.396077107111e-01 3.47e-03 4.85e-06 1.83e-05 0.200
  9   -7.532517995534e-02 -1.372344808284e-01 2.97e-03 4.16e-06 4.38e-05 0.202
 10   -7.794390866956e-02 -1.350657453399e-01 2.44e-03 3.44e-06 6.31e-05 0.205
 11   -8.204029221365e-02 -1.295533822072e-01 1.77e-03 2.51e-06 7.95e-05 0.208
 12   -8.266186851715e-02 -1.282901163791e-01 1.50e-03 2.15e-06 7.70e-05 0.210
 13   -8.640447288995e-02 -1.215098431254e-01 9.99e-04 1.44e-06 9.13e-05 0.213
 14   -8.989450283924e-02 -1.138539883851e-01 5.32e-04 7.74e-07 1.88e-04 0.216
 15   -9.397405097433e-02 -1.064349485935e-01 1.45e-04 2.13e-07 6.18e-05 0.218
 16   -9.669538683517e-02 -1.017372903565e-01 5.32e-05 7.55e-08 3.14e-05 0.221
 17   -9.760615905467e-02 -1.002290798638e-01 2.54e-05 3.24e-08 1.45e-05 0.224
 18   -9.807225382352e-02 -9.936594913838e-02 9.39e-06 1.52e-08 1.02e-05 0.226
 19   -9.849340048577e-02 -9.874469538558e-02 1.56e-06 3.51e-09 1.44e-06 0.229
 20   -9.857729377815e-02 -9.862617219064e-02 3.01e-07 4.26e-09 2.37e-07 0.232
 21   -9.859404274333e-02 -9.860252339400e-02 5.16e-08 3.52e-09 3.49e-08 0.234
 22   -9.859708397368e-02 -9.859824461486e-02 7.05e-09 3.41e-09 4.19e-09 0.237
 23   -9.859750012423e-02 -9.859765902117e-02 9.66e-10 1.83e-08 5.12e-10 0.240
 24   -9.859755685509e-02 -9.859757902144e-02 1.35e-10 2.85e-06 6.39e-11 0.242
 25   -9.859756477057e-02 -9.859756783834e-02 1.87e-11 5.16e-06 7.76e-12 0.245
 26   -9.859756588293e-02 -9.859756626530e-02 2.33e-12 1.16e-05 9.52e-13 0.248
 27   -9.859756602392e-02 -9.859756606584e-02 2.54e-13 3.87e-05 1.04e-13 0.250
 28   -9.859756603942e-02 -9.859756604394e-02 2.78e-14 8.03e-04 1.11e-14 0.253
 29   -9.859756604111e-02 -9.859756604159e-02 2.55e-15 4.12e-03 1.15e-15 0.256
Numerical error in objective
Restoring previous solution


Suboptimal solution found in 30 iterations and 0.26 seconds
Objective -9.85970840e-02
Primal infeasibility (abs/rel): 1.41e-08/7.05e-09
Dual infeasibility   (abs/rel): 3.76e-09/3.41e-09
Complementarity gap  (abs/rel): 4.60e-09/4.19e-09


Barrier finished in 0.26 seconds
Dual variables for problems with quadratic constraints not returned.
