cuOpt version: 26.10.0, git hash: 648f805d, host arch: x86_64, device archs: 80-real
CPU: AMD EPYC 7642 48-Core Processor, threads: 5C/5T, RAM usage: 43.21/503.74GiB
CPU SIMD target: AVX2
CUDA 12.9, device: NVIDIA A100 80GB PCIe (ID 0), VRAM: 79.44 GiB
CUDA device UUID: 68df5cf5-71f9-6a93-b428-460c080ffb10
Problem has 1 quadratic constraints. Converting to second-order cones and solving with barrier.
Handling 50 free variables directly in augmented system
Presolved problem: 5103 constraints 10102 variables 265152 nonzeros
Skipping Ruiz equilibration (row norm ratio 1.4, column norm ratio 1.4 < 5e4, Q coeff ratio 1.0 < 100)
Barrier solver started at 0.024 seconds
Barrier solver: 5103 constraints, 10102 variables, 265152 nonzeros


Second-order cones          : 1
Free variables              : 50
Upper bounds                : 5000
Linear system               : augmented
cuDSS Version               : 0.7.1
cuDSS Threading layer       : libcudss_mtlayer_gomp.so.0
Reordering time             : 0.061s
Symbolic factorization time : 0.023s
Symbolic nonzeros in factor : 2.79e+05
Elapsed time for augmented  : 0.115 seconds
Elapsed time           : 0.115 seconds
Barrier setup complete at 0.115 seconds
Adaptive regularization enabled


                  Objective                         Infeasibility        Time
Iter   Primal              Dual                Primal   Dual    Compl.   Elapsed
  0   -3.702509737108e+02 -3.710937010099e+02 3.71e+03 1.91e+00 1.19e-02 0.115
  1   -3.741942811123e+01 -3.496586650393e+02 3.74e+02 7.84e-02 1.66e-02 0.120
  2   -3.888833787341e+00 -2.097808197354e+02 3.80e+01 4.70e-02 1.33e-02 0.124
  3   -4.430335847848e-01 -3.239045866058e+01 3.86e+00 5.32e-03 4.56e-03 0.127
  4   -9.288170526104e-02 -4.512561924568e+00 4.09e-01 5.69e-04 6.47e-04 0.131
  5   -5.627609700495e-02 -7.109289050753e-01 4.09e-02 5.69e-05 8.81e-05 0.135
  6   -5.676233512509e-02 -2.033121093335e-01 9.07e-03 1.26e-05 1.79e-05 0.139
  7   -6.873008100519e-02 -1.408714699511e-01 4.01e-03 5.58e-06 7.66e-06 0.143
  8   -7.285246531693e-02 -1.391245908392e-01 3.37e-03 4.69e-06 2.03e-05 0.147
  9   -7.477570729647e-02 -1.378576075986e-01 3.00e-03 4.18e-06 3.21e-05 0.151
 10   -7.900971842986e-02 -1.327284128534e-01 2.36e-03 3.29e-06 5.32e-05 0.155
 11   -8.004509510488e-02 -1.317342316861e-01 1.98e-03 2.76e-06 6.58e-05 0.159
 12   -8.661783073939e-02 -1.214072798123e-01 1.05e-03 1.46e-06 7.24e-05 0.163
 13   -8.935930994677e-02 -1.150142606966e-01 5.70e-04 7.93e-07 1.44e-04 0.168
 14   -9.415098893832e-02 -1.066025412382e-01 2.40e-04 3.35e-07 5.41e-05 0.172
 15   -9.632069437632e-02 -1.026873481356e-01 1.11e-04 1.55e-07 2.52e-05 0.176
 16   -9.750424154021e-02 -1.005537733704e-01 4.02e-05 5.59e-08 8.28e-06 0.181
 17   -9.814789798329e-02 -9.942061154971e-02 1.20e-05 1.66e-08 5.92e-06 0.185
 18   -9.847553510789e-02 -9.894425604235e-02 4.13e-06 5.75e-09 2.27e-06 0.190
 19   -9.862064952085e-02 -9.873466894726e-02 9.00e-07 1.25e-09 4.61e-07 0.194
 20   -9.865963452035e-02 -9.868015141494e-02 1.58e-07 2.20e-10 8.05e-08 0.199
 21   -9.866723570733e-02 -9.866965282640e-02 1.86e-08 2.58e-11 9.35e-09 0.202
 22   -9.866813338567e-02 -9.866841491144e-02 2.16e-09 8.14e-10 1.04e-09 0.206
 23   -9.866823878405e-02 -9.866826977592e-02 2.38e-10 1.47e-08 1.15e-10 0.209
 24   -9.866825026708e-02 -9.866825398008e-02 2.85e-11 1.02e-07 1.41e-11 0.213
 25   -9.866825166439e-02 -9.866825206095e-02 3.03e-12 4.34e-08 1.50e-12 0.216
 26   -9.866825181469e-02 -9.866825185551e-02 3.09e-13 1.18e-07 1.55e-13 0.220
 27   -9.866825183029e-02 -9.866825183451e-02 3.10e-14 1.48e-06 1.59e-14 0.223
 28   -9.866825183181e-02 -9.866825183255e-02 5.22e-15 5.19e-07 2.74e-15 0.227
 29   -9.866825183188e-02 -9.866825183247e-02 3.77e-15 1.37e-05 7.90e-16 0.230
Numerical error in objective
Restoring previous solution


Suboptimal solution found in 30 iterations and 0.23 seconds
Objective -9.86681334e-02
Primal infeasibility (abs/rel): 4.33e-09/2.16e-09
Dual infeasibility   (abs/rel): 8.96e-10/8.14e-10
Complementarity gap  (abs/rel): 1.14e-09/1.04e-09


Barrier finished in 0.24 seconds
Dual variables for problems with quadratic constraints not returned.
