cuOpt version: 26.10.0, git hash: 648f805d, host arch: x86_64, device archs: 80-real
CPU: AMD EPYC 7642 48-Core Processor, threads: 5C/5T, RAM usage: 43.17/503.74GiB
CPU SIMD target: AVX2
CUDA 12.9, device: NVIDIA A100 80GB PCIe (ID 0), VRAM: 79.44 GiB
CUDA device UUID: 68df5cf5-71f9-6a93-b428-460c080ffb10
Problem has 1 quadratic constraints. Converting to second-order cones and solving with barrier.
Handling 50 free variables directly in augmented system
Presolved problem: 5103 constraints 10102 variables 265152 nonzeros
Skipping Ruiz equilibration (row norm ratio 1.4, column norm ratio 1.4 < 5e4, Q coeff ratio 1.0 < 100)
Barrier solver started at 0.026 seconds
Barrier solver: 5103 constraints, 10102 variables, 265152 nonzeros


Second-order cones          : 1
Free variables              : 50
Upper bounds                : 5000
Linear system               : augmented
cuDSS Version               : 0.7.1
cuDSS Threading layer       : libcudss_mtlayer_gomp.so.0
Reordering time             : 0.088s
Symbolic factorization time : 0.024s
Symbolic nonzeros in factor : 2.79e+05
Elapsed time for augmented  : 0.145 seconds
Elapsed time           : 0.145 seconds
Barrier setup complete at 0.145 seconds
Adaptive regularization enabled


                  Objective                         Infeasibility        Time
Iter   Primal              Dual                Primal   Dual    Compl.   Elapsed
  0   -3.704472534989e+02 -3.711214143411e+02 3.71e+03 1.91e+00 1.19e-02 0.146
  1   -3.743997012388e+01 -3.496865432515e+02 3.74e+02 7.84e-02 1.66e-02 0.150
  2   -3.891133575414e+00 -2.098064520476e+02 3.81e+01 4.70e-02 1.33e-02 0.154
  3   -4.433011125657e-01 -3.239671005289e+01 3.86e+00 5.32e-03 4.56e-03 0.158
  4   -9.293283504510e-02 -4.513403771043e+00 4.09e-01 5.69e-04 6.47e-04 0.162
  5   -5.630477207025e-02 -7.110955679129e-01 4.09e-02 5.69e-05 8.81e-05 0.166
  6   -5.679523469182e-02 -2.032837418180e-01 9.06e-03 1.26e-05 1.79e-05 0.170
  7   -6.871423018271e-02 -1.414511759571e-01 4.05e-03 5.63e-06 7.73e-06 0.174
  8   -7.377545233385e-02 -1.394731322430e-01 3.22e-03 4.49e-06 3.02e-05 0.178
  9   -7.665593454703e-02 -1.368589983310e-01 2.70e-03 3.76e-06 6.71e-05 0.182
 10   -8.148071162271e-02 -1.304719219781e-01 1.94e-03 2.70e-06 1.02e-04 0.185
 11   -8.291224888887e-02 -1.284861613892e-01 1.54e-03 2.14e-06 1.04e-04 0.189
 12   -8.626623525703e-02 -1.226828854270e-01 1.06e-03 1.47e-06 9.58e-05 0.193
 13   -8.645788393781e-02 -1.210464445200e-01 8.77e-04 1.22e-06 1.56e-04 0.198
 14   -9.101090352374e-02 -1.126476678854e-01 4.23e-04 5.89e-07 1.42e-04 0.203
 15   -9.490112551033e-02 -1.052769576767e-01 1.84e-04 2.56e-07 8.04e-05 0.208
 16   -9.715418464265e-02 -1.014324443402e-01 6.75e-05 9.39e-08 2.10e-05 0.213
 17   -9.773750116602e-02 -1.002762992769e-01 3.26e-05 4.54e-08 1.55e-05 0.217
 18   -9.832265625269e-02 -9.927598914539e-02 9.20e-06 1.28e-08 5.82e-06 0.222
 19   -9.862388916122e-02 -9.882773929940e-02 1.77e-06 2.46e-09 9.41e-07 0.226
 20   -9.869306801142e-02 -9.872847848106e-02 3.01e-07 4.19e-10 1.36e-07 0.230
 21   -9.870554354214e-02 -9.871075605035e-02 4.40e-08 6.13e-11 1.73e-08 0.234
 22   -9.870740788529e-02 -9.870811719970e-02 5.98e-09 8.29e-12 2.08e-09 0.238
 23   -9.870766498012e-02 -9.870775369631e-02 7.48e-10 1.23e-12 2.36e-10 0.242
 24   -9.870769695309e-02 -9.870770849429e-02 9.73e-11 1.03e-07 2.63e-11 0.245
 25   -9.870770101953e-02 -9.870770274628e-02 1.45e-11 2.09e-07 3.06e-12 0.249
 26   -9.870770160414e-02 -9.870770192003e-02 2.65e-12 3.81e-08 6.58e-13 0.253
 27   -9.870770170664e-02 -9.870770177520e-02 5.68e-13 8.16e-09 1.69e-13 0.257


Optimal solution found in 27 iterations and 0.257s
Objective -9.87077017e-02
Primal infeasibility (abs/rel): 1.14e-12/5.68e-13
Dual infeasibility   (abs/rel): 9.00e-09/8.16e-09
Complementarity gap  (abs/rel): 1.86e-13/1.69e-13


Barrier finished in 0.26 seconds
Dual variables for problems with quadratic constraints not returned.
