cuOpt version: 26.10.0, git hash: 648f805d, host arch: x86_64, device archs: 80-real
CPU: AMD EPYC 7642 48-Core Processor, threads: 5C/5T, RAM usage: 42.42/503.74GiB
CPU SIMD target: AVX2
CUDA 12.9, device: NVIDIA A100 80GB PCIe (ID 0), VRAM: 79.44 GiB
CUDA device UUID: 68df5cf5-71f9-6a93-b428-460c080ffb10
Problem has 1 quadratic constraints. Converting to second-order cones and solving with barrier.
Handling 50 free variables directly in augmented system
Presolved problem: 5103 constraints 10102 variables 265152 nonzeros
Skipping Ruiz equilibration (row norm ratio 1.4, column norm ratio 1.4 < 5e4, Q coeff ratio 1.0 < 100)
Barrier solver started at 0.027 seconds
Barrier solver: 5103 constraints, 10102 variables, 265152 nonzeros


Second-order cones          : 1
Free variables              : 50
Upper bounds                : 5000
Linear system               : augmented
cuDSS Version               : 0.7.1
cuDSS Threading layer       : libcudss_mtlayer_gomp.so.0
Reordering time             : 0.136s
Symbolic factorization time : 0.024s
Symbolic nonzeros in factor : 2.79e+05
Elapsed time for augmented  : 0.193 seconds
Elapsed time           : 0.193 seconds
Barrier setup complete at 0.193 seconds
Adaptive regularization enabled


                  Objective                         Infeasibility        Time
Iter   Primal              Dual                Primal   Dual    Compl.   Elapsed
  0   -3.703993037120e+02 -3.711301956175e+02 3.71e+03 1.91e+00 1.19e-02 0.194
  1   -3.743476578413e+01 -3.496952827047e+02 3.74e+02 7.84e-02 1.66e-02 0.198
  2   -3.890536580102e+00 -2.098129351748e+02 3.81e+01 4.70e-02 1.33e-02 0.202
  3   -4.432231679532e-01 -3.239735312357e+01 3.86e+00 5.32e-03 4.56e-03 0.205
  4   -9.291562410800e-02 -4.513380940921e+00 4.09e-01 5.69e-04 6.47e-04 0.209
  5   -5.629490810009e-02 -7.110782902604e-01 4.09e-02 5.69e-05 8.81e-05 0.213
  6   -5.678368842879e-02 -2.029100717951e-01 9.04e-03 1.26e-05 1.79e-05 0.217
  7   -6.879671414952e-02 -1.408534900060e-01 4.01e-03 5.58e-06 7.66e-06 0.221
  8   -7.225621408086e-02 -1.396076851858e-01 3.47e-03 4.84e-06 1.83e-05 0.225
  9   -7.532380487368e-02 -1.372356496719e-01 2.97e-03 4.14e-06 4.38e-05 0.229
 10   -7.794340757210e-02 -1.350662826790e-01 2.44e-03 3.40e-06 6.31e-05 0.233
 11   -8.203908479138e-02 -1.295557880601e-01 1.77e-03 2.46e-06 7.95e-05 0.237
 12   -8.266047383461e-02 -1.282929937427e-01 1.50e-03 2.09e-06 7.70e-05 0.241
 13   -8.640370416393e-02 -1.215116075394e-01 9.99e-04 1.39e-06 9.13e-05 0.246
 14   -8.988980929760e-02 -1.138618948770e-01 5.33e-04 7.42e-07 1.89e-04 0.251
 15   -9.397409058858e-02 -1.064349736483e-01 1.45e-04 2.02e-07 6.19e-05 0.256
 16   -9.669435374612e-02 -1.017383269166e-01 5.31e-05 7.40e-08 3.15e-05 0.260
 17   -9.760645388894e-02 -1.002283761369e-01 2.54e-05 3.53e-08 1.45e-05 0.265
 18   -9.807199814747e-02 -9.936639922812e-02 9.39e-06 1.31e-08 1.02e-05 0.269
 19   -9.849332736496e-02 -9.874475709800e-02 1.56e-06 2.17e-09 1.44e-06 0.274
 20   -9.857729462582e-02 -9.862614000618e-02 3.00e-07 4.18e-10 2.36e-07 0.278
 21   -9.859404148227e-02 -9.860251180615e-02 5.15e-08 7.17e-11 3.48e-08 0.282
 22   -9.859708214129e-02 -9.859824318779e-02 7.04e-09 9.79e-12 4.17e-09 0.286
 23   -9.859749960910e-02 -9.859765888130e-02 9.65e-10 3.41e-09 5.09e-10 0.290
 24   -9.859755674996e-02 -9.859757900667e-02 1.35e-10 4.76e-10 6.36e-11 0.293
 25   -9.859756475250e-02 -9.859756783703e-02 1.87e-11 6.58e-11 7.72e-12 0.297


Optimal solution found in 25 iterations and 0.297s
Objective -9.85975648e-02
Primal infeasibility (abs/rel): 3.73e-11/1.87e-11
Dual infeasibility   (abs/rel): 7.25e-11/6.58e-11
Complementarity gap  (abs/rel): 8.48e-12/7.72e-12


Barrier finished in 0.30 seconds
Dual variables for problems with quadratic constraints not returned.
