cuOpt version: 26.10.0, git hash: 648f805d, host arch: x86_64, device archs: 80-real
CPU: AMD EPYC 7642 48-Core Processor, threads: 5C/5T, RAM usage: 42.64/503.74GiB
CPU SIMD target: AVX2
CUDA 12.9, device: NVIDIA A100 80GB PCIe (ID 0), VRAM: 79.44 GiB
CUDA device UUID: 68df5cf5-71f9-6a93-b428-460c080ffb10
Problem has 1 quadratic constraints. Converting to second-order cones and solving with barrier.
Handling 50 free variables directly in augmented system
Presolved problem: 5103 constraints 10102 variables 265152 nonzeros
Skipping Ruiz equilibration (row norm ratio 1.4, column norm ratio 1.4 < 5e4, Q coeff ratio 1.0 < 100)
Barrier solver started at 0.025 seconds
Barrier solver: 5103 constraints, 10102 variables, 265152 nonzeros


Second-order cones          : 1
Free variables              : 50
Upper bounds                : 5000
Linear system               : augmented
cuDSS Version               : 0.7.1
cuDSS Threading layer       : libcudss_mtlayer_gomp.so.0
Reordering time             : 0.158s
Symbolic factorization time : 0.023s
Symbolic nonzeros in factor : 2.79e+05
Elapsed time for augmented  : 0.212 seconds
Elapsed time           : 0.212 seconds
Barrier setup complete at 0.212 seconds
Adaptive regularization enabled


                  Objective                         Infeasibility        Time
Iter   Primal              Dual                Primal   Dual    Compl.   Elapsed
  0   -3.705152443471e+02 -3.711033693861e+02 3.71e+03 1.91e+00 1.19e-02 0.213
  1   -3.744593005941e+01 -3.496684576153e+02 3.74e+02 7.84e-02 1.66e-02 0.217
  2   -3.891507418859e+00 -2.097876977543e+02 3.80e+01 4.70e-02 1.33e-02 0.221
  3   -4.433598676081e-01 -3.239205113999e+01 3.86e+00 5.32e-03 4.56e-03 0.226
  4   -9.295418275923e-02 -4.513112384465e+00 4.09e-01 5.69e-04 6.47e-04 0.230
  5   -5.631920849000e-02 -7.110530836802e-01 4.09e-02 5.69e-05 8.81e-05 0.235
  6   -5.681228423080e-02 -2.029573522590e-01 9.04e-03 1.26e-05 1.79e-05 0.239
  7   -6.884373143267e-02 -1.408420777541e-01 4.01e-03 5.58e-06 7.65e-06 0.243
  8   -7.336359781718e-02 -1.390159817192e-01 3.29e-03 4.57e-06 2.40e-05 0.248
  9   -7.493708307696e-02 -1.380505839866e-01 2.96e-03 4.12e-06 4.18e-05 0.252
 10   -7.994207522299e-02 -1.314938871260e-01 2.24e-03 3.11e-06 7.16e-05 0.256
 11   -8.185223678138e-02 -1.294870813280e-01 1.68e-03 2.33e-06 8.30e-05 0.260
 12   -8.592210909779e-02 -1.227234164274e-01 1.11e-03 1.54e-06 8.11e-05 0.265
 13   -8.641973272358e-02 -1.206900422670e-01 8.62e-04 1.20e-06 1.33e-04 0.270
 14   -9.097090099238e-02 -1.124642901164e-01 4.88e-04 6.79e-07 1.14e-04 0.275
 15   -9.449274710225e-02 -1.056913913543e-01 2.15e-04 3.00e-07 5.70e-05 0.280
 16   -9.660806875542e-02 -1.019854307990e-01 8.63e-05 1.20e-07 1.76e-05 0.285
 17   -9.754723201039e-02 -1.001954233697e-01 3.02e-05 4.20e-08 1.11e-05 0.289
 18   -9.822167303919e-02 -9.913866600946e-02 8.03e-06 1.12e-08 3.01e-06 0.293
 19   -9.849564674932e-02 -9.873500217846e-02 1.79e-06 2.49e-09 7.08e-07 0.298
 20   -9.857632166376e-02 -9.862344621121e-02 3.47e-07 4.83e-10 1.28e-07 0.302
 21   -9.859307820689e-02 -9.860040833433e-02 5.36e-08 7.45e-11 1.71e-08 0.306
 22   -9.859576004008e-02 -9.859673314899e-02 7.10e-09 9.86e-12 2.00e-09 0.310
 23   -9.859612068293e-02 -9.859623956140e-02 8.67e-10 4.16e-09 2.25e-10 0.313
 24   -9.859616520894e-02 -9.859617859767e-02 9.76e-11 4.68e-10 2.51e-11 0.317
 25   -9.859617027186e-02 -9.859617166405e-02 1.02e-11 3.42e-07 2.61e-12 0.321
 26   -9.859617079998e-02 -9.859617094059e-02 1.03e-12 3.07e-07 2.64e-13 0.324
 27   -9.859617085320e-02 -9.859617086765e-02 1.05e-13 1.16e-07 2.71e-14 0.328
 28   -9.859617085862e-02 -9.859617086021e-02 1.17e-14 1.14e-06 3.00e-15 0.331
 29   -9.859617085901e-02 -9.859617085967e-02 4.66e-15 7.71e-06 1.21e-15 0.335
 30   -9.859617085921e-02 -9.859617085940e-02 1.33e-15 2.19e-05 3.54e-16 0.338
Numerical error in objective
Restoring previous solution


Suboptimal solution found in 31 iterations and 0.34 seconds
Objective -9.85957600e-02
Primal infeasibility (abs/rel): 1.42e-08/7.10e-09
Dual infeasibility   (abs/rel): 1.09e-11/9.86e-12
Complementarity gap  (abs/rel): 2.20e-09/2.00e-09


Barrier finished in 0.34 seconds
Dual variables for problems with quadratic constraints not returned.
