cuOpt version: 26.10.0, git hash: 648f805d, host arch: x86_64, device archs: 80-real
CPU: AMD EPYC 7642 48-Core Processor, threads: 5C/5T, RAM usage: 37.47/503.74GiB
CPU SIMD target: AVX2
CUDA 12.9, device: NVIDIA A100 80GB PCIe (ID 0), VRAM: 79.44 GiB
CUDA device UUID: 68df5cf5-71f9-6a93-b428-460c080ffb10
Problem has 1 quadratic constraints. Converting to second-order cones and solving with barrier.
Handling 50 free variables directly in augmented system
Presolved problem: 5103 constraints 10102 variables 265152 nonzeros
Skipping Ruiz equilibration (row norm ratio 1.4, column norm ratio 1.4 < 5e4, Q coeff ratio 1.0 < 100)
Barrier solver started at 0.028 seconds
Barrier solver: 5103 constraints, 10102 variables, 265152 nonzeros


Second-order cones          : 1
Free variables              : 50
Upper bounds                : 5000
Linear system               : augmented
cuDSS Version               : 0.7.1
cuDSS Threading layer       : libcudss_mtlayer_gomp.so.0
Reordering algorithm        : AMD
Reordering time             : 0.017s
Symbolic factorization time : 0.071s
Symbolic nonzeros in factor : 2.79e+05
Elapsed time for augmented  : 0.122 seconds
Elapsed time           : 0.122 seconds
Barrier setup complete at 0.122 seconds
Adaptive regularization enabled


                  Objective                         Infeasibility        Time
Iter   Primal              Dual                Primal   Dual    Compl.   Elapsed
  0   -3.701605598740e+02 -3.710234169387e+02 3.71e+03 1.91e+00 1.19e-02 0.123
  1   -4.135545914633e+00 -3.474447710337e+02 4.01e+01 2.77e-01 6.50e-02 0.129
  2   -1.039314354667e-01 -2.487032419842e+01 4.69e-01 7.85e-03 4.78e-03 0.134
  3   -5.492443562267e-02 -6.426587253964e-01 4.69e-03 7.91e-05 1.48e-04 0.140
  4   -5.851219322875e-02 -1.359803005430e-01 6.17e-04 1.04e-05 1.73e-05 0.145
  5   -6.701674706025e-02 -1.381479919775e-01 4.94e-04 8.32e-06 2.86e-05 0.151
  6   -6.855034187644e-02 -1.384591743166e-01 4.55e-04 7.67e-06 3.48e-05 0.156
  7   -8.223283397643e-02 -1.232138715889e-01 2.32e-04 3.91e-06 6.24e-05 0.161
  8   -8.247985948736e-02 -1.229731316111e-01 2.12e-04 3.58e-06 7.15e-05 0.167
  9   -8.394188432442e-02 -1.219999916304e-01 1.71e-04 2.88e-06 1.86e-04 0.174
 10   -8.656542977962e-02 -1.187876953995e-01 8.89e-05 1.50e-06 1.36e-04 0.179
 11   -8.752280678400e-02 -1.157166557940e-01 5.91e-05 9.96e-07 3.81e-04 0.185
 12   -9.538116674865e-02 -1.035671016647e-01 1.38e-05 2.32e-07 9.05e-05 0.191
 13   -9.693240162804e-02 -1.009797179948e-01 5.48e-06 9.23e-08 3.36e-05 0.200
 14   -9.753155481477e-02 -9.982634450642e-02 2.09e-06 3.52e-08 3.57e-05 0.207
 15   -9.826410007969e-02 -9.884488015759e-02 4.45e-07 7.49e-09 7.54e-06 0.214
 16   -9.843129984249e-02 -9.860972331973e-02 1.18e-07 1.75e-09 3.54e-06 0.220
 17   -9.850553284652e-02 -9.851127267428e-02 3.64e-09 3.97e-11 6.01e-08 0.227
 18   -9.850780923363e-02 -9.850829524137e-02 3.02e-10 2.34e-09 2.84e-09 0.234
 19   -9.850798004621e-02 -9.850806861503e-02 5.16e-11 4.66e-09 3.51e-10 0.242
 20   -9.850801409470e-02 -9.850802519762e-02 4.77e-12 5.45e-08 3.22e-11 0.250
 21   -9.850801820959e-02 -9.850802007012e-02 6.73e-13 1.55e-08 3.66e-12 0.260
 22   -9.850801892220e-02 -9.850801921464e-02 8.30e-14 1.40e-07 6.49e-13 0.268
 23   -9.850801901698e-02 -9.850801910175e-02 1.90e-14 3.32e-06 1.66e-13 0.278
 24   -9.850801904733e-02 -9.850801906660e-02 2.89e-15 1.92e-06 2.56e-14 0.287
 25   -9.850801905236e-02 -9.850801906084e-02 1.11e-15 4.86e-06 8.97e-15 0.297
Numerical error in objective
Restoring previous solution


Suboptimal solution found in 26 iterations and 0.30 seconds
Objective -9.85078092e-02
Primal infeasibility (abs/rel): 6.04e-10/3.02e-10
Dual infeasibility   (abs/rel): 2.58e-09/2.34e-09
Complementarity gap  (abs/rel): 3.12e-09/2.84e-09


Barrier finished in 0.30 seconds
Dual variables for problems with quadratic constraints not returned.
