cuOpt version: 26.10.0, git hash: 648f805d, host arch: x86_64, device archs: 80-real
CPU: AMD EPYC 7642 48-Core Processor, threads: 5C/5T, RAM usage: 37.36/503.74GiB
CPU SIMD target: AVX2
CUDA 12.9, device: NVIDIA A100 80GB PCIe (ID 0), VRAM: 79.44 GiB
CUDA device UUID: 68df5cf5-71f9-6a93-b428-460c080ffb10
Problem has 1 quadratic constraints. Converting to second-order cones and solving with barrier.
Handling 50 free variables directly in augmented system
Presolved problem: 5103 constraints 10102 variables 265152 nonzeros
Skipping Ruiz equilibration (row norm ratio 1.4, column norm ratio 1.4 < 5e4, Q coeff ratio 1.0 < 100)
Barrier solver started at 0.027 seconds
Barrier solver: 5103 constraints, 10102 variables, 265152 nonzeros


Second-order cones          : 1
Free variables              : 50
Upper bounds                : 5000
Linear system               : augmented
cuDSS Version               : 0.7.1
cuDSS Threading layer       : libcudss_mtlayer_gomp.so.0
Reordering algorithm        : AMD
Reordering time             : 0.017s
Symbolic factorization time : 0.071s
Symbolic nonzeros in factor : 2.79e+05
Elapsed time for augmented  : 0.122 seconds
Elapsed time           : 0.122 seconds
Barrier setup complete at 0.122 seconds
Adaptive regularization enabled


                  Objective                         Infeasibility        Time
Iter   Primal              Dual                Primal   Dual    Compl.   Elapsed
  0   -3.704291987375e+02 -3.711395609108e+02 3.71e+03 1.91e+00 1.19e-02 0.122
  1   -4.138240121015e+00 -3.475611537449e+02 4.01e+01 2.77e-01 6.50e-02 0.128
  2   -1.039773673472e-01 -2.488455848350e+01 4.69e-01 7.85e-03 4.78e-03 0.134
  3   -5.495207890613e-02 -6.428341782401e-01 4.69e-03 7.91e-05 1.48e-04 0.139
  4   -5.854039328334e-02 -1.366925924249e-01 6.23e-04 1.05e-05 1.75e-05 0.144
  5   -6.604986175884e-02 -1.385362852789e-01 5.11e-04 8.60e-06 2.69e-05 0.150
  6   -6.790324127445e-02 -1.389601490282e-01 4.66e-04 7.86e-06 2.96e-05 0.155
  7   -8.303250567015e-02 -1.229863554049e-01 2.19e-04 3.69e-06 5.72e-05 0.161
  8   -8.344811563755e-02 -1.225112634365e-01 1.93e-04 3.25e-06 6.87e-05 0.167
  9   -8.415635939181e-02 -1.222342535835e-01 1.72e-04 2.89e-06 1.24e-04 0.173
 10   -8.638236893968e-02 -1.192144838910e-01 1.32e-04 2.23e-06 9.51e-05 0.178
 11   -8.613025293755e-02 -1.187881789634e-01 1.26e-04 2.13e-06 1.56e-04 0.185
 12   -9.211930488492e-02 -1.096231831335e-01 6.17e-05 1.04e-06 6.89e-05 0.190
 13   -9.284615212055e-02 -1.081499307087e-01 4.70e-05 7.93e-07 9.81e-05 0.197
 14   -9.588080877480e-02 -1.034061722097e-01 2.05e-05 3.45e-07 5.26e-05 0.203
 15   -9.595684688171e-02 -1.029402359074e-01 1.65e-05 2.78e-07 7.05e-05 0.210
 16   -9.732801111105e-02 -1.009842561767e-01 7.98e-06 1.34e-07 3.47e-05 0.215
 17   -9.754839890519e-02 -1.005084520774e-01 5.34e-06 8.98e-08 4.06e-05 0.222
 18   -9.817798914113e-02 -9.960431300872e-02 2.26e-06 3.80e-08 1.83e-05 0.229
 19   -9.831848280798e-02 -9.934775752427e-02 1.27e-06 2.13e-08 1.50e-05 0.236
 20   -9.860290962152e-02 -9.895835590733e-02 3.52e-07 5.94e-09 5.17e-06 0.243
 21   -9.870326018557e-02 -9.881809195757e-02 8.23e-08 8.00e-10 1.90e-06 0.250
 22   -9.874349791059e-02 -9.876857414491e-02 1.73e-08 2.47e-10 4.21e-07 0.256
 23   -9.875294183531e-02 -9.875621705450e-02 1.23e-09 4.74e-09 4.02e-08 0.264
 24   -9.875428481053e-02 -9.875464801206e-02 1.36e-10 3.29e-09 4.49e-09 0.272
 25   -9.875443398778e-02 -9.875446686922e-02 9.57e-12 5.13e-09 3.09e-10 0.281
 26   -9.875444811763e-02 -9.875445030322e-02 6.36e-13 1.54e-07 1.80e-11 0.291
 27   -9.875444898032e-02 -9.875444930630e-02 9.43e-14 3.39e-08 2.73e-12 0.299
 28   -9.875444912315e-02 -9.875444914120e-02 5.22e-15 3.49e-07 1.23e-13 0.307
 29   -9.875444913089e-02 -9.875444913217e-02 4.44e-16 8.50e-07 7.72e-15 0.316
 30   -9.875444913146e-02 -9.875444913148e-02 3.47e-18 8.16e-07 4.03e-17 0.326
Numerical error in objective
Restoring previous solution


Suboptimal solution found in 31 iterations and 0.33 seconds
Objective -9.87542848e-02
Primal infeasibility (abs/rel): 2.71e-10/1.36e-10
Dual infeasibility   (abs/rel): 3.63e-09/3.29e-09
Complementarity gap  (abs/rel): 4.93e-09/4.49e-09


Barrier finished in 0.33 seconds
Dual variables for problems with quadratic constraints not returned.
