Reading file portfolio_socp_n5000_k50_mu_t12_hardfail.mps
Read file portfolio_socp_n5000_k50_mu_t12_hardfail.mps in 0.11 seconds
cuOpt version: 26.10.0, git hash: 648f805d, host arch: x86_64, device archs: 80-real
CPU: AMD EPYC 7642 48-Core Processor, threads: 5C/5T, RAM usage: 25.54/503.74GiB
CPU SIMD target: AVX2
CUDA 12.9, device: NVIDIA A100 80GB PCIe (ID 0), VRAM: 79.44 GiB
CUDA device UUID: 68df5cf5-71f9-6a93-b428-460c080ffb10
Problem has 1 quadratic constraints. Converting to second-order cones and solving with barrier.
Handling 50 free variables directly in augmented system
Presolved problem: 5103 constraints 10102 variables 265152 nonzeros
Skipping Ruiz equilibration (row norm ratio 1.4, column norm ratio 1.4 < 5e4, Q coeff ratio 1.0 < 100)
Barrier solver started at 0.034 seconds
Barrier solver: 5103 constraints, 10102 variables, 265152 nonzeros


Second-order cones          : 1
Free variables              : 50
Upper bounds                : 5000
Linear system               : augmented
cuDSS Version               : 0.7.1
cuDSS Threading layer       : libcudss_mtlayer_gomp.so.0
Reordering time             : 0.139s
Symbolic factorization time : 0.025s
Symbolic nonzeros in factor : 2.79e+05
Elapsed time for augmented  : 0.241 seconds
Elapsed time           : 0.241 seconds
Barrier setup complete at 0.241 seconds
Adaptive regularization enabled


                  Objective                         Infeasibility        Time
Iter   Primal              Dual                Primal   Dual    Compl.   Elapsed
  0   -4.993640075703e-02 -2.507026439689e+03 5.00e+00 9.28e+00 1.02e+02 0.267
  1   -5.010695272298e-02 -4.634824725893e+01 8.21e-02 1.65e+00 5.50e+00 0.271
  2   -6.030151087949e-02 -1.224877284100e+00 8.21e-04 4.59e-01 1.27e-01 0.274
  3   -6.638582266466e-02 -3.220062359863e-01 1.78e-04 9.97e-02 2.77e-02 0.277
  4   -7.254727751774e-02 -2.491163218551e-01 7.98e-05 4.47e-02 1.22e-02 0.280
  5   -8.643863575736e-02 -1.359622354071e-01 2.06e-05 1.15e-02 3.10e-03 0.283
  6   -9.426537682469e-02 -1.078194809382e-01 1.92e-06 1.08e-03 1.98e-04 0.286
  7   -9.549762323391e-02 -1.040234350844e-01 9.53e-07 5.23e-04 1.39e-04 0.288
  8   -9.760620110843e-02 -1.002093907182e-01 2.72e-07 1.49e-04 4.08e-05 0.291
  9   -9.811133696495e-02 -9.912400366592e-02 7.44e-08 4.19e-05 1.90e-05 0.294
 10   -9.847617871187e-02 -9.855118438435e-02 6.86e-09 2.90e-06 4.27e-07 0.297
 11   -9.850183004639e-02 -9.851139693000e-02 1.41e-09 3.35e-07 2.09e-08 0.300
 12   -9.850492127088e-02 -9.850684120603e-02 2.94e-10 5.93e-08 2.70e-09 0.303
 13   -9.850553592153e-02 -9.850593609843e-02 7.82e-11 2.32e-08 6.27e-10 0.306
 14   -9.850568828588e-02 -9.850573334953e-02 7.37e-12 1.92e-06 7.32e-11 0.309
 15   -9.850570608694e-02 -9.850571046652e-02 2.65e-13 2.07e-06 5.82e-12 0.312
 16   -9.850570796414e-02 -9.850570811170e-02 1.78e-14 1.76e-05 2.55e-13 0.315
 17   -9.850570802970e-02 -9.850570803210e-02 1.80e-14 4.01e-05 3.74e-15 0.318
 18   -9.850570803078e-02 -9.850570803104e-02 9.33e-15 1.24e-02 6.29e-16 0.321
 19   -9.850570803089e-02 -9.850570803103e-02 5.30e-15 6.31e-03 3.70e-16 0.324
Numerical error in objective
Restoring previous solution


Suboptimal solution found in 20 iterations and 0.33 seconds
Objective -9.85055359e-02
Primal infeasibility (abs/rel): 1.56e-10/7.82e-11
Dual infeasibility   (abs/rel): 2.56e-08/2.32e-08
Complementarity gap  (abs/rel): 6.89e-10/6.27e-10


Barrier finished in 0.33 seconds
Dual variables for problems with quadratic constraints not returned.
