Reading file portfolio_socp_n5000_k50_mu_t12_hardfail.mps
Read file portfolio_socp_n5000_k50_mu_t12_hardfail.mps in 0.11 seconds
cuOpt version: 26.10.0, git hash: 648f805d, host arch: x86_64, device archs: 80-real
CPU: AMD EPYC 7642 48-Core Processor, threads: 5C/5T, RAM usage: 25.31/503.74GiB
CPU SIMD target: AVX2
CUDA 12.9, device: NVIDIA A100 80GB PCIe (ID 0), VRAM: 79.44 GiB
CUDA device UUID: 68df5cf5-71f9-6a93-b428-460c080ffb10
Problem has 1 quadratic constraints. Converting to second-order cones and solving with barrier.
Handling 50 free variables directly in augmented system
Presolved problem: 5103 constraints 10102 variables 265152 nonzeros
Skipping Ruiz equilibration (row norm ratio 1.4, column norm ratio 1.4 < 5e4, Q coeff ratio 1.0 < 100)
Barrier solver started at 0.032 seconds
Barrier solver: 5103 constraints, 10102 variables, 265152 nonzeros


Second-order cones          : 1
Free variables              : 50
Upper bounds                : 5000
Linear system               : augmented
cuDSS Version               : 0.7.1
cuDSS Threading layer       : libcudss_mtlayer_gomp.so.0
Reordering time             : 0.128s
Symbolic factorization time : 0.025s
Symbolic nonzeros in factor : 2.79e+05
Elapsed time for augmented  : 0.218 seconds
Elapsed time           : 0.218 seconds
Barrier setup complete at 0.218 seconds
Adaptive regularization enabled


                  Objective                         Infeasibility        Time
Iter   Primal              Dual                Primal   Dual    Compl.   Elapsed
  0   -4.993640075703e-02 -2.507026439689e+03 5.00e+00 9.28e+00 1.02e+02 0.241
  1   -5.010695272302e-02 -4.634824739844e+01 8.21e-02 1.65e+00 5.50e+00 0.246
  2   -6.030151085105e-02 -1.224877276822e+00 8.21e-04 4.59e-01 1.27e-01 0.248
  3   -6.638582275368e-02 -3.220062324497e-01 1.78e-04 9.97e-02 2.77e-02 0.251
  4   -7.254727753820e-02 -2.491163239450e-01 7.98e-05 4.47e-02 1.22e-02 0.254
  5   -8.643863612127e-02 -1.359622353379e-01 2.06e-05 1.15e-02 3.10e-03 0.257
  6   -9.426537726655e-02 -1.078194802515e-01 1.92e-06 1.08e-03 1.98e-04 0.260
  7   -9.549762369427e-02 -1.040234342699e-01 9.53e-07 5.23e-04 1.39e-04 0.263
  8   -9.760620134533e-02 -1.002093903001e-01 2.72e-07 1.49e-04 4.08e-05 0.266
  9   -9.811133708356e-02 -9.912400348181e-02 7.44e-08 4.19e-05 1.90e-05 0.269
 10   -9.847617872924e-02 -9.855118435908e-02 6.86e-09 2.90e-06 4.27e-07 0.272
 11   -9.850183004974e-02 -9.851139692534e-02 1.41e-09 3.35e-07 2.09e-08 0.275
 12   -9.850492127143e-02 -9.850684120527e-02 2.94e-10 5.68e-08 2.70e-09 0.278
 13   -9.850553592148e-02 -9.850593609849e-02 7.82e-11 1.10e-07 6.27e-10 0.281
 14   -9.850568828606e-02 -9.850573334933e-02 7.37e-12 1.92e-06 7.32e-11 0.284
 15   -9.850570608704e-02 -9.850571046640e-02 2.65e-13 1.26e-06 5.82e-12 0.287
 16   -9.850570796399e-02 -9.850570811186e-02 1.79e-14 2.93e-06 2.56e-13 0.290
 17   -9.850570802950e-02 -9.850570803233e-02 1.79e-14 2.17e-04 3.17e-15 0.293
 18   -9.850570803075e-02 -9.850570803104e-02 1.05e-14 6.06e-03 1.61e-16 0.295
Numerical error in objective
Restoring previous solution


Suboptimal solution found in 19 iterations and 0.30 seconds
Objective -9.85049213e-02
Primal infeasibility (abs/rel): 5.88e-10/2.94e-10
Dual infeasibility   (abs/rel): 6.26e-08/5.68e-08
Complementarity gap  (abs/rel): 2.96e-09/2.70e-09


Barrier finished in 0.30 seconds
Dual variables for problems with quadratic constraints not returned.
