cuOpt version: 26.10.0, git hash: 648f805d, host arch: x86_64, device archs: 80-real
CPU: AMD EPYC 7642 48-Core Processor, threads: 5C/5T, RAM usage: 41.45/503.74GiB
CPU SIMD target: AVX2
CUDA 12.9, device: NVIDIA A100 80GB PCIe (ID 0), VRAM: 79.44 GiB
CUDA device UUID: 68df5cf5-71f9-6a93-b428-460c080ffb10
Problem has 1 quadratic constraints. Converting to second-order cones and solving with barrier.
Handling 50 free variables directly in augmented system
Presolved problem: 5103 constraints 10102 variables 265152 nonzeros
Skipping Ruiz equilibration (row norm ratio 1.4, column norm ratio 1.4 < 5e4, Q coeff ratio 1.0 < 100)
Barrier solver started at 0.027 seconds
Barrier solver: 5103 constraints, 10102 variables, 265152 nonzeros


Second-order cones          : 1
Free variables              : 50
Upper bounds                : 5000
Linear system               : augmented
cuDSS Version               : 0.7.1
cuDSS Threading layer       : libcudss_mtlayer_gomp.so.0
cuDSS solve mode            : deterministic
Reordering time             : 0.057s
Symbolic factorization time : 0.023s
Symbolic nonzeros in factor : 2.79e+05
Elapsed time for augmented  : 0.116 seconds
Elapsed time           : 0.116 seconds
Barrier setup complete at 0.116 seconds
Adaptive regularization enabled


                  Objective                         Infeasibility        Time
Iter   Primal              Dual                Primal   Dual    Compl.   Elapsed
  0   -3.703336272695e+02 -3.710584120459e+02 3.71e+03 1.91e+00 1.19e-02 0.116
  1   -3.742835968768e+01 -3.496234222228e+02 3.74e+02 7.84e-02 1.66e-02 0.193
  2   -3.889891326073e+00 -2.097525625872e+02 3.80e+01 4.70e-02 1.33e-02 0.270
  3   -4.431513586697e-01 -3.238487871720e+01 3.86e+00 5.32e-03 4.56e-03 0.347
  4   -9.290142670452e-02 -4.511186467063e+00 4.09e-01 5.68e-04 6.47e-04 0.424
  5   -5.629485363531e-02 -7.107170023075e-01 4.09e-02 5.69e-05 8.80e-05 0.501
  6   -5.678749214771e-02 -2.022545234074e-01 9.00e-03 1.25e-05 1.78e-05 0.577
  7   -6.897692960463e-02 -1.397788792468e-01 3.95e-03 5.49e-06 7.54e-06 0.654
  8   -7.282123495996e-02 -1.381519500846e-01 3.36e-03 4.68e-06 1.62e-05 0.731
  9   -7.616605669379e-02 -1.355775783980e-01 2.78e-03 3.87e-06 4.07e-05 0.808
 10   -8.140740650133e-02 -1.291305803308e-01 1.96e-03 2.73e-06 7.17e-05 0.885
 11   -8.230046004536e-02 -1.279833332557e-01 1.67e-03 2.33e-06 7.59e-05 0.962
 12   -8.637334376446e-02 -1.212631669887e-01 1.12e-03 1.57e-06 7.34e-05 1.039
 13   -8.677831215109e-02 -1.193386279116e-01 8.97e-04 1.25e-06 1.52e-04 1.149
 14   -9.118494175548e-02 -1.115006252024e-01 4.43e-04 6.17e-07 1.28e-04 1.260
 15   -9.484063887524e-02 -1.046256705097e-01 1.91e-04 2.65e-07 7.72e-05 1.371
 16   -9.681956738780e-02 -1.011951297535e-01 5.89e-05 8.20e-08 1.88e-05 1.482
 17   -9.766649258197e-02 -9.971202909773e-02 2.06e-05 2.86e-08 1.15e-05 1.575
 18   -9.819793270774e-02 -9.890757423477e-02 6.42e-06 8.93e-09 3.96e-06 1.669
 19   -9.842623661783e-02 -9.857430045923e-02 1.13e-06 1.57e-09 6.65e-07 1.763
 20   -9.847892937505e-02 -9.850150593519e-02 1.71e-07 2.38e-10 8.55e-08 1.858
 21   -9.848704142955e-02 -9.849036540906e-02 2.51e-08 3.49e-11 1.05e-08 1.934
 22   -9.848823498418e-02 -9.848873054402e-02 3.74e-09 5.16e-12 1.30e-09 2.011
 23   -9.848841325369e-02 -9.848848678771e-02 5.54e-10 7.66e-13 1.63e-10 2.088
 24   -9.848843992493e-02 -9.848845034689e-02 7.84e-11 1.22e-09 2.31e-11 2.148
 25   -9.848844380039e-02 -9.848844505276e-02 9.50e-12 2.51e-07 2.80e-12 2.191
 26   -9.848844427135e-02 -9.848844439764e-02 9.59e-13 2.34e-08 2.82e-13 2.251
 27   -9.848844431883e-02 -9.848844433154e-02 9.65e-14 2.21e-07 2.84e-14 2.311
 28   -9.848844432346e-02 -9.848844432510e-02 1.25e-14 3.12e-08 3.67e-15 2.371
 29   -9.848844432407e-02 -9.848844432424e-02 1.22e-15 5.28e-07 1.42e-15 2.431
Numerical error in objective
Restoring previous solution


Suboptimal solution found in 30 iterations and 2.47 seconds
Objective -9.84884133e-02
Primal infeasibility (abs/rel): 1.11e-09/5.54e-10
Dual infeasibility   (abs/rel): 8.44e-13/7.66e-13
Complementarity gap  (abs/rel): 1.80e-10/1.63e-10


Barrier finished in 2.48 seconds
Dual variables for problems with quadratic constraints not returned.
