cuOpt version: 26.10.0, git hash: 648f805d, host arch: x86_64, device archs: 80-real
CPU: AMD EPYC 7642 48-Core Processor, threads: 5C/5T, RAM usage: 41.46/503.74GiB
CPU SIMD target: AVX2
CUDA 12.9, device: NVIDIA A100 80GB PCIe (ID 0), VRAM: 79.44 GiB
CUDA device UUID: 68df5cf5-71f9-6a93-b428-460c080ffb10
Problem has 1 quadratic constraints. Converting to second-order cones and solving with barrier.
Handling 50 free variables directly in augmented system
Presolved problem: 5103 constraints 10102 variables 265152 nonzeros
Skipping Ruiz equilibration (row norm ratio 1.4, column norm ratio 1.4 < 5e4, Q coeff ratio 1.0 < 100)
Barrier solver started at 0.026 seconds
Barrier solver: 5103 constraints, 10102 variables, 265152 nonzeros


Second-order cones          : 1
Free variables              : 50
Upper bounds                : 5000
Linear system               : augmented
cuDSS Version               : 0.7.1
cuDSS Threading layer       : libcudss_mtlayer_gomp.so.0
cuDSS solve mode            : deterministic
Reordering time             : 0.163s
Symbolic factorization time : 0.027s
Symbolic nonzeros in factor : 2.79e+05
Elapsed time for augmented  : 0.223 seconds
Elapsed time           : 0.223 seconds
Barrier setup complete at 0.223 seconds
Adaptive regularization enabled


                  Objective                         Infeasibility        Time
Iter   Primal              Dual                Primal   Dual    Compl.   Elapsed
  0   -3.703361174615e+02 -3.711052443117e+02 3.71e+03 1.91e+00 1.19e-02 0.224
  1   -3.742795198503e+01 -3.496702503258e+02 3.74e+02 7.84e-02 1.66e-02 0.301
  2   -3.889667988002e+00 -2.097901226828e+02 3.80e+01 4.70e-02 1.33e-02 0.378
  3   -4.431096061050e-01 -3.239116080152e+01 3.86e+00 5.32e-03 4.56e-03 0.455
  4   -9.288825948120e-02 -4.511806745449e+00 4.09e-01 5.68e-04 6.47e-04 0.532
  5   -5.628648493514e-02 -7.107976302091e-01 4.09e-02 5.69e-05 8.80e-05 0.609
  6   -5.677571247183e-02 -2.030855398582e-01 9.05e-03 1.26e-05 1.79e-05 0.685
  7   -6.872918273493e-02 -1.411026631680e-01 4.03e-03 5.61e-06 7.69e-06 0.762
  8   -7.250345329408e-02 -1.395584674400e-01 3.42e-03 4.77e-06 1.99e-05 0.839
  9   -7.554429134392e-02 -1.369873642274e-01 2.91e-03 4.05e-06 4.64e-05 0.916
 10   -7.906083726613e-02 -1.334444060116e-01 2.24e-03 3.12e-06 7.42e-05 0.993
 11   -8.340818433224e-02 -1.273470311562e-01 1.50e-03 2.08e-06 8.08e-05 1.070
 12   -8.386817759828e-02 -1.262597858557e-01 1.30e-03 1.81e-06 7.68e-05 1.164
 13   -8.679978009291e-02 -1.206801816043e-01 9.18e-04 1.28e-06 6.54e-05 1.275
 14   -8.889469168340e-02 -1.155764897634e-01 5.81e-04 8.09e-07 1.87e-04 1.385
 15   -9.465244620188e-02 -1.053442247849e-01 1.87e-04 2.60e-07 6.33e-05 1.496
 16   -9.673239988133e-02 -1.015794087849e-01 7.71e-05 1.07e-07 2.21e-05 1.606
 17   -9.766355500534e-02 -9.987672580950e-02 2.74e-05 3.81e-08 6.95e-06 1.717
 18   -9.818070804092e-02 -9.898247604374e-02 7.44e-06 1.04e-08 3.34e-06 1.811
 19   -9.842129443663e-02 -9.862909022785e-02 1.86e-06 2.59e-09 7.52e-07 1.905
 20   -9.848813966338e-02 -9.853092803497e-02 3.65e-07 5.08e-10 1.36e-07 1.998
 21   -9.850296892617e-02 -9.850961457794e-02 5.59e-08 7.78e-11 1.85e-08 2.075
 22   -9.850532163107e-02 -9.850625851030e-02 7.87e-09 1.27e-09 2.38e-09 2.135
 23   -9.850565668063e-02 -9.850578112191e-02 1.04e-09 5.74e-11 2.88e-10 2.195
 24   -9.850570147095e-02 -9.850571735854e-02 1.33e-10 6.45e-09 3.29e-11 2.255
 25   -9.850570725317e-02 -9.850570913565e-02 1.58e-11 1.40e-08 3.55e-12 2.315
 26   -9.850570794699e-02 -9.850570815054e-02 1.71e-12 6.09e-07 3.76e-13 2.358
 27   -9.850570802221e-02 -9.850570804344e-02 1.77e-13 2.88e-07 3.80e-14 2.417
 28   -9.850570803012e-02 -9.850570803227e-02 1.78e-14 6.54e-07 3.60e-15 2.477
 29   -9.850570803091e-02 -9.850570803118e-02 2.00e-15 2.22e-06 7.58e-16 2.537
 30   -9.850570803099e-02 -9.850570803107e-02 6.66e-16 2.10e-05 1.31e-16 2.596
Numerical error in objective
Restoring previous solution


Suboptimal solution found in 31 iterations and 2.64 seconds
Objective -9.85056567e-02
Primal infeasibility (abs/rel): 2.09e-09/1.04e-09
Dual infeasibility   (abs/rel): 6.33e-11/5.74e-11
Complementarity gap  (abs/rel): 3.16e-10/2.88e-10


Barrier finished in 2.64 seconds
Dual variables for problems with quadratic constraints not returned.
