cuOpt version: 26.10.0, git hash: 648f805d, host arch: x86_64, device archs: 80-real
CPU: AMD EPYC 7642 48-Core Processor, threads: 5C/5T, RAM usage: 41.07/503.74GiB
CPU SIMD target: AVX2
CUDA 12.9, device: NVIDIA A100 80GB PCIe (ID 0), VRAM: 79.44 GiB
CUDA device UUID: 68df5cf5-71f9-6a93-b428-460c080ffb10
Problem has 1 quadratic constraints. Converting to second-order cones and solving with barrier.
Handling 50 free variables directly in augmented system
Presolved problem: 5103 constraints 10102 variables 265152 nonzeros
Skipping Ruiz equilibration (row norm ratio 1.4, column norm ratio 1.4 < 5e4, Q coeff ratio 1.0 < 100)
Barrier solver started at 0.030 seconds
Barrier solver: 5103 constraints, 10102 variables, 265152 nonzeros


Second-order cones          : 1
Free variables              : 50
Upper bounds                : 5000
Linear system               : augmented
cuDSS Version               : 0.7.1
cuDSS Threading layer       : libcudss_mtlayer_gomp.so.0
cuDSS solve mode            : deterministic
Reordering time             : 0.098s
Symbolic factorization time : 0.023s
Symbolic nonzeros in factor : 2.79e+05
Elapsed time for augmented  : 0.158 seconds
Elapsed time           : 0.158 seconds
Barrier setup complete at 0.158 seconds
Adaptive regularization enabled


                  Objective                         Infeasibility        Time
Iter   Primal              Dual                Primal   Dual    Compl.   Elapsed
  0   -3.703993037120e+02 -3.711301956175e+02 3.71e+03 1.91e+00 1.19e-02 0.158
  1   -3.743476578413e+01 -3.496952827047e+02 3.74e+02 7.84e-02 1.66e-02 0.236
  2   -3.890536580102e+00 -2.098129351748e+02 3.81e+01 4.70e-02 1.33e-02 0.312
  3   -4.432231679532e-01 -3.239735312357e+01 3.86e+00 5.32e-03 4.56e-03 0.389
  4   -9.291562410799e-02 -4.513380940920e+00 4.09e-01 5.69e-04 6.47e-04 0.467
  5   -5.629490810009e-02 -7.110782902603e-01 4.09e-02 5.69e-05 8.81e-05 0.543
  6   -5.678368842879e-02 -2.029100717961e-01 9.04e-03 1.26e-05 1.79e-05 0.620
  7   -6.879671414937e-02 -1.408534900065e-01 4.01e-03 5.58e-06 7.66e-06 0.698
  8   -7.225621408193e-02 -1.396076851858e-01 3.47e-03 4.84e-06 1.83e-05 0.775
  9   -7.532380487646e-02 -1.372356496696e-01 2.97e-03 4.14e-06 4.38e-05 0.852
 10   -7.794340757410e-02 -1.350662826767e-01 2.44e-03 3.40e-06 6.31e-05 0.928
 11   -8.203908479421e-02 -1.295557880551e-01 1.77e-03 2.46e-06 7.95e-05 1.005
 12   -8.266047383735e-02 -1.282929937373e-01 1.50e-03 2.09e-06 7.70e-05 1.099
 13   -8.640370416488e-02 -1.215116075368e-01 9.99e-04 1.39e-06 9.13e-05 1.210
 14   -8.988980930142e-02 -1.138618948702e-01 5.33e-04 7.42e-07 1.89e-04 1.320
 15   -9.397409058890e-02 -1.064349736477e-01 1.45e-04 2.02e-07 6.19e-05 1.431
 16   -9.669435374673e-02 -1.017383269159e-01 5.31e-05 7.40e-08 3.15e-05 1.525
 17   -9.760645388850e-02 -1.002283761377e-01 2.54e-05 3.53e-08 1.45e-05 1.619
 18   -9.807199814745e-02 -9.936639922788e-02 9.39e-06 1.31e-08 1.02e-05 1.729
 19   -9.849332736498e-02 -9.874475709792e-02 1.56e-06 2.17e-09 1.44e-06 1.822
 20   -9.857729462578e-02 -9.862614000624e-02 3.00e-07 4.18e-10 2.36e-07 1.916
 21   -9.859404148217e-02 -9.860251180630e-02 5.15e-08 7.17e-11 3.48e-08 1.992
 22   -9.859708214135e-02 -9.859824318770e-02 7.04e-09 9.79e-12 4.17e-09 2.069
 23   -9.859749960898e-02 -9.859765888146e-02 9.65e-10 2.10e-09 5.09e-10 2.129
 24   -9.859755674927e-02 -9.859757900679e-02 1.35e-10 2.29e-09 6.36e-11 2.189
 25   -9.859756475183e-02 -9.859756783725e-02 1.87e-11 2.84e-08 7.72e-12 2.249
 26   -9.859756588032e-02 -9.859756626515e-02 2.33e-12 1.21e-07 9.52e-13 2.309
 27   -9.859756602368e-02 -9.859756606578e-02 2.55e-13 2.08e-07 1.04e-13 2.368
 28   -9.859756603940e-02 -9.859756604396e-02 2.76e-14 2.54e-07 1.13e-14 2.428
 29   -9.859756604101e-02 -9.859756604173e-02 4.44e-15 9.64e-06 1.77e-15 2.488
 30   -9.859756604128e-02 -9.859756604136e-02 4.44e-16 5.07e-06 1.77e-16 2.548
Numerical error in objective
Restoring previous solution


Suboptimal solution found in 31 iterations and 2.59 seconds
Objective -9.85970821e-02
Primal infeasibility (abs/rel): 1.41e-08/7.04e-09
Dual infeasibility   (abs/rel): 1.08e-11/9.79e-12
Complementarity gap  (abs/rel): 4.58e-09/4.17e-09


Barrier finished in 2.59 seconds
Dual variables for problems with quadratic constraints not returned.
