cuOpt version: 26.10.0, git hash: 648f805d, host arch: x86_64, device archs: 80-real
CPU: AMD EPYC 7642 48-Core Processor, threads: 5C/5T, RAM usage: 35.29/503.74GiB
CPU SIMD target: AVX2
CUDA 12.9, device: NVIDIA A100 80GB PCIe (ID 0), VRAM: 79.44 GiB
CUDA device UUID: 68df5cf5-71f9-6a93-b428-460c080ffb10
Problem has 1 quadratic constraints. Converting to second-order cones and solving with barrier.
Handling 50 free variables directly in augmented system
Presolved problem: 5103 constraints 10102 variables 265152 nonzeros
Skipping Ruiz equilibration (row norm ratio 1.4, column norm ratio 1.4 < 5e4, Q coeff ratio 1.0 < 100)
Barrier solver started at 0.025 seconds
Barrier solver: 5103 constraints, 10102 variables, 265152 nonzeros


Second-order cones          : 1
Free variables              : 50
Upper bounds                : 5000
Linear system               : augmented
cuDSS Version               : 0.7.1
cuDSS Threading layer       : libcudss_mtlayer_gomp.so.0
Reordering time             : 0.122s
Symbolic factorization time : 0.023s
Symbolic nonzeros in factor : 2.79e+05
Elapsed time for augmented  : 0.177 seconds
Elapsed time           : 0.177 seconds
Barrier setup complete at 0.177 seconds
Adaptive regularization enabled


                  Objective                         Infeasibility        Time
Iter   Primal              Dual                Primal   Dual    Compl.   Elapsed
  0   -4.988371139075e-02 -2.507067875879e+03 5.00e+00 9.29e+00 1.02e+02 0.190
  1   -5.005385076027e-02 -4.744323472882e+01 8.43e-02 1.64e+00 5.54e+00 0.195
  2   -5.991228574423e-02 -1.454003163978e+00 8.43e-04 4.68e-01 1.31e-01 0.200
  3   -6.430376516480e-02 -2.699589466632e-01 1.24e-04 6.88e-02 1.95e-02 0.205
  4   -7.509028558130e-02 -2.171088872467e-01 5.10e-05 2.84e-02 7.72e-03 0.210
  5   -8.828226877697e-02 -1.258923020056e-01 1.22e-05 6.80e-03 1.84e-03 0.216
  6   -9.442095999025e-02 -1.071808623142e-01 1.95e-06 1.09e-03 2.16e-04 0.221
  7   -9.554757873160e-02 -1.037731088066e-01 9.90e-07 5.51e-04 1.59e-04 0.226
  8   -9.769724441876e-02 -9.999936120786e-02 2.52e-07 1.40e-04 4.19e-05 0.232
  9   -9.810732316858e-02 -9.911526018584e-02 7.91e-08 4.40e-05 2.36e-05 0.237
 10   -9.840922272257e-02 -9.866710663351e-02 1.96e-08 1.09e-05 5.82e-06 0.242
 11   -9.846807039425e-02 -9.856096654315e-02 4.31e-09 2.40e-06 1.58e-06 0.247
 12   -9.850121961799e-02 -9.851742441920e-02 7.37e-10 4.10e-07 2.80e-07 0.252
 13   -9.850711014686e-02 -9.850911037363e-02 4.66e-11 2.59e-08 2.18e-08 0.257
 14   -9.850794573283e-02 -9.850810964551e-02 3.81e-12 2.12e-09 1.82e-09 0.262
 15   -9.850801412470e-02 -9.850802490252e-02 1.94e-13 3.74e-10 8.63e-11 0.268
 16   -9.850801874534e-02 -9.850801941891e-02 1.24e-14 1.51e-11 4.43e-12 0.273


Optimal solution found in 16 iterations and 0.273s
Objective -9.85080187e-02
Primal infeasibility (abs/rel): 2.48e-14/1.24e-14
Dual infeasibility   (abs/rel): 1.67e-11/1.51e-11
Complementarity gap  (abs/rel): 4.87e-12/4.43e-12


Barrier finished in 0.27 seconds
Dual variables for problems with quadratic constraints not returned.
