cuOpt version: 26.10.0, git hash: 648f805d, host arch: x86_64, device archs: 80-real
CPU: AMD EPYC 7642 48-Core Processor, threads: 5C/5T, RAM usage: 35.31/503.74GiB
CPU SIMD target: AVX2
CUDA 12.9, device: NVIDIA A100 80GB PCIe (ID 0), VRAM: 79.44 GiB
CUDA device UUID: 68df5cf5-71f9-6a93-b428-460c080ffb10
Problem has 1 quadratic constraints. Converting to second-order cones and solving with barrier.
Handling 50 free variables directly in augmented system
Presolved problem: 5103 constraints 10102 variables 265152 nonzeros
Skipping Ruiz equilibration (row norm ratio 1.4, column norm ratio 1.4 < 5e4, Q coeff ratio 1.0 < 100)
Barrier solver started at 0.027 seconds
Barrier solver: 5103 constraints, 10102 variables, 265152 nonzeros


Second-order cones          : 1
Free variables              : 50
Upper bounds                : 5000
Linear system               : augmented
cuDSS Version               : 0.7.1
cuDSS Threading layer       : libcudss_mtlayer_gomp.so.0
Reordering time             : 0.149s
Symbolic factorization time : 0.023s
Symbolic nonzeros in factor : 2.79e+05
Elapsed time for augmented  : 0.207 seconds
Elapsed time           : 0.207 seconds
Barrier setup complete at 0.207 seconds
Adaptive regularization enabled


                  Objective                         Infeasibility        Time
Iter   Primal              Dual                Primal   Dual    Compl.   Elapsed
  0   -4.990776913805e-02 -2.507045855028e+03 5.00e+00 9.28e+00 1.02e+02 0.220
  1   -5.007813761543e-02 -4.776527235132e+01 8.49e-02 1.64e+00 5.55e+00 0.225
  2   -5.986017836801e-02 -1.484546314099e+00 8.49e-04 4.70e-01 1.32e-01 0.231
  3   -6.411589537296e-02 -2.683992300226e-01 1.21e-04 6.72e-02 1.92e-02 0.236
  4   -7.539517162915e-02 -2.157342618274e-01 4.77e-05 2.65e-02 7.22e-03 0.241
  5   -8.807944200774e-02 -1.278762522558e-01 1.21e-05 6.74e-03 1.83e-03 0.246
  6   -9.368624483924e-02 -1.089786133493e-01 1.43e-06 7.93e-04 1.22e-04 0.251
  7   -9.456529404946e-02 -1.063671599458e-01 9.07e-07 5.04e-04 1.28e-04 0.257
  8   -9.720849670384e-02 -1.017067665679e-01 3.21e-07 1.78e-04 5.83e-05 0.262
  9   -9.798413032809e-02 -1.001431679501e-01 1.20e-07 6.69e-05 3.57e-05 0.267
 10   -9.870277609483e-02 -9.900864675009e-02 1.58e-08 8.77e-06 2.44e-06 0.272
 11   -9.880029962640e-02 -9.885859803311e-02 2.91e-09 1.61e-06 3.76e-07 0.277
 12   -9.882161653685e-02 -9.882656122360e-02 2.23e-10 1.24e-07 9.85e-09 0.282
 13   -9.882332377897e-02 -9.882410395088e-02 3.26e-11 1.81e-08 1.44e-09 0.288
 14   -9.882356924409e-02 -9.882375154892e-02 6.23e-12 4.17e-09 2.79e-10 0.293
 15   -9.882363838560e-02 -9.882365843105e-02 5.42e-13 2.91e-10 2.47e-11 0.298
 16   -9.882364661120e-02 -9.882364783121e-02 1.39e-13 1.85e-07 2.14e-12 0.302
 17   -9.882364712074e-02 -9.882364718101e-02 4.08e-15 5.40e-09 7.58e-14 0.308


Optimal solution found in 17 iterations and 0.308s
Objective -9.88236471e-02
Primal infeasibility (abs/rel): 8.16e-15/4.08e-15
Dual infeasibility   (abs/rel): 5.95e-09/5.40e-09
Complementarity gap  (abs/rel): 8.33e-14/7.58e-14


Barrier finished in 0.31 seconds
Dual variables for problems with quadratic constraints not returned.
