cuOpt version: 26.10.0, git hash: 648f805d, host arch: x86_64, device archs: 80-real
CPU: AMD EPYC 7642 48-Core Processor, threads: 5C/5T, RAM usage: 35.26/503.74GiB
CPU SIMD target: AVX2
CUDA 12.9, device: NVIDIA A100 80GB PCIe (ID 0), VRAM: 79.44 GiB
CUDA device UUID: 68df5cf5-71f9-6a93-b428-460c080ffb10
Problem has 1 quadratic constraints. Converting to second-order cones and solving with barrier.
Handling 50 free variables directly in augmented system
Presolved problem: 5103 constraints 10102 variables 265152 nonzeros
Skipping Ruiz equilibration (row norm ratio 1.4, column norm ratio 1.4 < 5e4, Q coeff ratio 1.0 < 100)
Barrier solver started at 0.027 seconds
Barrier solver: 5103 constraints, 10102 variables, 265152 nonzeros


Second-order cones          : 1
Free variables              : 50
Upper bounds                : 5000
Linear system               : augmented
cuDSS Version               : 0.7.1
cuDSS Threading layer       : libcudss_mtlayer_gomp.so.0
Reordering time             : 0.054s
Symbolic factorization time : 0.023s
Symbolic nonzeros in factor : 2.79e+05
Elapsed time for augmented  : 0.112 seconds
Elapsed time           : 0.112 seconds
Barrier setup complete at 0.112 seconds
Adaptive regularization enabled


                  Objective                         Infeasibility        Time
Iter   Primal              Dual                Primal   Dual    Compl.   Elapsed
  0   -4.991253844321e-02 -2.506996814097e+03 5.00e+00 9.28e+00 1.02e+02 0.124
  1   -5.008289718554e-02 -4.754256867718e+01 8.45e-02 1.64e+00 5.55e+00 0.130
  2   -5.991201935903e-02 -1.494718971271e+00 8.45e-04 4.68e-01 1.32e-01 0.135
  3   -6.409109591845e-02 -2.638934943052e-01 1.17e-04 6.50e-02 1.85e-02 0.140
  4   -7.678025523050e-02 -2.051485129128e-01 4.26e-05 2.37e-02 6.40e-03 0.145
  5   -8.947070054876e-02 -1.211613347291e-01 9.48e-06 5.27e-03 1.42e-03 0.150
  6   -9.381888129686e-02 -1.083586902507e-01 2.27e-06 1.26e-03 2.59e-04 0.156
  7   -9.504016553836e-02 -1.046091383499e-01 1.16e-06 6.47e-04 1.96e-04 0.162
  8   -9.730641195172e-02 -1.005727929571e-01 3.73e-07 2.07e-04 7.31e-05 0.167
  9   -9.818517773928e-02 -9.895796606160e-02 7.48e-08 4.16e-05 1.69e-05 0.172
 10   -9.844300744694e-02 -9.852184488196e-02 6.35e-09 3.53e-06 1.01e-06 0.177
 11   -9.847187053367e-02 -9.847761141927e-02 4.58e-10 2.55e-07 3.22e-08 0.183
 12   -9.847383694083e-02 -9.847467973628e-02 6.30e-11 3.50e-08 2.62e-09 0.188
 13   -9.847409320048e-02 -9.847428904916e-02 1.18e-11 6.76e-09 4.88e-10 0.193
 14   -9.847416444808e-02 -9.847419050421e-02 1.27e-12 7.39e-10 6.07e-11 0.198
 15   -9.847417431334e-02 -9.847417726816e-02 1.20e-13 1.77e-09 5.71e-12 0.203


Optimal solution found in 15 iterations and 0.203s
Objective -9.84741743e-02
Primal infeasibility (abs/rel): 2.39e-13/1.20e-13
Dual infeasibility   (abs/rel): 1.95e-09/1.77e-09
Complementarity gap  (abs/rel): 6.27e-12/5.71e-12


Barrier finished in 0.21 seconds
Dual variables for problems with quadratic constraints not returned.
