cuOpt version: 26.10.0, git hash: 648f805d, host arch: x86_64, device archs: 80-real
CPU: AMD EPYC 7642 48-Core Processor, threads: 5C/5T, RAM usage: 35.31/503.74GiB
CPU SIMD target: AVX2
CUDA 12.9, device: NVIDIA A100 80GB PCIe (ID 0), VRAM: 79.44 GiB
CUDA device UUID: 68df5cf5-71f9-6a93-b428-460c080ffb10
Problem has 1 quadratic constraints. Converting to second-order cones and solving with barrier.
Handling 50 free variables directly in augmented system
Presolved problem: 5103 constraints 10102 variables 265152 nonzeros
Skipping Ruiz equilibration (row norm ratio 1.4, column norm ratio 1.4 < 5e4, Q coeff ratio 1.0 < 100)
Barrier solver started at 0.027 seconds
Barrier solver: 5103 constraints, 10102 variables, 265152 nonzeros


Second-order cones          : 1
Free variables              : 50
Upper bounds                : 5000
Linear system               : augmented
cuDSS Version               : 0.7.1
cuDSS Threading layer       : libcudss_mtlayer_gomp.so.0
Reordering time             : 0.054s
Symbolic factorization time : 0.024s
Symbolic nonzeros in factor : 2.79e+05
Elapsed time for augmented  : 0.111 seconds
Elapsed time           : 0.111 seconds
Barrier setup complete at 0.111 seconds
Adaptive regularization enabled


                  Objective                         Infeasibility        Time
Iter   Primal              Dual                Primal   Dual    Compl.   Elapsed
  0   -4.990914537253e-02 -2.506818514660e+03 5.00e+00 9.28e+00 1.02e+02 0.127
  1   -5.007960556681e-02 -4.735640563037e+01 8.41e-02 1.64e+00 5.54e+00 0.132
  2   -5.994326223239e-02 -1.528918534123e+00 8.41e-04 4.67e-01 1.31e-01 0.137
  3   -6.393397478167e-02 -2.577204202171e-01 1.10e-04 6.14e-02 1.75e-02 0.142
  4   -7.706097711464e-02 -2.024852232347e-01 4.18e-05 2.33e-02 6.24e-03 0.148
  5   -8.965574656735e-02 -1.218753856018e-01 9.70e-06 5.40e-03 1.45e-03 0.153
  6   -9.447759500550e-02 -1.078540078101e-01 2.26e-06 1.26e-03 2.64e-04 0.158
  7   -9.563265818344e-02 -1.042069432219e-01 1.13e-06 6.30e-04 1.92e-04 0.164
  8   -9.783888781235e-02 -1.003139119758e-01 3.00e-07 1.67e-04 5.57e-05 0.170
  9   -9.842537252492e-02 -9.914638638645e-02 6.71e-08 3.74e-05 1.91e-05 0.175
 10   -9.868948824932e-02 -9.873622960001e-02 4.11e-09 2.29e-06 4.87e-07 0.180
 11   -9.870599512071e-02 -9.871020701525e-02 3.34e-10 1.86e-07 1.46e-08 0.185
 12   -9.870746380464e-02 -9.870804476262e-02 4.17e-11 2.32e-08 1.00e-09 0.190
 13   -9.870764948727e-02 -9.870777329507e-02 7.54e-12 3.83e-09 1.83e-10 0.195
 14   -9.870769328570e-02 -9.870771293830e-02 9.93e-13 5.03e-10 2.72e-11 0.201
 15   -9.870770061052e-02 -9.870770317692e-02 1.10e-13 1.98e-10 3.66e-12 0.206


Optimal solution found in 15 iterations and 0.206s
Objective -9.87077006e-02
Primal infeasibility (abs/rel): 2.20e-13/1.10e-13
Dual infeasibility   (abs/rel): 2.18e-10/1.98e-10
Complementarity gap  (abs/rel): 4.03e-12/3.66e-12


Barrier finished in 0.21 seconds
Dual variables for problems with quadratic constraints not returned.
