cuOpt version: 26.10.0, git hash: 648f805d, host arch: x86_64, device archs: 80-real
CPU: AMD EPYC 7642 48-Core Processor, threads: 5C/5T, RAM usage: 35.27/503.74GiB
CPU SIMD target: AVX2
CUDA 12.9, device: NVIDIA A100 80GB PCIe (ID 0), VRAM: 79.44 GiB
CUDA device UUID: 68df5cf5-71f9-6a93-b428-460c080ffb10
Problem has 1 quadratic constraints. Converting to second-order cones and solving with barrier.
Handling 50 free variables directly in augmented system
Presolved problem: 5103 constraints 10102 variables 265152 nonzeros
Skipping Ruiz equilibration (row norm ratio 1.4, column norm ratio 1.4 < 5e4, Q coeff ratio 1.0 < 100)
Barrier solver started at 0.026 seconds
Barrier solver: 5103 constraints, 10102 variables, 265152 nonzeros


Second-order cones          : 1
Free variables              : 50
Upper bounds                : 5000
Linear system               : augmented
cuDSS Version               : 0.7.1
cuDSS Threading layer       : libcudss_mtlayer_gomp.so.0
Reordering time             : 0.055s
Symbolic factorization time : 0.024s
Symbolic nonzeros in factor : 2.79e+05
Elapsed time for augmented  : 0.112 seconds
Elapsed time           : 0.112 seconds
Barrier setup complete at 0.112 seconds
Adaptive regularization enabled


                  Objective                         Infeasibility        Time
Iter   Primal              Dual                Primal   Dual    Compl.   Elapsed
  0   -4.989810214087e-02 -2.507036107877e+03 5.00e+00 9.29e+00 1.02e+02 0.126
  1   -5.006833574829e-02 -4.774465239130e+01 8.49e-02 1.64e+00 5.55e+00 0.132
  2   -5.985195798240e-02 -1.469586398933e+00 8.49e-04 4.70e-01 1.32e-01 0.137
  3   -6.418946483083e-02 -2.689325775610e-01 1.23e-04 6.81e-02 1.94e-02 0.142
  4   -7.506487059514e-02 -2.159290569296e-01 4.87e-05 2.71e-02 7.39e-03 0.147
  5   -8.803889305848e-02 -1.260156905899e-01 1.20e-05 6.67e-03 1.81e-03 0.152
  6   -9.317714183377e-02 -1.083516547963e-01 1.33e-06 7.40e-04 1.39e-04 0.157
  7   -9.436041446737e-02 -1.052827119280e-01 7.76e-07 4.31e-04 1.33e-04 0.163
  8   -9.699732543815e-02 -1.008059244418e-01 2.53e-07 1.41e-04 5.25e-05 0.168
  9   -9.786696101913e-02 -9.917831047569e-02 6.51e-08 3.62e-05 2.35e-05 0.173
 10   -9.829775251299e-02 -9.850825999479e-02 5.54e-09 3.08e-06 1.73e-06 0.178
 11   -9.838178000220e-02 -9.839789528197e-02 3.87e-10 2.15e-07 4.30e-08 0.183
 12   -9.838774845867e-02 -9.839023338247e-02 5.61e-11 3.12e-08 4.50e-09 0.188
 13   -9.838864720166e-02 -9.838910047152e-02 8.52e-12 4.73e-09 6.01e-10 0.194
 14   -9.838882166750e-02 -9.838888383671e-02 9.92e-13 3.89e-10 7.88e-11 0.199
 15   -9.838884773409e-02 -9.838885242817e-02 6.95e-14 3.21e-11 5.40e-12 0.204


Optimal solution found in 15 iterations and 0.204s
Objective -9.83888477e-02
Primal infeasibility (abs/rel): 1.39e-13/6.95e-14
Dual infeasibility   (abs/rel): 3.54e-11/3.21e-11
Complementarity gap  (abs/rel): 5.93e-12/5.40e-12


Barrier finished in 0.21 seconds
Dual variables for problems with quadratic constraints not returned.
