cuOpt version: 26.10.0, git hash: 648f805d, host arch: x86_64, device archs: 80-real
CPU: AMD EPYC 7642 48-Core Processor, threads: 5C/5T, RAM usage: 35.38/503.74GiB
CPU SIMD target: AVX2
CUDA 12.9, device: NVIDIA A100 80GB PCIe (ID 0), VRAM: 79.44 GiB
CUDA device UUID: 68df5cf5-71f9-6a93-b428-460c080ffb10
Problem has 1 quadratic constraints. Converting to second-order cones and solving with barrier.
Handling 50 free variables directly in augmented system
Presolved problem: 5103 constraints 10102 variables 265152 nonzeros
Skipping Ruiz equilibration (row norm ratio 1.4, column norm ratio 1.4 < 5e4, Q coeff ratio 1.0 < 100)
Barrier solver started at 0.027 seconds
Barrier solver: 5103 constraints, 10102 variables, 265152 nonzeros


Second-order cones          : 1
Free variables              : 50
Upper bounds                : 5000
Linear system               : augmented
cuDSS Version               : 0.7.1
cuDSS Threading layer       : libcudss_mtlayer_gomp.so.0
Reordering time             : 0.129s
Symbolic factorization time : 0.023s
Symbolic nonzeros in factor : 2.79e+05
Elapsed time for augmented  : 0.187 seconds
Elapsed time           : 0.187 seconds
Barrier setup complete at 0.187 seconds
Adaptive regularization enabled


                  Objective                         Infeasibility        Time
Iter   Primal              Dual                Primal   Dual    Compl.   Elapsed
  0   -2.496043635646e+03 -2.507023350713e+03 2.50e+04 9.29e+00 4.30e-02 0.212
  1   -4.727397721640e+01 -6.242633675718e+01 4.72e+02 1.62e+00 1.25e-01 0.218
  2   -6.248813493688e-01 -1.391354776788e+01 5.63e+00 5.08e-01 1.04e-01 0.223
  3   -7.465134298374e-02 -8.723698108656e+00 2.31e-01 2.12e-02 4.65e-03 0.228
  4   -5.143488430189e-02 -1.004942959536e+00 2.31e-03 2.12e-04 1.88e-04 0.235
  5   -5.288449248198e-02 -1.153433117191e-01 1.51e-04 1.39e-05 1.91e-05 0.240
  6   -6.731664008458e-02 -1.107005702169e-01 8.85e-05 8.11e-06 1.03e-05 0.245
  7   -6.856301068300e-02 -1.115491406947e-01 8.39e-05 7.69e-06 1.44e-05 0.251
  8   -7.576378451220e-02 -1.109076452800e-01 6.29e-05 5.77e-06 2.53e-05 0.256
  9   -7.631248526339e-02 -1.113268715906e-01 5.97e-05 5.47e-06 1.06e-04 0.261
 10   -8.452924117752e-02 -1.133874504011e-01 2.91e-05 2.67e-06 2.11e-04 0.266
 11   -8.703976311372e-02 -1.113232380685e-01 1.77e-05 1.62e-06 3.95e-04 0.272
 12   -9.148837586318e-02 -1.087198453259e-01 7.12e-06 6.53e-07 5.10e-04 0.278
 13   -9.371014972372e-02 -1.046185222477e-01 3.31e-06 3.03e-07 4.27e-04 0.283
 14   -9.765955477239e-02 -9.974216608436e-02 1.59e-07 1.46e-08 8.34e-06 0.288
 15   -9.826750445407e-02 -9.894331965301e-02 3.29e-08 3.02e-09 1.82e-06 0.293
 16   -9.840774587232e-02 -9.875402225850e-02 1.06e-08 9.28e-10 2.37e-06 0.298
 17   -9.852835254406e-02 -9.861210150129e-02 1.99e-09 1.80e-10 5.96e-07 0.303
 18   -9.856034604697e-02 -9.857449386373e-02 3.33e-10 3.37e-11 1.27e-07 0.309
 19   -9.856642439290e-02 -9.856737627490e-02 2.24e-11 6.96e-12 8.67e-09 0.314
 20   -9.856685046293e-02 -9.856687826974e-02 6.54e-13 5.39e-12 1.62e-10 0.319
 21   -9.856686250457e-02 -9.856686410951e-02 3.53e-14 2.04e-11 5.98e-12 0.325


Optimal solution found in 21 iterations and 0.325s
Objective -9.85668625e-02
Primal infeasibility (abs/rel): 7.06e-14/3.53e-14
Dual infeasibility   (abs/rel): 2.24e-11/2.04e-11
Complementarity gap  (abs/rel): 6.57e-12/5.98e-12


Barrier finished in 0.33 seconds
Dual variables for problems with quadratic constraints not returned.
