cuOpt version: 26.10.0, git hash: 648f805d, host arch: x86_64, device archs: 80-real
CPU: AMD EPYC 7642 48-Core Processor, threads: 5C/5T, RAM usage: 35.25/503.74GiB
CPU SIMD target: AVX2
CUDA 12.9, device: NVIDIA A100 80GB PCIe (ID 0), VRAM: 79.44 GiB
CUDA device UUID: 68df5cf5-71f9-6a93-b428-460c080ffb10
Problem has 1 quadratic constraints. Converting to second-order cones and solving with barrier.
Handling 50 free variables directly in augmented system
Presolved problem: 5103 constraints 10102 variables 265152 nonzeros
Skipping Ruiz equilibration (row norm ratio 1.4, column norm ratio 1.4 < 5e4, Q coeff ratio 1.0 < 100)
Barrier solver started at 0.026 seconds
Barrier solver: 5103 constraints, 10102 variables, 265152 nonzeros


Second-order cones          : 1
Free variables              : 50
Upper bounds                : 5000
Linear system               : augmented
cuDSS Version               : 0.7.1
cuDSS Threading layer       : libcudss_mtlayer_gomp.so.0
Reordering time             : 0.053s
Symbolic factorization time : 0.023s
Symbolic nonzeros in factor : 2.79e+05
Elapsed time for augmented  : 0.110 seconds
Elapsed time           : 0.110 seconds
Barrier setup complete at 0.110 seconds
Adaptive regularization enabled


                  Objective                         Infeasibility        Time
Iter   Primal              Dual                Primal   Dual    Compl.   Elapsed
  0   -2.494485381617e+03 -2.507082430269e+03 2.50e+04 9.28e+00 4.30e-02 0.122
  1   -4.575395688706e+01 -6.093991250312e+01 4.57e+02 1.63e+00 1.27e-01 0.129
  2   -1.640536554250e+00 -1.203000721551e+01 1.58e+01 5.23e-01 1.06e-01 0.134
  3   -8.502809024897e-02 -9.507017825917e+00 3.44e-01 1.27e-02 4.53e-03 0.139
  4   -5.084719500710e-02 -1.745177216197e+00 3.44e-03 1.28e-04 3.38e-04 0.145
  5   -5.147722191041e-02 -1.191942467940e-01 1.37e-04 5.10e-06 2.16e-05 0.151
  6   -6.648487855540e-02 -1.096072888991e-01 7.32e-05 2.72e-06 1.06e-05 0.156
  7   -6.758366968599e-02 -1.104335781622e-01 7.01e-05 2.60e-06 1.24e-05 0.162
  8   -7.242637321895e-02 -1.112601487845e-01 5.90e-05 2.19e-06 2.99e-05 0.167
  9   -7.285285502837e-02 -1.116082298407e-01 5.70e-05 2.12e-06 1.16e-04 0.172
 10   -7.483421972405e-02 -1.126583500460e-01 5.05e-05 1.88e-06 3.25e-04 0.178
 11   -8.920538309845e-02 -1.066726270910e-01 1.86e-05 6.90e-07 5.07e-05 0.184
 12   -9.101008208637e-02 -1.053575169515e-01 1.29e-05 4.78e-07 9.14e-05 0.189
 13   -9.502312333883e-02 -1.017583293211e-01 4.76e-06 1.77e-07 8.91e-05 0.194
 14   -9.645480491652e-02 -1.003818019675e-01 2.42e-06 8.98e-08 5.68e-05 0.199
 15   -9.787182623203e-02 -9.891145690003e-02 5.65e-07 2.10e-08 7.86e-06 0.204
 16   -9.827878366873e-02 -9.848646589361e-02 6.52e-08 2.42e-09 2.84e-07 0.209
 17   -9.834822941647e-02 -9.841229885676e-02 1.39e-08 5.10e-10 6.28e-08 0.215
 18   -9.836249567685e-02 -9.839683085116e-02 5.11e-09 1.65e-10 7.14e-08 0.220
 19   -9.837417354276e-02 -9.838429393250e-02 1.03e-09 3.51e-11 2.17e-08 0.225
 20   -9.837818699865e-02 -9.837990264528e-02 1.61e-10 6.82e-11 7.45e-09 0.230
 21   -9.837894436486e-02 -9.837907668226e-02 1.24e-11 1.22e-10 6.01e-10 0.236
 22   -9.837900586555e-02 -9.837900972673e-02 4.08e-13 1.97e-09 1.68e-11 0.240


Optimal solution found in 22 iterations and 0.240s
Objective -9.83790059e-02
Primal infeasibility (abs/rel): 8.16e-13/4.08e-13
Dual infeasibility   (abs/rel): 2.18e-09/1.97e-09
Complementarity gap  (abs/rel): 1.85e-11/1.68e-11


Barrier finished in 0.24 seconds
Dual variables for problems with quadratic constraints not returned.
