cuOpt version: 26.10.0, git hash: 648f805d, host arch: x86_64, device archs: 80-real
CPU: AMD EPYC 7642 48-Core Processor, threads: 5C/5T, RAM usage: 35.33/503.74GiB
CPU SIMD target: AVX2
CUDA 12.9, device: NVIDIA A100 80GB PCIe (ID 0), VRAM: 79.44 GiB
CUDA device UUID: 68df5cf5-71f9-6a93-b428-460c080ffb10
Problem has 1 quadratic constraints. Converting to second-order cones and solving with barrier.
Barrier: reusing cache (skip convert/presolve/scaling)
Barrier solver started at 0.000 seconds
Barrier solver: 5103 constraints, 10102 variables, 265152 nonzeros
Barrier setup complete at 0.000 seconds
Adaptive regularization enabled
Barrier: cone cache reuse overrides the requested initial point with SedumiMu


                  Objective                         Infeasibility        Time
Iter   Primal              Dual                Primal   Dual    Compl.   Elapsed
  0   -3.702624119443e+02 -3.710387458059e+02 3.71e+03 1.91e+00 1.19e-02 0.001
  1   -4.136636484816e+00 -3.474601645164e+02 4.01e+01 2.77e-01 6.50e-02 0.008
  2   -1.039518362250e-01 -2.487140678162e+01 4.69e-01 7.85e-03 4.78e-03 0.013
  3   -5.493965881654e-02 -6.425639186560e-01 4.69e-03 7.91e-05 1.48e-04 0.019
  4   -5.853205540329e-02 -1.359055184408e-01 6.17e-04 1.04e-05 1.72e-05 0.024
  5   -6.752262788004e-02 -1.382889562896e-01 4.87e-04 8.20e-06 3.00e-05 0.029
  6   -6.909308643536e-02 -1.385283236887e-01 4.47e-04 7.53e-06 4.23e-05 0.035
  7   -8.140921929952e-02 -1.243462474047e-01 2.48e-04 4.17e-06 7.51e-05 0.040
  8   -8.155823317743e-02 -1.241861441020e-01 2.32e-04 3.91e-06 7.37e-05 0.046
  9   -8.323126950159e-02 -1.230408470619e-01 1.85e-04 3.12e-06 2.17e-04 0.051
 10   -8.338538478338e-02 -1.218653039968e-01 1.59e-04 2.67e-06 3.59e-04 0.057
 11   -9.171618093237e-02 -1.095585688516e-01 6.76e-05 1.14e-06 1.14e-04 0.063
 12   -9.235011047961e-02 -1.081514288793e-01 5.23e-05 8.80e-07 1.34e-04 0.068
 13   -9.592592044882e-02 -1.025477579451e-01 1.90e-05 3.20e-07 6.40e-05 0.074
 14   -9.614587680785e-02 -1.018815110784e-01 1.36e-05 2.30e-07 7.67e-05 0.080
 15   -9.733930721812e-02 -1.002250479740e-01 6.13e-06 1.03e-07 3.37e-05 0.085
 16   -9.760405845856e-02 -9.973277575275e-02 3.64e-06 6.13e-08 3.20e-05 0.091
 17   -9.812132700683e-02 -9.901382750596e-02 1.31e-06 2.21e-08 1.27e-05 0.096
 18   -9.826862555997e-02 -9.878523325216e-02 5.79e-07 9.73e-09 8.12e-06 0.101
 19   -9.842352807277e-02 -9.858376974721e-02 1.54e-07 2.59e-09 2.46e-06 0.107
 20   -9.847368042747e-02 -9.851646617618e-02 2.95e-08 4.80e-10 6.70e-07 0.112
 21   -9.848854590961e-02 -9.849837584757e-02 6.39e-09 1.07e-10 1.53e-07 0.117
 22   -9.849231468891e-02 -9.849359155018e-02 5.64e-10 7.38e-12 1.53e-08 0.122
 23   -9.849280572279e-02 -9.849300663563e-02 8.87e-11 1.02e-11 2.50e-09 0.128
 24   -9.849289139824e-02 -9.849290442924e-02 5.72e-12 7.99e-10 1.61e-10 0.132
 25   -9.849289719718e-02 -9.849289749594e-02 1.18e-13 3.04e-08 3.63e-12 0.136
 26   -9.849289732460e-02 -9.849289734232e-02 7.11e-15 1.80e-09 2.14e-13 0.142


Optimal solution found in 26 iterations and 0.142s
Objective -9.84928973e-02
Primal infeasibility (abs/rel): 1.42e-14/7.11e-15
Dual infeasibility   (abs/rel): 1.98e-09/1.80e-09
Complementarity gap  (abs/rel): 2.35e-13/2.14e-13


Barrier finished in 0.14 seconds
Dual variables for problems with quadratic constraints not returned.
