cuOpt version: 26.10.0, git hash: 648f805d, host arch: x86_64, device archs: 80-real
CPU: AMD EPYC 7642 48-Core Processor, threads: 5C/5T, RAM usage: 35.31/503.74GiB
CPU SIMD target: AVX2
CUDA 12.9, device: NVIDIA A100 80GB PCIe (ID 0), VRAM: 79.44 GiB
CUDA device UUID: 68df5cf5-71f9-6a93-b428-460c080ffb10
Problem has 1 quadratic constraints. Converting to second-order cones and solving with barrier.
Barrier: reusing cache (skip convert/presolve/scaling)
Barrier solver started at 0.000 seconds
Barrier solver: 5103 constraints, 10102 variables, 265152 nonzeros
Barrier setup complete at 0.000 seconds
Adaptive regularization enabled
Barrier: cone cache reuse overrides the requested initial point with SedumiMu


                  Objective                         Infeasibility        Time
Iter   Primal              Dual                Primal   Dual    Compl.   Elapsed
  0   -3.704291987375e+02 -3.711395609108e+02 3.71e+03 1.91e+00 1.19e-02 0.001
  1   -4.138240121015e+00 -3.475611537449e+02 4.01e+01 2.77e-01 6.50e-02 0.007
  2   -1.039773673472e-01 -2.488455848350e+01 4.69e-01 7.85e-03 4.78e-03 0.012
  3   -5.495207890613e-02 -6.428341782442e-01 4.69e-03 7.91e-05 1.48e-04 0.018
  4   -5.854039328337e-02 -1.366925924223e-01 6.23e-04 1.05e-05 1.75e-05 0.023
  5   -6.604986177005e-02 -1.385362852807e-01 5.11e-04 8.60e-06 2.69e-05 0.028
  6   -6.790324127046e-02 -1.389601490280e-01 4.66e-04 7.86e-06 2.96e-05 0.033
  7   -8.303250571008e-02 -1.229863554129e-01 2.19e-04 3.69e-06 5.72e-05 0.038
  8   -8.344811566910e-02 -1.225112634414e-01 1.93e-04 3.25e-06 6.87e-05 0.044
  9   -8.415635944479e-02 -1.222342535624e-01 1.72e-04 2.89e-06 1.24e-04 0.049
 10   -8.638236897692e-02 -1.192144838733e-01 1.32e-04 2.23e-06 9.51e-05 0.055
 11   -8.613025296774e-02 -1.187881789382e-01 1.26e-04 2.13e-06 1.56e-04 0.061
 12   -9.211930489378e-02 -1.096231831194e-01 6.17e-05 1.04e-06 6.89e-05 0.066
 13   -9.284615215663e-02 -1.081499306513e-01 4.70e-05 7.93e-07 9.81e-05 0.072
 14   -9.588080878655e-02 -1.034061721914e-01 2.05e-05 3.45e-07 5.26e-05 0.077
 15   -9.595684689201e-02 -1.029402358927e-01 1.65e-05 2.78e-07 7.05e-05 0.083
 16   -9.732801110334e-02 -1.009842561811e-01 7.98e-06 1.34e-07 3.47e-05 0.088
 17   -9.754839890941e-02 -1.005084520652e-01 5.34e-06 8.99e-08 4.06e-05 0.094
 18   -9.817798914238e-02 -9.960431300330e-02 2.26e-06 3.81e-08 1.83e-05 0.099
 19   -9.831848281174e-02 -9.934775751734e-02 1.27e-06 2.14e-08 1.50e-05 0.106
 20   -9.860290962306e-02 -9.895835590446e-02 3.52e-07 5.94e-09 5.17e-06 0.111
 21   -9.870326019126e-02 -9.881809195051e-02 8.23e-08 1.37e-09 1.90e-06 0.116
 22   -9.874349791282e-02 -9.876857414206e-02 1.73e-08 2.91e-10 4.21e-07 0.121
 23   -9.875294183560e-02 -9.875621705407e-02 1.23e-09 1.83e-11 4.02e-08 0.127
 24   -9.875428481062e-02 -9.875464801195e-02 1.36e-10 3.00e-12 4.49e-09 0.132
 25   -9.875443398782e-02 -9.875446686918e-02 9.57e-12 2.03e-10 3.09e-10 0.137
 26   -9.875444811237e-02 -9.875445030321e-02 6.32e-13 4.03e-08 1.80e-11 0.142
 27   -9.875444897954e-02 -9.875444930629e-02 9.37e-14 5.98e-09 2.73e-12 0.147


Optimal solution found in 27 iterations and 0.147s
Objective -9.87544490e-02
Primal infeasibility (abs/rel): 1.87e-13/9.37e-14
Dual infeasibility   (abs/rel): 6.59e-09/5.98e-09
Complementarity gap  (abs/rel): 3.00e-12/2.73e-12


Barrier finished in 0.15 seconds
Dual variables for problems with quadratic constraints not returned.
