cuOpt version: 26.10.0, git hash: 648f805d, host arch: x86_64, device archs: 80-real
CPU: AMD EPYC 7642 48-Core Processor, threads: 5C/5T, RAM usage: 35.29/503.74GiB
CPU SIMD target: AVX2
CUDA 12.9, device: NVIDIA A100 80GB PCIe (ID 0), VRAM: 79.44 GiB
CUDA device UUID: 68df5cf5-71f9-6a93-b428-460c080ffb10
Problem has 1 quadratic constraints. Converting to second-order cones and solving with barrier.
Barrier: reusing cache (skip convert/presolve/scaling)
Barrier solver started at 0.000 seconds
Barrier solver: 5103 constraints, 10102 variables, 265152 nonzeros
Barrier setup complete at 0.000 seconds
Adaptive regularization enabled
Barrier: cone cache reuse overrides the requested initial point with SedumiMu


                  Objective                         Infeasibility        Time
Iter   Primal              Dual                Primal   Dual    Compl.   Elapsed
  0   -3.704562062107e+02 -3.710714720587e+02 3.71e+03 1.91e+00 1.19e-02 0.001
  1   -4.139037088259e+00 -3.474930274934e+02 4.01e+01 2.77e-01 6.49e-02 0.006
  2   -1.040203888891e-01 -2.487881575907e+01 4.69e-01 7.85e-03 4.78e-03 0.012
  3   -5.496595416765e-02 -6.428695019044e-01 4.69e-03 7.91e-05 1.48e-04 0.018
  4   -5.855928225679e-02 -1.358861132381e-01 6.16e-04 1.04e-05 1.71e-05 0.023
  5   -6.633604649581e-02 -1.378606070000e-01 5.05e-04 8.50e-06 2.41e-05 0.028
  6   -6.767698000490e-02 -1.382478097972e-01 4.72e-04 7.94e-06 2.82e-05 0.034
  7   -8.154108303852e-02 -1.247342887670e-01 2.42e-04 4.07e-06 6.14e-05 0.042
  8   -8.190808710710e-02 -1.244209937333e-01 2.17e-04 3.66e-06 8.71e-05 0.048
  9   -8.395606193317e-02 -1.227574618803e-01 1.64e-04 2.76e-06 2.16e-04 0.054
 10   -8.700148320072e-02 -1.186902318741e-01 9.08e-05 1.53e-06 1.29e-04 0.059
 11   -8.697032142664e-02 -1.174108832191e-01 7.64e-05 1.29e-06 2.76e-04 0.065
 12   -9.358726796032e-02 -1.067457897358e-01 2.99e-05 5.04e-07 8.74e-05 0.070
 13   -9.463697006008e-02 -1.048575363368e-01 2.02e-05 3.40e-07 1.04e-04 0.076
 14   -9.655186166968e-02 -1.018583955249e-01 9.24e-06 1.56e-07 4.87e-05 0.082
 15   -9.675468109592e-02 -1.012625020242e-01 6.45e-06 1.09e-07 5.65e-05 0.088
 16   -9.776305991780e-02 -9.979157807537e-02 2.60e-06 4.38e-08 2.43e-05 0.093
 17   -9.799883354659e-02 -9.937311976911e-02 1.43e-06 2.41e-08 2.19e-05 0.099
 18   -9.834287715493e-02 -9.888466968431e-02 4.83e-07 8.14e-09 8.19e-06 0.104
 19   -9.843936912120e-02 -9.873301156958e-02 1.92e-07 3.21e-09 4.62e-06 0.110
 20   -9.852857306122e-02 -9.861718191046e-02 5.09e-08 8.53e-10 1.36e-06 0.115
 21   -9.855799285621e-02 -9.857772072871e-02 7.85e-09 1.21e-10 3.01e-07 0.120
 22   -9.856497162532e-02 -9.856924218002e-02 1.62e-09 2.89e-11 6.48e-08 0.125
 23   -9.856660335209e-02 -9.856717527270e-02 1.56e-10 6.95e-11 6.75e-09 0.131
 24   -9.856682442203e-02 -9.856690975122e-02 2.32e-11 5.18e-10 1.01e-09 0.135
 25   -9.856686178682e-02 -9.856686495158e-02 8.60e-13 8.84e-09 3.34e-11 0.140


Optimal solution found in 25 iterations and 0.140s
Objective -9.85668618e-02
Primal infeasibility (abs/rel): 1.72e-12/8.60e-13
Dual infeasibility   (abs/rel): 9.74e-09/8.84e-09
Complementarity gap  (abs/rel): 3.67e-11/3.34e-11


Barrier finished in 0.14 seconds
Dual variables for problems with quadratic constraints not returned.
