cuOpt version: 26.10.0, git hash: 648f805d, host arch: x86_64, device archs: 80-real
CPU: AMD EPYC 7642 48-Core Processor, threads: 5C/5T, RAM usage: 35.24/503.74GiB
CPU SIMD target: AVX2
CUDA 12.9, device: NVIDIA A100 80GB PCIe (ID 0), VRAM: 79.44 GiB
CUDA device UUID: 68df5cf5-71f9-6a93-b428-460c080ffb10
Problem has 1 quadratic constraints. Converting to second-order cones and solving with barrier.
Barrier: reusing cache (skip convert/presolve/scaling)
Barrier solver started at 0.000 seconds
Barrier solver: 5103 constraints, 10102 variables, 265152 nonzeros
Barrier setup complete at 0.000 seconds
Adaptive regularization enabled
Barrier: cone cache reuse overrides the requested initial point with SedumiMu


                  Objective                         Infeasibility        Time
Iter   Primal              Dual                Primal   Dual    Compl.   Elapsed
  0   -3.702964190560e+02 -3.711235215740e+02 3.71e+03 1.91e+00 1.19e-02 0.001
  1   -4.136200227630e+00 -3.475449712495e+02 4.01e+01 2.77e-01 6.50e-02 0.007
  2   -1.039156975344e-01 -2.487807126761e+01 4.69e-01 7.85e-03 4.78e-03 0.013
  3   -5.492703520484e-02 -6.425745747629e-01 4.69e-03 7.90e-05 1.47e-04 0.018
  4   -5.851160243313e-02 -1.363146170136e-01 6.20e-04 1.04e-05 1.74e-05 0.023
  5   -6.671516474544e-02 -1.384831380726e-01 4.99e-04 8.41e-06 2.78e-05 0.028
  6   -6.822891841836e-02 -1.387925503654e-01 4.62e-04 7.78e-06 3.77e-05 0.034
  7   -8.057545981638e-02 -1.255006369803e-01 2.60e-04 4.38e-06 7.74e-05 0.039
  8   -8.071997914599e-02 -1.253463137852e-01 2.45e-04 4.14e-06 6.95e-05 0.045
  9   -8.270670792668e-02 -1.240856180968e-01 1.91e-04 3.22e-06 2.25e-04 0.050
 10   -8.239364822383e-02 -1.230769919999e-01 1.70e-04 2.86e-06 4.87e-04 0.056
 11   -9.220735492950e-02 -1.088215762913e-01 6.13e-05 1.03e-06 1.34e-04 0.062
 12   -9.241894711274e-02 -1.075312591987e-01 4.54e-05 7.65e-07 2.33e-04 0.067
 13   -9.595453368016e-02 -1.021142494396e-01 1.55e-05 2.61e-07 1.02e-04 0.073
 14   -9.664321953487e-02 -1.008019156288e-01 8.33e-06 1.40e-07 9.17e-05 0.079
 15   -9.769467277761e-02 -9.939475119793e-02 3.14e-06 5.30e-08 3.33e-05 0.084
 16   -9.798719850385e-02 -9.890598790946e-02 1.28e-06 2.16e-08 2.03e-05 0.090
 17   -9.826181813262e-02 -9.854192964795e-02 3.57e-07 6.02e-09 6.12e-06 0.095
 18   -9.833657801317e-02 -9.843182742295e-02 7.95e-08 1.33e-09 1.79e-06 0.100
 19   -9.836991667902e-02 -9.839075979598e-02 1.66e-08 2.81e-10 3.94e-07 0.106
 20   -9.837777884041e-02 -9.838047534764e-02 1.31e-09 2.31e-11 3.81e-08 0.111
 21   -9.837885074662e-02 -9.837919621941e-02 1.68e-10 3.84e-12 4.94e-09 0.116
 22   -9.837899997112e-02 -9.837901709171e-02 8.31e-12 4.66e-11 2.37e-10 0.122
 23   -9.837900754731e-02 -9.837900792764e-02 1.84e-13 9.05e-10 4.89e-12 0.127


Optimal solution found in 23 iterations and 0.127s
Objective -9.83790075e-02
Primal infeasibility (abs/rel): 3.69e-13/1.84e-13
Dual infeasibility   (abs/rel): 9.97e-10/9.05e-10
Complementarity gap  (abs/rel): 5.37e-12/4.89e-12


Barrier finished in 0.13 seconds
Dual variables for problems with quadratic constraints not returned.
