cuOpt version: 26.10.0, git hash: 648f805d, host arch: x86_64, device archs: 80-real
CPU: AMD EPYC 7642 48-Core Processor, threads: 5C/5T, RAM usage: 28.92/503.74GiB
CPU SIMD target: AVX2
CUDA 12.9, device: NVIDIA A100 80GB PCIe (ID 0), VRAM: 79.44 GiB
CUDA device UUID: 68df5cf5-71f9-6a93-b428-460c080ffb10
Problem has 1 quadratic constraints. Converting to second-order cones and solving with barrier.
Handling 50 free variables directly in augmented system
Presolved problem: 5103 constraints 10102 variables 265152 nonzeros
Skipping Ruiz equilibration (row norm ratio 1.4, column norm ratio 1.4 < 5e4, Q coeff ratio 1.0 < 100)
Barrier solver started at 0.028 seconds
Barrier solver: 5103 constraints, 10102 variables, 265152 nonzeros


Second-order cones          : 1
Free variables              : 50
Upper bounds                : 5000
Linear system               : augmented
cuDSS Version               : 0.7.1
cuDSS Threading layer       : libcudss_mtlayer_gomp.so.0
Reordering time             : 0.056s
Symbolic factorization time : 0.024s
Symbolic nonzeros in factor : 2.79e+05
Elapsed time for augmented  : 0.115 seconds
Elapsed time           : 0.115 seconds
Barrier setup complete at 0.115 seconds
Adaptive regularization enabled


                  Objective                         Infeasibility        Time
Iter   Primal              Dual                Primal   Dual    Compl.   Elapsed
  0   -3.704562062107e+02 -3.710714720587e+02 3.71e+03 1.91e+00 1.19e-02 0.115
  1   -4.139037088259e+00 -3.474930274934e+02 4.01e+01 2.77e-01 6.49e-02 0.119
  2   -1.040203888891e-01 -2.487881575907e+01 4.69e-01 7.85e-03 4.78e-03 0.123
  3   -5.496595416765e-02 -6.428695019002e-01 4.69e-03 7.91e-05 1.48e-04 0.127
  4   -5.855928225676e-02 -1.358861132406e-01 6.16e-04 1.04e-05 1.71e-05 0.131
  5   -6.633604648348e-02 -1.378606069980e-01 5.05e-04 8.50e-06 2.41e-05 0.135
  6   -6.767698000471e-02 -1.382478097980e-01 4.72e-04 7.94e-06 2.82e-05 0.139
  7   -8.154108298899e-02 -1.247342887602e-01 2.42e-04 4.07e-06 6.14e-05 0.143
  8   -8.190808706472e-02 -1.244209937313e-01 2.17e-04 3.66e-06 8.71e-05 0.148
  9   -8.395606180004e-02 -1.227574619960e-01 1.64e-04 2.76e-06 2.16e-04 0.152
 10   -8.700148305280e-02 -1.186902320586e-01 9.08e-05 1.53e-06 1.29e-04 0.156
 11   -8.697032117584e-02 -1.174108836688e-01 7.64e-05 1.29e-06 2.76e-04 0.161
 12   -9.358726742760e-02 -1.067457906246e-01 2.99e-05 5.04e-07 8.74e-05 0.166
 13   -9.463696955595e-02 -1.048575371938e-01 2.02e-05 3.40e-07 1.04e-04 0.171
 14   -9.655186146042e-02 -1.018583959408e-01 9.24e-06 1.56e-07 4.87e-05 0.176
 15   -9.675468068674e-02 -1.012625027186e-01 6.45e-06 1.09e-07 5.65e-05 0.181
 16   -9.776305966615e-02 -9.979157849201e-02 2.60e-06 4.38e-08 2.43e-05 0.185
 17   -9.799883328183e-02 -9.937312016959e-02 1.43e-06 2.41e-08 2.19e-05 0.190
 18   -9.834287701913e-02 -9.888466987783e-02 4.83e-07 8.13e-09 8.19e-06 0.194
 19   -9.843936902316e-02 -9.873301169787e-02 1.92e-07 3.24e-09 4.62e-06 0.199
 20   -9.852857304487e-02 -9.861718194183e-02 5.09e-08 8.57e-10 1.36e-06 0.203
 21   -9.855799283880e-02 -9.857772075340e-02 7.85e-09 1.32e-10 3.01e-07 0.207
 22   -9.856497161830e-02 -9.856924218739e-02 1.62e-09 2.73e-11 6.48e-08 0.211
 23   -9.856660333229e-02 -9.856717527124e-02 1.56e-10 2.49e-12 6.75e-09 0.215
 24   -9.856682441949e-02 -9.856690975080e-02 2.32e-11 2.58e-10 1.01e-09 0.219
 25   -9.856686178675e-02 -9.856686495157e-02 8.60e-13 9.71e-10 3.34e-11 0.222


Optimal solution found in 25 iterations and 0.222s
Objective -9.85668618e-02
Primal infeasibility (abs/rel): 1.72e-12/8.60e-13
Dual infeasibility   (abs/rel): 1.07e-09/9.71e-10
Complementarity gap  (abs/rel): 3.67e-11/3.34e-11


Barrier finished in 0.22 seconds
Dual variables for problems with quadratic constraints not returned.
