cuOpt version: 26.10.0, git hash: 648f805d, host arch: x86_64, device archs: 80-real
CPU: AMD EPYC 7642 48-Core Processor, threads: 5C/5T, RAM usage: 29.92/503.74GiB
CPU SIMD target: AVX2
CUDA 12.9, device: NVIDIA A100 80GB PCIe (ID 0), VRAM: 79.44 GiB
CUDA device UUID: 68df5cf5-71f9-6a93-b428-460c080ffb10
Problem has 1 quadratic constraints. Converting to second-order cones and solving with barrier.
Bounded 50 free variables in presolve
26 variables with no lower bound
Transforming 50 nonzero lower bound
Presolved problem: 5103 constraints 10102 variables 265152 nonzeros
Skipping Ruiz equilibration (row norm ratio 1.4, column norm ratio 1.4 < 5e4, Q coeff ratio 1.0 < 100)
Barrier solver started at 0.032 seconds
Barrier solver: 5103 constraints, 10102 variables, 265152 nonzeros


Second-order cones          : 1
Upper bounds                : 5000
Linear system               : augmented
cuDSS Version               : 0.7.1
cuDSS Threading layer       : libcudss_mtlayer_gomp.so.0
Reordering time             : 0.154s
Symbolic factorization time : 0.023s
Symbolic nonzeros in factor : 2.79e+05
Elapsed time for augmented  : 0.216 seconds
Elapsed time           : 0.216 seconds
Barrier setup complete at 0.216 seconds
Adaptive regularization enabled


                  Objective                         Infeasibility        Time
Iter   Primal              Dual                Primal   Dual    Compl.   Elapsed
  0   -1.025711997544e+03 -1.028046618012e+03 1.34e+03 5.28e+00 3.29e-02 0.216
  1   -7.984995011813e+02 -1.216913057348e+03 1.04e+03 3.89e+00 1.06e-01 0.221
  2   -9.728151786867e+00 -1.999558236551e+03 1.25e+01 3.59e+00 1.82e+00 0.226
  3   -3.464491691746e-01 -2.776149134193e+02 3.72e-01 1.25e-01 4.39e-01 0.231
  4   -5.471221577663e-02 -6.327113396470e+00 3.74e-03 1.27e-03 5.63e-03 0.236
  5   -5.227627277579e-02 -1.994571298510e-01 8.18e-05 2.77e-05 1.24e-04 0.242
  6   -6.540222569923e-02 -1.309745350502e-01 3.24e-05 1.10e-05 4.90e-05 0.247
  7   -6.640392859433e-02 -1.317860861244e-01 3.16e-05 1.07e-05 4.79e-05 0.252
  8   -6.645760147198e-02 -1.318295859619e-01 3.15e-05 1.07e-05 4.77e-05 0.256
  9   -6.928189864768e-02 -1.322438324546e-01 2.89e-05 9.79e-06 4.75e-05 0.261
 10   -6.944114241653e-02 -1.323249316150e-01 2.83e-05 9.59e-06 6.69e-05 0.266
 11   -7.582891261045e-02 -1.320768489818e-01 2.04e-05 6.92e-06 1.02e-04 0.271
 12   -7.847713751385e-02 -1.300713745250e-01 1.55e-05 5.25e-06 2.12e-04 0.276
 13   -8.845660144912e-02 -1.156750603138e-01 6.92e-06 2.35e-06 1.17e-04 0.280
 14   -9.053345685214e-02 -1.119515078368e-01 4.56e-06 1.55e-06 1.55e-04 0.286
 15   -9.509707345310e-02 -1.044887500231e-01 1.75e-06 5.95e-07 7.91e-05 0.291
 16   -9.552690062617e-02 -1.034743583402e-01 1.27e-06 4.32e-07 9.25e-05 0.297
 17   -9.712006939604e-02 -1.011421260545e-01 6.04e-07 2.05e-07 4.17e-05 0.301
 18   -9.733583363116e-02 -1.006394275902e-01 4.11e-07 1.39e-07 4.39e-05 0.307
 19   -9.806629665996e-02 -9.956484457074e-02 1.62e-07 5.50e-08 1.86e-05 0.312
 20   -9.822641563262e-02 -9.927746583253e-02 9.00e-08 3.05e-08 1.54e-05 0.318
 21   -9.851175463630e-02 -9.888248629398e-02 2.63e-08 8.94e-09 5.24e-06 0.322
 22   -9.859617555366e-02 -9.876081249318e-02 8.93e-09 3.00e-09 2.62e-06 0.327
 23   -9.864672589079e-02 -9.869626507982e-02 2.41e-09 8.12e-10 7.55e-07 0.332
 24   -9.866443656664e-02 -9.867284629033e-02 2.46e-10 8.03e-11 1.14e-07 0.337
 25   -9.866751711163e-02 -9.866915838741e-02 4.65e-11 1.92e-11 2.18e-08 0.342
 26   -9.866820039493e-02 -9.866831073396e-02 1.49e-12 5.32e-11 7.12e-10 0.346
 27   -9.866824367779e-02 -9.866826121367e-02 2.36e-13 1.12e-10 1.23e-10 0.351
 28   -9.866825135832e-02 -9.866825238192e-02 1.37e-14 9.73e-11 7.23e-12 0.356


Optimal solution found in 28 iterations and 0.356s
Objective -9.86682514e-02
Primal infeasibility (abs/rel): 2.11e-13/1.37e-14
Dual infeasibility   (abs/rel): 1.07e-10/9.73e-11
Complementarity gap  (abs/rel): 7.94e-12/7.23e-12


Barrier finished in 0.36 seconds
Dual variables for problems with quadratic constraints not returned.
