cuOpt version: 26.10.0, git hash: 648f805d, host arch: x86_64, device archs: 80-real
CPU: AMD EPYC 7642 48-Core Processor, threads: 5C/5T, RAM usage: 30.02/503.74GiB
CPU SIMD target: AVX2
CUDA 12.9, device: NVIDIA A100 80GB PCIe (ID 0), VRAM: 79.44 GiB
CUDA device UUID: 68df5cf5-71f9-6a93-b428-460c080ffb10
Problem has 1 quadratic constraints. Converting to second-order cones and solving with barrier.
Bounded 50 free variables in presolve
26 variables with no lower bound
Transforming 50 nonzero lower bound
Presolved problem: 5103 constraints 10102 variables 265152 nonzeros
Skipping Ruiz equilibration (row norm ratio 1.4, column norm ratio 1.4 < 5e4, Q coeff ratio 1.0 < 100)
Barrier solver started at 0.030 seconds
Barrier solver: 5103 constraints, 10102 variables, 265152 nonzeros


Second-order cones          : 1
Upper bounds                : 5000
Linear system               : augmented
cuDSS Version               : 0.7.1
cuDSS Threading layer       : libcudss_mtlayer_gomp.so.0
Reordering time             : 0.151s
Symbolic factorization time : 0.023s
Symbolic nonzeros in factor : 2.79e+05
Elapsed time for augmented  : 0.211 seconds
Elapsed time           : 0.211 seconds
Barrier setup complete at 0.211 seconds
Adaptive regularization enabled


                  Objective                         Infeasibility        Time
Iter   Primal              Dual                Primal   Dual    Compl.   Elapsed
  0   -1.026205737092e+03 -1.028173664405e+03 1.34e+03 5.28e+00 3.29e-02 0.211
  1   -7.988287521839e+02 -1.217011137822e+03 1.04e+03 3.89e+00 1.06e-01 0.216
  2   -9.734133977024e+00 -1.999138443703e+03 1.25e+01 3.58e+00 1.82e+00 0.221
  3   -3.450437007923e-01 -2.774234861299e+02 3.70e-01 1.24e-01 4.37e-01 0.226
  4   -5.472239181082e-02 -6.319053142398e+00 3.72e-03 1.26e-03 5.59e-03 0.231
  5   -5.230240584376e-02 -2.005562517085e-01 8.22e-05 2.79e-05 1.24e-04 0.237
  6   -6.531507810936e-02 -1.315346416208e-01 3.26e-05 1.10e-05 4.93e-05 0.241
  7   -6.618774094166e-02 -1.322141265634e-01 3.19e-05 1.08e-05 4.82e-05 0.246
  8   -6.668794358272e-02 -1.325406038967e-01 3.12e-05 1.06e-05 4.73e-05 0.251
  9   -7.154369950491e-02 -1.325867669146e-01 2.64e-05 8.95e-06 5.32e-05 0.256
 10   -7.264899341956e-02 -1.327982445281e-01 2.43e-05 8.24e-06 6.84e-05 0.261
 11   -8.320371270033e-02 -1.227000807760e-01 1.40e-05 4.75e-06 7.41e-05 0.265
 12   -8.350769936030e-02 -1.221311358837e-01 1.28e-05 4.35e-06 8.81e-05 0.271
 13   -8.935577752705e-02 -1.137906286701e-01 7.61e-06 2.58e-06 5.31e-05 0.276
 14   -8.944728408276e-02 -1.132024248681e-01 6.75e-06 2.29e-06 1.03e-04 0.281
 15   -9.441817167504e-02 -1.057026296299e-01 2.55e-06 8.66e-07 6.26e-05 0.286
 16   -9.454519147343e-02 -1.050207317319e-01 2.05e-06 6.96e-07 9.93e-05 0.292
 17   -9.704227810130e-02 -1.014662488539e-01 7.72e-07 2.62e-07 3.82e-05 0.297
 18   -9.719672200115e-02 -1.010009615183e-01 5.37e-07 1.82e-07 5.06e-05 0.302
 19   -9.808415156600e-02 -9.976083430027e-02 2.22e-07 7.53e-08 2.07e-05 0.307
 20   -9.823758696727e-02 -9.946545099348e-02 1.24e-07 4.21e-08 1.70e-05 0.313
 21   -9.857578206216e-02 -9.900088119316e-02 3.69e-08 1.25e-08 5.89e-06 0.318
 22   -9.866911964077e-02 -9.886388075635e-02 1.25e-08 4.20e-09 2.94e-06 0.322
 23   -9.873008916735e-02 -9.878627336297e-02 3.28e-09 1.11e-09 8.25e-07 0.327
 24   -9.874929662016e-02 -9.876066180582e-02 4.10e-10 1.34e-10 1.41e-07 0.332
 25   -9.875352897019e-02 -9.875558791113e-02 7.21e-11 2.88e-11 2.58e-08 0.337
 26   -9.875437082021e-02 -9.875454032488e-02 3.48e-12 9.02e-12 1.34e-09 0.342
 27   -9.875443814386e-02 -9.875446193558e-02 4.88e-13 5.12e-11 1.87e-10 0.346
 28   -9.875444854950e-02 -9.875444981162e-02 2.59e-14 2.12e-10 8.71e-12 0.351


Optimal solution found in 28 iterations and 0.351s
Objective -9.87544485e-02
Primal infeasibility (abs/rel): 3.97e-13/2.59e-14
Dual infeasibility   (abs/rel): 2.34e-10/2.12e-10
Complementarity gap  (abs/rel): 9.57e-12/8.71e-12


Barrier finished in 0.35 seconds
Dual variables for problems with quadratic constraints not returned.
