cuOpt version: 26.10.0, git hash: 648f805d, host arch: x86_64, device archs: 80-real
CPU: AMD EPYC 7642 48-Core Processor, threads: 5C/5T, RAM usage: 37.48/503.74GiB
CPU SIMD target: AVX2
CUDA 12.9, device: NVIDIA A100 80GB PCIe (ID 0), VRAM: 79.44 GiB
CUDA device UUID: 68df5cf5-71f9-6a93-b428-460c080ffb10
Problem has 1 quadratic constraints. Converting to second-order cones and solving with barrier.
Barrier: reusing cache (skip convert/presolve/scaling)
Barrier solver started at 0.000 seconds
Barrier solver: 5103 constraints, 10102 variables, 265152 nonzeros
Barrier setup complete at 0.001 seconds
Adaptive regularization enabled


                  Objective                         Infeasibility        Time
Iter   Primal              Dual                Primal   Dual    Compl.   Elapsed
  0   -3.702624119443e+02 -3.710387458059e+02 3.71e+03 1.91e+00 1.19e-02 0.001
  1   -4.136636484816e+00 -3.474601645164e+02 4.01e+01 2.77e-01 6.50e-02 0.008
  2   -1.039518362250e-01 -2.487140678162e+01 4.69e-01 7.85e-03 4.78e-03 0.012
  3   -5.493965881653e-02 -6.425639186519e-01 4.69e-03 7.91e-05 1.48e-04 0.017
  4   -5.853205540324e-02 -1.359055184448e-01 6.17e-04 1.04e-05 1.72e-05 0.021
  5   -6.752262786746e-02 -1.382889562872e-01 4.87e-04 8.20e-06 3.00e-05 0.026
  6   -6.909308643566e-02 -1.385283236874e-01 4.47e-04 7.53e-06 4.23e-05 0.031
  7   -8.140921927812e-02 -1.243462474302e-01 2.48e-04 4.17e-06 7.51e-05 0.036
  8   -8.155823315969e-02 -1.241861441286e-01 2.32e-04 3.91e-06 7.37e-05 0.041
  9   -8.323126946841e-02 -1.230408471079e-01 1.85e-04 3.12e-06 2.17e-04 0.046
 10   -8.338538473277e-02 -1.218653040714e-01 1.59e-04 2.67e-06 3.59e-04 0.052
 11   -9.171618093672e-02 -1.095585688509e-01 6.76e-05 1.14e-06 1.14e-04 0.057
 12   -9.235011047057e-02 -1.081514288977e-01 5.23e-05 8.80e-07 1.34e-04 0.063
 13   -9.592592047158e-02 -1.025477579155e-01 1.90e-05 3.20e-07 6.40e-05 0.069
 14   -9.614587682888e-02 -1.018815110476e-01 1.36e-05 2.30e-07 7.67e-05 0.074
 15   -9.733930724828e-02 -1.002250479364e-01 6.13e-06 1.03e-07 3.37e-05 0.079
 16   -9.760405848706e-02 -9.973277571789e-02 3.64e-06 6.13e-08 3.20e-05 0.085
 17   -9.812132702210e-02 -9.901382749417e-02 1.31e-06 2.21e-08 1.27e-05 0.091
 18   -9.826862555924e-02 -9.878523325698e-02 5.79e-07 9.75e-09 8.12e-06 0.096
 19   -9.842352809159e-02 -9.858376973614e-02 1.54e-07 2.59e-09 2.46e-06 0.101
 20   -9.847368041191e-02 -9.851646619873e-02 2.95e-08 4.97e-10 6.70e-07 0.106
 21   -9.848854590238e-02 -9.849837585437e-02 6.39e-09 1.08e-10 1.53e-07 0.112
 22   -9.849231468796e-02 -9.849359155086e-02 5.64e-10 9.50e-12 1.53e-08 0.117
 23   -9.849280572323e-02 -9.849300663570e-02 8.87e-11 1.50e-12 2.50e-09 0.123
 24   -9.849289139832e-02 -9.849290442925e-02 5.72e-12 2.48e-10 1.61e-10 0.127
 25   -9.849289719718e-02 -9.849289749594e-02 1.17e-13 2.85e-08 3.63e-12 0.132
 26   -9.849289732457e-02 -9.849289734236e-02 6.99e-15 1.69e-09 2.14e-13 0.136


Optimal solution found in 26 iterations and 0.136s
Objective -9.84928973e-02
Primal infeasibility (abs/rel): 1.40e-14/6.99e-15
Dual infeasibility   (abs/rel): 1.86e-09/1.69e-09
Complementarity gap  (abs/rel): 2.35e-13/2.14e-13


Barrier finished in 0.14 seconds
Dual variables for problems with quadratic constraints not returned.
