cuOpt version: 26.10.0, git hash: 648f805d, host arch: x86_64, device archs: 80-real
CPU: AMD EPYC 7642 48-Core Processor, threads: 5C/5T, RAM usage: 40.23/503.74GiB
CPU SIMD target: AVX2
CUDA 12.9, device: NVIDIA A100 80GB PCIe (ID 0), VRAM: 79.44 GiB
CUDA device UUID: 68df5cf5-71f9-6a93-b428-460c080ffb10
Problem has 1 quadratic constraints. Converting to second-order cones and solving with barrier.
Handling 50 free variables directly in augmented system
Presolved problem: 5103 constraints 10102 variables 265152 nonzeros
Skipping Ruiz equilibration (row norm ratio 1.4, column norm ratio 1.4 < 5e4, Q coeff ratio 1.0 < 100)
Barrier solver started at 0.027 seconds
Barrier solver: 5103 constraints, 10102 variables, 265152 nonzeros


Second-order cones          : 1
Free variables              : 50
Upper bounds                : 5000
Linear system               : augmented
cuDSS Version               : 0.7.1
cuDSS Threading layer       : libcudss_mtlayer_gomp.so.0
cuDSS solve mode            : deterministic
Reordering time             : 0.052s
Symbolic factorization time : 0.024s
Symbolic nonzeros in factor : 2.79e+05
Elapsed time for augmented  : 0.109 seconds
Elapsed time           : 0.109 seconds
Barrier setup complete at 0.109 seconds
Adaptive regularization enabled


                  Objective                         Infeasibility        Time
Iter   Primal              Dual                Primal   Dual    Compl.   Elapsed
  0   -3.702779911923e+02 -3.710340990992e+02 3.71e+03 1.91e+00 1.19e-02 0.110
  1   -3.742292114330e+01 -3.495990552831e+02 3.74e+02 7.84e-02 1.66e-02 0.153
  2   -3.889384317130e+00 -2.097327989241e+02 3.80e+01 4.70e-02 1.33e-02 0.195
  3   -4.430960186580e-01 -3.238133790437e+01 3.86e+00 5.32e-03 4.56e-03 0.238
  4   -9.289011799097e-02 -4.510661914771e+00 4.09e-01 5.68e-04 6.47e-04 0.280
  5   -5.628863679768e-02 -7.106311784731e-01 4.09e-02 5.69e-05 8.80e-05 0.323
  6   -5.677850740138e-02 -2.029428540976e-01 9.04e-03 1.26e-05 1.79e-05 0.365
  7   -6.877281523287e-02 -1.406256985588e-01 4.00e-03 5.57e-06 7.64e-06 0.408
  8   -7.302451714220e-02 -1.387466979156e-01 3.31e-03 4.61e-06 2.33e-05 0.450
  9   -7.655454606677e-02 -1.353543050396e-01 2.71e-03 3.80e-06 5.34e-05 0.492
 10   -8.076391441895e-02 -1.302517005530e-01 2.00e-03 2.81e-06 7.65e-05 0.535
 11   -8.202071115634e-02 -1.286292128695e-01 1.65e-03 2.34e-06 7.72e-05 0.577
 12   -8.588662352271e-02 -1.221373694221e-01 1.12e-03 1.60e-06 7.21e-05 0.620
 13   -8.618592043291e-02 -1.205838170739e-01 9.23e-04 1.34e-06 1.19e-04 0.663
 14   -9.029767594726e-02 -1.130146435772e-01 4.98e-04 7.31e-07 1.12e-04 0.705
 15   -9.408563772404e-02 -1.058294098616e-01 2.31e-04 3.42e-07 7.25e-05 0.748
 16   -9.644060366147e-02 -1.017414352416e-01 8.51e-05 1.20e-07 2.08e-05 0.790
 17   -9.738363178958e-02 -9.984895178148e-02 2.27e-05 3.69e-08 1.33e-05 0.833
 18   -9.794097926176e-02 -9.902805009998e-02 9.28e-06 1.39e-08 7.00e-06 0.876
 19   -9.822795152709e-02 -9.860314561586e-02 2.30e-06 2.42e-09 2.19e-06 0.918
 20   -9.835886378416e-02 -9.842827952144e-02 4.02e-07 3.05e-09 3.65e-07 0.961
 21   -9.838495010221e-02 -9.839397449494e-02 5.22e-08 3.34e-09 4.28e-08 1.004
 22   -9.838837642799e-02 -9.838947271101e-02 6.35e-09 4.79e-09 4.79e-09 1.047
 23   -9.838879414061e-02 -9.838892333317e-02 7.49e-10 3.56e-09 5.27e-10 1.089
 24   -9.838884337921e-02 -9.838885845390e-02 8.75e-11 3.83e-08 5.74e-11 1.131
 25   -9.838884908267e-02 -9.838885090981e-02 1.07e-11 5.97e-08 6.26e-12 1.174
 26   -9.838884977369e-02 -9.838884998821e-02 1.27e-12 1.13e-06 6.77e-13 1.216
 27   -9.838884985540e-02 -9.838884987676e-02 1.32e-13 1.39e-05 7.05e-14 1.259
 28   -9.838884986332e-02 -9.838884986543e-02 1.20e-14 3.93e-04 9.00e-15 1.301
 29   -9.838884986408e-02 -9.838884986429e-02 1.55e-15 1.52e-03 1.06e-15 1.344
 30   -9.838884986415e-02 -9.838884986418e-02 6.72e-15 1.11e-03 2.11e-16 1.387
Numerical error in objective
Restoring previous solution


Suboptimal solution found in 31 iterations and 1.43 seconds
Objective -9.83887941e-02
Primal infeasibility (abs/rel): 1.50e-09/7.49e-10
Dual infeasibility   (abs/rel): 3.92e-09/3.56e-09
Complementarity gap  (abs/rel): 5.79e-10/5.27e-10


Barrier finished in 1.43 seconds
Dual variables for problems with quadratic constraints not returned.
