cuOpt version: 26.10.0, git hash: 648f805d, host arch: x86_64, device archs: 80-real
CPU: AMD EPYC 7642 48-Core Processor, threads: 5C/5T, RAM usage: 12.63/503.74GiB
CPU SIMD target: AVX2
CUDA 12.9, device: NVIDIA A100 80GB PCIe (ID 0), VRAM: 79.44 GiB
CUDA device UUID: 68df5cf5-71f9-6a93-b428-460c080ffb10
Problem has 1 quadratic constraints. Converting to second-order cones and solving with barrier.
Handling 50 free variables directly in augmented system
Presolved problem: 5103 constraints 10102 variables 265152 nonzeros
Skipping Ruiz equilibration (row norm ratio 1.4, column norm ratio 1.4 < 5e4, Q coeff ratio 1.0 < 100)
Barrier solver started at 0.03 seconds
Barrier solver: 5103 constraints, 10102 variables, 265152 nonzeros


Second-order cones          : 1
Free variables              : 50
Upper bounds                : 5000
Linear system               : augmented
cuDSS Version               : 0.7.1
cuDSS Threading layer       : libcudss_mtlayer_gomp.so.0
Reordering time             : 0.14s
Symbolic factorization time : 0.02s
Symbolic nonzeros in factor : 2.79e+05
Barrier setup complete at 0.20 seconds
Elapsed time                : 0.20s
Adaptive regularization enabled


                  Objective                         Infeasibility        Time
Iter   Primal              Dual                Primal   Dual    Compl.   Elapsed
  0   -3.703336272695e+02 -3.710584120459e+02 3.71e+03 1.91e+00 1.19e-02 0.2
  1   -4.137832929498e+00 -3.474799232405e+02 4.01e+01 2.77e-01 6.49e-02 0.2
  2   -1.039807671202e-01 -2.487731337697e+01 4.69e-01 7.85e-03 4.78e-03 0.2
  3   -5.494981773509e-02 -6.427223953578e-01 4.69e-03 7.91e-05 1.48e-04 0.2
  4   -5.854536693144e-02 -1.356570860147e-01 6.15e-04 1.04e-05 1.72e-05 0.2
  5   -6.553128985594e-02 -1.375823483797e-01 5.16e-04 8.70e-06 1.98e-05 0.2
  6   -6.729993156551e-02 -1.381153593903e-01 4.75e-04 8.00e-06 3.03e-05 0.2
  7   -8.239177894719e-02 -1.235205323464e-01 2.32e-04 3.91e-06 7.67e-05 0.2
  8   -8.264021178255e-02 -1.231477047059e-01 2.10e-04 3.54e-06 8.23e-05 0.2
  9   -8.327699601688e-02 -1.231878312517e-01 1.90e-04 3.20e-06 1.78e-04 0.2
 10   -8.606536404015e-02 -1.198865904473e-01 1.12e-04 1.88e-06 1.19e-04 0.2
 11   -8.627233465058e-02 -1.182988057122e-01 9.01e-05 1.52e-06 2.79e-04 0.3
 12   -9.298421392271e-02 -1.075028619189e-01 3.71e-05 6.25e-07 9.18e-05 0.3
 13   -9.424773508058e-02 -1.053375365480e-01 2.32e-05 3.90e-07 1.09e-04 0.3
 14   -9.476825005175e-02 -1.043050374827e-01 1.80e-05 3.03e-07 1.15e-04 0.3
 15   -9.670474378411e-02 -1.013497126395e-01 7.93e-06 1.34e-07 5.22e-05 0.3
 16   -9.696546314349e-02 -1.007448797944e-01 5.30e-06 8.94e-08 5.32e-05 0.3
 17   -9.782739730519e-02 -9.947054811921e-02 1.98e-06 3.34e-08 2.14e-05 0.3
 18   -9.801222066699e-02 -9.914256727656e-02 1.08e-06 1.82e-08 1.70e-05 0.3
 19   -9.831876711859e-02 -9.872117864312e-02 3.27e-07 5.51e-09 5.73e-06 0.3
 20   -9.841217139607e-02 -9.858612398876e-02 1.07e-07 1.77e-09 2.72e-06 0.3
 21   -9.846617430327e-02 -9.851733966827e-02 2.82e-08 4.72e-10 7.70e-07 0.3
 22   -9.848403168711e-02 -9.849371879313e-02 3.30e-09 5.87e-11 1.19e-07 0.3
 23   -9.848767676453e-02 -9.848938515802e-02 5.65e-10 1.41e-11 2.12e-08 0.3
 24   -9.848836214045e-02 -9.848854081536e-02 4.33e-11 1.34e-10 1.65e-09 0.3
 25   -9.848843362396e-02 -9.848845685061e-02 5.63e-12 4.03e-11 2.17e-10 0.3
 26   -9.848844263741e-02 -9.848844630056e-02 8.86e-13 2.60e-10 3.51e-11 0.3


Optimal solution found in 26 iterations and 0.329s
Objective -9.84884426e-02
Primal infeasibility (abs/rel): 1.77e-12/8.86e-13
Dual infeasibility   (abs/rel): 2.86e-10/2.60e-10
Complementarity gap  (abs/rel): 3.86e-11/3.51e-11


Barrier finished in 0.33 seconds
Dual variables for problems with quadratic constraints not returned.
