cuOpt version: 26.10.0, git hash: 648f805d, host arch: x86_64, device archs: 80-real
CPU: AMD EPYC 7642 48-Core Processor, threads: 5C/5T, RAM usage: 27.39/503.74GiB
CPU SIMD target: AVX2
CUDA 12.9, device: NVIDIA A100 80GB PCIe (ID 0), VRAM: 79.44 GiB
CUDA device UUID: 68df5cf5-71f9-6a93-b428-460c080ffb10
Problem has 1 quadratic constraints. Converting to second-order cones and solving with barrier.
Handling 50 free variables directly in augmented system
Presolved problem: 5103 constraints 10102 variables 265152 nonzeros
Skipping Ruiz equilibration (row norm ratio 1.4, column norm ratio 1.4 < 5e4, Q coeff ratio 1.0 < 100)
Barrier solver started at 0.027 seconds
Barrier solver: 5103 constraints, 10102 variables, 265152 nonzeros


Second-order cones          : 1
Free variables              : 50
Upper bounds                : 5000
Linear system               : augmented
cuDSS Version               : 0.7.1
cuDSS Threading layer       : libcudss_mtlayer_gomp.so.0
Reordering time             : 0.121s
Symbolic factorization time : 0.023s
Symbolic nonzeros in factor : 2.79e+05
Elapsed time for augmented  : 0.178 seconds
Elapsed time           : 0.178 seconds
Barrier setup complete at 0.178 seconds
Adaptive regularization enabled


                  Objective                         Infeasibility        Time
Iter   Primal              Dual                Primal   Dual    Compl.   Elapsed
  0   -4.993837370587e-02 -2.507036107877e+03 5.00e+00 9.29e+00 1.02e+02 0.181
  1   -5.010894750961e-02 -4.628406308823e+01 8.19e-02 1.65e+00 5.50e+00 0.184
  2   -6.032689741031e-02 -1.208897824330e+00 8.19e-04 4.59e-01 1.27e-01 0.187
  3   -6.667173034825e-02 -3.141991552682e-01 1.74e-04 9.78e-02 2.71e-02 0.192
  4   -7.217541823007e-02 -2.528504496843e-01 8.49e-05 4.76e-02 1.30e-02 0.195
  5   -8.669647521314e-02 -1.359641791213e-01 2.11e-05 1.18e-02 3.19e-03 0.197
  6   -9.293487947287e-02 -1.084238466991e-01 8.03e-07 4.51e-04 1.09e-04 0.200
  7   -9.608238674629e-02 -1.021547685819e-01 2.47e-07 1.32e-04 5.27e-05 0.203
  8   -9.755787552026e-02 -9.962700849419e-02 5.82e-08 2.93e-05 8.87e-06 0.206
  9   -9.792987801959e-02 -9.898400445121e-02 2.33e-08 9.12e-06 1.11e-05 0.208
 10   -9.827958389621e-02 -9.853056416119e-02 4.92e-09 1.83e-06 2.47e-06 0.211
 11   -9.836950434650e-02 -9.841373386600e-02 8.53e-10 3.11e-07 5.69e-07 0.214
 12   -9.838805351586e-02 -9.838987108108e-02 1.68e-11 7.58e-09 2.18e-08 0.216
 13   -9.838881596155e-02 -9.838889286974e-02 2.70e-11 7.84e-09 7.01e-10 0.219
 14   -9.838884721401e-02 -9.838885278874e-02 1.32e-11 9.14e-08 2.58e-11 0.222
 15   -9.838884954205e-02 -9.838885020953e-02 1.99e-12 4.47e-06 3.84e-12 0.225
 16   -9.838884981299e-02 -9.838884991303e-02 4.54e-13 1.39e-03 4.70e-13 0.227
 17   -9.838884985209e-02 -9.838884987705e-02 5.58e-14 6.59e-04 1.04e-13 0.230
 18   -9.838884986409e-02 -9.838884986478e-02 1.78e-14 1.21e-03 4.21e-15 0.233
 19   -9.838884986419e-02 -9.838884986417e-02 1.17e-15 1.59e-05 1.32e-15 0.235
Numerical error in objective
Restoring previous solution


Suboptimal solution found in 20 iterations and 0.24 seconds
Objective -9.83888160e-02
Primal infeasibility (abs/rel): 5.41e-11/2.70e-11
Dual infeasibility   (abs/rel): 8.64e-09/7.84e-09
Complementarity gap  (abs/rel): 7.70e-10/7.01e-10


Barrier finished in 0.24 seconds
Dual variables for problems with quadratic constraints not returned.
