cuOpt version: 26.10.0, git hash: 648f805d, host arch: x86_64, device archs: 80-real
CPU: AMD EPYC 7642 48-Core Processor, threads: 5C/5T, RAM usage: 27.49/503.74GiB
CPU SIMD target: AVX2
CUDA 12.9, device: NVIDIA A100 80GB PCIe (ID 0), VRAM: 79.44 GiB
CUDA device UUID: 68df5cf5-71f9-6a93-b428-460c080ffb10
Problem has 1 quadratic constraints. Converting to second-order cones and solving with barrier.
Handling 50 free variables directly in augmented system
Presolved problem: 5103 constraints 10102 variables 265152 nonzeros
Skipping Ruiz equilibration (row norm ratio 1.4, column norm ratio 1.4 < 5e4, Q coeff ratio 1.0 < 100)
Barrier solver started at 0.028 seconds
Barrier solver: 5103 constraints, 10102 variables, 265152 nonzeros


Second-order cones          : 1
Free variables              : 50
Upper bounds                : 5000
Linear system               : augmented
cuDSS Version               : 0.7.1
cuDSS Threading layer       : libcudss_mtlayer_gomp.so.0
Reordering time             : 0.066s
Symbolic factorization time : 0.023s
Symbolic nonzeros in factor : 2.79e+05
Elapsed time for augmented  : 0.124 seconds
Elapsed time           : 0.124 seconds
Barrier setup complete at 0.124 seconds
Adaptive regularization enabled


                  Objective                         Infeasibility        Time
Iter   Primal              Dual                Primal   Dual    Compl.   Elapsed
  0   -4.995995353809e-02 -2.507023350713e+03 5.00e+00 9.29e+00 1.02e+02 0.127
  1   -5.013066021747e-02 -4.657100822514e+01 8.25e-02 1.65e+00 5.51e+00 0.130
  2   -6.028590393033e-02 -1.209587260199e+00 8.25e-04 4.61e-01 1.28e-01 0.132
  3   -6.669367162229e-02 -3.184347083619e-01 1.78e-04 9.99e-02 2.78e-02 0.135
  4   -7.120451564185e-02 -2.624066317318e-01 9.28e-05 5.19e-02 1.43e-02 0.138
  5   -8.594461802443e-02 -1.401593124213e-01 2.40e-05 1.34e-02 3.63e-03 0.141
  6   -9.268724278570e-02 -1.117077441698e-01 3.24e-06 1.81e-03 4.71e-04 0.143
  7   -9.633245946090e-02 -1.033285719489e-01 1.14e-06 6.33e-04 1.54e-04 0.146
  8   -9.770808781466e-02 -1.001003729779e-01 3.13e-07 1.69e-04 4.55e-05 0.149
  9   -9.841729672609e-02 -9.879250945671e-02 3.24e-08 1.67e-05 3.60e-06 0.151
 10   -9.853511702614e-02 -9.861038239841e-02 4.62e-09 2.08e-06 3.48e-07 0.154
 11   -9.856123688075e-02 -9.857389114971e-02 1.14e-09 2.43e-07 6.63e-08 0.157
 12   -9.856656497596e-02 -9.856724097750e-02 5.39e-11 1.89e-08 3.34e-09 0.159
 13   -9.856683909406e-02 -9.856689226078e-02 2.13e-11 3.04e-08 2.19e-10 0.162
 14   -9.856686174964e-02 -9.856686499453e-02 2.38e-12 1.88e-06 8.29e-12 0.165
 15   -9.856686305401e-02 -9.856686346002e-02 3.58e-13 4.84e-05 1.12e-12 0.168
 16   -9.856686323603e-02 -9.856686324628e-02 6.20e-14 1.26e-04 1.32e-14 0.170
 17   -9.856686324158e-02 -9.856686324167e-02 3.89e-16 1.35e-04 9.10e-16 0.173
Numerical error in objective
Primal residual -nan dual residual -nan complementarity residual -nan
Search direction computation failed
Barrier finished in 0.18 seconds
Barrier Solve status A numerical error was encountered.
Dual variables for problems with quadratic constraints not returned.
