cuOpt version: 26.10.0, git hash: 648f805d, host arch: x86_64, device archs: 80-real
CPU: AMD EPYC 7642 48-Core Processor, threads: 5C/5T, RAM usage: 27.42/503.74GiB
CPU SIMD target: AVX2
CUDA 12.9, device: NVIDIA A100 80GB PCIe (ID 0), VRAM: 79.44 GiB
CUDA device UUID: 68df5cf5-71f9-6a93-b428-460c080ffb10
Problem has 1 quadratic constraints. Converting to second-order cones and solving with barrier.
Handling 50 free variables directly in augmented system
Presolved problem: 5103 constraints 10102 variables 265152 nonzeros
Skipping Ruiz equilibration (row norm ratio 1.4, column norm ratio 1.4 < 5e4, Q coeff ratio 1.0 < 100)
Barrier solver started at 0.027 seconds
Barrier solver: 5103 constraints, 10102 variables, 265152 nonzeros


Second-order cones          : 1
Free variables              : 50
Upper bounds                : 5000
Linear system               : augmented
cuDSS Version               : 0.7.1
cuDSS Threading layer       : libcudss_mtlayer_gomp.so.0
Reordering time             : 0.056s
Symbolic factorization time : 0.023s
Symbolic nonzeros in factor : 2.79e+05
Elapsed time for augmented  : 0.113 seconds
Elapsed time           : 0.113 seconds
Barrier setup complete at 0.113 seconds
Adaptive regularization enabled


                  Objective                         Infeasibility        Time
Iter   Primal              Dual                Primal   Dual    Compl.   Elapsed
  0   -4.994241254847e-02 -2.507006163305e+03 5.00e+00 9.28e+00 1.02e+02 0.116
  1   -5.011311112377e-02 -4.596914299494e+01 8.13e-02 1.65e+00 5.49e+00 0.119
  2   -6.040814207309e-02 -1.233165108445e+00 8.13e-04 4.56e-01 1.26e-01 0.122
  3   -6.630674303330e-02 -3.176433372733e-01 1.72e-04 9.68e-02 2.68e-02 0.124
  4   -7.293451903485e-02 -2.426986331931e-01 7.23e-05 4.07e-02 1.10e-02 0.127
  5   -8.674586716970e-02 -1.334344558890e-01 1.85e-05 1.04e-02 2.78e-03 0.130
  6   -9.222388178205e-02 -1.133418637708e-01 4.24e-06 2.38e-03 5.81e-04 0.133
  7   -9.576501680081e-02 -1.044796682753e-01 1.58e-06 8.81e-04 2.28e-04 0.135
  8   -9.779478516128e-02 -9.987984765198e-02 2.15e-07 1.17e-04 2.61e-05 0.138
  9   -9.847986173070e-02 -9.877324153016e-02 2.35e-08 1.18e-05 9.04e-07 0.141
 10   -9.856286488291e-02 -9.864349691112e-02 5.77e-09 2.23e-06 2.74e-07 0.143
 11   -9.859001646385e-02 -9.860743466569e-02 1.14e-09 3.99e-07 4.85e-08 0.146
 12   -9.859558068936e-02 -9.859995353429e-02 3.15e-10 6.62e-08 1.36e-08 0.149
 13   -9.859747782476e-02 -9.859767345358e-02 1.34e-11 1.73e-08 7.56e-10 0.151
 14   -9.859755750549e-02 -9.859757599201e-02 5.53e-12 1.24e-07 6.11e-11 0.154
 15   -9.859756554368e-02 -9.859756660012e-02 8.18e-13 1.41e-06 2.28e-12 0.157
 16   -9.859756601360e-02 -9.859756607021e-02 1.10e-13 3.51e-04 1.78e-13 0.160
 17   -9.859756604011e-02 -9.859756604206e-02 2.14e-14 4.51e-04 4.68e-15 0.162
 18   -9.859756604074e-02 -9.859756604157e-02 1.36e-14 8.30e-03 7.95e-16 0.165
Numerical error in objective
Primal residual -nan dual residual -nan complementarity residual -nan
Search direction computation failed
Barrier finished in 0.17 seconds
Barrier Solve status A numerical error was encountered.
Dual variables for problems with quadratic constraints not returned.
