cuOpt version: 26.10.0, git hash: 648f805d, host arch: x86_64, device archs: 80-real
CPU: AMD EPYC 7642 48-Core Processor, threads: 5C/5T, RAM usage: 27.41/503.74GiB
CPU SIMD target: AVX2
CUDA 12.9, device: NVIDIA A100 80GB PCIe (ID 0), VRAM: 79.44 GiB
CUDA device UUID: 68df5cf5-71f9-6a93-b428-460c080ffb10
Problem has 1 quadratic constraints. Converting to second-order cones and solving with barrier.
Handling 50 free variables directly in augmented system
Presolved problem: 5103 constraints 10102 variables 265152 nonzeros
Skipping Ruiz equilibration (row norm ratio 1.4, column norm ratio 1.4 < 5e4, Q coeff ratio 1.0 < 100)
Barrier solver started at 0.024 seconds
Barrier solver: 5103 constraints, 10102 variables, 265152 nonzeros


Second-order cones          : 1
Free variables              : 50
Upper bounds                : 5000
Linear system               : augmented
cuDSS Version               : 0.7.1
cuDSS Threading layer       : libcudss_mtlayer_gomp.so.0
Reordering time             : 0.053s
Symbolic factorization time : 0.023s
Symbolic nonzeros in factor : 2.79e+05
Elapsed time for augmented  : 0.107 seconds
Elapsed time           : 0.107 seconds
Barrier setup complete at 0.107 seconds
Adaptive regularization enabled


                  Objective                         Infeasibility        Time
Iter   Primal              Dual                Primal   Dual    Compl.   Elapsed
  0   -4.994692347848e-02 -2.506959949003e+03 5.00e+00 9.28e+00 1.02e+02 0.110
  1   -5.011768236487e-02 -4.663789266872e+01 8.26e-02 1.65e+00 5.51e+00 0.113
  2   -6.026024549790e-02 -1.214555987495e+00 8.26e-04 4.61e-01 1.28e-01 0.116
  3   -6.661795300502e-02 -3.188619616975e-01 1.78e-04 9.98e-02 2.78e-02 0.118
  4   -7.464265022017e-02 -2.379309841534e-01 7.37e-05 4.12e-02 1.12e-02 0.121
  5   -8.837221091297e-02 -1.308438131488e-01 1.75e-05 9.81e-03 2.64e-03 0.124
  6   -9.367369139599e-02 -1.082853514454e-01 1.69e-06 9.47e-04 2.20e-04 0.126
  7   -9.661703765374e-02 -1.020480434985e-01 5.32e-07 2.89e-04 7.85e-05 0.129
  8   -9.807647938877e-02 -9.945931601437e-02 8.15e-08 4.37e-05 8.85e-06 0.132
  9   -9.850360261188e-02 -9.880819228360e-02 1.39e-08 6.40e-06 7.92e-07 0.135
 10   -9.857710184167e-02 -9.870305803388e-02 5.40e-09 1.88e-06 5.37e-07 0.137
 11   -9.862633164406e-02 -9.864148301349e-02 5.17e-10 1.55e-07 6.29e-08 0.140
 12   -9.863204551957e-02 -9.863446851013e-02 9.51e-11 2.62e-08 1.30e-08 0.143
 13   -9.863309489693e-02 -9.863320242292e-02 6.47e-12 1.82e-08 6.39e-10 0.145
 14   -9.863314240668e-02 -9.863314549494e-02 7.46e-13 7.88e-07 1.61e-11 0.148
 15   -9.863314355235e-02 -9.863314410081e-02 1.01e-12 5.29e-05 2.46e-12 0.151
 16   -9.863314379056e-02 -9.863314382642e-02 4.97e-13 5.47e-04 7.01e-14 0.153
 17   -9.863314381255e-02 -9.863314381421e-02 1.50e-14 3.07e-04 3.57e-15 0.156
 18   -9.863314381351e-02 -9.863314381357e-02 2.22e-15 3.76e-03 3.25e-16 0.159
Numerical error in objective
Primal residual -nan dual residual -nan complementarity residual -nan
Search direction computation failed
Barrier finished in 0.16 seconds
Barrier Solve status A numerical error was encountered.
Dual variables for problems with quadratic constraints not returned.
