cuOpt version: 26.10.0, git hash: 648f805d, host arch: x86_64, device archs: 80-real
CPU: AMD EPYC 7642 48-Core Processor, threads: 5C/5T, RAM usage: 27.44/503.74GiB
CPU SIMD target: AVX2
CUDA 12.9, device: NVIDIA A100 80GB PCIe (ID 0), VRAM: 79.44 GiB
CUDA device UUID: 68df5cf5-71f9-6a93-b428-460c080ffb10
Problem has 1 quadratic constraints. Converting to second-order cones and solving with barrier.
Handling 50 free variables directly in augmented system
Presolved problem: 5103 constraints 10102 variables 265152 nonzeros
Skipping Ruiz equilibration (row norm ratio 1.4, column norm ratio 1.4 < 5e4, Q coeff ratio 1.0 < 100)
Barrier solver started at 0.026 seconds
Barrier solver: 5103 constraints, 10102 variables, 265152 nonzeros


Second-order cones          : 1
Free variables              : 50
Upper bounds                : 5000
Linear system               : augmented
cuDSS Version               : 0.7.1
cuDSS Threading layer       : libcudss_mtlayer_gomp.so.0
Reordering time             : 0.128s
Symbolic factorization time : 0.024s
Symbolic nonzeros in factor : 2.79e+05
Elapsed time for augmented  : 0.185 seconds
Elapsed time           : 0.185 seconds
Barrier setup complete at 0.185 seconds
Adaptive regularization enabled


                  Objective                         Infeasibility        Time
Iter   Primal              Dual                Primal   Dual    Compl.   Elapsed
  0   -4.996289336839e-02 -2.506979380257e+03 5.00e+00 9.28e+00 1.02e+02 0.188
  1   -5.013381428135e-02 -4.598218099135e+01 8.13e-02 1.65e+00 5.49e+00 0.191
  2   -6.045465582317e-02 -1.209841340046e+00 8.13e-04 4.56e-01 1.26e-01 0.193
  3   -6.666456541543e-02 -3.204004553705e-01 1.77e-04 9.96e-02 2.76e-02 0.196
  4   -7.328849687123e-02 -2.404756918087e-01 6.86e-05 3.85e-02 1.04e-02 0.199
  5   -8.710205749973e-02 -1.319286295614e-01 1.71e-05 9.63e-03 2.57e-03 0.201
  6   -9.312976920060e-02 -1.099230760586e-01 2.14e-06 1.20e-03 2.39e-04 0.204
  7   -9.586688152757e-02 -1.035051246675e-01 8.11e-07 4.47e-04 1.12e-04 0.207
  8   -9.744388666919e-02 -1.001293024797e-01 5.37e-08 2.97e-05 1.10e-05 0.209
  9   -9.812945605820e-02 -9.921362883878e-02 1.96e-08 9.73e-06 4.12e-06 0.212
 10   -9.828388633694e-02 -9.897050994805e-02 1.10e-08 3.62e-06 6.24e-06 0.215
 11   -9.853981939479e-02 -9.866235993372e-02 1.33e-09 4.08e-07 1.07e-06 0.218
 12   -9.859230045876e-02 -9.860077654784e-02 4.20e-11 2.17e-08 9.31e-08 0.220
 13   -9.859593931589e-02 -9.859644997136e-02 9.11e-11 4.21e-09 5.63e-09 0.223
 14   -9.859616442976e-02 -9.859617718594e-02 4.45e-11 1.98e-08 1.06e-10 0.226
 15   -9.859617024861e-02 -9.859617142668e-02 5.10e-12 1.43e-05 8.69e-12 0.229
 16   -9.859617083458e-02 -9.859617088069e-02 2.62e-13 8.51e-05 2.22e-13 0.231
 17   -9.859617085489e-02 -9.859617086063e-02 1.31e-13 7.51e-04 1.44e-14 0.234
 18   -9.859617085782e-02 -9.859617085947e-02 5.30e-14 4.45e-03 1.53e-15 0.237
Numerical error in objective
Restoring previous solution


Suboptimal solution found in 19 iterations and 0.24 seconds
Objective -9.85959393e-02
Primal infeasibility (abs/rel): 1.82e-10/9.11e-11
Dual infeasibility   (abs/rel): 4.63e-09/4.21e-09
Complementarity gap  (abs/rel): 6.19e-09/5.63e-09


Barrier finished in 0.24 seconds
Dual variables for problems with quadratic constraints not returned.
