cuOpt version: 26.10.0, git hash: 648f805d, host arch: x86_64, device archs: 80-real
CPU: AMD EPYC 7642 48-Core Processor, threads: 5C/5T, RAM usage: 27.58/503.74GiB
CPU SIMD target: AVX2
CUDA 12.9, device: NVIDIA A100 80GB PCIe (ID 0), VRAM: 79.44 GiB
CUDA device UUID: 68df5cf5-71f9-6a93-b428-460c080ffb10
Problem has 1 quadratic constraints. Converting to second-order cones and solving with barrier.
Handling 50 free variables directly in augmented system
Presolved problem: 5103 constraints 10102 variables 265152 nonzeros
Skipping Ruiz equilibration (row norm ratio 1.4, column norm ratio 1.4 < 5e4, Q coeff ratio 1.0 < 100)
Barrier solver started at 0.027 seconds
Barrier solver: 5103 constraints, 10102 variables, 265152 nonzeros


Second-order cones          : 1
Free variables              : 50
Upper bounds                : 5000
Linear system               : augmented
cuDSS Version               : 0.7.1
cuDSS Threading layer       : libcudss_mtlayer_gomp.so.0
Reordering time             : 0.054s
Symbolic factorization time : 0.024s
Symbolic nonzeros in factor : 2.79e+05
Elapsed time for augmented  : 0.111 seconds
Elapsed time           : 0.111 seconds
Barrier setup complete at 0.111 seconds
Adaptive regularization enabled


                  Objective                         Infeasibility        Time
Iter   Primal              Dual                Primal   Dual    Compl.   Elapsed
  0   -4.992850277852e-02 -2.507082430269e+03 5.00e+00 9.28e+00 1.02e+02 0.114
  1   -5.009890604548e-02 -4.614335549943e+01 8.17e-02 1.65e+00 5.49e+00 0.117
  2   -6.032758460159e-02 -1.233964681839e+00 8.17e-04 4.57e-01 1.27e-01 0.120
  3   -6.632914643630e-02 -3.063467237055e-01 1.65e-04 9.27e-02 2.57e-02 0.122
  4   -7.195687492661e-02 -2.513365660780e-01 8.31e-05 4.66e-02 1.27e-02 0.125
  5   -8.633007434320e-02 -1.374312269837e-01 2.15e-05 1.20e-02 3.23e-03 0.128
  6   -9.151822784340e-02 -1.121318525109e-01 2.02e-06 1.13e-03 3.01e-04 0.131
  7   -9.495947539080e-02 -1.045939570505e-01 8.51e-07 4.70e-04 1.62e-04 0.133
  8   -9.731679698467e-02 -9.996396745964e-02 1.06e-07 5.69e-05 1.24e-05 0.136
  9   -9.798477166873e-02 -9.894825085035e-02 3.21e-08 1.63e-05 3.33e-06 0.139
 10   -9.812681396111e-02 -9.870042264946e-02 1.53e-08 5.95e-06 4.24e-06 0.141
 11   -9.832772914231e-02 -9.844342599939e-02 2.55e-09 9.47e-07 8.68e-07 0.144
 12   -9.837157668597e-02 -9.838834581223e-02 2.68e-10 1.33e-07 1.53e-07 0.147
 13   -9.837850798773e-02 -9.837963541736e-02 6.68e-11 5.46e-09 1.06e-08 0.149
 14   -9.837899147486e-02 -9.837902722242e-02 3.31e-11 1.88e-08 3.22e-10 0.152
 15   -9.837900684540e-02 -9.837900846103e-02 1.07e-11 1.16e-06 1.27e-11 0.155
 16   -9.837900767221e-02 -9.837900774084e-02 1.23e-12 7.30e-05 2.99e-13 0.158
 17   -9.837900770698e-02 -9.837900772263e-02 4.73e-13 6.13e-04 2.63e-14 0.160
 18   -9.837900771688e-02 -9.837900772098e-02 1.48e-13 7.45e-03 1.17e-15 0.163
Numerical error in objective
Primal residual -nan dual residual -nan complementarity residual -nan
Search direction computation failed
Barrier finished in 0.17 seconds
Barrier Solve status A numerical error was encountered.
Dual variables for problems with quadratic constraints not returned.
