cuOpt version: 26.10.0, git hash: 648f805d, host arch: x86_64, device archs: 80-real
CPU: AMD EPYC 7642 48-Core Processor, threads: 5C/5T, RAM usage: 37.56/503.74GiB
CPU SIMD target: AVX2
CUDA 12.9, device: NVIDIA A100 80GB PCIe (ID 0), VRAM: 79.44 GiB
CUDA device UUID: 68df5cf5-71f9-6a93-b428-460c080ffb10
Problem has 1 quadratic constraints. Converting to second-order cones and solving with barrier.
Handling 50 free variables directly in augmented system
Presolved problem: 5103 constraints 10102 variables 265152 nonzeros
Skipping Ruiz equilibration (row norm ratio 1.4, column norm ratio 1.4 < 5e4, Q coeff ratio 1.0 < 100)
Barrier solver started at 0.028 seconds
Barrier solver: 5103 constraints, 10102 variables, 265152 nonzeros


Second-order cones          : 1
Free variables              : 50
Upper bounds                : 5000
Linear system               : augmented
cuDSS Version               : 0.7.1
cuDSS Threading layer       : libcudss_mtlayer_gomp.so.0
Reordering time             : 0.141s
Symbolic factorization time : 0.023s
Symbolic nonzeros in factor : 2.79e+05
Elapsed time for augmented  : 0.198 seconds
Elapsed time           : 0.198 seconds
Barrier setup complete at 0.198 seconds
Adaptive regularization enabled


                  Objective                         Infeasibility        Time
Iter   Primal              Dual                Primal   Dual    Compl.   Elapsed
  0   -3.703274138474e+02 -3.710708058040e+02 3.71e+03 1.91e+00 1.19e-02 0.199
  1   -8.080486158748e-01 -3.472779488076e+02 6.70e+00 2.97e-01 1.68e-01 0.203
  2   -6.077017195124e-02 -4.918257914624e+00 5.27e-02 3.11e-03 1.96e-03 0.207
  3   -5.629282886234e-02 -2.016747179866e-01 1.46e-03 8.58e-05 4.64e-05 0.211
  4   -6.110266094751e-02 -2.039932901332e-01 1.34e-03 7.87e-05 4.69e-05 0.215
  5   -6.121839319157e-02 -2.039906546433e-01 1.32e-03 7.80e-05 4.83e-05 0.219
  6   -7.214707157221e-02 -1.974984129296e-01 6.75e-04 3.98e-05 3.31e-04 0.223
  7   -7.208405236900e-02 -1.955975718753e-01 6.15e-04 3.62e-05 3.00e-04 0.228
  8   -7.941352917314e-02 -1.605060077440e-01 3.87e-04 2.28e-05 2.37e-04 0.232
  9   -7.947272592166e-02 -1.604465318601e-01 3.82e-04 2.25e-05 2.34e-04 0.237
 10   -8.436661233264e-02 -1.392602323987e-01 1.75e-04 1.03e-05 1.69e-04 0.242
 11   -8.426302633617e-02 -1.390435641391e-01 1.72e-04 1.01e-05 1.66e-04 0.247
 12   -8.508341028003e-02 -1.319497847872e-01 9.48e-05 5.59e-06 1.22e-04 0.251
 13   -8.507748017759e-02 -1.316135909842e-01 9.15e-05 5.39e-06 1.88e-04 0.256
 14   -8.529607153692e-02 -1.309620479997e-01 8.67e-05 5.11e-06 2.10e-04 0.261
 15   -8.667437923349e-02 -1.247028884808e-01 4.69e-05 2.77e-06 1.70e-04 0.266
 16   -8.671882585471e-02 -1.241921149316e-01 4.45e-05 2.62e-06 1.88e-04 0.271
 17   -8.839612362836e-02 -1.193940250117e-01 2.84e-05 1.67e-06 1.59e-04 0.275
 18   -8.849326626291e-02 -1.191311393636e-01 2.74e-05 1.62e-06 1.69e-04 0.280
 19   -8.954901641771e-02 -1.161724779428e-01 1.97e-05 1.16e-06 1.50e-04 0.285
 20   -8.955374245321e-02 -1.159462283718e-01 1.91e-05 1.12e-06 1.59e-04 0.290
 21   -9.100815815850e-02 -1.126267459710e-01 1.31e-05 7.70e-07 1.37e-04 0.294
 22   -9.106864189525e-02 -1.124263091751e-01 1.26e-05 7.44e-07 1.45e-04 0.300
 23   -9.235926657082e-02 -1.096578967984e-01 8.57e-06 5.05e-07 1.17e-04 0.305
 24   -9.236055718822e-02 -1.095013972030e-01 8.28e-06 4.88e-07 1.24e-04 0.310
 25   -9.355065644574e-02 -1.071531090741e-01 5.56e-06 3.28e-07 9.92e-05 0.314
 26   -9.357619486728e-02 -1.070293196196e-01 5.37e-06 3.16e-07 1.05e-04 0.320
 27   -9.441518434633e-02 -1.054051444504e-01 3.72e-06 2.19e-07 8.28e-05 0.325
 28   -9.442126745589e-02 -1.053055333974e-01 3.60e-06 2.12e-07 8.73e-05 0.330
 29   -9.510712058621e-02 -1.040513361478e-01 2.54e-06 1.50e-07 6.95e-05 0.335
 30   -9.512925951897e-02 -1.039702224306e-01 2.45e-06 1.44e-07 7.32e-05 0.341
 31   -9.562660652157e-02 -1.030732065896e-01 1.78e-06 1.05e-07 5.89e-05 0.345
 32   -9.563944054368e-02 -1.030051873584e-01 1.71e-06 1.01e-07 6.18e-05 0.351
 33   -9.608368631170e-02 -1.022530695848e-01 1.25e-06 7.34e-08 4.97e-05 0.356
 34   -9.610467228715e-02 -1.021954163921e-01 1.20e-06 7.06e-08 5.21e-05 0.361
 35   -9.645309881261e-02 -1.016188065878e-01 8.85e-07 5.22e-08 4.19e-05 0.366
 36   -9.646740565078e-02 -1.015701447523e-01 8.51e-07 5.01e-08 4.38e-05 0.372
 37   -9.677024356994e-02 -1.010913764301e-01 6.30e-07 3.72e-08 3.53e-05 0.377
 38   -9.678893142194e-02 -1.010497787352e-01 6.05e-07 3.57e-08 3.68e-05 0.382
 39   -9.702589558615e-02 -1.006807864125e-01 4.55e-07 2.68e-08 2.99e-05 0.387
 40   -9.704021769808e-02 -1.006453207530e-01 4.36e-07 2.57e-08 3.11e-05 0.393
 41   -9.724835477350e-02 -1.003337490392e-01 3.29e-07 1.94e-08 2.52e-05 0.398
 42   -9.726497465926e-02 -1.003026903993e-01 3.15e-07 1.85e-08 2.63e-05 0.403
 43   -9.743676271622e-02 -1.000506828312e-01 2.38e-07 1.41e-08 2.14e-05 0.408
 44   -9.745002771718e-02 -1.000239610375e-01 2.28e-07 1.34e-08 2.23e-05 0.414
 45   -9.760606102205e-02 -9.980348855319e-02 1.72e-07 1.01e-08 1.80e-05 0.418
 46   -9.762015766139e-02 -9.977990047479e-02 1.64e-07 9.67e-09 1.87e-05 0.424
 47   -9.775400646027e-02 -9.959509032448e-02 1.23e-07 7.27e-09 1.50e-05 0.428
 48   -9.776534969258e-02 -9.957494178321e-02 1.18e-07 6.93e-09 1.56e-05 0.434
 49   -9.788709989664e-02 -9.941219657576e-02 8.73e-08 5.15e-09 1.23e-05 0.438
 50   -9.789830994661e-02 -9.939466306615e-02 8.31e-08 4.90e-09 1.28e-05 0.444
 51   -9.800001802520e-02 -9.926100558879e-02 6.16e-08 3.63e-09 1.01e-05 0.448
 52   -9.800910002123e-02 -9.924629971536e-02 5.85e-08 3.45e-09 1.04e-05 0.454
 53   -9.809739598587e-02 -9.913288826233e-02 4.30e-08 2.54e-09 8.12e-06 0.458
 54   -9.810612284022e-02 -9.912013134173e-02 4.08e-08 2.40e-09 8.38e-06 0.463
 55   -9.817834780744e-02 -9.902861576456e-02 3.00e-08 1.77e-09 6.52e-06 0.467
 56   -9.818558477647e-02 -9.901789686845e-02 2.84e-08 1.67e-09 6.72e-06 0.473
 57   -9.824763320995e-02 -9.894078197212e-02 2.07e-08 1.22e-09 5.19e-06 0.477
 58   -9.825441976430e-02 -9.893146177699e-02 1.96e-08 1.15e-09 5.33e-06 0.483
 59   -9.830534566628e-02 -9.886896103804e-02 1.43e-08 8.40e-10 4.10e-06 0.487
 60   -9.831100779352e-02 -9.886115333150e-02 1.34e-08 7.91e-10 4.20e-06 0.492
 61   -9.835437368639e-02 -9.880877465579e-02 9.69e-09 5.71e-10 3.20e-06 0.496
 62   -9.835954086728e-02 -9.880202469612e-02 9.09e-09 5.36e-10 3.27e-06 0.506
 63   -9.839484300216e-02 -9.875983133841e-02 6.54e-09 3.85e-10 2.47e-06 0.509
 64   -9.839915759587e-02 -9.875420708665e-02 6.12e-09 3.61e-10 2.52e-06 0.515
 65   -9.842868844650e-02 -9.871935617658e-02 4.36e-09 2.57e-10 1.89e-06 0.519
 66   -9.843254167966e-02 -9.871452534562e-02 4.07e-09 2.40e-10 1.92e-06 0.525
 67   -9.845625946273e-02 -9.868677184435e-02 2.88e-09 1.70e-10 1.43e-06 0.529
 68   -9.845947957315e-02 -9.868275848903e-02 2.68e-09 1.58e-10 1.44e-06 0.535
 69   -9.847898930478e-02 -9.866015875656e-02 1.88e-09 1.11e-10 1.06e-06 0.538
 70   -9.848181959663e-02 -9.865672731791e-02 1.74e-09 1.03e-10 1.07e-06 0.544
 71   -9.849733631561e-02 -9.863888204821e-02 1.22e-09 7.17e-11 7.83e-07 0.548
 72   -9.849969304693e-02 -9.863604410477e-02 1.12e-09 6.60e-11 7.85e-07 0.554
 73   -9.851219714942e-02 -9.862177583249e-02 7.77e-10 4.57e-11 5.68e-07 0.558
 74   -9.851423096521e-02 -9.861937342625e-02 7.12e-10 4.18e-11 5.66e-07 0.564
 75   -9.852395775963e-02 -9.860833487078e-02 4.91e-10 2.88e-11 4.07e-07 0.568
 76   -9.852564428734e-02 -9.860635702327e-02 4.47e-10 2.63e-11 4.03e-07 0.573
 77   -9.853327670814e-02 -9.859774555907e-02 3.06e-10 1.79e-11 2.87e-07 0.577
 78   -9.853471826223e-02 -9.859607815926e-02 2.77e-10 1.62e-11 2.83e-07 0.582
 79   -9.854055358243e-02 -9.858952283227e-02 1.89e-10 1.10e-11 2.01e-07 0.586
 80   -9.854175141594e-02 -9.858814662261e-02 1.69e-10 9.89e-12 1.96e-07 0.591
 81   -9.854625464021e-02 -9.858311100164e-02 1.15e-10 6.69e-12 1.38e-07 0.595
 82   -9.854727158583e-02 -9.858195373812e-02 1.02e-10 5.93e-12 1.34e-07 0.600
 83   -9.855067032776e-02 -9.857816659991e-02 6.91e-11 4.02e-12 9.37e-08 0.604
 84   -9.855151305412e-02 -9.857721293286e-02 6.07e-11 3.54e-12 8.96e-08 0.610
 85   -9.855408553305e-02 -9.857435662971e-02 4.08e-11 2.37e-12 6.25e-08 0.614
 86   -9.855479269700e-02 -9.857356165930e-02 3.55e-11 2.00e-12 5.90e-08 0.618
 87   -9.855669691691e-02 -9.857145320218e-02 2.37e-11 1.35e-12 4.09e-08 0.622
 88   -9.855727769159e-02 -9.857080322970e-02 2.03e-11 1.08e-12 3.81e-08 0.628
 89   -9.855868338889e-02 -9.856925096156e-02 1.35e-11 7.26e-13 2.62e-08 0.632
 90   -9.855916217524e-02 -9.856871761028e-02 1.13e-11 5.02e-13 2.40e-08 0.636
 91   -9.856017587720e-02 -9.856760062937e-02 7.49e-12 3.35e-13 1.64e-08 0.640
 92   -9.856056166615e-02 -9.856717234374e-02 6.17e-12 5.67e-13 1.47e-08 0.645
 93   -9.856128422379e-02 -9.856637777452e-02 4.05e-12 3.39e-13 9.97e-09 0.649
 94   -9.856159301304e-02 -9.856603607793e-02 3.25e-12 1.80e-13 8.69e-09 0.654
 95   -9.856209261538e-02 -9.856548756946e-02 2.11e-12 1.30e-13 5.85e-09 0.658
 96   -9.856233344732e-02 -9.856522174532e-02 1.64e-12 4.13e-13 4.94e-09 0.663
 97   -9.856267068993e-02 -9.856485202964e-02 1.06e-12 2.53e-13 3.29e-09 0.667
 98   -9.856285529200e-02 -9.856464872952e-02 7.90e-13 1.65e-13 2.66e-09 0.672
 99   -9.856307372561e-02 -9.856440954837e-02 5.02e-13 1.05e-13 1.75e-09 0.676
100   -9.856321030467e-02 -9.856425940869e-02 3.55e-13 2.48e-12 1.34e-09 0.681
101   -9.856334560350e-02 -9.856411141583e-02 2.22e-13 1.57e-12 8.70e-10 0.684
102   -9.856344235490e-02 -9.856400522513e-02 1.46e-13 1.74e-12 6.16e-10 0.689
103   -9.856352080924e-02 -9.856391948604e-02 8.92e-14 1.03e-12 3.90e-10 0.693
104   -9.856358362758e-02 -9.856385063050e-02 5.31e-14 1.85e-12 2.49e-10 0.698
105   -9.856362566175e-02 -9.856380472877e-02 3.10e-14 1.09e-12 1.51e-10 0.701
106   -9.856366062035e-02 -9.856376645840e-02 2.15e-13 4.65e-11 8.45e-11 0.705
107   -9.856368044939e-02 -9.856374481535e-02 1.16e-13 2.53e-11 4.72e-11 0.709
108   -9.856369605473e-02 -9.856372773884e-02 4.01e-14 1.41e-10 2.20e-11 0.713
109   -9.856370343164e-02 -9.856371969179e-02 1.88e-14 6.75e-11 1.06e-11 0.717
110   -9.856370807119e-02 -9.856371461908e-02 3.20e-14 3.47e-10 3.72e-12 0.721


Optimal solution found in 110 iterations and 0.721s
Objective -9.85637081e-02
Primal infeasibility (abs/rel): 6.40e-14/3.20e-14
Dual infeasibility   (abs/rel): 3.82e-10/3.47e-10
Complementarity gap  (abs/rel): 4.09e-12/3.72e-12


Barrier finished in 0.72 seconds
Dual variables for problems with quadratic constraints not returned.
