cuOpt version: 26.10.0, git hash: 648f805d, host arch: x86_64, device archs: 80-real
CPU: AMD EPYC 7642 48-Core Processor, threads: 5C/5T, RAM usage: 37.48/503.74GiB
CPU SIMD target: AVX2
CUDA 12.9, device: NVIDIA A100 80GB PCIe (ID 0), VRAM: 79.44 GiB
CUDA device UUID: 68df5cf5-71f9-6a93-b428-460c080ffb10
Problem has 1 quadratic constraints. Converting to second-order cones and solving with barrier.
Barrier: reusing cache (skip convert/presolve/scaling)
Barrier solver started at 0.000 seconds
Barrier solver: 5103 constraints, 10102 variables, 265152 nonzeros
Barrier setup complete at 0.003 seconds
Adaptive regularization enabled


                  Objective                         Infeasibility        Time
Iter   Primal              Dual                Primal   Dual    Compl.   Elapsed
  0   -3.701605598740e+02 -3.710234169387e+02 3.71e+03 1.91e+00 1.19e-02 0.004
  1   -8.080457877290e-01 -3.472304197073e+02 6.71e+00 2.97e-01 1.68e-01 0.008
  2   -6.078091649090e-02 -4.935431654789e+00 5.31e-02 3.12e-03 1.97e-03 0.014
  3   -5.626529095630e-02 -2.021234868490e-01 1.46e-03 8.61e-05 4.64e-05 0.018
  4   -6.208280281083e-02 -2.045751208729e-01 1.30e-03 7.67e-05 7.72e-05 0.023
  5   -6.228590423377e-02 -2.045309402145e-01 1.28e-03 7.55e-05 7.76e-05 0.029
  6   -7.644388548690e-02 -1.904807664677e-01 3.56e-04 2.09e-05 2.89e-04 0.034
  7   -7.623582527958e-02 -1.880043115020e-01 3.19e-04 1.88e-05 2.69e-04 0.039
  8   -8.313317827322e-02 -1.488388124115e-01 1.77e-04 1.04e-05 1.78e-04 0.044
  9   -8.318314228224e-02 -1.488285668092e-01 1.75e-04 1.03e-05 1.76e-04 0.049
 10   -8.588663142761e-02 -1.314386481225e-01 6.09e-05 3.58e-06 1.08e-04 0.054
 11   -8.577693462005e-02 -1.312560786504e-01 6.00e-05 3.53e-06 1.06e-04 0.059
 12   -8.920896469292e-02 -1.208451597720e-01 3.30e-05 1.94e-06 7.00e-05 0.064
 13   -8.913751823043e-02 -1.206166586970e-01 3.19e-05 1.88e-06 6.79e-05 0.069
 14   -9.065489699019e-02 -1.160138393978e-01 2.14e-05 1.26e-06 5.58e-05 0.076
 15   -9.058009140308e-02 -1.159199368472e-01 2.12e-05 1.25e-06 5.52e-05 0.081
 16   -9.063585182467e-02 -1.146283355646e-01 1.70e-05 1.00e-06 8.00e-05 0.087
 17   -9.069687758952e-02 -1.145459805473e-01 1.66e-05 9.76e-07 8.81e-05 0.092
 18   -9.122540450938e-02 -1.126972294110e-01 1.26e-05 7.39e-07 9.31e-05 0.098
 19   -9.120468186741e-02 -1.125392655365e-01 1.22e-05 7.18e-07 1.00e-04 0.103
 20   -9.198779561733e-02 -1.105065702024e-01 9.08e-06 5.34e-07 1.06e-04 0.110
 21   -9.205360201879e-02 -1.103926843168e-01 8.79e-06 5.17e-07 1.13e-04 0.115
 22   -9.301435238440e-02 -1.082628016904e-01 6.19e-06 3.64e-07 9.79e-05 0.121
 23   -9.299094161668e-02 -1.081242658385e-01 5.99e-06 3.52e-07 1.04e-04 0.126
 24   -9.397767506619e-02 -1.061770865130e-01 4.14e-06 2.44e-07 9.07e-05 0.131
 25   -9.403138804085e-02 -1.060564555117e-01 3.99e-06 2.35e-07 9.57e-05 0.136
 26   -9.470634742032e-02 -1.047280325511e-01 2.84e-06 1.67e-07 7.85e-05 0.141
 27   -9.470380571811e-02 -1.046282032440e-01 2.73e-06 1.61e-07 8.24e-05 0.147
 28   -9.531090257999e-02 -1.035211591381e-01 1.95e-06 1.15e-07 6.81e-05 0.151
 29   -9.535223394872e-02 -1.034355592261e-01 1.87e-06 1.10e-07 7.14e-05 0.157
 30   -9.579490791222e-02 -1.026332116240e-01 1.37e-06 8.03e-08 5.82e-05 0.161
 31   -9.580467507624e-02 -1.025616186226e-01 1.31e-06 7.70e-08 6.08e-05 0.167
 32   -9.624474135573e-02 -1.018292067180e-01 9.37e-07 5.51e-08 4.87e-05 0.172
 33   -9.627656246136e-02 -1.017683853296e-01 8.98e-07 5.28e-08 5.09e-05 0.177
 34   -9.662049415473e-02 -1.012066672944e-01 6.47e-07 3.81e-08 4.02e-05 0.182
 35   -9.663204655319e-02 -1.011577159943e-01 6.19e-07 3.64e-08 4.19e-05 0.188
 36   -9.695458842536e-02 -1.006629474862e-01 4.39e-07 2.58e-08 3.24e-05 0.192
 37   -9.697718206025e-02 -1.006224471245e-01 4.20e-07 2.47e-08 3.37e-05 0.198
 38   -9.721447940530e-02 -1.002614065722e-01 3.03e-07 1.78e-08 2.61e-05 0.203
 39   -9.722520809209e-02 -1.002295567170e-01 2.90e-07 1.70e-08 2.71e-05 0.208
 40   -9.743996748029e-02 -9.991834397625e-02 2.06e-07 1.21e-08 2.08e-05 0.212
 41   -9.745643610948e-02 -9.989151579138e-02 1.97e-07 1.16e-08 2.16e-05 0.218
 42   -9.762040754167e-02 -9.965748622343e-02 1.43e-07 8.39e-09 1.66e-05 0.222
 43   -9.762974341323e-02 -9.963619498712e-02 1.36e-07 8.01e-09 1.72e-05 0.228
 44   -9.778074678587e-02 -9.943017193149e-02 9.69e-08 5.70e-09 1.30e-05 0.232
 45   -9.779255875373e-02 -9.941211280408e-02 9.25e-08 5.44e-09 1.35e-05 0.238
 46   -9.790805689231e-02 -9.925662651308e-02 6.66e-08 3.92e-09 1.03e-05 0.242
 47   -9.791547130246e-02 -9.924244403777e-02 6.35e-08 3.73e-09 1.07e-05 0.247
 48   -9.801912375996e-02 -9.910765965335e-02 4.51e-08 2.65e-09 7.98e-06 0.251
 49   -9.802761808185e-02 -9.909544204345e-02 4.29e-08 2.52e-09 8.27e-06 0.257
 50   -9.810733713726e-02 -9.899312486010e-02 3.08e-08 1.81e-09 6.23e-06 0.261
 51   -9.811314955669e-02 -9.898347321741e-02 2.93e-08 1.72e-09 6.45e-06 0.267
 52   -9.818319410957e-02 -9.889596977438e-02 2.07e-08 1.22e-09 4.80e-06 0.271
 53   -9.818936448678e-02 -9.888756179505e-02 1.97e-08 1.16e-09 4.96e-06 0.276
 54   -9.824286471717e-02 -9.882138818129e-02 1.41e-08 8.29e-10 3.72e-06 0.280
 55   -9.824738247632e-02 -9.881468720207e-02 1.34e-08 7.86e-10 3.84e-06 0.286
 56   -9.829361080356e-02 -9.875870537029e-02 9.47e-09 5.57e-10 2.85e-06 0.290
 57   -9.829818542585e-02 -9.875277370991e-02 8.96e-09 5.27e-10 2.94e-06 0.295
 58   -9.833389368855e-02 -9.870991609647e-02 6.40e-09 3.77e-10 2.20e-06 0.299
 59   -9.833739758489e-02 -9.870514448680e-02 6.04e-09 3.55e-10 2.26e-06 0.305
 60   -9.836792014223e-02 -9.866910494683e-02 4.28e-09 2.52e-10 1.67e-06 0.309
 61   -9.837133291811e-02 -9.866485376414e-02 4.03e-09 2.37e-10 1.71e-06 0.315
 62   -9.839504782684e-02 -9.863706132334e-02 2.87e-09 1.69e-10 1.28e-06 0.319
 63   -9.839774349763e-02 -9.863361453692e-02 2.69e-09 1.58e-10 1.30e-06 0.324
 64   -9.841775795678e-02 -9.861045040300e-02 1.90e-09 1.12e-10 9.62e-07 0.328
 65   -9.842030631942e-02 -9.860737618042e-02 1.77e-09 1.04e-10 9.78e-07 0.334
 66   -9.843589022834e-02 -9.858945133271e-02 1.26e-09 7.39e-11 7.23e-07 0.338
 67   -9.843794323786e-02 -9.858694424306e-02 1.17e-09 6.88e-11 7.33e-07 0.343
 68   -9.845088888254e-02 -9.857219312373e-02 8.22e-10 4.83e-11 5.38e-07 0.347
 69   -9.845278314469e-02 -9.856996528067e-02 7.62e-10 4.47e-11 5.43e-07 0.352
 70   -9.846283799136e-02 -9.855856521544e-02 5.36e-10 3.15e-11 3.99e-07 0.356
 71   -9.846438555106e-02 -9.855673777455e-02 4.95e-10 2.91e-11 4.00e-07 0.361
 72   -9.847261185283e-02 -9.854747665218e-02 3.46e-10 2.03e-11 2.92e-07 0.365
 73   -9.847401234993e-02 -9.854586207194e-02 3.17e-10 1.87e-11 2.92e-07 0.371
 74   -9.848038665820e-02 -9.853871532113e-02 2.22e-10 1.31e-11 2.13e-07 0.375
 75   -9.848153999030e-02 -9.853738586135e-02 2.02e-10 1.19e-11 2.11e-07 0.380
 76   -9.848667864370e-02 -9.853165529608e-02 1.40e-10 8.24e-12 1.53e-07 0.384
 77   -9.848770194116e-02 -9.853049334301e-02 1.27e-10 7.28e-12 1.50e-07 0.389
 78   -9.849165596430e-02 -9.852609848886e-02 8.77e-11 5.05e-12 1.08e-07 0.393
 79   -9.849249817959e-02 -9.852514399883e-02 7.87e-11 4.58e-12 1.06e-07 0.398
 80   -9.849561800594e-02 -9.852168997192e-02 5.40e-11 3.13e-12 7.58e-08 0.402
 81   -9.849634893568e-02 -9.852086941315e-02 4.81e-11 2.75e-12 7.33e-08 0.407
 82   -9.849870863358e-02 -9.851826357287e-02 3.29e-11 1.89e-12 5.23e-08 0.411
 83   -9.849930716092e-02 -9.851759339126e-02 2.90e-11 1.91e-12 5.00e-08 0.416
 84   -9.850111780866e-02 -9.851559955107e-02 1.97e-11 1.29e-12 3.54e-08 0.420
 85   -9.850162716004e-02 -9.851503269529e-02 1.71e-11 1.35e-12 3.35e-08 0.424
 86   -9.850296747190e-02 -9.851355968125e-02 1.16e-11 9.16e-13 2.36e-08 0.428
 87   -9.850338223980e-02 -9.851309928549e-02 9.93e-12 4.81e-13 2.20e-08 0.433
 88   -9.850438099489e-02 -9.851200396047e-02 6.68e-12 3.01e-13 1.54e-08 0.437
 89   -9.850472742566e-02 -9.851162096343e-02 5.62e-12 3.79e-13 1.41e-08 0.442
 90   -9.850544885161e-02 -9.851083103441e-02 3.76e-12 2.66e-13 9.79e-09 0.446
 91   -9.850572756056e-02 -9.851052361393e-02 3.10e-12 6.02e-13 8.77e-09 0.451
 92   -9.850624802947e-02 -9.850995465232e-02 2.06e-12 4.23e-13 6.05e-09 0.455
 93   -9.850647339223e-02 -9.850970675362e-02 1.65e-12 2.61e-13 5.27e-09 0.459
 94   -9.850683731103e-02 -9.850930944304e-02 1.08e-12 1.69e-08 3.60e-09 0.463
 95   -9.850701089607e-02 -9.850911886343e-02 8.46e-13 1.32e-08 3.05e-09 0.468
 96   -9.850726121072e-02 -9.850884591581e-02 5.47e-13 8.54e-09 2.05e-09 0.472
 97   -9.850739089662e-02 -9.850870380930e-02 4.14e-13 6.46e-09 1.68e-09 0.477
 98   -9.850755523489e-02 -9.850852477731e-02 2.63e-13 4.11e-09 1.11e-09 0.480
 99   -9.850764561520e-02 -9.850842589098e-02 1.92e-13 3.00e-09 8.75e-10 0.485
100   -9.850774861226e-02 -9.850831376647e-02 1.20e-13 1.88e-09 5.67e-10 0.489
101   -9.850780865499e-02 -9.850824815657e-02 8.47e-14 1.32e-09 4.31e-10 0.494
102   -9.850786909215e-02 -9.850818239752e-02 5.21e-14 8.13e-10 2.74e-10 0.497
103   -9.850790699486e-02 -9.850814102242e-02 6.70e-14 5.46e-10 1.99e-10 0.502
104   -9.850794070624e-02 -9.850810435887e-02 4.10e-14 3.30e-10 1.24e-10 0.506
105   -9.850796377152e-02 -9.850807920535e-02 2.02e-13 2.26e-10 8.41e-11 0.510
106   -9.850798164021e-02 -9.850805977877e-02 1.19e-13 1.33e-10 5.13e-11 0.514
107   -9.850799438853e-02 -9.850804588042e-02 2.38e-14 1.93e-10 3.20e-11 0.517
108   -9.850800325997e-02 -9.850803624087e-02 1.33e-14 1.10e-10 1.87e-11 0.521
109   -9.850800931965e-02 -9.850802964261e-02 5.34e-14 4.00e-10 1.09e-11 0.525
110   -9.850801317414e-02 -9.850802545469e-02 2.88e-14 2.16e-10 6.11e-12 0.529
111   -9.850801563145e-02 -9.850802277866e-02 1.42e-14 4.81e-10 3.42e-12 0.533


Optimal solution found in 111 iterations and 0.533s
Objective -9.85080156e-02
Primal infeasibility (abs/rel): 2.84e-14/1.42e-14
Dual infeasibility   (abs/rel): 5.30e-10/4.81e-10
Complementarity gap  (abs/rel): 3.76e-12/3.42e-12


Barrier finished in 0.53 seconds
Dual variables for problems with quadratic constraints not returned.
