cuOpt version: 26.10.0, git hash: 648f805d, host arch: x86_64, device archs: 80-real
CPU: AMD EPYC 7642 48-Core Processor, threads: 5C/5T, RAM usage: 37.45/503.74GiB
CPU SIMD target: AVX2
CUDA 12.9, device: NVIDIA A100 80GB PCIe (ID 0), VRAM: 79.44 GiB
CUDA device UUID: 68df5cf5-71f9-6a93-b428-460c080ffb10
Problem has 1 quadratic constraints. Converting to second-order cones and solving with barrier.
Barrier: reusing cache (skip convert/presolve/scaling)
Barrier solver started at 0.000 seconds
Barrier solver: 5103 constraints, 10102 variables, 265152 nonzeros
Barrier setup complete at 0.000 seconds
Adaptive regularization enabled


                  Objective                         Infeasibility        Time
Iter   Primal              Dual                Primal   Dual    Compl.   Elapsed
  0   -3.702509737108e+02 -3.710937010099e+02 3.71e+03 1.91e+00 1.19e-02 0.001
  1   -8.079580952796e-01 -3.473008110826e+02 6.71e+00 2.97e-01 1.68e-01 0.006
  2   -6.076436513651e-02 -4.927297597812e+00 5.29e-02 3.11e-03 1.97e-03 0.010
  3   -5.626977037841e-02 -2.035523135217e-01 1.48e-03 8.70e-05 4.71e-05 0.014
  4   -6.262646127041e-02 -2.062590374271e-01 1.30e-03 7.64e-05 1.03e-04 0.018
  5   -6.274477377918e-02 -2.062372265076e-01 1.28e-03 7.55e-05 1.03e-04 0.023
  6   -7.597661266764e-02 -1.874515430149e-01 4.26e-04 2.51e-05 2.67e-04 0.027
  7   -7.589111853318e-02 -1.856792567902e-01 3.94e-04 2.32e-05 2.51e-04 0.032
  8   -8.052610457972e-02 -1.609631910098e-01 2.62e-04 1.54e-05 2.05e-04 0.036
  9   -8.053883608474e-02 -1.608420719594e-01 2.59e-04 1.52e-05 2.03e-04 0.041
 10   -8.275007466424e-02 -1.434741873987e-01 9.88e-05 5.82e-06 1.47e-04 0.045
 11   -8.523076902490e-02 -1.353200535093e-01 7.54e-05 4.44e-06 1.34e-04 0.049
 12   -8.509777100481e-02 -1.351438414315e-01 7.44e-05 4.38e-06 1.32e-04 0.054
 13   -8.988609551505e-02 -1.205283862518e-01 3.99e-05 2.35e-06 8.93e-05 0.058
 14   -8.985088534078e-02 -1.204277807927e-01 3.94e-05 2.32e-06 8.80e-05 0.064
 15   -9.097930589625e-02 -1.161610994053e-01 2.62e-05 1.54e-06 6.40e-05 0.067
 16   -9.095111277528e-02 -1.160673095975e-01 2.58e-05 1.52e-06 6.30e-05 0.073
 17   -9.109451791685e-02 -1.148194512786e-01 2.13e-05 1.25e-06 6.26e-05 0.078
 18   -9.110955535875e-02 -1.147112181177e-01 2.09e-05 1.23e-06 6.78e-05 0.083
 19   -9.152939754985e-02 -1.132113333448e-01 1.70e-05 9.99e-07 7.14e-05 0.087
 20   -9.154261955621e-02 -1.130933338457e-01 1.66e-05 9.77e-07 7.67e-05 0.092
 21   -9.235820888171e-02 -1.109146777237e-01 1.23e-05 7.25e-07 7.55e-05 0.097
 22   -9.236200181208e-02 -1.107994438859e-01 1.20e-05 7.08e-07 8.09e-05 0.102
 23   -9.308903810243e-02 -1.090109147877e-01 9.02e-06 5.31e-07 7.68e-05 0.107
 24   -9.309963719862e-02 -1.089079212348e-01 8.79e-06 5.18e-07 8.17e-05 0.112
 25   -9.397414322837e-02 -1.070421673955e-01 6.32e-06 3.72e-07 7.24e-05 0.117
 26   -9.397337491155e-02 -1.069444260878e-01 6.13e-06 3.61e-07 7.70e-05 0.122
 27   -9.458189760984e-02 -1.056560387650e-01 4.56e-06 2.69e-07 6.80e-05 0.127
 28   -9.459557255763e-02 -1.055727936386e-01 4.43e-06 2.61e-07 7.19e-05 0.132
 29   -9.514237208618e-02 -1.044903766474e-01 3.31e-06 1.95e-07 6.24e-05 0.137
 30   -9.515292407170e-02 -1.044125101910e-01 3.20e-06 1.88e-07 6.58e-05 0.143
 31   -9.555186396630e-02 -1.036242164690e-01 2.45e-06 1.44e-07 5.77e-05 0.148
 32   -9.557291966553e-02 -1.035561888474e-01 2.37e-06 1.39e-07 6.06e-05 0.153
 33   -9.597040671087e-02 -1.028307497566e-01 1.79e-06 1.06e-07 5.22e-05 0.158
 34   -9.598710567701e-02 -1.027678678806e-01 1.73e-06 1.02e-07 5.48e-05 0.164
 35   -9.633275064413e-02 -1.021576335169e-01 1.30e-06 7.68e-08 4.66e-05 0.169
 36   -9.635399829604e-02 -1.021030246932e-01 1.26e-06 7.39e-08 4.88e-05 0.174
 37   -9.670230106804e-02 -1.015315855348e-01 9.28e-07 5.47e-08 4.02e-05 0.179
 38   -9.671796235591e-02 -1.014835969859e-01 8.91e-07 5.25e-08 4.20e-05 0.185
 39   -9.701198980729e-02 -1.010137682503e-01 6.54e-07 3.85e-08 3.40e-05 0.190
 40   -9.702911329651e-02 -1.009740088551e-01 6.27e-07 3.69e-08 3.55e-05 0.195
 41   -9.728872202508e-02 -1.005765039671e-01 4.58e-07 2.70e-08 2.82e-05 0.200
 42   -9.730183989713e-02 -1.005431846998e-01 4.39e-07 2.58e-08 2.94e-05 0.206
 43   -9.751313242603e-02 -1.002262192665e-01 3.20e-07 1.88e-08 2.31e-05 0.211
 44   -9.752681821506e-02 -1.001987569828e-01 3.06e-07 1.80e-08 2.41e-05 0.216
 45   -9.770866384346e-02 -9.993571085841e-02 2.23e-07 1.31e-08 1.88e-05 0.221
 46   -9.771954415560e-02 -9.991282326458e-02 2.13e-07 1.25e-08 1.96e-05 0.227
 47   -9.787241682061e-02 -9.969731418147e-02 1.54e-07 9.07e-09 1.51e-05 0.231
 48   -9.788301280729e-02 -9.967840354051e-02 1.47e-07 8.67e-09 1.57e-05 0.237
 49   -9.801240485246e-02 -9.950142476660e-02 1.06e-07 6.26e-09 1.20e-05 0.241
 50   -9.802085843420e-02 -9.948590889913e-02 1.02e-07 5.98e-09 1.25e-05 0.247
 51   -9.812732606288e-02 -9.934321087945e-02 7.30e-08 4.30e-09 9.52e-06 0.251
 52   -9.813529485347e-02 -9.933037848020e-02 6.97e-08 4.10e-09 9.88e-06 0.256
 53   -9.822309383611e-02 -9.921538157254e-02 5.02e-08 2.96e-09 7.51e-06 0.261
 54   -9.822965688545e-02 -9.920476749897e-02 4.79e-08 2.82e-09 7.79e-06 0.266
 55   -9.830277916368e-02 -9.911088648744e-02 3.44e-08 2.02e-09 5.89e-06 0.270
 56   -9.830884606381e-02 -9.910196708018e-02 3.27e-08 1.93e-09 6.10e-06 0.276
 57   -9.836995927320e-02 -9.902512883357e-02 2.34e-08 1.38e-09 4.59e-06 0.280
 58   -9.837499059752e-02 -9.901773321144e-02 2.23e-08 1.31e-09 4.75e-06 0.286
 59   -9.842635867461e-02 -9.895429611568e-02 1.58e-08 9.30e-10 3.54e-06 0.290
 60   -9.843088214513e-02 -9.894807649512e-02 1.50e-08 8.82e-10 3.66e-06 0.295
 61   -9.847334367045e-02 -9.889650970441e-02 1.06e-08 6.23e-10 2.71e-06 0.299
 62   -9.847708171160e-02 -9.889139224950e-02 1.00e-08 5.90e-10 2.79e-06 0.305
 63   -9.851174627874e-02 -9.884984280537e-02 7.05e-09 4.15e-10 2.05e-06 0.309
 64   -9.851504893021e-02 -9.884554658153e-02 6.66e-09 3.92e-10 2.11e-06 0.315
 65   -9.854277549653e-02 -9.881269990381e-02 4.68e-09 2.75e-10 1.55e-06 0.319
 66   -9.854555061195e-02 -9.880912974340e-02 4.41e-09 2.60e-10 1.59e-06 0.324
 67   -9.856787435379e-02 -9.878295981406e-02 3.09e-09 1.82e-10 1.16e-06 0.328
 68   -9.857033771237e-02 -9.877990777134e-02 2.91e-09 1.71e-10 1.19e-06 0.334
 69   -9.858819828690e-02 -9.875917331690e-02 2.04e-09 1.20e-10 8.69e-07 0.338
 70   -9.859030044434e-02 -9.875659677275e-02 1.91e-09 1.12e-10 8.86e-07 0.344
 71   -9.860466851216e-02 -9.874005880193e-02 1.33e-09 7.84e-11 6.46e-07 0.348
 72   -9.860653420958e-02 -9.873783016008e-02 1.24e-09 7.30e-11 6.55e-07 0.353
 73   -9.861800151098e-02 -9.872473262108e-02 8.68e-10 5.10e-11 4.77e-07 0.357
 74   -9.861960832769e-02 -9.872283118290e-02 8.05e-10 4.73e-11 4.82e-07 0.363
 75   -9.862877810559e-02 -9.871242793560e-02 5.60e-10 3.28e-11 3.50e-07 0.367
 76   -9.863020217477e-02 -9.871077161927e-02 5.16e-10 3.02e-11 3.51e-07 0.373
 77   -9.863747407188e-02 -9.870257131839e-02 3.58e-10 2.10e-11 2.54e-07 0.377
 78   -9.863870603334e-02 -9.870114938062e-02 3.28e-10 1.93e-11 2.53e-07 0.382
 79   -9.864445804365e-02 -9.869469660151e-02 2.26e-10 1.33e-11 1.82e-07 0.386
 80   -9.864554471815e-02 -9.869345661669e-02 2.05e-10 1.22e-11 1.80e-07 0.391
 81   -9.865004753864e-02 -9.868842861778e-02 1.41e-10 8.37e-12 1.29e-07 0.395
 82   -9.865098689070e-02 -9.868736318440e-02 1.27e-10 7.83e-12 1.26e-07 0.400
 83   -9.865448477398e-02 -9.868347270009e-02 8.65e-11 5.33e-12 8.95e-08 0.404
 84   -9.865530648801e-02 -9.868254773032e-02 7.68e-11 4.77e-12 8.64e-08 0.409
 85   -9.865798793718e-02 -9.867957580256e-02 5.21e-11 3.25e-12 6.11e-08 0.413
 86   -9.865869401696e-02 -9.867878468884e-02 4.56e-11 2.72e-12 5.81e-08 0.419
 87   -9.866072065814e-02 -9.867654513130e-02 3.07e-11 1.83e-12 4.08e-08 0.422
 88   -9.866133061084e-02 -9.867586521707e-02 2.64e-11 1.73e-12 3.81e-08 0.427
 89   -9.866283577677e-02 -9.867420631547e-02 1.77e-11 1.16e-12 2.65e-08 0.431
 90   -9.866335415949e-02 -9.867363055155e-02 1.48e-11 9.82e-13 2.42e-08 0.436
 91   -9.866444995000e-02 -9.867242555142e-02 9.83e-12 6.80e-13 1.67e-08 0.440
 92   -9.866488953119e-02 -9.867193906418e-02 8.02e-12 8.37e-13 1.48e-08 0.445
 93   -9.866566996624e-02 -9.867108261699e-02 5.26e-12 5.42e-13 1.01e-08 0.449
 94   -9.866603451745e-02 -9.867068028240e-02 4.13e-12 6.18e-13 8.57e-09 0.454
 95   -9.866657445548e-02 -9.867008881805e-02 2.67e-12 4.33e-13 5.75e-09 0.458
 96   -9.866686969370e-02 -9.866976381987e-02 1.99e-12 4.25e-13 4.65e-09 0.463
 97   -9.866723018937e-02 -9.866936957255e-02 1.26e-12 2.95e-13 3.05e-09 0.467
 98   -9.866745594186e-02 -9.866912158685e-02 8.78e-13 4.30e-13 2.30e-09 0.471
 99   -9.866768369878e-02 -9.866887285453e-02 5.39e-13 2.64e-13 1.46e-09 0.475
100   -9.866784048562e-02 -9.866870095083e-02 3.46e-13 1.75e-12 1.01e-09 0.480
101   -9.866797258784e-02 -9.866855684480e-02 2.03e-13 9.68e-13 6.11e-10 0.484
102   -9.866806529277e-02 -9.866845536534e-02 1.20e-13 1.37e-12 3.87e-10 0.488
103   -9.866813142877e-02 -9.866838326967e-02 6.73e-14 7.91e-13 2.23e-10 0.492
104   -9.866817810226e-02 -9.866833225312e-02 2.90e-13 6.11e-12 1.30e-10 0.496
105   -9.866820551450e-02 -9.866830237748e-02 1.58e-13 3.40e-12 7.27e-11 0.500
106   -9.866822698175e-02 -9.866827892181e-02 7.16e-14 1.51e-10 3.64e-11 0.504
107   -9.866823690544e-02 -9.866826811205e-02 3.74e-14 7.97e-11 1.95e-11 0.508
108   -9.866824509932e-02 -9.866825916954e-02 5.76e-14 4.08e-10 7.68e-12 0.512
109   -9.866824835805e-02 -9.866825562038e-02 2.70e-14 1.91e-10 3.67e-12 0.516


Optimal solution found in 109 iterations and 0.516s
Objective -9.86682484e-02
Primal infeasibility (abs/rel): 5.40e-14/2.70e-14
Dual infeasibility   (abs/rel): 2.11e-10/1.91e-10
Complementarity gap  (abs/rel): 4.03e-12/3.67e-12


Barrier finished in 0.52 seconds
Dual variables for problems with quadratic constraints not returned.
