cuOpt version: 26.10.0, git hash: 648f805d, host arch: x86_64, device archs: 80-real
CPU: AMD EPYC 7642 48-Core Processor, threads: 5C/5T, RAM usage: 37.36/503.74GiB
CPU SIMD target: AVX2
CUDA 12.9, device: NVIDIA A100 80GB PCIe (ID 0), VRAM: 79.44 GiB
CUDA device UUID: 68df5cf5-71f9-6a93-b428-460c080ffb10
Problem has 1 quadratic constraints. Converting to second-order cones and solving with barrier.
Barrier: reusing cache (skip convert/presolve/scaling)
Barrier solver started at 0.000 seconds
Barrier solver: 5103 constraints, 10102 variables, 265152 nonzeros
Barrier setup complete at 0.000 seconds
Adaptive regularization enabled


                  Objective                         Infeasibility        Time
Iter   Primal              Dual                Primal   Dual    Compl.   Elapsed
  0   -3.704296579021e+02 -3.711143874095e+02 3.71e+03 1.91e+00 1.19e-02 0.001
  1   -8.089763744971e-01 -3.473216425171e+02 6.71e+00 2.97e-01 1.68e-01 0.005
  2   -6.078602814646e-02 -4.926299866975e+00 5.29e-02 3.11e-03 1.97e-03 0.009
  3   -5.629070209152e-02 -2.026413309989e-01 1.47e-03 8.63e-05 4.67e-05 0.013
  4   -6.165920028984e-02 -2.052029241865e-01 1.33e-03 7.83e-05 6.16e-05 0.017
  5   -6.179442160747e-02 -2.051993242789e-01 1.32e-03 7.74e-05 6.29e-05 0.022
  6   -7.600088180779e-02 -1.931091916631e-01 4.37e-04 2.57e-05 3.49e-04 0.026
  7   -7.578070190624e-02 -1.906681382332e-01 3.93e-04 2.31e-05 3.29e-04 0.031
  8   -8.254854970452e-02 -1.532679822053e-01 2.30e-04 1.35e-05 2.31e-04 0.035
  9   -8.258823295680e-02 -1.532197984958e-01 2.27e-04 1.34e-05 2.29e-04 0.039
 10   -8.605093361109e-02 -1.337157583813e-01 8.77e-05 5.16e-06 1.51e-04 0.044
 11   -8.595301054757e-02 -1.335293303938e-01 8.64e-05 5.08e-06 1.49e-04 0.049
 12   -8.822169317007e-02 -1.231242014845e-01 3.39e-05 2.00e-06 9.78e-05 0.052
 13   -8.807784492689e-02 -1.229672722523e-01 3.34e-05 1.97e-06 1.01e-04 0.057
 14   -8.824636223464e-02 -1.218560196383e-01 2.94e-05 1.73e-06 1.52e-04 0.062
 15   -9.046441496554e-02 -1.164635467601e-01 1.99e-05 1.17e-06 1.18e-04 0.066
 16   -9.050608688617e-02 -1.163951167041e-01 1.95e-05 1.15e-06 1.27e-04 0.071
 17   -9.110764391164e-02 -1.137189032347e-01 1.28e-05 7.51e-07 1.22e-04 0.076
 18   -9.107547822463e-02 -1.135443992219e-01 1.24e-05 7.30e-07 1.31e-04 0.081
 19   -9.204998697160e-02 -1.112872475998e-01 9.12e-06 5.36e-07 1.24e-04 0.086
 20   -9.213185970296e-02 -1.110956203340e-01 8.77e-06 5.16e-07 1.32e-04 0.091
 21   -9.286749662835e-02 -1.093800009107e-01 6.53e-06 3.84e-07 1.17e-04 0.096
 22   -9.286538681779e-02 -1.092258325294e-01 6.31e-06 3.71e-07 1.24e-04 0.102
 23   -9.400634769411e-02 -1.070442951748e-01 4.32e-06 2.54e-07 1.03e-04 0.107
 24   -9.404772641455e-02 -1.069087092907e-01 4.15e-06 2.44e-07 1.09e-04 0.113
 25   -9.467593593851e-02 -1.056351677583e-01 3.03e-06 1.78e-07 9.08e-05 0.118
 26   -9.468497983762e-02 -1.055279344269e-01 2.92e-06 1.72e-07 9.51e-05 0.124
 27   -9.532718269187e-02 -1.043515335175e-01 2.10e-06 1.23e-07 7.87e-05 0.128
 28   -9.536453919314e-02 -1.042563714256e-01 2.01e-06 1.18e-07 8.24e-05 0.134
 29   -9.582661079492e-02 -1.034091247932e-01 1.48e-06 8.72e-08 6.83e-05 0.138
 30   -9.584449004802e-02 -1.033294744987e-01 1.42e-06 8.37e-08 7.13e-05 0.144
 31   -9.634650719373e-02 -1.024984146441e-01 1.01e-06 5.97e-08 5.72e-05 0.149
 32   -9.637573472131e-02 -1.024298791847e-01 9.71e-07 5.71e-08 5.97e-05 0.154
 33   -9.675673798904e-02 -1.018066811139e-01 6.99e-07 4.12e-08 4.73e-05 0.159
 34   -9.677254194408e-02 -1.017521463944e-01 6.69e-07 3.94e-08 4.92e-05 0.165
 35   -9.711908797056e-02 -1.012151274932e-01 4.77e-07 2.81e-08 3.83e-05 0.169
 36   -9.714037975841e-02 -1.011703783135e-01 4.56e-07 2.68e-08 3.98e-05 0.175
 37   -9.740070129566e-02 -1.007708427811e-01 3.29e-07 1.94e-08 3.10e-05 0.180
 38   -9.741453252856e-02 -1.007348661504e-01 3.15e-07 1.85e-08 3.23e-05 0.185
 39   -9.765101478877e-02 -1.003900788172e-01 2.25e-07 1.32e-08 2.48e-05 0.190
 40   -9.766715945206e-02 -1.003600522205e-01 2.15e-07 1.26e-08 2.57e-05 0.195
 41   -9.785215130841e-02 -1.000952489967e-01 1.55e-07 9.11e-09 1.97e-05 0.200
 42   -9.786329586511e-02 -1.000712107818e-01 1.48e-07 8.70e-09 2.05e-05 0.206
 43   -9.802265233004e-02 -9.985086836193e-02 1.06e-07 6.24e-09 1.56e-05 0.210
 44   -9.803464637646e-02 -9.983076844981e-02 1.01e-07 5.95e-09 1.62e-05 0.216
 45   -9.815855948049e-02 -9.966196299618e-02 7.34e-08 4.32e-09 1.24e-05 0.220
 46   -9.816762958869e-02 -9.964550824185e-02 6.99e-08 4.11e-09 1.29e-05 0.226
 47   -9.827503612442e-02 -9.950368106238e-02 5.05e-08 2.97e-09 9.83e-06 0.230
 48   -9.828431367028e-02 -9.948954531706e-02 4.80e-08 2.82e-09 1.02e-05 0.235
 49   -9.837055587879e-02 -9.937756054025e-02 3.48e-08 2.05e-09 7.78e-06 0.239
 50   -9.837781927265e-02 -9.936591400516e-02 3.31e-08 1.95e-09 8.04e-06 0.245
 51   -9.845178478529e-02 -9.927215378362e-02 2.39e-08 1.40e-09 6.11e-06 0.249
 52   -9.845889053480e-02 -9.926207547786e-02 2.26e-08 1.33e-09 6.30e-06 0.255
 53   -9.851811580542e-02 -9.918801978994e-02 1.64e-08 9.65e-10 4.80e-06 0.259
 54   -9.852386699917e-02 -9.917964999738e-02 1.55e-08 9.12e-10 4.94e-06 0.264
 55   -9.857413565918e-02 -9.911797732745e-02 1.12e-08 6.58e-10 3.74e-06 0.268
 56   -9.857962795760e-02 -9.911064469498e-02 1.05e-08 6.20e-10 3.85e-06 0.274
 57   -9.862024428073e-02 -9.906142805844e-02 7.61e-09 4.48e-10 2.91e-06 0.278
 58   -9.862477854203e-02 -9.905530042414e-02 7.16e-09 4.21e-10 2.98e-06 0.283
 59   -9.865902248562e-02 -9.901442934170e-02 5.13e-09 3.02e-10 2.24e-06 0.287
 60   -9.866323734455e-02 -9.900905805266e-02 4.81e-09 2.83e-10 2.29e-06 0.293
 61   -9.869079267505e-02 -9.897649867245e-02 3.45e-09 2.03e-10 1.72e-06 0.297
 62   -9.869430438211e-02 -9.897200962360e-02 3.22e-09 1.90e-10 1.75e-06 0.303
 63   -9.871719973527e-02 -9.894526932839e-02 2.30e-09 1.35e-10 1.31e-06 0.307
 64   -9.872039663396e-02 -9.894134427869e-02 2.14e-09 1.26e-10 1.32e-06 0.312
 65   -9.873874441640e-02 -9.892009266970e-02 1.52e-09 8.94e-11 9.86e-07 0.316
 66   -9.874141777967e-02 -9.891681639702e-02 1.41e-09 8.29e-11 9.95e-07 0.322
 67   -9.875647620047e-02 -9.889953209423e-02 9.94e-10 5.85e-11 7.35e-07 0.326
 68   -9.875885963798e-02 -9.889668987163e-02 9.16e-10 5.38e-11 7.38e-07 0.332
 69   -9.877085115957e-02 -9.888301898672e-02 6.44e-10 3.79e-11 5.42e-07 0.336
 70   -9.877283894652e-02 -9.888065832372e-02 5.91e-10 3.48e-11 5.42e-07 0.341
 71   -9.878254217982e-02 -9.886967426365e-02 4.12e-10 2.42e-11 3.95e-07 0.345
 72   -9.878427369280e-02 -9.886765528431e-02 3.76e-10 2.19e-11 3.92e-07 0.350
 73   -9.879188958099e-02 -9.885907981874e-02 2.61e-10 1.52e-11 2.84e-07 0.354
 74   -9.879331807372e-02 -9.885742238282e-02 2.37e-10 1.39e-11 2.80e-07 0.359
 75   -9.879932142646e-02 -9.885069702665e-02 1.63e-10 9.57e-12 2.01e-07 0.363
 76   -9.880053890845e-02 -9.884930235737e-02 1.47e-10 8.59e-12 1.97e-07 0.368
 77   -9.880515674368e-02 -9.884414985143e-02 1.01e-10 5.89e-12 1.41e-07 0.372
 78   -9.880615386596e-02 -9.884301347583e-02 9.02e-11 5.44e-12 1.37e-07 0.378
 79   -9.880972191127e-02 -9.883904775989e-02 6.15e-11 3.68e-12 9.75e-08 0.381
 80   -9.881055688122e-02 -9.883810456526e-02 5.46e-11 3.38e-12 9.41e-08 0.387
 81   -9.881325731929e-02 -9.883511248309e-02 3.71e-11 2.31e-12 6.65e-08 0.391
 82   -9.881393469278e-02 -9.883435078515e-02 3.26e-11 2.08e-12 6.36e-08 0.396
 83   -9.881597621655e-02 -9.883209530267e-02 2.20e-11 1.38e-12 4.47e-08 0.400
 84   -9.881653404938e-02 -9.883147186588e-02 1.92e-11 1.11e-12 4.23e-08 0.405
 85   -9.881804929037e-02 -9.882980178790e-02 1.29e-11 7.55e-13 2.96e-08 0.409
 86   -9.881849793227e-02 -9.882930225146e-02 1.11e-11 1.28e-12 2.77e-08 0.414
 87   -9.881961726947e-02 -9.882807120196e-02 7.42e-12 8.51e-13 1.92e-08 0.417
 88   -9.881998166809e-02 -9.882766717543e-02 6.29e-12 7.78e-13 1.77e-08 0.422
 89   -9.882079377027e-02 -9.882677564851e-02 4.18e-12 8.70e-11 1.22e-08 0.426
 90   -9.882108429134e-02 -9.882645445257e-02 3.49e-12 7.26e-11 1.11e-08 0.431
 91   -9.882166695444e-02 -9.882581584335e-02 2.30e-12 4.79e-11 7.60e-09 0.435
 92   -9.882189942513e-02 -9.882555956514e-02 1.88e-12 3.86e-11 6.74e-09 0.440
 93   -9.882230785331e-02 -9.882511253910e-02 1.23e-12 2.53e-11 4.58e-09 0.444
 94   -9.882249035647e-02 -9.882491177483e-02 9.75e-13 1.95e-11 3.94e-09 0.448
 95   -9.882276997077e-02 -9.882460610570e-02 6.32e-13 1.27e-11 2.65e-09 0.453
 96   -9.882291209402e-02 -9.882445007840e-02 4.83e-13 9.75e-12 2.20e-09 0.457
 97   -9.882309679982e-02 -9.882424836898e-02 3.10e-13 6.16e-12 1.46e-09 0.461
 98   -9.882320430782e-02 -9.882413053525e-02 2.25e-13 4.73e-12 1.15e-09 0.466
 99   -9.882332140479e-02 -9.882400277387e-02 1.42e-13 2.98e-12 7.52e-10 0.470
100   -9.882340014918e-02 -9.882391659302e-02 9.68e-14 8.79e-13 5.54e-10 0.475
101   -9.882347040093e-02 -9.882384000440e-02 5.96e-14 5.13e-13 3.53e-10 0.479
102   -9.882352458933e-02 -9.882378076959e-02 4.39e-14 8.22e-14 2.35e-10 0.484
103   -9.882356366966e-02 -9.882373819442e-02 2.65e-14 2.96e-13 1.43e-10 0.488
104   -9.882359703909e-02 -9.882370175669e-02 2.25e-13 4.14e-11 8.07e-11 0.492
105   -9.882361610028e-02 -9.882368100116e-02 1.23e-13 2.25e-11 4.55e-11 0.496
106   -9.882363209259e-02 -9.882366354336e-02 4.30e-14 1.43e-10 1.99e-11 0.500
107   -9.882363948238e-02 -9.882365550231e-02 2.00e-14 6.70e-11 9.49e-12 0.503
108   -9.882364418837e-02 -9.882365037104e-02 3.09e-14 3.65e-10 3.20e-12 0.507


Optimal solution found in 108 iterations and 0.507s
Objective -9.88236442e-02
Primal infeasibility (abs/rel): 6.17e-14/3.09e-14
Dual infeasibility   (abs/rel): 4.03e-10/3.65e-10
Complementarity gap  (abs/rel): 3.52e-12/3.20e-12


Barrier finished in 0.51 seconds
Dual variables for problems with quadratic constraints not returned.
