cuOpt version: 26.10.0, git hash: 648f805d, host arch: x86_64, device archs: 80-real
CPU: AMD EPYC 7642 48-Core Processor, threads: 5C/5T, RAM usage: 37.37/503.74GiB
CPU SIMD target: AVX2
CUDA 12.9, device: NVIDIA A100 80GB PCIe (ID 0), VRAM: 79.44 GiB
CUDA device UUID: 68df5cf5-71f9-6a93-b428-460c080ffb10
Problem has 1 quadratic constraints. Converting to second-order cones and solving with barrier.
Barrier: reusing cache (skip convert/presolve/scaling)
Barrier solver started at 0.000 seconds
Barrier solver: 5103 constraints, 10102 variables, 265152 nonzeros
Barrier setup complete at 0.000 seconds
Adaptive regularization enabled


                  Objective                         Infeasibility        Time
Iter   Primal              Dual                Primal   Dual    Compl.   Elapsed
  0   -3.702624119443e+02 -3.710387458059e+02 3.71e+03 1.91e+00 1.19e-02 0.001
  1   -8.082203442749e-01 -3.472458137774e+02 6.71e+00 2.97e-01 1.68e-01 0.006
  2   -6.076556834392e-02 -4.921549819628e+00 5.28e-02 3.11e-03 1.97e-03 0.010
  3   -5.627943211981e-02 -2.017612981390e-01 1.46e-03 8.58e-05 4.64e-05 0.014
  4   -6.204569135941e-02 -2.044117486048e-01 1.30e-03 7.69e-05 7.28e-05 0.018
  5   -6.220018743209e-02 -2.043809264360e-01 1.29e-03 7.59e-05 7.46e-05 0.023
  6   -7.513846038741e-02 -1.912988767557e-01 4.75e-04 2.80e-05 3.89e-04 0.029
  7   -7.501334673896e-02 -1.898850842168e-01 4.45e-04 2.62e-05 3.74e-04 0.037
  8   -8.113064478912e-02 -1.570786851157e-01 2.65e-04 1.56e-05 2.82e-04 0.042
  9   -8.116846508765e-02 -1.570458935284e-01 2.62e-04 1.54e-05 2.79e-04 0.047
 10   -8.336252226799e-02 -1.402796122471e-01 9.43e-05 5.55e-06 1.98e-04 0.052
 11   -8.534204950392e-02 -1.328983698623e-01 6.29e-05 3.71e-06 1.73e-04 0.057
 12   -8.523919305412e-02 -1.327437679264e-01 6.22e-05 3.66e-06 1.71e-04 0.063
 13   -8.830577464584e-02 -1.231544139249e-01 3.63e-05 2.14e-06 1.24e-04 0.068
 14   -8.826349997091e-02 -1.230372004340e-01 3.57e-05 2.10e-06 1.22e-04 0.074
 15   -8.871263347281e-02 -1.202495531150e-01 2.58e-05 1.52e-06 9.53e-05 0.080
 16   -8.873304476476e-02 -1.201203011886e-01 2.53e-05 1.49e-06 9.34e-05 0.086
 17   -8.900638616413e-02 -1.186234055571e-01 2.10e-05 1.23e-06 9.89e-05 0.091
 18   -8.905411793247e-02 -1.184411326213e-01 2.04e-05 1.20e-06 1.06e-04 0.097
 19   -8.978157610599e-02 -1.161375979353e-01 1.58e-05 9.29e-07 1.18e-04 0.102
 20   -8.983867667840e-02 -1.159487804757e-01 1.53e-05 9.03e-07 1.25e-04 0.108
 21   -9.110548054956e-02 -1.128148785720e-01 1.08e-05 6.37e-07 1.20e-04 0.113
 22   -9.111959484255e-02 -1.126382488102e-01 1.05e-05 6.17e-07 1.27e-04 0.119
 23   -9.226334742860e-02 -1.100060739291e-01 7.33e-06 4.32e-07 1.16e-04 0.124
 24   -9.229955091022e-02 -1.098480564933e-01 7.09e-06 4.17e-07 1.23e-04 0.131
 25   -9.343208970241e-02 -1.074970939626e-01 4.85e-06 2.86e-07 1.02e-04 0.136
 26   -9.343677699808e-02 -1.073606367742e-01 4.67e-06 2.75e-07 1.08e-04 0.142
 27   -9.423277425798e-02 -1.057384334069e-01 3.30e-06 1.95e-07 8.98e-05 0.147
 28   -9.426175543496e-02 -1.056272274763e-01 3.18e-06 1.87e-07 9.42e-05 0.153
 29   -9.489316055558e-02 -1.043928272791e-01 2.29e-06 1.35e-07 7.77e-05 0.159
 30   -9.490855210175e-02 -1.042964873894e-01 2.20e-06 1.30e-07 8.15e-05 0.165
 31   -9.542882953189e-02 -1.033244777204e-01 1.60e-06 9.42e-08 6.72e-05 0.170
 32   -9.545768795358e-02 -1.032428327918e-01 1.54e-06 9.05e-08 7.02e-05 0.176
 33   -9.592136251107e-02 -1.024258988714e-01 1.11e-06 6.56e-08 5.69e-05 0.181
 34   -9.593865614221e-02 -1.023565163515e-01 1.07e-06 6.29e-08 5.94e-05 0.187
 35   -9.632736016015e-02 -1.016967025047e-01 7.74e-07 4.56e-08 4.76e-05 0.192
 36   -9.635126003986e-02 -1.016394096645e-01 7.42e-07 4.37e-08 4.96e-05 0.198
 37   -9.667699818255e-02 -1.011068855946e-01 5.40e-07 3.18e-08 3.94e-05 0.204
 38   -9.669310018462e-02 -1.010594486197e-01 5.17e-07 3.04e-08 4.10e-05 0.209
 39   -9.696669820293e-02 -1.006269639456e-01 3.76e-07 2.21e-08 3.23e-05 0.215
 40   -9.698600565345e-02 -1.005876994489e-01 3.59e-07 2.12e-08 3.36e-05 0.220
 41   -9.721496416336e-02 -1.002379011783e-01 2.62e-07 1.55e-08 2.64e-05 0.225
 42   -9.722883674608e-02 -1.002055621578e-01 2.51e-07 1.48e-08 2.74e-05 0.231
 43   -9.742598092937e-02 -9.991456242650e-02 1.82e-07 1.07e-08 2.13e-05 0.235
 44   -9.744100442318e-02 -9.988758562057e-02 1.74e-07 1.02e-08 2.21e-05 0.241
 45   -9.760591388579e-02 -9.965149584905e-02 1.26e-07 7.44e-09 1.71e-05 0.246
 46   -9.761711406634e-02 -9.962939096240e-02 1.21e-07 7.10e-09 1.78e-05 0.251
 47   -9.775876534935e-02 -9.943261595667e-02 8.71e-08 5.13e-09 1.36e-05 0.255
 48   -9.777010645800e-02 -9.941411128031e-02 8.30e-08 4.89e-09 1.41e-05 0.261
 49   -9.788663643612e-02 -9.925613934983e-02 6.01e-08 3.54e-09 1.08e-05 0.266
 50   -9.789538243717e-02 -9.924101959878e-02 5.72e-08 3.37e-09 1.12e-05 0.271
 51   -9.799394954419e-02 -9.911061943202e-02 4.12e-08 2.43e-09 8.52e-06 0.275
 52   -9.800248646033e-02 -9.909782724294e-02 3.92e-08 2.31e-09 8.82e-06 0.281
 53   -9.808295939021e-02 -9.899344571666e-02 2.83e-08 1.66e-09 6.70e-06 0.285
 54   -9.808981987478e-02 -9.898286414815e-02 2.68e-08 1.58e-09 6.93e-06 0.291
 55   -9.815881589645e-02 -9.889538694636e-02 1.92e-08 1.13e-09 5.21e-06 0.295
 56   -9.816532622571e-02 -9.888629137725e-02 1.82e-08 1.07e-09 5.38e-06 0.301
 57   -9.822232551670e-02 -9.881533700738e-02 1.30e-08 7.63e-10 4.02e-06 0.304
 58   -9.822758900117e-02 -9.880785390175e-02 1.22e-08 7.21e-10 4.14e-06 0.310
 59   -9.827517089466e-02 -9.874960962610e-02 8.65e-09 5.09e-10 3.06e-06 0.314
 60   -9.827999663504e-02 -9.874321865179e-02 8.16e-09 4.81e-10 3.15e-06 0.320
 61   -9.831777976269e-02 -9.869752876919e-02 5.78e-09 3.40e-10 2.33e-06 0.324
 62   -9.832176915553e-02 -9.869223836141e-02 5.43e-09 3.20e-10 2.38e-06 0.333
 63   -9.835261702757e-02 -9.865541851520e-02 3.83e-09 2.25e-10 1.76e-06 0.337
 64   -9.835626643451e-02 -9.865081964219e-02 3.59e-09 2.11e-10 1.79e-06 0.342
 65   -9.838085256943e-02 -9.862178470405e-02 2.53e-09 1.49e-10 1.32e-06 0.346
 66   -9.838393242653e-02 -9.861791880292e-02 2.36e-09 1.39e-10 1.34e-06 0.352
 67   -9.840403932571e-02 -9.859443176554e-02 1.66e-09 9.74e-11 9.83e-07 0.356
 68   -9.840682369409e-02 -9.859105169931e-02 1.54e-09 9.05e-11 9.94e-07 0.362
 69   -9.842287762441e-02 -9.857246347044e-02 1.07e-09 6.33e-11 7.26e-07 0.366
 70   -9.842523567597e-02 -9.856961687392e-02 9.93e-10 5.84e-11 7.29e-07 0.371
 71   -9.843824397762e-02 -9.855468375416e-02 6.88e-10 4.04e-11 5.28e-07 0.375
 72   -9.844033641566e-02 -9.855221216439e-02 6.32e-10 3.71e-11 5.28e-07 0.380
 73   -9.845061388487e-02 -9.854049526975e-02 4.36e-10 2.56e-11 3.79e-07 0.384
 74   -9.845237413475e-02 -9.853842847182e-02 3.97e-10 2.33e-11 3.76e-07 0.389
 75   -9.846052714054e-02 -9.852919322567e-02 2.72e-10 1.59e-11 2.68e-07 0.393
 76   -9.846205437152e-02 -9.852742560027e-02 2.46e-10 1.44e-11 2.64e-07 0.398
 77   -9.846834794566e-02 -9.852033312629e-02 1.67e-10 9.83e-12 1.87e-07 0.402
 78   -9.846961820758e-02 -9.851887145755e-02 1.50e-10 9.03e-12 1.82e-07 0.408
 79   -9.847446455813e-02 -9.851343518384e-02 1.01e-10 6.08e-12 1.28e-07 0.412
 80   -9.847554507647e-02 -9.851220399023e-02 9.00e-11 5.44e-12 1.24e-07 0.417
 81   -9.847919839789e-02 -9.850812167175e-02 6.05e-11 3.68e-12 8.63e-08 0.421
 82   -9.848008918679e-02 -9.850711191609e-02 5.32e-11 3.22e-12 8.25e-08 0.426
 83   -9.848283723529e-02 -9.850405192138e-02 3.55e-11 2.15e-12 5.72e-08 0.430
 84   -9.848358120748e-02 -9.850321420022e-02 3.09e-11 2.00e-12 5.39e-08 0.435
 85   -9.848560981264e-02 -9.850096195150e-02 2.05e-11 1.34e-12 3.72e-08 0.439
 86   -9.848621402080e-02 -9.850028444395e-02 1.75e-11 9.73e-13 3.46e-08 0.444
 87   -9.848769870038e-02 -9.849864035074e-02 1.16e-11 6.47e-13 2.36e-08 0.447
 88   -9.848819091823e-02 -9.849809093560e-02 9.76e-12 5.52e-13 2.16e-08 0.452
 89   -9.848925541682e-02 -9.849691469939e-02 6.41e-12 3.48e-13 1.47e-08 0.456
 90   -9.848964621711e-02 -9.849647989234e-02 5.29e-12 4.67e-13 1.32e-08 0.461
 91   -9.849039848728e-02 -9.849565022149e-02 3.45e-12 3.32e-13 8.90e-09 0.465
 92   -9.849070703050e-02 -9.849530801575e-02 2.79e-12 3.56e-13 7.80e-09 0.470
 93   -9.849122665186e-02 -9.849473584508e-02 1.81e-12 2.62e-13 5.23e-09 0.474
 94   -9.849146334062e-02 -9.849447396401e-02 1.42e-12 3.76e-13 4.46e-09 0.479
 95   -9.849181413089e-02 -9.849408822063e-02 9.13e-13 2.52e-13 2.97e-09 0.483
 96   -9.849199186845e-02 -9.849389199958e-02 6.97e-13 2.70e-13 2.45e-09 0.488
 97   -9.849222078048e-02 -9.849364055650e-02 4.44e-13 1.65e-13 1.62e-09 0.492
 98   -9.849234924167e-02 -9.849349898981e-02 3.28e-13 1.40e-13 1.29e-09 0.496
 99   -9.849249277603e-02 -9.849334146463e-02 2.07e-13 6.77e-14 8.42e-10 0.500
100   -9.849258305226e-02 -9.849324212507e-02 1.45e-13 1.14e-12 6.41e-10 0.505
101   -9.849266904052e-02 -9.849314782271e-02 9.07e-14 6.78e-13 4.14e-10 0.509
102   -9.849273064813e-02 -9.849308010537e-02 5.95e-14 3.51e-13 2.94e-10 0.513
103   -9.849277979586e-02 -9.849302624109e-02 3.62e-14 4.82e-13 1.85e-10 0.517
104   -9.849281989999e-02 -9.849298220286e-02 2.27e-13 1.73e-11 1.16e-10 0.521
105   -9.849284596869e-02 -9.849295364824e-02 1.31e-13 1.00e-11 6.97e-11 0.525
106   -9.849286868461e-02 -9.849292871339e-02 4.47e-14 1.00e-10 3.60e-11 0.529
107   -9.849288060617e-02 -9.849291566386e-02 2.33e-14 5.26e-11 1.94e-11 0.533
108   -9.849288986562e-02 -9.849290550977e-02 4.18e-14 2.14e-10 7.73e-12 0.537
109   -9.849289390074e-02 -9.849290109353e-02 1.79e-14 9.26e-11 3.38e-12 0.541


Optimal solution found in 109 iterations and 0.541s
Objective -9.84928939e-02
Primal infeasibility (abs/rel): 3.58e-14/1.79e-14
Dual infeasibility   (abs/rel): 1.02e-10/9.26e-11
Complementarity gap  (abs/rel): 3.72e-12/3.38e-12


Barrier finished in 0.54 seconds
Dual variables for problems with quadratic constraints not returned.
