cuOpt version: 26.10.0, git hash: 648f805d, host arch: x86_64, device archs: 80-real
CPU: AMD EPYC 7642 48-Core Processor, threads: 5C/5T, RAM usage: 37.33/503.74GiB
CPU SIMD target: AVX2
CUDA 12.9, device: NVIDIA A100 80GB PCIe (ID 0), VRAM: 79.44 GiB
CUDA device UUID: 68df5cf5-71f9-6a93-b428-460c080ffb10
Problem has 1 quadratic constraints. Converting to second-order cones and solving with barrier.
Barrier: reusing cache (skip convert/presolve/scaling)
Barrier solver started at 0.000 seconds
Barrier solver: 5103 constraints, 10102 variables, 265152 nonzeros
Barrier setup complete at 0.000 seconds
Adaptive regularization enabled


                  Objective                         Infeasibility        Time
Iter   Primal              Dual                Primal   Dual    Compl.   Elapsed
  0   -3.704291987375e+02 -3.711395609108e+02 3.71e+03 1.91e+00 1.19e-02 0.001
  1   -8.083223154102e-01 -3.473468045888e+02 6.71e+00 2.97e-01 1.68e-01 0.005
  2   -6.077349700380e-02 -4.920524198396e+00 5.28e-02 3.11e-03 1.96e-03 0.009
  3   -5.629436481147e-02 -2.042365789760e-01 1.48e-03 8.74e-05 4.73e-05 0.014
  4   -6.071057037787e-02 -2.060252704921e-01 1.36e-03 7.99e-05 5.69e-05 0.017
  5   -6.096083217536e-02 -2.060419848748e-01 1.34e-03 7.87e-05 5.69e-05 0.022
  6   -7.341806977922e-02 -1.997433071780e-01 5.70e-04 3.36e-05 2.17e-04 0.026
  7   -7.350409946621e-02 -1.960279991838e-01 4.89e-04 2.88e-05 2.19e-04 0.031
  8   -8.064676211093e-02 -1.576194996332e-01 2.93e-04 1.73e-05 1.42e-04 0.035
  9   -8.071529108953e-02 -1.575985140308e-01 2.89e-04 1.70e-05 1.40e-04 0.040
 10   -8.400312339967e-02 -1.399575986799e-01 1.30e-04 7.64e-06 1.09e-04 0.044
 11   -8.390602804633e-02 -1.397929697248e-01 1.28e-04 7.55e-06 1.08e-04 0.049
 12   -8.689669796192e-02 -1.277338979290e-01 5.93e-05 3.49e-06 7.70e-05 0.052
 13   -8.873962390179e-02 -1.228695879663e-01 4.60e-05 2.71e-06 7.18e-05 0.056
 14   -8.848058433154e-02 -1.226034188796e-01 4.56e-05 2.69e-06 8.22e-05 0.062
 15   -9.200977833773e-02 -1.133291525287e-01 2.28e-05 1.34e-06 5.90e-05 0.066
 16   -9.204916260323e-02 -1.132313357611e-01 2.21e-05 1.30e-06 6.83e-05 0.071
 17   -9.324594742218e-02 -1.096981671537e-01 1.31e-05 7.72e-07 5.29e-05 0.076
 18   -9.317373469119e-02 -1.096063986946e-01 1.29e-05 7.62e-07 5.76e-05 0.082
 19   -9.347037915681e-02 -1.084895468851e-01 1.00e-05 5.91e-07 6.67e-05 0.087
 20   -9.351242534494e-02 -1.084202320887e-01 9.75e-06 5.74e-07 7.33e-05 0.092
 21   -9.395100117984e-02 -1.073063326560e-01 7.55e-06 4.45e-07 6.90e-05 0.097
 22   -9.392597211283e-02 -1.072091497819e-01 7.35e-06 4.33e-07 7.42e-05 0.102
 23   -9.467593152079e-02 -1.057488470702e-01 5.39e-06 3.18e-07 6.91e-05 0.107
 24   -9.471198252852e-02 -1.056594090153e-01 5.22e-06 3.08e-07 7.40e-05 0.112
 25   -9.512140962121e-02 -1.047845042806e-01 4.02e-06 2.37e-07 6.59e-05 0.117
 26   -9.511255628450e-02 -1.047056320440e-01 3.90e-06 2.30e-07 6.96e-05 0.123
 27   -9.561676914951e-02 -1.037830669597e-01 2.94e-06 1.73e-07 6.19e-05 0.127
 28   -9.565308536233e-02 -1.037082987299e-01 2.83e-06 1.67e-07 6.54e-05 0.133
 29   -9.595156403765e-02 -1.031152553028e-01 2.21e-06 1.30e-07 5.80e-05 0.138
 30   -9.595829467151e-02 -1.030485368973e-01 2.13e-06 1.26e-07 6.08e-05 0.144
 31   -9.637063833764e-02 -1.023567028626e-01 1.60e-06 9.42e-08 5.24e-05 0.148
 32   -9.640472848708e-02 -1.022919888043e-01 1.53e-06 9.02e-08 5.49e-05 0.154
 33   -9.669350367953e-02 -1.017938598513e-01 1.16e-06 6.85e-08 4.64e-05 0.158
 34   -9.670486511327e-02 -1.017394868263e-01 1.11e-06 6.56e-08 4.83e-05 0.164
 35   -9.702762573138e-02 -1.012350595433e-01 8.23e-07 4.85e-08 3.98e-05 0.168
 36   -9.705578287785e-02 -1.011845970165e-01 7.84e-07 4.62e-08 4.14e-05 0.174
 37   -9.727500613251e-02 -1.008321099284e-01 5.91e-07 3.48e-08 3.42e-05 0.179
 38   -9.728859254629e-02 -1.007906493045e-01 5.63e-07 3.32e-08 3.54e-05 0.185
 39   -9.751591755846e-02 -1.004529735826e-01 4.17e-07 2.46e-08 2.86e-05 0.189
 40   -9.753938485163e-02 -1.004144739743e-01 3.96e-07 2.33e-08 2.96e-05 0.195
 41   -9.770346038614e-02 -1.001680448073e-01 2.97e-07 1.75e-08 2.40e-05 0.200
 42   -9.771673856427e-02 -1.001370527364e-01 2.81e-07 1.66e-08 2.47e-05 0.206
 43   -9.787764666592e-02 -9.990931004448e-02 2.08e-07 1.23e-08 1.97e-05 0.211
 44   -9.789613661978e-02 -9.988091805998e-02 1.97e-07 1.16e-08 2.03e-05 0.216
 45   -9.801576303383e-02 -9.971092487832e-02 1.47e-07 8.67e-09 1.62e-05 0.221
 46   -9.802754726968e-02 -9.968814008124e-02 1.39e-07 8.19e-09 1.67e-05 0.227
 47   -9.814363196187e-02 -9.953129221927e-02 1.02e-07 6.02e-09 1.31e-05 0.232
 48   -9.815792261225e-02 -9.951047968730e-02 9.63e-08 5.67e-09 1.34e-05 0.237
 49   -9.824859751936e-02 -9.938869680260e-02 7.09e-08 4.17e-09 1.05e-05 0.242
 50   -9.825827765924e-02 -9.937217601135e-02 6.66e-08 3.92e-09 1.08e-05 0.248
 51   -9.834382763040e-02 -9.926177926714e-02 4.81e-08 2.83e-09 8.23e-06 0.252
 52   -9.835432042268e-02 -9.924702624570e-02 4.51e-08 2.66e-09 8.40e-06 0.257
 53   -9.841916590378e-02 -9.916366207612e-02 3.27e-08 1.93e-09 6.43e-06 0.261
 54   -9.842660289246e-02 -9.915214190416e-02 3.06e-08 1.80e-09 6.55e-06 0.267
 55   -9.848383419567e-02 -9.908055166481e-02 2.19e-08 1.29e-09 4.95e-06 0.271
 56   -9.849149903823e-02 -9.907025817126e-02 2.05e-08 1.21e-09 5.02e-06 0.277
 57   -9.853507566823e-02 -9.901608498817e-02 1.47e-08 8.68e-10 3.80e-06 0.281
 58   -9.854079694304e-02 -9.900796554053e-02 1.37e-08 8.08e-10 3.85e-06 0.286
 59   -9.857859795300e-02 -9.896200871207e-02 9.79e-09 5.76e-10 2.88e-06 0.290
 60   -9.858419899369e-02 -9.895478847464e-02 9.07e-09 5.34e-10 2.91e-06 0.296
 61   -9.861301566359e-02 -9.891996488074e-02 6.50e-09 3.83e-10 2.18e-06 0.300
 62   -9.861733217528e-02 -9.891423955333e-02 6.01e-09 3.54e-10 2.20e-06 0.305
 63   -9.864177143517e-02 -9.888520730892e-02 4.27e-09 2.52e-10 1.63e-06 0.309
 64   -9.864585590409e-02 -9.888012871206e-02 3.94e-09 2.32e-10 1.64e-06 0.315
 65   -9.866457857332e-02 -9.885802019682e-02 2.81e-09 1.65e-10 1.22e-06 0.319
 66   -9.866780346543e-02 -9.885395960993e-02 2.58e-09 1.52e-10 1.22e-06 0.325
 67   -9.868340149223e-02 -9.883577914474e-02 1.83e-09 1.07e-10 9.03e-07 0.329
 68   -9.868637438487e-02 -9.883219222663e-02 1.67e-09 9.80e-11 8.97e-07 0.334
 69   -9.869836359099e-02 -9.881829448265e-02 1.18e-09 6.96e-11 6.65e-07 0.338
 70   -9.870075669061e-02 -9.881539737150e-02 1.07e-09 6.30e-11 6.58e-07 0.344
 71   -9.871063017344e-02 -9.880406787792e-02 7.57e-10 4.44e-11 4.84e-07 0.348
 72   -9.871278997105e-02 -9.880152410024e-02 6.83e-10 4.00e-11 4.76e-07 0.353
 73   -9.872041592011e-02 -9.879281826232e-02 4.81e-10 2.81e-11 3.49e-07 0.357
 74   -9.872216876428e-02 -9.879075586880e-02 4.31e-10 2.53e-11 3.41e-07 0.362
 75   -9.872835700863e-02 -9.878374621228e-02 3.00e-10 1.76e-11 2.48e-07 0.366
 76   -9.872989791903e-02 -9.878196444279e-02 2.67e-10 1.55e-11 2.40e-07 0.372
 77   -9.873463448048e-02 -9.877662198717e-02 1.85e-10 1.07e-11 1.74e-07 0.375
 78   -9.873588073473e-02 -9.877518527666e-02 1.63e-10 9.56e-12 1.67e-07 0.381
 79   -9.873962050136e-02 -9.877099108838e-02 1.12e-10 6.57e-12 1.20e-07 0.385
 80   -9.874068614470e-02 -9.876977627731e-02 9.79e-11 5.73e-12 1.13e-07 0.389
 81   -9.874348766993e-02 -9.876664496667e-02 6.70e-11 3.93e-12 8.08e-08 0.393
 82   -9.874434081661e-02 -9.876567595568e-02 5.77e-11 3.54e-12 7.57e-08 0.399
 83   -9.874646806047e-02 -9.876330772903e-02 3.91e-11 2.38e-12 5.35e-08 0.403
 84   -9.874717854799e-02 -9.876250673921e-02 3.32e-11 1.88e-12 4.94e-08 0.407
 85   -9.874872255996e-02 -9.876079218904e-02 2.24e-11 1.28e-12 3.47e-08 0.411
 86   -9.874928784020e-02 -9.876015723273e-02 1.88e-11 1.24e-12 3.15e-08 0.416
 87   -9.875042048825e-02 -9.875890324257e-02 1.26e-11 8.21e-13 2.19e-08 0.420
 88   -9.875088199129e-02 -9.875838744039e-02 1.03e-11 6.08e-13 1.95e-08 0.425
 89   -9.875168200754e-02 -9.875750362879e-02 6.83e-12 4.09e-13 1.35e-08 0.429
 90   -9.875204353043e-02 -9.875710081186e-02 5.45e-12 1.68e-13 1.17e-08 0.434
 91   -9.875260471854e-02 -9.875648222865e-02 3.59e-12 1.23e-13 7.99e-09 0.438
 92   -9.875288866801e-02 -9.875616692630e-02 2.77e-12 1.10e-13 6.69e-09 0.442
 93   -9.875326462410e-02 -9.875575319841e-02 1.81e-12 4.92e-14 4.54e-09 0.446
 94   -9.875347745446e-02 -9.875551746916e-02 1.35e-12 6.34e-13 3.66e-09 0.451
 95   -9.875372408414e-02 -9.875524650091e-02 8.66e-13 3.48e-13 2.44e-09 0.455
 96   -9.875387946476e-02 -9.875507482605e-02 6.14e-13 2.90e-13 1.88e-09 0.460
 97   -9.875403361990e-02 -9.875490567812e-02 3.88e-13 1.82e-13 1.23e-09 0.464
 98   -9.875413932693e-02 -9.875478910835e-02 2.60e-13 8.20e-13 8.88e-10 0.468
 99   -9.875423086394e-02 -9.875468878341e-02 1.60e-13 6.11e-13 5.66e-10 0.472
100   -9.875429763475e-02 -9.875461526187e-02 9.86e-14 9.70e-13 3.77e-10 0.477
101   -9.875434668626e-02 -9.875456154560e-02 5.86e-14 5.23e-13 2.32e-10 0.481
102   -9.875438425349e-02 -9.875452023169e-02 3.28e-14 6.57e-13 1.39e-10 0.485
103   -9.875440733551e-02 -9.875449497008e-02 1.89e-14 5.21e-13 8.21e-11 0.489
104   -9.875442574051e-02 -9.875447475479e-02 1.38e-13 1.03e-10 4.29e-11 0.493
105   -9.875443501842e-02 -9.875446460348e-02 7.52e-14 5.58e-11 2.43e-11 0.497
106   -9.875444205249e-02 -9.875445688035e-02 1.80e-14 2.45e-10 1.14e-11 0.501
107   -9.875444525364e-02 -9.875445337979e-02 9.05e-15 1.24e-10 6.02e-12 0.505


Optimal solution found in 107 iterations and 0.505s
Objective -9.87544453e-02
Primal infeasibility (abs/rel): 1.81e-14/9.05e-15
Dual infeasibility   (abs/rel): 1.36e-10/1.24e-10
Complementarity gap  (abs/rel): 6.62e-12/6.02e-12


Barrier finished in 0.51 seconds
Dual variables for problems with quadratic constraints not returned.
