cuOpt version: 26.10.0, git hash: 648f805d, host arch: x86_64, device archs: 80-real
CPU: AMD EPYC 7642 48-Core Processor, threads: 5C/5T, RAM usage: 37.49/503.74GiB
CPU SIMD target: AVX2
CUDA 12.9, device: NVIDIA A100 80GB PCIe (ID 0), VRAM: 79.44 GiB
CUDA device UUID: 68df5cf5-71f9-6a93-b428-460c080ffb10
Problem has 1 quadratic constraints. Converting to second-order cones and solving with barrier.
Barrier: reusing cache (skip convert/presolve/scaling)
Barrier solver started at 0.000 seconds
Barrier solver: 5103 constraints, 10102 variables, 265152 nonzeros
Barrier setup complete at 0.000 seconds
Adaptive regularization enabled


                  Objective                         Infeasibility        Time
Iter   Primal              Dual                Primal   Dual    Compl.   Elapsed
  0   -3.704490508896e+02 -3.710981922775e+02 3.71e+03 1.91e+00 1.19e-02 0.001
  1   -8.086098183120e-01 -3.473053946317e+02 6.71e+00 2.97e-01 1.68e-01 0.005
  2   -6.082676239747e-02 -4.940078760010e+00 5.32e-02 3.13e-03 1.98e-03 0.010
  3   -5.630105793546e-02 -2.020492554086e-01 1.46e-03 8.60e-05 4.64e-05 0.014
  4   -6.046732715398e-02 -2.040139452760e-01 1.36e-03 7.99e-05 3.52e-05 0.018
  5   -6.064885265578e-02 -2.040453041943e-01 1.34e-03 7.90e-05 3.60e-05 0.023
  6   -7.185331336452e-02 -2.005660010279e-01 6.89e-04 4.05e-05 2.93e-04 0.027
  7   -7.200773287100e-02 -1.973848347961e-01 5.96e-04 3.51e-05 3.01e-04 0.031
  8   -7.836298803489e-02 -1.658653761914e-01 3.96e-04 2.33e-05 2.21e-04 0.035
  9   -7.846619677080e-02 -1.658556090281e-01 3.90e-04 2.29e-05 2.18e-04 0.040
 10   -8.251228586703e-02 -1.467545790634e-01 1.97e-04 1.16e-05 1.74e-04 0.045
 11   -8.238833256312e-02 -1.465465581792e-01 1.95e-04 1.15e-05 1.73e-04 0.050
 12   -8.443835218202e-02 -1.358193338818e-01 1.00e-04 5.90e-06 1.30e-04 0.054
 13   -8.698155914656e-02 -1.285753316924e-01 7.56e-05 4.44e-06 1.14e-04 0.058
 14   -8.656563519254e-02 -1.281336008432e-01 7.42e-05 4.37e-06 1.59e-04 0.063
 15   -9.181730284948e-02 -1.137002179230e-01 3.42e-05 2.01e-06 1.02e-04 0.068
 16   -9.185920938696e-02 -1.135388604194e-01 3.30e-05 1.94e-06 1.09e-04 0.073
 17   -9.329892264952e-02 -1.096744651314e-01 2.10e-05 1.24e-06 7.76e-05 0.077
 18   -9.322124772767e-02 -1.095585597559e-01 2.06e-05 1.21e-06 8.28e-05 0.083
 19   -9.380397453258e-02 -1.076054140299e-01 1.39e-05 8.19e-07 6.85e-05 0.087
 20   -9.383351096373e-02 -1.074871060753e-01 1.35e-05 7.93e-07 7.44e-05 0.093
 21   -9.404209310859e-02 -1.067415956381e-01 1.11e-05 6.55e-07 6.91e-05 0.098
 22   -9.403686057918e-02 -1.066396210949e-01 1.08e-05 6.35e-07 7.35e-05 0.104
 23   -9.457818522574e-02 -1.054217570318e-01 8.20e-06 4.82e-07 6.60e-05 0.108
 24   -9.460925615993e-02 -1.053184250714e-01 7.91e-06 4.65e-07 7.03e-05 0.114
 25   -9.492794084323e-02 -1.045388960068e-01 6.25e-06 3.67e-07 6.27e-05 0.118
 26   -9.493461576341e-02 -1.044543135890e-01 6.04e-06 3.55e-07 6.60e-05 0.124
 27   -9.546823247993e-02 -1.034331931975e-01 4.47e-06 2.63e-07 5.64e-05 0.129
 28   -9.549500408550e-02 -1.033513753292e-01 4.30e-06 2.53e-07 5.95e-05 0.134
 29   -9.579921539956e-02 -1.027200141735e-01 3.31e-06 1.95e-07 5.10e-05 0.139
 30   -9.581154894261e-02 -1.026540829171e-01 3.19e-06 1.88e-07 5.34e-05 0.145
 31   -9.622750287927e-02 -1.019294854449e-01 2.35e-06 1.38e-07 4.40e-05 0.149
 32   -9.625133179142e-02 -1.018681220442e-01 2.25e-06 1.33e-07 4.62e-05 0.155
 33   -9.651138698401e-02 -1.013912949642e-01 1.71e-06 1.00e-07 3.82e-05 0.160
 34   -9.652556805106e-02 -1.013421847780e-01 1.64e-06 9.63e-08 3.99e-05 0.165
 35   -9.683184219848e-02 -1.008471164586e-01 1.20e-06 7.08e-08 3.21e-05 0.170
 36   -9.685220039119e-02 -1.008028479618e-01 1.15e-06 6.78e-08 3.35e-05 0.175
 37   -9.706135402050e-02 -1.004566602432e-01 8.61e-07 5.06e-08 2.70e-05 0.180
 38   -9.707480038788e-02 -1.004213730785e-01 8.25e-07 4.85e-08 2.81e-05 0.186
 39   -9.729420811402e-02 -1.000891320323e-01 6.06e-07 3.56e-08 2.22e-05 0.190
 40   -9.731063606779e-02 -1.000581126596e-01 5.79e-07 3.40e-08 2.31e-05 0.196
 41   -9.747036948747e-02 -9.981457169250e-02 4.29e-07 2.52e-08 1.84e-05 0.200
 42   -9.748200406731e-02 -9.978968978920e-02 4.10e-07 2.41e-08 1.91e-05 0.206
 43   -9.764243447863e-02 -9.956148590688e-02 3.00e-07 1.76e-08 1.49e-05 0.210
 44   -9.765523059835e-02 -9.953978577074e-02 2.86e-07 1.68e-08 1.54e-05 0.216
 45   -9.777932813135e-02 -9.936451471203e-02 2.08e-07 1.23e-08 1.20e-05 0.220
 46   -9.778865200179e-02 -9.934717677093e-02 1.99e-07 1.17e-08 1.24e-05 0.226
 47   -9.790772352344e-02 -9.918742395675e-02 1.43e-07 8.39e-09 9.43e-06 0.230
 48   -9.791717999624e-02 -9.917254728754e-02 1.36e-07 7.98e-09 9.77e-06 0.235
 49   -9.800868303672e-02 -9.905089892196e-02 9.74e-08 5.73e-09 7.39e-06 0.239
 50   -9.801575305648e-02 -9.903912476265e-02 9.27e-08 5.45e-09 7.65e-06 0.245
 51   -9.809629515145e-02 -9.893553082933e-02 6.61e-08 3.89e-09 5.74e-06 0.249
 52   -9.810324564591e-02 -9.892541351010e-02 6.27e-08 3.69e-09 5.93e-06 0.255
 53   -9.816422662483e-02 -9.884758722861e-02 4.50e-08 2.65e-09 4.47e-06 0.259
 54   -9.816975585106e-02 -9.883935347202e-02 4.27e-08 2.51e-09 4.61e-06 0.264
 55   -9.822299277297e-02 -9.877324897731e-02 3.05e-08 1.79e-09 3.46e-06 0.268
 56   -9.822831853315e-02 -9.876602364264e-02 2.88e-08 1.69e-09 3.56e-06 0.274
 57   -9.826994857797e-02 -9.871484123938e-02 2.06e-08 1.21e-09 2.67e-06 0.278
 58   -9.827426655406e-02 -9.870891397118e-02 1.94e-08 1.14e-09 2.74e-06 0.284
 59   -9.830999295722e-02 -9.866586978189e-02 1.38e-08 8.12e-10 2.04e-06 0.288
 60   -9.831402921749e-02 -9.866066999751e-02 1.30e-08 7.63e-10 2.09e-06 0.293
 61   -9.834194847491e-02 -9.862731351686e-02 9.23e-09 5.43e-10 1.56e-06 0.297
 62   -9.834527467207e-02 -9.862301890628e-02 8.65e-09 5.08e-10 1.59e-06 0.302
 63   -9.836875874163e-02 -9.859537973899e-02 6.12e-09 3.60e-10 1.18e-06 0.306
 64   -9.837181347493e-02 -9.859160232379e-02 5.70e-09 3.35e-10 1.20e-06 0.312
 65   -9.839020675531e-02 -9.857011358812e-02 4.03e-09 2.37e-10 8.85e-07 0.316
 66   -9.839275241267e-02 -9.856697348574e-02 3.75e-09 2.20e-10 8.95e-07 0.321
 67   -9.840799666478e-02 -9.854936446277e-02 2.63e-09 1.55e-10 6.58e-07 0.325
 68   -9.841029062066e-02 -9.854661437712e-02 2.43e-09 1.43e-10 6.62e-07 0.330
 69   -9.842218110953e-02 -9.853296243490e-02 1.70e-09 1.00e-10 4.86e-07 0.334
 70   -9.842409571797e-02 -9.853067768190e-02 1.57e-09 9.21e-11 4.86e-07 0.340
 71   -9.843374486251e-02 -9.851969040881e-02 1.09e-09 6.41e-11 3.54e-07 0.344
 72   -9.843543712004e-02 -9.851770896590e-02 9.97e-10 5.83e-11 3.52e-07 0.349
 73   -9.844288056438e-02 -9.850927366546e-02 6.93e-10 4.06e-11 2.55e-07 0.353
 74   -9.844428984927e-02 -9.850763243543e-02 6.28e-10 3.69e-11 2.52e-07 0.358
 75   -9.845020214137e-02 -9.850097281437e-02 4.35e-10 2.55e-11 1.82e-07 0.362
 76   -9.845142506172e-02 -9.849956661234e-02 3.91e-10 2.30e-11 1.78e-07 0.367
 77   -9.845592934652e-02 -9.849451197134e-02 2.70e-10 1.58e-11 1.28e-07 0.371
 78   -9.845694189609e-02 -9.849335368623e-02 2.41e-10 1.40e-11 1.24e-07 0.376
 79   -9.846044442521e-02 -9.848944066306e-02 1.65e-10 9.59e-12 8.90e-08 0.380
 80   -9.846130685945e-02 -9.848846249434e-02 1.46e-10 8.49e-12 8.56e-08 0.385
 81   -9.846393623964e-02 -9.848553352834e-02 9.96e-11 5.81e-12 6.10e-08 0.389
 82   -9.846464388997e-02 -9.848473448344e-02 8.71e-11 4.82e-12 5.80e-08 0.394
 83   -9.846664315728e-02 -9.848251471052e-02 5.92e-11 3.25e-12 4.11e-08 0.398
 84   -9.846723423256e-02 -9.848185113205e-02 5.11e-11 2.97e-12 3.85e-08 0.402
 85   -9.846870779470e-02 -9.848021875722e-02 3.46e-11 2.02e-12 2.72e-08 0.406
 86   -9.846918634306e-02 -9.847968342073e-02 2.94e-11 1.81e-12 2.51e-08 0.411
 87   -9.847027750109e-02 -9.847847757739e-02 1.98e-11 1.21e-12 1.76e-08 0.415
 88   -9.847066796314e-02 -9.847804248141e-02 1.65e-11 1.35e-12 1.60e-08 0.420
 89   -9.847145158286e-02 -9.847717801580e-02 1.10e-11 8.90e-13 1.11e-08 0.424
 90   -9.847176092558e-02 -9.847683425431e-02 9.02e-12 1.03e-12 9.86e-09 0.429
 91   -9.847232078689e-02 -9.847621772738e-02 5.96e-12 6.26e-13 6.77e-09 0.433
 92   -9.847256454024e-02 -9.847594758368e-02 4.76e-12 8.30e-13 5.87e-09 0.438
 93   -9.847295088830e-02 -9.847552270106e-02 3.11e-12 5.22e-13 3.99e-09 0.442
 94   -9.847313603754e-02 -9.847531793455e-02 2.41e-12 7.42e-13 3.36e-09 0.447
 95   -9.847339724098e-02 -9.847503104356e-02 1.55e-12 5.01e-13 2.24e-09 0.451
 96   -9.847353424502e-02 -9.847487981664e-02 1.16e-12 7.78e-13 1.82e-09 0.455
 97   -9.847370246745e-02 -9.847469522566e-02 7.39e-13 5.64e-13 1.20e-09 0.459
 98   -9.847379865458e-02 -9.847458922413e-02 5.33e-13 1.18e-12 9.33e-10 0.464
 99   -9.847390226133e-02 -9.847447562812e-02 3.33e-13 6.76e-13 6.04e-10 0.468
100   -9.847396667396e-02 -9.847440474278e-02 2.29e-13 6.76e-13 4.49e-10 0.472
101   -9.847402634359e-02 -9.847433935822e-02 1.41e-13 3.39e-13 2.86e-10 0.476
102   -9.847406708951e-02 -9.847429457185e-02 9.24e-14 2.15e-12 2.02e-10 0.481
103   -9.847409942254e-02 -9.847425915902e-02 5.61e-14 1.05e-12 1.27e-10 0.485
104   -9.847412394389e-02 -9.847423223630e-02 1.86e-13 6.55e-11 8.30e-11 0.489
105   -9.847414040337e-02 -9.847421421478e-02 1.10e-13 3.86e-11 5.12e-11 0.493
106   -9.847415377850e-02 -9.847419953536e-02 3.01e-14 1.31e-10 3.04e-11 0.497
107   -9.847416169787e-02 -9.847419086949e-02 1.69e-14 7.44e-11 1.79e-11 0.501
108   -9.847416798471e-02 -9.847418397789e-02 4.31e-14 3.12e-10 9.50e-12 0.504
109   -9.847417133535e-02 -9.847418031180e-02 2.19e-14 1.59e-10 4.98e-12 0.508


Optimal solution found in 109 iterations and 0.508s
Objective -9.84741713e-02
Primal infeasibility (abs/rel): 4.37e-14/2.19e-14
Dual infeasibility   (abs/rel): 1.75e-10/1.59e-10
Complementarity gap  (abs/rel): 5.47e-12/4.98e-12


Barrier finished in 0.51 seconds
Dual variables for problems with quadratic constraints not returned.
