cuOpt version: 26.10.0, git hash: 648f805d, host arch: x86_64, device archs: 80-real
CPU: AMD EPYC 7642 48-Core Processor, threads: 5C/5T, RAM usage: 41.98/503.74GiB
CPU SIMD target: AVX2
CUDA 12.9, device: NVIDIA A100 80GB PCIe (ID 0), VRAM: 79.44 GiB
CUDA device UUID: 68df5cf5-71f9-6a93-b428-460c080ffb10
Problem has 1 quadratic constraints. Converting to second-order cones and solving with barrier.
Handling 50 free variables directly in augmented system
Presolved problem: 5103 constraints 10102 variables 265152 nonzeros
Skipping Ruiz equilibration (row norm ratio 1.4, column norm ratio 1.4 < 5e4, Q coeff ratio 1.0 < 100)
Barrier solver started at 0.024 seconds
Barrier solver: 5103 constraints, 10102 variables, 265152 nonzeros


Second-order cones          : 1
Free variables              : 50
Upper bounds                : 5000
Linear system               : augmented
cuDSS Version               : 0.7.1
cuDSS Threading layer       : libcudss_mtlayer_gomp.so.0
Reordering time             : 0.073s
Symbolic factorization time : 0.023s
Symbolic nonzeros in factor : 2.79e+05
Elapsed time for augmented  : 0.127 seconds
Elapsed time           : 0.127 seconds
Barrier setup complete at 0.127 seconds
Adaptive regularization enabled


                  Objective                         Infeasibility        Time
Iter   Primal              Dual                Primal   Dual    Compl.   Elapsed
  0   -3.702509737108e+02 -3.710937010099e+02 3.71e+03 1.91e+00 1.19e-02 0.128
  1   -4.136273551275e+00 -3.475151614423e+02 4.01e+01 2.77e-01 6.50e-02 0.133
  2   -1.039317309374e-01 -2.487809478481e+01 4.69e-01 7.85e-03 4.78e-03 0.137
  3   -5.492858368113e-02 -6.426990422293e-01 4.69e-03 7.91e-05 1.48e-04 0.142
  4   -5.851315182356e-02 -1.366086835713e-01 6.22e-04 1.05e-05 1.74e-05 0.147
  5   -6.838223231582e-02 -1.390882897067e-01 4.75e-04 8.01e-06 3.90e-05 0.152
  6   -6.889375945966e-02 -1.392058504776e-01 4.61e-04 7.77e-06 4.13e-05 0.156
  7   -7.975791834271e-02 -1.309113998326e-01 2.43e-04 4.10e-06 1.01e-04 0.161
  8   -7.980229728676e-02 -1.306485102466e-01 2.26e-04 3.81e-06 2.65e-04 0.167
  9   -8.971816234676e-02 -1.146065053330e-01 6.32e-05 1.07e-06 2.28e-04 0.171
 10   -9.597467619448e-02 -1.029561655378e-01 1.59e-05 2.68e-07 4.93e-05 0.176
 11   -9.743912260315e-02 -1.006252772176e-01 6.14e-06 1.03e-07 1.11e-05 0.181
 12   -9.773434130253e-02 -9.994009809276e-02 2.94e-06 4.96e-08 2.50e-05 0.186
 13   -9.823232358810e-02 -9.925642941350e-02 9.33e-07 1.57e-08 9.49e-06 0.190
 14   -9.847052975288e-02 -9.892513138420e-02 3.52e-07 5.90e-09 8.06e-06 0.195
 15   -9.865602249698e-02 -9.868376464848e-02 2.08e-08 3.54e-10 3.92e-07 0.200
 16   -9.866785252588e-02 -9.866876999962e-02 6.85e-10 1.69e-11 6.06e-09 0.205
 17   -9.866820080752e-02 -9.866831873319e-02 8.61e-11 8.07e-11 6.55e-10 0.209
 18   -9.866824347281e-02 -9.866826218422e-02 1.12e-11 1.32e-10 6.03e-11 0.214
 19   -9.866825144546e-02 -9.866825230553e-02 4.69e-13 7.63e-08 6.39e-12 0.217
 20   -9.866825181726e-02 -9.866825184958e-02 3.95e-14 9.05e-08 2.46e-13 0.221
 21   -9.866825183143e-02 -9.866825183299e-02 1.94e-15 4.21e-09 1.11e-14 0.226


Optimal solution found in 21 iterations and 0.226s
Objective -9.86682518e-02
Primal infeasibility (abs/rel): 3.89e-15/1.94e-15
Dual infeasibility   (abs/rel): 4.64e-09/4.21e-09
Complementarity gap  (abs/rel): 1.22e-14/1.11e-14


Barrier finished in 0.23 seconds
Dual variables for problems with quadratic constraints not returned.
