cuOpt version: 26.10.0, git hash: 648f805d, host arch: x86_64, device archs: 80-real
CPU: AMD EPYC 7642 48-Core Processor, threads: 5C/5T, RAM usage: 42.16/503.74GiB
CPU SIMD target: AVX2
CUDA 12.9, device: NVIDIA A100 80GB PCIe (ID 0), VRAM: 79.44 GiB
CUDA device UUID: 68df5cf5-71f9-6a93-b428-460c080ffb10
Problem has 1 quadratic constraints. Converting to second-order cones and solving with barrier.
Handling 50 free variables directly in augmented system
Presolved problem: 5103 constraints 10102 variables 265152 nonzeros
Skipping Ruiz equilibration (row norm ratio 1.4, column norm ratio 1.4 < 5e4, Q coeff ratio 1.0 < 100)
Barrier solver started at 0.027 seconds
Barrier solver: 5103 constraints, 10102 variables, 265152 nonzeros


Second-order cones          : 1
Free variables              : 50
Upper bounds                : 5000
Linear system               : augmented
cuDSS Version               : 0.7.1
cuDSS Threading layer       : libcudss_mtlayer_gomp.so.0
Reordering time             : 0.055s
Symbolic factorization time : 0.023s
Symbolic nonzeros in factor : 2.79e+05
Elapsed time for augmented  : 0.112 seconds
Elapsed time           : 0.112 seconds
Barrier setup complete at 0.112 seconds
Adaptive regularization enabled


                  Objective                         Infeasibility        Time
Iter   Primal              Dual                Primal   Dual    Compl.   Elapsed
  0   -3.704490508896e+02 -3.710981922775e+02 3.71e+03 1.91e+00 1.19e-02 0.113
  1   -4.138703882017e+00 -3.475197441600e+02 4.01e+01 2.77e-01 6.50e-02 0.118
  2   -1.040077714720e-01 -2.488126401411e+01 4.69e-01 7.85e-03 4.78e-03 0.123
  3   -5.496009159231e-02 -6.429579754514e-01 4.69e-03 7.91e-05 1.48e-04 0.127
  4   -5.855201084765e-02 -1.359300793120e-01 6.17e-04 1.04e-05 1.72e-05 0.132
  5   -6.551675310995e-02 -1.377706752984e-01 5.18e-04 8.72e-06 2.04e-05 0.137
  6   -6.699932395296e-02 -1.382652692960e-01 4.83e-04 8.13e-06 2.72e-05 0.142
  7   -8.162897713566e-02 -1.249450474888e-01 2.43e-04 4.10e-06 7.09e-05 0.147
  8   -8.180531801541e-02 -1.245931780045e-01 2.22e-04 3.73e-06 1.19e-04 0.152
  9   -8.341023217469e-02 -1.237503075550e-01 1.77e-04 2.99e-06 2.86e-04 0.157
 10   -8.547850294437e-02 -1.209211746475e-01 1.01e-04 1.70e-06 2.64e-04 0.162
 11   -8.804419080986e-02 -1.151441603669e-01 5.31e-05 8.94e-07 4.51e-04 0.168
 12   -9.516379843930e-02 -1.038271681108e-01 1.31e-05 2.20e-07 1.16e-04 0.173
 13   -9.699352752204e-02 -1.008567441890e-01 4.62e-06 7.79e-08 3.36e-05 0.177
 14   -9.759936398277e-02 -9.965874885893e-02 1.54e-06 2.58e-08 3.72e-05 0.183
 15   -9.828623671823e-02 -9.873930122462e-02 3.11e-07 5.25e-09 7.79e-06 0.187
 16   -9.842334361810e-02 -9.853996776167e-02 6.38e-08 1.07e-09 2.36e-06 0.192
 17   -9.846598246611e-02 -9.848542723476e-02 1.05e-08 1.79e-10 3.91e-07 0.197
 18   -9.847269078947e-02 -9.847593838543e-02 8.63e-10 1.34e-11 3.58e-08 0.202
 19   -9.847405161183e-02 -9.847432731429e-02 7.30e-11 7.44e-12 3.07e-09 0.207
 20   -9.847416903803e-02 -9.847418318495e-02 2.21e-12 5.95e-11 8.58e-11 0.211
 21   -9.847417545169e-02 -9.847417582953e-02 6.08e-13 1.85e-07 2.34e-12 0.214
 22   -9.847417560881e-02 -9.847417563206e-02 3.74e-14 1.14e-08 1.46e-13 0.219
 23   -9.847417561874e-02 -9.847417561934e-02 7.77e-16 1.95e-10 2.79e-15 0.224


Optimal solution found in 23 iterations and 0.224s
Objective -9.84741756e-02
Primal infeasibility (abs/rel): 1.55e-15/7.77e-16
Dual infeasibility   (abs/rel): 2.15e-10/1.95e-10
Complementarity gap  (abs/rel): 3.06e-15/2.79e-15


Barrier finished in 0.23 seconds
Dual variables for problems with quadratic constraints not returned.
