cuOpt version: 26.10.0, git hash: 648f805d, host arch: x86_64, device archs: 80-real
CPU: AMD EPYC 7642 48-Core Processor, threads: 5C/5T, RAM usage: 42.29/503.74GiB
CPU SIMD target: AVX2
CUDA 12.9, device: NVIDIA A100 80GB PCIe (ID 0), VRAM: 79.44 GiB
CUDA device UUID: 68df5cf5-71f9-6a93-b428-460c080ffb10
Problem has 1 quadratic constraints. Converting to second-order cones and solving with barrier.
Handling 50 free variables directly in augmented system
Presolved problem: 5103 constraints 10102 variables 265152 nonzeros
Skipping Ruiz equilibration (row norm ratio 1.4, column norm ratio 1.4 < 5e4, Q coeff ratio 1.0 < 100)
Barrier solver started at 0.026 seconds
Barrier solver: 5103 constraints, 10102 variables, 265152 nonzeros


Second-order cones          : 1
Free variables              : 50
Upper bounds                : 5000
Linear system               : augmented
cuDSS Version               : 0.7.1
cuDSS Threading layer       : libcudss_mtlayer_gomp.so.0
Reordering time             : 0.072s
Symbolic factorization time : 0.024s
Symbolic nonzeros in factor : 2.79e+05
Elapsed time for augmented  : 0.128 seconds
Elapsed time           : 0.128 seconds
Barrier setup complete at 0.128 seconds
Adaptive regularization enabled


                  Objective                         Infeasibility        Time
Iter   Primal              Dual                Primal   Dual    Compl.   Elapsed
  0   -3.703993037120e+02 -3.711301956175e+02 3.71e+03 1.91e+00 1.19e-02 0.129
  1   -4.138311991348e+00 -3.475517914134e+02 4.01e+01 2.77e-01 6.50e-02 0.134
  2   -1.039811675448e-01 -2.488651170153e+01 4.69e-01 7.85e-03 4.78e-03 0.138
  3   -5.494896688005e-02 -6.429279200996e-01 4.69e-03 7.91e-05 1.48e-04 0.143
  4   -5.853996103246e-02 -1.361843852418e-01 6.19e-04 1.04e-05 1.73e-05 0.148
  5   -6.635118170697e-02 -1.384036203547e-01 5.08e-04 8.56e-06 2.50e-05 0.153
  6   -6.755105172102e-02 -1.387681128442e-01 4.78e-04 8.06e-06 3.38e-05 0.158
  7   -7.881700629504e-02 -1.279578299654e-01 2.93e-04 4.94e-06 7.37e-05 0.162
  8   -7.897143529299e-02 -1.278428036094e-01 2.78e-04 4.68e-06 9.91e-05 0.168
  9   -8.213079835111e-02 -1.254377164867e-01 1.99e-04 3.35e-06 2.83e-04 0.173
 10   -8.362960669461e-02 -1.222989785650e-01 1.43e-04 2.42e-06 4.82e-04 0.178
 11   -9.211723262019e-02 -1.094454130358e-01 5.97e-05 1.01e-06 1.57e-04 0.183
 12   -9.256768504182e-02 -1.080701258913e-01 4.52e-05 7.61e-07 1.88e-04 0.188
 13   -9.635546548161e-02 -1.021846247601e-01 1.50e-05 2.53e-07 7.13e-05 0.193
 14   -9.657156103848e-02 -1.015267926677e-01 1.04e-05 1.76e-07 7.65e-05 0.199
 15   -9.764142514808e-02 -1.000368196042e-01 4.57e-06 7.70e-08 3.26e-05 0.204
 16   -9.788322884568e-02 -9.958710569539e-02 2.59e-06 4.37e-08 2.84e-05 0.209
 17   -9.832454671127e-02 -9.897984583383e-02 8.61e-07 1.45e-08 1.05e-05 0.214
 18   -9.844488224006e-02 -9.879427820284e-02 3.43e-07 5.75e-09 6.00e-06 0.218
 19   -9.855275389269e-02 -9.865625209350e-02 9.00e-08 1.51e-09 1.75e-06 0.223
 20   -9.858603590626e-02 -9.861159229518e-02 1.55e-08 2.50e-10 4.13e-07 0.228
 21   -9.859514433469e-02 -9.860060397639e-02 3.17e-09 5.46e-11 8.87e-08 0.233
 22   -9.859720517299e-02 -9.859800041164e-02 3.46e-10 2.16e-11 1.07e-08 0.238
 23   -9.859754918586e-02 -9.859758616532e-02 1.61e-11 5.02e-12 4.83e-10 0.243
 24   -9.859756410591e-02 -9.859756831163e-02 1.74e-12 1.88e-08 5.30e-11 0.246
 25   -9.859756587291e-02 -9.859756623606e-02 1.41e-13 1.18e-07 4.80e-12 0.250
 26   -9.859756602576e-02 -9.859756605940e-02 1.29e-14 1.08e-08 4.42e-13 0.254
 27   -9.859756604067e-02 -9.859756604208e-02 5.55e-16 4.53e-10 1.93e-14 0.259


Optimal solution found in 27 iterations and 0.259s
Objective -9.85975660e-02
Primal infeasibility (abs/rel): 1.11e-15/5.55e-16
Dual infeasibility   (abs/rel): 4.99e-10/4.53e-10
Complementarity gap  (abs/rel): 2.12e-14/1.93e-14


Barrier finished in 0.26 seconds
Dual variables for problems with quadratic constraints not returned.
