cuOpt version: 26.10.0, git hash: 648f805d, host arch: x86_64, device archs: 80-real
CPU: AMD EPYC 7642 48-Core Processor, threads: 5C/5T, RAM usage: 14.37/503.74GiB
CPU SIMD target: AVX2
CUDA 12.9, device: NVIDIA A100 80GB PCIe (ID 0), VRAM: 79.44 GiB
CUDA device UUID: 68df5cf5-71f9-6a93-b428-460c080ffb10
Problem has 1 quadratic constraints. Converting to second-order cones and solving with barrier.
Barrier: reusing cache (skip convert/presolve/scaling)
Barrier solver started at 0.000 seconds
Barrier solver: 5103 constraints, 10102 variables, 265152 nonzeros
Barrier setup complete at 0.000 seconds
Adaptive regularization enabled


                  Objective                         Infeasibility        Time
Iter   Primal              Dual                Primal   Dual    Compl.   Elapsed
  0   -3.701605598740e+02 -3.710234169387e+02 3.71e+03 1.91e+00 1.19e-02 0.001
  1   -4.135545914633e+00 -3.474447710337e+02 4.01e+01 2.77e-01 6.50e-02 0.006
  2   -1.039314354667e-01 -2.487032419842e+01 4.69e-01 7.85e-03 4.78e-03 0.012
  3   -5.492443562267e-02 -6.426587254006e-01 4.69e-03 7.91e-05 1.48e-04 0.017
  4   -5.851219322879e-02 -1.359803005397e-01 6.17e-04 1.04e-05 1.73e-05 0.022
  5   -6.701674707394e-02 -1.381479919792e-01 4.94e-04 8.32e-06 2.86e-05 0.027
  6   -6.855034187643e-02 -1.384591743163e-01 4.55e-04 7.67e-06 3.48e-05 0.032
  7   -8.223283401203e-02 -1.232138715908e-01 2.32e-04 3.91e-06 6.24e-05 0.037
  8   -8.247985951839e-02 -1.229731316097e-01 2.12e-04 3.58e-06 7.15e-05 0.041
  9   -8.394188439470e-02 -1.219999915814e-01 1.71e-04 2.88e-06 1.86e-04 0.047
 10   -8.656542971771e-02 -1.187876954746e-01 8.89e-05 1.50e-06 1.36e-04 0.052
 11   -8.752280687730e-02 -1.157166556068e-01 5.91e-05 9.96e-07 3.81e-04 0.057
 12   -9.538116679592e-02 -1.035671015885e-01 1.38e-05 2.32e-07 9.05e-05 0.062
 13   -9.693240172235e-02 -1.009797178710e-01 5.48e-06 9.23e-08 3.36e-05 0.067
 14   -9.753155483418e-02 -9.982634447817e-02 2.09e-06 3.51e-08 3.57e-05 0.072
 15   -9.826410009265e-02 -9.884488014041e-02 4.45e-07 7.49e-09 7.54e-06 0.077
 16   -9.843129985203e-02 -9.860972330722e-02 1.18e-07 1.99e-09 3.54e-06 0.082
 17   -9.850553284684e-02 -9.851127267392e-02 3.64e-09 6.52e-11 6.01e-08 0.087
 18   -9.850780923380e-02 -9.850829524115e-02 3.02e-10 7.51e-12 2.84e-09 0.092
 19   -9.850798004629e-02 -9.850806861494e-02 5.16e-11 8.70e-11 3.51e-10 0.097
 20   -9.850801409468e-02 -9.850802519764e-02 4.77e-12 5.56e-11 3.22e-11 0.101
 21   -9.850801820966e-02 -9.850802007005e-02 6.73e-13 3.17e-10 3.66e-12 0.106


Optimal solution found in 21 iterations and 0.106s
Objective -9.85080182e-02
Primal infeasibility (abs/rel): 1.35e-12/6.73e-13
Dual infeasibility   (abs/rel): 3.49e-10/3.17e-10
Complementarity gap  (abs/rel): 4.02e-12/3.66e-12


Barrier finished in 0.11 seconds
Dual variables for problems with quadratic constraints not returned.
