cuOpt version: 26.10.0, git hash: 648f805d, host arch: x86_64, device archs: 80-real
CPU: AMD EPYC 7642 48-Core Processor, threads: 5C/5T, RAM usage: 14.31/503.74GiB
CPU SIMD target: AVX2
CUDA 12.9, device: NVIDIA A100 80GB PCIe (ID 0), VRAM: 79.44 GiB
CUDA device UUID: 68df5cf5-71f9-6a93-b428-460c080ffb10
Problem has 1 quadratic constraints. Converting to second-order cones and solving with barrier.
Barrier: reusing cache (skip convert/presolve/scaling)
Barrier solver started at 0.000 seconds
Barrier solver: 5103 constraints, 10102 variables, 265152 nonzeros
Barrier setup complete at 0.000 seconds
Adaptive regularization enabled


                  Objective                         Infeasibility        Time
Iter   Primal              Dual                Primal   Dual    Compl.   Elapsed
  0   -3.704490508896e+02 -3.710981922775e+02 3.71e+03 1.91e+00 1.19e-02 0.001
  1   -4.138703882017e+00 -3.475197441600e+02 4.01e+01 2.77e-01 6.50e-02 0.006
  2   -1.040077714720e-01 -2.488126401411e+01 4.69e-01 7.85e-03 4.78e-03 0.011
  3   -5.496009159231e-02 -6.429579754514e-01 4.69e-03 7.91e-05 1.48e-04 0.016
  4   -5.855201084765e-02 -1.359300793120e-01 6.17e-04 1.04e-05 1.72e-05 0.021
  5   -6.551675310994e-02 -1.377706752984e-01 5.18e-04 8.72e-06 2.04e-05 0.026
  6   -6.699932395295e-02 -1.382652692960e-01 4.83e-04 8.13e-06 2.72e-05 0.030
  7   -8.162897713542e-02 -1.249450474890e-01 2.43e-04 4.10e-06 7.09e-05 0.035
  8   -8.180531801521e-02 -1.245931780048e-01 2.22e-04 3.73e-06 1.19e-04 0.041
  9   -8.341023217422e-02 -1.237503075556e-01 1.77e-04 2.99e-06 2.86e-04 0.046
 10   -8.547850294479e-02 -1.209211746473e-01 1.01e-04 1.70e-06 2.64e-04 0.051
 11   -8.804419080853e-02 -1.151441603694e-01 5.31e-05 8.94e-07 4.51e-04 0.057
 12   -9.516379843869e-02 -1.038271681119e-01 1.31e-05 2.20e-07 1.16e-04 0.062
 13   -9.699352752141e-02 -1.008567441900e-01 4.62e-06 7.79e-08 3.36e-05 0.067
 14   -9.759936398234e-02 -9.965874885953e-02 1.54e-06 2.58e-08 3.72e-05 0.072
 15   -9.828623671797e-02 -9.873930122497e-02 3.11e-07 5.25e-09 7.79e-06 0.077
 16   -9.842334361797e-02 -9.853996776184e-02 6.38e-08 1.07e-09 2.36e-06 0.082
 17   -9.846598246607e-02 -9.848542723482e-02 1.05e-08 1.79e-10 3.91e-07 0.086
 18   -9.847269078948e-02 -9.847593838541e-02 8.63e-10 1.55e-11 3.58e-08 0.091
 19   -9.847405161183e-02 -9.847432731430e-02 7.30e-11 5.51e-12 3.07e-09 0.096
 20   -9.847416903807e-02 -9.847418318491e-02 2.21e-12 8.89e-11 8.58e-11 0.101
 21   -9.847417544026e-02 -9.847417582950e-02 1.54e-13 1.01e-08 2.34e-12 0.105
 22   -9.847417560811e-02 -9.847417563204e-02 9.52e-15 6.15e-10 1.46e-13 0.110


Optimal solution found in 22 iterations and 0.110s
Objective -9.84741756e-02
Primal infeasibility (abs/rel): 1.90e-14/9.52e-15
Dual infeasibility   (abs/rel): 6.78e-10/6.15e-10
Complementarity gap  (abs/rel): 1.60e-13/1.46e-13


Barrier finished in 0.11 seconds
Dual variables for problems with quadratic constraints not returned.
