cuOpt version: 26.10.0, git hash: 648f805d, host arch: x86_64, device archs: 80-real
CPU: AMD EPYC 7642 48-Core Processor, threads: 5C/5T, RAM usage: 14.20/503.74GiB
CPU SIMD target: AVX2
CUDA 12.9, device: NVIDIA A100 80GB PCIe (ID 0), VRAM: 79.44 GiB
CUDA device UUID: 68df5cf5-71f9-6a93-b428-460c080ffb10
Problem has 1 quadratic constraints. Converting to second-order cones and solving with barrier.
Barrier: reusing cache (skip convert/presolve/scaling)
Barrier solver started at 0.000 seconds
Barrier solver: 5103 constraints, 10102 variables, 265152 nonzeros
Barrier setup complete at 0.000 seconds
Adaptive regularization enabled


                  Objective                         Infeasibility        Time
Iter   Primal              Dual                Primal   Dual    Compl.   Elapsed
  0   -3.704562062107e+02 -3.710714720587e+02 3.71e+03 1.91e+00 1.19e-02 0.001
  1   -4.139037088259e+00 -3.474930274934e+02 4.01e+01 2.77e-01 6.49e-02 0.007
  2   -1.040203888891e-01 -2.487881575907e+01 4.69e-01 7.85e-03 4.78e-03 0.013
  3   -5.496595416765e-02 -6.428695019044e-01 4.69e-03 7.91e-05 1.48e-04 0.018
  4   -5.855928225679e-02 -1.358861132381e-01 6.16e-04 1.04e-05 1.71e-05 0.023
  5   -6.633604649581e-02 -1.378606070000e-01 5.05e-04 8.50e-06 2.41e-05 0.027
  6   -6.767698000493e-02 -1.382478097972e-01 4.72e-04 7.94e-06 2.82e-05 0.032
  7   -8.154108303844e-02 -1.247342887670e-01 2.42e-04 4.07e-06 6.14e-05 0.037
  8   -8.190808710706e-02 -1.244209937333e-01 2.17e-04 3.66e-06 8.71e-05 0.042
  9   -8.395606193267e-02 -1.227574618808e-01 1.64e-04 2.76e-06 2.16e-04 0.047
 10   -8.700148319982e-02 -1.186902318753e-01 9.08e-05 1.53e-06 1.29e-04 0.052
 11   -8.697032142492e-02 -1.174108832222e-01 7.64e-05 1.29e-06 2.76e-04 0.058
 12   -9.358726795633e-02 -1.067457897425e-01 2.99e-05 5.04e-07 8.74e-05 0.063
 13   -9.463697005612e-02 -1.048575363436e-01 2.02e-05 3.40e-07 1.04e-04 0.068
 14   -9.655186166797e-02 -1.018583955284e-01 9.24e-06 1.56e-07 4.87e-05 0.073
 15   -9.675468109239e-02 -1.012625020302e-01 6.45e-06 1.09e-07 5.65e-05 0.079
 16   -9.776305991550e-02 -9.979157807913e-02 2.60e-06 4.38e-08 2.43e-05 0.084
 17   -9.799883354422e-02 -9.937311977263e-02 1.43e-06 2.41e-08 2.19e-05 0.089
 18   -9.834287715378e-02 -9.888466968597e-02 4.83e-07 8.14e-09 8.19e-06 0.094
 19   -9.843936912029e-02 -9.873301157076e-02 1.92e-07 3.21e-09 4.62e-06 0.099
 20   -9.852857306080e-02 -9.861718191100e-02 5.09e-08 8.53e-10 1.36e-06 0.104
 21   -9.855799285614e-02 -9.857772072880e-02 7.85e-09 1.25e-10 3.01e-07 0.109
 22   -9.856497162516e-02 -9.856924218022e-02 1.62e-09 2.98e-11 6.48e-08 0.114
 23   -9.856660335203e-02 -9.856717527277e-02 1.56e-10 8.05e-11 6.75e-09 0.118
 24   -9.856682442201e-02 -9.856690975124e-02 2.32e-11 4.82e-10 1.01e-09 0.122
 25   -9.856686178682e-02 -9.856686495159e-02 8.60e-13 1.12e-08 3.34e-11 0.126
 26   -9.856686310472e-02 -9.856686340116e-02 7.94e-14 1.03e-09 2.70e-12 0.131


Optimal solution found in 26 iterations and 0.131s
Objective -9.85668631e-02
Primal infeasibility (abs/rel): 1.59e-13/7.94e-14
Dual infeasibility   (abs/rel): 1.14e-09/1.03e-09
Complementarity gap  (abs/rel): 2.96e-12/2.70e-12


Barrier finished in 0.13 seconds
Dual variables for problems with quadratic constraints not returned.
