cuOpt version: 26.10.0, git hash: 648f805d, host arch: x86_64, device archs: 80-real
CPU: AMD EPYC 7642 48-Core Processor, threads: 5C/5T, RAM usage: 14.14/503.74GiB
CPU SIMD target: AVX2
CUDA 12.9, device: NVIDIA A100 80GB PCIe (ID 0), VRAM: 79.44 GiB
CUDA device UUID: 68df5cf5-71f9-6a93-b428-460c080ffb10
Problem has 1 quadratic constraints. Converting to second-order cones and solving with barrier.
Barrier: reusing cache (skip convert/presolve/scaling)
Barrier solver started at 0.000 seconds
Barrier solver: 5103 constraints, 10102 variables, 265152 nonzeros
Barrier setup complete at 0.000 seconds
Adaptive regularization enabled


                  Objective                         Infeasibility        Time
Iter   Primal              Dual                Primal   Dual    Compl.   Elapsed
  0   -3.702964190560e+02 -3.711235215740e+02 3.71e+03 1.91e+00 1.19e-02 0.001
  1   -4.136200227630e+00 -3.475449712495e+02 4.01e+01 2.77e-01 6.50e-02 0.006
  2   -1.039156975344e-01 -2.487807126761e+01 4.69e-01 7.85e-03 4.78e-03 0.011
  3   -5.492703520484e-02 -6.425745747629e-01 4.69e-03 7.90e-05 1.47e-04 0.016
  4   -5.851160243313e-02 -1.363146170136e-01 6.20e-04 1.04e-05 1.74e-05 0.021
  5   -6.671516474544e-02 -1.384831380726e-01 4.99e-04 8.41e-06 2.78e-05 0.026
  6   -6.822891841834e-02 -1.387925503654e-01 4.62e-04 7.78e-06 3.77e-05 0.031
  7   -8.057545981644e-02 -1.255006369802e-01 2.60e-04 4.38e-06 7.74e-05 0.036
  8   -8.071997914607e-02 -1.253463137852e-01 2.45e-04 4.14e-06 6.95e-05 0.041
  9   -8.270670792681e-02 -1.240856180966e-01 1.91e-04 3.22e-06 2.25e-04 0.047
 10   -8.239364822400e-02 -1.230769919996e-01 1.70e-04 2.86e-06 4.87e-04 0.052
 11   -9.220735492960e-02 -1.088215762911e-01 6.13e-05 1.03e-06 1.34e-04 0.057
 12   -9.241894711295e-02 -1.075312591984e-01 4.54e-05 7.65e-07 2.33e-04 0.062
 13   -9.595453368033e-02 -1.021142494393e-01 1.55e-05 2.61e-07 1.02e-04 0.067
 14   -9.664321953504e-02 -1.008019156286e-01 8.33e-06 1.40e-07 9.17e-05 0.073
 15   -9.769467277763e-02 -9.939475119790e-02 3.14e-06 5.30e-08 3.33e-05 0.078
 16   -9.798719850394e-02 -9.890598790935e-02 1.28e-06 2.16e-08 2.03e-05 0.083
 17   -9.826181813280e-02 -9.854192964771e-02 3.57e-07 6.02e-09 6.12e-06 0.088
 18   -9.833657801327e-02 -9.843182742285e-02 7.95e-08 1.33e-09 1.79e-06 0.093
 19   -9.836991667895e-02 -9.839075979608e-02 1.66e-08 2.81e-10 3.94e-07 0.098
 20   -9.837777884035e-02 -9.838047534770e-02 1.31e-09 2.65e-11 3.81e-08 0.103
 21   -9.837885074663e-02 -9.837919621940e-02 1.68e-10 8.76e-12 4.94e-09 0.108
 22   -9.837899997112e-02 -9.837901709171e-02 8.31e-12 4.27e-11 2.37e-10 0.112
 23   -9.837900754732e-02 -9.837900792762e-02 1.84e-13 9.30e-10 4.89e-12 0.117


Optimal solution found in 23 iterations and 0.117s
Objective -9.83790075e-02
Primal infeasibility (abs/rel): 3.69e-13/1.84e-13
Dual infeasibility   (abs/rel): 1.02e-09/9.30e-10
Complementarity gap  (abs/rel): 5.37e-12/4.89e-12


Barrier finished in 0.12 seconds
Dual variables for problems with quadratic constraints not returned.
