Setting CUDA_MODULE_LOADING to EAGER
Reading file portfolio_socp_n5000_k50_mu_t00.mps
Read file portfolio_socp_n5000_k50_mu_t00.mps in 0.11 seconds
cuOpt version: 26.10.0, git hash: 78884b0b, host arch: x86_64, device archs: 80-real
CPU: AMD EPYC 7642 48-Core Processor, threads: 5C/5T, RAM usage: 29.54/503.74GiB
CPU SIMD target: AVX2
CUDA 12.9, device: NVIDIA A100 80GB PCIe (ID 0), VRAM: 79.44 GiB
CUDA device UUID: 68df5cf5-71f9-6a93-b428-460c080ffb10
Problem has 1 quadratic constraints. Converting to second-order cones and solving with barrier.
Handling 50 free variables directly in augmented system
Presolved problem: 5103 constraints 10102 variables 265152 nonzeros
Skipping Ruiz equilibration (row norm ratio 1.4, column norm ratio 1.4 < 5e4, Q coeff ratio 1.0 < 100)
Barrier solver started at 0.028 seconds
Barrier solver: 5103 constraints, 10102 variables, 265152 nonzeros


Second-order cones          : 1
Free variables              : 50
Upper bounds                : 5000
Linear system               : augmented
cuDSS Version               : 0.7.1
cuDSS Threading layer       : libcudss_mtlayer_gomp.so.0
cuDSS solve mode            : deterministic
Reordering time             : 0.083s
Symbolic factorization time : 0.024s
Symbolic nonzeros in factor : 2.79e+05
Elapsed time for augmented  : 0.230 seconds
Elapsed time           : 0.230 seconds
Barrier setup complete at 0.230 seconds
Adaptive regularization enabled


                  Objective                         Infeasibility        Time
Iter   Primal              Dual                Primal   Dual    Compl.   Elapsed
  0   -4.993924918112e-02 -2.507019876882e+03 5.00e+00 9.29e+00 1.02e+02 0.291
  1   -5.009447008503e-02 -2.702623565511e+02 5.30e-01 6.54e-01 1.36e+01 0.368
  2   -5.147296510030e-02 -4.026367251524e+01 7.58e-02 1.12e+00 2.49e+00 0.444
  3   -5.975190291072e-02 -4.532187267179e+00 7.58e-03 2.71e-01 2.50e-01 0.522
  4   -6.556843843814e-02 -1.231211145861e+00 1.95e-03 7.16e-02 6.40e-02 0.599
  5   -6.603067448037e-02 -3.465655029265e-01 1.95e-04 7.31e-03 6.94e-03 0.677
  6   -7.720983778635e-02 -1.708610808296e-01 6.34e-05 2.38e-03 2.25e-03 0.753
  7   -8.997684862695e-02 -1.212812234655e-01 1.26e-05 4.72e-04 3.81e-04 0.830
  8   -9.477607420715e-02 -1.080377278273e-01 4.81e-06 1.80e-04 9.27e-05 0.907
  9   -9.639808515551e-02 -1.034282108013e-01 2.18e-06 8.18e-05 4.00e-05 0.984
 10   -9.761255384636e-02 -1.007025854970e-01 9.01e-07 3.38e-05 1.14e-05 1.060
 11   -9.804068915693e-02 -9.952647321096e-02 3.21e-07 1.20e-05 7.94e-06 1.137
 12   -9.836902354611e-02 -9.889167427324e-02 9.14e-08 3.43e-06 2.37e-06 1.214
 13   -9.849791909553e-02 -9.867017548864e-02 2.79e-08 1.05e-06 8.94e-07 1.291
 14   -9.855334442767e-02 -9.858020911881e-02 4.22e-09 1.58e-07 1.23e-07 1.367
 15   -9.856233864666e-02 -9.856589078054e-02 5.57e-10 2.09e-08 1.47e-08 1.444
 16   -9.856354459116e-02 -9.856397564484e-02 6.76e-11 2.54e-09 1.63e-09 1.523
 17   -9.856369177560e-02 -9.856374203945e-02 8.11e-12 5.76e-10 1.74e-10 1.583
 18   -9.856370912231e-02 -9.856371450314e-02 8.93e-13 1.84e-09 1.81e-11 1.643


Optimal solution found in 18 iterations and 1.643s
Objective -9.85637091e-02
Primal infeasibility (abs/rel): 1.79e-12/8.93e-13
Dual infeasibility   (abs/rel): 2.03e-09/1.84e-09
Complementarity gap  (abs/rel): 1.99e-11/1.81e-11


Barrier finished in 1.65 seconds
Dual variables for problems with quadratic constraints not returned.
