cuOpt version: 26.10.0, git hash: 648f805d, host arch: x86_64, device archs: 80-real
CPU: AMD EPYC 7642 48-Core Processor, threads: 5C/5T, RAM usage: 40.03/503.74GiB
CPU SIMD target: AVX2
CUDA 12.9, device: NVIDIA A100 80GB PCIe (ID 0), VRAM: 79.44 GiB
CUDA device UUID: 68df5cf5-71f9-6a93-b428-460c080ffb10
Problem has 1 quadratic constraints. Converting to second-order cones and solving with barrier.
Handling 50 free variables directly in augmented system
Presolved problem: 5103 constraints 10102 variables 265152 nonzeros
Skipping Ruiz equilibration (row norm ratio 1.4, column norm ratio 1.4 < 5e4, Q coeff ratio 1.0 < 100)
Barrier solver started at 0.025 seconds
Barrier solver: 5103 constraints, 10102 variables, 265152 nonzeros


Second-order cones          : 1
Free variables              : 50
Upper bounds                : 5000
Linear system               : augmented
cuDSS Version               : 0.7.1
cuDSS Threading layer       : libcudss_mtlayer_gomp.so.0
Reordering time             : 0.057s
Symbolic factorization time : 0.023s
Symbolic nonzeros in factor : 2.79e+05
Elapsed time for augmented  : 0.114 seconds
Elapsed time           : 0.114 seconds
Barrier setup complete at 0.114 seconds
Adaptive regularization enabled


                  Objective                         Infeasibility        Time
Iter   Primal              Dual                Primal   Dual    Compl.   Elapsed
  0   -4.988371942056e-02 -2.507067875879e+03 5.00e+00 9.29e+00 1.02e+02 0.126
  1   -5.005385877732e-02 -4.744322059851e+01 8.43e-02 1.64e+00 5.54e+00 0.131
  2   -5.991228090881e-02 -1.454004822575e+00 8.43e-04 4.68e-01 1.31e-01 0.136
  3   -6.430375080229e-02 -2.699584020063e-01 1.24e-04 6.88e-02 1.95e-02 0.141
  4   -7.509030487534e-02 -2.171086701898e-01 5.10e-05 2.84e-02 7.72e-03 0.145
  5   -8.828230182327e-02 -1.258922241700e-01 1.22e-05 6.80e-03 1.84e-03 0.150
  6   -9.442098501725e-02 -1.071808200750e-01 1.95e-06 1.09e-03 2.16e-04 0.155
  7   -9.554760418125e-02 -1.037730645760e-01 9.90e-07 5.51e-04 1.59e-04 0.160
  8   -9.769724996835e-02 -9.999935216774e-02 2.52e-07 1.40e-04 4.19e-05 0.165
  9   -9.810735374436e-02 -9.911520806497e-02 7.91e-08 4.40e-05 2.36e-05 0.170
 10   -9.840923811928e-02 -9.866708121480e-02 1.96e-08 1.09e-05 5.81e-06 0.175
 11   -9.846807830338e-02 -9.856095552620e-02 4.31e-09 2.40e-06 1.58e-06 0.180
 12   -9.850122152129e-02 -9.851742170057e-02 7.37e-10 4.10e-07 2.80e-07 0.185
 13   -9.850711044911e-02 -9.850911000369e-02 4.66e-11 2.59e-08 2.18e-08 0.189
 14   -9.850794576744e-02 -9.850810960199e-02 3.81e-12 2.13e-09 1.82e-09 0.194
 15   -9.850801412757e-02 -9.850802489908e-02 1.94e-13 4.85e-10 8.62e-11 0.199
 16   -9.850801874549e-02 -9.850801941874e-02 1.24e-14 3.44e-12 4.43e-12 0.204


Optimal solution found in 16 iterations and 0.204s
Objective -9.85080187e-02
Primal infeasibility (abs/rel): 2.48e-14/1.24e-14
Dual infeasibility   (abs/rel): 3.78e-12/3.44e-12
Complementarity gap  (abs/rel): 4.87e-12/4.43e-12


Barrier finished in 0.21 seconds
Dual variables for problems with quadratic constraints not returned.
