cuOpt version: 26.10.0, git hash: 648f805d, host arch: x86_64, device archs: 80-real
CPU: AMD EPYC 7642 48-Core Processor, threads: 5C/5T, RAM usage: 40.03/503.74GiB
CPU SIMD target: AVX2
CUDA 12.9, device: NVIDIA A100 80GB PCIe (ID 0), VRAM: 79.44 GiB
CUDA device UUID: 68df5cf5-71f9-6a93-b428-460c080ffb10
Problem has 1 quadratic constraints. Converting to second-order cones and solving with barrier.
Handling 50 free variables directly in augmented system
Presolved problem: 5103 constraints 10102 variables 265152 nonzeros
Skipping Ruiz equilibration (row norm ratio 1.4, column norm ratio 1.4 < 5e4, Q coeff ratio 1.0 < 100)
Barrier solver started at 0.028 seconds
Barrier solver: 5103 constraints, 10102 variables, 265152 nonzeros


Second-order cones          : 1
Free variables              : 50
Upper bounds                : 5000
Linear system               : augmented
cuDSS Version               : 0.7.1
cuDSS Threading layer       : libcudss_mtlayer_gomp.so.0
Reordering time             : 0.054s
Symbolic factorization time : 0.023s
Symbolic nonzeros in factor : 2.79e+05
Elapsed time for augmented  : 0.112 seconds
Elapsed time           : 0.112 seconds
Barrier setup complete at 0.112 seconds
Adaptive regularization enabled


                  Objective                         Infeasibility        Time
Iter   Primal              Dual                Primal   Dual    Compl.   Elapsed
  0   -4.990428579034e-02 -2.506919330407e+03 5.00e+00 9.28e+00 1.02e+02 0.125
  1   -5.007468742451e-02 -4.794312711539e+01 8.53e-02 1.64e+00 5.56e+00 0.130
  2   -5.979160269494e-02 -1.524935135357e+00 8.53e-04 4.71e-01 1.33e-01 0.134
  3   -6.385155826435e-02 -2.626172489064e-01 1.15e-04 6.38e-02 1.83e-02 0.139
  4   -7.607303623539e-02 -2.093785016408e-01 4.27e-05 2.37e-02 6.49e-03 0.144
  5   -8.876610812843e-02 -1.240538098122e-01 1.03e-05 5.72e-03 1.56e-03 0.149
  6   -9.372377941802e-02 -1.090385942990e-01 2.02e-06 1.12e-03 2.49e-04 0.154
  7   -9.606376554920e-02 -1.037298455888e-01 8.81e-07 4.88e-04 1.26e-04 0.159
  8   -9.765566343863e-02 -1.002757100399e-01 8.65e-08 4.80e-05 1.75e-05 0.163
  9   -9.834707039618e-02 -9.932243984256e-02 2.75e-08 1.52e-05 5.66e-06 0.168
 10   -9.848129474516e-02 -9.909398608059e-02 1.08e-08 5.98e-06 6.65e-06 0.173
 11   -9.872654161997e-02 -9.878673226690e-02 2.90e-10 1.61e-07 5.76e-07 0.178
 12   -9.875333436141e-02 -9.875576121563e-02 1.17e-11 6.47e-09 1.28e-08 0.183
 13   -9.875433228802e-02 -9.875458606822e-02 1.16e-12 6.52e-10 7.17e-10 0.188
 14   -9.875442196873e-02 -9.875448039515e-02 2.49e-13 4.53e-09 1.30e-10 0.193
 15   -9.875444297097e-02 -9.875445617193e-02 3.75e-14 7.34e-10 2.29e-11 0.197
 16   -9.875444841634e-02 -9.875444993615e-02 8.22e-15 1.30e-09 2.06e-12 0.202


Optimal solution found in 16 iterations and 0.202s
Objective -9.87544484e-02
Primal infeasibility (abs/rel): 1.64e-14/8.22e-15
Dual infeasibility   (abs/rel): 1.44e-09/1.30e-09
Complementarity gap  (abs/rel): 2.26e-12/2.06e-12


Barrier finished in 0.20 seconds
Dual variables for problems with quadratic constraints not returned.
