cuOpt version: 26.10.0, git hash: 648f805d, host arch: x86_64, device archs: 80-real
CPU: AMD EPYC 7642 48-Core Processor, threads: 5C/5T, RAM usage: 40.03/503.74GiB
CPU SIMD target: AVX2
CUDA 12.9, device: NVIDIA A100 80GB PCIe (ID 0), VRAM: 79.44 GiB
CUDA device UUID: 68df5cf5-71f9-6a93-b428-460c080ffb10
Problem has 1 quadratic constraints. Converting to second-order cones and solving with barrier.
Handling 50 free variables directly in augmented system
Presolved problem: 5103 constraints 10102 variables 265152 nonzeros
Skipping Ruiz equilibration (row norm ratio 1.4, column norm ratio 1.4 < 5e4, Q coeff ratio 1.0 < 100)
Barrier solver started at 0.026 seconds
Barrier solver: 5103 constraints, 10102 variables, 265152 nonzeros


Second-order cones          : 1
Free variables              : 50
Upper bounds                : 5000
Linear system               : augmented
cuDSS Version               : 0.7.1
cuDSS Threading layer       : libcudss_mtlayer_gomp.so.0
Reordering time             : 0.053s
Symbolic factorization time : 0.023s
Symbolic nonzeros in factor : 2.79e+05
Elapsed time for augmented  : 0.110 seconds
Elapsed time           : 0.110 seconds
Barrier setup complete at 0.110 seconds
Adaptive regularization enabled


                  Objective                         Infeasibility        Time
Iter   Primal              Dual                Primal   Dual    Compl.   Elapsed
  0   -4.991081679077e-02 -2.507003389386e+03 5.00e+00 9.28e+00 1.02e+02 0.122
  1   -5.008135198767e-02 -4.732587023402e+01 8.40e-02 1.64e+00 5.54e+00 0.127
  2   -5.999379057480e-02 -1.458080335324e+00 8.40e-04 4.67e-01 1.31e-01 0.132
  3   -6.436387723386e-02 -2.677286688698e-01 1.22e-04 6.77e-02 1.92e-02 0.137
  4   -7.536152144774e-02 -2.152801538140e-01 4.86e-05 2.70e-02 7.35e-03 0.142
  5   -8.854679234567e-02 -1.251904395535e-01 1.17e-05 6.53e-03 1.76e-03 0.147
  6   -9.399637042103e-02 -1.081399072780e-01 2.03e-06 1.13e-03 2.24e-04 0.151
  7   -9.510007325913e-02 -1.047056222336e-01 1.08e-06 6.04e-04 1.80e-04 0.157
  8   -9.746134150628e-02 -1.005147189439e-01 3.06e-07 1.70e-04 5.68e-05 0.162
  9   -9.822741488296e-02 -9.904916244729e-02 6.05e-08 3.37e-05 1.90e-05 0.167
 10   -9.851855237829e-02 -9.860476444080e-02 5.77e-09 3.22e-06 1.35e-06 0.172
 11   -9.855122304836e-02 -9.855643011118e-02 3.47e-10 1.93e-07 3.96e-08 0.177
 12   -9.855309705230e-02 -9.855365358296e-02 3.58e-11 1.99e-08 2.22e-09 0.182
 13   -9.855330274884e-02 -9.855336070518e-02 3.11e-12 1.58e-09 1.32e-10 0.186
 14   -9.855332236016e-02 -9.855333338634e-02 5.26e-13 4.17e-10 2.77e-11 0.191
 15   -9.855332647187e-02 -9.855332789130e-02 5.09e-14 1.06e-07 2.86e-12 0.195
 16   -9.855332696336e-02 -9.855332726564e-02 9.16e-15 1.78e-08 5.61e-13 0.200
 17   -9.855332709438e-02 -9.855332710572e-02 8.72e-15 4.04e-06 1.52e-14 0.204
 18   -9.855332709880e-02 -9.855332710054e-02 9.71e-16 4.31e-07 1.55e-15 0.209
Numerical error in objective
Restoring previous solution


Suboptimal solution found in 19 iterations and 0.21 seconds
Objective -9.85533224e-02
Primal infeasibility (abs/rel): 1.05e-12/5.26e-13
Dual infeasibility   (abs/rel): 4.59e-10/4.17e-10
Complementarity gap  (abs/rel): 3.04e-11/2.77e-11


Barrier finished in 0.21 seconds
Dual variables for problems with quadratic constraints not returned.
