cuOpt version: 26.10.0, git hash: 648f805d, host arch: x86_64, device archs: 80-real
CPU: AMD EPYC 7642 48-Core Processor, threads: 5C/5T, RAM usage: 40.03/503.74GiB
CPU SIMD target: AVX2
CUDA 12.9, device: NVIDIA A100 80GB PCIe (ID 0), VRAM: 79.44 GiB
CUDA device UUID: 68df5cf5-71f9-6a93-b428-460c080ffb10
Problem has 1 quadratic constraints. Converting to second-order cones and solving with barrier.
Handling 50 free variables directly in augmented system
Presolved problem: 5103 constraints 10102 variables 265152 nonzeros
Skipping Ruiz equilibration (row norm ratio 1.4, column norm ratio 1.4 < 5e4, Q coeff ratio 1.0 < 100)
Barrier solver started at 0.026 seconds
Barrier solver: 5103 constraints, 10102 variables, 265152 nonzeros


Second-order cones          : 1
Free variables              : 50
Upper bounds                : 5000
Linear system               : augmented
cuDSS Version               : 0.7.1
cuDSS Threading layer       : libcudss_mtlayer_gomp.so.0
Reordering time             : 0.053s
Symbolic factorization time : 0.023s
Symbolic nonzeros in factor : 2.79e+05
Elapsed time for augmented  : 0.110 seconds
Elapsed time           : 0.110 seconds
Barrier setup complete at 0.110 seconds
Adaptive regularization enabled


                  Objective                         Infeasibility        Time
Iter   Primal              Dual                Primal   Dual    Compl.   Elapsed
  0   -4.989638608674e-02 -2.507026439689e+03 5.00e+00 9.28e+00 1.02e+02 0.123
  1   -5.006660579354e-02 -4.780855481373e+01 8.50e-02 1.64e+00 5.55e+00 0.127
  2   -5.981939640245e-02 -1.504668780836e+00 8.50e-04 4.70e-01 1.33e-01 0.132
  3   -6.395980727204e-02 -2.674773087885e-01 1.19e-04 6.61e-02 1.89e-02 0.137
  4   -7.758616094987e-02 -2.004107848936e-01 3.80e-05 2.11e-02 5.57e-03 0.142
  5   -8.956784464916e-02 -1.207686113388e-01 8.63e-06 4.79e-03 1.28e-03 0.147
  6   -9.456170159018e-02 -1.074658131579e-01 2.41e-06 1.34e-03 2.68e-04 0.152
  7   -9.553425322769e-02 -1.040232743971e-01 1.25e-06 6.96e-04 1.95e-04 0.158
  8   -9.764570490254e-02 -1.001697817809e-01 3.43e-07 1.90e-04 5.60e-05 0.162
  9   -9.821995243578e-02 -9.895444976410e-02 7.35e-08 4.08e-05 1.94e-05 0.167
 10   -9.848542073115e-02 -9.853783415865e-02 4.83e-09 2.68e-06 7.01e-07 0.172
 11   -9.850405058222e-02 -9.850811110266e-02 3.25e-10 1.81e-07 2.30e-08 0.177
 12   -9.850555560455e-02 -9.850592877966e-02 2.79e-11 1.55e-08 7.15e-10 0.182
 13   -9.850568357506e-02 -9.850574169995e-02 3.71e-12 2.06e-09 1.27e-10 0.187
 14   -9.850570263441e-02 -9.850571522857e-02 6.80e-13 3.39e-10 2.64e-11 0.192
 15   -9.850570597911e-02 -9.850571062519e-02 1.94e-13 1.50e-10 8.02e-12 0.197


Optimal solution found in 15 iterations and 0.197s
Objective -9.85057060e-02
Primal infeasibility (abs/rel): 3.89e-13/1.94e-13
Dual infeasibility   (abs/rel): 1.65e-10/1.50e-10
Complementarity gap  (abs/rel): 8.80e-12/8.02e-12


Barrier finished in 0.20 seconds
Dual variables for problems with quadratic constraints not returned.
