cuOpt version: 26.10.0, git hash: 648f805d, host arch: x86_64, device archs: 80-real
CPU: AMD EPYC 7642 48-Core Processor, threads: 5C/5T, RAM usage: 40.03/503.74GiB
CPU SIMD target: AVX2
CUDA 12.9, device: NVIDIA A100 80GB PCIe (ID 0), VRAM: 79.44 GiB
CUDA device UUID: 68df5cf5-71f9-6a93-b428-460c080ffb10
Problem has 1 quadratic constraints. Converting to second-order cones and solving with barrier.
Handling 50 free variables directly in augmented system
Presolved problem: 5103 constraints 10102 variables 265152 nonzeros
Skipping Ruiz equilibration (row norm ratio 1.4, column norm ratio 1.4 < 5e4, Q coeff ratio 1.0 < 100)
Barrier solver started at 0.024 seconds
Barrier solver: 5103 constraints, 10102 variables, 265152 nonzeros


Second-order cones          : 1
Free variables              : 50
Upper bounds                : 5000
Linear system               : augmented
cuDSS Version               : 0.7.1
cuDSS Threading layer       : libcudss_mtlayer_gomp.so.0
Reordering time             : 0.055s
Symbolic factorization time : 0.023s
Symbolic nonzeros in factor : 2.79e+05
Elapsed time for augmented  : 0.109 seconds
Elapsed time           : 0.109 seconds
Barrier setup complete at 0.109 seconds
Adaptive regularization enabled


                  Objective                         Infeasibility        Time
Iter   Primal              Dual                Primal   Dual    Compl.   Elapsed
  0   -4.990155827539e-02 -2.507006163305e+03 5.00e+00 9.28e+00 1.02e+02 0.122
  1   -5.007191932529e-02 -4.743033789171e+01 8.42e-02 1.64e+00 5.54e+00 0.127
  2   -5.993001491453e-02 -1.489022054844e+00 8.42e-04 4.67e-01 1.31e-01 0.131
  3   -6.411331591559e-02 -2.684426307349e-01 1.20e-04 6.66e-02 1.89e-02 0.136
  4   -7.769031162023e-02 -1.998037285920e-01 3.68e-05 2.05e-02 5.35e-03 0.141
  5   -8.969052156104e-02 -1.207795367459e-01 8.68e-06 4.83e-03 1.27e-03 0.146
  6   -9.383947648811e-02 -1.086575022487e-01 2.21e-06 1.23e-03 2.41e-04 0.151
  7   -9.497309193405e-02 -1.051222933295e-01 1.20e-06 6.70e-04 1.94e-04 0.157
  8   -9.739983673117e-02 -1.007840395475e-01 3.77e-07 2.10e-04 7.15e-05 0.162
  9   -9.820788561272e-02 -9.922625285884e-02 8.84e-08 4.92e-05 2.15e-05 0.166
 10   -9.855510441408e-02 -9.866207984359e-02 8.20e-09 4.56e-06 1.18e-06 0.171
 11   -9.859407575877e-02 -9.860274645157e-02 6.51e-10 3.62e-07 2.13e-08 0.176
 12   -9.859684696941e-02 -9.859860153594e-02 1.17e-10 6.50e-08 2.14e-09 0.181
 13   -9.859728170273e-02 -9.859795006952e-02 3.55e-11 2.00e-08 1.05e-09 0.186
 14   -9.859746329449e-02 -9.859769818887e-02 9.22e-12 5.14e-09 3.64e-10 0.191
 15   -9.859755508920e-02 -9.859757961345e-02 8.00e-13 7.17e-10 6.51e-11 0.196
 16   -9.859756540457e-02 -9.859756682936e-02 4.45e-14 4.43e-11 4.35e-12 0.201


Optimal solution found in 16 iterations and 0.201s
Objective -9.85975654e-02
Primal infeasibility (abs/rel): 8.90e-14/4.45e-14
Dual infeasibility   (abs/rel): 4.88e-11/4.43e-11
Complementarity gap  (abs/rel): 4.78e-12/4.35e-12


Barrier finished in 0.20 seconds
Dual variables for problems with quadratic constraints not returned.
