cuOpt version: 26.10.0, git hash: 648f805d, host arch: x86_64, device archs: 80-real
CPU: AMD EPYC 7642 48-Core Processor, threads: 5C/5T, RAM usage: 40.03/503.74GiB
CPU SIMD target: AVX2
CUDA 12.9, device: NVIDIA A100 80GB PCIe (ID 0), VRAM: 79.44 GiB
CUDA device UUID: 68df5cf5-71f9-6a93-b428-460c080ffb10
Problem has 1 quadratic constraints. Converting to second-order cones and solving with barrier.
Handling 50 free variables directly in augmented system
Presolved problem: 5103 constraints 10102 variables 265152 nonzeros
Skipping Ruiz equilibration (row norm ratio 1.4, column norm ratio 1.4 < 5e4, Q coeff ratio 1.0 < 100)
Barrier solver started at 0.026 seconds
Barrier solver: 5103 constraints, 10102 variables, 265152 nonzeros


Second-order cones          : 1
Free variables              : 50
Upper bounds                : 5000
Linear system               : augmented
cuDSS Version               : 0.7.1
cuDSS Threading layer       : libcudss_mtlayer_gomp.so.0
Reordering time             : 0.067s
Symbolic factorization time : 0.024s
Symbolic nonzeros in factor : 2.79e+05
Elapsed time for augmented  : 0.124 seconds
Elapsed time           : 0.124 seconds
Barrier setup complete at 0.124 seconds
Adaptive regularization enabled


                  Objective                         Infeasibility        Time
Iter   Primal              Dual                Primal   Dual    Compl.   Elapsed
  0   -4.990573339468e-02 -2.506959949003e+03 5.00e+00 9.28e+00 1.02e+02 0.137
  1   -5.007616172474e-02 -4.809890191871e+01 8.56e-02 1.64e+00 5.57e+00 0.142
  2   -5.980370937973e-02 -1.451312058659e+00 8.56e-04 4.73e-01 1.34e-01 0.146
  3   -6.429834954202e-02 -2.752375790036e-01 1.29e-04 7.14e-02 2.04e-02 0.151
  4   -7.751231727219e-02 -2.053237743735e-01 4.41e-05 2.44e-02 6.56e-03 0.156
  5   -8.969235979431e-02 -1.225980170946e-01 1.04e-05 5.77e-03 1.55e-03 0.161
  6   -9.446972628293e-02 -1.071346232950e-01 1.80e-06 9.97e-04 1.97e-04 0.166
  7   -9.558965728510e-02 -1.039411702834e-01 9.47e-07 5.24e-04 1.53e-04 0.172
  8   -9.775098142662e-02 -1.002088582763e-01 2.50e-07 1.38e-04 4.23e-05 0.177
  9   -9.812516948876e-02 -9.941555885714e-02 1.01e-07 5.58e-05 2.78e-05 0.182
 10   -9.848504064474e-02 -9.887077764111e-02 2.84e-08 1.57e-05 8.13e-06 0.186
 11   -9.856387859745e-02 -9.872670533311e-02 7.88e-09 4.36e-06 2.88e-06 0.191
 12   -9.861890944284e-02 -9.865307230047e-02 1.59e-09 8.81e-07 6.21e-07 0.196
 13   -9.863068313275e-02 -9.863617505678e-02 1.53e-10 8.49e-08 7.52e-08 0.201
 14   -9.863283473479e-02 -9.863353803859e-02 1.94e-11 1.08e-08 1.01e-08 0.206
 15   -9.863310886685e-02 -9.863318639548e-02 1.64e-12 8.03e-10 8.82e-10 0.211
 16   -9.863314298226e-02 -9.863314479867e-02 4.81e-13 6.63e-08 2.03e-11 0.215
 17   -9.863314372672e-02 -9.863314391717e-02 5.05e-14 6.85e-09 2.23e-12 0.220


Optimal solution found in 17 iterations and 0.220s
Objective -9.86331437e-02
Primal infeasibility (abs/rel): 1.01e-13/5.05e-14
Dual infeasibility   (abs/rel): 7.54e-09/6.85e-09
Complementarity gap  (abs/rel): 2.45e-12/2.23e-12


Barrier finished in 0.22 seconds
Dual variables for problems with quadratic constraints not returned.
