cuOpt version: 26.10.0, git hash: 648f805d, host arch: x86_64, device archs: 80-real
CPU: AMD EPYC 7642 48-Core Processor, threads: 5C/5T, RAM usage: 40.03/503.74GiB
CPU SIMD target: AVX2
CUDA 12.9, device: NVIDIA A100 80GB PCIe (ID 0), VRAM: 79.44 GiB
CUDA device UUID: 68df5cf5-71f9-6a93-b428-460c080ffb10
Problem has 1 quadratic constraints. Converting to second-order cones and solving with barrier.
Handling 50 free variables directly in augmented system
Presolved problem: 5103 constraints 10102 variables 265152 nonzeros
Skipping Ruiz equilibration (row norm ratio 1.4, column norm ratio 1.4 < 5e4, Q coeff ratio 1.0 < 100)
Barrier solver started at 0.027 seconds
Barrier solver: 5103 constraints, 10102 variables, 265152 nonzeros


Second-order cones          : 1
Free variables              : 50
Upper bounds                : 5000
Linear system               : augmented
cuDSS Version               : 0.7.1
cuDSS Threading layer       : libcudss_mtlayer_gomp.so.0
Reordering time             : 0.053s
Symbolic factorization time : 0.024s
Symbolic nonzeros in factor : 2.79e+05
Elapsed time for augmented  : 0.111 seconds
Elapsed time           : 0.111 seconds
Barrier setup complete at 0.111 seconds
Adaptive regularization enabled


                  Objective                         Infeasibility        Time
Iter   Primal              Dual                Primal   Dual    Compl.   Elapsed
  0   -4.988856771017e-02 -2.507082430269e+03 5.00e+00 9.28e+00 1.02e+02 0.124
  1   -5.005864600200e-02 -4.760394762883e+01 8.46e-02 1.64e+00 5.55e+00 0.129
  2   -5.987114446481e-02 -1.455791625010e+00 8.46e-04 4.69e-01 1.32e-01 0.134
  3   -6.426196400864e-02 -2.723504807578e-01 1.25e-04 6.97e-02 1.98e-02 0.139
  4   -7.481616683793e-02 -2.180034433316e-01 4.89e-05 2.72e-02 7.38e-03 0.144
  5   -8.772994932911e-02 -1.273274857718e-01 1.24e-05 6.89e-03 1.86e-03 0.148
  6   -9.267949229152e-02 -1.099337388199e-01 1.88e-06 1.04e-03 2.09e-04 0.153
  7   -9.401731363186e-02 -1.061583449320e-01 1.05e-06 5.85e-04 1.79e-04 0.159
  8   -9.668459668138e-02 -1.013657615097e-01 3.81e-07 2.12e-04 8.49e-05 0.164
  9   -9.797923593062e-02 -9.905091682042e-02 7.20e-08 4.00e-05 1.37e-05 0.169
 10   -9.827948746350e-02 -9.851928433163e-02 1.12e-08 6.21e-06 3.10e-06 0.174
 11   -9.836405548098e-02 -9.840041475405e-02 1.64e-09 9.14e-07 4.89e-07 0.179
 12   -9.837696384426e-02 -9.838197248111e-02 2.25e-10 1.25e-07 6.87e-08 0.183
 13   -9.837885670746e-02 -9.837922677345e-02 1.65e-11 9.16e-09 5.02e-09 0.188
 14   -9.837900285384e-02 -9.837901463070e-02 9.33e-13 3.00e-09 1.45e-10 0.192
 15   -9.837900732759e-02 -9.837900826947e-02 5.07e-14 4.44e-08 1.02e-11 0.196
 16   -9.837900770775e-02 -9.837900773953e-02 2.03e-15 2.04e-07 3.82e-13 0.200
 17   -9.837900771958e-02 -9.837900772268e-02 2.22e-16 1.87e-08 3.60e-14 0.205
 18   -9.837900772085e-02 -9.837900772088e-02 2.17e-18 1.90e-10 6.62e-16 0.210


Optimal solution found in 18 iterations and 0.210s
Objective -9.83790077e-02
Primal infeasibility (abs/rel): 4.34e-18/2.17e-18
Dual infeasibility   (abs/rel): 2.10e-10/1.90e-10
Complementarity gap  (abs/rel): 7.27e-16/6.62e-16


Barrier finished in 0.21 seconds
Dual variables for problems with quadratic constraints not returned.
