[clarabel] WARNING: Failed to register RMM as cuDSS device memory allocator. cuDSS internal allocations (LDL factors, workspace) will use default cudaMalloc.
[clarabel] WARNING: Failed to register RMM as cuDSS device memory allocator. cuDSS internal allocations (LDL factors, workspace) will use default cudaMalloc.
ClarabelGPU SOCP  n=5000 k=50 sigma^2=1.000764e-04  A: (15102, 5050) nnz=270100  cones=['ZeroConeT', 'NonnegativeConeT', 'SecondOrderConeT']
settings: tol=1e-08 warm_start=True ir_adaptive=True equilibrate=True  K=20

step  solve_ms iters   status                obj  true_obj  budget  box  cone
cold     52.22    23   solved    -0.098364845820  -0.098364845820  4.4e-16 5.3e-12 0.0e+00
      (setup 106.1 ms incl. cuDSS symbolic analysis)
   0     51.94    22   solved    -0.098563711172  -0.098563711172  2.8e-10 1.1e-12 3.5e-10
   1     51.62    22   solved    -0.098508019036  -0.098508019036  7.4e-10 1.1e-12 1.4e-09
   2     47.74    20   solved    -0.098668251839  -0.098668251839  5.1e-10 5.4e-13 0.0e+00
   3     47.85    20   solved    -0.098823647183  -0.098823647183  6.7e-10 4.1e-13 0.0e+00
   4     45.63    19   solved    -0.098492897498  -0.098492897498  2.7e-09 1.5e-12 5.1e-09
   5     53.46    20   solved    -0.098754449733  -0.098754449733  8.7e-09 4.3e-12 1.4e-08
   6     41.62    17   solved    -0.098474176334  -0.098474176334  9.2e-09 4.5e-12 1.7e-08
   7     45.96    18   solved    -0.098553327151  -0.098553327151  6.4e-10 2.8e-13 1.2e-09
   8     45.59    19   solved    -0.098707702191  -0.098707702191  5.2e-09 2.6e-12 1.0e-08
   9     49.78    21   solved    -0.098388850483  -0.098388850483  7.1e-09 2.4e-12 1.4e-08
  10     41.75    17   solved    -0.098566863561  -0.098566863561  3.6e-09 1.1e-12 5.9e-09
  11     41.81    17   solved    -0.098488444745  -0.098488444745  4.7e-09 2.6e-12 7.8e-09
  12     45.62    19   solved    -0.098505708962  -0.098505708962  1.0e-08 4.2e-12 2.0e-08
  13     44.30    17   solved    -0.098419540402  -0.098419540402  3.6e-10 1.5e-13 6.3e-10
  14     38.05    15   solved    -0.098597566926  -0.098597566926  9.4e-09 7.1e-12 1.9e-08
  15     42.04    16   solved    -0.098633143898  -0.098633143898  9.0e-10 5.0e-13 1.6e-09
  16     45.74    19   solved    -0.098596171107  -0.098596171107  2.7e-09 1.1e-12 5.1e-09
  17     40.03    15   solved    -0.098524051315  -0.098524051315  8.0e-09 5.3e-12 1.3e-08
  18     40.06    15   solved    -0.098379007806  -0.098379007806  8.9e-10 6.4e-13 1.8e-09
  19     35.65    14   solved    -0.098662547717  -0.098662547717  8.6e-09 7.3e-12 1.7e-08

re-solve: mean 44.81 ms  min 35.65  max 53.46  | iters mean 18.1 | all solved: True
  cuDSS analysis+factorization time = 102.06 ms
  cuDSS analysis+factorization time = 87.94 ms
