cuOpt version: 26.10.0, git hash: 648f805d, host arch: x86_64, device archs: 80-real
CPU: AMD EPYC 7642 48-Core Processor, threads: 5C/5T, RAM usage: 41.05/503.74GiB
CPU SIMD target: AVX2
CUDA 12.9, device: NVIDIA A100 80GB PCIe (ID 0), VRAM: 79.44 GiB
CUDA device UUID: 68df5cf5-71f9-6a93-b428-460c080ffb10
Problem has 1 quadratic constraints. Converting to second-order cones and solving with barrier.
Handling 50 free variables directly in augmented system
Presolved problem: 5103 constraints 10102 variables 265152 nonzeros
Skipping Ruiz equilibration (row norm ratio 1.4, column norm ratio 1.4 < 5e4, Q coeff ratio 1.0 < 100)
Barrier solver started at 0.026 seconds
Barrier solver: 5103 constraints, 10102 variables, 265152 nonzeros


Second-order cones          : 1
Free variables              : 50
Upper bounds                : 5000
Linear system               : augmented
cuDSS Version               : 0.7.1
cuDSS Threading layer       : libcudss_mtlayer_gomp.so.0
Reordering time             : 0.145s
Symbolic factorization time : 0.023s
Symbolic nonzeros in factor : 2.79e+05
Elapsed time for augmented  : 0.200 seconds
Elapsed time           : 0.200 seconds
Barrier setup complete at 0.200 seconds
Adaptive regularization enabled


                  Objective                         Infeasibility        Time
Iter   Primal              Dual                Primal   Dual    Compl.   Elapsed
  0   -3.704296579021e+02 -3.711143874095e+02 3.71e+03 1.91e+00 1.19e-02 0.201
  1   -3.743805292228e+01 -3.496794821010e+02 3.74e+02 7.84e-02 1.66e-02 0.206
  2   -3.890892564962e+00 -2.098000844124e+02 3.81e+01 4.70e-02 1.33e-02 0.210
  3   -4.432644633378e-01 -3.239481392010e+01 3.86e+00 5.32e-03 4.56e-03 0.215
  4   -9.292787579859e-02 -4.513226640159e+00 4.09e-01 5.69e-04 6.47e-04 0.220
  5   -5.630208158416e-02 -7.110613727371e-01 4.09e-02 5.69e-05 8.81e-05 0.225
  6   -5.679115489380e-02 -2.028171237661e-01 9.03e-03 1.26e-05 1.79e-05 0.230
  7   -6.885155064279e-02 -1.407271929046e-01 4.00e-03 5.57e-06 7.64e-06 0.235
  8   -7.258830029242e-02 -1.393007496023e-01 3.43e-03 4.77e-06 1.78e-05 0.239
  9   -7.504512723164e-02 -1.376451208284e-01 2.99e-03 4.16e-06 3.86e-05 0.244
 10   -7.959200224288e-02 -1.323732926830e-01 2.28e-03 3.17e-06 6.84e-05 0.249
 11   -8.076422223422e-02 -1.311944750852e-01 1.90e-03 2.64e-06 7.26e-05 0.254
 12   -8.623958386187e-02 -1.226287347349e-01 1.10e-03 1.52e-06 6.79e-05 0.259
 13   -8.791569135020e-02 -1.184122736966e-01 7.44e-04 1.04e-06 1.45e-04 0.263
 14   -9.323070574392e-02 -1.086357427164e-01 3.17e-04 4.42e-07 7.57e-05 0.268
 15   -9.543077883257e-02 -1.045164769361e-01 1.39e-04 1.94e-07 3.89e-05 0.273
 16   -9.737210295341e-02 -1.012380916367e-01 5.18e-05 7.21e-08 1.38e-05 0.278
 17   -9.813333027004e-02 -9.988907320430e-02 1.81e-05 2.52e-08 5.80e-06 0.283
 18   -9.850837027787e-02 -9.926625624669e-02 5.96e-06 8.30e-09 4.00e-06 0.287
 19   -9.876122284815e-02 -9.891005925017e-02 1.08e-06 1.50e-09 6.55e-07 0.292
 20   -9.881063166866e-02 -9.884131610088e-02 2.03e-07 2.86e-10 1.12e-07 0.297
 21   -9.882152986271e-02 -9.882650963704e-02 3.25e-08 5.05e-11 1.61e-08 0.302
 22   -9.882338623436e-02 -9.882399924408e-02 4.00e-09 2.74e-11 1.84e-09 0.307
 23   -9.882361742615e-02 -9.882368723009e-02 4.55e-10 1.88e-09 2.07e-10 0.311
 24   -9.882364372884e-02 -9.882365175925e-02 5.24e-11 1.96e-10 2.41e-11 0.315


Optimal solution found in 24 iterations and 0.315s
Objective -9.88236437e-02
Primal infeasibility (abs/rel): 1.05e-10/5.24e-11
Dual infeasibility   (abs/rel): 2.16e-10/1.96e-10
Complementarity gap  (abs/rel): 2.65e-11/2.41e-11


Barrier finished in 0.32 seconds
Dual variables for problems with quadratic constraints not returned.
