cuOpt version: 26.10.0, git hash: 648f805d, host arch: x86_64, device archs: 80-real
CPU: AMD EPYC 7642 48-Core Processor, threads: 5C/5T, RAM usage: 39.27/503.74GiB
CPU SIMD target: AVX2
CUDA 12.9, device: NVIDIA A100 80GB PCIe (ID 0), VRAM: 79.44 GiB
CUDA device UUID: 68df5cf5-71f9-6a93-b428-460c080ffb10
Problem has 1 quadratic constraints. Converting to second-order cones and solving with barrier.
Handling 50 free variables directly in augmented system
Presolved problem: 5103 constraints 10102 variables 265152 nonzeros
Skipping Ruiz equilibration (row norm ratio 1.4, column norm ratio 1.4 < 5e4, Q coeff ratio 1.0 < 100)
Barrier solver started at 0.024 seconds
Barrier solver: 5103 constraints, 10102 variables, 265152 nonzeros


Second-order cones          : 1
Free variables              : 50
Upper bounds                : 5000
Linear system               : augmented
cuDSS Version               : 0.7.1
cuDSS Threading layer       : libcudss_mtlayer_gomp.so.0
Reordering time             : 0.155s
Symbolic factorization time : 0.023s
Symbolic nonzeros in factor : 2.79e+05
Elapsed time for augmented  : 0.209 seconds
Elapsed time           : 0.209 seconds
Barrier setup complete at 0.209 seconds
Adaptive regularization enabled


                  Objective                         Infeasibility        Time
Iter   Primal              Dual                Primal   Dual    Compl.   Elapsed
  0   -3.702964190560e+02 -3.711235215740e+02 3.71e+03 1.91e+00 1.19e-02 0.210
  1   -4.136200227630e+00 -3.475449712495e+02 4.01e+01 2.77e-01 6.50e-02 0.214
  2   -1.039156975344e-01 -2.487807126761e+01 4.69e-01 7.85e-03 4.78e-03 0.218
  3   -5.492703520484e-02 -6.425745747588e-01 4.69e-03 7.90e-05 1.47e-04 0.222
  4   -5.851160243308e-02 -1.363146170184e-01 6.20e-04 1.04e-05 1.74e-05 0.226
  5   -6.671516473539e-02 -1.384831380732e-01 4.99e-04 8.41e-06 2.78e-05 0.230
  6   -6.822891841965e-02 -1.387925503673e-01 4.62e-04 7.78e-06 3.77e-05 0.234
  7   -8.057545980413e-02 -1.255006369940e-01 2.60e-04 4.38e-06 7.74e-05 0.238
  8   -8.071997913860e-02 -1.253463137997e-01 2.45e-04 4.14e-06 6.95e-05 0.242
  9   -8.270670812634e-02 -1.240856179370e-01 1.91e-04 3.22e-06 2.25e-04 0.246
 10   -8.239364840258e-02 -1.230769919045e-01 1.70e-04 2.86e-06 4.87e-04 0.250
 11   -9.220735486289e-02 -1.088215764649e-01 6.13e-05 1.03e-06 1.34e-04 0.253
 12   -9.241894780211e-02 -1.075312584533e-01 4.54e-05 7.65e-07 2.33e-04 0.257
 13   -9.595453368037e-02 -1.021142492258e-01 1.55e-05 2.61e-07 1.02e-04 0.261
 14   -9.664322132216e-02 -1.008019118548e-01 8.33e-06 1.40e-07 9.17e-05 0.265
 15   -9.769467500879e-02 -9.939474743608e-02 3.14e-06 5.30e-08 3.33e-05 0.269
 16   -9.798720528215e-02 -9.890597909014e-02 1.28e-06 2.16e-08 2.03e-05 0.273
 17   -9.826182119506e-02 -9.854192624418e-02 3.57e-07 1.55e-08 6.12e-06 0.277
 18   -9.833657903301e-02 -9.843182614013e-02 7.95e-08 3.44e-09 1.79e-06 0.281
 19   -9.836991688062e-02 -9.839075955476e-02 1.66e-08 7.19e-10 3.94e-07 0.285
 20   -9.837777890885e-02 -9.838047533391e-02 1.31e-09 5.68e-11 3.81e-08 0.288
 21   -9.837884964440e-02 -9.837919615424e-02 1.68e-10 4.00e-09 4.94e-09 0.292
 22   -9.837899944951e-02 -9.837901708260e-02 2.01e-11 2.89e-08 2.37e-10 0.295
 23   -9.837900741160e-02 -9.837900792777e-02 5.14e-12 5.84e-07 4.88e-12 0.298
 24   -9.837900767759e-02 -9.837900773867e-02 1.06e-12 1.62e-05 4.05e-13 0.301
 25   -9.837900771903e-02 -9.837900772138e-02 5.35e-14 4.20e-05 1.17e-14 0.304
 26   -9.837900772040e-02 -9.837900772100e-02 1.36e-14 1.06e-05 1.55e-15 0.308
Numerical error in objective
Restoring previous solution


Suboptimal solution found in 27 iterations and 0.31 seconds
Objective -9.83788496e-02
Primal infeasibility (abs/rel): 3.36e-10/1.68e-10
Dual infeasibility   (abs/rel): 4.41e-09/4.00e-09
Complementarity gap  (abs/rel): 5.42e-09/4.94e-09


Barrier finished in 0.31 seconds
Dual variables for problems with quadratic constraints not returned.
