cuOpt version: 26.10.0, git hash: 648f805d, host arch: x86_64, device archs: 80-real
CPU: AMD EPYC 7642 48-Core Processor, threads: 5C/5T, RAM usage: 39.16/503.74GiB
CPU SIMD target: AVX2
CUDA 12.9, device: NVIDIA A100 80GB PCIe (ID 0), VRAM: 79.44 GiB
CUDA device UUID: 68df5cf5-71f9-6a93-b428-460c080ffb10
Problem has 1 quadratic constraints. Converting to second-order cones and solving with barrier.
Handling 50 free variables directly in augmented system
Presolved problem: 5103 constraints 10102 variables 265152 nonzeros
Skipping Ruiz equilibration (row norm ratio 1.4, column norm ratio 1.4 < 5e4, Q coeff ratio 1.0 < 100)
Barrier solver started at 0.026 seconds
Barrier solver: 5103 constraints, 10102 variables, 265152 nonzeros


Second-order cones          : 1
Free variables              : 50
Upper bounds                : 5000
Linear system               : augmented
cuDSS Version               : 0.7.1
cuDSS Threading layer       : libcudss_mtlayer_gomp.so.0
Reordering time             : 0.055s
Symbolic factorization time : 0.023s
Symbolic nonzeros in factor : 2.79e+05
Elapsed time for augmented  : 0.111 seconds
Elapsed time           : 0.111 seconds
Barrier setup complete at 0.111 seconds
Adaptive regularization enabled


                  Objective                         Infeasibility        Time
Iter   Primal              Dual                Primal   Dual    Compl.   Elapsed
  0   -3.704438282728e+02 -3.711104708303e+02 3.71e+03 1.91e+00 1.19e-02 0.112
  1   -4.139322487461e+00 -3.475321003739e+02 4.01e+01 2.77e-01 6.50e-02 0.116
  2   -1.040051645786e-01 -2.488690059915e+01 4.69e-01 7.85e-03 4.78e-03 0.120
  3   -5.496098290900e-02 -6.429066466930e-01 4.69e-03 7.91e-05 1.48e-04 0.123
  4   -5.855459132460e-02 -1.362807828628e-01 6.19e-04 1.04e-05 1.73e-05 0.127
  5   -6.665907727904e-02 -1.384240677319e-01 5.01e-04 8.44e-06 2.67e-05 0.131
  6   -6.830397408373e-02 -1.387646904025e-01 4.61e-04 7.77e-06 3.69e-05 0.135
  7   -8.178965066206e-02 -1.244187875974e-01 2.41e-04 4.06e-06 7.25e-05 0.139
  8   -8.204667331502e-02 -1.241615513494e-01 2.21e-04 3.73e-06 7.39e-05 0.143
  9   -8.363783325237e-02 -1.231267561733e-01 1.77e-04 2.98e-06 1.96e-04 0.147
 10   -8.573826355595e-02 -1.205847455430e-01 1.06e-04 1.79e-06 1.75e-04 0.151
 11   -8.728360927380e-02 -1.169549389043e-01 6.97e-05 1.17e-06 3.38e-04 0.155
 12   -9.492178327952e-02 -1.048282939975e-01 2.14e-05 3.60e-07 7.49e-05 0.159
 13   -9.573363262894e-02 -1.031913862382e-01 1.32e-05 2.22e-07 8.97e-05 0.163
 14   -9.611217760643e-02 -1.025782615813e-01 1.00e-05 1.69e-07 9.41e-05 0.167
 15   -9.721223188560e-02 -1.009317487884e-01 5.10e-06 8.59e-08 4.82e-05 0.171
 16   -9.738047328145e-02 -1.005140876933e-01 3.53e-06 5.94e-08 4.78e-05 0.176
 17   -9.813667221290e-02 -9.940576335437e-02 1.10e-06 1.85e-08 1.83e-05 0.180
 18   -9.834629908432e-02 -9.908004653740e-02 4.97e-07 8.38e-09 1.30e-05 0.184
 19   -9.855959711143e-02 -9.879982806866e-02 1.40e-07 2.36e-09 4.15e-06 0.188
 20   -9.863010075821e-02 -9.870301955213e-02 3.17e-08 5.34e-10 1.35e-06 0.192
 21   -9.865468668256e-02 -9.867265576949e-02 7.33e-09 1.23e-10 3.27e-07 0.196
 22   -9.866134840232e-02 -9.866398502106e-02 6.93e-10 1.17e-11 3.61e-08 0.200
 23   -9.866238226634e-02 -9.866274588660e-02 9.58e-11 2.36e-09 5.12e-09 0.203
 24   -9.866252346910e-02 -9.866257540667e-02 1.37e-11 3.98e-08 7.37e-10 0.206
 25   -9.866254599258e-02 -9.866254802322e-02 1.46e-12 1.11e-07 2.84e-11 0.209
 26   -9.866254687005e-02 -9.866254692633e-02 2.11e-13 4.60e-06 8.00e-13 0.212
 27   -9.866254689190e-02 -9.866254689443e-02 1.88e-14 3.36e-05 3.74e-14 0.215
 28   -9.866254689284e-02 -9.866254689282e-02 2.33e-15 7.46e-04 2.34e-15 0.219
Numerical error in objective
Restoring previous solution


Suboptimal solution found in 29 iterations and 0.22 seconds
Objective -9.86623823e-02
Primal infeasibility (abs/rel): 1.92e-10/9.58e-11
Dual infeasibility   (abs/rel): 2.60e-09/2.36e-09
Complementarity gap  (abs/rel): 5.63e-09/5.12e-09


Barrier finished in 0.22 seconds
Dual variables for problems with quadratic constraints not returned.
