cuOpt version: 26.10.0, git hash: 648f805d, host arch: x86_64, device archs: 80-real
CPU: AMD EPYC 7642 48-Core Processor, threads: 5C/5T, RAM usage: 35.25/503.74GiB
CPU SIMD target: AVX2
CUDA 12.9, device: NVIDIA A100 80GB PCIe (ID 0), VRAM: 79.44 GiB
CUDA device UUID: 68df5cf5-71f9-6a93-b428-460c080ffb10
Problem has 1 quadratic constraints. Converting to second-order cones and solving with barrier.
Handling 50 free variables directly in augmented system
Presolved problem: 5103 constraints 10102 variables 265152 nonzeros
Skipping Ruiz equilibration (row norm ratio 1.4, column norm ratio 1.4 < 5e4, Q coeff ratio 1.0 < 100)
Barrier solver started at 0.027 seconds
Barrier solver: 5103 constraints, 10102 variables, 265152 nonzeros


Second-order cones          : 1
Free variables              : 50
Upper bounds                : 5000
Linear system               : augmented
cuDSS Version               : 0.7.1
cuDSS Threading layer       : libcudss_mtlayer_gomp.so.0
Reordering time             : 0.054s
Symbolic factorization time : 0.023s
Symbolic nonzeros in factor : 2.79e+05
Elapsed time for augmented  : 0.111 seconds
Elapsed time           : 0.111 seconds
Barrier setup complete at 0.111 seconds
Adaptive regularization enabled


                  Objective                         Infeasibility        Time
Iter   Primal              Dual                Primal   Dual    Compl.   Elapsed
  0   -3.702509737108e+02 -3.710937010099e+02 3.71e+03 1.91e+00 1.19e-02 0.112
  1   -4.136273590725e+00 -3.475151614469e+02 4.01e+01 2.77e-01 6.50e-02 0.117
  2   -1.039317306354e-01 -2.487809490945e+01 4.69e-01 7.85e-03 4.78e-03 0.122
  3   -5.492858326622e-02 -6.426989358287e-01 4.69e-03 7.91e-05 1.48e-04 0.128
  4   -5.851315154921e-02 -1.366087225618e-01 6.22e-04 1.05e-05 1.74e-05 0.133
  5   -6.838203519859e-02 -1.390882560715e-01 4.75e-04 8.01e-06 3.90e-05 0.138
  6   -6.889364462070e-02 -1.392058261574e-01 4.61e-04 7.79e-06 4.13e-05 0.143
  7   -7.975775259723e-02 -1.309109938802e-01 2.43e-04 4.26e-06 1.01e-04 0.148
  8   -7.980217201257e-02 -1.306481254309e-01 2.26e-04 3.97e-06 2.65e-04 0.154
  9   -8.971763893700e-02 -1.146079701072e-01 6.32e-05 1.14e-06 2.28e-04 0.159
 10   -9.597458740346e-02 -1.029565309939e-01 1.59e-05 2.86e-07 4.93e-05 0.164
 11   -9.743912085230e-02 -1.006255925182e-01 6.14e-06 1.11e-07 1.11e-05 0.169
 12   -9.773461798162e-02 -9.993998438977e-02 2.94e-06 7.38e-08 2.50e-05 0.175
 13   -9.823250159544e-02 -9.925626609251e-02 9.33e-07 9.55e-09 9.49e-06 0.180
 14   -9.847079627712e-02 -9.892485886818e-02 3.51e-07 1.06e-08 8.04e-06 0.185
 15   -9.865614987555e-02 -9.868363580601e-02 2.06e-08 3.18e-09 3.88e-07 0.190
 16   -9.866786270682e-02 -9.866876062495e-02 6.72e-10 6.76e-09 5.80e-09 0.195
 17   -9.866820138697e-02 -9.866831863781e-02 8.57e-11 5.92e-09 6.40e-10 0.200
 18   -9.866824337923e-02 -9.866826249454e-02 1.15e-11 4.06e-07 6.13e-11 0.205
 19   -9.866825143123e-02 -9.866825234034e-02 5.15e-13 3.11e-06 6.80e-12 0.210
 20   -9.866825181516e-02 -9.866825185124e-02 6.98e-14 1.40e-04 2.65e-13 0.215
 21   -9.866825183027e-02 -9.866825183289e-02 5.10e-14 2.69e-03 1.10e-14 0.220
Numerical error in objective
Restoring previous solution


Suboptimal solution found in 22 iterations and 0.22 seconds
Objective -9.86682014e-02
Primal infeasibility (abs/rel): 1.71e-10/8.57e-11
Dual infeasibility   (abs/rel): 6.53e-09/5.92e-09
Complementarity gap  (abs/rel): 7.03e-10/6.40e-10


Barrier finished in 0.23 seconds
Dual variables for problems with quadratic constraints not returned.
