cuOpt version: 26.10.0, git hash: 648f805d, host arch: x86_64, device archs: 80-real
CPU: AMD EPYC 7642 48-Core Processor, threads: 5C/5T, RAM usage: 35.39/503.74GiB
CPU SIMD target: AVX2
CUDA 12.9, device: NVIDIA A100 80GB PCIe (ID 0), VRAM: 79.44 GiB
CUDA device UUID: 68df5cf5-71f9-6a93-b428-460c080ffb10
Problem has 1 quadratic constraints. Converting to second-order cones and solving with barrier.
Handling 50 free variables directly in augmented system
Presolved problem: 5103 constraints 10102 variables 265152 nonzeros
Skipping Ruiz equilibration (row norm ratio 1.4, column norm ratio 1.4 < 5e4, Q coeff ratio 1.0 < 100)
Barrier solver started at 0.028 seconds
Barrier solver: 5103 constraints, 10102 variables, 265152 nonzeros


Second-order cones          : 1
Free variables              : 50
Upper bounds                : 5000
Linear system               : augmented
cuDSS Version               : 0.7.1
cuDSS Threading layer       : libcudss_mtlayer_gomp.so.0
Reordering time             : 0.054s
Symbolic factorization time : 0.024s
Symbolic nonzeros in factor : 2.79e+05
Elapsed time for augmented  : 0.113 seconds
Elapsed time           : 0.113 seconds
Barrier setup complete at 0.113 seconds
Adaptive regularization enabled


                  Objective                         Infeasibility        Time
Iter   Primal              Dual                Primal   Dual    Compl.   Elapsed
  0   -3.702624119443e+02 -3.710387458059e+02 3.71e+03 1.91e+00 1.19e-02 0.113
  1   -4.136636484816e+00 -3.474601645164e+02 4.01e+01 2.77e-01 6.50e-02 0.119
  2   -1.039518362250e-01 -2.487140678162e+01 4.69e-01 7.85e-03 4.78e-03 0.124
  3   -5.493965881654e-02 -6.425639186560e-01 4.69e-03 7.91e-05 1.48e-04 0.129
  4   -5.853205540329e-02 -1.359055184408e-01 6.17e-04 1.04e-05 1.72e-05 0.134
  5   -6.752262788005e-02 -1.382889562897e-01 4.87e-04 8.20e-06 3.00e-05 0.140
  6   -6.909308643535e-02 -1.385283236887e-01 4.47e-04 7.53e-06 4.23e-05 0.145
  7   -8.140921929962e-02 -1.243462474045e-01 2.48e-04 4.17e-06 7.51e-05 0.150
  8   -8.155823317751e-02 -1.241861441019e-01 2.32e-04 3.91e-06 7.37e-05 0.156
  9   -8.323126950194e-02 -1.230408470614e-01 1.85e-04 3.12e-06 2.17e-04 0.162
 10   -8.338538478408e-02 -1.218653039959e-01 1.59e-04 2.67e-06 3.59e-04 0.168
 11   -9.171618093219e-02 -1.095585688519e-01 6.76e-05 1.14e-06 1.14e-04 0.173
 12   -9.235011047946e-02 -1.081514288796e-01 5.23e-05 8.80e-07 1.34e-04 0.179
 13   -9.592592044882e-02 -1.025477579451e-01 1.90e-05 3.20e-07 6.40e-05 0.184
 14   -9.614587680782e-02 -1.018815110784e-01 1.36e-05 2.30e-07 7.67e-05 0.191
 15   -9.733930721820e-02 -1.002250479738e-01 6.13e-06 1.03e-07 3.37e-05 0.196
 16   -9.760405845875e-02 -9.973277575248e-02 3.64e-06 6.13e-08 3.20e-05 0.202
 17   -9.812132700684e-02 -9.901382750596e-02 1.31e-06 2.21e-08 1.27e-05 0.207
 18   -9.826862556006e-02 -9.878523325208e-02 5.79e-07 9.73e-09 8.12e-06 0.212
 19   -9.842352807298e-02 -9.858376974694e-02 1.54e-07 2.59e-09 2.46e-06 0.218
 20   -9.847368042767e-02 -9.851646617592e-02 2.95e-08 4.80e-10 6.70e-07 0.223
 21   -9.848854590966e-02 -9.849837584750e-02 6.39e-09 1.07e-10 1.53e-07 0.228
 22   -9.849231468892e-02 -9.849359155017e-02 5.64e-10 7.74e-12 1.53e-08 0.234
 23   -9.849280572280e-02 -9.849300663562e-02 8.87e-11 1.06e-11 2.50e-09 0.239
 24   -9.849289139824e-02 -9.849290442924e-02 5.72e-12 5.34e-10 1.61e-10 0.243
 25   -9.849289719718e-02 -9.849289749594e-02 1.17e-13 2.45e-08 3.63e-12 0.248
 26   -9.849289732463e-02 -9.849289734229e-02 6.99e-15 1.45e-09 2.12e-13 0.253


Optimal solution found in 26 iterations and 0.253s
Objective -9.84928973e-02
Primal infeasibility (abs/rel): 1.40e-14/6.99e-15
Dual infeasibility   (abs/rel): 1.59e-09/1.45e-09
Complementarity gap  (abs/rel): 2.33e-13/2.12e-13


Barrier finished in 0.25 seconds
Dual variables for problems with quadratic constraints not returned.
