cuOpt version: 26.10.0, git hash: 648f805d, host arch: x86_64, device archs: 80-real
CPU: AMD EPYC 7642 48-Core Processor, threads: 5C/5T, RAM usage: 37.75/503.74GiB
CPU SIMD target: AVX2
CUDA 12.9, device: NVIDIA A100 80GB PCIe (ID 0), VRAM: 79.44 GiB
CUDA device UUID: 68df5cf5-71f9-6a93-b428-460c080ffb10
Problem has 1 quadratic constraints. Converting to second-order cones and solving with barrier.
Handling 50 free variables directly in augmented system
Presolved problem: 5103 constraints 10102 variables 265152 nonzeros
Skipping Ruiz equilibration (row norm ratio 1.4, column norm ratio 1.4 < 5e4, Q coeff ratio 1.0 < 100)
Barrier solver started at 0.028 seconds
Barrier solver: 5103 constraints, 10102 variables, 265152 nonzeros


Second-order cones          : 1
Free variables              : 50
Upper bounds                : 5000
Linear system               : augmented
cuDSS Version               : 0.7.1
cuDSS Threading layer       : libcudss_mtlayer_gomp.so.0
Reordering time             : 0.210s
Symbolic factorization time : 0.026s
Symbolic nonzeros in factor : 2.79e+05
Elapsed time for augmented  : 0.271 seconds
Elapsed time           : 0.271 seconds
Barrier setup complete at 0.271 seconds
Adaptive regularization enabled


                  Objective                         Infeasibility        Time
Iter   Primal              Dual                Primal   Dual    Compl.   Elapsed
  0   -4.994345357306e-02 -2.506919330407e+03 5.00e+00 9.28e+00 1.02e+02 0.273
  1   -5.011417517342e-02 -4.648339465336e+01 8.23e-02 1.65e+00 5.51e+00 0.276
  2   -6.028405169839e-02 -1.220178167638e+00 8.23e-04 4.60e-01 1.28e-01 0.279
  3   -6.655654350297e-02 -3.112016321775e-01 1.72e-04 9.61e-02 2.67e-02 0.282
  4   -7.105231943085e-02 -2.649416971854e-01 9.99e-05 5.59e-02 1.54e-02 0.285
  5   -8.664356100453e-02 -1.378087335919e-01 2.28e-05 1.28e-02 3.45e-03 0.287
  6   -9.204463012464e-02 -1.133949461310e-01 3.78e-06 2.12e-03 5.88e-04 0.290
  7   -9.655862045891e-02 -1.035081642409e-01 1.19e-06 6.61e-04 1.50e-04 0.293
  8   -9.739734532039e-02 -1.011380518896e-01 5.05e-07 2.71e-04 9.62e-05 0.295
  9   -9.838562998933e-02 -9.942279412273e-02 1.23e-07 6.64e-05 2.52e-05 0.298
 10   -9.866080152696e-02 -9.890261745327e-02 1.99e-08 1.28e-05 8.37e-06 0.301
 11   -9.873779828272e-02 -9.878355056246e-02 4.57e-09 2.37e-06 1.58e-06 0.303
 12   -9.875086414422e-02 -9.875938737036e-02 2.13e-09 2.51e-07 1.88e-07 0.306
 13   -9.875427578452e-02 -9.875468961967e-02 2.93e-11 8.60e-09 8.78e-09 0.309
 14   -9.875443895381e-02 -9.875446132882e-02 4.95e-11 2.70e-08 3.69e-10 0.312
 15   -9.875444792313e-02 -9.875445025084e-02 1.30e-11 7.53e-07 2.72e-11 0.314
 16   -9.875444900091e-02 -9.875444925038e-02 1.44e-12 3.81e-05 1.35e-12 0.317
 17   -9.875444911900e-02 -9.875444913521e-02 3.39e-13 3.53e-04 5.46e-14 0.320
 18   -9.875444913025e-02 -9.875444913162e-02 3.89e-14 1.24e-03 3.27e-15 0.323
 19   -9.875444913095e-02 -9.875444913153e-02 1.67e-14 2.53e-03 6.04e-16 0.325
Numerical error in objective
Restoring previous solution


Suboptimal solution found in 20 iterations and 0.33 seconds
Objective -9.87542758e-02
Primal infeasibility (abs/rel): 5.85e-11/2.93e-11
Dual infeasibility   (abs/rel): 9.47e-09/8.60e-09
Complementarity gap  (abs/rel): 9.65e-09/8.78e-09


Barrier finished in 0.33 seconds
Dual variables for problems with quadratic constraints not returned.
