cuOpt version: 26.10.0, git hash: 648f805d, host arch: x86_64, device archs: 80-real
CPU: AMD EPYC 7642 48-Core Processor, threads: 5C/5T, RAM usage: 37.76/503.74GiB
CPU SIMD target: AVX2
CUDA 12.9, device: NVIDIA A100 80GB PCIe (ID 0), VRAM: 79.44 GiB
CUDA device UUID: 68df5cf5-71f9-6a93-b428-460c080ffb10
Problem has 1 quadratic constraints. Converting to second-order cones and solving with barrier.
Handling 50 free variables directly in augmented system
Presolved problem: 5103 constraints 10102 variables 265152 nonzeros
Skipping Ruiz equilibration (row norm ratio 1.4, column norm ratio 1.4 < 5e4, Q coeff ratio 1.0 < 100)
Barrier solver started at 0.029 seconds
Barrier solver: 5103 constraints, 10102 variables, 265152 nonzeros


Second-order cones          : 1
Free variables              : 50
Upper bounds                : 5000
Linear system               : augmented
cuDSS Version               : 0.7.1
cuDSS Threading layer       : libcudss_mtlayer_gomp.so.0
Reordering time             : 0.115s
Symbolic factorization time : 0.024s
Symbolic nonzeros in factor : 2.79e+05
Elapsed time for augmented  : 0.174 seconds
Elapsed time           : 0.174 seconds
Barrier setup complete at 0.174 seconds
Adaptive regularization enabled


                  Objective                         Infeasibility        Time
Iter   Primal              Dual                Primal   Dual    Compl.   Elapsed
  0   -4.993837370587e-02 -2.507036107877e+03 5.00e+00 9.29e+00 1.02e+02 0.177
  1   -5.010894750955e-02 -4.628406309352e+01 8.19e-02 1.65e+00 5.50e+00 0.180
  2   -6.032689740360e-02 -1.208897847839e+00 8.19e-04 4.59e-01 1.27e-01 0.183
  3   -6.667173002511e-02 -3.141991522660e-01 1.74e-04 9.78e-02 2.71e-02 0.185
  4   -7.217541860636e-02 -2.528504454463e-01 8.49e-05 4.76e-02 1.30e-02 0.188
  5   -8.669647531918e-02 -1.359641782519e-01 2.11e-05 1.18e-02 3.19e-03 0.191
  6   -9.293487982178e-02 -1.084238463533e-01 8.03e-07 4.51e-04 1.09e-04 0.193
  7   -9.608238679837e-02 -1.021547684606e-01 2.47e-07 1.32e-04 5.27e-05 0.196
  8   -9.755787539295e-02 -9.962700871246e-02 5.82e-08 2.93e-05 8.87e-06 0.199
  9   -9.792987792842e-02 -9.898400456376e-02 2.33e-08 9.12e-06 1.11e-05 0.201
 10   -9.827958386991e-02 -9.853056419561e-02 4.92e-09 1.83e-06 2.47e-06 0.204
 11   -9.836950434463e-02 -9.841373386891e-02 8.53e-10 3.11e-07 5.69e-07 0.207
 12   -9.838805351421e-02 -9.838987108326e-02 1.68e-11 7.99e-09 2.18e-08 0.209
 13   -9.838881596147e-02 -9.838889286984e-02 2.70e-11 7.80e-09 7.01e-10 0.212
 14   -9.838884721400e-02 -9.838885278875e-02 1.32e-11 4.63e-08 2.58e-11 0.215
 15   -9.838884954213e-02 -9.838885020943e-02 1.98e-12 5.91e-06 3.84e-12 0.217
 16   -9.838884981272e-02 -9.838884991333e-02 4.55e-13 1.31e-03 4.72e-13 0.220
 17   -9.838884985211e-02 -9.838884987703e-02 5.61e-14 1.34e-03 1.04e-13 0.223
 18   -9.838884986403e-02 -9.838884986485e-02 1.75e-14 4.01e-04 4.98e-15 0.225
Numerical error in objective
Restoring previous solution


Suboptimal solution found in 19 iterations and 0.23 seconds
Objective -9.83888160e-02
Primal infeasibility (abs/rel): 5.41e-11/2.70e-11
Dual infeasibility   (abs/rel): 8.59e-09/7.80e-09
Complementarity gap  (abs/rel): 7.70e-10/7.01e-10


Barrier finished in 0.23 seconds
Dual variables for problems with quadratic constraints not returned.
