cuOpt version: 26.10.0, git hash: 648f805d, host arch: x86_64, device archs: 80-real
CPU: AMD EPYC 7642 48-Core Processor, threads: 5C/5T, RAM usage: 37.71/503.74GiB
CPU SIMD target: AVX2
CUDA 12.9, device: NVIDIA A100 80GB PCIe (ID 0), VRAM: 79.44 GiB
CUDA device UUID: 68df5cf5-71f9-6a93-b428-460c080ffb10
Problem has 1 quadratic constraints. Converting to second-order cones and solving with barrier.
Handling 50 free variables directly in augmented system
Presolved problem: 5103 constraints 10102 variables 265152 nonzeros
Skipping Ruiz equilibration (row norm ratio 1.4, column norm ratio 1.4 < 5e4, Q coeff ratio 1.0 < 100)
Barrier solver started at 0.030 seconds
Barrier solver: 5103 constraints, 10102 variables, 265152 nonzeros


Second-order cones          : 1
Free variables              : 50
Upper bounds                : 5000
Linear system               : augmented
cuDSS Version               : 0.7.1
cuDSS Threading layer       : libcudss_mtlayer_gomp.so.0
Reordering time             : 0.054s
Symbolic factorization time : 0.023s
Symbolic nonzeros in factor : 2.79e+05
Elapsed time for augmented  : 0.113 seconds
Elapsed time           : 0.113 seconds
Barrier setup complete at 0.113 seconds
Adaptive regularization enabled


                  Objective                         Infeasibility        Time
Iter   Primal              Dual                Primal   Dual    Compl.   Elapsed
  0   -4.994241254848e-02 -2.507006163305e+03 5.00e+00 9.28e+00 1.02e+02 0.116
  1   -5.011311112380e-02 -4.596914295599e+01 8.13e-02 1.65e+00 5.49e+00 0.119
  2   -6.040814207213e-02 -1.233165104089e+00 8.13e-04 4.56e-01 1.26e-01 0.122
  3   -6.630674308504e-02 -3.176433399314e-01 1.72e-04 9.68e-02 2.68e-02 0.124
  4   -7.293451887897e-02 -2.426986350089e-01 7.23e-05 4.07e-02 1.10e-02 0.127
  5   -8.674586703862e-02 -1.334344564466e-01 1.85e-05 1.04e-02 2.78e-03 0.130
  6   -9.222388168993e-02 -1.133418639383e-01 4.24e-06 2.38e-03 5.81e-04 0.132
  7   -9.576501677690e-02 -1.044796683153e-01 1.58e-06 8.81e-04 2.28e-04 0.135
  8   -9.779478512817e-02 -9.987984768656e-02 2.15e-07 1.17e-04 2.61e-05 0.138
  9   -9.847986172175e-02 -9.877324154152e-02 2.35e-08 1.18e-05 9.04e-07 0.140
 10   -9.856286487999e-02 -9.864349691447e-02 5.77e-09 2.23e-06 2.74e-07 0.143
 11   -9.859001646438e-02 -9.860743466490e-02 1.14e-09 3.97e-07 4.85e-08 0.146
 12   -9.859558068964e-02 -9.859995353395e-02 3.15e-10 6.94e-08 1.36e-08 0.148
 13   -9.859747782473e-02 -9.859767345361e-02 1.34e-11 1.92e-08 7.56e-10 0.151
 14   -9.859755750549e-02 -9.859757599201e-02 5.53e-12 1.95e-07 6.11e-11 0.154
 15   -9.859756554366e-02 -9.859756660015e-02 8.18e-13 3.01e-06 2.28e-12 0.156
 16   -9.859756601363e-02 -9.859756607018e-02 1.10e-13 3.61e-04 1.79e-13 0.159
 17   -9.859756604030e-02 -9.859756604185e-02 2.08e-14 1.10e-03 4.04e-15 0.162
 18   -9.859756604081e-02 -9.859756604151e-02 1.25e-14 9.01e-03 4.57e-16 0.164
Numerical error in objective
Primal residual -nan dual residual -nan complementarity residual -nan
Search direction computation failed
Barrier finished in 0.17 seconds
Barrier Solve status A numerical error was encountered.
Dual variables for problems with quadratic constraints not returned.
