cuOpt version: 26.10.0, git hash: 648f805d, host arch: x86_64, device archs: 80-real
CPU: AMD EPYC 7642 48-Core Processor, threads: 5C/5T, RAM usage: 37.76/503.74GiB
CPU SIMD target: AVX2
CUDA 12.9, device: NVIDIA A100 80GB PCIe (ID 0), VRAM: 79.44 GiB
CUDA device UUID: 68df5cf5-71f9-6a93-b428-460c080ffb10
Problem has 1 quadratic constraints. Converting to second-order cones and solving with barrier.
Handling 50 free variables directly in augmented system
Presolved problem: 5103 constraints 10102 variables 265152 nonzeros
Skipping Ruiz equilibration (row norm ratio 1.4, column norm ratio 1.4 < 5e4, Q coeff ratio 1.0 < 100)
Barrier solver started at 0.024 seconds
Barrier solver: 5103 constraints, 10102 variables, 265152 nonzeros


Second-order cones          : 1
Free variables              : 50
Upper bounds                : 5000
Linear system               : augmented
cuDSS Version               : 0.7.1
cuDSS Threading layer       : libcudss_mtlayer_gomp.so.0
Reordering time             : 0.055s
Symbolic factorization time : 0.023s
Symbolic nonzeros in factor : 2.79e+05
Elapsed time for augmented  : 0.109 seconds
Elapsed time           : 0.109 seconds
Barrier setup complete at 0.109 seconds
Adaptive regularization enabled


                  Objective                         Infeasibility        Time
Iter   Primal              Dual                Primal   Dual    Compl.   Elapsed
  0   -4.996289336838e-02 -2.506979380257e+03 5.00e+00 9.28e+00 1.02e+02 0.112
  1   -5.013381428134e-02 -4.598218096255e+01 8.13e-02 1.65e+00 5.49e+00 0.115
  2   -6.045465580830e-02 -1.209841365714e+00 8.13e-04 4.56e-01 1.26e-01 0.118
  3   -6.666456507059e-02 -3.204004497879e-01 1.77e-04 9.96e-02 2.76e-02 0.120
  4   -7.328849665906e-02 -2.404756928784e-01 6.86e-05 3.85e-02 1.04e-02 0.123
  5   -8.710205719971e-02 -1.319286311808e-01 1.71e-05 9.63e-03 2.57e-03 0.126
  6   -9.312976868679e-02 -1.099230774061e-01 2.14e-06 1.20e-03 2.39e-04 0.128
  7   -9.586688165380e-02 -1.035051247098e-01 8.11e-07 4.47e-04 1.12e-04 0.131
  8   -9.744388668723e-02 -1.001293024278e-01 5.37e-08 2.97e-05 1.10e-05 0.134
  9   -9.812945614563e-02 -9.921362870093e-02 1.96e-08 9.73e-06 4.12e-06 0.136
 10   -9.828388646719e-02 -9.897050977792e-02 1.10e-08 3.62e-06 6.24e-06 0.139
 11   -9.853981931420e-02 -9.866236002118e-02 1.33e-09 4.09e-07 1.07e-06 0.142
 12   -9.859230044909e-02 -9.860077655874e-02 4.20e-11 2.18e-08 9.31e-08 0.144
 13   -9.859593931546e-02 -9.859644997184e-02 9.11e-11 3.90e-09 5.63e-09 0.147
 14   -9.859616442977e-02 -9.859617718593e-02 4.45e-11 3.66e-08 1.06e-10 0.150
 15   -9.859617024864e-02 -9.859617142665e-02 5.10e-12 1.35e-05 8.69e-12 0.152
 16   -9.859617083460e-02 -9.859617088067e-02 2.62e-13 9.28e-05 2.22e-13 0.155
 17   -9.859617085501e-02 -9.859617086052e-02 1.31e-13 8.89e-04 1.21e-14 0.158
 18   -9.859617085809e-02 -9.859617085936e-02 4.59e-14 6.27e-03 6.39e-16 0.160
Numerical error in objective
Restoring previous solution


Suboptimal solution found in 19 iterations and 0.16 seconds
Objective -9.85959393e-02
Primal infeasibility (abs/rel): 1.82e-10/9.11e-11
Dual infeasibility   (abs/rel): 4.30e-09/3.90e-09
Complementarity gap  (abs/rel): 6.19e-09/5.63e-09


Barrier finished in 0.16 seconds
Dual variables for problems with quadratic constraints not returned.
