cuOpt version: 26.10.0, git hash: 648f805d, host arch: x86_64, device archs: 80-real
CPU: AMD EPYC 7642 48-Core Processor, threads: 5C/5T, RAM usage: 37.71/503.74GiB
CPU SIMD target: AVX2
CUDA 12.9, device: NVIDIA A100 80GB PCIe (ID 0), VRAM: 79.44 GiB
CUDA device UUID: 68df5cf5-71f9-6a93-b428-460c080ffb10
Problem has 1 quadratic constraints. Converting to second-order cones and solving with barrier.
Handling 50 free variables directly in augmented system
Presolved problem: 5103 constraints 10102 variables 265152 nonzeros
Skipping Ruiz equilibration (row norm ratio 1.4, column norm ratio 1.4 < 5e4, Q coeff ratio 1.0 < 100)
Barrier solver started at 0.024 seconds
Barrier solver: 5103 constraints, 10102 variables, 265152 nonzeros


Second-order cones          : 1
Free variables              : 50
Upper bounds                : 5000
Linear system               : augmented
cuDSS Version               : 0.7.1
cuDSS Threading layer       : libcudss_mtlayer_gomp.so.0
Reordering time             : 0.054s
Symbolic factorization time : 0.026s
Symbolic nonzeros in factor : 2.79e+05
Elapsed time for augmented  : 0.111 seconds
Elapsed time           : 0.111 seconds
Barrier setup complete at 0.111 seconds
Adaptive regularization enabled


                  Objective                         Infeasibility        Time
Iter   Primal              Dual                Primal   Dual    Compl.   Elapsed
  0   -4.993815836010e-02 -2.506924487080e+03 5.00e+00 9.28e+00 1.02e+02 0.114
  1   -5.010881151021e-02 -4.609063830728e+01 8.16e-02 1.65e+00 5.49e+00 0.117
  2   -6.037132362340e-02 -1.222620082754e+00 8.16e-04 4.57e-01 1.26e-01 0.119
  3   -6.650898353300e-02 -3.083278138649e-01 1.68e-04 9.42e-02 2.61e-02 0.122
  4   -7.309400255184e-02 -2.470800060164e-01 8.25e-05 4.63e-02 1.25e-02 0.125
  5   -8.765558209037e-02 -1.333833004430e-01 1.97e-05 1.11e-02 2.95e-03 0.127
  6   -9.419345856301e-02 -1.085652533168e-01 2.89e-06 1.62e-03 3.60e-04 0.130
  7   -9.643058764782e-02 -1.023715112652e-01 9.41e-07 5.17e-04 1.38e-04 0.133
  8   -9.811134643092e-02 -9.911544040362e-02 5.27e-08 3.04e-05 5.61e-06 0.135
  9   -9.837997573381e-02 -9.872695975201e-02 1.60e-08 9.01e-06 2.11e-06 0.138
 10   -9.845300799572e-02 -9.861381777018e-02 5.91e-09 2.77e-06 1.51e-06 0.141
 11   -9.851398909719e-02 -9.853710416655e-02 1.04e-09 3.65e-07 2.65e-07 0.143
 12   -9.852292347705e-02 -9.852547402462e-02 4.29e-10 3.47e-08 3.27e-08 0.146
 13   -9.852399565122e-02 -9.852411907321e-02 1.60e-11 9.25e-09 1.66e-09 0.149
 14   -9.852404792057e-02 -9.852405368909e-02 3.00e-12 9.67e-08 7.91e-11 0.151
 15   -9.852405047729e-02 -9.852405061602e-02 1.00e-12 2.81e-06 1.57e-12 0.154
 16   -9.852405053504e-02 -9.852405056146e-02 4.84e-13 6.85e-04 1.88e-13 0.157
 17   -9.852405054617e-02 -9.852405055398e-02 2.81e-13 4.65e-03 4.15e-15 0.159
 18   -9.852405055198e-02 -9.852405055381e-02 6.56e-14 9.51e-03 6.36e-17 0.162
Numerical error in objective
Restoring previous solution


Suboptimal solution found in 19 iterations and 0.16 seconds
Objective -9.85239957e-02
Primal infeasibility (abs/rel): 3.19e-11/1.60e-11
Dual infeasibility   (abs/rel): 1.02e-08/9.25e-09
Complementarity gap  (abs/rel): 1.83e-09/1.66e-09


Barrier finished in 0.17 seconds
Dual variables for problems with quadratic constraints not returned.
