cuOpt version: 26.10.0, git hash: 648f805d, host arch: x86_64, device archs: 80-real
CPU: AMD EPYC 7642 48-Core Processor, threads: 5C/5T, RAM usage: 37.76/503.74GiB
CPU SIMD target: AVX2
CUDA 12.9, device: NVIDIA A100 80GB PCIe (ID 0), VRAM: 79.44 GiB
CUDA device UUID: 68df5cf5-71f9-6a93-b428-460c080ffb10
Problem has 1 quadratic constraints. Converting to second-order cones and solving with barrier.
Handling 50 free variables directly in augmented system
Presolved problem: 5103 constraints 10102 variables 265152 nonzeros
Skipping Ruiz equilibration (row norm ratio 1.4, column norm ratio 1.4 < 5e4, Q coeff ratio 1.0 < 100)
Barrier solver started at 0.027 seconds
Barrier solver: 5103 constraints, 10102 variables, 265152 nonzeros


Second-order cones          : 1
Free variables              : 50
Upper bounds                : 5000
Linear system               : augmented
cuDSS Version               : 0.7.1
cuDSS Threading layer       : libcudss_mtlayer_gomp.so.0
Reordering time             : 0.053s
Symbolic factorization time : 0.023s
Symbolic nonzeros in factor : 2.79e+05
Elapsed time for augmented  : 0.110 seconds
Elapsed time           : 0.110 seconds
Barrier setup complete at 0.110 seconds
Adaptive regularization enabled


                  Objective                         Infeasibility        Time
Iter   Primal              Dual                Primal   Dual    Compl.   Elapsed
  0   -4.995018260216e-02 -2.507089044478e+03 5.00e+00 9.28e+00 1.02e+02 0.113
  1   -5.012094911152e-02 -4.634354336495e+01 8.21e-02 1.65e+00 5.50e+00 0.116
  2   -6.034055469385e-02 -1.213394308831e+00 8.21e-04 4.59e-01 1.27e-01 0.118
  3   -6.658956560102e-02 -3.230568811418e-01 1.80e-04 1.01e-01 2.80e-02 0.121
  4   -7.215436070414e-02 -2.532135845660e-01 8.07e-05 4.52e-02 1.24e-02 0.124
  5   -8.596103715001e-02 -1.392755464346e-01 2.17e-05 1.22e-02 3.28e-03 0.126
  6   -9.122603507046e-02 -1.129062109427e-01 1.28e-06 7.19e-04 1.99e-04 0.129
  7   -9.547896634054e-02 -1.044502229800e-01 4.77e-07 2.62e-04 6.75e-05 0.132
  8   -9.703202569704e-02 -1.012835748224e-01 1.87e-07 9.68e-05 3.77e-05 0.134
  9   -9.783672095828e-02 -9.988231699941e-02 5.34e-08 2.81e-05 1.06e-05 0.137
 10   -9.812222187424e-02 -9.941003409703e-02 2.65e-08 1.39e-05 1.66e-05 0.139
 11   -9.856459782027e-02 -9.879489728905e-02 7.70e-09 2.36e-06 3.23e-06 0.142
 12   -9.865811131352e-02 -9.866844761670e-02 9.36e-10 9.39e-08 7.68e-08 0.145
 13   -9.866218198633e-02 -9.866304370311e-02 1.65e-10 9.79e-09 4.28e-09 0.148
 14   -9.866251918939e-02 -9.866258433227e-02 6.51e-11 2.78e-08 1.59e-10 0.150
 15   -9.866254568452e-02 -9.866254851779e-02 2.49e-12 1.92e-05 9.94e-12 0.153
 16   -9.866254683901e-02 -9.866254695097e-02 2.24e-13 8.04e-05 2.79e-13 0.156
 17   -9.866254689125e-02 -9.866254689365e-02 3.13e-14 5.58e-05 3.81e-15 0.158
 18   -9.866254689264e-02 -9.866254689280e-02 5.55e-15 2.40e-03 1.20e-15 0.161
 19   -9.866254689268e-02 -9.866254689280e-02 4.05e-15 2.12e-03 6.80e-16 0.164
 20   -9.866254689273e-02 -9.866254689280e-02 2.28e-15 1.56e-02 1.33e-15 0.166
Numerical error in objective
Restoring previous solution


Suboptimal solution found in 21 iterations and 0.17 seconds
Objective -9.86621820e-02
Primal infeasibility (abs/rel): 3.31e-10/1.65e-10
Dual infeasibility   (abs/rel): 1.08e-08/9.79e-09
Complementarity gap  (abs/rel): 4.70e-09/4.28e-09


Barrier finished in 0.17 seconds
Dual variables for problems with quadratic constraints not returned.
