cuOpt version: 26.10.0, git hash: 648f805d, host arch: x86_64, device archs: 80-real
CPU: AMD EPYC 7642 48-Core Processor, threads: 5C/5T, RAM usage: 14.72/503.74GiB
CPU SIMD target: AVX2
CUDA 12.9, device: NVIDIA A100 80GB PCIe (ID 0), VRAM: 79.44 GiB
CUDA device UUID: 68df5cf5-71f9-6a93-b428-460c080ffb10
Problem has 1 quadratic constraints. Converting to second-order cones and solving with barrier.
Handling 50 free variables directly in augmented system
Presolved problem: 5103 constraints 10102 variables 265152 nonzeros
Skipping Ruiz equilibration (row norm ratio 1.4, column norm ratio 1.4 < 5e4, Q coeff ratio 1.0 < 100)
Barrier solver started at 0.03 seconds
Barrier solver: 5103 constraints, 10102 variables, 265152 nonzeros


Second-order cones          : 1
Free variables              : 50
Upper bounds                : 5000
Linear system               : augmented
cuDSS Version               : 0.7.1
cuDSS Threading layer       : libcudss_mtlayer_gomp.so.0
Reordering time             : 0.13s
Symbolic factorization time : 0.02s
Symbolic nonzeros in factor : 2.79e+05
Barrier setup complete at 0.19 seconds
Elapsed time                : 0.19s
Adaptive regularization enabled


                  Objective                         Infeasibility        Time
Iter   Primal              Dual                Primal   Dual    Compl.   Elapsed
  0   -4.989981413315e-02 -2.507019876882e+03 5.00e+00 9.29e+00 1.02e+02 0.2
  1   -5.007023251915e-02 -4.804650922219e+01 8.55e-02 1.64e+00 5.56e+00 0.2
  2   -5.978796325954e-02 -1.483374575046e+00 8.55e-04 4.72e-01 1.33e-01 0.2
  3   -6.408455360967e-02 -2.690658121143e-01 1.22e-04 6.78e-02 1.94e-02 0.2
  4   -7.730958975248e-02 -2.048326384255e-01 4.02e-05 2.23e-02 5.90e-03 0.2
  5   -8.932202104174e-02 -1.228941673262e-01 9.79e-06 5.42e-03 1.44e-03 0.2
  6   -9.408143915458e-02 -1.074968653953e-01 1.66e-06 9.17e-04 1.72e-04 0.2
  7   -9.513605956423e-02 -1.045399832783e-01 9.48e-07 5.25e-04 1.49e-04 0.2
  8   -9.747898257174e-02 -1.005396680445e-01 2.82e-07 1.56e-04 4.60e-05 0.2
  9   -9.797364185138e-02 -9.941937077721e-02 8.80e-08 4.88e-05 3.37e-05 0.2
 10   -9.840086884313e-02 -9.880402139798e-02 2.00e-08 1.11e-05 7.30e-06 0.3
 11   -9.848314771927e-02 -9.866586275343e-02 5.54e-09 3.07e-06 2.67e-06 0.3
 12   -9.854965794556e-02 -9.858220380544e-02 9.65e-10 5.35e-07 4.97e-07 0.3
 13   -9.856136724598e-02 -9.856647741021e-02 8.01e-11 4.44e-08 5.27e-08 0.3
 14   -9.856347266139e-02 -9.856400052701e-02 8.24e-12 4.57e-09 5.56e-09 0.3
 15   -9.856369633369e-02 -9.856372828217e-02 2.91e-13 1.28e-10 2.05e-10 0.3
 16   -9.856371005570e-02 -9.856371251791e-02 2.16e-14 2.78e-10 1.65e-11 0.3


Optimal solution found in 16 iterations and 0.283s
Objective -9.85637101e-02
Primal infeasibility (abs/rel): 4.32e-14/2.16e-14
Dual infeasibility   (abs/rel): 3.06e-10/2.78e-10
Complementarity gap  (abs/rel): 1.81e-11/1.65e-11


Barrier finished in 0.28 seconds
Dual variables for problems with quadratic constraints not returned.
