cuOpt version: 26.10.0, git hash: 648f805d, host arch: x86_64, device archs: 80-real
CPU: AMD EPYC 7642 48-Core Processor, threads: 5C/5T, RAM usage: 14.72/503.74GiB
CPU SIMD target: AVX2
CUDA 12.9, device: NVIDIA A100 80GB PCIe (ID 0), VRAM: 79.44 GiB
CUDA device UUID: 68df5cf5-71f9-6a93-b428-460c080ffb10
Problem has 1 quadratic constraints. Converting to second-order cones and solving with barrier.
Barrier: reusing cache (skip convert/presolve/scaling)
Barrier solver started at 0.00 seconds
Barrier solver: 5103 constraints, 10102 variables, 265152 nonzeros
Barrier setup complete at 0.00 seconds
Elapsed time                : 0.00s
Adaptive regularization enabled
Barrier: cone cache reuse overrides the requested initial point with SedumiMu


                  Objective                         Infeasibility        Time
Iter   Primal              Dual                Primal   Dual    Compl.   Elapsed
  0   -3.702509737108e+02 -3.710937010099e+02 3.71e+03 1.91e+00 1.19e-02 0.0
  1   -4.136273551275e+00 -3.475151614423e+02 4.01e+01 2.77e-01 6.50e-02 0.0
  2   -1.039317309374e-01 -2.487809478481e+01 4.69e-01 7.85e-03 4.78e-03 0.0
  3   -5.492858368113e-02 -6.426990422293e-01 4.69e-03 7.91e-05 1.48e-04 0.0
  4   -5.851315182356e-02 -1.366086835713e-01 6.22e-04 1.05e-05 1.74e-05 0.0
  5   -6.838223231583e-02 -1.390882897067e-01 4.75e-04 8.01e-06 3.90e-05 0.0
  6   -6.889375945969e-02 -1.392058504776e-01 4.61e-04 7.77e-06 4.13e-05 0.0
  7   -7.975791834279e-02 -1.309113998323e-01 2.43e-04 4.10e-06 1.01e-04 0.0
  8   -7.980229728686e-02 -1.306485102463e-01 2.26e-04 3.81e-06 2.65e-04 0.0
  9   -8.971816234665e-02 -1.146065053333e-01 6.32e-05 1.07e-06 2.28e-04 0.0
 10   -9.597467619421e-02 -1.029561655382e-01 1.59e-05 2.68e-07 4.93e-05 0.1
 11   -9.743912260302e-02 -1.006252772178e-01 6.14e-06 1.03e-07 1.11e-05 0.1
 12   -9.773434130244e-02 -9.994009809290e-02 2.94e-06 4.96e-08 2.50e-05 0.1
 13   -9.823232358782e-02 -9.925642941396e-02 9.33e-07 1.57e-08 9.49e-06 0.1
 14   -9.847052975249e-02 -9.892513138474e-02 3.52e-07 5.90e-09 8.06e-06 0.1
 15   -9.865602249696e-02 -9.868376464851e-02 2.08e-08 3.54e-10 3.92e-07 0.1
 16   -9.866785252583e-02 -9.866876999968e-02 6.85e-10 1.71e-11 6.06e-09 0.1
 17   -9.866820080737e-02 -9.866831873340e-02 8.61e-11 2.46e-09 6.55e-10 0.1
 18   -9.866824347272e-02 -9.866826218430e-02 1.12e-11 2.90e-10 6.03e-11 0.1
 19   -9.866825144545e-02 -9.866825230554e-02 4.69e-13 1.89e-07 6.39e-12 0.1
 20   -9.866825181719e-02 -9.866825184966e-02 3.95e-14 2.63e-07 2.45e-13 0.1
 21   -9.866825183145e-02 -9.866825183298e-02 1.89e-15 1.20e-08 1.09e-14 0.1
 22   -9.866825183213e-02 -9.866825183219e-02 1.11e-16 4.62e-10 1.13e-15 0.1


Optimal solution found in 22 iterations and 0.108s
Objective -9.86682518e-02
Primal infeasibility (abs/rel): 2.22e-16/1.11e-16
Dual infeasibility   (abs/rel): 5.09e-10/4.62e-10
Complementarity gap  (abs/rel): 1.25e-15/1.13e-15


Barrier finished in 0.11 seconds
Dual variables for problems with quadratic constraints not returned.
