cuOpt version: 26.10.0, git hash: 648f805d, host arch: x86_64, device archs: 80-real
CPU: AMD EPYC 7642 48-Core Processor, threads: 5C/5T, RAM usage: 14.70/503.74GiB
CPU SIMD target: AVX2
CUDA 12.9, device: NVIDIA A100 80GB PCIe (ID 0), VRAM: 79.44 GiB
CUDA device UUID: 68df5cf5-71f9-6a93-b428-460c080ffb10
Problem has 1 quadratic constraints. Converting to second-order cones and solving with barrier.
Barrier: reusing cache (skip convert/presolve/scaling)
Barrier solver started at 0.00 seconds
Barrier solver: 5103 constraints, 10102 variables, 265152 nonzeros
Barrier setup complete at 0.00 seconds
Elapsed time                : 0.00s
Adaptive regularization enabled
Barrier: cone cache reuse overrides the requested initial point with SedumiMu


                  Objective                         Infeasibility        Time
Iter   Primal              Dual                Primal   Dual    Compl.   Elapsed
  0   -3.704490508896e+02 -3.710981922775e+02 3.71e+03 1.91e+00 1.19e-02 0.0
  1   -4.138703882017e+00 -3.475197441600e+02 4.01e+01 2.77e-01 6.50e-02 0.0
  2   -1.040077714720e-01 -2.488126401411e+01 4.69e-01 7.85e-03 4.78e-03 0.0
  3   -5.496009159231e-02 -6.429579754514e-01 4.69e-03 7.91e-05 1.48e-04 0.0
  4   -5.855201084765e-02 -1.359300793120e-01 6.17e-04 1.04e-05 1.72e-05 0.0
  5   -6.551675310995e-02 -1.377706752984e-01 5.18e-04 8.72e-06 2.04e-05 0.0
  6   -6.699932395295e-02 -1.382652692960e-01 4.83e-04 8.13e-06 2.72e-05 0.0
  7   -8.162897713565e-02 -1.249450474888e-01 2.43e-04 4.10e-06 7.09e-05 0.0
  8   -8.180531801542e-02 -1.245931780045e-01 2.22e-04 3.73e-06 1.19e-04 0.0
  9   -8.341023217464e-02 -1.237503075550e-01 1.77e-04 2.99e-06 2.86e-04 0.0
 10   -8.547850294453e-02 -1.209211746473e-01 1.01e-04 1.70e-06 2.64e-04 0.1
 11   -8.804419080956e-02 -1.151441603675e-01 5.31e-05 8.94e-07 4.51e-04 0.1
 12   -9.516379843907e-02 -1.038271681112e-01 1.31e-05 2.20e-07 1.16e-04 0.1
 13   -9.699352752183e-02 -1.008567441893e-01 4.62e-06 7.79e-08 3.36e-05 0.1
 14   -9.759936398250e-02 -9.965874885933e-02 1.54e-06 2.58e-08 3.72e-05 0.1
 15   -9.828623671813e-02 -9.873930122478e-02 3.11e-07 5.25e-09 7.79e-06 0.1
 16   -9.842334361802e-02 -9.853996776179e-02 6.38e-08 1.07e-09 2.36e-06 0.1
 17   -9.846598246614e-02 -9.848542723472e-02 1.05e-08 1.79e-10 3.91e-07 0.1
 18   -9.847269078945e-02 -9.847593838544e-02 8.63e-10 1.46e-11 3.58e-08 0.1
 19   -9.847405161188e-02 -9.847432731423e-02 7.30e-11 4.52e-12 3.07e-09 0.1
 20   -9.847416903802e-02 -9.847418318497e-02 2.21e-12 1.57e-11 8.58e-11 0.1
 21   -9.847417544025e-02 -9.847417582952e-02 1.54e-13 3.43e-08 2.34e-12 0.1
 22   -9.847417560795e-02 -9.847417563224e-02 9.66e-15 2.13e-09 1.47e-13 0.1


Optimal solution found in 22 iterations and 0.111s
Objective -9.84741756e-02
Primal infeasibility (abs/rel): 1.93e-14/9.66e-15
Dual infeasibility   (abs/rel): 2.35e-09/2.13e-09
Complementarity gap  (abs/rel): 1.62e-13/1.47e-13


Barrier finished in 0.11 seconds
Dual variables for problems with quadratic constraints not returned.
