cuOpt version: 26.10.0, git hash: 648f805d, host arch: x86_64, device archs: 80-real
CPU: AMD EPYC 7642 48-Core Processor, threads: 5C/5T, RAM usage: 14.64/503.74GiB
CPU SIMD target: AVX2
CUDA 12.9, device: NVIDIA A100 80GB PCIe (ID 0), VRAM: 79.44 GiB
CUDA device UUID: 68df5cf5-71f9-6a93-b428-460c080ffb10
Problem has 1 quadratic constraints. Converting to second-order cones and solving with barrier.
Barrier: reusing cache (skip convert/presolve/scaling)
Barrier solver started at 0.00 seconds
Barrier solver: 5103 constraints, 10102 variables, 265152 nonzeros
Barrier setup complete at 0.00 seconds
Elapsed time                : 0.00s
Adaptive regularization enabled
Barrier: cone cache reuse overrides the requested initial point with SedumiMu


                  Objective                         Infeasibility        Time
Iter   Primal              Dual                Primal   Dual    Compl.   Elapsed
  0   -3.703532868363e+02 -3.711197926069e+02 3.71e+03 1.91e+00 1.19e-02 0.0
  1   -4.137900701564e+00 -3.475413679128e+02 4.01e+01 2.77e-01 6.50e-02 0.0
  2   -1.039745622217e-01 -2.488596438960e+01 4.69e-01 7.85e-03 4.78e-03 0.0
  3   -5.494370613672e-02 -6.429525666163e-01 4.69e-03 7.91e-05 1.48e-04 0.0
  4   -5.852900844772e-02 -1.369056657672e-01 6.24e-04 1.05e-05 1.75e-05 0.0
  5   -6.642473502095e-02 -1.389496554769e-01 5.07e-04 8.54e-06 2.84e-05 0.0
  6   -6.769403823961e-02 -1.393008169590e-01 4.75e-04 8.00e-06 3.77e-05 0.0
  7   -7.916851900411e-02 -1.276638001515e-01 2.84e-04 4.79e-06 8.13e-05 0.0
  8   -7.928837091947e-02 -1.275288180257e-01 2.70e-04 4.54e-06 9.31e-05 0.0
  9   -8.201658588991e-02 -1.255773977208e-01 2.00e-04 3.36e-06 2.72e-04 0.0
 10   -8.282434440822e-02 -1.232650630313e-01 1.54e-04 2.60e-06 5.06e-04 0.1
 11   -9.170484399242e-02 -1.098300438732e-01 6.34e-05 1.07e-06 1.60e-04 0.1
 12   -9.213583319858e-02 -1.084542896787e-01 4.88e-05 8.21e-07 1.96e-04 0.1
 13   -9.606988316293e-02 -1.022441069069e-01 1.66e-05 2.79e-07 7.99e-05 0.1
 14   -9.652372727836e-02 -1.010907125912e-01 9.09e-06 1.53e-07 8.31e-05 0.1
 15   -9.766163750045e-02 -9.954412423615e-02 3.35e-06 5.64e-08 2.83e-05 0.1
 16   -9.793266569741e-02 -9.907067509927e-02 1.49e-06 2.51e-08 2.04e-05 0.1
 17   -9.826812070134e-02 -9.862891145082e-02 4.40e-07 7.41e-09 6.36e-06 0.1
 18   -9.835375626943e-02 -9.850213982848e-02 1.23e-07 2.05e-09 2.38e-06 0.1
 19   -9.840434783490e-02 -9.843916172015e-02 2.71e-08 4.57e-10 5.67e-07 0.1
 20   -9.841726129631e-02 -9.842222562111e-02 2.07e-09 3.28e-11 5.91e-08 0.1
 21   -9.841924735028e-02 -9.841989539832e-02 2.68e-10 1.30e-11 7.79e-09 0.1
 22   -9.841951623472e-02 -9.841956851485e-02 1.54e-11 4.98e-11 4.46e-10 0.1
 23   -9.841953691942e-02 -9.841954439430e-02 2.20e-12 6.67e-09 6.56e-11 0.1


Optimal solution found in 23 iterations and 0.117s
Objective -9.84195369e-02
Primal infeasibility (abs/rel): 4.40e-12/2.20e-12
Dual infeasibility   (abs/rel): 7.35e-09/6.67e-09
Complementarity gap  (abs/rel): 7.21e-11/6.56e-11


Barrier finished in 0.12 seconds
Dual variables for problems with quadratic constraints not returned.
