cuOpt version: 26.10.0, git hash: 648f805d, host arch: x86_64, device archs: 80-real
CPU: AMD EPYC 7642 48-Core Processor, threads: 5C/5T, RAM usage: 35.16/503.74GiB
CPU SIMD target: AVX2
CUDA 12.9, device: NVIDIA A100 80GB PCIe (ID 0), VRAM: 79.44 GiB
CUDA device UUID: 68df5cf5-71f9-6a93-b428-460c080ffb10
Problem has 1 quadratic constraints. Converting to second-order cones and solving with barrier.
Handling 50 free variables directly in augmented system
Presolved problem: 5103 constraints 10102 variables 265152 nonzeros
Skipping Ruiz equilibration (row norm ratio 1.4, column norm ratio 1.4 < 5e4, Q coeff ratio 1.0 < 100)
Barrier solver started at 0.027 seconds
Barrier solver: 5103 constraints, 10102 variables, 265152 nonzeros


Second-order cones          : 1
Free variables              : 50
Upper bounds                : 5000
Linear system               : augmented
cuDSS Version               : 0.7.1
cuDSS Threading layer       : libcudss_mtlayer_gomp.so.0
Reordering time             : 0.054s
Symbolic factorization time : 0.023s
Symbolic nonzeros in factor : 2.79e+05
Elapsed time for augmented  : 0.111 seconds
Elapsed time           : 0.111 seconds
Barrier setup complete at 0.111 seconds
Adaptive regularization enabled


                  Objective                         Infeasibility        Time
Iter   Primal              Dual                Primal   Dual    Compl.   Elapsed
  0   -3.702779911923e+02 -3.710340990992e+02 3.71e+03 1.91e+00 1.19e-02 0.112
  1   -3.742292098574e+01 -3.495990552737e+02 3.74e+02 7.84e-02 1.66e-02 0.117
  2   -3.889384278690e+00 -2.097327984721e+02 3.80e+01 4.70e-02 1.33e-02 0.122
  3   -4.430960132925e-01 -3.238133763385e+01 3.86e+00 5.32e-03 4.56e-03 0.128
  4   -9.289012120813e-02 -4.510662176438e+00 4.09e-01 5.68e-04 6.47e-04 0.133
  5   -5.628863749930e-02 -7.106312171051e-01 4.09e-02 5.69e-05 8.80e-05 0.138
  6   -5.677850783767e-02 -2.029424263576e-01 9.04e-03 1.26e-05 1.79e-05 0.143
  7   -6.877287734795e-02 -1.406254861916e-01 4.00e-03 5.57e-06 7.64e-06 0.148
  8   -7.302390490423e-02 -1.387468623998e-01 3.31e-03 4.60e-06 2.33e-05 0.153
  9   -7.655296412580e-02 -1.353559560686e-01 2.71e-03 3.78e-06 5.34e-05 0.159
 10   -8.076278227648e-02 -1.302532339745e-01 2.00e-03 2.78e-06 7.65e-05 0.164
 11   -8.201908504347e-02 -1.286317527935e-01 1.65e-03 2.29e-06 7.72e-05 0.169
 12   -8.588590970719e-02 -1.221386602369e-01 1.12e-03 1.56e-06 7.21e-05 0.174
 13   -8.618516193894e-02 -1.205849292139e-01 9.23e-04 1.28e-06 1.19e-04 0.179
 14   -9.029711203895e-02 -1.130154672216e-01 4.99e-04 6.94e-07 1.12e-04 0.185
 15   -9.408412832831e-02 -1.058317625160e-01 2.31e-04 3.22e-07 7.25e-05 0.190
 16   -9.644047539967e-02 -1.017414834329e-01 8.51e-05 1.18e-07 2.08e-05 0.195
 17   -9.738354295723e-02 -9.984886413884e-02 2.27e-05 3.16e-08 1.33e-05 0.200
 18   -9.794054234409e-02 -9.902848542684e-02 9.29e-06 1.29e-08 7.00e-06 0.205
 19   -9.822787225860e-02 -9.860316183105e-02 2.30e-06 3.20e-09 2.19e-06 0.210
 20   -9.835884108783e-02 -9.842826565816e-02 4.02e-07 5.63e-10 3.65e-07 0.216
 21   -9.838494059104e-02 -9.839397357979e-02 5.22e-08 7.58e-11 4.27e-08 0.221
 22   -9.838837410372e-02 -9.838947278258e-02 6.35e-09 1.70e-11 4.78e-09 0.226
 23   -9.838879368908e-02 -9.838892336973e-02 7.49e-10 1.13e-09 5.26e-10 0.230
 24   -9.838884329697e-02 -9.838885846123e-02 8.76e-11 1.22e-08 5.73e-11 0.234
 25   -9.838884906523e-02 -9.838885091108e-02 1.07e-11 1.48e-09 6.25e-12 0.240


Optimal solution found in 25 iterations and 0.240s
Objective -9.83888491e-02
Primal infeasibility (abs/rel): 2.13e-11/1.07e-11
Dual infeasibility   (abs/rel): 1.63e-09/1.48e-09
Complementarity gap  (abs/rel): 6.87e-12/6.25e-12


Barrier finished in 0.24 seconds
Dual variables for problems with quadratic constraints not returned.
