cuOpt version: 26.10.0, git hash: 648f805d, host arch: x86_64, device archs: 80-real
CPU: AMD EPYC 7642 48-Core Processor, threads: 5C/5T, RAM usage: 37.47/503.74GiB
CPU SIMD target: AVX2
CUDA 12.9, device: NVIDIA A100 80GB PCIe (ID 0), VRAM: 79.44 GiB
CUDA device UUID: 68df5cf5-71f9-6a93-b428-460c080ffb10
Problem has 1 quadratic constraints. Converting to second-order cones and solving with barrier.
Barrier: reusing cache (skip convert/presolve/scaling)
Barrier solver started at 0.000 seconds
Barrier solver: 5103 constraints, 10102 variables, 265152 nonzeros
Barrier setup complete at 0.000 seconds
Adaptive regularization enabled


                  Objective                         Infeasibility        Time
Iter   Primal              Dual                Primal   Dual    Compl.   Elapsed
  0   -3.702509737108e+02 -3.710937010099e+02 3.71e+03 1.91e+00 1.19e-02 0.001
  1   -4.136273551275e+00 -3.475151614423e+02 4.01e+01 2.77e-01 6.50e-02 0.006
  2   -1.039317309374e-01 -2.487809478481e+01 4.69e-01 7.85e-03 4.78e-03 0.010
  3   -5.492858368113e-02 -6.426990422251e-01 4.69e-03 7.91e-05 1.48e-04 0.015
  4   -5.851315182353e-02 -1.366086835744e-01 6.22e-04 1.05e-05 1.74e-05 0.019
  5   -6.838223229977e-02 -1.390882897041e-01 4.75e-04 8.01e-06 3.90e-05 0.023
  6   -6.889375944990e-02 -1.392058504758e-01 4.61e-04 7.77e-06 4.13e-05 0.027
  7   -7.975791831944e-02 -1.309113998036e-01 2.43e-04 4.10e-06 1.01e-04 0.032
  8   -7.980229726703e-02 -1.306485102207e-01 2.26e-04 3.81e-06 2.65e-04 0.036
  9   -8.971816229134e-02 -1.146065054573e-01 6.32e-05 1.07e-06 2.28e-04 0.041
 10   -9.597467615433e-02 -1.029561655809e-01 1.59e-05 2.68e-07 4.93e-05 0.046
 11   -9.743912257021e-02 -1.006252772744e-01 6.14e-06 1.03e-07 1.11e-05 0.051
 12   -9.773434128898e-02 -9.994009810789e-02 2.94e-06 4.96e-08 2.50e-05 0.057
 13   -9.823232361810e-02 -9.925642937328e-02 9.33e-07 1.57e-08 9.49e-06 0.061
 14   -9.847052977467e-02 -9.892513135642e-02 3.52e-07 5.93e-09 8.06e-06 0.066
 15   -9.865602249686e-02 -9.868376464814e-02 2.08e-08 3.51e-10 3.92e-07 0.070
 16   -9.866785252713e-02 -9.866876999974e-02 6.85e-10 1.15e-11 6.06e-09 0.075
 17   -9.866820080780e-02 -9.866831873320e-02 8.61e-11 1.16e-10 6.55e-10 0.079
 18   -9.866824347304e-02 -9.866826218429e-02 1.12e-11 1.56e-11 6.03e-11 0.083
 19   -9.866825144547e-02 -9.866825230553e-02 4.70e-13 2.57e-08 6.39e-12 0.086
 20   -9.866825181719e-02 -9.866825184966e-02 3.95e-14 1.98e-07 2.46e-13 0.090
 21   -9.866825183147e-02 -9.866825183296e-02 1.83e-15 8.77e-09 1.11e-14 0.094


Optimal solution found in 21 iterations and 0.094s
Objective -9.86682518e-02
Primal infeasibility (abs/rel): 3.66e-15/1.83e-15
Dual infeasibility   (abs/rel): 9.66e-09/8.77e-09
Complementarity gap  (abs/rel): 1.22e-14/1.11e-14


Barrier finished in 0.09 seconds
Dual variables for problems with quadratic constraints not returned.
