cuOpt version: 26.10.0, git hash: 648f805d, host arch: x86_64, device archs: 80-real
CPU: AMD EPYC 7642 48-Core Processor, threads: 5C/5T, RAM usage: 28.88/503.74GiB
CPU SIMD target: AVX2
CUDA 12.9, device: NVIDIA A100 80GB PCIe (ID 0), VRAM: 79.44 GiB
CUDA device UUID: 68df5cf5-71f9-6a93-b428-460c080ffb10
Problem has 1 quadratic constraints. Converting to second-order cones and solving with barrier.
Handling 50 free variables directly in augmented system
Presolved problem: 5103 constraints 10102 variables 265152 nonzeros
Skipping Ruiz equilibration (row norm ratio 1.4, column norm ratio 1.4 < 5e4, Q coeff ratio 1.0 < 100)
Barrier solver started at 0.023 seconds
Barrier solver: 5103 constraints, 10102 variables, 265152 nonzeros


Second-order cones          : 1
Free variables              : 50
Upper bounds                : 5000
Linear system               : augmented
cuDSS Version               : 0.7.1
cuDSS Threading layer       : libcudss_mtlayer_gomp.so.0
cuDSS ND levels             : 16
Reordering time             : 0.063s
Symbolic factorization time : 0.038s
Symbolic nonzeros in factor : 2.79e+05
Elapsed time for augmented  : 0.132 seconds
Elapsed time           : 0.132 seconds
Barrier setup complete at 0.132 seconds
Adaptive regularization enabled


                  Objective                         Infeasibility        Time
Iter   Primal              Dual                Primal   Dual    Compl.   Elapsed
  0   -3.702779911923e+02 -3.710340990992e+02 3.71e+03 1.91e+00 1.19e-02 0.132
  1   -4.137413965078e+00 -3.474555508912e+02 4.01e+01 2.77e-01 6.49e-02 0.137
  2   -1.039627881816e-01 -2.487502701009e+01 4.69e-01 7.85e-03 4.78e-03 0.142
  3   -5.494259749550e-02 -6.426390295564e-01 4.69e-03 7.91e-05 1.48e-04 0.147
  4   -5.853147883889e-02 -1.362046779095e-01 6.19e-04 1.04e-05 1.73e-05 0.151
  5   -6.730421862040e-02 -1.383594196594e-01 4.88e-04 8.22e-06 3.14e-05 0.156
  6   -6.898407367882e-02 -1.386008917934e-01 4.45e-04 7.50e-06 4.26e-05 0.161
  7   -8.252091792453e-02 -1.224963598016e-01 2.25e-04 3.80e-06 7.32e-05 0.165
  8   -8.268114831883e-02 -1.222822697899e-01 2.09e-04 3.53e-06 6.77e-05 0.170
  9   -8.383691468126e-02 -1.216691217210e-01 1.75e-04 2.95e-06 1.72e-04 0.176
 10   -8.546472972654e-02 -1.197750613697e-01 1.12e-04 1.88e-06 1.69e-04 0.181
 11   -8.753101192972e-02 -1.152999353167e-01 6.41e-05 1.08e-06 3.89e-04 0.187
 12   -9.549973566775e-02 -1.030620288419e-01 1.25e-05 2.11e-07 8.56e-05 0.192
 13   -9.695192114988e-02 -1.005109374813e-01 4.45e-06 7.49e-08 4.28e-05 0.197
 14   -9.798380792216e-02 -9.895345350783e-02 9.93e-07 1.67e-08 9.27e-06 0.203
 15   -9.830540480185e-02 -9.849455966022e-02 9.78e-08 1.65e-09 6.11e-07 0.208
 16   -9.836747571454e-02 -9.841452109523e-02 1.82e-08 3.06e-10 1.90e-07 0.213
 17   -9.838644827222e-02 -9.839174275553e-02 1.77e-09 2.99e-11 1.98e-08 0.218
 18   -9.838859214119e-02 -9.838915600034e-02 1.79e-10 2.96e-12 2.96e-09 0.222
 19   -9.838883521827e-02 -9.838886711967e-02 1.01e-11 2.11e-13 1.57e-10 0.227
 20   -9.838884914859e-02 -9.838885071349e-02 4.72e-13 1.55e-07 4.99e-12 0.231
 21   -9.838884979247e-02 -9.838884994723e-02 3.41e-14 1.12e-08 6.17e-13 0.236
 22   -9.838884986189e-02 -9.838884986679e-02 1.11e-15 3.57e-10 2.16e-14 0.241


Optimal solution found in 22 iterations and 0.241s
Objective -9.83888499e-02
Primal infeasibility (abs/rel): 2.22e-15/1.11e-15
Dual infeasibility   (abs/rel): 3.93e-10/3.57e-10
Complementarity gap  (abs/rel): 2.37e-14/2.16e-14


Barrier finished in 0.24 seconds
Dual variables for problems with quadratic constraints not returned.
