cuOpt version: 26.10.0, git hash: 648f805d, host arch: x86_64, device archs: 80-real
CPU: AMD EPYC 7642 48-Core Processor, threads: 5C/5T, RAM usage: 26.25/503.74GiB
CPU SIMD target: AVX2
CUDA 12.9, device: NVIDIA A100 80GB PCIe (ID 0), VRAM: 79.44 GiB
CUDA device UUID: 68df5cf5-71f9-6a93-b428-460c080ffb10
Problem has 1 quadratic constraints. Converting to second-order cones and solving with barrier.
Handling 50 free variables directly in augmented system
Presolved problem: 5103 constraints 10102 variables 265152 nonzeros
Skipping Ruiz equilibration (row norm ratio 1.4, column norm ratio 1.4 < 5e4, Q coeff ratio 1.0 < 100)
Barrier solver started at 0.030 seconds
Barrier solver: 5103 constraints, 10102 variables, 265152 nonzeros


Second-order cones          : 1
Free variables              : 50
Upper bounds                : 5000
Linear system               : augmented
cuDSS Version               : 0.7.1
cuDSS Threading layer       : libcudss_mtlayer_gomp.so.0
cuDSS solve mode            : deterministic
Reordering time             : 0.056s
Symbolic factorization time : 0.024s
Symbolic nonzeros in factor : 2.79e+05
Elapsed time for augmented  : 0.117 seconds
Elapsed time           : 0.117 seconds
Barrier setup complete at 0.117 seconds
Adaptive regularization enabled


                  Objective                         Infeasibility        Time
Iter   Primal              Dual                Primal   Dual    Compl.   Elapsed
  0   -3.702624119443e+02 -3.710387458059e+02 3.71e+03 1.91e+00 1.19e-02 0.117
  1   -3.742079789023e+01 -3.496036719064e+02 3.74e+02 7.84e-02 1.66e-02 0.195
  2   -3.888993984283e+00 -2.097346653642e+02 3.80e+01 4.70e-02 1.33e-02 0.273
  3   -4.430512134758e-01 -3.238077187940e+01 3.86e+00 5.32e-03 4.56e-03 0.350
  4   -9.288389751436e-02 -4.510664601825e+00 4.09e-01 5.68e-04 6.47e-04 0.427
  5   -5.628571763013e-02 -7.106214023161e-01 4.09e-02 5.69e-05 8.80e-05 0.505
  6   -5.677723484909e-02 -2.023841423787e-01 9.01e-03 1.25e-05 1.78e-05 0.582
  7   -6.888706418171e-02 -1.402317627575e-01 3.97e-03 5.53e-06 7.59e-06 0.660
  8   -7.323051310513e-02 -1.384590469869e-01 3.29e-03 4.58e-06 2.13e-05 0.737
  9   -7.616943839142e-02 -1.359080178179e-01 2.79e-03 3.89e-06 4.75e-05 0.814
 10   -8.013258408031e-02 -1.313987026778e-01 2.11e-03 2.94e-06 8.10e-05 0.892
 11   -8.114638514175e-02 -1.302582697549e-01 1.80e-03 2.50e-06 8.57e-05 0.969
 12   -8.613106503784e-02 -1.220830158214e-01 1.13e-03 1.58e-06 8.44e-05 1.047
 13   -8.658053171189e-02 -1.197342100064e-01 8.41e-04 1.17e-06 2.03e-04 1.142
 14   -9.079265491913e-02 -1.122942942351e-01 4.75e-04 6.61e-07 1.64e-04 1.219
 15   -9.473431328746e-02 -1.049161462084e-01 2.00e-04 2.79e-07 7.82e-05 1.297
 16   -9.673600515196e-02 -1.013421524951e-01 5.96e-05 8.30e-08 1.70e-05 1.376
 17   -9.765764281199e-02 -9.976368990381e-02 2.15e-05 3.00e-08 8.52e-06 1.454
 18   -9.807907030824e-02 -9.909408968373e-02 8.95e-06 1.25e-08 5.26e-06 1.531
 19   -9.838802056899e-02 -9.862770130059e-02 1.09e-06 1.53e-09 8.44e-07 1.609
 20   -9.846849594270e-02 -9.852411347070e-02 2.48e-07 3.48e-10 2.03e-07 1.687
 21   -9.848939198775e-02 -9.849737261179e-02 3.53e-08 5.23e-11 2.57e-08 1.764
 22   -9.849244372877e-02 -9.849347599414e-02 4.56e-09 7.78e-12 2.97e-09 1.842
 23   -9.849284627390e-02 -9.849296245177e-02 5.14e-10 1.30e-11 3.18e-10 1.920
 24   -9.849289209780e-02 -9.849290401236e-02 5.27e-11 1.11e-09 3.26e-11 1.980
 25   -9.849289680935e-02 -9.849289800530e-02 5.32e-12 3.21e-07 3.29e-12 2.023
 26   -9.849289728027e-02 -9.849289740035e-02 5.35e-13 2.87e-08 3.30e-13 2.083
 27   -9.849289732753e-02 -9.849289733949e-02 5.35e-14 2.19e-08 3.28e-14 2.143
 28   -9.849289733207e-02 -9.849289733360e-02 6.99e-15 1.73e-07 2.58e-15 2.203
 29   -9.849289733266e-02 -9.849289733281e-02 7.77e-16 4.12e-06 1.73e-16 2.264
Numerical error in objective
Restoring previous solution


Suboptimal solution found in 30 iterations and 2.31 seconds
Objective -9.84924437e-02
Primal infeasibility (abs/rel): 9.13e-09/4.56e-09
Dual infeasibility   (abs/rel): 8.57e-12/7.78e-12
Complementarity gap  (abs/rel): 3.26e-09/2.97e-09


Barrier finished in 2.31 seconds
Dual variables for problems with quadratic constraints not returned.
