cuOpt version: 26.10.0, git hash: 648f805d, host arch: x86_64, device archs: 80-real
CPU: AMD EPYC 7642 48-Core Processor, threads: 5C/5T, RAM usage: 26.25/503.74GiB
CPU SIMD target: AVX2
CUDA 12.9, device: NVIDIA A100 80GB PCIe (ID 0), VRAM: 79.44 GiB
CUDA device UUID: 68df5cf5-71f9-6a93-b428-460c080ffb10
Problem has 1 quadratic constraints. Converting to second-order cones and solving with barrier.
Handling 50 free variables directly in augmented system
Presolved problem: 5103 constraints 10102 variables 265152 nonzeros
Skipping Ruiz equilibration (row norm ratio 1.4, column norm ratio 1.4 < 5e4, Q coeff ratio 1.0 < 100)
Barrier solver started at 0.023 seconds
Barrier solver: 5103 constraints, 10102 variables, 265152 nonzeros


Second-order cones          : 1
Free variables              : 50
Upper bounds                : 5000
Linear system               : augmented
cuDSS Version               : 0.7.1
cuDSS Threading layer       : libcudss_mtlayer_gomp.so.0
cuDSS solve mode            : deterministic
Reordering time             : 0.175s
Symbolic factorization time : 0.024s
Symbolic nonzeros in factor : 2.79e+05
Elapsed time for augmented  : 0.228 seconds
Elapsed time           : 0.228 seconds
Barrier setup complete at 0.228 seconds
Adaptive regularization enabled


                  Objective                         Infeasibility        Time
Iter   Primal              Dual                Primal   Dual    Compl.   Elapsed
  0   -3.704291987375e+02 -3.711395609108e+02 3.71e+03 1.91e+00 1.19e-02 0.229
  1   -3.743741817706e+01 -3.497046453054e+02 3.74e+02 7.84e-02 1.66e-02 0.307
  2   -3.890680428367e+00 -2.098194046320e+02 3.81e+01 4.70e-02 1.33e-02 0.385
  3   -4.432259633860e-01 -3.239729092693e+01 3.86e+00 5.32e-03 4.56e-03 0.464
  4   -9.291615235056e-02 -4.513183834740e+00 4.09e-01 5.69e-04 6.47e-04 0.542
  5   -5.629790208488e-02 -7.110358209523e-01 4.09e-02 5.69e-05 8.80e-05 0.620
  6   -5.678707166315e-02 -2.035520415060e-01 9.08e-03 1.26e-05 1.79e-05 0.698
  7   -6.872858008317e-02 -1.410845875312e-01 4.02e-03 5.60e-06 7.68e-06 0.776
  8   -7.252490416821e-02 -1.393041240939e-01 3.42e-03 4.77e-06 1.87e-05 0.854
  9   -7.579096238471e-02 -1.366882915764e-01 2.85e-03 3.97e-06 3.07e-05 0.932
 10   -8.100782466642e-02 -1.300808359861e-01 2.05e-03 2.86e-06 4.59e-05 1.010
 11   -8.218333541124e-02 -1.286220025057e-01 1.69e-03 2.35e-06 5.10e-05 1.088
 12   -8.767240572898e-02 -1.195243904220e-01 1.00e-03 1.39e-06 5.06e-05 1.166
 13   -8.858510041410e-02 -1.167201125098e-01 7.02e-04 9.78e-07 1.02e-04 1.244
 14   -9.160993009471e-02 -1.112770017173e-01 4.19e-04 5.84e-07 1.01e-04 1.322
 15   -9.478652630377e-02 -1.055181765274e-01 2.05e-04 2.86e-07 6.09e-05 1.400
 16   -9.695465309122e-02 -1.018357921283e-01 7.97e-05 1.11e-07 1.92e-05 1.477
 17   -9.767270772763e-02 -1.003905043718e-01 3.10e-05 4.31e-08 1.79e-05 1.555
 18   -9.823477695862e-02 -9.951422158043e-02 1.27e-05 1.77e-08 9.79e-06 1.633
 19   -9.862090374112e-02 -9.893673495968e-02 2.26e-06 3.15e-09 1.68e-06 1.711
 20   -9.871549362817e-02 -9.880694149464e-02 6.25e-07 8.73e-10 5.01e-07 1.789
 21   -9.874841045481e-02 -9.876244030958e-02 8.87e-08 1.28e-10 6.64e-08 1.867
 22   -9.875365344819e-02 -9.875549997356e-02 1.17e-08 2.05e-11 7.72e-09 1.944
 23   -9.875434154026e-02 -9.875459104233e-02 1.58e-09 7.65e-12 9.11e-10 2.022
 24   -9.875443433796e-02 -9.875446864397e-02 2.17e-10 4.07e-10 1.07e-10 2.083
 25   -9.875444703458e-02 -9.875445190164e-02 3.07e-11 1.76e-08 1.25e-11 2.143
 26   -9.875444883523e-02 -9.875444952405e-02 4.35e-12 2.83e-07 1.50e-12 2.205
 27   -9.875444909443e-02 -9.875444918072e-02 5.45e-13 8.76e-07 1.75e-13 2.265
 28   -9.875444912772e-02 -9.875444913646e-02 5.56e-14 2.13e-06 1.79e-14 2.326
 29   -9.875444913102e-02 -9.875444913207e-02 6.66e-15 4.25e-06 2.48e-15 2.387
 30   -9.875444913131e-02 -9.875444913169e-02 2.44e-15 4.70e-06 5.70e-16 2.447
 31   -9.875444913144e-02 -9.875444913151e-02 4.44e-16 1.24e-06 1.35e-16 2.508
Numerical error in objective
Restoring previous solution


Suboptimal solution found in 32 iterations and 2.55 seconds
Objective -9.87543415e-02
Primal infeasibility (abs/rel): 3.15e-09/1.58e-09
Dual infeasibility   (abs/rel): 8.43e-12/7.65e-12
Complementarity gap  (abs/rel): 1.00e-09/9.11e-10


Barrier finished in 2.55 seconds
Dual variables for problems with quadratic constraints not returned.
