cuOpt version: 26.10.0, git hash: 648f805d, host arch: x86_64, device archs: 80-real
CPU: AMD EPYC 7642 48-Core Processor, threads: 5C/5T, RAM usage: 26.25/503.74GiB
CPU SIMD target: AVX2
CUDA 12.9, device: NVIDIA A100 80GB PCIe (ID 0), VRAM: 79.44 GiB
CUDA device UUID: 68df5cf5-71f9-6a93-b428-460c080ffb10
Problem has 1 quadratic constraints. Converting to second-order cones and solving with barrier.
Handling 50 free variables directly in augmented system
Presolved problem: 5103 constraints 10102 variables 265152 nonzeros
Skipping Ruiz equilibration (row norm ratio 1.4, column norm ratio 1.4 < 5e4, Q coeff ratio 1.0 < 100)
Barrier solver started at 0.030 seconds
Barrier solver: 5103 constraints, 10102 variables, 265152 nonzeros


Second-order cones          : 1
Free variables              : 50
Upper bounds                : 5000
Linear system               : augmented
cuDSS Version               : 0.7.1
cuDSS Threading layer       : libcudss_mtlayer_gomp.so.0
cuDSS solve mode            : deterministic
Reordering time             : 0.176s
Symbolic factorization time : 0.023s
Symbolic nonzeros in factor : 2.79e+05
Elapsed time for augmented  : 0.240 seconds
Elapsed time           : 0.240 seconds
Barrier setup complete at 0.240 seconds
Adaptive regularization enabled


                  Objective                         Infeasibility        Time
Iter   Primal              Dual                Primal   Dual    Compl.   Elapsed
  0   -3.704490508896e+02 -3.710981922775e+02 3.71e+03 1.91e+00 1.19e-02 0.240
  1   -3.743964451907e+01 -3.496632394434e+02 3.74e+02 7.84e-02 1.66e-02 0.336
  2   -3.890973928972e+00 -2.097851595510e+02 3.80e+01 4.70e-02 1.33e-02 0.414
  3   -4.433049697335e-01 -3.239282410850e+01 3.86e+00 5.32e-03 4.56e-03 0.492
  4   -9.294832202454e-02 -4.513915092445e+00 4.09e-01 5.69e-04 6.48e-04 0.569
  5   -5.630835848473e-02 -7.111924627917e-01 4.09e-02 5.69e-05 8.82e-05 0.647
  6   -5.679488068600e-02 -2.026132451338e-01 9.02e-03 1.26e-05 1.79e-05 0.725
  7   -6.896534382547e-02 -1.398855155911e-01 3.95e-03 5.50e-06 7.54e-06 0.802
  8   -7.265357671786e-02 -1.383514988233e-01 3.39e-03 4.72e-06 1.52e-05 0.880
  9   -7.517273073245e-02 -1.367391192110e-01 2.94e-03 4.09e-06 3.18e-05 0.957
 10   -8.010386079313e-02 -1.310540359579e-01 2.18e-03 3.03e-06 5.61e-05 1.035
 11   -8.097001617351e-02 -1.301731174424e-01 1.87e-03 2.60e-06 6.37e-05 1.113
 12   -8.583479040421e-02 -1.223458010618e-01 1.22e-03 1.70e-06 6.63e-05 1.190
 13   -8.644539667420e-02 -1.199893929549e-01 9.35e-04 1.30e-06 1.63e-04 1.285
 14   -9.130243641080e-02 -1.113034297323e-01 4.57e-04 6.36e-07 1.28e-04 1.362
 15   -9.468043130767e-02 -1.049506320144e-01 1.98e-04 2.76e-07 7.18e-05 1.439
 16   -9.695616888575e-02 -1.010573235303e-01 6.65e-05 9.26e-08 1.77e-05 1.517
 17   -9.770125156512e-02 -9.967403427651e-02 2.38e-05 3.31e-08 8.19e-06 1.595
 18   -9.815155418148e-02 -9.892811388178e-02 6.98e-06 9.72e-09 4.45e-06 1.673
 19   -9.841117922979e-02 -9.856125619281e-02 1.21e-06 1.68e-09 6.73e-07 1.751
 20   -9.846148401491e-02 -9.849171550354e-02 2.41e-07 3.38e-10 1.18e-07 1.828
 21   -9.847186894698e-02 -9.847734798270e-02 4.30e-08 6.33e-11 1.83e-08 1.906
 22   -9.847384300993e-02 -9.847463101136e-02 6.15e-09 9.89e-12 2.26e-09 1.984
 23   -9.847412716759e-02 -9.847424179781e-02 8.93e-10 1.89e-09 2.98e-10 2.044
 24   -9.847416888111e-02 -9.847418481004e-02 1.24e-10 8.90e-09 3.85e-11 2.105
 25   -9.847417481375e-02 -9.847417672236e-02 1.49e-11 2.70e-07 4.49e-12 2.147
 26   -9.847417553445e-02 -9.847417573438e-02 1.56e-12 8.60e-09 4.76e-13 2.208


Optimal solution found in 26 iterations and 2.208s
Objective -9.84741755e-02
Primal infeasibility (abs/rel): 3.11e-12/1.56e-12
Dual infeasibility   (abs/rel): 9.47e-09/8.60e-09
Complementarity gap  (abs/rel): 5.23e-13/4.76e-13


Barrier finished in 2.21 seconds
Dual variables for problems with quadratic constraints not returned.
