cuOpt version: 26.10.0, git hash: 648f805d, host arch: x86_64, device archs: 80-real
CPU: AMD EPYC 7642 48-Core Processor, threads: 5C/5T, RAM usage: 26.18/503.74GiB
CPU SIMD target: AVX2
CUDA 12.9, device: NVIDIA A100 80GB PCIe (ID 0), VRAM: 79.44 GiB
CUDA device UUID: 68df5cf5-71f9-6a93-b428-460c080ffb10
Problem has 1 quadratic constraints. Converting to second-order cones and solving with barrier.
Handling 50 free variables directly in augmented system
Presolved problem: 5103 constraints 10102 variables 265152 nonzeros
Skipping Ruiz equilibration (row norm ratio 1.4, column norm ratio 1.4 < 5e4, Q coeff ratio 1.0 < 100)
Barrier solver started at 0.030 seconds
Barrier solver: 5103 constraints, 10102 variables, 265152 nonzeros


Second-order cones          : 1
Free variables              : 50
Upper bounds                : 5000
Linear system               : augmented
cuDSS Version               : 0.7.1
cuDSS Threading layer       : libcudss_mtlayer_gomp.so.0
cuDSS solve mode            : deterministic
Reordering time             : 0.136s
Symbolic factorization time : 0.024s
Symbolic nonzeros in factor : 2.79e+05
Elapsed time for augmented  : 0.196 seconds
Elapsed time           : 0.196 seconds
Barrier setup complete at 0.196 seconds
Adaptive regularization enabled


                  Objective                         Infeasibility        Time
Iter   Primal              Dual                Primal   Dual    Compl.   Elapsed
  0   -3.704472534989e+02 -3.711214143411e+02 3.71e+03 1.91e+00 1.19e-02 0.197
  1   -3.743997012388e+01 -3.496865432515e+02 3.74e+02 7.84e-02 1.66e-02 0.275
  2   -3.891133575414e+00 -2.098064520476e+02 3.81e+01 4.70e-02 1.33e-02 0.353
  3   -4.433011125657e-01 -3.239671005289e+01 3.86e+00 5.32e-03 4.56e-03 0.430
  4   -9.293283504511e-02 -4.513403771044e+00 4.09e-01 5.69e-04 6.47e-04 0.508
  5   -5.630477207026e-02 -7.110955679130e-01 4.09e-02 5.69e-05 8.81e-05 0.586
  6   -5.679523469185e-02 -2.032837417768e-01 9.06e-03 1.26e-05 1.79e-05 0.663
  7   -6.871423018952e-02 -1.414511759324e-01 4.05e-03 5.63e-06 7.73e-06 0.741
  8   -7.377545222373e-02 -1.394731322716e-01 3.22e-03 4.49e-06 3.02e-05 0.819
  9   -7.665593433356e-02 -1.368589985335e-01 2.70e-03 3.76e-06 6.71e-05 0.896
 10   -8.148071133804e-02 -1.304719223813e-01 1.94e-03 2.70e-06 1.02e-04 0.974
 11   -8.291224884962e-02 -1.284861614907e-01 1.54e-03 2.14e-06 1.04e-04 1.051
 12   -8.626623514357e-02 -1.226828856702e-01 1.06e-03 1.47e-06 9.58e-05 1.129
 13   -8.645788377781e-02 -1.210464448343e-01 8.77e-04 1.22e-06 1.56e-04 1.224
 14   -9.101090321021e-02 -1.126476684987e-01 4.23e-04 5.89e-07 1.42e-04 1.302
 15   -9.490112537343e-02 -1.052769578909e-01 1.84e-04 2.56e-07 8.04e-05 1.379
 16   -9.715418457538e-02 -1.014324444512e-01 6.75e-05 9.39e-08 2.10e-05 1.457
 17   -9.773750112473e-02 -1.002762993411e-01 3.26e-05 4.54e-08 1.55e-05 1.534
 18   -9.832265622572e-02 -9.927598917529e-02 9.20e-06 1.28e-08 5.82e-06 1.612
 19   -9.862388914394e-02 -9.882773931836e-02 1.77e-06 2.46e-09 9.41e-07 1.689
 20   -9.869306800404e-02 -9.872847848810e-02 3.01e-07 4.21e-10 1.36e-07 1.766
 21   -9.870554353650e-02 -9.871075605187e-02 4.40e-08 6.55e-11 1.73e-08 1.844
 22   -9.870740788386e-02 -9.870811719970e-02 5.98e-09 9.71e-12 2.08e-09 1.921
 23   -9.870766497997e-02 -9.870775369609e-02 7.48e-10 5.63e-10 2.36e-10 1.982
 24   -9.870769695285e-02 -9.870770849458e-02 9.73e-11 1.35e-09 2.63e-11 2.043
 25   -9.870770101943e-02 -9.870770274641e-02 1.45e-11 9.77e-08 3.06e-12 2.103
 26   -9.870770160463e-02 -9.870770192005e-02 2.65e-12 4.04e-07 6.58e-13 2.164
 27   -9.870770170669e-02 -9.870770177528e-02 5.70e-13 8.68e-08 1.69e-13 2.242
 28   -9.870770172789e-02 -9.870770174528e-02 1.40e-13 2.13e-08 4.58e-14 2.320
 29   -9.870770173350e-02 -9.870770173743e-02 3.04e-14 4.65e-09 1.06e-14 2.398


Optimal solution found in 29 iterations and 2.398s
Objective -9.87077017e-02
Primal infeasibility (abs/rel): 6.08e-14/3.04e-14
Dual infeasibility   (abs/rel): 5.13e-09/4.65e-09
Complementarity gap  (abs/rel): 1.16e-14/1.06e-14


Barrier finished in 2.40 seconds
Dual variables for problems with quadratic constraints not returned.
