cuOpt version: 26.10.0, git hash: 648f805d, host arch: x86_64, device archs: 80-real
CPU: AMD EPYC 7642 48-Core Processor, threads: 5C/5T, RAM usage: 26.23/503.74GiB
CPU SIMD target: AVX2
CUDA 12.9, device: NVIDIA A100 80GB PCIe (ID 0), VRAM: 79.44 GiB
CUDA device UUID: 68df5cf5-71f9-6a93-b428-460c080ffb10
Problem has 1 quadratic constraints. Converting to second-order cones and solving with barrier.
Handling 50 free variables directly in augmented system
Presolved problem: 5103 constraints 10102 variables 265152 nonzeros
Skipping Ruiz equilibration (row norm ratio 1.4, column norm ratio 1.4 < 5e4, Q coeff ratio 1.0 < 100)
Barrier solver started at 0.030 seconds
Barrier solver: 5103 constraints, 10102 variables, 265152 nonzeros


Second-order cones          : 1
Free variables              : 50
Upper bounds                : 5000
Linear system               : augmented
cuDSS Version               : 0.7.1
cuDSS Threading layer       : libcudss_mtlayer_gomp.so.0
cuDSS solve mode            : deterministic
Reordering time             : 0.162s
Symbolic factorization time : 0.025s
Symbolic nonzeros in factor : 2.79e+05
Elapsed time for augmented  : 0.225 seconds
Elapsed time           : 0.225 seconds
Barrier setup complete at 0.225 seconds
Adaptive regularization enabled


                  Objective                         Infeasibility        Time
Iter   Primal              Dual                Primal   Dual    Compl.   Elapsed
  0   -3.703361174615e+02 -3.711052443117e+02 3.71e+03 1.91e+00 1.19e-02 0.225
  1   -3.742795198503e+01 -3.496702503258e+02 3.74e+02 7.84e-02 1.66e-02 0.303
  2   -3.889667988002e+00 -2.097901226828e+02 3.80e+01 4.70e-02 1.33e-02 0.381
  3   -4.431096061050e-01 -3.239116080152e+01 3.86e+00 5.32e-03 4.56e-03 0.459
  4   -9.288825948120e-02 -4.511806745449e+00 4.09e-01 5.68e-04 6.47e-04 0.536
  5   -5.628648493515e-02 -7.107976302091e-01 4.09e-02 5.69e-05 8.80e-05 0.614
  6   -5.677571247186e-02 -2.030855398165e-01 9.05e-03 1.26e-05 1.79e-05 0.692
  7   -6.872918274134e-02 -1.411026631459e-01 4.03e-03 5.61e-06 7.69e-06 0.770
  8   -7.250345322562e-02 -1.395584674555e-01 3.42e-03 4.77e-06 1.99e-05 0.848
  9   -7.554429114088e-02 -1.369873644190e-01 2.91e-03 4.05e-06 4.64e-05 0.925
 10   -7.906083710095e-02 -1.334444062229e-01 2.24e-03 3.12e-06 7.42e-05 1.003
 11   -8.340818423368e-02 -1.273470314213e-01 1.50e-03 2.08e-06 8.08e-05 1.080
 12   -8.386817753379e-02 -1.262597860797e-01 1.30e-03 1.81e-06 7.68e-05 1.158
 13   -8.679977977332e-02 -1.206801822756e-01 9.18e-04 1.28e-06 6.54e-05 1.235
 14   -8.889469179972e-02 -1.155764895028e-01 5.81e-04 8.09e-07 1.87e-04 1.329
 15   -9.465244634580e-02 -1.053442245688e-01 1.87e-04 2.60e-07 6.33e-05 1.407
 16   -9.673239996910e-02 -1.015794086478e-01 7.71e-05 1.07e-07 2.21e-05 1.485
 17   -9.766355505208e-02 -9.987672572669e-02 2.74e-05 3.81e-08 6.95e-06 1.563
 18   -9.818070803121e-02 -9.898247605532e-02 7.44e-06 1.04e-08 3.34e-06 1.645
 19   -9.842129442472e-02 -9.862909024110e-02 1.86e-06 2.59e-09 7.52e-07 1.723
 20   -9.848813965571e-02 -9.853092804114e-02 3.65e-07 5.10e-10 1.36e-07 1.801
 21   -9.850296891751e-02 -9.850961458069e-02 5.59e-08 8.15e-11 1.85e-08 1.879
 22   -9.850532162890e-02 -9.850625851062e-02 7.87e-09 8.99e-10 2.38e-09 1.940
 23   -9.850565668040e-02 -9.850578112166e-02 1.04e-09 4.84e-10 2.88e-10 2.000
 24   -9.850570147118e-02 -9.850571735814e-02 1.33e-10 1.54e-09 3.29e-11 2.062
 25   -9.850570725632e-02 -9.850570913585e-02 1.58e-11 1.99e-07 3.55e-12 2.106
 26   -9.850570794708e-02 -9.850570815041e-02 1.71e-12 7.26e-08 3.77e-13 2.166
 27   -9.850570802201e-02 -9.850570804373e-02 1.81e-13 3.80e-07 3.95e-14 2.226
 28   -9.850570803005e-02 -9.850570803236e-02 1.90e-14 6.81e-07 4.48e-15 2.286
 29   -9.850570803092e-02 -9.850570803116e-02 1.89e-15 3.05e-06 1.40e-15 2.346
Numerical error in objective
Restoring previous solution


Suboptimal solution found in 30 iterations and 2.39 seconds
Objective -9.85056567e-02
Primal infeasibility (abs/rel): 2.09e-09/1.04e-09
Dual infeasibility   (abs/rel): 5.34e-10/4.84e-10
Complementarity gap  (abs/rel): 3.16e-10/2.88e-10


Barrier finished in 2.39 seconds
Dual variables for problems with quadratic constraints not returned.
