cuOpt version: 26.10.0, git hash: 648f805d, host arch: x86_64, device archs: 80-real
CPU: AMD EPYC 7642 48-Core Processor, threads: 5C/5T, RAM usage: 35.31/503.74GiB
CPU SIMD target: AVX2
CUDA 12.9, device: NVIDIA A100 80GB PCIe (ID 0), VRAM: 79.44 GiB
CUDA device UUID: 68df5cf5-71f9-6a93-b428-460c080ffb10
Problem has 1 quadratic constraints. Converting to second-order cones and solving with barrier.
Handling 50 free variables directly in augmented system
Presolved problem: 5103 constraints 10102 variables 265152 nonzeros
Skipping Ruiz equilibration (row norm ratio 1.4, column norm ratio 1.4 < 5e4, Q coeff ratio 1.0 < 100)
Barrier solver started at 0.027 seconds
Barrier solver: 5103 constraints, 10102 variables, 265152 nonzeros


Second-order cones          : 1
Free variables              : 50
Upper bounds                : 5000
Linear system               : augmented
cuDSS Version               : 0.7.1
cuDSS Threading layer       : libcudss_mtlayer_gomp.so.0
Reordering time             : 0.053s
Symbolic factorization time : 0.023s
Symbolic nonzeros in factor : 2.79e+05
Elapsed time for augmented  : 0.110 seconds
Elapsed time           : 0.110 seconds
Barrier setup complete at 0.110 seconds
Adaptive regularization enabled


                  Objective                         Infeasibility        Time
Iter   Primal              Dual                Primal   Dual    Compl.   Elapsed
  0   -3.702779911923e+02 -3.710340990992e+02 3.71e+03 1.91e+00 1.19e-02 0.111
  1   -4.137413965078e+00 -3.474555508912e+02 4.01e+01 2.77e-01 6.49e-02 0.118
  2   -1.039627881816e-01 -2.487502701009e+01 4.69e-01 7.85e-03 4.78e-03 0.123
  3   -5.494259749550e-02 -6.426390295604e-01 4.69e-03 7.91e-05 1.48e-04 0.129
  4   -5.853147883895e-02 -1.362046779041e-01 6.19e-04 1.04e-05 1.73e-05 0.134
  5   -6.730421863223e-02 -1.383594196589e-01 4.88e-04 8.22e-06 3.14e-05 0.139
  6   -6.898407367574e-02 -1.386008917923e-01 4.45e-04 7.50e-06 4.26e-05 0.145
  7   -8.252091794312e-02 -1.224963597774e-01 2.25e-04 3.80e-06 7.32e-05 0.150
  8   -8.268114833373e-02 -1.222822697652e-01 2.09e-04 3.53e-06 6.77e-05 0.155
  9   -8.383691471875e-02 -1.216691216759e-01 1.75e-04 2.95e-06 1.72e-04 0.161
 10   -8.546472970660e-02 -1.197750613737e-01 1.12e-04 1.88e-06 1.69e-04 0.167
 11   -8.753101204179e-02 -1.152999351213e-01 6.41e-05 1.08e-06 3.89e-04 0.173
 12   -9.549973572044e-02 -1.030620287557e-01 1.25e-05 2.11e-07 8.56e-05 0.178
 13   -9.695192121228e-02 -1.005109374038e-01 4.45e-06 7.49e-08 4.28e-05 0.183
 14   -9.798380789126e-02 -9.895345355040e-02 9.93e-07 1.67e-08 9.27e-06 0.189
 15   -9.830540480406e-02 -9.849455965679e-02 9.78e-08 1.65e-09 6.11e-07 0.194
 16   -9.836747571959e-02 -9.841452109044e-02 1.82e-08 2.99e-10 1.90e-07 0.200
 17   -9.838644827258e-02 -9.839174275510e-02 1.77e-09 3.30e-11 1.98e-08 0.205
 18   -9.838859214172e-02 -9.838915600031e-02 1.79e-10 1.56e-11 2.96e-09 0.210
 19   -9.838883521832e-02 -9.838886711969e-02 1.01e-11 2.83e-11 1.57e-10 0.216
 20   -9.838884914877e-02 -9.838885071328e-02 4.76e-13 5.27e-08 4.99e-12 0.220
 21   -9.838884979245e-02 -9.838884994725e-02 3.43e-14 3.80e-09 6.16e-13 0.226


Optimal solution found in 21 iterations and 0.226s
Objective -9.83888498e-02
Primal infeasibility (abs/rel): 6.86e-14/3.43e-14
Dual infeasibility   (abs/rel): 4.19e-09/3.80e-09
Complementarity gap  (abs/rel): 6.76e-13/6.16e-13


Barrier finished in 0.23 seconds
Dual variables for problems with quadratic constraints not returned.
