cuOpt version: 26.10.0, git hash: 648f805d, host arch: x86_64, device archs: 80-real
CPU: AMD EPYC 7642 48-Core Processor, threads: 5C/5T, RAM usage: 35.20/503.74GiB
CPU SIMD target: AVX2
CUDA 12.9, device: NVIDIA A100 80GB PCIe (ID 0), VRAM: 79.44 GiB
CUDA device UUID: 68df5cf5-71f9-6a93-b428-460c080ffb10
Problem has 1 quadratic constraints. Converting to second-order cones and solving with barrier.
Handling 50 free variables directly in augmented system
Presolved problem: 5103 constraints 10102 variables 265152 nonzeros
Skipping Ruiz equilibration (row norm ratio 1.4, column norm ratio 1.4 < 5e4, Q coeff ratio 1.0 < 100)
Barrier solver started at 0.031 seconds
Barrier solver: 5103 constraints, 10102 variables, 265152 nonzeros


Second-order cones          : 1
Free variables              : 50
Upper bounds                : 5000
Linear system               : augmented
cuDSS Version               : 0.7.1
cuDSS Threading layer       : libcudss_mtlayer_gomp.so.0
Reordering time             : 0.052s
Symbolic factorization time : 0.023s
Symbolic nonzeros in factor : 2.79e+05
Elapsed time for augmented  : 0.113 seconds
Elapsed time           : 0.113 seconds
Barrier setup complete at 0.113 seconds
Adaptive regularization enabled


                  Objective                         Infeasibility        Time
Iter   Primal              Dual                Primal   Dual    Compl.   Elapsed
  0   -3.703336272695e+02 -3.710584120459e+02 3.71e+03 1.91e+00 1.19e-02 0.114
  1   -4.137832929498e+00 -3.474799232405e+02 4.01e+01 2.77e-01 6.49e-02 0.120
  2   -1.039807671202e-01 -2.487731337698e+01 4.69e-01 7.85e-03 4.78e-03 0.125
  3   -5.494981773509e-02 -6.427223953578e-01 4.69e-03 7.91e-05 1.48e-04 0.130
  4   -5.854536693144e-02 -1.356570860147e-01 6.15e-04 1.04e-05 1.72e-05 0.136
  5   -6.553128985594e-02 -1.375823483797e-01 5.16e-04 8.70e-06 1.98e-05 0.141
  6   -6.729993156546e-02 -1.381153593903e-01 4.75e-04 8.00e-06 3.03e-05 0.147
  7   -8.239177894736e-02 -1.235205323462e-01 2.32e-04 3.91e-06 7.67e-05 0.152
  8   -8.264021178268e-02 -1.231477047058e-01 2.10e-04 3.54e-06 8.23e-05 0.158
  9   -8.327699601715e-02 -1.231878312515e-01 1.90e-04 3.20e-06 1.78e-04 0.164
 10   -8.606536404049e-02 -1.198865904466e-01 1.12e-04 1.88e-06 1.19e-04 0.169
 11   -8.627233464933e-02 -1.182988057145e-01 9.01e-05 1.52e-06 2.79e-04 0.176
 12   -9.298421391821e-02 -1.075028619263e-01 3.71e-05 6.25e-07 9.18e-05 0.181
 13   -9.424773507792e-02 -1.053375365525e-01 2.32e-05 3.90e-07 1.09e-04 0.187
 14   -9.476825004554e-02 -1.043050374925e-01 1.80e-05 3.03e-07 1.15e-04 0.194
 15   -9.670474378044e-02 -1.013497126455e-01 7.93e-06 1.34e-07 5.22e-05 0.199
 16   -9.696546313899e-02 -1.007448798012e-01 5.30e-06 8.94e-08 5.32e-05 0.205
 17   -9.782739730298e-02 -9.947054812256e-02 1.98e-06 3.34e-08 2.14e-05 0.210
 18   -9.801222066482e-02 -9.914256727966e-02 1.08e-06 1.82e-08 1.70e-05 0.217
 19   -9.831876711748e-02 -9.872117864466e-02 3.27e-07 5.51e-09 5.73e-06 0.222
 20   -9.841217139508e-02 -9.858612399007e-02 1.07e-07 1.77e-09 2.72e-06 0.228
 21   -9.846617430290e-02 -9.851733966875e-02 2.82e-08 4.71e-10 7.70e-07 0.233
 22   -9.848403168697e-02 -9.849371879327e-02 3.30e-09 6.64e-11 1.19e-07 0.238
 23   -9.848767676456e-02 -9.848938515799e-02 5.65e-10 1.50e-11 2.12e-08 0.244
 24   -9.848836214044e-02 -9.848854081536e-02 4.33e-11 7.32e-11 1.65e-09 0.249
 25   -9.848843362397e-02 -9.848845685060e-02 5.63e-12 6.91e-11 2.17e-10 0.255
 26   -9.848844263741e-02 -9.848844630057e-02 8.85e-13 1.89e-10 3.51e-11 0.260


Optimal solution found in 26 iterations and 0.260s
Objective -9.84884426e-02
Primal infeasibility (abs/rel): 1.77e-12/8.85e-13
Dual infeasibility   (abs/rel): 2.08e-10/1.89e-10
Complementarity gap  (abs/rel): 3.86e-11/3.51e-11


Barrier finished in 0.26 seconds
Dual variables for problems with quadratic constraints not returned.
