cuOpt version: 26.10.0, git hash: 648f805d, host arch: x86_64, device archs: 80-real
CPU: AMD EPYC 7642 48-Core Processor, threads: 5C/5T, RAM usage: 35.17/503.74GiB
CPU SIMD target: AVX2
CUDA 12.9, device: NVIDIA A100 80GB PCIe (ID 0), VRAM: 79.44 GiB
CUDA device UUID: 68df5cf5-71f9-6a93-b428-460c080ffb10
Problem has 1 quadratic constraints. Converting to second-order cones and solving with barrier.
Handling 50 free variables directly in augmented system
Presolved problem: 5103 constraints 10102 variables 265152 nonzeros
Skipping Ruiz equilibration (row norm ratio 1.4, column norm ratio 1.4 < 5e4, Q coeff ratio 1.0 < 100)
Barrier solver started at 0.026 seconds
Barrier solver: 5103 constraints, 10102 variables, 265152 nonzeros


Second-order cones          : 1
Free variables              : 50
Upper bounds                : 5000
Linear system               : augmented
cuDSS Version               : 0.7.1
cuDSS Threading layer       : libcudss_mtlayer_gomp.so.0
Reordering time             : 0.054s
Symbolic factorization time : 0.023s
Symbolic nonzeros in factor : 2.79e+05
Elapsed time for augmented  : 0.111 seconds
Elapsed time           : 0.111 seconds
Barrier setup complete at 0.111 seconds
Adaptive regularization enabled


                  Objective                         Infeasibility        Time
Iter   Primal              Dual                Primal   Dual    Compl.   Elapsed
  0   -3.703993037120e+02 -3.711301956175e+02 3.71e+03 1.91e+00 1.19e-02 0.112
  1   -4.138312030853e+00 -3.475517914180e+02 4.01e+01 2.77e-01 6.50e-02 0.118
  2   -1.039811693987e-01 -2.488651204312e+01 4.69e-01 7.85e-03 4.78e-03 0.123
  3   -5.494896682390e-02 -6.429279376780e-01 4.69e-03 7.91e-05 1.48e-04 0.128
  4   -5.853996082509e-02 -1.361843848773e-01 6.19e-04 1.04e-05 1.73e-05 0.134
  5   -6.635118168694e-02 -1.384036199149e-01 5.08e-04 8.56e-06 2.50e-05 0.139
  6   -6.755105174656e-02 -1.387681124096e-01 4.78e-04 8.06e-06 3.38e-05 0.145
  7   -7.881700633439e-02 -1.279578295485e-01 2.93e-04 4.94e-06 7.37e-05 0.150
  8   -7.897143533801e-02 -1.278428032025e-01 2.78e-04 4.68e-06 9.91e-05 0.156
  9   -8.213079837873e-02 -1.254377161394e-01 1.99e-04 3.35e-06 2.83e-04 0.161
 10   -8.362960681816e-02 -1.222989782155e-01 1.43e-04 2.42e-06 4.82e-04 0.167
 11   -9.211723247236e-02 -1.094454131759e-01 5.97e-05 1.01e-06 1.57e-04 0.173
 12   -9.256768489646e-02 -1.080701260897e-01 4.52e-05 7.61e-07 1.88e-04 0.179
 13   -9.635546540641e-02 -1.021846248716e-01 1.50e-05 2.53e-07 7.13e-05 0.184
 14   -9.657156093075e-02 -1.015267928193e-01 1.04e-05 1.76e-07 7.65e-05 0.191
 15   -9.764142508081e-02 -1.000368197029e-01 4.57e-06 7.70e-08 3.26e-05 0.196
 16   -9.788322877719e-02 -9.958710579153e-02 2.59e-06 4.37e-08 2.84e-05 0.202
 17   -9.832454667634e-02 -9.897984588298e-02 8.61e-07 1.45e-08 1.05e-05 0.208
 18   -9.844488221107e-02 -9.879427824089e-02 3.43e-07 5.75e-09 6.00e-06 0.213
 19   -9.855275388269e-02 -9.865625210661e-02 9.00e-08 1.51e-09 1.75e-06 0.219
 20   -9.858603590218e-02 -9.861159230023e-02 1.55e-08 2.43e-10 4.13e-07 0.224
 21   -9.859514433361e-02 -9.860060397776e-02 3.17e-09 5.33e-11 8.87e-08 0.229
 22   -9.859720517274e-02 -9.859800041195e-02 3.46e-10 1.63e-11 1.07e-08 0.235
 23   -9.859754918584e-02 -9.859758616534e-02 1.61e-11 3.08e-11 4.83e-10 0.240
 24   -9.859756411459e-02 -9.859756831160e-02 1.79e-12 1.14e-08 5.30e-11 0.245
 25   -9.859756587363e-02 -9.859756623608e-02 1.46e-13 1.34e-07 4.80e-12 0.249
 26   -9.859756602583e-02 -9.859756605941e-02 1.34e-14 1.23e-08 4.44e-13 0.255
 27   -9.859756604067e-02 -9.859756604208e-02 5.55e-16 5.15e-10 1.80e-14 0.260


Optimal solution found in 27 iterations and 0.260s
Objective -9.85975660e-02
Primal infeasibility (abs/rel): 1.11e-15/5.55e-16
Dual infeasibility   (abs/rel): 5.68e-10/5.15e-10
Complementarity gap  (abs/rel): 1.98e-14/1.80e-14


Barrier finished in 0.26 seconds
Dual variables for problems with quadratic constraints not returned.
