cuOpt version: 26.10.0, git hash: 648f805d, host arch: x86_64, device archs: 80-real
CPU: AMD EPYC 7642 48-Core Processor, threads: 5C/5T, RAM usage: 26.53/503.74GiB
CPU SIMD target: AVX2
CUDA 12.9, device: NVIDIA A100 80GB PCIe (ID 0), VRAM: 79.44 GiB
CUDA device UUID: 68df5cf5-71f9-6a93-b428-460c080ffb10
Problem has 1 quadratic constraints. Converting to second-order cones and solving with barrier.
Handling 50 free variables directly in augmented system
Presolved problem: 5103 constraints 10102 variables 265152 nonzeros
Skipping Ruiz equilibration (row norm ratio 1.4, column norm ratio 1.4 < 5e4, Q coeff ratio 1.0 < 100)
Barrier solver started at 0.031 seconds
Barrier solver: 5103 constraints, 10102 variables, 265152 nonzeros


Second-order cones          : 1
Free variables              : 50
Upper bounds                : 5000
Linear system               : augmented
cuDSS Version               : 0.7.1
cuDSS Threading layer       : libcudss_mtlayer_gomp.so.0
cuDSS solve mode            : deterministic
Reordering time             : 0.067s
Symbolic factorization time : 0.024s
Symbolic nonzeros in factor : 2.79e+05
Elapsed time for augmented  : 0.129 seconds
Elapsed time           : 0.129 seconds
Barrier setup complete at 0.129 seconds
Adaptive regularization enabled


                  Objective                         Infeasibility        Time
Iter   Primal              Dual                Primal   Dual    Compl.   Elapsed
  0   -4.988372230238e-02 -6.261712008651e+04 5.00e+00 6.54e+02 7.21e+03 0.396
  1   -4.990599025602e-02 -1.142615682906e+04 8.90e-01 1.13e+02 1.44e+03 0.491
  2   -4.986573122673e-02 -1.907069826314e+03 8.91e-02 8.22e+00 2.69e+02 0.585
  3   -4.987324511986e-02 -2.193329424930e+02 9.57e-03 7.84e-01 3.54e+01 0.697
  4   -4.992237929809e-02 -2.431658481839e+01 1.05e-03 4.03e-01 3.84e+00 0.808
  5   -5.033596014586e-02 -3.249522279968e+00 1.38e-04 5.91e-02 5.04e-01 0.920
  6   -5.315654724602e-02 -7.257364968930e-01 2.89e-05 1.25e-02 1.06e-01 1.032
  7   -6.573630086490e-02 -2.620060026342e-01 6.80e-06 2.95e-03 2.45e-02 1.143
  8   -7.854128000337e-02 -1.817959467376e-01 1.19e-06 5.18e-04 4.21e-03 1.255
  9   -8.893995511367e-02 -1.222078049163e-01 3.68e-07 1.60e-04 1.32e-03 1.332
 10   -9.523678008444e-02 -1.050762597673e-01 7.24e-08 3.14e-05 2.03e-04 1.410
 11   -9.700857277871e-02 -1.013523604781e-01 2.94e-08 1.27e-05 8.09e-05 1.487
 12   -9.799302363109e-02 -9.937049694646e-02 7.00e-09 3.03e-06 1.45e-05 1.565
 13   -9.830594800435e-02 -9.884164883682e-02 2.63e-09 1.14e-06 6.04e-06 1.643
 14   -9.845688149609e-02 -9.858972644349e-02 6.11e-10 2.65e-07 1.24e-06 1.720
 15   -9.849887931692e-02 -9.852233987369e-02 1.05e-10 4.57e-08 1.72e-07 1.798
 16   -9.850656953450e-02 -9.851027167280e-02 1.65e-11 7.17e-09 2.35e-08 1.875
 17   -9.850779783661e-02 -9.850836145834e-02 2.51e-12 1.09e-09 3.02e-09 1.953
 18   -9.850798626478e-02 -9.850806968463e-02 3.71e-13 9.02e-11 3.69e-10 2.030
 19   -9.850801401868e-02 -9.850802683971e-02 4.25e-13 6.94e-09 4.52e-11 2.091
 20   -9.850801816552e-02 -9.850802043611e-02 2.35e-13 1.06e-08 6.11e-12 2.151
 21   -9.850801888578e-02 -9.850801931932e-02 4.50e-14 2.23e-09 1.24e-12 2.228


Optimal solution found in 21 iterations and 2.228s
Objective -9.85080189e-02
Primal infeasibility (abs/rel): 8.99e-14/4.50e-14
Dual infeasibility   (abs/rel): 2.46e-09/2.23e-09
Complementarity gap  (abs/rel): 1.36e-12/1.24e-12


Barrier finished in 2.23 seconds
Dual variables for problems with quadratic constraints not returned.
