cuOpt version: 26.10.0, git hash: 648f805d, host arch: x86_64, device archs: 80-real
CPU: AMD EPYC 7642 48-Core Processor, threads: 5C/5T, RAM usage: 26.55/503.74GiB
CPU SIMD target: AVX2
CUDA 12.9, device: NVIDIA A100 80GB PCIe (ID 0), VRAM: 79.44 GiB
CUDA device UUID: 68df5cf5-71f9-6a93-b428-460c080ffb10
Problem has 1 quadratic constraints. Converting to second-order cones and solving with barrier.
Handling 50 free variables directly in augmented system
Presolved problem: 5103 constraints 10102 variables 265152 nonzeros
Skipping Ruiz equilibration (row norm ratio 1.4, column norm ratio 1.4 < 5e4, Q coeff ratio 1.0 < 100)
Barrier solver started at 0.031 seconds
Barrier solver: 5103 constraints, 10102 variables, 265152 nonzeros


Second-order cones          : 1
Free variables              : 50
Upper bounds                : 5000
Linear system               : augmented
cuDSS Version               : 0.7.1
cuDSS Threading layer       : libcudss_mtlayer_gomp.so.0
cuDSS solve mode            : deterministic
Reordering time             : 0.058s
Symbolic factorization time : 0.024s
Symbolic nonzeros in factor : 2.79e+05
Elapsed time for augmented  : 0.119 seconds
Elapsed time           : 0.119 seconds
Barrier setup complete at 0.119 seconds
Adaptive regularization enabled


                  Objective                         Infeasibility        Time
Iter   Primal              Dual                Primal   Dual    Compl.   Elapsed
  0   -4.988373164670e-02 -6.261712008651e+04 5.00e+00 6.54e+02 7.21e+03 0.386
  1   -4.990599604744e-02 -1.142615745447e+04 8.90e-01 1.13e+02 1.44e+03 0.481
  2   -4.986573335641e-02 -1.907071075252e+03 8.91e-02 8.22e+00 2.69e+02 0.575
  3   -4.987324882743e-02 -2.193333346221e+02 9.57e-03 7.84e-01 3.54e+01 0.687
  4   -4.992238296327e-02 -2.431663096817e+01 1.05e-03 4.03e-01 3.84e+00 0.798
  5   -5.033595766293e-02 -3.249622645073e+00 1.38e-04 5.91e-02 5.04e-01 0.910
  6   -5.315642438013e-02 -7.257704486430e-01 2.89e-05 1.25e-02 1.06e-01 1.021
  7   -6.573686240963e-02 -2.619625508114e-01 6.80e-06 2.95e-03 2.45e-02 1.133
  8   -7.854433515128e-02 -1.817776987716e-01 1.19e-06 5.18e-04 4.21e-03 1.245
  9   -8.894236657066e-02 -1.222021908846e-01 3.68e-07 1.60e-04 1.32e-03 1.323
 10   -9.523782989825e-02 -1.050745027183e-01 7.24e-08 3.14e-05 2.03e-04 1.401
 11   -9.700912680287e-02 -1.013513770502e-01 2.94e-08 1.27e-05 8.09e-05 1.478
 12   -9.799328516939e-02 -9.937009181403e-02 6.99e-09 3.03e-06 1.45e-05 1.556
 13   -9.830609069096e-02 -9.884142326971e-02 2.63e-09 1.14e-06 6.04e-06 1.633
 14   -9.845692719479e-02 -9.858966008421e-02 6.10e-10 2.65e-07 1.24e-06 1.711
 15   -9.849888849743e-02 -9.852232667083e-02 1.05e-10 4.57e-08 1.72e-07 1.789
 16   -9.850657104542e-02 -9.851026951620e-02 1.65e-11 7.17e-09 2.35e-08 1.866
 17   -9.850779806529e-02 -9.850836113343e-02 2.51e-12 1.09e-09 3.02e-09 1.944
 18   -9.850798629915e-02 -9.850806963587e-02 3.71e-13 8.99e-11 3.68e-10 2.021
 19   -9.850801402360e-02 -9.850802683278e-02 4.25e-13 8.18e-09 4.52e-11 2.082
 20   -9.850801816639e-02 -9.850802043487e-02 2.35e-13 4.44e-08 6.10e-12 2.142
 21   -9.850801889517e-02 -9.850801931898e-02 4.26e-13 1.92e-07 1.24e-12 2.185
 22   -9.850801902118e-02 -9.850801911321e-02 9.14e-14 4.11e-08 3.19e-13 2.263
 23   -9.850801904749e-02 -9.850801907048e-02 2.22e-14 9.94e-09 8.61e-14 2.340


Optimal solution found in 23 iterations and 2.340s
Objective -9.85080190e-02
Primal infeasibility (abs/rel): 4.44e-14/2.22e-14
Dual infeasibility   (abs/rel): 1.09e-08/9.94e-09
Complementarity gap  (abs/rel): 9.45e-14/8.61e-14


Barrier finished in 2.34 seconds
Dual variables for problems with quadratic constraints not returned.
