cuOpt version: 26.10.0, git hash: 648f805d, host arch: x86_64, device archs: 80-real
CPU: AMD EPYC 7642 48-Core Processor, threads: 5C/5T, RAM usage: 26.90/503.74GiB
CPU SIMD target: AVX2
CUDA 12.9, device: NVIDIA A100 80GB PCIe (ID 0), VRAM: 79.44 GiB
CUDA device UUID: 68df5cf5-71f9-6a93-b428-460c080ffb10
Problem has 1 quadratic constraints. Converting to second-order cones and solving with barrier.
Handling 50 free variables directly in augmented system
Presolved problem: 5103 constraints 10102 variables 265152 nonzeros
Skipping Ruiz equilibration (row norm ratio 1.4, column norm ratio 1.4 < 5e4, Q coeff ratio 1.0 < 100)
Barrier solver started at 0.029 seconds
Barrier solver: 5103 constraints, 10102 variables, 265152 nonzeros


Second-order cones          : 1
Free variables              : 50
Upper bounds                : 5000
Linear system               : augmented
cuDSS Version               : 0.7.1
cuDSS Threading layer       : libcudss_mtlayer_gomp.so.0
cuDSS solve mode            : deterministic
Reordering time             : 0.116s
Symbolic factorization time : 0.024s
Symbolic nonzeros in factor : 2.79e+05
Elapsed time for augmented  : 0.176 seconds
Elapsed time           : 0.176 seconds
Barrier setup complete at 0.176 seconds
Adaptive regularization enabled


                  Objective                         Infeasibility        Time
Iter   Primal              Dual                Primal   Dual    Compl.   Elapsed
  0   -4.988367630837e-02 -6.261712008651e+04 5.00e+00 6.54e+02 7.21e+03 0.443
  1   -4.990594718006e-02 -1.142616030156e+04 8.90e-01 1.13e+02 1.44e+03 0.538
  2   -4.986592392991e-02 -1.907073813199e+03 8.91e-02 8.22e+00 2.69e+02 0.632
  3   -4.987343715956e-02 -2.193330311429e+02 9.57e-03 7.84e-01 3.54e+01 0.744
  4   -4.992256934218e-02 -2.431622138161e+01 1.05e-03 4.03e-01 3.84e+00 0.855
  5   -5.033614721319e-02 -3.249538785280e+00 1.38e-04 5.91e-02 5.04e-01 0.967
  6   -5.315665985718e-02 -7.257612981592e-01 2.89e-05 1.25e-02 1.06e-01 1.078
  7   -6.573828288157e-02 -2.619205648614e-01 6.80e-06 2.94e-03 2.45e-02 1.190
  8   -7.854718038967e-02 -1.817595199513e-01 1.19e-06 5.18e-04 4.21e-03 1.302
  9   -8.894466279973e-02 -1.221972450060e-01 3.68e-07 1.59e-04 1.32e-03 1.380
 10   -9.523869114569e-02 -1.050733086126e-01 7.24e-08 3.14e-05 2.03e-04 1.458
 11   -9.700935837402e-02 -1.013508463160e-01 2.94e-08 1.27e-05 8.09e-05 1.547
 12   -9.799344207245e-02 -9.936979033475e-02 6.99e-09 3.03e-06 1.45e-05 1.625
 13   -9.830615853451e-02 -9.884129762365e-02 2.63e-09 1.14e-06 6.03e-06 1.702
 14   -9.845694300059e-02 -9.858963412679e-02 6.10e-10 2.65e-07 1.24e-06 1.780
 15   -9.849889166788e-02 -9.852232144445e-02 1.05e-10 4.57e-08 1.72e-07 1.859
 16   -9.850657147040e-02 -9.851026882019e-02 1.65e-11 7.16e-09 2.34e-08 1.937
 17   -9.850779812265e-02 -9.850836103967e-02 2.51e-12 1.09e-09 3.01e-09 2.015
 18   -9.850798630817e-02 -9.850806962128e-02 3.71e-13 1.06e-10 3.68e-10 2.092
 19   -9.850801402446e-02 -9.850802683136e-02 4.25e-13 7.86e-09 4.51e-11 2.152
 20   -9.850801816647e-02 -9.850802043474e-02 2.35e-13 5.31e-08 6.10e-12 2.213
 21   -9.850801888581e-02 -9.850801931929e-02 4.50e-14 1.03e-08 1.24e-12 2.290
 22   -9.850801901974e-02 -9.850801911327e-02 3.33e-14 1.09e-07 3.19e-13 2.350
 23   -9.850801904716e-02 -9.850801907048e-02 8.10e-15 2.64e-08 8.61e-14 2.428
 24   -9.850801905401e-02 -9.850801905990e-02 2.00e-15 6.36e-09 2.21e-14 2.506


Optimal solution found in 24 iterations and 2.506s
Objective -9.85080191e-02
Primal infeasibility (abs/rel): 4.00e-15/2.00e-15
Dual infeasibility   (abs/rel): 7.01e-09/6.36e-09
Complementarity gap  (abs/rel): 2.43e-14/2.21e-14


Barrier finished in 2.51 seconds
Dual variables for problems with quadratic constraints not returned.
