cuOpt version: 26.10.0, git hash: 648f805d, host arch: x86_64, device archs: 80-real
CPU: AMD EPYC 7642 48-Core Processor, threads: 5C/5T, RAM usage: 36.41/503.74GiB
CPU SIMD target: AVX2
CUDA 12.9, device: NVIDIA A100 80GB PCIe (ID 0), VRAM: 79.44 GiB
CUDA device UUID: 68df5cf5-71f9-6a93-b428-460c080ffb10
Problem has 1 quadratic constraints. Converting to second-order cones and solving with barrier.
Handling 50 free variables directly in augmented system
Presolved problem: 5103 constraints 10102 variables 265152 nonzeros
Skipping Ruiz equilibration (row norm ratio 1.4, column norm ratio 1.4 < 5e4, Q coeff ratio 1.0 < 100)
Barrier solver started at 0.024 seconds
Barrier solver: 5103 constraints, 10102 variables, 265152 nonzeros


Second-order cones          : 1
Free variables              : 50
Upper bounds                : 5000
Linear system               : augmented
cuDSS Version               : 0.7.1
cuDSS Threading layer       : libcudss_mtlayer_gomp.so.0
cuDSS solve mode            : deterministic
Reordering time             : 0.059s
Symbolic factorization time : 0.024s
Symbolic nonzeros in factor : 2.79e+05
Elapsed time for augmented  : 0.113 seconds
Elapsed time           : 0.113 seconds
Barrier setup complete at 0.113 seconds
Adaptive regularization enabled


                  Objective                         Infeasibility        Time
Iter   Primal              Dual                Primal   Dual    Compl.   Elapsed
  0   -4.988373814608e-02 -2.507067875879e+03 5.00e+00 9.29e+00 1.02e+02 0.396
  1   -5.003841047061e-02 -2.710453588931e+02 5.31e-01 6.51e-01 1.37e+01 0.474
  2   -5.138687698413e-02 -4.511992695026e+01 8.53e-02 1.11e+00 2.68e+00 0.551
  3   -5.777805597826e-02 -5.254406700631e+00 8.53e-03 2.92e-01 2.73e-01 0.629
  4   -6.190610053705e-02 -1.243910665558e+00 1.93e-03 6.84e-02 6.14e-02 0.706
  5   -7.283391524884e-02 -2.847122862007e-01 1.94e-04 6.99e-03 6.61e-03 0.784
  6   -8.308312098545e-02 -1.597232618815e-01 6.57e-05 2.37e-03 2.23e-03 0.861
  7   -8.975200700918e-02 -1.222719050281e-01 1.43e-05 5.17e-04 3.93e-04 0.938
  8   -9.483554836671e-02 -1.079566133184e-01 5.20e-06 1.88e-04 9.40e-05 1.016
  9   -9.660378357207e-02 -1.029176982258e-01 2.24e-06 8.08e-05 4.23e-05 1.094
 10   -9.758458539376e-02 -1.003565322923e-01 7.27e-07 2.63e-05 1.06e-05 1.171
 11   -9.805503459194e-02 -9.932547775907e-02 2.79e-07 1.01e-05 6.44e-06 1.249
 12   -9.835857847906e-02 -9.873528247632e-02 5.35e-08 1.93e-06 1.21e-06 1.327
 13   -9.847502875841e-02 -9.855672650591e-02 1.08e-08 3.88e-07 2.12e-07 1.405
 14   -9.850219024768e-02 -9.851653018022e-02 1.84e-09 6.63e-08 3.11e-08 1.483
 15   -9.850708182927e-02 -9.850938272895e-02 2.92e-10 1.06e-08 4.11e-09 1.560
 16   -9.850786940492e-02 -9.850823631364e-02 4.64e-11 1.69e-09 5.24e-10 1.638
 17   -9.850799580996e-02 -9.850805275115e-02 7.18e-12 6.96e-10 7.00e-11 1.716
 18   -9.850801512960e-02 -9.850802474515e-02 1.38e-12 7.71e-08 1.18e-11 1.776
 19   -9.850801832898e-02 -9.850802010986e-02 3.23e-13 4.94e-07 2.17e-12 1.836
 20   -9.850801891018e-02 -9.850801926724e-02 6.42e-14 9.77e-08 4.30e-13 1.914
 21   -9.850801902215e-02 -9.850801910538e-02 1.47e-14 2.23e-08 9.83e-14 1.992
 22   -9.850801904792e-02 -9.850801906830e-02 3.50e-15 5.23e-09 2.33e-14 2.069


Optimal solution found in 22 iterations and 2.069s
Objective -9.85080190e-02
Primal infeasibility (abs/rel): 6.99e-15/3.50e-15
Dual infeasibility   (abs/rel): 5.76e-09/5.23e-09
Complementarity gap  (abs/rel): 2.56e-14/2.33e-14


Barrier finished in 2.07 seconds
Dual variables for problems with quadratic constraints not returned.
