cuOpt version: 26.10.0, git hash: 648f805d, host arch: x86_64, device archs: 80-real
CPU: AMD EPYC 7642 48-Core Processor, threads: 5C/5T, RAM usage: 30.30/503.74GiB
CPU SIMD target: AVX2
CUDA 12.9, device: NVIDIA A100 80GB PCIe (ID 0), VRAM: 79.44 GiB
CUDA device UUID: 68df5cf5-71f9-6a93-b428-460c080ffb10
Problem has 1 quadratic constraints. Converting to second-order cones and solving with barrier.
Handling 50 free variables directly in augmented system
Presolved problem: 5103 constraints 10102 variables 265152 nonzeros
Skipping Ruiz equilibration (row norm ratio 1.4, column norm ratio 1.4 < 5e4, Q coeff ratio 1.0 < 100)
Barrier solver started at 0.028 seconds
Barrier solver: 5103 constraints, 10102 variables, 265152 nonzeros


Second-order cones          : 1
Free variables              : 50
Upper bounds                : 5000
Linear system               : augmented
cuDSS Version               : 0.7.1
cuDSS Threading layer       : libcudss_mtlayer_gomp.so.0
cuDSS solve mode            : deterministic
Reordering time             : 0.054s
Symbolic factorization time : 0.023s
Symbolic nonzeros in factor : 2.79e+05
Elapsed time for augmented  : 0.112 seconds
Elapsed time           : 0.112 seconds
Barrier setup complete at 0.112 seconds
Adaptive regularization enabled


                  Objective                         Infeasibility        Time
Iter   Primal              Dual                Primal   Dual    Compl.   Elapsed
  0   -4.988373861798e-02 -2.507067875879e+03 5.00e+00 9.29e+00 1.02e+02 0.396
  1   -5.003841085881e-02 -2.710453871792e+02 5.31e-01 6.51e-01 1.37e+01 0.473
  2   -5.138687600399e-02 -4.511998316418e+01 8.53e-02 1.11e+00 2.68e+00 0.551
  3   -5.777809864715e-02 -5.254400769505e+00 8.53e-03 2.92e-01 2.73e-01 0.629
  4   -6.190620714815e-02 -1.243918986516e+00 1.93e-03 6.84e-02 6.14e-02 0.707
  5   -7.283385376175e-02 -2.847151393725e-01 1.94e-04 6.99e-03 6.61e-03 0.784
  6   -8.308304258912e-02 -1.597237437223e-01 6.57e-05 2.37e-03 2.23e-03 0.862
  7   -8.975206390527e-02 -1.222717793773e-01 1.43e-05 5.17e-04 3.93e-04 0.939
  8   -9.483556323044e-02 -1.079565655180e-01 5.20e-06 1.88e-04 9.40e-05 1.017
  9   -9.660378949261e-02 -1.029176815638e-01 2.24e-06 8.08e-05 4.23e-05 1.095
 10   -9.758458677833e-02 -1.003565301362e-01 7.27e-07 2.63e-05 1.06e-05 1.173
 11   -9.805503452823e-02 -9.932547737867e-02 2.79e-07 1.01e-05 6.44e-06 1.250
 12   -9.835857832835e-02 -9.873528280001e-02 5.35e-08 1.93e-06 1.21e-06 1.328
 13   -9.847502870903e-02 -9.855672659597e-02 1.08e-08 3.88e-07 2.12e-07 1.406
 14   -9.850219024556e-02 -9.851653018640e-02 1.84e-09 6.63e-08 3.11e-08 1.483
 15   -9.850708182999e-02 -9.850938272841e-02 2.92e-10 1.06e-08 4.11e-09 1.561
 16   -9.850786940497e-02 -9.850823631366e-02 4.64e-11 1.70e-09 5.24e-10 1.639
 17   -9.850799580996e-02 -9.850805275116e-02 7.18e-12 6.90e-10 7.00e-11 1.716
 18   -9.850801512952e-02 -9.850802474528e-02 1.38e-12 3.66e-08 1.18e-11 1.776
 19   -9.850801832902e-02 -9.850802010981e-02 3.23e-13 3.01e-07 2.17e-12 1.837
 20   -9.850801891005e-02 -9.850801926743e-02 6.42e-14 5.96e-08 4.31e-13 1.914
 21   -9.850801902199e-02 -9.850801910560e-02 1.48e-14 1.36e-08 9.88e-14 1.992
 22   -9.850801904705e-02 -9.850801906955e-02 3.83e-15 3.52e-09 2.56e-14 2.070


Optimal solution found in 22 iterations and 2.070s
Objective -9.85080190e-02
Primal infeasibility (abs/rel): 7.66e-15/3.83e-15
Dual infeasibility   (abs/rel): 3.88e-09/3.52e-09
Complementarity gap  (abs/rel): 2.81e-14/2.56e-14


Barrier finished in 2.07 seconds
Dual variables for problems with quadratic constraints not returned.
