cuOpt version: 26.10.0, git hash: 648f805d, host arch: x86_64, device archs: 80-real
CPU: AMD EPYC 7642 48-Core Processor, threads: 5C/5T, RAM usage: 29.88/503.74GiB
CPU SIMD target: AVX2
CUDA 12.9, device: NVIDIA A100 80GB PCIe (ID 0), VRAM: 79.44 GiB
CUDA device UUID: 68df5cf5-71f9-6a93-b428-460c080ffb10
Problem has 1 quadratic constraints. Converting to second-order cones and solving with barrier.
Handling 50 free variables directly in augmented system
Presolved problem: 5103 constraints 10102 variables 265152 nonzeros
Skipping Ruiz equilibration (row norm ratio 1.4, column norm ratio 1.4 < 5e4, Q coeff ratio 1.0 < 100)
Barrier solver started at 0.028 seconds
Barrier solver: 5103 constraints, 10102 variables, 265152 nonzeros


Second-order cones          : 1
Free variables              : 50
Upper bounds                : 5000
Linear system               : augmented
cuDSS Version               : 0.7.1
cuDSS Threading layer       : libcudss_mtlayer_gomp.so.0
cuDSS solve mode            : deterministic
Reordering time             : 0.135s
Symbolic factorization time : 0.023s
Symbolic nonzeros in factor : 2.79e+05
Elapsed time for augmented  : 0.193 seconds
Elapsed time           : 0.193 seconds
Barrier setup complete at 0.193 seconds
Adaptive regularization enabled


                  Objective                         Infeasibility        Time
Iter   Primal              Dual                Primal   Dual    Compl.   Elapsed
  0   -4.988369367471e-02 -2.507067875879e+03 5.00e+00 9.29e+00 1.02e+02 0.477
  1   -5.003836585489e-02 -2.710455030050e+02 5.31e-01 6.51e-01 1.37e+01 0.555
  2   -5.138682985054e-02 -4.512015565007e+01 8.53e-02 1.11e+00 2.68e+00 0.633
  3   -5.777827584320e-02 -5.254377971762e+00 8.53e-03 2.92e-01 2.73e-01 0.710
  4   -6.190660697789e-02 -1.243942431178e+00 1.93e-03 6.84e-02 6.14e-02 0.788
  5   -7.283320875392e-02 -2.847301537121e-01 1.94e-04 6.99e-03 6.61e-03 0.865
  6   -8.308231191943e-02 -1.597264268165e-01 6.57e-05 2.37e-03 2.23e-03 0.943
  7   -8.975225678737e-02 -1.222714446846e-01 1.43e-05 5.17e-04 3.93e-04 1.021
  8   -9.483557548372e-02 -1.079564670417e-01 5.20e-06 1.88e-04 9.40e-05 1.099
  9   -9.660376234093e-02 -1.029177205044e-01 2.24e-06 8.08e-05 4.23e-05 1.176
 10   -9.758455791832e-02 -1.003565967452e-01 7.27e-07 2.63e-05 1.06e-05 1.254
 11   -9.805501989829e-02 -9.932549539021e-02 2.79e-07 1.01e-05 6.44e-06 1.332
 12   -9.835856734974e-02 -9.873529873756e-02 5.35e-08 1.93e-06 1.21e-06 1.410
 13   -9.847502551196e-02 -9.855673106964e-02 1.08e-08 3.88e-07 2.12e-07 1.488
 14   -9.850218966134e-02 -9.851653099933e-02 1.84e-09 6.63e-08 3.11e-08 1.565
 15   -9.850708174702e-02 -9.850938284270e-02 2.92e-10 1.06e-08 4.11e-09 1.643
 16   -9.850786939286e-02 -9.850823633022e-02 4.64e-11 1.69e-09 5.24e-10 1.721
 17   -9.850799580842e-02 -9.850805275324e-02 7.18e-12 6.98e-10 7.00e-11 1.798
 18   -9.850801512968e-02 -9.850802474502e-02 1.38e-12 4.85e-08 1.18e-11 1.859
 19   -9.850801832931e-02 -9.850802010938e-02 3.23e-13 5.52e-07 2.17e-12 1.919
 20   -9.850801891131e-02 -9.850801926656e-02 9.14e-14 4.16e-07 4.29e-13 1.979
 21   -9.850801902237e-02 -9.850801910527e-02 2.09e-14 9.49e-08 9.81e-14 2.057
 22   -9.850801904848e-02 -9.850801906755e-02 4.61e-15 2.08e-08 2.22e-14 2.135
 23   -9.850801905555e-02 -9.850801905751e-02 4.44e-16 2.38e-09 2.28e-15 2.212


Optimal solution found in 23 iterations and 2.212s
Objective -9.85080191e-02
Primal infeasibility (abs/rel): 8.88e-16/4.44e-16
Dual infeasibility   (abs/rel): 2.62e-09/2.38e-09
Complementarity gap  (abs/rel): 2.51e-15/2.28e-15


Barrier finished in 2.21 seconds
Dual variables for problems with quadratic constraints not returned.
