cuOpt version: 26.10.0, git hash: 648f805d, host arch: x86_64, device archs: 80-real
CPU: AMD EPYC 7642 48-Core Processor, threads: 5C/5T, RAM usage: 28.55/503.74GiB
CPU SIMD target: AVX2
CUDA 12.9, device: NVIDIA A100 80GB PCIe (ID 0), VRAM: 79.44 GiB
CUDA device UUID: 68df5cf5-71f9-6a93-b428-460c080ffb10
Problem has 1 quadratic constraints. Converting to second-order cones and solving with barrier.
Handling 50 free variables directly in augmented system
Presolved problem: 5103 constraints 10102 variables 265152 nonzeros
Skipping Ruiz equilibration (row norm ratio 1.4, column norm ratio 1.4 < 5e4, Q coeff ratio 1.0 < 100)
Barrier solver started at 0.028 seconds
Barrier solver: 5103 constraints, 10102 variables, 265152 nonzeros


Second-order cones          : 1
Free variables              : 50
Upper bounds                : 5000
Linear system               : augmented
cuDSS Version               : 0.7.1
cuDSS Threading layer       : libcudss_mtlayer_gomp.so.0
cuDSS solve mode            : deterministic
Reordering time             : 0.137s
Symbolic factorization time : 0.030s
Symbolic nonzeros in factor : 2.79e+05
Elapsed time for augmented  : 0.203 seconds
Elapsed time           : 0.203 seconds
Barrier setup complete at 0.203 seconds
Adaptive regularization enabled


                  Objective                         Infeasibility        Time
Iter   Primal              Dual                Primal   Dual    Compl.   Elapsed
  0   -4.988372232606e-02 -2.507067875879e+03 5.00e+00 9.29e+00 1.02e+02 0.470
  1   -5.003839444964e-02 -2.710454624968e+02 5.31e-01 6.51e-01 1.37e+01 0.548
  2   -5.138685761844e-02 -4.512011124464e+01 8.53e-02 1.11e+00 2.68e+00 0.625
  3   -5.777821318770e-02 -5.254385534597e+00 8.53e-03 2.92e-01 2.73e-01 0.703
  4   -6.190647727348e-02 -1.243937163741e+00 1.93e-03 6.84e-02 6.14e-02 0.780
  5   -7.283354280435e-02 -2.847239837927e-01 1.94e-04 6.99e-03 6.61e-03 0.858
  6   -8.308268046087e-02 -1.597252926288e-01 6.57e-05 2.37e-03 2.23e-03 0.936
  7   -8.975220038603e-02 -1.222715121566e-01 1.43e-05 5.17e-04 3.93e-04 1.013
  8   -9.483558460681e-02 -1.079564746593e-01 5.20e-06 1.88e-04 9.40e-05 1.091
  9   -9.660378601411e-02 -1.029176773247e-01 2.24e-06 8.08e-05 4.23e-05 1.169
 10   -9.758457753584e-02 -1.003565526409e-01 7.27e-07 2.63e-05 1.06e-05 1.246
 11   -9.805502897831e-02 -9.932548369317e-02 2.79e-07 1.01e-05 6.44e-06 1.324
 12   -9.835857404729e-02 -9.873528913321e-02 5.35e-08 1.93e-06 1.21e-06 1.402
 13   -9.847502745620e-02 -9.855672837273e-02 1.08e-08 3.88e-07 2.12e-07 1.503
 14   -9.850219002439e-02 -9.851653049782e-02 1.84e-09 6.63e-08 3.11e-08 1.584
 15   -9.850708179985e-02 -9.850938277044e-02 2.92e-10 1.06e-08 4.11e-09 1.662
 16   -9.850786940104e-02 -9.850823631909e-02 4.64e-11 1.70e-09 5.24e-10 1.739
 17   -9.850799580952e-02 -9.850805275176e-02 7.18e-12 6.77e-10 7.00e-11 1.818
 18   -9.850801512943e-02 -9.850802474540e-02 1.38e-12 4.22e-08 1.18e-11 1.878
 19   -9.850801833816e-02 -9.850802010970e-02 7.00e-13 8.64e-07 2.17e-12 1.921
 20   -9.850801891525e-02 -9.850801926744e-02 2.81e-13 6.26e-07 4.31e-13 1.981
 21   -9.850801902321e-02 -9.850801910557e-02 6.43e-14 1.43e-07 9.87e-14 2.059
 22   -9.850801904763e-02 -9.850801906913e-02 1.61e-14 3.57e-08 2.47e-14 2.137
 23   -9.850801905418e-02 -9.850801905949e-02 3.77e-15 8.23e-09 5.78e-15 2.215


Optimal solution found in 23 iterations and 2.215s
Objective -9.85080191e-02
Primal infeasibility (abs/rel): 7.55e-15/3.77e-15
Dual infeasibility   (abs/rel): 9.06e-09/8.23e-09
Complementarity gap  (abs/rel): 6.35e-15/5.78e-15


Barrier finished in 2.22 seconds
Dual variables for problems with quadratic constraints not returned.
