cuOpt version: 26.10.0, git hash: 648f805d, host arch: x86_64, device archs: 80-real
CPU: AMD EPYC 7642 48-Core Processor, threads: 5C/5T, RAM usage: 28.11/503.74GiB
CPU SIMD target: AVX2
CUDA 12.9, device: NVIDIA A100 80GB PCIe (ID 0), VRAM: 79.44 GiB
CUDA device UUID: 68df5cf5-71f9-6a93-b428-460c080ffb10
Problem has 1 quadratic constraints. Converting to second-order cones and solving with barrier.
Handling 50 free variables directly in augmented system
Presolved problem: 5103 constraints 10102 variables 265152 nonzeros
Skipping Ruiz equilibration (row norm ratio 1.4, column norm ratio 1.4 < 5e4, Q coeff ratio 1.0 < 100)
Barrier solver started at 0.029 seconds
Barrier solver: 5103 constraints, 10102 variables, 265152 nonzeros


Second-order cones          : 1
Free variables              : 50
Upper bounds                : 5000
Linear system               : augmented
cuDSS Version               : 0.7.1
cuDSS Threading layer       : libcudss_mtlayer_gomp.so.0
cuDSS solve mode            : deterministic
Reordering time             : 0.070s
Symbolic factorization time : 0.024s
Symbolic nonzeros in factor : 2.79e+05
Elapsed time for augmented  : 0.130 seconds
Elapsed time           : 0.130 seconds
Barrier setup complete at 0.130 seconds
Adaptive regularization enabled


                  Objective                         Infeasibility        Time
Iter   Primal              Dual                Primal   Dual    Compl.   Elapsed
  0   -4.988371608718e-02 -2.507067875879e+03 5.00e+00 9.29e+00 1.02e+02 0.397
  1   -5.003838827871e-02 -2.710454518536e+02 5.31e-01 6.51e-01 1.37e+01 0.475
  2   -5.138685253817e-02 -4.512008263333e+01 8.53e-02 1.11e+00 2.68e+00 0.552
  3   -5.777819745906e-02 -5.254387957855e+00 8.53e-03 2.92e-01 2.73e-01 0.630
  4   -6.190643241858e-02 -1.243932658791e+00 1.93e-03 6.84e-02 6.14e-02 0.708
  5   -7.283351514061e-02 -2.847233407533e-01 1.94e-04 6.99e-03 6.61e-03 0.786
  6   -8.308265701697e-02 -1.597252031562e-01 6.57e-05 2.37e-03 2.23e-03 0.864
  7   -8.975217379620e-02 -1.222715827053e-01 1.43e-05 5.17e-04 3.93e-04 0.942
  8   -9.483557273471e-02 -1.079565052130e-01 5.20e-06 1.88e-04 9.40e-05 1.020
  9   -9.660377714571e-02 -1.029176974435e-01 2.24e-06 8.08e-05 4.23e-05 1.097
 10   -9.758457255234e-02 -1.003565632028e-01 7.27e-07 2.63e-05 1.06e-05 1.175
 11   -9.805502714526e-02 -9.932548636554e-02 2.79e-07 1.01e-05 6.44e-06 1.253
 12   -9.835857276490e-02 -9.873529089994e-02 5.35e-08 1.93e-06 1.21e-06 1.331
 13   -9.847502708762e-02 -9.855672886952e-02 1.08e-08 3.88e-07 2.12e-07 1.409
 14   -9.850218995075e-02 -9.851653059735e-02 1.84e-09 6.63e-08 3.11e-08 1.486
 15   -9.850708178845e-02 -9.850938278573e-02 2.92e-10 1.06e-08 4.11e-09 1.564
 16   -9.850786939922e-02 -9.850823632152e-02 4.64e-11 1.70e-09 5.24e-10 1.642
 17   -9.850799580926e-02 -9.850805275210e-02 7.18e-12 7.16e-10 7.00e-11 1.720
 18   -9.850801512926e-02 -9.850802474565e-02 1.38e-12 5.08e-08 1.18e-11 1.781
 19   -9.850801832922e-02 -9.850802010952e-02 3.23e-13 2.39e-08 2.17e-12 1.841
 20   -9.850801891345e-02 -9.850801926742e-02 2.06e-13 8.47e-07 4.31e-13 1.901
 21   -9.850801902250e-02 -9.850801910599e-02 4.76e-14 1.95e-07 9.95e-14 1.979
 22   -9.850801904808e-02 -9.850801906917e-02 3.57e-14 4.84e-06 2.48e-14 2.040
 23   -9.850801905516e-02 -9.850801905810e-02 4.11e-15 5.52e-07 2.88e-15 2.118
 24   -9.850801905568e-02 -9.850801905734e-02 2.16e-15 2.91e-07 1.53e-15 2.196
Numerical error in objective
Restoring previous solution


Suboptimal solution found in 25 iterations and 2.24 seconds
Objective -9.85079958e-02
Primal infeasibility (abs/rel): 1.44e-11/7.18e-12
Dual infeasibility   (abs/rel): 7.89e-10/7.16e-10
Complementarity gap  (abs/rel): 7.69e-11/7.00e-11


Barrier finished in 2.24 seconds
Dual variables for problems with quadratic constraints not returned.
