cuOpt version: 26.10.0, git hash: 648f805d, host arch: x86_64, device archs: 80-real
CPU: AMD EPYC 7642 48-Core Processor, threads: 5C/5T, RAM usage: 40.19/503.74GiB
CPU SIMD target: AVX2
CUDA 12.9, device: NVIDIA A100 80GB PCIe (ID 0), VRAM: 79.44 GiB
CUDA device UUID: 68df5cf5-71f9-6a93-b428-460c080ffb10
Problem has 1 quadratic constraints. Converting to second-order cones and solving with barrier.
Handling 50 free variables directly in augmented system
Presolved problem: 5103 constraints 10102 variables 265152 nonzeros
Skipping Ruiz equilibration (row norm ratio 1.4, column norm ratio 1.4 < 5e4, Q coeff ratio 1.0 < 100)
Barrier solver started at 0.025 seconds
Barrier solver: 5103 constraints, 10102 variables, 265152 nonzeros


Second-order cones          : 1
Free variables              : 50
Upper bounds                : 5000
Linear system               : augmented
cuDSS Version               : 0.7.1
cuDSS Threading layer       : libcudss_mtlayer_gomp.so.0
cuDSS solve mode            : deterministic
Reordering time             : 0.059s
Symbolic factorization time : 0.023s
Symbolic nonzeros in factor : 2.79e+05
Elapsed time for augmented  : 0.115 seconds
Elapsed time           : 0.115 seconds
Barrier setup complete at 0.115 seconds
Adaptive regularization enabled


                  Objective                         Infeasibility        Time
Iter   Primal              Dual                Primal   Dual    Compl.   Elapsed
  0   -4.994692347872e-02 -2.506959949003e+03 5.00e+00 9.28e+00 1.02e+02 0.158
  1   -5.011768236513e-02 -4.663789305651e+01 8.26e-02 1.65e+00 5.51e+00 0.200
  2   -6.026024547193e-02 -1.214555985431e+00 8.26e-04 4.61e-01 1.28e-01 0.243
  3   -6.661795308248e-02 -3.188619487557e-01 1.78e-04 9.98e-02 2.78e-02 0.285
  4   -7.464265016321e-02 -2.379309874285e-01 7.37e-05 4.12e-02 1.12e-02 0.328
  5   -8.837221136187e-02 -1.308438132966e-01 1.75e-05 9.81e-03 2.64e-03 0.370
  6   -9.367369162842e-02 -1.082853504491e-01 1.69e-06 9.47e-04 2.20e-04 0.412
  7   -9.661703778083e-02 -1.020480431410e-01 5.32e-07 2.89e-04 7.85e-05 0.455
  8   -9.807647939391e-02 -9.945931599423e-02 8.15e-08 4.37e-05 8.85e-06 0.498
  9   -9.850360263080e-02 -9.880819225826e-02 1.39e-08 6.40e-06 7.92e-07 0.540
 10   -9.857710185446e-02 -9.870305801828e-02 5.40e-09 1.88e-06 5.37e-07 0.583
 11   -9.862633164572e-02 -9.864148301150e-02 5.17e-10 1.56e-07 6.29e-08 0.626
 12   -9.863204551983e-02 -9.863446850982e-02 9.51e-11 2.46e-08 1.30e-08 0.669
 13   -9.863309489713e-02 -9.863320242269e-02 6.47e-12 1.49e-08 6.39e-10 0.712
 14   -9.863314240663e-02 -9.863314549500e-02 7.46e-13 2.93e-07 1.61e-11 0.755
 15   -9.863314355238e-02 -9.863314410077e-02 1.01e-12 2.58e-07 2.46e-12 0.797
 16   -9.863314379037e-02 -9.863314382664e-02 4.97e-13 1.78e-05 7.06e-14 0.840
 17   -9.863314381213e-02 -9.863314381445e-02 2.41e-14 1.87e-04 4.98e-15 0.882
 18   -9.863314381346e-02 -9.863314381360e-02 1.33e-15 6.85e-04 1.38e-15 0.925
Numerical error in objective
Primal residual -nan dual residual -nan complementarity residual -nan
Search direction computation failed
Barrier finished in 0.97 seconds
Barrier Solve status A numerical error was encountered.
Dual variables for problems with quadratic constraints not returned.
