cuOpt version: 26.10.0, git hash: 648f805d, host arch: x86_64, device archs: 80-real
CPU: AMD EPYC 7642 48-Core Processor, threads: 5C/5T, RAM usage: 29.92/503.74GiB
CPU SIMD target: AVX2
CUDA 12.9, device: NVIDIA A100 80GB PCIe (ID 0), VRAM: 79.44 GiB
CUDA device UUID: 68df5cf5-71f9-6a93-b428-460c080ffb10
Problem has 1 quadratic constraints. Converting to second-order cones and solving with barrier.
Barrier: reusing cache (skip convert/presolve/scaling)
Barrier solver started at 0.000 seconds
Barrier solver: 5103 constraints, 10102 variables, 265152 nonzeros
Barrier setup complete at 0.000 seconds
Adaptive regularization enabled


                  Objective                         Infeasibility        Time
Iter   Primal              Dual                Primal   Dual    Compl.   Elapsed
  0   -3.704291987375e+02 -3.711395609108e+02 3.71e+03 1.91e+00 1.19e-02 0.001
  1   -4.138240121015e+00 -3.475611537449e+02 4.01e+01 2.77e-01 6.50e-02 0.006
  2   -1.039773673472e-01 -2.488455848350e+01 4.69e-01 7.85e-03 4.78e-03 0.012
  3   -5.495207890613e-02 -6.428341782442e-01 4.69e-03 7.91e-05 1.48e-04 0.017
  4   -5.854039328337e-02 -1.366925924223e-01 6.23e-04 1.05e-05 1.75e-05 0.022
  5   -6.604986177005e-02 -1.385362852807e-01 5.11e-04 8.60e-06 2.69e-05 0.027
  6   -6.790324127053e-02 -1.389601490280e-01 4.66e-04 7.86e-06 2.96e-05 0.031
  7   -8.303250571000e-02 -1.229863554128e-01 2.19e-04 3.69e-06 5.72e-05 0.036
  8   -8.344811566906e-02 -1.225112634413e-01 1.93e-04 3.25e-06 6.87e-05 0.041
  9   -8.415635944443e-02 -1.222342535626e-01 1.72e-04 2.89e-06 1.24e-04 0.047
 10   -8.638236897666e-02 -1.192144838735e-01 1.32e-04 2.23e-06 9.51e-05 0.051
 11   -8.613025296750e-02 -1.187881789384e-01 1.26e-04 2.13e-06 1.56e-04 0.057
 12   -9.211930489352e-02 -1.096231831198e-01 6.17e-05 1.04e-06 6.89e-05 0.062
 13   -9.284615215629e-02 -1.081499306518e-01 4.70e-05 7.93e-07 9.81e-05 0.067
 14   -9.588080878661e-02 -1.034061721913e-01 2.05e-05 3.45e-07 5.26e-05 0.072
 15   -9.595684689214e-02 -1.029402358923e-01 1.65e-05 2.78e-07 7.05e-05 0.078
 16   -9.732801110350e-02 -1.009842561808e-01 7.98e-06 1.34e-07 3.47e-05 0.083
 17   -9.754839890951e-02 -1.005084520651e-01 5.34e-06 8.99e-08 4.06e-05 0.088
 18   -9.817798914244e-02 -9.960431300318e-02 2.26e-06 3.81e-08 1.83e-05 0.093
 19   -9.831848281187e-02 -9.934775751715e-02 1.27e-06 2.14e-08 1.50e-05 0.100
 20   -9.860290962311e-02 -9.895835590439e-02 3.52e-07 5.94e-09 5.17e-06 0.105
 21   -9.870326019083e-02 -9.881809195106e-02 8.23e-08 1.37e-09 1.90e-06 0.110
 22   -9.874349791254e-02 -9.876857414242e-02 1.73e-08 2.91e-10 4.21e-07 0.115
 23   -9.875294183554e-02 -9.875621705413e-02 1.23e-09 2.07e-11 4.02e-08 0.120
 24   -9.875428481057e-02 -9.875464801201e-02 1.36e-10 2.57e-12 4.49e-09 0.125
 25   -9.875443398780e-02 -9.875446686920e-02 9.57e-12 1.86e-10 3.09e-10 0.129
 26   -9.875444811237e-02 -9.875445030321e-02 6.31e-13 2.48e-09 1.80e-11 0.133


Optimal solution found in 26 iterations and 0.133s
Objective -9.87544481e-02
Primal infeasibility (abs/rel): 1.26e-12/6.31e-13
Dual infeasibility   (abs/rel): 2.73e-09/2.48e-09
Complementarity gap  (abs/rel): 1.98e-11/1.80e-11


Barrier finished in 0.13 seconds
Dual variables for problems with quadratic constraints not returned.
