cuOpt version: 26.10.0, git hash: 648f805d, host arch: x86_64, device archs: 80-real
CPU: AMD EPYC 7642 48-Core Processor, threads: 5C/5T, RAM usage: 29.95/503.74GiB
CPU SIMD target: AVX2
CUDA 12.9, device: NVIDIA A100 80GB PCIe (ID 0), VRAM: 79.44 GiB
CUDA device UUID: 68df5cf5-71f9-6a93-b428-460c080ffb10
Problem has 1 quadratic constraints. Converting to second-order cones and solving with barrier.
Barrier: reusing cache (skip convert/presolve/scaling)
Barrier solver started at 0.000 seconds
Barrier solver: 5103 constraints, 10102 variables, 265152 nonzeros
Barrier setup complete at 0.000 seconds
Adaptive regularization enabled


                  Objective                         Infeasibility        Time
Iter   Primal              Dual                Primal   Dual    Compl.   Elapsed
  0   -3.704472534989e+02 -3.711214143411e+02 3.71e+03 1.91e+00 1.19e-02 0.001
  1   -4.139241786382e+00 -3.475430561425e+02 4.01e+01 2.77e-01 6.50e-02 0.006
  2   -1.040141421008e-01 -2.488853327147e+01 4.69e-01 7.85e-03 4.78e-03 0.011
  3   -5.495990767093e-02 -6.430541095433e-01 4.69e-03 7.91e-05 1.48e-04 0.016
  4   -5.854949324269e-02 -1.367065253593e-01 6.23e-04 1.05e-05 1.74e-05 0.021
  5   -6.684370814730e-02 -1.389240273767e-01 5.00e-04 8.41e-06 2.91e-05 0.026
  6   -6.858413485250e-02 -1.392430844195e-01 4.57e-04 7.69e-06 4.63e-05 0.031
  7   -8.184716017291e-02 -1.245071663838e-01 2.41e-04 4.06e-06 9.35e-05 0.036
  8   -8.205645798376e-02 -1.242795746243e-01 2.24e-04 3.77e-06 8.66e-05 0.041
  9   -8.329145852963e-02 -1.236155516125e-01 1.89e-04 3.18e-06 1.67e-04 0.046
 10   -8.579134809196e-02 -1.208127936783e-01 1.15e-04 1.94e-06 1.18e-04 0.051
 11   -8.609940809054e-02 -1.189970710197e-01 9.07e-05 1.53e-06 3.15e-04 0.057
 12   -9.366884475233e-02 -1.069255468378e-01 3.32e-05 5.59e-07 9.09e-05 0.062
 13   -9.465891987664e-02 -1.050848351902e-01 2.22e-05 3.74e-07 9.99e-05 0.067
 14   -9.514528084056e-02 -1.042611950237e-01 1.75e-05 2.94e-07 1.08e-04 0.073
 15   -9.670996710098e-02 -1.019018708894e-01 8.91e-06 1.50e-07 5.45e-05 0.078
 16   -9.685677360589e-02 -1.014431178678e-01 6.62e-06 1.12e-07 5.95e-05 0.084
 17   -9.786802927622e-02 -9.994565153124e-02 2.48e-06 4.17e-08 2.48e-05 0.089
 18   -9.810392519303e-02 -9.953523281191e-02 1.36e-06 2.28e-08 2.14e-05 0.095
 19   -9.848035601333e-02 -9.901769848874e-02 4.20e-07 7.08e-09 7.64e-06 0.100
 20   -9.859699681361e-02 -9.884889777666e-02 1.51e-07 2.51e-09 4.07e-06 0.105
 21   -9.867518452401e-02 -9.874976336241e-02 3.96e-08 6.62e-10 1.17e-06 0.109
 22   -9.870100233350e-02 -9.871576764812e-02 5.26e-09 7.10e-11 2.18e-07 0.114
 23   -9.870640701740e-02 -9.870930625816e-02 9.94e-10 1.67e-11 4.31e-08 0.119
 24   -9.870752135908e-02 -9.870791770737e-02 1.04e-10 1.95e-11 4.80e-09 0.124
 25   -9.870768878912e-02 -9.870771717032e-02 7.46e-12 7.39e-11 3.39e-10 0.129
 26   -9.870770119441e-02 -9.870770235228e-02 2.93e-13 9.28e-08 1.24e-11 0.133
 27   -9.870770169054e-02 -9.870770178552e-02 2.20e-14 6.98e-09 8.52e-13 0.138


Optimal solution found in 27 iterations and 0.138s
Objective -9.87077017e-02
Primal infeasibility (abs/rel): 4.40e-14/2.20e-14
Dual infeasibility   (abs/rel): 7.69e-09/6.98e-09
Complementarity gap  (abs/rel): 9.36e-13/8.52e-13


Barrier finished in 0.14 seconds
Dual variables for problems with quadratic constraints not returned.
