cuOpt version: 26.10.0, git hash: 648f805d, host arch: x86_64, device archs: 80-real
CPU: AMD EPYC 7642 48-Core Processor, threads: 5C/5T, RAM usage: 30.10/503.74GiB
CPU SIMD target: AVX2
CUDA 12.9, device: NVIDIA A100 80GB PCIe (ID 0), VRAM: 79.44 GiB
CUDA device UUID: 68df5cf5-71f9-6a93-b428-460c080ffb10
Problem has 1 quadratic constraints. Converting to second-order cones and solving with barrier.
Barrier: reusing cache (skip convert/presolve/scaling)
Barrier solver started at 0.000 seconds
Barrier solver: 5103 constraints, 10102 variables, 265152 nonzeros
Barrier setup complete at 0.000 seconds
Adaptive regularization enabled


                  Objective                         Infeasibility        Time
Iter   Primal              Dual                Primal   Dual    Compl.   Elapsed
  0   -3.704438282728e+02 -3.711104708303e+02 3.71e+03 1.91e+00 1.19e-02 0.001
  1   -4.139322487461e+00 -3.475321003739e+02 4.01e+01 2.77e-01 6.50e-02 0.006
  2   -1.040051645786e-01 -2.488690059915e+01 4.69e-01 7.85e-03 4.78e-03 0.012
  3   -5.496098290900e-02 -6.429066466971e-01 4.69e-03 7.91e-05 1.48e-04 0.016
  4   -5.855459132465e-02 -1.362807828578e-01 6.19e-04 1.04e-05 1.73e-05 0.021
  5   -6.665907728715e-02 -1.384240677307e-01 5.01e-04 8.44e-06 2.67e-05 0.026
  6   -6.830397407936e-02 -1.387646904003e-01 4.61e-04 7.77e-06 3.69e-05 0.031
  7   -8.178965068420e-02 -1.244187875720e-01 2.41e-04 4.06e-06 7.25e-05 0.036
  8   -8.204667333147e-02 -1.241615513236e-01 2.21e-04 3.73e-06 7.39e-05 0.041
  9   -8.363783321406e-02 -1.231267562003e-01 1.77e-04 2.98e-06 1.96e-04 0.046
 10   -8.573826314200e-02 -1.205847460173e-01 1.06e-04 1.79e-06 1.75e-04 0.054
 11   -8.728360766766e-02 -1.169549405466e-01 6.97e-05 1.17e-06 3.38e-04 0.060
 12   -9.492178523446e-02 -1.048282905895e-01 2.14e-05 3.60e-07 7.49e-05 0.065
 13   -9.573363293688e-02 -1.031913850334e-01 1.32e-05 2.22e-07 8.97e-05 0.070
 14   -9.611217937711e-02 -1.025782578624e-01 1.00e-05 1.69e-07 9.41e-05 0.076
 15   -9.721223360898e-02 -1.009317456522e-01 5.10e-06 8.59e-08 4.82e-05 0.081
 16   -9.738047607304e-02 -1.005140832513e-01 3.53e-06 5.94e-08 4.78e-05 0.087
 17   -9.813667348541e-02 -9.940576145459e-02 1.10e-06 1.85e-08 1.83e-05 0.092
 18   -9.834629730039e-02 -9.908004990997e-02 4.97e-07 8.38e-09 1.30e-05 0.098
 19   -9.855959438927e-02 -9.879983180352e-02 1.40e-07 2.37e-09 4.15e-06 0.102
 20   -9.863009676226e-02 -9.870302415252e-02 3.17e-08 5.18e-10 1.35e-06 0.107
 21   -9.865468522673e-02 -9.867265752218e-02 7.33e-09 1.23e-10 3.27e-07 0.112
 22   -9.866134821716e-02 -9.866398528991e-02 6.93e-10 1.84e-11 3.61e-08 0.117
 23   -9.866238143833e-02 -9.866274590461e-02 9.58e-11 9.78e-13 5.12e-09 0.122
 24   -9.866252321788e-02 -9.866257540687e-02 1.37e-11 1.54e-11 7.37e-10 0.127
 25   -9.866254596020e-02 -9.866254802255e-02 5.35e-13 9.31e-09 2.83e-11 0.131


Optimal solution found in 25 iterations and 0.131s
Objective -9.86625460e-02
Primal infeasibility (abs/rel): 1.07e-12/5.35e-13
Dual infeasibility   (abs/rel): 1.03e-08/9.31e-09
Complementarity gap  (abs/rel): 3.11e-11/2.83e-11


Barrier finished in 0.13 seconds
Dual variables for problems with quadratic constraints not returned.
