cuOpt version: 26.10.0, git hash: 648f805d, host arch: x86_64, device archs: 80-real
CPU: AMD EPYC 7642 48-Core Processor, threads: 5C/5T, RAM usage: 37.38/503.74GiB
CPU SIMD target: AVX2
CUDA 12.9, device: NVIDIA A100 80GB PCIe (ID 0), VRAM: 79.44 GiB
CUDA device UUID: 68df5cf5-71f9-6a93-b428-460c080ffb10
Problem has 1 quadratic constraints. Converting to second-order cones and solving with barrier.
Handling 50 free variables directly in augmented system
Presolved problem: 5103 constraints 10102 variables 265152 nonzeros
Skipping Ruiz equilibration (row norm ratio 1.4, column norm ratio 1.4 < 5e4, Q coeff ratio 1.0 < 100)
Barrier solver started at 0.023 seconds
Barrier solver: 5103 constraints, 10102 variables, 265152 nonzeros


Second-order cones          : 1
Free variables              : 50
Upper bounds                : 5000
Linear system               : augmented
cuDSS Version               : 0.7.1
cuDSS Threading layer       : libcudss_mtlayer_gomp.so.0
Reordering time             : 0.076s
Symbolic factorization time : 0.023s
Symbolic nonzeros in factor : 2.79e+05
Elapsed time for augmented  : 0.129 seconds
Elapsed time           : 0.129 seconds
Barrier setup complete at 0.129 seconds
Adaptive regularization enabled


                  Objective                         Infeasibility        Time
Iter   Primal              Dual                Primal   Dual    Compl.   Elapsed
  0   -3.703274138474e+02 -3.710708058040e+02 3.71e+03 1.91e+00 1.19e-02 0.130
  1   -4.137052079091e+00 -3.474922988751e+02 4.01e+01 2.77e-01 6.50e-02 0.133
  2   -1.039665872801e-01 -2.487351063398e+01 4.69e-01 7.85e-03 4.78e-03 0.135
  3   -5.494861952043e-02 -6.426107946101e-01 4.69e-03 7.91e-05 1.47e-04 0.138
  4   -5.854386015659e-02 -1.360801899295e-01 6.18e-04 1.04e-05 1.73e-05 0.141
  5   -6.651980209822e-02 -1.382165325314e-01 5.03e-04 8.47e-06 2.56e-05 0.143
  6   -6.787741997826e-02 -1.385553869121e-01 4.69e-04 7.93e-06 3.65e-05 0.146
  7   -8.000815361233e-02 -1.263543935832e-01 2.70e-04 4.55e-06 7.62e-05 0.149
  8   -8.013336264646e-02 -1.261894561603e-01 2.54e-04 4.30e-06 9.32e-05 0.151
  9   -8.275751363717e-02 -1.243059754070e-01 1.86e-04 3.19e-06 2.72e-04 0.154
 10   -8.324125573657e-02 -1.222972915834e-01 1.45e-04 2.50e-06 5.49e-04 0.157
 11   -9.290516510024e-02 -1.080072658579e-01 4.82e-05 8.13e-07 1.53e-04 0.160
 12   -9.345899318318e-02 -1.064560113122e-01 3.41e-05 5.87e-07 1.79e-04 0.162
 13   -9.680796924152e-02 -1.013510882478e-01 1.07e-05 1.65e-07 6.48e-05 0.165
 14   -9.715836522036e-02 -1.005134345621e-01 6.02e-06 1.02e-07 6.33e-05 0.168
 15   -9.801444172938e-02 -9.937491720520e-02 2.30e-06 2.88e-08 2.29e-05 0.170
 16   -9.823847245721e-02 -9.899448998837e-02 9.26e-07 1.79e-08 1.48e-05 0.173
 17   -9.846873769675e-02 -9.869334439380e-02 2.51e-07 1.22e-08 4.44e-06 0.176
 18   -9.853074553888e-02 -9.860434135655e-02 5.45e-08 1.29e-09 1.30e-06 0.178
 19   -9.855685060313e-02 -9.857248103017e-02 1.11e-08 9.09e-09 2.82e-07 0.181
 20   -9.856287209963e-02 -9.856470331546e-02 7.04e-10 9.74e-10 2.23e-08 0.184
 21   -9.856361930238e-02 -9.856382012912e-02 7.68e-11 6.65e-10 2.50e-09 0.186
 22   -9.856370624867e-02 -9.856371664124e-02 1.65e-11 8.19e-08 1.24e-10 0.189
 23   -9.856371080987e-02 -9.856371151073e-02 5.26e-12 5.26e-07 7.03e-12 0.192
 24   -9.856371116085e-02 -9.856371122701e-02 7.52e-13 7.50e-05 5.82e-13 0.194
 25   -9.856371119961e-02 -9.856371120305e-02 3.64e-14 6.13e-04 1.33e-14 0.197
 26   -9.856371120145e-02 -9.856371120173e-02 9.71e-15 2.73e-03 7.03e-16 0.200
Numerical error in objective
Restoring previous solution


Suboptimal solution found in 27 iterations and 0.20 seconds
Objective -9.85636193e-02
Primal infeasibility (abs/rel): 1.54e-10/7.68e-11
Dual infeasibility   (abs/rel): 7.32e-10/6.65e-10
Complementarity gap  (abs/rel): 2.74e-09/2.50e-09


Barrier finished in 0.20 seconds
Dual variables for problems with quadratic constraints not returned.
