cuOpt version: 26.10.0, git hash: 648f805d, host arch: x86_64, device archs: 80-real
CPU: AMD EPYC 7642 48-Core Processor, threads: 5C/5T, RAM usage: 37.45/503.74GiB
CPU SIMD target: AVX2
CUDA 12.9, device: NVIDIA A100 80GB PCIe (ID 0), VRAM: 79.44 GiB
CUDA device UUID: 68df5cf5-71f9-6a93-b428-460c080ffb10
Problem has 1 quadratic constraints. Converting to second-order cones and solving with barrier.
Handling 50 free variables directly in augmented system
Presolved problem: 5103 constraints 10102 variables 265152 nonzeros
Skipping Ruiz equilibration (row norm ratio 1.4, column norm ratio 1.4 < 5e4, Q coeff ratio 1.0 < 100)
Barrier solver started at 0.026 seconds
Barrier solver: 5103 constraints, 10102 variables, 265152 nonzeros


Second-order cones          : 1
Free variables              : 50
Upper bounds                : 5000
Linear system               : augmented
cuDSS Version               : 0.7.1
cuDSS Threading layer       : libcudss_mtlayer_gomp.so.0
Reordering time             : 0.053s
Symbolic factorization time : 0.023s
Symbolic nonzeros in factor : 2.79e+05
Elapsed time for augmented  : 0.109 seconds
Elapsed time           : 0.109 seconds
Barrier setup complete at 0.109 seconds
Adaptive regularization enabled


                  Objective                         Infeasibility        Time
Iter   Primal              Dual                Primal   Dual    Compl.   Elapsed
  0   -3.704291987375e+02 -3.711395609108e+02 3.71e+03 1.91e+00 1.19e-02 0.110
  1   -4.138240294115e+00 -3.475611537576e+02 4.01e+01 2.77e-01 6.50e-02 0.112
  2   -1.039773673714e-01 -2.488455939920e+01 4.69e-01 7.85e-03 4.78e-03 0.115
  3   -5.495207885861e-02 -6.428340798924e-01 4.69e-03 7.91e-05 1.47e-04 0.118
  4   -5.854039338011e-02 -1.366926283038e-01 6.23e-04 1.05e-05 1.75e-05 0.121
  5   -6.604975104119e-02 -1.385362711034e-01 5.11e-04 8.60e-06 2.69e-05 0.123
  6   -6.790336017168e-02 -1.389601525015e-01 4.66e-04 7.88e-06 2.96e-05 0.126
  7   -8.303222630597e-02 -1.229859627812e-01 2.19e-04 3.68e-06 5.72e-05 0.129
  8   -8.344792110632e-02 -1.225109096930e-01 1.93e-04 3.26e-06 6.87e-05 0.131
  9   -8.415588616907e-02 -1.222342290948e-01 1.72e-04 2.92e-06 1.24e-04 0.134
 10   -8.638216609340e-02 -1.192142874813e-01 1.32e-04 2.25e-06 9.51e-05 0.137
 11   -8.613030650301e-02 -1.187880992321e-01 1.26e-04 2.17e-06 1.56e-04 0.139
 12   -9.211841775443e-02 -1.096247516425e-01 6.17e-05 1.05e-06 6.89e-05 0.142
 13   -9.284620804196e-02 -1.081501272170e-01 4.70e-05 8.12e-07 9.81e-05 0.145
 14   -9.588078099399e-02 -1.034063546872e-01 2.05e-05 3.41e-07 5.26e-05 0.148
 15   -9.595697405669e-02 -1.029398686351e-01 1.65e-05 2.87e-07 7.06e-05 0.150
 16   -9.732850021419e-02 -1.009836190254e-01 7.97e-06 1.32e-07 3.47e-05 0.153
 17   -9.755025923095e-02 -1.005059345229e-01 5.33e-06 9.95e-08 4.06e-05 0.156
 18   -9.817927027970e-02 -9.960258891635e-02 2.25e-06 3.36e-08 1.83e-05 0.158
 19   -9.831982999203e-02 -9.934568886658e-02 1.26e-06 2.74e-08 1.49e-05 0.161
 20   -9.860387481411e-02 -9.895714700249e-02 3.50e-07 6.68e-09 5.15e-06 0.164
 21   -9.870464598124e-02 -9.881647082289e-02 8.01e-08 3.87e-09 1.85e-06 0.166
 22   -9.874401710878e-02 -9.876792932521e-02 1.65e-08 1.00e-08 4.03e-07 0.169
 23   -9.875302977338e-02 -9.875609875269e-02 1.14e-09 1.85e-09 3.76e-08 0.172
 24   -9.875430117171e-02 -9.875462822020e-02 1.21e-10 1.09e-08 4.05e-09 0.174
 25   -9.875443707314e-02 -9.875446443869e-02 3.62e-11 9.74e-08 2.65e-10 0.177
 26   -9.875444840610e-02 -9.875445004214e-02 2.29e-12 1.10e-06 1.35e-11 0.180
 27   -9.875444902869e-02 -9.875444925792e-02 2.34e-13 2.28e-05 1.87e-12 0.182
 28   -9.875444912506e-02 -9.875444913786e-02 3.44e-14 2.56e-05 7.75e-14 0.185
 29   -9.875444913013e-02 -9.875444913200e-02 3.16e-14 1.89e-03 6.58e-15 0.188
 30   -9.875444913073e-02 -9.875444913170e-02 1.93e-14 5.11e-03 2.38e-15 0.190
 31   -9.875444913108e-02 -9.875444913158e-02 1.08e-14 1.45e-02 1.41e-15 0.193
Numerical error in objective
Primal residual -nan dual residual -nan complementarity residual -nan
Search direction computation failed
Barrier finished in 0.20 seconds
Barrier Solve status A numerical error was encountered.
Dual variables for problems with quadratic constraints not returned.
