cuOpt version: 26.10.0, git hash: 648f805d, host arch: x86_64, device archs: 80-real
CPU: AMD EPYC 7642 48-Core Processor, threads: 5C/5T, RAM usage: 37.31/503.74GiB
CPU SIMD target: AVX2
CUDA 12.9, device: NVIDIA A100 80GB PCIe (ID 0), VRAM: 79.44 GiB
CUDA device UUID: 68df5cf5-71f9-6a93-b428-460c080ffb10
Problem has 1 quadratic constraints. Converting to second-order cones and solving with barrier.
Handling 50 free variables directly in augmented system
Presolved problem: 5103 constraints 10102 variables 265152 nonzeros
Skipping Ruiz equilibration (row norm ratio 1.4, column norm ratio 1.4 < 5e4, Q coeff ratio 1.0 < 100)
Barrier solver started at 0.024 seconds
Barrier solver: 5103 constraints, 10102 variables, 265152 nonzeros


Second-order cones          : 1
Free variables              : 50
Upper bounds                : 5000
Linear system               : augmented
cuDSS Version               : 0.7.1
cuDSS Threading layer       : libcudss_mtlayer_gomp.so.0
Reordering time             : 0.054s
Symbolic factorization time : 0.023s
Symbolic nonzeros in factor : 2.79e+05
Elapsed time for augmented  : 0.109 seconds
Elapsed time           : 0.109 seconds
Barrier setup complete at 0.109 seconds
Adaptive regularization enabled


                  Objective                         Infeasibility        Time
Iter   Primal              Dual                Primal   Dual    Compl.   Elapsed
  0   -3.704340093575e+02 -3.710959393425e+02 3.71e+03 1.91e+00 1.19e-02 0.110
  1   -4.137998516033e+00 -3.475174945458e+02 4.01e+01 2.77e-01 6.50e-02 0.113
  2   -1.040026843064e-01 -2.487628225519e+01 4.69e-01 7.85e-03 4.78e-03 0.115
  3   -5.496235276522e-02 -6.427806957994e-01 4.69e-03 7.91e-05 1.48e-04 0.118
  4   -5.856089499034e-02 -1.359195025317e-01 6.17e-04 1.04e-05 1.72e-05 0.121
  5   -6.659155988857e-02 -1.380597673164e-01 5.02e-04 8.45e-06 2.55e-05 0.123
  6   -6.814662302028e-02 -1.384347227822e-01 4.64e-04 7.83e-06 3.21e-05 0.126
  7   -8.145162477578e-02 -1.248841641207e-01 2.46e-04 4.13e-06 6.80e-05 0.129
  8   -8.163155731345e-02 -1.246569973105e-01 2.28e-04 3.86e-06 7.92e-05 0.131
  9   -8.366586869237e-02 -1.232311932735e-01 1.73e-04 2.96e-06 2.39e-04 0.134
 10   -8.320255661083e-02 -1.226028117109e-01 1.60e-04 2.76e-06 4.83e-04 0.137
 11   -8.618180787487e-02 -1.182469885117e-01 1.17e-04 2.02e-06 4.61e-04 0.139
 12   -9.420624464699e-02 -1.056238172964e-01 2.78e-05 4.78e-07 6.26e-05 0.142
 13   -9.577883747331e-02 -1.027241226654e-01 1.34e-05 2.43e-07 6.82e-05 0.145
 14   -9.755132533737e-02 -1.001065893633e-01 4.25e-06 6.05e-08 2.03e-05 0.148
 15   -9.788728541545e-02 -9.948504169622e-02 1.97e-06 3.90e-08 2.91e-05 0.150
 16   -9.846392098187e-02 -9.867299431939e-02 2.49e-07 3.35e-09 2.75e-06 0.153
 17   -9.854353347316e-02 -9.856676896237e-02 2.52e-08 1.32e-08 1.92e-07 0.156
 18   -9.855164638605e-02 -9.855553561038e-02 3.72e-09 2.98e-09 3.38e-08 0.158
 19   -9.855324266382e-02 -9.855343718344e-02 1.86e-10 1.84e-09 1.18e-09 0.161
 20   -9.855332090780e-02 -9.855333526570e-02 1.34e-11 1.10e-07 4.69e-11 0.164
 21   -9.855332590115e-02 -9.855332861908e-02 2.08e-12 3.33e-05 9.63e-12 0.166
 22   -9.855332691720e-02 -9.855332732963e-02 2.77e-13 4.34e-05 1.31e-12 0.169
 23   -9.855332704571e-02 -9.855332716864e-02 1.63e-13 3.21e-04 3.08e-13 0.172
 24   -9.855332709355e-02 -9.855332710710e-02 9.16e-15 1.17e-04 3.18e-14 0.175
 25   -9.855332709906e-02 -9.855332709981e-02 1.40e-14 9.14e-04 4.12e-16 0.177
 26   -9.855332709945e-02 -9.855332709967e-02 3.94e-15 1.39e-02 1.22e-16 0.180
 27   -9.855332709951e-02 -9.855332709965e-02 2.39e-15 6.75e-03 7.68e-17 0.183
Numerical error in objective
Restoring previous solution


Suboptimal solution found in 28 iterations and 0.19 seconds
Objective -9.85532427e-02
Primal infeasibility (abs/rel): 3.73e-10/1.86e-10
Dual infeasibility   (abs/rel): 2.03e-09/1.84e-09
Complementarity gap  (abs/rel): 1.30e-09/1.18e-09


Barrier finished in 0.19 seconds
Dual variables for problems with quadratic constraints not returned.
