cuOpt version: 26.10.0, git hash: 648f805d, host arch: x86_64, device archs: 80-real
CPU: AMD EPYC 7642 48-Core Processor, threads: 5C/5T, RAM usage: 37.36/503.74GiB
CPU SIMD target: AVX2
CUDA 12.9, device: NVIDIA A100 80GB PCIe (ID 0), VRAM: 79.44 GiB
CUDA device UUID: 68df5cf5-71f9-6a93-b428-460c080ffb10
Problem has 1 quadratic constraints. Converting to second-order cones and solving with barrier.
Handling 50 free variables directly in augmented system
Presolved problem: 5103 constraints 10102 variables 265152 nonzeros
Skipping Ruiz equilibration (row norm ratio 1.4, column norm ratio 1.4 < 5e4, Q coeff ratio 1.0 < 100)
Barrier solver started at 0.027 seconds
Barrier solver: 5103 constraints, 10102 variables, 265152 nonzeros


Second-order cones          : 1
Free variables              : 50
Upper bounds                : 5000
Linear system               : augmented
cuDSS Version               : 0.7.1
cuDSS Threading layer       : libcudss_mtlayer_gomp.so.0
Reordering time             : 0.057s
Symbolic factorization time : 0.023s
Symbolic nonzeros in factor : 2.79e+05
Elapsed time for augmented  : 0.114 seconds
Elapsed time           : 0.114 seconds
Barrier setup complete at 0.114 seconds
Adaptive regularization enabled


                  Objective                         Infeasibility        Time
Iter   Primal              Dual                Primal   Dual    Compl.   Elapsed
  0   -3.704340093575e+02 -3.710959393425e+02 3.71e+03 1.91e+00 1.19e-02 0.115
  1   -4.137998343196e+00 -3.475174945368e+02 4.01e+01 2.77e-01 6.50e-02 0.119
  2   -1.040026843868e-01 -2.487628134973e+01 4.69e-01 7.85e-03 4.78e-03 0.123
  3   -5.496235280700e-02 -6.427807953905e-01 4.69e-03 7.91e-05 1.48e-04 0.127
  4   -5.856089445158e-02 -1.359195234607e-01 6.17e-04 1.04e-05 1.72e-05 0.131
  5   -6.659170649761e-02 -1.380598273704e-01 5.02e-04 8.45e-06 2.55e-05 0.135
  6   -6.814658537651e-02 -1.384347572845e-01 4.64e-04 7.81e-06 3.21e-05 0.139
  7   -8.145174423377e-02 -1.248840331142e-01 2.46e-04 4.14e-06 6.80e-05 0.143
  8   -8.163161835558e-02 -1.246568626225e-01 2.28e-04 3.84e-06 7.92e-05 0.147
  9   -8.366657293709e-02 -1.232304572479e-01 1.73e-04 2.91e-06 2.39e-04 0.152
 10   -8.319594459567e-02 -1.225994189522e-01 1.60e-04 2.70e-06 4.86e-04 0.157
 11   -8.610208661370e-02 -1.183600707749e-01 1.18e-04 1.99e-06 4.64e-04 0.162
 12   -9.418075523295e-02 -1.056816884621e-01 2.71e-05 4.57e-07 6.09e-05 0.166
 13   -9.574081174641e-02 -1.027946795642e-01 1.32e-05 2.23e-07 6.75e-05 0.171
 14   -9.753735939698e-02 -1.001313464854e-01 4.19e-06 7.06e-08 2.04e-05 0.176
 15   -9.786761904254e-02 -9.951267956790e-02 1.96e-06 3.31e-08 2.98e-05 0.181
 16   -9.845906375936e-02 -9.867937398166e-02 2.53e-07 4.25e-09 2.94e-06 0.185
 17   -9.854298701249e-02 -9.856749608859e-02 2.55e-08 4.30e-10 2.07e-07 0.189
 18   -9.855153628544e-02 -9.855567240375e-02 3.83e-09 6.45e-11 3.74e-08 0.193
 19   -9.855323737281e-02 -9.855344289127e-02 1.90e-10 3.20e-12 1.31e-09 0.197
 20   -9.855332070306e-02 -9.855333542106e-02 1.32e-11 2.69e-09 5.09e-11 0.201
 21   -9.855332590992e-02 -9.855332857561e-02 1.95e-12 3.96e-10 9.72e-12 0.205


Optimal solution found in 21 iterations and 0.205s
Objective -9.85533259e-02
Primal infeasibility (abs/rel): 3.89e-12/1.95e-12
Dual infeasibility   (abs/rel): 4.36e-10/3.96e-10
Complementarity gap  (abs/rel): 1.07e-11/9.72e-12


Barrier finished in 0.21 seconds
Dual variables for problems with quadratic constraints not returned.
