cuOpt version: 26.10.0, git hash: 648f805d, host arch: x86_64, device archs: 80-real
CPU: AMD EPYC 7642 48-Core Processor, threads: 5C/5T, RAM usage: 35.16/503.74GiB
CPU SIMD target: AVX2
CUDA 12.9, device: NVIDIA A100 80GB PCIe (ID 0), VRAM: 79.44 GiB
CUDA device UUID: 68df5cf5-71f9-6a93-b428-460c080ffb10
Problem has 1 quadratic constraints. Converting to second-order cones and solving with barrier.
Handling 50 free variables directly in augmented system
Presolved problem: 5103 constraints 10102 variables 265152 nonzeros
Skipping Ruiz equilibration (row norm ratio 1.4, column norm ratio 1.4 < 5e4, Q coeff ratio 1.0 < 100)
Barrier solver started at 0.027 seconds
Barrier solver: 5103 constraints, 10102 variables, 265152 nonzeros


Second-order cones          : 1
Free variables              : 50
Upper bounds                : 5000
Linear system               : augmented
cuDSS Version               : 0.7.1
cuDSS Threading layer       : libcudss_mtlayer_gomp.so.0
Reordering time             : 0.134s
Symbolic factorization time : 0.025s
Symbolic nonzeros in factor : 2.79e+05
Elapsed time for augmented  : 0.192 seconds
Elapsed time           : 0.192 seconds
Barrier setup complete at 0.192 seconds
Adaptive regularization enabled


                  Objective                         Infeasibility        Time
Iter   Primal              Dual                Primal   Dual    Compl.   Elapsed
  0   -3.702509737108e+02 -3.710937010099e+02 3.71e+03 1.91e+00 1.19e-02 0.194
  1   -3.741942821664e+01 -3.496586650468e+02 3.74e+02 7.84e-02 1.66e-02 0.199
  2   -3.888833816274e+00 -2.097808200645e+02 3.80e+01 4.70e-02 1.33e-02 0.203
  3   -4.430335896758e-01 -3.239045892149e+01 3.86e+00 5.32e-03 4.56e-03 0.207
  4   -9.288170601559e-02 -4.512561975171e+00 4.09e-01 5.69e-04 6.47e-04 0.212
  5   -5.627609707117e-02 -7.109289150012e-01 4.09e-02 5.69e-05 8.81e-05 0.216
  6   -5.676233507030e-02 -2.033121100666e-01 9.07e-03 1.26e-05 1.79e-05 0.220
  7   -6.873008087014e-02 -1.408714699986e-01 4.01e-03 5.58e-06 7.66e-06 0.224
  8   -7.285246538306e-02 -1.391245907631e-01 3.37e-03 4.69e-06 2.03e-05 0.228
  9   -7.477570784188e-02 -1.378576070200e-01 3.00e-03 4.18e-06 3.21e-05 0.233
 10   -7.900971871494e-02 -1.327284125270e-01 2.36e-03 3.29e-06 5.32e-05 0.237
 11   -8.004509532808e-02 -1.317342312831e-01 1.98e-03 2.76e-06 6.58e-05 0.241
 12   -8.661783345854e-02 -1.214072748047e-01 1.05e-03 1.46e-06 7.24e-05 0.245
 13   -8.935931092638e-02 -1.150142569966e-01 5.70e-04 7.93e-07 1.44e-04 0.249
 14   -9.415098786695e-02 -1.066025428771e-01 2.40e-04 3.35e-07 5.41e-05 0.254
 15   -9.632069441664e-02 -1.026873473994e-01 1.11e-04 1.55e-07 2.52e-05 0.258
 16   -9.750424233702e-02 -1.005537712837e-01 4.02e-05 5.59e-08 8.28e-06 0.262
 17   -9.814789963115e-02 -9.942060895181e-02 1.20e-05 1.66e-08 5.92e-06 0.266
 18   -9.847553557307e-02 -9.894425523798e-02 4.13e-06 5.75e-09 2.27e-06 0.271
 19   -9.862064970573e-02 -9.873466866789e-02 9.00e-07 1.26e-09 4.61e-07 0.275
 20   -9.865963458301e-02 -9.868015132164e-02 1.58e-07 2.23e-10 8.05e-08 0.279
 21   -9.866723571237e-02 -9.866965281323e-02 1.86e-08 3.18e-11 9.35e-09 0.283
 22   -9.866813338564e-02 -9.866841491009e-02 2.16e-09 7.45e-10 1.04e-09 0.287
 23   -9.866823878407e-02 -9.866826977565e-02 2.38e-10 1.30e-08 1.15e-10 0.290
 24   -9.866825026709e-02 -9.866825398004e-02 2.85e-11 1.03e-07 1.41e-11 0.294
 25   -9.866825166439e-02 -9.866825206095e-02 3.03e-12 2.51e-08 1.50e-12 0.298
 26   -9.866825181410e-02 -9.866825185551e-02 3.09e-13 1.32e-06 1.55e-13 0.301
 27   -9.866825183023e-02 -9.866825183450e-02 3.09e-14 1.13e-07 1.63e-14 0.304
 28   -9.866825183193e-02 -9.866825183239e-02 3.00e-15 4.08e-06 1.89e-15 0.308
 29   -9.866825183203e-02 -9.866825183228e-02 1.55e-15 2.12e-06 1.71e-15 0.312
 30   -9.866825183213e-02 -9.866825183217e-02 3.33e-16 3.52e-07 5.35e-17 0.316
Numerical error in objective
Restoring previous solution


Suboptimal solution found in 31 iterations and 0.32 seconds
Objective -9.86681334e-02
Primal infeasibility (abs/rel): 4.33e-09/2.16e-09
Dual infeasibility   (abs/rel): 8.21e-10/7.45e-10
Complementarity gap  (abs/rel): 1.14e-09/1.04e-09


Barrier finished in 0.32 seconds
Dual variables for problems with quadratic constraints not returned.
