cuOpt version: 26.10.0, git hash: 648f805d, host arch: x86_64, device archs: 80-real
CPU: AMD EPYC 7642 48-Core Processor, threads: 5C/5T, RAM usage: 35.29/503.74GiB
CPU SIMD target: AVX2
CUDA 12.9, device: NVIDIA A100 80GB PCIe (ID 0), VRAM: 79.44 GiB
CUDA device UUID: 68df5cf5-71f9-6a93-b428-460c080ffb10
Problem has 1 quadratic constraints. Converting to second-order cones and solving with barrier.
Handling 50 free variables directly in augmented system
Presolved problem: 5103 constraints 10102 variables 265152 nonzeros
Skipping Ruiz equilibration (row norm ratio 1.4, column norm ratio 1.4 < 5e4, Q coeff ratio 1.0 < 100)
Barrier solver started at 0.027 seconds
Barrier solver: 5103 constraints, 10102 variables, 265152 nonzeros


Second-order cones          : 1
Free variables              : 50
Upper bounds                : 5000
Linear system               : augmented
cuDSS Version               : 0.7.1
cuDSS Threading layer       : libcudss_mtlayer_gomp.so.0
Reordering time             : 0.053s
Symbolic factorization time : 0.023s
Symbolic nonzeros in factor : 2.79e+05
Elapsed time for augmented  : 0.111 seconds
Elapsed time           : 0.111 seconds
Barrier setup complete at 0.111 seconds
Adaptive regularization enabled


                  Objective                         Infeasibility        Time
Iter   Primal              Dual                Primal   Dual    Compl.   Elapsed
  0   -3.704490508896e+02 -3.710981922775e+02 3.71e+03 1.91e+00 1.19e-02 0.111
  1   -3.743964462454e+01 -3.496632394509e+02 3.74e+02 7.84e-02 1.66e-02 0.116
  2   -3.890973957921e+00 -2.097851598800e+02 3.80e+01 4.70e-02 1.33e-02 0.120
  3   -4.433049746329e-01 -3.239282436967e+01 3.86e+00 5.32e-03 4.56e-03 0.124
  4   -9.294832278541e-02 -4.513915143498e+00 4.09e-01 5.69e-04 6.48e-04 0.128
  5   -5.630835855153e-02 -7.111924727970e-01 4.09e-02 5.69e-05 8.82e-05 0.133
  6   -5.679488063058e-02 -2.026132460092e-01 9.02e-03 1.26e-05 1.79e-05 0.137
  7   -6.896534366296e-02 -1.398855157380e-01 3.95e-03 5.50e-06 7.54e-06 0.141
  8   -7.265357701420e-02 -1.383514987576e-01 3.39e-03 4.72e-06 1.52e-05 0.145
  9   -7.517273088154e-02 -1.367391192084e-01 2.94e-03 4.09e-06 3.18e-05 0.149
 10   -8.010386127875e-02 -1.310540351303e-01 2.18e-03 3.03e-06 5.61e-05 0.154
 11   -8.097001666594e-02 -1.301731165171e-01 1.87e-03 2.60e-06 6.37e-05 0.158
 12   -8.583479089387e-02 -1.223458000355e-01 1.22e-03 1.70e-06 6.63e-05 0.162
 13   -8.644539705011e-02 -1.199893917136e-01 9.35e-04 1.30e-06 1.63e-04 0.166
 14   -9.130243700717e-02 -1.113034285835e-01 4.57e-04 6.36e-07 1.28e-04 0.171
 15   -9.468043198925e-02 -1.049506306597e-01 1.98e-04 2.76e-07 7.18e-05 0.175
 16   -9.695616929293e-02 -1.010573227725e-01 6.65e-05 9.26e-08 1.77e-05 0.179
 17   -9.770125187585e-02 -9.967403380905e-02 2.38e-05 3.31e-08 8.19e-06 0.183
 18   -9.815155430981e-02 -9.892811369392e-02 6.98e-06 9.72e-09 4.45e-06 0.187
 19   -9.841117927521e-02 -9.856125613454e-02 1.21e-06 1.68e-09 6.73e-07 0.192
 20   -9.846148402495e-02 -9.849171549059e-02 2.41e-07 3.38e-10 1.18e-07 0.196
 21   -9.847186894890e-02 -9.847734798023e-02 4.30e-08 6.29e-11 1.83e-08 0.200
 22   -9.847384301031e-02 -9.847463101087e-02 6.15e-09 2.00e-11 2.26e-09 0.204
 23   -9.847412716753e-02 -9.847424179790e-02 8.93e-10 2.98e-09 2.98e-10 0.208
 24   -9.847416888320e-02 -9.847418480977e-02 1.24e-10 4.81e-10 3.85e-11 0.212
 25   -9.847417480932e-02 -9.847417672265e-02 1.49e-11 1.79e-08 4.49e-12 0.216
 26   -9.847417553398e-02 -9.847417573441e-02 1.56e-12 3.98e-08 4.76e-13 0.219
 27   -9.847417561021e-02 -9.847417563076e-02 1.58e-13 7.37e-07 4.90e-14 0.223
 28   -9.847417561780e-02 -9.847417562056e-02 2.10e-14 5.41e-06 5.75e-15 0.226
 29   -9.847417561885e-02 -9.847417561918e-02 2.22e-15 7.93e-06 5.53e-16 0.230
Numerical error in objective
Restoring previous solution


Suboptimal solution found in 30 iterations and 0.23 seconds
Objective -9.84738430e-02
Primal infeasibility (abs/rel): 1.23e-08/6.15e-09
Dual infeasibility   (abs/rel): 2.20e-11/2.00e-11
Complementarity gap  (abs/rel): 2.49e-09/2.26e-09


Barrier finished in 0.23 seconds
Dual variables for problems with quadratic constraints not returned.
