cuOpt version: 26.10.0, git hash: 648f805d, host arch: x86_64, device archs: 80-real
CPU: AMD EPYC 7642 48-Core Processor, threads: 5C/5T, RAM usage: 35.16/503.74GiB
CPU SIMD target: AVX2
CUDA 12.9, device: NVIDIA A100 80GB PCIe (ID 0), VRAM: 79.44 GiB
CUDA device UUID: 68df5cf5-71f9-6a93-b428-460c080ffb10
Problem has 1 quadratic constraints. Converting to second-order cones and solving with barrier.
Handling 50 free variables directly in augmented system
Presolved problem: 5103 constraints 10102 variables 265152 nonzeros
Skipping Ruiz equilibration (row norm ratio 1.4, column norm ratio 1.4 < 5e4, Q coeff ratio 1.0 < 100)
Barrier solver started at 0.026 seconds
Barrier solver: 5103 constraints, 10102 variables, 265152 nonzeros


Second-order cones          : 1
Free variables              : 50
Upper bounds                : 5000
Linear system               : augmented
cuDSS Version               : 0.7.1
cuDSS Threading layer       : libcudss_mtlayer_gomp.so.0
Reordering time             : 0.054s
Symbolic factorization time : 0.023s
Symbolic nonzeros in factor : 2.79e+05
Elapsed time for augmented  : 0.111 seconds
Elapsed time           : 0.111 seconds
Barrier setup complete at 0.111 seconds
Adaptive regularization enabled


                  Objective                         Infeasibility        Time
Iter   Primal              Dual                Primal   Dual    Compl.   Elapsed
  0   -3.702779911923e+02 -3.710340990992e+02 3.71e+03 1.91e+00 1.19e-02 0.111
  1   -3.742292109118e+01 -3.495990552812e+02 3.74e+02 7.84e-02 1.66e-02 0.116
  2   -3.889384307628e+00 -2.097327988012e+02 3.80e+01 4.70e-02 1.33e-02 0.120
  3   -4.430960182687e-01 -3.238133789901e+01 3.86e+00 5.32e-03 4.56e-03 0.124
  4   -9.289012197208e-02 -4.510662227589e+00 4.09e-01 5.68e-04 6.47e-04 0.129
  5   -5.628863756628e-02 -7.106312271472e-01 4.09e-02 5.69e-05 8.80e-05 0.133
  6   -5.677850778184e-02 -2.029424272391e-01 9.04e-03 1.26e-05 1.79e-05 0.137
  7   -6.877287718106e-02 -1.406254863809e-01 4.00e-03 5.57e-06 7.64e-06 0.141
  8   -7.302390533267e-02 -1.387468622852e-01 3.31e-03 4.60e-06 2.33e-05 0.145
  9   -7.655296452296e-02 -1.353559558425e-01 2.71e-03 3.78e-06 5.34e-05 0.150
 10   -8.076278381887e-02 -1.302532317861e-01 2.00e-03 2.78e-06 7.65e-05 0.154
 11   -8.201908396780e-02 -1.286317541683e-01 1.65e-03 2.29e-06 7.72e-05 0.158
 12   -8.588591055716e-02 -1.221386584631e-01 1.12e-03 1.56e-06 7.21e-05 0.162
 13   -8.618516328979e-02 -1.205849261764e-01 9.23e-04 1.28e-06 1.19e-04 0.166
 14   -9.029711485706e-02 -1.130154617068e-01 4.99e-04 6.94e-07 1.12e-04 0.171
 15   -9.408412988931e-02 -1.058317598561e-01 2.31e-04 3.22e-07 7.25e-05 0.175
 16   -9.644047621828e-02 -1.017414818206e-01 8.51e-05 1.18e-07 2.08e-05 0.179
 17   -9.738354374481e-02 -9.984886289656e-02 2.27e-05 3.16e-08 1.33e-05 0.183
 18   -9.794054234653e-02 -9.902848535233e-02 9.29e-06 1.29e-08 7.00e-06 0.188
 19   -9.822787233860e-02 -9.860316171306e-02 2.30e-06 3.20e-09 2.19e-06 0.192
 20   -9.835884110958e-02 -9.842826562816e-02 4.02e-07 5.63e-10 3.65e-07 0.196
 21   -9.838494059362e-02 -9.839397357623e-02 5.22e-08 7.64e-11 4.27e-08 0.200
 22   -9.838837410399e-02 -9.838947278221e-02 6.35e-09 1.33e-11 4.78e-09 0.204
 23   -9.838879368908e-02 -9.838892336973e-02 7.49e-10 8.64e-10 5.26e-10 0.208
 24   -9.838884329693e-02 -9.838885846127e-02 8.76e-11 1.55e-08 5.73e-11 0.212
 25   -9.838884906520e-02 -9.838885091111e-02 1.07e-11 1.87e-09 6.25e-12 0.216


Optimal solution found in 25 iterations and 0.216s
Objective -9.83888491e-02
Primal infeasibility (abs/rel): 2.13e-11/1.07e-11
Dual infeasibility   (abs/rel): 2.06e-09/1.87e-09
Complementarity gap  (abs/rel): 6.87e-12/6.25e-12


Barrier finished in 0.22 seconds
Dual variables for problems with quadratic constraints not returned.
