cuOpt version: 26.10.0, git hash: 648f805d, host arch: x86_64, device archs: 80-real
CPU: AMD EPYC 7642 48-Core Processor, threads: 5C/5T, RAM usage: 35.28/503.74GiB
CPU SIMD target: AVX2
CUDA 12.9, device: NVIDIA A100 80GB PCIe (ID 0), VRAM: 79.44 GiB
CUDA device UUID: 68df5cf5-71f9-6a93-b428-460c080ffb10
Problem has 1 quadratic constraints. Converting to second-order cones and solving with barrier.
Handling 50 free variables directly in augmented system
Presolved problem: 5103 constraints 10102 variables 265152 nonzeros
Skipping Ruiz equilibration (row norm ratio 1.4, column norm ratio 1.4 < 5e4, Q coeff ratio 1.0 < 100)
Barrier solver started at 0.027 seconds
Barrier solver: 5103 constraints, 10102 variables, 265152 nonzeros


Second-order cones          : 1
Free variables              : 50
Upper bounds                : 5000
Linear system               : augmented
cuDSS Version               : 0.7.1
cuDSS Threading layer       : libcudss_mtlayer_gomp.so.0
Reordering time             : 0.054s
Symbolic factorization time : 0.023s
Symbolic nonzeros in factor : 2.79e+05
Elapsed time for augmented  : 0.111 seconds
Elapsed time           : 0.111 seconds
Barrier setup complete at 0.111 seconds
Adaptive regularization enabled


                  Objective                         Infeasibility        Time
Iter   Primal              Dual                Primal   Dual    Compl.   Elapsed
  0   -3.703361174615e+02 -3.711052443117e+02 3.71e+03 1.91e+00 1.19e-02 0.112
  1   -3.742795209044e+01 -3.496702503332e+02 3.74e+02 7.84e-02 1.66e-02 0.116
  2   -3.889668016939e+00 -2.097901230119e+02 3.80e+01 4.70e-02 1.33e-02 0.120
  3   -4.431096109010e-01 -3.239116105752e+01 3.86e+00 5.32e-03 4.56e-03 0.125
  4   -9.288826022559e-02 -4.511806795444e+00 4.09e-01 5.68e-04 6.47e-04 0.129
  5   -5.628648500052e-02 -7.107976400053e-01 4.09e-02 5.69e-05 8.80e-05 0.133
  6   -5.677571241758e-02 -2.030855408328e-01 9.05e-03 1.26e-05 1.79e-05 0.137
  7   -6.872918256805e-02 -1.411026633907e-01 4.03e-03 5.61e-06 7.69e-06 0.142
  8   -7.250345338103e-02 -1.395584675288e-01 3.42e-03 4.77e-06 1.99e-05 0.146
  9   -7.554429166754e-02 -1.369873639896e-01 2.91e-03 4.05e-06 4.64e-05 0.150
 10   -7.906083835767e-02 -1.334444047088e-01 2.24e-03 3.12e-06 7.42e-05 0.154
 11   -8.340818514289e-02 -1.273470303569e-01 1.50e-03 2.08e-06 8.08e-05 0.158
 12   -8.386817821544e-02 -1.262597852626e-01 1.30e-03 1.81e-06 7.68e-05 0.163
 13   -8.679977980772e-02 -1.206801823369e-01 9.18e-04 1.28e-06 6.54e-05 0.167
 14   -8.889469270861e-02 -1.155764880155e-01 5.81e-04 8.09e-07 1.87e-04 0.171
 15   -9.465244679013e-02 -1.053442238336e-01 1.87e-04 2.60e-07 6.33e-05 0.175
 16   -9.673240019044e-02 -1.015794083133e-01 7.71e-05 1.07e-07 2.21e-05 0.180
 17   -9.766355510871e-02 -9.987672565066e-02 2.74e-05 3.81e-08 6.95e-06 0.184
 18   -9.818070800373e-02 -9.898247610306e-02 7.44e-06 1.04e-08 3.34e-06 0.188
 19   -9.842129442167e-02 -9.862909024747e-02 1.86e-06 2.59e-09 7.52e-07 0.192
 20   -9.848813965361e-02 -9.853092804473e-02 3.65e-07 5.10e-10 1.36e-07 0.196
 21   -9.850296891727e-02 -9.850961458111e-02 5.59e-08 7.94e-11 1.85e-08 0.201
 22   -9.850532162892e-02 -9.850625851060e-02 7.87e-09 6.34e-10 2.38e-09 0.204
 23   -9.850565668016e-02 -9.850578112200e-02 1.04e-09 3.37e-09 2.88e-10 0.208
 24   -9.850570147277e-02 -9.850571735807e-02 1.33e-10 4.58e-10 3.29e-11 0.212
 25   -9.850570725383e-02 -9.850570913497e-02 1.58e-11 1.48e-08 3.55e-12 0.216
 26   -9.850570794697e-02 -9.850570815058e-02 1.71e-12 1.05e-06 3.76e-13 0.219
 27   -9.850570802229e-02 -9.850570804333e-02 1.76e-13 4.12e-08 3.91e-14 0.222
 28   -9.850570803012e-02 -9.850570803226e-02 1.74e-14 2.65e-07 5.24e-15 0.226
 29   -9.850570803069e-02 -9.850570803146e-02 5.88e-15 1.10e-05 1.25e-15 0.229
 30   -9.850570803099e-02 -9.850570803107e-02 6.66e-16 2.80e-05 9.57e-16 0.232
 31   -9.850570803100e-02 -9.850570803106e-02 4.44e-16 1.36e-05 1.53e-15 0.236
 32   -9.850570803102e-02 -9.850570803104e-02 1.11e-16 6.26e-06 1.17e-15 0.240
Numerical error in objective
Restoring previous solution


Suboptimal solution found in 33 iterations and 0.24 seconds
Objective -9.85057015e-02
Primal infeasibility (abs/rel): 2.67e-10/1.33e-10
Dual infeasibility   (abs/rel): 5.05e-10/4.58e-10
Complementarity gap  (abs/rel): 3.61e-11/3.29e-11


Barrier finished in 0.24 seconds
Dual variables for problems with quadratic constraints not returned.
