cuOpt version: 26.10.0, git hash: 648f805d, host arch: x86_64, device archs: 80-real
CPU: AMD EPYC 7642 48-Core Processor, threads: 5C/5T, RAM usage: 35.39/503.74GiB
CPU SIMD target: AVX2
CUDA 12.9, device: NVIDIA A100 80GB PCIe (ID 0), VRAM: 79.44 GiB
CUDA device UUID: 68df5cf5-71f9-6a93-b428-460c080ffb10
Problem has 1 quadratic constraints. Converting to second-order cones and solving with barrier.
Handling 50 free variables directly in augmented system
Presolved problem: 5103 constraints 10102 variables 265152 nonzeros
Skipping Ruiz equilibration (row norm ratio 1.4, column norm ratio 1.4 < 5e4, Q coeff ratio 1.0 < 100)
Barrier solver started at 0.023 seconds
Barrier solver: 5103 constraints, 10102 variables, 265152 nonzeros


Second-order cones          : 1
Free variables              : 50
Upper bounds                : 5000
Linear system               : augmented
cuDSS Version               : 0.7.1
cuDSS Threading layer       : libcudss_mtlayer_gomp.so.0
Reordering time             : 0.052s
Symbolic factorization time : 0.023s
Symbolic nonzeros in factor : 2.79e+05
Elapsed time for augmented  : 0.106 seconds
Elapsed time           : 0.106 seconds
Barrier setup complete at 0.106 seconds
Adaptive regularization enabled


                  Objective                         Infeasibility        Time
Iter   Primal              Dual                Primal   Dual    Compl.   Elapsed
  0   -3.704184917206e+02 -3.711180220135e+02 3.71e+03 1.91e+00 1.19e-02 0.106
  1   -3.743667642973e+01 -3.496831248437e+02 3.74e+02 7.84e-02 1.66e-02 0.111
  2   -3.890721360530e+00 -2.098022578014e+02 3.81e+01 4.70e-02 1.33e-02 0.115
  3   -4.432496135579e-01 -3.239510580299e+01 3.86e+00 5.32e-03 4.56e-03 0.119
  4   -9.292806824438e-02 -4.513484749919e+00 4.09e-01 5.69e-04 6.47e-04 0.123
  5   -5.630149958813e-02 -7.111030802303e-01 4.09e-02 5.69e-05 8.81e-05 0.128
  6   -5.679295689184e-02 -2.026136478685e-01 9.02e-03 1.26e-05 1.79e-05 0.132
  7   -6.890572672209e-02 -1.403836170173e-01 3.98e-03 5.54e-06 7.60e-06 0.136
  8   -7.267051724314e-02 -1.388421479358e-01 3.40e-03 4.73e-06 1.77e-05 0.140
  9   -7.530490975843e-02 -1.369570205841e-01 2.93e-03 4.07e-06 3.96e-05 0.145
 10   -8.048624875726e-02 -1.308041880786e-01 2.11e-03 2.94e-06 6.63e-05 0.149
 11   -8.161227301614e-02 -1.295500197749e-01 1.75e-03 2.44e-06 6.54e-05 0.153
 12   -8.609351555673e-02 -1.222948332436e-01 1.12e-03 1.56e-06 5.72e-05 0.157
 13   -8.679652497365e-02 -1.198287055794e-01 8.61e-04 1.20e-06 1.40e-04 0.162
 14   -9.167718237094e-02 -1.109621086615e-01 4.01e-04 5.58e-07 1.07e-04 0.166
 15   -9.491828608093e-02 -1.049794085209e-01 1.82e-04 2.54e-07 5.95e-05 0.170
 16   -9.708817338215e-02 -1.012773039397e-01 6.71e-05 9.34e-08 1.57e-05 0.174
 17   -9.787181038885e-02 -9.977318230754e-02 2.05e-05 2.85e-08 8.80e-06 0.178
 18   -9.838651134366e-02 -9.897106415907e-02 4.47e-06 6.22e-09 2.05e-06 0.183
 19   -9.857534587845e-02 -9.871151990281e-02 1.00e-06 1.39e-09 4.01e-07 0.187
 20   -9.862196056312e-02 -9.864810137517e-02 1.84e-07 2.58e-10 6.09e-08 0.191
 21   -9.863131212752e-02 -9.863558089579e-02 2.97e-08 4.30e-11 8.72e-09 0.195
 22   -9.863289721048e-02 -9.863347136814e-02 3.98e-09 2.97e-11 1.08e-09 0.200
 23   -9.863311468383e-02 -9.863318248441e-02 4.70e-10 1.22e-08 1.19e-10 0.203
 24   -9.863314051792e-02 -9.863314818714e-02 5.32e-11 1.33e-07 1.26e-11 0.207
 25   -9.863314347166e-02 -9.863314426698e-02 5.52e-12 3.37e-08 1.30e-12 0.210
 26   -9.863314377885e-02 -9.863314385940e-02 5.58e-13 9.62e-08 1.32e-13 0.214
 27   -9.863314380991e-02 -9.863314381825e-02 5.75e-14 8.92e-08 1.36e-14 0.217
 28   -9.863314381306e-02 -9.863314381409e-02 6.99e-15 4.49e-07 1.65e-15 0.221
 29   -9.863314381318e-02 -9.863314381393e-02 4.66e-15 1.26e-05 1.12e-15 0.225
Numerical error in objective
Restoring previous solution


Suboptimal solution found in 30 iterations and 0.23 seconds
Objective -9.86328972e-02
Primal infeasibility (abs/rel): 7.97e-09/3.98e-09
Dual infeasibility   (abs/rel): 3.27e-11/2.97e-11
Complementarity gap  (abs/rel): 1.19e-09/1.08e-09


Barrier finished in 0.23 seconds
Dual variables for problems with quadratic constraints not returned.
