cuOpt version: 26.10.0, git hash: 648f805d, host arch: x86_64, device archs: 80-real
CPU: AMD EPYC 7642 48-Core Processor, threads: 5C/5T, RAM usage: 35.24/503.74GiB
CPU SIMD target: AVX2
CUDA 12.9, device: NVIDIA A100 80GB PCIe (ID 0), VRAM: 79.44 GiB
CUDA device UUID: 68df5cf5-71f9-6a93-b428-460c080ffb10
Problem has 1 quadratic constraints. Converting to second-order cones and solving with barrier.
Handling 50 free variables directly in augmented system
Presolved problem: 5103 constraints 10102 variables 265152 nonzeros
Skipping Ruiz equilibration (row norm ratio 1.4, column norm ratio 1.4 < 5e4, Q coeff ratio 1.0 < 100)
Barrier solver started at 0.026 seconds
Barrier solver: 5103 constraints, 10102 variables, 265152 nonzeros


Second-order cones          : 1
Free variables              : 50
Upper bounds                : 5000
Linear system               : augmented
cuDSS Version               : 0.7.1
cuDSS Threading layer       : libcudss_mtlayer_gomp.so.0
Reordering time             : 0.058s
Symbolic factorization time : 0.024s
Symbolic nonzeros in factor : 2.79e+05
Elapsed time for augmented  : 0.114 seconds
Elapsed time           : 0.114 seconds
Barrier setup complete at 0.114 seconds
Adaptive regularization enabled


                  Objective                         Infeasibility        Time
Iter   Primal              Dual                Primal   Dual    Compl.   Elapsed
  0   -3.702964190560e+02 -3.711235215740e+02 3.71e+03 1.91e+00 1.19e-02 0.115
  1   -3.742349295376e+01 -3.496884758318e+02 3.74e+02 7.84e-02 1.66e-02 0.119
  2   -3.889054526245e+00 -2.098042038974e+02 3.80e+01 4.70e-02 1.33e-02 0.124
  3   -4.430325555093e-01 -3.239324781577e+01 3.86e+00 5.32e-03 4.56e-03 0.128
  4   -9.287132158810e-02 -4.512039571369e+00 4.09e-01 5.68e-04 6.47e-04 0.132
  5   -5.627559517101e-02 -7.108197449656e-01 4.09e-02 5.69e-05 8.80e-05 0.136
  6   -5.676127129505e-02 -2.028282072340e-01 9.03e-03 1.26e-05 1.79e-05 0.141
  7   -6.872057580153e-02 -1.408419733298e-01 4.01e-03 5.59e-06 7.67e-06 0.145
  8   -7.258982425125e-02 -1.392588274769e-01 3.40e-03 4.73e-06 2.05e-05 0.149
  9   -7.571181245099e-02 -1.366622377962e-01 2.87e-03 4.00e-06 4.96e-05 0.153
 10   -7.916984707094e-02 -1.330919965799e-01 2.23e-03 3.11e-06 8.05e-05 0.158
 11   -8.266762323707e-02 -1.284169251428e-01 1.57e-03 2.19e-06 8.79e-05 0.162
 12   -8.365782843441e-02 -1.266262191324e-01 1.28e-03 1.78e-06 8.45e-05 0.166
 13   -8.597751125088e-02 -1.221423657027e-01 9.32e-04 1.30e-06 7.35e-05 0.170
 14   -8.796964141049e-02 -1.174009862304e-01 6.31e-04 8.79e-07 1.66e-04 0.175
 15   -9.395185070221e-02 -1.062205115817e-01 2.12e-04 2.95e-07 6.87e-05 0.179
 16   -9.601550354544e-02 -1.024278664607e-01 8.72e-05 1.21e-07 2.31e-05 0.183
 17   -9.729755293141e-02 -1.002292104297e-01 3.73e-05 5.19e-08 7.98e-06 0.188
 18   -9.782857853386e-02 -9.921481262061e-02 1.31e-05 1.83e-08 6.47e-06 0.192
 19   -9.819958722441e-02 -9.862586434446e-02 2.57e-06 3.58e-09 1.40e-06 0.198
 20   -9.833913866318e-02 -9.843271658868e-02 5.22e-07 7.27e-10 2.66e-07 0.202
 21   -9.837234423130e-02 -9.838792378169e-02 8.50e-08 1.21e-10 3.81e-08 0.206
 22   -9.837803855158e-02 -9.838030353566e-02 1.23e-08 2.39e-11 4.88e-09 0.211
 23   -9.837887833469e-02 -9.837918082779e-02 1.64e-09 3.62e-09 5.76e-10 0.215
 24   -9.837899224684e-02 -9.837902843780e-02 1.97e-10 3.57e-10 6.35e-11 0.219
 25   -9.837900612763e-02 -9.837900985361e-02 2.02e-11 1.28e-07 6.57e-12 0.223
 26   -9.837900756047e-02 -9.837900793535e-02 2.04e-12 6.27e-08 6.64e-13 0.227
 27   -9.837900770461e-02 -9.837900774253e-02 2.06e-13 8.77e-08 6.67e-14 0.230
 28   -9.837900771922e-02 -9.837900772303e-02 2.07e-14 6.31e-07 6.40e-15 0.234
 29   -9.837900772054e-02 -9.837900772128e-02 3.89e-15 1.09e-06 1.20e-15 0.238
Numerical error in objective
Restoring previous solution


Suboptimal solution found in 30 iterations and 0.24 seconds
Objective -9.83789922e-02
Primal infeasibility (abs/rel): 3.93e-10/1.97e-10
Dual infeasibility   (abs/rel): 3.93e-10/3.57e-10
Complementarity gap  (abs/rel): 6.98e-11/6.35e-11


Barrier finished in 0.24 seconds
Dual variables for problems with quadratic constraints not returned.
