cuOpt version: 26.10.0, git hash: 80c103c1, host arch: x86_64, device archs: 80-real
CPU: AMD EPYC 7642 48-Core Processor, threads: 5C/5T, RAM usage: 31.37/503.74GiB
CPU SIMD target: AVX2
CUDA 12.9, device: NVIDIA A100 80GB PCIe (ID 0), VRAM: 79.44 GiB
CUDA device UUID: 68df5cf5-71f9-6a93-b428-460c080ffb10
Problem has 1 quadratic constraints. Converting to second-order cones and solving with barrier.
Barrier: reusing cache (skip convert/presolve/scaling)
Barrier solver started at 0.00 seconds
Barrier solver: 5053 constraints, 10052 variables, 265052 nonzeros
Barrier setup complete at 0.00 seconds
Elapsed time                : 0.00s
Adaptive regularization enabled


                  Objective                         Infeasibility        Time
Iter   Primal              Dual                Primal   Dual    Compl.   Elapsed
  0   -2.495399155650e+03 -2.506362593819e+03 2.50e+04 9.49e+01 4.25e-02 0.0
  1   -4.393990823386e+01 -5.902588192413e+01 4.39e+02 3.28e+00 1.29e-01 0.0
  2   -7.939217316521e-01 -2.497318439538e+01 7.40e+00 5.11e-01 9.97e-02 0.0
  3   -6.950086807064e-02 -9.257362031019e+00 1.91e-01 1.36e-02 3.25e-03 0.0
  4   -5.065054982011e-02 -8.256563127805e-01 1.91e-03 1.36e-04 1.54e-04 0.0
  5   -5.248740132129e-02 -1.123573701408e-01 1.47e-04 1.05e-05 1.87e-05 0.0
  6   -6.462793507551e-02 -1.124769165001e-01 1.01e-04 7.17e-06 1.21e-05 0.0
  7   -6.563132199146e-02 -1.132306105279e-01 9.66e-05 6.88e-06 1.70e-05 0.0
  8   -7.549761468389e-02 -1.118655900049e-01 6.60e-05 4.70e-06 2.55e-05 0.0
  9   -7.625431754803e-02 -1.124289745049e-01 6.17e-05 4.40e-06 1.00e-04 0.1
 10   -7.855561915746e-02 -1.127244097676e-01 5.29e-05 3.77e-06 3.01e-04 0.1
 11   -8.670079626286e-02 -1.095653149673e-01 2.55e-05 1.81e-06 2.43e-04 0.1
 12   -9.400435580948e-02 -1.035287664670e-01 9.43e-06 6.72e-07 5.20e-05 0.1
 13   -9.463190681536e-02 -1.029811444182e-01 7.15e-06 5.09e-07 7.65e-05 0.1
 14   -9.556012970839e-02 -1.022765370562e-01 4.64e-06 3.31e-07 1.05e-04 0.1
 15   -9.673668145690e-02 -1.011464034466e-01 2.54e-06 1.81e-07 6.27e-05 0.1
 16   -9.696864087148e-02 -1.008050714987e-01 1.89e-06 1.34e-07 6.84e-05 0.1
 17   -9.795380754440e-02 -9.971895642107e-02 6.66e-07 4.75e-08 3.07e-05 0.1
 18   -9.835516211117e-02 -9.920407137840e-02 2.25e-07 1.60e-08 1.83e-05 0.1
 19   -9.866876632358e-02 -9.885673127617e-02 4.74e-08 3.38e-09 4.31e-06 0.1
 20   -9.873559628594e-02 -9.877539264817e-02 6.82e-09 4.80e-10 8.41e-07 0.1
 21   -9.875210060679e-02 -9.875722541002e-02 8.73e-10 6.65e-11 1.08e-07 0.1
 22   -9.875421228659e-02 -9.875471046809e-02 4.14e-11 1.17e-11 5.54e-09 0.1


Optimal solution found in 22 iterations and 0.118s
Objective -9.87542123e-02
Primal infeasibility (abs/rel): 8.29e-11/4.14e-11
Dual infeasibility   (abs/rel): 1.29e-11/1.17e-11
Complementarity gap  (abs/rel): 6.09e-09/5.54e-09
Objective gap        (abs/rel): 4.98e-07/4.53e-07


Barrier finished in 0.12 seconds
Dual variables for problems with quadratic constraints not returned.
