cuOpt version: 26.10.0, git hash: 80c103c1, host arch: x86_64, device archs: 80-real
CPU: AMD EPYC 7642 48-Core Processor, threads: 5C/5T, RAM usage: 31.53/503.74GiB
CPU SIMD target: AVX2
CUDA 12.9, device: NVIDIA A100 80GB PCIe (ID 0), VRAM: 79.44 GiB
CUDA device UUID: 68df5cf5-71f9-6a93-b428-460c080ffb10
Problem has 1 quadratic constraints. Converting to second-order cones and solving with barrier.
Barrier: reusing cache (skip convert/presolve/scaling)
Barrier solver started at 0.00 seconds
Barrier solver: 5053 constraints, 10052 variables, 265052 nonzeros
Barrier setup complete at 0.00 seconds
Elapsed time                : 0.00s
Adaptive regularization enabled


                  Objective                         Infeasibility        Time
Iter   Primal              Dual                Primal   Dual    Compl.   Elapsed
  0   -2.495820311286e+03 -2.506230934629e+03 2.50e+04 9.58e+01 4.25e-02 0.0
  1   -4.429607409310e+01 -5.937775581419e+01 4.42e+02 3.31e+00 1.29e-01 0.0
  2   -7.315590929232e-01 -2.077348008418e+01 6.77e+00 5.10e-01 9.95e-02 0.0
  3   -6.873370941368e-02 -9.059276099720e+00 1.82e-01 1.41e-02 3.25e-03 0.0
  4   -5.073063259082e-02 -7.708950899070e-01 1.82e-03 1.41e-04 1.44e-04 0.0
  5   -5.271432191306e-02 -1.121229470991e-01 1.50e-04 1.16e-05 1.84e-05 0.0
  6   -6.481408671412e-02 -1.119597724538e-01 1.03e-04 7.96e-06 1.19e-05 0.0
  7   -6.568218756709e-02 -1.126240567220e-01 9.90e-05 7.67e-06 1.72e-05 0.0
  8   -7.510235354378e-02 -1.115304423094e-01 6.92e-05 5.36e-06 2.80e-05 0.0
  9   -7.571425246736e-02 -1.119979753422e-01 6.53e-05 5.06e-06 1.08e-04 0.1
 10   -8.106578078863e-02 -1.138418085072e-01 4.30e-05 3.33e-06 3.04e-04 0.1
 11   -8.565643498236e-02 -1.115367153828e-01 2.47e-05 1.92e-06 4.30e-04 0.1
 12   -9.406344855207e-02 -1.048630627584e-01 3.88e-06 3.00e-07 3.06e-04 0.1
 13   -9.668360511943e-02 -1.007881596997e-01 1.33e-06 1.03e-07 1.45e-04 0.1
 14   -9.807334117720e-02 -9.898442505405e-02 2.38e-07 1.85e-08 1.95e-05 0.1
 15   -9.839079630661e-02 -9.857911767672e-02 3.42e-08 2.65e-09 1.76e-06 0.1
 16   -9.846319105522e-02 -9.848729234913e-02 3.77e-09 2.93e-10 7.41e-08 0.1
 17   -9.847223136204e-02 -9.847648373599e-02 6.07e-10 4.94e-11 5.21e-09 0.1
 18   -9.847335776179e-02 -9.847512281096e-02 2.03e-10 1.03e-10 2.68e-09 0.1
 19   -9.847392932912e-02 -9.847445820311e-02 4.34e-11 2.36e-11 8.01e-10 0.1


Optimal solution found in 19 iterations and 0.102s
Objective -9.84739293e-02
Primal infeasibility (abs/rel): 8.68e-11/4.34e-11
Dual infeasibility   (abs/rel): 2.60e-11/2.36e-11
Complementarity gap  (abs/rel): 8.80e-10/8.01e-10
Objective gap        (abs/rel): 5.29e-07/4.81e-07


Barrier finished in 0.10 seconds
Dual variables for problems with quadratic constraints not returned.
