cuOpt version: 26.10.0, git hash: 80c103c1, host arch: x86_64, device archs: 80-real
CPU: AMD EPYC 7642 48-Core Processor, threads: 5C/5T, RAM usage: 31.48/503.74GiB
CPU SIMD target: AVX2
CUDA 12.9, device: NVIDIA A100 80GB PCIe (ID 0), VRAM: 79.44 GiB
CUDA device UUID: 68df5cf5-71f9-6a93-b428-460c080ffb10
Problem has 1 quadratic constraints. Converting to second-order cones and solving with barrier.
Barrier: reusing cache (skip convert/presolve/scaling)
Barrier solver started at 0.00 seconds
Barrier solver: 5053 constraints, 10052 variables, 265052 nonzeros
Barrier setup complete at 0.00 seconds
Elapsed time                : 0.00s
Adaptive regularization enabled


                  Objective                         Infeasibility        Time
Iter   Primal              Dual                Primal   Dual    Compl.   Elapsed
  0   -2.495695349820e+03 -2.506567920315e+03 2.50e+04 8.36e+01 4.29e-02 0.0
  1   -4.540550096698e+01 -6.054635183224e+01 4.53e+02 3.14e+00 1.28e-01 0.0
  2   -6.955482763013e-01 -1.745206158317e+01 6.38e+00 5.17e-01 1.01e-01 0.0
  3   -7.242689752912e-02 -8.961704293626e+00 2.16e-01 1.78e-02 3.97e-03 0.0
  4   -5.095810272554e-02 -9.409194301017e-01 2.16e-03 1.79e-04 1.76e-04 0.0
  5   -5.252071055554e-02 -1.164907749184e-01 1.55e-04 1.28e-05 1.95e-05 0.0
  6   -6.734137072276e-02 -1.101321783201e-01 8.64e-05 7.14e-06 9.99e-06 0.0
  7   -6.853790521258e-02 -1.109742391370e-01 8.22e-05 6.79e-06 1.50e-05 0.0
  8   -7.514294803210e-02 -1.109909362877e-01 6.36e-05 5.25e-06 2.58e-05 0.0
  9   -7.572097557201e-02 -1.114304201032e-01 6.04e-05 4.99e-06 1.05e-04 0.1
 10   -8.183039836095e-02 -1.116703158581e-01 4.09e-05 3.38e-06 7.60e-05 0.1
 11   -8.273023465865e-02 -1.115666240422e-01 3.62e-05 2.99e-06 1.34e-04 0.1
 12   -8.900432913559e-02 -1.071302460865e-01 2.14e-05 1.77e-06 7.33e-05 0.1
 13   -9.022849878095e-02 -1.063868981249e-01 1.72e-05 1.42e-06 1.23e-04 0.1
 14   -9.126976004672e-02 -1.056196130506e-01 1.41e-05 1.16e-06 1.47e-04 0.1
 15   -9.464803807110e-02 -1.026642638972e-01 6.88e-06 5.68e-07 8.41e-05 0.1
 16   -9.495880939324e-02 -1.022794936060e-01 5.48e-06 4.53e-07 1.05e-04 0.1
 17   -9.686676571694e-02 -1.004413193403e-01 2.41e-06 2.00e-07 4.70e-05 0.1
 18   -9.714542604529e-02 -1.000915489468e-01 1.62e-06 1.34e-07 4.72e-05 0.1
 19   -9.793703260298e-02 -9.926017496592e-02 6.37e-07 5.27e-08 1.98e-05 0.1
 20   -9.816736925533e-02 -9.898592330464e-02 3.13e-07 2.58e-08 1.43e-05 0.1
 21   -9.842960733002e-02 -9.869654789286e-02 8.65e-08 7.15e-09 4.58e-06 0.1
 22   -9.850845714016e-02 -9.860356208772e-02 2.23e-08 1.83e-09 1.65e-06 0.1
 23   -9.854206311186e-02 -9.856637298597e-02 5.32e-09 4.38e-10 4.15e-07 0.1
 24   -9.855185602796e-02 -9.855496649173e-02 3.98e-10 2.98e-11 3.99e-08 0.1
 25   -9.855312954488e-02 -9.855355025973e-02 5.37e-11 6.83e-12 5.52e-09 0.1


Optimal solution found in 25 iterations and 0.134s
Objective -9.85531295e-02
Primal infeasibility (abs/rel): 1.07e-10/5.37e-11
Dual infeasibility   (abs/rel): 7.53e-12/6.83e-12
Complementarity gap  (abs/rel): 6.06e-09/5.52e-09
Objective gap        (abs/rel): 4.21e-07/3.83e-07


Barrier finished in 0.13 seconds
Dual variables for problems with quadratic constraints not returned.
