cuOpt version: 26.10.0, git hash: 80c103c1, host arch: x86_64, device archs: 80-real
CPU: AMD EPYC 7642 48-Core Processor, threads: 5C/5T, RAM usage: 31.38/503.74GiB
CPU SIMD target: AVX2
CUDA 12.9, device: NVIDIA A100 80GB PCIe (ID 0), VRAM: 79.44 GiB
CUDA device UUID: 68df5cf5-71f9-6a93-b428-460c080ffb10
Problem has 1 quadratic constraints. Converting to second-order cones and solving with barrier.
Barrier: reusing cache (skip convert/presolve/scaling)
Barrier solver started at 0.00 seconds
Barrier solver: 5053 constraints, 10052 variables, 265052 nonzeros
Barrier setup complete at 0.00 seconds
Elapsed time                : 0.00s
Adaptive regularization enabled


                  Objective                         Infeasibility        Time
Iter   Primal              Dual                Primal   Dual    Compl.   Elapsed
  0   -2.495080895756e+03 -2.506340120758e+03 2.50e+04 8.91e+01 4.27e-02 0.0
  1   -4.452656747749e+01 -5.964226010368e+01 4.45e+02 3.21e+00 1.29e-01 0.0
  2   -6.957956952159e-01 -1.793657462593e+01 6.40e+00 5.09e-01 9.97e-02 0.0
  3   -6.848406252578e-02 -8.924486271013e+00 1.78e-01 1.46e-02 3.29e-03 0.0
  4   -5.081575184276e-02 -7.465303573911e-01 1.78e-03 1.46e-04 1.38e-04 0.0
  5   -5.287315112329e-02 -1.112965627800e-01 1.50e-04 1.22e-05 1.81e-05 0.0
  6   -6.507208803650e-02 -1.120368458296e-01 1.03e-04 8.39e-06 1.18e-05 0.0
  7   -6.612725600650e-02 -1.128142939642e-01 9.84e-05 8.03e-06 1.67e-05 0.0
  8   -7.651321197288e-02 -1.115520146199e-01 6.46e-05 5.27e-06 3.04e-05 0.0
  9   -7.716050394675e-02 -1.120226634844e-01 6.04e-05 4.93e-06 1.03e-04 0.1
 10   -7.881447226470e-02 -1.123373374511e-01 5.35e-05 4.36e-06 2.99e-04 0.1
 11   -8.728435015309e-02 -1.087431128533e-01 2.37e-05 1.93e-06 2.35e-04 0.1
 12   -9.382853856539e-02 -1.029481738937e-01 9.30e-06 7.59e-07 5.24e-05 0.1
 13   -9.446407796307e-02 -1.023895639544e-01 6.95e-06 5.67e-07 7.96e-05 0.1
 14   -9.575475039338e-02 -1.013219499510e-01 3.54e-06 2.89e-07 1.02e-04 0.1
 15   -9.678689166641e-02 -1.002816157828e-01 1.80e-06 1.47e-07 5.77e-05 0.1
 16   -9.711055351708e-02 -9.985196830091e-02 1.18e-06 9.61e-08 5.58e-05 0.1
 17   -9.787851739586e-02 -9.899959813491e-02 3.81e-07 3.11e-08 2.18e-05 0.1
 18   -9.810420418815e-02 -9.871435423403e-02 1.58e-07 1.29e-08 1.34e-05 0.1
 19   -9.830576116524e-02 -9.848751764265e-02 4.13e-08 3.37e-09 4.03e-06 0.1
 20   -9.837544703417e-02 -9.840381965486e-02 4.51e-09 3.63e-10 6.40e-07 0.1
 21   -9.838718225437e-02 -9.839083637623e-02 5.76e-10 5.06e-11 8.51e-08 0.1
 22   -9.838868557448e-02 -9.838903596754e-02 3.44e-11 9.17e-12 5.43e-09 0.1


Optimal solution found in 22 iterations and 0.117s
Objective -9.83886856e-02
Primal infeasibility (abs/rel): 6.87e-11/3.44e-11
Dual infeasibility   (abs/rel): 1.01e-11/9.17e-12
Complementarity gap  (abs/rel): 5.97e-09/5.43e-09
Objective gap        (abs/rel): 3.50e-07/3.19e-07


Barrier finished in 0.12 seconds
Dual variables for problems with quadratic constraints not returned.
