cuOpt version: 26.10.0, git hash: 80c103c1, host arch: x86_64, device archs: 80-real
CPU: AMD EPYC 7642 48-Core Processor, threads: 5C/5T, RAM usage: 31.44/503.74GiB
CPU SIMD target: AVX2
CUDA 12.9, device: NVIDIA A100 80GB PCIe (ID 0), VRAM: 79.44 GiB
CUDA device UUID: 68df5cf5-71f9-6a93-b428-460c080ffb10
Problem has 1 quadratic constraints. Converting to second-order cones and solving with barrier.
Barrier: reusing cache (skip convert/presolve/scaling)
Barrier solver started at 0.00 seconds
Barrier solver: 5053 constraints, 10052 variables, 265052 nonzeros
Barrier setup complete at 0.00 seconds
Elapsed time                : 0.00s
Adaptive regularization enabled


                  Objective                         Infeasibility        Time
Iter   Primal              Dual                Primal   Dual    Compl.   Elapsed
  0   -2.496024376072e+03 -2.506148099166e+03 2.50e+04 9.38e+01 4.25e-02 0.0
  1   -4.440464212406e+01 -5.948202952504e+01 4.43e+02 3.28e+00 1.28e-01 0.0
  2   -8.507287276294e-01 -2.930205504533e+01 7.97e+00 5.18e-01 1.01e-01 0.0
  3   -7.026597998170e-02 -9.433695413649e+00 1.99e-01 1.34e-02 3.31e-03 0.0
  4   -5.064287164718e-02 -8.746804729586e-01 1.99e-03 1.34e-04 1.65e-04 0.0
  5   -5.236219208052e-02 -1.127377762568e-01 1.46e-04 9.81e-06 1.89e-05 0.0
  6   -6.580275221520e-02 -1.119606435372e-01 9.39e-05 6.33e-06 1.14e-05 0.0
  7   -6.671580060417e-02 -1.126470961216e-01 9.03e-05 6.09e-06 1.65e-05 0.0
  8   -7.527193530297e-02 -1.116263756161e-01 6.46e-05 4.36e-06 2.39e-05 0.0
  9   -7.589529364869e-02 -1.121052891066e-01 6.09e-05 4.10e-06 1.30e-04 0.1
 10   -7.786793873480e-02 -1.133318621059e-01 5.18e-05 3.49e-06 4.13e-04 0.1
 11   -8.876259341495e-02 -1.083998331110e-01 1.81e-05 1.22e-06 3.27e-04 0.1
 12   -9.559781302387e-02 -1.023293066911e-01 2.44e-06 1.65e-07 1.42e-04 0.1
 13   -9.700995646996e-02 -1.005198994884e-01 9.96e-07 6.72e-08 9.73e-05 0.1
 14   -9.816238063140e-02 -9.907141514071e-02 2.51e-07 1.69e-08 2.23e-05 0.1
 15   -9.847645456012e-02 -9.867953553191e-02 5.01e-08 3.38e-09 3.94e-06 0.1
 16   -9.855225205573e-02 -9.858473295382e-02 6.73e-09 4.58e-10 4.24e-07 0.1
 17   -9.856596506691e-02 -9.856792450718e-02 3.94e-10 3.01e-11 6.09e-09 0.1
 18   -9.856670781605e-02 -9.856704485416e-02 5.96e-11 5.53e-11 6.85e-10 0.1


Optimal solution found in 18 iterations and 0.096s
Objective -9.85667078e-02
Primal infeasibility (abs/rel): 1.19e-10/5.96e-11
Dual infeasibility   (abs/rel): 6.09e-11/5.53e-11
Complementarity gap  (abs/rel): 7.53e-10/6.85e-10
Objective gap        (abs/rel): 3.37e-07/3.07e-07


Barrier finished in 0.10 seconds
Dual variables for problems with quadratic constraints not returned.
