cuOpt version: 26.10.0, git hash: 80c103c1, host arch: x86_64, device archs: 80-real
CPU: AMD EPYC 7642 48-Core Processor, threads: 5C/5T, RAM usage: 31.54/503.74GiB
CPU SIMD target: AVX2
CUDA 12.9, device: NVIDIA A100 80GB PCIe (ID 0), VRAM: 79.44 GiB
CUDA device UUID: 68df5cf5-71f9-6a93-b428-460c080ffb10
Problem has 1 quadratic constraints. Converting to second-order cones and solving with barrier.
Barrier: reusing cache (skip convert/presolve/scaling)
Barrier solver started at 0.00 seconds
Barrier solver: 5053 constraints, 10052 variables, 265052 nonzeros
Barrier setup complete at 0.00 seconds
Elapsed time                : 0.00s
Adaptive regularization enabled


                  Objective                         Infeasibility        Time
Iter   Primal              Dual                Primal   Dual    Compl.   Elapsed
  0   -2.494993725453e+03 -2.506374563497e+03 2.50e+04 8.97e+01 4.26e-02 0.0
  1   -4.450611532503e+01 -5.962077435237e+01 4.45e+02 3.22e+00 1.29e-01 0.0
  2   -7.999474164868e-01 -2.556954342483e+01 7.45e+00 5.15e-01 1.01e-01 0.0
  3   -6.980966971222e-02 -9.284602140999e+00 1.93e-01 1.38e-02 3.32e-03 0.0
  4   -5.069912787551e-02 -8.394211928966e-01 1.93e-03 1.38e-04 1.57e-04 0.0
  5   -5.250115148559e-02 -1.126104183312e-01 1.47e-04 1.05e-05 1.87e-05 0.0
  6   -6.446286559439e-02 -1.125211989160e-01 1.01e-04 7.21e-06 1.22e-05 0.0
  7   -6.533661043976e-02 -1.131896821495e-01 9.74e-05 6.96e-06 1.67e-05 0.0
  8   -7.434028205962e-02 -1.127079584810e-01 6.93e-05 4.95e-06 3.34e-05 0.0
  9   -7.480047427300e-02 -1.130585050304e-01 6.61e-05 4.72e-06 1.20e-04 0.1
 10   -7.738076651341e-02 -1.131151426215e-01 5.69e-05 4.07e-06 3.30e-04 0.1
 11   -8.516156387874e-02 -1.103059224442e-01 2.91e-05 2.08e-06 3.05e-04 0.1
 12   -9.207672342098e-02 -1.050914240781e-01 1.22e-05 8.68e-07 8.29e-05 0.1
 13   -9.338795378543e-02 -1.039086619558e-01 8.58e-06 6.13e-07 1.07e-04 0.1
 14   -9.487981622622e-02 -1.024739942284e-01 4.98e-06 3.56e-07 1.26e-04 0.1
 15   -9.654991603005e-02 -1.007107939470e-01 2.36e-06 1.68e-07 6.67e-05 0.1
 16   -9.688898242006e-02 -1.002256992185e-01 1.55e-06 1.11e-07 6.52e-05 0.1
 17   -9.775645777187e-02 -9.923784793112e-02 5.84e-07 4.17e-08 2.68e-05 0.1
 18   -9.798722618269e-02 -9.892745395195e-02 2.87e-07 2.05e-08 1.89e-05 0.1
 19   -9.827888550851e-02 -9.859046936835e-02 8.20e-08 5.86e-09 6.07e-06 0.1
 20   -9.837011674736e-02 -9.847675819796e-02 2.09e-08 1.48e-09 2.17e-06 0.1
 21   -9.840775408382e-02 -9.843373470026e-02 4.74e-09 3.39e-10 5.31e-07 0.1
 22   -9.841773403890e-02 -9.842162688435e-02 4.87e-10 3.50e-11 6.68e-08 0.1
 23   -9.841934975953e-02 -9.841976074857e-02 5.14e-11 1.00e-11 7.07e-09 0.1


Optimal solution found in 23 iterations and 0.126s
Objective -9.84193498e-02
Primal infeasibility (abs/rel): 1.03e-10/5.14e-11
Dual infeasibility   (abs/rel): 1.10e-11/1.00e-11
Complementarity gap  (abs/rel): 7.76e-09/7.07e-09
Objective gap        (abs/rel): 4.11e-07/3.74e-07


Barrier finished in 0.13 seconds
Dual variables for problems with quadratic constraints not returned.
