cuOpt version: 26.10.0, git hash: 80c103c1, host arch: x86_64, device archs: 80-real
CPU: AMD EPYC 7642 48-Core Processor, threads: 5C/5T, RAM usage: 31.51/503.74GiB
CPU SIMD target: AVX2
CUDA 12.9, device: NVIDIA A100 80GB PCIe (ID 0), VRAM: 79.44 GiB
CUDA device UUID: 68df5cf5-71f9-6a93-b428-460c080ffb10
Problem has 1 quadratic constraints. Converting to second-order cones and solving with barrier.
Barrier: reusing cache (skip convert/presolve/scaling)
Barrier solver started at 0.00 seconds
Barrier solver: 5053 constraints, 10052 variables, 265052 nonzeros
Barrier setup complete at 0.00 seconds
Elapsed time                : 0.00s
Adaptive regularization enabled


                  Objective                         Infeasibility        Time
Iter   Primal              Dual                Primal   Dual    Compl.   Elapsed
  0   -2.494959541234e+03 -2.506334672002e+03 2.50e+04 9.16e+01 4.27e-02 0.0
  1   -4.442738305358e+01 -5.954183247222e+01 4.44e+02 3.25e+00 1.29e-01 0.0
  2   -8.980811075317e-01 -3.269161844225e+01 8.45e+00 5.22e-01 1.02e-01 0.0
  3   -7.102855242199e-02 -9.568865497499e+00 2.07e-01 1.33e-02 3.38e-03 0.0
  4   -5.061492461659e-02 -9.240004636265e-01 2.07e-03 1.33e-04 1.74e-04 0.0
  5   -5.222549030966e-02 -1.132796974583e-01 1.44e-04 9.30e-06 1.92e-05 0.0
  6   -6.537367306096e-02 -1.121599926914e-01 9.37e-05 6.03e-06 1.16e-05 0.0
  7   -6.638582703540e-02 -1.129191398549e-01 8.98e-05 5.78e-06 1.67e-05 0.0
  8   -7.529299950949e-02 -1.119662887454e-01 6.38e-05 4.11e-06 2.81e-05 0.0
  9   -7.585063017560e-02 -1.123970071584e-01 6.04e-05 3.89e-06 1.31e-04 0.1
 10   -7.699888372984e-02 -1.130307534567e-01 5.53e-05 3.56e-06 3.79e-04 0.1
 11   -8.853059672629e-02 -1.084589033198e-01 1.85e-05 1.19e-06 2.88e-04 0.1
 12   -9.219825862104e-02 -1.061601806188e-01 8.73e-06 5.62e-07 2.87e-04 0.1
 13   -9.487092395730e-02 -1.026687308027e-01 3.82e-06 2.46e-07 1.97e-04 0.1
 14   -9.727360232206e-02 -1.000046107405e-01 8.48e-07 5.46e-08 5.69e-05 0.1
 15   -9.816505450789e-02 -9.895745855665e-02 1.90e-07 1.22e-08 1.60e-05 0.1
 16   -9.842350428082e-02 -9.864330112358e-02 5.14e-08 3.31e-09 4.73e-06 0.1
 17   -9.851746809586e-02 -9.853157302733e-02 3.15e-09 2.07e-10 1.83e-07 0.1
 18   -9.852371008327e-02 -9.852443677344e-02 1.61e-10 1.58e-11 3.35e-09 0.1


Optimal solution found in 18 iterations and 0.096s
Objective -9.85237101e-02
Primal infeasibility (abs/rel): 3.21e-10/1.61e-10
Dual infeasibility   (abs/rel): 1.74e-11/1.58e-11
Complementarity gap  (abs/rel): 3.68e-09/3.35e-09
Objective gap        (abs/rel): 7.27e-07/6.62e-07


Barrier finished in 0.10 seconds
Dual variables for problems with quadratic constraints not returned.
