cuOpt version: 26.10.0, git hash: 80c103c1, host arch: x86_64, device archs: 80-real
CPU: AMD EPYC 7642 48-Core Processor, threads: 5C/5T, RAM usage: 31.43/503.74GiB
CPU SIMD target: AVX2
CUDA 12.9, device: NVIDIA A100 80GB PCIe (ID 0), VRAM: 79.44 GiB
CUDA device UUID: 68df5cf5-71f9-6a93-b428-460c080ffb10
Problem has 1 quadratic constraints. Converting to second-order cones and solving with barrier.
Barrier: reusing cache (skip convert/presolve/scaling)
Barrier solver started at 0.00 seconds
Barrier solver: 5053 constraints, 10052 variables, 265052 nonzeros
Barrier setup complete at 0.00 seconds
Elapsed time                : 0.00s
Adaptive regularization enabled


                  Objective                         Infeasibility        Time
Iter   Primal              Dual                Primal   Dual    Compl.   Elapsed
  0   -2.495657879090e+03 -2.506559367604e+03 2.50e+04 8.95e+01 4.28e-02 0.0
  1   -4.404072489240e+01 -5.916617972923e+01 4.40e+02 3.20e+00 1.30e-01 0.0
  2   -6.725575733190e-01 -1.786287622569e+01 6.17e+00 5.06e-01 9.91e-02 0.0
  3   -6.969439779013e-02 -8.903993142917e+00 1.90e-01 1.59e-02 3.51e-03 0.0
  4   -5.086524726276e-02 -8.015600633524e-01 1.90e-03 1.59e-04 1.49e-04 0.0
  5   -5.276210683635e-02 -1.123126224479e-01 1.51e-04 1.26e-05 1.85e-05 0.0
  6   -6.559656251609e-02 -1.120067557019e-01 9.98e-05 8.37e-06 1.15e-05 0.0
  7   -6.667211869008e-02 -1.127901662248e-01 9.54e-05 8.00e-06 1.58e-05 0.0
  8   -7.585008303077e-02 -1.118326903483e-01 6.64e-05 5.56e-06 3.09e-05 0.0
  9   -7.644461855652e-02 -1.122750386977e-01 6.27e-05 5.26e-06 9.44e-05 0.1
 10   -7.910665225769e-02 -1.123663206518e-01 5.27e-05 4.42e-06 2.73e-04 0.1
 11   -8.594621942309e-02 -1.098988345755e-01 2.82e-05 2.37e-06 2.49e-04 0.1
 12   -9.258154129916e-02 -1.048910714180e-01 1.22e-05 1.02e-06 8.00e-05 0.1
 13   -9.386410851692e-02 -1.037058766126e-01 8.26e-06 6.93e-07 1.07e-04 0.1
 14   -9.643097170417e-02 -1.011664447769e-01 3.49e-06 2.93e-07 6.33e-05 0.1
 15   -9.692854355283e-02 -1.005385743599e-01 2.12e-06 1.77e-07 6.61e-05 0.1
 16   -9.798233728004e-02 -9.945465830767e-02 8.04e-07 6.74e-08 2.52e-05 0.1
 17   -9.826404602939e-02 -9.911061255469e-02 3.57e-07 2.99e-08 1.79e-05 0.1
 18   -9.853123011885e-02 -9.881780598506e-02 1.12e-07 9.37e-09 5.84e-06 0.1
 19   -9.860652211234e-02 -9.872544525694e-02 3.03e-08 2.53e-09 2.08e-06 0.1
 20   -9.864955678385e-02 -9.867768567907e-02 6.77e-09 5.68e-10 4.94e-07 0.1
 21   -9.866069005614e-02 -9.866461143267e-02 5.16e-10 3.89e-11 4.90e-08 0.1
 22   -9.866232249484e-02 -9.866280429579e-02 6.27e-11 1.10e-11 6.23e-09 0.1


Optimal solution found in 22 iterations and 0.119s
Objective -9.86623225e-02
Primal infeasibility (abs/rel): 1.25e-10/6.27e-11
Dual infeasibility   (abs/rel): 1.21e-11/1.10e-11
Complementarity gap  (abs/rel): 6.85e-09/6.23e-09
Objective gap        (abs/rel): 4.82e-07/4.39e-07


Barrier finished in 0.12 seconds
Dual variables for problems with quadratic constraints not returned.
