cuOpt version: 26.10.0, git hash: 648f805d, host arch: x86_64, device archs: 80-real
CPU: AMD EPYC 7642 48-Core Processor, threads: 5C/5T, RAM usage: 42.53/503.74GiB
CPU SIMD target: AVX2
CUDA 12.9, device: NVIDIA A100 80GB PCIe (ID 0), VRAM: 79.44 GiB
CUDA device UUID: 68df5cf5-71f9-6a93-b428-460c080ffb10
Problem has 1 quadratic constraints. Converting to second-order cones and solving with barrier.
Handling 50 free variables directly in augmented system
Presolved problem: 5103 constraints 10102 variables 265152 nonzeros
Skipping Ruiz equilibration (row norm ratio 1.4, column norm ratio 1.4 < 5e4, Q coeff ratio 1.0 < 100)
Barrier solver started at 0.030 seconds
Barrier solver: 5103 constraints, 10102 variables, 265152 nonzeros


Second-order cones          : 1
Free variables              : 50
Upper bounds                : 5000
Linear system               : augmented
cuDSS Version               : 0.7.1
cuDSS Threading layer       : libcudss_mtlayer_gomp.so.0
cuDSS solve mode            : deterministic
Reordering time             : 0.054s
Symbolic factorization time : 0.023s
Symbolic nonzeros in factor : 2.79e+05
Elapsed time for augmented  : 0.114 seconds
Elapsed time           : 0.114 seconds
Barrier setup complete at 0.114 seconds
Adaptive regularization enabled


                  Objective                         Infeasibility        Time
Iter   Primal              Dual                Primal   Dual    Compl.   Elapsed
  0   -3.702509737108e+02 -3.710937010099e+02 3.71e+03 1.91e+00 1.19e-02 0.115
  1   -4.136273724464e+00 -3.475151614491e+02 4.01e+01 2.77e-01 6.50e-02 0.158
  2   -1.039317309625e-01 -2.487809570135e+01 4.69e-01 7.85e-03 4.78e-03 0.200
  3   -5.492858366670e-02 -6.426989292240e-01 4.69e-03 7.91e-05 1.48e-04 0.243
  4   -5.851315200442e-02 -1.366087241561e-01 6.22e-04 1.05e-05 1.74e-05 0.285
  5   -6.838203097274e-02 -1.390882559708e-01 4.75e-04 8.01e-06 3.90e-05 0.328
  6   -6.889364018005e-02 -1.392058265492e-01 4.61e-04 7.79e-06 4.13e-05 0.370
  7   -7.975773937250e-02 -1.309109960244e-01 2.43e-04 4.26e-06 1.01e-04 0.413
  8   -7.980215940750e-02 -1.306481283003e-01 2.26e-04 3.97e-06 2.65e-04 0.456
  9   -8.971761477674e-02 -1.146080194459e-01 6.32e-05 1.14e-06 2.28e-04 0.499
 10   -9.597457384867e-02 -1.029565465386e-01 1.59e-05 2.86e-07 4.93e-05 0.541
 11   -9.743911008241e-02 -1.006256113426e-01 6.14e-06 1.11e-07 1.11e-05 0.584
 12   -9.773461102032e-02 -9.993999297053e-02 2.94e-06 7.39e-08 2.50e-05 0.627
 13   -9.823250715294e-02 -9.925625818231e-02 9.33e-07 9.53e-09 9.49e-06 0.670
 14   -9.847080118910e-02 -9.892485247951e-02 3.51e-07 1.06e-08 8.04e-06 0.712
 15   -9.865614986516e-02 -9.868363584939e-02 2.06e-08 3.17e-09 3.88e-07 0.754
 16   -9.866786269719e-02 -9.866876063624e-02 6.72e-10 6.35e-09 5.80e-09 0.797
 17   -9.866820139114e-02 -9.866831863257e-02 8.57e-11 3.79e-09 6.40e-10 0.840
 18   -9.866824338109e-02 -9.866826249219e-02 1.15e-11 1.35e-07 6.13e-11 0.882
 19   -9.866825143138e-02 -9.866825234015e-02 5.23e-13 8.46e-07 6.80e-12 0.924
 20   -9.866825181515e-02 -9.866825185125e-02 6.98e-14 5.92e-06 2.66e-13 0.967
 21   -9.866825183027e-02 -9.866825183289e-02 5.10e-14 6.15e-05 1.05e-14 1.009
 22   -9.866825183200e-02 -9.866825183216e-02 5.83e-15 6.31e-05 4.25e-16 1.052
Numerical error in objective
Restoring previous solution


Suboptimal solution found in 23 iterations and 1.10 seconds
Objective -9.86682014e-02
Primal infeasibility (abs/rel): 1.71e-10/8.57e-11
Dual infeasibility   (abs/rel): 4.18e-09/3.79e-09
Complementarity gap  (abs/rel): 7.03e-10/6.40e-10


Barrier finished in 1.10 seconds
Dual variables for problems with quadratic constraints not returned.
