cuOpt version: 26.10.0, git hash: 648f805d, host arch: x86_64, device archs: 80-real
CPU: AMD EPYC 7642 48-Core Processor, threads: 5C/5T, RAM usage: 42.71/503.74GiB
CPU SIMD target: AVX2
CUDA 12.9, device: NVIDIA A100 80GB PCIe (ID 0), VRAM: 79.44 GiB
CUDA device UUID: 68df5cf5-71f9-6a93-b428-460c080ffb10
Problem has 1 quadratic constraints. Converting to second-order cones and solving with barrier.
Handling 50 free variables directly in augmented system
Presolved problem: 5103 constraints 10102 variables 265152 nonzeros
Skipping Ruiz equilibration (row norm ratio 1.4, column norm ratio 1.4 < 5e4, Q coeff ratio 1.0 < 100)
Barrier solver started at 0.031 seconds
Barrier solver: 5103 constraints, 10102 variables, 265152 nonzeros


Second-order cones          : 1
Free variables              : 50
Upper bounds                : 5000
Linear system               : augmented
cuDSS Version               : 0.7.1
cuDSS Threading layer       : libcudss_mtlayer_gomp.so.0
cuDSS solve mode            : deterministic
Reordering time             : 0.057s
Symbolic factorization time : 0.024s
Symbolic nonzeros in factor : 2.79e+05
Elapsed time for augmented  : 0.119 seconds
Elapsed time           : 0.119 seconds
Barrier setup complete at 0.119 seconds
Adaptive regularization enabled


                  Objective                         Infeasibility        Time
Iter   Primal              Dual                Primal   Dual    Compl.   Elapsed
  0   -3.704296579021e+02 -3.711143874095e+02 3.71e+03 1.91e+00 1.19e-02 0.119
  1   -4.138892597623e+00 -3.475359915807e+02 4.01e+01 2.77e-01 6.50e-02 0.162
  2   -1.039998753401e-01 -2.488607306343e+01 4.69e-01 7.85e-03 4.78e-03 0.206
  3   -5.495597873882e-02 -6.429557067266e-01 4.69e-03 7.91e-05 1.48e-04 0.249
  4   -5.854647573838e-02 -1.362808534782e-01 6.19e-04 1.04e-05 1.74e-05 0.291
  5   -6.679122314319e-02 -1.385928683009e-01 5.02e-04 8.46e-06 2.70e-05 0.333
  6   -6.794017994441e-02 -1.389116850081e-01 4.73e-04 7.99e-06 3.50e-05 0.376
  7   -8.102188293217e-02 -1.263516854792e-01 2.52e-04 4.26e-06 8.00e-05 0.419
  8   -8.117540338159e-02 -1.261418810750e-01 2.34e-04 3.97e-06 1.12e-04 0.461
  9   -8.463901131119e-02 -1.227993653575e-01 1.51e-04 2.59e-06 2.91e-04 0.503
 10   -8.541147598995e-02 -1.201689708810e-01 1.11e-04 1.93e-06 4.87e-04 0.546
 11   -9.365528335526e-02 -1.075907336846e-01 3.94e-05 6.62e-07 1.40e-04 0.589
 12   -9.411672312971e-02 -1.061255575452e-01 2.78e-05 4.80e-07 1.95e-04 0.631
 13   -9.711523176066e-02 -1.015162320889e-01 9.15e-06 1.39e-07 7.17e-05 0.674
 14   -9.773258794051e-02 -1.003075131079e-01 3.86e-06 6.56e-08 4.82e-05 0.717
 15   -9.846080030148e-02 -9.934074924030e-02 1.18e-06 1.49e-08 1.40e-05 0.759
 16   -9.865821574159e-02 -9.903490497408e-02 3.55e-07 7.52e-09 7.37e-06 0.801
 17   -9.878552944701e-02 -9.887465622981e-02 8.09e-08 1.40e-08 1.76e-06 0.844
 18   -9.881255821701e-02 -9.883682869195e-02 1.23e-08 1.97e-10 3.34e-07 0.887
 19   -9.882185213575e-02 -9.882585717405e-02 2.00e-09 9.10e-09 5.60e-08 0.929
 20   -9.882348315829e-02 -9.882383833904e-02 1.45e-10 3.95e-09 2.89e-09 0.972
 21   -9.882363289477e-02 -9.882366358806e-02 7.35e-12 2.25e-09 2.55e-10 1.014
 22   -9.882364634135e-02 -9.882364794894e-02 4.38e-12 3.32e-07 1.24e-11 1.057
 23   -9.882364709727e-02 -9.882364716456e-02 1.38e-12 5.19e-06 2.53e-13 1.100
 24   -9.882364713933e-02 -9.882364715067e-02 2.52e-13 2.08e-06 3.82e-14 1.142
 25   -9.882364714804e-02 -9.882364714824e-02 5.19e-15 1.26e-03 1.60e-15 1.185
 26   -9.882364714811e-02 -9.882364714822e-02 3.66e-15 1.08e-02 4.31e-18 1.227
Numerical error in objective
Restoring previous solution


Suboptimal solution found in 27 iterations and 1.27 seconds
Objective -9.88236329e-02
Primal infeasibility (abs/rel): 1.47e-11/7.35e-12
Dual infeasibility   (abs/rel): 2.48e-09/2.25e-09
Complementarity gap  (abs/rel): 2.80e-10/2.55e-10


Barrier finished in 1.27 seconds
Dual variables for problems with quadratic constraints not returned.
