cuOpt version: 26.10.0, git hash: 648f805d, host arch: x86_64, device archs: 80-real
CPU: AMD EPYC 7642 48-Core Processor, threads: 5C/5T, RAM usage: 49.35/503.74GiB
CPU SIMD target: AVX2
CUDA 12.9, device: NVIDIA A100 80GB PCIe (ID 0), VRAM: 79.44 GiB
CUDA device UUID: 68df5cf5-71f9-6a93-b428-460c080ffb10
Problem has 1 quadratic constraints. Converting to second-order cones and solving with barrier.
Handling 50 free variables directly in augmented system
Presolved problem: 5103 constraints 10102 variables 265152 nonzeros
Skipping Ruiz equilibration (row norm ratio 1.4, column norm ratio 1.4 < 5e4, Q coeff ratio 1.0 < 100)
Barrier solver started at 0.028 seconds
Barrier solver: 5103 constraints, 10102 variables, 265152 nonzeros


Second-order cones          : 1
Free variables              : 50
Upper bounds                : 5000
Linear system               : augmented
cuDSS Version               : 0.7.1
cuDSS Threading layer       : libcudss_mtlayer_gomp.so.0
cuDSS solve mode            : deterministic
Reordering time             : 0.058s
Symbolic factorization time : 0.023s
Symbolic nonzeros in factor : 2.79e+05
Elapsed time for augmented  : 0.116 seconds
Elapsed time           : 0.116 seconds
Barrier setup complete at 0.116 seconds
Adaptive regularization enabled


                  Objective                         Infeasibility        Time
Iter   Primal              Dual                Primal   Dual    Compl.   Elapsed
  0   -3.704472534989e+02 -3.711214143411e+02 3.71e+03 1.91e+00 1.19e-02 0.116
  1   -4.139241959726e+00 -3.475430561525e+02 4.01e+01 2.77e-01 6.50e-02 0.159
  2   -1.040141420076e-01 -2.488853417996e+01 4.69e-01 7.85e-03 4.78e-03 0.202
  3   -5.495990765542e-02 -6.430539951514e-01 4.69e-03 7.91e-05 1.48e-04 0.244
  4   -5.854949353104e-02 -1.367065493484e-01 6.23e-04 1.05e-05 1.74e-05 0.287
  5   -6.684359351211e-02 -1.389240116270e-01 5.00e-04 8.41e-06 2.91e-05 0.329
  6   -6.858423402667e-02 -1.392430765110e-01 4.57e-04 7.71e-06 4.63e-05 0.372
  7   -8.184713654183e-02 -1.245072052687e-01 2.41e-04 4.05e-06 9.35e-05 0.415
  8   -8.205648923470e-02 -1.242796098461e-01 2.24e-04 3.78e-06 8.66e-05 0.457
  9   -8.329127187863e-02 -1.236157263987e-01 1.89e-04 3.23e-06 1.67e-04 0.500
 10   -8.579239399292e-02 -1.208114782951e-01 1.15e-04 1.97e-06 1.18e-04 0.542
 11   -8.609993400642e-02 -1.189982936760e-01 9.07e-05 1.58e-06 3.15e-04 0.585
 12   -9.366021656661e-02 -1.069400378386e-01 3.33e-05 5.48e-07 9.09e-05 0.628
 13   -9.465418880382e-02 -1.050937716075e-01 2.23e-05 3.81e-07 1.00e-04 0.670
 14   -9.513676400749e-02 -1.042754734701e-01 1.75e-05 3.13e-07 1.08e-04 0.712
 15   -9.670435973720e-02 -1.019114206054e-01 8.94e-06 1.55e-07 5.47e-05 0.755
 16   -9.685193614956e-02 -1.014510000536e-01 6.64e-06 1.25e-07 5.98e-05 0.797
 17   -9.786608078887e-02 -9.994898214866e-02 2.48e-06 4.03e-08 2.49e-05 0.840
 18   -9.810246504061e-02 -9.953705967349e-02 1.36e-06 3.10e-08 2.14e-05 0.882
 19   -9.848045431394e-02 -9.901768864590e-02 4.20e-07 5.31e-09 7.65e-06 0.925
 20   -9.859798055746e-02 -9.884781175293e-02 1.50e-07 6.65e-09 4.06e-06 0.968
 21   -9.867565328611e-02 -9.874920400999e-02 3.92e-08 7.43e-09 1.16e-06 1.010
 22   -9.870115170851e-02 -9.871556288488e-02 5.12e-09 1.11e-10 2.14e-07 1.052
 23   -9.870645589826e-02 -9.870924548323e-02 9.56e-10 6.58e-09 4.17e-08 1.095
 24   -9.870753035591e-02 -9.870791063498e-02 1.12e-10 1.04e-08 4.68e-09 1.138
 25   -9.870768990451e-02 -9.870771603040e-02 6.96e-12 8.45e-08 3.17e-10 1.181
 26   -9.870770120886e-02 -9.870770232997e-02 4.69e-13 1.46e-07 1.20e-11 1.224
 27   -9.870770169104e-02 -9.870770178187e-02 1.23e-13 2.18e-07 7.89e-13 1.266
 28   -9.870770173361e-02 -9.870770173646e-02 1.57e-14 7.96e-05 1.70e-14 1.309
 29   -9.870770173441e-02 -9.870770173536e-02 2.15e-14 1.65e-03 2.54e-15 1.352
Numerical error in objective
Primal residual -nan dual residual -nan complementarity residual -nan
Search direction computation failed
Barrier finished in 1.40 seconds
Barrier Solve status A numerical error was encountered.
Dual variables for problems with quadratic constraints not returned.
