cuOpt version: 26.10.0, git hash: 648f805d, host arch: x86_64, device archs: 80-real
CPU: AMD EPYC 7642 48-Core Processor, threads: 5C/5T, RAM usage: 50.25/503.74GiB
CPU SIMD target: AVX2
CUDA 12.9, device: NVIDIA A100 80GB PCIe (ID 0), VRAM: 79.44 GiB
CUDA device UUID: 68df5cf5-71f9-6a93-b428-460c080ffb10
Problem has 1 quadratic constraints. Converting to second-order cones and solving with barrier.
Handling 50 free variables directly in augmented system
Presolved problem: 5103 constraints 10102 variables 265152 nonzeros
Skipping Ruiz equilibration (row norm ratio 1.4, column norm ratio 1.4 < 5e4, Q coeff ratio 1.0 < 100)
Barrier solver started at 0.028 seconds
Barrier solver: 5103 constraints, 10102 variables, 265152 nonzeros


Second-order cones          : 1
Free variables              : 50
Upper bounds                : 5000
Linear system               : augmented
cuDSS Version               : 0.7.1
cuDSS Threading layer       : libcudss_mtlayer_gomp.so.0
cuDSS solve mode            : deterministic
Reordering time             : 0.053s
Symbolic factorization time : 0.024s
Symbolic nonzeros in factor : 2.79e+05
Elapsed time for augmented  : 0.112 seconds
Elapsed time           : 0.112 seconds
Barrier setup complete at 0.112 seconds
Adaptive regularization enabled


                  Objective                         Infeasibility        Time
Iter   Primal              Dual                Primal   Dual    Compl.   Elapsed
  0   -3.704562062107e+02 -3.710714720587e+02 3.71e+03 1.91e+00 1.19e-02 0.113
  1   -4.139037261543e+00 -3.474930274882e+02 4.01e+01 2.77e-01 6.49e-02 0.156
  2   -1.040203883609e-01 -2.487881669141e+01 4.69e-01 7.85e-03 4.78e-03 0.198
  3   -5.496595413280e-02 -6.428693840177e-01 4.69e-03 7.91e-05 1.48e-04 0.240
  4   -5.855928252140e-02 -1.358861463524e-01 6.16e-04 1.04e-05 1.71e-05 0.283
  5   -6.633590756907e-02 -1.378605846118e-01 5.05e-04 8.51e-06 2.41e-05 0.326
  6   -6.767702593175e-02 -1.382478225612e-01 4.72e-04 7.97e-06 2.82e-05 0.368
  7   -8.154059980520e-02 -1.247340048665e-01 2.42e-04 4.06e-06 6.14e-05 0.411
  8   -8.190768677679e-02 -1.244207696578e-01 2.17e-04 3.67e-06 8.71e-05 0.453
  9   -8.395449738129e-02 -1.227586949220e-01 1.64e-04 2.80e-06 2.16e-04 0.496
 10   -8.699902107300e-02 -1.186931538072e-01 9.09e-05 1.56e-06 1.29e-04 0.539
 11   -8.696662491590e-02 -1.174185690949e-01 7.65e-05 1.33e-06 2.75e-04 0.581
 12   -9.357424901204e-02 -1.067679402479e-01 3.01e-05 5.00e-07 8.75e-05 0.624
 13   -9.462484166313e-02 -1.048787765580e-01 2.03e-05 3.52e-07 1.04e-04 0.667
 14   -9.654720316293e-02 -1.018685272889e-01 9.31e-06 1.55e-07 4.87e-05 0.710
 15   -9.674409698828e-02 -1.012806303140e-01 6.52e-06 1.20e-07 5.66e-05 0.752
 16   -9.775642644683e-02 -9.980259574498e-02 2.64e-06 4.16e-08 2.43e-05 0.799
 17   -9.799282453884e-02 -9.938239606249e-02 1.46e-06 3.18e-08 2.20e-05 0.842
 18   -9.834005536059e-02 -9.888883034316e-02 4.91e-07 7.85e-09 8.26e-06 0.884
 19   -9.843731376929e-02 -9.873573500216e-02 1.96e-07 7.01e-09 4.69e-06 0.926
 20   -9.852800689394e-02 -9.861795865723e-02 5.18e-08 7.04e-09 1.38e-06 0.969
 21   -9.855791572231e-02 -9.857786187581e-02 8.00e-09 7.15e-10 3.06e-07 1.011
 22   -9.856495862895e-02 -9.856926474200e-02 1.65e-09 7.31e-09 6.58e-08 1.054
 23   -9.856659779502e-02 -9.856717768809e-02 1.58e-10 4.89e-10 6.87e-09 1.097
 24   -9.856682367929e-02 -9.856691011645e-02 2.36e-11 6.32e-09 1.03e-09 1.139
 25   -9.856686176912e-02 -9.856686497385e-02 8.69e-13 6.76e-08 3.42e-11 1.182
 26   -9.856686310539e-02 -9.856686340182e-02 6.83e-14 1.38e-06 2.75e-12 1.224
 27   -9.856686323499e-02 -9.856686325024e-02 2.45e-14 2.43e-05 8.95e-14 1.267
 28   -9.856686324133e-02 -9.856686324198e-02 1.51e-15 1.12e-04 5.07e-15 1.309
 29   -9.856686324155e-02 -9.856686324165e-02 2.66e-15 2.91e-03 7.37e-17 1.352
Numerical error in objective
Restoring previous solution


Suboptimal solution found in 30 iterations and 1.40 seconds
Objective -9.85665978e-02
Primal infeasibility (abs/rel): 3.17e-10/1.58e-10
Dual infeasibility   (abs/rel): 5.39e-10/4.89e-10
Complementarity gap  (abs/rel): 7.55e-09/6.87e-09


Barrier finished in 1.40 seconds
Dual variables for problems with quadratic constraints not returned.
