cuOpt version: 26.10.0, git hash: 648f805d, host arch: x86_64, device archs: 80-real
CPU: AMD EPYC 7642 48-Core Processor, threads: 5C/5T, RAM usage: 44.09/503.74GiB
CPU SIMD target: AVX2
CUDA 12.9, device: NVIDIA A100 80GB PCIe (ID 0), VRAM: 79.44 GiB
CUDA device UUID: 68df5cf5-71f9-6a93-b428-460c080ffb10
Problem has 1 quadratic constraints. Converting to second-order cones and solving with barrier.
Handling 50 free variables directly in augmented system
Presolved problem: 5103 constraints 10102 variables 265152 nonzeros
Skipping Ruiz equilibration (row norm ratio 1.4, column norm ratio 1.4 < 5e4, Q coeff ratio 1.0 < 100)
Barrier solver started at 0.027 seconds
Barrier solver: 5103 constraints, 10102 variables, 265152 nonzeros


Second-order cones          : 1
Free variables              : 50
Upper bounds                : 5000
Linear system               : augmented
cuDSS Version               : 0.7.1
cuDSS Threading layer       : libcudss_mtlayer_gomp.so.0
cuDSS solve mode            : deterministic
Reordering time             : 0.056s
Symbolic factorization time : 0.023s
Symbolic nonzeros in factor : 2.79e+05
Elapsed time for augmented  : 0.114 seconds
Elapsed time           : 0.114 seconds
Barrier setup complete at 0.114 seconds
Adaptive regularization enabled


                  Objective                         Infeasibility        Time
Iter   Primal              Dual                Primal   Dual    Compl.   Elapsed
  0   -3.703336272695e+02 -3.710584120459e+02 3.71e+03 1.91e+00 1.19e-02 0.115
  1   -4.137833102770e+00 -3.474799232554e+02 4.01e+01 2.77e-01 6.49e-02 0.158
  2   -1.039807666480e-01 -2.487731425638e+01 4.69e-01 7.85e-03 4.78e-03 0.200
  3   -5.494981771365e-02 -6.427222796903e-01 4.69e-03 7.91e-05 1.48e-04 0.243
  4   -5.854536744238e-02 -1.356570818826e-01 6.15e-04 1.04e-05 1.72e-05 0.285
  5   -6.553115251015e-02 -1.375823035544e-01 5.16e-04 8.70e-06 1.98e-05 0.328
  6   -6.730000210809e-02 -1.381153566305e-01 4.75e-04 8.03e-06 3.03e-05 0.370
  7   -8.239151101164e-02 -1.235201287442e-01 2.32e-04 3.90e-06 7.67e-05 0.413
  8   -8.264004447423e-02 -1.231473253829e-01 2.10e-04 3.55e-06 8.23e-05 0.456
  9   -8.327653272917e-02 -1.231878621423e-01 1.90e-04 3.23e-06 1.78e-04 0.498
 10   -8.606447343610e-02 -1.198883787880e-01 1.12e-04 1.90e-06 1.19e-04 0.541
 11   -8.628008243582e-02 -1.182861049540e-01 8.99e-05 1.56e-06 2.80e-04 0.584
 12   -9.300240742061e-02 -1.074731076113e-01 3.69e-05 6.11e-07 9.16e-05 0.626
 13   -9.426003697091e-02 -1.053171972858e-01 2.31e-05 3.98e-07 1.08e-04 0.669
 14   -9.479322704072e-02 -1.042653100113e-01 1.78e-05 3.20e-07 1.14e-04 0.712
 15   -9.671959028266e-02 -1.013257050283e-01 7.85e-06 1.34e-07 5.19e-05 0.754
 16   -9.698395658390e-02 -1.007172846340e-01 5.22e-06 9.87e-08 5.27e-05 0.797
 17   -9.783620722838e-02 -9.945732969446e-02 1.95e-06 2.86e-08 2.12e-05 0.840
 18   -9.802028109288e-02 -9.913094307560e-02 1.06e-06 2.35e-08 1.67e-05 0.882
 19   -9.832256331986e-02 -9.871590860106e-02 3.18e-07 6.50e-09 5.62e-06 0.925
 20   -9.841523896155e-02 -9.858224044568e-02 1.02e-07 4.64e-09 2.62e-06 0.968
 21   -9.846728283815e-02 -9.851592091827e-02 2.67e-08 7.43e-09 7.36e-07 1.010
 22   -9.848434230912e-02 -9.849332921428e-02 3.03e-09 1.11e-09 1.10e-07 1.053
 23   -9.848775250509e-02 -9.848929189771e-02 5.05e-10 6.69e-09 1.91e-08 1.097
 24   -9.848837141557e-02 -9.848853227368e-02 7.47e-11 4.41e-09 1.52e-09 1.139
 25   -9.848843536970e-02 -9.848845502622e-02 7.05e-12 9.62e-08 1.87e-10 1.182
 26   -9.848844293181e-02 -9.848844593558e-02 7.02e-13 1.92e-07 2.88e-11 1.225
 27   -9.848844424176e-02 -9.848844439617e-02 8.20e-13 2.09e-06 1.22e-12 1.268
 28   -9.848844431678e-02 -9.848844432624e-02 2.18e-13 1.65e-05 3.36e-14 1.310
 29   -9.848844432275e-02 -9.848844432425e-02 5.08e-14 5.94e-04 7.64e-16 1.352
Numerical error in objective
Restoring previous solution


Suboptimal solution found in 30 iterations and 1.40 seconds
Objective -9.84883714e-02
Primal infeasibility (abs/rel): 1.49e-10/7.47e-11
Dual infeasibility   (abs/rel): 4.85e-09/4.41e-09
Complementarity gap  (abs/rel): 1.67e-09/1.52e-09


Barrier finished in 1.40 seconds
Dual variables for problems with quadratic constraints not returned.
