cuOpt version: 26.10.0, git hash: 648f805d, host arch: x86_64, device archs: 80-real
CPU: AMD EPYC 7642 48-Core Processor, threads: 5C/5T, RAM usage: 43.69/503.74GiB
CPU SIMD target: AVX2
CUDA 12.9, device: NVIDIA A100 80GB PCIe (ID 0), VRAM: 79.44 GiB
CUDA device UUID: 68df5cf5-71f9-6a93-b428-460c080ffb10
Problem has 1 quadratic constraints. Converting to second-order cones and solving with barrier.
Handling 50 free variables directly in augmented system
Presolved problem: 5103 constraints 10102 variables 265152 nonzeros
Skipping Ruiz equilibration (row norm ratio 1.4, column norm ratio 1.4 < 5e4, Q coeff ratio 1.0 < 100)
Barrier solver started at 0.026 seconds
Barrier solver: 5103 constraints, 10102 variables, 265152 nonzeros


Second-order cones          : 1
Free variables              : 50
Upper bounds                : 5000
Linear system               : augmented
cuDSS Version               : 0.7.1
cuDSS Threading layer       : libcudss_mtlayer_gomp.so.0
cuDSS solve mode            : deterministic
Reordering time             : 0.057s
Symbolic factorization time : 0.023s
Symbolic nonzeros in factor : 2.79e+05
Elapsed time for augmented  : 0.113 seconds
Elapsed time           : 0.113 seconds
Barrier setup complete at 0.113 seconds
Adaptive regularization enabled


                  Objective                         Infeasibility        Time
Iter   Primal              Dual                Primal   Dual    Compl.   Elapsed
  0   -3.703532868363e+02 -3.711197926069e+02 3.71e+03 1.91e+00 1.19e-02 0.114
  1   -4.137900874810e+00 -3.475413679313e+02 4.01e+01 2.77e-01 6.50e-02 0.157
  2   -1.039745619625e-01 -2.488596528530e+01 4.69e-01 7.85e-03 4.78e-03 0.199
  3   -5.494370612205e-02 -6.429524499847e-01 4.69e-03 7.91e-05 1.48e-04 0.242
  4   -5.852900864516e-02 -1.369057056078e-01 6.24e-04 1.05e-05 1.75e-05 0.285
  5   -6.642458217188e-02 -1.389496370979e-01 5.07e-04 8.54e-06 2.84e-05 0.327
  6   -6.769404981108e-02 -1.393008273360e-01 4.75e-04 8.02e-06 3.77e-05 0.370
  7   -7.916846961063e-02 -1.276638665264e-01 2.84e-04 4.78e-06 8.13e-05 0.413
  8   -7.928837573014e-02 -1.275288989020e-01 2.70e-04 4.56e-06 9.31e-05 0.456
  9   -8.201675014697e-02 -1.255775400913e-01 2.00e-04 3.42e-06 2.72e-04 0.498
 10   -8.282373129468e-02 -1.232665047404e-01 1.54e-04 2.67e-06 5.05e-04 0.541
 11   -9.170382444270e-02 -1.098319395488e-01 6.34e-05 1.08e-06 1.60e-04 0.583
 12   -9.213632646172e-02 -1.084543157059e-01 4.87e-05 8.38e-07 1.96e-04 0.626
 13   -9.606864665273e-02 -1.022461390120e-01 1.66e-05 2.66e-07 8.00e-05 0.668
 14   -9.652987908830e-02 -1.010797982932e-01 9.03e-06 1.55e-07 8.30e-05 0.711
 15   -9.766904427650e-02 -9.953260781808e-02 3.31e-06 4.51e-08 2.80e-05 0.753
 16   -9.794008300414e-02 -9.906016066890e-02 1.46e-06 2.69e-08 2.02e-05 0.796
 17   -9.827164166358e-02 -9.862396718867e-02 4.28e-07 1.31e-08 6.22e-06 0.839
 18   -9.835571720114e-02 -9.849952230067e-02 1.18e-07 2.34e-09 2.30e-06 0.881
 19   -9.840497063003e-02 -9.843834895479e-02 2.59e-08 9.37e-09 5.43e-07 0.923
 20   -9.841741855942e-02 -9.842206137316e-02 1.92e-09 1.33e-09 5.48e-08 0.966
 21   -9.841927456517e-02 -9.841986281953e-02 2.39e-10 5.40e-09 7.01e-09 1.008
 22   -9.841951799279e-02 -9.841956441146e-02 5.97e-11 9.87e-10 3.75e-10 1.051
 23   -9.841953715221e-02 -9.841954385134e-02 7.77e-12 1.51e-07 5.59e-11 1.094
 24   -9.841954021001e-02 -9.841954054751e-02 2.12e-13 6.22e-07 2.71e-12 1.137
 25   -9.841954036363e-02 -9.841954037744e-02 2.22e-14 6.60e-06 1.08e-13 1.179
 26   -9.841954036975e-02 -9.841954036985e-02 5.00e-15 7.10e-06 1.91e-15 1.222
Numerical error in objective
Restoring previous solution


Suboptimal solution found in 27 iterations and 1.26 seconds
Objective -9.84195180e-02
Primal infeasibility (abs/rel): 1.19e-10/5.97e-11
Dual infeasibility   (abs/rel): 1.09e-09/9.87e-10
Complementarity gap  (abs/rel): 4.12e-10/3.75e-10


Barrier finished in 1.27 seconds
Dual variables for problems with quadratic constraints not returned.
