cuOpt version: 26.10.0, git hash: 648f805d, host arch: x86_64, device archs: 80-real
CPU: AMD EPYC 7642 48-Core Processor, threads: 5C/5T, RAM usage: 42.72/503.74GiB
CPU SIMD target: AVX2
CUDA 12.9, device: NVIDIA A100 80GB PCIe (ID 0), VRAM: 79.44 GiB
CUDA device UUID: 68df5cf5-71f9-6a93-b428-460c080ffb10
Problem has 1 quadratic constraints. Converting to second-order cones and solving with barrier.
Handling 50 free variables directly in augmented system
Presolved problem: 5103 constraints 10102 variables 265152 nonzeros
Skipping Ruiz equilibration (row norm ratio 1.4, column norm ratio 1.4 < 5e4, Q coeff ratio 1.0 < 100)
Barrier solver started at 0.027 seconds
Barrier solver: 5103 constraints, 10102 variables, 265152 nonzeros


Second-order cones          : 1
Free variables              : 50
Upper bounds                : 5000
Linear system               : augmented
cuDSS Version               : 0.7.1
cuDSS Threading layer       : libcudss_mtlayer_gomp.so.0
cuDSS solve mode            : deterministic
Reordering time             : 0.125s
Symbolic factorization time : 0.024s
Symbolic nonzeros in factor : 2.79e+05
Elapsed time for augmented  : 0.183 seconds
Elapsed time           : 0.183 seconds
Barrier setup complete at 0.183 seconds
Adaptive regularization enabled


                  Objective                         Infeasibility        Time
Iter   Primal              Dual                Primal   Dual    Compl.   Elapsed
  0   -3.704184917206e+02 -3.711180220135e+02 3.71e+03 1.91e+00 1.19e-02 0.183
  1   -4.138494957952e+00 -3.475396351324e+02 4.01e+01 2.77e-01 6.50e-02 0.227
  2   -1.040008758275e-01 -2.488460400340e+01 4.69e-01 7.85e-03 4.78e-03 0.269
  3   -5.495630938378e-02 -6.429605269455e-01 4.69e-03 7.91e-05 1.48e-04 0.311
  4   -5.855092458183e-02 -1.360876675246e-01 6.18e-04 1.04e-05 1.73e-05 0.354
  5   -6.611139743401e-02 -1.381205594482e-01 5.09e-04 8.58e-06 2.37e-05 0.397
  6   -6.769549049602e-02 -1.385415129222e-01 4.71e-04 7.96e-06 3.28e-05 0.439
  7   -8.140007856296e-02 -1.247057624390e-01 2.49e-04 4.18e-06 6.94e-05 0.481
  8   -8.171322084792e-02 -1.244406736676e-01 2.27e-04 3.84e-06 7.19e-05 0.524
  9   -8.292003466588e-02 -1.238194921030e-01 1.93e-04 3.29e-06 1.61e-04 0.567
 10   -8.529996147311e-02 -1.209253065061e-01 1.42e-04 2.41e-06 1.19e-04 0.609
 11   -8.502939686587e-02 -1.203283305231e-01 1.32e-04 2.28e-06 2.15e-04 0.652
 12   -9.150723276202e-02 -1.101573086128e-01 6.66e-05 1.13e-06 9.35e-05 0.694
 13   -9.244786816025e-02 -1.084491914766e-01 5.07e-05 8.72e-07 1.11e-04 0.737
 14   -9.567305795116e-02 -1.033787403987e-01 2.15e-05 3.59e-07 5.51e-05 0.779
 15   -9.577594569315e-02 -1.028818100699e-01 1.71e-05 2.97e-07 6.92e-05 0.822
 16   -9.719618637601e-02 -1.008376899410e-01 8.07e-06 1.35e-07 3.20e-05 0.864
 17   -9.743811997831e-02 -1.003541152792e-01 5.41e-06 1.01e-07 3.44e-05 0.907
 18   -9.808527017015e-02 -9.941671912014e-02 2.09e-06 3.13e-08 1.45e-05 0.950
 19   -9.822382796413e-02 -9.917884493859e-02 1.20e-06 2.66e-08 1.22e-05 0.993
 20   -9.849385115111e-02 -9.881812560730e-02 3.41e-07 6.55e-09 4.02e-06 1.035
 21   -9.856659916329e-02 -9.871644032062e-02 1.22e-07 5.44e-09 2.08e-06 1.078
 22   -9.861395359714e-02 -9.865745327430e-02 3.18e-08 7.41e-09 5.85e-07 1.120
 23   -9.862861366917e-02 -9.863851227350e-02 4.90e-09 1.40e-09 1.19e-07 1.162
 24   -9.863220888767e-02 -9.863427775699e-02 9.82e-10 7.03e-09 2.51e-08 1.205
 25   -9.863301015496e-02 -9.863330294466e-02 1.07e-10 2.33e-08 2.95e-09 1.247
 26   -9.863313975974e-02 -9.863314851821e-02 3.18e-12 2.93e-08 8.40e-11 1.290
 27   -9.863314283795e-02 -9.863314492808e-02 9.35e-13 3.24e-07 2.15e-11 1.333
 28   -9.863314374118e-02 -9.863314388326e-02 5.44e-13 7.61e-07 1.34e-12 1.376
 29   -9.863314380877e-02 -9.863314381518e-02 1.40e-13 2.84e-05 3.24e-14 1.419
 30   -9.863314381266e-02 -9.863314381365e-02 3.05e-14 5.77e-04 2.19e-15 1.461
 31   -9.863314381321e-02 -9.863314381356e-02 1.09e-14 2.56e-03 1.71e-15 1.504
 32   -9.863314381348e-02 -9.863314381351e-02 1.39e-15 1.93e-03 1.23e-15 1.546
Numerical error in objective
Primal residual -nan dual residual -nan complementarity residual -nan
Search direction computation failed
Barrier finished in 1.59 seconds
Barrier Solve status A numerical error was encountered.
Dual variables for problems with quadratic constraints not returned.
