cuOpt version: 26.10.0, git hash: 648f805d, host arch: x86_64, device archs: 80-real
CPU: AMD EPYC 7642 48-Core Processor, threads: 5C/5T, RAM usage: 42.09/503.74GiB
CPU SIMD target: AVX2
CUDA 12.9, device: NVIDIA A100 80GB PCIe (ID 0), VRAM: 79.44 GiB
CUDA device UUID: 68df5cf5-71f9-6a93-b428-460c080ffb10
Problem has 1 quadratic constraints. Converting to second-order cones and solving with barrier.
Handling 50 free variables directly in augmented system
Presolved problem: 5103 constraints 10102 variables 265152 nonzeros
Skipping Ruiz equilibration (row norm ratio 1.4, column norm ratio 1.4 < 5e4, Q coeff ratio 1.0 < 100)
Barrier solver started at 0.028 seconds
Barrier solver: 5103 constraints, 10102 variables, 265152 nonzeros


Second-order cones          : 1
Free variables              : 50
Upper bounds                : 5000
Linear system               : augmented
cuDSS Version               : 0.7.1
cuDSS Threading layer       : libcudss_mtlayer_gomp.so.0
cuDSS solve mode            : deterministic
Reordering time             : 0.133s
Symbolic factorization time : 0.023s
Symbolic nonzeros in factor : 2.79e+05
Elapsed time for augmented  : 0.192 seconds
Elapsed time           : 0.192 seconds
Barrier setup complete at 0.192 seconds
Adaptive regularization enabled


                  Objective                         Infeasibility        Time
Iter   Primal              Dual                Primal   Dual    Compl.   Elapsed
  0   -3.705152443471e+02 -3.711033693861e+02 3.71e+03 1.91e+00 1.19e-02 0.192
  1   -4.138998803939e+00 -3.475249664413e+02 4.01e+01 2.77e-01 6.50e-02 0.235
  2   -1.040338951183e-01 -2.487858817957e+01 4.69e-01 7.85e-03 4.78e-03 0.278
  3   -5.497382538585e-02 -6.429188232382e-01 4.69e-03 7.91e-05 1.48e-04 0.321
  4   -5.856905366664e-02 -1.363521290422e-01 6.20e-04 1.04e-05 1.73e-05 0.364
  5   -6.705039266072e-02 -1.385952981465e-01 4.95e-04 8.35e-06 2.84e-05 0.406
  6   -6.848338636995e-02 -1.388986067289e-01 4.59e-04 7.75e-06 4.03e-05 0.449
  7   -8.093056228042e-02 -1.253021851717e-01 2.54e-04 4.27e-06 7.91e-05 0.491
  8   -8.112522077757e-02 -1.251138934165e-01 2.36e-04 3.98e-06 9.13e-05 0.533
  9   -8.325017525542e-02 -1.235967618132e-01 1.79e-04 3.07e-06 2.57e-04 0.576
 10   -8.360524274952e-02 -1.220453627083e-01 1.46e-04 2.52e-06 4.26e-04 0.618
 11   -9.182225542950e-02 -1.097891639625e-01 6.30e-05 1.07e-06 1.44e-04 0.660
 12   -9.260117428483e-02 -1.080835012751e-01 4.68e-05 8.06e-07 1.69e-04 0.702
 13   -9.603654252755e-02 -1.026638795055e-01 1.77e-05 2.87e-07 7.21e-05 0.745
 14   -9.627353872142e-02 -1.020014248248e-01 1.28e-05 2.18e-07 7.61e-05 0.787
 15   -9.745244572774e-02 -1.003279821882e-01 5.88e-06 9.44e-08 3.43e-05 0.829
 16   -9.773895217251e-02 -9.980327934366e-02 3.42e-06 6.37e-08 3.11e-05 0.872
 17   -9.823880673669e-02 -9.910143019651e-02 1.22e-06 1.44e-08 1.22e-05 0.914
 18   -9.838761517054e-02 -9.886873709998e-02 5.18e-07 1.26e-08 7.54e-06 0.957
 19   -9.853257671920e-02 -9.868003219021e-02 1.38e-07 7.29e-09 2.27e-06 0.999
 20   -9.857923720777e-02 -9.861704268659e-02 2.53e-08 2.12e-09 5.87e-07 1.041
 21   -9.859248922932e-02 -9.860082476138e-02 5.27e-09 7.99e-09 1.31e-07 1.084
 22   -9.859564663499e-02 -9.859679333972e-02 5.12e-10 1.53e-09 1.43e-08 1.126
 23   -9.859608226398e-02 -9.859627632576e-02 8.68e-11 5.07e-09 2.45e-09 1.169
 24   -9.859616674042e-02 -9.859617579207e-02 4.05e-12 2.54e-08 1.11e-10 1.212
 25   -9.859617070519e-02 -9.859617104562e-02 1.99e-13 7.73e-07 3.99e-12 1.255
 26   -9.859617085248e-02 -9.859617086808e-02 2.94e-14 5.31e-06 1.74e-13 1.298
 27   -9.859617085907e-02 -9.859617085970e-02 5.11e-15 2.49e-05 9.16e-15 1.340
 28   -9.859617085946e-02 -9.859617085930e-02 7.52e-15 4.55e-03 1.94e-17 1.383
Numerical error in objective
Restoring previous solution


Suboptimal solution found in 29 iterations and 1.43 seconds
Objective -9.85960823e-02
Primal infeasibility (abs/rel): 1.74e-10/8.68e-11
Dual infeasibility   (abs/rel): 5.58e-09/5.07e-09
Complementarity gap  (abs/rel): 2.69e-09/2.45e-09


Barrier finished in 1.43 seconds
Dual variables for problems with quadratic constraints not returned.
