cuOpt version: 26.10.0, git hash: 648f805d, host arch: x86_64, device archs: 80-real
CPU: AMD EPYC 7642 48-Core Processor, threads: 5C/5T, RAM usage: 41.94/503.74GiB
CPU SIMD target: AVX2
CUDA 12.9, device: NVIDIA A100 80GB PCIe (ID 0), VRAM: 79.44 GiB
CUDA device UUID: 68df5cf5-71f9-6a93-b428-460c080ffb10
Problem has 1 quadratic constraints. Converting to second-order cones and solving with barrier.
Handling 50 free variables directly in augmented system
Presolved problem: 5103 constraints 10102 variables 265152 nonzeros
Skipping Ruiz equilibration (row norm ratio 1.4, column norm ratio 1.4 < 5e4, Q coeff ratio 1.0 < 100)
Barrier solver started at 0.027 seconds
Barrier solver: 5103 constraints, 10102 variables, 265152 nonzeros


Second-order cones          : 1
Free variables              : 50
Upper bounds                : 5000
Linear system               : augmented
cuDSS Version               : 0.7.1
cuDSS Threading layer       : libcudss_mtlayer_gomp.so.0
cuDSS solve mode            : deterministic
Reordering time             : 0.169s
Symbolic factorization time : 0.023s
Symbolic nonzeros in factor : 2.79e+05
Elapsed time for augmented  : 0.227 seconds
Elapsed time           : 0.227 seconds
Barrier setup complete at 0.227 seconds
Adaptive regularization enabled


                  Objective                         Infeasibility        Time
Iter   Primal              Dual                Primal   Dual    Compl.   Elapsed
  0   -3.702964190560e+02 -3.711235215740e+02 3.71e+03 1.91e+00 1.19e-02 0.227
  1   -4.136200400721e+00 -3.475449712621e+02 4.01e+01 2.77e-01 6.50e-02 0.271
  2   -1.039156969553e-01 -2.487807213865e+01 4.69e-01 7.85e-03 4.78e-03 0.314
  3   -5.492703517647e-02 -6.425744591938e-01 4.69e-03 7.90e-05 1.47e-04 0.356
  4   -5.851160251072e-02 -1.363146725253e-01 6.20e-04 1.04e-05 1.74e-05 0.399
  5   -6.671505628442e-02 -1.384831474226e-01 4.99e-04 8.41e-06 2.78e-05 0.441
  6   -6.822898260485e-02 -1.387925707561e-01 4.62e-04 7.80e-06 3.77e-05 0.483
  7   -8.057549674187e-02 -1.255006001504e-01 2.60e-04 4.38e-06 7.74e-05 0.526
  8   -8.072006020274e-02 -1.253462813657e-01 2.45e-04 4.15e-06 6.95e-05 0.569
  9   -8.270685491561e-02 -1.240856624871e-01 1.91e-04 3.27e-06 2.25e-04 0.611
 10   -8.239300576737e-02 -1.230776300546e-01 1.70e-04 2.93e-06 4.87e-04 0.654
 11   -9.220856100004e-02 -1.088201401362e-01 6.13e-05 1.04e-06 1.34e-04 0.697
 12   -9.242052580053e-02 -1.075287156022e-01 4.54e-05 7.81e-07 2.34e-04 0.740
 13   -9.595318574499e-02 -1.021157627288e-01 1.55e-05 2.51e-07 1.02e-04 0.782
 14   -9.664462002006e-02 -1.007992150928e-01 8.31e-06 1.45e-07 9.18e-05 0.824
 15   -9.769669692151e-02 -9.939163053277e-02 3.13e-06 4.50e-08 3.32e-05 0.867
 16   -9.799074924321e-02 -9.890130489489e-02 1.27e-06 2.42e-08 2.02e-05 0.909
 17   -9.826339216453e-02 -9.853981777234e-02 3.52e-07 1.15e-08 6.06e-06 0.952
 18   -9.833736861816e-02 -9.843076699118e-02 7.76e-08 2.25e-09 1.76e-06 0.994
 19   -9.837017614816e-02 -9.839042505287e-02 1.61e-08 8.38e-09 3.84e-07 1.037
 20   -9.837783408004e-02 -9.838042569851e-02 1.27e-09 1.63e-09 3.69e-08 1.079
 21   -9.837885671237e-02 -9.837918972956e-02 1.63e-10 3.85e-09 4.79e-09 1.122
 22   -9.837899992051e-02 -9.837901664608e-02 1.56e-11 1.54e-08 2.27e-10 1.164
 23   -9.837900742854e-02 -9.837900792065e-02 4.73e-12 1.39e-07 4.74e-12 1.207
 24   -9.837900768183e-02 -9.837900773627e-02 9.81e-13 2.09e-06 3.52e-13 1.249
 25   -9.837900771779e-02 -9.837900772150e-02 9.67e-14 7.10e-05 1.38e-14 1.291
 26   -9.837900771866e-02 -9.837900772097e-02 8.04e-14 9.40e-04 1.58e-15 1.334
Numerical error in objective
Restoring previous solution


Suboptimal solution found in 27 iterations and 1.38 seconds
Objective -9.83788567e-02
Primal infeasibility (abs/rel): 3.25e-10/1.63e-10
Dual infeasibility   (abs/rel): 4.24e-09/3.85e-09
Complementarity gap  (abs/rel): 5.26e-09/4.79e-09


Barrier finished in 1.38 seconds
Dual variables for problems with quadratic constraints not returned.
