cuOpt version: 26.10.0, git hash: 648f805d, host arch: x86_64, device archs: 80-real
CPU: AMD EPYC 7642 48-Core Processor, threads: 5C/5T, RAM usage: 37.37/503.74GiB
CPU SIMD target: AVX2
CUDA 12.9, device: NVIDIA A100 80GB PCIe (ID 0), VRAM: 79.44 GiB
CUDA device UUID: 68df5cf5-71f9-6a93-b428-460c080ffb10
Problem has 1 quadratic constraints. Converting to second-order cones and solving with barrier.
Barrier: reusing cache (skip convert/presolve/scaling)
Barrier solver started at 0.000 seconds
Barrier solver: 5103 constraints, 10102 variables, 265152 nonzeros
Barrier setup complete at 0.000 seconds
Adaptive regularization enabled


                  Objective                         Infeasibility        Time
Iter   Primal              Dual                Primal   Dual    Compl.   Elapsed
  0   -3.704472534989e+02 -3.711214143411e+02 3.71e+03 1.91e+00 1.19e-02 0.001
  1   -4.139241786382e+00 -3.475430561425e+02 4.01e+01 2.77e-01 6.50e-02 0.005
  2   -1.040141421008e-01 -2.488853327147e+01 4.69e-01 7.85e-03 4.78e-03 0.010
  3   -5.495990767093e-02 -6.430541095391e-01 4.69e-03 7.91e-05 1.48e-04 0.014
  4   -5.854949324266e-02 -1.367065253612e-01 6.23e-04 1.05e-05 1.74e-05 0.018
  5   -6.684370813643e-02 -1.389240273750e-01 5.00e-04 8.41e-06 2.91e-05 0.022
  6   -6.858413485603e-02 -1.392430844190e-01 4.57e-04 7.69e-06 4.63e-05 0.026
  7   -8.184716015562e-02 -1.245071664047e-01 2.41e-04 4.06e-06 9.35e-05 0.030
  8   -8.205645797145e-02 -1.242795746451e-01 2.24e-04 3.77e-06 8.66e-05 0.034
  9   -8.329145849326e-02 -1.236155516526e-01 1.89e-04 3.18e-06 1.67e-04 0.039
 10   -8.579134810854e-02 -1.208127936644e-01 1.15e-04 1.94e-06 1.18e-04 0.043
 11   -8.609940805495e-02 -1.189970711103e-01 9.07e-05 1.53e-06 3.15e-04 0.048
 12   -9.366884458573e-02 -1.069255471129e-01 3.32e-05 5.59e-07 9.09e-05 0.053
 13   -9.465891974648e-02 -1.050848354153e-01 2.22e-05 3.74e-07 9.99e-05 0.058
 14   -9.514528068533e-02 -1.042611952846e-01 1.75e-05 2.94e-07 1.08e-04 0.063
 15   -9.670996700621e-02 -1.019018710500e-01 8.91e-06 1.50e-07 5.45e-05 0.068
 16   -9.685677351511e-02 -1.014431180129e-01 6.62e-06 1.12e-07 5.95e-05 0.073
 17   -9.786802923334e-02 -9.994565160145e-02 2.48e-06 4.17e-08 2.48e-05 0.078
 18   -9.810392515946e-02 -9.953523285648e-02 1.36e-06 2.28e-08 2.14e-05 0.083
 19   -9.848035603699e-02 -9.901769846702e-02 4.20e-07 7.07e-09 7.64e-06 0.087
 20   -9.859699682184e-02 -9.884889777188e-02 1.51e-07 2.54e-09 4.07e-06 0.092
 21   -9.867518452858e-02 -9.874976335175e-02 3.96e-08 6.67e-10 1.17e-06 0.096
 22   -9.870100234907e-02 -9.871576763825e-02 5.26e-09 8.86e-11 2.18e-07 0.101
 23   -9.870640702445e-02 -9.870930625280e-02 9.94e-10 1.67e-11 4.31e-08 0.105
 24   -9.870752136106e-02 -9.870791770719e-02 1.04e-10 1.77e-12 4.80e-09 0.109
 25   -9.870768878915e-02 -9.870771717026e-02 7.46e-12 1.56e-13 3.39e-10 0.114
 26   -9.870770119437e-02 -9.870770235233e-02 2.94e-13 7.79e-08 1.24e-11 0.117
 27   -9.870770169051e-02 -9.870770178555e-02 2.21e-14 5.86e-09 8.52e-13 0.121


Optimal solution found in 27 iterations and 0.121s
Objective -9.87077017e-02
Primal infeasibility (abs/rel): 4.42e-14/2.21e-14
Dual infeasibility   (abs/rel): 6.46e-09/5.86e-09
Complementarity gap  (abs/rel): 9.36e-13/8.52e-13


Barrier finished in 0.12 seconds
Dual variables for problems with quadratic constraints not returned.
