cuOpt version: 26.10.0, git hash: 648f805d, host arch: x86_64, device archs: 80-real
CPU: AMD EPYC 7642 48-Core Processor, threads: 5C/5T, RAM usage: 37.37/503.74GiB
CPU SIMD target: AVX2
CUDA 12.9, device: NVIDIA A100 80GB PCIe (ID 0), VRAM: 79.44 GiB
CUDA device UUID: 68df5cf5-71f9-6a93-b428-460c080ffb10
Problem has 1 quadratic constraints. Converting to second-order cones and solving with barrier.
Barrier: reusing cache (skip convert/presolve/scaling)
Barrier solver started at 0.000 seconds
Barrier solver: 5103 constraints, 10102 variables, 265152 nonzeros
Barrier setup complete at 0.000 seconds
Adaptive regularization enabled


                  Objective                         Infeasibility        Time
Iter   Primal              Dual                Primal   Dual    Compl.   Elapsed
  0   -3.704562062107e+02 -3.710714720587e+02 3.71e+03 1.91e+00 1.19e-02 0.001
  1   -4.139037088259e+00 -3.474930274934e+02 4.01e+01 2.77e-01 6.49e-02 0.005
  2   -1.040203888891e-01 -2.487881575907e+01 4.69e-01 7.85e-03 4.78e-03 0.009
  3   -5.496595416765e-02 -6.428695019002e-01 4.69e-03 7.91e-05 1.48e-04 0.014
  4   -5.855928225676e-02 -1.358861132406e-01 6.16e-04 1.04e-05 1.71e-05 0.018
  5   -6.633604648347e-02 -1.378606069980e-01 5.05e-04 8.50e-06 2.41e-05 0.022
  6   -6.767698000473e-02 -1.382478097980e-01 4.72e-04 7.94e-06 2.82e-05 0.026
  7   -8.154108298864e-02 -1.247342887605e-01 2.42e-04 4.07e-06 6.14e-05 0.030
  8   -8.190808706439e-02 -1.244209937317e-01 2.17e-04 3.66e-06 8.71e-05 0.034
  9   -8.395606179936e-02 -1.227574619968e-01 1.64e-04 2.76e-06 2.16e-04 0.039
 10   -8.700148305212e-02 -1.186902320596e-01 9.08e-05 1.53e-06 1.29e-04 0.043
 11   -8.697032117470e-02 -1.174108836709e-01 7.64e-05 1.29e-06 2.76e-04 0.048
 12   -9.358726742572e-02 -1.067457906278e-01 2.99e-05 5.04e-07 8.74e-05 0.053
 13   -9.463696955408e-02 -1.048575371970e-01 2.02e-05 3.40e-07 1.04e-04 0.058
 14   -9.655186145985e-02 -1.018583959420e-01 9.24e-06 1.56e-07 4.87e-05 0.063
 15   -9.675468068550e-02 -1.012625027208e-01 6.45e-06 1.09e-07 5.65e-05 0.068
 16   -9.776305966529e-02 -9.979157849342e-02 2.60e-06 4.38e-08 2.43e-05 0.072
 17   -9.799883328103e-02 -9.937312017075e-02 1.43e-06 2.41e-08 2.19e-05 0.077
 18   -9.834287701872e-02 -9.888466987841e-02 4.83e-07 8.13e-09 8.19e-06 0.081
 19   -9.843936902287e-02 -9.873301169823e-02 1.92e-07 3.24e-09 4.62e-06 0.086
 20   -9.852857304471e-02 -9.861718194203e-02 5.09e-08 8.57e-10 1.36e-06 0.090
 21   -9.855799283867e-02 -9.857772075356e-02 7.85e-09 1.32e-10 3.01e-07 0.095
 22   -9.856497161831e-02 -9.856924218737e-02 1.62e-09 2.73e-11 6.48e-08 0.099
 23   -9.856660333231e-02 -9.856717527121e-02 1.56e-10 2.53e-12 6.75e-09 0.103
 24   -9.856682441952e-02 -9.856690975077e-02 2.32e-11 4.02e-11 1.01e-09 0.107
 25   -9.856686178675e-02 -9.856686495157e-02 8.61e-13 1.21e-09 3.34e-11 0.111


Optimal solution found in 25 iterations and 0.111s
Objective -9.85668618e-02
Primal infeasibility (abs/rel): 1.72e-12/8.61e-13
Dual infeasibility   (abs/rel): 1.33e-09/1.21e-09
Complementarity gap  (abs/rel): 3.67e-11/3.34e-11


Barrier finished in 0.11 seconds
Dual variables for problems with quadratic constraints not returned.
