cuOpt version: 26.10.0, git hash: 648f805d, host arch: x86_64, device archs: 80-real
CPU: AMD EPYC 7642 48-Core Processor, threads: 5C/5T, RAM usage: 37.37/503.74GiB
CPU SIMD target: AVX2
CUDA 12.9, device: NVIDIA A100 80GB PCIe (ID 0), VRAM: 79.44 GiB
CUDA device UUID: 68df5cf5-71f9-6a93-b428-460c080ffb10
Problem has 1 quadratic constraints. Converting to second-order cones and solving with barrier.
Barrier: reusing cache (skip convert/presolve/scaling)
Barrier solver started at 0.000 seconds
Barrier solver: 5103 constraints, 10102 variables, 265152 nonzeros
Barrier setup complete at 0.000 seconds
Adaptive regularization enabled


                  Objective                         Infeasibility        Time
Iter   Primal              Dual                Primal   Dual    Compl.   Elapsed
  0   -3.704438282728e+02 -3.711104708303e+02 3.71e+03 1.91e+00 1.19e-02 0.001
  1   -4.139322487461e+00 -3.475321003739e+02 4.01e+01 2.77e-01 6.50e-02 0.005
  2   -1.040051645786e-01 -2.488690059915e+01 4.69e-01 7.85e-03 4.78e-03 0.010
  3   -5.496098290900e-02 -6.429066466930e-01 4.69e-03 7.91e-05 1.48e-04 0.014
  4   -5.855459132460e-02 -1.362807828628e-01 6.19e-04 1.04e-05 1.73e-05 0.018
  5   -6.665907727903e-02 -1.384240677319e-01 5.01e-04 8.44e-06 2.67e-05 0.022
  6   -6.830397408373e-02 -1.387646904026e-01 4.61e-04 7.77e-06 3.69e-05 0.026
  7   -8.178965066222e-02 -1.244187875973e-01 2.41e-04 4.06e-06 7.25e-05 0.030
  8   -8.204667331426e-02 -1.241615513494e-01 2.21e-04 3.73e-06 7.39e-05 0.035
  9   -8.363783315918e-02 -1.231267562627e-01 1.77e-04 2.98e-06 1.96e-04 0.040
 10   -8.573826319818e-02 -1.205847459703e-01 1.06e-04 1.79e-06 1.75e-04 0.044
 11   -8.728360755129e-02 -1.169549407678e-01 6.97e-05 1.17e-06 3.38e-04 0.049
 12   -9.492178511132e-02 -1.048282908066e-01 2.14e-05 3.60e-07 7.49e-05 0.053
 13   -9.573363281418e-02 -1.031913852792e-01 1.32e-05 2.22e-07 8.97e-05 0.058
 14   -9.611217930664e-02 -1.025782580003e-01 1.00e-05 1.69e-07 9.41e-05 0.063
 15   -9.721223359433e-02 -1.009317456999e-01 5.10e-06 8.59e-08 4.82e-05 0.068
 16   -9.738047608397e-02 -1.005140832556e-01 3.53e-06 5.94e-08 4.78e-05 0.073
 17   -9.813667347732e-02 -9.940576147754e-02 1.10e-06 1.85e-08 1.83e-05 0.078
 18   -9.834629729636e-02 -9.908004991521e-02 4.97e-07 8.38e-09 1.30e-05 0.083
 19   -9.855959442646e-02 -9.879983177248e-02 1.40e-07 2.36e-09 4.15e-06 0.087
 20   -9.863009674676e-02 -9.870302417757e-02 3.17e-08 5.34e-10 1.35e-06 0.092
 21   -9.865468521847e-02 -9.867265752959e-02 7.33e-09 1.24e-10 3.27e-07 0.096
 22   -9.866134821646e-02 -9.866398528993e-02 6.93e-10 1.17e-11 3.61e-08 0.101
 23   -9.866238143945e-02 -9.866274590457e-02 9.58e-11 1.61e-12 5.12e-09 0.105
 24   -9.866252321829e-02 -9.866257540682e-02 1.37e-11 2.44e-13 7.37e-10 0.109
 25   -9.866254596022e-02 -9.866254802255e-02 5.33e-13 5.66e-09 2.83e-11 0.113


Optimal solution found in 25 iterations and 0.113s
Objective -9.86625460e-02
Primal infeasibility (abs/rel): 1.07e-12/5.33e-13
Dual infeasibility   (abs/rel): 6.24e-09/5.66e-09
Complementarity gap  (abs/rel): 3.11e-11/2.83e-11


Barrier finished in 0.11 seconds
Dual variables for problems with quadratic constraints not returned.
