cuOpt version: 26.10.0, git hash: 648f805d, host arch: x86_64, device archs: 80-real
CPU: AMD EPYC 7642 48-Core Processor, threads: 5C/5T, RAM usage: 40.03/503.74GiB
CPU SIMD target: AVX2
CUDA 12.9, device: NVIDIA A100 80GB PCIe (ID 0), VRAM: 79.44 GiB
CUDA device UUID: 68df5cf5-71f9-6a93-b428-460c080ffb10
Problem has 1 quadratic constraints. Converting to second-order cones and solving with barrier.
Handling 50 free variables directly in augmented system
Presolved problem: 5103 constraints 10102 variables 265152 nonzeros
Skipping Ruiz equilibration (row norm ratio 1.4, column norm ratio 1.4 < 5e4, Q coeff ratio 1.0 < 100)
Barrier solver started at 0.028 seconds
Barrier solver: 5103 constraints, 10102 variables, 265152 nonzeros


Second-order cones          : 1
Free variables              : 50
Upper bounds                : 5000
Linear system               : augmented
cuDSS Version               : 0.7.1
cuDSS Threading layer       : libcudss_mtlayer_gomp.so.0
Reordering time             : 0.054s
Symbolic factorization time : 0.023s
Symbolic nonzeros in factor : 2.79e+05
Elapsed time for augmented  : 0.113 seconds
Elapsed time           : 0.113 seconds
Barrier setup complete at 0.113 seconds
Adaptive regularization enabled


                  Objective                         Infeasibility        Time
Iter   Primal              Dual                Primal   Dual    Compl.   Elapsed
  0   -3.703532868363e+02 -3.711197926069e+02 3.71e+03 1.91e+00 1.19e-02 0.114
  1   -3.743020853199e+01 -3.496848610668e+02 3.74e+02 7.84e-02 1.66e-02 0.119
  2   -3.890059328356e+00 -2.098043268277e+02 3.81e+01 4.70e-02 1.33e-02 0.123
  3   -4.431777757939e-01 -3.239602562015e+01 3.86e+00 5.32e-03 4.56e-03 0.128
  4   -9.291231041670e-02 -4.513678412998e+00 4.09e-01 5.69e-04 6.47e-04 0.133
  5   -5.628994223274e-02 -7.111301089464e-01 4.09e-02 5.69e-05 8.81e-05 0.138
  6   -5.677713687446e-02 -2.036544837398e-01 9.09e-03 1.26e-05 1.79e-05 0.143
  7   -6.866781007610e-02 -1.414261834699e-01 4.04e-03 5.63e-06 7.72e-06 0.148
  8   -7.207250426710e-02 -1.401650412715e-01 3.50e-03 4.88e-06 1.87e-05 0.153
  9   -7.495980036749e-02 -1.380244778525e-01 3.01e-03 4.20e-06 5.03e-05 0.158
 10   -7.823340235308e-02 -1.350609076857e-01 2.39e-03 3.32e-06 8.91e-05 0.163
 11   -8.152077537460e-02 -1.310894594186e-01 1.69e-03 2.36e-06 1.06e-04 0.168
 12   -8.328002637283e-02 -1.280416513061e-01 1.29e-03 1.80e-06 1.04e-04 0.172
 13   -8.488884062794e-02 -1.244031071139e-01 9.96e-04 1.39e-06 1.32e-04 0.177
 14   -9.110165040102e-02 -1.119888358795e-01 4.44e-04 6.18e-07 8.41e-05 0.182
 15   -9.428407430859e-02 -1.059708198061e-01 2.09e-04 2.91e-07 4.01e-05 0.187
 16   -9.612656077394e-02 -1.026489655888e-01 1.09e-04 1.51e-07 1.72e-05 0.192
 17   -9.686049281757e-02 -1.008989837781e-01 4.72e-05 6.57e-08 2.49e-05 0.197
 18   -9.790447771379e-02 -9.921222749768e-02 1.22e-05 1.70e-08 5.71e-06 0.202
 19   -9.823132965639e-02 -9.869717664192e-02 3.83e-06 5.33e-09 2.12e-06 0.207
 20   -9.837743006858e-02 -9.847736324474e-02 6.34e-07 8.84e-10 3.56e-07 0.212
 21   -9.841333993790e-02 -9.842802186323e-02 9.24e-08 1.32e-10 4.77e-08 0.217
 22   -9.841871042324e-02 -9.842067452052e-02 1.24e-08 2.21e-11 5.62e-09 0.221
 23   -9.841942863135e-02 -9.841969297816e-02 1.66e-09 1.14e-10 6.38e-10 0.226
 24   -9.841952511932e-02 -9.841956118768e-02 2.27e-10 8.39e-11 7.37e-11 0.231
 25   -9.841953845870e-02 -9.841954297846e-02 2.84e-11 2.92e-11 8.39e-12 0.236


Optimal solution found in 25 iterations and 0.236s
Objective -9.84195385e-02
Primal infeasibility (abs/rel): 5.68e-11/2.84e-11
Dual infeasibility   (abs/rel): 3.22e-11/2.92e-11
Complementarity gap  (abs/rel): 9.21e-12/8.39e-12


Barrier finished in 0.24 seconds
Dual variables for problems with quadratic constraints not returned.
