cuOpt version: 26.10.0, git hash: 648f805d, host arch: x86_64, device archs: 80-real
CPU: AMD EPYC 7642 48-Core Processor, threads: 5C/5T, RAM usage: 40.03/503.74GiB
CPU SIMD target: AVX2
CUDA 12.9, device: NVIDIA A100 80GB PCIe (ID 0), VRAM: 79.44 GiB
CUDA device UUID: 68df5cf5-71f9-6a93-b428-460c080ffb10
Problem has 1 quadratic constraints. Converting to second-order cones and solving with barrier.
Handling 50 free variables directly in augmented system
Presolved problem: 5103 constraints 10102 variables 265152 nonzeros
Skipping Ruiz equilibration (row norm ratio 1.4, column norm ratio 1.4 < 5e4, Q coeff ratio 1.0 < 100)
Barrier solver started at 0.027 seconds
Barrier solver: 5103 constraints, 10102 variables, 265152 nonzeros


Second-order cones          : 1
Free variables              : 50
Upper bounds                : 5000
Linear system               : augmented
cuDSS Version               : 0.7.1
cuDSS Threading layer       : libcudss_mtlayer_gomp.so.0
Reordering time             : 0.055s
Symbolic factorization time : 0.023s
Symbolic nonzeros in factor : 2.79e+05
Elapsed time for augmented  : 0.112 seconds
Elapsed time           : 0.112 seconds
Barrier setup complete at 0.112 seconds
Adaptive regularization enabled


                  Objective                         Infeasibility        Time
Iter   Primal              Dual                Primal   Dual    Compl.   Elapsed
  0   -3.703446513950e+02 -3.711178663113e+02 3.71e+03 1.91e+00 1.19e-02 0.113
  1   -3.742798788058e+01 -3.496828429201e+02 3.74e+02 7.84e-02 1.66e-02 0.118
  2   -3.889436185734e+00 -2.097977700381e+02 3.80e+01 4.70e-02 1.33e-02 0.123
  3   -4.431251872206e-01 -3.239348568825e+01 3.86e+00 5.32e-03 4.56e-03 0.127
  4   -9.290831313090e-02 -4.513559933931e+00 4.09e-01 5.69e-04 6.47e-04 0.132
  5   -5.628862974438e-02 -7.110982294197e-01 4.09e-02 5.69e-05 8.81e-05 0.137
  6   -5.677593070616e-02 -2.027006463582e-01 9.03e-03 1.26e-05 1.79e-05 0.142
  7   -6.883607182089e-02 -1.404869387205e-01 3.99e-03 5.55e-06 7.62e-06 0.147
  8   -7.309176074769e-02 -1.386907787203e-01 3.34e-03 4.65e-06 1.94e-05 0.152
  9   -7.543608785716e-02 -1.370385266140e-01 2.91e-03 4.06e-06 3.21e-05 0.156
 10   -8.006922690756e-02 -1.315247235218e-01 2.21e-03 3.08e-06 5.64e-05 0.161
 11   -8.088640992785e-02 -1.307449719503e-01 1.91e-03 2.66e-06 6.16e-05 0.166
 12   -8.499265400707e-02 -1.243303489404e-01 1.30e-03 1.81e-06 6.43e-05 0.171
 13   -8.550465919324e-02 -1.222345288249e-01 1.05e-03 1.47e-06 1.49e-04 0.176
 14   -9.068289630751e-02 -1.125693476321e-01 5.02e-04 6.99e-07 1.34e-04 0.181
 15   -9.443389154312e-02 -1.056546712438e-01 2.25e-04 3.13e-07 6.93e-05 0.185
 16   -9.680332054102e-02 -1.015426224956e-01 8.35e-05 1.16e-07 1.77e-05 0.190
 17   -9.759646325192e-02 -9.996297843864e-02 2.94e-05 4.10e-08 1.09e-05 0.195
 18   -9.820588215971e-02 -9.898437344163e-02 7.68e-06 1.07e-08 2.62e-06 0.200
 19   -9.844179831714e-02 -9.864073396931e-02 1.83e-06 2.55e-09 5.65e-07 0.205
 20   -9.850640196979e-02 -9.854852713883e-02 3.63e-07 5.07e-10 1.02e-07 0.210
 21   -9.852125153375e-02 -9.852791241248e-02 5.66e-08 7.99e-11 1.42e-08 0.214
 22   -9.852369156861e-02 -9.852454511340e-02 7.24e-09 9.27e-12 1.68e-09 0.219
 23   -9.852401145696e-02 -9.852410440033e-02 7.88e-10 4.92e-09 1.80e-10 0.223
 24   -9.852404660289e-02 -9.852405599533e-02 7.97e-11 2.21e-08 1.82e-11 0.227
 25   -9.852405015796e-02 -9.852405109894e-02 7.98e-12 8.35e-09 1.83e-12 0.231


Optimal solution found in 25 iterations and 0.231s
Objective -9.85240502e-02
Primal infeasibility (abs/rel): 1.60e-11/7.98e-12
Dual infeasibility   (abs/rel): 9.20e-09/8.35e-09
Complementarity gap  (abs/rel): 2.01e-12/1.83e-12


Barrier finished in 0.23 seconds
Dual variables for problems with quadratic constraints not returned.
