cuOpt version: 26.10.0, git hash: 648f805d, host arch: x86_64, device archs: 80-real
CPU: AMD EPYC 7642 48-Core Processor, threads: 5C/5T, RAM usage: 37.37/503.74GiB
CPU SIMD target: AVX2
CUDA 12.9, device: NVIDIA A100 80GB PCIe (ID 0), VRAM: 79.44 GiB
CUDA device UUID: 68df5cf5-71f9-6a93-b428-460c080ffb10
Problem has 1 quadratic constraints. Converting to second-order cones and solving with barrier.
Handling 50 free variables directly in augmented system
Presolved problem: 5103 constraints 10102 variables 265152 nonzeros
Skipping Ruiz equilibration (row norm ratio 1.4, column norm ratio 1.4 < 5e4, Q coeff ratio 1.0 < 100)
Barrier solver started at 0.025 seconds
Barrier solver: 5103 constraints, 10102 variables, 265152 nonzeros


Second-order cones          : 1
Free variables              : 50
Upper bounds                : 5000
Linear system               : augmented
cuDSS Version               : 0.7.1
cuDSS Threading layer       : libcudss_mtlayer_gomp.so.0
Reordering time             : 0.061s
Symbolic factorization time : 0.024s
Symbolic nonzeros in factor : 2.79e+05
Elapsed time for augmented  : 0.117 seconds
Elapsed time           : 0.117 seconds
Barrier setup complete at 0.117 seconds
Adaptive regularization enabled


                  Objective                         Infeasibility        Time
Iter   Primal              Dual                Primal   Dual    Compl.   Elapsed
  0   -3.703274138474e+02 -3.710708058040e+02 3.71e+03 1.91e+00 1.19e-02 0.118
  1   -4.137052079122e+00 -3.474922988751e+02 4.01e+01 2.77e-01 6.50e-02 0.121
  2   -1.039665873026e-01 -2.487351063563e+01 4.69e-01 7.85e-03 4.78e-03 0.123
  3   -5.494861952326e-02 -6.426107932890e-01 4.69e-03 7.91e-05 1.47e-04 0.126
  4   -5.854386016346e-02 -1.360801898153e-01 6.18e-04 1.04e-05 1.73e-05 0.129
  5   -6.651980172124e-02 -1.382165323259e-01 5.03e-04 8.47e-06 2.56e-05 0.131
  6   -6.787741948830e-02 -1.385553868369e-01 4.69e-04 7.93e-06 3.65e-05 0.134
  7   -8.000815225530e-02 -1.263543940729e-01 2.70e-04 4.55e-06 7.62e-05 0.137
  8   -8.013336137428e-02 -1.261894567471e-01 2.54e-04 4.30e-06 9.32e-05 0.139
  9   -8.275751166280e-02 -1.243059772049e-01 1.86e-04 3.19e-06 2.72e-04 0.142
 10   -8.324125355354e-02 -1.222972943040e-01 1.45e-04 2.50e-06 5.49e-04 0.145
 11   -9.290516387423e-02 -1.080072676324e-01 4.82e-05 8.13e-07 1.53e-04 0.147
 12   -9.345899215372e-02 -1.064560129675e-01 3.41e-05 5.87e-07 1.79e-04 0.150
 13   -9.680796866041e-02 -1.013510891362e-01 1.07e-05 1.65e-07 6.48e-05 0.153
 14   -9.715836514933e-02 -1.005134345270e-01 6.02e-06 1.02e-07 6.33e-05 0.155
 15   -9.801444197523e-02 -9.937491682568e-02 2.30e-06 2.88e-08 2.29e-05 0.158
 16   -9.823847266181e-02 -9.899448968635e-02 9.26e-07 1.80e-08 1.48e-05 0.161
 17   -9.846873779444e-02 -9.869334425744e-02 2.51e-07 1.22e-08 4.44e-06 0.163
 18   -9.853074557659e-02 -9.860434130793e-02 5.45e-08 1.39e-09 1.30e-06 0.166
 19   -9.855685061338e-02 -9.857248101659e-02 1.11e-08 9.02e-09 2.82e-07 0.169
 20   -9.856287210186e-02 -9.856470331266e-02 7.04e-10 7.28e-10 2.23e-08 0.171
 21   -9.856361930277e-02 -9.856382012866e-02 7.68e-11 6.47e-09 2.50e-09 0.174
 22   -9.856370624862e-02 -9.856371664130e-02 1.65e-11 3.96e-09 1.24e-10 0.177
 23   -9.856371080986e-02 -9.856371151073e-02 5.26e-12 1.28e-06 7.03e-12 0.180
 24   -9.856371116083e-02 -9.856371122703e-02 7.52e-13 7.76e-05 5.81e-13 0.182
 25   -9.856371119960e-02 -9.856371120305e-02 3.68e-14 5.63e-04 1.36e-14 0.185
 26   -9.856371120134e-02 -9.856371120181e-02 1.12e-14 2.52e-03 1.50e-15 0.188
 27   -9.856371120151e-02 -9.856371120175e-02 6.33e-15 8.04e-03 3.65e-17 0.190
Numerical error in objective
Restoring previous solution


Suboptimal solution found in 28 iterations and 0.19 seconds
Objective -9.85637062e-02
Primal infeasibility (abs/rel): 3.30e-11/1.65e-11
Dual infeasibility   (abs/rel): 4.37e-09/3.96e-09
Complementarity gap  (abs/rel): 1.36e-10/1.24e-10


Barrier finished in 0.19 seconds
Dual variables for problems with quadratic constraints not returned.
