cuOpt version: 26.10.0, git hash: 648f805d, host arch: x86_64, device archs: 80-real
CPU: AMD EPYC 7642 48-Core Processor, threads: 5C/5T, RAM usage: 37.53/503.74GiB
CPU SIMD target: AVX2
CUDA 12.9, device: NVIDIA A100 80GB PCIe (ID 0), VRAM: 79.44 GiB
CUDA device UUID: 68df5cf5-71f9-6a93-b428-460c080ffb10
Problem has 1 quadratic constraints. Converting to second-order cones and solving with barrier.
Handling 50 free variables directly in augmented system
Presolved problem: 5103 constraints 10102 variables 265152 nonzeros
Skipping Ruiz equilibration (row norm ratio 1.4, column norm ratio 1.4 < 5e4, Q coeff ratio 1.0 < 100)
Barrier solver started at 0.027 seconds
Barrier solver: 5103 constraints, 10102 variables, 265152 nonzeros


Second-order cones          : 1
Free variables              : 50
Upper bounds                : 5000
Linear system               : augmented
cuDSS Version               : 0.7.1
cuDSS Threading layer       : libcudss_mtlayer_gomp.so.0
Reordering time             : 0.053s
Symbolic factorization time : 0.023s
Symbolic nonzeros in factor : 2.79e+05
Elapsed time for augmented  : 0.110 seconds
Elapsed time           : 0.110 seconds
Barrier setup complete at 0.110 seconds
Adaptive regularization enabled


                  Objective                         Infeasibility        Time
Iter   Primal              Dual                Primal   Dual    Compl.   Elapsed
  0   -3.704296579021e+02 -3.711143874095e+02 3.71e+03 1.91e+00 1.19e-02 0.110
  1   -4.138892597238e+00 -3.475359915806e+02 4.01e+01 2.77e-01 6.50e-02 0.113
  2   -1.039998754219e-01 -2.488607306716e+01 4.69e-01 7.85e-03 4.78e-03 0.116
  3   -5.495597871334e-02 -6.429557205264e-01 4.69e-03 7.91e-05 1.48e-04 0.118
  4   -5.854647565571e-02 -1.362808542804e-01 6.19e-04 1.04e-05 1.74e-05 0.121
  5   -6.679122823125e-02 -1.385928704662e-01 5.02e-04 8.46e-06 2.70e-05 0.124
  6   -6.794018493504e-02 -1.389116857888e-01 4.73e-04 7.99e-06 3.50e-05 0.127
  7   -8.102191469426e-02 -1.263516735710e-01 2.52e-04 4.26e-06 8.00e-05 0.129
  8   -8.117543307796e-02 -1.261418666426e-01 2.34e-04 3.97e-06 1.12e-04 0.132
  9   -8.463905895337e-02 -1.227993106104e-01 1.51e-04 2.59e-06 2.91e-04 0.135
 10   -8.541153961769e-02 -1.201688769278e-01 1.11e-04 1.93e-06 4.87e-04 0.138
 11   -9.365531561860e-02 -1.075906845588e-01 3.94e-05 6.62e-07 1.40e-04 0.140
 12   -9.411674921475e-02 -1.061255124327e-01 2.78e-05 4.80e-07 1.95e-04 0.143
 13   -9.711524711513e-02 -1.015162079599e-01 9.14e-06 1.39e-07 7.17e-05 0.146
 14   -9.773258775413e-02 -1.003075144389e-01 3.86e-06 6.56e-08 4.82e-05 0.148
 15   -9.846080256060e-02 -9.934074745872e-02 1.18e-06 1.49e-08 1.40e-05 0.151
 16   -9.865821721818e-02 -9.903490348853e-02 3.55e-07 7.46e-09 7.37e-06 0.154
 17   -9.878552975408e-02 -9.887465592180e-02 8.09e-08 1.40e-08 1.76e-06 0.157
 18   -9.881255843166e-02 -9.883682844600e-02 1.23e-08 1.02e-09 3.34e-07 0.159
 19   -9.882185218375e-02 -9.882585711731e-02 2.00e-09 9.32e-09 5.60e-08 0.162
 20   -9.882348316196e-02 -9.882383833524e-02 1.45e-10 5.00e-09 2.89e-09 0.165
 21   -9.882363289467e-02 -9.882366358820e-02 7.35e-12 4.12e-08 2.55e-10 0.168
 22   -9.882364634155e-02 -9.882364794873e-02 4.38e-12 4.97e-09 1.24e-11 0.171


Optimal solution found in 22 iterations and 0.171s
Objective -9.88236463e-02
Primal infeasibility (abs/rel): 8.76e-12/4.38e-12
Dual infeasibility   (abs/rel): 5.47e-09/4.97e-09
Complementarity gap  (abs/rel): 1.37e-11/1.24e-11


Barrier finished in 0.17 seconds
Dual variables for problems with quadratic constraints not returned.
