cuOpt version: 26.10.0, git hash: 648f805d, host arch: x86_64, device archs: 80-real
CPU: AMD EPYC 7642 48-Core Processor, threads: 5C/5T, RAM usage: 26.63/503.74GiB
CPU SIMD target: AVX2
CUDA 12.9, device: NVIDIA A100 80GB PCIe (ID 0), VRAM: 79.44 GiB
CUDA device UUID: 68df5cf5-71f9-6a93-b428-460c080ffb10
Problem has 1 quadratic constraints. Converting to second-order cones and solving with barrier.
Handling 50 free variables directly in augmented system
Presolved problem: 5103 constraints 10102 variables 265152 nonzeros
Skipping Ruiz equilibration (row norm ratio 1.4, column norm ratio 1.4 < 5e4, Q coeff ratio 1.0 < 100)
Barrier solver started at 0.028 seconds
Barrier solver: 5103 constraints, 10102 variables, 265152 nonzeros


Second-order cones          : 1
Free variables              : 50
Upper bounds                : 5000
Linear system               : augmented
cuDSS Version               : 0.7.1
cuDSS Threading layer       : libcudss_mtlayer_gomp.so.0
cuDSS solve mode            : deterministic
Reordering time             : 0.054s
Symbolic factorization time : 0.024s
Symbolic nonzeros in factor : 2.79e+05
Elapsed time for augmented  : 0.113 seconds
Elapsed time           : 0.113 seconds
Barrier setup complete at 0.113 seconds
Adaptive regularization enabled


                  Objective                         Infeasibility        Time
Iter   Primal              Dual                Primal   Dual    Compl.   Elapsed
  0   -4.988369490371e-02 -2.507067875879e+03 5.00e+00 9.29e+00 1.02e+02 0.396
  1   -5.003836702180e-02 -2.710455221424e+02 5.31e-01 6.51e-01 1.37e+01 0.474
  2   -5.138683000540e-02 -4.512019480095e+01 8.53e-02 1.11e+00 2.68e+00 0.551
  3   -5.777830465482e-02 -5.254373931245e+00 8.53e-03 2.92e-01 2.73e-01 0.629
  4   -6.190667981039e-02 -1.243948267026e+00 1.93e-03 6.84e-02 6.14e-02 0.707
  5   -7.283317472713e-02 -2.847320196486e-01 1.94e-04 6.99e-03 6.61e-03 0.784
  6   -8.308226679996e-02 -1.597267389847e-01 6.57e-05 2.37e-03 2.23e-03 0.862
  7   -8.975229605743e-02 -1.222713561469e-01 1.43e-05 5.17e-04 3.93e-04 0.940
  8   -9.483558647582e-02 -1.079564328218e-01 5.20e-06 1.88e-04 9.40e-05 1.018
  9   -9.660376733823e-02 -1.029177071598e-01 2.24e-06 8.08e-05 4.23e-05 1.095
 10   -9.758455952288e-02 -1.003565938258e-01 7.27e-07 2.63e-05 1.06e-05 1.173
 11   -9.805502013304e-02 -9.932549475423e-02 2.79e-07 1.01e-05 6.44e-06 1.250
 12   -9.835856744813e-02 -9.873529867390e-02 5.35e-08 1.93e-06 1.21e-06 1.328
 13   -9.847502553644e-02 -9.855673105121e-02 1.08e-08 3.88e-07 2.12e-07 1.405
 14   -9.850218967081e-02 -9.851653098861e-02 1.84e-09 6.63e-08 3.11e-08 1.483
 15   -9.850708174909e-02 -9.850938284020e-02 2.92e-10 1.06e-08 4.11e-09 1.561
 16   -9.850786939354e-02 -9.850823632933e-02 4.64e-11 1.70e-09 5.24e-10 1.639
 17   -9.850799580825e-02 -9.850805275350e-02 7.18e-12 7.02e-10 7.00e-11 1.717
 18   -9.850801512912e-02 -9.850802474584e-02 1.38e-12 3.83e-08 1.18e-11 1.777
 19   -9.850801832891e-02 -9.850802010996e-02 3.23e-13 5.80e-07 2.17e-12 1.838
 20   -9.850801891063e-02 -9.850801926754e-02 9.16e-14 1.49e-06 4.31e-13 1.898
 21   -9.850801902231e-02 -9.850801910536e-02 2.09e-14 3.39e-07 9.83e-14 1.976
 22   -9.850801904733e-02 -9.850801906918e-02 5.27e-15 8.51e-08 2.47e-14 2.053
 23   -9.850801905450e-02 -9.850801905898e-02 1.05e-15 1.65e-08 4.96e-15 2.131
Numerical error in objective
Restoring previous solution


Suboptimal solution found in 24 iterations and 2.18 seconds
Objective -9.85079958e-02
Primal infeasibility (abs/rel): 1.44e-11/7.18e-12
Dual infeasibility   (abs/rel): 7.73e-10/7.02e-10
Complementarity gap  (abs/rel): 7.69e-11/7.00e-11


Barrier finished in 2.18 seconds
Dual variables for problems with quadratic constraints not returned.
