cuOpt version: 26.10.0, git hash: 648f805d, host arch: x86_64, device archs: 80-real
CPU: AMD EPYC 7642 48-Core Processor, threads: 5C/5T, RAM usage: 26.64/503.74GiB
CPU SIMD target: AVX2
CUDA 12.9, device: NVIDIA A100 80GB PCIe (ID 0), VRAM: 79.44 GiB
CUDA device UUID: 68df5cf5-71f9-6a93-b428-460c080ffb10
Problem has 1 quadratic constraints. Converting to second-order cones and solving with barrier.
Handling 50 free variables directly in augmented system
Presolved problem: 5103 constraints 10102 variables 265152 nonzeros
Skipping Ruiz equilibration (row norm ratio 1.4, column norm ratio 1.4 < 5e4, Q coeff ratio 1.0 < 100)
Barrier solver started at 0.027 seconds
Barrier solver: 5103 constraints, 10102 variables, 265152 nonzeros


Second-order cones          : 1
Free variables              : 50
Upper bounds                : 5000
Linear system               : augmented
cuDSS Version               : 0.7.1
cuDSS Threading layer       : libcudss_mtlayer_gomp.so.0
cuDSS solve mode            : deterministic
Reordering time             : 0.146s
Symbolic factorization time : 0.024s
Symbolic nonzeros in factor : 2.79e+05
Elapsed time for augmented  : 0.203 seconds
Elapsed time           : 0.203 seconds
Barrier setup complete at 0.203 seconds
Adaptive regularization enabled


                  Objective                         Infeasibility        Time
Iter   Primal              Dual                Primal   Dual    Compl.   Elapsed
  0   -4.988372916321e-02 -2.507067875879e+03 5.00e+00 9.29e+00 1.02e+02 0.470
  1   -5.003840125174e-02 -2.710454603657e+02 5.31e-01 6.51e-01 1.37e+01 0.547
  2   -5.138686387071e-02 -4.512011546817e+01 8.53e-02 1.11e+00 2.68e+00 0.625
  3   -5.777820960643e-02 -5.254385763772e+00 8.53e-03 2.92e-01 2.73e-01 0.703
  4   -6.190647461992e-02 -1.243938094807e+00 1.93e-03 6.84e-02 6.14e-02 0.781
  5   -7.283360505973e-02 -2.847232805905e-01 1.94e-04 6.99e-03 6.61e-03 0.858
  6   -8.308274640778e-02 -1.597251522209e-01 6.57e-05 2.37e-03 2.23e-03 0.936
  7   -8.975220197558e-02 -1.222714952516e-01 1.43e-05 5.17e-04 3.93e-04 1.014
  8   -9.483559060994e-02 -1.079564640070e-01 5.20e-06 1.88e-04 9.40e-05 1.091
  9   -9.660379309991e-02 -1.029176628734e-01 2.24e-06 8.08e-05 4.23e-05 1.169
 10   -9.758458249240e-02 -1.003565417462e-01 7.27e-07 2.63e-05 1.06e-05 1.246
 11   -9.805503108912e-02 -9.932548085355e-02 2.79e-07 1.01e-05 6.44e-06 1.323
 12   -9.835857557731e-02 -9.873528696711e-02 5.35e-08 1.93e-06 1.21e-06 1.401
 13   -9.847502789893e-02 -9.855672776420e-02 1.08e-08 3.88e-07 2.12e-07 1.479
 14   -9.850219010869e-02 -9.851653038222e-02 1.84e-09 6.63e-08 3.11e-08 1.557
 15   -9.850708181243e-02 -9.850938275335e-02 2.92e-10 1.06e-08 4.11e-09 1.640
 16   -9.850786940283e-02 -9.850823631667e-02 4.64e-11 1.69e-09 5.24e-10 1.718
 17   -9.850799580976e-02 -9.850805275144e-02 7.18e-12 6.73e-10 7.00e-11 1.796
 18   -9.850801512993e-02 -9.850802474468e-02 1.38e-12 2.80e-08 1.18e-11 1.856
 19   -9.850801832881e-02 -9.850802011010e-02 3.23e-13 1.67e-07 2.17e-12 1.916
 20   -9.850801890987e-02 -9.850801926768e-02 6.43e-14 3.29e-08 4.31e-13 1.994
 21   -9.850801902213e-02 -9.850801910541e-02 1.47e-14 7.46e-09 9.84e-14 2.072


Optimal solution found in 21 iterations and 2.072s
Objective -9.85080190e-02
Primal infeasibility (abs/rel): 2.94e-14/1.47e-14
Dual infeasibility   (abs/rel): 8.22e-09/7.46e-09
Complementarity gap  (abs/rel): 1.08e-13/9.84e-14


Barrier finished in 2.07 seconds
Dual variables for problems with quadratic constraints not returned.
