cuOpt version: 26.10.0, git hash: 648f805d, host arch: x86_64, device archs: 80-real
CPU: AMD EPYC 7642 48-Core Processor, threads: 5C/5T, RAM usage: 26.62/503.74GiB
CPU SIMD target: AVX2
CUDA 12.9, device: NVIDIA A100 80GB PCIe (ID 0), VRAM: 79.44 GiB
CUDA device UUID: 68df5cf5-71f9-6a93-b428-460c080ffb10
Problem has 1 quadratic constraints. Converting to second-order cones and solving with barrier.
Handling 50 free variables directly in augmented system
Presolved problem: 5103 constraints 10102 variables 265152 nonzeros
Skipping Ruiz equilibration (row norm ratio 1.4, column norm ratio 1.4 < 5e4, Q coeff ratio 1.0 < 100)
Barrier solver started at 0.029 seconds
Barrier solver: 5103 constraints, 10102 variables, 265152 nonzeros


Second-order cones          : 1
Free variables              : 50
Upper bounds                : 5000
Linear system               : augmented
cuDSS Version               : 0.7.1
cuDSS Threading layer       : libcudss_mtlayer_gomp.so.0
cuDSS solve mode            : deterministic
Reordering time             : 0.164s
Symbolic factorization time : 0.023s
Symbolic nonzeros in factor : 2.79e+05
Elapsed time for augmented  : 0.223 seconds
Elapsed time           : 0.223 seconds
Barrier setup complete at 0.223 seconds
Adaptive regularization enabled


                  Objective                         Infeasibility        Time
Iter   Primal              Dual                Primal   Dual    Compl.   Elapsed
  0   -4.988373256995e-02 -2.507067875879e+03 5.00e+00 9.29e+00 1.02e+02 0.507
  1   -5.003840468371e-02 -2.710454443692e+02 5.31e-01 6.51e-01 1.37e+01 0.585
  2   -5.138686772750e-02 -4.512008819995e+01 8.53e-02 1.11e+00 2.68e+00 0.666
  3   -5.777818528366e-02 -5.254389000957e+00 8.53e-03 2.92e-01 2.73e-01 0.745
  4   -6.190641720853e-02 -1.243934222122e+00 1.93e-03 6.84e-02 6.14e-02 0.823
  5   -7.283367066588e-02 -2.847214058910e-01 1.94e-04 6.99e-03 6.61e-03 0.901
  6   -8.308282285895e-02 -1.597248240642e-01 6.57e-05 2.37e-03 2.23e-03 0.979
  7   -8.975217294386e-02 -1.222715522146e-01 1.43e-05 5.17e-04 3.93e-04 1.056
  8   -9.483558601591e-02 -1.079564834131e-01 5.20e-06 1.88e-04 9.40e-05 1.134
  9   -9.660379378128e-02 -1.029176638940e-01 2.24e-06 8.08e-05 4.23e-05 1.213
 10   -9.758458441659e-02 -1.003565370515e-01 7.27e-07 2.63e-05 1.06e-05 1.291
 11   -9.805503225173e-02 -9.932547953441e-02 2.79e-07 1.01e-05 6.44e-06 1.369
 12   -9.835857647489e-02 -9.873528563848e-02 5.35e-08 1.93e-06 1.21e-06 1.446
 13   -9.847502816159e-02 -9.855672739154e-02 1.08e-08 3.88e-07 2.12e-07 1.524
 14   -9.850219015506e-02 -9.851653031691e-02 1.84e-09 6.63e-08 3.11e-08 1.602
 15   -9.850708181866e-02 -9.850938274466e-02 2.92e-10 1.06e-08 4.11e-09 1.680
 16   -9.850786940375e-02 -9.850823631539e-02 4.64e-11 1.70e-09 5.24e-10 1.758
 17   -9.850799580980e-02 -9.850805275139e-02 7.18e-12 7.04e-10 7.00e-11 1.836
 18   -9.850801512968e-02 -9.850802474503e-02 1.38e-12 1.24e-08 1.18e-11 1.896
 19   -9.850801832882e-02 -9.850802011010e-02 3.23e-13 3.88e-07 2.17e-12 1.957
 20   -9.850801891075e-02 -9.850801926738e-02 9.15e-14 9.11e-07 4.31e-13 2.017
 21   -9.850801902207e-02 -9.850801910609e-02 3.26e-14 8.50e-08 9.97e-14 2.077
 22   -9.850801904808e-02 -9.850801906822e-02 7.49e-15 1.95e-08 2.31e-14 2.155
 23   -9.850801905389e-02 -9.850801905983e-02 2.05e-15 5.46e-09 6.35e-15 2.233


Optimal solution found in 23 iterations and 2.233s
Objective -9.85080191e-02
Primal infeasibility (abs/rel): 4.11e-15/2.05e-15
Dual infeasibility   (abs/rel): 6.02e-09/5.46e-09
Complementarity gap  (abs/rel): 6.98e-15/6.35e-15


Barrier finished in 2.24 seconds
Dual variables for problems with quadratic constraints not returned.
