cuOpt version: 26.10.0, git hash: 648f805d, host arch: x86_64, device archs: 80-real
CPU: AMD EPYC 7642 48-Core Processor, threads: 5C/5T, RAM usage: 26.62/503.74GiB
CPU SIMD target: AVX2
CUDA 12.9, device: NVIDIA A100 80GB PCIe (ID 0), VRAM: 79.44 GiB
CUDA device UUID: 68df5cf5-71f9-6a93-b428-460c080ffb10
Problem has 1 quadratic constraints. Converting to second-order cones and solving with barrier.
Handling 50 free variables directly in augmented system
Presolved problem: 5103 constraints 10102 variables 265152 nonzeros
Skipping Ruiz equilibration (row norm ratio 1.4, column norm ratio 1.4 < 5e4, Q coeff ratio 1.0 < 100)
Barrier solver started at 0.032 seconds
Barrier solver: 5103 constraints, 10102 variables, 265152 nonzeros


Second-order cones          : 1
Free variables              : 50
Upper bounds                : 5000
Linear system               : augmented
cuDSS Version               : 0.7.1
cuDSS Threading layer       : libcudss_mtlayer_gomp.so.0
cuDSS solve mode            : deterministic
Reordering time             : 0.141s
Symbolic factorization time : 0.023s
Symbolic nonzeros in factor : 2.79e+05
Elapsed time for augmented  : 0.204 seconds
Elapsed time           : 0.204 seconds
Barrier setup complete at 0.204 seconds
Adaptive regularization enabled


                  Objective                         Infeasibility        Time
Iter   Primal              Dual                Primal   Dual    Compl.   Elapsed
  0   -4.988370876352e-02 -2.507067875879e+03 5.00e+00 9.29e+00 1.02e+02 0.487
  1   -5.003838081224e-02 -2.710455172383e+02 5.31e-01 6.51e-01 1.37e+01 0.565
  2   -5.138684270843e-02 -4.512020221456e+01 8.53e-02 1.11e+00 2.68e+00 0.643
  3   -5.777829651673e-02 -5.254374517710e+00 8.53e-03 2.92e-01 2.73e-01 0.720
  4   -6.190667224242e-02 -1.243949984866e+00 1.93e-03 6.84e-02 6.14e-02 0.798
  5   -7.283330229070e-02 -2.847305345532e-01 1.94e-04 6.99e-03 6.61e-03 0.875
  6   -8.308240219032e-02 -1.597264443438e-01 6.57e-05 2.37e-03 2.23e-03 0.953
  7   -8.975229811044e-02 -1.222713244710e-01 1.43e-05 5.17e-04 3.93e-04 1.030
  8   -9.483559834969e-02 -1.079564121982e-01 5.20e-06 1.88e-04 9.40e-05 1.108
  9   -9.660378159206e-02 -1.029176781865e-01 2.24e-06 8.08e-05 4.23e-05 1.186
 10   -9.758456954864e-02 -1.003565717700e-01 7.27e-07 2.63e-05 1.06e-05 1.263
 11   -9.805502441613e-02 -9.932548900196e-02 2.79e-07 1.01e-05 6.44e-06 1.341
 12   -9.835857055478e-02 -9.873529427342e-02 5.35e-08 1.93e-06 1.21e-06 1.418
 13   -9.847502643543e-02 -9.855672981511e-02 1.08e-08 3.88e-07 2.12e-07 1.496
 14   -9.850218984243e-02 -9.851653075318e-02 1.84e-09 6.63e-08 3.11e-08 1.574
 15   -9.850708177462e-02 -9.850938280550e-02 2.92e-10 1.06e-08 4.11e-09 1.651
 16   -9.850786939741e-02 -9.850823632409e-02 4.64e-11 1.69e-09 5.24e-10 1.729
 17   -9.850799580902e-02 -9.850805275245e-02 7.18e-12 6.83e-10 7.00e-11 1.807
 18   -9.850801512907e-02 -9.850802474591e-02 1.38e-12 7.56e-08 1.18e-11 1.867
 19   -9.850801832923e-02 -9.850802010950e-02 3.23e-13 2.37e-07 2.17e-12 1.928
 20   -9.850801891025e-02 -9.850801926715e-02 6.41e-14 4.68e-08 4.30e-13 2.006
 21   -9.850801902240e-02 -9.850801910501e-02 1.46e-14 1.06e-08 9.75e-14 2.083
 22   -9.850801904755e-02 -9.850801906881e-02 3.61e-15 2.60e-09 2.40e-14 2.161


Optimal solution found in 22 iterations and 2.161s
Objective -9.85080190e-02
Primal infeasibility (abs/rel): 7.22e-15/3.61e-15
Dual infeasibility   (abs/rel): 2.86e-09/2.60e-09
Complementarity gap  (abs/rel): 2.64e-14/2.40e-14


Barrier finished in 2.16 seconds
Dual variables for problems with quadratic constraints not returned.
