cuOpt version: 26.10.0, git hash: 648f805d, host arch: x86_64, device archs: 80-real
CPU: AMD EPYC 7642 48-Core Processor, threads: 5C/5T, RAM usage: 40.01/503.74GiB
CPU SIMD target: AVX2
CUDA 12.9, device: NVIDIA A100 80GB PCIe (ID 0), VRAM: 79.44 GiB
CUDA device UUID: 68df5cf5-71f9-6a93-b428-460c080ffb10
Problem has 1 quadratic constraints. Converting to second-order cones and solving with barrier.
Handling 50 free variables directly in augmented system
Presolved problem: 5103 constraints 10102 variables 265152 nonzeros
Skipping Ruiz equilibration (row norm ratio 1.4, column norm ratio 1.4 < 5e4, Q coeff ratio 1.0 < 100)
Barrier solver started at 0.024 seconds
Barrier solver: 5103 constraints, 10102 variables, 265152 nonzeros


Second-order cones          : 1
Free variables              : 50
Upper bounds                : 5000
Linear system               : augmented
cuDSS Version               : 0.7.1
cuDSS Threading layer       : libcudss_mtlayer_gomp.so.0
Reordering time             : 0.054s
Symbolic factorization time : 0.024s
Symbolic nonzeros in factor : 2.79e+05
Elapsed time for augmented  : 0.108 seconds
Elapsed time           : 0.108 seconds
Barrier setup complete at 0.108 seconds
Adaptive regularization enabled


                  Objective                         Infeasibility        Time
Iter   Primal              Dual                Primal   Dual    Compl.   Elapsed
  0   -4.993543054603e-02 -2.506879868424e+03 5.00e+00 9.29e+00 1.02e+02 0.111
  1   -5.010604290439e-02 -4.583894013720e+01 8.11e-02 1.65e+00 5.48e+00 0.114
  2   -6.043704251906e-02 -1.218076526939e+00 8.10e-04 4.55e-01 1.26e-01 0.116
  3   -6.653639188362e-02 -3.121494953615e-01 1.70e-04 9.57e-02 2.64e-02 0.119
  4   -7.249891750319e-02 -2.522069442872e-01 9.05e-05 5.09e-02 1.38e-02 0.122
  5   -8.666357678658e-02 -1.392234247845e-01 2.38e-05 1.34e-02 3.59e-03 0.124
  6   -9.108394896296e-02 -1.121225821111e-01 1.08e-06 6.06e-04 1.76e-04 0.127
  7   -9.521062071209e-02 -1.041447230947e-01 4.02e-07 2.21e-04 8.30e-05 0.130
  8   -9.681838187897e-02 -1.007886257485e-01 6.46e-08 3.22e-05 2.52e-05 0.132
  9   -9.789454517187e-02 -9.931747821100e-02 2.05e-08 9.37e-06 7.34e-06 0.135
 10   -9.809587932432e-02 -9.899246456305e-02 1.14e-08 3.96e-06 9.26e-06 0.138
 11   -9.845834183774e-02 -9.853529338887e-02 1.61e-09 2.42e-07 9.58e-07 0.140
 12   -9.849177795150e-02 -9.849430168011e-02 1.86e-10 6.84e-09 2.40e-08 0.143
 13   -9.849279895748e-02 -9.849302299549e-02 3.56e-11 1.47e-08 1.82e-09 0.146
 14   -9.849289174713e-02 -9.849290445263e-02 9.29e-12 7.72e-08 7.86e-11 0.148
 15   -9.849289706649e-02 -9.849289765415e-02 3.20e-13 8.50e-06 4.33e-12 0.151
 16   -9.849289731193e-02 -9.849289734640e-02 3.80e-13 6.41e-05 1.78e-13 0.154
 17   -9.849289733019e-02 -9.849289733358e-02 7.11e-14 5.09e-04 1.15e-14 0.156
 18   -9.849289733264e-02 -9.849289733276e-02 2.16e-15 2.97e-03 2.85e-16 0.159
Numerical error in objective
Primal residual -nan dual residual -nan complementarity residual -nan
Search direction computation failed
Barrier finished in 0.16 seconds
Barrier Solve status A numerical error was encountered.
Dual variables for problems with quadratic constraints not returned.
