cuOpt version: 26.10.0, git hash: 648f805d, host arch: x86_64, device archs: 80-real
CPU: AMD EPYC 7642 48-Core Processor, threads: 5C/5T, RAM usage: 40.01/503.74GiB
CPU SIMD target: AVX2
CUDA 12.9, device: NVIDIA A100 80GB PCIe (ID 0), VRAM: 79.44 GiB
CUDA device UUID: 68df5cf5-71f9-6a93-b428-460c080ffb10
Problem has 1 quadratic constraints. Converting to second-order cones and solving with barrier.
Handling 50 free variables directly in augmented system
Presolved problem: 5103 constraints 10102 variables 265152 nonzeros
Skipping Ruiz equilibration (row norm ratio 1.4, column norm ratio 1.4 < 5e4, Q coeff ratio 1.0 < 100)
Barrier solver started at 0.027 seconds
Barrier solver: 5103 constraints, 10102 variables, 265152 nonzeros


Second-order cones          : 1
Free variables              : 50
Upper bounds                : 5000
Linear system               : augmented
cuDSS Version               : 0.7.1
cuDSS Threading layer       : libcudss_mtlayer_gomp.so.0
Reordering time             : 0.080s
Symbolic factorization time : 0.024s
Symbolic nonzeros in factor : 2.79e+05
Elapsed time for augmented  : 0.139 seconds
Elapsed time           : 0.139 seconds
Barrier setup complete at 0.139 seconds
Adaptive regularization enabled


                  Objective                         Infeasibility        Time
Iter   Primal              Dual                Primal   Dual    Compl.   Elapsed
  0   -4.994345357306e-02 -2.506919330407e+03 5.00e+00 9.28e+00 1.02e+02 0.141
  1   -5.011417517343e-02 -4.648339464567e+01 8.23e-02 1.65e+00 5.51e+00 0.144
  2   -6.028405171490e-02 -1.220178159426e+00 8.23e-04 4.60e-01 1.28e-01 0.147
  3   -6.655654362311e-02 -3.112016311474e-01 1.72e-04 9.61e-02 2.67e-02 0.150
  4   -7.105231788034e-02 -2.649417110794e-01 9.99e-05 5.59e-02 1.54e-02 0.152
  5   -8.664356052346e-02 -1.378087372604e-01 2.28e-05 1.28e-02 3.45e-03 0.155
  6   -9.204462973603e-02 -1.133949473076e-01 3.78e-06 2.12e-03 5.88e-04 0.158
  7   -9.655862033573e-02 -1.035081646940e-01 1.19e-06 6.61e-04 1.50e-04 0.160
  8   -9.739734522562e-02 -1.011380521088e-01 5.05e-07 2.71e-04 9.62e-05 0.163
  9   -9.838563002879e-02 -9.942279409273e-02 1.23e-07 6.64e-05 2.52e-05 0.166
 10   -9.866080153925e-02 -9.890261743778e-02 1.99e-08 1.28e-05 8.37e-06 0.168
 11   -9.873779828680e-02 -9.878355055642e-02 4.57e-09 2.37e-06 1.58e-06 0.171
 12   -9.875086414557e-02 -9.875938736872e-02 2.13e-09 2.51e-07 1.88e-07 0.174
 13   -9.875427578457e-02 -9.875468961961e-02 2.93e-11 7.48e-09 8.78e-09 0.176
 14   -9.875443895382e-02 -9.875446132882e-02 4.95e-11 1.31e-08 3.69e-10 0.179
 15   -9.875444792313e-02 -9.875445025085e-02 1.30e-11 7.89e-07 2.72e-11 0.182
 16   -9.875444900088e-02 -9.875444925040e-02 1.44e-12 3.59e-05 1.35e-12 0.184
 17   -9.875444911899e-02 -9.875444913521e-02 3.39e-13 2.82e-04 5.48e-14 0.187
 18   -9.875444913029e-02 -9.875444913161e-02 3.79e-14 8.08e-04 2.06e-15 0.190
 19   -9.875444913120e-02 -9.875444913149e-02 8.88e-15 6.03e-03 2.35e-16 0.192
Numerical error in objective
Restoring previous solution


Suboptimal solution found in 20 iterations and 0.20 seconds
Objective -9.87542758e-02
Primal infeasibility (abs/rel): 5.85e-11/2.93e-11
Dual infeasibility   (abs/rel): 8.24e-09/7.48e-09
Complementarity gap  (abs/rel): 9.65e-09/8.78e-09


Barrier finished in 0.20 seconds
Dual variables for problems with quadratic constraints not returned.
