cuOpt version: 26.10.0, git hash: 648f805d, host arch: x86_64, device archs: 80-real
CPU: AMD EPYC 7642 48-Core Processor, threads: 5C/5T, RAM usage: 40.01/503.74GiB
CPU SIMD target: AVX2
CUDA 12.9, device: NVIDIA A100 80GB PCIe (ID 0), VRAM: 79.44 GiB
CUDA device UUID: 68df5cf5-71f9-6a93-b428-460c080ffb10
Problem has 1 quadratic constraints. Converting to second-order cones and solving with barrier.
Handling 50 free variables directly in augmented system
Presolved problem: 5103 constraints 10102 variables 265152 nonzeros
Skipping Ruiz equilibration (row norm ratio 1.4, column norm ratio 1.4 < 5e4, Q coeff ratio 1.0 < 100)
Barrier solver started at 0.026 seconds
Barrier solver: 5103 constraints, 10102 variables, 265152 nonzeros


Second-order cones          : 1
Free variables              : 50
Upper bounds                : 5000
Linear system               : augmented
cuDSS Version               : 0.7.1
cuDSS Threading layer       : libcudss_mtlayer_gomp.so.0
Reordering time             : 0.057s
Symbolic factorization time : 0.023s
Symbolic nonzeros in factor : 2.79e+05
Elapsed time for augmented  : 0.114 seconds
Elapsed time           : 0.114 seconds
Barrier setup complete at 0.114 seconds
Adaptive regularization enabled


                  Objective                         Infeasibility        Time
Iter   Primal              Dual                Primal   Dual    Compl.   Elapsed
  0   -4.993640075703e-02 -2.507026439689e+03 5.00e+00 9.28e+00 1.02e+02 0.117
  1   -5.010695272295e-02 -4.634824725632e+01 8.21e-02 1.65e+00 5.50e+00 0.120
  2   -6.030151090152e-02 -1.224877271701e+00 8.21e-04 4.59e-01 1.27e-01 0.123
  3   -6.638582283538e-02 -3.220062349230e-01 1.78e-04 9.97e-02 2.77e-02 0.125
  4   -7.254727773835e-02 -2.491163212659e-01 7.98e-05 4.47e-02 1.22e-02 0.128
  5   -8.643863616189e-02 -1.359622342243e-01 2.06e-05 1.15e-02 3.10e-03 0.131
  6   -9.426537715952e-02 -1.078194805559e-01 1.92e-06 1.08e-03 1.98e-04 0.133
  7   -9.549762360761e-02 -1.040234344300e-01 9.53e-07 5.23e-04 1.39e-04 0.136
  8   -9.760620130485e-02 -1.002093903730e-01 2.72e-07 1.49e-04 4.08e-05 0.139
  9   -9.811133716111e-02 -9.912400338196e-02 7.44e-08 4.19e-05 1.90e-05 0.141
 10   -9.847617873696e-02 -9.855118434736e-02 6.86e-09 2.90e-06 4.27e-07 0.144
 11   -9.850183005037e-02 -9.851139692456e-02 1.41e-09 3.34e-07 2.09e-08 0.147
 12   -9.850492127116e-02 -9.850684120568e-02 2.94e-10 6.03e-08 2.70e-09 0.149
 13   -9.850553592151e-02 -9.850593609844e-02 7.82e-11 3.99e-08 6.27e-10 0.152
 14   -9.850568828575e-02 -9.850573334969e-02 7.37e-12 1.55e-06 7.32e-11 0.155
 15   -9.850570608680e-02 -9.850571046670e-02 2.65e-13 1.68e-06 5.82e-12 0.157
 16   -9.850570796398e-02 -9.850570811188e-02 1.78e-14 4.11e-06 2.54e-13 0.160
 17   -9.850570802969e-02 -9.850570803211e-02 1.79e-14 7.89e-05 2.41e-15 0.163
 18   -9.850570803033e-02 -9.850570803149e-02 1.26e-14 3.95e-03 1.05e-15 0.165
Numerical error in objective
Primal residual -nan dual residual -nan complementarity residual -nan
Search direction computation failed
Barrier finished in 0.17 seconds
Barrier Solve status A numerical error was encountered.
Dual variables for problems with quadratic constraints not returned.
