cuOpt version: 26.10.0, git hash: 648f805d, host arch: x86_64, device archs: 80-real
CPU: AMD EPYC 7642 48-Core Processor, threads: 5C/5T, RAM usage: 40.01/503.74GiB
CPU SIMD target: AVX2
CUDA 12.9, device: NVIDIA A100 80GB PCIe (ID 0), VRAM: 79.44 GiB
CUDA device UUID: 68df5cf5-71f9-6a93-b428-460c080ffb10
Problem has 1 quadratic constraints. Converting to second-order cones and solving with barrier.
Handling 50 free variables directly in augmented system
Presolved problem: 5103 constraints 10102 variables 265152 nonzeros
Skipping Ruiz equilibration (row norm ratio 1.4, column norm ratio 1.4 < 5e4, Q coeff ratio 1.0 < 100)
Barrier solver started at 0.026 seconds
Barrier solver: 5103 constraints, 10102 variables, 265152 nonzeros


Second-order cones          : 1
Free variables              : 50
Upper bounds                : 5000
Linear system               : augmented
cuDSS Version               : 0.7.1
cuDSS Threading layer       : libcudss_mtlayer_gomp.so.0
Reordering time             : 0.116s
Symbolic factorization time : 0.023s
Symbolic nonzeros in factor : 2.79e+05
Elapsed time for augmented  : 0.172 seconds
Elapsed time           : 0.172 seconds
Barrier setup complete at 0.172 seconds
Adaptive regularization enabled


                  Objective                         Infeasibility        Time
Iter   Primal              Dual                Primal   Dual    Compl.   Elapsed
  0   -4.993815836010e-02 -2.506924487080e+03 5.00e+00 9.28e+00 1.02e+02 0.175
  1   -5.010881151020e-02 -4.609063833150e+01 8.16e-02 1.65e+00 5.49e+00 0.178
  2   -6.037132362500e-02 -1.222620088490e+00 8.16e-04 4.57e-01 1.26e-01 0.181
  3   -6.650898346735e-02 -3.083278140746e-01 1.68e-04 9.42e-02 2.61e-02 0.183
  4   -7.309400377033e-02 -2.470799975455e-01 8.25e-05 4.63e-02 1.25e-02 0.186
  5   -8.765558282469e-02 -1.333832981843e-01 1.97e-05 1.11e-02 2.95e-03 0.189
  6   -9.419345910823e-02 -1.085652521960e-01 2.89e-06 1.62e-03 3.60e-04 0.191
  7   -9.643058768009e-02 -1.023715107758e-01 9.41e-07 5.17e-04 1.38e-04 0.194
  8   -9.811134670247e-02 -9.911543973656e-02 5.27e-08 3.04e-05 5.61e-06 0.197
  9   -9.837997560990e-02 -9.872695964951e-02 1.60e-08 9.01e-06 2.11e-06 0.199
 10   -9.845300808875e-02 -9.861381757989e-02 5.91e-09 2.77e-06 1.51e-06 0.202
 11   -9.851398914424e-02 -9.853710409275e-02 1.04e-09 3.65e-07 2.65e-07 0.205
 12   -9.852292347388e-02 -9.852547402945e-02 4.29e-10 3.36e-08 3.27e-08 0.207
 13   -9.852399565201e-02 -9.852411907228e-02 1.60e-11 7.78e-09 1.66e-09 0.210
 14   -9.852404792058e-02 -9.852405368909e-02 3.00e-12 9.43e-08 7.91e-11 0.213
 15   -9.852405047729e-02 -9.852405061602e-02 1.00e-12 4.94e-06 1.57e-12 0.215
 16   -9.852405053506e-02 -9.852405056144e-02 4.83e-13 6.62e-04 1.89e-13 0.218
 17   -9.852405054620e-02 -9.852405055395e-02 2.82e-13 3.98e-03 4.31e-15 0.221
 18   -9.852405055193e-02 -9.852405055380e-02 6.78e-14 4.29e-03 3.99e-16 0.223
Numerical error in objective
Restoring previous solution


Suboptimal solution found in 19 iterations and 0.23 seconds
Objective -9.85239957e-02
Primal infeasibility (abs/rel): 3.19e-11/1.60e-11
Dual infeasibility   (abs/rel): 8.57e-09/7.78e-09
Complementarity gap  (abs/rel): 1.83e-09/1.66e-09


Barrier finished in 0.23 seconds
Dual variables for problems with quadratic constraints not returned.
