cuOpt version: 26.10.0, git hash: 648f805d, host arch: x86_64, device archs: 80-real
CPU: AMD EPYC 7642 48-Core Processor, threads: 5C/5T, RAM usage: 40.01/503.74GiB
CPU SIMD target: AVX2
CUDA 12.9, device: NVIDIA A100 80GB PCIe (ID 0), VRAM: 79.44 GiB
CUDA device UUID: 68df5cf5-71f9-6a93-b428-460c080ffb10
Problem has 1 quadratic constraints. Converting to second-order cones and solving with barrier.
Handling 50 free variables directly in augmented system
Presolved problem: 5103 constraints 10102 variables 265152 nonzeros
Skipping Ruiz equilibration (row norm ratio 1.4, column norm ratio 1.4 < 5e4, Q coeff ratio 1.0 < 100)
Barrier solver started at 0.027 seconds
Barrier solver: 5103 constraints, 10102 variables, 265152 nonzeros


Second-order cones          : 1
Free variables              : 50
Upper bounds                : 5000
Linear system               : augmented
cuDSS Version               : 0.7.1
cuDSS Threading layer       : libcudss_mtlayer_gomp.so.0
Reordering time             : 0.053s
Symbolic factorization time : 0.023s
Symbolic nonzeros in factor : 2.79e+05
Elapsed time for augmented  : 0.111 seconds
Elapsed time           : 0.111 seconds
Barrier setup complete at 0.111 seconds
Adaptive regularization enabled


                  Objective                         Infeasibility        Time
Iter   Primal              Dual                Primal   Dual    Compl.   Elapsed
  0   -4.992850277852e-02 -2.507082430269e+03 5.00e+00 9.28e+00 1.02e+02 0.114
  1   -5.009890604551e-02 -4.614335554393e+01 8.17e-02 1.65e+00 5.49e+00 0.117
  2   -6.032758459159e-02 -1.233964677709e+00 8.17e-04 4.57e-01 1.27e-01 0.119
  3   -6.632914649348e-02 -3.063467255125e-01 1.65e-04 9.27e-02 2.57e-02 0.122
  4   -7.195687573056e-02 -2.513365606337e-01 8.31e-05 4.66e-02 1.27e-02 0.125
  5   -8.633007477409e-02 -1.374312256003e-01 2.15e-05 1.20e-02 3.23e-03 0.127
  6   -9.151822829505e-02 -1.121318509816e-01 2.02e-06 1.13e-03 3.01e-04 0.130
  7   -9.495947541655e-02 -1.045939566165e-01 8.51e-07 4.70e-04 1.62e-04 0.133
  8   -9.731679704971e-02 -9.996396725561e-02 1.06e-07 5.69e-05 1.24e-05 0.135
  9   -9.798477105681e-02 -9.894825173032e-02 3.21e-08 1.63e-05 3.33e-06 0.138
 10   -9.812681327600e-02 -9.870042351731e-02 1.53e-08 5.95e-06 4.24e-06 0.141
 11   -9.832772907519e-02 -9.844342607827e-02 2.55e-09 9.47e-07 8.68e-07 0.143
 12   -9.837157667523e-02 -9.838834582453e-02 2.68e-10 1.33e-07 1.53e-07 0.146
 13   -9.837850798934e-02 -9.837963541524e-02 6.68e-11 5.61e-09 1.06e-08 0.149
 14   -9.837899147498e-02 -9.837902722227e-02 3.31e-11 2.17e-08 3.22e-10 0.151
 15   -9.837900684538e-02 -9.837900846104e-02 1.07e-11 7.36e-07 1.27e-11 0.154
 16   -9.837900767230e-02 -9.837900774077e-02 1.23e-12 7.46e-05 2.98e-13 0.157
 17   -9.837900770688e-02 -9.837900772268e-02 4.75e-13 4.91e-04 2.65e-14 0.159
 18   -9.837900771701e-02 -9.837900772095e-02 1.43e-13 1.25e-02 1.33e-15 0.162
Numerical error in objective
Primal residual -nan dual residual -nan complementarity residual -nan
Search direction computation failed
Barrier finished in 0.17 seconds
Barrier Solve status A numerical error was encountered.
Dual variables for problems with quadratic constraints not returned.
