cuOpt version: 26.10.0, git hash: 648f805d, host arch: x86_64, device archs: 80-real
CPU: AMD EPYC 7642 48-Core Processor, threads: 5C/5T, RAM usage: 35.37/503.74GiB
CPU SIMD target: AVX2
CUDA 12.9, device: NVIDIA A100 80GB PCIe (ID 0), VRAM: 79.44 GiB
CUDA device UUID: 68df5cf5-71f9-6a93-b428-460c080ffb10
Problem has 1 quadratic constraints. Converting to second-order cones and solving with barrier.
Handling 50 free variables directly in augmented system
Presolved problem: 5103 constraints 10102 variables 265152 nonzeros
Skipping Ruiz equilibration (row norm ratio 1.4, column norm ratio 1.4 < 5e4, Q coeff ratio 1.0 < 100)
Barrier solver started at 0.024 seconds
Barrier solver: 5103 constraints, 10102 variables, 265152 nonzeros


Second-order cones          : 1
Free variables              : 50
Upper bounds                : 5000
Linear system               : augmented
cuDSS Version               : 0.7.1
cuDSS Threading layer       : libcudss_mtlayer_gomp.so.0
Reordering time             : 0.148s
Symbolic factorization time : 0.023s
Symbolic nonzeros in factor : 2.79e+05
Elapsed time for augmented  : 0.202 seconds
Elapsed time           : 0.202 seconds
Barrier setup complete at 0.202 seconds
Adaptive regularization enabled


                  Objective                         Infeasibility        Time
Iter   Primal              Dual                Primal   Dual    Compl.   Elapsed
  0   -3.702509737108e+02 -3.710937010099e+02 3.71e+03 1.91e+00 1.19e-02 0.203
  1   -4.136273667227e+00 -3.475151614504e+02 4.01e+01 2.77e-01 6.50e-02 0.208
  2   -1.039317360872e-01 -2.487809586258e+01 4.69e-01 7.85e-03 4.78e-03 0.212
  3   -5.492858387419e-02 -6.426990998018e-01 4.69e-03 7.91e-05 1.48e-04 0.217
  4   -5.851315158112e-02 -1.366086846942e-01 6.22e-04 1.05e-05 1.74e-05 0.221
  5   -6.838223483915e-02 -1.390882904358e-01 4.75e-04 8.01e-06 3.90e-05 0.226
  6   -6.889375831924e-02 -1.392058506709e-01 4.61e-04 7.77e-06 4.13e-05 0.230
  7   -7.975790718628e-02 -1.309114462205e-01 2.43e-04 4.10e-06 1.01e-04 0.235
  8   -7.980228482484e-02 -1.306485558644e-01 2.26e-04 3.81e-06 2.65e-04 0.239
  9   -8.971815994274e-02 -1.146064994059e-01 6.32e-05 1.07e-06 2.28e-04 0.244
 10   -9.597468542312e-02 -1.029561590413e-01 1.59e-05 2.68e-07 4.92e-05 0.248
 11   -9.743913118610e-02 -1.006252619250e-01 6.14e-06 1.03e-07 1.11e-05 0.253
 12   -9.773434244992e-02 -9.994009874533e-02 2.94e-06 4.96e-08 2.50e-05 0.257
 13   -9.823230904910e-02 -9.925644998881e-02 9.33e-07 1.57e-08 9.49e-06 0.262
 14   -9.847051866420e-02 -9.892514607447e-02 3.52e-07 5.90e-09 8.06e-06 0.266
 15   -9.865602239681e-02 -9.868376473147e-02 2.08e-08 3.54e-10 3.92e-07 0.271
 16   -9.866785254050e-02 -9.866876998339e-02 6.85e-10 1.62e-11 6.06e-09 0.275
 17   -9.866820079875e-02 -9.866831874425e-02 8.62e-11 1.01e-09 6.55e-10 0.279
 18   -9.866824346907e-02 -9.866826218891e-02 1.12e-11 8.54e-10 6.03e-11 0.283
 19   -9.866825144512e-02 -9.866825230595e-02 4.70e-13 2.81e-08 6.40e-12 0.287
 20   -9.866825181728e-02 -9.866825184955e-02 3.95e-14 1.24e-07 2.46e-13 0.291
 21   -9.866825183160e-02 -9.866825183280e-02 1.50e-15 4.45e-09 9.83e-15 0.295


Optimal solution found in 21 iterations and 0.295s
Objective -9.86682518e-02
Primal infeasibility (abs/rel): 3.00e-15/1.50e-15
Dual infeasibility   (abs/rel): 4.90e-09/4.45e-09
Complementarity gap  (abs/rel): 1.08e-14/9.83e-15


Barrier finished in 0.30 seconds
Dual variables for problems with quadratic constraints not returned.
