cuOpt version: 26.10.0, git hash: 648f805d, host arch: x86_64, device archs: 80-real
CPU: AMD EPYC 7642 48-Core Processor, threads: 5C/5T, RAM usage: 35.17/503.74GiB
CPU SIMD target: AVX2
CUDA 12.9, device: NVIDIA A100 80GB PCIe (ID 0), VRAM: 79.44 GiB
CUDA device UUID: 68df5cf5-71f9-6a93-b428-460c080ffb10
Problem has 1 quadratic constraints. Converting to second-order cones and solving with barrier.
Handling 50 free variables directly in augmented system
Presolved problem: 5103 constraints 10102 variables 265152 nonzeros
Skipping Ruiz equilibration (row norm ratio 1.4, column norm ratio 1.4 < 5e4, Q coeff ratio 1.0 < 100)
Barrier solver started at 0.025 seconds
Barrier solver: 5103 constraints, 10102 variables, 265152 nonzeros


Second-order cones          : 1
Free variables              : 50
Upper bounds                : 5000
Linear system               : augmented
cuDSS Version               : 0.7.1
cuDSS Threading layer       : libcudss_mtlayer_gomp.so.0
Reordering time             : 0.121s
Symbolic factorization time : 0.023s
Symbolic nonzeros in factor : 2.79e+05
Elapsed time for augmented  : 0.177 seconds
Elapsed time           : 0.177 seconds
Barrier setup complete at 0.177 seconds
Adaptive regularization enabled


                  Objective                         Infeasibility        Time
Iter   Primal              Dual                Primal   Dual    Compl.   Elapsed
  0   -3.702624119443e+02 -3.710387458059e+02 3.71e+03 1.91e+00 1.19e-02 0.177
  1   -4.136636600806e+00 -3.474601645246e+02 4.01e+01 2.77e-01 6.50e-02 0.182
  2   -1.039518415401e-01 -2.487140787151e+01 4.69e-01 7.85e-03 4.78e-03 0.187
  3   -5.493965901104e-02 -6.425639779068e-01 4.69e-03 7.91e-05 1.48e-04 0.191
  4   -5.853205515324e-02 -1.359055187948e-01 6.17e-04 1.04e-05 1.72e-05 0.196
  5   -6.752262495902e-02 -1.382889553615e-01 4.87e-04 8.20e-06 3.00e-05 0.200
  6   -6.909308649980e-02 -1.385283226433e-01 4.47e-04 7.53e-06 4.23e-05 0.205
  7   -8.140923665873e-02 -1.243462249551e-01 2.48e-04 4.17e-06 7.51e-05 0.209
  8   -8.155824985274e-02 -1.241861208541e-01 2.32e-04 3.91e-06 7.37e-05 0.213
  9   -8.323127475465e-02 -1.230408375731e-01 1.85e-04 3.12e-06 2.17e-04 0.218
 10   -8.338537782160e-02 -1.218653044643e-01 1.59e-04 2.67e-06 3.59e-04 0.223
 11   -9.171620309966e-02 -1.095585324832e-01 6.76e-05 1.14e-06 1.14e-04 0.227
 12   -9.235013107270e-02 -1.081513925345e-01 5.23e-05 8.80e-07 1.34e-04 0.233
 13   -9.592593451632e-02 -1.025477342894e-01 1.90e-05 3.20e-07 6.40e-05 0.237
 14   -9.614589441943e-02 -1.018814825336e-01 1.36e-05 2.30e-07 7.67e-05 0.242
 15   -9.733931654377e-02 -1.002250320355e-01 6.13e-06 1.03e-07 3.37e-05 0.247
 16   -9.760406905788e-02 -9.973275965448e-02 3.64e-06 6.13e-08 3.20e-05 0.252
 17   -9.812133295597e-02 -9.901381870956e-02 1.31e-06 2.21e-08 1.27e-05 0.256
 18   -9.826863040223e-02 -9.878522662048e-02 5.79e-07 9.72e-09 8.12e-06 0.261
 19   -9.842352988068e-02 -9.858376733071e-02 1.54e-07 2.59e-09 2.46e-06 0.265
 20   -9.847368120551e-02 -9.851646520153e-02 2.95e-08 4.83e-10 6.70e-07 0.270
 21   -9.848854611936e-02 -9.849837558009e-02 6.39e-09 1.08e-10 1.53e-07 0.274
 22   -9.849231472407e-02 -9.849359150780e-02 5.64e-10 1.57e-11 1.53e-08 0.279
 23   -9.849280572829e-02 -9.849300662900e-02 8.87e-11 1.19e-11 2.50e-09 0.283
 24   -9.849289139887e-02 -9.849290442847e-02 5.72e-12 1.48e-09 1.61e-10 0.287
 25   -9.849289719720e-02 -9.849289749591e-02 1.19e-13 7.87e-09 3.63e-12 0.291


Optimal solution found in 25 iterations and 0.291s
Objective -9.84928972e-02
Primal infeasibility (abs/rel): 2.38e-13/1.19e-13
Dual infeasibility   (abs/rel): 8.67e-09/7.87e-09
Complementarity gap  (abs/rel): 3.99e-12/3.63e-12


Barrier finished in 0.29 seconds
Dual variables for problems with quadratic constraints not returned.
