cuOpt version: 26.10.0, git hash: 648f805d, host arch: x86_64, device archs: 80-real
CPU: AMD EPYC 7642 48-Core Processor, threads: 5C/5T, RAM usage: 35.33/503.74GiB
CPU SIMD target: AVX2
CUDA 12.9, device: NVIDIA A100 80GB PCIe (ID 0), VRAM: 79.44 GiB
CUDA device UUID: 68df5cf5-71f9-6a93-b428-460c080ffb10
Problem has 1 quadratic constraints. Converting to second-order cones and solving with barrier.
Handling 50 free variables directly in augmented system
Presolved problem: 5103 constraints 10102 variables 265152 nonzeros
Skipping Ruiz equilibration (row norm ratio 1.4, column norm ratio 1.4 < 5e4, Q coeff ratio 1.0 < 100)
Barrier solver started at 0.027 seconds
Barrier solver: 5103 constraints, 10102 variables, 265152 nonzeros


Second-order cones          : 1
Free variables              : 50
Upper bounds                : 5000
Linear system               : augmented
cuDSS Version               : 0.7.1
cuDSS Threading layer       : libcudss_mtlayer_gomp.so.0
Reordering time             : 0.123s
Symbolic factorization time : 0.023s
Symbolic nonzeros in factor : 2.79e+05
Elapsed time for augmented  : 0.181 seconds
Elapsed time           : 0.181 seconds
Barrier setup complete at 0.181 seconds
Adaptive regularization enabled


                  Objective                         Infeasibility        Time
Iter   Primal              Dual                Primal   Dual    Compl.   Elapsed
  0   -3.704490508896e+02 -3.710981922775e+02 3.71e+03 1.91e+00 1.19e-02 0.182
  1   -4.138703998033e+00 -3.475197441682e+02 4.01e+01 2.77e-01 6.50e-02 0.186
  2   -1.040077766047e-01 -2.488126508994e+01 4.69e-01 7.85e-03 4.78e-03 0.191
  3   -5.496009178756e-02 -6.429580331728e-01 4.69e-03 7.91e-05 1.48e-04 0.195
  4   -5.855201061025e-02 -1.359300802288e-01 6.17e-04 1.04e-05 1.72e-05 0.200
  5   -6.551675298943e-02 -1.377706755151e-01 5.18e-04 8.72e-06 2.04e-05 0.204
  6   -6.699932602625e-02 -1.382652695389e-01 4.83e-04 8.13e-06 2.72e-05 0.209
  7   -8.162898477504e-02 -1.249450402362e-01 2.43e-04 4.10e-06 7.09e-05 0.213
  8   -8.180532577274e-02 -1.245931699746e-01 2.22e-04 3.73e-06 1.19e-04 0.218
  9   -8.341023481026e-02 -1.237503040632e-01 1.77e-04 2.99e-06 2.86e-04 0.223
 10   -8.547851652157e-02 -1.209211580434e-01 1.01e-04 1.70e-06 2.64e-04 0.227
 11   -8.804417980175e-02 -1.151441804230e-01 5.31e-05 8.94e-07 4.51e-04 0.233
 12   -9.516380075342e-02 -1.038271654393e-01 1.31e-05 2.20e-07 1.16e-04 0.237
 13   -9.699352736162e-02 -1.008567443854e-01 4.62e-06 7.79e-08 3.36e-05 0.242
 14   -9.759936482445e-02 -9.965874792615e-02 1.54e-06 2.58e-08 3.72e-05 0.247
 15   -9.828623640862e-02 -9.873930159582e-02 3.11e-07 5.25e-09 7.79e-06 0.251
 16   -9.842334381512e-02 -9.853996752309e-02 6.38e-08 1.07e-09 2.36e-06 0.256
 17   -9.846598250660e-02 -9.848542718429e-02 1.05e-08 1.79e-10 3.91e-07 0.260
 18   -9.847269079100e-02 -9.847593838373e-02 8.63e-10 1.40e-11 3.58e-08 0.265
 19   -9.847405161195e-02 -9.847432731417e-02 7.30e-11 6.72e-12 3.07e-09 0.269
 20   -9.847416903806e-02 -9.847418318491e-02 2.21e-12 1.12e-10 8.58e-11 0.274
 21   -9.847417545171e-02 -9.847417582951e-02 6.08e-13 1.70e-07 2.34e-12 0.277
 22   -9.847417560875e-02 -9.847417563213e-02 3.76e-14 1.05e-08 1.47e-13 0.281
 23   -9.847417561873e-02 -9.847417561935e-02 7.77e-16 1.80e-10 3.14e-15 0.286


Optimal solution found in 23 iterations and 0.286s
Objective -9.84741756e-02
Primal infeasibility (abs/rel): 1.55e-15/7.77e-16
Dual infeasibility   (abs/rel): 1.98e-10/1.80e-10
Complementarity gap  (abs/rel): 3.45e-15/3.14e-15


Barrier finished in 0.29 seconds
Dual variables for problems with quadratic constraints not returned.
