cuOpt version: 26.10.0, git hash: 648f805d, host arch: x86_64, device archs: 80-real
CPU: AMD EPYC 7642 48-Core Processor, threads: 5C/5T, RAM usage: 35.12/503.74GiB
CPU SIMD target: AVX2
CUDA 12.9, device: NVIDIA A100 80GB PCIe (ID 0), VRAM: 79.44 GiB
CUDA device UUID: 68df5cf5-71f9-6a93-b428-460c080ffb10
Problem has 1 quadratic constraints. Converting to second-order cones and solving with barrier.
Handling 50 free variables directly in augmented system
Presolved problem: 5103 constraints 10102 variables 265152 nonzeros
Skipping Ruiz equilibration (row norm ratio 1.4, column norm ratio 1.4 < 5e4, Q coeff ratio 1.0 < 100)
Barrier solver started at 0.026 seconds
Barrier solver: 5103 constraints, 10102 variables, 265152 nonzeros


Second-order cones          : 1
Free variables              : 50
Upper bounds                : 5000
Linear system               : augmented
cuDSS Version               : 0.7.1
cuDSS Threading layer       : libcudss_mtlayer_gomp.so.0
Reordering time             : 0.129s
Symbolic factorization time : 0.023s
Symbolic nonzeros in factor : 2.79e+05
Elapsed time for augmented  : 0.186 seconds
Elapsed time           : 0.186 seconds
Barrier setup complete at 0.186 seconds
Adaptive regularization enabled


                  Objective                         Infeasibility        Time
Iter   Primal              Dual                Primal   Dual    Compl.   Elapsed
  0   -3.704340093575e+02 -3.710959393425e+02 3.71e+03 1.91e+00 1.19e-02 0.187
  1   -4.137998459202e+00 -3.475174945450e+02 4.01e+01 2.77e-01 6.50e-02 0.192
  2   -1.040026894611e-01 -2.487628242109e+01 4.69e-01 7.85e-03 4.78e-03 0.196
  3   -5.496235300272e-02 -6.427808523001e-01 4.69e-03 7.91e-05 1.48e-04 0.201
  4   -5.856089422603e-02 -1.359195235053e-01 6.17e-04 1.04e-05 1.72e-05 0.205
  5   -6.659170450442e-02 -1.380598263522e-01 5.02e-04 8.45e-06 2.55e-05 0.210
  6   -6.814658587011e-02 -1.384347563335e-01 4.64e-04 7.81e-06 3.21e-05 0.214
  7   -8.145176565886e-02 -1.248840065171e-01 2.46e-04 4.14e-06 6.80e-05 0.219
  8   -8.163163940146e-02 -1.246568348413e-01 2.28e-04 3.84e-06 7.92e-05 0.223
  9   -8.366656020374e-02 -1.232304626390e-01 1.73e-04 2.91e-06 2.39e-04 0.228
 10   -8.319614413129e-02 -1.225995037482e-01 1.60e-04 2.70e-06 4.85e-04 0.233
 11   -8.610434364971e-02 -1.183568664585e-01 1.18e-04 1.99e-06 4.64e-04 0.238
 12   -9.418144382141e-02 -1.056800723038e-01 2.71e-05 4.57e-07 6.09e-05 0.242
 13   -9.574186143305e-02 -1.027926899201e-01 1.32e-05 2.23e-07 6.75e-05 0.247
 14   -9.753778179999e-02 -1.001305931383e-01 4.19e-06 7.06e-08 2.04e-05 0.252
 15   -9.786820601407e-02 -9.951185444630e-02 1.96e-06 3.31e-08 2.98e-05 0.256
 16   -9.845920859219e-02 -9.867918126528e-02 2.52e-07 4.25e-09 2.93e-06 0.261
 17   -9.854300322548e-02 -9.856747400160e-02 2.55e-08 4.34e-10 2.07e-07 0.265
 18   -9.855153944295e-02 -9.855566816542e-02 3.83e-09 6.65e-11 3.72e-08 0.270
 19   -9.855323750415e-02 -9.855344271801e-02 1.90e-10 7.96e-12 1.31e-09 0.275
 20   -9.855332070595e-02 -9.855333541681e-02 1.32e-11 1.21e-09 5.08e-11 0.278
 21   -9.855332590867e-02 -9.855332857711e-02 1.95e-12 3.87e-11 9.72e-12 0.283


Optimal solution found in 21 iterations and 0.283s
Objective -9.85533259e-02
Primal infeasibility (abs/rel): 3.90e-12/1.95e-12
Dual infeasibility   (abs/rel): 4.26e-11/3.87e-11
Complementarity gap  (abs/rel): 1.07e-11/9.72e-12


Barrier finished in 0.28 seconds
Dual variables for problems with quadratic constraints not returned.
