cuOpt version: 26.10.0, git hash: 648f805d, host arch: x86_64, device archs: 80-real
CPU: AMD EPYC 7642 48-Core Processor, threads: 5C/5T, RAM usage: 35.34/503.74GiB
CPU SIMD target: AVX2
CUDA 12.9, device: NVIDIA A100 80GB PCIe (ID 0), VRAM: 79.44 GiB
CUDA device UUID: 68df5cf5-71f9-6a93-b428-460c080ffb10
Problem has 1 quadratic constraints. Converting to second-order cones and solving with barrier.
Handling 50 free variables directly in augmented system
Presolved problem: 5103 constraints 10102 variables 265152 nonzeros
Skipping Ruiz equilibration (row norm ratio 1.4, column norm ratio 1.4 < 5e4, Q coeff ratio 1.0 < 100)
Barrier solver started at 0.028 seconds
Barrier solver: 5103 constraints, 10102 variables, 265152 nonzeros


Second-order cones          : 1
Free variables              : 50
Upper bounds                : 5000
Linear system               : augmented
cuDSS Version               : 0.7.1
cuDSS Threading layer       : libcudss_mtlayer_gomp.so.0
Reordering time             : 0.128s
Symbolic factorization time : 0.024s
Symbolic nonzeros in factor : 2.79e+05
Elapsed time for augmented  : 0.187 seconds
Elapsed time           : 0.187 seconds
Barrier setup complete at 0.187 seconds
Adaptive regularization enabled


                  Objective                         Infeasibility        Time
Iter   Primal              Dual                Primal   Dual    Compl.   Elapsed
  0   -3.704472534989e+02 -3.711214143411e+02 3.71e+03 1.91e+00 1.19e-02 0.188
  1   -4.139241902381e+00 -3.475430561507e+02 4.01e+01 2.77e-01 6.50e-02 0.193
  2   -1.040141472059e-01 -2.488853434559e+01 4.69e-01 7.85e-03 4.78e-03 0.197
  3   -5.495990786449e-02 -6.430541666556e-01 4.69e-03 7.91e-05 1.48e-04 0.202
  4   -5.854949301009e-02 -1.367065258397e-01 6.23e-04 1.05e-05 1.74e-05 0.206
  5   -6.684370796341e-02 -1.389240272199e-01 5.00e-04 8.41e-06 2.91e-05 0.211
  6   -6.858413646088e-02 -1.392430837641e-01 4.57e-04 7.69e-06 4.63e-05 0.215
  7   -8.184717658116e-02 -1.245071440340e-01 2.41e-04 4.06e-06 9.35e-05 0.220
  8   -8.205647356801e-02 -1.242795515697e-01 2.24e-04 3.77e-06 8.66e-05 0.224
  9   -8.329146361102e-02 -1.236155392876e-01 1.89e-04 3.18e-06 1.67e-04 0.229
 10   -8.579136710912e-02 -1.208127639603e-01 1.15e-04 1.94e-06 1.18e-04 0.234
 11   -8.609940061725e-02 -1.189970899292e-01 9.07e-05 1.53e-06 3.15e-04 0.239
 12   -9.366877170310e-02 -1.069256635631e-01 3.32e-05 5.59e-07 9.09e-05 0.244
 13   -9.465887521710e-02 -1.050849162428e-01 2.22e-05 3.74e-07 9.99e-05 0.249
 14   -9.514522857832e-02 -1.042612842210e-01 1.75e-05 2.94e-07 1.08e-04 0.254
 15   -9.670994166917e-02 -1.019019166485e-01 8.91e-06 1.50e-07 5.45e-05 0.259
 16   -9.685674624194e-02 -1.014431630775e-01 6.62e-06 1.12e-07 5.95e-05 0.264
 17   -9.786801470571e-02 -9.994567596741e-02 2.48e-06 4.17e-08 2.48e-05 0.268
 18   -9.810390961975e-02 -9.953525607616e-02 1.36e-06 2.28e-08 2.14e-05 0.274
 19   -9.848034876709e-02 -9.901770887573e-02 4.20e-07 7.08e-09 7.64e-06 0.278
 20   -9.859699167935e-02 -9.884890455965e-02 1.51e-07 2.51e-09 4.07e-06 0.283
 21   -9.867518277080e-02 -9.874976566788e-02 3.96e-08 6.64e-10 1.17e-06 0.288
 22   -9.870100177089e-02 -9.871576833815e-02 5.26e-09 8.30e-11 2.18e-07 0.292
 23   -9.870640688119e-02 -9.870930642877e-02 9.94e-10 1.92e-11 4.31e-08 0.297
 24   -9.870752134268e-02 -9.870791772684e-02 1.04e-10 1.82e-11 4.80e-09 0.301
 25   -9.870768878644e-02 -9.870771717351e-02 7.47e-12 1.01e-10 3.39e-10 0.306
 26   -9.870770119432e-02 -9.870770235238e-02 2.93e-13 8.29e-08 1.24e-11 0.309
 27   -9.870770169054e-02 -9.870770178552e-02 2.21e-14 6.23e-09 8.54e-13 0.314


Optimal solution found in 27 iterations and 0.314s
Objective -9.87077017e-02
Primal infeasibility (abs/rel): 4.42e-14/2.21e-14
Dual infeasibility   (abs/rel): 6.86e-09/6.23e-09
Complementarity gap  (abs/rel): 9.39e-13/8.54e-13


Barrier finished in 0.32 seconds
Dual variables for problems with quadratic constraints not returned.
