cuOpt version: 26.10.0, git hash: 648f805d, host arch: x86_64, device archs: 80-real
CPU: AMD EPYC 7642 48-Core Processor, threads: 5C/5T, RAM usage: 35.28/503.74GiB
CPU SIMD target: AVX2
CUDA 12.9, device: NVIDIA A100 80GB PCIe (ID 0), VRAM: 79.44 GiB
CUDA device UUID: 68df5cf5-71f9-6a93-b428-460c080ffb10
Problem has 1 quadratic constraints. Converting to second-order cones and solving with barrier.
Handling 50 free variables directly in augmented system
Presolved problem: 5103 constraints 10102 variables 265152 nonzeros
Skipping Ruiz equilibration (row norm ratio 1.4, column norm ratio 1.4 < 5e4, Q coeff ratio 1.0 < 100)
Barrier solver started at 0.027 seconds
Barrier solver: 5103 constraints, 10102 variables, 265152 nonzeros


Second-order cones          : 1
Free variables              : 50
Upper bounds                : 5000
Linear system               : augmented
cuDSS Version               : 0.7.1
cuDSS Threading layer       : libcudss_mtlayer_gomp.so.0
Reordering time             : 0.098s
Symbolic factorization time : 0.023s
Symbolic nonzeros in factor : 2.79e+05
Elapsed time for augmented  : 0.156 seconds
Elapsed time           : 0.156 seconds
Barrier setup complete at 0.156 seconds
Adaptive regularization enabled


                  Objective                         Infeasibility        Time
Iter   Primal              Dual                Primal   Dual    Compl.   Elapsed
  0   -3.702779911923e+02 -3.710340990992e+02 3.71e+03 1.91e+00 1.19e-02 0.156
  1   -4.137414081069e+00 -3.474555508994e+02 4.01e+01 2.77e-01 6.49e-02 0.161
  2   -1.039627935031e-01 -2.487502810092e+01 4.69e-01 7.85e-03 4.78e-03 0.166
  3   -5.494259768663e-02 -6.426390887196e-01 4.69e-03 7.91e-05 1.48e-04 0.170
  4   -5.853147857663e-02 -1.362046791807e-01 6.19e-04 1.04e-05 1.73e-05 0.175
  5   -6.730422221109e-02 -1.383594210003e-01 4.88e-04 8.22e-06 3.14e-05 0.179
  6   -6.898407730912e-02 -1.386008916631e-01 4.45e-04 7.50e-06 4.26e-05 0.184
  7   -8.252091329332e-02 -1.224963645678e-01 2.25e-04 3.80e-06 7.32e-05 0.188
  8   -8.268114371474e-02 -1.222822749506e-01 2.09e-04 3.53e-06 6.77e-05 0.193
  9   -8.383692231640e-02 -1.216691144497e-01 1.75e-04 2.95e-06 1.72e-04 0.197
 10   -8.546468196949e-02 -1.197751091950e-01 1.12e-04 1.88e-06 1.69e-04 0.202
 11   -8.753110432133e-02 -1.152997724864e-01 6.41e-05 1.08e-06 3.89e-04 0.206
 12   -9.549979122848e-02 -1.030619385726e-01 1.25e-05 2.11e-07 8.56e-05 0.211
 13   -9.695196290265e-02 -1.005108816872e-01 4.45e-06 7.49e-08 4.28e-05 0.215
 14   -9.798381383291e-02 -9.895344703246e-02 9.93e-07 1.67e-08 9.27e-06 0.220
 15   -9.830540880862e-02 -9.849455424854e-02 9.78e-08 1.65e-09 6.10e-07 0.224
 16   -9.836747521749e-02 -9.841452174546e-02 1.82e-08 3.01e-10 1.90e-07 0.229
 17   -9.838644770388e-02 -9.839174343335e-02 1.77e-09 3.34e-11 1.98e-08 0.233
 18   -9.838859207648e-02 -9.838915607681e-02 1.79e-10 1.13e-11 2.96e-09 0.238
 19   -9.838883521507e-02 -9.838886712348e-02 1.01e-11 6.17e-12 1.57e-10 0.243
 20   -9.838884914851e-02 -9.838885071360e-02 4.71e-13 7.14e-08 4.99e-12 0.246
 21   -9.838884979247e-02 -9.838884994723e-02 3.40e-14 5.15e-09 6.17e-13 0.251


Optimal solution found in 21 iterations and 0.251s
Objective -9.83888498e-02
Primal infeasibility (abs/rel): 6.79e-14/3.40e-14
Dual infeasibility   (abs/rel): 5.67e-09/5.15e-09
Complementarity gap  (abs/rel): 6.78e-13/6.17e-13


Barrier finished in 0.25 seconds
Dual variables for problems with quadratic constraints not returned.
