cuOpt version: 26.10.0, git hash: 648f805d, host arch: x86_64, device archs: 80-real
CPU: AMD EPYC 7642 48-Core Processor, threads: 5C/5T, RAM usage: 35.23/503.74GiB
CPU SIMD target: AVX2
CUDA 12.9, device: NVIDIA A100 80GB PCIe (ID 0), VRAM: 79.44 GiB
CUDA device UUID: 68df5cf5-71f9-6a93-b428-460c080ffb10
Problem has 1 quadratic constraints. Converting to second-order cones and solving with barrier.
Handling 50 free variables directly in augmented system
Presolved problem: 5103 constraints 10102 variables 265152 nonzeros
Skipping Ruiz equilibration (row norm ratio 1.4, column norm ratio 1.4 < 5e4, Q coeff ratio 1.0 < 100)
Barrier solver started at 0.025 seconds
Barrier solver: 5103 constraints, 10102 variables, 265152 nonzeros


Second-order cones          : 1
Free variables              : 50
Upper bounds                : 5000
Linear system               : augmented
cuDSS Version               : 0.7.1
cuDSS Threading layer       : libcudss_mtlayer_gomp.so.0
Reordering time             : 0.054s
Symbolic factorization time : 0.024s
Symbolic nonzeros in factor : 2.79e+05
Elapsed time for augmented  : 0.110 seconds
Elapsed time           : 0.110 seconds
Barrier setup complete at 0.110 seconds
Adaptive regularization enabled


                  Objective                         Infeasibility        Time
Iter   Primal              Dual                Primal   Dual    Compl.   Elapsed
  0   -3.704562062107e+02 -3.710714720587e+02 3.71e+03 1.91e+00 1.19e-02 0.110
  1   -4.139037204236e+00 -3.474930275016e+02 4.01e+01 2.77e-01 6.49e-02 0.115
  2   -1.040203935121e-01 -2.487881684847e+01 4.69e-01 7.85e-03 4.78e-03 0.120
  3   -5.496595434048e-02 -6.428695552005e-01 4.69e-03 7.91e-05 1.48e-04 0.124
  4   -5.855928203457e-02 -1.358861142051e-01 6.16e-04 1.04e-05 1.71e-05 0.129
  5   -6.633605012588e-02 -1.378606081627e-01 5.05e-04 8.50e-06 2.41e-05 0.133
  6   -6.767698247949e-02 -1.382478099408e-01 4.72e-04 7.94e-06 2.82e-05 0.138
  7   -8.154108346669e-02 -1.247342995119e-01 2.42e-04 4.07e-06 6.14e-05 0.142
  8   -8.190808709540e-02 -1.244210040606e-01 2.17e-04 3.66e-06 8.71e-05 0.147
  9   -8.395609361647e-02 -1.227574335523e-01 1.64e-04 2.76e-06 2.16e-04 0.151
 10   -8.700153485934e-02 -1.186901667873e-01 9.08e-05 1.53e-06 1.29e-04 0.156
 11   -8.697041374034e-02 -1.174107170995e-01 7.64e-05 1.29e-06 2.76e-04 0.164
 12   -9.358746876040e-02 -1.067454543813e-01 2.99e-05 5.04e-07 8.74e-05 0.168
 13   -9.463715540418e-02 -1.048572193075e-01 2.02e-05 3.40e-07 1.04e-04 0.173
 14   -9.655193927241e-02 -1.018582398719e-01 9.24e-06 1.56e-07 4.87e-05 0.178
 15   -9.675484001816e-02 -1.012622309192e-01 6.44e-06 1.09e-07 5.65e-05 0.183
 16   -9.776316450287e-02 -9.979140755208e-02 2.60e-06 4.38e-08 2.43e-05 0.188
 17   -9.799894634015e-02 -9.937295159628e-02 1.43e-06 2.41e-08 2.19e-05 0.193
 18   -9.834293272457e-02 -9.888459003210e-02 4.83e-07 8.14e-09 8.19e-06 0.197
 19   -9.843941155483e-02 -9.873295460405e-02 1.92e-07 3.21e-09 4.62e-06 0.202
 20   -9.852858790899e-02 -9.861716223413e-02 5.08e-08 8.52e-10 1.36e-06 0.206
 21   -9.855799804189e-02 -9.857771426017e-02 7.84e-09 1.19e-10 3.01e-07 0.211
 22   -9.856497299974e-02 -9.856924043146e-02 1.62e-09 2.85e-11 6.47e-08 0.215
 23   -9.856660357294e-02 -9.856717500601e-02 1.56e-10 2.22e-11 6.75e-09 0.220
 24   -9.856682446390e-02 -9.856690970076e-02 2.32e-11 7.44e-10 1.01e-09 0.224
 25   -9.856686178898e-02 -9.856686494901e-02 8.57e-13 4.71e-09 3.34e-11 0.227


Optimal solution found in 25 iterations and 0.227s
Objective -9.85668618e-02
Primal infeasibility (abs/rel): 1.71e-12/8.57e-13
Dual infeasibility   (abs/rel): 5.18e-09/4.71e-09
Complementarity gap  (abs/rel): 3.67e-11/3.34e-11


Barrier finished in 0.23 seconds
Dual variables for problems with quadratic constraints not returned.
