cuOpt version: 26.10.0, git hash: 648f805d, host arch: x86_64, device archs: 80-real
CPU: AMD EPYC 7642 48-Core Processor, threads: 5C/5T, RAM usage: 35.26/503.74GiB
CPU SIMD target: AVX2
CUDA 12.9, device: NVIDIA A100 80GB PCIe (ID 0), VRAM: 79.44 GiB
CUDA device UUID: 68df5cf5-71f9-6a93-b428-460c080ffb10
Problem has 1 quadratic constraints. Converting to second-order cones and solving with barrier.
Handling 50 free variables directly in augmented system
Presolved problem: 5103 constraints 10102 variables 265152 nonzeros
Skipping Ruiz equilibration (row norm ratio 1.4, column norm ratio 1.4 < 5e4, Q coeff ratio 1.0 < 100)
Barrier solver started at 0.026 seconds
Barrier solver: 5103 constraints, 10102 variables, 265152 nonzeros


Second-order cones          : 1
Free variables              : 50
Upper bounds                : 5000
Linear system               : augmented
cuDSS Version               : 0.7.1
cuDSS Threading layer       : libcudss_mtlayer_gomp.so.0
Reordering time             : 0.109s
Symbolic factorization time : 0.023s
Symbolic nonzeros in factor : 2.79e+05
Elapsed time for augmented  : 0.166 seconds
Elapsed time           : 0.166 seconds
Barrier setup complete at 0.166 seconds
Adaptive regularization enabled


                  Objective                         Infeasibility        Time
Iter   Primal              Dual                Primal   Dual    Compl.   Elapsed
  0   -3.704438282728e+02 -3.711104708303e+02 3.71e+03 1.91e+00 1.19e-02 0.166
  1   -4.139322603451e+00 -3.475321003821e+02 4.01e+01 2.77e-01 6.50e-02 0.171
  2   -1.040051695647e-01 -2.488690166406e+01 4.69e-01 7.85e-03 4.78e-03 0.176
  3   -5.496098310358e-02 -6.429067025332e-01 4.69e-03 7.91e-05 1.48e-04 0.180
  4   -5.855459109802e-02 -1.362807839783e-01 6.19e-04 1.04e-05 1.73e-05 0.185
  5   -6.665907962013e-02 -1.384240687757e-01 5.01e-04 8.44e-06 2.67e-05 0.189
  6   -6.830397744356e-02 -1.387646905548e-01 4.61e-04 7.77e-06 3.69e-05 0.194
  7   -8.178965657467e-02 -1.244187800333e-01 2.41e-04 4.06e-06 7.25e-05 0.198
  8   -8.204667840874e-02 -1.241615435945e-01 2.21e-04 3.73e-06 7.39e-05 0.203
  9   -8.363784474078e-02 -1.231267432573e-01 1.77e-04 2.98e-06 1.96e-04 0.207
 10   -8.573821557811e-02 -1.205847962730e-01 1.06e-04 1.79e-06 1.75e-04 0.212
 11   -8.728367584117e-02 -1.169548098718e-01 6.97e-05 1.17e-06 3.38e-04 0.217
 12   -9.492189884434e-02 -1.048281016590e-01 2.14e-05 3.60e-07 7.49e-05 0.221
 13   -9.573372558588e-02 -1.031912052374e-01 1.32e-05 2.22e-07 8.97e-05 0.226
 14   -9.611223268460e-02 -1.025781569632e-01 1.00e-05 1.69e-07 9.41e-05 0.232
 15   -9.721224045140e-02 -1.009317178107e-01 5.10e-06 8.59e-08 4.82e-05 0.236
 16   -9.738048010766e-02 -1.005140649009e-01 3.53e-06 5.94e-08 4.78e-05 0.242
 17   -9.813668670905e-02 -9.940573533389e-02 1.10e-06 1.85e-08 1.83e-05 0.246
 18   -9.834631533123e-02 -9.908002234529e-02 4.97e-07 8.38e-09 1.30e-05 0.252
 19   -9.855960278670e-02 -9.879981987637e-02 1.40e-07 2.36e-09 4.15e-06 0.256
 20   -9.863010194016e-02 -9.870301746914e-02 3.17e-08 5.18e-10 1.35e-06 0.261
 21   -9.865468681815e-02 -9.867265545464e-02 7.33e-09 1.23e-10 3.27e-07 0.266
 22   -9.866134844569e-02 -9.866398502031e-02 6.93e-10 1.54e-11 3.61e-08 0.270
 23   -9.866238147206e-02 -9.866274586426e-02 9.58e-11 2.22e-12 5.12e-09 0.275
 24   -9.866252322161e-02 -9.866257540238e-02 1.37e-11 2.59e-11 7.37e-10 0.279
 25   -9.866254596034e-02 -9.866254802236e-02 5.36e-13 1.02e-09 2.83e-11 0.283


Optimal solution found in 25 iterations and 0.283s
Objective -9.86625460e-02
Primal infeasibility (abs/rel): 1.07e-12/5.36e-13
Dual infeasibility   (abs/rel): 1.12e-09/1.02e-09
Complementarity gap  (abs/rel): 3.11e-11/2.83e-11


Barrier finished in 0.29 seconds
Dual variables for problems with quadratic constraints not returned.
