cuOpt version: 26.10.0, git hash: 648f805d, host arch: x86_64, device archs: 80-real
CPU: AMD EPYC 7642 48-Core Processor, threads: 5C/5T, RAM usage: 27.47/503.74GiB
CPU SIMD target: AVX2
CUDA 12.9, device: NVIDIA A100 80GB PCIe (ID 0), VRAM: 79.44 GiB
CUDA device UUID: 68df5cf5-71f9-6a93-b428-460c080ffb10
Problem has 1 quadratic constraints. Converting to second-order cones and solving with barrier.
Handling 50 free variables directly in augmented system
Presolved problem: 5103 constraints 10102 variables 265152 nonzeros
Skipping Ruiz equilibration (row norm ratio 1.4, column norm ratio 1.4 < 5e4, Q coeff ratio 1.0 < 100)
Barrier solver started at 0.024 seconds
Barrier solver: 5103 constraints, 10102 variables, 265152 nonzeros


Second-order cones          : 1
Free variables              : 50
Upper bounds                : 5000
Linear system               : augmented
cuDSS Version               : 0.7.1
cuDSS Threading layer       : libcudss_mtlayer_gomp.so.0
Reordering time             : 0.059s
Symbolic factorization time : 0.023s
Symbolic nonzeros in factor : 2.79e+05
Elapsed time for augmented  : 0.114 seconds
Elapsed time           : 0.114 seconds
Barrier setup complete at 0.114 seconds
Adaptive regularization enabled


                  Objective                         Infeasibility        Time
Iter   Primal              Dual                Primal   Dual    Compl.   Elapsed
  0   -3.703274138474e+02 -3.710708058040e+02 3.71e+03 1.91e+00 1.19e-02 0.114
  1   -3.742708496726e+01 -3.496357995050e+02 3.74e+02 7.84e-02 1.66e-02 0.117
  2   -3.889594816586e+00 -2.097606983924e+02 3.80e+01 4.70e-02 1.33e-02 0.120
  3   -4.431139960691e-01 -3.238533032254e+01 3.86e+00 5.32e-03 4.56e-03 0.123
  4   -9.289582844524e-02 -4.511250910348e+00 4.09e-01 5.68e-04 6.47e-04 0.125
  5   -5.629298399578e-02 -7.107154485033e-01 4.09e-02 5.69e-05 8.80e-05 0.128
  6   -5.678727194260e-02 -2.028275283009e-01 9.03e-03 1.26e-05 1.79e-05 0.131
  7   -6.884619886843e-02 -1.404952471130e-01 3.99e-03 5.55e-06 7.62e-06 0.133
  8   -7.267796091775e-02 -1.389769714367e-01 3.39e-03 4.73e-06 1.92e-05 0.136
  9   -7.595770892992e-02 -1.361987415407e-01 2.85e-03 3.99e-06 4.91e-05 0.139
 10   -7.855728798699e-02 -1.337716364987e-01 2.33e-03 3.29e-06 7.72e-05 0.141
 11   -8.243798655393e-02 -1.285172993191e-01 1.67e-03 2.37e-06 9.32e-05 0.144
 12   -8.282869476802e-02 -1.276117701341e-01 1.46e-03 2.10e-06 9.20e-05 0.147
 13   -8.683099939019e-02 -1.203241659010e-01 9.47e-04 1.36e-06 7.45e-05 0.150
 14   -8.957768238392e-02 -1.142880405680e-01 5.43e-04 7.93e-07 1.55e-04 0.152
 15   -9.497199726649e-02 -1.048279402366e-01 1.69e-04 2.50e-07 4.47e-05 0.155
 16   -9.688068910861e-02 -1.014701629027e-01 7.23e-05 1.08e-07 1.49e-05 0.158
 17   -9.772428284633e-02 -9.998853378778e-02 3.23e-05 4.81e-08 6.53e-06 0.160
 18   -9.817199657425e-02 -9.913626432212e-02 9.52e-06 2.00e-08 5.85e-06 0.163
 19   -9.846857203903e-02 -9.870089575843e-02 2.07e-06 4.53e-09 1.11e-06 0.166
 20   -9.854103085005e-02 -9.859620891095e-02 4.79e-07 4.64e-09 2.58e-07 0.169
 21   -9.856010381856e-02 -9.856885793662e-02 7.51e-08 3.38e-09 3.67e-08 0.171
 22   -9.856326004000e-02 -9.856435546099e-02 9.40e-09 2.97e-09 4.29e-09 0.174
 23   -9.856365760454e-02 -9.856378797181e-02 1.12e-09 2.53e-08 4.97e-10 0.177
 24   -9.856370502820e-02 -9.856372007864e-02 1.30e-10 2.74e-06 5.69e-11 0.179
 25   -9.856371046617e-02 -9.856371226109e-02 1.55e-11 5.55e-06 6.82e-12 0.182
 26   -9.856371112308e-02 -9.856371131419e-02 1.64e-12 2.07e-06 7.24e-13 0.185
 27   -9.856371119317e-02 -9.856371121352e-02 1.72e-13 4.30e-06 7.47e-14 0.188
 28   -9.856371120068e-02 -9.856371120298e-02 1.85e-14 1.98e-07 8.13e-15 0.190
 29   -9.856371120145e-02 -9.856371120199e-02 3.89e-15 1.44e-03 1.64e-15 0.193
 30   -9.856371120157e-02 -9.856371120185e-02 1.89e-15 3.15e-03 6.55e-16 0.196
 31   -9.856371120168e-02 -9.856371120173e-02 6.94e-16 2.04e-02 8.22e-17 0.198
Numerical error in objective
Restoring previous solution


Suboptimal solution found in 32 iterations and 0.20 seconds
Objective -9.85632600e-02
Primal infeasibility (abs/rel): 1.88e-08/9.40e-09
Dual infeasibility   (abs/rel): 3.27e-09/2.97e-09
Complementarity gap  (abs/rel): 4.72e-09/4.29e-09


Barrier finished in 0.20 seconds
Dual variables for problems with quadratic constraints not returned.
