cuOpt version: 26.10.0, git hash: 648f805d, host arch: x86_64, device archs: 80-real
CPU: AMD EPYC 7642 48-Core Processor, threads: 5C/5T, RAM usage: 27.49/503.74GiB
CPU SIMD target: AVX2
CUDA 12.9, device: NVIDIA A100 80GB PCIe (ID 0), VRAM: 79.44 GiB
CUDA device UUID: 68df5cf5-71f9-6a93-b428-460c080ffb10
Problem has 1 quadratic constraints. Converting to second-order cones and solving with barrier.
Handling 50 free variables directly in augmented system
Presolved problem: 5103 constraints 10102 variables 265152 nonzeros
Skipping Ruiz equilibration (row norm ratio 1.4, column norm ratio 1.4 < 5e4, Q coeff ratio 1.0 < 100)
Barrier solver started at 0.024 seconds
Barrier solver: 5103 constraints, 10102 variables, 265152 nonzeros


Second-order cones          : 1
Free variables              : 50
Upper bounds                : 5000
Linear system               : augmented
cuDSS Version               : 0.7.1
cuDSS Threading layer       : libcudss_mtlayer_gomp.so.0
Reordering time             : 0.055s
Symbolic factorization time : 0.025s
Symbolic nonzeros in factor : 2.79e+05
Elapsed time for augmented  : 0.111 seconds
Elapsed time           : 0.111 seconds
Barrier setup complete at 0.111 seconds
Adaptive regularization enabled


                  Objective                         Infeasibility        Time
Iter   Primal              Dual                Primal   Dual    Compl.   Elapsed
  0   -3.701605598740e+02 -3.710234169387e+02 3.71e+03 1.91e+00 1.19e-02 0.112
  1   -3.741054734075e+01 -3.495882843009e+02 3.74e+02 7.84e-02 1.66e-02 0.114
  2   -3.887937424454e+00 -2.097219591189e+02 3.80e+01 4.70e-02 1.33e-02 0.117
  3   -4.429600751916e-01 -3.237980310880e+01 3.86e+00 5.32e-03 4.56e-03 0.120
  4   -9.287886655800e-02 -4.511798590524e+00 4.09e-01 5.69e-04 6.47e-04 0.123
  5   -5.627296278575e-02 -7.108185230946e-01 4.09e-02 5.69e-05 8.81e-05 0.125
  6   -5.675915965294e-02 -2.026243659976e-01 9.03e-03 1.26e-05 1.79e-05 0.128
  7   -6.888229905549e-02 -1.400990310672e-01 3.96e-03 5.52e-06 7.57e-06 0.131
  8   -7.287822201487e-02 -1.383136584768e-01 3.34e-03 4.67e-06 1.84e-05 0.134
  9   -7.610925391366e-02 -1.355459827008e-01 2.79e-03 3.92e-06 3.64e-05 0.136
 10   -8.087316557022e-02 -1.298397568418e-01 2.02e-03 2.84e-06 5.26e-05 0.139
 11   -8.196678114477e-02 -1.284888956738e-01 1.67e-03 2.38e-06 5.28e-05 0.142
 12   -8.703913263065e-02 -1.201270979848e-01 9.97e-04 1.42e-06 5.44e-05 0.144
 13   -8.777571444074e-02 -1.172967528791e-01 7.19e-04 1.04e-06 1.84e-04 0.147
 14   -9.271122820720e-02 -1.085897911966e-01 3.18e-04 4.64e-07 1.14e-04 0.150
 15   -9.553767873483e-02 -1.034395349389e-01 1.33e-04 1.95e-07 5.56e-05 0.152
 16   -9.738505411481e-02 -1.003410245988e-01 4.04e-05 5.48e-08 1.24e-05 0.155
 17   -9.798807217700e-02 -9.931110498242e-02 1.49e-05 1.88e-08 5.31e-06 0.158
 18   -9.829710909111e-02 -9.880448725512e-02 4.38e-06 8.42e-09 2.57e-06 0.161
 19   -9.847163773274e-02 -9.855906420384e-02 7.36e-07 4.23e-09 3.80e-07 0.163
 20   -9.850141216149e-02 -9.851729554096e-02 1.33e-07 4.88e-09 6.11e-08 0.166
 21   -9.850694710811e-02 -9.850952405919e-02 2.15e-08 5.05e-09 8.79e-09 0.169
 22   -9.850787103985e-02 -9.850822721054e-02 2.96e-09 8.22e-09 1.04e-09 0.171
 23   -9.850799867165e-02 -9.850804786364e-02 4.10e-10 1.19e-07 1.30e-10 0.174
 24   -9.850801607301e-02 -9.850802330196e-02 6.05e-11 2.75e-06 1.69e-11 0.177
 25   -9.850801862658e-02 -9.850801967705e-02 8.84e-12 1.88e-06 2.18e-12 0.180
 26   -9.850801899625e-02 -9.850801914651e-02 1.29e-12 2.41e-06 2.55e-13 0.182
 27   -9.850801904677e-02 -9.850801907225e-02 2.28e-13 7.11e-05 4.77e-14 0.185
 28   -9.850801905480e-02 -9.850801905974e-02 4.91e-14 1.17e-03 1.13e-14 0.188
 29   -9.850801905625e-02 -9.850801905701e-02 1.50e-14 2.93e-04 2.15e-15 0.190
Numerical error in objective
Restoring previous solution


Suboptimal solution found in 30 iterations and 0.19 seconds
Objective -9.85078710e-02
Primal infeasibility (abs/rel): 5.93e-09/2.96e-09
Dual infeasibility   (abs/rel): 9.05e-09/8.22e-09
Complementarity gap  (abs/rel): 1.14e-09/1.04e-09


Barrier finished in 0.19 seconds
Dual variables for problems with quadratic constraints not returned.
