cuOpt version: 26.10.0, git hash: 648f805d, host arch: x86_64, device archs: 80-real
CPU: AMD EPYC 7642 48-Core Processor, threads: 5C/5T, RAM usage: 27.50/503.74GiB
CPU SIMD target: AVX2
CUDA 12.9, device: NVIDIA A100 80GB PCIe (ID 0), VRAM: 79.44 GiB
CUDA device UUID: 68df5cf5-71f9-6a93-b428-460c080ffb10
Problem has 1 quadratic constraints. Converting to second-order cones and solving with barrier.
Handling 50 free variables directly in augmented system
Presolved problem: 5103 constraints 10102 variables 265152 nonzeros
Skipping Ruiz equilibration (row norm ratio 1.4, column norm ratio 1.4 < 5e4, Q coeff ratio 1.0 < 100)
Barrier solver started at 0.027 seconds
Barrier solver: 5103 constraints, 10102 variables, 265152 nonzeros


Second-order cones          : 1
Free variables              : 50
Upper bounds                : 5000
Linear system               : augmented
cuDSS Version               : 0.7.1
cuDSS Threading layer       : libcudss_mtlayer_gomp.so.0
Reordering time             : 0.057s
Symbolic factorization time : 0.023s
Symbolic nonzeros in factor : 2.79e+05
Elapsed time for augmented  : 0.114 seconds
Elapsed time           : 0.114 seconds
Barrier setup complete at 0.114 seconds
Adaptive regularization enabled


                  Objective                         Infeasibility        Time
Iter   Primal              Dual                Primal   Dual    Compl.   Elapsed
  0   -3.702779911923e+02 -3.710340990992e+02 3.71e+03 1.91e+00 1.19e-02 0.115
  1   -3.742292114298e+01 -3.495990552830e+02 3.74e+02 7.84e-02 1.66e-02 0.118
  2   -3.889384317008e+00 -2.097327989221e+02 3.80e+01 4.70e-02 1.33e-02 0.121
  3   -4.430960190629e-01 -3.238133792488e+01 3.86e+00 5.32e-03 4.56e-03 0.123
  4   -9.289011897102e-02 -4.510661991844e+00 4.09e-01 5.68e-04 6.47e-04 0.126
  5   -5.628863688715e-02 -7.106311917080e-01 4.09e-02 5.69e-05 8.80e-05 0.129
  6   -5.677850734634e-02 -2.029428519942e-01 9.04e-03 1.26e-05 1.79e-05 0.131
  7   -6.877281553930e-02 -1.406256974078e-01 4.00e-03 5.57e-06 7.64e-06 0.134
  8   -7.302451149673e-02 -1.387466999123e-01 3.31e-03 4.61e-06 2.33e-05 0.137
  9   -7.655453498150e-02 -1.353543158203e-01 2.71e-03 3.80e-06 5.34e-05 0.139
 10   -8.076390249297e-02 -1.302517172036e-01 2.00e-03 2.81e-06 7.65e-05 0.142
 11   -8.202070341098e-02 -1.286292259892e-01 1.65e-03 2.34e-06 7.72e-05 0.145
 12   -8.588661806215e-02 -1.221373802218e-01 1.12e-03 1.60e-06 7.21e-05 0.147
 13   -8.618591479197e-02 -1.205838274461e-01 9.23e-04 1.34e-06 1.19e-04 0.150
 14   -9.029766644307e-02 -1.130146620249e-01 4.98e-04 7.31e-07 1.12e-04 0.153
 15   -9.408563285285e-02 -1.058294178774e-01 2.31e-04 3.42e-07 7.25e-05 0.156
 16   -9.644060150358e-02 -1.017414390985e-01 8.51e-05 1.20e-07 2.08e-05 0.158
 17   -9.738363051882e-02 -9.984895388577e-02 2.27e-05 3.69e-08 1.33e-05 0.161
 18   -9.794097915750e-02 -9.902805035097e-02 9.28e-06 1.39e-08 7.00e-06 0.164
 19   -9.822795136897e-02 -9.860314583469e-02 2.30e-06 2.42e-09 2.19e-06 0.167
 20   -9.835886375782e-02 -9.842827955682e-02 4.02e-07 3.09e-09 3.65e-07 0.169
 21   -9.838495009881e-02 -9.839397449953e-02 5.22e-08 3.23e-09 4.28e-08 0.172
 22   -9.838837642745e-02 -9.838947271174e-02 6.35e-09 4.05e-09 4.79e-09 0.175
 23   -9.838879414054e-02 -9.838892333326e-02 7.49e-10 4.58e-09 5.27e-10 0.178
 24   -9.838884337909e-02 -9.838885845407e-02 8.75e-11 1.67e-06 5.74e-11 0.180
 25   -9.838884908259e-02 -9.838885090992e-02 1.07e-11 7.13e-06 6.26e-12 0.183
 26   -9.838884977378e-02 -9.838884998809e-02 1.27e-12 9.88e-06 6.77e-13 0.186
 27   -9.838884985537e-02 -9.838884987680e-02 1.30e-13 2.62e-05 6.96e-14 0.188
 28   -9.838884986325e-02 -9.838884986553e-02 1.35e-14 1.58e-04 7.07e-15 0.191
 29   -9.838884986397e-02 -9.838884986445e-02 3.22e-15 1.81e-03 1.04e-15 0.194
 30   -9.838884986406e-02 -9.838884986432e-02 1.55e-15 7.53e-03 1.49e-15 0.196
 31   -9.838884986411e-02 -9.838884986425e-02 8.88e-16 6.41e-03 2.03e-16 0.199
Numerical error in objective
Restoring previous solution


Suboptimal solution found in 32 iterations and 0.20 seconds
Objective -9.83883764e-02
Primal infeasibility (abs/rel): 1.27e-08/6.35e-09
Dual infeasibility   (abs/rel): 4.46e-09/4.05e-09
Complementarity gap  (abs/rel): 5.26e-09/4.79e-09


Barrier finished in 0.20 seconds
Dual variables for problems with quadratic constraints not returned.
