cuOpt version: 26.10.0, git hash: 648f805d, host arch: x86_64, device archs: 80-real
CPU: AMD EPYC 7642 48-Core Processor, threads: 5C/5T, RAM usage: 27.44/503.74GiB
CPU SIMD target: AVX2
CUDA 12.9, device: NVIDIA A100 80GB PCIe (ID 0), VRAM: 79.44 GiB
CUDA device UUID: 68df5cf5-71f9-6a93-b428-460c080ffb10
Problem has 1 quadratic constraints. Converting to second-order cones and solving with barrier.
Handling 50 free variables directly in augmented system
Presolved problem: 5103 constraints 10102 variables 265152 nonzeros
Skipping Ruiz equilibration (row norm ratio 1.4, column norm ratio 1.4 < 5e4, Q coeff ratio 1.0 < 100)
Barrier solver started at 0.029 seconds
Barrier solver: 5103 constraints, 10102 variables, 265152 nonzeros


Second-order cones          : 1
Free variables              : 50
Upper bounds                : 5000
Linear system               : augmented
cuDSS Version               : 0.7.1
cuDSS Threading layer       : libcudss_mtlayer_gomp.so.0
Reordering time             : 0.054s
Symbolic factorization time : 0.024s
Symbolic nonzeros in factor : 2.79e+05
Elapsed time for augmented  : 0.113 seconds
Elapsed time           : 0.113 seconds
Barrier setup complete at 0.113 seconds
Adaptive regularization enabled


                  Objective                         Infeasibility        Time
Iter   Primal              Dual                Primal   Dual    Compl.   Elapsed
  0   -3.704562062107e+02 -3.710714720587e+02 3.71e+03 1.91e+00 1.19e-02 0.114
  1   -3.744059807470e+01 -3.496365224492e+02 3.74e+02 7.84e-02 1.66e-02 0.116
  2   -3.891132534012e+00 -2.097631414316e+02 3.80e+01 4.70e-02 1.33e-02 0.119
  3   -4.433137569942e-01 -3.238797490823e+01 3.86e+00 5.32e-03 4.56e-03 0.122
  4   -9.294120482405e-02 -4.512297795665e+00 4.09e-01 5.69e-04 6.47e-04 0.125
  5   -5.631271530876e-02 -7.109228941229e-01 4.09e-02 5.69e-05 8.82e-05 0.127
  6   -5.680269448710e-02 -2.025392001605e-01 9.02e-03 1.25e-05 1.79e-05 0.130
  7   -6.898842487720e-02 -1.397398183135e-01 3.94e-03 5.48e-06 7.52e-06 0.133
  8   -7.285439450619e-02 -1.380109990683e-01 3.36e-03 4.68e-06 1.55e-05 0.135
  9   -7.453550055269e-02 -1.371981304910e-01 3.01e-03 4.22e-06 2.76e-05 0.138
 10   -8.146624901518e-02 -1.281501676266e-01 2.07e-03 2.91e-06 5.59e-05 0.141
 11   -8.329283895737e-02 -1.260599278594e-01 1.48e-03 2.11e-06 6.80e-05 0.143
 12   -8.493423619133e-02 -1.233267957352e-01 1.16e-03 1.66e-06 6.97e-05 0.146
 13   -8.887894902461e-02 -1.158457716957e-01 6.84e-04 9.85e-07 7.46e-05 0.149
 14   -9.340738877185e-02 -1.073741821595e-01 2.96e-04 4.33e-07 6.77e-05 0.152
 15   -9.550798300829e-02 -1.038907544250e-01 1.57e-04 2.27e-07 3.16e-05 0.154
 16   -9.635969559510e-02 -1.019084832820e-01 7.31e-05 1.15e-07 4.76e-05 0.157
 17   -9.784142241668e-02 -9.966147796067e-02 2.04e-05 2.59e-08 1.21e-05 0.160
 18   -9.824103559375e-02 -9.905325619911e-02 8.62e-06 7.79e-09 5.73e-06 0.162
 19   -9.844424900888e-02 -9.874523150200e-02 2.96e-06 3.85e-09 2.25e-06 0.165
 20   -9.853397197850e-02 -9.861389585843e-02 7.44e-07 3.16e-09 6.01e-07 0.168
 21   -9.856270917001e-02 -9.857277979277e-02 9.29e-08 3.37e-09 7.06e-08 0.170
 22   -9.856637342087e-02 -9.856756153702e-02 1.10e-08 2.84e-09 7.88e-09 0.173
 23   -9.856680429618e-02 -9.856694747155e-02 1.32e-09 6.50e-10 8.85e-10 0.176
 24   -9.856685605311e-02 -9.856687356304e-02 1.62e-10 2.10e-07 1.00e-10 0.179
 25   -9.856686237819e-02 -9.856686449461e-02 1.97e-11 6.17e-06 1.11e-11 0.181
 26   -9.856686314526e-02 -9.856686338517e-02 2.26e-12 4.61e-06 1.19e-12 0.184
 27   -9.856686323226e-02 -9.856686325621e-02 2.31e-13 1.11e-05 1.23e-13 0.187
 28   -9.856686324066e-02 -9.856686324312e-02 2.39e-14 4.39e-04 1.32e-14 0.190
 29   -9.856686324146e-02 -9.856686324184e-02 4.11e-15 2.54e-03 2.08e-15 0.192
 30   -9.856686324159e-02 -9.856686324164e-02 5.55e-16 1.59e-02 1.09e-15 0.195
 31   -9.856686324161e-02 -9.856686324162e-02 2.22e-16 1.67e-02 1.65e-17 0.198
Numerical error in objective
Restoring previous solution


Suboptimal solution found in 32 iterations and 0.20 seconds
Objective -9.85668043e-02
Primal infeasibility (abs/rel): 2.65e-09/1.32e-09
Dual infeasibility   (abs/rel): 7.16e-10/6.50e-10
Complementarity gap  (abs/rel): 9.72e-10/8.85e-10


Barrier finished in 0.20 seconds
Dual variables for problems with quadratic constraints not returned.
