cuOpt version: 26.10.0, git hash: 648f805d, host arch: x86_64, device archs: 80-real
CPU: AMD EPYC 7642 48-Core Processor, threads: 5C/5T, RAM usage: 27.56/503.74GiB
CPU SIMD target: AVX2
CUDA 12.9, device: NVIDIA A100 80GB PCIe (ID 0), VRAM: 79.44 GiB
CUDA device UUID: 68df5cf5-71f9-6a93-b428-460c080ffb10
Problem has 1 quadratic constraints. Converting to second-order cones and solving with barrier.
Handling 50 free variables directly in augmented system
Presolved problem: 5103 constraints 10102 variables 265152 nonzeros
Skipping Ruiz equilibration (row norm ratio 1.4, column norm ratio 1.4 < 5e4, Q coeff ratio 1.0 < 100)
Barrier solver started at 0.027 seconds
Barrier solver: 5103 constraints, 10102 variables, 265152 nonzeros


Second-order cones          : 1
Free variables              : 50
Upper bounds                : 5000
Linear system               : augmented
cuDSS Version               : 0.7.1
cuDSS Threading layer       : libcudss_mtlayer_gomp.so.0
Reordering time             : 0.053s
Symbolic factorization time : 0.023s
Symbolic nonzeros in factor : 2.79e+05
Elapsed time for augmented  : 0.110 seconds
Elapsed time           : 0.110 seconds
Barrier setup complete at 0.110 seconds
Adaptive regularization enabled


                  Objective                         Infeasibility        Time
Iter   Primal              Dual                Primal   Dual    Compl.   Elapsed
  0   -3.703336272695e+02 -3.710584120459e+02 3.71e+03 1.91e+00 1.19e-02 0.111
  1   -3.742835984491e+01 -3.496234222363e+02 3.74e+02 7.84e-02 1.66e-02 0.116
  2   -3.889891364407e+00 -2.097525630389e+02 3.80e+01 4.70e-02 1.33e-02 0.119
  3   -4.431513641842e-01 -3.238487899548e+01 3.86e+00 5.32e-03 4.56e-03 0.122
  4   -9.290142435402e-02 -4.511186273990e+00 4.09e-01 5.68e-04 6.47e-04 0.125
  5   -5.629485301328e-02 -7.107169753867e-01 4.09e-02 5.69e-05 8.80e-05 0.127
  6   -5.678749157491e-02 -2.022550396018e-01 9.00e-03 1.25e-05 1.78e-05 0.130
  7   -6.897687264762e-02 -1.397790127659e-01 3.95e-03 5.49e-06 7.54e-06 0.133
  8   -7.282185211965e-02 -1.381517487688e-01 3.36e-03 4.69e-06 1.62e-05 0.136
  9   -7.616766891221e-02 -1.355760418253e-01 2.78e-03 3.89e-06 4.07e-05 0.138
 10   -8.140869855440e-02 -1.291288341316e-01 1.96e-03 2.77e-06 7.18e-05 0.141
 11   -8.230152461005e-02 -1.279816290196e-01 1.67e-03 2.38e-06 7.59e-05 0.144
 12   -8.637424848236e-02 -1.212614669364e-01 1.12e-03 1.60e-06 7.34e-05 0.147
 13   -8.677948998185e-02 -1.193366800045e-01 8.97e-04 1.30e-06 1.51e-04 0.150
 14   -9.118541786797e-02 -1.114998992873e-01 4.43e-04 6.48e-07 1.29e-04 0.152
 15   -9.484234609979e-02 -1.046230826739e-01 1.91e-04 2.81e-07 7.71e-05 0.155
 16   -9.681936334317e-02 -1.011953267703e-01 5.89e-05 8.12e-08 1.88e-05 0.158
 17   -9.766636634624e-02 -9.971237245742e-02 2.06e-05 2.97e-08 1.15e-05 0.161
 18   -9.819811240696e-02 -9.890742145353e-02 6.41e-06 8.11e-09 3.96e-06 0.163
 19   -9.842627359620e-02 -9.857431096551e-02 1.13e-06 2.64e-09 6.65e-07 0.166
 20   -9.847894542721e-02 -9.850150772176e-02 1.71e-07 2.79e-09 8.55e-08 0.169
 21   -9.848704657601e-02 -9.849036518371e-02 2.51e-08 2.66e-09 1.06e-08 0.172
 22   -9.848823641025e-02 -9.848873038977e-02 3.73e-09 1.48e-09 1.30e-09 0.174
 23   -9.848841362393e-02 -9.848848674979e-02 5.53e-10 2.98e-08 1.63e-10 0.177
 24   -9.848844001410e-02 -9.848845033865e-02 7.82e-11 2.21e-06 2.31e-11 0.180
 25   -9.848844381151e-02 -9.848844505137e-02 9.46e-12 5.02e-06 2.79e-12 0.183
 26   -9.848844427363e-02 -9.848844439752e-02 9.57e-13 1.49e-05 2.82e-13 0.185
 27   -9.848844431912e-02 -9.848844433165e-02 9.79e-14 3.84e-05 2.88e-14 0.188
 28   -9.848844432357e-02 -9.848844432503e-02 1.15e-14 1.50e-04 3.42e-15 0.191
 29   -9.848844432409e-02 -9.848844432423e-02 7.77e-16 2.05e-02 7.75e-16 0.194
Numerical error in objective
Restoring previous solution


Suboptimal solution found in 30 iterations and 0.20 seconds
Objective -9.84882364e-02
Primal infeasibility (abs/rel): 7.46e-09/3.73e-09
Dual infeasibility   (abs/rel): 1.63e-09/1.48e-09
Complementarity gap  (abs/rel): 1.43e-09/1.30e-09


Barrier finished in 0.20 seconds
Dual variables for problems with quadratic constraints not returned.
