cuOpt version: 26.10.0, git hash: 648f805d, host arch: x86_64, device archs: 80-real
CPU: AMD EPYC 7642 48-Core Processor, threads: 5C/5T, RAM usage: 27.39/503.74GiB
CPU SIMD target: AVX2
CUDA 12.9, device: NVIDIA A100 80GB PCIe (ID 0), VRAM: 79.44 GiB
CUDA device UUID: 68df5cf5-71f9-6a93-b428-460c080ffb10
Problem has 1 quadratic constraints. Converting to second-order cones and solving with barrier.
Handling 50 free variables directly in augmented system
Presolved problem: 5103 constraints 10102 variables 265152 nonzeros
Skipping Ruiz equilibration (row norm ratio 1.4, column norm ratio 1.4 < 5e4, Q coeff ratio 1.0 < 100)
Barrier solver started at 0.025 seconds
Barrier solver: 5103 constraints, 10102 variables, 265152 nonzeros


Second-order cones          : 1
Free variables              : 50
Upper bounds                : 5000
Linear system               : augmented
cuDSS Version               : 0.7.1
cuDSS Threading layer       : libcudss_mtlayer_gomp.so.0
Reordering time             : 0.054s
Symbolic factorization time : 0.023s
Symbolic nonzeros in factor : 2.79e+05
Elapsed time for augmented  : 0.110 seconds
Elapsed time           : 0.110 seconds
Barrier setup complete at 0.110 seconds
Adaptive regularization enabled


                  Objective                         Infeasibility        Time
Iter   Primal              Dual                Primal   Dual    Compl.   Elapsed
  0   -3.703993037120e+02 -3.711301956175e+02 3.71e+03 1.91e+00 1.19e-02 0.111
  1   -3.743476594139e+01 -3.496952827003e+02 3.74e+02 7.84e-02 1.66e-02 0.114
  2   -3.890536618440e+00 -2.098129356251e+02 3.81e+01 4.70e-02 1.33e-02 0.116
  3   -4.432231735519e-01 -3.239735340587e+01 3.86e+00 5.32e-03 4.56e-03 0.119
  4   -9.291562188993e-02 -4.513380758129e+00 4.09e-01 5.69e-04 6.47e-04 0.122
  5   -5.629490749068e-02 -7.110782651265e-01 4.09e-02 5.69e-05 8.81e-05 0.124
  6   -5.678368793080e-02 -2.029105105248e-01 9.04e-03 1.26e-05 1.79e-05 0.127
  7   -6.879664047780e-02 -1.408537639104e-01 4.01e-03 5.58e-06 7.66e-06 0.130
  8   -7.225663488273e-02 -1.396077106828e-01 3.47e-03 4.85e-06 1.83e-05 0.132
  9   -7.532518024325e-02 -1.372344805364e-01 2.97e-03 4.16e-06 4.38e-05 0.135
 10   -7.794390893771e-02 -1.350657450313e-01 2.44e-03 3.44e-06 6.31e-05 0.138
 11   -8.204029251824e-02 -1.295533817019e-01 1.77e-03 2.51e-06 7.95e-05 0.141
 12   -8.266186880366e-02 -1.282901158298e-01 1.50e-03 2.15e-06 7.70e-05 0.143
 13   -8.640447326004e-02 -1.215098423689e-01 9.99e-04 1.44e-06 9.13e-05 0.146
 14   -8.989450316774e-02 -1.138539877955e-01 5.32e-04 7.74e-07 1.88e-04 0.149
 15   -9.397405107420e-02 -1.064349484106e-01 1.45e-04 2.13e-07 6.18e-05 0.151
 16   -9.669538691091e-02 -1.017372902584e-01 5.32e-05 7.55e-08 3.14e-05 0.154
 17   -9.760615903538e-02 -1.002290798971e-01 2.54e-05 3.24e-08 1.45e-05 0.157
 18   -9.807225384427e-02 -9.936594908283e-02 9.39e-06 1.52e-08 1.02e-05 0.159
 19   -9.849340049106e-02 -9.874469537346e-02 1.56e-06 3.50e-09 1.44e-06 0.162
 20   -9.857729377716e-02 -9.862617219129e-02 3.01e-07 4.42e-09 2.37e-07 0.165
 21   -9.859404274272e-02 -9.860252339472e-02 5.16e-08 3.49e-09 3.49e-08 0.168
 22   -9.859708397355e-02 -9.859824461502e-02 7.05e-09 3.71e-09 4.19e-09 0.170
 23   -9.859750012427e-02 -9.859765902110e-02 9.66e-10 9.99e-09 5.12e-10 0.173
 24   -9.859755685501e-02 -9.859757902157e-02 1.35e-10 2.55e-06 6.39e-11 0.176
 25   -9.859756477061e-02 -9.859756783828e-02 1.87e-11 4.95e-06 7.76e-12 0.179
 26   -9.859756588304e-02 -9.859756626514e-02 2.33e-12 8.16e-06 9.51e-13 0.181
 27   -9.859756602384e-02 -9.859756606595e-02 2.55e-13 5.92e-05 1.05e-13 0.184
 28   -9.859756603945e-02 -9.859756604390e-02 2.66e-14 2.32e-04 1.10e-14 0.187
 29   -9.859756604095e-02 -9.859756604180e-02 4.77e-15 8.51e-04 2.08e-15 0.189
 30   -9.859756604108e-02 -9.859756604162e-02 2.89e-15 1.12e-02 1.23e-15 0.192
Numerical error in objective
Restoring previous solution


Suboptimal solution found in 31 iterations and 0.19 seconds
Objective -9.85970840e-02
Primal infeasibility (abs/rel): 1.41e-08/7.05e-09
Dual infeasibility   (abs/rel): 4.08e-09/3.71e-09
Complementarity gap  (abs/rel): 4.60e-09/4.19e-09


Barrier finished in 0.20 seconds
Dual variables for problems with quadratic constraints not returned.
