cuOpt version: 26.10.0, git hash: 648f805d, host arch: x86_64, device archs: 80-real
CPU: AMD EPYC 7642 48-Core Processor, threads: 5C/5T, RAM usage: 27.35/503.74GiB
CPU SIMD target: AVX2
CUDA 12.9, device: NVIDIA A100 80GB PCIe (ID 0), VRAM: 79.44 GiB
CUDA device UUID: 68df5cf5-71f9-6a93-b428-460c080ffb10
Problem has 1 quadratic constraints. Converting to second-order cones and solving with barrier.
Handling 50 free variables directly in augmented system
Presolved problem: 5103 constraints 10102 variables 265152 nonzeros
Skipping Ruiz equilibration (row norm ratio 1.4, column norm ratio 1.4 < 5e4, Q coeff ratio 1.0 < 100)
Barrier solver started at 0.027 seconds
Barrier solver: 5103 constraints, 10102 variables, 265152 nonzeros


Second-order cones          : 1
Free variables              : 50
Upper bounds                : 5000
Linear system               : augmented
cuDSS Version               : 0.7.1
cuDSS Threading layer       : libcudss_mtlayer_gomp.so.0
Reordering time             : 0.059s
Symbolic factorization time : 0.023s
Symbolic nonzeros in factor : 2.79e+05
Elapsed time for augmented  : 0.116 seconds
Elapsed time           : 0.116 seconds
Barrier setup complete at 0.116 seconds
Adaptive regularization enabled


                  Objective                         Infeasibility        Time
Iter   Primal              Dual                Primal   Dual    Compl.   Elapsed
  0   -3.703446513950e+02 -3.711178663113e+02 3.71e+03 1.91e+00 1.19e-02 0.117
  1   -3.742798803776e+01 -3.496828429283e+02 3.74e+02 7.84e-02 1.66e-02 0.120
  2   -3.889436224077e+00 -2.097977704898e+02 3.80e+01 4.70e-02 1.33e-02 0.122
  3   -4.431251929678e-01 -3.239348597836e+01 3.86e+00 5.32e-03 4.56e-03 0.125
  4   -9.290831090058e-02 -4.513559749842e+00 4.09e-01 5.69e-04 6.47e-04 0.128
  5   -5.628862913571e-02 -7.110982041039e-01 4.09e-02 5.69e-05 8.81e-05 0.131
  6   -5.677593061724e-02 -2.027006819547e-01 9.03e-03 1.26e-05 1.79e-05 0.133
  7   -6.883606943231e-02 -1.404869338574e-01 3.99e-03 5.55e-06 7.62e-06 0.136
  8   -7.309225817077e-02 -1.386905061672e-01 3.34e-03 4.66e-06 1.94e-05 0.139
  9   -7.543736427496e-02 -1.370373104571e-01 2.91e-03 4.08e-06 3.21e-05 0.141
 10   -8.007027627093e-02 -1.315233823831e-01 2.21e-03 3.11e-06 5.64e-05 0.144
 11   -8.088736852142e-02 -1.307434211216e-01 1.91e-03 2.72e-06 6.16e-05 0.147
 12   -8.499377974080e-02 -1.243281731641e-01 1.30e-03 1.85e-06 6.43e-05 0.150
 13   -8.550614417226e-02 -1.222314815210e-01 1.05e-03 1.51e-06 1.50e-04 0.152
 14   -9.068570350091e-02 -1.125646313784e-01 5.02e-04 7.29e-07 1.34e-04 0.155
 15   -9.443581147193e-02 -1.056514478371e-01 2.25e-04 3.28e-07 6.93e-05 0.158
 16   -9.680390489017e-02 -1.015416663375e-01 8.34e-05 1.17e-07 1.77e-05 0.160
 17   -9.759689184787e-02 -9.996251360271e-02 2.94e-05 4.38e-08 1.09e-05 0.163
 18   -9.820618588468e-02 -9.898407517940e-02 7.67e-06 1.20e-08 2.62e-06 0.166
 19   -9.844193277119e-02 -9.864062184846e-02 1.83e-06 1.81e-09 5.64e-07 0.168
 20   -9.850644755278e-02 -9.854850177841e-02 3.63e-07 9.82e-10 1.02e-07 0.171
 21   -9.852126546400e-02 -9.852790501193e-02 5.65e-08 2.83e-09 1.43e-08 0.174
 22   -9.852369427011e-02 -9.852454409804e-02 7.22e-09 6.09e-09 1.68e-09 0.177
 23   -9.852401188105e-02 -9.852410428980e-02 7.86e-10 3.94e-08 1.80e-10 0.179
 24   -9.852404666129e-02 -9.852405598423e-02 7.94e-11 2.67e-06 1.83e-11 0.182
 25   -9.852405016550e-02 -9.852405109784e-02 7.96e-12 5.51e-06 1.83e-12 0.185
 26   -9.852405051504e-02 -9.852405060829e-02 7.98e-13 4.18e-05 1.84e-13 0.187
 27   -9.852405054980e-02 -9.852405055936e-02 8.26e-14 1.21e-04 1.87e-14 0.190
 28   -9.852405055336e-02 -9.852405055431e-02 8.33e-15 6.24e-04 4.03e-15 0.193
 29   -9.852405055368e-02 -9.852405055385e-02 1.33e-15 6.58e-04 3.21e-16 0.196
Numerical error in objective
Restoring previous solution


Suboptimal solution found in 30 iterations and 0.20 seconds
Objective -9.85236943e-02
Primal infeasibility (abs/rel): 1.44e-08/7.22e-09
Dual infeasibility   (abs/rel): 6.71e-09/6.09e-09
Complementarity gap  (abs/rel): 1.85e-09/1.68e-09


Barrier finished in 0.20 seconds
Dual variables for problems with quadratic constraints not returned.
