cuOpt version: 26.10.0, git hash: 648f805d, host arch: x86_64, device archs: 80-real
CPU: AMD EPYC 7642 48-Core Processor, threads: 5C/5T, RAM usage: 27.48/503.74GiB
CPU SIMD target: AVX2
CUDA 12.9, device: NVIDIA A100 80GB PCIe (ID 0), VRAM: 79.44 GiB
CUDA device UUID: 68df5cf5-71f9-6a93-b428-460c080ffb10
Problem has 1 quadratic constraints. Converting to second-order cones and solving with barrier.
Handling 50 free variables directly in augmented system
Presolved problem: 5103 constraints 10102 variables 265152 nonzeros
Skipping Ruiz equilibration (row norm ratio 1.4, column norm ratio 1.4 < 5e4, Q coeff ratio 1.0 < 100)
Barrier solver started at 0.025 seconds
Barrier solver: 5103 constraints, 10102 variables, 265152 nonzeros


Second-order cones          : 1
Free variables              : 50
Upper bounds                : 5000
Linear system               : augmented
cuDSS Version               : 0.7.1
cuDSS Threading layer       : libcudss_mtlayer_gomp.so.0
Reordering time             : 0.052s
Symbolic factorization time : 0.024s
Symbolic nonzeros in factor : 2.79e+05
Elapsed time for augmented  : 0.108 seconds
Elapsed time           : 0.108 seconds
Barrier setup complete at 0.108 seconds
Adaptive regularization enabled


                  Objective                         Infeasibility        Time
Iter   Primal              Dual                Primal   Dual    Compl.   Elapsed
  0   -3.702964190560e+02 -3.711235215740e+02 3.71e+03 1.91e+00 1.19e-02 0.108
  1   -3.742349300556e+01 -3.496884758359e+02 3.74e+02 7.84e-02 1.66e-02 0.111
  2   -3.889054535645e+00 -2.098042040210e+02 3.80e+01 4.70e-02 1.33e-02 0.114
  3   -4.430325563756e-01 -3.239324784574e+01 3.86e+00 5.32e-03 4.56e-03 0.116
  4   -9.287131858576e-02 -4.512039335244e+00 4.09e-01 5.68e-04 6.47e-04 0.119
  5   -5.627559449135e-02 -7.108197094779e-01 4.09e-02 5.69e-05 8.80e-05 0.122
  6   -5.676127111849e-02 -2.028283541556e-01 9.03e-03 1.26e-05 1.79e-05 0.125
  7   -6.872055430979e-02 -1.408420570824e-01 4.01e-03 5.59e-06 7.67e-06 0.127
  8   -7.259020274715e-02 -1.392586933955e-01 3.40e-03 4.74e-06 2.05e-05 0.130
  9   -7.571314891689e-02 -1.366608722907e-01 2.87e-03 4.02e-06 4.96e-05 0.133
 10   -7.917049521664e-02 -1.330912173972e-01 2.23e-03 3.15e-06 8.05e-05 0.135
 11   -8.266994377699e-02 -1.284131109035e-01 1.57e-03 2.24e-06 8.79e-05 0.138
 12   -8.365645085925e-02 -1.266279736687e-01 1.28e-03 1.84e-06 8.45e-05 0.141
 13   -8.597865249421e-02 -1.221399751707e-01 9.32e-04 1.35e-06 7.35e-05 0.143
 14   -8.797480448898e-02 -1.173909129079e-01 6.31e-04 9.30e-07 1.66e-04 0.146
 15   -9.395519343009e-02 -1.062147839728e-01 2.12e-04 3.17e-07 6.86e-05 0.149
 16   -9.601673712319e-02 -1.024255991484e-01 8.72e-05 1.31e-07 2.31e-05 0.152
 17   -9.729813416812e-02 -1.002281528253e-01 3.73e-05 5.45e-08 7.97e-06 0.154
 18   -9.782907416403e-02 -9.921417790707e-02 1.31e-05 2.37e-08 6.47e-06 0.157
 19   -9.819970869702e-02 -9.862574772240e-02 2.56e-06 2.84e-09 1.40e-06 0.160
 20   -9.833918158455e-02 -9.843270506897e-02 5.21e-07 1.78e-09 2.66e-07 0.163
 21   -9.837236281460e-02 -9.838791732122e-02 8.49e-08 1.75e-09 3.81e-08 0.165
 22   -9.837804369758e-02 -9.838030148538e-02 1.23e-08 3.75e-09 4.88e-09 0.168
 23   -9.837887941391e-02 -9.837918038867e-02 1.64e-09 2.03e-08 5.77e-10 0.171
 24   -9.837899243014e-02 -9.837902836882e-02 1.96e-10 2.06e-06 6.36e-11 0.173
 25   -9.837900615263e-02 -9.837900984563e-02 2.02e-11 4.79e-06 6.58e-12 0.176
 26   -9.837900756336e-02 -9.837900793454e-02 2.03e-12 8.78e-06 6.65e-13 0.179
 27   -9.837900770453e-02 -9.837900774289e-02 2.09e-13 2.16e-05 6.82e-14 0.181
 28   -9.837900771917e-02 -9.837900772308e-02 2.08e-14 6.63e-05 7.20e-15 0.184
 29   -9.837900772055e-02 -9.837900772125e-02 3.77e-15 1.57e-03 8.96e-16 0.187
Numerical error in objective
Primal residual -nan dual residual -nan complementarity residual -nan
Search direction computation failed
Barrier finished in 0.19 seconds
Barrier Solve status A numerical error was encountered.
Dual variables for problems with quadratic constraints not returned.
