cuOpt version: 26.10.0, git hash: 648f805d, host arch: x86_64, device archs: 80-real
CPU: AMD EPYC 7642 48-Core Processor, threads: 5C/5T, RAM usage: 40.03/503.74GiB
CPU SIMD target: AVX2
CUDA 12.9, device: NVIDIA A100 80GB PCIe (ID 0), VRAM: 79.44 GiB
CUDA device UUID: 68df5cf5-71f9-6a93-b428-460c080ffb10
Problem has 1 quadratic constraints. Converting to second-order cones and solving with barrier.
Handling 50 free variables directly in augmented system
Presolved problem: 5103 constraints 10102 variables 265152 nonzeros
Skipping Ruiz equilibration (row norm ratio 1.4, column norm ratio 1.4 < 5e4, Q coeff ratio 1.0 < 100)
Barrier solver started at 0.027 seconds
Barrier solver: 5103 constraints, 10102 variables, 265152 nonzeros


Second-order cones          : 1
Free variables              : 50
Upper bounds                : 5000
Linear system               : augmented
cuDSS Version               : 0.7.1
cuDSS Threading layer       : libcudss_mtlayer_gomp.so.0
Reordering time             : 0.053s
Symbolic factorization time : 0.023s
Symbolic nonzeros in factor : 2.79e+05
Elapsed time for augmented  : 0.110 seconds
Elapsed time           : 0.110 seconds
Barrier setup complete at 0.110 seconds
Adaptive regularization enabled


                  Objective                         Infeasibility        Time
Iter   Primal              Dual                Primal   Dual    Compl.   Elapsed
  0   -4.989985018199e-02 -2.507019876882e+03 5.00e+00 9.29e+00 1.02e+02 0.123
  1   -5.007026874736e-02 -4.804636379818e+01 8.55e-02 1.64e+00 5.56e+00 0.128
  2   -5.978796288185e-02 -1.483369049089e+00 8.55e-04 4.72e-01 1.33e-01 0.133
  3   -6.408456837464e-02 -2.690667853736e-01 1.22e-04 6.78e-02 1.94e-02 0.138
  4   -7.730882998555e-02 -2.048360955246e-01 4.02e-05 2.23e-02 5.90e-03 0.142
  5   -8.932172741857e-02 -1.228946935541e-01 9.79e-06 5.42e-03 1.44e-03 0.147
  6   -9.408119050375e-02 -1.074971103343e-01 1.65e-06 9.17e-04 1.72e-04 0.152
  7   -9.513593124044e-02 -1.045400935084e-01 9.48e-07 5.25e-04 1.49e-04 0.158
  8   -9.747895691746e-02 -1.005396775204e-01 2.82e-07 1.56e-04 4.60e-05 0.162
  9   -9.797388806066e-02 -9.941892558087e-02 8.79e-08 4.87e-05 3.37e-05 0.167
 10   -9.840078534403e-02 -9.880400300312e-02 1.99e-08 1.10e-05 7.29e-06 0.172
 11   -9.848310687802e-02 -9.866588585590e-02 5.53e-09 3.07e-06 2.67e-06 0.177
 12   -9.854964757546e-02 -9.858221149428e-02 9.64e-10 5.34e-07 4.97e-07 0.182
 13   -9.856136452019e-02 -9.856648028891e-02 8.01e-11 4.44e-08 5.27e-08 0.187
 14   -9.856347220967e-02 -9.856400103424e-02 8.24e-12 4.57e-09 5.57e-09 0.192
 15   -9.856369630110e-02 -9.856372831734e-02 2.91e-13 9.79e-11 2.05e-10 0.197
 16   -9.856371005322e-02 -9.856371252060e-02 2.16e-14 3.11e-10 1.65e-11 0.201


Optimal solution found in 16 iterations and 0.201s
Objective -9.85637101e-02
Primal infeasibility (abs/rel): 4.33e-14/2.16e-14
Dual infeasibility   (abs/rel): 3.42e-10/3.11e-10
Complementarity gap  (abs/rel): 1.81e-11/1.65e-11


Barrier finished in 0.20 seconds
Dual variables for problems with quadratic constraints not returned.
