cuOpt version: 26.10.0, git hash: 648f805d, host arch: x86_64, device archs: 80-real
CPU: AMD EPYC 7642 48-Core Processor, threads: 5C/5T, RAM usage: 40.03/503.74GiB
CPU SIMD target: AVX2
CUDA 12.9, device: NVIDIA A100 80GB PCIe (ID 0), VRAM: 79.44 GiB
CUDA device UUID: 68df5cf5-71f9-6a93-b428-460c080ffb10
Problem has 1 quadratic constraints. Converting to second-order cones and solving with barrier.
Handling 50 free variables directly in augmented system
Presolved problem: 5103 constraints 10102 variables 265152 nonzeros
Skipping Ruiz equilibration (row norm ratio 1.4, column norm ratio 1.4 < 5e4, Q coeff ratio 1.0 < 100)
Barrier solver started at 0.027 seconds
Barrier solver: 5103 constraints, 10102 variables, 265152 nonzeros


Second-order cones          : 1
Free variables              : 50
Upper bounds                : 5000
Linear system               : augmented
cuDSS Version               : 0.7.1
cuDSS Threading layer       : libcudss_mtlayer_gomp.so.0
Reordering time             : 0.053s
Symbolic factorization time : 0.023s
Symbolic nonzeros in factor : 2.79e+05
Elapsed time for augmented  : 0.111 seconds
Elapsed time           : 0.111 seconds
Barrier setup complete at 0.111 seconds
Adaptive regularization enabled


                  Objective                         Infeasibility        Time
Iter   Primal              Dual                Primal   Dual    Compl.   Elapsed
  0   -4.988647134607e-02 -2.507050471952e+03 5.00e+00 9.28e+00 1.02e+02 0.123
  1   -5.005660756002e-02 -4.780000696990e+01 8.50e-02 1.64e+00 5.55e+00 0.128
  2   -5.983504728551e-02 -1.452619874410e+00 8.50e-04 4.70e-01 1.33e-01 0.133
  3   -6.426547275481e-02 -2.764131484611e-01 1.29e-04 7.14e-02 2.03e-02 0.138
  4   -7.475127629872e-02 -2.202141143135e-01 4.92e-05 2.73e-02 7.48e-03 0.143
  5   -8.769622519844e-02 -1.274398851704e-01 1.23e-05 6.85e-03 1.86e-03 0.148
  6   -9.283143060316e-02 -1.103927528745e-01 2.06e-06 1.14e-03 2.65e-04 0.153
  7   -9.620343580349e-02 -1.031800832743e-01 7.17e-07 3.98e-04 9.39e-05 0.157
  8   -9.773348855730e-02 -1.000423647196e-01 1.14e-07 6.31e-05 1.41e-05 0.162
  9   -9.834738077135e-02 -9.912996669184e-02 3.07e-08 1.70e-05 3.77e-06 0.167
 10   -9.848454757130e-02 -9.889945662426e-02 9.70e-09 5.39e-06 3.83e-06 0.172
 11   -9.865525380605e-02 -9.868464519929e-02 6.40e-10 3.55e-07 3.86e-07 0.177
 12   -9.866769419983e-02 -9.866897584152e-02 2.79e-11 1.55e-08 1.70e-08 0.182
 13   -9.866820987057e-02 -9.866830689588e-02 2.08e-12 1.15e-09 1.26e-09 0.186
 14   -9.866824936047e-02 -9.866825494936e-02 1.17e-13 4.99e-10 5.73e-11 0.191


Optimal solution found in 14 iterations and 0.191s
Objective -9.86682494e-02
Primal infeasibility (abs/rel): 2.33e-13/1.17e-13
Dual infeasibility   (abs/rel): 5.50e-10/4.99e-10
Complementarity gap  (abs/rel): 6.30e-11/5.73e-11


Barrier finished in 0.19 seconds
Dual variables for problems with quadratic constraints not returned.
