cuOpt version: 26.10.0, git hash: 648f805d, host arch: x86_64, device archs: 80-real
CPU: AMD EPYC 7642 48-Core Processor, threads: 5C/5T, RAM usage: 40.03/503.74GiB
CPU SIMD target: AVX2
CUDA 12.9, device: NVIDIA A100 80GB PCIe (ID 0), VRAM: 79.44 GiB
CUDA device UUID: 68df5cf5-71f9-6a93-b428-460c080ffb10
Problem has 1 quadratic constraints. Converting to second-order cones and solving with barrier.
Handling 50 free variables directly in augmented system
Presolved problem: 5103 constraints 10102 variables 265152 nonzeros
Skipping Ruiz equilibration (row norm ratio 1.4, column norm ratio 1.4 < 5e4, Q coeff ratio 1.0 < 100)
Barrier solver started at 0.024 seconds
Barrier solver: 5103 constraints, 10102 variables, 265152 nonzeros


Second-order cones          : 1
Free variables              : 50
Upper bounds                : 5000
Linear system               : augmented
cuDSS Version               : 0.7.1
cuDSS Threading layer       : libcudss_mtlayer_gomp.so.0
Reordering time             : 0.061s
Symbolic factorization time : 0.024s
Symbolic nonzeros in factor : 2.79e+05
Elapsed time for augmented  : 0.117 seconds
Elapsed time           : 0.117 seconds
Barrier setup complete at 0.117 seconds
Adaptive regularization enabled


                  Objective                         Infeasibility        Time
Iter   Primal              Dual                Primal   Dual    Compl.   Elapsed
  0   -4.990231600557e-02 -2.507004013074e+03 5.00e+00 9.29e+00 1.02e+02 0.129
  1   -5.007264664812e-02 -4.783613145892e+01 8.50e-02 1.64e+00 5.56e+00 0.134
  2   -5.982974308312e-02 -1.496925329349e+00 8.50e-04 4.71e-01 1.33e-01 0.139
  3   -6.403011025812e-02 -2.649225345883e-01 1.18e-04 6.56e-02 1.87e-02 0.144
  4   -7.545595154159e-02 -2.122952175309e-01 4.86e-05 2.70e-02 7.38e-03 0.149
  5   -8.838018125416e-02 -1.258753771293e-01 1.20e-05 6.66e-03 1.81e-03 0.154
  6   -9.279582842320e-02 -1.101339627162e-01 2.32e-06 1.29e-03 3.13e-04 0.159
  7   -9.573777478890e-02 -1.034692229272e-01 9.03e-07 5.01e-04 1.46e-04 0.163
  8   -9.775893421069e-02 -9.961398831227e-02 1.22e-07 6.76e-05 1.27e-05 0.168
  9   -9.828662280005e-02 -9.877843923613e-02 2.28e-08 1.27e-05 1.76e-06 0.173
 10   -9.840215630180e-02 -9.859806019428e-02 5.65e-09 3.14e-06 1.17e-06 0.178
 11   -9.847719331946e-02 -9.850267389725e-02 6.53e-10 3.62e-07 1.64e-07 0.183
 12   -9.848701864180e-02 -9.849025209787e-02 8.24e-11 4.57e-08 2.32e-08 0.188
 13   -9.848831462657e-02 -9.848860866899e-02 7.47e-12 4.15e-09 1.94e-09 0.192
 14   -9.848843857006e-02 -9.848845154104e-02 3.29e-13 1.70e-10 5.72e-11 0.197
 15   -9.848844407654e-02 -9.848844463496e-02 1.17e-14 3.19e-10 1.53e-12 0.202


Optimal solution found in 15 iterations and 0.202s
Objective -9.84884441e-02
Primal infeasibility (abs/rel): 2.33e-14/1.17e-14
Dual infeasibility   (abs/rel): 3.52e-10/3.19e-10
Complementarity gap  (abs/rel): 1.68e-12/1.53e-12


Barrier finished in 0.20 seconds
Dual variables for problems with quadratic constraints not returned.
