cuOpt version: 26.10.0, git hash: 648f805d, host arch: x86_64, device archs: 80-real
CPU: AMD EPYC 7642 48-Core Processor, threads: 5C/5T, RAM usage: 40.03/503.74GiB
CPU SIMD target: AVX2
CUDA 12.9, device: NVIDIA A100 80GB PCIe (ID 0), VRAM: 79.44 GiB
CUDA device UUID: 68df5cf5-71f9-6a93-b428-460c080ffb10
Problem has 1 quadratic constraints. Converting to second-order cones and solving with barrier.
Handling 50 free variables directly in augmented system
Presolved problem: 5103 constraints 10102 variables 265152 nonzeros
Skipping Ruiz equilibration (row norm ratio 1.4, column norm ratio 1.4 < 5e4, Q coeff ratio 1.0 < 100)
Barrier solver started at 0.027 seconds
Barrier solver: 5103 constraints, 10102 variables, 265152 nonzeros


Second-order cones          : 1
Free variables              : 50
Upper bounds                : 5000
Linear system               : augmented
cuDSS Version               : 0.7.1
cuDSS Threading layer       : libcudss_mtlayer_gomp.so.0
Reordering time             : 0.085s
Symbolic factorization time : 0.023s
Symbolic nonzeros in factor : 2.79e+05
Elapsed time for augmented  : 0.142 seconds
Elapsed time           : 0.142 seconds
Barrier setup complete at 0.142 seconds
Adaptive regularization enabled


                  Objective                         Infeasibility        Time
Iter   Primal              Dual                Primal   Dual    Compl.   Elapsed
  0   -4.991019371599e-02 -2.507089044478e+03 5.00e+00 9.28e+00 1.02e+02 0.155
  1   -5.008061676418e-02 -4.780396010697e+01 8.50e-02 1.64e+00 5.55e+00 0.160
  2   -5.986097432318e-02 -1.484379424329e+00 8.50e-04 4.70e-01 1.33e-01 0.165
  3   -6.410916445089e-02 -2.732187055445e-01 1.24e-04 6.88e-02 1.96e-02 0.170
  4   -7.479598100526e-02 -2.173526353840e-01 4.57e-05 2.54e-02 6.99e-03 0.175
  5   -8.729571007088e-02 -1.289440237497e-01 1.21e-05 6.73e-03 1.84e-03 0.180
  6   -9.262694323237e-02 -1.101963605708e-01 1.04e-06 5.79e-04 8.51e-05 0.185
  7   -9.383370084383e-02 -1.070142858275e-01 6.35e-07 3.52e-04 1.04e-04 0.189
  8   -9.668820714404e-02 -1.021049755739e-01 2.26e-07 1.26e-04 5.08e-05 0.194
  9   -9.701377556863e-02 -1.010581845179e-01 1.19e-07 6.58e-05 8.63e-05 0.199
 10   -9.819669385611e-02 -9.924320762264e-02 8.40e-09 4.66e-06 1.15e-05 0.204
 11   -9.853858995965e-02 -9.881684750730e-02 2.17e-09 1.20e-06 3.14e-06 0.209
 12   -9.864006127709e-02 -9.869039809363e-02 3.68e-10 2.04e-07 5.05e-07 0.214
 13   -9.866069280132e-02 -9.866483992614e-02 2.96e-11 1.64e-08 3.28e-08 0.218
 14   -9.866247866662e-02 -9.866263027576e-02 1.08e-12 5.94e-10 6.43e-10 0.223
 15   -9.866253989405e-02 -9.866255535572e-02 1.10e-13 1.23e-09 5.92e-11 0.228
 16   -9.866254598775e-02 -9.866254798438e-02 1.17e-14 1.39e-10 6.40e-12 0.233


Optimal solution found in 16 iterations and 0.233s
Objective -9.86625460e-02
Primal infeasibility (abs/rel): 2.34e-14/1.17e-14
Dual infeasibility   (abs/rel): 1.54e-10/1.39e-10
Complementarity gap  (abs/rel): 7.03e-12/6.40e-12


Barrier finished in 0.24 seconds
Dual variables for problems with quadratic constraints not returned.
