cuOpt version: 26.10.0, git hash: 648f805d, host arch: x86_64, device archs: 80-real
CPU: AMD EPYC 7642 48-Core Processor, threads: 5C/5T, RAM usage: 39.27/503.74GiB
CPU SIMD target: AVX2
CUDA 12.9, device: NVIDIA A100 80GB PCIe (ID 0), VRAM: 79.44 GiB
CUDA device UUID: 68df5cf5-71f9-6a93-b428-460c080ffb10
Problem has 1 quadratic constraints. Converting to second-order cones and solving with barrier.
Barrier: reusing cache (skip convert/presolve/scaling)
Barrier solver started at 0.000 seconds
Barrier solver: 5103 constraints, 10102 variables, 265152 nonzeros
Barrier setup complete at 0.000 seconds
Adaptive regularization enabled


                  Objective                         Infeasibility        Time
Iter   Primal              Dual                Primal   Dual    Compl.   Elapsed
  0   -3.701605598740e+02 -3.710234169387e+02 3.71e+03 1.91e+00 1.19e-02 0.001
  1   -4.135545914633e+00 -3.474447710337e+02 4.01e+01 2.77e-01 6.50e-02 0.006
  2   -1.039314354667e-01 -2.487032419842e+01 4.69e-01 7.85e-03 4.78e-03 0.010
  3   -5.492443562267e-02 -6.426587253964e-01 4.69e-03 7.91e-05 1.48e-04 0.014
  4   -5.851219322875e-02 -1.359803005430e-01 6.17e-04 1.04e-05 1.73e-05 0.018
  5   -6.701674706026e-02 -1.381479919775e-01 4.94e-04 8.32e-06 2.86e-05 0.022
  6   -6.855034187648e-02 -1.384591743166e-01 4.55e-04 7.67e-06 3.48e-05 0.026
  7   -8.223283397648e-02 -1.232138715889e-01 2.32e-04 3.91e-06 6.24e-05 0.030
  8   -8.247985948837e-02 -1.229731316109e-01 2.12e-04 3.58e-06 7.15e-05 0.034
  9   -8.394188441806e-02 -1.219999915326e-01 1.71e-04 2.88e-06 1.86e-04 0.038
 10   -8.656543009192e-02 -1.187876949904e-01 8.89e-05 1.50e-06 1.36e-04 0.042
 11   -8.752280906972e-02 -1.157166532632e-01 5.91e-05 9.96e-07 3.81e-04 0.046
 12   -9.538116513602e-02 -1.035671040874e-01 1.38e-05 2.32e-07 9.05e-05 0.050
 13   -9.693239991386e-02 -1.009797204147e-01 5.48e-06 9.23e-08 3.36e-05 0.054
 14   -9.753155697644e-02 -9.982634210258e-02 2.09e-06 3.52e-08 3.57e-05 0.058
 15   -9.826410096133e-02 -9.884487892110e-02 4.45e-07 7.49e-09 7.54e-06 0.063
 16   -9.843129993314e-02 -9.860972315466e-02 1.18e-07 1.99e-09 3.54e-06 0.067
 17   -9.850553286872e-02 -9.851127265783e-02 3.64e-09 6.12e-11 6.01e-08 0.071
 18   -9.850780922757e-02 -9.850829525551e-02 3.02e-10 5.06e-12 2.84e-09 0.075
 19   -9.850798111267e-02 -9.850806855912e-02 5.15e-11 2.32e-08 3.51e-10 0.078
 20   -9.850801419181e-02 -9.850802518817e-02 4.77e-12 2.57e-07 3.21e-11 0.081
 21   -9.850801823285e-02 -9.850802006816e-02 9.03e-13 1.75e-05 3.66e-12 0.084
 22   -9.850801892488e-02 -9.850801921463e-02 1.12e-13 2.17e-06 6.49e-13 0.088
 23   -9.850801902137e-02 -9.850801910158e-02 1.77e-13 1.70e-04 1.65e-13 0.092
 24   -9.850801904838e-02 -9.850801906639e-02 3.57e-14 9.05e-04 2.53e-14 0.095
 25   -9.850801905481e-02 -9.850801905909e-02 3.71e-14 2.22e-03 6.05e-15 0.098
Numerical error in objective
Restoring previous solution


Suboptimal solution found in 26 iterations and 0.10 seconds
Objective -9.85078092e-02
Primal infeasibility (abs/rel): 6.04e-10/3.02e-10
Dual infeasibility   (abs/rel): 5.57e-12/5.06e-12
Complementarity gap  (abs/rel): 3.12e-09/2.84e-09


Barrier finished in 0.10 seconds
Dual variables for problems with quadratic constraints not returned.
