cuOpt version: 26.10.0, git hash: 648f805d, host arch: x86_64, device archs: 80-real
CPU: AMD EPYC 7642 48-Core Processor, threads: 5C/5T, RAM usage: 39.17/503.74GiB
CPU SIMD target: AVX2
CUDA 12.9, device: NVIDIA A100 80GB PCIe (ID 0), VRAM: 79.44 GiB
CUDA device UUID: 68df5cf5-71f9-6a93-b428-460c080ffb10
Problem has 1 quadratic constraints. Converting to second-order cones and solving with barrier.
Barrier: reusing cache (skip convert/presolve/scaling)
Barrier solver started at 0.000 seconds
Barrier solver: 5103 constraints, 10102 variables, 265152 nonzeros
Barrier setup complete at 0.000 seconds
Adaptive regularization enabled


                  Objective                         Infeasibility        Time
Iter   Primal              Dual                Primal   Dual    Compl.   Elapsed
  0   -3.702509737108e+02 -3.710937010099e+02 3.71e+03 1.91e+00 1.19e-02 0.001
  1   -4.136273551275e+00 -3.475151614423e+02 4.01e+01 2.77e-01 6.50e-02 0.005
  2   -1.039317309374e-01 -2.487809478481e+01 4.69e-01 7.85e-03 4.78e-03 0.010
  3   -5.492858368113e-02 -6.426990422251e-01 4.69e-03 7.91e-05 1.48e-04 0.014
  4   -5.851315182353e-02 -1.366086835744e-01 6.22e-04 1.05e-05 1.74e-05 0.018
  5   -6.838223229977e-02 -1.390882897041e-01 4.75e-04 8.01e-06 3.90e-05 0.022
  6   -6.889375944989e-02 -1.392058504758e-01 4.61e-04 7.77e-06 4.13e-05 0.026
  7   -7.975791831947e-02 -1.309113998036e-01 2.43e-04 4.10e-06 1.01e-04 0.030
  8   -7.980229726817e-02 -1.306485102202e-01 2.26e-04 3.81e-06 2.65e-04 0.035
  9   -8.971816263894e-02 -1.146065049478e-01 6.32e-05 1.07e-06 2.28e-04 0.039
 10   -9.597467653843e-02 -1.029561652638e-01 1.59e-05 2.68e-07 4.93e-05 0.043
 11   -9.743912286873e-02 -1.006252769761e-01 6.14e-06 1.03e-07 1.11e-05 0.047
 12   -9.773434273060e-02 -9.994009657321e-02 2.94e-06 4.96e-08 2.50e-05 0.051
 13   -9.823232381671e-02 -9.925642921737e-02 9.33e-07 1.57e-08 9.49e-06 0.055
 14   -9.847053053065e-02 -9.892513052464e-02 3.52e-07 5.93e-09 8.06e-06 0.060
 15   -9.865602171399e-02 -9.868376515265e-02 2.08e-08 1.00e-09 3.92e-07 0.063
 16   -9.866785252326e-02 -9.866877001590e-02 6.85e-10 4.30e-10 6.06e-09 0.067
 17   -9.866820099893e-02 -9.866831873522e-02 8.61e-11 1.21e-09 6.55e-10 0.070
 18   -9.866824357709e-02 -9.866826218469e-02 1.12e-11 2.16e-07 6.03e-11 0.073
 19   -9.866825145706e-02 -9.866825230560e-02 4.85e-13 1.76e-06 6.39e-12 0.076
 20   -9.866825181756e-02 -9.866825184974e-02 2.25e-14 2.07e-07 2.46e-13 0.080
 21   -9.866825183139e-02 -9.866825183308e-02 1.25e-15 1.05e-08 1.35e-14 0.084
 22   -9.866825183177e-02 -9.866825183250e-02 4.22e-15 8.68e-04 4.69e-15 0.087
Numerical error in objective
Restoring previous solution


Suboptimal solution found in 23 iterations and 0.09 seconds
Objective -9.86678525e-02
Primal infeasibility (abs/rel): 1.37e-09/6.85e-10
Dual infeasibility   (abs/rel): 4.74e-10/4.30e-10
Complementarity gap  (abs/rel): 6.66e-09/6.06e-09


Barrier finished in 0.09 seconds
Dual variables for problems with quadratic constraints not returned.
