cuOpt version: 26.10.0, git hash: 648f805d, host arch: x86_64, device archs: 80-real
CPU: AMD EPYC 7642 48-Core Processor, threads: 5C/5T, RAM usage: 39.36/503.74GiB
CPU SIMD target: AVX2
CUDA 12.9, device: NVIDIA A100 80GB PCIe (ID 0), VRAM: 79.44 GiB
CUDA device UUID: 68df5cf5-71f9-6a93-b428-460c080ffb10
Problem has 1 quadratic constraints. Converting to second-order cones and solving with barrier.
Barrier: reusing cache (skip convert/presolve/scaling)
Barrier solver started at 0.000 seconds
Barrier solver: 5103 constraints, 10102 variables, 265152 nonzeros
Barrier setup complete at 0.000 seconds
Adaptive regularization enabled


                  Objective                         Infeasibility        Time
Iter   Primal              Dual                Primal   Dual    Compl.   Elapsed
  0   -3.704296579021e+02 -3.711143874095e+02 3.71e+03 1.91e+00 1.19e-02 0.001
  1   -4.138892424295e+00 -3.475359915702e+02 4.01e+01 2.77e-01 6.50e-02 0.005
  2   -1.039998756227e-01 -2.488607216942e+01 4.69e-01 7.85e-03 4.78e-03 0.010
  3   -5.495597875825e-02 -6.429558222553e-01 4.69e-03 7.91e-05 1.48e-04 0.014
  4   -5.854647543584e-02 -1.362808304949e-01 6.19e-04 1.04e-05 1.74e-05 0.018
  5   -6.679140203931e-02 -1.385929045531e-01 5.02e-04 8.46e-06 2.70e-05 0.022
  6   -6.794021312731e-02 -1.389116930282e-01 4.73e-04 7.97e-06 3.50e-05 0.026
  7   -8.102227730281e-02 -1.263519063636e-01 2.52e-04 4.25e-06 8.00e-05 0.030
  8   -8.117573337162e-02 -1.261420568992e-01 2.34e-04 3.94e-06 1.12e-04 0.034
  9   -8.463956014483e-02 -1.227986553826e-01 1.51e-04 2.54e-06 2.91e-04 0.038
 10   -8.541318957406e-02 -1.201658818436e-01 1.11e-04 1.87e-06 4.88e-04 0.042
 11   -9.365681281091e-02 -1.075881499401e-01 3.94e-05 6.63e-07 1.40e-04 0.046
 12   -9.411708844673e-02 -1.061242773972e-01 2.78e-05 4.68e-07 1.95e-04 0.050
 13   -9.711606163362e-02 -1.015147601740e-01 9.14e-06 1.54e-07 7.16e-05 0.054
 14   -9.773013231736e-02 -1.003112742264e-01 3.87e-06 6.52e-08 4.83e-05 0.058
 15   -9.846033084162e-02 -9.934188878606e-02 1.18e-06 1.99e-08 1.41e-05 0.062
 16   -9.865720118385e-02 -9.903619855233e-02 3.59e-07 6.04e-09 7.42e-06 0.066
 17   -9.878514016422e-02 -9.887517606872e-02 8.20e-08 1.63e-08 1.78e-06 0.070
 18   -9.881244765085e-02 -9.883698553554e-02 1.25e-08 2.48e-09 3.38e-07 0.074
 19   -9.882182190455e-02 -9.882589442895e-02 2.04e-09 4.05e-10 5.70e-08 0.078
 20   -9.882347557480e-02 -9.882384337015e-02 8.91e-11 1.37e-10 2.98e-09 0.082
 21   -9.882363205741e-02 -9.882366422297e-02 8.38e-12 1.00e-08 2.66e-10 0.085
 22   -9.882364630931e-02 -9.882364796614e-02 5.04e-12 1.54e-10 1.27e-11 0.088


Optimal solution found in 22 iterations and 0.088s
Objective -9.88236463e-02
Primal infeasibility (abs/rel): 1.01e-11/5.04e-12
Dual infeasibility   (abs/rel): 1.69e-10/1.54e-10
Complementarity gap  (abs/rel): 1.40e-11/1.27e-11


Barrier finished in 0.09 seconds
Dual variables for problems with quadratic constraints not returned.
