cuOpt version: 26.10.0, git hash: 648f805d, host arch: x86_64, device archs: 80-real
CPU: AMD EPYC 7642 48-Core Processor, threads: 5C/5T, RAM usage: 39.23/503.74GiB
CPU SIMD target: AVX2
CUDA 12.9, device: NVIDIA A100 80GB PCIe (ID 0), VRAM: 79.44 GiB
CUDA device UUID: 68df5cf5-71f9-6a93-b428-460c080ffb10
Problem has 1 quadratic constraints. Converting to second-order cones and solving with barrier.
Barrier: reusing cache (skip convert/presolve/scaling)
Barrier solver started at 0.000 seconds
Barrier solver: 5103 constraints, 10102 variables, 265152 nonzeros
Barrier setup complete at 0.000 seconds
Adaptive regularization enabled


                  Objective                         Infeasibility        Time
Iter   Primal              Dual                Primal   Dual    Compl.   Elapsed
  0   -3.702624119443e+02 -3.710387458059e+02 3.71e+03 1.91e+00 1.19e-02 0.001
  1   -4.136636484816e+00 -3.474601645164e+02 4.01e+01 2.77e-01 6.50e-02 0.006
  2   -1.039518362250e-01 -2.487140678162e+01 4.69e-01 7.85e-03 4.78e-03 0.011
  3   -5.493965881653e-02 -6.425639186519e-01 4.69e-03 7.91e-05 1.48e-04 0.015
  4   -5.853205540324e-02 -1.359055184448e-01 6.17e-04 1.04e-05 1.72e-05 0.019
  5   -6.752262786747e-02 -1.382889562872e-01 4.87e-04 8.20e-06 3.00e-05 0.023
  6   -6.909308643568e-02 -1.385283236874e-01 4.47e-04 7.53e-06 4.23e-05 0.027
  7   -8.140921927841e-02 -1.243462474299e-01 2.48e-04 4.17e-06 7.51e-05 0.031
  8   -8.155823316065e-02 -1.241861441282e-01 2.32e-04 3.91e-06 7.37e-05 0.035
  9   -8.323126963446e-02 -1.230408469652e-01 1.85e-04 3.12e-06 2.17e-04 0.039
 10   -8.338538497803e-02 -1.218653039091e-01 1.59e-04 2.67e-06 3.59e-04 0.043
 11   -9.171618070843e-02 -1.095585692971e-01 6.76e-05 1.14e-06 1.14e-04 0.047
 12   -9.235011134273e-02 -1.081514278745e-01 5.23e-05 8.80e-07 1.34e-04 0.051
 13   -9.592592086678e-02 -1.025477573989e-01 1.90e-05 3.20e-07 6.40e-05 0.055
 14   -9.614587792503e-02 -1.018815097166e-01 1.36e-05 2.30e-07 7.67e-05 0.060
 15   -9.733930749975e-02 -1.002250476730e-01 6.13e-06 1.03e-07 3.37e-05 0.064
 16   -9.760406295606e-02 -9.973276994525e-02 3.64e-06 6.13e-08 3.20e-05 0.068
 17   -9.812132999117e-02 -9.901382362368e-02 1.31e-06 2.21e-08 1.27e-05 0.072
 18   -9.826862873636e-02 -9.878522846091e-02 5.79e-07 9.75e-09 8.12e-06 0.076
 19   -9.842353017292e-02 -9.858376695479e-02 1.54e-07 2.59e-09 2.46e-06 0.080
 20   -9.847368280658e-02 -9.851646351089e-02 2.95e-08 4.97e-10 6.70e-07 0.084
 21   -9.848854670749e-02 -9.849837491022e-02 6.39e-09 1.08e-10 1.53e-07 0.088
 22   -9.849231479281e-02 -9.849359139406e-02 5.64e-10 9.65e-12 1.53e-08 0.092
 23   -9.849280612921e-02 -9.849300661226e-02 8.87e-11 6.67e-09 2.50e-09 0.096
 24   -9.849289147194e-02 -9.849290442943e-02 5.72e-12 4.01e-08 1.61e-10 0.099
 25   -9.849289720622e-02 -9.849289749596e-02 4.55e-13 1.61e-06 3.63e-12 0.106
 26   -9.849289732642e-02 -9.849289734231e-02 7.65e-14 3.49e-05 2.13e-13 0.109
 27   -9.849289733261e-02 -9.849289733301e-02 5.00e-15 1.73e-04 6.29e-15 0.113
 28   -9.849289733279e-02 -9.849289733273e-02 2.66e-15 3.11e-03 7.80e-16 0.116
Numerical error in objective
Restoring previous solution


Suboptimal solution found in 29 iterations and 0.12 seconds
Objective -9.84928061e-02
Primal infeasibility (abs/rel): 1.77e-10/8.87e-11
Dual infeasibility   (abs/rel): 7.35e-09/6.67e-09
Complementarity gap  (abs/rel): 2.74e-09/2.50e-09


Barrier finished in 0.12 seconds
Dual variables for problems with quadratic constraints not returned.
