cuOpt version: 26.10.0, git hash: 648f805d, host arch: x86_64, device archs: 80-real
CPU: AMD EPYC 7642 48-Core Processor, threads: 5C/5T, RAM usage: 39.36/503.74GiB
CPU SIMD target: AVX2
CUDA 12.9, device: NVIDIA A100 80GB PCIe (ID 0), VRAM: 79.44 GiB
CUDA device UUID: 68df5cf5-71f9-6a93-b428-460c080ffb10
Problem has 1 quadratic constraints. Converting to second-order cones and solving with barrier.
Barrier: reusing cache (skip convert/presolve/scaling)
Barrier solver started at 0.000 seconds
Barrier solver: 5103 constraints, 10102 variables, 265152 nonzeros
Barrier setup complete at 0.000 seconds
Adaptive regularization enabled


                  Objective                         Infeasibility        Time
Iter   Primal              Dual                Primal   Dual    Compl.   Elapsed
  0   -3.704291987375e+02 -3.711395609108e+02 3.71e+03 1.91e+00 1.19e-02 0.001
  1   -4.138240121015e+00 -3.475611537449e+02 4.01e+01 2.77e-01 6.50e-02 0.005
  2   -1.039773673472e-01 -2.488455848350e+01 4.69e-01 7.85e-03 4.78e-03 0.010
  3   -5.495207890613e-02 -6.428341782400e-01 4.69e-03 7.91e-05 1.48e-04 0.014
  4   -5.854039328334e-02 -1.366925924249e-01 6.23e-04 1.05e-05 1.75e-05 0.018
  5   -6.604986175883e-02 -1.385362852789e-01 5.11e-04 8.60e-06 2.69e-05 0.022
  6   -6.790324127449e-02 -1.389601490282e-01 4.66e-04 7.86e-06 2.96e-05 0.026
  7   -8.303250566978e-02 -1.229863554049e-01 2.19e-04 3.69e-06 5.72e-05 0.031
  8   -8.344811563860e-02 -1.225112634358e-01 1.93e-04 3.25e-06 6.87e-05 0.035
  9   -8.415635941930e-02 -1.222342535584e-01 1.72e-04 2.89e-06 1.24e-04 0.039
 10   -8.638236896444e-02 -1.192144838639e-01 1.32e-04 2.23e-06 9.51e-05 0.043
 11   -8.613025303281e-02 -1.187881788903e-01 1.26e-04 2.13e-06 1.56e-04 0.048
 12   -9.211930477876e-02 -1.096231833496e-01 6.17e-05 1.04e-06 6.89e-05 0.052
 13   -9.284615387859e-02 -1.081499281618e-01 4.70e-05 7.93e-07 9.81e-05 0.056
 14   -9.588080971389e-02 -1.034061708085e-01 2.05e-05 3.45e-07 5.26e-05 0.060
 15   -9.595684879854e-02 -1.029402331656e-01 1.65e-05 2.78e-07 7.05e-05 0.065
 16   -9.732801158412e-02 -1.009842554001e-01 7.98e-06 1.34e-07 3.47e-05 0.069
 17   -9.754840403459e-02 -1.005084449354e-01 5.34e-06 8.99e-08 4.06e-05 0.073
 18   -9.817799277025e-02 -9.960430793731e-02 2.26e-06 3.81e-08 1.83e-05 0.077
 19   -9.831848790269e-02 -9.934775082598e-02 1.27e-06 2.14e-08 1.50e-05 0.082
 20   -9.860291107821e-02 -9.895835407692e-02 3.52e-07 5.94e-09 5.17e-06 0.086
 21   -9.870326569286e-02 -9.881808544844e-02 8.23e-08 1.39e-09 1.90e-06 0.090
 22   -9.874350000123e-02 -9.876857081697e-02 1.72e-08 1.21e-08 4.21e-07 0.093
 23   -9.875294215658e-02 -9.875621655071e-02 1.23e-09 8.63e-10 4.02e-08 0.098
 24   -9.875428640979e-02 -9.875464779256e-02 1.35e-10 7.15e-09 4.49e-09 0.101
 25   -9.875443519364e-02 -9.875446686138e-02 4.24e-11 3.42e-08 3.09e-10 0.104
 26   -9.875444820197e-02 -9.875445030149e-02 2.93e-12 1.45e-06 1.80e-11 0.107
 27   -9.875444899058e-02 -9.875444930584e-02 3.49e-13 6.02e-06 2.72e-12 0.110
 28   -9.875444912218e-02 -9.875444914117e-02 3.52e-14 1.55e-05 1.24e-13 0.113
 29   -9.875444913030e-02 -9.875444913193e-02 2.80e-14 5.69e-04 7.32e-15 0.117
 30   -9.875444913068e-02 -9.875444913172e-02 2.07e-14 4.56e-04 3.49e-15 0.120
 31   -9.875444913140e-02 -9.875444913148e-02 2.39e-15 4.63e-03 1.30e-17 0.123
Numerical error in objective
Restoring previous solution


Suboptimal solution found in 32 iterations and 0.13 seconds
Objective -9.87542864e-02
Primal infeasibility (abs/rel): 2.71e-10/1.35e-10
Dual infeasibility   (abs/rel): 7.88e-09/7.15e-09
Complementarity gap  (abs/rel): 4.93e-09/4.49e-09


Barrier finished in 0.13 seconds
Dual variables for problems with quadratic constraints not returned.
