cuOpt version: 26.10.0, git hash: 648f805d, host arch: x86_64, device archs: 80-real
CPU: AMD EPYC 7642 48-Core Processor, threads: 5C/5T, RAM usage: 39.10/503.74GiB
CPU SIMD target: AVX2
CUDA 12.9, device: NVIDIA A100 80GB PCIe (ID 0), VRAM: 79.44 GiB
CUDA device UUID: 68df5cf5-71f9-6a93-b428-460c080ffb10
Problem has 1 quadratic constraints. Converting to second-order cones and solving with barrier.
Barrier: reusing cache (skip convert/presolve/scaling)
Barrier solver started at 0.000 seconds
Barrier solver: 5103 constraints, 10102 variables, 265152 nonzeros
Barrier setup complete at 0.000 seconds
Adaptive regularization enabled


                  Objective                         Infeasibility        Time
Iter   Primal              Dual                Primal   Dual    Compl.   Elapsed
  0   -3.704490508896e+02 -3.710981922775e+02 3.71e+03 1.91e+00 1.19e-02 0.001
  1   -4.138703882017e+00 -3.475197441600e+02 4.01e+01 2.77e-01 6.50e-02 0.005
  2   -1.040077714720e-01 -2.488126401411e+01 4.69e-01 7.85e-03 4.78e-03 0.010
  3   -5.496009159231e-02 -6.429579754472e-01 4.69e-03 7.91e-05 1.48e-04 0.014
  4   -5.855201084762e-02 -1.359300793147e-01 6.17e-04 1.04e-05 1.72e-05 0.018
  5   -6.551675309864e-02 -1.377706752967e-01 5.18e-04 8.72e-06 2.04e-05 0.022
  6   -6.699932395419e-02 -1.382652692977e-01 4.83e-04 8.13e-06 2.72e-05 0.026
  7   -8.162897708727e-02 -1.249450474797e-01 2.43e-04 4.10e-06 7.09e-05 0.030
  8   -8.180531797924e-02 -1.245931779988e-01 2.22e-04 3.73e-06 1.19e-04 0.034
  9   -8.341023217298e-02 -1.237503075342e-01 1.77e-04 2.99e-06 2.86e-04 0.039
 10   -8.547850339811e-02 -1.209211741237e-01 1.01e-04 1.70e-06 2.64e-04 0.043
 11   -8.804419475105e-02 -1.151441554827e-01 5.31e-05 8.94e-07 4.51e-04 0.047
 12   -9.516379669342e-02 -1.038271709436e-01 1.31e-05 2.20e-07 1.16e-04 0.051
 13   -9.699352568293e-02 -1.008567470474e-01 4.62e-06 7.79e-08 3.36e-05 0.055
 14   -9.759936579236e-02 -9.965874687136e-02 1.54e-06 2.59e-08 3.72e-05 0.059
 15   -9.828623767174e-02 -9.873929994240e-02 3.11e-07 5.25e-09 7.79e-06 0.063
 16   -9.842334384890e-02 -9.853996736258e-02 6.38e-08 1.08e-09 2.36e-06 0.067
 17   -9.846598255561e-02 -9.848542709650e-02 1.05e-08 1.77e-10 3.91e-07 0.071
 18   -9.847269085948e-02 -9.847593833572e-02 8.62e-10 1.45e-11 3.58e-08 0.075
 19   -9.847405092682e-02 -9.847432725961e-02 7.30e-11 1.03e-08 3.07e-09 0.078
 20   -9.847416825864e-02 -9.847418317886e-02 3.11e-11 5.54e-09 8.59e-11 0.081
 21   -9.847417542868e-02 -9.847417582991e-02 2.90e-13 1.01e-06 2.35e-12 0.085
 22   -9.847417560941e-02 -9.847417563223e-02 6.75e-14 5.15e-05 1.47e-13 0.088
 23   -9.847417561875e-02 -9.847417561935e-02 1.28e-15 8.89e-07 3.49e-15 0.092
 24   -9.847417561894e-02 -9.847417561911e-02 6.94e-16 1.73e-03 1.28e-15 0.095
 25   -9.847417561901e-02 -9.847417561902e-02 1.39e-16 1.79e-05 1.43e-17 0.099
Numerical error in objective
Restoring previous solution


Suboptimal solution found in 26 iterations and 0.10 seconds
Objective -9.84741683e-02
Primal infeasibility (abs/rel): 6.21e-11/3.11e-11
Dual infeasibility   (abs/rel): 6.11e-09/5.54e-09
Complementarity gap  (abs/rel): 9.43e-11/8.59e-11


Barrier finished in 0.10 seconds
Dual variables for problems with quadratic constraints not returned.
