cuOpt version: 26.10.0, git hash: 648f805d, host arch: x86_64, device archs: 80-real
CPU: AMD EPYC 7642 48-Core Processor, threads: 5C/5T, RAM usage: 39.27/503.74GiB
CPU SIMD target: AVX2
CUDA 12.9, device: NVIDIA A100 80GB PCIe (ID 0), VRAM: 79.44 GiB
CUDA device UUID: 68df5cf5-71f9-6a93-b428-460c080ffb10
Problem has 1 quadratic constraints. Converting to second-order cones and solving with barrier.
Barrier: reusing cache (skip convert/presolve/scaling)
Barrier solver started at 0.000 seconds
Barrier solver: 5103 constraints, 10102 variables, 265152 nonzeros
Barrier setup complete at 0.000 seconds
Adaptive regularization enabled


                  Objective                         Infeasibility        Time
Iter   Primal              Dual                Primal   Dual    Compl.   Elapsed
  0   -3.704340093575e+02 -3.710959393425e+02 3.71e+03 1.91e+00 1.19e-02 0.001
  1   -4.137998343196e+00 -3.475174945368e+02 4.01e+01 2.77e-01 6.50e-02 0.005
  2   -1.040026843868e-01 -2.487628134973e+01 4.69e-01 7.85e-03 4.78e-03 0.010
  3   -5.496235280700e-02 -6.427807953905e-01 4.69e-03 7.91e-05 1.48e-04 0.014
  4   -5.856089445158e-02 -1.359195234607e-01 6.17e-04 1.04e-05 1.72e-05 0.018
  5   -6.659170649761e-02 -1.380598273704e-01 5.02e-04 8.45e-06 2.55e-05 0.022
  6   -6.814658537654e-02 -1.384347572845e-01 4.64e-04 7.81e-06 3.21e-05 0.026
  7   -8.145174423388e-02 -1.248840331141e-01 2.46e-04 4.14e-06 6.80e-05 0.030
  8   -8.163161835675e-02 -1.246568626223e-01 2.28e-04 3.84e-06 7.92e-05 0.034
  9   -8.366657308071e-02 -1.232304571018e-01 1.73e-04 2.91e-06 2.39e-04 0.038
 10   -8.319594535645e-02 -1.225994190172e-01 1.60e-04 2.70e-06 4.86e-04 0.042
 11   -8.610209399288e-02 -1.183600604099e-01 1.18e-04 1.99e-06 4.64e-04 0.046
 12   -9.418075787076e-02 -1.056816827277e-01 2.71e-05 4.57e-07 6.09e-05 0.050
 13   -9.574081751635e-02 -1.027946701397e-01 1.32e-05 2.23e-07 6.75e-05 0.054
 14   -9.753736006084e-02 -1.001313453456e-01 4.19e-06 7.06e-08 2.04e-05 0.059
 15   -9.786762021416e-02 -9.951267778897e-02 1.96e-06 3.31e-08 2.98e-05 0.063
 16   -9.845906348343e-02 -9.867937412534e-02 2.53e-07 6.08e-09 2.94e-06 0.066
 17   -9.854298818271e-02 -9.856749579077e-02 2.55e-08 1.88e-09 2.07e-07 0.070
 18   -9.855153747143e-02 -9.855567227337e-02 3.83e-09 2.43e-09 3.74e-08 0.073
 19   -9.855323800357e-02 -9.855344286397e-02 1.90e-10 2.65e-09 1.31e-09 0.077
 20   -9.855332077695e-02 -9.855333541888e-02 1.32e-11 1.42e-07 5.09e-11 0.080
 21   -9.855332593498e-02 -9.855332857527e-02 1.98e-12 2.22e-05 9.72e-12 0.083
 22   -9.855332691283e-02 -9.855332733477e-02 2.70e-13 1.59e-05 1.38e-12 0.086
 23   -9.855332704069e-02 -9.855332717471e-02 1.66e-13 3.99e-04 3.42e-13 0.089
 24   -9.855332709675e-02 -9.855332710308e-02 3.55e-15 3.24e-05 1.34e-14 0.093
 25   -9.855332709880e-02 -9.855332710029e-02 7.44e-15 2.88e-03 9.34e-16 0.096
Numerical error in objective
Restoring previous solution


Suboptimal solution found in 26 iterations and 0.10 seconds
Objective -9.85532380e-02
Primal infeasibility (abs/rel): 3.80e-10/1.90e-10
Dual infeasibility   (abs/rel): 2.92e-09/2.65e-09
Complementarity gap  (abs/rel): 1.44e-09/1.31e-09


Barrier finished in 0.10 seconds
Dual variables for problems with quadratic constraints not returned.
