cuOpt version: 26.10.0, git hash: 648f805d, host arch: x86_64, device archs: 80-real
CPU: AMD EPYC 7642 48-Core Processor, threads: 5C/5T, RAM usage: 39.31/503.74GiB
CPU SIMD target: AVX2
CUDA 12.9, device: NVIDIA A100 80GB PCIe (ID 0), VRAM: 79.44 GiB
CUDA device UUID: 68df5cf5-71f9-6a93-b428-460c080ffb10
Problem has 1 quadratic constraints. Converting to second-order cones and solving with barrier.
Barrier: reusing cache (skip convert/presolve/scaling)
Barrier solver started at 0.000 seconds
Barrier solver: 5103 constraints, 10102 variables, 265152 nonzeros
Barrier setup complete at 0.000 seconds
Adaptive regularization enabled


                  Objective                         Infeasibility        Time
Iter   Primal              Dual                Primal   Dual    Compl.   Elapsed
  0   -3.704472534989e+02 -3.711214143411e+02 3.71e+03 1.91e+00 1.19e-02 0.001
  1   -4.139241786382e+00 -3.475430561425e+02 4.01e+01 2.77e-01 6.50e-02 0.005
  2   -1.040141421008e-01 -2.488853327147e+01 4.69e-01 7.85e-03 4.78e-03 0.009
  3   -5.495990767093e-02 -6.430541095391e-01 4.69e-03 7.91e-05 1.48e-04 0.014
  4   -5.854949324266e-02 -1.367065253612e-01 6.23e-04 1.05e-05 1.74e-05 0.018
  5   -6.684370813644e-02 -1.389240273750e-01 5.00e-04 8.41e-06 2.91e-05 0.022
  6   -6.858413485605e-02 -1.392430844190e-01 4.57e-04 7.69e-06 4.63e-05 0.026
  7   -8.184716015567e-02 -1.245071664047e-01 2.41e-04 4.06e-06 9.35e-05 0.030
  8   -8.205645797250e-02 -1.242795746449e-01 2.24e-04 3.77e-06 8.66e-05 0.034
  9   -8.329145860509e-02 -1.236155515514e-01 1.89e-04 3.18e-06 1.67e-04 0.038
 10   -8.579134823065e-02 -1.208127935066e-01 1.15e-04 1.94e-06 1.18e-04 0.042
 11   -8.609940969849e-02 -1.189970700259e-01 9.07e-05 1.53e-06 3.15e-04 0.046
 12   -9.366883962219e-02 -1.069255555834e-01 3.32e-05 5.59e-07 9.09e-05 0.050
 13   -9.465891758096e-02 -1.050848396664e-01 2.22e-05 3.74e-07 9.99e-05 0.054
 14   -9.514527531193e-02 -1.042612050076e-01 1.75e-05 2.94e-07 1.08e-04 0.059
 15   -9.670996270332e-02 -1.019018785470e-01 8.91e-06 1.50e-07 5.45e-05 0.063
 16   -9.685677149501e-02 -1.014431212590e-01 6.62e-06 1.12e-07 5.95e-05 0.067
 17   -9.786802960961e-02 -9.994565136260e-02 2.48e-06 4.17e-08 2.48e-05 0.071
 18   -9.810392740748e-02 -9.953523005074e-02 1.36e-06 2.28e-08 2.14e-05 0.076
 19   -9.848035693235e-02 -9.901769733281e-02 4.20e-07 7.07e-09 7.64e-06 0.080
 20   -9.859700037235e-02 -9.884889380791e-02 1.51e-07 2.54e-09 4.07e-06 0.084
 21   -9.867518633495e-02 -9.874976122109e-02 3.96e-08 6.67e-10 1.17e-06 0.088
 22   -9.870100290829e-02 -9.871576684429e-02 5.26e-09 8.86e-11 2.18e-07 0.092
 23   -9.870640718404e-02 -9.870930603541e-02 9.94e-10 1.67e-11 4.31e-08 0.096
 24   -9.870752162841e-02 -9.870791781221e-02 1.04e-10 3.93e-09 4.80e-09 0.100
 25   -9.870768873972e-02 -9.870771718030e-02 7.47e-12 7.41e-08 3.40e-10 0.103
 26   -9.870770117909e-02 -9.870770235248e-02 8.67e-13 3.35e-06 1.24e-11 0.106
 27   -9.870770168664e-02 -9.870770178571e-02 1.64e-13 2.49e-05 8.57e-13 0.109
 28   -9.870770173345e-02 -9.870770173659e-02 1.78e-14 2.92e-04 1.73e-14 0.112
 29   -9.870770173451e-02 -9.870770173549e-02 1.35e-14 1.63e-04 4.15e-15 0.116
Numerical error in objective
Restoring previous solution


Suboptimal solution found in 30 iterations and 0.12 seconds
Objective -9.87075216e-02
Primal infeasibility (abs/rel): 2.09e-10/1.04e-10
Dual infeasibility   (abs/rel): 4.33e-09/3.93e-09
Complementarity gap  (abs/rel): 5.28e-09/4.80e-09


Barrier finished in 0.12 seconds
Dual variables for problems with quadratic constraints not returned.
