cuOpt version: 26.10.0, git hash: 648f805d, host arch: x86_64, device archs: 80-real
CPU: AMD EPYC 7642 48-Core Processor, threads: 5C/5T, RAM usage: 39.24/503.74GiB
CPU SIMD target: AVX2
CUDA 12.9, device: NVIDIA A100 80GB PCIe (ID 0), VRAM: 79.44 GiB
CUDA device UUID: 68df5cf5-71f9-6a93-b428-460c080ffb10
Problem has 1 quadratic constraints. Converting to second-order cones and solving with barrier.
Barrier: reusing cache (skip convert/presolve/scaling)
Barrier solver started at 0.000 seconds
Barrier solver: 5103 constraints, 10102 variables, 265152 nonzeros
Barrier setup complete at 0.000 seconds
Adaptive regularization enabled


                  Objective                         Infeasibility        Time
Iter   Primal              Dual                Primal   Dual    Compl.   Elapsed
  0   -3.702779911923e+02 -3.710340990992e+02 3.71e+03 1.91e+00 1.19e-02 0.001
  1   -4.137413965078e+00 -3.474555508912e+02 4.01e+01 2.77e-01 6.49e-02 0.005
  2   -1.039627881816e-01 -2.487502701009e+01 4.69e-01 7.85e-03 4.78e-03 0.010
  3   -5.494259749550e-02 -6.426390295563e-01 4.69e-03 7.91e-05 1.48e-04 0.014
  4   -5.853147883889e-02 -1.362046779095e-01 6.19e-04 1.04e-05 1.73e-05 0.018
  5   -6.730421862039e-02 -1.383594196594e-01 4.88e-04 8.22e-06 3.14e-05 0.022
  6   -6.898407367883e-02 -1.386008917934e-01 4.45e-04 7.50e-06 4.26e-05 0.026
  7   -8.252091792454e-02 -1.224963598016e-01 2.25e-04 3.80e-06 7.32e-05 0.030
  8   -8.268114831961e-02 -1.222822697898e-01 2.09e-04 3.53e-06 6.77e-05 0.034
  9   -8.383691475072e-02 -1.216691216565e-01 1.75e-04 2.95e-06 1.72e-04 0.038
 10   -8.546472994378e-02 -1.197750611276e-01 1.12e-04 1.88e-06 1.69e-04 0.042
 11   -8.753101370920e-02 -1.152999334387e-01 6.41e-05 1.08e-06 3.89e-04 0.046
 12   -9.549973442201e-02 -1.030620307397e-01 1.25e-05 2.11e-07 8.56e-05 0.050
 13   -9.695192067455e-02 -1.005109381682e-01 4.45e-06 7.49e-08 4.28e-05 0.055
 14   -9.798380817476e-02 -9.895345323462e-02 9.93e-07 1.67e-08 9.27e-06 0.059
 15   -9.830540551293e-02 -9.849455913155e-02 9.78e-08 3.71e-09 6.11e-07 0.062
 16   -9.836747386979e-02 -9.841452277425e-02 1.82e-08 5.29e-09 1.90e-07 0.066
 17   -9.838644823398e-02 -9.839174315489e-02 1.77e-09 1.27e-08 1.98e-08 0.069
 18   -9.838859188801e-02 -9.838915606032e-02 1.79e-10 2.38e-08 2.96e-09 0.072
 19   -9.838883517925e-02 -9.838886712226e-02 1.01e-11 5.51e-08 1.57e-10 0.075
 20   -9.838884914342e-02 -9.838885071361e-02 4.67e-13 1.10e-05 4.99e-12 0.078
 21   -9.838884978560e-02 -9.838884994724e-02 2.92e-13 7.14e-05 6.17e-13 0.082
 22   -9.838884985988e-02 -9.838884986679e-02 8.14e-14 1.53e-04 2.03e-14 0.085
 23   -9.838884986380e-02 -9.838884986433e-02 8.99e-15 4.37e-05 1.32e-15 0.089
 24   -9.838884986416e-02 -9.838884986417e-02 1.67e-16 7.06e-07 2.74e-18 0.093
Numerical error in objective
Primal residual -nan dual residual -nan complementarity residual -nan
Search direction computation failed
Barrier finished in 0.10 seconds
Barrier Solve status A numerical error was encountered.
Dual variables for problems with quadratic constraints not returned.
