cuOpt version: 26.10.0, git hash: 648f805d, host arch: x86_64, device archs: 80-real
CPU: AMD EPYC 7642 48-Core Processor, threads: 5C/5T, RAM usage: 43.69/503.74GiB
CPU SIMD target: AVX2
CUDA 12.9, device: NVIDIA A100 80GB PCIe (ID 0), VRAM: 79.44 GiB
CUDA device UUID: 68df5cf5-71f9-6a93-b428-460c080ffb10
Problem has 1 quadratic constraints. Converting to second-order cones and solving with barrier.
Barrier: reusing cache (skip convert/presolve/scaling)
Barrier solver started at 0.000 seconds
Barrier solver: 5103 constraints, 10102 variables, 265152 nonzeros
Barrier setup complete at 0.000 seconds
Adaptive regularization enabled


                  Objective                         Infeasibility        Time
Iter   Primal              Dual                Primal   Dual    Compl.   Elapsed
  0   -3.701605598740e+02 -3.710234169387e+02 3.71e+03 1.91e+00 1.19e-02 0.001
  1   -4.752957750387e-01 -3.472089845747e+02 3.37e+00 2.99e-01 2.04e-01 0.007
  2   -6.515346345922e-02 -4.848614121757e+00 3.32e-02 3.33e-03 2.61e-03 0.012
  3   -6.239655812077e-02 -2.169558076699e-01 1.05e-03 1.05e-04 5.98e-05 0.017
  4   -6.279036255757e-02 -2.173232040425e-01 1.04e-03 1.04e-04 4.80e-05 0.021
  5   -6.275712344979e-02 -2.172887512407e-01 1.04e-03 1.04e-04 5.01e-05 0.026
  6   -6.434820267895e-02 -2.178175475695e-01 9.88e-04 9.91e-05 8.47e-05 0.030
  7   -6.434767448632e-02 -2.178100961756e-01 9.87e-04 9.90e-05 8.47e-05 0.035
  8   -6.482504312997e-02 -2.179136782406e-01 9.22e-04 9.24e-05 1.97e-04 0.040
  9   -7.154722110776e-02 -2.018533907006e-01 5.75e-04 5.77e-05 5.67e-04 0.044
 10   -7.151588719109e-02 -1.943058581302e-01 1.61e-04 1.62e-05 9.05e-04 0.049
 11   -7.423121508958e-02 -1.809109887712e-01 1.30e-04 1.30e-05 8.19e-04 0.053
 12   -7.414148025006e-02 -1.808183494301e-01 1.29e-04 1.30e-05 8.18e-04 0.059
 13   -7.763062744336e-02 -1.634641999548e-01 4.68e-05 4.69e-06 5.54e-04 0.064
 14   -7.934687614641e-02 -1.564863929691e-01 3.90e-05 3.91e-06 4.92e-04 0.068
 15   -7.929519695995e-02 -1.564330753450e-01 3.89e-05 3.90e-06 4.91e-04 0.074
 16   -8.118101445108e-02 -1.443942528851e-01 9.32e-06 9.35e-07 2.29e-04 0.078
 17   -8.115327406988e-02 -1.442097171790e-01 8.97e-06 9.00e-07 2.14e-04 0.082
 18   -8.118194644860e-02 -1.442124628354e-01 8.91e-06 8.94e-07 1.99e-04 0.088
 19   -8.104050511673e-02 -1.440667812904e-01 8.89e-06 8.91e-07 1.99e-04 0.094
 20   -8.360333637507e-02 -1.354123285301e-01 5.10e-06 5.11e-07 1.76e-04 0.098
 21   -8.365526107870e-02 -1.354342119220e-01 5.07e-06 5.08e-07 1.75e-04 0.104
 22   -8.356127503222e-02 -1.341102928662e-01 3.97e-06 3.99e-07 1.53e-04 0.108
 23   -8.349387324176e-02 -1.339946094105e-01 3.94e-06 3.95e-07 1.59e-04 0.114
 24   -8.506890382092e-02 -1.284531077280e-01 1.99e-06 2.00e-07 1.52e-04 0.118
 25   -8.511955899554e-02 -1.284445534776e-01 1.97e-06 1.98e-07 1.57e-04 0.125
 26   -8.504029595460e-02 -1.278028364635e-01 1.74e-06 1.74e-07 1.88e-04 0.130
 27   -8.495815350832e-02 -1.276857015029e-01 1.72e-06 1.73e-07 1.93e-04 0.137
 28   -8.674649398380e-02 -1.234271843350e-01 1.24e-06 1.25e-07 1.68e-04 0.141
 29   -8.679800450432e-02 -1.234420755933e-01 1.24e-06 1.24e-07 1.73e-04 0.148
 30   -8.671875003295e-02 -1.230596810879e-01 1.15e-06 1.15e-07 1.87e-04 0.152
 31   -8.663646639119e-02 -1.229553533954e-01 1.14e-06 1.14e-07 1.91e-04 0.158
 32   -8.764770886798e-02 -1.206217263329e-01 9.42e-07 9.45e-08 1.82e-04 0.163
 33   -8.770399867711e-02 -1.206495098851e-01 9.36e-07 9.38e-08 1.86e-04 0.169
 34   -8.764514317614e-02 -1.203085700989e-01 8.72e-07 8.75e-08 1.95e-04 0.174
 35   -8.757142231734e-02 -1.202138293826e-01 8.66e-07 8.69e-08 1.99e-04 0.181
 36   -8.857339096500e-02 -1.180484783414e-01 7.26e-07 7.28e-08 1.88e-04 0.186
 37   -8.862513701421e-02 -1.180730913528e-01 7.21e-07 7.23e-08 1.92e-04 0.192
 38   -8.859316557223e-02 -1.177263145026e-01 6.68e-07 6.70e-08 1.96e-04 0.197
 39   -8.852878200575e-02 -1.176419230975e-01 6.64e-07 6.65e-08 1.99e-04 0.203
 40   -8.945149060002e-02 -1.157294652202e-01 5.58e-07 5.60e-08 1.87e-04 0.210
 41   -8.949645615842e-02 -1.157484429690e-01 5.54e-07 5.55e-08 1.90e-04 0.218
 42   -8.949532981635e-02 -1.153880392802e-01 5.09e-07 5.11e-08 1.89e-04 0.222
 43   -8.944033578357e-02 -1.153143041714e-01 5.05e-07 5.07e-08 1.92e-04 0.229
 44   -9.024824832647e-02 -1.136920772971e-01 4.26e-07 4.28e-08 1.79e-04 0.234
 45   -9.028641747426e-02 -1.137057778459e-01 4.23e-07 4.25e-08 1.82e-04 0.240
 46   -9.031718015529e-02 -1.133346918419e-01 3.86e-07 3.87e-08 1.78e-04 0.244
 47   -9.027059958470e-02 -1.132709432446e-01 3.83e-07 3.84e-08 1.80e-04 0.251
 48   -9.098564914008e-02 -1.118909710040e-01 3.25e-07 3.26e-08 1.68e-04 0.256
 49   -9.101758775011e-02 -1.119002464466e-01 3.23e-07 3.24e-08 1.70e-04 0.262
 50   -9.107775074879e-02 -1.115257063065e-01 2.92e-07 2.93e-08 1.64e-04 0.267
 51   -9.103812143864e-02 -1.114706588008e-01 2.90e-07 2.91e-08 1.66e-04 0.273
 52   -9.166755855482e-02 -1.103041088363e-01 2.49e-07 2.49e-08 1.55e-04 0.277
 53   -9.169433285838e-02 -1.103101590189e-01 2.47e-07 2.47e-08 1.57e-04 0.284
 54   -9.177770219512e-02 -1.099431646659e-01 2.22e-07 2.23e-08 1.50e-04 0.288
 55   -9.174382345232e-02 -1.098955144128e-01 2.20e-07 2.21e-08 1.52e-04 0.295
 56   -9.228885619712e-02 -1.089202904149e-01 1.91e-07 1.91e-08 1.42e-04 0.299
 57   -9.231161373949e-02 -1.089242403478e-01 1.89e-07 1.90e-08 1.44e-04 0.306
 58   -9.241036580021e-02 -1.085753264994e-01 1.70e-07 1.70e-08 1.37e-04 0.311
 59   -9.238138002887e-02 -1.085339703359e-01 1.69e-07 1.69e-08 1.39e-04 0.317
 60   -9.283249541494e-02 -1.077431188661e-01 1.47e-07 1.47e-08 1.30e-04 0.322
 61   -9.285240706840e-02 -1.077460831587e-01 1.46e-07 1.46e-08 1.32e-04 0.329
 62   -9.296056484508e-02 -1.074209241245e-01 1.31e-07 1.31e-08 1.25e-04 0.334
 63   -9.293581644012e-02 -1.073849365228e-01 1.30e-07 1.30e-08 1.26e-04 0.340
 64   -9.331484986377e-02 -1.067341356814e-01 1.14e-07 1.14e-08 1.19e-04 0.345
 65   -9.333248189494e-02 -1.067364573406e-01 1.13e-07 1.14e-08 1.20e-04 0.351
 66   -9.344629139873e-02 -1.064355297063e-01 1.02e-07 1.02e-08 1.14e-04 0.356
 67   -9.342514628264e-02 -1.064041038554e-01 1.01e-07 1.01e-08 1.15e-04 0.362
 68   -9.374981562487e-02 -1.058586977684e-01 8.90e-08 8.93e-09 1.08e-04 0.367
 69   -9.376550857749e-02 -1.058605153491e-01 8.84e-08 8.86e-09 1.10e-04 0.373
 70   -9.388228245368e-02 -1.055827483125e-01 7.93e-08 7.95e-09 1.04e-04 0.378
 71   -9.386418007401e-02 -1.055552150632e-01 7.88e-08 7.90e-09 1.05e-04 0.384
 72   -9.414654497607e-02 -1.050913593021e-01 6.98e-08 7.00e-09 9.87e-05 0.389
 73   -9.416053086901e-02 -1.050927514850e-01 6.93e-08 6.95e-09 9.99e-05 0.395
 74   -9.427789527062e-02 -1.048370995932e-01 6.22e-08 6.24e-09 9.42e-05 0.400
 75   -9.426236307386e-02 -1.048129202007e-01 6.18e-08 6.20e-09 9.54e-05 0.406
 76   -9.451016758085e-02 -1.044146364517e-01 5.49e-08 5.51e-09 8.97e-05 0.411
 77   -9.452263117238e-02 -1.044156783416e-01 5.46e-08 5.47e-09 9.08e-05 0.418
 78   -9.463840499595e-02 -1.041813208539e-01 4.90e-08 4.92e-09 8.55e-05 0.423
 79   -9.462505513303e-02 -1.041600623357e-01 4.87e-08 4.88e-09 8.66e-05 0.429
 80   -9.484374449166e-02 -1.038158240326e-01 4.34e-08 4.35e-09 8.13e-05 0.434
 81   -9.485484210453e-02 -1.038165853333e-01 4.31e-08 4.32e-09 8.22e-05 0.441
 82   -9.496726711556e-02 -1.036025928767e-01 3.88e-08 3.89e-09 7.74e-05 0.446
 83   -9.495578044278e-02 -1.035838992748e-01 3.85e-08 3.86e-09 7.83e-05 0.453
 84   -9.514962227991e-02 -1.032847540506e-01 3.44e-08 3.45e-09 7.34e-05 0.458
 85   -9.515948610356e-02 -1.032852897405e-01 3.42e-08 3.43e-09 7.43e-05 0.465
 86   -9.526721686719e-02 -1.030906321891e-01 3.08e-08 3.09e-09 6.97e-05 0.470
 87   -9.525732796228e-02 -1.030742038340e-01 3.06e-08 3.06e-09 7.06e-05 0.476
 88   -9.542963757689e-02 -1.028132037478e-01 2.73e-08 2.74e-09 6.60e-05 0.481
 89   -9.543838439650e-02 -1.028135587257e-01 2.72e-08 2.72e-09 6.68e-05 0.487
 90   -9.554037033146e-02 -1.026372281208e-01 2.45e-08 2.45e-09 6.26e-05 0.492
 91   -9.553185721516e-02 -1.026228071954e-01 2.43e-08 2.44e-09 6.34e-05 0.497
 92   -9.568519212648e-02 -1.023945484937e-01 2.18e-08 2.19e-09 5.92e-05 0.502
 93   -9.569293148361e-02 -1.023947630654e-01 2.16e-08 2.17e-09 5.99e-05 0.509
 94   -9.578842171844e-02 -1.022357256595e-01 1.95e-08 1.96e-09 5.60e-05 0.513
 95   -9.578109669230e-02 -1.022230844381e-01 1.94e-08 1.95e-09 5.67e-05 0.520
 96   -9.591753216409e-02 -1.020232138579e-01 1.74e-08 1.75e-09 5.28e-05 0.524
 97   -9.592436938463e-02 -1.020233246395e-01 1.73e-08 1.74e-09 5.35e-05 0.531
 98   -9.601291933302e-02 -1.018804748204e-01 1.56e-08 1.57e-09 5.00e-05 0.536
 99   -9.600662153572e-02 -1.018694080232e-01 1.55e-08 1.58e-09 5.06e-05 0.552
100   -9.612790967762e-02 -1.016943217127e-01 1.40e-08 1.42e-09 4.71e-05 0.560
101   -9.613394649916e-02 -1.016943617256e-01 1.39e-08 1.45e-09 4.76e-05 0.569
102   -9.621537770313e-02 -1.015665337675e-01 1.26e-08 1.31e-09 4.45e-05 0.574
103   -9.620996834826e-02 -1.015568545599e-01 1.25e-08 1.34e-09 4.50e-05 0.580
104   -9.631767479621e-02 -1.014034535488e-01 1.13e-08 1.21e-09 4.19e-05 0.584
105   -9.632300848480e-02 -1.014034506752e-01 1.12e-08 1.24e-09 4.24e-05 0.592
106   -9.639742200357e-02 -1.012893680463e-01 1.01e-08 1.12e-09 3.96e-05 0.596
107   -9.639278021888e-02 -1.012809051124e-01 1.01e-08 1.14e-09 4.00e-05 0.602
108   -9.648845389088e-02 -1.011463367210e-01 9.10e-09 1.03e-09 3.72e-05 0.607
109   -9.649317397592e-02 -1.011463101076e-01 9.05e-09 1.05e-09 3.77e-05 0.614
110   -9.656096466461e-02 -1.010445422090e-01 8.22e-09 9.56e-10 3.52e-05 0.618
111   -9.655698345424e-02 -1.010371383222e-01 8.17e-09 9.73e-10 3.56e-05 0.624
112   -9.664219569187e-02 -1.009187122917e-01 7.40e-09 8.81e-10 3.31e-05 0.629
113   -9.664638073081e-02 -1.009186713633e-01 7.35e-09 8.95e-10 3.35e-05 0.636
114   -9.670814035971e-02 -1.008277257106e-01 6.69e-09 8.15e-10 3.13e-05 0.640
115   -9.670472455079e-02 -1.008212387912e-01 6.65e-09 8.28e-10 3.17e-05 0.646
116   -9.678095581371e-02 -1.007165302991e-01 6.04e-09 7.51e-10 2.95e-05 0.651
117   -9.678467295746e-02 -1.007164778711e-01 6.00e-09 7.62e-10 2.98e-05 0.657
118   -9.684103982687e-02 -1.006349528530e-01 5.48e-09 6.95e-10 2.79e-05 0.661
119   -9.683810594853e-02 -1.006292575483e-01 5.44e-09 7.04e-10 2.82e-05 0.667
120   -9.690663358079e-02 -1.005362103051e-01 4.95e-09 6.40e-10 2.63e-05 0.671
121   -9.690994034869e-02 -1.005361464788e-01 4.92e-09 6.49e-10 2.66e-05 0.677
122   -9.696149861463e-02 -1.004628242852e-01 4.50e-09 5.93e-10 2.49e-05 0.681
123   -9.695897494773e-02 -1.004578120897e-01 4.47e-09 6.00e-10 2.52e-05 0.687
124   -9.702084188668e-02 -1.003747489554e-01 4.07e-09 5.47e-10 2.35e-05 0.691
125   -9.702378829258e-02 -1.003746735181e-01 4.05e-09 5.53e-10 2.38e-05 0.697
126   -9.707103621217e-02 -1.003085341295e-01 3.71e-09 5.06e-10 2.22e-05 0.701
127   -9.706886208808e-02 -1.003041120447e-01 3.69e-09 5.12e-10 2.25e-05 0.708
128   -9.712490709261e-02 -1.002296779046e-01 3.37e-09 4.67e-10 2.10e-05 0.712
129   -9.712753718205e-02 -1.002295911942e-01 3.35e-09 4.72e-10 2.13e-05 0.719
130   -9.717089691608e-02 -1.001697816124e-01 3.07e-09 4.33e-10 1.99e-05 0.723
131   -9.716902137023e-02 -1.001658701466e-01 3.06e-09 4.37e-10 2.02e-05 0.730
132   -9.721993108695e-02 -1.000989541607e-01 2.80e-09 4.00e-10 1.88e-05 0.734
133   -9.722228379765e-02 -1.000988570614e-01 2.78e-09 4.04e-10 1.91e-05 0.740
134   -9.726212314091e-02 -1.000446508531e-01 2.55e-09 3.71e-10 1.79e-05 0.744
135   -9.726050335038e-02 -1.000411820034e-01 2.54e-09 3.74e-10 1.81e-05 0.751
136   -9.730685690844e-02 -9.998085279314e-02 2.33e-09 3.43e-10 1.69e-05 0.754
137   -9.730896654274e-02 -9.998074647663e-02 2.32e-09 3.46e-10 1.71e-05 0.761
138   -9.734561413418e-02 -9.993151431794e-02 2.13e-09 3.18e-10 1.61e-05 0.765
139   -9.734421399660e-02 -9.992842984040e-02 2.12e-09 3.20e-10 1.63e-05 0.772
140   -9.738650972593e-02 -9.987389439487e-02 1.95e-09 2.94e-10 1.52e-05 0.776
141   -9.738840634426e-02 -9.987378013420e-02 1.94e-09 2.96e-10 1.54e-05 0.782
142   -9.742215820196e-02 -9.982897283617e-02 1.78e-09 2.73e-10 1.45e-05 0.786
143   -9.742094719353e-02 -9.982622281218e-02 1.78e-09 2.75e-10 1.47e-05 0.792
144   -9.745961854999e-02 -9.977680000601e-02 1.63e-09 2.53e-10 1.38e-05 0.796
145   -9.746132838857e-02 -9.977667905407e-02 1.62e-09 2.55e-10 1.39e-05 0.803
146   -9.749245303363e-02 -9.973581414655e-02 1.50e-09 2.35e-10 1.31e-05 0.807
147   -9.749140526945e-02 -9.973335573207e-02 1.49e-09 2.37e-10 1.33e-05 0.813
148   -9.752683535968e-02 -9.968845319481e-02 1.37e-09 2.18e-10 1.24e-05 0.817
149   -9.752838120868e-02 -9.968832663539e-02 1.37e-09 2.19e-10 1.26e-05 0.824
150   -9.755712643647e-02 -9.965097464689e-02 1.26e-09 2.03e-10 1.19e-05 0.828
151   -9.755621984801e-02 -9.964877097329e-02 1.26e-09 2.04e-10 1.20e-05 0.835
152   -9.758875397348e-02 -9.960786559216e-02 1.16e-09 1.88e-10 1.13e-05 0.839
153   -9.759015548485e-02 -9.960773420385e-02 1.15e-09 1.89e-10 1.14e-05 0.846
154   -9.761675273717e-02 -9.957350884011e-02 1.07e-09 1.75e-10 1.08e-05 0.850
155   -9.761596837899e-02 -9.957152810760e-02 1.06e-09 1.76e-10 1.09e-05 0.856
156   -9.764591962254e-02 -9.953415535828e-02 9.82e-10 1.62e-10 1.02e-05 0.860
157   -9.764719361558e-02 -9.953401959385e-02 9.77e-10 1.63e-10 1.04e-05 0.867
158   -9.767185647564e-02 -9.950257533786e-02 9.05e-10 1.51e-10 9.79e-06 0.871
159   -9.767117800702e-02 -9.950079011661e-02 9.01e-10 1.52e-10 9.92e-06 0.877
160   -9.769882502588e-02 -9.946654279265e-02 8.33e-10 1.40e-10 9.33e-06 0.880
161   -9.769998586306e-02 -9.946640289826e-02 8.29e-10 1.41e-10 9.46e-06 0.887
162   -9.772290422802e-02 -9.943743799111e-02 7.69e-10 1.31e-10 8.92e-06 0.891
163   -9.772231756449e-02 -9.943582466671e-02 7.66e-10 1.32e-10 9.04e-06 0.897
164   -9.774789926899e-02 -9.940435551158e-02 7.09e-10 1.22e-10 8.51e-06 0.901
165   -9.774895929693e-02 -9.940421172479e-02 7.06e-10 1.22e-10 8.63e-06 0.907
166   -9.777029384862e-02 -9.937747120602e-02 6.55e-10 1.14e-10 8.15e-06 0.911
167   -9.776978692314e-02 -9.937600949758e-02 6.52e-10 1.14e-10 8.26e-06 0.919
168   -9.779349999860e-02 -9.934703103741e-02 6.05e-10 1.06e-10 7.78e-06 0.923
169   -9.779446998985e-02 -9.934688375894e-02 6.02e-10 1.06e-10 7.89e-06 0.929
170   -9.781435157530e-02 -9.932215746944e-02 5.59e-10 9.89e-11 7.45e-06 0.933
171   -9.781391412626e-02 -9.932082996053e-02 5.57e-10 9.94e-11 7.55e-06 0.939
172   -9.783591792685e-02 -9.929410661186e-02 5.17e-10 9.22e-11 7.13e-06 0.943
173   -9.783680743285e-02 -9.929395646119e-02 5.14e-10 9.26e-11 7.22e-06 0.949
174   -9.785534349354e-02 -9.927106975655e-02 4.78e-10 8.61e-11 6.83e-06 0.953
175   -9.785496681679e-02 -9.926986142041e-02 4.76e-10 8.64e-11 6.92e-06 0.959
176   -9.787539524815e-02 -9.924519443323e-02 4.42e-10 8.03e-11 6.53e-06 0.963
177   -9.787621280518e-02 -9.924504216596e-02 4.40e-10 8.05e-11 6.62e-06 0.970
178   -9.789349784964e-02 -9.922384272190e-02 4.10e-10 7.49e-11 6.27e-06 0.973
179   -9.789317450825e-02 -9.922274048589e-02 4.08e-10 7.51e-11 6.35e-06 0.980
180   -9.791214866448e-02 -9.919995258767e-02 3.79e-10 6.98e-11 6.00e-06 0.984
181   -9.791290187304e-02 -9.919979895857e-02 3.78e-10 7.00e-11 6.08e-06 0.991
182   -9.792902562825e-02 -9.918014656844e-02 3.52e-10 6.52e-11 5.76e-06 0.995
183   -9.792874917981e-02 -9.917913897202e-02 3.50e-10 6.54e-11 5.84e-06 1.001
184   -9.794638432728e-02 -9.915806559610e-02 3.26e-10 6.08e-11 5.52e-06 1.005
185   -9.794707989039e-02 -9.915791126597e-02 3.25e-10 6.10e-11 5.60e-06 1.011
186   -9.796212980522e-02 -9.913967410259e-02 3.03e-10 5.69e-11 5.31e-06 1.015
187   -9.796189460414e-02 -9.913875106355e-02 3.01e-10 5.71e-11 5.38e-06 1.022
188   -9.797830081042e-02 -9.911923876296e-02 2.81e-10 5.32e-11 5.09e-06 1.026
189   -9.797894459967e-02 -9.911908427378e-02 2.79e-10 5.33e-11 5.16e-06 1.032
190   -9.799300456392e-02 -9.910213945062e-02 2.61e-10 4.98e-11 4.89e-06 1.036
191   -9.799280564088e-02 -9.910129209564e-02 2.60e-10 4.99e-11 4.96e-06 1.042
192   -9.800808590328e-02 -9.908319981489e-02 2.42e-10 4.65e-11 4.70e-06 1.046
193   -9.800868305364e-02 -9.908304560904e-02 2.41e-10 4.67e-11 4.76e-06 1.052
194   -9.802183144121e-02 -9.906728059813e-02 2.25e-10 4.36e-11 4.52e-06 1.056
195   -9.802166442626e-02 -9.906650112006e-02 2.24e-10 4.38e-11 4.58e-06 1.063
196   -9.803591322864e-02 -9.904970109988e-02 2.09e-10 4.09e-11 4.34e-06 1.066
197   -9.803646824282e-02 -9.904954754187e-02 2.08e-10 4.10e-11 4.40e-06 1.074
198   -9.804877703598e-02 -9.903486050306e-02 1.95e-10 3.83e-11 4.18e-06 1.077
199   -9.804863809330e-02 -9.903414203209e-02 1.94e-10 3.84e-11 4.24e-06 1.084
200   -9.806194114312e-02 -9.901851951486e-02 1.81e-10 3.58e-11 4.02e-06 1.088
201   -9.806245798484e-02 -9.901836690994e-02 1.80e-10 3.60e-11 4.07e-06 1.094
202   -9.807399275828e-02 -9.900466617569e-02 1.68e-10 3.37e-11 3.87e-06 1.098
203   -9.807387852400e-02 -9.900400265968e-02 1.68e-10 3.36e-11 3.93e-06 1.105
204   -9.808631331334e-02 -9.898945477746e-02 1.57e-10 3.14e-11 3.73e-06 1.109
205   -9.808679548396e-02 -9.898930338322e-02 1.56e-10 3.13e-11 3.78e-06 1.115
206   -9.809761591599e-02 -9.897650643845e-02 1.46e-10 2.93e-11 3.59e-06 1.119
207   -9.809752343963e-02 -9.897589253635e-02 1.45e-10 2.94e-11 3.64e-06 1.125
208   -9.810916001030e-02 -9.896232705030e-02 1.36e-10 2.75e-11 3.46e-06 1.129
209   -9.810961061194e-02 -9.896217708478e-02 1.35e-10 2.75e-11 3.50e-06 1.137
210   -9.811977099088e-02 -9.895020962676e-02 1.27e-10 2.57e-11 3.33e-06 1.141
211   -9.811969768164e-02 -9.894964061506e-02 1.26e-10 2.56e-11 3.38e-06 1.147
212   -9.813059941237e-02 -9.893697469371e-02 1.18e-10 2.39e-11 3.21e-06 1.151
213   -9.813102120082e-02 -9.893682634023e-02 1.17e-10 2.41e-11 3.25e-06 1.159
214   -9.814057099219e-02 -9.892562132299e-02 1.10e-10 2.26e-11 3.10e-06 1.163
215   -9.814051457145e-02 -9.892509301551e-02 1.10e-10 2.25e-11 3.14e-06 1.169
216   -9.815073887819e-02 -9.891325215993e-02 1.03e-10 2.11e-11 2.99e-06 1.173
217   -9.815113430699e-02 -9.891310557391e-02 1.02e-10 2.11e-11 3.03e-06 1.179
218   -9.816011855337e-02 -9.890260248913e-02 9.58e-11 1.98e-11 2.88e-06 1.183
219   -9.816007701344e-02 -9.890211116907e-02 9.53e-11 1.99e-11 2.92e-06 1.190
220   -9.816967590021e-02 -9.889102835118e-02 8.93e-11 1.86e-11 2.78e-06 1.194
221   -9.817004716049e-02 -9.889088366309e-02 8.89e-11 1.87e-11 2.82e-06 1.201
222   -9.817850691236e-02 -9.888102782715e-02 8.34e-11 1.75e-11 2.68e-06 1.205
223   -9.817847848111e-02 -9.888057018740e-02 8.30e-11 1.73e-11 2.72e-06 1.211
224   -9.818749909944e-02 -9.887018501538e-02 7.77e-11 1.62e-11 2.59e-06 1.215
225   -9.818784815103e-02 -9.887004233687e-02 7.74e-11 1.64e-11 2.62e-06 1.221
226   -9.819582082036e-02 -9.886078429871e-02 7.26e-11 1.54e-11 2.50e-06 1.225
227   -9.819580393301e-02 -9.886035738865e-02 7.23e-11 1.54e-11 2.53e-06 1.231
228   -9.820428908593e-02 -9.885061536752e-02 6.78e-11 1.44e-11 2.41e-06 1.235
229   -9.820461768723e-02 -9.885047479279e-02 6.74e-11 1.44e-11 2.45e-06 1.241
230   -9.821213739049e-02 -9.884176978571e-02 6.33e-11 1.35e-11 2.33e-06 1.245
231   -9.821213066014e-02 -9.884137097029e-02 6.30e-11 1.35e-11 2.36e-06 1.252
232   -9.822011922039e-02 -9.883222288471e-02 5.91e-11 1.27e-11 2.25e-06 1.256
233   -9.822042895413e-02 -9.883208449179e-02 5.88e-11 1.28e-11 2.28e-06 1.262
234   -9.822752687926e-02 -9.882389188092e-02 5.53e-11 1.20e-11 2.18e-06 1.266
235   -9.822752907718e-02 -9.882351879934e-02 5.50e-11 1.20e-11 2.21e-06 1.273
236   -9.823505640189e-02 -9.881492012400e-02 5.16e-11 1.13e-11 2.10e-06 1.277
237   -9.823534869443e-02 -9.881478397957e-02 5.13e-11 1.11e-11 2.13e-06 1.283
238   -9.824205332505e-02 -9.880706689264e-02 4.82e-11 1.05e-11 2.03e-06 1.287
239   -9.824206335942e-02 -9.880671742690e-02 4.80e-11 1.05e-11 2.06e-06 1.294
240   -9.824916165234e-02 -9.879862781480e-02 4.51e-11 9.82e-12 1.96e-06 1.298
241   -9.824943779231e-02 -9.879849397479e-02 4.48e-11 9.98e-12 1.99e-06 1.304
242   -9.825577520723e-02 -9.879121886485e-02 4.21e-11 9.37e-12 1.90e-06 1.308
243   -9.825579210743e-02 -9.879089110965e-02 4.19e-11 9.34e-12 1.92e-06 1.314
244   -9.826249074723e-02 -9.878327393358e-02 3.94e-11 8.77e-12 1.83e-06 1.318
245   -9.826275190237e-02 -9.878314244411e-02 3.92e-11 9.01e-12 1.86e-06 1.325
246   -9.826874599012e-02 -9.877627876340e-02 3.68e-11 8.46e-12 1.77e-06 1.329
247   -9.826876889162e-02 -9.877597100174e-02 3.67e-11 8.51e-12 1.80e-06 1.335
248   -9.827509473044e-02 -9.876879294368e-02 3.44e-11 7.99e-12 1.71e-06 1.339
249   -9.827534195973e-02 -9.876866384342e-02 3.43e-11 8.05e-12 1.74e-06 1.346
250   -9.828101465247e-02 -9.876218370700e-02 3.22e-11 7.56e-12 1.66e-06 1.350
251   -9.828104278477e-02 -9.876189438846e-02 3.21e-11 7.54e-12 1.68e-06 1.357
252   -9.828702038193e-02 -9.875512511160e-02 3.01e-11 7.08e-12 1.60e-06 1.360
253   -9.828725464955e-02 -9.875499843082e-02 3.00e-11 7.09e-12 1.62e-06 1.367
254   -9.829262609758e-02 -9.874887635889e-02 2.82e-11 6.66e-12 1.55e-06 1.371
255   -9.829265877206e-02 -9.874860408114e-02 2.80e-11 6.63e-12 1.57e-06 1.377
256   -9.829831061749e-02 -9.874221592418e-02 2.63e-11 6.22e-12 1.50e-06 1.381
257   -9.829853280265e-02 -9.874209168648e-02 2.62e-11 6.29e-12 1.52e-06 1.387
258   -9.830362155022e-02 -9.873630435341e-02 2.46e-11 5.90e-12 1.45e-06 1.391
259   -9.830365815149e-02 -9.873604784482e-02 2.45e-11 5.95e-12 1.47e-06 1.397
260   -9.830900489409e-02 -9.873001551848e-02 2.30e-11 5.59e-12 1.40e-06 1.401
261   -9.830921579807e-02 -9.872989374392e-02 2.29e-11 5.48e-12 1.42e-06 1.407
262   -9.831403892733e-02 -9.872441976972e-02 2.16e-11 5.15e-12 1.36e-06 1.411
263   -9.831407890466e-02 -9.872417787627e-02 2.15e-11 5.25e-12 1.38e-06 1.417
264   -9.831913952066e-02 -9.871847823286e-02 2.02e-11 4.94e-12 1.31e-06 1.421
265   -9.831933987964e-02 -9.871835893302e-02 2.01e-11 5.08e-12 1.33e-06 1.428
266   -9.832391317055e-02 -9.871317866583e-02 1.89e-11 4.77e-12 1.27e-06 1.432
267   -9.832395603206e-02 -9.871295033534e-02 1.88e-11 4.79e-12 1.29e-06 1.439
268   -9.832874801515e-02 -9.870756212227e-02 1.77e-11 4.51e-12 1.23e-06 1.443
269   -9.832893850137e-02 -9.870744530682e-02 1.76e-11 4.57e-12 1.24e-06 1.449
270   -9.833327651781e-02 -9.870254069100e-02 1.65e-11 4.29e-12 1.19e-06 1.453
271   -9.833332182175e-02 -9.870232496652e-02 1.64e-11 4.23e-12 1.20e-06 1.459
272   -9.833786126960e-02 -9.869722869734e-02 1.55e-11 3.98e-12 1.15e-06 1.463
273   -9.833804250302e-02 -9.869711436943e-02 1.54e-11 3.88e-12 1.17e-06 1.471
274   -9.834215873182e-02 -9.869246876154e-02 1.45e-11 3.64e-12 1.11e-06 1.475
275   -9.834220608229e-02 -9.869226476849e-02 1.44e-11 3.74e-12 1.13e-06 1.481
276   -9.834650787894e-02 -9.868744249422e-02 1.35e-11 3.51e-12 1.08e-06 1.485
277   -9.834668042796e-02 -9.868733065514e-02 1.35e-11 3.67e-12 1.09e-06 1.491
278   -9.835058736663e-02 -9.868292869899e-02 1.27e-11 3.45e-12 1.04e-06 1.495
279   -9.835063640894e-02 -9.868273563796e-02 1.26e-11 3.43e-12 1.06e-06 1.501
280   -9.835471432406e-02 -9.867817081249e-02 1.19e-11 3.22e-12 1.01e-06 1.505
281   -9.835487871394e-02 -9.867806145914e-02 1.18e-11 3.33e-12 1.02e-06 1.512
282   -9.835858796007e-02 -9.867388896428e-02 1.11e-11 3.13e-12 9.76e-07 1.516
283   -9.835863837672e-02 -9.867370610193e-02 1.10e-11 3.06e-12 9.89e-07 1.522
284   -9.836250513538e-02 -9.866938348530e-02 1.04e-11 2.88e-12 9.44e-07 1.526
285   -9.836266185097e-02 -9.866927661061e-02 1.03e-11 2.85e-12 9.56e-07 1.532
286   -9.836618421930e-02 -9.866532040312e-02 9.72e-12 2.68e-12 9.14e-07 1.536
287   -9.836623572565e-02 -9.866514706663e-02 9.67e-12 2.69e-12 9.26e-07 1.542
288   -9.836990318722e-02 -9.866105250791e-02 9.09e-12 2.53e-12 8.84e-07 1.546
289   -9.837005267656e-02 -9.866094810257e-02 9.05e-12 2.51e-12 8.95e-07 1.553
290   -9.837339819671e-02 -9.865719600913e-02 8.51e-12 2.35e-12 8.55e-07 1.557
291   -9.837345053686e-02 -9.865703158110e-02 8.47e-12 2.50e-12 8.66e-07 1.563
292   -9.837692971370e-02 -9.865315198259e-02 7.96e-12 2.35e-12 8.27e-07 1.567
293   -9.837707239378e-02 -9.865305003212e-02 7.92e-12 2.39e-12 8.38e-07 1.573
294   -9.838025045864e-02 -9.864949070128e-02 7.46e-12 2.25e-12 8.01e-07 1.577
295   -9.838030340474e-02 -9.864933461179e-02 7.42e-12 2.30e-12 8.11e-07 1.583
296   -9.838360454289e-02 -9.864565782666e-02 6.97e-12 2.17e-12 7.74e-07 1.587
297   -9.838374079664e-02 -9.864555831825e-02 6.94e-12 2.12e-12 7.84e-07 1.594
298   -9.838676014770e-02 -9.864218122257e-02 6.53e-12 1.99e-12 7.50e-07 1.598
299   -9.838681349451e-02 -9.864203294820e-02 6.50e-12 1.95e-12 7.59e-07 1.604
300   -9.838994613717e-02 -9.863854769750e-02 6.11e-12 1.83e-12 7.25e-07 1.608
301   -9.839007632417e-02 -9.863845061138e-02 6.07e-12 1.88e-12 7.34e-07 1.614
302   -9.839294517688e-02 -9.863524589827e-02 5.72e-12 1.77e-12 7.02e-07 1.618
303   -9.839299874229e-02 -9.863510495377e-02 5.69e-12 1.58e-12 7.11e-07 1.625
304   -9.839597184933e-02 -9.863180068488e-02 5.35e-12 1.48e-12 6.78e-07 1.629
305   -9.839609630286e-02 -9.863170600007e-02 5.32e-12 1.34e-12 6.87e-07 1.636
306   -9.839882236406e-02 -9.862866446114e-02 5.01e-12 1.25e-12 6.57e-07 1.640
307   -9.839887598442e-02 -9.862853039937e-02 4.98e-12 1.16e-12 6.65e-07 1.646
308   -9.840169791476e-02 -9.862539729534e-02 4.68e-12 1.09e-12 6.35e-07 1.650
309   -9.840181694516e-02 -9.862530498875e-02 4.66e-12 1.10e-12 6.43e-07 1.656
310   -9.840440742858e-02 -9.862241803423e-02 4.38e-12 1.03e-12 6.14e-07 1.660
311   -9.840446095952e-02 -9.862229043957e-02 4.36e-12 1.08e-12 6.22e-07 1.667
312   -9.840713956981e-02 -9.861931930318e-02 4.10e-12 1.01e-12 5.94e-07 1.671
313   -9.840725346608e-02 -9.861922934987e-02 4.08e-12 1.00e-12 6.01e-07 1.677
314   -9.840971517031e-02 -9.861648891432e-02 3.84e-12 9.42e-13 5.75e-07 1.681
315   -9.840976848208e-02 -9.861636740329e-02 3.81e-12 9.43e-13 5.82e-07 1.687
316   -9.841231113118e-02 -9.861354964380e-02 3.59e-12 8.86e-13 5.56e-07 1.691
317   -9.841242016317e-02 -9.861346201694e-02 3.57e-12 9.65e-13 5.63e-07 1.697
318   -9.841475946732e-02 -9.861086055695e-02 3.36e-12 9.08e-13 5.38e-07 1.701
319   -9.841481244578e-02 -9.861074477225e-02 3.34e-12 1.12e-12 5.44e-07 1.708
320   -9.841722608289e-02 -9.860807230295e-02 3.14e-12 1.05e-12 5.20e-07 1.712
321   -9.841733050361e-02 -9.860798697279e-02 3.12e-12 1.15e-12 5.26e-07 1.719
322   -9.841955346525e-02 -9.860551735273e-02 2.94e-12 1.08e-12 5.03e-07 1.723
323   -9.841960600890e-02 -9.860540696338e-02 2.92e-12 1.16e-12 5.09e-07 1.729
324   -9.842189715534e-02 -9.860287221522e-02 2.75e-12 1.09e-12 4.86e-07 1.733
325   -9.842199720189e-02 -9.860278914981e-02 2.73e-12 9.11e-13 4.92e-07 1.740
326   -9.842410953253e-02 -9.860044466335e-02 2.57e-12 8.57e-13 4.70e-07 1.744
327   -9.842416155245e-02 -9.860033936055e-02 2.55e-12 9.63e-13 4.76e-07 1.750
328   -9.842633637173e-02 -9.859793520057e-02 2.40e-12 9.08e-13 4.54e-07 1.754
329   -9.842643226543e-02 -9.859785436710e-02 2.39e-12 9.24e-13 4.60e-07 1.761
330   -9.842843936481e-02 -9.859562869429e-02 2.25e-12 8.65e-13 4.39e-07 1.765
331   -9.842849078207e-02 -9.859552819167e-02 2.23e-12 9.02e-13 4.45e-07 1.771
332   -9.843055509812e-02 -9.859324789788e-02 2.10e-12 8.47e-13 4.25e-07 1.775
333   -9.843064704507e-02 -9.859316926396e-02 2.09e-12 9.30e-13 4.30e-07 1.781
334   -9.843255400151e-02 -9.859105646596e-02 1.97e-12 8.72e-13 4.11e-07 1.785
335   -9.843260474920e-02 -9.859096049461e-02 1.95e-12 6.86e-13 4.16e-07 1.792
336   -9.843456405354e-02 -9.858879774483e-02 1.84e-12 6.41e-13 3.97e-07 1.795
337   -9.843465225125e-02 -9.858872127141e-02 1.83e-12 6.94e-13 4.02e-07 1.802
338   -9.843646394758e-02 -9.858671567145e-02 1.72e-12 6.47e-13 3.84e-07 1.806
339   -9.843651396591e-02 -9.858662398183e-02 1.71e-12 8.82e-13 3.88e-07 1.812
340   -9.843837348264e-02 -9.858457277813e-02 1.61e-12 8.35e-13 3.71e-07 1.816
341   -9.843845811305e-02 -9.858449842971e-02 1.60e-12 7.49e-13 3.75e-07 1.823
342   -9.844017912200e-02 -9.858259472267e-02 1.50e-12 7.05e-13 3.59e-07 1.827
343   -9.844022835997e-02 -9.858250708149e-02 1.49e-12 9.07e-13 3.63e-07 1.834
344   -9.844199302069e-02 -9.858056177486e-02 1.40e-12 8.52e-13 3.46e-07 1.838
345   -9.844207425614e-02 -9.858048951296e-02 1.40e-12 7.78e-13 3.51e-07 1.845
346   -9.844370895741e-02 -9.857868263473e-02 1.31e-12 7.34e-13 3.35e-07 1.849
347   -9.844375737033e-02 -9.857859882525e-02 1.30e-12 7.29e-13 3.39e-07 1.856
348   -9.844543185182e-02 -9.857675407091e-02 1.23e-12 6.84e-13 3.23e-07 1.860
349   -9.844550985439e-02 -9.857668385657e-02 1.22e-12 7.06e-13 3.27e-07 1.867
350   -9.844706238243e-02 -9.857496903800e-02 1.15e-12 6.58e-13 3.13e-07 1.871
351   -9.844710993526e-02 -9.857488885433e-02 1.14e-12 6.75e-13 3.16e-07 1.877
352   -9.844869871431e-02 -9.857313954988e-02 1.07e-12 6.36e-13 3.02e-07 1.881
353   -9.844877363569e-02 -9.857307134389e-02 1.07e-12 7.51e-13 3.06e-07 1.888
354   -9.845024795036e-02 -9.857144403068e-02 1.00e-12 7.00e-13 2.92e-07 1.892
355   -9.845029461238e-02 -9.857136728203e-02 9.96e-13 6.81e-13 2.95e-07 1.899
356   -9.845180187098e-02 -9.856970866823e-02 9.36e-13 6.48e-13 2.82e-07 1.903
357   -9.845187385786e-02 -9.856964242676e-02 9.30e-13 7.23e-13 2.85e-07 1.909
358   -9.845327373924e-02 -9.856809828374e-02 8.75e-13 6.72e-13 2.72e-07 1.913
359   -9.845331948460e-02 -9.856802479181e-02 8.70e-13 8.40e-13 2.76e-07 1.920
360   -9.845474926961e-02 -9.856645227590e-02 8.17e-13 7.86e-13 2.63e-07 1.924
361   -9.845481845503e-02 -9.856638796074e-02 8.12e-13 6.01e-13 2.66e-07 1.930
362   -9.845614745747e-02 -9.856492291833e-02 7.64e-13 5.65e-13 2.54e-07 1.934
363   -9.845619226712e-02 -9.856485251468e-02 7.59e-13 4.04e-13 2.57e-07 1.940
364   -9.845754835918e-02 -9.856336181220e-02 7.14e-13 3.83e-13 2.45e-07 1.944
365   -9.845761487111e-02 -9.856329938173e-02 7.09e-13 5.26e-13 2.48e-07 1.952
366   -9.845887640925e-02 -9.856190954153e-02 6.67e-13 4.94e-13 2.37e-07 1.956
367   -9.845892026745e-02 -9.856184206913e-02 6.63e-13 5.71e-13 2.40e-07 1.962
368   -9.846020631358e-02 -9.856042905680e-02 6.23e-13 5.35e-13 2.29e-07 1.966
369   -9.846027027457e-02 -9.856036846720e-02 6.19e-13 8.94e-13 2.32e-07 1.972
370   -9.846146759914e-02 -9.855905012606e-02 5.82e-13 8.45e-13 2.21e-07 1.976
371   -9.846151049561e-02 -9.855898543583e-02 5.78e-13 9.49e-13 2.24e-07 1.982
372   -9.846272998088e-02 -9.855764618142e-02 5.44e-13 8.86e-13 2.13e-07 1.986
373   -9.846279150485e-02 -9.855758739084e-02 5.40e-13 1.18e-12 2.16e-07 1.993
374   -9.846392772372e-02 -9.855633701604e-02 5.08e-13 1.11e-12 2.06e-07 1.996
375   -9.846396964967e-02 -9.855627497075e-02 5.05e-13 9.83e-13 2.09e-07 2.003
376   -9.846512581600e-02 -9.855500581997e-02 4.74e-13 9.25e-13 1.99e-07 2.007
377   -9.846518501134e-02 -9.855494878593e-02 4.71e-13 1.19e-12 2.01e-07 2.014
378   -9.846626308202e-02 -9.855376302254e-02 4.43e-13 1.13e-12 1.92e-07 2.018
379   -9.846630403549e-02 -9.855370349020e-02 4.40e-13 1.18e-12 1.94e-07 2.023
380   -9.846740004514e-02 -9.855250088721e-02 4.14e-13 1.11e-12 1.85e-07 2.027
381   -9.846745701310e-02 -9.855244556838e-02 4.11e-13 1.23e-12 1.88e-07 2.034
382   -9.846847974286e-02 -9.855132123733e-02 3.86e-13 1.16e-12 1.79e-07 2.038
383   -9.846851972073e-02 -9.855126409559e-02 3.84e-13 1.10e-12 1.81e-07 2.044
384   -9.846955853488e-02 -9.855012471446e-02 3.61e-13 1.03e-12 1.73e-07 2.048
385   -9.846961337536e-02 -9.855007106568e-02 3.58e-13 9.90e-13 1.75e-07 2.055
386   -9.847058347976e-02 -9.854900509941e-02 3.37e-13 9.27e-13 1.67e-07 2.059
387   -9.847062248311e-02 -9.854895023393e-02 3.35e-13 8.76e-13 1.69e-07 2.065
388   -9.847160693022e-02 -9.854787090288e-02 3.15e-13 8.25e-13 1.61e-07 2.069
389   -9.847165973282e-02 -9.854781888455e-02 3.12e-13 5.90e-13 1.63e-07 2.076
390   -9.847257976430e-02 -9.854680840306e-02 2.94e-13 5.57e-13 1.55e-07 2.080
391   -9.847261779818e-02 -9.854675570401e-02 2.92e-13 4.77e-13 1.57e-07 2.086
392   -9.847355059564e-02 -9.854573338089e-02 2.74e-13 4.55e-13 1.50e-07 2.090
393   -9.847360144612e-02 -9.854568295280e-02 2.72e-13 2.24e-13 1.52e-07 2.097
394   -9.847447380940e-02 -9.854472524654e-02 2.56e-13 2.07e-13 1.45e-07 2.101
395   -9.847451088137e-02 -9.854467460982e-02 2.54e-13 4.14e-13 1.46e-07 2.108
396   -9.847539464352e-02 -9.854370637274e-02 2.39e-13 3.86e-13 1.40e-07 2.111
397   -9.847544362794e-02 -9.854365748947e-02 2.37e-13 3.01e-13 1.41e-07 2.118
398   -9.847627071201e-02 -9.854274987422e-02 2.23e-13 2.85e-13 1.35e-07 2.122
399   -9.847630682758e-02 -9.854270120608e-02 2.21e-13 4.11e-13 1.36e-07 2.128
400   -9.847714395602e-02 -9.854178437175e-02 2.08e-13 3.94e-13 1.30e-07 2.132
401   -9.847719114971e-02 -9.854173699580e-02 2.07e-13 2.84e-13 1.31e-07 2.138
402   -9.847797513860e-02 -9.854087701834e-02 1.94e-13 2.61e-13 1.25e-07 2.142
403   -9.847801030849e-02 -9.854083022645e-02 1.93e-13 1.19e-13 1.27e-07 2.149
404   -9.847880315135e-02 -9.853996217661e-02 1.81e-13 1.10e-13 1.21e-07 2.153
405   -9.847884861536e-02 -9.853991628273e-02 1.80e-13 1.16e-13 1.22e-07 2.160
406   -9.847959165338e-02 -9.853910154000e-02 1.69e-13 1.10e-13 1.17e-07 2.164
407   -9.847962588962e-02 -9.853905653669e-02 1.68e-13 3.55e-14 1.18e-07 2.172
408   -9.848037671735e-02 -9.853823474335e-02 1.58e-13 3.63e-14 1.13e-07 2.176
409   -9.848042045458e-02 -9.853819036825e-02 1.57e-13 8.23e-14 1.14e-07 2.182
410   -9.848112458087e-02 -9.853741857755e-02 1.47e-13 8.23e-14 1.09e-07 2.186
411   -9.848115789147e-02 -9.853737528337e-02 1.46e-13 1.15e-13 1.10e-07 2.192
412   -9.848186876822e-02 -9.853659744876e-02 1.37e-13 1.00e-13 1.05e-07 2.196
413   -9.848191084974e-02 -9.853655455011e-02 1.36e-13 9.92e-14 1.06e-07 2.202
414   -9.848257793247e-02 -9.853582362118e-02 1.28e-13 9.52e-14 1.01e-07 2.206
415   -9.848261033117e-02 -9.853578195906e-02 1.27e-13 8.23e-14 1.02e-07 2.212
416   -9.848328332885e-02 -9.853504578156e-02 1.20e-13 7.98e-14 9.74e-08 2.216
417   -9.848332382907e-02 -9.853500430981e-02 1.19e-13 8.87e-14 9.85e-08 2.222
418   -9.848395574394e-02 -9.853431214928e-02 1.12e-13 7.18e-14 9.40e-08 2.226
419   -9.848398724244e-02 -9.853427204778e-02 1.11e-13 3.31e-13 9.50e-08 2.232
420   -9.848462426703e-02 -9.853357541096e-02 1.04e-13 3.05e-13 9.06e-08 2.236
421   -9.848466325227e-02 -9.853353532240e-02 1.03e-13 6.02e-13 9.15e-08 2.243
422   -9.848526176026e-02 -9.853287996666e-02 9.71e-14 5.62e-13 8.74e-08 2.247
423   -9.848529237520e-02 -9.853284135641e-02 9.64e-14 6.36e-13 8.83e-08 2.254
424   -9.848589525289e-02 -9.853218223465e-02 9.06e-14 5.90e-13 8.42e-08 2.258
425   -9.848593278591e-02 -9.853214348639e-02 8.98e-14 4.05e-13 8.51e-08 2.264
426   -9.848649956432e-02 -9.853152306725e-02 8.45e-14 3.92e-13 8.12e-08 2.268
427   -9.848652931209e-02 -9.853148588311e-02 8.38e-14 4.52e-13 8.21e-08 2.274
428   -9.848709981640e-02 -9.853086231158e-02 7.88e-14 4.27e-13 7.83e-08 2.278
429   -9.848713595738e-02 -9.853082486119e-02 7.82e-14 5.80e-13 7.91e-08 2.284
430   -9.848767257949e-02 -9.853023762763e-02 7.35e-14 5.46e-13 7.55e-08 2.288
431   -9.848770147775e-02 -9.853020180799e-02 7.28e-14 3.69e-13 7.63e-08 2.294
432   -9.848824124458e-02 -9.852961197512e-02 6.85e-14 3.48e-13 7.28e-08 2.298
433   -9.848827605173e-02 -9.852957577998e-02 6.79e-14 1.37e-14 7.35e-08 2.304
434   -9.848878408082e-02 -9.852901999562e-02 6.38e-14 1.77e-14 7.02e-08 2.308
435   -9.848881214221e-02 -9.852898548597e-02 6.35e-14 3.48e-13 7.09e-08 2.314
436   -9.848932273552e-02 -9.852842766116e-02 5.96e-14 3.33e-13 6.76e-08 2.318
437   -9.848935626507e-02 -9.852839267944e-02 5.91e-14 5.70e-13 6.83e-08 2.325
438   -9.848983713278e-02 -9.852786675439e-02 5.56e-14 5.24e-13 6.52e-08 2.328
439   -9.848986437795e-02 -9.852783349677e-02 5.52e-14 4.50e-13 6.58e-08 2.335
440   -9.849034734798e-02 -9.852730596744e-02 5.17e-14 4.22e-13 6.28e-08 2.339
441   -9.849037964822e-02 -9.852727216375e-02 5.14e-14 4.63e-13 6.34e-08 2.345
442   -9.849083472204e-02 -9.852677458067e-02 4.83e-14 4.32e-13 6.05e-08 2.349
443   -9.849086116777e-02 -9.852674252476e-02 5.40e-14 4.14e-13 6.11e-08 2.354
444   -9.849131792448e-02 -9.852624373309e-02 5.07e-14 4.11e-13 5.83e-08 2.358
445   -9.849134904942e-02 -9.852621106410e-02 4.97e-14 6.85e-13 5.89e-08 2.364
446   -9.849177967305e-02 -9.852574033462e-02 4.70e-14 6.40e-13 5.62e-08 2.368
447   -9.849180533841e-02 -9.852570942848e-02 4.72e-14 7.60e-13 5.67e-08 2.375
448   -9.849223727215e-02 -9.852523784054e-02 4.43e-14 7.11e-13 5.42e-08 2.378
449   -9.849226726472e-02 -9.852520627379e-02 4.41e-14 4.88e-13 5.47e-08 2.386
450   -9.849267467458e-02 -9.852476102834e-02 4.18e-14 4.52e-13 5.22e-08 2.389
451   -9.849269957483e-02 -9.852473122878e-02 4.16e-14 6.74e-13 5.27e-08 2.396
452   -9.849310793244e-02 -9.852428546854e-02 3.90e-14 6.31e-13 5.03e-08 2.400
453   -9.849313684060e-02 -9.852425496483e-02 3.81e-14 1.36e-12 5.07e-08 2.407
454   -9.849352225382e-02 -9.852383385739e-02 3.61e-14 1.29e-12 4.84e-08 2.410
455   -9.849354640944e-02 -9.852380511723e-02 3.64e-14 9.20e-13 4.89e-08 2.416
456   -9.849393247804e-02 -9.852338376683e-02 3.41e-14 8.61e-13 4.66e-08 2.420
457   -9.849396034170e-02 -9.852335429418e-02 3.39e-14 4.39e-13 4.71e-08 2.427
458   -9.849432485965e-02 -9.852295610653e-02 3.22e-14 4.06e-13 4.49e-08 2.431
459   -9.849434828652e-02 -9.852292838593e-02 3.21e-14 7.42e-14 4.54e-08 2.437
460   -9.849471317906e-02 -9.852253021867e-02 3.01e-14 7.58e-14 4.33e-08 2.441
461   -9.849474004002e-02 -9.852250174226e-02 3.00e-14 2.84e-13 4.37e-08 2.447
462   -9.849508477577e-02 -9.852212524545e-02 2.85e-14 2.68e-13 4.17e-08 2.451
463   -9.849510749408e-02 -9.852209850173e-02 2.84e-14 6.92e-13 4.21e-08 2.457
464   -9.849545234200e-02 -9.852172227232e-02 2.66e-14 6.62e-13 4.02e-08 2.461
465   -9.849547823656e-02 -9.852169476203e-02 2.59e-14 5.25e-13 4.05e-08 2.468
466   -9.849580419283e-02 -9.852133884878e-02 2.46e-14 4.92e-13 3.87e-08 2.472
467   -9.849582621728e-02 -9.852131304723e-02 2.49e-14 9.84e-14 3.90e-08 2.478
468   -9.849615208207e-02 -9.852095758781e-02 2.33e-14 1.10e-13 3.72e-08 2.482
469   -9.849617705244e-02 -9.852093100642e-02 2.33e-14 3.15e-13 3.76e-08 2.489
470   -9.849648522853e-02 -9.852059457482e-02 2.21e-14 2.87e-13 3.59e-08 2.493
471   -9.849650657741e-02 -9.852056967871e-02 3.82e-14 8.34e-13 3.62e-08 2.498
472   -9.849681448127e-02 -9.852023386531e-02 3.59e-14 7.92e-13 3.45e-08 2.502
473   -9.849683855955e-02 -9.852020818579e-02 3.56e-14 3.70e-13 3.48e-08 2.509
474   -9.849712987057e-02 -9.851989022659e-02 3.38e-14 3.52e-13 3.32e-08 2.513
475   -9.849715056515e-02 -9.851986619693e-02 4.92e-14 3.42e-13 3.35e-08 2.519
476   -9.849744146366e-02 -9.851954897945e-02 4.62e-14 3.09e-13 3.20e-08 2.523
477   -9.849746468501e-02 -9.851952417045e-02 4.53e-14 4.90e-13 3.23e-08 2.528
478   -9.849774002769e-02 -9.851922369598e-02 4.28e-14 4.39e-13 3.08e-08 2.532
479   -9.849776008331e-02 -9.851920050133e-02 4.29e-14 7.27e-13 3.11e-08 2.538
480   -9.849803487425e-02 -9.851890089342e-02 4.02e-14 6.94e-13 2.97e-08 2.542
481   -9.849805726822e-02 -9.851887692919e-02 3.94e-14 8.74e-13 2.99e-08 2.548
482   -9.849831748201e-02 -9.851859301509e-02 3.72e-14 8.19e-13 2.86e-08 2.552
483   -9.849833691386e-02 -9.851857062655e-02 3.70e-14 8.18e-13 2.88e-08 2.559
484   -9.849859643236e-02 -9.851828771084e-02 3.47e-14 7.70e-13 2.75e-08 2.563
485   -9.849861802932e-02 -9.851826456427e-02 3.45e-14 7.04e-13 2.77e-08 2.570
486   -9.849886388660e-02 -9.851799636024e-02 3.27e-14 6.72e-13 2.64e-08 2.573
487   -9.849888271110e-02 -9.851797474830e-02 3.25e-14 8.70e-13 2.67e-08 2.580
488   -9.849912778268e-02 -9.851770761884e-02 3.05e-14 8.19e-13 2.54e-08 2.584
489   -9.849914861582e-02 -9.851768525904e-02 2.98e-14 3.77e-13 2.57e-08 2.590
490   -9.849938089734e-02 -9.851743190670e-02 2.83e-14 3.42e-13 2.45e-08 2.594
491   -9.849939913187e-02 -9.851741104200e-02 4.15e-14 4.19e-13 2.47e-08 2.600
492   -9.849963052782e-02 -9.851715885257e-02 3.89e-14 4.02e-13 2.36e-08 2.604
493   -9.849965062482e-02 -9.851713725416e-02 4.30e-14 5.86e-13 2.37e-08 2.609
494   -9.849987003718e-02 -9.851689797652e-02 4.07e-14 5.65e-13 2.27e-08 2.613
495   -9.849988769823e-02 -9.851687783100e-02 5.32e-14 2.05e-13 2.29e-08 2.619
496   -9.850010616278e-02 -9.851663976559e-02 5.00e-14 1.67e-13 2.18e-08 2.623
497   -9.850012555002e-02 -9.851661890406e-02 5.44e-14 4.23e-13 2.20e-08 2.629
498   -9.850033279163e-02 -9.851639293382e-02 5.13e-14 3.90e-13 2.10e-08 2.633
499   -9.850034989865e-02 -9.851637347730e-02 5.61e-14 2.85e-13 2.11e-08 2.638
500   -9.850055612301e-02 -9.851614877818e-02 5.27e-14 2.90e-13 2.02e-08 2.642
501   -9.850057482582e-02 -9.851612862969e-02 5.64e-14 5.09e-13 2.03e-08 2.648
502   -9.850077052967e-02 -9.851591527155e-02 5.32e-14 4.93e-13 1.94e-08 2.652
503   -9.850078709277e-02 -9.851589648528e-02 5.75e-14 3.32e-13 1.96e-08 2.657
504   -9.850098173383e-02 -9.851568443246e-02 5.40e-14 2.98e-13 1.87e-08 2.661
505   -9.850099977370e-02 -9.851566497724e-02 5.76e-14 3.59e-13 1.88e-08 2.667
506   -9.850118452027e-02 -9.851546359349e-02 5.43e-14 3.59e-13 1.80e-08 2.671
507   -9.850120055286e-02 -9.851544545599e-02 6.99e-14 4.72e-13 1.81e-08 2.676
508   -9.850138423827e-02 -9.851524536184e-02 6.57e-14 4.33e-13 1.73e-08 2.680
509   -9.850140164394e-02 -9.851522657185e-02 6.94e-14 1.11e-13 1.74e-08 2.689
510   -9.850157605897e-02 -9.851503647626e-02 6.54e-14 1.06e-13 1.66e-08 2.693
511   -9.850159157583e-02 -9.851501896413e-02 6.93e-14 4.31e-13 1.67e-08 2.699
512   -9.850176485713e-02 -9.851483022441e-02 6.51e-14 3.98e-13 1.60e-08 2.703
513   -9.850178164495e-02 -9.851481208465e-02 6.88e-14 5.45e-13 1.61e-08 2.709
514   -9.850194627136e-02 -9.851463268150e-02 6.48e-14 4.96e-13 1.54e-08 2.713
515   -9.850196129559e-02 -9.851461576407e-02 6.86e-14 1.94e-13 1.55e-08 2.720
516   -9.850212474806e-02 -9.851443774914e-02 6.44e-14 1.90e-13 1.48e-08 2.723
517   -9.850214095157e-02 -9.851442022545e-02 6.79e-14 6.99e-13 1.49e-08 2.730
518   -9.850229632352e-02 -9.851425092940e-02 6.40e-14 6.61e-13 1.42e-08 2.734
519   -9.850231086533e-02 -9.851423459021e-02 7.77e-14 4.68e-13 1.43e-08 2.739
520   -9.850246506504e-02 -9.851406666991e-02 7.31e-14 4.32e-13 1.36e-08 2.743
521   -9.850248069445e-02 -9.851404975366e-02 7.59e-14 1.69e-13 1.37e-08 2.748
522   -9.850262725627e-02 -9.851389007690e-02 7.16e-14 1.53e-13 1.31e-08 2.752
523   -9.850264132994e-02 -9.851387429526e-02 8.46e-14 3.65e-13 1.32e-08 2.759
524   -9.850278673477e-02 -9.851371596830e-02 7.95e-14 3.49e-13 1.26e-08 2.763
525   -9.850280181011e-02 -9.851369963969e-02 8.26e-14 6.28e-13 1.27e-08 2.770
526   -9.850294004404e-02 -9.851354905402e-02 7.78e-14 5.96e-13 1.21e-08 2.774
527   -9.850295365667e-02 -9.851353381758e-02 8.12e-14 6.10e-13 1.22e-08 2.780
528   -9.850309074526e-02 -9.851338456032e-02 7.63e-14 5.65e-13 1.16e-08 2.784
529   -9.850310529377e-02 -9.851336879152e-02 7.89e-14 5.77e-13 1.17e-08 2.790
530   -9.850323566948e-02 -9.851322678272e-02 7.43e-14 5.36e-13 1.12e-08 2.794
531   -9.850324883475e-02 -9.851321207264e-02 7.76e-14 3.95e-14 1.12e-08 2.800
532   -9.850337802902e-02 -9.851307142351e-02 7.30e-14 5.24e-14 1.07e-08 2.804
533   -9.850339206313e-02 -9.851305620247e-02 6.03e-14 2.60e-13 1.08e-08 2.809
534   -9.850351501103e-02 -9.851292229919e-02 5.68e-14 2.87e-13 1.03e-08 2.813
535   -9.850352775335e-02 -9.851290808553e-02 6.85e-14 2.19e-13 1.04e-08 2.819
536   -9.850364949810e-02 -9.851277555848e-02 6.44e-14 2.10e-13 9.90e-09 2.823
537   -9.850366303863e-02 -9.851276086462e-02 6.69e-14 3.34e-13 9.96e-09 2.828
538   -9.850377891527e-02 -9.851263467632e-02 6.31e-14 3.36e-13 9.51e-09 2.832
539   -9.850379123745e-02 -9.851262095217e-02 6.60e-14 4.27e-13 9.57e-09 2.839
540   -9.850390598548e-02 -9.851249605247e-02 6.21e-14 3.90e-13 9.13e-09 2.843
541   -9.850391904723e-02 -9.851248187074e-02 6.48e-14 5.54e-13 9.18e-09 2.849
542   -9.850402824908e-02 -9.851236296351e-02 6.11e-14 5.23e-13 8.77e-09 2.853
543   -9.850404017047e-02 -9.851234970522e-02 7.17e-14 6.13e-14 8.82e-09 2.859
544   -9.850414824919e-02 -9.851223207484e-02 6.74e-14 6.86e-14 8.42e-09 2.863
545   -9.850416085368e-02 -9.851221838292e-02 6.97e-14 2.31e-13 8.47e-09 2.868
546   -9.850426378100e-02 -9.851210631927e-02 6.57e-14 1.99e-13 8.09e-09 2.872
547   -9.850427531119e-02 -9.851209351351e-02 7.58e-14 1.14e-13 8.13e-09 2.878
548   -9.850437707252e-02 -9.851198276788e-02 7.12e-14 1.07e-13 7.76e-09 2.882
549   -9.850438923316e-02 -9.851196955220e-02 7.33e-14 8.71e-14 7.80e-09 2.887
550   -9.850448621159e-02 -9.851186397583e-02 6.91e-14 1.03e-13 7.45e-09 2.891
551   -9.850449735917e-02 -9.851185161052e-02 7.17e-14 1.77e-13 7.49e-09 2.897
552   -9.850459318848e-02 -9.851174732886e-02 6.74e-14 1.19e-13 7.15e-09 2.901
553   -9.850460492194e-02 -9.851173457210e-02 5.69e-14 1.70e-13 7.18e-09 2.906
554   -9.850469622683e-02 -9.851163518157e-02 5.36e-14 2.15e-13 6.86e-09 2.910
555   -9.850470700690e-02 -9.851162323828e-02 5.64e-14 2.81e-13 6.90e-09 2.916
556   -9.850479720454e-02 -9.851152509259e-02 5.30e-14 2.52e-13 6.58e-09 2.920
557   -9.850480852327e-02 -9.851151278257e-02 5.51e-14 1.15e-12 6.61e-09 2.926
558   -9.850489446913e-02 -9.851141923418e-02 5.19e-14 1.10e-12 6.32e-09 2.930
559   -9.850490489051e-02 -9.851140770126e-02 6.10e-14 6.76e-13 6.35e-09 2.934
560   -9.850498982879e-02 -9.851131528533e-02 5.73e-14 6.34e-13 6.06e-09 2.938
561   -9.850500074561e-02 -9.851130340859e-02 5.95e-14 9.15e-13 6.09e-09 2.945
562   -9.850508161376e-02 -9.851121539471e-02 5.61e-14 8.36e-13 5.82e-09 2.949
563   -9.850509168850e-02 -9.851120425706e-02 5.86e-14 1.16e-12 5.84e-09 2.954
564   -9.850517151707e-02 -9.851111740687e-02 5.51e-14 1.10e-12 5.58e-09 2.958
565   -9.850518205481e-02 -9.851110593911e-02 5.72e-14 1.36e-12 5.60e-09 2.964
566   -9.850525821408e-02 -9.851102305751e-02 5.39e-14 1.27e-12 5.35e-09 2.968
567   -9.850526795298e-02 -9.851101230168e-02 5.62e-14 1.49e-12 5.37e-09 2.974
568   -9.850534308122e-02 -9.851093057103e-02 5.28e-14 1.42e-12 5.13e-09 2.978
569   -9.850535325281e-02 -9.851091949883e-02 5.49e-14 1.77e-12 5.15e-09 2.984
570   -9.850542487442e-02 -9.851084156182e-02 5.17e-14 1.65e-12 4.92e-09 2.988
571   -9.850543428885e-02 -9.851083117385e-02 5.40e-14 2.51e-12 4.94e-09 2.994
572   -9.850550491301e-02 -9.851075434837e-02 5.08e-14 2.37e-12 4.72e-09 2.998
573   -9.850551472182e-02 -9.851074366834e-02 4.22e-14 2.01e-12 4.73e-09 3.003
574   -9.850558207454e-02 -9.851067038254e-02 3.98e-14 1.91e-12 4.52e-09 3.007
575   -9.850559117621e-02 -9.851066034846e-02 4.21e-14 1.54e-12 4.54e-09 3.013
576   -9.850565760595e-02 -9.851058809054e-02 3.96e-14 1.44e-12 4.33e-09 3.017
577   -9.850566706328e-02 -9.851057779109e-02 3.15e-14 2.25e-12 4.35e-09 3.022
578   -9.850573037288e-02 -9.851050890984e-02 2.97e-14 2.14e-12 4.16e-09 3.026
579   -9.850573916314e-02 -9.851049922720e-02 3.72e-14 2.52e-12 4.17e-09 3.031
580   -9.850580157472e-02 -9.851043134422e-02 3.49e-14 2.40e-12 3.98e-09 3.035
581   -9.850581068874e-02 -9.851042141701e-02 2.72e-14 1.27e-12 3.99e-09 3.040
582   -9.850587016304e-02 -9.851035671336e-02 2.57e-14 1.21e-12 3.82e-09 3.044
583   -9.850587865119e-02 -9.851034737071e-02 3.28e-14 4.51e-13 3.83e-09 3.049
584   -9.850593725274e-02 -9.851028363567e-02 3.09e-14 3.94e-13 3.66e-09 3.053
585   -9.850594604460e-02 -9.851027405785e-02 2.35e-14 2.36e-13 3.67e-09 3.058
586   -9.850600195346e-02 -9.851021323763e-02 2.21e-14 1.60e-13 3.50e-09 3.062
587   -9.850601014084e-02 -9.851020423223e-02 2.90e-14 8.19e-13 3.51e-09 3.068
588   -9.850606513594e-02 -9.851014442310e-02 2.73e-14 7.83e-13 3.36e-09 3.072
589   -9.850607360851e-02 -9.851013519205e-02 2.02e-14 7.96e-13 3.36e-09 3.077
590   -9.850612610531e-02 -9.851007808764e-02 1.91e-14 7.61e-13 3.22e-09 3.081
591   -9.850613402304e-02 -9.851006938477e-02 2.13e-14 2.18e-12 3.22e-09 3.087
592   -9.850618569893e-02 -9.851001318878e-02 2.00e-14 2.02e-12 3.08e-09 3.090
593   -9.850619386955e-02 -9.851000428594e-02 2.18e-14 1.44e-12 3.09e-09 3.096
594   -9.850624318537e-02 -9.850995064538e-02 2.06e-14 1.38e-12 2.95e-09 3.100
595   -9.850625082858e-02 -9.850994224964e-02 2.27e-14 2.10e-12 2.96e-09 3.106
596   -9.850629930916e-02 -9.850988953143e-02 2.13e-14 1.95e-12 2.82e-09 3.109
597   -9.850630719558e-02 -9.850988093717e-02 1.50e-14 2.16e-12 2.83e-09 3.115
598   -9.850635348099e-02 -9.850983059622e-02 1.41e-14 2.08e-12 2.70e-09 3.119
599   -9.850636084998e-02 -9.850982250636e-02 1.62e-14 2.58e-12 2.71e-09 3.124
600   -9.850640635217e-02 -9.850977302964e-02 1.53e-14 2.42e-12 2.59e-09 3.128
601   -9.850641393659e-02 -9.850976476413e-02 1.70e-14 3.69e-12 2.59e-09 3.134
602   -9.850645737128e-02 -9.850971752660e-02 1.60e-14 3.50e-12 2.48e-09 3.138
603   -9.850646448295e-02 -9.850970972369e-02 1.79e-14 3.42e-12 2.48e-09 3.144
604   -9.850650713657e-02 -9.850966334677e-02 1.68e-14 3.20e-12 2.37e-09 3.156
605   -9.850651444682e-02 -9.850965537944e-02 1.10e-14 4.75e-12 2.38e-09 3.166
606   -9.850655521455e-02 -9.850961104519e-02 1.04e-14 4.49e-12 2.27e-09 3.171
607   -9.850656207360e-02 -9.850960352344e-02 1.60e-14 2.40e-12 2.27e-09 3.179
608   -9.850660208791e-02 -9.850956001851e-02 1.51e-14 2.26e-12 2.17e-09 3.183
609   -9.850660913395e-02 -9.850955233901e-02 1.66e-14 3.08e-12 2.17e-09 3.190
610   -9.850664738932e-02 -9.850951073944e-02 1.57e-14 2.84e-12 2.08e-09 3.194
611   -9.850665399426e-02 -9.850950349981e-02 1.75e-14 2.36e-12 2.08e-09 3.202
612   -9.850669149327e-02 -9.850946273162e-02 1.65e-14 2.22e-12 1.99e-09 3.206
613   -9.850669825705e-02 -9.850945535939e-02 1.11e-14 8.40e-13 1.99e-09 3.213
614   -9.850673408414e-02 -9.850941640254e-02 1.05e-14 7.33e-13 1.90e-09 3.218
615   -9.850674045188e-02 -9.850940942635e-02 1.56e-14 2.44e-13 1.90e-09 3.225
616   -9.850677558754e-02 -9.850937122943e-02 1.47e-14 2.15e-13 1.82e-09 3.231
617   -9.850678210669e-02 -9.850936412373e-02 9.60e-15 5.50e-13 1.82e-09 3.237
618   -9.850681570956e-02 -9.850932758755e-02 9.08e-15 5.57e-13 1.74e-09 3.243
619   -9.850682185479e-02 -9.850932085791e-02 1.08e-14 1.18e-12 1.74e-09 3.249
620   -9.850685480895e-02 -9.850928503436e-02 1.01e-14 1.14e-12 1.67e-09 3.254
621   -9.850686105395e-02 -9.850927822738e-02 5.33e-15 1.33e-12 1.67e-09 3.259
622   -9.850689247624e-02 -9.850924406390e-02 5.05e-15 1.22e-12 1.59e-09 3.264
623   -9.850689838640e-02 -9.850923759435e-02 6.83e-15 6.56e-13 1.59e-09 3.269
624   -9.850692927555e-02 -9.850920401716e-02 6.41e-15 6.31e-13 1.52e-09 3.275
625   -9.850693529492e-02 -9.850919745637e-02 7.83e-15 1.56e-13 1.52e-09 3.281
626   -9.850696479379e-02 -9.850916538590e-02 7.41e-15 1.29e-13 1.46e-09 3.286
627   -9.850697047111e-02 -9.850915917372e-02 1.19e-14 1.24e-12 1.46e-09 3.291
628   -9.850699936619e-02 -9.850912776545e-02 1.12e-14 1.10e-12 1.39e-09 3.297
629   -9.850700514067e-02 -9.850912147146e-02 6.74e-15 4.71e-13 1.39e-09 3.302
630   -9.850703280077e-02 -9.850909140160e-02 6.38e-15 4.64e-13 1.33e-09 3.307
631   -9.850703826445e-02 -9.850908542531e-02 7.99e-15 2.29e-12 1.33e-09 3.313
632   -9.850706527603e-02 -9.850905606562e-02 7.52e-15 2.10e-12 1.27e-09 3.319
633   -9.850707080150e-02 -9.850905004327e-02 8.94e-15 1.55e-13 1.27e-09 3.325
634   -9.850709662402e-02 -9.850902197240e-02 8.47e-15 1.35e-13 1.22e-09 3.329
635   -9.850710186449e-02 -9.850901624228e-02 1.25e-14 2.56e-13 1.21e-09 3.335
636   -9.850712716299e-02 -9.850898874572e-02 1.17e-14 3.04e-13 1.16e-09 3.341
637   -9.850713247649e-02 -9.850898295438e-02 7.69e-15 1.44e-12 1.16e-09 3.349
638   -9.850715667863e-02 -9.850895664632e-02 7.27e-15 1.42e-12 1.11e-09 3.353
639   -9.850716172040e-02 -9.850895113522e-02 1.11e-14 3.88e-12 1.11e-09 3.359
640   -9.850718541418e-02 -9.850892538391e-02 1.04e-14 3.70e-12 1.06e-09 3.363
641   -9.850719049632e-02 -9.850891984511e-02 1.17e-14 3.46e-12 1.06e-09 3.370
642   -9.850721309675e-02 -9.850889527922e-02 1.10e-14 3.23e-12 1.01e-09 3.374
643   -9.850721791755e-02 -9.850889001116e-02 1.46e-14 2.18e-12 1.01e-09 3.379
644   -9.850724011144e-02 -9.850886589091e-02 1.37e-14 2.13e-12 9.67e-10 3.383
645   -9.850724500126e-02 -9.850886056180e-02 1.00e-14 7.23e-13 9.65e-10 3.388
646   -9.850726616725e-02 -9.850883755619e-02 9.46e-15 6.63e-13 9.24e-10 3.392
647   -9.850727077989e-02 -9.850883251686e-02 1.07e-14 2.46e-12 9.22e-10 3.398
648   -9.850729151388e-02 -9.850880998409e-02 1.00e-14 2.43e-12 8.82e-10 3.402
649   -9.850729618542e-02 -9.850880489309e-02 6.52e-15 1.14e-12 8.80e-10 3.407
650   -9.850731598906e-02 -9.850878336918e-02 6.16e-15 1.07e-12 8.42e-10 3.411
651   -9.850732040594e-02 -9.850877854503e-02 9.49e-15 1.29e-12 8.40e-10 3.416
652   -9.850733973212e-02 -9.850875754297e-02 8.94e-15 1.23e-12 8.04e-10 3.420
653   -9.850734419291e-02 -9.850875268188e-02 5.63e-15 1.87e-12 8.02e-10 3.425
654   -9.850736276254e-02 -9.850873250007e-02 5.33e-15 1.79e-12 7.68e-10 3.429
655   -9.850736698892e-02 -9.850872788508e-02 6.55e-15 5.68e-13 7.66e-10 3.434
656   -9.850738516348e-02 -9.850870813525e-02 6.16e-15 4.67e-13 7.33e-10 3.438
657   -9.850738942268e-02 -9.850870349410e-02 3.05e-15 5.65e-13 7.30e-10 3.443
658   -9.850740682633e-02 -9.850868458017e-02 2.89e-15 5.72e-13 6.99e-10 3.447
659   -9.850741087376e-02 -9.850868016170e-02 5.94e-15 1.73e-12 6.97e-10 3.452
660   -9.850742781685e-02 -9.850866175066e-02 5.61e-15 1.69e-12 6.67e-10 3.456
661   -9.850743187761e-02 -9.850865732604e-02 6.49e-15 2.42e-12 6.65e-10 3.461
662   -9.850744812890e-02 -9.850863966519e-02 6.16e-15 2.32e-12 6.36e-10 3.465
663   -9.850745196462e-02 -9.850863547868e-02 9.05e-15 1.38e-12 6.34e-10 3.470
664   -9.850746780416e-02 -9.850861826731e-02 8.49e-15 1.31e-12 6.07e-10 3.474
665   -9.850747165350e-02 -9.850861407327e-02 5.61e-15 8.42e-13 6.05e-10 3.479
666   -9.850748674028e-02 -9.850859767841e-02 5.33e-15 7.82e-13 5.79e-10 3.483
667   -9.850749039596e-02 -9.850859368922e-02 8.05e-15 5.11e-12 5.77e-10 3.489
668   -9.850750521671e-02 -9.850857758542e-02 7.55e-15 4.78e-12 5.52e-10 3.493
669   -9.850750887220e-02 -9.850857360281e-02 4.77e-15 3.81e-12 5.50e-10 3.498
670   -9.850752298295e-02 -9.850855826915e-02 4.50e-15 3.72e-12 5.27e-10 3.502
671   -9.850752646050e-02 -9.850855447511e-02 7.11e-15 4.16e-12 5.25e-10 3.507
672   -9.850754023087e-02 -9.850853951301e-02 6.72e-15 4.03e-12 5.03e-10 3.511
673   -9.850754372929e-02 -9.850853570185e-02 7.44e-15 2.35e-12 5.00e-10 3.516
674   -9.850755700104e-02 -9.850852128048e-02 7.05e-15 2.28e-12 4.79e-10 3.520
675   -9.850756032029e-02 -9.850851765969e-02 7.94e-15 6.44e-12 4.77e-10 3.526
676   -9.850757320205e-02 -9.850850366354e-02 7.49e-15 5.96e-12 4.57e-10 3.530
677   -9.850757652268e-02 -9.850850004615e-02 5.00e-15 1.13e-11 4.55e-10 3.534
678   -9.850758888461e-02 -9.850848661384e-02 4.72e-15 1.05e-11 4.35e-10 3.538
679   -9.850759204408e-02 -9.850848316797e-02 5.61e-15 1.51e-11 4.33e-10 3.544
680   -9.850760409098e-02 -9.850847007931e-02 5.27e-15 1.43e-11 4.15e-10 3.548
681   -9.850760722757e-02 -9.850846666254e-02 2.94e-15 1.55e-11 4.13e-10 3.553
682   -9.850761880606e-02 -9.850845408190e-02 2.78e-15 1.47e-11 3.95e-10 3.557
683   -9.850762180930e-02 -9.850845080694e-02 3.66e-15 1.94e-11 3.94e-10 3.563
684   -9.850763308619e-02 -9.850843855518e-02 3.44e-15 1.82e-11 3.77e-10 3.566
685   -9.850763604080e-02 -9.850843533682e-02 1.22e-15 2.29e-11 3.75e-10 3.571
686   -9.850764680962e-02 -9.850842363621e-02 1.17e-15 2.15e-11 3.59e-10 3.575
687   -9.850764964298e-02 -9.850842054702e-02 3.33e-15 1.75e-11 3.57e-10 3.580
688   -9.850766010739e-02 -9.850840917822e-02 3.11e-15 1.65e-11 3.42e-10 3.584
689   -9.850766288749e-02 -9.850840615013e-02 3.77e-15 1.80e-11 3.40e-10 3.589
690   -9.850767299021e-02 -9.850839517359e-02 3.58e-15 1.69e-11 3.26e-10 3.593
691   -9.850767566222e-02 -9.850839226078e-02 5.61e-15 1.43e-11 3.24e-10 3.598
692   -9.850768548861e-02 -9.850838158535e-02 5.27e-15 1.34e-11 3.10e-10 3.602
693   -9.850768815587e-02 -9.850837868029e-02 3.22e-15 1.52e-11 3.08e-10 3.607
694   -9.850769758011e-02 -9.850836844121e-02 3.05e-15 1.44e-11 2.95e-10 3.611
695   -9.850770012074e-02 -9.850836567193e-02 3.77e-15 1.23e-11 2.94e-10 3.616
696   -9.850770926496e-02 -9.850835573786e-02 3.55e-15 1.16e-11 2.81e-10 3.620
697   -9.850771175681e-02 -9.850835302400e-02 4.14e-15 1.47e-11 2.80e-10 3.625
698   -9.850772050856e-02 -9.850834351577e-02 3.91e-15 1.40e-11 2.68e-10 3.629
699   -9.850772290307e-02 -9.850834090611e-02 5.72e-15 1.32e-11 2.66e-10 3.634
700   -9.850773150131e-02 -9.850833156541e-02 5.38e-15 1.24e-11 2.55e-10 3.638
701   -9.850773386251e-02 -9.850832899392e-02 3.52e-15 1.00e-11 2.53e-10 3.643
702   -9.850774201827e-02 -9.850832013342e-02 3.33e-15 9.52e-12 2.42e-10 3.647
703   -9.850774426720e-02 -9.850831768264e-02 3.94e-15 9.50e-12 2.41e-10 3.653
704   -9.850775218190e-02 -9.850830908465e-02 3.72e-15 8.96e-12 2.31e-10 3.657
705   -9.850775442682e-02 -9.850830663990e-02 2.00e-15 5.62e-12 2.29e-10 3.662
706   -9.850776214866e-02 -9.850829825110e-02 1.89e-15 5.36e-12 2.19e-10 3.666
707   -9.850776426178e-02 -9.850829594862e-02 3.55e-15 8.26e-12 2.18e-10 3.671
708   -9.850777178331e-02 -9.850828777791e-02 3.33e-15 7.69e-12 2.09e-10 3.675
709   -9.850777385337e-02 -9.850828552377e-02 1.67e-15 3.66e-12 2.07e-10 3.679
710   -9.850778097747e-02 -9.850827778435e-02 1.58e-15 3.25e-12 1.98e-10 3.683
711   -9.850778293936e-02 -9.850827564679e-02 2.19e-15 6.59e-13 1.97e-10 3.690
712   -9.850778978948e-02 -9.850826820548e-02 2.05e-15 6.17e-13 1.89e-10 3.694
713   -9.850779177866e-02 -9.850826603954e-02 2.53e-15 6.36e-13 1.88e-10 3.700
714   -9.850779837159e-02 -9.850825887741e-02 2.39e-15 5.53e-13 1.80e-10 3.704
715   -9.850780025506e-02 -9.850825682552e-02 3.86e-15 1.75e-12 1.78e-10 3.709
716   -9.850780673374e-02 -9.850824978799e-02 3.64e-15 1.67e-12 1.71e-10 3.713
717   -9.850780852410e-02 -9.850824783850e-02 2.08e-15 3.89e-12 1.70e-10 3.718
718   -9.850781458137e-02 -9.850824125829e-02 1.97e-15 3.74e-12 1.62e-10 3.722
719   -9.850781632530e-02 -9.850823935859e-02 3.41e-15 9.37e-13 1.61e-10 3.727
720   -9.850782228070e-02 -9.850823288949e-02 3.22e-15 8.79e-13 1.54e-10 3.731
721   -9.850782401358e-02 -9.850823100273e-02 1.80e-15 2.65e-12 1.53e-10 3.736
722   -9.850782957864e-02 -9.850822495741e-02 1.72e-15 2.19e-12 1.47e-10 3.740
723   -9.850783118586e-02 -9.850822320673e-02 3.08e-15 1.94e-12 1.46e-10 3.745
724   -9.850783675323e-02 -9.850821715927e-02 2.89e-15 1.79e-12 1.40e-10 3.749
725   -9.850783835340e-02 -9.850821541715e-02 3.25e-15 4.27e-13 1.39e-10 3.754
726   -9.850784358090e-02 -9.850820973860e-02 3.08e-15 5.93e-13 1.33e-10 3.758
727   -9.850784513814e-02 -9.850820804253e-02 4.33e-15 1.35e-12 1.32e-10 3.763
728   -9.850785036307e-02 -9.850820236716e-02 4.08e-15 1.53e-12 1.26e-10 3.767
729   -9.850785189573e-02 -9.850820069863e-02 2.78e-15 6.24e-12 1.25e-10 3.772
730   -9.850785696094e-02 -9.850819519654e-02 2.61e-15 5.82e-12 1.20e-10 3.776
731   -9.850785837544e-02 -9.850819365602e-02 3.05e-15 1.33e-12 1.19e-10 3.781
732   -9.850786317818e-02 -9.850818843920e-02 2.86e-15 1.33e-12 1.14e-10 3.785
733   -9.850786463802e-02 -9.850818685001e-02 1.64e-15 4.19e-12 1.13e-10 3.790
734   -9.850786926968e-02 -9.850818181893e-02 1.55e-15 4.25e-12 1.08e-10 3.794
735   -9.850787062550e-02 -9.850818034240e-02 1.97e-15 4.05e-12 1.07e-10 3.799
736   -9.850787519302e-02 -9.850817538124e-02 1.86e-15 3.83e-12 1.03e-10 3.803
737   -9.850787652303e-02 -9.850817393341e-02 2.16e-15 1.28e-11 1.02e-10 3.808
738   -9.850788090351e-02 -9.850816917522e-02 2.05e-15 1.21e-11 9.73e-11 3.812
739   -9.850788221704e-02 -9.850816774488e-02 3.14e-15 1.72e-11 9.65e-11 3.818
740   -9.850788647656e-02 -9.850816311832e-02 2.94e-15 1.61e-11 9.22e-11 3.822
741   -9.850788777203e-02 -9.850816170817e-02 3.22e-15 1.52e-11 9.15e-11 3.827
742   -9.850789172289e-02 -9.850815741674e-02 3.05e-15 1.41e-11 8.75e-11 3.831
743   -9.850789288149e-02 -9.850815615511e-02 4.08e-15 1.35e-11 8.69e-11 3.836
744   -9.850789675499e-02 -9.850815194787e-02 3.83e-15 1.27e-11 8.31e-11 3.841
745   -9.850789791962e-02 -9.850815068016e-02 2.72e-15 4.03e-12 8.24e-11 3.846
746   -9.850790163938e-02 -9.850814663978e-02 2.58e-15 3.81e-12 7.88e-11 3.850
747   -9.850790275026e-02 -9.850814543028e-02 3.55e-15 8.39e-12 7.82e-11 3.856
748   -9.850790630686e-02 -9.850814156727e-02 3.33e-15 7.92e-12 7.48e-11 3.860
749   -9.850790739803e-02 -9.850814037962e-02 2.30e-15 1.51e-11 7.42e-11 3.866
750   -9.850791088654e-02 -9.850813659048e-02 2.16e-15 1.43e-11 7.09e-11 3.870
751   -9.850791193815e-02 -9.850813544559e-02 3.11e-15 2.18e-11 7.03e-11 3.875
752   -9.850791526791e-02 -9.850813182903e-02 2.94e-15 2.03e-11 6.72e-11 3.879
753   -9.850791631116e-02 -9.850813069385e-02 1.55e-14 1.53e-11 6.66e-11 3.885
754   -9.850791956818e-02 -9.850812715620e-02 1.46e-14 1.41e-11 6.37e-11 3.889
755   -9.850792050672e-02 -9.850812613438e-02 1.45e-14 1.19e-11 6.32e-11 3.896
756   -9.850792358050e-02 -9.850812279583e-02 1.37e-14 1.10e-11 6.04e-11 3.900
757   -9.850792457029e-02 -9.850812171886e-02 2.55e-14 1.47e-11 5.98e-11 3.905
758   -9.850792754275e-02 -9.850811849029e-02 2.40e-14 1.37e-11 5.72e-11 3.909
759   -9.850792846377e-02 -9.850811748800e-02 3.64e-14 1.15e-11 5.67e-11 3.915
760   -9.850793133052e-02 -9.850811437438e-02 3.42e-14 1.08e-11 5.42e-11 3.918
761   -9.850793218463e-02 -9.850811344498e-02 4.35e-14 5.42e-12 5.37e-11 3.923
762   -9.850793488572e-02 -9.850811051113e-02 4.10e-14 4.85e-12 5.13e-11 3.927
763   -9.850793574211e-02 -9.850810957923e-02 5.24e-14 5.32e-12 5.09e-11 3.932
764   -9.850793835478e-02 -9.850810674191e-02 6.39e-14 4.13e-08 4.86e-11 3.936
765   -9.850793918651e-02 -9.850810583701e-02 7.29e-14 4.02e-08 4.82e-11 3.941
766   -9.850794163187e-02 -9.850810318093e-02 6.87e-14 3.79e-08 4.61e-11 3.945
767   -9.850794241347e-02 -9.850810233046e-02 7.84e-14 3.69e-08 4.57e-11 3.949
768   -9.850794473863e-02 -9.850809980503e-02 7.39e-14 3.48e-08 4.38e-11 3.953
769   -9.850794551805e-02 -9.850809895695e-02 8.06e-14 3.39e-08 4.33e-11 3.958
770   -9.850794796223e-02 -9.850809630225e-02 7.57e-14 3.19e-08 4.13e-11 3.962
771   -9.850794870617e-02 -9.850809549276e-02 8.46e-14 3.10e-08 4.10e-11 3.967
772   -9.850795110846e-02 -9.850809288358e-02 7.94e-14 2.91e-08 3.90e-11 3.971
773   -9.850795184545e-02 -9.850809208179e-02 8.62e-14 2.83e-08 3.87e-11 3.975
774   -9.850795394531e-02 -9.850808980097e-02 8.12e-14 2.67e-08 3.70e-11 3.979
775   -9.850795461718e-02 -9.850808906996e-02 8.97e-14 2.59e-08 3.67e-11 3.984
776   -9.850795664860e-02 -9.850808686354e-02 8.45e-14 2.44e-08 3.51e-11 3.988
777   -9.850795738437e-02 -9.850808606310e-02 9.00e-14 2.37e-08 3.46e-11 3.992
778   -9.850795944136e-02 -9.850808382893e-02 8.46e-14 2.23e-08 3.31e-11 3.996
779   -9.850796012954e-02 -9.850808308021e-02 9.17e-14 2.16e-08 3.27e-11 4.001
780   -9.850796194217e-02 -9.850808111149e-02 8.65e-14 2.04e-08 3.13e-11 4.004
781   -9.850796256655e-02 -9.850808043224e-02 9.18e-14 1.99e-08 3.10e-11 4.009
782   -9.850796436546e-02 -9.850807847839e-02 8.65e-14 1.87e-08 2.96e-11 4.013
783   -9.850796500247e-02 -9.850807778578e-02 1.09e-13 1.82e-08 2.93e-11 4.018
784   -9.850796684222e-02 -9.850807578762e-02 1.02e-13 1.70e-08 2.79e-11 4.022
785   -9.850796744168e-02 -9.850807513553e-02 1.06e-13 1.66e-08 2.77e-11 4.026
786   -9.850796910863e-02 -9.850807332495e-02 1.00e-13 1.56e-08 2.65e-11 4.030
787   -9.850796964740e-02 -9.850807273880e-02 1.06e-13 1.52e-08 2.62e-11 4.035
788   -9.850797128323e-02 -9.850807096205e-02 9.93e-14 1.43e-08 2.50e-11 4.039
789   -9.850797177671e-02 -9.850807042535e-02 1.04e-13 1.39e-08 2.48e-11 4.043
790   -9.850797321518e-02 -9.850806886284e-02 9.79e-14 1.31e-08 2.38e-11 4.047
791   -9.850797371978e-02 -9.850806831448e-02 1.21e-13 1.28e-08 2.35e-11 4.052
792   -9.850797503392e-02 -9.850806688706e-02 1.14e-13 1.21e-08 2.26e-11 4.056
793   -9.850797559027e-02 -9.850806628190e-02 1.17e-13 1.17e-08 2.23e-11 4.061
794   -9.850797704954e-02 -9.850806469694e-02 1.10e-13 1.10e-08 2.13e-11 4.065
795   -9.850797757420e-02 -9.850806412616e-02 1.14e-13 1.07e-08 2.11e-11 4.069
796   -9.850797927078e-02 -9.850806228352e-02 1.06e-13 9.96e-09 2.00e-11 4.073
797   -9.850797978655e-02 -9.850806172241e-02 1.09e-13 9.67e-09 1.97e-11 4.077
798   -9.850798108643e-02 -9.850806031053e-02 1.02e-13 9.10e-09 1.88e-11 4.081
799   -9.850798145247e-02 -9.850805991236e-02 1.07e-13 8.89e-09 1.87e-11 4.086
800   -9.850798259222e-02 -9.850805867432e-02 1.02e-13 8.40e-09 1.79e-11 4.089
801   -9.850798304761e-02 -9.850805817834e-02 7.84e-14 8.17e-09 1.76e-11 4.094
802   -9.850798429200e-02 -9.850805682675e-02 7.36e-14 7.67e-09 1.68e-11 4.098
803   -9.850798477022e-02 -9.850805630696e-02 9.16e-14 7.46e-09 1.66e-11 4.102
804   -9.850798589692e-02 -9.850805508326e-02 8.63e-14 7.03e-09 1.59e-11 4.106
805   -9.850798628273e-02 -9.850805466366e-02 8.95e-14 6.89e-09 1.57e-11 4.110
806   -9.850798734164e-02 -9.850805351351e-02 8.43e-14 6.49e-09 1.50e-11 4.114
807   -9.850798765131e-02 -9.850805317672e-02 8.93e-14 6.27e-09 1.49e-11 4.119
808   -9.850798850668e-02 -9.850805224760e-02 8.48e-14 5.96e-09 1.43e-11 4.123
809   -9.850798898747e-02 -9.850805172473e-02 8.67e-14 5.79e-09 1.41e-11 4.127
810   -9.850799017964e-02 -9.850805042993e-02 8.09e-14 5.40e-09 1.34e-11 4.131
811   -9.850799058818e-02 -9.850804998563e-02 8.42e-14 5.20e-09 1.32e-11 4.136
812   -9.850799161610e-02 -9.850804886921e-02 7.90e-14 4.88e-09 1.26e-11 4.140
813   -9.850799194510e-02 -9.850804851143e-02 8.20e-14 4.81e-09 1.25e-11 4.144
814   -9.850799275328e-02 -9.850804763358e-02 7.76e-14 4.56e-09 1.20e-11 4.148
815   -9.850799314941e-02 -9.850804720277e-02 8.03e-14 4.33e-09 1.18e-11 4.153
816   -9.850799401191e-02 -9.850804626604e-02 7.57e-14 4.08e-09 1.13e-11 4.157
817   -9.850799438143e-02 -9.850804586410e-02 7.64e-14 3.97e-09 1.11e-11 4.161
818   -9.850799562248e-02 -9.850804451626e-02 7.03e-14 3.66e-09 1.04e-11 4.165
819   -9.850799604403e-02 -9.850804405804e-02 8.17e-14 3.28e-09 1.02e-11 4.169
820   -9.850799711772e-02 -9.850804289192e-02 7.55e-14 3.03e-09 9.61e-12 4.173
821   -9.850799748540e-02 -9.850804249210e-02 7.74e-14 3.04e-09 9.48e-12 4.178
822   -9.850799824573e-02 -9.850804166623e-02 7.27e-14 2.85e-09 9.05e-12 4.182
823   -9.850799849838e-02 -9.850804139176e-02 8.71e-14 2.33e-09 8.96e-12 4.186
824   -9.850799907980e-02 -9.850804076019e-02 8.27e-14 2.21e-09 8.62e-12 4.190
825   -9.850799932892e-02 -9.850804048874e-02 6.60e-14 1.77e-09 8.48e-12 4.194
826   -9.850799993584e-02 -9.850803982952e-02 6.24e-14 1.68e-09 8.14e-12 4.198
827   -9.850800019602e-02 -9.850803954681e-02 7.51e-14 1.15e-09 8.01e-12 4.203
828   -9.850800082978e-02 -9.850803885847e-02 7.07e-14 1.08e-09 7.67e-12 4.207
829   -9.850800106174e-02 -9.850803860618e-02 7.18e-14 1.16e-09 7.56e-12 4.211
830   -9.850800145929e-02 -9.850803817439e-02 6.89e-14 1.12e-09 7.33e-12 4.215
831   -9.850800167148e-02 -9.850803794361e-02 6.97e-14 1.02e-09 7.24e-12 4.220
832   -9.850800252519e-02 -9.850803701645e-02 6.43e-14 9.42e-10 6.80e-12 4.224
833   -9.850800279982e-02 -9.850803671777e-02 6.54e-14 1.02e-09 6.64e-12 4.228
834   -9.850800331827e-02 -9.850803615466e-02 6.18e-14 9.68e-10 6.37e-12 4.232
835   -9.850800354157e-02 -9.850803591206e-02 7.15e-14 5.90e-10 6.28e-12 4.236
836   -9.850800397770e-02 -9.850803543837e-02 6.81e-14 5.63e-10 6.05e-12 4.240
837   -9.850800416999e-02 -9.850803522923e-02 6.78e-14 5.92e-10 5.97e-12 4.244
838   -9.850800492581e-02 -9.850803440836e-02 6.24e-14 5.45e-10 5.60e-12 4.248
Numerical error in objective
Restoring previous solution


Suboptimal solution found in 839 iterations and 4.25 seconds
Objective -9.85069648e-02
Primal infeasibility (abs/rel): 1.48e-14/7.41e-15
Dual infeasibility   (abs/rel): 1.42e-13/1.29e-13
Complementarity gap  (abs/rel): 1.60e-09/1.46e-09


Barrier finished in 4.25 seconds
Dual variables for problems with quadratic constraints not returned.
