cuOpt version: 26.10.0, git hash: 648f805d, host arch: x86_64, device archs: 80-real
CPU: AMD EPYC 7642 48-Core Processor, threads: 5C/5T, RAM usage: 43.76/503.74GiB
CPU SIMD target: AVX2
CUDA 12.9, device: NVIDIA A100 80GB PCIe (ID 0), VRAM: 79.44 GiB
CUDA device UUID: 68df5cf5-71f9-6a93-b428-460c080ffb10
Problem has 1 quadratic constraints. Converting to second-order cones and solving with barrier.
Barrier: reusing cache (skip convert/presolve/scaling)
Barrier solver started at 0.000 seconds
Barrier solver: 5103 constraints, 10102 variables, 265152 nonzeros
Barrier setup complete at 0.000 seconds
Adaptive regularization enabled


                  Objective                         Infeasibility        Time
Iter   Primal              Dual                Primal   Dual    Compl.   Elapsed
  0   -3.702509737108e+02 -3.710937010099e+02 3.71e+03 1.91e+00 1.19e-02 0.001
  1   -4.751265496801e-01 -3.472793760466e+02 3.37e+00 2.99e-01 2.04e-01 0.005
  2   -6.514534489183e-02 -4.835694735710e+00 3.31e-02 3.32e-03 2.61e-03 0.010
  3   -6.240694917577e-02 -2.183161811481e-01 1.05e-03 1.06e-04 6.09e-05 0.014
  4   -6.280918688759e-02 -2.186956737624e-01 1.05e-03 1.05e-04 4.86e-05 0.018
  5   -6.276445301618e-02 -2.186501048906e-01 1.05e-03 1.05e-04 5.15e-05 0.022
  6   -6.378250869412e-02 -2.189188949489e-01 1.02e-03 1.02e-04 6.11e-05 0.026
  7   -6.378321767632e-02 -2.189141493928e-01 1.02e-03 1.02e-04 6.11e-05 0.032
  8   -6.426814797504e-02 -2.191084894033e-01 9.66e-04 9.70e-05 1.62e-04 0.036
  9   -7.501155315306e-02 -1.922037505922e-01 5.93e-04 5.95e-05 1.70e-04 0.040
 10   -7.475228108849e-02 -1.914417102513e-01 5.74e-04 5.76e-05 1.96e-04 0.046
 11   -7.785731529096e-02 -1.636825708048e-01 1.33e-04 1.33e-05 2.29e-04 0.050
 12   -7.774727809827e-02 -1.633721863656e-01 1.29e-04 1.30e-05 2.25e-04 0.055
 13   -8.175292309440e-02 -1.478399179697e-01 8.48e-05 8.51e-06 2.01e-04 0.059
 14   -8.180968162072e-02 -1.478941677726e-01 8.47e-05 8.50e-06 2.01e-04 0.065
 15   -8.169766175586e-02 -1.436043952562e-01 5.14e-05 5.16e-06 1.75e-04 0.069
 16   -8.551958327058e-02 -1.327788645008e-01 3.79e-05 3.81e-06 1.53e-04 0.073
 17   -8.524473120695e-02 -1.325016036131e-01 3.78e-05 3.79e-06 1.72e-04 0.078
 18   -8.539020655762e-02 -1.326217815844e-01 3.75e-05 3.76e-06 1.91e-04 0.085
 19   -8.615860147512e-02 -1.257105236652e-01 1.35e-05 1.36e-06 1.18e-04 0.090
 20   -8.610730877135e-02 -1.255711481391e-01 1.33e-05 1.33e-06 1.33e-04 0.095
 21   -8.703466570495e-02 -1.232002560847e-01 1.08e-05 1.09e-06 1.11e-04 0.099
 22   -8.706692462861e-02 -1.232310190280e-01 1.08e-05 1.08e-06 1.14e-04 0.107
 23   -8.709121848078e-02 -1.223352485291e-01 8.98e-06 9.01e-07 1.32e-04 0.111
 24   -8.707005387765e-02 -1.222879388486e-01 8.93e-06 8.96e-07 1.36e-04 0.117
 25   -8.707731714588e-02 -1.217753541152e-01 8.02e-06 8.05e-07 1.55e-04 0.121
 26   -8.709531176323e-02 -1.217579097655e-01 7.97e-06 8.00e-07 1.58e-04 0.127
 27   -8.724116016442e-02 -1.209731149446e-01 6.88e-06 6.90e-07 1.67e-04 0.131
 28   -8.723747940570e-02 -1.209353888212e-01 6.83e-06 6.86e-07 1.71e-04 0.137
 29   -8.740282045402e-02 -1.201848578819e-01 5.94e-06 5.97e-07 1.78e-04 0.141
 30   -8.741317261246e-02 -1.201559112942e-01 5.91e-06 5.93e-07 1.82e-04 0.148
 31   -8.763230620063e-02 -1.193544588847e-01 5.10e-06 5.12e-07 1.84e-04 0.152
 32   -8.763832064581e-02 -1.193235473075e-01 5.07e-06 5.09e-07 1.88e-04 0.158
 33   -8.788872201909e-02 -1.185072703285e-01 4.37e-06 4.39e-07 1.88e-04 0.161
 34   -8.789144719335e-02 -1.184748355912e-01 4.34e-06 4.36e-07 1.92e-04 0.167
 35   -8.814727846935e-02 -1.176983038223e-01 3.76e-06 3.78e-07 1.90e-04 0.171
 36   -8.815789916831e-02 -1.176726570634e-01 3.74e-06 3.75e-07 1.93e-04 0.177
 37   -8.845847821098e-02 -1.168483121322e-01 3.22e-06 3.23e-07 1.89e-04 0.181
 38   -8.845592509854e-02 -1.168149340960e-01 3.20e-06 3.21e-07 1.92e-04 0.187
 39   -8.873145899794e-02 -1.160750659575e-01 2.78e-06 2.79e-07 1.88e-04 0.191
 40   -8.874365410496e-02 -1.160535847348e-01 2.76e-06 2.77e-07 1.91e-04 0.198
 41   -8.907630343124e-02 -1.152432012309e-01 2.38e-06 2.39e-07 1.83e-04 0.202
 42   -8.907038584686e-02 -1.152105124270e-01 2.36e-06 2.37e-07 1.86e-04 0.209
 43   -8.935572066027e-02 -1.145115418204e-01 2.06e-06 2.07e-07 1.80e-04 0.213
 44   -8.936769690869e-02 -1.144935248605e-01 2.05e-06 2.05e-07 1.83e-04 0.219
 45   -8.972106942421e-02 -1.137080650176e-01 1.76e-06 1.77e-07 1.74e-04 0.224
 46   -8.971314785502e-02 -1.136769273403e-01 1.75e-06 1.76e-07 1.77e-04 0.230
 47   -9.000136943186e-02 -1.130210587471e-01 1.53e-06 1.54e-07 1.71e-04 0.235
 48   -9.001246286092e-02 -1.130055023412e-01 1.52e-06 1.53e-07 1.73e-04 0.242
 49   -9.037706031626e-02 -1.122535653247e-01 1.32e-06 1.32e-07 1.64e-04 0.247
 50   -9.036812218556e-02 -1.122243768089e-01 1.31e-06 1.31e-07 1.67e-04 0.253
 51   -9.065348622585e-02 -1.116137665998e-01 1.15e-06 1.15e-07 1.60e-04 0.258
 52   -9.066349386758e-02 -1.115999372808e-01 1.14e-06 1.14e-07 1.62e-04 0.264
 53   -9.102937521806e-02 -1.108908723835e-01 9.88e-07 9.92e-08 1.53e-04 0.269
 54   -9.102013671431e-02 -1.108637754114e-01 9.82e-07 9.86e-08 1.56e-04 0.275
 55   -9.129740009934e-02 -1.103009064628e-01 8.64e-07 8.67e-08 1.49e-04 0.280
 56   -9.130626448983e-02 -1.102884576293e-01 8.58e-07 8.62e-08 1.51e-04 0.286
 57   -9.166296685745e-02 -1.096319932912e-01 7.47e-07 7.50e-08 1.43e-04 0.291
 58   -9.165393823548e-02 -1.096070082067e-01 7.42e-07 7.45e-08 1.45e-04 0.297
 59   -9.191836877774e-02 -1.090941435739e-01 6.54e-07 6.57e-08 1.38e-04 0.324
 60   -9.192619350819e-02 -1.090827958984e-01 6.50e-07 6.53e-08 1.40e-04 0.332
 61   -9.226396950234e-02 -1.084870950489e-01 5.68e-07 5.71e-08 1.32e-04 0.337
 62   -9.225551700506e-02 -1.084642063910e-01 5.65e-07 5.67e-08 1.34e-04 0.343
 63   -9.250310858837e-02 -1.080027274246e-01 5.00e-07 5.01e-08 1.28e-04 0.348
 64   -9.251006254915e-02 -1.079922916719e-01 4.97e-07 4.98e-08 1.30e-04 0.355
 65   -9.282110798172e-02 -1.074624392677e-01 4.36e-07 4.38e-08 1.23e-04 0.360
 66   -9.281347939667e-02 -1.074416166392e-01 4.33e-07 4.35e-08 1.24e-04 0.366
 67   -9.304128524869e-02 -1.070314243167e-01 3.85e-07 3.86e-08 1.18e-04 0.371
 68   -9.304755027169e-02 -1.070218110046e-01 3.82e-07 3.84e-08 1.20e-04 0.377
 69   -9.332716392544e-02 -1.065586284523e-01 3.38e-07 3.39e-08 1.13e-04 0.382
 70   -9.332050142995e-02 -1.065398165531e-01 3.36e-07 3.37e-08 1.15e-04 0.389
 71   -9.352724912783e-02 -1.061785528503e-01 2.99e-07 3.00e-08 1.09e-04 0.394
 72   -9.353299288192e-02 -1.061697270491e-01 2.97e-07 2.98e-08 1.11e-04 0.400
 73   -9.378039625733e-02 -1.057691375520e-01 2.64e-07 2.65e-08 1.05e-04 0.406
 74   -9.377474131824e-02 -1.057522384748e-01 2.62e-07 2.63e-08 1.06e-04 0.412
 75   -9.396124508336e-02 -1.054349782406e-01 2.35e-07 2.36e-08 1.01e-04 0.417
 76   -9.396658991310e-02 -1.054269122151e-01 2.33e-07 2.34e-08 1.02e-04 0.423
 77   -9.418453733351e-02 -1.050808874248e-01 2.09e-07 2.09e-08 9.71e-05 0.428
 78   -9.417984080433e-02 -1.050657558115e-01 2.07e-07 2.08e-08 9.83e-05 0.435
 79   -9.434857513043e-02 -1.047858819879e-01 1.86e-07 1.87e-08 9.35e-05 0.440
 80   -9.435358160037e-02 -1.047785281182e-01 1.85e-07 1.86e-08 9.46e-05 0.446
 81   -9.454670920702e-02 -1.044774942888e-01 1.66e-07 1.67e-08 8.97e-05 0.451
 82   -9.454285837772e-02 -1.044639541650e-01 1.65e-07 1.66e-08 9.08e-05 0.457
 83   -9.469689050684e-02 -1.042147332707e-01 1.49e-07 1.49e-08 8.63e-05 0.462
 84   -9.470156661251e-02 -1.042080239670e-01 1.48e-07 1.48e-08 8.73e-05 0.467
 85   -9.487458859673e-02 -1.039431890343e-01 1.33e-07 1.33e-08 8.28e-05 0.472
 86   -9.487144309508e-02 -1.039310603034e-01 1.32e-07 1.33e-08 8.38e-05 0.478
 87   -9.501349504826e-02 -1.037068355988e-01 1.19e-07 1.20e-08 7.95e-05 0.483
 88   -9.501782008966e-02 -1.037006970188e-01 1.19e-07 1.19e-08 8.04e-05 0.489
 89   -9.517451393384e-02 -1.034651776122e-01 1.07e-07 1.07e-08 7.61e-05 0.494
 90   -9.517193463965e-02 -1.034542958461e-01 1.06e-07 1.07e-08 7.70e-05 0.501
 91   -9.530394233682e-02 -1.032509137959e-01 9.62e-08 9.65e-09 7.29e-05 0.506
 92   -9.530788979509e-02 -1.032452793355e-01 9.56e-08 9.59e-09 7.38e-05 0.512
 93   -9.545078478816e-02 -1.030342791707e-01 8.64e-08 8.67e-09 6.97e-05 0.517
 94   -9.544865147426e-02 -1.030245058461e-01 8.58e-08 8.61e-09 7.05e-05 0.524
 95   -9.557157385470e-02 -1.028393867130e-01 7.77e-08 7.80e-09 6.67e-05 0.529
 96   -9.557513052187e-02 -1.028342080792e-01 7.72e-08 7.75e-09 6.74e-05 0.535
 97   -9.570547381239e-02 -1.026448588601e-01 6.99e-08 7.01e-09 6.36e-05 0.539
 98   -9.570369749547e-02 -1.026360861771e-01 6.94e-08 6.97e-09 6.43e-05 0.546
 99   -9.581757155089e-02 -1.024680079407e-01 6.29e-08 6.32e-09 6.07e-05 0.550
100   -9.582075208092e-02 -1.024632596015e-01 6.25e-08 6.28e-09 6.14e-05 0.556
101   -9.593897467105e-02 -1.022939152024e-01 5.67e-08 5.69e-09 5.78e-05 0.561
102   -9.593749991996e-02 -1.022860593245e-01 5.63e-08 5.65e-09 5.85e-05 0.567
103   -9.604208308098e-02 -1.021343047502e-01 5.11e-08 5.13e-09 5.50e-05 0.572
104   -9.604492672890e-02 -1.021299726817e-01 5.08e-08 5.10e-09 5.57e-05 0.579
105   -9.615151100900e-02 -1.019791133769e-01 4.61e-08 4.63e-09 5.23e-05 0.583
106   -9.615030158292e-02 -1.019720974113e-01 4.58e-08 4.60e-09 5.30e-05 0.589
107   -9.624573717612e-02 -1.018356404390e-01 4.16e-08 4.18e-09 4.98e-05 0.594
108   -9.624828932342e-02 -1.018317069034e-01 4.14e-08 4.15e-09 5.04e-05 0.601
109   -9.634413298908e-02 -1.016974842508e-01 3.77e-08 3.78e-09 4.74e-05 0.605
110   -9.634315653922e-02 -1.016912292352e-01 3.74e-08 3.76e-09 4.79e-05 0.611
111   -9.643001250783e-02 -1.015686752652e-01 3.41e-08 3.42e-09 4.50e-05 0.616
112   -9.643231240816e-02 -1.015651150414e-01 3.39e-08 3.40e-09 4.56e-05 0.622
113   -9.651852613928e-02 -1.014455651245e-01 3.09e-08 3.10e-09 4.28e-05 0.626
114   -9.651775036252e-02 -1.014399921530e-01 3.07e-08 3.08e-09 4.33e-05 0.633
115   -9.659676285848e-02 -1.013298620344e-01 2.80e-08 2.81e-09 4.07e-05 0.637
116   -9.659884254249e-02 -1.013266457027e-01 2.78e-08 2.79e-09 4.12e-05 0.644
117   -9.667651899190e-02 -1.012199371295e-01 2.54e-08 2.55e-09 3.87e-05 0.648
118   -9.667591364893e-02 -1.012149712979e-01 2.52e-08 2.53e-09 3.91e-05 0.654
119   -9.674782797353e-02 -1.011158723022e-01 2.31e-08 2.31e-09 3.68e-05 0.659
120   -9.674971443975e-02 -1.011129692890e-01 2.29e-08 2.30e-09 3.72e-05 0.665
121   -9.681985512627e-02 -1.010174707390e-01 2.10e-08 2.10e-09 3.49e-05 0.670
122   -9.681939344902e-02 -1.010130429410e-01 2.08e-08 2.09e-09 3.54e-05 0.676
123   -9.688493023786e-02 -1.009236957905e-01 1.91e-08 1.91e-09 3.32e-05 0.680
124   -9.688664654281e-02 -1.009210757787e-01 1.90e-08 1.90e-09 3.36e-05 0.686
125   -9.695016735196e-02 -1.008353353663e-01 1.74e-08 1.74e-09 3.16e-05 0.691
126   -9.694982586757e-02 -1.008313826488e-01 1.73e-08 1.73e-09 3.20e-05 0.697
127   -9.700967831053e-02 -1.007506136605e-01 1.58e-08 1.59e-09 3.01e-05 0.701
128   -9.701124374493e-02 -1.007482473420e-01 1.57e-08 1.58e-09 3.04e-05 0.707
129   -9.706897695299e-02 -1.006709776455e-01 1.44e-08 1.45e-09 2.86e-05 0.712
130   -9.706873493865e-02 -1.006674432908e-01 1.44e-08 1.44e-09 2.89e-05 0.718
131   -9.712355138424e-02 -1.005941936401e-01 1.32e-08 1.32e-09 2.72e-05 0.723
132   -9.712498179944e-02 -1.005920534491e-01 1.31e-08 1.32e-09 2.75e-05 0.729
133   -9.717766292965e-02 -1.005221350437e-01 1.21e-08 1.21e-09 2.59e-05 0.733
134   -9.717750219874e-02 -1.005189686429e-01 1.20e-08 1.20e-09 2.62e-05 0.740
135   -9.722786244365e-02 -1.004523112626e-01 1.10e-08 1.11e-09 2.47e-05 0.744
136   -9.722917097673e-02 -1.004503720090e-01 1.10e-08 1.10e-09 2.50e-05 0.751
137   -9.727742743942e-02 -1.003868561414e-01 1.01e-08 1.01e-09 2.35e-05 0.755
138   -9.727733237644e-02 -1.003840134777e-01 1.00e-08 1.01e-09 2.38e-05 0.761
139   -9.732373317509e-02 -1.003231602107e-01 9.23e-09 9.26e-10 2.24e-05 0.765
140   -9.732493108851e-02 -1.003213994357e-01 9.18e-09 9.21e-10 2.26e-05 0.772
141   -9.736928276359e-02 -1.002634984628e-01 8.46e-09 8.49e-10 2.13e-05 0.777
142   -9.736924034204e-02 -1.002609411179e-01 8.41e-09 8.44e-10 2.16e-05 0.784
143   -9.741209550228e-02 -1.002052344389e-01 7.75e-09 7.78e-10 2.03e-05 0.788
144   -9.741319285573e-02 -1.002036324414e-01 7.71e-09 7.73e-10 2.06e-05 0.795
145   -9.745406469659e-02 -1.001506980933e-01 7.11e-09 7.13e-10 1.94e-05 0.799
146   -9.745406432549e-02 -1.001483928327e-01 7.07e-09 7.10e-10 1.96e-05 0.811
147   -9.749371544669e-02 -1.000972868388e-01 6.52e-09 6.54e-10 1.84e-05 0.815
148   -9.749472149071e-02 -1.000958264814e-01 6.49e-09 6.51e-10 1.87e-05 0.828
149   -9.753246093310e-02 -1.000473240907e-01 5.99e-09 6.01e-10 1.76e-05 0.836
150   -9.753249416240e-02 -1.000452421810e-01 5.96e-09 5.98e-10 1.78e-05 0.861
151   -9.756922408831e-02 -9.999828176318e-02 5.50e-09 5.52e-10 1.68e-05 0.878
152   -9.757014746149e-02 -9.999694818783e-02 5.47e-09 5.49e-10 1.70e-05 0.902
153   -9.760504080314e-02 -9.995243326946e-02 5.06e-09 5.07e-10 1.60e-05 0.906
154   -9.760510099217e-02 -9.995054982839e-02 5.03e-09 5.05e-10 1.62e-05 0.925
155   -9.763914696105e-02 -9.990735130228e-02 4.65e-09 4.66e-10 1.53e-05 0.940
156   -9.763999578126e-02 -9.990613161209e-02 4.62e-09 4.64e-10 1.55e-05 0.946
157   -9.767228398687e-02 -9.986522818263e-02 4.28e-09 4.29e-10 1.46e-05 0.957
158   -9.767236596695e-02 -9.986352156719e-02 4.25e-09 4.27e-10 1.48e-05 0.971
159   -9.770393389332e-02 -9.982375310670e-02 3.93e-09 3.95e-10 1.39e-05 0.979
160   -9.770471574340e-02 -9.982263601562e-02 3.91e-09 3.93e-10 1.41e-05 0.989
161   -9.773461041102e-02 -9.978501574339e-02 3.62e-09 3.64e-10 1.33e-05 0.995
162   -9.773471012482e-02 -9.978346697892e-02 3.60e-09 3.62e-10 1.35e-05 1.004
163   -9.776398824278e-02 -9.974683068908e-02 3.34e-09 3.35e-10 1.27e-05 1.009
164   -9.776471006441e-02 -9.974580618717e-02 3.32e-09 3.33e-10 1.28e-05 1.017
165   -9.779240590389e-02 -9.971117221669e-02 3.08e-09 3.09e-10 1.21e-05 1.022
166   -9.779252005412e-02 -9.970976453457e-02 3.06e-09 3.07e-10 1.23e-05 1.032
167   -9.781968724945e-02 -9.967598508602e-02 2.84e-09 2.84e-10 1.16e-05 1.037
168   -9.782035523916e-02 -9.967504419097e-02 2.82e-09 2.83e-10 1.17e-05 1.049
169   -9.784603578896e-02 -9.964312297871e-02 2.62e-09 2.62e-10 1.11e-05 1.054
170   -9.784616158294e-02 -9.964184148460e-02 2.60e-09 2.61e-10 1.12e-05 1.061
171   -9.787138912375e-02 -9.961066247970e-02 2.41e-09 2.42e-10 1.06e-05 1.066
172   -9.787200870488e-02 -9.960979709363e-02 2.40e-09 2.41e-10 1.07e-05 1.075
173   -9.789584638665e-02 -9.958033683411e-02 2.23e-09 2.23e-10 1.01e-05 1.080
174   -9.789598139792e-02 -9.957916828724e-02 2.22e-09 2.22e-10 1.03e-05 1.087
175   -9.791943078593e-02 -9.955035318046e-02 2.06e-09 2.06e-10 9.68e-06 1.093
176   -9.792000667225e-02 -9.954955600883e-02 2.05e-09 2.05e-10 9.81e-06 1.100
177   -9.794216079295e-02 -9.952232754213e-02 1.90e-09 1.91e-10 9.27e-06 1.105
178   -9.794230290804e-02 -9.952126018725e-02 1.89e-09 1.90e-10 9.39e-06 1.112
179   -9.796412336824e-02 -9.949459379475e-02 1.76e-09 1.76e-10 8.87e-06 1.117
180   -9.796465966842e-02 -9.949385829123e-02 1.75e-09 1.75e-10 8.99e-06 1.124
181   -9.798527502805e-02 -9.946865550960e-02 1.63e-09 1.63e-10 8.50e-06 1.128
182   -9.798542242739e-02 -9.946767892863e-02 1.62e-09 1.62e-10 8.61e-06 1.135
183   -9.800574977597e-02 -9.944296758205e-02 1.50e-09 1.51e-10 8.14e-06 1.140
184   -9.800625010219e-02 -9.944228788688e-02 1.50e-09 1.50e-10 8.24e-06 1.148
185   -9.802545714568e-02 -9.941892659049e-02 1.39e-09 1.39e-10 7.80e-06 1.153
186   -9.802560828493e-02 -9.941803155630e-02 1.38e-09 1.39e-10 7.90e-06 1.160
187   -9.804456539145e-02 -9.939510165329e-02 1.29e-09 1.29e-10 7.47e-06 1.164
188   -9.804503294315e-02 -9.939447252770e-02 1.28e-09 1.28e-10 7.57e-06 1.171
189   -9.806294906689e-02 -9.937278815059e-02 1.19e-09 1.19e-10 7.16e-06 1.175
190   -9.806310264897e-02 -9.937196648501e-02 1.19e-09 1.19e-10 7.25e-06 1.184
191   -9.808080084312e-02 -9.935066214051e-02 1.10e-09 1.10e-10 6.86e-06 1.188
192   -9.808123846617e-02 -9.935007889648e-02 1.10e-09 1.10e-10 6.95e-06 1.195
193   -9.809796981353e-02 -9.932992381792e-02 1.02e-09 1.02e-10 6.58e-06 1.200
194   -9.809812475100e-02 -9.932916826078e-02 1.02e-09 1.02e-10 6.67e-06 1.207
195   -9.811466542804e-02 -9.930934885879e-02 9.49e-10 9.48e-11 6.32e-06 1.211
196   -9.811507565616e-02 -9.930880729154e-02 9.44e-10 9.43e-11 6.40e-06 1.218
197   -9.813071877357e-02 -9.929004840520e-02 8.80e-10 8.79e-11 6.06e-06 1.223
198   -9.813087414983e-02 -9.928935249874e-02 8.76e-10 8.75e-11 6.14e-06 1.231
199   -9.814635009694e-02 -9.927089065122e-02 8.16e-10 8.15e-11 5.82e-06 1.236
200   -9.814673518044e-02 -9.927038698484e-02 8.12e-10 8.11e-11 5.89e-06 1.243
201   -9.816137821975e-02 -9.925290385364e-02 7.57e-10 7.56e-11 5.58e-06 1.248
202   -9.816153325634e-02 -9.925226184416e-02 7.54e-10 7.54e-11 5.66e-06 1.255
203   -9.817602960132e-02 -9.923504184305e-02 7.02e-10 7.02e-11 5.36e-06 1.260
204   -9.817639153513e-02 -9.923457268134e-02 6.99e-10 7.00e-11 5.43e-06 1.267
205   -9.819011510432e-02 -9.921825614414e-02 6.52e-10 6.52e-11 5.15e-06 1.271
206   -9.819026913342e-02 -9.921766290076e-02 6.49e-10 6.49e-11 5.22e-06 1.278
207   -9.820386386165e-02 -9.920157971331e-02 6.05e-10 6.05e-11 4.94e-06 1.283
208   -9.820420441370e-02 -9.920114200168e-02 6.02e-10 6.02e-11 5.01e-06 1.290
209   -9.821708206163e-02 -9.918589324210e-02 5.62e-10 5.62e-11 4.75e-06 1.295
210   -9.821723450800e-02 -9.918534418739e-02 5.60e-10 5.60e-11 4.81e-06 1.303
211   -9.822999877660e-02 -9.917030272605e-02 5.22e-10 5.22e-11 4.56e-06 1.308
212   -9.823031951439e-02 -9.916989372081e-02 5.20e-10 5.20e-11 4.62e-06 1.314
213   -9.824241795948e-02 -9.915562366598e-02 4.85e-10 4.85e-11 4.39e-06 1.319
214   -9.824256832944e-02 -9.915511471716e-02 4.83e-10 4.83e-11 4.45e-06 1.325
215   -9.825456658984e-02 -9.914102936728e-02 4.51e-10 4.51e-11 4.22e-06 1.330
216   -9.825486891040e-02 -9.914064660908e-02 4.49e-10 4.48e-11 4.27e-06 1.338
217   -9.826624817315e-02 -9.912727547265e-02 4.19e-10 4.18e-11 4.05e-06 1.342
218   -9.826639604783e-02 -9.912680299274e-02 4.17e-10 4.16e-11 4.11e-06 1.350
219   -9.827768602723e-02 -9.911359733669e-02 3.89e-10 3.89e-11 3.90e-06 1.354
220   -9.827797118672e-02 -9.911323862819e-02 3.87e-10 3.87e-11 3.95e-06 1.362
221   -9.828868463683e-02 -9.910069558734e-02 3.62e-10 3.61e-11 3.75e-06 1.366
222   -9.828882967164e-02 -9.910025633842e-02 3.60e-10 3.60e-11 3.80e-06 1.374
223   -9.829946248498e-02 -9.908786277186e-02 3.37e-10 3.36e-11 3.60e-06 1.378
224   -9.829973162773e-02 -9.908752615428e-02 3.35e-10 3.35e-11 3.65e-06 1.386
225   -9.830982619169e-02 -9.907574888555e-02 3.13e-10 3.13e-11 3.47e-06 1.391
226   -9.830996811635e-02 -9.907533998750e-02 3.12e-10 3.11e-11 3.51e-06 1.397
227   -9.831998854923e-02 -9.906369918835e-02 2.91e-10 2.91e-11 3.33e-06 1.402
228   -9.832024273244e-02 -9.906338291954e-02 2.90e-10 2.89e-11 3.38e-06 1.409
229   -9.832975936063e-02 -9.905231688953e-02 2.71e-10 2.70e-11 3.21e-06 1.414
230   -9.832989797881e-02 -9.905193577753e-02 2.69e-10 2.69e-11 3.25e-06 1.423
231   -9.833934516655e-02 -9.904099578114e-02 2.52e-10 2.51e-11 3.08e-06 1.427
232   -9.833958537949e-02 -9.904069830952e-02 2.51e-10 2.50e-11 3.13e-06 1.434
233   -9.834855994710e-02 -9.903029562861e-02 2.34e-10 2.34e-11 2.97e-06 1.439
234   -9.834869513109e-02 -9.902994001120e-02 2.33e-10 2.32e-11 3.01e-06 1.448
235   -9.835760362479e-02 -9.901965489807e-02 2.18e-10 2.17e-11 2.86e-06 1.452
236   -9.835783080159e-02 -9.901937483072e-02 2.17e-10 2.17e-11 2.89e-06 1.461
237   -9.836629530371e-02 -9.900959281750e-02 2.03e-10 2.03e-11 2.75e-06 1.465
238   -9.836642698384e-02 -9.900926063557e-02 2.02e-10 2.03e-11 2.78e-06 1.472
239   -9.837482798924e-02 -9.899958905826e-02 1.89e-10 1.90e-11 2.64e-06 1.477
240   -9.837504300752e-02 -9.899932513954e-02 1.88e-10 1.89e-11 2.68e-06 1.484
241   -9.838302666040e-02 -9.899012501002e-02 1.76e-10 1.76e-11 2.54e-06 1.489
242   -9.838315481122e-02 -9.898981440383e-02 1.75e-10 1.75e-11 2.58e-06 1.495
243   -9.839107719410e-02 -9.898071838738e-02 1.64e-10 1.64e-11 2.45e-06 1.500
244   -9.839128087659e-02 -9.898046947269e-02 1.63e-10 1.63e-11 2.48e-06 1.507
245   -9.839881097503e-02 -9.897181530996e-02 1.52e-10 1.52e-11 2.36e-06 1.516
246   -9.839893560202e-02 -9.897152458933e-02 1.52e-10 1.51e-11 2.39e-06 1.524
247   -9.840640658225e-02 -9.896296868173e-02 1.42e-10 1.41e-11 2.27e-06 1.528
248   -9.840659969271e-02 -9.896273372253e-02 1.41e-10 1.42e-11 2.30e-06 1.536
249   -9.841370211120e-02 -9.895459184044e-02 1.32e-10 1.32e-11 2.18e-06 1.541
250   -9.841382323859e-02 -9.895431946587e-02 1.31e-10 1.31e-11 2.21e-06 1.547
251   -9.842086866721e-02 -9.894627035083e-02 1.23e-10 1.22e-11 2.10e-06 1.552
252   -9.842105191159e-02 -9.894604838238e-02 1.22e-10 1.21e-11 2.13e-06 1.559
253   -9.842775124762e-02 -9.893838709061e-02 1.14e-10 1.13e-11 2.02e-06 1.564
254   -9.842786891438e-02 -9.893813165368e-02 1.14e-10 1.14e-11 2.05e-06 1.570
255   -9.843451341033e-02 -9.893055792528e-02 1.07e-10 1.07e-11 1.95e-06 1.575
256   -9.843468743776e-02 -9.893034805854e-02 1.06e-10 1.04e-11 1.98e-06 1.582
257   -9.844100706032e-02 -9.892313753850e-02 9.92e-11 9.76e-12 1.88e-06 1.586
258   -9.844112131346e-02 -9.892289775211e-02 9.87e-11 9.79e-12 1.90e-06 1.593
259   -9.844738822528e-02 -9.891576989014e-02 9.24e-11 9.16e-12 1.81e-06 1.598
260   -9.844755363302e-02 -9.891557130477e-02 9.19e-11 8.93e-12 1.83e-06 1.608
261   -9.845351568369e-02 -9.890878354663e-02 8.61e-11 8.36e-12 1.74e-06 1.612
262   -9.845362657774e-02 -9.890855823183e-02 8.57e-11 8.27e-12 1.76e-06 1.620
263   -9.845953801361e-02 -9.890184851072e-02 8.02e-11 7.74e-12 1.68e-06 1.624
264   -9.845969535098e-02 -9.890166044940e-02 7.98e-11 7.69e-12 1.70e-06 1.633
265   -9.846532072163e-02 -9.889526922378e-02 7.47e-11 7.20e-12 1.61e-06 1.639
266   -9.846542831606e-02 -9.889505730170e-02 7.43e-11 7.17e-12 1.64e-06 1.646
267   -9.847100511512e-02 -9.888873977258e-02 6.96e-11 6.71e-12 1.56e-06 1.651
268   -9.847115488825e-02 -9.888856153564e-02 6.92e-11 6.65e-12 1.58e-06 1.657
269   -9.847646329072e-02 -9.888254226978e-02 6.48e-11 6.22e-12 1.50e-06 1.662
270   -9.847656765021e-02 -9.888234275140e-02 6.45e-11 6.18e-12 1.52e-06 1.669
271   -9.848182943462e-02 -9.887639314120e-02 6.04e-11 5.79e-12 1.44e-06 1.673
272   -9.848197211067e-02 -9.887622408170e-02 6.01e-11 5.72e-12 1.46e-06 1.679
273   -9.848698207004e-02 -9.887055382772e-02 5.63e-11 5.34e-12 1.39e-06 1.684
274   -9.848708326199e-02 -9.887036580716e-02 5.60e-11 5.26e-12 1.41e-06 1.690
275   -9.849204850287e-02 -9.886476140723e-02 5.24e-11 4.92e-12 1.34e-06 1.696
276   -9.849218451327e-02 -9.886460092760e-02 5.22e-11 4.90e-12 1.36e-06 1.704
277   -9.849691345241e-02 -9.885925823186e-02 4.89e-11 4.59e-12 1.29e-06 1.708
278   -9.849701154855e-02 -9.885908087747e-02 4.86e-11 4.49e-12 1.31e-06 1.715
279   -9.850169756976e-02 -9.885380050680e-02 4.56e-11 4.20e-12 1.24e-06 1.719
280   -9.850182731360e-02 -9.885364805450e-02 4.53e-11 4.19e-12 1.26e-06 1.726
281   -9.850629158883e-02 -9.884861288868e-02 4.25e-11 3.91e-12 1.20e-06 1.730
282   -9.850638666367e-02 -9.884844543655e-02 4.23e-11 3.94e-12 1.21e-06 1.737
283   -9.851080975469e-02 -9.884346928738e-02 3.96e-11 3.69e-12 1.15e-06 1.741
284   -9.851093360235e-02 -9.884332435013e-02 3.94e-11 3.48e-12 1.17e-06 1.749
285   -9.851514856696e-02 -9.883857801279e-02 3.69e-11 3.26e-12 1.11e-06 1.753
286   -9.851524069556e-02 -9.883841976274e-02 3.67e-11 3.15e-12 1.13e-06 1.760
287   -9.851941612797e-02 -9.883372935593e-02 3.44e-11 2.95e-12 1.07e-06 1.764
288   -9.851953442199e-02 -9.883359146095e-02 3.42e-11 2.86e-12 1.09e-06 1.773
289   -9.852351447735e-02 -9.882911649601e-02 3.21e-11 2.67e-12 1.03e-06 1.777
290   -9.852360373802e-02 -9.882896680296e-02 3.19e-11 2.62e-12 1.05e-06 1.784
291   -9.852754585231e-02 -9.882454486943e-02 2.99e-11 2.46e-12 9.95e-07 1.788
292   -9.852765891191e-02 -9.882441357716e-02 2.97e-11 2.37e-12 1.01e-06 1.794
293   -9.853141759369e-02 -9.882019365774e-02 2.79e-11 2.22e-12 9.59e-07 1.798
294   -9.853150406494e-02 -9.882005192867e-02 2.77e-11 2.21e-12 9.72e-07 1.806
295   -9.853522632323e-02 -9.881588233038e-02 2.60e-11 2.06e-12 9.24e-07 1.809
296   -9.853533444686e-02 -9.881575723194e-02 2.58e-11 1.98e-12 9.36e-07 1.816
297   -9.853888445225e-02 -9.881177711095e-02 2.42e-11 1.85e-12 8.91e-07 1.820
298   -9.853896821204e-02 -9.881164280106e-02 2.41e-11 1.93e-12 9.03e-07 1.827
299   -9.854248321844e-02 -9.880771049094e-02 2.26e-11 1.80e-12 8.59e-07 1.831
300   -9.854258668238e-02 -9.880759120865e-02 2.25e-11 1.94e-12 8.70e-07 1.838
301   -9.854593991723e-02 -9.880383664926e-02 2.11e-11 1.81e-12 8.28e-07 1.842
302   -9.854602104558e-02 -9.880370925457e-02 2.09e-11 1.89e-12 8.38e-07 1.850
303   -9.854934068759e-02 -9.880000010373e-02 1.96e-11 1.77e-12 7.98e-07 1.853
304   -9.854943975025e-02 -9.879988628619e-02 1.95e-11 1.90e-12 8.08e-07 1.861
305   -9.855260741908e-02 -9.879634394685e-02 1.83e-11 1.77e-12 7.69e-07 1.865
306   -9.855268599564e-02 -9.879622300306e-02 1.82e-11 2.08e-12 7.79e-07 1.871
307   -9.855582137891e-02 -9.879272385905e-02 1.71e-11 1.94e-12 7.41e-07 1.875
308   -9.855591628233e-02 -9.879261517832e-02 1.70e-11 1.90e-12 7.51e-07 1.881
309   -9.855890890378e-02 -9.878927258358e-02 1.59e-11 1.78e-12 7.14e-07 1.885
310   -9.855898500645e-02 -9.878915766319e-02 1.58e-11 1.80e-12 7.24e-07 1.891
311   -9.856194659152e-02 -9.878585618592e-02 1.48e-11 1.69e-12 6.89e-07 1.895
312   -9.856203756008e-02 -9.878575233947e-02 1.48e-11 1.69e-12 6.98e-07 1.902
313   -9.856486499316e-02 -9.878259783734e-02 1.38e-11 1.58e-12 6.64e-07 1.906
314   -9.856493870065e-02 -9.878248854430e-02 1.38e-11 1.67e-12 6.72e-07 1.914
315   -9.856773631561e-02 -9.877937318111e-02 1.29e-11 1.56e-12 6.40e-07 1.918
316   -9.856782356116e-02 -9.877927388501e-02 1.28e-11 1.64e-12 6.48e-07 1.925
317   -9.857049509351e-02 -9.877629654021e-02 1.20e-11 1.53e-12 6.17e-07 1.929
318   -9.857056648266e-02 -9.877619250945e-02 1.20e-11 1.56e-12 6.25e-07 1.935
319   -9.857320936072e-02 -9.877325244372e-02 1.12e-11 1.46e-12 5.95e-07 1.939
320   -9.857329308203e-02 -9.877315743312e-02 1.12e-11 1.40e-12 6.02e-07 1.945
321   -9.857581744392e-02 -9.877034700194e-02 1.05e-11 1.31e-12 5.73e-07 1.949
322   -9.857588659022e-02 -9.877024789546e-02 1.04e-11 1.32e-12 5.81e-07 1.955
323   -9.857838340056e-02 -9.876747300394e-02 9.76e-12 1.24e-12 5.53e-07 1.959
324   -9.857846378200e-02 -9.876738203406e-02 9.71e-12 1.21e-12 5.60e-07 1.966
325   -9.858084919764e-02 -9.876472889873e-02 9.11e-12 1.13e-12 5.33e-07 1.970
326   -9.858091617716e-02 -9.876463440204e-02 9.06e-12 1.10e-12 5.40e-07 1.976
327   -9.858327512610e-02 -9.876201513494e-02 8.49e-12 1.03e-12 5.14e-07 1.980
328   -9.858335234300e-02 -9.876192797469e-02 8.45e-12 8.65e-13 5.20e-07 1.989
329   -9.858560653136e-02 -9.875942313560e-02 7.92e-12 8.11e-13 4.95e-07 1.993
330   -9.858567141682e-02 -9.875933295927e-02 7.88e-12 9.08e-13 5.01e-07 1.999
331   -9.858790018106e-02 -9.875686040714e-02 7.39e-12 8.47e-13 4.77e-07 2.003
332   -9.858797439733e-02 -9.875677684162e-02 7.35e-12 9.21e-13 4.83e-07 2.009
333   -9.859010465324e-02 -9.875441182108e-02 6.89e-12 8.63e-13 4.60e-07 2.013
334   -9.859016751490e-02 -9.875432569777e-02 6.85e-12 8.06e-13 4.66e-07 2.020
335   -9.859227331775e-02 -9.875199150096e-02 6.43e-12 7.59e-13 4.44e-07 2.023
336   -9.859234468638e-02 -9.875191133099e-02 6.39e-12 6.57e-13 4.49e-07 2.030
337   -9.859435785989e-02 -9.874967818969e-02 6.00e-12 6.11e-13 4.28e-07 2.034
338   -9.859441877053e-02 -9.874959586712e-02 5.96e-12 7.69e-13 4.33e-07 2.040
339   -9.859640845755e-02 -9.874739212779e-02 5.59e-12 7.21e-13 4.12e-07 2.044
340   -9.859647712388e-02 -9.874731516475e-02 5.56e-12 7.24e-13 4.18e-07 2.050
341   -9.859837969703e-02 -9.874520641274e-02 5.22e-12 6.76e-13 3.98e-07 2.054
342   -9.859843872427e-02 -9.874512765999e-02 5.19e-12 7.46e-13 4.03e-07 2.060
343   -9.860031872867e-02 -9.874304697418e-02 4.86e-12 7.01e-13 3.83e-07 2.064
344   -9.860038482816e-02 -9.874297304347e-02 4.84e-12 6.50e-13 3.88e-07 2.070
345   -9.860218289004e-02 -9.874098166198e-02 4.54e-12 6.15e-13 3.70e-07 2.074
346   -9.860224010029e-02 -9.874090626445e-02 4.51e-12 6.58e-13 3.74e-07 2.080
347   -9.860401647645e-02 -9.873894168123e-02 4.23e-12 6.14e-13 3.56e-07 2.084
348   -9.860408013795e-02 -9.873887061801e-02 4.21e-12 7.92e-13 3.61e-07 2.091
349   -9.860577944419e-02 -9.873698999041e-02 3.95e-12 7.48e-13 3.44e-07 2.095
350   -9.860583490183e-02 -9.873691774852e-02 3.93e-12 8.80e-13 3.48e-07 2.102
351   -9.860751337109e-02 -9.873506271571e-02 3.68e-12 8.36e-13 3.31e-07 2.106
352   -9.860757471438e-02 -9.873499436735e-02 3.66e-12 6.93e-13 3.35e-07 2.113
353   -9.860918068052e-02 -9.873321828217e-02 3.43e-12 6.45e-13 3.19e-07 2.117
354   -9.860923445007e-02 -9.873314900830e-02 3.42e-12 4.80e-13 3.23e-07 2.124
355   -9.861082041963e-02 -9.873139734842e-02 3.20e-12 4.43e-13 3.08e-07 2.128
356   -9.861087955957e-02 -9.873133156955e-02 3.19e-12 5.41e-13 3.12e-07 2.135
357   -9.861239732302e-02 -9.872965414969e-02 2.99e-12 5.08e-13 2.97e-07 2.138
358   -9.861244946482e-02 -9.872958767151e-02 2.97e-12 7.26e-13 3.01e-07 2.145
359   -9.861394801973e-02 -9.872793358696e-02 2.79e-12 6.74e-13 2.86e-07 2.149
360   -9.861400506299e-02 -9.872787024318e-02 2.77e-12 7.01e-13 2.90e-07 2.156
361   -9.861543945695e-02 -9.872628597089e-02 2.60e-12 6.59e-13 2.76e-07 2.160
362   -9.861549003023e-02 -9.872622212715e-02 2.58e-12 7.05e-13 2.79e-07 2.166
363   -9.861690597789e-02 -9.872466014877e-02 2.42e-12 6.66e-13 2.66e-07 2.170
364   -9.861696102458e-02 -9.872459911457e-02 2.41e-12 7.81e-13 2.69e-07 2.177
365   -9.861831661158e-02 -9.872310279199e-02 2.26e-12 7.34e-13 2.57e-07 2.181
366   -9.861836567282e-02 -9.872304143379e-02 2.25e-12 6.79e-13 2.60e-07 2.187
367   -9.861970354841e-02 -9.872156641206e-02 2.11e-12 6.44e-13 2.47e-07 2.191
368   -9.861975669468e-02 -9.872150756798e-02 2.10e-12 7.48e-13 2.50e-07 2.197
369   -9.862103779987e-02 -9.872009427853e-02 1.97e-12 6.97e-13 2.39e-07 2.201
370   -9.862108540596e-02 -9.872003526410e-02 1.96e-12 9.24e-13 2.41e-07 2.207
371   -9.862234952829e-02 -9.871864230629e-02 1.84e-12 8.68e-13 2.30e-07 2.211
372   -9.862240086478e-02 -9.871858554022e-02 1.82e-12 9.76e-13 2.33e-07 2.219
373   -9.862361158255e-02 -9.871725063890e-02 1.71e-12 9.18e-13 2.22e-07 2.222
374   -9.862365778572e-02 -9.871719383924e-02 1.70e-12 6.48e-13 2.24e-07 2.230
375   -9.862485219832e-02 -9.871587837118e-02 1.60e-12 6.08e-13 2.14e-07 2.234
376   -9.862490180845e-02 -9.871582358025e-02 1.59e-12 7.13e-13 2.16e-07 2.241
377   -9.862604595452e-02 -9.871456274417e-02 1.49e-12 6.61e-13 2.06e-07 2.245
378   -9.862609080554e-02 -9.871450803872e-02 1.48e-12 7.00e-13 2.09e-07 2.252
379   -9.862721932838e-02 -9.871326574689e-02 1.39e-12 6.58e-13 1.99e-07 2.256
380   -9.862726729469e-02 -9.871321283043e-02 1.38e-12 7.00e-13 2.01e-07 2.263
381   -9.862834854859e-02 -9.871202190128e-02 1.30e-12 6.56e-13 1.92e-07 2.267
382   -9.862839209949e-02 -9.871196917439e-02 1.29e-12 5.98e-13 1.94e-07 2.273
383   -9.862945837999e-02 -9.871079594829e-02 1.21e-12 5.68e-13 1.85e-07 2.277
384   -9.862950477654e-02 -9.871074481558e-02 1.20e-12 1.30e-13 1.87e-07 2.284
385   -9.863052659624e-02 -9.870961989095e-02 1.13e-12 1.28e-13 1.78e-07 2.288
386   -9.863056889151e-02 -9.870956903934e-02 1.12e-12 2.23e-13 1.80e-07 2.295
387   -9.863157632116e-02 -9.870846106084e-02 1.05e-12 2.07e-13 1.72e-07 2.299
388   -9.863162121735e-02 -9.870841162802e-02 1.04e-12 1.38e-13 1.74e-07 2.306
389   -9.863258681527e-02 -9.870734908670e-02 9.81e-13 1.33e-13 1.66e-07 2.310
390   -9.863262790531e-02 -9.870730000739e-02 9.75e-13 1.92e-13 1.67e-07 2.316
391   -9.863357976258e-02 -9.870625359402e-02 9.15e-13 1.73e-13 1.60e-07 2.320
392   -9.863362322777e-02 -9.870620577726e-02 9.09e-13 1.66e-13 1.61e-07 2.327
393   -9.863453570303e-02 -9.870520213339e-02 8.53e-13 1.47e-13 1.54e-07 2.332
394   -9.863457562636e-02 -9.870515474019e-02 8.48e-13 3.55e-13 1.56e-07 2.340
395   -9.863547492888e-02 -9.870416650416e-02 7.96e-13 3.31e-13 1.48e-07 2.346
396   -9.863551702595e-02 -9.870412022837e-02 7.91e-13 2.80e-13 1.50e-07 2.352
397   -9.863637929529e-02 -9.870317220525e-02 7.42e-13 2.54e-13 1.43e-07 2.357
398   -9.863641809767e-02 -9.870312640834e-02 7.37e-13 5.91e-13 1.45e-07 2.363
399   -9.863726774182e-02 -9.870219310440e-02 6.92e-13 5.42e-13 1.38e-07 2.368
400   -9.863730853271e-02 -9.870214829570e-02 6.88e-13 6.35e-13 1.39e-07 2.374
401   -9.863812335232e-02 -9.870125280164e-02 6.46e-13 5.97e-13 1.33e-07 2.380
402   -9.863816107373e-02 -9.870120852159e-02 6.41e-13 2.73e-13 1.34e-07 2.385
403   -9.863896379578e-02 -9.870032708755e-02 6.02e-13 2.52e-13 1.28e-07 2.390
404   -9.863900333525e-02 -9.870028368066e-02 5.98e-13 7.18e-14 1.30e-07 2.397
405   -9.863977329209e-02 -9.869943781681e-02 5.62e-13 6.85e-14 1.24e-07 2.402
406   -9.863980996846e-02 -9.869939498068e-02 5.58e-13 2.53e-13 1.25e-07 2.409
407   -9.864056836124e-02 -9.869856251846e-02 5.24e-13 2.44e-13 1.19e-07 2.414
408   -9.864060670300e-02 -9.869852045035e-02 5.20e-13 4.46e-13 1.20e-07 2.422
409   -9.864133426101e-02 -9.869772145951e-02 4.88e-13 4.13e-13 1.15e-07 2.426
410   -9.864136993556e-02 -9.869767999154e-02 4.85e-13 3.70e-13 1.16e-07 2.434
411   -9.864208645723e-02 -9.869689375737e-02 4.56e-13 3.51e-13 1.11e-07 2.438
412   -9.864212365192e-02 -9.869685296788e-02 4.52e-13 4.60e-13 1.12e-07 2.460
413   -9.864281114129e-02 -9.869609824601e-02 4.25e-13 4.26e-13 1.07e-07 2.470
414   -9.864284584243e-02 -9.869605808757e-02 4.22e-13 9.66e-13 1.08e-07 2.482
415   -9.864352275935e-02 -9.869531555278e-02 3.96e-13 9.03e-13 1.03e-07 2.486
416   -9.864355885469e-02 -9.869527598657e-02 3.93e-13 6.89e-13 1.04e-07 2.494
417   -9.864420848836e-02 -9.869456306347e-02 3.69e-13 6.52e-13 9.92e-08 2.498
418   -9.864424225525e-02 -9.869452414795e-02 3.67e-13 5.69e-13 1.00e-07 2.505
419   -9.864488176206e-02 -9.869382286820e-02 3.44e-13 5.35e-13 9.56e-08 2.509
420   -9.864491680173e-02 -9.869378447398e-02 3.42e-13 5.68e-13 9.66e-08 2.517
421   -9.864553062447e-02 -9.869311106875e-02 3.21e-13 5.37e-13 9.21e-08 2.522
422   -9.864556348488e-02 -9.869307334406e-02 3.19e-13 4.08e-13 9.31e-08 2.528
423   -9.864616763386e-02 -9.869241103496e-02 2.99e-13 3.78e-13 8.88e-08 2.534
424   -9.864620166327e-02 -9.869237375960e-02 2.97e-13 2.92e-13 8.97e-08 2.540
425   -9.864678166737e-02 -9.869173765353e-02 2.79e-13 2.85e-13 8.56e-08 2.545
426   -9.864681365703e-02 -9.869170106081e-02 2.77e-13 2.52e-13 8.65e-08 2.551
427   -9.864738441963e-02 -9.869107553123e-02 2.60e-13 2.38e-13 8.25e-08 2.557
428   -9.864741747439e-02 -9.869103933484e-02 2.58e-13 5.90e-13 8.33e-08 2.563
429   -9.864796548330e-02 -9.869043849761e-02 2.43e-13 5.68e-13 7.95e-08 2.569
430   -9.864799662707e-02 -9.869040299229e-02 2.41e-13 3.75e-13 8.03e-08 2.576
431   -9.864853578806e-02 -9.868981225825e-02 2.26e-13 3.52e-13 7.66e-08 2.580
432   -9.864856790927e-02 -9.868977709298e-02 2.24e-13 2.63e-13 7.74e-08 2.588
433   -9.864908570427e-02 -9.868920954467e-02 2.11e-13 2.40e-13 7.39e-08 2.592
434   -9.864911603445e-02 -9.868917507452e-02 2.09e-13 3.10e-13 7.46e-08 2.599
435   -9.864962538983e-02 -9.868861714391e-02 1.97e-13 3.05e-13 7.12e-08 2.603
436   -9.864965661325e-02 -9.868858296873e-02 1.95e-13 3.27e-13 7.19e-08 2.611
437   -9.865014584141e-02 -9.868804687933e-02 1.83e-13 3.14e-13 6.86e-08 2.615
438   -9.865017538369e-02 -9.868801340246e-02 1.82e-13 3.25e-13 6.93e-08 2.622
439   -9.865065653566e-02 -9.868748649774e-02 1.71e-13 3.11e-13 6.61e-08 2.626
440   -9.865068689471e-02 -9.868745327451e-02 1.69e-13 2.64e-13 6.67e-08 2.634
441   -9.865114911914e-02 -9.868694690902e-02 1.59e-13 2.56e-13 6.37e-08 2.639
442   -9.865117789762e-02 -9.868691438517e-02 1.58e-13 1.52e-13 6.43e-08 2.645
443   -9.865163238952e-02 -9.868641679610e-02 1.48e-13 1.35e-13 6.14e-08 2.651
444   -9.865166191295e-02 -9.868638449122e-02 1.47e-13 1.12e-13 6.19e-08 2.657
445   -9.865209858693e-02 -9.868590623734e-02 1.38e-13 1.00e-13 5.91e-08 2.662
446   -9.865212662666e-02 -9.868587462829e-02 1.37e-13 1.27e-13 5.97e-08 2.668
447   -9.865255592251e-02 -9.868540473371e-02 1.29e-13 1.38e-13 5.70e-08 2.674
448   -9.865258464659e-02 -9.868537330793e-02 1.28e-13 5.08e-13 5.75e-08 2.683
449   -9.865299720053e-02 -9.868492158102e-02 1.20e-13 4.72e-13 5.49e-08 2.687
450   -9.865302452635e-02 -9.868489084787e-02 1.19e-13 1.14e-13 5.54e-08 2.696
451   -9.865343005485e-02 -9.868444706764e-02 1.12e-13 1.20e-13 5.29e-08 2.700
452   -9.865345800419e-02 -9.868441649232e-02 1.11e-13 3.39e-13 5.33e-08 2.708
453   -9.865384773275e-02 -9.868398985792e-02 1.04e-13 3.14e-13 5.09e-08 2.714
454   -9.865387436372e-02 -9.868395997089e-02 1.03e-13 2.14e-13 5.14e-08 2.721
455   -9.865425737016e-02 -9.868354092696e-02 9.73e-14 2.01e-13 4.90e-08 2.727
456   -9.865428457348e-02 -9.868351117005e-02 9.63e-14 4.75e-13 4.95e-08 2.736
457   -9.865465272291e-02 -9.868310824912e-02 9.05e-14 4.24e-13 4.72e-08 2.740
458   -9.865467868301e-02 -9.868307917346e-02 8.96e-14 4.45e-13 4.77e-08 2.748
459   -9.865504040746e-02 -9.868268349571e-02 8.44e-14 4.21e-13 4.55e-08 2.752
460   -9.865506688848e-02 -9.868265453032e-02 8.36e-14 4.65e-13 4.59e-08 2.760
461   -9.865541462557e-02 -9.868227403222e-02 7.86e-14 4.33e-13 4.38e-08 2.765
462   -9.865543993465e-02 -9.868224573819e-02 7.78e-14 7.22e-13 4.42e-08 2.771
463   -9.865578155116e-02 -9.868187213006e-02 7.32e-14 6.72e-13 4.22e-08 2.776
464   -9.865580733105e-02 -9.868184393256e-02 7.25e-14 2.64e-13 4.25e-08 2.782
465   -9.865613575649e-02 -9.868148464044e-02 6.82e-14 2.45e-13 4.06e-08 2.787
466   -9.865616043211e-02 -9.868145710168e-02 6.75e-14 1.10e-13 4.10e-08 2.794
467   -9.865648301946e-02 -9.868110437214e-02 6.35e-14 1.02e-13 3.91e-08 2.798
468   -9.865650812498e-02 -9.868107691222e-02 6.28e-14 2.26e-13 3.94e-08 2.804
469   -9.865681830579e-02 -9.868073764780e-02 5.92e-14 2.18e-13 3.76e-08 2.808
470   -9.865684236966e-02 -9.868071083476e-02 5.85e-14 4.19e-13 3.80e-08 2.814
471   -9.865714697450e-02 -9.868037782941e-02 5.51e-14 4.06e-13 3.62e-08 2.818
472   -9.865717142672e-02 -9.868035108482e-02 5.45e-14 1.20e-13 3.65e-08 2.824
473   -9.865746434400e-02 -9.868003076474e-02 5.13e-14 8.95e-14 3.49e-08 2.828
474   -9.865748780721e-02 -9.868000465936e-02 5.07e-14 2.43e-13 3.52e-08 2.834
475   -9.865777537441e-02 -9.867969033575e-02 4.77e-14 2.18e-13 3.36e-08 2.838
476   -9.865779919089e-02 -9.867966428596e-02 4.73e-14 6.07e-13 3.38e-08 2.848
477   -9.865807578315e-02 -9.867936187466e-02 4.44e-14 5.65e-13 3.23e-08 2.853
478   -9.865809866673e-02 -9.867933644902e-02 4.39e-14 6.45e-14 3.26e-08 2.864
479   -9.865837014147e-02 -9.867903976584e-02 4.13e-14 5.16e-14 3.11e-08 2.871
480   -9.865839334773e-02 -9.867901438336e-02 4.10e-14 4.18e-13 3.13e-08 2.879
481   -9.865865447151e-02 -9.867872893601e-02 3.84e-14 4.15e-13 2.99e-08 2.883
482   -9.865867678993e-02 -9.867870416914e-02 3.81e-14 1.50e-13 3.01e-08 2.893
483   -9.865893305441e-02 -9.867842415483e-02 3.57e-14 1.31e-13 2.88e-08 2.899
484   -9.865895566333e-02 -9.867839942604e-02 3.54e-14 3.76e-13 2.90e-08 2.905
485   -9.865920214972e-02 -9.867813002629e-02 3.33e-14 3.64e-13 2.77e-08 2.912
486   -9.865922392160e-02 -9.867810589402e-02 3.31e-14 4.26e-13 2.79e-08 2.920
487   -9.865946579364e-02 -9.867784164807e-02 3.10e-14 4.00e-13 2.66e-08 2.925
488   -9.865948782540e-02 -9.867781755016e-02 3.06e-14 5.62e-13 2.68e-08 2.933
489   -9.865972050184e-02 -9.867756328688e-02 2.89e-14 5.39e-13 2.56e-08 2.937
490   -9.865974173118e-02 -9.867753978131e-02 2.86e-14 1.89e-12 2.58e-08 2.945
491   -9.865996993618e-02 -9.867729050456e-02 2.69e-14 1.78e-12 2.46e-08 2.951
492   -9.865999140184e-02 -9.867726702568e-02 2.65e-14 1.36e-12 2.48e-08 2.957
493   -9.866021094022e-02 -9.867702715802e-02 2.50e-14 1.26e-12 2.37e-08 2.962
494   -9.866023165079e-02 -9.867700424976e-02 2.48e-14 9.09e-13 2.39e-08 2.971
495   -9.866044697363e-02 -9.867676907951e-02 2.33e-14 8.63e-13 2.28e-08 2.975
496   -9.866046790081e-02 -9.867674618921e-02 2.30e-14 6.06e-13 2.29e-08 2.984
497   -9.866067505712e-02 -9.867651988575e-02 2.15e-14 5.79e-13 2.19e-08 2.988
498   -9.866069526110e-02 -9.867649755848e-02 2.13e-14 1.15e-12 2.20e-08 2.996
499   -9.866089840032e-02 -9.867627572663e-02 2.01e-14 1.07e-12 2.11e-08 3.000
500   -9.866091879265e-02 -9.867625342102e-02 1.98e-14 1.06e-12 2.12e-08 3.007
501   -9.866111419583e-02 -9.867603998913e-02 1.87e-14 1.01e-12 2.02e-08 3.013
502   -9.866113390407e-02 -9.867601822819e-02 1.84e-14 1.12e-12 2.04e-08 3.019
503   -9.866132547968e-02 -9.867580905281e-02 1.73e-14 1.05e-12 1.94e-08 3.024
504   -9.866134535592e-02 -9.867578731131e-02 1.71e-14 5.53e-13 1.96e-08 3.031
505   -9.866152968536e-02 -9.867558600432e-02 1.62e-14 4.86e-13 1.87e-08 3.037
506   -9.866154890364e-02 -9.867556480115e-02 1.59e-14 1.11e-12 1.88e-08 3.046
507   -9.866172949926e-02 -9.867536764053e-02 1.50e-14 1.04e-12 1.80e-08 3.050
508   -9.866174887175e-02 -9.867534644999e-02 1.48e-14 7.46e-13 1.81e-08 3.058
509   -9.866192267853e-02 -9.867515666156e-02 1.39e-14 6.97e-13 1.72e-08 3.062
510   -9.866194142706e-02 -9.867513599191e-02 1.38e-14 1.43e-12 1.73e-08 3.069
511   -9.866211168170e-02 -9.867495014475e-02 1.29e-14 1.32e-12 1.66e-08 3.073
512   -9.866213056489e-02 -9.867492948884e-02 1.28e-14 1.58e-12 1.67e-08 3.081
513   -9.866229441121e-02 -9.867475060117e-02 1.20e-14 1.51e-12 1.59e-08 3.085
514   -9.866231269913e-02 -9.867473045311e-02 1.19e-14 7.03e-13 1.60e-08 3.093
515   -9.866247318032e-02 -9.867455529630e-02 1.11e-14 6.88e-13 1.53e-08 3.098
516   -9.866249158413e-02 -9.867453516477e-02 1.10e-14 1.04e-12 1.54e-08 3.105
517   -9.866264598985e-02 -9.867436660650e-02 1.04e-14 9.64e-13 1.47e-08 3.109
518   -9.866266382848e-02 -9.867434696602e-02 1.02e-14 1.39e-12 1.47e-08 3.115
519   -9.866281505092e-02 -9.867418193452e-02 9.66e-15 1.30e-12 1.41e-08 3.119
520   -9.866283298859e-02 -9.867416231288e-02 9.55e-15 1.14e-12 1.42e-08 3.125
521   -9.866297847040e-02 -9.867400351672e-02 8.88e-15 1.09e-12 1.35e-08 3.129
522   -9.866299586827e-02 -9.867398437280e-02 8.77e-15 1.07e-12 1.36e-08 3.134
523   -9.866313829612e-02 -9.867382895702e-02 8.33e-15 9.98e-13 1.30e-08 3.139
524   -9.866315578039e-02 -9.867380983143e-02 8.22e-15 1.00e-12 1.30e-08 3.144
525   -9.866329282193e-02 -9.867366026646e-02 7.66e-15 9.09e-13 1.24e-08 3.150
526   -9.866330979201e-02 -9.867364160340e-02 7.55e-15 7.49e-13 1.25e-08 3.159
527   -9.866344392857e-02 -9.867349525149e-02 7.22e-15 7.26e-13 1.19e-08 3.163
528   -9.866346096831e-02 -9.867347661242e-02 9.55e-15 7.22e-13 1.20e-08 3.171
529   -9.866359002230e-02 -9.867333578174e-02 8.88e-15 6.63e-13 1.15e-08 3.175
530   -9.866360656521e-02 -9.867331759782e-02 6.55e-15 2.02e-13 1.15e-08 3.182
531   -9.866373282476e-02 -9.867317985517e-02 6.22e-15 1.80e-13 1.10e-08 3.186
532   -9.866374942452e-02 -9.867316169804e-02 6.00e-15 6.35e-13 1.10e-08 3.192
533   -9.866387090354e-02 -9.867302914883e-02 5.66e-15 6.14e-13 1.05e-08 3.198
534   -9.866388703902e-02 -9.867301142109e-02 1.02e-14 1.13e-13 1.06e-08 3.205
535   -9.866400588425e-02 -9.867288178081e-02 9.63e-15 1.20e-13 1.01e-08 3.210
536   -9.866402206040e-02 -9.867286408741e-02 1.45e-14 7.04e-13 1.01e-08 3.217
537   -9.866413637255e-02 -9.867273937211e-02 1.37e-14 6.72e-13 9.68e-09 3.222
538   -9.866415210041e-02 -9.867272209983e-02 1.86e-14 1.28e-12 9.72e-09 3.228
539   -9.866426389277e-02 -9.867260016545e-02 1.75e-14 1.22e-12 9.28e-09 3.232
540   -9.866427965637e-02 -9.867258292342e-02 9.58e-15 8.01e-13 9.31e-09 3.238
541   -9.866438718595e-02 -9.867246562072e-02 9.10e-15 7.46e-13 8.89e-09 3.242
542   -9.866440251032e-02 -9.867244879861e-02 1.72e-14 4.93e-13 8.92e-09 3.248
543   -9.866450764105e-02 -9.867233414154e-02 1.61e-14 4.81e-13 8.52e-09 3.252
544   -9.866452299331e-02 -9.867231735035e-02 2.06e-14 7.31e-13 8.55e-09 3.258
545   -9.866462413887e-02 -9.867220702345e-02 1.94e-14 7.22e-13 8.16e-09 3.263
546   -9.866463909094e-02 -9.867219061645e-02 2.39e-14 1.33e-12 8.18e-09 3.269
547   -9.866473793586e-02 -9.867208282516e-02 2.25e-14 1.26e-12 7.82e-09 3.273
548   -9.866475289314e-02 -9.867206646645e-02 2.64e-14 2.63e-12 7.84e-09 3.279
549   -9.866484796771e-02 -9.867196277222e-02 2.49e-14 2.46e-12 7.49e-09 3.283
550   -9.866486252533e-02 -9.867194680376e-02 2.91e-14 2.13e-12 7.50e-09 3.289
551   -9.866495541934e-02 -9.867184551134e-02 2.74e-14 1.97e-12 7.17e-09 3.293
552   -9.866496999300e-02 -9.867182957272e-02 2.02e-14 1.03e-12 7.18e-09 3.299
553   -9.866505934508e-02 -9.867173212947e-02 1.91e-14 1.02e-12 6.86e-09 3.303
554   -9.866507353279e-02 -9.867171657210e-02 2.59e-14 4.71e-13 6.87e-09 3.307
555   -9.866516079437e-02 -9.867162142995e-02 2.44e-14 4.11e-13 6.57e-09 3.311
556   -9.866517497698e-02 -9.867160592013e-02 2.79e-14 1.69e-13 6.58e-09 3.318
557   -9.866525887046e-02 -9.867151443843e-02 2.64e-14 2.17e-13 6.28e-09 3.322
558   -9.866527268576e-02 -9.867149929428e-02 3.28e-14 2.10e-13 6.29e-09 3.328
559   -9.866535464502e-02 -9.867140994113e-02 3.08e-14 1.82e-13 6.01e-09 3.331
560   -9.866536846004e-02 -9.867139483382e-02 2.42e-14 2.87e-13 6.02e-09 3.338
561   -9.866544726018e-02 -9.867130891422e-02 2.28e-14 3.22e-13 5.75e-09 3.342
562   -9.866546071737e-02 -9.867129416700e-02 2.66e-14 9.13e-13 5.75e-09 3.348
563   -9.866553760220e-02 -9.867121035318e-02 2.50e-14 8.60e-13 5.50e-09 3.352
564   -9.866555104553e-02 -9.867119565323e-02 1.87e-14 4.75e-13 5.50e-09 3.358
565   -9.866562499493e-02 -9.867111502993e-02 1.77e-14 4.31e-13 5.26e-09 3.362
566   -9.866563809309e-02 -9.867110068028e-02 2.36e-14 7.54e-13 5.26e-09 3.367
567   -9.866571026727e-02 -9.867102200817e-02 2.22e-14 6.58e-13 5.02e-09 3.371
568   -9.866572333370e-02 -9.867100772163e-02 2.56e-14 1.31e-12 5.02e-09 3.377
569   -9.866579268724e-02 -9.867093211544e-02 2.42e-14 1.23e-12 4.80e-09 3.381
570   -9.866580544128e-02 -9.867091814671e-02 2.97e-14 2.76e-12 4.80e-09 3.386
571   -9.866587309896e-02 -9.867084440358e-02 2.79e-14 2.55e-12 4.59e-09 3.390
572   -9.866588581664e-02 -9.867083049915e-02 3.09e-14 2.07e-12 4.58e-09 3.396
573   -9.866595086442e-02 -9.867075959302e-02 2.91e-14 1.94e-12 4.38e-09 3.400
574   -9.866596327596e-02 -9.867074600285e-02 3.43e-14 2.47e-12 4.38e-09 3.405
575   -9.866602671277e-02 -9.867067686564e-02 3.23e-14 2.33e-12 4.18e-09 3.409
576   -9.866603908404e-02 -9.867066334095e-02 3.50e-14 4.10e-12 4.18e-09 3.415
577   -9.866610007451e-02 -9.867059686307e-02 3.30e-14 3.81e-12 3.99e-09 3.419
578   -9.866611215381e-02 -9.867058363987e-02 3.60e-14 3.49e-12 3.99e-09 3.424
579   -9.866617161895e-02 -9.867051883617e-02 3.39e-14 3.27e-12 3.81e-09 3.428
580   -9.866618365144e-02 -9.867050568266e-02 2.84e-14 3.01e-12 3.81e-09 3.433
581   -9.866624076526e-02 -9.867044343522e-02 2.68e-14 2.81e-12 3.64e-09 3.437
582   -9.866625250169e-02 -9.867043059022e-02 2.97e-14 2.95e-12 3.63e-09 3.442
583   -9.866630817272e-02 -9.867036992569e-02 2.80e-14 2.77e-12 3.47e-09 3.447
584   -9.866631986031e-02 -9.867035715057e-02 3.05e-14 3.54e-12 3.46e-09 3.453
585   -9.866637334534e-02 -9.867029886262e-02 2.88e-14 3.33e-12 3.31e-09 3.457
586   -9.866638475169e-02 -9.867028638156e-02 3.16e-14 3.23e-12 3.30e-09 3.463
587   -9.866643685733e-02 -9.867022960625e-02 2.97e-14 3.02e-12 3.16e-09 3.467
588   -9.866644820450e-02 -9.867021720434e-02 3.21e-14 2.35e-12 3.15e-09 3.472
589   -9.866649829394e-02 -9.867016262102e-02 3.03e-14 2.20e-12 3.01e-09 3.476
590   -9.866650939052e-02 -9.867015048155e-02 3.43e-14 2.27e-13 3.00e-09 3.482
591   -9.866655816865e-02 -9.867009733568e-02 3.23e-14 1.61e-13 2.87e-09 3.490
592   -9.866656919786e-02 -9.867008528194e-02 2.74e-14 6.85e-14 2.86e-09 3.498
593   -9.866661602389e-02 -9.867003425860e-02 2.58e-14 4.84e-14 2.73e-09 3.503
594   -9.866662679015e-02 -9.867002248281e-02 2.84e-14 8.46e-13 2.72e-09 3.508
595   -9.866667239678e-02 -9.866997279579e-02 2.67e-14 7.03e-13 2.60e-09 3.512
596   -9.866668308657e-02 -9.866996111406e-02 2.22e-14 1.98e-12 2.59e-09 3.519
597   -9.866672689449e-02 -9.866991338278e-02 2.09e-14 1.88e-12 2.48e-09 3.524
598   -9.866673732769e-02 -9.866990197353e-02 2.47e-14 2.43e-12 2.47e-09 3.530
599   -9.866677995753e-02 -9.866985553260e-02 2.32e-14 2.39e-12 2.36e-09 3.534
600   -9.866679032366e-02 -9.866984420599e-02 2.55e-14 2.56e-12 2.35e-09 3.540
601   -9.866683123748e-02 -9.866979963102e-02 2.41e-14 2.46e-12 2.25e-09 3.545
602   -9.866684136673e-02 -9.866978855618e-02 2.76e-14 3.05e-12 2.24e-09 3.550
603   -9.866688121226e-02 -9.866974515126e-02 2.60e-14 2.84e-12 2.14e-09 3.554
604   -9.866689125094e-02 -9.866973418345e-02 2.79e-14 3.65e-12 2.13e-09 3.560
605   -9.866692947514e-02 -9.866969254155e-02 2.63e-14 3.47e-12 2.03e-09 3.564
606   -9.866693929438e-02 -9.866968180762e-02 2.95e-14 2.21e-12 2.02e-09 3.569
607   -9.866697647932e-02 -9.866964130341e-02 2.78e-14 2.06e-12 1.93e-09 3.572
608   -9.866698618897e-02 -9.866963069584e-02 2.38e-14 2.96e-12 1.92e-09 3.577
609   -9.866702188196e-02 -9.866959181400e-02 2.24e-14 2.76e-12 1.84e-09 3.581
610   -9.866703135664e-02 -9.866958145843e-02 2.55e-14 4.04e-13 1.83e-09 3.586
611   -9.866706598151e-02 -9.866954374495e-02 2.40e-14 3.07e-13 1.75e-09 3.590
612   -9.866707537402e-02 -9.866953348503e-02 2.58e-14 2.28e-13 1.74e-09 3.596
613   -9.866710862246e-02 -9.866949726838e-02 2.43e-14 1.61e-13 1.66e-09 3.602
614   -9.866711779715e-02 -9.866948724234e-02 2.71e-14 1.11e-12 1.65e-09 3.608
615   -9.866715013488e-02 -9.866945202210e-02 2.55e-14 9.84e-13 1.58e-09 3.612
616   -9.866715922521e-02 -9.866944209311e-02 2.18e-14 2.89e-12 1.57e-09 3.616
617   -9.866719022937e-02 -9.866940832319e-02 2.05e-14 2.80e-12 1.50e-09 3.620
618   -9.866719909272e-02 -9.866939863891e-02 2.33e-14 2.36e-12 1.49e-09 3.625
619   -9.866722922029e-02 -9.866936582765e-02 2.19e-14 2.21e-12 1.42e-09 3.629
620   -9.866723797215e-02 -9.866935626946e-02 2.35e-14 2.38e-12 1.41e-09 3.635
621   -9.866726682908e-02 -9.866932484008e-02 2.21e-14 2.18e-12 1.35e-09 3.639
622   -9.866727541403e-02 -9.866931546145e-02 2.39e-14 4.06e-13 1.34e-09 3.645
623   -9.866730349562e-02 -9.866928488010e-02 2.25e-14 3.78e-13 1.28e-09 3.649
624   -9.866731199122e-02 -9.866927560270e-02 2.39e-14 8.82e-13 1.27e-09 3.654
625   -9.866733893136e-02 -9.866924626277e-02 2.25e-14 8.78e-13 1.21e-09 3.658
626   -9.866734718978e-02 -9.866923724210e-02 2.41e-14 3.24e-12 1.20e-09 3.663
627   -9.866737332650e-02 -9.866920878019e-02 2.27e-14 3.07e-12 1.15e-09 3.667
628   -9.866738146520e-02 -9.866919989344e-02 1.95e-14 2.23e-12 1.14e-09 3.672
629   -9.866740654604e-02 -9.866917257983e-02 1.84e-14 2.07e-12 1.09e-09 3.676
630   -9.866741449170e-02 -9.866916390209e-02 2.07e-14 1.49e-12 1.08e-09 3.681
631   -9.866743882710e-02 -9.866913740301e-02 1.95e-14 1.37e-12 1.03e-09 3.685
632   -9.866744667189e-02 -9.866912883803e-02 1.65e-14 1.47e-12 1.02e-09 3.690
633   -9.866746995506e-02 -9.866910348342e-02 1.56e-14 1.35e-12 9.77e-10 3.694
634   -9.866747760258e-02 -9.866909513240e-02 1.78e-14 2.04e-12 9.67e-10 3.699
635   -9.866750022807e-02 -9.866907049643e-02 1.67e-14 1.93e-12 9.24e-10 3.703
636   -9.866750776206e-02 -9.866906227178e-02 1.80e-14 1.33e-12 9.15e-10 3.708
637   -9.866752947020e-02 -9.866903863352e-02 1.69e-14 1.13e-12 8.75e-10 3.712
638   -9.866753680498e-02 -9.866903062508e-02 1.89e-14 5.76e-13 8.66e-10 3.717
639   -9.866755781572e-02 -9.866900774835e-02 1.78e-14 5.31e-13 8.27e-10 3.722
640   -9.866756505776e-02 -9.866899984316e-02 1.90e-14 1.67e-12 8.18e-10 3.728
641   -9.866758517859e-02 -9.866897793436e-02 1.79e-14 1.48e-12 7.82e-10 3.732
642   -9.866759220055e-02 -9.866897026839e-02 1.97e-14 4.60e-12 7.73e-10 3.737
643   -9.866761168516e-02 -9.866894905424e-02 1.85e-14 4.27e-12 7.39e-10 3.741
644   -9.866761861578e-02 -9.866894148976e-02 1.95e-14 3.80e-12 7.31e-10 3.746
645   -9.866763728624e-02 -9.866892116111e-02 1.84e-14 3.58e-12 6.98e-10 3.750
646   -9.866764396368e-02 -9.866891387208e-02 1.95e-14 2.62e-12 6.90e-10 3.755
647   -9.866766207127e-02 -9.866889415797e-02 1.84e-14 2.52e-12 6.59e-10 3.759
648   -9.866766865942e-02 -9.866888696806e-02 1.93e-14 2.35e-12 6.51e-10 3.765
649   -9.866768589640e-02 -9.866886820091e-02 1.82e-14 2.09e-12 6.23e-10 3.769
650   -9.866769232649e-02 -9.866886118322e-02 3.72e-14 7.38e-12 6.15e-10 3.774
651   -9.866770908640e-02 -9.866884293707e-02 3.50e-14 6.87e-12 5.87e-10 3.778
652   -9.866771538459e-02 -9.866883606416e-02 3.22e-14 8.80e-12 5.80e-10 3.782
653   -9.866773139975e-02 -9.866881862803e-02 3.03e-14 8.37e-12 5.54e-10 3.786
654   -9.866773753185e-02 -9.866881193594e-02 3.13e-14 7.62e-12 5.47e-10 3.791
655   -9.866775301731e-02 -9.866879507783e-02 2.94e-14 7.27e-12 5.22e-10 3.795
656   -9.866775894916e-02 -9.866878860524e-02 2.69e-14 5.29e-12 5.16e-10 3.801
657   -9.866777376964e-02 -9.866877247037e-02 2.53e-14 5.08e-12 4.92e-10 3.805
658   -9.866777954376e-02 -9.866876616966e-02 2.63e-14 4.02e-12 4.86e-10 3.810
659   -9.866779400701e-02 -9.866875042488e-02 2.48e-14 3.79e-12 4.64e-10 3.813
660   -9.866779973570e-02 -9.866874417461e-02 2.24e-14 6.94e-12 4.57e-10 3.818
661   -9.866781353356e-02 -9.866872915362e-02 2.11e-14 6.52e-12 4.37e-10 3.822
662   -9.866781905085e-02 -9.866872313414e-02 3.66e-14 4.46e-12 4.30e-10 3.827
663   -9.866783230965e-02 -9.866870870095e-02 3.44e-14 4.16e-12 4.11e-10 3.831
664   -9.866783773960e-02 -9.866870277719e-02 3.45e-14 3.98e-12 4.05e-10 3.837
665   -9.866785050292e-02 -9.866868888291e-02 3.24e-14 3.68e-12 3.87e-10 3.841
666   -9.866785571144e-02 -9.866868320094e-02 4.67e-14 7.08e-12 3.81e-10 3.846
667   -9.866786795258e-02 -9.866866987592e-02 4.39e-14 6.66e-12 3.64e-10 3.849
668   -9.866787299158e-02 -9.866866437909e-02 4.11e-14 1.29e-12 3.58e-10 3.854
669   -9.866788473264e-02 -9.866865159795e-02 3.87e-14 1.26e-12 3.42e-10 3.858
670   -9.866788965340e-02 -9.866864623010e-02 3.89e-14 3.06e-12 3.37e-10 3.863
671   -9.866790104158e-02 -9.866863383388e-02 3.66e-14 2.82e-12 3.21e-10 3.867
672   -9.866790582544e-02 -9.866862861591e-02 3.65e-14 4.17e-12 3.16e-10 3.873
673   -9.866791676803e-02 -9.866861670432e-02 3.43e-14 3.91e-12 3.02e-10 3.877
674   -9.866792135099e-02 -9.866861170580e-02 4.66e-14 1.98e-12 2.97e-10 3.882
675   -9.866793184055e-02 -9.866860028794e-02 4.38e-14 1.59e-12 2.83e-10 3.886
676   -9.866793634812e-02 -9.866859537170e-02 4.34e-14 1.99e-12 2.79e-10 3.892
677   -9.866794641955e-02 -9.866858440863e-02 4.07e-14 1.64e-12 2.66e-10 3.896
678   -9.866795077167e-02 -9.866857966232e-02 5.22e-14 1.29e-12 2.62e-10 3.900
679   -9.866796044967e-02 -9.866856912807e-02 4.90e-14 1.20e-12 2.49e-10 3.904
680   -9.866796463626e-02 -9.866856456228e-02 4.62e-14 4.61e-12 2.45e-10 3.909
681   -9.866797387062e-02 -9.866855451059e-02 4.34e-14 4.16e-12 2.34e-10 3.913
682   -9.866797784792e-02 -9.866855017335e-02 5.44e-14 1.64e-12 2.30e-10 3.917
683   -9.866798674121e-02 -9.866854049337e-02 5.11e-14 1.64e-12 2.19e-10 3.921
684   -9.866799065252e-02 -9.866853622810e-02 5.01e-14 3.66e-12 2.16e-10 3.927
685   -9.866799923870e-02 -9.866852688212e-02 4.70e-14 3.62e-12 2.05e-10 3.931
686   -9.866800288920e-02 -9.866852290165e-02 5.76e-14 1.66e-12 2.02e-10 3.935
687   -9.866801108418e-02 -9.866851398181e-02 5.40e-14 1.70e-12 1.93e-10 3.939
688   -9.866801472124e-02 -9.866851001591e-02 5.11e-14 1.11e-11 1.89e-10 3.944
689   -9.866802254923e-02 -9.866850149529e-02 4.80e-14 1.05e-11 1.80e-10 3.948
690   -9.866802599209e-02 -9.866849774151e-02 5.78e-14 1.07e-11 1.77e-10 3.952
691   -9.866803349245e-02 -9.866848957785e-02 5.42e-14 9.87e-12 1.69e-10 3.956
692   -9.866803681671e-02 -9.866848595322e-02 5.14e-14 1.29e-11 1.66e-10 3.961
693   -9.866804401915e-02 -9.866847811360e-02 4.82e-14 1.21e-11 1.58e-10 3.965
694   -9.866804718754e-02 -9.866847465931e-02 5.75e-14 4.58e-12 1.55e-10 3.970
695   -9.866805403562e-02 -9.866846720570e-02 5.40e-14 4.47e-12 1.48e-10 3.974
696   -9.866805707731e-02 -9.866846388942e-02 5.12e-14 8.48e-12 1.45e-10 3.979
697   -9.866806366620e-02 -9.866845671769e-02 4.80e-14 7.81e-12 1.38e-10 3.983
698   -9.866806663008e-02 -9.866845348666e-02 5.68e-14 6.32e-12 1.36e-10 3.988
699   -9.866807308257e-02 -9.866844646369e-02 5.32e-14 5.83e-12 1.29e-10 3.992
700   -9.866807589688e-02 -9.866844339553e-02 5.05e-14 1.00e-11 1.27e-10 3.997
701   -9.866808188752e-02 -9.866843687500e-02 4.74e-14 9.11e-12 1.21e-10 4.002
702   -9.866808459542e-02 -9.866843392294e-02 4.66e-14 1.00e-11 1.18e-10 4.007
703   -9.866809058559e-02 -9.866842740322e-02 4.35e-14 9.34e-12 1.13e-10 4.011
704   -9.866809321734e-02 -9.866842453428e-02 4.12e-14 2.30e-12 1.10e-10 4.016
705   -9.866809874403e-02 -9.866841851881e-02 3.86e-14 2.17e-12 1.05e-10 4.020
706   -9.866810116531e-02 -9.866841587960e-02 4.75e-14 9.87e-12 1.03e-10 4.025
707   -9.866810653503e-02 -9.866841003516e-02 4.45e-14 9.04e-12 9.80e-11 4.029
708   -9.866810885713e-02 -9.866840750392e-02 4.22e-14 3.49e-12 9.62e-11 4.035
709   -9.866811396965e-02 -9.866840193925e-02 3.94e-14 2.96e-12 9.14e-11 4.039
710   -9.866811614738e-02 -9.866839956540e-02 3.89e-14 1.15e-11 8.98e-11 4.044
711   -9.866812091940e-02 -9.866839437149e-02 3.64e-14 1.12e-11 8.54e-11 4.048
712   -9.866812303518e-02 -9.866839206525e-02 3.56e-14 1.38e-11 8.38e-11 4.053
713   -9.866812752350e-02 -9.866838718000e-02 3.33e-14 1.31e-11 7.98e-11 4.057
714   -9.866812950045e-02 -9.866838502540e-02 4.21e-14 1.80e-11 7.83e-11 4.062
715   -9.866813406668e-02 -9.866838005550e-02 3.93e-14 1.69e-11 7.43e-11 4.066
716   -9.866813600642e-02 -9.866837794163e-02 5.42e-14 1.10e-11 7.29e-11 4.070
717   -9.866814029516e-02 -9.866837327358e-02 5.07e-14 9.83e-12 6.92e-11 4.074
718   -9.866814203019e-02 -9.866837138272e-02 5.88e-14 1.54e-11 6.80e-11 4.079
719   -9.866814593409e-02 -9.866836713360e-02 5.51e-14 1.46e-11 6.47e-11 4.083
720   -9.866814766943e-02 -9.866836524270e-02 6.91e-14 3.04e-12 6.35e-11 4.088
721   -9.866815148428e-02 -9.866836109042e-02 6.47e-14 3.17e-12 6.03e-11 4.092
722   -9.866815313332e-02 -9.866835929352e-02 7.83e-14 2.12e-11 5.92e-11 4.097
723   -9.866815685705e-02 -9.866835524053e-02 7.31e-14 2.03e-11 5.62e-11 4.101
724   -9.866815844342e-02 -9.866835351194e-02 8.38e-14 1.86e-11 5.51e-11 4.105
725   -9.866816196786e-02 -9.866834967573e-02 7.83e-14 1.72e-11 5.23e-11 4.109
726   -9.866816348307e-02 -9.866834802473e-02 8.99e-14 3.05e-11 5.13e-11 4.114
727   -9.866816689983e-02 -9.866834430582e-02 8.39e-14 2.90e-11 4.86e-11 4.118
728   -9.866816827944e-02 -9.866834280261e-02 9.42e-14 2.42e-11 4.77e-11 4.123
729   -9.866817121649e-02 -9.866833960569e-02 8.84e-14 2.27e-11 4.54e-11 4.127
730   -9.866817258612e-02 -9.866833811356e-02 1.06e-13 3.17e-11 4.45e-11 4.131
731   -9.866817566746e-02 -9.866833475968e-02 9.90e-14 3.02e-11 4.22e-11 4.135
732   -9.866817694399e-02 -9.866833336872e-02 1.06e-13 3.73e-11 4.14e-11 4.139
733   -9.866818000513e-02 -9.866833003677e-02 9.88e-14 3.43e-11 3.92e-11 4.143
734   -9.866818115930e-02 -9.866832877947e-02 1.16e-13 3.83e-11 3.85e-11 4.147
735   -9.866818369191e-02 -9.866832602274e-02 1.09e-13 3.55e-11 3.66e-11 4.151
736   -9.866818488648e-02 -9.866832472115e-02 1.15e-13 4.79e-11 3.59e-11 4.156
737   -9.866818747969e-02 -9.866832189848e-02 1.07e-13 4.47e-11 3.40e-11 4.160
738   -9.866818848678e-02 -9.866832080133e-02 1.22e-13 3.60e-11 3.34e-11 4.164
739   -9.866819092686e-02 -9.866831814535e-02 1.14e-13 3.43e-11 3.17e-11 4.168
740   -9.866819193602e-02 -9.866831704584e-02 1.20e-13 3.10e-11 3.11e-11 4.172
741   -9.866819438899e-02 -9.866831437575e-02 1.11e-13 2.95e-11 2.94e-11 4.176
742   -9.866819542148e-02 -9.866831325101e-02 1.24e-13 5.08e-11 2.88e-11 4.180
743   -9.866819785745e-02 -9.866831059950e-02 1.15e-13 4.74e-11 2.72e-11 4.184
744   -9.866819872276e-02 -9.866830965670e-02 1.20e-13 5.91e-11 2.67e-11 4.206
745   -9.866820064876e-02 -9.866830756015e-02 1.12e-13 5.57e-11 2.54e-11 4.215
746   -9.866820150825e-02 -9.866830662379e-02 1.17e-13 6.31e-11 2.49e-11 4.223
747   -9.866820365489e-02 -9.866830428716e-02 1.09e-13 5.86e-11 2.36e-11 4.232
748   -9.866820444785e-02 -9.866830342323e-02 1.13e-13 5.24e-11 2.31e-11 4.245
749   -9.866820614425e-02 -9.866830157659e-02 1.06e-13 5.01e-11 2.20e-11 4.249
750   -9.866820691658e-02 -9.866830073537e-02 1.17e-13 5.39e-11 2.16e-11 4.257
751   -9.866820884017e-02 -9.866829864151e-02 1.09e-13 5.02e-11 2.04e-11 4.269
752   -9.866820960210e-02 -9.866829781086e-02 9.16e-14 1.93e-11 2.00e-11 4.275
753   -9.866821114705e-02 -9.866829612913e-02 8.59e-14 1.83e-11 1.91e-11 4.283
754   -9.866821178866e-02 -9.866829543032e-02 9.73e-14 1.50e-11 1.87e-11 4.292
755   -9.866821321761e-02 -9.866829387489e-02 9.14e-14 1.51e-11 1.79e-11 4.300
756   -9.866821386912e-02 -9.866829316510e-02 9.35e-14 8.05e-12 1.75e-11 4.308
757   -9.866821562598e-02 -9.866829125274e-02 8.65e-14 6.92e-12 1.65e-11 4.318
758   -9.866821624210e-02 -9.866829058173e-02 9.79e-14 1.23e-11 1.62e-11 4.325
759   -9.866821744898e-02 -9.866828926797e-02 9.23e-14 1.19e-11 1.55e-11 4.333
760   -9.866821801196e-02 -9.866828865461e-02 9.48e-14 8.06e-12 1.52e-11 4.342
761   -9.866821943343e-02 -9.866828710728e-02 8.83e-14 8.21e-12 1.43e-11 4.348
762   -9.866822002295e-02 -9.866828646528e-02 9.73e-14 4.68e-11 1.41e-11 4.353
763   -9.866822144384e-02 -9.866828491857e-02 9.04e-14 4.26e-11 1.33e-11 4.357
764   -9.866822194708e-02 -9.866828437036e-02 9.29e-14 5.28e-11 1.31e-11 4.362
765   -9.866822298337e-02 -9.866828324224e-02 8.75e-14 4.96e-11 1.25e-11 4.366
766   -9.866822348563e-02 -9.866828269530e-02 9.65e-14 1.52e-11 1.22e-11 4.370
767   -9.866822471115e-02 -9.866828136124e-02 8.99e-14 1.43e-11 1.16e-11 4.374
768   -9.866822524136e-02 -9.866828078324e-02 7.56e-14 1.95e-11 1.13e-11 4.378
769   -9.866822605986e-02 -9.866827989224e-02 7.16e-14 1.86e-11 1.08e-11 4.387
770   -9.866822663531e-02 -9.866827926551e-02 7.73e-14 1.96e-11 1.05e-11 4.392
771   -9.866822806882e-02 -9.866827770519e-02 7.07e-14 1.86e-11 9.82e-12 4.396
772   -9.866822860020e-02 -9.866827712597e-02 5.89e-14 3.68e-11 9.57e-12 4.400
773   -9.866822968753e-02 -9.866827594241e-02 5.46e-14 3.42e-11 9.01e-12 4.404
774   -9.866823024297e-02 -9.866827533740e-02 5.66e-14 5.23e-11 8.78e-12 4.408
775   -9.866823136294e-02 -9.866827411832e-02 5.21e-14 4.66e-11 8.22e-12 4.412
776   -9.866823176440e-02 -9.866827368101e-02 5.44e-14 7.38e-12 8.06e-12 4.417
777   -9.866823256661e-02 -9.866827280775e-02 5.09e-14 5.72e-12 7.65e-12 4.421
778   -9.866823291856e-02 -9.866827242451e-02 5.83e-14 4.69e-11 7.51e-12 4.425
779   -9.866823395395e-02 -9.866827129742e-02 5.34e-14 4.22e-11 7.01e-12 4.429
780   -9.866823419956e-02 -9.866827102996e-02 5.70e-14 1.12e-10 6.88e-12 4.434
781   -9.866823464571e-02 -9.866827054420e-02 5.44e-14 1.05e-10 6.64e-12 4.438
782   -9.866823503594e-02 -9.866827011930e-02 6.06e-14 9.76e-12 6.46e-12 4.442
783   -9.866823574744e-02 -9.866826934480e-02 5.66e-14 9.38e-12 6.12e-12 4.446
784   -9.866823630212e-02 -9.866826874038e-02 4.77e-14 3.14e-11 5.89e-12 4.450
785   -9.866823701184e-02 -9.866826796789e-02 4.45e-14 2.72e-11 5.57e-12 4.454
786   -9.866823747857e-02 -9.866826745954e-02 4.70e-14 5.40e-11 5.37e-12 4.458
787   -9.866823855149e-02 -9.866826629173e-02 4.22e-14 4.77e-11 4.92e-12 4.462
788   -9.866823879266e-02 -9.866826602875e-02 3.31e-14 1.33e-10 4.82e-12 4.466
789   -9.866823939924e-02 -9.866826536845e-02 3.08e-14 1.26e-10 4.55e-12 4.469
790   -9.866824008385e-02 -9.866826462287e-02 3.31e-14 2.24e-10 4.28e-12 4.473
791   -9.866824123434e-02 -9.866826337062e-02 2.88e-14 1.92e-10 3.81e-12 4.477
792   -9.866824169490e-02 -9.866826286877e-02 2.21e-14 2.87e-10 3.63e-12 4.481
793   -9.866824249554e-02 -9.866826199730e-02 1.97e-14 2.55e-10 3.30e-12 4.485
794   -9.866824282646e-02 -9.866826163704e-02 2.48e-14 3.48e-10 3.18e-12 4.489
795   -9.866824338082e-02 -9.866826103356e-02 2.25e-14 3.18e-10 2.95e-12 4.493
796   -9.866824365655e-02 -9.866826073302e-02 1.54e-14 3.39e-10 2.81e-12 4.497
797   -9.866824411058e-02 -9.866826023880e-02 1.41e-14 3.09e-10 2.62e-12 4.501
Numerical error in objective
Restoring previous solution


Suboptimal solution found in 798 iterations and 4.50 seconds
Objective -9.86641364e-02
Primal infeasibility (abs/rel): 2.74e-14/1.37e-14
Dual infeasibility   (abs/rel): 7.41e-13/6.72e-13
Complementarity gap  (abs/rel): 1.06e-08/9.68e-09


Barrier finished in 4.50 seconds
Dual variables for problems with quadratic constraints not returned.
