cuOpt version: 26.10.0, git hash: 648f805d, host arch: x86_64, device archs: 80-real
CPU: AMD EPYC 7642 48-Core Processor, threads: 5C/5T, RAM usage: 43.63/503.74GiB
CPU SIMD target: AVX2
CUDA 12.9, device: NVIDIA A100 80GB PCIe (ID 0), VRAM: 79.44 GiB
CUDA device UUID: 68df5cf5-71f9-6a93-b428-460c080ffb10
Problem has 1 quadratic constraints. Converting to second-order cones and solving with barrier.
Barrier: reusing cache (skip convert/presolve/scaling)
Barrier solver started at 0.000 seconds
Barrier solver: 5103 constraints, 10102 variables, 265152 nonzeros
Barrier setup complete at 0.001 seconds
Adaptive regularization enabled


                  Objective                         Infeasibility        Time
Iter   Primal              Dual                Primal   Dual    Compl.   Elapsed
  0   -3.704296579021e+02 -3.711143874095e+02 3.71e+03 1.91e+00 1.19e-02 0.001
  1   -4.759847695172e-01 -3.473002076118e+02 3.37e+00 2.99e-01 2.04e-01 0.007
  2   -6.516093742477e-02 -4.831855860756e+00 3.31e-02 3.32e-03 2.60e-03 0.011
  3   -6.242213895322e-02 -2.172905020598e-01 1.05e-03 1.05e-04 6.04e-05 0.016
  4   -6.290499308253e-02 -2.177481112465e-01 1.04e-03 1.04e-04 4.93e-05 0.019
  5   -6.286870306896e-02 -2.177107489163e-01 1.04e-03 1.04e-04 5.12e-05 0.024
  6   -6.410836366595e-02 -2.182616004017e-01 1.01e-03 1.01e-04 5.90e-05 0.028
  7   -6.410494815390e-02 -2.182524613668e-01 1.01e-03 1.01e-04 5.90e-05 0.033
  8   -6.474404805944e-02 -2.184836906528e-01 9.32e-04 9.34e-05 2.32e-04 0.037
  9   -6.615236026496e-02 -2.160041439893e-01 8.18e-04 8.20e-05 4.05e-04 0.042
 10   -8.519791677023e-02 -1.535233540208e-01 8.18e-08 8.89e-09 2.67e-04 0.046
 11   -9.163380254526e-02 -1.157021916413e-01 1.80e-08 1.85e-09 8.57e-05 0.050
 12   -9.151579046883e-02 -1.155202987203e-01 1.76e-08 1.78e-09 8.42e-05 0.057
 13   -9.163936230896e-02 -1.146942888146e-01 1.52e-08 1.53e-09 7.60e-05 0.061
 14   -9.167273463335e-02 -1.147250588329e-01 1.51e-08 1.53e-09 7.59e-05 0.067
 15   -9.161718292331e-02 -1.146224711077e-01 1.47e-08 1.49e-09 7.45e-05 0.072
 16   -9.157581386016e-02 -1.145773550301e-01 1.47e-08 1.48e-09 7.43e-05 0.078
 17   -9.154927531195e-02 -1.144681602659e-01 1.43e-08 1.44e-09 7.26e-05 0.083
 18   -9.157808488502e-02 -1.144920998771e-01 1.42e-08 1.44e-09 7.24e-05 0.090
 19   -9.157086672438e-02 -1.143217280985e-01 1.36e-08 1.38e-09 7.05e-05 0.094
 20   -9.153018345672e-02 -1.142758573227e-01 1.36e-08 1.37e-09 7.03e-05 0.100
 21   -9.150623694880e-02 -1.141519981303e-01 1.32e-08 1.33e-09 6.85e-05 0.105
 22   -9.153531329727e-02 -1.141750826431e-01 1.31e-08 1.33e-09 6.83e-05 0.112
 23   -9.158159617916e-02 -1.139079565720e-01 1.25e-08 1.26e-09 6.82e-05 0.116
 24   -9.154055296155e-02 -1.138607498861e-01 1.24e-08 1.25e-09 6.99e-05 0.121
 25   -9.151764509342e-02 -1.137299539806e-01 1.20e-08 1.21e-09 7.37e-05 0.126
 26   -9.154671542088e-02 -1.137519378057e-01 1.19e-08 1.21e-09 7.53e-05 0.132
 27   -9.163374893317e-02 -1.134256656998e-01 1.13e-08 1.14e-09 7.74e-05 0.136
 28   -9.159259212371e-02 -1.133775271572e-01 1.12e-08 1.13e-09 7.91e-05 0.142
 29   -9.157306326355e-02 -1.132403630467e-01 1.08e-08 1.09e-09 8.25e-05 0.147
 30   -9.160208718042e-02 -1.132613479375e-01 1.08e-08 1.09e-09 8.42e-05 0.154
 31   -9.172143375623e-02 -1.128970344662e-01 1.01e-08 1.02e-09 8.53e-05 0.157
 32   -9.168052656185e-02 -1.128484851525e-01 1.01e-08 1.02e-09 8.71e-05 0.164
 33   -9.166600546359e-02 -1.127049986845e-01 9.66e-09 9.76e-10 9.00e-05 0.168
 34   -9.169491225705e-02 -1.127250851922e-01 9.62e-09 9.72e-10 9.17e-05 0.174
 35   -9.184185201088e-02 -1.123328472727e-01 9.01e-09 9.10e-10 9.21e-05 0.178
 36   -9.180154287255e-02 -1.122843766150e-01 8.97e-09 1.17e-09 9.39e-05 0.186
 37   -9.179325568454e-02 -1.121341286031e-01 8.60e-09 1.12e-09 9.62e-05 0.190
 38   -9.182188552607e-02 -1.121533146076e-01 8.55e-09 1.45e-09 9.79e-05 0.197
 39   -9.199247225286e-02 -1.117399037454e-01 7.99e-09 1.36e-09 9.76e-05 0.201
 40   -9.195308812551e-02 -1.116919622585e-01 7.95e-09 1.70e-09 9.94e-05 0.207
 41   -9.195213798782e-02 -1.115342303924e-01 7.60e-09 1.62e-09 1.01e-04 0.211
 42   -9.198028295315e-02 -1.115524469390e-01 7.56e-09 1.97e-09 1.03e-04 0.218
 43   -9.217067825191e-02 -1.111235405664e-01 7.04e-09 1.83e-09 1.02e-04 0.222
 44   -9.213251761345e-02 -1.110765369597e-01 7.00e-09 2.19e-09 1.04e-04 0.229
 45   -9.214001256164e-02 -1.109104977554e-01 6.67e-09 2.08e-09 1.05e-04 0.234
 46   -9.216745195041e-02 -1.109276473347e-01 6.64e-09 2.44e-09 1.07e-04 0.241
 47   -9.237392136594e-02 -1.104884494177e-01 6.17e-09 2.26e-09 1.05e-04 0.245
 48   -9.233724804654e-02 -1.104427484088e-01 6.13e-09 2.62e-09 1.07e-04 0.251
 49   -9.235431603635e-02 -1.102676506630e-01 5.82e-09 2.48e-09 1.07e-04 0.256
 50   -9.238083487911e-02 -1.102836299214e-01 5.78e-09 2.84e-09 1.09e-04 0.262
 51   -9.259971479969e-02 -1.098391984698e-01 5.36e-09 2.63e-09 1.07e-04 0.267
 52   -9.256475638937e-02 -1.097951224339e-01 5.33e-09 2.98e-09 1.09e-04 0.273
 53   -9.259246292885e-02 -1.096105004693e-01 5.03e-09 2.81e-09 1.09e-04 0.278
 54   -9.261786224308e-02 -1.096252145109e-01 5.00e-09 3.15e-09 1.10e-04 0.286
 55   -9.284176957420e-02 -1.091855598396e-01 4.62e-09 2.91e-09 1.08e-04 0.290
 56   -9.280878154773e-02 -1.091434421884e-01 4.59e-09 3.25e-09 1.10e-04 0.296
 57   -9.284811364605e-02 -1.089492644612e-01 4.32e-09 3.05e-09 1.09e-04 0.301
 58   -9.287222983676e-02 -1.089626445778e-01 4.29e-09 3.38e-09 1.11e-04 0.307
 59   -9.309919728036e-02 -1.085307382118e-01 3.95e-09 3.12e-09 1.08e-04 0.312
 60   -9.306831997463e-02 -1.084908059672e-01 3.93e-09 3.44e-09 1.09e-04 0.317
 61   -9.311964790898e-02 -1.082879941698e-01 3.67e-09 3.21e-09 1.08e-04 0.322
 62   -9.314234682594e-02 -1.083000014488e-01 3.65e-09 3.52e-09 1.10e-04 0.329
 63   -9.337223666576e-02 -1.078765696238e-01 3.35e-09 3.23e-09 1.06e-04 0.334
 64   -9.334352129823e-02 -1.078389641656e-01 3.33e-09 3.53e-09 1.08e-04 0.340
 65   -9.340638994603e-02 -1.076295294292e-01 3.10e-09 3.29e-09 1.06e-04 0.345
 66   -9.342757292592e-02 -1.076401591003e-01 3.08e-09 3.57e-09 1.07e-04 0.352
 67   -9.365685778011e-02 -1.072302209686e-01 2.82e-09 3.27e-09 1.04e-04 0.356
 68   -9.363035975550e-02 -1.071950722245e-01 2.81e-09 3.54e-09 1.05e-04 0.362
 69   -9.370348641570e-02 -1.069820104161e-01 2.60e-09 3.28e-09 1.03e-04 0.367
 70   -9.372311083805e-02 -1.069913085952e-01 2.58e-09 3.54e-09 1.04e-04 0.374
 71   -9.394401545623e-02 -1.066049187910e-01 2.36e-09 3.24e-09 1.00e-04 0.378
 72   -9.391983095136e-02 -1.065723711902e-01 2.35e-09 3.48e-09 1.02e-04 0.385
 73   -9.400134787427e-02 -1.063591720019e-01 2.17e-09 3.21e-09 9.91e-05 0.390
 74   -9.401944424045e-02 -1.063672489738e-01 2.15e-09 3.44e-09 1.00e-04 0.396
 75   -9.422878219523e-02 -1.060081869387e-01 1.97e-09 3.14e-09 9.65e-05 0.401
 76   -9.420691350377e-02 -1.059782832123e-01 1.95e-09 3.35e-09 9.78e-05 0.408
 77   -9.429475504914e-02 -1.057680634138e-01 1.80e-09 3.08e-09 9.47e-05 0.412
 78   -9.431139366318e-02 -1.057750580049e-01 1.79e-09 3.28e-09 9.59e-05 0.419
 79   -9.450806893839e-02 -1.054439526827e-01 1.63e-09 2.99e-09 9.19e-05 0.424
 80   -9.448844458564e-02 -1.054166510880e-01 1.62e-09 3.18e-09 9.31e-05 0.431
 81   -9.458110513962e-02 -1.052112634013e-01 1.49e-09 2.92e-09 8.98e-05 0.435
 82   -9.459635547788e-02 -1.052172925826e-01 1.48e-09 3.09e-09 9.09e-05 0.441
 83   -9.478096542805e-02 -1.049124046060e-01 1.35e-09 2.82e-09 8.69e-05 0.446
 84   -9.476345158314e-02 -1.048875962255e-01 1.34e-09 2.97e-09 8.81e-05 0.452
 85   -9.485996233805e-02 -1.046878902345e-01 1.22e-09 2.72e-09 8.45e-05 0.457
 86   -9.487387005371e-02 -1.046930303318e-01 1.22e-09 2.87e-09 8.56e-05 0.463
 87   -9.504737525312e-02 -1.044121572197e-01 1.11e-09 2.61e-09 8.16e-05 0.468
 88   -9.503180425519e-02 -1.043897008649e-01 1.10e-09 2.74e-09 8.26e-05 0.474
 89   -9.513113724422e-02 -1.041964652444e-01 1.00e-09 2.50e-09 7.90e-05 0.479
 90   -9.514373349715e-02 -1.042007733720e-01 9.98e-10 2.62e-09 8.00e-05 0.486
 91   -9.530633384597e-02 -1.039427192985e-01 9.08e-10 2.39e-09 7.60e-05 0.491
 92   -9.529253640025e-02 -1.039224734038e-01 9.02e-10 2.50e-09 7.69e-05 0.497
 93   -9.539311062351e-02 -1.037370993449e-01 8.21e-10 2.28e-09 7.32e-05 0.502
 94   -9.540443764200e-02 -1.037406466033e-01 8.16e-10 2.37e-09 7.41e-05 0.508
 95   -9.555546315307e-02 -1.035053060930e-01 7.42e-10 2.16e-09 7.02e-05 0.513
 96   -9.554328605631e-02 -1.034871394909e-01 7.37e-10 2.25e-09 7.11e-05 0.519
 97   -9.564305786895e-02 -1.033114682631e-01 6.70e-10 2.04e-09 6.74e-05 0.524
 98   -9.565318577067e-02 -1.033143531571e-01 6.66e-10 2.12e-09 6.82e-05 0.530
 99   -9.579179908551e-02 -1.031017982905e-01 6.05e-10 1.93e-09 6.45e-05 0.535
100   -9.578110366228e-02 -1.030855812585e-01 6.02e-10 2.00e-09 6.53e-05 0.541
101   -9.587807696643e-02 -1.029212588399e-01 5.47e-10 1.82e-09 6.17e-05 0.546
102   -9.588710171124e-02 -1.029235956583e-01 5.43e-10 1.88e-09 6.24e-05 0.552
103   -9.601299079867e-02 -1.027332436871e-01 4.94e-10 1.71e-09 5.88e-05 0.557
104   -9.600364304672e-02 -1.027188355936e-01 4.91e-10 1.77e-09 5.96e-05 0.562
105   -9.609632259059e-02 -1.025668035556e-01 4.46e-10 1.61e-09 5.61e-05 0.567
106   -9.610435267715e-02 -1.025687020277e-01 4.43e-10 1.66e-09 5.68e-05 0.574
107   -9.621794339354e-02 -1.023991100468e-01 4.03e-10 1.51e-09 5.34e-05 0.579
108   -9.620980779530e-02 -1.023863557936e-01 4.01e-10 1.55e-09 5.41e-05 0.585
109   -9.629734665252e-02 -1.022467476604e-01 3.64e-10 1.41e-09 5.09e-05 0.590
110   -9.630448969265e-02 -1.022482991135e-01 3.62e-10 1.45e-09 5.15e-05 0.596
111   -9.640675243210e-02 -1.020974448408e-01 3.29e-10 1.32e-09 4.84e-05 0.600
112   -9.639969291676e-02 -1.020861807733e-01 3.27e-10 1.36e-09 4.90e-05 0.607
113   -9.648178404363e-02 -1.019585169007e-01 2.98e-10 1.23e-09 4.60e-05 0.612
114   -9.648813904090e-02 -1.019597909051e-01 2.96e-10 1.26e-09 4.66e-05 0.618
115   -9.658029376448e-02 -1.018254508598e-01 2.70e-10 1.15e-09 4.37e-05 0.623
116   -9.657417848787e-02 -1.018155138463e-01 2.68e-10 1.18e-09 4.43e-05 0.630
117   -9.665087798440e-02 -1.016989530390e-01 2.44e-10 1.07e-09 4.15e-05 0.635
118   -9.665653266059e-02 -1.016999999756e-01 2.43e-10 1.10e-09 4.20e-05 0.641
119   -9.673983199375e-02 -1.015800156371e-01 2.21e-10 1.00e-09 3.94e-05 0.646
120   -9.673453779293e-02 -1.015712504485e-01 2.20e-10 1.02e-09 3.99e-05 0.652
121   -9.680609460124e-02 -1.014648121098e-01 2.01e-10 9.31e-10 3.74e-05 0.657
122   -9.681112560355e-02 -1.014656680807e-01 1.99e-10 9.49e-10 3.79e-05 0.664
123   -9.688669817642e-02 -1.013581271623e-01 1.82e-10 8.68e-10 3.55e-05 0.670
124   -9.688211378522e-02 -1.013503915071e-01 1.81e-10 8.84e-10 3.60e-05 0.676
125   -9.694881362678e-02 -1.012531428129e-01 1.65e-10 8.06e-10 3.37e-05 0.682
126   -9.695328869968e-02 -1.012538354148e-01 1.64e-10 8.20e-10 3.41e-05 0.689
127   -9.702204489143e-02 -1.011571702245e-01 1.50e-10 7.51e-10 3.20e-05 0.694
128   -9.701807287039e-02 -1.011503372845e-01 1.49e-10 7.63e-10 3.24e-05 0.700
129   -9.708014111404e-02 -1.010614988839e-01 1.36e-10 6.97e-10 3.03e-05 0.705
130   -9.708412193227e-02 -1.010620518605e-01 1.36e-10 7.08e-10 3.07e-05 0.711
131   -9.714674772399e-02 -1.009750309395e-01 1.24e-10 6.48e-10 2.88e-05 0.715
132   -9.714330467050e-02 -1.009689893285e-01 1.24e-10 6.58e-10 2.91e-05 0.721
133   -9.720089540076e-02 -1.008879354468e-01 1.13e-10 6.02e-10 2.73e-05 0.726
134   -9.720443950029e-02 -1.008883709207e-01 1.12e-10 6.10e-10 2.76e-05 0.732
135   -9.726146574674e-02 -1.008100043455e-01 1.03e-10 5.60e-10 2.59e-05 0.736
136   -9.725848080693e-02 -1.008046562858e-01 1.03e-10 5.67e-10 2.62e-05 0.743
137   -9.731173271230e-02 -1.007308383970e-01 9.38e-11 5.19e-10 2.46e-05 0.747
138   -9.731489375273e-02 -1.007311767966e-01 9.33e-11 5.26e-10 2.49e-05 0.753
139   -9.736679070265e-02 -1.006605965400e-01 8.58e-11 4.83e-10 2.33e-05 0.757
140   -9.736420312477e-02 -1.006558555776e-01 8.53e-11 4.89e-10 2.36e-05 0.772
141   -9.741330273276e-02 -1.005887215605e-01 7.82e-11 4.48e-10 2.21e-05 0.776
142   -9.741612957155e-02 -1.005889806116e-01 7.78e-11 4.54e-10 2.24e-05 0.783
143   -9.746336418917e-02 -1.005253677393e-01 7.16e-11 4.17e-10 2.10e-05 0.787
144   -9.746112109671e-02 -1.005211571301e-01 7.12e-11 4.22e-10 2.13e-05 0.793
145   -9.750632112281e-02 -1.004601251090e-01 6.54e-11 3.87e-10 2.00e-05 0.797
146   -9.750885693797e-02 -1.004603193102e-01 6.50e-11 3.91e-10 2.02e-05 0.804
147   -9.755189638891e-02 -1.004028949631e-01 5.99e-11 3.61e-10 1.90e-05 0.808
148   -9.754995143761e-02 -1.003991468847e-01 5.96e-11 3.64e-10 1.93e-05 0.815
149   -9.759154904893e-02 -1.003436260051e-01 5.48e-11 3.35e-10 1.81e-05 0.819
150   -9.759383119989e-02 -1.003437668581e-01 5.46e-11 3.38e-10 1.83e-05 0.825
151   -9.763312329587e-02 -1.002918102351e-01 5.04e-11 3.12e-10 1.72e-05 0.829
152   -9.763143598704e-02 -1.002884652683e-01 5.01e-11 3.15e-10 1.75e-05 0.835
153   -9.766974294818e-02 -1.002378856440e-01 4.62e-11 2.90e-10 1.64e-05 0.839
154   -9.767180342507e-02 -1.002379821945e-01 4.59e-11 2.93e-10 1.66e-05 0.846
155   -9.770776040894e-02 -1.001908448315e-01 4.25e-11 2.71e-10 1.56e-05 0.850
156   -9.770629559010e-02 -1.001878513389e-01 4.22e-11 2.73e-10 1.59e-05 0.856
157   -9.774161626846e-02 -1.001416846965e-01 3.90e-11 2.52e-10 1.49e-05 0.860
158   -9.774348237073e-02 -1.001417440877e-01 3.88e-11 2.54e-10 1.51e-05 0.867
159   -9.777647300031e-02 -1.000988546808e-01 3.59e-11 2.35e-10 1.42e-05 0.871
160   -9.777520036202e-02 -1.000961680492e-01 3.57e-11 2.37e-10 1.44e-05 0.877
161   -9.780781866029e-02 -1.000539380640e-01 3.30e-11 2.19e-10 1.36e-05 0.881
162   -9.780951370754e-02 -1.000539660095e-01 3.29e-11 2.20e-10 1.38e-05 0.887
163   -9.783986154170e-02 -1.000148283137e-01 3.05e-11 2.04e-10 1.30e-05 0.891
164   -9.783875508387e-02 -1.000124101396e-01 3.03e-11 2.06e-10 1.32e-05 0.898
165   -9.786892818482e-02 -9.997369520380e-02 2.80e-11 1.90e-10 1.24e-05 0.902
166   -9.787047216978e-02 -9.997369636363e-02 2.79e-11 1.92e-10 1.26e-05 0.908
167   -9.789845782433e-02 -9.993788292911e-02 2.59e-11 1.78e-10 1.19e-05 0.912
168   -9.789749531898e-02 -9.993570020857e-02 2.58e-11 1.79e-10 1.20e-05 0.918
169   -9.792545232657e-02 -9.990013106996e-02 2.39e-11 1.66e-10 1.13e-05 0.922
170   -9.792686247511e-02 -9.990010932435e-02 2.38e-11 1.67e-10 1.15e-05 0.930
171   -9.795272832542e-02 -9.986725292154e-02 2.21e-11 1.55e-10 1.09e-05 0.934
172   -9.795189079701e-02 -9.986527728483e-02 2.20e-11 1.56e-10 1.10e-05 0.940
173   -9.797783451351e-02 -9.983253165706e-02 2.04e-11 1.45e-10 1.04e-05 0.944
174   -9.797912574064e-02 -9.983249029205e-02 2.03e-11 1.46e-10 1.05e-05 0.950
175   -9.800308151957e-02 -9.980227482039e-02 1.89e-11 1.35e-10 9.97e-06 0.954
176   -9.800235276347e-02 -9.980048184582e-02 1.88e-11 1.36e-10 1.01e-05 0.960
177   -9.802646276127e-02 -9.977027809791e-02 1.75e-11 1.27e-10 9.55e-06 0.964
178   -9.802764803686e-02 -9.977021992946e-02 1.74e-11 1.27e-10 9.68e-06 0.970
179   -9.804987626438e-02 -9.974237197713e-02 1.62e-11 1.18e-10 9.16e-06 0.974
180   -9.804924241716e-02 -9.974074058964e-02 1.61e-11 1.19e-10 9.29e-06 0.980
181   -9.807167842690e-02 -9.971283155772e-02 1.50e-11 1.11e-10 8.79e-06 0.984
182   -9.807276906578e-02 -9.971275901328e-02 1.49e-11 1.11e-10 8.90e-06 0.990
183   -9.809342976700e-02 -9.968704060834e-02 1.39e-11 1.04e-10 8.44e-06 0.994
184   -9.809287893682e-02 -9.968555256811e-02 1.39e-11 1.04e-10 8.56e-06 1.000
185   -9.811378377282e-02 -9.965972029785e-02 1.29e-11 9.69e-11 8.10e-06 1.004
186   -9.811478967186e-02 -9.965963547460e-02 1.28e-11 9.73e-11 8.21e-06 1.011
187   -9.813402408531e-02 -9.963583830595e-02 1.20e-11 9.07e-11 7.79e-06 1.015
188   -9.813354603806e-02 -9.963447778015e-02 1.19e-11 9.12e-11 7.89e-06 1.022
189   -9.815304794402e-02 -9.961052925233e-02 1.11e-11 8.50e-11 7.48e-06 1.026
190   -9.815397777806e-02 -9.961043396625e-02 1.11e-11 8.55e-11 7.58e-06 1.033
191   -9.817191118795e-02 -9.958837485305e-02 1.03e-11 7.98e-11 7.20e-06 1.037
192   -9.817149709037e-02 -9.958712805681e-02 1.03e-11 8.04e-11 7.30e-06 1.043
193   -9.818971156001e-02 -9.956489177738e-02 9.59e-12 7.50e-11 6.92e-06 1.047
194   -9.819057295025e-02 -9.956478760100e-02 9.55e-12 7.53e-11 7.01e-06 1.053
195   -9.820731693545e-02 -9.954430484020e-02 8.93e-12 7.04e-11 6.66e-06 1.057
196   -9.820695913789e-02 -9.954315974027e-02 8.89e-12 7.05e-11 6.75e-06 1.064
197   -9.822399033363e-02 -9.952248301209e-02 8.30e-12 6.58e-11 6.41e-06 1.068
198   -9.822478999113e-02 -9.952237131120e-02 8.26e-12 6.59e-11 6.50e-06 1.074
199   -9.824044424055e-02 -9.950332169997e-02 7.73e-12 6.16e-11 6.18e-06 1.078
200   -9.824013610123e-02 -9.950226776029e-02 7.69e-12 6.18e-11 6.26e-06 1.085
201   -9.825607823926e-02 -9.948301417923e-02 7.19e-12 5.78e-11 5.95e-06 1.089
202   -9.825682208664e-02 -9.948289613991e-02 7.15e-12 5.79e-11 6.03e-06 1.096
203   -9.827147602544e-02 -9.946515236435e-02 6.70e-12 5.42e-11 5.73e-06 1.100
204   -9.827121176026e-02 -9.946418033649e-02 6.67e-12 5.44e-11 5.81e-06 1.107
205   -9.828615021509e-02 -9.944622776870e-02 6.23e-12 5.09e-11 5.52e-06 1.111
206   -9.828684349005e-02 -9.944610442144e-02 6.21e-12 5.10e-11 5.60e-06 1.118
207   -9.830057764550e-02 -9.942955287351e-02 5.81e-12 4.78e-11 5.33e-06 1.122
208   -9.830035220271e-02 -9.942865461548e-02 5.79e-12 4.81e-11 5.40e-06 1.129
209   -9.831436466213e-02 -9.941189324135e-02 5.42e-12 4.50e-11 5.14e-06 1.132
210   -9.831501200477e-02 -9.941176548077e-02 5.39e-12 4.50e-11 5.21e-06 1.140
211   -9.832789915242e-02 -9.939630442305e-02 5.05e-12 4.22e-11 4.96e-06 1.144
212   -9.832770810711e-02 -9.939547274882e-02 5.03e-12 4.24e-11 5.03e-06 1.150
213   -9.834086538405e-02 -9.937980360501e-02 4.71e-12 3.97e-11 4.78e-06 1.155
214   -9.834147091309e-02 -9.937967220523e-02 4.69e-12 4.00e-11 4.85e-06 1.161
215   -9.835357704333e-02 -9.936521022461e-02 4.40e-12 3.75e-11 4.62e-06 1.167
216   -9.835341650780e-02 -9.936443877664e-02 4.38e-12 3.75e-11 4.68e-06 1.175
217   -9.836578326339e-02 -9.934977247850e-02 4.10e-12 3.51e-11 4.46e-06 1.179
218   -9.836635063921e-02 -9.934963811241e-02 4.08e-12 3.53e-11 4.52e-06 1.186
219   -9.837773564837e-02 -9.933609295055e-02 3.83e-12 3.31e-11 4.31e-06 1.190
220   -9.837760219845e-02 -9.933537609256e-02 3.82e-12 3.32e-11 4.37e-06 1.197
221   -9.838923744921e-02 -9.932163187240e-02 3.58e-12 3.11e-11 4.16e-06 1.201
222   -9.838976993126e-02 -9.932149512514e-02 3.56e-12 3.12e-11 4.22e-06 1.207
223   -9.840048822932e-02 -9.930879266240e-02 3.34e-12 2.93e-11 4.02e-06 1.211
224   -9.840037884193e-02 -9.930812538809e-02 3.33e-12 2.94e-11 4.08e-06 1.218
225   -9.841133644564e-02 -9.929523021303e-02 3.12e-12 2.76e-11 3.89e-06 1.222
226   -9.841183694355e-02 -9.929509159495e-02 3.11e-12 2.78e-11 3.94e-06 1.228
227   -9.842193794452e-02 -9.928316501496e-02 2.92e-12 2.61e-11 3.76e-06 1.232
228   -9.842184994576e-02 -9.928254286846e-02 2.91e-12 2.62e-11 3.81e-06 1.239
229   -9.843217900132e-02 -9.927043070895e-02 2.73e-12 2.46e-11 3.63e-06 1.243
230   -9.843265011679e-02 -9.927029066968e-02 2.71e-12 2.46e-11 3.68e-06 1.249
231   -9.844217867918e-02 -9.925907972260e-02 2.55e-12 2.31e-11 3.52e-06 1.253
232   -9.844210969942e-02 -9.925849873219e-02 2.54e-12 2.32e-11 3.56e-06 1.260
233   -9.845185492724e-02 -9.924710989339e-02 2.38e-12 2.18e-11 3.40e-06 1.264
234   -9.845229899396e-02 -9.924696883033e-02 2.37e-12 2.19e-11 3.45e-06 1.271
235   -9.846129583126e-02 -9.923641916751e-02 2.23e-12 2.06e-11 3.29e-06 1.275
236   -9.846124376788e-02 -9.923587578564e-02 2.22e-12 2.07e-11 3.34e-06 1.281
237   -9.847044587735e-02 -9.922515629361e-02 2.09e-12 1.94e-11 3.18e-06 1.285
238   -9.847086499196e-02 -9.922501456338e-02 2.08e-12 1.94e-11 3.23e-06 1.292
239   -9.847936705060e-02 -9.921507713987e-02 1.95e-12 1.83e-11 3.08e-06 1.295
240   -9.847933003413e-02 -9.921456819322e-02 1.94e-12 1.84e-11 3.12e-06 1.302
241   -9.848802610400e-02 -9.920446919615e-02 1.83e-12 1.73e-11 2.98e-06 1.306
242   -9.848842215757e-02 -9.920432711779e-02 1.82e-12 1.73e-11 3.02e-06 1.313
243   -9.849646305486e-02 -9.919495755339e-02 1.71e-12 1.63e-11 2.89e-06 1.317
244   -9.849643942159e-02 -9.919448019688e-02 1.70e-12 1.63e-11 2.93e-06 1.323
245   -9.850466324164e-02 -9.918495743773e-02 1.60e-12 1.53e-11 2.80e-06 1.327
246   -9.850503794322e-02 -9.918481529923e-02 1.59e-12 1.53e-11 2.83e-06 1.333
247   -9.851264826070e-02 -9.917597342736e-02 1.50e-12 1.44e-11 2.71e-06 1.337
248   -9.851263652644e-02 -9.917552510582e-02 1.49e-12 1.45e-11 2.74e-06 1.343
249   -9.852041895197e-02 -9.916653840372e-02 1.40e-12 1.37e-11 2.62e-06 1.347
250   -9.852077384876e-02 -9.916639646736e-02 1.40e-12 1.37e-11 2.66e-06 1.354
251   -9.852798148789e-02 -9.915804582965e-02 1.31e-12 1.29e-11 2.54e-06 1.357
252   -9.852798032688e-02 -9.915762424281e-02 1.31e-12 1.30e-11 2.57e-06 1.364
253   -9.853534960511e-02 -9.914913702230e-02 1.23e-12 1.22e-11 2.46e-06 1.368
254   -9.853568610298e-02 -9.914899552448e-02 1.22e-12 1.22e-11 2.49e-06 1.374
255   -9.854251659524e-02 -9.914110293310e-02 1.15e-12 1.15e-11 2.38e-06 1.378
256   -9.854252482146e-02 -9.914070600512e-02 1.15e-12 1.14e-11 2.42e-06 1.384
257   -9.854950686420e-02 -9.913268490309e-02 1.08e-12 1.07e-11 2.31e-06 1.388
258   -9.854982624082e-02 -9.913254405918e-02 1.07e-12 1.08e-11 2.34e-06 1.394
259   -9.855630300554e-02 -9.912507923002e-02 1.01e-12 1.01e-11 2.24e-06 1.398
260   -9.855631955534e-02 -9.912470508501e-02 1.01e-12 1.02e-11 2.27e-06 1.404
261   -9.856293818146e-02 -9.911711960193e-02 9.47e-13 9.59e-12 2.17e-06 1.408
262   -9.856324160252e-02 -9.911697960583e-02 9.42e-13 9.55e-12 2.20e-06 1.414
263   -9.856938618378e-02 -9.910991482652e-02 8.88e-13 8.99e-12 2.10e-06 1.418
264   -9.856941010117e-02 -9.910956176522e-02 8.83e-13 8.96e-12 2.13e-06 1.425
265   -9.857568727473e-02 -9.910238393244e-02 8.31e-13 8.43e-12 2.04e-06 1.429
266   -9.857597580293e-02 -9.910224496155e-02 8.27e-13 8.53e-12 2.06e-06 1.435
267   -9.858180804092e-02 -9.909555483983e-02 7.79e-13 8.02e-12 1.97e-06 1.439
268   -9.858183846642e-02 -9.909522131984e-02 7.76e-13 7.95e-12 2.00e-06 1.446
269   -9.858779446139e-02 -9.908842545830e-02 7.30e-13 7.48e-12 1.91e-06 1.450
270   -9.858806906886e-02 -9.908828767216e-02 7.26e-13 7.45e-12 1.94e-06 1.456
271   -9.859360729566e-02 -9.908194886708e-02 6.85e-13 7.01e-12 1.85e-06 1.460
272   -9.859364345549e-02 -9.908163348482e-02 6.81e-13 7.11e-12 1.88e-06 1.466
273   -9.859929706214e-02 -9.907519592426e-02 6.41e-13 6.69e-12 1.80e-06 1.470
274   -9.859955863900e-02 -9.907505946668e-02 6.38e-13 6.80e-12 1.82e-06 1.476
275   -9.860481982274e-02 -9.906905048234e-02 6.02e-13 6.40e-12 1.74e-06 1.480
276   -9.860486101723e-02 -9.906875196102e-02 5.98e-13 6.42e-12 1.77e-06 1.487
277   -9.861022961490e-02 -9.906265091522e-02 5.63e-13 6.05e-12 1.69e-06 1.491
278   -9.861047897744e-02 -9.906251591626e-02 5.61e-13 6.02e-12 1.71e-06 1.497
279   -9.861547884656e-02 -9.905681692451e-02 5.28e-13 5.66e-12 1.64e-06 1.501
280   -9.861552444385e-02 -9.905653409875e-02 5.26e-13 5.67e-12 1.66e-06 1.507
281   -9.862062417231e-02 -9.905074943652e-02 4.95e-13 5.34e-12 1.59e-06 1.511
282   -9.862086207033e-02 -9.905061601311e-02 4.93e-13 5.37e-12 1.61e-06 1.517
283   -9.862561522988e-02 -9.904520868983e-02 4.64e-13 5.06e-12 1.54e-06 1.521
284   -9.862566465857e-02 -9.904494049456e-02 4.62e-13 5.13e-12 1.56e-06 1.527
285   -9.863051053007e-02 -9.903945358190e-02 4.35e-13 4.83e-12 1.49e-06 1.531
286   -9.863073765341e-02 -9.903932183871e-02 4.33e-13 4.81e-12 1.51e-06 1.538
287   -9.863525767194e-02 -9.903418923782e-02 4.08e-13 4.53e-12 1.45e-06 1.541
288   -9.863531041528e-02 -9.903393469730e-02 4.06e-13 4.50e-12 1.47e-06 1.548
289   -9.863991641909e-02 -9.902872825281e-02 3.82e-13 4.24e-12 1.40e-06 1.552
290   -9.864013340330e-02 -9.902859828330e-02 3.80e-13 4.26e-12 1.42e-06 1.558
291   -9.864443294672e-02 -9.902372466107e-02 3.59e-13 4.01e-12 1.36e-06 1.562
292   -9.864448853563e-02 -9.902348288233e-02 3.57e-13 3.97e-12 1.38e-06 1.568
293   -9.864886768761e-02 -9.901854089591e-02 3.36e-13 3.75e-12 1.32e-06 1.572
294   -9.864907511789e-02 -9.901841278489e-02 3.34e-13 3.87e-12 1.33e-06 1.579
295   -9.865316596181e-02 -9.901378356406e-02 3.15e-13 3.64e-12 1.28e-06 1.583
296   -9.865322397213e-02 -9.901355372601e-02 3.14e-13 3.80e-12 1.29e-06 1.590
297   -9.865738845509e-02 -9.900886128193e-02 2.95e-13 3.58e-12 1.24e-06 1.594
298   -9.865758687361e-02 -9.900873510231e-02 2.94e-13 3.55e-12 1.25e-06 1.600
299   -9.866148005220e-02 -9.900433668688e-02 2.77e-13 3.34e-12 1.20e-06 1.604
300   -9.866154009800e-02 -9.900411803636e-02 2.75e-13 3.17e-12 1.22e-06 1.610
301   -9.866550126407e-02 -9.899966129070e-02 2.60e-13 2.99e-12 1.16e-06 1.614
302   -9.866569117101e-02 -9.899953710889e-02 2.58e-13 3.11e-12 1.18e-06 1.620
303   -9.866939699102e-02 -9.899535685049e-02 2.43e-13 2.93e-12 1.13e-06 1.624
304   -9.866945872282e-02 -9.899514869353e-02 2.42e-13 2.96e-12 1.14e-06 1.630
305   -9.867322722838e-02 -9.899091470762e-02 2.28e-13 2.79e-12 1.09e-06 1.634
306   -9.867340908753e-02 -9.899079258115e-02 2.27e-13 2.62e-12 1.11e-06 1.640
307   -9.867693719763e-02 -9.898681868714e-02 2.14e-13 2.47e-12 1.06e-06 1.644
308   -9.867700029769e-02 -9.898662038486e-02 2.13e-13 2.44e-12 1.07e-06 1.650
309   -9.868058610248e-02 -9.898259711165e-02 2.00e-13 2.30e-12 1.03e-06 1.654
310   -9.868076034349e-02 -9.898247709124e-02 1.99e-13 2.13e-12 1.04e-06 1.661
311   -9.868411979532e-02 -9.897869854331e-02 1.88e-13 1.99e-12 9.97e-07 1.665
312   -9.868418397573e-02 -9.897850950567e-02 1.87e-13 1.96e-12 1.01e-06 1.671
313   -9.868759646315e-02 -9.897468564307e-02 1.76e-13 1.85e-12 9.66e-07 1.675
314   -9.868776348463e-02 -9.897456777263e-02 1.75e-13 1.85e-12 9.78e-07 1.682
315   -9.869096277974e-02 -9.897097426230e-02 1.65e-13 1.74e-12 9.36e-07 1.686
316   -9.869102777866e-02 -9.897079394511e-02 1.64e-13 1.77e-12 9.48e-07 1.692
317   -9.869427571765e-02 -9.896715896659e-02 1.55e-13 1.67e-12 9.07e-07 1.696
318   -9.869443589045e-02 -9.896704328327e-02 1.54e-13 1.88e-12 9.19e-07 1.703
319   -9.869748302479e-02 -9.896362515275e-02 1.45e-13 1.76e-12 8.80e-07 1.707
320   -9.869754860546e-02 -9.896345305160e-02 1.44e-13 1.80e-12 8.91e-07 1.714
321   -9.870064029344e-02 -9.895999703785e-02 1.36e-13 1.70e-12 8.52e-07 1.718
322   -9.870079396284e-02 -9.895988357246e-02 1.35e-13 1.62e-12 8.63e-07 1.724
323   -9.870369646359e-02 -9.895663176366e-02 1.27e-13 1.53e-12 8.26e-07 1.728
324   -9.870376241086e-02 -9.895646741219e-02 1.27e-13 1.60e-12 8.36e-07 1.734
325   -9.870670564859e-02 -9.895318106946e-02 1.19e-13 1.50e-12 8.00e-07 1.738
326   -9.870685313559e-02 -9.895306984816e-02 1.19e-13 1.49e-12 8.10e-07 1.744
327   -9.870961810469e-02 -9.894997584597e-02 1.12e-13 1.40e-12 7.76e-07 1.748
328   -9.870968422354e-02 -9.894981881206e-02 1.11e-13 1.44e-12 7.85e-07 1.754
329   -9.871248633703e-02 -9.894669343991e-02 1.05e-13 1.37e-12 7.51e-07 1.758
330   -9.871262794136e-02 -9.894658448348e-02 1.04e-13 1.12e-12 7.60e-07 1.765
331   -9.871526205937e-02 -9.894364030472e-02 9.81e-14 1.05e-12 7.28e-07 1.768
332   -9.871532817294e-02 -9.894349018744e-02 9.77e-14 1.14e-12 7.37e-07 1.775
333   -9.871799610313e-02 -9.894051757271e-02 9.19e-14 1.07e-12 7.05e-07 1.779
334   -9.871813210411e-02 -9.894041089752e-02 9.14e-14 9.96e-13 7.14e-07 1.786
335   -9.872064170102e-02 -9.893760900498e-02 8.62e-14 9.35e-13 6.83e-07 1.790
336   -9.872070764832e-02 -9.893746543369e-02 8.56e-14 7.14e-13 6.92e-07 1.796
337   -9.872324792455e-02 -9.893463787218e-02 8.07e-14 6.73e-13 6.62e-07 1.800
338   -9.872337858425e-02 -9.893453348944e-02 8.02e-14 6.20e-13 6.70e-07 1.806
339   -9.872576962215e-02 -9.893186680548e-02 7.57e-14 5.85e-13 6.41e-07 1.810
340   -9.872583525962e-02 -9.893172943308e-02 7.52e-14 6.01e-13 6.49e-07 1.816
341   -9.872825406321e-02 -9.892903965517e-02 7.08e-14 5.68e-13 6.21e-07 1.820
342   -9.872837962375e-02 -9.892893757537e-02 7.04e-14 5.20e-13 6.28e-07 1.827
343   -9.873065773264e-02 -9.892639943649e-02 6.63e-14 4.82e-13 6.01e-07 1.831
344   -9.873072292882e-02 -9.892626794280e-02 6.59e-14 4.86e-13 6.08e-07 1.837
345   -9.873302608217e-02 -9.892370911863e-02 6.21e-14 4.64e-13 5.82e-07 1.841
346   -9.873314677486e-02 -9.892360934377e-02 6.17e-14 4.48e-13 5.89e-07 1.848
347   -9.873531729226e-02 -9.892119345280e-02 5.82e-14 4.14e-13 5.64e-07 1.852
348   -9.873538192893e-02 -9.892106753900e-02 5.78e-14 5.80e-13 5.70e-07 1.860
349   -9.873757494821e-02 -9.891863321694e-02 5.44e-14 5.47e-13 5.46e-07 1.864
350   -9.873769098567e-02 -9.891853575015e-02 5.41e-14 6.80e-13 5.52e-07 1.870
351   -9.873975893827e-02 -9.891623619107e-02 5.10e-14 6.36e-13 5.28e-07 1.874
352   -9.873982291053e-02 -9.891611557788e-02 5.07e-14 6.34e-13 5.35e-07 1.880
353   -9.874191100403e-02 -9.891379968155e-02 4.77e-14 6.01e-13 5.11e-07 1.884
354   -9.874202258795e-02 -9.891370452089e-02 4.74e-14 5.89e-13 5.17e-07 1.891
355   -9.874399274437e-02 -9.891151569744e-02 4.46e-14 5.49e-13 4.95e-07 1.895
356   -9.874405595648e-02 -9.891140012608e-02 4.44e-14 4.70e-13 5.01e-07 1.901
357   -9.874604403128e-02 -9.890919694311e-02 4.19e-14 4.50e-13 4.79e-07 1.905
358   -9.874615134800e-02 -9.890910408766e-02 4.15e-14 5.47e-13 4.84e-07 1.911
359   -9.874802818683e-02 -9.890702075445e-02 3.91e-14 5.02e-13 4.64e-07 1.915
360   -9.874809055582e-02 -9.890690998109e-02 3.89e-14 2.75e-13 4.69e-07 1.921
361   -9.874998327923e-02 -9.890481409300e-02 3.66e-14 2.60e-13 4.48e-07 1.925
362   -9.875008650867e-02 -9.890472353347e-02 3.64e-14 2.23e-13 4.54e-07 1.932
363   -9.875187430906e-02 -9.890274069426e-02 3.43e-14 2.09e-13 4.34e-07 1.936
364   -9.875193575851e-02 -9.890263449373e-02 3.41e-14 1.51e-13 4.39e-07 1.942
365   -9.875373750672e-02 -9.890064082847e-02 3.21e-14 1.35e-13 4.20e-07 1.946
366   -9.875383681736e-02 -9.890055255508e-02 3.19e-14 2.10e-13 4.25e-07 1.954
367   -9.875553960842e-02 -9.889866551477e-02 3.00e-14 1.99e-13 4.06e-07 1.958
368   -9.875560007118e-02 -9.889856367595e-02 2.98e-14 1.55e-13 4.11e-07 1.965
369   -9.875731500481e-02 -9.889666742318e-02 2.80e-14 1.43e-13 3.93e-07 1.969
370   -9.875741055299e-02 -9.889658142696e-02 2.79e-14 1.74e-13 3.97e-07 1.975
371   -9.875903213316e-02 -9.889478576793e-02 2.63e-14 1.60e-13 3.80e-07 1.979
372   -9.875909155203e-02 -9.889468809118e-02 2.61e-14 1.44e-13 3.84e-07 1.985
373   -9.876072359004e-02 -9.889288472844e-02 2.45e-14 1.38e-13 3.67e-07 1.989
374   -9.876081552420e-02 -9.889280099697e-02 2.43e-14 1.60e-13 3.71e-07 1.996
375   -9.876235949832e-02 -9.889109253675e-02 2.30e-14 1.48e-13 3.55e-07 1.999
376   -9.876241782340e-02 -9.889099883497e-02 2.29e-14 3.55e-13 3.59e-07 2.006
377   -9.876397071535e-02 -9.888928404617e-02 2.14e-14 3.32e-13 3.43e-07 2.010
378   -9.876405917843e-02 -9.888920256256e-02 2.13e-14 2.47e-13 3.47e-07 2.016
379   -9.876552898649e-02 -9.888757731995e-02 2.00e-14 2.29e-13 3.32e-07 2.020
380   -9.876558617308e-02 -9.888748741895e-02 2.00e-14 4.77e-13 3.36e-07 2.026
381   -9.876706344408e-02 -9.888585715285e-02 1.88e-14 4.51e-13 3.21e-07 2.030
382   -9.876714857049e-02 -9.888577789941e-02 1.87e-14 5.47e-13 3.24e-07 2.036
383   -9.876854748141e-02 -9.888423209954e-02 1.75e-14 5.04e-13 3.10e-07 2.040
384   -9.876860349490e-02 -9.888414583155e-02 1.74e-14 3.18e-13 3.13e-07 2.046
385   -9.877000853866e-02 -9.888259619854e-02 1.64e-14 3.01e-13 3.00e-07 2.050
386   -9.877009045539e-02 -9.888251915612e-02 1.62e-14 5.15e-13 3.03e-07 2.056
387   -9.877142155361e-02 -9.888104924378e-02 1.53e-14 4.85e-13 2.89e-07 2.060
388   -9.877147636124e-02 -9.888096645497e-02 1.52e-14 5.65e-13 2.93e-07 2.067
389   -9.877281235242e-02 -9.887949382128e-02 1.43e-14 5.31e-13 2.80e-07 2.070
390   -9.877289118110e-02 -9.887941896795e-02 1.42e-14 5.48e-13 2.83e-07 2.077
391   -9.877415743962e-02 -9.887802152601e-02 1.33e-14 5.17e-13 2.70e-07 2.081
392   -9.877421101794e-02 -9.887794206691e-02 1.33e-14 4.83e-13 2.73e-07 2.087
393   -9.877548103249e-02 -9.887654292162e-02 1.24e-14 4.46e-13 2.61e-07 2.091
394   -9.877555688937e-02 -9.887647023273e-02 1.24e-14 5.22e-13 2.64e-07 2.097
395   -9.877676114216e-02 -9.887514201096e-02 1.19e-14 4.80e-13 2.52e-07 2.101
396   -9.877681346940e-02 -9.887506574381e-02 1.30e-14 4.76e-13 2.55e-07 2.107
397   -9.877802042878e-02 -9.887373675825e-02 1.21e-14 4.47e-13 2.43e-07 2.111
398   -9.877809342327e-02 -9.887366620916e-02 1.23e-14 2.06e-13 2.46e-07 2.118
399   -9.877923837690e-02 -9.887240411004e-02 1.23e-14 1.81e-13 2.35e-07 2.122
400   -9.877928944054e-02 -9.887233089942e-02 1.25e-14 3.48e-13 2.38e-07 2.129
401   -9.878043615461e-02 -9.887106887968e-02 1.17e-14 3.35e-13 2.27e-07 2.133
402   -9.878050639590e-02 -9.887100043833e-02 1.19e-14 4.29e-13 2.29e-07 2.140
403   -9.878159467111e-02 -9.886980147107e-02 1.19e-14 3.89e-13 2.19e-07 2.143
404   -9.878164446027e-02 -9.886973119106e-02 1.22e-14 4.36e-13 2.21e-07 2.150
405   -9.878273362688e-02 -9.886853307680e-02 1.13e-14 4.18e-13 2.11e-07 2.154
406   -9.878280121333e-02 -9.886846671636e-02 1.15e-14 3.85e-13 2.14e-07 2.161
407   -9.878383528466e-02 -9.886732806087e-02 1.15e-14 3.56e-13 2.04e-07 2.165
408   -9.878388379371e-02 -9.886726059069e-02 1.17e-14 4.38e-13 2.06e-07 2.172
409   -9.878491796418e-02 -9.886612349230e-02 1.09e-14 4.10e-13 1.97e-07 2.176
410   -9.878498299417e-02 -9.886605917934e-02 9.88e-15 1.73e-13 1.99e-07 2.182
411   -9.878596528015e-02 -9.886497808764e-02 9.99e-15 1.61e-13 1.90e-07 2.186
412   -9.878601250668e-02 -9.886491331275e-02 1.02e-14 3.42e-13 1.92e-07 2.192
413   -9.878699418203e-02 -9.886383440470e-02 9.49e-15 3.26e-13 1.83e-07 2.196
414   -9.878705674821e-02 -9.886377210618e-02 8.44e-15 3.48e-13 1.85e-07 2.202
415   -9.878798953096e-02 -9.886274598857e-02 8.60e-15 3.30e-13 1.77e-07 2.206
416   -9.878803547651e-02 -9.886268379910e-02 9.55e-15 3.38e-13 1.79e-07 2.213
417   -9.878896703331e-02 -9.886166040073e-02 8.88e-15 3.09e-13 1.71e-07 2.216
418   -9.878902722468e-02 -9.886160008205e-02 9.05e-15 1.21e-13 1.72e-07 2.223
419   -9.878991274538e-02 -9.886062640228e-02 9.16e-15 1.10e-13 1.64e-07 2.227
420   -9.878995741366e-02 -9.886056669447e-02 9.38e-15 1.27e-13 1.66e-07 2.234
421   -9.879084111767e-02 -9.885959625382e-02 8.72e-15 1.13e-13 1.59e-07 2.238
422   -9.879089902248e-02 -9.885953787577e-02 8.88e-15 2.81e-13 1.60e-07 2.245
423   -9.879173941531e-02 -9.885861422278e-02 8.94e-15 2.67e-13 1.53e-07 2.249
424   -9.879178281249e-02 -9.885855689791e-02 9.83e-15 1.83e-13 1.54e-07 2.255
425   -9.879262086317e-02 -9.885763694273e-02 9.16e-15 1.80e-13 1.47e-07 2.259
426   -9.879267656380e-02 -9.885758046809e-02 9.33e-15 2.27e-13 1.49e-07 2.265
427   -9.879347388187e-02 -9.885670452639e-02 9.33e-15 2.17e-13 1.42e-07 2.269
428   -9.879351601957e-02 -9.885664948683e-02 1.02e-14 4.25e-13 1.44e-07 2.275
429   -9.879431055837e-02 -9.885577761479e-02 9.49e-15 4.06e-13 1.37e-07 2.279
430   -9.879436406749e-02 -9.885572308008e-02 8.55e-15 4.78e-13 1.38e-07 2.285
431   -9.879512026071e-02 -9.885489265315e-02 8.60e-15 4.51e-13 1.32e-07 2.289
432   -9.879516114743e-02 -9.885483980898e-02 8.83e-15 3.95e-13 1.33e-07 2.296
433   -9.879591417948e-02 -9.885401377263e-02 8.22e-15 3.68e-13 1.27e-07 2.300
434   -9.879596553227e-02 -9.885396118631e-02 7.33e-15 6.46e-13 1.29e-07 2.306
435   -9.879668251041e-02 -9.885317412773e-02 7.44e-15 6.09e-13 1.23e-07 2.310
436   -9.879672215780e-02 -9.885312339144e-02 8.27e-15 5.64e-13 1.24e-07 2.316
437   -9.879743566755e-02 -9.885234097133e-02 7.66e-15 5.39e-13 1.18e-07 2.320
438   -9.879748494822e-02 -9.885229028279e-02 6.77e-15 3.26e-13 1.19e-07 2.326
439   -9.879816453032e-02 -9.885154455076e-02 6.88e-15 3.06e-13 1.14e-07 2.330
440   -9.879820295415e-02 -9.885149583912e-02 3.52e-14 2.81e-13 1.15e-07 2.336
441   -9.879887877362e-02 -9.885075498723e-02 3.30e-14 2.64e-13 1.10e-07 2.340
442   -9.879892606166e-02 -9.885070614637e-02 3.19e-14 2.98e-13 1.11e-07 2.346
443   -9.879956998656e-02 -9.884999979219e-02 3.05e-14 2.65e-13 1.06e-07 2.351
444   -9.879960720269e-02 -9.884995302501e-02 3.05e-14 8.87e-14 1.07e-07 2.358
445   -9.880024718066e-02 -9.884925167955e-02 2.85e-14 8.06e-14 1.02e-07 2.362
446   -9.880029255899e-02 -9.884920462934e-02 2.85e-14 1.97e-13 1.03e-07 2.369
447   -9.880090254728e-02 -9.884853572880e-02 2.73e-14 1.75e-13 9.80e-08 2.373
448   -9.880093857521e-02 -9.884849082985e-02 2.79e-14 1.61e-13 9.89e-08 2.379
449   -9.880154440968e-02 -9.884782709760e-02 2.61e-14 1.48e-13 9.44e-08 2.383
450   -9.880158794986e-02 -9.884778178972e-02 2.51e-14 2.85e-13 9.52e-08 2.389
451   -9.880216559067e-02 -9.884714856633e-02 2.40e-14 2.57e-13 9.09e-08 2.393
452   -9.880220045292e-02 -9.884710546020e-02 2.41e-14 5.94e-13 9.17e-08 2.400
453   -9.880277381703e-02 -9.884647747907e-02 2.25e-14 5.47e-13 8.75e-08 2.404
454   -9.880281558937e-02 -9.884643386362e-02 2.16e-14 5.47e-13 8.83e-08 2.410
455   -9.880336243471e-02 -9.884583458542e-02 2.07e-14 5.07e-13 8.42e-08 2.413
456   -9.880339615077e-02 -9.884579320525e-02 4.51e-14 7.20e-13 8.50e-08 2.419
457   -9.880393861066e-02 -9.884519923290e-02 4.23e-14 6.84e-13 8.11e-08 2.423
458   -9.880397868630e-02 -9.884515725655e-02 4.12e-14 8.77e-13 8.18e-08 2.429
459   -9.880449623919e-02 -9.884459024853e-02 3.91e-14 8.25e-13 7.81e-08 2.433
460   -9.880452882978e-02 -9.884455052745e-02 3.95e-14 5.63e-13 7.88e-08 2.439
461   -9.880504191028e-02 -9.884398887008e-02 3.70e-14 5.26e-13 7.51e-08 2.443
462   -9.880508035674e-02 -9.884394848138e-02 3.69e-14 3.31e-13 7.58e-08 2.450
463   -9.880557005133e-02 -9.884341214702e-02 3.51e-14 3.18e-13 7.23e-08 2.454
464   -9.880560154413e-02 -9.884337401661e-02 3.50e-14 3.39e-13 7.29e-08 2.460
465   -9.880608673067e-02 -9.884284302633e-02 3.28e-14 3.09e-13 6.96e-08 2.464
466   -9.880612360796e-02 -9.884280417945e-02 3.26e-14 1.67e-13 7.02e-08 2.470
467   -9.880658680083e-02 -9.884229700969e-02 3.10e-14 1.56e-13 6.69e-08 2.474
468   -9.880661721883e-02 -9.884226040947e-02 3.10e-14 2.22e-13 6.75e-08 2.481
469   -9.880707588314e-02 -9.884175856485e-02 2.90e-14 2.09e-13 6.44e-08 2.485
470   -9.880711125626e-02 -9.884172120680e-02 2.90e-14 1.65e-13 6.50e-08 2.492
471   -9.880754927211e-02 -9.884124173033e-02 2.76e-14 1.47e-13 6.20e-08 2.496
472   -9.880757863991e-02 -9.884120660090e-02 2.75e-14 1.31e-13 6.25e-08 2.502
473   -9.880801211585e-02 -9.884073242423e-02 2.58e-14 1.19e-13 5.96e-08 2.506
474   -9.880804604557e-02 -9.884069650452e-02 2.49e-14 3.60e-13 6.01e-08 2.512
475   -9.880846013412e-02 -9.884024333434e-02 2.38e-14 3.52e-13 5.73e-08 2.516
476   -9.880848848046e-02 -9.884020961452e-02 2.42e-14 5.06e-13 5.78e-08 2.522
477   -9.880889804837e-02 -9.883976168900e-02 2.26e-14 4.68e-13 5.51e-08 2.526
478   -9.880893058797e-02 -9.883972716394e-02 2.18e-14 4.01e-13 5.56e-08 2.532
479   -9.880932197444e-02 -9.883929894181e-02 2.08e-14 3.94e-13 5.30e-08 2.536
480   -9.880934932168e-02 -9.883926658026e-02 2.08e-14 4.32e-13 5.35e-08 2.543
481   -9.880973620806e-02 -9.883884354919e-02 1.95e-14 3.85e-13 5.10e-08 2.547
482   -9.880976741106e-02 -9.883881037370e-02 1.95e-14 6.19e-13 5.14e-08 2.554
483   -9.881013719745e-02 -9.883840587778e-02 1.86e-14 5.61e-13 4.90e-08 2.558
484   -9.881016357255e-02 -9.883837482047e-02 1.90e-14 5.91e-13 4.94e-08 2.564
485   -9.881052892169e-02 -9.883797541905e-02 1.78e-14 5.46e-13 4.71e-08 2.568
486   -9.881055884471e-02 -9.883794354290e-02 1.71e-14 4.94e-13 4.75e-08 2.574
487   -9.881090817525e-02 -9.883756150758e-02 1.63e-14 4.65e-13 4.53e-08 2.578
488   -9.881093360331e-02 -9.883753170453e-02 1.68e-14 3.59e-13 4.57e-08 2.584
489   -9.881127850115e-02 -9.883715473310e-02 1.57e-14 3.61e-13 4.36e-08 2.589
490   -9.881130719355e-02 -9.883712411304e-02 1.57e-14 5.76e-13 4.39e-08 2.596
491   -9.881163708400e-02 -9.883676341437e-02 1.50e-14 5.47e-13 4.19e-08 2.600
492   -9.881166159391e-02 -9.883673481394e-02 3.25e-14 6.59e-13 4.22e-08 2.605
493   -9.881198714287e-02 -9.883637905653e-02 3.04e-14 6.17e-13 4.03e-08 2.609
494   -9.881201465179e-02 -9.883634965035e-02 2.96e-14 7.50e-13 4.06e-08 2.616
495   -9.881232611545e-02 -9.883600916848e-02 2.80e-14 6.92e-13 3.87e-08 2.620
496   -9.881234973216e-02 -9.883598172392e-02 2.83e-14 6.00e-13 3.90e-08 2.626
497   -9.881265692858e-02 -9.883564608142e-02 2.66e-14 5.55e-13 3.72e-08 2.630
498   -9.881268330257e-02 -9.883561784471e-02 2.58e-14 5.47e-13 3.75e-08 2.636
499   -9.881297727711e-02 -9.883529654389e-02 2.45e-14 5.10e-13 3.58e-08 2.640
500   -9.881300002619e-02 -9.883527021119e-02 4.05e-14 3.01e-13 3.60e-08 2.645
501   -9.881328985052e-02 -9.883495360306e-02 3.80e-14 3.00e-13 3.44e-08 2.649
502   -9.881331513472e-02 -9.883492649435e-02 3.77e-14 2.30e-13 3.46e-08 2.656
503   -9.881359253313e-02 -9.883462336690e-02 3.57e-14 2.06e-13 3.30e-08 2.660
504   -9.881361444541e-02 -9.883459809590e-02 3.59e-14 1.62e-13 3.33e-08 2.666
505   -9.881388778964e-02 -9.883429953954e-02 3.36e-14 1.56e-13 3.17e-08 2.670
506   -9.881391202957e-02 -9.883427351564e-02 3.34e-14 8.44e-13 3.20e-08 2.676
507   -9.881417374879e-02 -9.883398757294e-02 3.16e-14 7.90e-13 3.05e-08 2.680
508   -9.881419484790e-02 -9.883396332460e-02 4.64e-14 8.93e-13 3.07e-08 2.687
509   -9.881445258819e-02 -9.883368185523e-02 4.35e-14 8.51e-13 2.93e-08 2.691
510   -9.881447582200e-02 -9.883365688070e-02 4.25e-14 1.50e-13 2.95e-08 2.697
511   -9.881472263279e-02 -9.883338727229e-02 4.02e-14 1.47e-13 2.81e-08 2.701
512   -9.881474293912e-02 -9.883336401116e-02 5.42e-14 2.41e-13 2.83e-08 2.707
513   -9.881498589873e-02 -9.883309872278e-02 5.09e-14 2.12e-13 2.70e-08 2.711
514   -9.881500817855e-02 -9.883307474624e-02 4.99e-14 2.77e-13 2.72e-08 2.717
515   -9.881524094725e-02 -9.883282051894e-02 4.70e-14 2.52e-13 2.60e-08 2.722
516   -9.881526048958e-02 -9.883279820144e-02 4.67e-14 2.42e-13 2.61e-08 2.729
517   -9.881548949997e-02 -9.883254818006e-02 4.38e-14 2.37e-13 2.49e-08 2.733
518   -9.881551085717e-02 -9.883252517150e-02 1.89e-14 7.42e-13 2.51e-08 2.738
519   -9.881573030104e-02 -9.883228553509e-02 1.80e-14 6.98e-13 2.40e-08 2.742
520   -9.881574911015e-02 -9.883226411789e-02 3.11e-14 4.01e-13 2.41e-08 2.748
521   -9.881596488375e-02 -9.883202858015e-02 2.92e-14 3.70e-13 2.30e-08 2.752
522   -9.881598535198e-02 -9.883200650844e-02 2.84e-14 2.26e-13 2.32e-08 2.758
523   -9.881619215155e-02 -9.883178071372e-02 2.69e-14 2.17e-13 2.21e-08 2.762
524   -9.881621024277e-02 -9.883176016984e-02 2.71e-14 3.74e-13 2.22e-08 2.768
525   -9.881641351624e-02 -9.883153830634e-02 2.54e-14 3.45e-13 2.12e-08 2.772
526   -9.881643314322e-02 -9.883151712265e-02 2.52e-14 7.45e-13 2.14e-08 2.779
527   -9.881662801580e-02 -9.883130438128e-02 2.39e-14 6.61e-13 2.04e-08 2.783
528   -9.881664542044e-02 -9.883128466793e-02 2.38e-14 6.51e-13 2.05e-08 2.790
529   -9.881683686801e-02 -9.883107573825e-02 2.23e-14 6.05e-13 1.96e-08 2.794
530   -9.881685567704e-02 -9.883105542056e-02 2.16e-14 8.13e-13 1.97e-08 2.800
531   -9.881703923423e-02 -9.883085505971e-02 2.05e-14 7.71e-13 1.88e-08 2.804
532   -9.881705597527e-02 -9.883083614454e-02 3.20e-14 1.35e-12 1.89e-08 2.809
533   -9.881723624081e-02 -9.883063944179e-02 3.00e-14 1.24e-12 1.80e-08 2.813
534   -9.881725426609e-02 -9.883061995522e-02 1.38e-14 1.21e-12 1.81e-08 2.819
535   -9.881742715764e-02 -9.883043126141e-02 1.32e-14 1.16e-12 1.73e-08 2.822
536   -9.881744326422e-02 -9.883041310483e-02 1.89e-14 8.97e-13 1.74e-08 2.828
537   -9.881761297904e-02 -9.883022793643e-02 1.77e-14 8.66e-13 1.66e-08 2.832
538   -9.881763026377e-02 -9.883020923766e-02 2.23e-14 1.14e-13 1.67e-08 2.837
539   -9.881779305760e-02 -9.883003158721e-02 2.11e-14 1.30e-13 1.60e-08 2.841
540   -9.881780853925e-02 -9.883001417245e-02 2.65e-14 7.51e-13 1.61e-08 2.847
541   -9.881796824252e-02 -9.882983994647e-02 2.49e-14 7.24e-13 1.53e-08 2.850
542   -9.881798481563e-02 -9.882982200580e-02 2.93e-14 7.84e-13 1.54e-08 2.856
543   -9.881813810938e-02 -9.882965474295e-02 2.76e-14 7.60e-13 1.47e-08 2.860
544   -9.881815300111e-02 -9.882963802614e-02 4.29e-14 8.42e-13 1.48e-08 2.865
545   -9.881830334459e-02 -9.882947402873e-02 4.02e-14 7.84e-13 1.41e-08 2.869
546   -9.881831924366e-02 -9.882945680721e-02 4.48e-14 1.14e-12 1.42e-08 2.875
547   -9.881846355902e-02 -9.882929935942e-02 4.22e-14 1.06e-12 1.35e-08 2.879
548   -9.881847787762e-02 -9.882928331648e-02 5.67e-14 1.17e-12 1.36e-08 2.884
549   -9.881861931555e-02 -9.882912904922e-02 5.32e-14 1.10e-12 1.30e-08 2.888
550   -9.881863455505e-02 -9.882911253293e-02 5.70e-14 1.43e-12 1.31e-08 2.894
551   -9.881877033444e-02 -9.882896441440e-02 5.37e-14 1.35e-12 1.25e-08 2.898
552   -9.881878410169e-02 -9.882894901682e-02 6.74e-14 2.12e-12 1.26e-08 2.903
553   -9.881891715728e-02 -9.882880390659e-02 6.33e-14 1.93e-12 1.20e-08 2.907
554   -9.881893176923e-02 -9.882878806192e-02 4.94e-14 2.41e-12 1.20e-08 2.913
555   -9.881905952058e-02 -9.882864871602e-02 4.66e-14 2.25e-12 1.15e-08 2.917
556   -9.881907275982e-02 -9.882863393388e-02 5.08e-14 2.73e-12 1.16e-08 2.922
557   -9.881919788904e-02 -9.882849748110e-02 4.77e-14 2.57e-12 1.10e-08 2.926
558   -9.881921189424e-02 -9.882848228724e-02 3.44e-14 1.17e-12 1.11e-08 2.932
559   -9.881933203010e-02 -9.882835126148e-02 3.25e-14 1.09e-12 1.06e-08 2.935
560   -9.881934475747e-02 -9.882833707340e-02 3.67e-14 5.08e-13 1.06e-08 2.942
561   -9.881946243649e-02 -9.882820875672e-02 3.45e-14 5.04e-13 1.02e-08 2.946
562   -9.881947587646e-02 -9.882819417019e-02 3.85e-14 1.32e-12 1.02e-08 2.952
563   -9.881958891870e-02 -9.882807089347e-02 3.62e-14 1.25e-12 9.74e-09 2.956
564   -9.881960115977e-02 -9.882805726787e-02 4.03e-14 4.80e-13 9.80e-09 2.962
565   -9.881971178685e-02 -9.882793665119e-02 3.79e-14 4.44e-13 9.35e-09 2.966
566   -9.881972468238e-02 -9.882792264984e-02 4.16e-14 6.56e-13 9.40e-09 2.972
567   -9.881983099927e-02 -9.882780671855e-02 3.92e-14 5.88e-13 8.97e-09 2.976
568   -9.881984276819e-02 -9.882779363706e-02 5.11e-14 1.67e-12 9.02e-09 2.981
569   -9.881994674554e-02 -9.882768028008e-02 4.80e-14 1.65e-12 8.61e-09 2.985
570   -9.881995910869e-02 -9.882766685190e-02 5.11e-14 1.02e-12 8.65e-09 2.990
571   -9.882005905556e-02 -9.882755787660e-02 4.81e-14 9.95e-13 8.26e-09 2.994
572   -9.882007037620e-02 -9.882754531003e-02 5.93e-14 6.71e-13 8.30e-09 3.000
573   -9.882016814950e-02 -9.882743872548e-02 5.57e-14 6.82e-13 7.92e-09 3.004
574   -9.882018001673e-02 -9.882742583159e-02 5.86e-14 5.26e-13 7.96e-09 3.009
575   -9.882027397036e-02 -9.882732339996e-02 5.52e-14 5.28e-13 7.60e-09 3.013
576   -9.882028485483e-02 -9.882731133250e-02 6.59e-14 8.83e-13 7.63e-09 3.018
577   -9.882037669852e-02 -9.882721121968e-02 6.19e-14 8.14e-13 7.29e-09 3.022
578   -9.882038808489e-02 -9.882719884443e-02 6.49e-14 4.28e-13 7.32e-09 3.028
579   -9.882047640064e-02 -9.882710256766e-02 6.12e-14 3.97e-13 6.99e-09 3.032
580   -9.882048686978e-02 -9.882709097384e-02 6.43e-14 6.68e-13 7.02e-09 3.038
581   -9.882057317979e-02 -9.882699690010e-02 6.04e-14 6.01e-13 6.71e-09 3.042
582   -9.882058411217e-02 -9.882698501447e-02 4.96e-14 5.48e-14 6.74e-09 3.047
583   -9.882066711138e-02 -9.882689454100e-02 4.67e-14 2.98e-14 6.43e-09 3.051
584   -9.882067717595e-02 -9.882688340747e-02 5.66e-14 8.92e-13 6.46e-09 3.057
585   -9.882075827213e-02 -9.882679502293e-02 5.32e-14 8.09e-13 6.17e-09 3.061
586   -9.882076876315e-02 -9.882678361424e-02 4.28e-14 5.49e-13 6.19e-09 3.068
587   -9.882084674387e-02 -9.882669861782e-02 4.04e-14 5.66e-13 5.92e-09 3.072
588   -9.882085643812e-02 -9.882668790492e-02 4.35e-14 7.73e-13 5.94e-09 3.079
589   -9.882093259196e-02 -9.882660491285e-02 4.09e-14 7.02e-13 5.67e-09 3.083
590   -9.882094267002e-02 -9.882659395073e-02 4.35e-14 6.90e-13 5.70e-09 3.089
591   -9.882101598013e-02 -9.882651405140e-02 4.10e-14 6.72e-13 5.44e-09 3.093
592   -9.882102530592e-02 -9.882650375563e-02 5.01e-14 4.43e-13 5.46e-09 3.098
593   -9.882109682778e-02 -9.882642581673e-02 4.71e-14 4.69e-13 5.22e-09 3.103
594   -9.882110650477e-02 -9.882641528821e-02 3.75e-14 1.67e-12 5.24e-09 3.108
595   -9.882117532251e-02 -9.882634029053e-02 3.54e-14 1.59e-12 5.00e-09 3.112
596   -9.882118429813e-02 -9.882633039008e-02 3.84e-14 1.39e-12 5.02e-09 3.118
597   -9.882125149933e-02 -9.882625716441e-02 3.61e-14 1.30e-12 4.80e-09 3.122
598   -9.882126079542e-02 -9.882624704859e-02 3.86e-14 1.60e-12 4.81e-09 3.128
599   -9.882132546399e-02 -9.882617657772e-02 3.64e-14 1.52e-12 4.60e-09 3.132
600   -9.882133409226e-02 -9.882616706846e-02 4.47e-14 7.31e-13 4.61e-09 3.137
601   -9.882139715625e-02 -9.882609835511e-02 4.21e-14 7.28e-13 4.41e-09 3.141
602   -9.882140609519e-02 -9.882608862576e-02 3.33e-14 1.26e-12 4.42e-09 3.146
603   -9.882146685614e-02 -9.882602241773e-02 3.14e-14 1.21e-12 4.23e-09 3.151
604   -9.882147516861e-02 -9.882601326373e-02 3.94e-14 1.90e-12 4.24e-09 3.156
605   -9.882153441785e-02 -9.882594871092e-02 3.71e-14 1.82e-12 4.05e-09 3.160
606   -9.882154300848e-02 -9.882593935904e-02 2.87e-14 1.92e-12 4.06e-09 3.165
607   -9.882160005825e-02 -9.882587719902e-02 2.70e-14 1.79e-12 3.88e-09 3.169
608   -9.882160805885e-02 -9.882586839475e-02 2.99e-14 1.37e-12 3.89e-09 3.175
609   -9.882166366761e-02 -9.882580781189e-02 2.81e-14 1.23e-12 3.72e-09 3.179
610   -9.882167192674e-02 -9.882579881962e-02 2.01e-14 1.49e-12 3.73e-09 3.184
611   -9.882172546356e-02 -9.882574049099e-02 1.90e-14 1.37e-12 3.57e-09 3.189
612   -9.882173316342e-02 -9.882573202352e-02 2.65e-14 1.96e-12 3.58e-09 3.194
613   -9.882178538673e-02 -9.882567513226e-02 2.50e-14 1.82e-12 3.42e-09 3.198
614   -9.882179331447e-02 -9.882566649989e-02 2.71e-14 3.15e-12 3.43e-09 3.203
615   -9.882184355005e-02 -9.882561177124e-02 2.56e-14 3.03e-12 3.27e-09 3.207
616   -9.882185096911e-02 -9.882560361787e-02 3.27e-14 1.56e-12 3.28e-09 3.213
617   -9.882189996020e-02 -9.882555025073e-02 3.08e-14 1.54e-12 3.14e-09 3.217
618   -9.882190758061e-02 -9.882554195157e-02 2.33e-14 2.47e-13 3.14e-09 3.222
619   -9.882195477788e-02 -9.882549053611e-02 2.20e-14 1.88e-13 3.01e-09 3.226
620   -9.882196191628e-02 -9.882548269590e-02 2.89e-14 1.48e-12 3.01e-09 3.231
621   -9.882200787943e-02 -9.882543262976e-02 2.72e-14 1.33e-12 2.88e-09 3.235
622   -9.882201520930e-02 -9.882542464639e-02 2.91e-14 2.39e-12 2.89e-09 3.240
623   -9.882205948692e-02 -9.882537641429e-02 2.75e-14 2.26e-12 2.76e-09 3.244
624   -9.882206636534e-02 -9.882536886400e-02 3.39e-14 1.90e-12 2.76e-09 3.250
625   -9.882210947746e-02 -9.882532190586e-02 3.19e-14 1.80e-12 2.64e-09 3.254
626   -9.882211652923e-02 -9.882531422463e-02 3.37e-14 4.38e-12 2.65e-09 3.259
627   -9.882215809653e-02 -9.882526894747e-02 3.18e-14 4.09e-12 2.53e-09 3.263
628   -9.882216472156e-02 -9.882526167897e-02 3.39e-14 3.18e-12 2.54e-09 3.269
629   -9.882220516277e-02 -9.882521763221e-02 3.19e-14 2.95e-12 2.42e-09 3.273
630   -9.882221195104e-02 -9.882521023701e-02 2.53e-14 3.63e-12 2.43e-09 3.278
631   -9.882225094670e-02 -9.882516776335e-02 2.38e-14 3.39e-12 2.32e-09 3.282
632   -9.882225731858e-02 -9.882516077602e-02 2.59e-14 2.43e-12 2.32e-09 3.289
633   -9.882229520088e-02 -9.882511951827e-02 2.44e-14 2.41e-12 2.22e-09 3.292
634   -9.882230173186e-02 -9.882511240306e-02 2.61e-14 3.57e-12 2.23e-09 3.299
635   -9.882233826911e-02 -9.882507260912e-02 2.46e-14 3.35e-12 2.13e-09 3.303
636   -9.882234442595e-02 -9.882506586069e-02 2.67e-14 3.82e-12 2.13e-09 3.308
637   -9.882238001377e-02 -9.882502710389e-02 2.51e-14 3.59e-12 2.04e-09 3.312
638   -9.882238629731e-02 -9.882502025737e-02 1.91e-14 3.67e-12 2.04e-09 3.317
639   -9.882242058363e-02 -9.882498291693e-02 1.80e-14 3.43e-12 1.95e-09 3.321
640   -9.882242650610e-02 -9.882497642825e-02 2.35e-14 3.65e-12 1.95e-09 3.327
641   -9.882245981574e-02 -9.882494015409e-02 2.21e-14 3.48e-12 1.87e-09 3.330
642   -9.882246584879e-02 -9.882493358003e-02 1.64e-14 2.05e-12 1.87e-09 3.336
643   -9.882249797569e-02 -9.882489859306e-02 1.55e-14 2.03e-12 1.79e-09 3.340
644   -9.882250366802e-02 -9.882489235896e-02 2.07e-14 8.04e-13 1.79e-09 3.346
645   -9.882253489960e-02 -9.882485834927e-02 1.95e-14 7.64e-13 1.71e-09 3.349
646   -9.882254070706e-02 -9.882485202092e-02 1.40e-14 2.11e-12 1.71e-09 3.354
647   -9.882257081229e-02 -9.882481923711e-02 1.32e-14 2.10e-12 1.64e-09 3.358
648   -9.882257629798e-02 -9.882481323147e-02 1.52e-14 1.13e-12 1.64e-09 3.364
649   -9.882260556568e-02 -9.882478136174e-02 1.43e-14 1.13e-12 1.57e-09 3.368
650   -9.882261116926e-02 -9.882477525541e-02 1.59e-14 1.61e-12 1.57e-09 3.374
651   -9.882263941612e-02 -9.882474449677e-02 1.50e-14 1.50e-12 1.50e-09 3.378
652   -9.882264470540e-02 -9.882473870819e-02 1.68e-14 1.48e-12 1.50e-09 3.385
653   -9.882267209026e-02 -9.882470888992e-02 1.58e-14 1.35e-12 1.43e-09 3.388
654   -9.882267747448e-02 -9.882470302237e-02 1.73e-14 4.19e-13 1.43e-09 3.394
655   -9.882270390468e-02 -9.882467424320e-02 1.63e-14 3.18e-13 1.37e-09 3.398
656   -9.882270900557e-02 -9.882466866263e-02 2.08e-14 1.49e-12 1.37e-09 3.404
657   -9.882273470884e-02 -9.882464067658e-02 1.96e-14 1.37e-12 1.31e-09 3.408
658   -9.882273987807e-02 -9.882463504315e-02 2.10e-14 1.39e-12 1.31e-09 3.413
659   -9.882276462178e-02 -9.882460810141e-02 1.98e-14 1.39e-12 1.25e-09 3.417
660   -9.882276951966e-02 -9.882460274452e-02 2.14e-14 3.36e-12 1.25e-09 3.423
661   -9.882279355489e-02 -9.882457657558e-02 2.01e-14 3.17e-12 1.20e-09 3.427
662   -9.882279854551e-02 -9.882457113667e-02 2.14e-14 3.30e-12 1.20e-09 3.432
663   -9.882282170817e-02 -9.882454591751e-02 2.02e-14 3.18e-12 1.14e-09 3.436
664   -9.882282642788e-02 -9.882454075695e-02 2.17e-14 2.99e-12 1.14e-09 3.442
665   -9.882284893712e-02 -9.882451625044e-02 2.04e-14 2.77e-12 1.09e-09 3.446
666   -9.882285372311e-02 -9.882451103426e-02 1.59e-14 1.64e-13 1.09e-09 3.451
667   -9.882287540461e-02 -9.882448742867e-02 1.50e-14 1.89e-13 1.05e-09 3.455
668   -9.882287995712e-02 -9.882448245239e-02 1.89e-14 3.34e-13 1.04e-09 3.460
669   -9.882290103084e-02 -9.882445950963e-02 1.78e-14 2.00e-13 9.99e-10 3.464
670   -9.882290562468e-02 -9.882445450282e-02 1.35e-14 5.85e-12 9.97e-10 3.469
671   -9.882292586579e-02 -9.882443246624e-02 1.28e-14 5.46e-12 9.54e-10 3.473
672   -9.882293026044e-02 -9.882442766372e-02 1.43e-14 7.31e-12 9.52e-10 3.479
673   -9.882294998169e-02 -9.882440619415e-02 1.34e-14 6.88e-12 9.12e-10 3.483
674   -9.882295442702e-02 -9.882440134923e-02 1.46e-14 5.54e-12 9.10e-10 3.488
675   -9.882297345322e-02 -9.882438063621e-02 1.38e-14 5.27e-12 8.71e-10 3.492
676   -9.882297767384e-02 -9.882437602502e-02 1.73e-14 3.95e-12 8.69e-10 3.497
677   -9.882299600699e-02 -9.882435606719e-02 1.63e-14 3.78e-12 8.32e-10 3.501
678   -9.882300026802e-02 -9.882435142299e-02 1.25e-14 6.05e-12 8.29e-10 3.506
679   -9.882301799926e-02 -9.882433212040e-02 1.18e-14 5.87e-12 7.94e-10 3.510
680   -9.882302206832e-02 -9.882432767578e-02 1.52e-14 9.40e-12 7.92e-10 3.515
681   -9.882303923100e-02 -9.882430899281e-02 1.43e-14 8.98e-12 7.58e-10 3.519
682   -9.882304330007e-02 -9.882430455778e-02 1.06e-14 5.78e-12 7.56e-10 3.524
683   -9.882305980079e-02 -9.882428659530e-02 9.99e-15 5.46e-12 7.24e-10 3.528
684   -9.882306371778e-02 -9.882428231772e-02 1.32e-14 3.81e-12 7.21e-10 3.534
685   -9.882307981686e-02 -9.882426479317e-02 1.25e-14 3.56e-12 6.91e-10 3.538
686   -9.882308373582e-02 -9.882426052174e-02 8.97e-15 4.05e-12 6.88e-10 3.543
687   -9.882309918638e-02 -9.882424370303e-02 8.47e-15 3.85e-12 6.59e-10 3.547
688   -9.882310294806e-02 -9.882423959592e-02 1.16e-14 3.28e-12 6.57e-10 3.552
689   -9.882311799109e-02 -9.882422322136e-02 1.09e-14 2.99e-12 6.29e-10 3.556
690   -9.882312180197e-02 -9.882421906779e-02 7.61e-15 1.48e-12 6.26e-10 3.561
691   -9.882313625312e-02 -9.882420333757e-02 7.19e-15 1.39e-12 6.00e-10 3.565
692   -9.882313988593e-02 -9.882419937173e-02 1.02e-14 7.96e-13 5.97e-10 3.570
693   -9.882315388490e-02 -9.882418413412e-02 9.58e-15 7.71e-13 5.72e-10 3.574
694   -9.882315751248e-02 -9.882418018043e-02 6.44e-15 3.15e-12 5.70e-10 3.579
695   -9.882317095994e-02 -9.882416554314e-02 6.11e-15 2.91e-12 5.46e-10 3.583
696   -9.882317444229e-02 -9.882416174225e-02 8.94e-15 2.10e-12 5.43e-10 3.589
697   -9.882318751243e-02 -9.882414751606e-02 8.41e-15 1.95e-12 5.20e-10 3.593
698   -9.882319100576e-02 -9.882414370886e-02 9.33e-15 4.52e-12 5.18e-10 3.598
699   -9.882320359576e-02 -9.882413000534e-02 8.83e-15 4.23e-12 4.96e-10 3.602
700   -9.882320695305e-02 -9.882412634154e-02 1.15e-14 1.76e-12 4.93e-10 3.607
701   -9.882321915856e-02 -9.882411305679e-02 1.08e-14 1.61e-12 4.73e-10 3.611
702   -9.882322249480e-02 -9.882410942079e-02 7.88e-15 1.63e-12 4.70e-10 3.616
703   -9.882323420311e-02 -9.882409667724e-02 7.47e-15 1.67e-12 4.50e-10 3.620
704   -9.882323740960e-02 -9.882409317858e-02 9.99e-15 6.59e-12 4.48e-10 3.625
705   -9.882324873346e-02 -9.882408085373e-02 9.41e-15 6.10e-12 4.29e-10 3.629
706   -9.882325193797e-02 -9.882407736129e-02 6.66e-15 9.37e-12 4.27e-10 3.634
707   -9.882326284410e-02 -9.882406549120e-02 6.30e-15 8.72e-12 4.09e-10 3.638
708   -9.882326596208e-02 -9.882406208964e-02 8.69e-15 3.27e-12 4.06e-10 3.643
709   -9.882327656182e-02 -9.882405055327e-02 8.19e-15 3.04e-12 3.89e-10 3.647
710   -9.882327964535e-02 -9.882404719278e-02 5.61e-15 8.42e-13 3.87e-10 3.652
711   -9.882328975654e-02 -9.882403618817e-02 5.30e-15 9.38e-13 3.71e-10 3.656
712   -9.882329272677e-02 -9.882403294808e-02 6.27e-15 2.72e-12 3.68e-10 3.662
713   -9.882330255283e-02 -9.882402225403e-02 5.91e-15 2.69e-12 3.53e-10 3.666
714   -9.882330554628e-02 -9.882401899185e-02 3.52e-15 4.42e-12 3.51e-10 3.671
715   -9.882331497002e-02 -9.882400873578e-02 3.33e-15 4.21e-12 3.36e-10 3.675
716   -9.882331778644e-02 -9.882400566387e-02 5.55e-15 5.65e-12 3.34e-10 3.680
717   -9.882332695574e-02 -9.882399568480e-02 5.22e-15 5.22e-12 3.20e-10 3.684
718   -9.882332978302e-02 -9.882399260384e-02 2.94e-15 4.80e-12 3.18e-10 3.689
719   -9.882333861910e-02 -9.882398298750e-02 2.78e-15 4.79e-12 3.04e-10 3.693
720   -9.882334134011e-02 -9.882398002002e-02 4.91e-15 1.30e-11 3.02e-10 3.698
721   -9.882334986652e-02 -9.882397074081e-02 4.64e-15 1.21e-11 2.90e-10 3.702
722   -9.882335261236e-02 -9.882396774878e-02 5.41e-15 1.37e-11 2.87e-10 3.708
723   -9.882336080023e-02 -9.882395883812e-02 5.11e-15 1.31e-11 2.75e-10 3.712
724   -9.882336341330e-02 -9.882395598861e-02 5.94e-15 8.78e-12 2.73e-10 3.717
725   -9.882337133297e-02 -9.882394736994e-02 5.61e-15 8.35e-12 2.62e-10 3.721
726   -9.882337393548e-02 -9.882394453406e-02 3.50e-15 1.11e-11 2.60e-10 3.726
727   -9.882338154429e-02 -9.882393625374e-02 3.33e-15 1.03e-11 2.49e-10 3.730
728   -9.882338405708e-02 -9.882393351391e-02 4.16e-15 1.63e-11 2.47e-10 3.735
729   -9.882339138591e-02 -9.882392553838e-02 3.94e-15 1.53e-11 2.37e-10 3.739
730   -9.882339389031e-02 -9.882392280943e-02 2.00e-15 1.47e-11 2.35e-10 3.744
731   -9.882340097167e-02 -9.882391510330e-02 1.89e-15 1.41e-11 2.25e-10 3.748
732   -9.882340337767e-02 -9.882391248018e-02 2.66e-15 9.61e-12 2.23e-10 3.753
733   -9.882341021249e-02 -9.882390504242e-02 2.50e-15 9.35e-12 2.14e-10 3.757
734   -9.882341260828e-02 -9.882390243196e-02 7.22e-16 1.49e-11 2.12e-10 3.762
735   -9.882341917847e-02 -9.882389528225e-02 6.66e-16 1.43e-11 2.03e-10 3.766
736   -9.882342146004e-02 -9.882389279503e-02 2.39e-15 6.54e-12 2.01e-10 3.771
737   -9.882342772057e-02 -9.882388598233e-02 2.28e-15 6.14e-12 1.93e-10 3.775
738   -9.882343001756e-02 -9.882388347969e-02 2.89e-15 4.84e-13 1.91e-10 3.781
739   -9.882343608501e-02 -9.882387687722e-02 2.72e-15 2.65e-13 1.83e-10 3.785
740   -9.882343831554e-02 -9.882387444586e-02 4.27e-15 1.83e-12 1.81e-10 3.790
741   -9.882344423356e-02 -9.882386800609e-02 4.05e-15 1.53e-12 1.74e-10 3.794
742   -9.882344640231e-02 -9.882386564320e-02 4.55e-15 9.65e-12 1.72e-10 3.800
743   -9.882345207703e-02 -9.882385946819e-02 4.33e-15 9.22e-12 1.65e-10 3.804
744   -9.882345423000e-02 -9.882385712257e-02 3.72e-14 1.77e-12 1.63e-10 3.808
745   -9.882345965522e-02 -9.882385121904e-02 3.51e-14 1.60e-12 1.56e-10 3.812
746   -9.882346169008e-02 -9.882384900199e-02 3.26e-14 1.34e-11 1.55e-10 3.817
747   -9.882346687284e-02 -9.882384336234e-02 3.09e-14 1.26e-11 1.48e-10 3.821
748   -9.882346891067e-02 -9.882384114145e-02 3.14e-14 2.75e-11 1.47e-10 3.826
749   -9.882347388347e-02 -9.882383573031e-02 2.97e-14 2.61e-11 1.41e-10 3.830
750   -9.882347583886e-02 -9.882383359991e-02 2.75e-14 1.87e-11 1.39e-10 3.835
751   -9.882348064411e-02 -9.882382837118e-02 2.60e-14 1.74e-11 1.34e-10 3.839
752   -9.882348258985e-02 -9.882382625080e-02 2.66e-14 2.00e-11 1.32e-10 3.844
753   -9.882348716622e-02 -9.882382127112e-02 2.51e-14 1.88e-11 1.27e-10 3.848
754   -9.882348907278e-02 -9.882381919405e-02 2.49e-14 3.02e-11 1.25e-10 3.853
755   -9.882349357788e-02 -9.882381429207e-02 2.35e-14 2.87e-11 1.20e-10 3.857
756   -9.882349540518e-02 -9.882381230094e-02 2.41e-14 3.06e-11 1.18e-10 3.863
757   -9.882349961256e-02 -9.882380772283e-02 2.28e-14 2.94e-11 1.14e-10 3.867
758   -9.882350144475e-02 -9.882380572685e-02 2.09e-14 3.93e-11 1.12e-10 3.871
759   -9.882350560706e-02 -9.882380119793e-02 1.98e-14 3.72e-11 1.08e-10 3.875
760   -9.882350729966e-02 -9.882379935362e-02 2.04e-14 3.86e-11 1.06e-10 3.880
761   -9.882351129109e-02 -9.882379501129e-02 4.40e-14 1.68e-08 1.02e-10 3.884
762   -9.882351301543e-02 -9.882379313296e-02 4.32e-14 1.63e-08 1.01e-10 3.889
763   -9.882351679017e-02 -9.882378902570e-02 4.08e-14 1.54e-08 9.66e-11 3.893
764   -9.882351847249e-02 -9.882378719273e-02 4.07e-14 1.49e-08 9.53e-11 3.899
765   -9.882352211431e-02 -9.882378323014e-02 3.85e-14 1.41e-08 9.14e-11 3.902
766   -9.882352385532e-02 -9.882378133364e-02 3.76e-14 1.36e-08 9.00e-11 3.908
767   -9.882352739988e-02 -9.882377747697e-02 3.55e-14 1.29e-08 8.64e-11 3.912
768   -9.882352896239e-02 -9.882377577457e-02 3.55e-14 1.25e-08 8.51e-11 3.917
769   -9.882353240327e-02 -9.882377203070e-02 3.35e-14 1.18e-08 8.17e-11 3.921
770   -9.882353390941e-02 -9.882377039018e-02 3.29e-14 1.14e-08 8.05e-11 3.926
771   -9.882353704785e-02 -9.882376697535e-02 3.11e-14 1.08e-08 7.74e-11 3.930
772   -9.882353850307e-02 -9.882376538989e-02 3.06e-14 1.04e-08 7.62e-11 3.935
773   -9.882354154814e-02 -9.882376207669e-02 2.90e-14 9.88e-09 7.32e-11 3.939
774   -9.882354307702e-02 -9.882376041186e-02 4.37e-14 9.56e-09 7.21e-11 3.944
775   -9.882354605803e-02 -9.882375716841e-02 4.14e-14 9.03e-09 6.92e-11 3.948
776   -9.882354751185e-02 -9.882375558505e-02 5.61e-14 8.74e-09 6.81e-11 3.953
777   -9.882355038817e-02 -9.882375245551e-02 5.30e-14 8.26e-09 6.54e-11 3.956
778   -9.882355176292e-02 -9.882375095849e-02 6.59e-14 7.99e-09 6.43e-11 3.961
779   -9.882355447024e-02 -9.882374801281e-02 6.23e-14 7.56e-09 6.18e-11 3.965
780   -9.882355588397e-02 -9.882374647317e-02 7.60e-14 7.31e-09 6.08e-11 3.970
781   -9.882355851201e-02 -9.882374361377e-02 7.18e-14 6.91e-09 5.83e-11 3.974
782   -9.882355989683e-02 -9.882374210577e-02 8.17e-14 6.66e-09 5.73e-11 3.978
783   -9.882356254433e-02 -9.882373922523e-02 7.70e-14 6.29e-09 5.49e-11 3.982
784   -9.882356379178e-02 -9.882373786735e-02 1.09e-13 6.11e-09 5.40e-11 3.986
785   -9.882356623300e-02 -9.882373521114e-02 1.03e-13 5.78e-09 5.19e-11 3.990
786   -9.882356743012e-02 -9.882373390754e-02 1.11e-13 5.59e-09 5.09e-11 3.995
787   -9.882356966193e-02 -9.882373147920e-02 1.06e-13 5.29e-09 4.90e-11 3.998
788   -9.882357097760e-02 -9.882373004693e-02 1.32e-13 5.11e-09 4.80e-11 4.003
789   -9.882357324986e-02 -9.882372757461e-02 1.25e-13 4.82e-09 4.61e-11 4.007
790   -9.882357448738e-02 -9.882372622703e-02 1.32e-13 4.64e-09 4.52e-11 4.012
791   -9.882357671009e-02 -9.882372380864e-02 1.24e-13 4.37e-09 4.33e-11 4.016
792   -9.882357790949e-02 -9.882372250300e-02 1.49e-13 4.21e-09 4.25e-11 4.020
793   -9.882357996721e-02 -9.882372026406e-02 1.40e-13 3.97e-09 4.08e-11 4.023
794   -9.882358111533e-02 -9.882371901384e-02 1.46e-13 3.83e-09 3.99e-11 4.029
795   -9.882358326032e-02 -9.882371667999e-02 1.38e-13 3.60e-09 3.82e-11 4.033
796   -9.882358435395e-02 -9.882371548918e-02 1.46e-13 3.46e-09 3.75e-11 4.037
797   -9.882358628431e-02 -9.882371338878e-02 1.37e-13 3.26e-09 3.59e-11 4.041
798   -9.882358731174e-02 -9.882371227012e-02 1.43e-13 3.11e-09 3.53e-11 4.045
799   -9.882358900067e-02 -9.882371043242e-02 1.35e-13 2.95e-09 3.39e-11 4.049
800   -9.882359004077e-02 -9.882370930023e-02 1.56e-13 2.86e-09 3.32e-11 4.054
801   -9.882359187836e-02 -9.882370730081e-02 1.47e-13 2.70e-09 3.18e-11 4.058
802   -9.882359295387e-02 -9.882370612963e-02 1.50e-13 2.57e-09 3.10e-11 4.062
803   -9.882359474533e-02 -9.882370418043e-02 1.41e-13 2.42e-09 2.97e-11 4.066
804   -9.882359575034e-02 -9.882370308652e-02 1.60e-13 2.32e-09 2.90e-11 4.070
805   -9.882359734949e-02 -9.882370134649e-02 1.51e-13 2.19e-09 2.78e-11 4.074
806   -9.882359826974e-02 -9.882370034447e-02 1.54e-13 2.11e-09 2.72e-11 4.079
807   -9.882359976992e-02 -9.882369871215e-02 1.46e-13 1.99e-09 2.61e-11 4.083
808   -9.882360072472e-02 -9.882369767281e-02 1.63e-13 1.91e-09 2.55e-11 4.087
809   -9.882360208783e-02 -9.882369618962e-02 1.54e-13 1.80e-09 2.45e-11 4.091
810   -9.882360305155e-02 -9.882369514027e-02 1.55e-13 1.72e-09 2.39e-11 4.095
811   -9.882360438284e-02 -9.882369369174e-02 1.46e-13 1.63e-09 2.29e-11 4.099
812   -9.882360522159e-02 -9.882369277881e-02 1.62e-13 1.62e-09 2.24e-11 4.103
813   -9.882360654071e-02 -9.882369134349e-02 1.53e-13 1.53e-09 2.15e-11 4.107
814   -9.882360742464e-02 -9.882369038100e-02 1.53e-13 1.45e-09 2.10e-11 4.111
815   -9.882360876966e-02 -9.882368891752e-02 1.44e-13 1.36e-09 2.00e-11 4.115
816   -9.882360954958e-02 -9.882368806831e-02 1.47e-13 1.32e-09 1.96e-11 4.119
817   -9.882361065041e-02 -9.882368687049e-02 1.39e-13 1.25e-09 1.88e-11 4.123
818   -9.882361144118e-02 -9.882368600944e-02 1.40e-13 1.17e-09 1.83e-11 4.128
819   -9.882361270301e-02 -9.882368463650e-02 1.31e-13 1.09e-09 1.75e-11 4.132
820   -9.882361338526e-02 -9.882368389362e-02 1.35e-13 1.05e-09 1.71e-11 4.136
821   -9.882361435533e-02 -9.882368283826e-02 1.34e-13 3.30e-08 1.64e-11 4.140
822   -9.882361504470e-02 -9.882368208758e-02 1.34e-13 3.16e-08 1.60e-11 4.144
823   -9.882361626049e-02 -9.882368076471e-02 1.26e-13 2.96e-08 1.52e-11 4.148
824   -9.882361696496e-02 -9.882367999799e-02 1.38e-13 2.84e-08 1.48e-11 4.152
825   -9.882361797361e-02 -9.882367890046e-02 1.30e-13 2.68e-08 1.42e-11 4.156
826   -9.882361867771e-02 -9.882367813315e-02 1.09e-13 2.57e-08 1.38e-11 4.160
827   -9.882361965300e-02 -9.882367707198e-02 1.02e-13 2.42e-08 1.32e-11 4.164
828   -9.882362043769e-02 -9.882367621783e-02 1.12e-13 2.31e-08 1.27e-11 4.168
829   -9.882362134291e-02 -9.882367523292e-02 1.05e-13 2.18e-08 1.22e-11 4.172
830   -9.882362193059e-02 -9.882367459305e-02 1.06e-13 2.08e-08 1.18e-11 4.176
831   -9.882362280603e-02 -9.882367364053e-02 9.94e-14 1.96e-08 1.13e-11 4.180
832   -9.882362344139e-02 -9.882367294907e-02 1.09e-13 1.88e-08 1.10e-11 4.184
833   -9.882362432298e-02 -9.882367198984e-02 1.02e-13 1.77e-08 1.04e-11 4.188
834   -9.882362498909e-02 -9.882367126406e-02 8.43e-14 1.70e-08 1.01e-11 4.192
835   -9.882362549094e-02 -9.882367071802e-02 8.08e-14 1.62e-08 9.79e-12 4.196
836   -9.882362607966e-02 -9.882367007721e-02 8.82e-14 1.56e-08 9.46e-12 4.200
837   -9.882362682332e-02 -9.882366926812e-02 8.30e-14 1.47e-08 9.05e-12 4.203
838   -9.882362724946e-02 -9.882366880413e-02 8.31e-14 1.41e-08 8.80e-12 4.208
839   -9.882362790251e-02 -9.882366809360e-02 7.85e-14 1.33e-08 8.44e-12 4.212
840   -9.882362836329e-02 -9.882366759225e-02 8.82e-14 1.30e-08 8.20e-12 4.216
841   -9.882362886122e-02 -9.882366705047e-02 8.41e-14 1.24e-08 7.92e-12 4.220
842   -9.882362953119e-02 -9.882366632064e-02 7.00e-14 1.18e-08 7.59e-12 4.224
843   -9.882363016205e-02 -9.882366563428e-02 6.59e-14 1.11e-08 7.26e-12 4.227
844   -9.882363060637e-02 -9.882366515072e-02 7.33e-14 1.08e-08 7.05e-12 4.231
845   -9.882363148466e-02 -9.882366419514e-02 6.73e-14 9.93e-09 6.61e-12 4.235
846   -9.882363204522e-02 -9.882366358447e-02 5.27e-14 9.58e-09 6.35e-12 4.239
847   -9.882363244168e-02 -9.882366315312e-02 5.03e-14 9.14e-09 6.13e-12 4.243
848   -9.882363269970e-02 -9.882366287221e-02 5.22e-14 8.95e-09 5.97e-12 4.248
849   -9.882363343252e-02 -9.882366207490e-02 4.82e-14 8.26e-09 5.61e-12 4.252
850   -9.882363408357e-02 -9.882366136574e-02 3.45e-14 7.86e-09 5.29e-12 4.256
851   -9.882363467132e-02 -9.882366072631e-02 3.21e-14 7.31e-09 5.00e-12 4.260
852   -9.882363500069e-02 -9.882366036796e-02 4.29e-14 7.44e-09 4.91e-12 4.263
853   -9.882363534349e-02 -9.882365999499e-02 4.09e-14 7.09e-09 4.74e-12 4.267
854   -9.882363591575e-02 -9.882365937171e-02 3.04e-14 6.67e-09 4.48e-12 4.271
855   -9.882363640864e-02 -9.882365883550e-02 2.83e-14 6.21e-09 4.25e-12 4.275
856   -9.882363673496e-02 -9.882365848028e-02 2.99e-14 5.95e-09 4.08e-12 4.280
857   -9.882363697527e-02 -9.882365821885e-02 2.88e-14 5.71e-09 3.96e-12 4.284
858   -9.882363725708e-02 -9.882365791179e-02 1.98e-14 5.57e-09 3.83e-12 4.287
Numerical error in objective
Restoring previous solution


Suboptimal solution found in 859 iterations and 4.29 seconds
Objective -9.88228537e-02
Primal infeasibility (abs/rel): 3.18e-14/1.59e-14
Dual infeasibility   (abs/rel): 1.80e-13/1.64e-13
Complementarity gap  (abs/rel): 1.20e-09/1.09e-09


Barrier finished in 4.29 seconds
Dual variables for problems with quadratic constraints not returned.
