cuOpt version: 26.10.0, git hash: 648f805d, host arch: x86_64, device archs: 80-real
CPU: AMD EPYC 7642 48-Core Processor, threads: 5C/5T, RAM usage: 43.73/503.74GiB
CPU SIMD target: AVX2
CUDA 12.9, device: NVIDIA A100 80GB PCIe (ID 0), VRAM: 79.44 GiB
CUDA device UUID: 68df5cf5-71f9-6a93-b428-460c080ffb10
Problem has 1 quadratic constraints. Converting to second-order cones and solving with barrier.
Barrier: reusing cache (skip convert/presolve/scaling)
Barrier solver started at 0.000 seconds
Barrier solver: 5103 constraints, 10102 variables, 265152 nonzeros
Barrier setup complete at 0.001 seconds
Adaptive regularization enabled


                  Objective                         Infeasibility        Time
Iter   Primal              Dual                Primal   Dual    Compl.   Elapsed
  0   -3.702624119443e+02 -3.710387458059e+02 3.71e+03 1.91e+00 1.19e-02 0.001
  1   -4.753787302208e-01 -3.472243787035e+02 3.37e+00 2.99e-01 2.04e-01 0.006
  2   -6.514585833609e-02 -4.824573495103e+00 3.30e-02 3.31e-03 2.60e-03 0.011
  3   -6.241785965765e-02 -2.166179811269e-01 1.04e-03 1.04e-04 6.01e-05 0.015
  4   -6.281180401097e-02 -2.169873824077e-01 1.04e-03 1.04e-04 5.14e-05 0.019
  5   -6.279677453142e-02 -2.169701198990e-01 1.04e-03 1.04e-04 5.24e-05 0.024
  6   -6.356526621358e-02 -2.174423702139e-01 1.01e-03 1.02e-04 5.37e-05 0.028
  7   -6.357028824113e-02 -2.174415405996e-01 1.01e-03 1.02e-04 5.43e-05 0.033
  8   -6.380221930976e-02 -2.175435352627e-01 9.80e-04 9.84e-05 1.68e-04 0.037
  9   -6.669120323942e-02 -2.121284359403e-01 8.63e-04 8.66e-05 2.03e-04 0.042
 10   -8.174347063636e-02 -1.656083194061e-01 2.86e-04 2.87e-05 2.07e-04 0.046
 11   -8.146874061750e-02 -1.649508583762e-01 2.77e-04 2.78e-05 2.00e-04 0.052
 12   -8.439311778877e-02 -1.418714088329e-01 1.13e-04 1.14e-05 1.51e-04 0.056
 13   -8.442062091379e-02 -1.418902208607e-01 1.13e-04 1.14e-05 1.51e-04 0.063
 14   -8.383014195118e-02 -1.406631864293e-01 9.64e-05 9.68e-06 1.42e-04 0.067
 15   -8.380222783988e-02 -1.405440733994e-01 9.53e-05 9.57e-06 1.43e-04 0.073
 16   -8.463056913632e-02 -1.360666551483e-01 7.17e-05 7.19e-06 1.30e-04 0.077
 17   -8.464857996902e-02 -1.360817994301e-01 7.16e-05 7.19e-06 1.30e-04 0.083
 18   -8.437945573285e-02 -1.350339779500e-01 6.13e-05 6.15e-06 1.59e-04 0.087
 19   -8.433856002526e-02 -1.349418911673e-01 6.08e-05 6.11e-06 1.63e-04 0.093
 20   -8.414882412952e-02 -1.338432496249e-01 5.19e-05 5.21e-06 2.08e-04 0.097
 21   -8.420063996235e-02 -1.338342795677e-01 5.15e-05 5.17e-06 2.12e-04 0.103
 22   -8.444173374835e-02 -1.315782465052e-01 3.88e-05 3.90e-06 2.20e-04 0.107
 23   -8.438618528554e-02 -1.314678819649e-01 3.85e-05 3.86e-06 2.25e-04 0.113
 24   -8.435408814893e-02 -1.306537803001e-01 3.41e-05 3.42e-06 2.56e-04 0.117
 25   -8.441993811330e-02 -1.306599137316e-01 3.38e-05 3.39e-06 2.61e-04 0.124
 26   -8.490487681194e-02 -1.286164407672e-01 2.64e-05 2.65e-06 2.50e-04 0.128
 27   -8.484420462037e-02 -1.285056164897e-01 2.61e-05 2.62e-06 2.55e-04 0.134
 28   -8.486457092642e-02 -1.278000581717e-01 2.34e-05 2.34e-06 2.76e-04 0.139
 29   -8.493136210537e-02 -1.278104613341e-01 2.31e-05 2.32e-06 2.80e-04 0.145
 30   -8.550771329008e-02 -1.259540426609e-01 1.85e-05 1.86e-06 2.60e-04 0.149
 31   -8.544843365731e-02 -1.258496266924e-01 1.83e-05 1.84e-06 2.64e-04 0.156
 32   -8.548967660245e-02 -1.252377371369e-01 1.65e-05 1.66e-06 2.78e-04 0.161
 33   -8.555208341331e-02 -1.252487985904e-01 1.64e-05 1.65e-06 2.82e-04 0.170
 34   -8.616345734276e-02 -1.235587308194e-01 1.33e-05 1.34e-06 2.58e-04 0.174
 35   -8.610805820457e-02 -1.234632541084e-01 1.32e-05 1.33e-06 2.63e-04 0.181
 36   -8.615633560797e-02 -1.229331785477e-01 1.20e-05 1.21e-06 2.71e-04 0.186
 37   -8.621270305589e-02 -1.229436970811e-01 1.19e-05 1.20e-06 2.75e-04 0.192
 38   -8.683968554751e-02 -1.213906731506e-01 9.89e-06 9.92e-07 2.51e-04 0.196
 39   -8.678874461112e-02 -1.213043602652e-01 9.80e-06 9.84e-07 2.55e-04 0.202
 40   -8.683724203636e-02 -1.208446892918e-01 8.99e-06 9.03e-07 2.60e-04 0.207
 41   -8.688745378877e-02 -1.208542997585e-01 8.92e-06 8.96e-07 2.63e-04 0.214
 42   -8.752781071248e-02 -1.194052293706e-01 7.50e-06 7.53e-07 2.41e-04 0.218
 43   -8.748104721856e-02 -1.193272731570e-01 7.44e-06 7.47e-07 2.44e-04 0.226
 44   -8.752637394688e-02 -1.189270648632e-01 6.87e-06 6.90e-07 2.46e-04 0.230
 45   -8.757085744865e-02 -1.189356394108e-01 6.82e-06 6.85e-07 2.50e-04 0.238
 46   -8.822565845273e-02 -1.175661662521e-01 5.81e-06 5.84e-07 2.29e-04 0.242
 47   -8.818252295541e-02 -1.174954536555e-01 5.77e-06 5.79e-07 2.32e-04 0.249
 48   -8.822352667362e-02 -1.171439459232e-01 5.35e-06 5.38e-07 2.32e-04 0.254
 49   -8.826285416980e-02 -1.171513978649e-01 5.32e-06 5.34e-07 2.35e-04 0.260
 50   -8.892605536392e-02 -1.158556658855e-01 4.59e-06 4.61e-07 2.17e-04 0.264
 51   -8.888612753578e-02 -1.157911995730e-01 4.56e-06 4.58e-07 2.20e-04 0.271
 52   -8.892352791078e-02 -1.154776204639e-01 4.24e-06 4.26e-07 2.19e-04 0.276
 53   -8.895828461632e-02 -1.154838539028e-01 4.22e-06 4.23e-07 2.21e-04 0.281
 54   -8.961262383927e-02 -1.142751977959e-01 3.68e-06 3.70e-07 2.05e-04 0.286
 55   -8.957582433029e-02 -1.142163074901e-01 3.66e-06 3.67e-07 2.08e-04 0.292
 56   -8.961175282892e-02 -1.139304167373e-01 3.41e-06 3.43e-07 2.06e-04 0.297
 57   -8.964249758600e-02 -1.139353395178e-01 3.39e-06 3.40e-07 2.08e-04 0.304
 58   -9.022497623725e-02 -1.128906027848e-01 2.99e-06 3.00e-07 1.94e-04 0.308
 59   -9.019236327804e-02 -1.128375369485e-01 2.97e-06 2.98e-07 1.97e-04 0.314
 60   -9.022999300441e-02 -1.125712646727e-01 2.77e-06 2.78e-07 1.94e-04 0.319
 61   -9.025737493857e-02 -1.125748693120e-01 2.75e-06 2.76e-07 1.96e-04 0.326
 62   -9.069666207489e-02 -1.117776384844e-01 2.45e-06 2.46e-07 1.84e-04 0.330
 63   -9.066973348477e-02 -1.117310493344e-01 2.43e-06 2.44e-07 1.86e-04 0.336
 64   -9.071181906501e-02 -1.114799084219e-01 2.27e-06 2.27e-07 1.82e-04 0.341
 65   -9.073658519393e-02 -1.114824176195e-01 2.25e-06 2.26e-07 1.85e-04 0.348
 66   -9.108281141132e-02 -1.108510851380e-01 2.01e-06 2.02e-07 1.74e-04 0.352
 67   -9.106062108785e-02 -1.108099416861e-01 2.00e-06 2.01e-07 1.77e-04 0.359
 68   -9.110807937576e-02 -1.105703475760e-01 1.86e-06 1.87e-07 1.73e-04 0.364
 69   -9.113069878280e-02 -1.105720481573e-01 1.85e-06 1.86e-07 1.75e-04 0.371
 70   -9.141525442777e-02 -1.100548050149e-01 1.66e-06 1.67e-07 1.66e-04 0.375
 71   -9.139679922450e-02 -1.100181258868e-01 1.65e-06 1.66e-07 1.68e-04 0.381
 72   -9.145004995605e-02 -1.097874798941e-01 1.54e-06 1.54e-07 1.64e-04 0.386
 73   -9.147086010246e-02 -1.097885513461e-01 1.53e-06 1.53e-07 1.66e-04 0.392
 74   -9.171387688098e-02 -1.093513945927e-01 1.38e-06 1.38e-07 1.58e-04 0.396
 75   -9.169834146585e-02 -1.093183751706e-01 1.37e-06 1.37e-07 1.60e-04 0.402
 76   -9.175793166286e-02 -1.090942438679e-01 1.27e-06 1.28e-07 1.56e-04 0.407
 77   -9.177716831822e-02 -1.090947738930e-01 1.26e-06 1.27e-07 1.58e-04 0.415
 78   -9.199265526225e-02 -1.087135113203e-01 1.15e-06 1.15e-07 1.51e-04 0.419
 79   -9.197940020879e-02 -1.086835176248e-01 1.14e-06 1.14e-07 1.53e-04 0.425
 80   -9.204610665070e-02 -1.084634990256e-01 1.06e-06 1.06e-07 1.49e-04 0.430
 81   -9.206392574152e-02 -1.084635176381e-01 1.05e-06 1.05e-07 1.51e-04 0.436
 82   -9.226249993917e-02 -1.081196525842e-01 9.52e-07 9.56e-08 1.45e-04 0.440
 83   -9.225102064398e-02 -1.080921903046e-01 9.46e-07 9.50e-08 1.47e-04 0.446
 84   -9.232572669816e-02 -1.078740960727e-01 8.76e-07 8.79e-08 1.42e-04 0.451
 85   -9.234222408014e-02 -1.078736007472e-01 8.70e-07 8.73e-08 1.44e-04 0.457
 86   -9.253227551759e-02 -1.075526665941e-01 7.91e-07 7.94e-08 1.38e-04 0.461
 87   -9.252217020106e-02 -1.075273517643e-01 7.85e-07 7.88e-08 1.40e-04 0.468
 88   -9.260561452566e-02 -1.073095195323e-01 7.25e-07 7.28e-08 1.36e-04 0.473
 89   -9.262084451490e-02 -1.073084945296e-01 7.20e-07 7.23e-08 1.37e-04 0.480
 90   -9.280877694614e-02 -1.069997340328e-01 6.55e-07 6.57e-08 1.32e-04 0.484
 91   -9.279972797997e-02 -1.069762719363e-01 6.50e-07 6.53e-08 1.34e-04 0.490
 92   -9.289219084998e-02 -1.067578897525e-01 5.99e-07 6.01e-08 1.29e-04 0.495
 93   -9.290618399702e-02 -1.067563226678e-01 5.95e-07 5.97e-08 1.31e-04 0.502
 94   -9.309629404109e-02 -1.064527405465e-01 5.40e-07 5.42e-08 1.26e-04 0.506
 95   -9.308805833581e-02 -1.064309118325e-01 5.36e-07 5.39e-08 1.27e-04 0.513
 96   -9.318909728594e-02 -1.062122195369e-01 4.92e-07 4.94e-08 1.23e-04 0.518
 97   -9.320187636659e-02 -1.062101150101e-01 4.89e-07 4.91e-08 1.24e-04 0.525
 98   -9.339634015519e-02 -1.059082052618e-01 4.44e-07 4.45e-08 1.19e-04 0.529
 99   -9.338874228803e-02 -1.058878553294e-01 4.41e-07 4.42e-08 1.20e-04 0.535
100   -9.349708494442e-02 -1.056701328615e-01 4.03e-07 4.05e-08 1.16e-04 0.540
101   -9.350867709494e-02 -1.056675217503e-01 4.00e-07 4.02e-08 1.17e-04 0.546
102   -9.370784535811e-02 -1.053665130593e-01 3.63e-07 3.64e-08 1.12e-04 0.551
103   -9.370076898007e-02 -1.053475410872e-01 3.60e-07 3.62e-08 1.13e-04 0.557
104   -9.381439164328e-02 -1.051329000217e-01 3.29e-07 3.30e-08 1.08e-04 0.562
105   -9.382483547439e-02 -1.051298428375e-01 3.27e-07 3.28e-08 1.10e-04 0.568
106   -9.402770930893e-02 -1.048307855967e-01 2.96e-07 2.97e-08 1.04e-04 0.573
107   -9.402108634760e-02 -1.048131323937e-01 2.94e-07 2.95e-08 1.06e-04 0.579
108   -9.413743397082e-02 -1.046041903608e-01 2.67e-07 2.68e-08 1.01e-04 0.585
109   -9.414678222367e-02 -1.046007752424e-01 2.65e-07 2.67e-08 1.02e-04 0.591
110   -9.435146508467e-02 -1.043057974386e-01 2.40e-07 2.41e-08 9.68e-05 0.595
111   -9.434526439111e-02 -1.042894330747e-01 2.38e-07 2.39e-08 9.79e-05 0.601
112   -9.446154734634e-02 -1.040889477672e-01 2.17e-07 2.17e-08 9.31e-05 0.606
113   -9.446986647055e-02 -1.040852841016e-01 2.15e-07 2.16e-08 9.42e-05 0.615
114   -9.467392043958e-02 -1.037970801877e-01 1.94e-07 1.95e-08 8.91e-05 0.620
115   -9.466813707786e-02 -1.037819920870e-01 1.93e-07 1.94e-08 9.01e-05 0.626
116   -9.478164280493e-02 -1.035925158900e-01 1.75e-07 1.76e-08 8.54e-05 0.631
117   -9.478901070970e-02 -1.035887248144e-01 1.74e-07 1.75e-08 8.63e-05 0.638
118   -9.498974189851e-02 -1.033101970520e-01 1.57e-07 1.58e-08 8.14e-05 0.642
119   -9.498438741713e-02 -1.032963787196e-01 1.56e-07 1.57e-08 8.23e-05 0.649
120   -9.509276091103e-02 -1.031199722412e-01 1.41e-07 1.42e-08 7.76e-05 0.654
121   -9.509926360278e-02 -1.031161750838e-01 1.40e-07 1.41e-08 7.85e-05 0.660
122   -9.528136247357e-02 -1.028650631088e-01 1.27e-07 1.27e-08 7.37e-05 0.665
123   -9.527664577619e-02 -1.028526570933e-01 1.26e-07 1.27e-08 7.46e-05 0.671
124   -9.537896905691e-02 -1.026899436783e-01 1.14e-07 1.15e-08 7.01e-05 0.676
125   -9.538471312168e-02 -1.026862686764e-01 1.13e-07 1.14e-08 7.09e-05 0.682
126   -9.554403403524e-02 -1.024669938079e-01 1.03e-07 1.03e-08 6.65e-05 0.687
127   -9.554002085265e-02 -1.024560094083e-01 1.02e-07 1.02e-08 6.72e-05 0.693
128   -9.563591431632e-02 -1.023068872744e-01 9.22e-08 9.26e-09 6.31e-05 0.698
129   -9.564099536936e-02 -1.023034236647e-01 9.16e-08 9.20e-09 6.38e-05 0.704
130   -9.578026911988e-02 -1.021122440801e-01 8.29e-08 8.33e-09 5.97e-05 0.708
131   -9.577690070050e-02 -1.021025748856e-01 8.24e-08 8.27e-09 6.03e-05 0.715
132   -9.586609961348e-02 -1.019666769215e-01 7.47e-08 7.50e-09 5.66e-05 0.720
133   -9.587060004869e-02 -1.019634706045e-01 7.42e-08 7.45e-09 5.72e-05 0.727
134   -9.599255861060e-02 -1.017966146818e-01 6.73e-08 6.76e-09 5.35e-05 0.731
135   -9.598975404041e-02 -1.017881269160e-01 6.69e-08 6.71e-09 5.41e-05 0.738
136   -9.607226611031e-02 -1.016647473579e-01 6.07e-08 6.09e-09 5.06e-05 0.743
137   -9.607625994850e-02 -1.016618151048e-01 6.03e-08 6.05e-09 5.12e-05 0.749
138   -9.618346298152e-02 -1.015157364953e-01 5.48e-08 5.50e-09 4.79e-05 0.753
139   -9.618114008537e-02 -1.015082915794e-01 5.44e-08 5.46e-09 4.84e-05 0.759
140   -9.625725065098e-02 -1.013964364990e-01 4.95e-08 4.97e-09 4.53e-05 0.764
141   -9.626080278582e-02 -1.013937745505e-01 4.92e-08 4.94e-09 4.58e-05 0.770
142   -9.635556249414e-02 -1.012652687816e-01 4.48e-08 4.50e-09 4.29e-05 0.774
143   -9.635364457998e-02 -1.012587338701e-01 4.45e-08 4.47e-09 4.34e-05 0.781
144   -9.642381520265e-02 -1.011572709060e-01 4.05e-08 4.07e-09 4.06e-05 0.785
145   -9.642698109399e-02 -1.011548625841e-01 4.03e-08 4.04e-09 4.10e-05 0.792
146   -9.651127830951e-02 -1.010411761580e-01 3.68e-08 3.69e-09 3.84e-05 0.796
147   -9.650969724353e-02 -1.010354301087e-01 3.65e-08 3.67e-09 3.88e-05 0.802
148   -9.657443698978e-02 -1.009432487986e-01 3.33e-08 3.34e-09 3.64e-05 0.807
149   -9.657726385956e-02 -1.009410714199e-01 3.31e-08 3.32e-09 3.68e-05 0.813
150   -9.665271113699e-02 -1.008399430103e-01 3.03e-08 3.04e-09 3.44e-05 0.817
151   -9.665140881108e-02 -1.008348790973e-01 3.01e-08 3.02e-09 3.48e-05 0.824
152   -9.671119100493e-02 -1.007509849009e-01 2.75e-08 2.76e-09 3.26e-05 0.828
153   -9.671371967334e-02 -1.007490146241e-01 2.73e-08 2.74e-09 3.30e-05 0.835
154   -9.678159185617e-02 -1.006586321612e-01 2.50e-08 2.51e-09 3.09e-05 0.839
155   -9.678052020908e-02 -1.006541582150e-01 2.49e-08 2.50e-09 3.13e-05 0.845
156   -9.683575364583e-02 -1.005776975424e-01 2.28e-08 2.29e-09 2.93e-05 0.850
157   -9.683802007088e-02 -1.005759119588e-01 2.26e-08 2.27e-09 2.96e-05 0.857
158   -9.689931908970e-02 -1.004948287739e-01 2.08e-08 2.08e-09 2.78e-05 0.861
159   -9.689843911871e-02 -1.004908659135e-01 2.06e-08 2.07e-09 2.81e-05 0.868
160   -9.694947261943e-02 -1.004211111644e-01 1.89e-08 1.90e-09 2.64e-05 0.873
161   -9.695150885992e-02 -1.004194902707e-01 1.88e-08 1.89e-09 2.67e-05 0.879
162   -9.700703674986e-02 -1.003465326121e-01 1.73e-08 1.73e-09 2.50e-05 0.883
163   -9.700631701894e-02 -1.003430134241e-01 1.72e-08 1.72e-09 2.53e-05 0.890
164   -9.705346204903e-02 -1.002793282158e-01 1.58e-08 1.58e-09 2.38e-05 0.894
165   -9.705529669852e-02 -1.002778543687e-01 1.57e-08 1.58e-09 2.40e-05 0.901
166   -9.710572316120e-02 -1.002120371530e-01 1.44e-08 1.45e-09 2.26e-05 0.905
167   -9.710513813302e-02 -1.002089037978e-01 1.44e-08 1.44e-09 2.28e-05 0.912
168   -9.714869337720e-02 -1.001507078516e-01 1.32e-08 1.33e-09 2.15e-05 0.916
169   -9.715034955468e-02 -1.001493683102e-01 1.31e-08 1.32e-09 2.17e-05 0.923
170   -9.719625808739e-02 -1.000898371776e-01 1.21e-08 1.21e-09 2.04e-05 0.927
171   -9.719578635923e-02 -1.000870395888e-01 1.20e-08 1.21e-09 2.07e-05 0.933
172   -9.723604872738e-02 -1.000337906379e-01 1.11e-08 1.11e-09 1.94e-05 0.937
173   -9.723754828626e-02 -1.000325711859e-01 1.10e-08 1.11e-09 1.97e-05 0.944
174   -9.727945897851e-02 -9.997857228574e-02 1.02e-08 1.02e-09 1.85e-05 0.948
175   -9.727908267050e-02 -9.997606733949e-02 1.01e-08 1.02e-09 1.87e-05 0.955
176   -9.731634306592e-02 -9.992726105498e-02 9.34e-09 9.37e-10 1.76e-05 0.960
177   -9.731770535911e-02 -9.992614774181e-02 9.29e-09 9.32e-10 1.78e-05 0.966
178   -9.735607868353e-02 -9.987701944091e-02 8.59e-09 8.61e-10 1.68e-05 0.970
179   -9.735578271812e-02 -9.987477003066e-02 8.54e-09 8.56e-10 1.70e-05 0.976
180   -9.739031490184e-02 -9.982994815477e-02 7.89e-09 7.91e-10 1.60e-05 0.981
181   -9.739155624967e-02 -9.982892865405e-02 7.85e-09 7.87e-10 1.62e-05 0.987
182   -9.742679171882e-02 -9.978409932424e-02 7.26e-09 7.28e-10 1.53e-05 0.991
183   -9.742656333250e-02 -9.978207355251e-02 7.22e-09 7.24e-10 1.54e-05 0.997
184   -9.745861415322e-02 -9.974083079516e-02 6.68e-09 6.70e-10 1.46e-05 1.001
185   -9.745974844072e-02 -9.973989435394e-02 6.65e-09 6.66e-10 1.47e-05 1.008
186   -9.749218539059e-02 -9.969887806664e-02 6.16e-09 6.17e-10 1.39e-05 1.012
187   -9.749201386745e-02 -9.969704857951e-02 6.13e-09 6.14e-10 1.41e-05 1.019
188   -9.752179816950e-02 -9.965903461715e-02 5.67e-09 5.69e-10 1.33e-05 1.024
189   -9.752283739926e-02 -9.965817195956e-02 5.65e-09 5.66e-10 1.34e-05 1.030
190   -9.755275970988e-02 -9.962056014339e-02 5.24e-09 5.25e-10 1.27e-05 1.034
191   -9.755263617192e-02 -9.961890350640e-02 5.21e-09 5.22e-10 1.29e-05 1.041
192   -9.758033765217e-02 -9.958381878694e-02 4.83e-09 4.84e-10 1.21e-05 1.046
193   -9.758129238468e-02 -9.958302196458e-02 4.81e-09 4.81e-10 1.23e-05 1.052
194   -9.760893788808e-02 -9.954847031301e-02 4.46e-09 4.47e-10 1.16e-05 1.056
195   -9.760885505348e-02 -9.954696640741e-02 4.44e-09 4.45e-10 1.18e-05 1.063
196   -9.763463296467e-02 -9.951455202800e-02 4.12e-09 4.13e-10 1.11e-05 1.067
197   -9.763551259367e-02 -9.951381420625e-02 4.10e-09 4.11e-10 1.12e-05 1.074
198   -9.766108621517e-02 -9.948202599713e-02 3.81e-09 3.82e-10 1.06e-05 1.078
199   -9.766103810548e-02 -9.948065744354e-02 3.79e-09 3.80e-10 1.08e-05 1.084
200   -9.768503723978e-02 -9.945068199322e-02 3.52e-09 3.53e-10 1.02e-05 1.088
201   -9.768585010076e-02 -9.944999720895e-02 3.51e-09 3.51e-10 1.03e-05 1.095
202   -9.770953645641e-02 -9.942070774335e-02 3.26e-09 3.27e-10 9.75e-06 1.099
203   -9.770951807464e-02 -9.941945940448e-02 3.25e-09 3.25e-10 9.88e-06 1.106
204   -9.773187668282e-02 -9.939170858772e-02 3.02e-09 3.02e-10 9.35e-06 1.110
205   -9.773263007426e-02 -9.939107154719e-02 3.00e-09 3.01e-10 9.47e-06 1.116
206   -9.775460091567e-02 -9.936403862797e-02 2.80e-09 2.80e-10 8.97e-06 1.120
207   -9.775460797014e-02 -9.936289723312e-02 2.78e-09 2.79e-10 9.09e-06 1.127
208   -9.777546030750e-02 -9.933716972064e-02 2.59e-09 2.59e-10 8.60e-06 1.131
209   -9.777616051798e-02 -9.933657567948e-02 2.58e-09 2.58e-10 8.71e-06 1.137
210   -9.779657623494e-02 -9.931157684908e-02 2.40e-09 2.41e-10 8.26e-06 1.141
211   -9.779660496211e-02 -9.931053073331e-02 2.39e-09 2.39e-10 8.37e-06 1.147
212   -9.781607967780e-02 -9.928663877375e-02 2.23e-09 2.23e-10 7.93e-06 1.151
213   -9.781673207899e-02 -9.928608347416e-02 2.22e-09 2.22e-10 8.03e-06 1.157
214   -9.783574041874e-02 -9.926291644515e-02 2.07e-09 2.07e-10 7.62e-06 1.161
215   -9.783578748986e-02 -9.926195535917e-02 2.06e-09 2.06e-10 7.72e-06 1.168
216   -9.785400491906e-02 -9.923972673515e-02 1.92e-09 1.92e-10 7.32e-06 1.172
217   -9.785461409163e-02 -9.923920637001e-02 1.91e-09 1.91e-10 7.41e-06 1.179
218   -9.787234889996e-02 -9.921768954276e-02 1.78e-09 1.79e-10 7.03e-06 1.183
219   -9.787241137937e-02 -9.921680448981e-02 1.78e-09 1.78e-10 7.13e-06 1.189
220   -9.788948178105e-02 -9.919608354920e-02 1.66e-09 1.66e-10 6.76e-06 1.193
221   -9.789005164948e-02 -9.919559473281e-02 1.65e-09 1.65e-10 6.85e-06 1.199
222   -9.790663251937e-02 -9.917556682264e-02 1.54e-09 1.54e-10 6.50e-06 1.203
223   -9.790670782657e-02 -9.917474991296e-02 1.53e-09 1.54e-10 6.59e-06 1.209
224   -9.792273060936e-02 -9.915539762982e-02 1.43e-09 1.43e-10 6.26e-06 1.213
225   -9.792326455927e-02 -9.915493736739e-02 1.42e-09 1.43e-10 6.34e-06 1.220
226   -9.793879721450e-02 -9.913625631564e-02 1.33e-09 1.33e-10 6.02e-06 1.224
227   -9.793888309634e-02 -9.913550063733e-02 1.33e-09 1.33e-10 6.10e-06 1.230
228   -9.795394669040e-02 -9.911739405996e-02 1.24e-09 1.24e-10 5.80e-06 1.234
229   -9.795444767457e-02 -9.911695971597e-02 1.23e-09 1.23e-10 5.87e-06 1.240
230   -9.796902464270e-02 -9.909950136392e-02 1.15e-09 1.15e-10 5.58e-06 1.244
231   -9.796911914596e-02 -9.909880086079e-02 1.15e-09 1.15e-10 5.66e-06 1.250
232   -9.798330118546e-02 -9.908183230778e-02 1.07e-09 1.07e-10 5.37e-06 1.254
233   -9.798377180542e-02 -9.908142157734e-02 1.07e-09 1.07e-10 5.44e-06 1.260
234   -9.799747314354e-02 -9.906507835877e-02 9.99e-10 1.00e-10 5.18e-06 1.264
235   -9.799757459029e-02 -9.906442772938e-02 9.94e-10 9.94e-11 5.25e-06 1.271
236   -9.801094224715e-02 -9.904850390183e-02 9.30e-10 9.30e-11 4.99e-06 1.274
237   -9.801138483188e-02 -9.904811478045e-02 9.26e-10 9.26e-11 5.05e-06 1.281
238   -9.802427905535e-02 -9.903279426228e-02 8.66e-10 8.66e-11 4.80e-06 1.285
239   -9.802438602200e-02 -9.903218885997e-02 8.62e-10 8.61e-11 4.87e-06 1.291
240   -9.803699681281e-02 -9.901722951222e-02 8.07e-10 8.06e-11 4.63e-06 1.295
241   -9.803741347761e-02 -9.901686026261e-02 8.03e-10 8.02e-11 4.69e-06 1.303
242   -9.804955893205e-02 -9.900248326767e-02 7.52e-10 7.51e-11 4.46e-06 1.307
243   -9.804967022845e-02 -9.900191901129e-02 7.48e-10 7.47e-11 4.52e-06 1.314
244   -9.806157332682e-02 -9.898785514579e-02 7.00e-10 6.99e-11 4.30e-06 1.318
245   -9.806196601660e-02 -9.898750425929e-02 6.97e-10 6.96e-11 4.36e-06 1.324
246   -9.807341271110e-02 -9.897400255725e-02 6.53e-10 6.51e-11 4.15e-06 1.328
247   -9.807352735261e-02 -9.897347584574e-02 6.50e-10 6.48e-11 4.20e-06 1.335
248   -9.808476546777e-02 -9.896024735696e-02 6.08e-10 6.07e-11 4.00e-06 1.339
249   -9.808513598701e-02 -9.895991351239e-02 6.05e-10 6.04e-11 4.05e-06 1.346
250   -9.809592776722e-02 -9.894722719380e-02 5.67e-10 5.66e-11 3.86e-06 1.350
251   -9.809604494149e-02 -9.894673482718e-02 5.65e-10 5.63e-11 3.91e-06 1.356
252   -9.810665630604e-02 -9.893428808459e-02 5.29e-10 5.28e-11 3.72e-06 1.360
253   -9.810700632738e-02 -9.893397010895e-02 5.26e-10 5.25e-11 3.77e-06 1.367
254   -9.811718282943e-02 -9.892204524819e-02 4.93e-10 4.92e-11 3.59e-06 1.371
255   -9.811730186148e-02 -9.892158436389e-02 4.91e-10 4.89e-11 3.63e-06 1.377
256   -9.812732183734e-02 -9.890987025616e-02 4.60e-10 4.59e-11 3.46e-06 1.381
257   -9.812765290332e-02 -9.890956709424e-02 4.58e-10 4.56e-11 3.51e-06 1.387
258   -9.813725096372e-02 -9.889835403632e-02 4.29e-10 4.27e-11 3.34e-06 1.391
259   -9.813737128407e-02 -9.889792205598e-02 4.27e-10 4.25e-11 3.38e-06 1.398
260   -9.814683336856e-02 -9.888689471800e-02 4.00e-10 3.98e-11 3.22e-06 1.401
261   -9.814714689351e-02 -9.888660540989e-02 3.98e-10 3.97e-11 3.26e-06 1.408
262   -9.815620128280e-02 -9.887605781918e-02 3.73e-10 3.72e-11 3.11e-06 1.412
263   -9.815632240209e-02 -9.887565241119e-02 3.72e-10 3.71e-11 3.15e-06 1.418
264   -9.816525860339e-02 -9.886526866362e-02 3.48e-10 3.48e-11 3.00e-06 1.422
265   -9.816555587741e-02 -9.886499232908e-02 3.47e-10 3.46e-11 3.04e-06 1.429
266   -9.817409954053e-02 -9.885506679742e-02 3.25e-10 3.24e-11 2.89e-06 1.433
267   -9.817422103524e-02 -9.885468584599e-02 3.24e-10 3.24e-11 2.93e-06 1.439
268   -9.818266197868e-02 -9.884490494631e-02 3.03e-10 3.04e-11 2.79e-06 1.459
269   -9.818294417170e-02 -9.884464077638e-02 3.02e-10 3.03e-11 2.83e-06 1.466
270   -9.819100830162e-02 -9.883529662548e-02 2.83e-10 2.84e-11 2.70e-06 1.471
271   -9.819112979925e-02 -9.883493821132e-02 2.82e-10 2.84e-11 2.73e-06 1.478
272   -9.819910456651e-02 -9.882572191883e-02 2.64e-10 2.66e-11 2.60e-06 1.482
273   -9.819937274276e-02 -9.882546916707e-02 2.63e-10 2.67e-11 2.64e-06 1.490
274   -9.820698669773e-02 -9.881666844576e-02 2.47e-10 2.50e-11 2.51e-06 1.493
275   -9.820710787290e-02 -9.881633082340e-02 2.46e-10 2.48e-11 2.55e-06 1.500
276   -9.821464403644e-02 -9.880764326144e-02 2.30e-10 2.33e-11 2.43e-06 1.504
277   -9.821489916080e-02 -9.880740124069e-02 2.29e-10 2.31e-11 2.46e-06 1.510
278   -9.822209051564e-02 -9.879910858081e-02 2.15e-10 2.17e-11 2.34e-06 1.514
279   -9.822221108404e-02 -9.879879016278e-02 2.14e-10 2.16e-11 2.37e-06 1.522
280   -9.822933461523e-02 -9.879059783674e-02 2.01e-10 2.03e-11 2.26e-06 1.526
281   -9.822957756694e-02 -9.879036591266e-02 2.00e-10 2.04e-11 2.29e-06 1.532
282   -9.823637213115e-02 -9.878254843853e-02 1.88e-10 1.91e-11 2.19e-06 1.536
283   -9.823649184396e-02 -9.878224778091e-02 1.87e-10 1.89e-11 2.21e-06 1.542
284   -9.824322715435e-02 -9.877451945958e-02 1.75e-10 1.77e-11 2.11e-06 1.546
285   -9.824345873433e-02 -9.877429704721e-02 1.74e-10 1.78e-11 2.14e-06 1.552
286   -9.824988060412e-02 -9.876692425535e-02 1.64e-10 1.67e-11 2.04e-06 1.556
287   -9.824999924487e-02 -9.876664004247e-02 1.63e-10 1.66e-11 2.07e-06 1.562
288   -9.825636923316e-02 -9.875934664303e-02 1.53e-10 1.56e-11 1.97e-06 1.566
289   -9.825659017129e-02 -9.875913320241e-02 1.52e-10 1.55e-11 1.99e-06 1.572
290   -9.826266186292e-02 -9.875217675808e-02 1.43e-10 1.45e-11 1.90e-06 1.576
291   -9.826277924445e-02 -9.875190779096e-02 1.42e-10 1.44e-11 1.93e-06 1.583
292   -9.826880536989e-02 -9.874502224130e-02 1.33e-10 1.35e-11 1.84e-06 1.587
293   -9.826901633561e-02 -9.874481727333e-02 1.33e-10 1.35e-11 1.86e-06 1.594
294   -9.827475883768e-02 -9.873825090505e-02 1.25e-10 1.27e-11 1.77e-06 1.598
295   -9.827487479877e-02 -9.873799609036e-02 1.24e-10 1.27e-11 1.80e-06 1.605
296   -9.828057713830e-02 -9.873149321779e-02 1.16e-10 1.19e-11 1.71e-06 1.609
297   -9.828077874402e-02 -9.873129626040e-02 1.16e-10 1.16e-11 1.74e-06 1.615
298   -9.828621163226e-02 -9.872509559071e-02 1.09e-10 1.09e-11 1.66e-06 1.619
299   -9.828632603549e-02 -9.872485392947e-02 1.08e-10 1.08e-11 1.68e-06 1.626
300   -9.829172337250e-02 -9.871871031965e-02 1.02e-10 1.01e-11 1.60e-06 1.630
301   -9.829191617997e-02 -9.871852094661e-02 1.01e-10 1.01e-11 1.62e-06 1.636
302   -9.829705769789e-02 -9.871266336490e-02 9.49e-11 9.45e-12 1.55e-06 1.640
303   -9.829717042650e-02 -9.871243394399e-02 9.44e-11 9.48e-12 1.57e-06 1.647
304   -9.830228035264e-02 -9.870662778994e-02 8.87e-11 8.91e-12 1.49e-06 1.651
305   -9.830246487914e-02 -9.870644560521e-02 8.82e-11 8.95e-12 1.51e-06 1.657
306   -9.830733203936e-02 -9.870091012286e-02 8.29e-11 8.39e-12 1.44e-06 1.661
307   -9.830744299425e-02 -9.870069210804e-02 8.24e-11 8.37e-12 1.46e-06 1.667
308   -9.831228192870e-02 -9.869520315658e-02 7.74e-11 7.88e-12 1.39e-06 1.671
309   -9.831245865010e-02 -9.869502779416e-02 7.70e-11 7.86e-12 1.41e-06 1.678
310   -9.831706733476e-02 -9.868979490355e-02 7.23e-11 7.37e-12 1.35e-06 1.681
311   -9.831717643326e-02 -9.868958752966e-02 7.20e-11 7.53e-12 1.36e-06 1.689
312   -9.832175974766e-02 -9.868439691334e-02 6.76e-11 7.09e-12 1.30e-06 1.693
313   -9.832192910393e-02 -9.868422803163e-02 6.72e-11 7.12e-12 1.32e-06 1.699
314   -9.832629411983e-02 -9.867927962092e-02 6.32e-11 6.67e-12 1.26e-06 1.703
315   -9.832640129421e-02 -9.867908218670e-02 6.28e-11 6.73e-12 1.27e-06 1.710
316   -9.833074338848e-02 -9.867417231429e-02 5.90e-11 6.33e-12 1.21e-06 1.714
317   -9.833090578557e-02 -9.867400959671e-02 5.87e-11 6.23e-12 1.23e-06 1.721
318   -9.833504098600e-02 -9.866932879045e-02 5.51e-11 5.84e-12 1.17e-06 1.724
319   -9.833514618036e-02 -9.866914065381e-02 5.48e-11 5.80e-12 1.19e-06 1.731
320   -9.833926050186e-02 -9.866449516633e-02 5.15e-11 5.46e-12 1.13e-06 1.735
321   -9.833941631428e-02 -9.866433831921e-02 5.12e-11 5.43e-12 1.15e-06 1.741
322   -9.834333459842e-02 -9.865990946032e-02 4.81e-11 5.08e-12 1.10e-06 1.745
323   -9.834343776940e-02 -9.865973002979e-02 4.79e-11 5.25e-12 1.11e-06 1.751
324   -9.834733694920e-02 -9.865533362992e-02 4.50e-11 4.94e-12 1.06e-06 1.755
325   -9.834748652572e-02 -9.865518237867e-02 4.47e-11 4.83e-12 1.07e-06 1.761
326   -9.835120000234e-02 -9.865099082858e-02 4.20e-11 4.52e-12 1.02e-06 1.765
327   -9.835130111625e-02 -9.865081955982e-02 4.18e-11 4.29e-12 1.04e-06 1.771
328   -9.835499697222e-02 -9.864665799099e-02 3.93e-11 4.04e-12 9.88e-07 1.775
329   -9.835514063623e-02 -9.864651207967e-02 3.90e-11 3.96e-12 1.00e-06 1.783
330   -9.835866060932e-02 -9.864254421930e-02 3.67e-11 3.70e-12 9.54e-07 1.787
331   -9.835875964061e-02 -9.864238061314e-02 3.65e-11 3.61e-12 9.66e-07 1.793
332   -9.836226325240e-02 -9.863844056041e-02 3.43e-11 3.41e-12 9.22e-07 1.797
333   -9.836240130308e-02 -9.863829975116e-02 3.41e-11 3.44e-12 9.33e-07 1.804
334   -9.836573836139e-02 -9.863454286723e-02 3.20e-11 3.21e-12 8.90e-07 1.808
335   -9.836583529232e-02 -9.863438646328e-02 3.19e-11 3.34e-12 9.01e-07 1.814
336   -9.836915706271e-02 -9.863065547205e-02 2.99e-11 3.15e-12 8.60e-07 1.818
337   -9.836928977933e-02 -9.863051954143e-02 2.98e-11 3.20e-12 8.70e-07 1.824
338   -9.837245384438e-02 -9.862696176152e-02 2.80e-11 2.99e-12 8.31e-07 1.828
339   -9.837254866437e-02 -9.862681213467e-02 2.78e-11 2.93e-12 8.41e-07 1.835
340   -9.837569835029e-02 -9.862327856449e-02 2.61e-11 2.76e-12 8.02e-07 1.839
341   -9.837582599264e-02 -9.862314730473e-02 2.60e-11 2.72e-12 8.12e-07 1.846
342   -9.837882639317e-02 -9.861977750348e-02 2.44e-11 2.54e-12 7.75e-07 1.850
343   -9.837891909689e-02 -9.861963426246e-02 2.43e-11 2.60e-12 7.84e-07 1.857
344   -9.838190587963e-02 -9.861628719759e-02 2.28e-11 2.46e-12 7.48e-07 1.860
345   -9.838202869045e-02 -9.861616041265e-02 2.27e-11 2.45e-12 7.57e-07 1.867
346   -9.838487416185e-02 -9.861296820329e-02 2.13e-11 2.29e-12 7.23e-07 1.871
347   -9.838496475122e-02 -9.861283098484e-02 2.12e-11 2.18e-12 7.31e-07 1.877
348   -9.838779726405e-02 -9.860966019533e-02 1.99e-11 2.06e-12 6.98e-07 1.881
349   -9.838791546855e-02 -9.860953770356e-02 1.98e-11 2.04e-12 7.06e-07 1.887
350   -9.839061421952e-02 -9.860651335487e-02 1.86e-11 1.91e-12 6.74e-07 1.891
351   -9.839070269778e-02 -9.860638182592e-02 1.85e-11 2.02e-12 6.82e-07 1.897
352   -9.839338902812e-02 -9.860337775571e-02 1.73e-11 1.91e-12 6.51e-07 1.901
353   -9.839350283813e-02 -9.860325938522e-02 1.72e-11 2.00e-12 6.58e-07 1.908
354   -9.839606258279e-02 -9.860039377904e-02 1.62e-11 1.86e-12 6.28e-07 1.912
355   -9.839614895888e-02 -9.860026762952e-02 1.61e-11 2.01e-12 6.36e-07 1.918
356   -9.839869675864e-02 -9.859742126764e-02 1.51e-11 1.89e-12 6.06e-07 1.922
357   -9.839880637026e-02 -9.859730685864e-02 1.50e-11 1.87e-12 6.14e-07 1.929
358   -9.840123438091e-02 -9.859459142380e-02 1.41e-11 1.75e-12 5.85e-07 1.933
359   -9.840131866753e-02 -9.859447036709e-02 1.40e-11 1.79e-12 5.92e-07 1.939
360   -9.840373513033e-02 -9.859177326535e-02 1.32e-11 1.69e-12 5.65e-07 1.943
361   -9.840384073068e-02 -9.859166266490e-02 1.31e-11 1.55e-12 5.72e-07 1.950
362   -9.840614382897e-02 -9.858908938183e-02 1.23e-11 1.45e-12 5.45e-07 1.954
363   -9.840622604109e-02 -9.858897315237e-02 1.22e-11 1.25e-12 5.52e-07 1.962
364   -9.840851793661e-02 -9.858641738224e-02 1.15e-11 1.18e-12 5.26e-07 1.966
365   -9.840861969678e-02 -9.858631045016e-02 1.14e-11 8.07e-13 5.33e-07 1.972
366   -9.841080433482e-02 -9.858387175479e-02 1.07e-11 7.44e-13 5.08e-07 1.976
367   -9.841088449086e-02 -9.858376010630e-02 1.07e-11 9.72e-13 5.14e-07 1.982
368   -9.841305820118e-02 -9.858133821263e-02 1.00e-11 9.21e-13 4.90e-07 1.986
369   -9.841315628528e-02 -9.858123481382e-02 9.95e-12 1.01e-12 4.96e-07 1.993
370   -9.841522850395e-02 -9.857892363986e-02 9.34e-12 9.35e-13 4.73e-07 1.997
371   -9.841530662199e-02 -9.857881634502e-02 9.28e-12 9.82e-13 4.78e-07 2.004
372   -9.841736817842e-02 -9.857652130112e-02 8.72e-12 9.22e-13 4.56e-07 2.008
373   -9.841746273613e-02 -9.857642131274e-02 8.66e-12 9.63e-13 4.62e-07 2.014
374   -9.841942824440e-02 -9.857423099830e-02 8.14e-12 8.98e-13 4.40e-07 2.018
375   -9.841950434719e-02 -9.857412784487e-02 8.08e-12 9.30e-13 4.45e-07 2.025
376   -9.842145939644e-02 -9.857195308556e-02 7.59e-12 8.85e-13 4.25e-07 2.029
377   -9.842155057430e-02 -9.857185638574e-02 7.54e-12 5.26e-13 4.29e-07 2.037
378   -9.842341477419e-02 -9.856978064366e-02 7.08e-12 4.86e-13 4.10e-07 2.041
379   -9.842348888401e-02 -9.856968143537e-02 7.04e-12 2.71e-13 4.14e-07 2.047
380   -9.842534281287e-02 -9.856762071530e-02 6.61e-12 2.69e-13 3.95e-07 2.051
381   -9.842543074293e-02 -9.856752719542e-02 6.56e-12 1.73e-13 3.99e-07 2.058
382   -9.842719868613e-02 -9.856556015583e-02 6.16e-12 1.49e-13 3.81e-07 2.062
383   -9.842727082957e-02 -9.856546470797e-02 6.12e-12 1.60e-13 3.85e-07 2.068
384   -9.842902868477e-02 -9.856351218713e-02 5.75e-12 1.55e-13 3.67e-07 2.072
385   -9.842911349660e-02 -9.856342173824e-02 5.71e-12 2.06e-13 3.71e-07 2.078
386   -9.843078999361e-02 -9.856155782668e-02 5.36e-12 1.85e-13 3.54e-07 2.082
387   -9.843086019433e-02 -9.856146597093e-02 5.33e-12 1.16e-13 3.58e-07 2.088
388   -9.843252673925e-02 -9.855961614878e-02 5.00e-12 1.19e-13 3.41e-07 2.092
389   -9.843260854951e-02 -9.855952867494e-02 4.97e-12 1.94e-13 3.45e-07 2.099
390   -9.843419810061e-02 -9.855776268438e-02 4.66e-12 1.78e-13 3.29e-07 2.103
391   -9.843426638799e-02 -9.855767425925e-02 4.63e-12 2.00e-13 3.33e-07 2.109
392   -9.843584614309e-02 -9.855592192773e-02 4.35e-12 1.98e-13 3.17e-07 2.113
393   -9.843592506692e-02 -9.855583733140e-02 4.32e-12 2.66e-13 3.21e-07 2.119
394   -9.843743196518e-02 -9.855416430739e-02 4.05e-12 2.45e-13 3.06e-07 2.123
395   -9.843749836540e-02 -9.855407916622e-02 4.03e-12 2.48e-13 3.09e-07 2.129
396   -9.843899558733e-02 -9.855241943021e-02 3.78e-12 2.39e-13 2.95e-07 2.133
397   -9.843907173193e-02 -9.855233762183e-02 3.75e-12 1.07e-13 2.98e-07 2.140
398   -9.844050002672e-02 -9.855075289967e-02 3.52e-12 1.06e-13 2.84e-07 2.144
399   -9.844056456861e-02 -9.855067090388e-02 3.50e-12 3.33e-13 2.87e-07 2.150
400   -9.844198328518e-02 -9.854909914070e-02 3.28e-12 3.02e-13 2.73e-07 2.154
401   -9.844205675191e-02 -9.854902003439e-02 3.26e-12 5.48e-14 2.76e-07 2.162
402   -9.844341026544e-02 -9.854751921950e-02 3.06e-12 5.73e-14 2.63e-07 2.166
403   -9.844347298062e-02 -9.854744023634e-02 3.04e-12 1.55e-13 2.66e-07 2.172
404   -9.844481704203e-02 -9.854595203768e-02 2.85e-12 1.51e-13 2.54e-07 2.176
405   -9.844488792840e-02 -9.854587554987e-02 2.83e-12 2.11e-13 2.56e-07 2.182
406   -9.844617030911e-02 -9.854445445695e-02 2.65e-12 2.11e-13 2.44e-07 2.186
407   -9.844623122676e-02 -9.854437836546e-02 2.64e-12 1.56e-13 2.47e-07 2.192
408   -9.844750428664e-02 -9.854296955578e-02 2.47e-12 1.53e-13 2.35e-07 2.196
409   -9.844757268400e-02 -9.854289560814e-02 2.45e-12 3.44e-13 2.38e-07 2.203
410   -9.844878736512e-02 -9.854155030508e-02 2.30e-12 3.27e-13 2.27e-07 2.206
411   -9.844884651739e-02 -9.854147698854e-02 2.29e-12 1.65e-13 2.29e-07 2.213
412   -9.845005202610e-02 -9.854014363188e-02 2.15e-12 1.50e-13 2.18e-07 2.217
413   -9.845011802189e-02 -9.854007214910e-02 2.13e-12 2.35e-13 2.20e-07 2.224
414   -9.845126832472e-02 -9.853879884191e-02 2.00e-12 2.20e-13 2.10e-07 2.228
415   -9.845132574376e-02 -9.853872819138e-02 1.98e-12 4.37e-13 2.12e-07 2.235
416   -9.845246700206e-02 -9.853746653001e-02 1.86e-12 4.22e-13 2.02e-07 2.240
417   -9.845253068023e-02 -9.853739743807e-02 1.85e-12 1.19e-13 2.04e-07 2.247
418   -9.845361972400e-02 -9.853619256895e-02 1.73e-12 1.04e-13 1.95e-07 2.251
419   -9.845367543993e-02 -9.853612448362e-02 1.72e-12 6.02e-13 1.97e-07 2.258
420   -9.845475557283e-02 -9.853493096598e-02 1.61e-12 5.67e-13 1.87e-07 2.262
421   -9.845481701233e-02 -9.853486419587e-02 1.60e-12 2.69e-13 1.89e-07 2.268
422   -9.845584779012e-02 -9.853372435797e-02 1.50e-12 2.45e-13 1.80e-07 2.272
423   -9.845590183579e-02 -9.853365874043e-02 1.49e-12 1.40e-13 1.82e-07 2.278
424   -9.845692385197e-02 -9.853252995431e-02 1.40e-12 1.35e-13 1.73e-07 2.282
425   -9.845698313005e-02 -9.853246543693e-02 1.39e-12 1.94e-13 1.75e-07 2.289
426   -9.845795845788e-02 -9.853138742966e-02 1.30e-12 1.84e-13 1.67e-07 2.293
427   -9.845801086609e-02 -9.853132418724e-02 1.29e-12 2.56e-13 1.68e-07 2.299
428   -9.845897758476e-02 -9.853025693974e-02 1.21e-12 2.46e-13 1.60e-07 2.303
429   -9.845903477280e-02 -9.853019461072e-02 1.20e-12 2.68e-13 1.62e-07 2.310
430   -9.845995741950e-02 -9.852917529556e-02 1.12e-12 2.53e-13 1.54e-07 2.314
431   -9.846000822406e-02 -9.852911433984e-02 1.12e-12 3.39e-13 1.56e-07 2.321
432   -9.846092243593e-02 -9.852810547832e-02 1.05e-12 3.42e-13 1.48e-07 2.325
433   -9.846097760561e-02 -9.852804527196e-02 1.04e-12 6.78e-13 1.50e-07 2.332
434   -9.846185015659e-02 -9.852708172137e-02 9.73e-13 6.30e-13 1.42e-07 2.336
435   -9.846189939015e-02 -9.852702296949e-02 9.65e-13 3.94e-13 1.44e-07 2.343
436   -9.846276367543e-02 -9.852606958162e-02 9.05e-13 3.80e-13 1.37e-07 2.347
437   -9.846281689293e-02 -9.852601143688e-02 8.97e-13 1.44e-13 1.38e-07 2.355
438   -9.846364182399e-02 -9.852510085236e-02 8.42e-13 1.42e-13 1.32e-07 2.359
439   -9.846368952064e-02 -9.852504422415e-02 8.34e-13 4.11e-14 1.33e-07 2.367
440   -9.846450635642e-02 -9.852414351873e-02 7.82e-13 3.71e-14 1.26e-07 2.371
441   -9.846455768737e-02 -9.852408737395e-02 7.76e-13 7.94e-13 1.28e-07 2.378
442   -9.846533739687e-02 -9.852322704991e-02 7.27e-13 7.73e-13 1.22e-07 2.382
443   -9.846538358556e-02 -9.852317247437e-02 7.21e-13 9.44e-13 1.23e-07 2.388
444   -9.846615536542e-02 -9.852232175878e-02 6.76e-13 8.66e-13 1.17e-07 2.392
445   -9.846620487153e-02 -9.852226755629e-02 6.70e-13 9.58e-13 1.18e-07 2.400
446   -9.846694159189e-02 -9.852145497626e-02 6.28e-13 9.08e-13 1.12e-07 2.404
447   -9.846698631179e-02 -9.852140237464e-02 6.23e-13 1.32e-12 1.13e-07 2.410
448   -9.846771536138e-02 -9.852059903773e-02 5.84e-13 1.23e-12 1.08e-07 2.414
449   -9.846776310110e-02 -9.852054672149e-02 5.79e-13 1.49e-12 1.09e-07 2.421
450   -9.846845901288e-02 -9.851977943240e-02 5.42e-13 1.39e-12 1.03e-07 2.425
451   -9.846850229059e-02 -9.851972874281e-02 5.38e-13 2.10e-12 1.04e-07 2.431
452   -9.846919070449e-02 -9.851897043258e-02 5.04e-13 1.96e-12 9.94e-08 2.435
453   -9.846923673334e-02 -9.851891994941e-02 4.99e-13 1.64e-12 1.00e-07 2.441
454   -9.846989390414e-02 -9.851819562802e-02 4.68e-13 1.55e-12 9.54e-08 2.445
455   -9.846993577608e-02 -9.851814678060e-02 4.64e-13 1.93e-12 9.63e-08 2.453
456   -9.847058566171e-02 -9.851743113662e-02 4.35e-13 1.81e-12 9.16e-08 2.457
457   -9.847063003899e-02 -9.851738242822e-02 4.31e-13 1.99e-12 9.24e-08 2.463
458   -9.847125044841e-02 -9.851669885349e-02 4.04e-13 1.89e-12 8.79e-08 2.467
459   -9.847129094801e-02 -9.851665178447e-02 4.00e-13 1.32e-12 8.87e-08 2.473
460   -9.847190428759e-02 -9.851597658850e-02 3.75e-13 1.22e-12 8.44e-08 2.477
461   -9.847194706231e-02 -9.851592960707e-02 3.71e-13 1.65e-12 8.51e-08 2.483
462   -9.847253260346e-02 -9.851528465732e-02 3.48e-13 1.55e-12 8.10e-08 2.487
463   -9.847257176173e-02 -9.851523930778e-02 3.45e-13 1.15e-12 8.17e-08 2.494
464   -9.847315044252e-02 -9.851460244989e-02 3.23e-13 1.09e-12 7.77e-08 2.497
465   -9.847319167098e-02 -9.851455713893e-02 3.20e-13 1.04e-12 7.84e-08 2.504
466   -9.847374414870e-02 -9.851394879398e-02 3.00e-13 9.75e-13 7.45e-08 2.508
467   -9.847378199733e-02 -9.851390510655e-02 2.97e-13 1.37e-12 7.52e-08 2.514
468   -9.847432780091e-02 -9.851330459695e-02 2.78e-13 1.28e-12 7.15e-08 2.518
469   -9.847436752745e-02 -9.851326091274e-02 2.76e-13 1.45e-12 7.21e-08 2.525
470   -9.847488861537e-02 -9.851268730015e-02 2.58e-13 1.35e-12 6.86e-08 2.529
471   -9.847492518944e-02 -9.851264521553e-02 2.56e-13 1.26e-12 6.91e-08 2.536
472   -9.847543985613e-02 -9.851207911335e-02 2.40e-13 1.17e-12 6.58e-08 2.540
473   -9.847547813015e-02 -9.851203700560e-02 2.37e-13 1.26e-12 6.63e-08 2.546
474   -9.847596949961e-02 -9.851149625920e-02 2.22e-13 1.19e-12 6.31e-08 2.550
475   -9.847600482785e-02 -9.851145572740e-02 2.20e-13 1.39e-12 6.36e-08 2.556
476   -9.847648997224e-02 -9.851092223268e-02 2.06e-13 1.31e-12 6.04e-08 2.560
477   -9.847652684155e-02 -9.851088165282e-02 2.04e-13 1.33e-12 6.09e-08 2.567
478   -9.847699005481e-02 -9.851037202935e-02 1.91e-13 1.23e-12 5.79e-08 2.571
479   -9.847702417019e-02 -9.851033299680e-02 1.89e-13 1.26e-12 5.84e-08 2.577
480   -9.847748135559e-02 -9.850983036898e-02 1.77e-13 1.19e-12 5.55e-08 2.581
481   -9.847751686068e-02 -9.850979127554e-02 1.76e-13 1.16e-12 5.60e-08 2.588
482   -9.847795335753e-02 -9.850931116899e-02 1.65e-13 1.09e-12 5.32e-08 2.591
483   -9.847798628811e-02 -9.850927358951e-02 1.63e-13 6.10e-13 5.36e-08 2.598
484   -9.847841699419e-02 -9.850880018234e-02 1.52e-13 5.85e-13 5.10e-08 2.602
485   -9.847845118753e-02 -9.850876252081e-02 1.51e-13 4.57e-13 5.14e-08 2.608
486   -9.847886242357e-02 -9.850831031075e-02 1.41e-13 4.40e-13 4.89e-08 2.612
487   -9.847889420447e-02 -9.850827413103e-02 1.40e-13 2.77e-13 4.92e-08 2.619
488   -9.847929986742e-02 -9.850782834857e-02 1.31e-13 2.57e-13 4.68e-08 2.623
489   -9.847933278013e-02 -9.850779208707e-02 1.30e-13 5.89e-14 4.71e-08 2.629
490   -9.847972008829e-02 -9.850736628958e-02 1.21e-13 5.56e-14 4.48e-08 2.633
491   -9.847975074462e-02 -9.850733146996e-02 1.20e-13 6.94e-14 4.52e-08 2.639
492   -9.848013266306e-02 -9.850691186892e-02 1.12e-13 7.98e-14 4.29e-08 2.643
493   -9.848016434151e-02 -9.850687695889e-02 1.11e-13 1.23e-13 4.32e-08 2.649
494   -9.848052898732e-02 -9.850647616659e-02 1.04e-13 1.12e-13 4.11e-08 2.653
495   -9.848055855618e-02 -9.850644265430e-02 1.03e-13 2.68e-13 4.14e-08 2.659
496   -9.848091805697e-02 -9.850604776285e-02 9.66e-14 2.15e-13 3.93e-08 2.663
497   -9.848094854037e-02 -9.850601416267e-02 9.55e-14 3.00e-13 3.96e-08 2.669
498   -9.848129175613e-02 -9.850563700662e-02 8.94e-14 2.93e-13 3.77e-08 2.673
499   -9.848132025473e-02 -9.850560477196e-02 8.85e-14 1.61e-15 3.79e-08 2.679
500   -9.848165848808e-02 -9.850523331331e-02 8.27e-14 1.37e-14 3.60e-08 2.683
501   -9.848168781082e-02 -9.850520098719e-02 8.19e-14 5.16e-13 3.63e-08 2.689
502   -9.848201074245e-02 -9.850484619468e-02 7.66e-14 4.81e-13 3.45e-08 2.693
503   -9.848203821075e-02 -9.850481518438e-02 7.58e-14 3.24e-13 3.47e-08 2.699
504   -9.848235634471e-02 -9.850446586418e-02 7.09e-14 3.16e-13 3.30e-08 2.703
505   -9.848238454272e-02 -9.850443477388e-02 7.02e-14 1.70e-13 3.32e-08 2.709
506   -9.848268827673e-02 -9.850410113933e-02 6.57e-14 1.71e-13 3.16e-08 2.713
507   -9.848271473805e-02 -9.850407131895e-02 6.49e-14 2.68e-13 3.18e-08 2.719
508   -9.848301390543e-02 -9.850374288278e-02 6.08e-14 2.68e-13 3.02e-08 2.723
509   -9.848304102034e-02 -9.850371298355e-02 6.01e-14 6.13e-13 3.04e-08 2.730
510   -9.848332662178e-02 -9.850339932629e-02 5.62e-14 5.56e-13 2.89e-08 2.734
511   -9.848335210592e-02 -9.850337065520e-02 5.56e-14 6.35e-13 2.91e-08 2.739
512   -9.848363330735e-02 -9.850306199486e-02 5.21e-14 5.37e-13 2.76e-08 2.743
513   -9.848365937297e-02 -9.850303325049e-02 5.15e-14 4.54e-13 2.78e-08 2.749
514   -9.848392780777e-02 -9.850273849986e-02 4.82e-14 4.46e-13 2.64e-08 2.753
515   -9.848395234130e-02 -9.850271094148e-02 4.76e-14 3.03e-13 2.66e-08 2.760
516   -9.848421661801e-02 -9.850242090554e-02 4.45e-14 3.01e-13 2.53e-08 2.764
517   -9.848424166591e-02 -9.850239328225e-02 4.41e-14 1.75e-12 2.54e-08 2.769
518   -9.848449392469e-02 -9.850211634168e-02 4.12e-14 1.64e-12 2.41e-08 2.773
519   -9.848451753672e-02 -9.850208985760e-02 4.07e-14 1.01e-12 2.43e-08 2.780
520   -9.848476575445e-02 -9.850181748797e-02 3.81e-14 9.32e-13 2.31e-08 2.784
521   -9.848478981861e-02 -9.850179094906e-02 3.76e-14 1.58e-12 2.32e-08 2.790
522   -9.848502678954e-02 -9.850153083555e-02 3.53e-14 1.49e-12 2.20e-08 2.794
523   -9.848504950477e-02 -9.850150539271e-02 3.47e-14 2.05e-12 2.22e-08 2.799
524   -9.848528256823e-02 -9.850124968961e-02 3.26e-14 1.97e-12 2.11e-08 2.803
525   -9.848530567541e-02 -9.850122420614e-02 3.50e-14 1.59e-12 2.12e-08 2.810
526   -9.848552816377e-02 -9.850098002836e-02 3.34e-14 1.50e-12 2.01e-08 2.814
527   -9.848554999744e-02 -9.850095560467e-02 3.98e-14 2.40e-12 2.02e-08 2.819
528   -9.848576873414e-02 -9.850071565368e-02 3.67e-14 2.25e-12 1.92e-08 2.823
529   -9.848579091791e-02 -9.850069118918e-02 3.79e-14 2.97e-12 1.93e-08 2.829
530   -9.848599972673e-02 -9.850046205934e-02 3.60e-14 2.77e-12 1.84e-08 2.833
531   -9.848602071426e-02 -9.850043861076e-02 4.03e-14 2.20e-12 1.85e-08 2.839
532   -9.848622599751e-02 -9.850021344847e-02 3.72e-14 2.10e-12 1.75e-08 2.843
533   -9.848624729139e-02 -9.850018996658e-02 4.02e-14 1.50e-12 1.76e-08 2.848
534   -9.848644320800e-02 -9.849997501485e-02 3.82e-14 1.38e-12 1.67e-08 2.852
535   -9.848646338527e-02 -9.849995249776e-02 4.41e-14 1.18e-12 1.68e-08 2.858
536   -9.848665596157e-02 -9.849974130026e-02 4.07e-14 1.16e-12 1.60e-08 2.861
537   -9.848667638966e-02 -9.849971877448e-02 4.36e-14 1.91e-12 1.61e-08 2.868
538   -9.848686013131e-02 -9.849951720861e-02 4.14e-14 1.79e-12 1.53e-08 2.872
539   -9.848687950484e-02 -9.849949561179e-02 4.69e-14 1.97e-12 1.53e-08 2.877
540   -9.848706004883e-02 -9.849929763426e-02 4.34e-14 1.83e-12 1.46e-08 2.881
541   -9.848707964358e-02 -9.849927602907e-02 4.43e-14 2.23e-12 1.46e-08 2.887
542   -9.848725195388e-02 -9.849908702863e-02 4.20e-14 2.06e-12 1.39e-08 2.891
543   -9.848727055380e-02 -9.849906631536e-02 4.72e-14 2.42e-12 1.40e-08 2.897
544   -9.848743975716e-02 -9.849888079518e-02 4.37e-14 2.25e-12 1.32e-08 2.901
545   -9.848745854431e-02 -9.849886008242e-02 4.45e-14 4.26e-13 1.33e-08 2.906
546   -9.848761998757e-02 -9.849868302398e-02 4.22e-14 3.89e-13 1.26e-08 2.910
547   -9.848763784229e-02 -9.849866315963e-02 4.56e-14 1.39e-12 1.27e-08 2.916
548   -9.848779638130e-02 -9.849848935172e-02 4.22e-14 1.32e-12 1.21e-08 2.920
549   -9.848781438431e-02 -9.849846950566e-02 4.47e-14 7.34e-13 1.21e-08 2.927
550   -9.848796562735e-02 -9.849830365408e-02 4.23e-14 6.73e-13 1.15e-08 2.931
551   -9.848798275358e-02 -9.849828461753e-02 4.71e-14 1.46e-12 1.15e-08 2.936
552   -9.848813121187e-02 -9.849812187849e-02 4.37e-14 1.37e-12 1.10e-08 2.940
553   -9.848814846758e-02 -9.849810285858e-02 4.43e-14 6.50e-13 1.10e-08 2.945
554   -9.848829005007e-02 -9.849794761857e-02 4.19e-14 6.31e-13 1.05e-08 2.949
555   -9.848830647516e-02 -9.849792937677e-02 4.51e-14 1.09e-12 1.05e-08 2.955
556   -9.848844547175e-02 -9.849777702514e-02 4.18e-14 1.01e-12 9.97e-09 2.959
557   -9.848846199714e-02 -9.849775881261e-02 4.24e-14 5.49e-13 1.00e-08 2.965
558   -9.848859451243e-02 -9.849761353042e-02 4.01e-14 4.97e-13 9.50e-09 2.969
559   -9.848861025201e-02 -9.849759606399e-02 4.45e-14 5.13e-13 9.54e-09 2.974
560   -9.848874030499e-02 -9.849745352906e-02 4.12e-14 5.16e-13 9.05e-09 2.978
561   -9.848875612508e-02 -9.849743609635e-02 4.33e-14 2.77e-13 9.09e-09 2.984
562   -9.848888009731e-02 -9.849730019450e-02 4.09e-14 2.80e-13 8.63e-09 2.988
563   -9.848889518159e-02 -9.849728346797e-02 4.51e-14 1.00e-12 8.66e-09 2.994
564   -9.848901680939e-02 -9.849715017911e-02 4.18e-14 9.60e-13 8.22e-09 2.998
565   -9.848903194501e-02 -9.849713350314e-02 4.23e-14 2.33e-12 8.25e-09 3.003
566   -9.848914788680e-02 -9.849700641717e-02 4.00e-14 2.19e-12 7.83e-09 3.007
567   -9.848916233736e-02 -9.849699040488e-02 4.26e-14 2.04e-12 7.86e-09 3.013
568   -9.848927604559e-02 -9.849686580579e-02 3.95e-14 1.95e-12 7.46e-09 3.017
569   -9.848929052259e-02 -9.849684985797e-02 4.00e-14 1.11e-12 7.48e-09 3.022
570   -9.848939891442e-02 -9.849673105896e-02 3.78e-14 9.71e-13 7.11e-09 3.026
571   -9.848941274173e-02 -9.849671574772e-02 4.16e-14 4.26e-13 7.13e-09 3.032
572   -9.848951896126e-02 -9.849659936415e-02 3.86e-14 3.97e-13 6.77e-09 3.036
573   -9.848953282054e-02 -9.849658409929e-02 4.03e-14 1.88e-12 6.79e-09 3.042
574   -9.848963407822e-02 -9.849647312957e-02 3.80e-14 1.77e-12 6.45e-09 3.046
575   -9.848964731176e-02 -9.849645848501e-02 4.16e-14 5.55e-13 6.46e-09 3.052
576   -9.848974656967e-02 -9.849634973799e-02 3.86e-14 5.06e-13 6.14e-09 3.056
577   -9.848975981002e-02 -9.849633515730e-02 3.90e-14 2.80e-12 6.15e-09 3.061
578   -9.848985433430e-02 -9.849623157561e-02 3.68e-14 2.64e-12 5.85e-09 3.065
579   -9.848986699954e-02 -9.849621756844e-02 4.02e-14 5.15e-12 5.86e-09 3.071
580   -9.848995966062e-02 -9.849611605660e-02 3.73e-14 4.82e-12 5.56e-09 3.075
581   -9.848997231951e-02 -9.849610211868e-02 3.76e-14 4.70e-12 5.58e-09 3.081
582   -9.849006060078e-02 -9.849600538625e-02 3.55e-14 4.38e-12 5.30e-09 3.085
583   -9.849007271270e-02 -9.849599199869e-02 3.87e-14 3.65e-12 5.31e-09 3.091
584   -9.849015920890e-02 -9.849589724734e-02 3.60e-14 3.45e-12 5.04e-09 3.094
585   -9.849017129689e-02 -9.849588394040e-02 3.74e-14 3.50e-12 5.05e-09 3.101
586   -9.849025362956e-02 -9.849579373297e-02 3.53e-14 3.30e-12 4.80e-09 3.105
587   -9.849026519842e-02 -9.849578095262e-02 3.74e-14 1.73e-12 4.81e-09 3.111
588   -9.849034584126e-02 -9.849569261919e-02 3.47e-14 1.61e-12 4.57e-09 3.115
589   -9.849035739315e-02 -9.849567990484e-02 3.61e-14 6.63e-12 4.57e-09 3.121
590   -9.849043426056e-02 -9.849559569177e-02 3.40e-14 6.25e-12 4.34e-09 3.125
591   -9.849044533844e-02 -9.849558346019e-02 3.69e-14 5.32e-12 4.35e-09 3.131
592   -9.849052056595e-02 -9.849550106399e-02 3.43e-14 4.97e-12 4.13e-09 3.135
593   -9.849053159410e-02 -9.849548892802e-02 3.56e-14 4.04e-12 4.14e-09 3.140
594   -9.849060321939e-02 -9.849541046357e-02 3.35e-14 3.78e-12 3.93e-09 3.144
595   -9.849061378786e-02 -9.849539879996e-02 3.63e-14 3.32e-12 3.94e-09 3.150
596   -9.849068391218e-02 -9.849532199792e-02 3.37e-14 3.01e-12 3.74e-09 3.154
597   -9.849069444034e-02 -9.849531041435e-02 3.39e-14 3.60e-12 3.74e-09 3.159
598   -9.849076123502e-02 -9.849523724669e-02 3.20e-14 3.39e-12 3.56e-09 3.163
599   -9.849077133508e-02 -9.849522610526e-02 3.46e-14 2.77e-13 3.56e-09 3.168
600   -9.849083659257e-02 -9.849515463760e-02 3.22e-14 2.88e-13 3.38e-09 3.172
601   -9.849084662885e-02 -9.849514359718e-02 3.23e-14 1.31e-12 3.39e-09 3.178
602   -9.849090879215e-02 -9.849507550709e-02 3.05e-14 1.33e-12 3.22e-09 3.182
603   -9.849091843260e-02 -9.849506487716e-02 3.22e-14 2.85e-12 3.22e-09 3.189
604   -9.849097924170e-02 -9.849499828498e-02 2.99e-14 2.71e-12 3.06e-09 3.193
605   -9.849098880559e-02 -9.849498776619e-02 3.09e-14 1.97e-12 3.06e-09 3.199
606   -9.849104670741e-02 -9.849492434769e-02 2.92e-14 1.82e-12 2.91e-09 3.203
607   -9.849105590722e-02 -9.849491420800e-02 3.15e-14 2.50e-12 2.91e-09 3.208
608   -9.849111251701e-02 -9.849485221761e-02 2.93e-14 2.37e-12 2.77e-09 3.212
609   -9.849112164532e-02 -9.849484217977e-02 3.03e-14 2.29e-13 2.77e-09 3.219
610   -9.849117548800e-02 -9.849478321050e-02 2.85e-14 1.58e-13 2.63e-09 3.223
611   -9.849118425398e-02 -9.849477355267e-02 3.08e-14 1.12e-12 2.63e-09 3.228
612   -9.849123688578e-02 -9.849471592123e-02 2.86e-14 1.07e-12 2.50e-09 3.232
613   -9.849124557864e-02 -9.849470636392e-02 2.95e-14 1.52e-12 2.50e-09 3.239
614   -9.849129567042e-02 -9.849465150568e-02 2.78e-14 1.55e-12 2.38e-09 3.243
615   -9.849130404762e-02 -9.849464227970e-02 2.99e-14 1.27e-12 2.38e-09 3.249
616   -9.849135299499e-02 -9.849458868525e-02 2.78e-14 1.15e-12 2.26e-09 3.253
617   -9.849136128725e-02 -9.849457956983e-02 2.79e-14 2.13e-12 2.26e-09 3.258
618   -9.849140789887e-02 -9.849452852565e-02 2.63e-14 1.97e-12 2.15e-09 3.262
619   -9.849141587621e-02 -9.849451974309e-02 2.77e-14 6.56e-13 2.15e-09 3.268
620   -9.849146138993e-02 -9.849446991044e-02 2.58e-14 5.90e-13 2.04e-09 3.272
621   -9.849146927395e-02 -9.849446124544e-02 2.58e-14 1.09e-12 2.04e-09 3.278
622   -9.849151255311e-02 -9.849441385283e-02 2.44e-14 8.71e-13 1.94e-09 3.282
623   -9.849152015970e-02 -9.849440548125e-02 2.57e-14 2.71e-12 1.94e-09 3.288
624   -9.849156247988e-02 -9.849435914716e-02 2.39e-14 2.69e-12 1.84e-09 3.292
625   -9.849157000485e-02 -9.849435087819e-02 2.40e-14 3.16e-12 1.84e-09 3.297
626   -9.849161025148e-02 -9.849430680848e-02 2.26e-14 2.96e-12 1.75e-09 3.301
627   -9.849161748385e-02 -9.849429885115e-02 2.38e-14 5.13e-12 1.75e-09 3.307
628   -9.849165680365e-02 -9.849425580368e-02 2.21e-14 4.89e-12 1.66e-09 3.311
629   -9.849166394873e-02 -9.849424795279e-02 5.33e-15 1.54e-13 1.66e-09 3.317
630   -9.849170130037e-02 -9.849420705480e-02 4.83e-15 2.19e-13 1.58e-09 3.321
631   -9.849170818585e-02 -9.849419948145e-02 3.16e-15 4.13e-12 1.58e-09 3.327
632   -9.849174463492e-02 -9.849415957836e-02 3.11e-15 3.83e-12 1.50e-09 3.330
633   -9.849175144139e-02 -9.849415210146e-02 2.00e-15 5.74e-12 1.50e-09 3.336
634   -9.849178613899e-02 -9.849411411116e-02 1.72e-15 5.37e-12 1.43e-09 3.340
635   -9.849179268681e-02 -9.849410691116e-02 3.33e-16 6.96e-12 1.43e-09 3.346
636   -9.849182655063e-02 -9.849406983961e-02 3.33e-16 6.64e-12 1.36e-09 3.350
637   -9.849183302288e-02 -9.849406273113e-02 3.33e-16 4.06e-12 1.35e-09 3.356
638   -9.849186522789e-02 -9.849402747130e-02 2.78e-16 3.71e-12 1.29e-09 3.360
639   -9.849187147107e-02 -9.849402060818e-02 2.16e-15 4.15e-12 1.29e-09 3.366
640   -9.849190295972e-02 -9.849398613797e-02 1.89e-15 3.94e-12 1.22e-09 3.370
641   -9.849190911563e-02 -9.849397937728e-02 2.12e-14 6.28e-12 1.22e-09 3.375
642   -9.849193901528e-02 -9.849394664271e-02 1.98e-14 5.97e-12 1.16e-09 3.379
643   -9.849194491075e-02 -9.849394016338e-02 1.80e-14 7.48e-12 1.16e-09 3.385
644   -9.849197393359e-02 -9.849390839326e-02 1.70e-14 7.10e-12 1.10e-09 3.389
645   -9.849197978410e-02 -9.849390196908e-02 3.86e-14 1.34e-11 1.10e-09 3.394
646   -9.849200751986e-02 -9.849387160469e-02 3.60e-14 1.26e-11 1.05e-09 3.398
647   -9.849201314966e-02 -9.849386541884e-02 3.36e-14 1.33e-11 1.05e-09 3.404
648   -9.849204015456e-02 -9.849383585871e-02 3.16e-14 1.24e-11 9.97e-10 3.407
649   -9.849204571684e-02 -9.849382975254e-02 3.06e-14 1.61e-11 9.94e-10 3.413
650   -9.849207137476e-02 -9.849380166378e-02 2.86e-14 1.50e-11 9.47e-10 3.417
651   -9.849207672683e-02 -9.849379578507e-02 7.72e-15 2.09e-11 9.45e-10 3.422
652   -9.849210180639e-02 -9.849376833324e-02 7.36e-15 1.95e-11 9.00e-10 3.426
653   -9.849210708230e-02 -9.849376254177e-02 2.68e-14 2.18e-11 8.97e-10 3.432
654   -9.849213086851e-02 -9.849373650284e-02 2.51e-14 2.05e-11 8.55e-10 3.436
655   -9.849213593223e-02 -9.849373094194e-02 5.22e-15 1.85e-11 8.52e-10 3.441
656   -9.849215918642e-02 -9.849370548872e-02 5.00e-15 1.75e-11 8.12e-10 3.445
657   -9.849216419949e-02 -9.849369998710e-02 4.61e-15 1.33e-11 8.09e-10 3.450
658   -9.849218620509e-02 -9.849367589802e-02 4.22e-15 1.27e-11 7.71e-10 3.454
659   -9.849219104015e-02 -9.849367058875e-02 3.05e-15 1.17e-11 7.69e-10 3.460
660   -9.849221255273e-02 -9.849364704252e-02 2.94e-15 1.09e-11 7.32e-10 3.464
661   -9.849221730948e-02 -9.849364182277e-02 2.22e-15 1.32e-11 7.30e-10 3.470
662   -9.849223775016e-02 -9.849361944749e-02 2.00e-15 1.23e-11 6.96e-10 3.474
663   -9.849224230662e-02 -9.849361444548e-02 1.54e-14 1.66e-11 6.93e-10 3.479
664   -9.849226221765e-02 -9.849359265255e-02 1.44e-14 1.56e-11 6.61e-10 3.483
665   -9.849226670458e-02 -9.849358772909e-02 2.78e-15 1.78e-11 6.58e-10 3.489
666   -9.849228556747e-02 -9.849356708134e-02 2.50e-15 1.67e-11 6.28e-10 3.493
667   -9.849228990206e-02 -9.849356232343e-02 1.11e-15 1.30e-11 6.25e-10 3.498
668   -9.849230831423e-02 -9.849354217152e-02 1.11e-15 1.22e-11 5.96e-10 3.502
669   -9.849231255052e-02 -9.849353752402e-02 8.33e-16 1.18e-11 5.94e-10 3.507
670   -9.849233006477e-02 -9.849351835302e-02 6.94e-16 1.10e-11 5.67e-10 3.511
671   -9.849233417737e-02 -9.849351383958e-02 6.11e-16 1.64e-11 5.64e-10 3.517
672   -9.849235134941e-02 -9.849349504596e-02 2.28e-14 5.16e-09 5.38e-10 3.520
673   -9.849235538585e-02 -9.849349061839e-02 2.29e-14 5.05e-09 5.36e-10 3.526
674   -9.849237155940e-02 -9.849347291520e-02 2.16e-14 4.75e-09 5.11e-10 3.530
675   -9.849237545158e-02 -9.849346864440e-02 2.23e-14 4.65e-09 5.09e-10 3.536
676   -9.849239125195e-02 -9.849345135218e-02 4.07e-14 3.01e-09 4.85e-10 3.539
677   -9.849239508726e-02 -9.849344714525e-02 2.56e-14 2.95e-09 4.83e-10 3.544
678   -9.849241000216e-02 -9.849343082016e-02 2.41e-14 2.77e-09 4.61e-10 3.548
679   -9.849241368010e-02 -9.849342678490e-02 2.47e-14 2.72e-09 4.59e-10 3.554
680   -9.849242825515e-02 -9.849341083349e-02 2.31e-14 2.55e-09 4.38e-10 3.558
681   -9.849243186722e-02 -9.849340687221e-02 2.28e-14 2.49e-09 4.36e-10 3.563
682   -9.849244573939e-02 -9.849339168876e-02 2.15e-14 2.34e-09 4.16e-10 3.567
683   -9.849244922114e-02 -9.849338786932e-02 2.21e-14 2.29e-09 4.14e-10 3.572
684   -9.849246269822e-02 -9.849337311977e-02 2.07e-14 2.16e-09 3.95e-10 3.576
685   -9.849246613026e-02 -9.849336935636e-02 2.07e-14 2.10e-09 3.93e-10 3.582
686   -9.849247888593e-02 -9.849335539518e-02 1.95e-14 1.98e-09 3.76e-10 3.586
687   -9.849248216611e-02 -9.849335179731e-02 2.01e-14 1.93e-09 3.74e-10 3.591
688   -9.849249460114e-02 -9.849333818841e-02 1.88e-14 1.82e-09 3.57e-10 3.595
689   -9.849249780625e-02 -9.849333467382e-02 6.16e-15 1.79e-09 3.55e-10 3.600
690   -9.849250957723e-02 -9.849332179061e-02 5.88e-15 1.68e-09 3.39e-10 3.604
691   -9.849251273104e-02 -9.849331833218e-02 1.75e-14 1.64e-09 3.37e-10 3.609
692   -9.849252434624e-02 -9.849330562078e-02 1.64e-14 1.54e-09 3.22e-10 3.613
693   -9.849252742109e-02 -9.849330224965e-02 1.65e-14 1.51e-09 3.20e-10 3.619
694   -9.849253832193e-02 -9.849329031905e-02 1.56e-14 1.42e-09 3.06e-10 3.623
695   -9.849254126440e-02 -9.849328709267e-02 2.65e-14 1.40e-09 3.04e-10 3.628
696   -9.849255192329e-02 -9.849327542790e-02 2.49e-14 1.32e-09 2.91e-10 3.632
697   -9.849255485473e-02 -9.849327221433e-02 2.45e-14 1.28e-09 2.89e-10 3.637
698   -9.849256490271e-02 -9.849326121732e-02 2.31e-14 1.21e-09 2.76e-10 3.641
699   -9.849256766976e-02 -9.849325818331e-02 2.31e-14 1.18e-09 2.75e-10 3.647
700   -9.849257759452e-02 -9.849324732211e-02 2.17e-14 1.11e-09 2.62e-10 3.651
701   -9.849258035707e-02 -9.849324429397e-02 2.13e-14 1.09e-09 2.61e-10 3.656
702   -9.849258958599e-02 -9.849323419348e-02 2.02e-14 1.03e-09 2.50e-10 3.660
703   -9.849259224778e-02 -9.849323127545e-02 2.96e-14 1.01e-09 2.48e-10 3.665
704   -9.849260138341e-02 -9.849322127802e-02 2.79e-14 9.50e-10 2.37e-10 3.669
705   -9.849260398038e-02 -9.849321843156e-02 2.73e-14 9.28e-10 2.35e-10 3.674
706   -9.849261262832e-02 -9.849320896709e-02 2.58e-14 8.73e-10 2.25e-10 3.678
707   -9.849261510653e-02 -9.849320625035e-02 2.59e-14 8.58e-10 2.24e-10 3.683
708   -9.849262332316e-02 -9.849319725858e-02 2.44e-14 8.08e-10 2.14e-10 3.687
709   -9.849262574934e-02 -9.849319459954e-02 2.39e-14 7.89e-10 2.13e-10 3.692
710   -9.849263376621e-02 -9.849318582585e-02 2.25e-14 7.43e-10 2.03e-10 3.696
711   -9.849263610952e-02 -9.849318325760e-02 3.14e-14 7.25e-10 2.02e-10 3.701
712   -9.849264367740e-02 -9.849317497582e-02 2.95e-14 6.84e-10 1.93e-10 3.705
713   -9.849264597344e-02 -9.849317245925e-02 1.99e-14 6.71e-10 1.92e-10 3.711
714   -9.849265327459e-02 -9.849316446896e-02 1.88e-14 6.33e-10 1.84e-10 3.715
715   -9.849265552170e-02 -9.849316200625e-02 2.70e-14 6.13e-10 1.82e-10 3.719
716   -9.849266260208e-02 -9.849315425818e-02 2.54e-14 5.78e-10 1.75e-10 3.723
717   -9.849266481752e-02 -9.849315183071e-02 3.71e-14 5.68e-10 1.73e-10 3.729
718   -9.849267155798e-02 -9.849314445417e-02 3.50e-14 5.35e-10 1.66e-10 3.732
719   -9.849267368034e-02 -9.849314212834e-02 4.22e-14 5.36e-10 1.65e-10 3.738
720   -9.849268040395e-02 -9.849313477074e-02 3.97e-14 5.05e-10 1.58e-10 3.742
721   -9.849268251307e-02 -9.849313246003e-02 5.07e-14 4.79e-10 1.56e-10 3.747
722   -9.849268871586e-02 -9.849312567187e-02 4.79e-14 4.51e-10 1.50e-10 3.751
723   -9.849269073974e-02 -9.849312345411e-02 5.43e-14 4.51e-10 1.49e-10 3.756
724   -9.849269686779e-02 -9.849311674827e-02 5.11e-14 4.25e-10 1.42e-10 3.760
725   -9.849269881601e-02 -9.849311461388e-02 6.08e-14 4.18e-10 1.41e-10 3.765
726   -9.849270456124e-02 -9.849310832650e-02 5.74e-14 3.94e-10 1.35e-10 3.768
727   -9.849270648754e-02 -9.849310621584e-02 6.33e-14 3.81e-10 1.34e-10 3.773
728   -9.849271221348e-02 -9.849309995005e-02 5.96e-14 3.59e-10 1.28e-10 3.778
729   -9.849271409443e-02 -9.849309788925e-02 6.11e-14 3.48e-10 1.27e-10 3.782
730   -9.849271942133e-02 -9.849309205976e-02 5.77e-14 3.28e-10 1.22e-10 3.787
731   -9.849272122472e-02 -9.849309008390e-02 6.33e-14 3.16e-10 1.21e-10 3.792
732   -9.849272642332e-02 -9.849308439525e-02 6.17e-14 2.61e-09 1.16e-10 3.796
733   -9.849272821456e-02 -9.849308243286e-02 6.29e-14 2.54e-09 1.15e-10 3.801
734   -9.849273313708e-02 -9.849307704599e-02 5.94e-14 2.40e-09 1.10e-10 3.804
735   -9.849273491126e-02 -9.849307510222e-02 6.42e-14 2.34e-09 1.09e-10 3.809
736   -9.849273974738e-02 -9.849306981028e-02 6.05e-14 2.21e-09 1.04e-10 3.813
737   -9.849274139447e-02 -9.849306800578e-02 6.13e-14 2.15e-09 1.03e-10 3.818
738   -9.849274601541e-02 -9.849306294898e-02 5.78e-14 2.02e-09 9.90e-11 3.822
739   -9.849274771618e-02 -9.849306108574e-02 6.24e-14 1.97e-09 9.79e-11 3.827
740   -9.849275205606e-02 -9.849305633682e-02 5.89e-14 1.86e-09 9.39e-11 3.831
741   -9.849275365627e-02 -9.849305458379e-02 5.94e-14 1.83e-09 9.30e-11 3.835
742   -9.849275795760e-02 -9.849304987689e-02 5.60e-14 1.72e-09 8.91e-11 3.839
743   -9.849275950223e-02 -9.849304818466e-02 5.50e-14 1.67e-09 8.82e-11 3.845
744   -9.849276350732e-02 -9.849304380209e-02 5.18e-14 1.58e-09 8.46e-11 3.848
745   -9.849276500789e-02 -9.849304215849e-02 5.83e-14 1.56e-09 8.37e-11 3.854
746   -9.849276884734e-02 -9.849303795701e-02 5.51e-14 1.47e-09 8.03e-11 3.858
747   -9.849277033249e-02 -9.849303633017e-02 5.92e-14 1.45e-09 7.94e-11 3.863
748   -9.849277407637e-02 -9.849303223348e-02 5.58e-14 1.37e-09 7.62e-11 3.867
749   -9.849277554263e-02 -9.849303062749e-02 6.16e-14 1.34e-09 7.53e-11 3.872
750   -9.849277911814e-02 -9.849302671488e-02 5.82e-14 1.27e-09 7.23e-11 3.876
751   -9.849278047472e-02 -9.849302522932e-02 7.53e-14 1.23e-09 7.14e-11 3.880
752   -9.849278389204e-02 -9.849302148995e-02 7.11e-14 1.16e-09 6.86e-11 3.884
753   -9.849278526389e-02 -9.849301998730e-02 7.07e-14 1.13e-09 6.77e-11 3.888
754   -9.849278849258e-02 -9.849301645423e-02 6.68e-14 1.07e-09 6.50e-11 3.892
755   -9.849278992663e-02 -9.849301488380e-02 8.17e-14 1.02e-09 6.42e-11 3.897
756   -9.849279320000e-02 -9.849301130207e-02 7.70e-14 9.61e-10 6.15e-11 3.901
757   -9.849279452582e-02 -9.849300984986e-02 7.61e-14 9.56e-10 6.08e-11 3.905
758   -9.849279755443e-02 -9.849300653577e-02 7.19e-14 9.03e-10 5.83e-11 3.909
759   -9.849279872716e-02 -9.849300525160e-02 8.65e-14 8.71e-10 5.76e-11 3.914
760   -9.849280155344e-02 -9.849300215899e-02 8.19e-14 8.24e-10 5.54e-11 3.918
761   -9.849280277648e-02 -9.849300081939e-02 8.06e-14 8.07e-10 5.46e-11 3.923
762   -9.849280554825e-02 -9.849299778637e-02 7.62e-14 7.63e-10 5.24e-11 3.926
763   -9.849280680519e-02 -9.849299641002e-02 8.93e-14 7.50e-10 5.17e-11 3.931
764   -9.849280942718e-02 -9.849299354103e-02 8.44e-14 7.10e-10 4.97e-11 3.935
765   -9.849281064120e-02 -9.849299221141e-02 8.28e-14 7.00e-10 4.90e-11 3.939
766   -9.849281333409e-02 -9.849298926477e-02 7.80e-14 6.61e-10 4.69e-11 3.943
767   -9.849281439536e-02 -9.849298810264e-02 8.67e-14 6.06e-10 4.63e-11 3.948
768   -9.849281691113e-02 -9.849298534983e-02 8.19e-14 5.73e-10 4.44e-11 3.952
769   -9.849281805400e-02 -9.849298409816e-02 8.03e-14 5.62e-10 4.37e-11 3.956
770   -9.849282034360e-02 -9.849298159277e-02 7.60e-14 5.32e-10 4.20e-11 3.960
771   -9.849282147631e-02 -9.849298035253e-02 8.74e-14 4.98e-10 4.14e-11 3.965
772   -9.849282378637e-02 -9.849297782489e-02 8.25e-14 4.70e-10 3.97e-11 3.968
773   -9.849282487199e-02 -9.849297663589e-02 8.05e-14 4.61e-10 3.91e-11 3.973
774   -9.849282705190e-02 -9.849297425057e-02 7.61e-14 4.35e-10 3.75e-11 3.977
775   -9.849282807460e-02 -9.849297313084e-02 8.70e-14 3.88e-10 3.69e-11 3.981
776   -9.849283008550e-02 -9.849297093052e-02 8.24e-14 3.67e-10 3.55e-11 3.985
777   -9.849283110793e-02 -9.849296981082e-02 8.38e-14 3.63e-10 3.49e-11 3.990
778   -9.849283296956e-02 -9.849296777378e-02 7.95e-14 3.44e-10 3.36e-11 3.994
779   -9.849283400389e-02 -9.849296664130e-02 8.82e-14 2.85e-10 3.30e-11 3.999
780   -9.849283613608e-02 -9.849296430834e-02 8.29e-14 2.68e-10 3.16e-11 4.002
781   -9.849283712558e-02 -9.849296322461e-02 8.05e-14 2.88e-10 3.10e-11 4.007
782   -9.849283898894e-02 -9.849296118569e-02 7.61e-14 2.72e-10 2.98e-11 4.011
783   -9.849283992036e-02 -9.849296016586e-02 8.22e-14 1.85e-10 2.93e-11 4.016
784   -9.849284168150e-02 -9.849295823885e-02 7.76e-14 1.75e-10 2.81e-11 4.020
785   -9.849284265846e-02 -9.849295716896e-02 7.53e-14 1.91e-10 2.76e-11 4.024
786   -9.849284443560e-02 -9.849295522442e-02 7.10e-14 1.80e-10 2.64e-11 4.028
787   -9.849284541793e-02 -9.849295414897e-02 7.94e-14 1.70e-10 2.59e-11 4.033
788   -9.849284715960e-02 -9.849295224330e-02 7.47e-14 1.60e-10 2.48e-11 4.037
789   -9.849284793858e-02 -9.849295139032e-02 7.58e-14 1.70e-10 2.44e-11 4.042
790   -9.849284935092e-02 -9.849294984489e-02 7.19e-14 1.61e-10 2.34e-11 4.046
791   -9.849285001556e-02 -9.849294911734e-02 8.13e-14 9.37e-11 2.31e-11 4.051
792   -9.849285129985e-02 -9.849294771205e-02 7.72e-14 8.98e-11 2.23e-11 4.055
793   -9.849285213303e-02 -9.849294679958e-02 7.46e-14 1.06e-10 2.18e-11 4.059
794   -9.849285371668e-02 -9.849294506678e-02 7.01e-14 9.94e-11 2.08e-11 4.063
795   -9.849285458209e-02 -9.849294411938e-02 7.80e-14 3.26e-11 2.04e-11 4.067
796   -9.849285589752e-02 -9.849294268009e-02 7.38e-14 3.02e-11 1.96e-11 4.071
797   -9.849285660870e-02 -9.849294190136e-02 7.40e-14 4.02e-11 1.92e-11 4.076
798   -9.849285778993e-02 -9.849294060886e-02 7.01e-14 3.97e-11 1.85e-11 4.080
799   -9.849285854545e-02 -9.849293978172e-02 7.67e-14 3.01e-11 1.81e-11 4.084
800   -9.849285978483e-02 -9.849293842566e-02 7.24e-14 2.89e-11 1.73e-11 4.088
801   -9.849286054593e-02 -9.849293759223e-02 6.95e-14 3.04e-11 1.70e-11 4.093
802   -9.849286169208e-02 -9.849293633815e-02 6.57e-14 2.95e-11 1.63e-11 4.097
803   -9.849286246441e-02 -9.849293549258e-02 7.10e-14 1.05e-10 1.58e-11 4.101
804   -9.849286365750e-02 -9.849293418718e-02 6.69e-14 9.84e-11 1.52e-11 4.105
805   -9.849286429762e-02 -9.849293348614e-02 6.41e-14 6.31e-11 1.48e-11 4.109
806   -9.849286542667e-02 -9.849293225079e-02 6.04e-14 5.98e-11 1.42e-11 4.113
807   -9.849286595398e-02 -9.849293167354e-02 6.48e-14 1.37e-10 1.39e-11 4.118
808   -9.849286678235e-02 -9.849293076715e-02 6.17e-14 1.29e-10 1.34e-11 4.122
809   -9.849286749865e-02 -9.849292998274e-02 5.89e-14 1.23e-10 1.31e-11 4.126
810   -9.849286857434e-02 -9.849292880580e-02 5.54e-14 1.16e-10 1.25e-11 4.130
811   -9.849286930597e-02 -9.849292800486e-02 6.02e-14 1.74e-10 1.21e-11 4.135
812   -9.849287030239e-02 -9.849292691467e-02 5.66e-14 1.63e-10 1.16e-11 4.138
813   -9.849287104270e-02 -9.849292610408e-02 5.36e-14 1.74e-10 1.12e-11 4.143
814   -9.849287192278e-02 -9.849292514116e-02 5.06e-14 1.65e-10 1.08e-11 4.147
815   -9.849287265998e-02 -9.849292433409e-02 5.38e-14 1.93e-10 1.04e-11 4.151
816   -9.849287376374e-02 -9.849292312649e-02 5.00e-14 1.80e-10 9.84e-12 4.155
817   -9.849287417500e-02 -9.849292267610e-02 4.75e-14 7.95e-11 9.61e-12 4.160
818   -9.849287478642e-02 -9.849292200710e-02 4.53e-14 7.62e-11 9.29e-12 4.164
819   -9.849287540009e-02 -9.849292133537e-02 4.92e-14 1.13e-10 9.03e-12 4.168
820   -9.849287628499e-02 -9.849292036714e-02 4.36e-14 1.37e-07 8.59e-12 4.171
821   -9.849287672594e-02 -9.849291988429e-02 4.13e-14 1.31e-07 8.35e-12 4.176
822   -9.849287750456e-02 -9.849291903238e-02 3.88e-14 1.23e-07 7.96e-12 4.180
823   -9.849287800378e-02 -9.849291848601e-02 4.43e-14 1.18e-07 7.77e-12 4.184
824   -9.849287866215e-02 -9.849291776567e-02 4.17e-14 1.11e-07 7.44e-12 4.188
825   -9.849287916479e-02 -9.849291721528e-02 3.94e-14 1.06e-07 7.22e-12 4.192
826   -9.849287996713e-02 -9.849291633742e-02 3.66e-14 9.85e-08 6.84e-12 4.196
827   -9.849288049905e-02 -9.849291575517e-02 4.13e-14 9.36e-08 6.59e-12 4.201
828   -9.849288130936e-02 -9.849291486859e-02 3.82e-14 8.66e-08 6.21e-12 4.205
829   -9.849288187124e-02 -9.849291425342e-02 3.57e-14 8.16e-08 5.97e-12 4.209
830   -9.849288228203e-02 -9.849291380396e-02 3.41e-14 7.79e-08 5.78e-12 4.213
831   -9.849288276103e-02 -9.849291327960e-02 3.63e-14 7.37e-08 5.61e-12 4.217
832   -9.849288342876e-02 -9.849291254905e-02 3.38e-14 6.85e-08 5.31e-12 4.221
833   -9.849288372017e-02 -9.849291222993e-02 3.16e-14 6.58e-08 5.18e-12 4.226
834   -9.849288422480e-02 -9.849291167779e-02 2.97e-14 6.19e-08 4.95e-12 4.229
835   -9.849288455301e-02 -9.849291131858e-02 3.46e-14 5.92e-08 4.78e-12 4.234
836   -9.849288491996e-02 -9.849291091708e-02 3.30e-14 5.64e-08 4.61e-12 4.238
837   -9.849288549997e-02 -9.849291028204e-02 3.01e-14 5.25e-08 4.37e-12 4.242
838   -9.849288602808e-02 -9.849290970426e-02 2.81e-14 4.89e-08 4.14e-12 4.246
839   -9.849288628432e-02 -9.849290942386e-02 3.07e-14 4.69e-08 4.06e-12 4.250
840   -9.849288671601e-02 -9.849290895154e-02 2.88e-14 4.40e-08 3.87e-12 4.254
841   -9.849288705136e-02 -9.849290858431e-02 2.66e-14 4.17e-08 3.72e-12 4.259
842   -9.849288762660e-02 -9.849290795493e-02 2.45e-14 3.83e-08 3.47e-12 4.263
843   -9.849288803388e-02 -9.849290750913e-02 2.82e-14 3.58e-08 3.30e-12 4.267
844   -9.849288827825e-02 -9.849290724177e-02 2.70e-14 3.42e-08 3.19e-12 4.271
845   -9.849288854412e-02 -9.849290695064e-02 2.50e-14 3.24e-08 3.10e-12 4.275
846   -9.849288882972e-02 -9.849290663817e-02 2.37e-14 3.08e-08 2.99e-12 4.279
847   -9.849288908469e-02 -9.849290635909e-02 2.49e-14 2.93e-08 2.89e-12 4.284
848   -9.849288938695e-02 -9.849290602838e-02 2.35e-14 2.76e-08 2.77e-12 4.288
849   -9.849288963844e-02 -9.849290575303e-02 2.16e-14 2.62e-08 2.66e-12 4.292
850   -9.849288994276e-02 -9.849290542008e-02 2.03e-14 2.46e-08 2.54e-12 4.296
851   -9.849289022051e-02 -9.849290511606e-02 2.13e-14 2.30e-08 2.43e-12 4.300
852   -9.849289056099e-02 -9.849290474355e-02 1.98e-14 2.14e-08 2.30e-12 4.304
853   -9.849289083199e-02 -9.849290444603e-02 1.10e-14 1.95e-08 2.18e-12 4.308
854   -9.849289112010e-02 -9.849290413086e-02 1.02e-14 1.82e-08 2.06e-12 4.312
855   -9.849289145509e-02 -9.849290376493e-02 1.73e-14 1.61e-08 1.93e-12 4.316
Numerical error in objective
Restoring previous solution


Suboptimal solution found in 856 iterations and 4.32 seconds
Objective -9.84916639e-02
Primal infeasibility (abs/rel): 1.07e-14/5.33e-15
Dual infeasibility   (abs/rel): 1.70e-13/1.54e-13
Complementarity gap  (abs/rel): 1.83e-09/1.66e-09


Barrier finished in 4.32 seconds
Dual variables for problems with quadratic constraints not returned.
