cuOpt version: 26.10.0, git hash: 648f805d, host arch: x86_64, device archs: 80-real
CPU: AMD EPYC 7642 48-Core Processor, threads: 5C/5T, RAM usage: 43.73/503.74GiB
CPU SIMD target: AVX2
CUDA 12.9, device: NVIDIA A100 80GB PCIe (ID 0), VRAM: 79.44 GiB
CUDA device UUID: 68df5cf5-71f9-6a93-b428-460c080ffb10
Problem has 1 quadratic constraints. Converting to second-order cones and solving with barrier.
Barrier: reusing cache (skip convert/presolve/scaling)
Barrier solver started at 0.000 seconds
Barrier solver: 5103 constraints, 10102 variables, 265152 nonzeros
Barrier setup complete at 0.001 seconds
Adaptive regularization enabled


                  Objective                         Infeasibility        Time
Iter   Primal              Dual                Primal   Dual    Compl.   Elapsed
  0   -3.704291987375e+02 -3.711395609108e+02 3.71e+03 1.91e+00 1.19e-02 0.001
  1   -4.753305348498e-01 -3.473253696732e+02 3.37e+00 2.99e-01 2.04e-01 0.006
  2   -6.516160164542e-02 -4.823654411614e+00 3.30e-02 3.31e-03 2.60e-03 0.011
  3   -6.243854612124e-02 -2.194441320732e-01 1.06e-03 1.06e-04 6.16e-05 0.015
  4   -6.279254719956e-02 -2.197723812238e-01 1.05e-03 1.06e-04 4.99e-05 0.019
  5   -6.277340051224e-02 -2.197508560868e-01 1.05e-03 1.06e-04 5.14e-05 0.024
  6   -6.365913417468e-02 -2.201678604696e-01 1.02e-03 1.03e-04 5.48e-05 0.028
  7   -6.366486074413e-02 -2.201663662870e-01 1.02e-03 1.03e-04 5.48e-05 0.034
  8   -6.383324538076e-02 -2.202088150975e-01 9.91e-04 9.95e-05 1.50e-04 0.038
  9   -7.476138623074e-02 -1.945109223427e-01 6.16e-04 6.19e-05 1.55e-04 0.042
 10   -7.457373377513e-02 -1.940117938013e-01 6.03e-04 6.06e-05 1.53e-04 0.047
 11   -7.744250802670e-02 -1.635727212635e-01 9.50e-05 9.54e-06 1.80e-04 0.052
 12   -7.827455142353e-02 -1.601136865021e-01 8.23e-05 8.26e-06 1.83e-04 0.056
 13   -7.823556703302e-02 -1.600702291410e-01 8.22e-05 8.25e-06 1.82e-04 0.061
 14   -8.006332163749e-02 -1.481784771788e-01 6.95e-06 6.98e-07 1.82e-04 0.065
 15   -8.166186387428e-02 -1.419965436552e-01 2.96e-06 2.97e-07 1.39e-04 0.069
 16   -8.152666142753e-02 -1.418565066720e-01 2.95e-06 2.96e-07 1.39e-04 0.074
 17   -8.162703059197e-02 -1.419169376094e-01 2.92e-06 2.94e-07 1.38e-04 0.080
 18   -8.285805196214e-02 -1.365727229462e-01 1.26e-06 1.27e-07 1.16e-04 0.084
 19   -8.277259003297e-02 -1.364201519162e-01 1.25e-06 1.25e-07 1.24e-04 0.090
 20   -8.349638569859e-02 -1.343406822834e-01 1.05e-06 1.06e-07 1.13e-04 0.094
 21   -8.356110199514e-02 -1.344043377618e-01 1.05e-06 1.06e-07 1.13e-04 0.100
 22   -8.353693002648e-02 -1.334174612777e-01 8.57e-07 8.61e-08 1.62e-04 0.104
 23   -8.348512949552e-02 -1.333157960056e-01 8.50e-07 8.53e-08 1.69e-04 0.110
 24   -8.414867875581e-02 -1.307018567272e-01 5.67e-07 5.70e-08 1.94e-04 0.114
 25   -8.421540316816e-02 -1.307060492903e-01 5.62e-07 5.64e-08 2.01e-04 0.120
 26   -8.445950157283e-02 -1.292982955659e-01 4.35e-07 4.37e-08 2.20e-04 0.124
 27   -8.438297002149e-02 -1.291724307204e-01 4.31e-07 4.33e-08 2.27e-04 0.131
 28   -8.505678529220e-02 -1.271483426060e-01 3.25e-07 3.27e-08 2.25e-04 0.135
 29   -8.512867070465e-02 -1.271685362918e-01 3.22e-07 3.24e-08 2.31e-04 0.141
 30   -8.530682025098e-02 -1.262145852895e-01 2.71e-07 2.72e-08 2.39e-04 0.145
 31   -8.523200726298e-02 -1.260998531492e-01 2.68e-07 2.70e-08 2.45e-04 0.151
 32   -8.596739733550e-02 -1.241899079542e-01 2.09e-07 2.09e-08 2.30e-04 0.155
 33   -8.603095423750e-02 -1.242082750603e-01 2.07e-07 2.08e-08 2.35e-04 0.162
 34   -8.616985909575e-02 -1.234640162817e-01 1.79e-07 1.80e-08 2.37e-04 0.166
 35   -8.610585111483e-02 -1.233661020606e-01 1.78e-07 1.79e-08 2.42e-04 0.172
 36   -8.685014377901e-02 -1.216015990833e-01 1.42e-07 1.42e-08 2.23e-04 0.176
 37   -8.690208269226e-02 -1.216139968642e-01 1.40e-07 1.41e-08 2.27e-04 0.183
 38   -8.702227228443e-02 -1.209917690156e-01 1.24e-07 1.24e-08 2.26e-04 0.187
 39   -8.697007848276e-02 -1.209105101891e-01 1.23e-07 1.24e-08 2.30e-04 0.193
 40   -8.767923371763e-02 -1.193335727784e-01 1.00e-07 1.01e-08 2.11e-04 0.197
 41   -8.772078846477e-02 -1.193404884281e-01 9.95e-08 9.99e-09 2.15e-04 0.202
 42   -8.783757049964e-02 -1.187902487569e-01 8.86e-08 8.89e-09 2.11e-04 0.206
 43   -8.779537083484e-02 -1.187228708877e-01 8.80e-08 1.03e-08 2.15e-04 0.213
 44   -8.845341244873e-02 -1.173322339378e-01 7.31e-08 8.55e-09 1.99e-04 0.217
 45   -8.848685007119e-02 -1.173351670584e-01 7.26e-08 9.91e-09 2.02e-04 0.223
 46   -8.861000405357e-02 -1.168273589081e-01 6.50e-08 8.86e-09 1.97e-04 0.228
 47   -8.857563015077e-02 -1.167708923643e-01 6.45e-08 1.01e-08 2.01e-04 0.234
 48   -8.918541768433e-02 -1.155392191154e-01 5.45e-08 8.54e-09 1.87e-04 0.238
 49   -8.921259492775e-02 -1.155392663210e-01 5.42e-08 9.70e-09 1.90e-04 0.244
 50   -8.934848032656e-02 -1.150557047739e-01 4.85e-08 8.68e-09 1.84e-04 0.248
 51   -8.932013348161e-02 -1.150077435973e-01 4.82e-08 9.73e-09 1.87e-04 0.255
 52   -8.988894727508e-02 -1.139066117223e-01 4.12e-08 8.31e-09 1.75e-04 0.259
 53   -8.991114235525e-02 -1.139043888636e-01 4.09e-08 9.30e-09 1.77e-04 0.266
 54   -9.006339266398e-02 -1.134348181518e-01 3.66e-08 8.32e-09 1.71e-04 0.270
 55   -9.003967695250e-02 -1.133935361994e-01 3.64e-08 9.21e-09 1.74e-04 0.276
 56   -9.057038757993e-02 -1.124060726949e-01 3.13e-08 7.93e-09 1.63e-04 0.280
 57   -9.058853240377e-02 -1.124019892126e-01 3.11e-08 8.76e-09 1.65e-04 0.286
 58   -9.075753311140e-02 -1.119433896532e-01 2.78e-08 7.83e-09 1.59e-04 0.291
 59   -9.073739062597e-02 -1.119074081808e-01 2.76e-08 8.57e-09 1.61e-04 0.297
 60   -9.122676200794e-02 -1.110286017975e-01 2.40e-08 7.43e-09 1.52e-04 0.301
 61   -9.124165403357e-02 -1.110230624366e-01 2.38e-08 8.14e-09 1.54e-04 0.307
 62   -9.142403635950e-02 -1.105789341111e-01 2.13e-08 7.26e-09 1.47e-04 0.312
 63   -9.140670336421e-02 -1.105472179092e-01 2.11e-08 7.88e-09 1.49e-04 0.318
 64   -9.184813215152e-02 -1.097780614135e-01 1.85e-08 6.88e-09 1.41e-04 0.323
 65   -9.186052393714e-02 -1.097715313609e-01 1.84e-08 7.46e-09 1.43e-04 0.329
 66   -9.204963168332e-02 -1.093497829258e-01 1.64e-08 6.66e-09 1.36e-04 0.334
 67   -9.203459989014e-02 -1.093215740569e-01 1.63e-08 7.17e-09 1.38e-04 0.340
 68   -9.242225547704e-02 -1.086622728102e-01 1.43e-08 6.31e-09 1.30e-04 0.345
 69   -9.243284675573e-02 -1.086552488762e-01 1.42e-08 6.79e-09 1.32e-04 0.351
 70   -9.262053860430e-02 -1.082646636365e-01 1.27e-08 6.08e-09 1.26e-04 0.356
 71   -9.260749769661e-02 -1.082394226671e-01 1.27e-08 6.50e-09 1.28e-04 0.362
 72   -9.293977719683e-02 -1.076845822924e-01 1.12e-08 5.76e-09 1.21e-04 0.367
 73   -9.294916147579e-02 -1.076775173511e-01 1.12e-08 6.16e-09 1.23e-04 0.373
 74   -9.312842422150e-02 -1.073239785546e-01 1.00e-08 5.54e-09 1.17e-04 0.378
 75   -9.311718085535e-02 -1.073013140864e-01 9.96e-09 5.88e-09 1.19e-04 0.384
 76   -9.339804772548e-02 -1.068386571989e-01 8.90e-09 5.26e-09 1.13e-04 0.389
 77   -9.340666138747e-02 -1.068318805065e-01 8.84e-09 5.59e-09 1.14e-04 0.395
 78   -9.357363524037e-02 -1.065162474367e-01 7.98e-09 5.04e-09 1.09e-04 0.400
 79   -9.356403056834e-02 -1.064958444749e-01 7.93e-09 5.33e-09 1.11e-04 0.406
 80   -9.380173589027e-02 -1.061085528879e-01 7.14e-09 4.80e-09 1.06e-04 0.411
 81   -9.380984363788e-02 -1.061022292895e-01 7.09e-09 5.08e-09 1.07e-04 0.417
 82   -9.396408980470e-02 -1.058208856764e-01 6.43e-09 4.60e-09 1.03e-04 0.422
 83   -9.395594904662e-02 -1.058024596712e-01 6.39e-09 4.85e-09 1.04e-04 0.428
 84   -9.416027512591e-02 -1.054731451372e-01 5.78e-09 4.39e-09 9.95e-05 0.433
 85   -9.416799700420e-02 -1.054672915941e-01 5.75e-09 4.62e-09 1.01e-04 0.439
 86   -9.431129192159e-02 -1.052143776472e-01 5.23e-09 4.20e-09 9.65e-05 0.444
 87   -9.430441649272e-02 -1.051976635501e-01 5.19e-09 4.41e-09 9.77e-05 0.450
 88   -9.448429808498e-02 -1.049114106073e-01 4.72e-09 4.01e-09 9.37e-05 0.455
 89   -9.449165679656e-02 -1.049059487549e-01 4.69e-09 4.20e-09 9.48e-05 0.461
 90   -9.462649192163e-02 -1.046755213801e-01 4.27e-09 3.83e-09 9.09e-05 0.466
 91   -9.462067577120e-02 -1.046602825143e-01 4.25e-09 4.00e-09 9.19e-05 0.471
 92   -9.478301891056e-02 -1.044058760739e-01 3.87e-09 3.65e-09 8.82e-05 0.476
 93   -9.478998489991e-02 -1.044006891937e-01 3.84e-09 3.81e-09 8.92e-05 0.482
 94   -9.491846834960e-02 -1.041880397454e-01 3.51e-09 3.48e-09 8.54e-05 0.487
 95   -9.491351825866e-02 -1.041740798727e-01 3.49e-09 3.63e-09 8.64e-05 0.493
 96   -9.506285046294e-02 -1.039440909134e-01 3.18e-09 3.31e-09 8.28e-05 0.498
 97   -9.506937804324e-02 -1.039390727231e-01 3.16e-09 3.45e-09 8.37e-05 0.505
 98   -9.519253301583e-02 -1.037413907938e-01 2.88e-09 3.15e-09 8.00e-05 0.510
 99   -9.518828699097e-02 -1.037285638740e-01 2.87e-09 3.27e-09 8.09e-05 0.516
100   -9.532675843469e-02 -1.035190080453e-01 2.61e-09 2.99e-09 7.73e-05 0.520
101   -9.533281620511e-02 -1.035141024508e-01 2.60e-09 3.10e-09 7.82e-05 0.527
102   -9.545030585147e-02 -1.033305743764e-01 2.37e-09 2.83e-09 7.46e-05 0.532
103   -9.544664824520e-02 -1.033187873580e-01 2.36e-09 2.94e-09 7.55e-05 0.538
104   -9.557457196800e-02 -1.031281971210e-01 2.15e-09 2.68e-09 7.20e-05 0.542
105   -9.558016265404e-02 -1.031234138532e-01 2.14e-09 2.77e-09 7.27e-05 0.549
106   -9.569083387493e-02 -1.029543870483e-01 1.95e-09 2.54e-09 6.93e-05 0.553
107   -9.568769476898e-02 -1.029435845270e-01 1.94e-09 2.62e-09 7.01e-05 0.560
108   -9.580481167373e-02 -1.027713417945e-01 1.77e-09 2.39e-09 6.67e-05 0.564
109   -9.580996768523e-02 -1.027667305987e-01 1.76e-09 2.47e-09 6.74e-05 0.571
110   -9.591289640113e-02 -1.026123933395e-01 1.61e-09 2.26e-09 6.41e-05 0.575
111   -9.591022959974e-02 -1.026025291409e-01 1.60e-09 2.33e-09 6.48e-05 0.582
112   -9.601673400141e-02 -1.024476018276e-01 1.46e-09 2.13e-09 6.16e-05 0.586
113   -9.602148053854e-02 -1.024432379296e-01 1.45e-09 2.19e-09 6.22e-05 0.593
114   -9.611644298447e-02 -1.023030528002e-01 1.33e-09 2.00e-09 5.91e-05 0.597
115   -9.611420186977e-02 -1.022940709089e-01 1.32e-09 2.06e-09 5.98e-05 0.604
116   -9.621083792748e-02 -1.021548891349e-01 1.21e-09 1.89e-09 5.67e-05 0.608
117   -9.621520637001e-02 -1.021508095273e-01 1.20e-09 1.94e-09 5.73e-05 0.615
118   -9.630251097914e-02 -1.020237138112e-01 1.10e-09 1.77e-09 5.44e-05 0.619
119   -9.630064569196e-02 -1.020155500815e-01 1.09e-09 1.82e-09 5.50e-05 0.626
120   -9.638840567569e-02 -1.018903518068e-01 1.00e-09 1.67e-09 5.22e-05 0.630
121   -9.639243077213e-02 -1.018865557894e-01 9.93e-10 1.71e-09 5.27e-05 0.636
122   -9.647263111830e-02 -1.017712964636e-01 9.12e-10 1.57e-09 5.00e-05 0.641
123   -9.647109195313e-02 -1.017638839687e-01 9.05e-10 1.60e-09 5.05e-05 0.648
124   -9.655097107706e-02 -1.016509920534e-01 8.31e-10 1.47e-09 4.79e-05 0.652
125   -9.655467932684e-02 -1.016474701908e-01 8.25e-10 1.50e-09 4.84e-05 0.660
126   -9.662837113124e-02 -1.015428335921e-01 7.58e-10 1.38e-09 4.59e-05 0.664
127   -9.662711091523e-02 -1.015361060278e-01 7.53e-10 1.41e-09 4.64e-05 0.671
128   -9.669997830874e-02 -1.014340665846e-01 6.92e-10 1.29e-09 4.39e-05 0.675
129   -9.670339259539e-02 -1.014308052610e-01 6.87e-10 1.32e-09 4.44e-05 0.681
130   -9.677111580326e-02 -1.013357194494e-01 6.32e-10 1.21e-09 4.21e-05 0.686
131   -9.677009267279e-02 -1.013296139595e-01 6.28e-10 1.24e-09 4.25e-05 0.692
132   -9.683666681883e-02 -1.012372123593e-01 5.78e-10 1.14e-09 4.03e-05 0.696
133   -9.683980941142e-02 -1.012341964484e-01 5.74e-10 1.16e-09 4.07e-05 0.703
134   -9.690203730428e-02 -1.011477322242e-01 5.29e-10 1.07e-09 3.86e-05 0.708
135   -9.690121570122e-02 -1.011421904082e-01 5.25e-10 1.09e-09 3.90e-05 0.714
136   -9.696210060304e-02 -1.010583990416e-01 4.84e-10 1.00e-09 3.69e-05 0.719
137   -9.696499400295e-02 -1.010556128929e-01 4.80e-10 1.02e-09 3.73e-05 0.725
138   -9.702215754921e-02 -1.009769458936e-01 4.43e-10 9.38e-10 3.53e-05 0.730
139   -9.702150770400e-02 -1.009719137657e-01 4.40e-10 9.52e-10 3.57e-05 0.737
140   -9.707723398963e-02 -1.008958363106e-01 4.06e-10 8.79e-10 3.38e-05 0.742
141   -9.707990050841e-02 -1.008932640503e-01 4.03e-10 8.92e-10 3.42e-05 0.748
142   -9.713240832806e-02 -1.008216435176e-01 3.73e-10 8.24e-10 3.24e-05 0.753
143   -9.713190522321e-02 -1.008170712631e-01 3.70e-10 8.35e-10 3.28e-05 0.759
144   -9.718295616404e-02 -1.007479059577e-01 3.42e-10 7.72e-10 3.10e-05 0.764
145   -9.718541721054e-02 -1.007455316866e-01 3.40e-10 7.83e-10 3.14e-05 0.770
146   -9.723366520021e-02 -1.006802625523e-01 3.14e-10 7.24e-10 2.97e-05 0.775
147   -9.723328758087e-02 -1.006761043276e-01 3.12e-10 7.33e-10 3.01e-05 0.781
148   -9.728011342334e-02 -1.006131220846e-01 2.89e-10 6.79e-10 2.85e-05 0.786
149   -9.728238888750e-02 -1.006109300513e-01 2.87e-10 6.87e-10 2.88e-05 0.793
150   -9.732676307240e-02 -1.005513640748e-01 2.66e-10 6.37e-10 2.73e-05 0.797
151   -9.732649263270e-02 -1.005475778542e-01 2.64e-10 6.44e-10 2.76e-05 0.804
152   -9.736951656138e-02 -1.004901110438e-01 2.45e-10 5.97e-10 2.62e-05 0.808
153   -9.737162441045e-02 -1.004880858467e-01 2.43e-10 6.04e-10 2.65e-05 0.815
154   -9.741249790363e-02 -1.004336203923e-01 2.25e-10 5.60e-10 2.51e-05 0.820
155   -9.741231868542e-02 -1.004301678644e-01 2.24e-10 5.66e-10 2.54e-05 0.827
156   -9.745193581719e-02 -1.003776076391e-01 2.08e-10 5.25e-10 2.41e-05 0.831
157   -9.745389194165e-02 -1.003757344671e-01 2.06e-10 5.30e-10 2.43e-05 0.838
158   -9.749161750089e-02 -1.003258167489e-01 1.92e-10 4.93e-10 2.31e-05 0.843
159   -9.749151551387e-02 -1.003226632540e-01 1.90e-10 4.97e-10 2.34e-05 0.849
160   -9.752808765767e-02 -1.002744619127e-01 1.77e-10 4.62e-10 2.22e-05 0.854
161   -9.752990597338e-02 -1.002727268108e-01 1.76e-10 4.66e-10 2.24e-05 0.860
162   -9.756480759076e-02 -1.002268595029e-01 1.63e-10 4.34e-10 2.13e-05 0.865
163   -9.756477061903e-02 -1.002239739541e-01 1.62e-10 4.38e-10 2.15e-05 0.871
164   -9.759862156009e-02 -1.001796468851e-01 1.51e-10 4.07e-10 2.05e-05 0.876
165   -9.760031427962e-02 -1.001780369575e-01 1.50e-10 4.10e-10 2.07e-05 0.883
166   -9.763268232054e-02 -1.001357801352e-01 1.40e-10 3.82e-10 1.97e-05 0.887
167   -9.763269981162e-02 -1.001331348543e-01 1.39e-10 3.85e-10 1.99e-05 0.894
168   -9.766411488358e-02 -1.000922579899e-01 1.29e-10 3.59e-10 1.89e-05 0.898
169   -9.766569282135e-02 -1.000907614863e-01 1.28e-10 3.62e-10 1.91e-05 0.905
170   -9.769578473404e-02 -1.000517288194e-01 1.20e-10 3.37e-10 1.82e-05 0.910
171   -9.769584766202e-02 -1.000492992529e-01 1.19e-10 3.40e-10 1.84e-05 0.916
172   -9.772507818008e-02 -1.000115015494e-01 1.11e-10 3.16e-10 1.75e-05 0.920
173   -9.772655096464e-02 -1.000101078216e-01 1.10e-10 3.19e-10 1.77e-05 0.928
174   -9.775459612150e-02 -9.997395868316e-02 1.03e-10 2.97e-10 1.68e-05 0.933
175   -9.775469677571e-02 -9.997172305334e-02 1.02e-10 3.00e-10 1.70e-05 0.940
176   -9.778196649718e-02 -9.993667715988e-02 9.50e-11 2.79e-10 1.62e-05 0.944
177   -9.778334266940e-02 -9.993537655402e-02 9.44e-11 2.81e-10 1.63e-05 0.950
178   -9.780954772921e-02 -9.990180797505e-02 8.82e-11 2.63e-10 1.56e-05 0.954
179   -9.780967945155e-02 -9.989974693339e-02 8.76e-11 2.64e-10 1.57e-05 0.961
180   -9.783518960774e-02 -9.986716176544e-02 8.18e-11 2.47e-10 1.50e-05 0.965
181   -9.783647665942e-02 -9.986594552685e-02 8.12e-11 2.48e-10 1.51e-05 0.971
182   -9.786102841292e-02 -9.983468722130e-02 7.59e-11 2.32e-10 1.44e-05 0.976
183   -9.786118537007e-02 -9.983278356960e-02 7.54e-11 2.33e-10 1.46e-05 0.983
184   -9.788511633042e-02 -9.980240081289e-02 7.04e-11 2.18e-10 1.39e-05 0.987
185   -9.788632077031e-02 -9.980126104064e-02 7.00e-11 2.19e-10 1.40e-05 0.993
186   -9.790938570126e-02 -9.977207422681e-02 6.54e-11 2.05e-10 1.34e-05 0.997
187   -9.790956273577e-02 -9.977031271709e-02 6.50e-11 2.06e-10 1.35e-05 1.004
188   -9.793207236761e-02 -9.974190708762e-02 6.07e-11 1.93e-10 1.29e-05 1.008
189   -9.793319985761e-02 -9.974083674213e-02 6.04e-11 1.94e-10 1.30e-05 1.014
190   -9.795492108841e-02 -9.971351595940e-02 5.64e-11 1.81e-10 1.24e-05 1.019
191   -9.795511368149e-02 -9.971188315748e-02 5.61e-11 1.82e-10 1.25e-05 1.025
192   -9.797633391430e-02 -9.968526473323e-02 5.24e-11 1.70e-10 1.19e-05 1.029
193   -9.797738950044e-02 -9.968425766854e-02 5.21e-11 1.71e-10 1.21e-05 1.036
194   -9.799788336297e-02 -9.965863312119e-02 4.87e-11 1.60e-10 1.15e-05 1.040
195   -9.799808767908e-02 -9.965711728243e-02 4.84e-11 1.61e-10 1.16e-05 1.048
196   -9.801812214670e-02 -9.963213277479e-02 4.53e-11 1.50e-10 1.11e-05 1.052
197   -9.801911053008e-02 -9.963118374268e-02 4.50e-11 1.51e-10 1.12e-05 1.058
198   -9.803846589103e-02 -9.960712081759e-02 4.21e-11 1.41e-10 1.07e-05 1.063
199   -9.803867884569e-02 -9.960571172868e-02 4.19e-11 1.42e-10 1.08e-05 1.069
200   -9.805760479431e-02 -9.958224133370e-02 3.92e-11 1.33e-10 1.03e-05 1.073
201   -9.805853056159e-02 -9.958134590704e-02 3.89e-11 1.33e-10 1.04e-05 1.079
202   -9.807681359544e-02 -9.955873905006e-02 3.64e-11 1.25e-10 9.92e-06 1.084
203   -9.807703285339e-02 -9.955742779447e-02 3.62e-11 1.25e-10 1.00e-05 1.090
204   -9.809490884050e-02 -9.953537604651e-02 3.39e-11 1.17e-10 9.56e-06 1.094
205   -9.809577655111e-02 -9.953453045047e-02 3.37e-11 1.18e-10 9.67e-06 1.100
206   -9.811304024731e-02 -9.951329220867e-02 3.15e-11 1.10e-10 9.22e-06 1.105
207   -9.811326410106e-02 -9.951207089127e-02 3.13e-11 1.11e-10 9.32e-06 1.111
208   -9.813014037280e-02 -9.949135488366e-02 2.93e-11 1.03e-10 8.88e-06 1.115
209   -9.813095448829e-02 -9.949055579431e-02 2.91e-11 1.04e-10 8.99e-06 1.122
210   -9.814724821245e-02 -9.947060599909e-02 2.73e-11 9.72e-11 8.56e-06 1.127
211   -9.814747537037e-02 -9.946946749736e-02 2.71e-11 9.76e-11 8.66e-06 1.133
212   -9.816340173837e-02 -9.945000794490e-02 2.54e-11 9.13e-11 8.25e-06 1.137
213   -9.816416647680e-02 -9.944925233050e-02 2.52e-11 9.18e-11 8.35e-06 1.144
214   -9.817954116766e-02 -9.943051208585e-02 2.37e-11 8.59e-11 7.96e-06 1.148
215   -9.817977056094e-02 -9.942944988748e-02 2.35e-11 8.62e-11 8.05e-06 1.155
216   -9.819479918381e-02 -9.941116774599e-02 2.20e-11 8.07e-11 7.67e-06 1.158
217   -9.819551840281e-02 -9.941045278192e-02 2.19e-11 8.09e-11 7.76e-06 1.165
218   -9.821002713614e-02 -9.939284347997e-02 2.05e-11 7.59e-11 7.40e-06 1.169
219   -9.821025780058e-02 -9.939185160207e-02 2.04e-11 7.61e-11 7.48e-06 1.175
220   -9.822444224165e-02 -9.937466873897e-02 1.91e-11 7.12e-11 7.13e-06 1.179
221   -9.822511940417e-02 -9.937399178298e-02 1.90e-11 7.15e-11 7.22e-06 1.186
222   -9.823881555141e-02 -9.935743676443e-02 1.78e-11 6.71e-11 6.88e-06 1.190
223   -9.823904658688e-02 -9.935650971257e-02 1.77e-11 6.73e-11 6.96e-06 1.197
224   -9.825243972328e-02 -9.934035086497e-02 1.66e-11 6.29e-11 6.63e-06 1.201
225   -9.825307792009e-02 -9.933970945213e-02 1.65e-11 6.33e-11 6.71e-06 1.207
226   -9.826601319419e-02 -9.932413583265e-02 1.54e-11 5.94e-11 6.40e-06 1.211
227   -9.826624376270e-02 -9.932326857679e-02 1.53e-11 5.94e-11 6.47e-06 1.218
228   -9.827889608652e-02 -9.930806293566e-02 1.44e-11 5.56e-11 6.17e-06 1.222
229   -9.827949808152e-02 -9.930745478106e-02 1.43e-11 5.57e-11 6.24e-06 1.229
230   -9.829172124200e-02 -9.929279462100e-02 1.34e-11 5.23e-11 5.95e-06 1.233
231   -9.829195057991e-02 -9.929198256952e-02 1.33e-11 5.25e-11 6.02e-06 1.240
232   -9.830390931343e-02 -9.927766452133e-02 1.25e-11 4.91e-11 5.74e-06 1.244
233   -9.830447759826e-02 -9.927708751714e-02 1.24e-11 4.92e-11 5.81e-06 1.251
234   -9.831603388270e-02 -9.926327823928e-02 1.16e-11 4.62e-11 5.54e-06 1.255
235   -9.831626130809e-02 -9.926251720863e-02 1.16e-11 4.64e-11 5.60e-06 1.261
236   -9.832757004411e-02 -9.924902654527e-02 1.08e-11 4.34e-11 5.34e-06 1.265
237   -9.832810687886e-02 -9.924847875467e-02 1.08e-11 4.35e-11 5.40e-06 1.272
238   -9.833903786733e-02 -9.923546312170e-02 1.01e-11 4.08e-11 5.15e-06 1.276
239   -9.833926278690e-02 -9.923474930303e-02 1.00e-11 4.10e-11 5.21e-06 1.282
240   -9.834996150999e-02 -9.922203103642e-02 9.42e-12 3.84e-11 4.97e-06 1.286
241   -9.835046895954e-02 -9.922151068066e-02 9.37e-12 3.85e-11 5.03e-06 1.293
242   -9.836081269604e-02 -9.920923651273e-02 8.79e-12 3.62e-11 4.80e-06 1.297
243   -9.836103460087e-02 -9.920856644047e-02 8.73e-12 3.63e-11 4.85e-06 1.303
244   -9.837115983099e-02 -9.919657050637e-02 8.19e-12 3.40e-11 4.63e-06 1.307
245   -9.837163979268e-02 -9.919607595390e-02 8.14e-12 3.41e-11 4.68e-06 1.314
246   -9.838143099413e-02 -9.918449577062e-02 7.64e-12 3.20e-11 4.47e-06 1.318
247   -9.838164945741e-02 -9.918386628626e-02 7.59e-12 3.21e-11 4.52e-06 1.325
248   -9.839123457179e-02 -9.917254706840e-02 7.12e-12 3.01e-11 4.31e-06 1.329
249   -9.839168879852e-02 -9.917207682084e-02 7.08e-12 3.02e-11 4.36e-06 1.335
250   -9.840095923027e-02 -9.916114731457e-02 6.64e-12 2.84e-11 4.16e-06 1.339
251   -9.840117390106e-02 -9.916055553645e-02 6.60e-12 2.85e-11 4.21e-06 1.345
252   -9.841024948158e-02 -9.914987138018e-02 6.19e-12 2.67e-11 4.01e-06 1.349
253   -9.841067959769e-02 -9.914942405671e-02 6.16e-12 2.68e-11 4.06e-06 1.355
254   -9.841945844288e-02 -9.913910559249e-02 5.78e-12 2.52e-11 3.87e-06 1.359
255   -9.841966903955e-02 -9.913854888425e-02 5.74e-12 2.51e-11 3.92e-06 1.365
256   -9.842826332521e-02 -9.912846150766e-02 5.39e-12 2.35e-11 3.73e-06 1.369
257   -9.842867084076e-02 -9.912803582895e-02 5.35e-12 2.36e-11 3.78e-06 1.376
258   -9.843698514041e-02 -9.911829187581e-02 5.03e-12 2.22e-11 3.60e-06 1.380
259   -9.843719143887e-02 -9.911776782090e-02 4.99e-12 2.22e-11 3.65e-06 1.387
260   -9.844533068905e-02 -9.910824183667e-02 4.69e-12 2.08e-11 3.48e-06 1.391
261   -9.844571700871e-02 -9.910783661500e-02 4.66e-12 2.08e-11 3.52e-06 1.397
262   -9.845359201355e-02 -9.909863328397e-02 4.37e-12 1.96e-11 3.35e-06 1.401
263   -9.845379384038e-02 -9.909813965924e-02 4.34e-12 1.95e-11 3.39e-06 1.408
264   -9.846150268425e-02 -9.908914211835e-02 4.08e-12 1.82e-11 3.24e-06 1.412
265   -9.846186911304e-02 -9.908875624553e-02 4.05e-12 1.85e-11 3.27e-06 1.418
266   -9.846932856888e-02 -9.908006190830e-02 3.80e-12 1.74e-11 3.12e-06 1.422
267   -9.846952579202e-02 -9.907959666391e-02 3.78e-12 1.73e-11 3.16e-06 1.429
268   -9.847682745018e-02 -9.907109674625e-02 3.55e-12 1.62e-11 3.01e-06 1.433
269   -9.847717519869e-02 -9.907072918532e-02 3.53e-12 1.63e-11 3.05e-06 1.439
270   -9.848424151539e-02 -9.906251422619e-02 3.31e-12 1.53e-11 2.91e-06 1.443
271   -9.848443403609e-02 -9.906207547131e-02 3.29e-12 1.54e-11 2.94e-06 1.449
272   -9.849135043981e-02 -9.905404429444e-02 3.09e-12 1.44e-11 2.81e-06 1.453
273   -9.849168063167e-02 -9.905369407329e-02 3.07e-12 1.45e-11 2.84e-06 1.460
274   -9.849837498018e-02 -9.904593072581e-02 2.88e-12 1.36e-11 2.71e-06 1.463
275   -9.849856272812e-02 -9.904551671269e-02 2.86e-12 1.36e-11 2.74e-06 1.470
276   -9.850511461242e-02 -9.903792717481e-02 2.69e-12 1.28e-11 2.61e-06 1.474
277   -9.850542828977e-02 -9.903759338069e-02 2.67e-12 1.28e-11 2.64e-06 1.481
278   -9.851177066630e-02 -9.903025560563e-02 2.51e-12 1.21e-11 2.52e-06 1.485
279   -9.851195359490e-02 -9.902986471874e-02 2.49e-12 1.22e-11 2.55e-06 1.491
280   -9.851816052921e-02 -9.902269141618e-02 2.34e-12 1.14e-11 2.43e-06 1.495
281   -9.851845866072e-02 -9.902237319217e-02 2.32e-12 1.13e-11 2.46e-06 1.502
282   -9.852446793354e-02 -9.901543658025e-02 2.18e-12 1.07e-11 2.35e-06 1.506
283   -9.852464601905e-02 -9.901506732214e-02 2.17e-12 1.07e-11 2.37e-06 1.513
284   -9.853052646869e-02 -9.900828643881e-02 2.04e-12 1.00e-11 2.26e-06 1.517
285   -9.853080995354e-02 -9.900798298043e-02 2.02e-12 9.94e-12 2.29e-06 1.523
286   -9.853650388948e-02 -9.900142468359e-02 1.90e-12 9.36e-12 2.18e-06 1.527
287   -9.853667712618e-02 -9.900107566896e-02 1.89e-12 9.16e-12 2.21e-06 1.533
288   -9.854224847603e-02 -9.899466491177e-02 1.77e-12 8.57e-12 2.11e-06 1.537
289   -9.854251815210e-02 -9.899437546049e-02 1.76e-12 8.67e-12 2.13e-06 1.544
290   -9.854791349283e-02 -9.898817407252e-02 1.65e-12 8.16e-12 2.03e-06 1.548
291   -9.854808189182e-02 -9.898784401824e-02 1.64e-12 8.15e-12 2.06e-06 1.554
292   -9.855336050091e-02 -9.898178252412e-02 1.54e-12 7.62e-12 1.96e-06 1.558
293   -9.855361714811e-02 -9.898150636959e-02 1.53e-12 7.77e-12 1.98e-06 1.565
294   -9.855872962774e-02 -9.897564187597e-02 1.44e-12 7.32e-12 1.89e-06 1.569
295   -9.855889321775e-02 -9.897532958906e-02 1.43e-12 7.22e-12 1.91e-06 1.575
296   -9.856389450667e-02 -9.896959779952e-02 1.34e-12 6.74e-12 1.83e-06 1.579
297   -9.856413885606e-02 -9.896933426886e-02 1.33e-12 6.88e-12 1.85e-06 1.586
298   -9.856898332253e-02 -9.896378788630e-02 1.25e-12 6.48e-12 1.76e-06 1.589
299   -9.856914214392e-02 -9.896349226235e-02 1.24e-12 6.49e-12 1.78e-06 1.596
300   -9.857388063041e-02 -9.895807185789e-02 1.17e-12 6.07e-12 1.70e-06 1.600
301   -9.857411336419e-02 -9.895782031809e-02 1.16e-12 6.03e-12 1.72e-06 1.607
302   -9.857870380428e-02 -9.895257444231e-02 1.09e-12 5.69e-12 1.64e-06 1.611
303   -9.857885791082e-02 -9.895229445253e-02 1.08e-12 5.77e-12 1.66e-06 1.618
304   -9.858334732301e-02 -9.894716820482e-02 1.02e-12 5.39e-12 1.58e-06 1.621
305   -9.858356908122e-02 -9.894692805693e-02 1.01e-12 5.31e-12 1.60e-06 1.629
306   -9.858791871404e-02 -9.894196613810e-02 9.49e-13 5.01e-12 1.53e-06 1.633
307   -9.858806817005e-02 -9.894170082536e-02 9.43e-13 4.99e-12 1.54e-06 1.639
308   -9.859232147033e-02 -9.893685255067e-02 8.85e-13 4.65e-12 1.47e-06 1.643
309   -9.859253285158e-02 -9.893662322986e-02 8.80e-13 4.83e-12 1.49e-06 1.650
310   -9.859665417968e-02 -9.893192969679e-02 8.26e-13 4.56e-12 1.42e-06 1.654
311   -9.859679905752e-02 -9.893167817033e-02 8.21e-13 4.64e-12 1.44e-06 1.660
312   -9.860082851399e-02 -9.892709263180e-02 7.71e-13 4.33e-12 1.37e-06 1.664
313   -9.860103008090e-02 -9.892687360268e-02 7.66e-13 4.40e-12 1.38e-06 1.670
314   -9.860493495275e-02 -9.892243377633e-02 7.19e-13 4.14e-12 1.32e-06 1.674
315   -9.860507533399e-02 -9.892219520449e-02 7.14e-13 4.03e-12 1.34e-06 1.680
316   -9.860889258320e-02 -9.891785802551e-02 6.71e-13 3.76e-12 1.27e-06 1.684
317   -9.860908486369e-02 -9.891764877931e-02 6.66e-13 3.86e-12 1.29e-06 1.691
318   -9.861278451361e-02 -9.891344881313e-02 6.26e-13 3.64e-12 1.23e-06 1.695
319   -9.861292048572e-02 -9.891322242027e-02 6.22e-13 3.60e-12 1.24e-06 1.701
320   -9.861653657272e-02 -9.890912002524e-02 5.84e-13 3.36e-12 1.19e-06 1.705
321   -9.861672006193e-02 -9.890892008101e-02 5.80e-13 3.41e-12 1.20e-06 1.712
322   -9.862022515400e-02 -9.890494689685e-02 5.45e-13 3.22e-12 1.14e-06 1.716
323   -9.862035680818e-02 -9.890473195886e-02 5.41e-13 3.11e-12 1.16e-06 1.722
324   -9.862378221046e-02 -9.890085153215e-02 5.08e-13 2.90e-12 1.10e-06 1.726
325   -9.862395737385e-02 -9.890066043422e-02 5.05e-13 2.72e-12 1.11e-06 1.732
326   -9.862727801148e-02 -9.889690169913e-02 4.74e-13 2.57e-12 1.06e-06 1.736
327   -9.862740544462e-02 -9.889669753892e-02 4.71e-13 2.35e-12 1.08e-06 1.743
328   -9.863065010132e-02 -9.889302698047e-02 4.42e-13 2.18e-12 1.03e-06 1.747
329   -9.863081737681e-02 -9.889284429355e-02 4.39e-13 2.17e-12 1.04e-06 1.753
330   -9.863396318718e-02 -9.888928831446e-02 4.13e-13 2.05e-12 9.89e-07 1.757
331   -9.863408649731e-02 -9.888909429971e-02 4.10e-13 2.11e-12 1.00e-06 1.763
332   -9.863715986630e-02 -9.888562214943e-02 3.85e-13 1.96e-12 9.54e-07 1.767
333   -9.863731966425e-02 -9.888544746393e-02 3.82e-13 2.14e-12 9.65e-07 1.774
334   -9.864029974467e-02 -9.888208323546e-02 3.59e-13 2.02e-12 9.20e-07 1.778
335   -9.864041903430e-02 -9.888189877416e-02 3.57e-13 1.88e-12 9.31e-07 1.785
336   -9.864333006656e-02 -9.887861423085e-02 3.35e-13 1.75e-12 8.88e-07 1.789
337   -9.864348277457e-02 -9.887844715570e-02 3.33e-13 1.77e-12 8.97e-07 1.795
338   -9.864630581450e-02 -9.887526421562e-02 3.13e-13 1.67e-12 8.56e-07 1.799
339   -9.864642118629e-02 -9.887508875342e-02 3.11e-13 1.89e-12 8.66e-07 1.805
340   -9.864917840134e-02 -9.887198158073e-02 2.92e-13 1.75e-12 8.26e-07 1.809
341   -9.864932438286e-02 -9.887182174588e-02 2.90e-13 1.88e-12 8.35e-07 1.815
342   -9.865199858919e-02 -9.886881024894e-02 2.72e-13 1.77e-12 7.96e-07 1.819
343   -9.865211014759e-02 -9.886864326806e-02 2.70e-13 1.74e-12 8.05e-07 1.825
344   -9.865472160855e-02 -9.886570381444e-02 2.54e-13 1.62e-12 7.68e-07 1.829
345   -9.865486120663e-02 -9.886555086728e-02 2.52e-13 1.66e-12 7.76e-07 1.836
346   -9.865739439366e-02 -9.886270147787e-02 2.37e-13 1.57e-12 7.41e-07 1.840
347   -9.865750224349e-02 -9.886254249334e-02 2.35e-13 1.41e-12 7.49e-07 1.846
348   -9.865997562293e-02 -9.885976161091e-02 2.21e-13 1.30e-12 7.14e-07 1.850
349   -9.866010916089e-02 -9.885961521713e-02 2.19e-13 1.28e-12 7.22e-07 1.857
350   -9.866250872019e-02 -9.885691913514e-02 2.06e-13 1.22e-12 6.89e-07 1.861
351   -9.866261296592e-02 -9.885676769179e-02 2.05e-13 1.14e-12 6.96e-07 1.867
352   -9.866495555162e-02 -9.885413672352e-02 1.92e-13 1.05e-12 6.64e-07 1.871
353   -9.866508333342e-02 -9.885399656668e-02 1.91e-13 1.11e-12 6.71e-07 1.878
354   -9.866735630568e-02 -9.885144544093e-02 1.79e-13 1.06e-12 6.40e-07 1.882
355   -9.866745705125e-02 -9.885130111421e-02 1.78e-13 9.41e-13 6.47e-07 1.888
356   -9.866967572697e-02 -9.884881190810e-02 1.67e-13 8.70e-13 6.18e-07 1.892
357   -9.866979803866e-02 -9.884867768844e-02 1.66e-13 8.20e-13 6.24e-07 1.899
358   -9.867195106566e-02 -9.884626366452e-02 1.56e-13 7.80e-13 5.96e-07 1.903
359   -9.867204841468e-02 -9.884612605616e-02 1.55e-13 7.79e-13 6.02e-07 1.910
360   -9.867414972636e-02 -9.884377088707e-02 1.46e-13 7.17e-13 5.74e-07 1.914
361   -9.867426683975e-02 -9.884364231796e-02 1.45e-13 8.37e-13 5.80e-07 1.920
362   -9.867630626761e-02 -9.884135791847e-02 1.36e-13 7.96e-13 5.54e-07 1.924
363   -9.867640032379e-02 -9.884122665314e-02 1.35e-13 9.36e-13 5.60e-07 1.931
364   -9.867839047632e-02 -9.883899822096e-02 1.27e-13 8.62e-13 5.34e-07 1.935
365   -9.867850264425e-02 -9.883887503393e-02 1.26e-13 9.42e-13 5.40e-07 1.941
366   -9.868043445199e-02 -9.883671323249e-02 1.18e-13 8.95e-13 5.15e-07 1.945
367   -9.868052531704e-02 -9.883658795978e-02 1.17e-13 8.29e-13 5.20e-07 1.951
368   -9.868241020660e-02 -9.883447934878e-02 1.10e-13 7.66e-13 4.97e-07 1.955
369   -9.868251767162e-02 -9.883436128531e-02 1.09e-13 7.79e-13 5.02e-07 1.962
370   -9.868434754445e-02 -9.883231542136e-02 1.03e-13 7.42e-13 4.79e-07 1.966
371   -9.868443531552e-02 -9.883219581600e-02 1.02e-13 7.29e-13 4.84e-07 1.972
372   -9.868622048943e-02 -9.883020053485e-02 9.59e-14 6.76e-13 4.62e-07 1.976
373   -9.868632347809e-02 -9.883008735295e-02 9.51e-14 6.17e-13 4.66e-07 1.983
374   -9.868805680980e-02 -9.882815112447e-02 8.95e-14 5.89e-13 4.45e-07 1.987
375   -9.868814158507e-02 -9.882803687842e-02 8.88e-14 5.92e-13 4.50e-07 1.993
376   -9.868983234162e-02 -9.882614874632e-02 8.35e-14 5.45e-13 4.29e-07 1.997
377   -9.868993106855e-02 -9.882604021596e-02 8.28e-14 5.46e-13 4.34e-07 2.003
378   -9.869157294462e-02 -9.882420769516e-02 7.79e-14 5.21e-13 4.14e-07 2.007
379   -9.869165482150e-02 -9.882409851919e-02 7.73e-14 4.45e-13 4.18e-07 2.014
380   -9.869325616105e-02 -9.882231171680e-02 7.26e-14 4.27e-13 3.99e-07 2.018
381   -9.869335082669e-02 -9.882220762149e-02 7.22e-14 3.46e-13 4.03e-07 2.025
382   -9.869490608101e-02 -9.882047318873e-02 6.77e-14 3.17e-13 3.85e-07 2.029
383   -9.869498515312e-02 -9.882036881258e-02 6.73e-14 4.30e-13 3.89e-07 2.035
384   -9.869650180324e-02 -9.881867785050e-02 6.32e-14 3.93e-13 3.71e-07 2.039
385   -9.869659260066e-02 -9.881857798199e-02 6.26e-14 4.77e-13 3.75e-07 2.045
386   -9.869806580106e-02 -9.881693633913e-02 5.90e-14 4.42e-13 3.58e-07 2.049
387   -9.869814215846e-02 -9.881683651183e-02 5.85e-14 3.83e-13 3.61e-07 2.055
388   -9.869957859925e-02 -9.881523620001e-02 5.50e-14 3.72e-13 3.45e-07 2.059
389   -9.869966570794e-02 -9.881514036448e-02 5.45e-14 4.68e-13 3.48e-07 2.065
390   -9.870106117700e-02 -9.881358650845e-02 5.13e-14 4.30e-13 3.32e-07 2.069
391   -9.870113490892e-02 -9.881349099218e-02 5.08e-14 3.03e-13 3.36e-07 2.075
392   -9.870249537563e-02 -9.881197643476e-02 4.77e-14 2.98e-13 3.20e-07 2.079
393   -9.870257896714e-02 -9.881188444626e-02 4.74e-14 3.03e-13 3.24e-07 2.086
394   -9.870390080774e-02 -9.881041363942e-02 4.46e-14 2.75e-13 3.09e-07 2.114
395   -9.870397200309e-02 -9.881032220989e-02 4.42e-14 4.01e-13 3.12e-07 2.123
396   -9.870526051944e-02 -9.880888876618e-02 4.15e-14 3.69e-13 2.98e-07 2.127
397   -9.870534075432e-02 -9.880880044984e-02 4.13e-14 3.80e-13 3.01e-07 2.134
398   -9.870659284938e-02 -9.880740821765e-02 3.87e-14 3.72e-13 2.87e-07 2.138
399   -9.870666158948e-02 -9.880732066950e-02 3.84e-14 4.21e-13 2.90e-07 2.145
400   -9.870788193022e-02 -9.880596399268e-02 3.62e-14 3.80e-13 2.77e-07 2.149
401   -9.870795896228e-02 -9.880587918231e-02 3.59e-14 4.01e-13 2.79e-07 2.155
402   -9.870914496730e-02 -9.880456131960e-02 3.36e-14 3.92e-13 2.67e-07 2.159
403   -9.870921133516e-02 -9.880447745573e-02 3.35e-14 1.34e-13 2.69e-07 2.165
404   -9.871036711733e-02 -9.880319339102e-02 3.14e-14 1.18e-13 2.57e-07 2.169
405   -9.871044108840e-02 -9.880311193197e-02 3.11e-14 1.68e-13 2.60e-07 2.176
406   -9.871156446183e-02 -9.880186446760e-02 2.93e-14 1.56e-13 2.48e-07 2.180
407   -9.871162853609e-02 -9.880178410515e-02 2.91e-14 2.98e-14 2.50e-07 2.186
408   -9.871272311961e-02 -9.880056879739e-02 2.74e-14 2.66e-14 2.39e-07 2.190
409   -9.871279416644e-02 -9.880049054156e-02 2.71e-14 2.13e-13 2.41e-07 2.196
410   -9.871385819061e-02 -9.879930971419e-02 2.55e-14 2.01e-13 2.30e-07 2.200
411   -9.871392005043e-02 -9.879923267841e-02 2.53e-14 1.39e-13 2.32e-07 2.206
412   -9.871495668178e-02 -9.879808241231e-02 2.38e-14 1.21e-13 2.22e-07 2.210
413   -9.871502493315e-02 -9.879800721905e-02 2.36e-14 2.76e-13 2.24e-07 2.216
414   -9.871603272136e-02 -9.879688946735e-02 2.21e-14 2.69e-13 2.14e-07 2.220
415   -9.871609243937e-02 -9.879681559866e-02 2.20e-14 3.45e-13 2.16e-07 2.227
416   -9.871707413556e-02 -9.879572692471e-02 2.07e-14 3.27e-13 2.06e-07 2.230
417   -9.871713971465e-02 -9.879565466012e-02 2.05e-14 2.68e-13 2.08e-07 2.237
418   -9.871809420203e-02 -9.879459663195e-02 1.92e-14 2.59e-13 1.99e-07 2.241
419   -9.871815184989e-02 -9.879452577872e-02 1.92e-14 1.22e-13 2.01e-07 2.247
420   -9.871908147762e-02 -9.879349542538e-02 1.79e-14 1.18e-13 1.91e-07 2.251
421   -9.871914450059e-02 -9.879342596315e-02 1.94e-14 1.89e-13 1.93e-07 2.257
422   -9.872004846101e-02 -9.879242449549e-02 1.68e-14 1.66e-13 1.84e-07 2.261
423   -9.872010410799e-02 -9.879235651524e-02 1.67e-14 3.13e-13 1.86e-07 2.267
424   -9.872098438508e-02 -9.879138138598e-02 1.82e-14 2.87e-13 1.78e-07 2.271
425   -9.872104496163e-02 -9.879131460651e-02 1.83e-14 5.00e-14 1.79e-07 2.278
426   -9.872190103808e-02 -9.879036669074e-02 1.52e-14 5.16e-14 1.71e-07 2.282
427   -9.872195475080e-02 -9.879030144975e-02 1.54e-14 2.16e-13 1.73e-07 2.289
428   -9.872278826340e-02 -9.878937860277e-02 1.73e-14 1.95e-13 1.65e-07 2.293
429   -9.872284649559e-02 -9.878931439566e-02 2.29e-14 1.53e-13 1.67e-07 2.299
430   -9.872365714294e-02 -9.878841723959e-02 1.97e-14 1.53e-13 1.59e-07 2.303
431   -9.872370898736e-02 -9.878835461029e-02 1.38e-14 3.55e-13 1.60e-07 2.309
432   -9.872449813804e-02 -9.878748131539e-02 1.57e-14 3.33e-13 1.53e-07 2.313
433   -9.872455412340e-02 -9.878741957416e-02 1.60e-14 4.92e-13 1.55e-07 2.319
434   -9.872532168472e-02 -9.878657051776e-02 1.33e-14 4.64e-13 1.48e-07 2.323
435   -9.872537172487e-02 -9.878651037977e-02 1.09e-14 7.24e-13 1.49e-07 2.330
436   -9.872611884199e-02 -9.878568399667e-02 1.02e-14 6.81e-13 1.42e-07 2.333
437   -9.872617267537e-02 -9.878562461834e-02 1.52e-14 9.50e-13 1.43e-07 2.340
438   -9.872689940419e-02 -9.878482110780e-02 1.25e-14 8.90e-13 1.37e-07 2.344
439   -9.872694769661e-02 -9.878476335363e-02 9.44e-15 5.62e-13 1.38e-07 2.350
440   -9.872765493440e-02 -9.878398144055e-02 9.10e-15 5.19e-13 1.32e-07 2.354
441   -9.872770670575e-02 -9.878392432736e-02 9.33e-15 5.85e-13 1.33e-07 2.361
442   -9.872839469859e-02 -9.878316398879e-02 8.33e-15 5.45e-13 1.27e-07 2.365
443   -9.872844130424e-02 -9.878310850998e-02 8.22e-15 5.71e-13 1.28e-07 2.371
444   -9.872911073606e-02 -9.878236872175e-02 7.77e-15 5.33e-13 1.22e-07 2.375
445   -9.872916053019e-02 -9.878231378160e-02 7.66e-15 8.96e-13 1.24e-07 2.382
446   -9.872981179335e-02 -9.878159434693e-02 7.11e-15 8.49e-13 1.18e-07 2.386
447   -9.872985676903e-02 -9.878154104338e-02 7.11e-15 9.12e-13 1.19e-07 2.392
448   -9.873049032051e-02 -9.878084120342e-02 6.77e-15 8.51e-13 1.14e-07 2.396
449   -9.873053821316e-02 -9.878078835389e-02 6.66e-15 8.46e-13 1.15e-07 2.403
450   -9.873115460745e-02 -9.878010772099e-02 6.22e-15 7.98e-13 1.09e-07 2.406
451   -9.873119800679e-02 -9.878005649963e-02 6.44e-15 7.92e-13 1.10e-07 2.413
452   -9.873179755509e-02 -9.877939449022e-02 5.77e-15 7.35e-13 1.05e-07 2.417
453   -9.873184362443e-02 -9.877934364656e-02 5.77e-15 9.05e-13 1.06e-07 2.423
454   -9.873242695933e-02 -9.877869977525e-02 5.44e-15 8.47e-13 1.01e-07 2.427
455   -9.873246883360e-02 -9.877865054851e-02 9.55e-15 9.22e-13 1.02e-07 2.433
456   -9.873303610340e-02 -9.877802442483e-02 6.91e-15 8.46e-13 9.77e-08 2.437
457   -9.873308042352e-02 -9.877797550642e-02 6.55e-15 5.51e-13 9.85e-08 2.444
458   -9.873363239449e-02 -9.877736648693e-02 7.61e-15 5.26e-13 9.41e-08 2.448
459   -9.873367279605e-02 -9.877731916919e-02 7.30e-15 7.10e-13 9.49e-08 2.455
460   -9.873420945461e-02 -9.877672705459e-02 4.88e-15 6.64e-13 9.06e-08 2.459
461   -9.873425209465e-02 -9.877667998609e-02 4.55e-15 9.35e-13 9.13e-08 2.465
462   -9.873477430619e-02 -9.877610401331e-02 5.66e-15 8.95e-13 8.72e-08 2.469
463   -9.873481328584e-02 -9.877605852251e-02 5.36e-15 4.06e-13 8.80e-08 2.477
464   -9.873532094203e-02 -9.877549860882e-02 3.77e-15 3.68e-13 8.40e-08 2.481
465   -9.873536196850e-02 -9.877545331821e-02 3.77e-15 9.19e-14 8.47e-08 2.487
466   -9.873585595751e-02 -9.877490866521e-02 3.55e-15 9.51e-14 8.08e-08 2.491
467   -9.873589356272e-02 -9.877486492563e-02 3.55e-15 2.02e-13 8.15e-08 2.497
468   -9.873637368194e-02 -9.877433556620e-02 3.33e-15 1.90e-13 7.78e-08 2.501
469   -9.873641315608e-02 -9.877429198650e-02 6.44e-15 3.48e-13 7.85e-08 2.508
470   -9.873688037139e-02 -9.877377702695e-02 4.77e-15 3.26e-13 7.49e-08 2.512
471   -9.873691664591e-02 -9.877373496924e-02 4.83e-15 5.00e-13 7.55e-08 2.519
472   -9.873737066757e-02 -9.877323454952e-02 6.27e-15 4.72e-13 7.21e-08 2.523
473   -9.873740865307e-02 -9.877319261114e-02 6.55e-15 2.96e-13 7.27e-08 2.529
474   -9.873785048720e-02 -9.877270578427e-02 4.94e-15 2.91e-13 6.94e-08 2.533
475   -9.873788547601e-02 -9.877266533945e-02 5.00e-15 2.51e-13 7.00e-08 2.540
476   -9.873831472111e-02 -9.877219237844e-02 6.33e-15 2.50e-13 6.68e-08 2.544
477   -9.873835126954e-02 -9.877215202553e-02 6.61e-15 3.89e-13 6.73e-08 2.551
478   -9.873876900986e-02 -9.877169188877e-02 5.05e-15 3.68e-13 6.43e-08 2.555
479   -9.873880275406e-02 -9.877165299372e-02 2.22e-15 4.45e-13 6.48e-08 2.561
480   -9.873920851261e-02 -9.877120604736e-02 2.44e-15 4.07e-13 6.19e-08 2.565
481   -9.873924368603e-02 -9.877116721218e-02 6.49e-15 5.31e-13 6.24e-08 2.571
482   -9.873963860384e-02 -9.877073234403e-02 5.00e-15 5.28e-13 5.95e-08 2.575
483   -9.873967115212e-02 -9.877069492900e-02 5.05e-15 1.04e-13 6.00e-08 2.582
484   -9.874005469080e-02 -9.877027258191e-02 6.27e-15 1.10e-13 5.73e-08 2.586
485   -9.874008853701e-02 -9.877023521191e-02 1.02e-14 3.51e-13 5.77e-08 2.592
486   -9.874046179451e-02 -9.876982431267e-02 8.49e-15 2.89e-13 5.51e-08 2.596
487   -9.874049318226e-02 -9.876978832397e-02 4.55e-15 2.78e-13 5.56e-08 2.602
488   -9.874085561226e-02 -9.876938933353e-02 5.72e-15 2.57e-13 5.30e-08 2.606
489   -9.874088818629e-02 -9.876935336840e-02 6.00e-15 4.90e-13 5.34e-08 2.613
490   -9.874124093397e-02 -9.876896515410e-02 4.61e-15 4.52e-13 5.10e-08 2.617
491   -9.874127120018e-02 -9.876893053544e-02 4.66e-15 1.24e-13 5.14e-08 2.623
492   -9.874161364644e-02 -9.876855364628e-02 5.77e-15 1.29e-13 4.91e-08 2.627
493   -9.874164499545e-02 -9.876851903452e-02 5.94e-15 5.64e-14 4.95e-08 2.634
494   -9.874197829508e-02 -9.876815232031e-02 4.61e-15 4.67e-14 4.72e-08 2.638
495   -9.874200747920e-02 -9.876811901598e-02 4.66e-15 6.53e-14 4.76e-08 2.644
496   -9.874233098423e-02 -9.876776306541e-02 5.72e-15 7.09e-14 4.54e-08 2.648
497   -9.874236115249e-02 -9.876772975839e-02 5.88e-15 7.27e-13 4.58e-08 2.655
498   -9.874267600737e-02 -9.876738342568e-02 4.61e-15 6.93e-13 4.37e-08 2.659
499   -9.874270414610e-02 -9.876735138397e-02 1.11e-15 1.02e-12 4.40e-08 2.665
500   -9.874300970754e-02 -9.876701526044e-02 2.22e-15 9.58e-13 4.20e-08 2.669
501   -9.874303874524e-02 -9.876698320301e-02 2.50e-15 6.09e-13 4.23e-08 2.676
502   -9.874333615964e-02 -9.876665613420e-02 1.44e-15 5.80e-13 4.04e-08 2.680
503   -9.874336328637e-02 -9.876662530832e-02 1.50e-15 5.80e-13 4.07e-08 2.687
504   -9.874365184679e-02 -9.876630796217e-02 2.61e-15 5.58e-13 3.89e-08 2.690
505   -9.874367979115e-02 -9.876627711341e-02 2.89e-15 6.90e-13 3.92e-08 2.697
506   -9.874396066372e-02 -9.876596830782e-02 1.83e-15 6.46e-13 3.74e-08 2.701
507   -9.874398681794e-02 -9.876593864488e-02 1.58e-15 1.08e-12 3.77e-08 2.707
508   -9.874425928157e-02 -9.876563907029e-02 7.77e-16 1.02e-12 3.60e-08 2.711
509   -9.874428617338e-02 -9.876560938536e-02 7.77e-16 5.92e-13 3.62e-08 2.718
510   -9.874455137974e-02 -9.876531786942e-02 8.88e-16 5.63e-13 3.46e-08 2.722
511   -9.874457659234e-02 -9.876528932726e-02 7.77e-16 7.57e-13 3.48e-08 2.728
512   -9.874483381566e-02 -9.876500657199e-02 6.66e-16 7.00e-13 3.33e-08 2.732
513   -9.874485969773e-02 -9.876497800384e-02 3.61e-15 5.67e-13 3.35e-08 2.738
514   -9.874511006912e-02 -9.876470285395e-02 2.61e-15 5.50e-13 3.20e-08 2.742
515   -9.874513437138e-02 -9.876467539032e-02 2.78e-15 5.30e-13 3.22e-08 2.749
516   -9.874537715360e-02 -9.876440856630e-02 3.66e-15 4.90e-13 3.07e-08 2.753
517   -9.874540206572e-02 -9.876438107082e-02 3.89e-15 5.31e-13 3.09e-08 2.759
518   -9.874563841927e-02 -9.876412138007e-02 2.89e-15 4.94e-13 2.96e-08 2.763
519   -9.874566184333e-02 -9.876409495243e-02 2.94e-15 1.01e-12 2.98e-08 2.770
520   -9.874589097359e-02 -9.876384318376e-02 3.77e-15 9.55e-13 2.84e-08 2.774
521   -9.874591495349e-02 -9.876381671942e-02 4.00e-15 9.20e-13 2.86e-08 2.781
522   -9.874613800987e-02 -9.876357168769e-02 3.05e-15 8.86e-13 2.73e-08 2.784
523   -9.874616058735e-02 -9.876354625477e-02 3.11e-15 7.84e-13 2.75e-08 2.791
524   -9.874637678153e-02 -9.876330874714e-02 3.89e-15 7.17e-13 2.63e-08 2.795
525   -9.874639985715e-02 -9.876328328313e-02 6.77e-15 8.62e-13 2.64e-08 2.801
526   -9.874661031502e-02 -9.876305213533e-02 5.66e-15 8.20e-13 2.52e-08 2.805
527   -9.874663207359e-02 -9.876302766108e-02 2.78e-15 7.54e-13 2.54e-08 2.811
528   -9.874683604562e-02 -9.876280362295e-02 3.50e-15 7.43e-13 2.43e-08 2.815
529   -9.874685825627e-02 -9.876277911589e-02 6.27e-15 1.20e-12 2.44e-08 2.821
530   -9.874705683197e-02 -9.876256105863e-02 5.22e-15 1.13e-12 2.33e-08 2.825
531   -9.874707780325e-02 -9.876253750289e-02 2.39e-15 1.42e-12 2.35e-08 2.830
532   -9.874727020188e-02 -9.876232621527e-02 3.11e-15 1.33e-12 2.24e-08 2.834
533   -9.874729157659e-02 -9.876230263284e-02 3.33e-15 6.34e-13 2.25e-08 2.841
534   -9.874747884928e-02 -9.876209702393e-02 2.50e-15 6.02e-13 2.15e-08 2.844
535   -9.874749906026e-02 -9.876207435220e-02 5.55e-15 1.10e-13 2.17e-08 2.850
536   -9.874768051155e-02 -9.876187512179e-02 6.05e-15 1.39e-13 2.07e-08 2.854
537   -9.874770108696e-02 -9.876185242349e-02 6.22e-15 3.10e-13 2.08e-08 2.861
538   -9.874787773785e-02 -9.876165850963e-02 5.22e-15 3.14e-13 1.99e-08 2.865
539   -9.874789721707e-02 -9.876163668619e-02 1.09e-14 3.05e-13 2.00e-08 2.871
540   -9.874806833582e-02 -9.876144883248e-02 1.10e-14 2.86e-13 1.91e-08 2.875
541   -9.874808814199e-02 -9.876142698516e-02 1.12e-14 8.70e-14 1.92e-08 2.882
542   -9.874825470894e-02 -9.876124417074e-02 9.94e-15 9.67e-14 1.84e-08 2.886
543   -9.874827347903e-02 -9.876122316644e-02 1.54e-14 9.11e-13 1.85e-08 2.892
544   -9.874843478129e-02 -9.876104611805e-02 1.52e-14 8.60e-13 1.76e-08 2.896
545   -9.874845384498e-02 -9.876102509215e-02 1.75e-14 1.17e-12 1.77e-08 2.902
546   -9.874861088180e-02 -9.876085276475e-02 1.59e-14 1.10e-12 1.69e-08 2.906
547   -9.874862896720e-02 -9.876083254918e-02 2.10e-14 7.35e-13 1.70e-08 2.912
548   -9.874878102626e-02 -9.876066567249e-02 2.05e-14 6.82e-13 1.63e-08 2.916
549   -9.874879937414e-02 -9.876064543841e-02 2.26e-14 1.18e-12 1.64e-08 2.922
550   -9.874894739950e-02 -9.876048302454e-02 2.07e-14 1.11e-12 1.56e-08 2.925
551   -9.874896482423e-02 -9.876046356796e-02 2.31e-14 1.36e-12 1.57e-08 2.931
552   -9.874910813650e-02 -9.876030631404e-02 2.25e-14 1.30e-12 1.50e-08 2.935
553   -9.874912580240e-02 -9.876028683471e-02 3.05e-14 1.65e-12 1.51e-08 2.941
554   -9.874926531027e-02 -9.876013378867e-02 2.82e-14 1.55e-12 1.44e-08 2.945
555   -9.874928210443e-02 -9.876011505490e-02 3.05e-14 1.51e-12 1.45e-08 2.950
556   -9.874941714855e-02 -9.875996689514e-02 2.93e-14 1.45e-12 1.38e-08 2.954
557   -9.874943415201e-02 -9.875994814843e-02 3.70e-14 1.75e-12 1.39e-08 2.960
558   -9.874956559144e-02 -9.875980397417e-02 3.43e-14 1.61e-12 1.33e-08 2.964
559   -9.874958177316e-02 -9.875978594059e-02 3.64e-14 1.67e-12 1.34e-08 2.969
560   -9.874970902411e-02 -9.875964635048e-02 3.49e-14 1.55e-12 1.28e-08 2.973
561   -9.874972539335e-02 -9.875962830538e-02 4.22e-14 8.83e-13 1.28e-08 2.979
562   -9.874984923750e-02 -9.875949248066e-02 3.93e-14 8.59e-13 1.23e-08 2.983
563   -9.874986483607e-02 -9.875947511262e-02 4.34e-14 1.13e-12 1.23e-08 2.989
564   -9.874998468762e-02 -9.875934365720e-02 4.15e-14 1.04e-12 1.18e-08 2.993
565   -9.875000044746e-02 -9.875932628589e-02 4.66e-14 1.28e-12 1.18e-08 2.999
566   -9.875011711058e-02 -9.875919835373e-02 4.34e-14 1.18e-12 1.13e-08 3.002
567   -9.875013214054e-02 -9.875918163283e-02 4.52e-14 9.34e-13 1.13e-08 3.008
568   -9.875024500821e-02 -9.875905785353e-02 4.31e-14 8.71e-13 1.08e-08 3.012
569   -9.875026017408e-02 -9.875904113907e-02 4.98e-14 7.42e-13 1.09e-08 3.017
570   -9.875037002783e-02 -9.875892068910e-02 4.65e-14 6.48e-13 1.04e-08 3.021
571   -9.875038450761e-02 -9.875890459325e-02 4.82e-14 3.58e-13 1.05e-08 3.027
572   -9.875049074637e-02 -9.875878809826e-02 4.59e-14 3.51e-13 9.99e-09 3.031
573   -9.875050535199e-02 -9.875877200325e-02 5.06e-14 5.90e-13 1.00e-08 3.037
574   -9.875060879956e-02 -9.875865859126e-02 4.72e-14 5.42e-13 9.59e-09 3.040
575   -9.875062275103e-02 -9.875864309450e-02 5.07e-14 1.47e-12 9.63e-09 3.047
576   -9.875072279445e-02 -9.875853340622e-02 4.83e-14 1.37e-12 9.20e-09 3.051
577   -9.875073685897e-02 -9.875851790960e-02 5.27e-14 1.83e-12 9.24e-09 3.057
578   -9.875083424203e-02 -9.875841115870e-02 4.92e-14 1.72e-12 8.83e-09 3.061
579   -9.875084768138e-02 -9.875839624137e-02 5.07e-14 1.59e-12 8.86e-09 3.066
580   -9.875094180016e-02 -9.875829306083e-02 4.82e-14 1.42e-12 8.47e-09 3.070
581   -9.875095533579e-02 -9.875827814899e-02 5.41e-14 1.74e-12 8.50e-09 3.076
582   -9.875104699711e-02 -9.875817768150e-02 5.06e-14 1.66e-12 8.13e-09 3.080
583   -9.875105994351e-02 -9.875816332105e-02 5.20e-14 1.83e-12 8.16e-09 3.085
584   -9.875114852010e-02 -9.875806622718e-02 4.94e-14 1.71e-12 7.80e-09 3.089
585   -9.875116155789e-02 -9.875805186574e-02 5.35e-14 1.00e-12 7.83e-09 3.095
586   -9.875124778136e-02 -9.875795736874e-02 5.00e-14 9.42e-13 7.48e-09 3.099
587   -9.875126027325e-02 -9.875794352155e-02 5.30e-14 1.03e-12 7.51e-09 3.105
588   -9.875134361151e-02 -9.875785217981e-02 5.04e-14 9.83e-13 7.18e-09 3.109
589   -9.875135615513e-02 -9.875783836447e-02 5.58e-14 1.86e-12 7.20e-09 3.115
590   -9.875143725189e-02 -9.875774949535e-02 5.22e-14 1.77e-12 6.89e-09 3.119
591   -9.875144928425e-02 -9.875773616569e-02 5.34e-14 2.43e-13 6.91e-09 3.124
592   -9.875152768170e-02 -9.875765024819e-02 5.07e-14 2.97e-13 6.61e-09 3.128
593   -9.875153976602e-02 -9.875763694060e-02 5.58e-14 2.72e-13 6.62e-09 3.133
594   -9.875161606669e-02 -9.875755333569e-02 5.23e-14 2.94e-13 6.34e-09 3.137
595   -9.875162765455e-02 -9.875754050587e-02 5.33e-14 4.68e-13 6.35e-09 3.143
596   -9.875170134526e-02 -9.875745975462e-02 5.07e-14 4.46e-13 6.08e-09 3.147
597   -9.875171298482e-02 -9.875744693842e-02 5.42e-14 5.87e-13 6.09e-09 3.153
598   -9.875178473762e-02 -9.875736832442e-02 5.08e-14 5.44e-13 5.83e-09 3.157
599   -9.875179590764e-02 -9.875735596399e-02 5.18e-14 6.05e-13 5.84e-09 3.162
600   -9.875186517511e-02 -9.875728006721e-02 4.92e-14 6.77e-13 5.59e-09 3.166
601   -9.875187637132e-02 -9.875726774080e-02 5.40e-14 2.04e-13 5.60e-09 3.172
602   -9.875194379239e-02 -9.875719387957e-02 5.05e-14 2.29e-13 5.36e-09 3.175
603   -9.875195455102e-02 -9.875718198074e-02 5.30e-14 1.16e-12 5.37e-09 3.182
604   -9.875201964854e-02 -9.875711065961e-02 5.03e-14 1.07e-12 5.14e-09 3.186
605   -9.875203042843e-02 -9.875709879330e-02 5.35e-14 1.17e-12 5.15e-09 3.192
606   -9.875209382960e-02 -9.875702934221e-02 5.01e-14 1.09e-12 4.92e-09 3.196
607   -9.875210418513e-02 -9.875701789484e-02 5.10e-14 7.04e-13 4.93e-09 3.201
608   -9.875216534669e-02 -9.875695089184e-02 4.84e-14 6.14e-13 4.72e-09 3.205
609   -9.875217573279e-02 -9.875693946068e-02 5.28e-14 8.49e-13 4.73e-09 3.211
610   -9.875223523812e-02 -9.875687428278e-02 4.95e-14 8.24e-13 4.52e-09 3.215
611   -9.875224521370e-02 -9.875686326056e-02 5.17e-14 1.71e-12 4.53e-09 3.221
612   -9.875230266099e-02 -9.875680033219e-02 4.90e-14 1.57e-12 4.34e-09 3.225
613   -9.875231264950e-02 -9.875678934014e-02 5.32e-14 1.12e-12 4.34e-09 3.231
614   -9.875236857861e-02 -9.875672808446e-02 4.98e-14 1.08e-12 4.16e-09 3.235
615   -9.875237819765e-02 -9.875671746105e-02 5.06e-14 9.93e-13 4.16e-09 3.240
616   -9.875243214427e-02 -9.875665837228e-02 4.80e-14 9.47e-13 3.98e-09 3.244
617   -9.875244175686e-02 -9.875664779534e-02 5.08e-14 3.79e-13 3.99e-09 3.250
618   -9.875249424897e-02 -9.875659030858e-02 4.77e-14 3.58e-13 3.82e-09 3.254
619   -9.875250350023e-02 -9.875658009568e-02 4.84e-14 3.18e-13 3.82e-09 3.260
620   -9.875255414859e-02 -9.875652462394e-02 4.59e-14 2.83e-13 3.66e-09 3.264
621   -9.875256340846e-02 -9.875651443670e-02 4.86e-14 2.41e-13 3.66e-09 3.270
622   -9.875261269397e-02 -9.875646046581e-02 4.56e-14 2.51e-13 3.50e-09 3.274
623   -9.875262161694e-02 -9.875645061938e-02 4.75e-14 6.84e-13 3.51e-09 3.280
624   -9.875266914546e-02 -9.875639856875e-02 4.50e-14 6.82e-13 3.36e-09 3.284
625   -9.875267805935e-02 -9.875638876339e-02 4.87e-14 4.04e-13 3.36e-09 3.290
626   -9.875272433176e-02 -9.875633809590e-02 4.57e-14 4.18e-13 3.22e-09 3.294
627   -9.875273292952e-02 -9.875632861198e-02 4.74e-14 1.62e-12 3.22e-09 3.300
628   -9.875277753482e-02 -9.875627976641e-02 4.50e-14 1.55e-12 3.08e-09 3.304
629   -9.875278609951e-02 -9.875627034644e-02 4.85e-14 2.98e-12 3.08e-09 3.310
630   -9.875282949602e-02 -9.875622283132e-02 4.55e-14 2.78e-12 2.95e-09 3.314
631   -9.875283776523e-02 -9.875621371325e-02 4.60e-14 3.80e-12 2.95e-09 3.319
632   -9.875287959312e-02 -9.875616791232e-02 4.37e-14 3.57e-12 2.83e-09 3.323
633   -9.875288785234e-02 -9.875615882966e-02 4.60e-14 3.89e-12 2.83e-09 3.329
634   -9.875292857493e-02 -9.875611424543e-02 4.32e-14 3.66e-12 2.71e-09 3.333
635   -9.875293652515e-02 -9.875610548210e-02 4.37e-14 4.82e-12 2.71e-09 3.339
636   -9.875297572137e-02 -9.875606256573e-02 4.14e-14 4.47e-12 2.59e-09 3.343
637   -9.875298366844e-02 -9.875605382761e-02 4.37e-14 4.60e-12 2.59e-09 3.349
638   -9.875302184087e-02 -9.875601203811e-02 4.10e-14 4.29e-12 2.48e-09 3.353
639   -9.875302950925e-02 -9.875600358822e-02 4.15e-14 2.91e-12 2.48e-09 3.358
640   -9.875306630557e-02 -9.875596330242e-02 3.94e-14 2.80e-12 2.38e-09 3.362
641   -9.875307394017e-02 -9.875595490904e-02 4.25e-14 2.69e-12 2.37e-09 3.368
642   -9.875310968556e-02 -9.875591577900e-02 3.99e-14 2.56e-12 2.28e-09 3.372
643   -9.875311703854e-02 -9.875590767921e-02 4.03e-14 8.15e-13 2.27e-09 3.377
644   -9.875315145547e-02 -9.875587000072e-02 3.82e-14 7.20e-13 2.18e-09 3.381
645   -9.875315880075e-02 -9.875586192649e-02 4.12e-14 8.83e-13 2.18e-09 3.387
646   -9.875319233395e-02 -9.875582522044e-02 3.87e-14 7.96e-13 2.09e-09 3.391
647   -9.875319942756e-02 -9.875581740886e-02 4.00e-14 8.79e-13 2.08e-09 3.397
648   -9.875323170229e-02 -9.875578207792e-02 3.80e-14 8.88e-13 2.00e-09 3.401
649   -9.875323875083e-02 -9.875577433092e-02 4.07e-14 7.65e-13 1.99e-09 3.407
650   -9.875327015380e-02 -9.875573995865e-02 3.83e-14 6.70e-13 1.91e-09 3.411
651   -9.875327697641e-02 -9.875573244768e-02 3.86e-14 1.93e-12 1.91e-09 3.416
652   -9.875330719857e-02 -9.875569936562e-02 3.67e-14 1.80e-12 1.83e-09 3.420
653   -9.875331397234e-02 -9.875569192171e-02 3.93e-14 1.25e-12 1.83e-09 3.426
654   -9.875334336220e-02 -9.875565975471e-02 3.69e-14 1.09e-12 1.75e-09 3.430
655   -9.875334990880e-02 -9.875565254958e-02 3.72e-14 3.16e-13 1.75e-09 3.435
656   -9.875337820828e-02 -9.875562157390e-02 3.54e-14 3.78e-13 1.68e-09 3.439
657   -9.875338473434e-02 -9.875561440327e-02 3.79e-14 1.11e-12 1.67e-09 3.445
658   -9.875341228249e-02 -9.875558425373e-02 3.56e-14 9.75e-13 1.60e-09 3.448
659   -9.875341857402e-02 -9.875557733109e-02 3.59e-14 2.06e-12 1.60e-09 3.454
660   -9.875344508054e-02 -9.875554831955e-02 3.41e-14 1.96e-12 1.53e-09 3.458
661   -9.875345132427e-02 -9.875554145995e-02 3.57e-14 3.84e-12 1.53e-09 3.463
662   -9.875347708144e-02 -9.875551327186e-02 3.36e-14 3.63e-12 1.47e-09 3.467
663   -9.875348311950e-02 -9.875550662892e-02 3.44e-15 5.19e-12 1.46e-09 3.473
664   -9.875350788252e-02 -9.875547952707e-02 3.41e-15 4.83e-12 1.40e-09 3.477
665   -9.875351389526e-02 -9.875547292302e-02 3.24e-14 6.49e-12 1.40e-09 3.482
666   -9.875353797955e-02 -9.875544656712e-02 3.04e-14 6.12e-12 1.34e-09 3.486
667   -9.875354376340e-02 -9.875544020608e-02 3.15e-14 5.81e-12 1.34e-09 3.492
668   -9.875356696983e-02 -9.875541480920e-02 2.99e-14 5.49e-12 1.29e-09 3.495
669   -9.875357273907e-02 -9.875540847266e-02 3.14e-14 4.03e-12 1.28e-09 3.501
670   -9.875359526224e-02 -9.875538382629e-02 2.96e-14 3.88e-12 1.23e-09 3.505
671   -9.875360080489e-02 -9.875537773192e-02 3.05e-14 6.55e-12 1.23e-09 3.511
672   -9.875362245831e-02 -9.875535403573e-02 2.90e-14 6.16e-12 1.18e-09 3.515
673   -9.875362797587e-02 -9.875534797641e-02 3.11e-14 7.12e-12 1.17e-09 3.520
674   -9.875364899989e-02 -9.875532497153e-02 2.93e-14 6.74e-12 1.13e-09 3.524
675   -9.875365437515e-02 -9.875531906257e-02 2.95e-14 5.61e-12 1.12e-09 3.530
676   -9.875367472871e-02 -9.875529679025e-02 2.80e-14 5.27e-12 1.08e-09 3.534
677   -9.875368001541e-02 -9.875529098508e-02 3.00e-14 4.06e-12 1.07e-09 3.539
678   -9.875369968649e-02 -9.875526946160e-02 2.82e-14 3.91e-12 1.03e-09 3.543
679   -9.875370480657e-02 -9.875526383436e-02 2.91e-14 6.50e-12 1.03e-09 3.550
680   -9.875372376056e-02 -9.875524309429e-02 2.76e-14 6.04e-12 9.85e-10 3.554
681   -9.875372885275e-02 -9.875523750413e-02 5.12e-14 1.04e-11 9.81e-10 3.559
682   -9.875374731271e-02 -9.875521730678e-02 4.83e-14 9.80e-12 9.42e-10 3.563
683   -9.875375222649e-02 -9.875521190657e-02 2.37e-14 9.63e-12 9.38e-10 3.568
684   -9.875376991507e-02 -9.875519255201e-02 2.26e-14 9.10e-12 9.01e-10 3.572
685   -9.875377475216e-02 -9.875518724243e-02 4.53e-14 8.85e-12 8.97e-10 3.577
686   -9.875379195947e-02 -9.875516841629e-02 4.27e-14 8.39e-12 8.61e-10 3.581
687   -9.875379667386e-02 -9.875516323693e-02 4.25e-14 1.09e-11 8.58e-10 3.587
688   -9.875381320544e-02 -9.875514514911e-02 4.03e-14 1.03e-11 8.24e-10 3.590
689   -9.875381786772e-02 -9.875514003129e-02 4.17e-14 1.32e-11 8.20e-10 3.596
690   -9.875383392280e-02 -9.875512246663e-02 3.93e-14 1.25e-11 7.88e-10 3.600
691   -9.875383840500e-02 -9.875511754241e-02 1.70e-14 1.60e-11 7.84e-10 3.605
692   -9.875385385319e-02 -9.875510064070e-02 1.62e-14 1.52e-11 7.53e-10 3.609
693   -9.875385831788e-02 -9.875509574046e-02 1.75e-14 1.33e-11 7.49e-10 3.615
694   -9.875387338555e-02 -9.875507925672e-02 1.64e-14 1.26e-11 7.20e-10 3.619
695   -9.875387768910e-02 -9.875507453028e-02 1.67e-14 1.39e-11 7.16e-10 3.624
696   -9.875389212042e-02 -9.875505874174e-02 1.59e-14 1.33e-11 6.88e-10 3.628
697   -9.875389639001e-02 -9.875505405618e-02 1.77e-14 1.63e-11 6.85e-10 3.633
698   -9.875391041659e-02 -9.875503871189e-02 1.66e-14 1.55e-11 6.58e-10 3.637
699   -9.875391452878e-02 -9.875503419628e-02 1.68e-14 1.15e-11 6.55e-10 3.643
700   -9.875392798705e-02 -9.875501947288e-02 1.60e-14 1.11e-11 6.29e-10 3.647
701   -9.875393208451e-02 -9.875501497671e-02 1.77e-14 1.18e-11 6.26e-10 3.652
702   -9.875394522030e-02 -9.875500060746e-02 1.66e-14 1.10e-11 6.01e-10 3.656
703   -9.875394915308e-02 -9.875499628960e-02 1.73e-14 1.21e-11 5.98e-10 3.662
704   -9.875396174895e-02 -9.875498251016e-02 1.64e-14 1.14e-11 5.75e-10 3.666
705   -9.875396564082e-02 -9.875497824003e-02 1.75e-14 8.70e-12 5.72e-10 3.672
706   -9.875397784389e-02 -9.875496489142e-02 1.65e-14 8.33e-12 5.49e-10 3.676
707   -9.875398161118e-02 -9.875496075590e-02 1.71e-14 7.55e-12 5.46e-10 3.682
708   -9.875399338730e-02 -9.875494787375e-02 1.63e-14 7.14e-12 5.25e-10 3.686
709   -9.875399709797e-02 -9.875494380281e-02 1.77e-14 5.00e-12 5.22e-10 3.691
710   -9.875400845564e-02 -9.875493137939e-02 1.67e-14 4.82e-12 5.02e-10 3.695
711   -9.875401206629e-02 -9.875492741630e-02 1.68e-14 5.22e-12 4.99e-10 3.700
712   -9.875402304559e-02 -9.875491540628e-02 1.60e-14 4.84e-12 4.80e-10 3.704
713   -9.875402659099e-02 -9.875491151698e-02 1.73e-14 7.05e-12 4.77e-10 3.709
714   -9.875403722025e-02 -9.875489989073e-02 1.63e-14 6.76e-12 4.58e-10 3.713
715   -9.875404067726e-02 -9.875489609625e-02 1.11e-16 9.19e-12 4.55e-10 3.718
716   -9.875405095906e-02 -9.875488484964e-02 5.55e-17 8.72e-12 4.38e-10 3.722
717   -9.875405433548e-02 -9.875488114601e-02 1.67e-15 9.79e-12 4.35e-10 3.728
718   -9.875406433228e-02 -9.875487021192e-02 1.50e-15 9.39e-12 4.18e-10 3.732
719   -9.875406760035e-02 -9.875486662577e-02 1.89e-15 7.22e-12 4.15e-10 3.737
720   -9.875407712095e-02 -9.875485621195e-02 1.89e-15 6.71e-12 4.00e-10 3.741
721   -9.875408037958e-02 -9.875485263783e-02 3.00e-15 8.64e-12 3.97e-10 3.746
722   -9.875408971203e-02 -9.875484243077e-02 2.78e-15 8.34e-12 3.82e-10 3.750
723   -9.875409282577e-02 -9.875483901389e-02 1.20e-14 1.42e-11 3.79e-10 3.756
724   -9.875410175229e-02 -9.875482925027e-02 1.13e-14 1.35e-11 3.65e-10 3.760
725   -9.875410482167e-02 -9.875482588415e-02 9.55e-15 9.39e-12 3.62e-10 3.765
726   -9.875411343854e-02 -9.875481645987e-02 9.10e-15 8.95e-12 3.49e-10 3.769
727   -9.875411642726e-02 -9.875481318062e-02 2.27e-14 1.64e-11 3.46e-10 3.774
728   -9.875412476401e-02 -9.875480406242e-02 2.15e-14 1.54e-11 3.33e-10 3.778
729   -9.875412768121e-02 -9.875480086332e-02 1.95e-14 1.93e-11 3.30e-10 3.783
730   -9.875413580489e-02 -9.875479197873e-02 1.86e-14 1.82e-11 3.18e-10 3.787
731   -9.875413861577e-02 -9.875478889489e-02 3.16e-14 3.06e-11 3.15e-10 3.792
732   -9.875414637784e-02 -9.875478040536e-02 2.99e-14 2.89e-11 3.04e-10 3.796
733   -9.875414914657e-02 -9.875477736974e-02 1.57e-14 2.32e-11 3.01e-10 3.801
734   -9.875415660595e-02 -9.875476921179e-02 1.50e-14 2.19e-11 2.90e-10 3.805
735   -9.875415931077e-02 -9.875476624512e-02 1.43e-14 2.11e-11 2.88e-10 3.810
736   -9.875416652781e-02 -9.875475835196e-02 1.35e-14 1.97e-11 2.77e-10 3.814
737   -9.875416919089e-02 -9.875475543235e-02 6.94e-16 2.15e-11 2.75e-10 3.819
738   -9.875417624213e-02 -9.875474772107e-02 7.22e-16 2.04e-11 2.64e-10 3.823
739   -9.875417879674e-02 -9.875474491897e-02 1.29e-14 1.63e-11 2.62e-10 3.829
740   -9.875418550998e-02 -9.875473757695e-02 1.22e-14 1.54e-11 2.53e-10 3.833
741   -9.875418801829e-02 -9.875473482690e-02 1.06e-14 1.60e-11 2.50e-10 3.838
742   -9.875419453751e-02 -9.875472769756e-02 1.01e-14 1.51e-11 2.41e-10 3.842
743   -9.875419698704e-02 -9.875472501097e-02 2.14e-14 1.43e-11 2.39e-10 3.847
744   -9.875420333636e-02 -9.875471806721e-02 2.02e-14 1.38e-11 2.30e-10 3.851
745   -9.875420570490e-02 -9.875471547061e-02 1.85e-14 1.78e-11 2.28e-10 3.857
746   -9.875421175881e-02 -9.875470885022e-02 1.76e-14 1.68e-11 2.20e-10 3.861
747   -9.875421410275e-02 -9.875470627974e-02 2.81e-14 1.93e-11 2.18e-10 3.866
748   -9.875421999185e-02 -9.875469983944e-02 2.66e-14 1.83e-11 2.10e-10 3.870
749   -9.875422226669e-02 -9.875469734566e-02 2.50e-14 2.98e-11 2.08e-10 3.876
750   -9.875422797164e-02 -9.875469110713e-02 2.38e-14 2.79e-11 2.00e-10 3.879
751   -9.875423015896e-02 -9.875468870851e-02 3.38e-14 2.75e-11 1.98e-10 3.884
752   -9.875423559960e-02 -9.875468275872e-02 3.20e-14 2.56e-11 1.91e-10 3.888
753   -9.875423775979e-02 -9.875468039117e-02 2.07e-14 2.96e-11 1.89e-10 3.893
754   -9.875424303961e-02 -9.875467461762e-02 1.97e-14 2.82e-11 1.82e-10 3.897
755   -9.875424513651e-02 -9.875467231871e-02 1.87e-14 2.99e-11 1.81e-10 3.903
756   -9.875425018539e-02 -9.875466679748e-02 1.77e-14 2.84e-11 1.74e-10 3.907
757   -9.875425219442e-02 -9.875466459571e-02 7.16e-15 3.63e-11 1.72e-10 3.912
758   -9.875425711253e-02 -9.875465921775e-02 6.83e-15 3.44e-11 1.66e-10 3.916
759   -9.875425914745e-02 -9.875465698705e-02 6.38e-15 3.76e-11 1.64e-10 3.921
760   -9.875426389658e-02 -9.875465179375e-02 6.00e-15 3.58e-11 1.58e-10 3.925
761   -9.875426587350e-02 -9.875464962723e-02 3.33e-15 4.09e-11 1.57e-10 3.930
762   -9.875427049031e-02 -9.875464457892e-02 3.11e-15 3.89e-11 1.51e-10 3.934
763   -9.875427235993e-02 -9.875464252953e-02 3.22e-15 3.97e-11 1.50e-10 3.939
764   -9.875427677117e-02 -9.875463770573e-02 3.11e-15 3.77e-11 1.44e-10 3.943
765   -9.875427863667e-02 -9.875463566121e-02 3.89e-15 4.94e-11 1.43e-10 3.948
766   -9.875428287344e-02 -9.875463102849e-02 3.66e-15 4.66e-11 1.38e-10 3.952
767   -9.875428461524e-02 -9.875462911921e-02 3.77e-15 5.76e-11 1.36e-10 3.957
768   -9.875428869180e-02 -9.875462466145e-02 3.61e-15 5.44e-11 1.31e-10 3.961
769   -9.875429043984e-02 -9.875462274605e-02 1.21e-14 6.77e-11 1.30e-10 3.966
770   -9.875429445267e-02 -9.875461835822e-02 1.14e-14 6.44e-11 1.25e-10 3.970
771   -9.875429612664e-02 -9.875461652320e-02 2.61e-15 7.35e-11 1.24e-10 3.975
772   -9.875429981787e-02 -9.875461248683e-02 2.50e-15 6.99e-11 1.20e-10 3.979
773   -9.875430149909e-02 -9.875461064448e-02 3.03e-15 7.27e-11 1.18e-10 3.984
774   -9.875430524445e-02 -9.875460654927e-02 2.83e-15 6.91e-11 1.14e-10 3.988
775   -9.875430685672e-02 -9.875460478204e-02 5.05e-15 8.25e-11 1.13e-10 3.993
776   -9.875431040366e-02 -9.875460090360e-02 4.77e-15 7.84e-11 1.09e-10 3.997
777   -9.875431198805e-02 -9.875459916749e-02 3.89e-15 7.18e-11 1.07e-10 4.002
778   -9.875431551902e-02 -9.875459530672e-02 3.72e-15 6.85e-11 1.03e-10 4.006
779   -9.875431702133e-02 -9.875459366073e-02 1.03e-14 6.48e-11 1.02e-10 4.011
780   -9.875432025786e-02 -9.875459012170e-02 9.80e-15 6.18e-11 9.87e-11 4.015
781   -9.875432174562e-02 -9.875458849171e-02 1.69e-14 6.77e-11 9.75e-11 4.020
782   -9.875432487240e-02 -9.875458507285e-02 1.60e-14 6.42e-11 9.41e-11 4.024
783   -9.875432625645e-02 -9.875458355633e-02 2.08e-14 5.20e-11 9.30e-11 4.029
784   -9.875432923960e-02 -9.875458029440e-02 1.98e-14 4.91e-11 8.98e-11 4.033
785   -9.875433060542e-02 -9.875457879799e-02 1.97e-14 5.16e-11 8.88e-11 4.039
786   -9.875433354430e-02 -9.875457558531e-02 4.18e-14 3.53e-08 8.57e-11 4.042
787   -9.875433487604e-02 -9.875457412647e-02 5.28e-14 3.43e-08 8.47e-11 4.047
788   -9.875433764165e-02 -9.875457110238e-02 5.03e-14 3.26e-08 8.18e-11 4.051
789   -9.875433898244e-02 -9.875456963350e-02 5.54e-14 3.17e-08 8.08e-11 4.056
790   -9.875434175889e-02 -9.875456659774e-02 5.25e-14 3.00e-08 7.79e-11 4.060
791   -9.875434301140e-02 -9.875456522564e-02 6.25e-14 2.92e-08 7.70e-11 4.065
792   -9.875434562139e-02 -9.875456237174e-02 5.94e-14 2.77e-08 7.43e-11 4.069
793   -9.875434684782e-02 -9.875456102808e-02 5.83e-14 2.69e-08 7.34e-11 4.074
794   -9.875434934424e-02 -9.875455829843e-02 5.54e-14 2.56e-08 7.09e-11 4.078
795   -9.875435051473e-02 -9.875455701604e-02 5.80e-14 2.49e-08 7.00e-11 4.083
796   -9.875435289433e-02 -9.875455441409e-02 5.52e-14 2.37e-08 6.76e-11 4.086
797   -9.875435407517e-02 -9.875455312070e-02 5.97e-14 2.30e-08 6.67e-11 4.091
798   -9.875435644584e-02 -9.875455052862e-02 5.67e-14 2.18e-08 6.44e-11 4.095
799   -9.875435756951e-02 -9.875454929759e-02 5.89e-14 2.12e-08 6.36e-11 4.100
800   -9.875435982268e-02 -9.875454683394e-02 5.60e-14 2.01e-08 6.14e-11 4.103
801   -9.875436092281e-02 -9.875454562900e-02 6.04e-14 1.95e-08 6.07e-11 4.109
802   -9.875436315702e-02 -9.875454318610e-02 5.73e-14 1.85e-08 5.85e-11 4.113
803   -9.875436421506e-02 -9.875454202731e-02 6.56e-14 1.80e-08 5.78e-11 4.118
804   -9.875436614793e-02 -9.875453991379e-02 6.26e-14 1.72e-08 5.59e-11 4.122
805   -9.875436718082e-02 -9.875453878288e-02 8.06e-14 1.67e-08 5.52e-11 4.126
806   -9.875436924367e-02 -9.875453652739e-02 7.65e-14 1.58e-08 5.33e-11 4.130
807   -9.875437025629e-02 -9.875453541836e-02 8.31e-14 1.53e-08 5.26e-11 4.135
808   -9.875437215213e-02 -9.875453334538e-02 7.91e-14 1.46e-08 5.08e-11 4.139
809   -9.875437316021e-02 -9.875453224171e-02 9.58e-14 1.42e-08 5.01e-11 4.143
810   -9.875437498994e-02 -9.875453024107e-02 9.11e-14 1.35e-08 4.84e-11 4.147
811   -9.875437599810e-02 -9.875452913689e-02 9.59e-14 1.30e-08 4.78e-11 4.152
812   -9.875437791579e-02 -9.875452704010e-02 9.10e-14 1.24e-08 4.61e-11 4.156
813   -9.875437883086e-02 -9.875452603834e-02 1.07e-13 1.20e-08 4.54e-11 4.160
814   -9.875438054031e-02 -9.875452416914e-02 1.02e-13 1.14e-08 4.39e-11 4.164
815   -9.875438139886e-02 -9.875452322870e-02 1.01e-13 1.11e-08 4.33e-11 4.169
816   -9.875438301004e-02 -9.875452146690e-02 9.64e-14 1.06e-08 4.19e-11 4.172
817   -9.875438395020e-02 -9.875452043755e-02 1.07e-13 1.02e-08 4.13e-11 4.177
818   -9.875438563691e-02 -9.875451859329e-02 1.01e-13 9.71e-09 3.98e-11 4.181
819   -9.875438652860e-02 -9.875451761658e-02 1.00e-13 9.41e-09 3.92e-11 4.186
820   -9.875438796517e-02 -9.875451604578e-02 9.58e-14 8.97e-09 3.80e-11 4.190
821   -9.875438874085e-02 -9.875451519663e-02 1.09e-13 8.73e-09 3.74e-11 4.194
822   -9.875439027630e-02 -9.875451351772e-02 1.03e-13 8.29e-09 3.61e-11 4.198
823   -9.875439112049e-02 -9.875451259328e-02 1.07e-13 8.03e-09 3.56e-11 4.204
824   -9.875439247225e-02 -9.875451111520e-02 1.02e-13 7.65e-09 3.44e-11 4.208
825   -9.875439328599e-02 -9.875451022429e-02 1.10e-13 7.41e-09 3.39e-11 4.212
826   -9.875439463048e-02 -9.875450875421e-02 1.05e-13 7.05e-09 3.28e-11 4.216
827   -9.875439537506e-02 -9.875450793872e-02 1.03e-13 6.83e-09 3.24e-11 4.221
828   -9.875439673429e-02 -9.875450645249e-02 9.82e-14 6.48e-09 3.13e-11 4.225
829   -9.875439742255e-02 -9.875450569897e-02 1.07e-13 6.30e-09 3.08e-11 4.229
830   -9.875439859420e-02 -9.875450441777e-02 1.02e-13 6.01e-09 2.98e-11 4.233
831   -9.875439936709e-02 -9.875450357128e-02 1.00e-13 5.82e-09 2.93e-11 4.238
832   -9.875440062519e-02 -9.875450219567e-02 9.53e-14 5.53e-09 2.83e-11 4.242
833   -9.875440132845e-02 -9.875450142588e-02 1.06e-13 5.40e-09 2.79e-11 4.246
834   -9.875440253910e-02 -9.875450010211e-02 1.01e-13 5.14e-09 2.70e-11 4.250
835   -9.875440317087e-02 -9.875449941036e-02 1.04e-13 4.97e-09 2.66e-11 4.255
836   -9.875440414059e-02 -9.875449834994e-02 9.93e-14 4.76e-09 2.58e-11 4.259
837   -9.875440484749e-02 -9.875449757624e-02 1.09e-13 4.64e-09 2.54e-11 4.263
838   -9.875440592741e-02 -9.875449639545e-02 1.03e-13 4.42e-09 2.45e-11 4.267
839   -9.875440663562e-02 -9.875449561994e-02 1.04e-13 4.25e-09 2.41e-11 4.272
840   -9.875440779301e-02 -9.875449435446e-02 9.87e-14 4.03e-09 2.32e-11 4.276
841   -9.875440833842e-02 -9.875449375738e-02 1.05e-13 3.99e-09 2.29e-11 4.281
842   -9.875440933532e-02 -9.875449266724e-02 1.00e-13 3.79e-09 2.21e-11 4.285
843   -9.875441001672e-02 -9.875449192121e-02 1.02e-13 3.62e-09 2.17e-11 4.290
844   -9.875441096700e-02 -9.875449088211e-02 9.68e-14 3.44e-09 2.10e-11 4.294
845   -9.875441152613e-02 -9.875449027007e-02 1.02e-13 3.39e-09 2.06e-11 4.299
846   -9.875441238525e-02 -9.875448933064e-02 9.78e-14 3.24e-09 2.00e-11 4.303
847   -9.875441294455e-02 -9.875448871816e-02 9.55e-14 3.14e-09 1.97e-11 4.307
848   -9.875441375092e-02 -9.875448783641e-02 9.13e-14 3.00e-09 1.91e-11 4.311
849   -9.875441440894e-02 -9.875448711609e-02 9.76e-14 2.94e-09 1.87e-11 4.315
850   -9.875441538899e-02 -9.875448604456e-02 9.24e-14 2.78e-09 1.80e-11 4.319
851   -9.875441596874e-02 -9.875448540975e-02 9.28e-14 2.65e-09 1.77e-11 4.324
852   -9.875441674192e-02 -9.875448456431e-02 8.85e-14 2.53e-09 1.72e-11 4.328
853   -9.875441720840e-02 -9.875448405370e-02 9.57e-14 2.58e-09 1.68e-11 4.333
854   -9.875441793496e-02 -9.875448325922e-02 9.14e-14 2.46e-09 1.63e-11 4.337
855   -9.875441851971e-02 -9.875448261899e-02 9.11e-14 2.34e-09 1.60e-11 4.342
856   -9.875441930590e-02 -9.875448175936e-02 8.67e-14 2.23e-09 1.55e-11 4.346
857   -9.875441988935e-02 -9.875448112074e-02 9.18e-14 2.25e-09 1.52e-11 4.350
858   -9.875442070006e-02 -9.875448023433e-02 8.70e-14 2.13e-09 1.46e-11 4.354
859   -9.875442119152e-02 -9.875447969617e-02 8.44e-14 2.06e-09 1.43e-11 4.358
860   -9.875442185549e-02 -9.875447897013e-02 8.05e-14 1.96e-09 1.39e-11 4.362
861   -9.875442223827e-02 -9.875447855120e-02 8.75e-14 2.05e-09 1.36e-11 4.366
862   -9.875442278694e-02 -9.875447795120e-02 8.38e-14 1.96e-09 1.33e-11 4.370
863   -9.875442316553e-02 -9.875447753669e-02 8.14e-14 1.91e-09 1.30e-11 4.375
864   -9.875442377071e-02 -9.875447687491e-02 7.77e-14 1.82e-09 1.27e-11 4.379
865   -9.875442418099e-02 -9.875447642584e-02 8.19e-14 1.88e-09 1.24e-11 4.383
866   -9.875442478210e-02 -9.875447576853e-02 7.80e-14 1.79e-09 1.20e-11 4.387
867   -9.875442520082e-02 -9.875447531007e-02 7.57e-14 1.74e-09 1.18e-11 4.392
868   -9.875442568300e-02 -9.875447478280e-02 7.26e-14 1.67e-09 1.15e-11 4.396
869   -9.875442607083e-02 -9.875447435838e-02 7.77e-14 1.76e-09 1.13e-11 4.400
870   -9.875442657854e-02 -9.875447380323e-02 7.43e-14 1.68e-09 1.10e-11 4.404
871   -9.875442706858e-02 -9.875447326667e-02 7.16e-14 1.63e-09 1.07e-11 4.408
872   -9.875442771693e-02 -9.875447255779e-02 6.77e-14 1.54e-09 1.04e-11 4.412
873   -9.875442799771e-02 -9.875447225052e-02 7.41e-14 1.66e-09 1.02e-11 4.417
874   -9.875442841870e-02 -9.875447179010e-02 7.10e-14 1.59e-09 9.94e-12 4.421
875   -9.875442871793e-02 -9.875447146257e-02 7.18e-14 1.49e-09 9.79e-12 4.426
876   -9.875442912568e-02 -9.875447101664e-02 6.89e-14 1.43e-09 9.54e-12 4.430
877   -9.875442955916e-02 -9.875447054225e-02 7.34e-14 1.52e-09 9.30e-12 4.434
878   -9.875442999573e-02 -9.875447006491e-02 7.02e-14 1.46e-09 9.04e-12 4.438
879   -9.875443026063e-02 -9.875446977485e-02 6.78e-14 1.45e-09 8.90e-12 4.442
880   -9.875443074483e-02 -9.875446924535e-02 6.44e-14 1.38e-09 8.62e-12 4.446
881   -9.875443106778e-02 -9.875446889206e-02 7.06e-14 1.54e-09 8.44e-12 4.451
882   -9.875443136856e-02 -9.875446856314e-02 6.81e-14 1.49e-09 8.25e-12 4.455
883   -9.875443152790e-02 -9.875446838864e-02 6.53e-14 1.54e-09 8.17e-12 4.459
884   -9.875443182455e-02 -9.875446806418e-02 6.30e-14 1.49e-09 7.99e-12 4.463
885   -9.875443227046e-02 -9.875446757625e-02 6.66e-14 1.59e-09 7.74e-12 4.468
886   -9.875443270445e-02 -9.875446710174e-02 6.33e-14 1.51e-09 7.50e-12 4.472
887   -9.875443300451e-02 -9.875446677317e-02 6.10e-14 1.46e-09 7.37e-12 4.476
888   -9.875443339434e-02 -9.875446634690e-02 5.82e-14 1.40e-09 7.15e-12 4.480
889   -9.875443355585e-02 -9.875446617027e-02 6.49e-14 1.63e-09 7.07e-12 4.484
890   -9.875443379061e-02 -9.875446591348e-02 6.27e-14 1.58e-09 6.93e-12 4.488
891   -9.875443395193e-02 -9.875446573688e-02 6.36e-14 1.48e-09 6.85e-12 4.493
892   -9.875443417655e-02 -9.875446549121e-02 6.16e-14 1.44e-09 6.72e-12 4.497
893   -9.875443434987e-02 -9.875446530169e-02 6.80e-14 1.62e-09 6.63e-12 4.502
894   -9.875443462699e-02 -9.875446499861e-02 6.54e-14 1.56e-09 6.47e-12 4.505
895   -9.875443498140e-02 -9.875446461067e-02 6.28e-14 1.49e-09 6.32e-12 4.510
896   -9.875443529034e-02 -9.875446427286e-02 6.02e-14 1.43e-09 6.15e-12 4.514
897   -9.875443546206e-02 -9.875446408510e-02 6.53e-14 1.56e-09 6.08e-12 4.518
898   -9.875443570577e-02 -9.875446381856e-02 6.29e-14 1.51e-09 5.95e-12 4.522
899   -9.875443588711e-02 -9.875446362010e-02 6.32e-14 1.36e-09 5.88e-12 4.527
900   -9.875443612769e-02 -9.875446335698e-02 6.08e-14 1.30e-09 5.74e-12 4.531
901   -9.875443631605e-02 -9.875446315104e-02 6.63e-14 1.41e-09 5.66e-12 4.536
902   -9.875443655620e-02 -9.875446288840e-02 6.38e-14 1.36e-09 5.53e-12 4.540
903   -9.875443689410e-02 -9.875446251853e-02 6.08e-14 1.27e-09 5.36e-12 4.544
904   -9.875443720533e-02 -9.875446217820e-02 5.80e-14 1.21e-09 5.20e-12 4.548
905   -9.875443737425e-02 -9.875446199343e-02 5.99e-14 1.25e-09 5.10e-12 4.553
906   -9.875443757149e-02 -9.875446177771e-02 5.78e-14 1.21e-09 4.99e-12 4.557
907   -9.875443773451e-02 -9.875446159921e-02 5.55e-14 1.25e-09 4.93e-12 4.561
908   -9.875443801448e-02 -9.875446129300e-02 5.29e-14 1.19e-09 4.78e-12 4.565
909   -9.875443821949e-02 -9.875446106890e-02 5.80e-14 1.25e-09 4.73e-12 4.569
910   -9.875443844152e-02 -9.875446082604e-02 5.56e-14 1.20e-09 4.61e-12 4.573
911   -9.875443864422e-02 -9.875446060409e-02 5.33e-14 1.24e-09 4.52e-12 4.578
912   -9.875443883097e-02 -9.875446039985e-02 5.14e-14 1.20e-09 4.42e-12 4.581
913   -9.875443900860e-02 -9.875446020547e-02 5.30e-14 1.29e-09 4.31e-12 4.586
914   -9.875443919252e-02 -9.875446000433e-02 5.11e-14 1.24e-09 4.21e-12 4.590
915   -9.875443937199e-02 -9.875445980781e-02 4.88e-14 1.20e-09 4.13e-12 4.595
916   -9.875443961594e-02 -9.875445954103e-02 4.66e-14 1.14e-09 4.01e-12 4.598
917   -9.875443996401e-02 -9.875445916016e-02 4.80e-14 1.12e-09 3.85e-12 4.603
918   -9.875444028080e-02 -9.875445881376e-02 4.51e-14 1.05e-09 3.70e-12 4.607
919   -9.875444046937e-02 -9.875445860737e-02 4.44e-14 9.90e-10 3.63e-12 4.612
920   -9.875444065128e-02 -9.875445840842e-02 4.26e-14 9.50e-10 3.54e-12 4.615
921   -9.875444082748e-02 -9.875445821561e-02 4.38e-14 9.46e-10 3.45e-12 4.620
922   -9.875444095045e-02 -9.875445808113e-02 4.25e-14 9.16e-10 3.38e-12 4.624
923   -9.875444110081e-02 -9.875445791655e-02 4.05e-14 8.99e-10 3.30e-12 4.629
924   -9.875444131260e-02 -9.875445768494e-02 3.86e-14 8.53e-10 3.20e-12 4.633
925   -9.875444159693e-02 -9.875445737473e-02 6.82e-14 9.61e-10 3.07e-12 4.636
926   -9.875444176911e-02 -9.875445718642e-02 6.52e-14 9.19e-10 2.99e-12 4.640
927   -9.875444190164e-02 -9.875445704131e-02 6.25e-14 8.55e-10 2.91e-12 4.645
928   -9.875444204740e-02 -9.875445688187e-02 6.01e-14 8.22e-10 2.84e-12 4.649
929   -9.875444217915e-02 -9.875445673773e-02 6.00e-14 7.99e-10 2.77e-12 4.653
Numerical error in objective
Restoring previous solution


Suboptimal solution found in 930 iterations and 4.66 seconds
Objective -9.87526127e-02
Primal infeasibility (abs/rel): 9.11e-14/4.56e-14
Dual infeasibility   (abs/rel): 2.76e-13/2.51e-13
Complementarity gap  (abs/rel): 3.85e-09/3.50e-09


Barrier finished in 4.66 seconds
Dual variables for problems with quadratic constraints not returned.
