cuOpt version: 26.10.0, git hash: 648f805d, host arch: x86_64, device archs: 80-real
CPU: AMD EPYC 7642 48-Core Processor, threads: 5C/5T, RAM usage: 43.64/503.74GiB
CPU SIMD target: AVX2
CUDA 12.9, device: NVIDIA A100 80GB PCIe (ID 0), VRAM: 79.44 GiB
CUDA device UUID: 68df5cf5-71f9-6a93-b428-460c080ffb10
Problem has 1 quadratic constraints. Converting to second-order cones and solving with barrier.
Barrier: reusing cache (skip convert/presolve/scaling)
Barrier solver started at 0.000 seconds
Barrier solver: 5103 constraints, 10102 variables, 265152 nonzeros
Barrier setup complete at 0.001 seconds
Adaptive regularization enabled


                  Objective                         Infeasibility        Time
Iter   Primal              Dual                Primal   Dual    Compl.   Elapsed
  0   -3.704490508896e+02 -3.710981922775e+02 3.71e+03 1.91e+00 1.19e-02 0.001
  1   -4.756004119415e-01 -3.472839596788e+02 3.37e+00 2.99e-01 2.04e-01 0.007
  2   -6.520697313147e-02 -4.856591936998e+00 3.33e-02 3.34e-03 2.62e-03 0.011
  3   -6.244051668211e-02 -2.171866682973e-01 1.05e-03 1.05e-04 6.00e-05 0.015
  4   -6.307832309181e-02 -2.177975254322e-01 1.04e-03 1.04e-04 4.97e-05 0.019
  5   -6.304619144479e-02 -2.177633175865e-01 1.04e-03 1.04e-04 5.08e-05 0.025
  6   -6.385111529108e-02 -2.182968275546e-01 1.01e-03 1.02e-04 5.54e-05 0.028
  7   -6.385771261306e-02 -2.182917665686e-01 1.01e-03 1.01e-04 5.64e-05 0.034
  8   -6.383026700403e-02 -2.181701967867e-01 9.84e-04 9.87e-05 1.61e-04 0.038
  9   -7.411068087951e-02 -1.986250899933e-01 6.33e-04 6.34e-05 1.73e-04 0.042
 10   -7.394337804946e-02 -1.981499842529e-01 6.20e-04 6.22e-05 1.71e-04 0.048
 11   -7.652902028241e-02 -1.734875796950e-01 2.17e-04 2.18e-05 2.38e-04 0.053
 12   -7.654604316732e-02 -1.733762000240e-01 2.15e-04 2.16e-05 2.37e-04 0.058
 13   -7.749560538003e-02 -1.663525257242e-01 1.41e-04 1.42e-05 2.50e-04 0.062
 14   -7.746480173434e-02 -1.663169449099e-01 1.41e-04 1.41e-05 2.50e-04 0.069
 15   -7.713562577648e-02 -1.652476743944e-01 1.21e-04 1.22e-05 3.17e-04 0.073
 16   -7.721858257615e-02 -1.645905171818e-01 1.15e-04 1.16e-05 6.01e-04 0.078
 17   -7.727055342076e-02 -1.638527204500e-01 1.11e-04 1.12e-05 6.20e-04 0.085
 18   -8.006933431707e-02 -1.492207648639e-01 2.03e-05 2.04e-06 2.72e-04 0.089
 19   -7.999509544995e-02 -1.485082194528e-01 1.92e-05 1.93e-06 3.13e-04 0.095
 20   -8.131463537505e-02 -1.444855605193e-01 1.66e-05 1.66e-06 2.62e-04 0.100
 21   -8.137306411772e-02 -1.445409511163e-01 1.65e-05 1.66e-06 2.64e-04 0.105
 22   -8.231931922048e-02 -1.387457649326e-01 7.89e-06 7.91e-07 2.71e-04 0.109
 23   -8.228117790788e-02 -1.385820801899e-01 7.78e-06 7.80e-07 2.78e-04 0.116
 24   -8.258589907656e-02 -1.363725040139e-01 5.63e-06 5.64e-07 3.18e-04 0.120
 25   -8.265074995004e-02 -1.362983315426e-01 5.56e-06 5.57e-07 3.24e-04 0.126
 26   -8.303818095202e-02 -1.344069101166e-01 4.29e-06 4.30e-07 3.27e-04 0.130
 27   -8.300337015436e-02 -1.342706738177e-01 4.24e-06 4.25e-07 3.32e-04 0.136
 28   -8.345373671781e-02 -1.324401529051e-01 3.33e-06 3.34e-07 3.34e-04 0.141
 29   -8.350773468826e-02 -1.323738831680e-01 3.29e-06 3.30e-07 3.39e-04 0.147
 30   -8.378631460599e-02 -1.310768090404e-01 2.73e-06 2.74e-07 3.37e-04 0.151
 31   -8.376245770304e-02 -1.309632373484e-01 2.70e-06 2.71e-07 3.42e-04 0.157
 32   -8.437509284640e-02 -1.290414801783e-01 2.13e-06 2.14e-07 3.22e-04 0.162
 33   -8.441562574202e-02 -1.289762427149e-01 2.11e-06 2.12e-07 3.26e-04 0.168
 34   -8.457956711321e-02 -1.280779586962e-01 1.83e-06 1.84e-07 3.26e-04 0.172
 35   -8.456471450872e-02 -1.279854825622e-01 1.82e-06 1.82e-07 3.30e-04 0.177
 36   -8.532250644448e-02 -1.259693601455e-01 1.44e-06 1.44e-07 2.99e-04 0.182
 37   -8.535076307276e-02 -1.259060154931e-01 1.43e-06 1.43e-07 3.04e-04 0.188
 38   -8.544367788541e-02 -1.252437410946e-01 1.27e-06 1.28e-07 3.04e-04 0.193
 39   -8.543454974612e-02 -1.251694493796e-01 1.26e-06 1.27e-07 3.08e-04 0.199
 40   -8.628784597698e-02 -1.231402462591e-01 1.02e-06 1.02e-07 2.76e-04 0.204
 41   -8.630382099044e-02 -1.230855628698e-01 1.01e-06 1.01e-07 2.80e-04 0.209
 42   -8.636088761882e-02 -1.225581248135e-01 9.15e-07 9.18e-08 2.79e-04 0.214
 43   -8.635468460413e-02 -1.224980951243e-01 9.08e-07 9.10e-08 2.83e-04 0.220
 44   -8.723945244588e-02 -1.205573816881e-01 7.48e-07 7.50e-08 2.54e-04 0.225
 45   -8.724688480607e-02 -1.205093973878e-01 7.42e-07 7.44e-08 2.58e-04 0.231
 46   -8.728984281021e-02 -1.200588756384e-01 6.79e-07 6.81e-08 2.56e-04 0.235
 47   -8.728549777863e-02 -1.200096010903e-01 6.74e-07 6.76e-08 2.59e-04 0.242
 48   -8.814611976207e-02 -1.182320912657e-01 5.68e-07 5.69e-08 2.36e-04 0.246
 49   -8.814832792764e-02 -1.181892368396e-01 5.63e-07 5.65e-08 2.39e-04 0.252
 50   -8.818974595618e-02 -1.177827871405e-01 5.17e-07 5.19e-08 2.36e-04 0.257
 51   -8.818691846463e-02 -1.177414780406e-01 5.14e-07 5.15e-08 2.38e-04 0.263
 52   -8.899289785760e-02 -1.161527446281e-01 4.40e-07 4.41e-08 2.19e-04 0.268
 53   -8.899217978234e-02 -1.161139763985e-01 4.37e-07 4.38e-08 2.22e-04 0.274
 54   -8.903945731168e-02 -1.157328777067e-01 4.01e-07 4.02e-08 2.18e-04 0.279
 55   -8.903789946230e-02 -1.156975285013e-01 3.98e-07 3.99e-08 2.20e-04 0.285
 56   -8.977873015329e-02 -1.142917856908e-01 3.45e-07 3.46e-08 2.04e-04 0.290
 57   -8.977642249964e-02 -1.142564466773e-01 3.42e-07 3.43e-08 2.07e-04 0.296
 58   -8.983349303440e-02 -1.138910567551e-01 3.14e-07 3.15e-08 2.01e-04 0.300
 59   -8.983287506190e-02 -1.138603101400e-01 3.12e-07 3.12e-08 2.04e-04 0.306
 60   -9.045070218984e-02 -1.127024461712e-01 2.72e-07 2.73e-08 1.90e-04 0.311
 61   -9.044873145084e-02 -1.126708975759e-01 2.70e-07 2.71e-08 1.92e-04 0.317
 62   -9.051764012476e-02 -1.123187046257e-01 2.47e-07 2.47e-08 1.86e-04 0.322
 63   -9.051783873390e-02 -1.122916518811e-01 2.45e-07 2.46e-08 1.88e-04 0.328
 64   -9.103177494864e-02 -1.113371182092e-01 2.15e-07 2.16e-08 1.77e-04 0.333
 65   -9.103058604599e-02 -1.113091199942e-01 2.13e-07 2.14e-08 1.79e-04 0.339
 66   -9.111151752113e-02 -1.109693016313e-01 1.95e-07 1.95e-08 1.73e-04 0.344
 67   -9.111230240153e-02 -1.109453307202e-01 1.93e-07 1.94e-08 1.75e-04 0.350
 68   -9.155386659056e-02 -1.101377379640e-01 1.70e-07 1.71e-08 1.65e-04 0.355
 69   -9.155331082423e-02 -1.101128212111e-01 1.69e-07 1.70e-08 1.66e-04 0.362
 70   -9.164526635448e-02 -1.097853427517e-01 1.54e-07 1.54e-08 1.60e-04 0.366
 71   -9.164641522828e-02 -1.097639672401e-01 1.53e-07 1.53e-08 1.62e-04 0.372
 72   -9.203549345583e-02 -1.090666855704e-01 1.35e-07 1.36e-08 1.53e-04 0.377
 73   -9.203540258190e-02 -1.090444225628e-01 1.34e-07 1.35e-08 1.55e-04 0.383
 74   -9.213703316082e-02 -1.087294129948e-01 1.22e-07 1.22e-08 1.49e-04 0.388
 75   -9.213838812825e-02 -1.087102297789e-01 1.21e-07 1.22e-08 1.50e-04 0.395
 76   -9.248861666976e-02 -1.080974651022e-01 1.08e-07 1.08e-08 1.43e-04 0.400
 77   -9.248883220723e-02 -1.080774754686e-01 1.07e-07 1.07e-08 1.44e-04 0.406
 78   -9.259876276951e-02 -1.077749045365e-01 9.70e-08 9.73e-09 1.38e-04 0.410
 79   -9.260020621385e-02 -1.077575873268e-01 9.64e-08 9.66e-09 1.40e-04 0.417
 80   -9.292137588258e-02 -1.072104424717e-01 8.59e-08 8.61e-09 1.33e-04 0.422
 81   -9.292174749113e-02 -1.071923994592e-01 8.53e-08 8.55e-09 1.34e-04 0.428
 82   -9.303851057007e-02 -1.069023143887e-01 7.72e-08 7.74e-09 1.28e-04 0.433
 83   -9.303994674204e-02 -1.068866057729e-01 7.67e-08 7.69e-09 1.29e-04 0.438
 84   -9.333910766605e-02 -1.063911992011e-01 6.85e-08 6.86e-09 1.23e-04 0.443
 85   -9.333949678271e-02 -1.063748320833e-01 6.80e-08 6.82e-09 1.24e-04 0.449
 86   -9.346129247486e-02 -1.060977464106e-01 6.14e-08 6.16e-09 1.18e-04 0.454
 87   -9.346264345280e-02 -1.060834510543e-01 6.10e-08 6.28e-09 1.19e-04 0.460
 88   -9.374464199897e-02 -1.056298537399e-01 5.46e-08 5.61e-09 1.13e-04 0.465
 89   -9.374493166100e-02 -1.056149486376e-01 5.42e-08 5.86e-09 1.14e-04 0.471
 90   -9.386937440569e-02 -1.053521481656e-01 4.89e-08 5.28e-09 1.08e-04 0.475
 91   -9.387058668288e-02 -1.053391283936e-01 4.85e-08 5.52e-09 1.10e-04 0.481
 92   -9.413835311052e-02 -1.049206511392e-01 4.35e-08 4.94e-09 1.03e-04 0.486
 93   -9.413846172854e-02 -1.049070506238e-01 4.31e-08 5.14e-09 1.05e-04 0.492
 94   -9.426253936922e-02 -1.046605721476e-01 3.89e-08 4.63e-09 9.89e-05 0.497
 95   -9.426359281593e-02 -1.046487414015e-01 3.86e-08 4.82e-09 9.99e-05 0.504
 96   -9.451307210994e-02 -1.042678366110e-01 3.46e-08 4.32e-09 9.40e-05 0.509
 97   -9.451305301385e-02 -1.042555027368e-01 3.43e-08 4.47e-09 9.50e-05 0.515
 98   -9.463381943803e-02 -1.040273832184e-01 3.09e-08 4.02e-09 8.95e-05 0.520
 99   -9.463473336814e-02 -1.040166922806e-01 3.07e-08 4.17e-09 9.05e-05 0.526
100   -9.485319320571e-02 -1.036866097445e-01 2.75e-08 3.74e-09 8.49e-05 0.531
101   -9.485327929424e-02 -1.036756445624e-01 2.73e-08 3.85e-09 8.58e-05 0.537
102   -9.496895036179e-02 -1.034667104527e-01 2.46e-08 3.47e-09 8.06e-05 0.541
103   -9.496976947810e-02 -1.034571216903e-01 2.44e-08 3.58e-09 8.14e-05 0.547
104   -9.515968368309e-02 -1.031728299237e-01 2.19e-08 3.22e-09 7.62e-05 0.552
105   -9.515991565961e-02 -1.031631714820e-01 2.18e-08 3.31e-09 7.70e-05 0.558
106   -9.526918493645e-02 -1.029733506680e-01 1.96e-08 2.98e-09 7.22e-05 0.563
107   -9.526993943255e-02 -1.029648051649e-01 1.95e-08 3.06e-09 7.29e-05 0.569
108   -9.543487212938e-02 -1.027200921669e-01 1.76e-08 2.76e-09 6.82e-05 0.574
109   -9.543524227991e-02 -1.027116311457e-01 1.74e-08 2.82e-09 6.89e-05 0.580
110   -9.553737918057e-02 -1.025401453479e-01 1.57e-08 2.55e-09 6.45e-05 0.585
111   -9.553808968496e-02 -1.025325657587e-01 1.56e-08 2.61e-09 6.52e-05 0.591
112   -9.568169200629e-02 -1.023213896567e-01 1.41e-08 2.35e-09 6.08e-05 0.596
113   -9.568217450149e-02 -1.023139986764e-01 1.40e-08 2.41e-09 6.15e-05 0.602
114   -9.577693423760e-02 -1.021596074400e-01 1.26e-08 2.17e-09 5.75e-05 0.606
115   -9.577761245875e-02 -1.021529057654e-01 1.26e-08 2.22e-09 5.81e-05 0.612
116   -9.590318220454e-02 -1.019699291282e-01 1.14e-08 2.01e-09 5.42e-05 0.617
117   -9.590374679332e-02 -1.019634794389e-01 1.13e-08 2.05e-09 5.48e-05 0.624
118   -9.599118879597e-02 -1.018247584078e-01 1.02e-08 1.85e-09 5.12e-05 0.628
119   -9.599184088053e-02 -1.018188436713e-01 1.01e-08 1.89e-09 5.18e-05 0.635
120   -9.610216286796e-02 -1.016595900399e-01 9.19e-09 1.71e-09 4.83e-05 0.640
121   -9.610278219512e-02 -1.016539604038e-01 9.13e-09 1.74e-09 4.88e-05 0.646
122   -9.618314659405e-02 -1.015294605843e-01 8.28e-09 1.58e-09 4.56e-05 0.650
123   -9.618377623419e-02 -1.015242440320e-01 8.23e-09 1.60e-09 4.61e-05 0.656
124   -9.628114997120e-02 -1.013850210904e-01 7.47e-09 1.46e-09 4.31e-05 0.661
125   -9.628180230409e-02 -1.013801014253e-01 7.42e-09 1.48e-09 4.35e-05 0.667
126   -9.635545078892e-02 -1.012684078362e-01 6.75e-09 1.34e-09 4.07e-05 0.671
127   -9.635606075468e-02 -1.012638058604e-01 6.71e-09 1.36e-09 4.11e-05 0.678
128   -9.644239471726e-02 -1.011415541472e-01 6.10e-09 1.24e-09 3.84e-05 0.683
129   -9.644306389891e-02 -1.011372464674e-01 6.06e-09 1.26e-09 3.89e-05 0.689
130   -9.651044964213e-02 -1.010369945302e-01 5.53e-09 1.15e-09 3.63e-05 0.693
131   -9.651104209046e-02 -1.010329301792e-01 5.49e-09 1.16e-09 3.67e-05 0.699
132   -9.658794685894e-02 -1.009250820213e-01 5.01e-09 1.06e-09 3.43e-05 0.704
133   -9.658862105985e-02 -1.009213001695e-01 4.98e-09 1.07e-09 3.47e-05 0.710
134   -9.665026417879e-02 -1.008311850614e-01 4.55e-09 9.79e-10 3.25e-05 0.714
135   -9.665084041225e-02 -1.008275887061e-01 4.52e-09 9.90e-10 3.29e-05 0.720
136   -9.671969364558e-02 -1.007319681070e-01 4.13e-09 9.05e-10 3.07e-05 0.725
137   -9.672036394518e-02 -1.007286370389e-01 4.11e-09 9.15e-10 3.11e-05 0.731
138   -9.677681751742e-02 -1.006474352303e-01 3.76e-09 8.37e-10 2.91e-05 0.735
139   -9.677737780420e-02 -1.006442448330e-01 3.74e-09 8.46e-10 2.95e-05 0.742
140   -9.683935450187e-02 -1.005590126815e-01 3.42e-09 7.75e-10 2.76e-05 0.747
141   -9.684001394809e-02 -1.005560677143e-01 3.40e-09 7.82e-10 2.79e-05 0.754
142   -9.689182165336e-02 -1.004826688126e-01 3.12e-09 7.17e-10 2.62e-05 0.758
143   -9.689236544770e-02 -1.004798299724e-01 3.10e-09 7.24e-10 2.65e-05 0.765
144   -9.694845090435e-02 -1.004034518325e-01 2.85e-09 6.64e-10 2.48e-05 0.769
145   -9.694909414411e-02 -1.004008378346e-01 2.83e-09 6.70e-10 2.51e-05 0.776
146   -9.699675620707e-02 -1.003342673472e-01 2.60e-09 6.15e-10 2.36e-05 0.780
147   -9.699728264079e-02 -1.003317330242e-01 2.59e-09 6.21e-10 2.39e-05 0.787
148   -9.704828932224e-02 -1.002629443106e-01 2.38e-09 5.71e-10 2.24e-05 0.791
149   -9.704891249898e-02 -1.002606146873e-01 2.36e-09 5.75e-10 2.27e-05 0.798
150   -9.709287053487e-02 -1.002000362710e-01 2.18e-09 5.29e-10 2.13e-05 0.802
151   -9.709337885143e-02 -1.001977661615e-01 2.16e-09 5.33e-10 2.15e-05 0.809
152   -9.713997224381e-02 -1.001355291356e-01 1.99e-09 4.91e-10 2.02e-05 0.813
153   -9.714057286373e-02 -1.001334446540e-01 1.98e-09 4.95e-10 2.05e-05 0.819
154   -9.718121026791e-02 -1.000781465002e-01 1.83e-09 4.56e-10 1.93e-05 0.823
155   -9.718170003718e-02 -1.000761062033e-01 1.82e-09 4.59e-10 1.95e-05 0.831
156   -9.722442783384e-02 -1.000195654197e-01 1.68e-09 4.23e-10 1.83e-05 0.836
157   -9.722500452835e-02 -1.000176930287e-01 1.67e-09 4.26e-10 1.86e-05 0.842
158   -9.726265443248e-02 -9.996706784137e-02 1.54e-09 3.93e-10 1.75e-05 0.846
159   -9.726312556417e-02 -9.996522798896e-02 1.53e-09 3.96e-10 1.77e-05 0.852
160   -9.730244436833e-02 -9.991367078653e-02 1.41e-09 3.66e-10 1.66e-05 0.857
161   -9.730299659090e-02 -9.991198254939e-02 1.41e-09 3.68e-10 1.68e-05 0.863
162   -9.733795149409e-02 -9.986550775164e-02 1.30e-09 3.40e-10 1.59e-05 0.867
163   -9.733840413888e-02 -9.986384320797e-02 1.29e-09 3.42e-10 1.61e-05 0.873
164   -9.737470075009e-02 -9.981666827192e-02 1.20e-09 3.16e-10 1.51e-05 0.877
165   -9.737522847885e-02 -9.981514046517e-02 1.19e-09 3.18e-10 1.53e-05 0.884
166   -9.740774803053e-02 -9.977236231667e-02 1.10e-09 2.94e-10 1.44e-05 0.888
167   -9.740818244728e-02 -9.977085149659e-02 1.10e-09 2.96e-10 1.46e-05 0.894
168   -9.744178861575e-02 -9.972754634125e-02 1.01e-09 2.74e-10 1.38e-05 0.899
169   -9.744229211435e-02 -9.972615873717e-02 1.01e-09 2.75e-10 1.40e-05 0.905
170   -9.747260732487e-02 -9.968668190440e-02 9.35e-10 2.55e-10 1.32e-05 0.909
171   -9.747302378995e-02 -9.968530623720e-02 9.30e-10 2.56e-10 1.33e-05 0.915
172   -9.750422439438e-02 -9.964543326503e-02 8.62e-10 2.37e-10 1.26e-05 0.919
173   -9.750470407430e-02 -9.964416858800e-02 8.58e-10 2.38e-10 1.27e-05 0.926
174   -9.753301757855e-02 -9.960765121085e-02 7.95e-10 2.21e-10 1.20e-05 0.930
175   -9.753341636601e-02 -9.960639472809e-02 7.91e-10 2.22e-10 1.22e-05 0.937
176   -9.756245213464e-02 -9.956958423970e-02 7.34e-10 2.06e-10 1.15e-05 0.941
177   -9.756290853062e-02 -9.956842776654e-02 7.30e-10 2.07e-10 1.16e-05 0.947
178   -9.758939163067e-02 -9.953458089141e-02 6.78e-10 1.92e-10 1.10e-05 0.951
179   -9.758977308913e-02 -9.953342992745e-02 6.74e-10 1.93e-10 1.11e-05 0.958
180   -9.761683996470e-02 -9.949937748194e-02 6.26e-10 1.79e-10 1.05e-05 0.962
181   -9.761727381444e-02 -9.949831673593e-02 6.23e-10 1.80e-10 1.06e-05 0.968
182   -9.764206338854e-02 -9.946690444722e-02 5.79e-10 1.67e-10 1.01e-05 0.972
183   -9.764242807729e-02 -9.946584737770e-02 5.76e-10 1.67e-10 1.02e-05 0.978
184   -9.766767856071e-02 -9.943430940929e-02 5.35e-10 1.55e-10 9.62e-06 0.982
185   -9.766809092146e-02 -9.943333387079e-02 5.32e-10 1.56e-10 9.75e-06 0.988
186   -9.769129171344e-02 -9.940416793589e-02 4.95e-10 1.45e-10 9.21e-06 0.992
187   -9.769164051060e-02 -9.940319488418e-02 4.92e-10 1.45e-10 9.33e-06 0.998
188   -9.771519259894e-02 -9.937397637261e-02 4.58e-10 1.35e-10 8.82e-06 1.002
189   -9.771558488134e-02 -9.937307713409e-02 4.55e-10 1.36e-10 8.94e-06 1.009
190   -9.773728055190e-02 -9.934600249752e-02 4.24e-10 1.26e-10 8.45e-06 1.012
191   -9.773761463163e-02 -9.934510498467e-02 4.22e-10 1.27e-10 8.57e-06 1.019
192   -9.775956813616e-02 -9.931803953150e-02 3.92e-10 1.18e-10 8.10e-06 1.023
193   -9.775994198060e-02 -9.931720891948e-02 3.90e-10 1.18e-10 8.21e-06 1.029
194   -9.778021035857e-02 -9.929208516736e-02 3.63e-10 1.10e-10 7.77e-06 1.033
195   -9.778053102326e-02 -9.929125576580e-02 3.62e-10 1.10e-10 7.87e-06 1.040
196   -9.780098302070e-02 -9.926618719100e-02 3.37e-10 1.03e-10 7.45e-06 1.044
197   -9.780134008026e-02 -9.926541844296e-02 3.35e-10 1.03e-10 7.55e-06 1.050
198   -9.782026362643e-02 -9.924210706124e-02 3.12e-10 9.60e-11 7.15e-06 1.054
199   -9.782057210427e-02 -9.924133914587e-02 3.11e-10 9.63e-11 7.24e-06 1.060
200   -9.783962371062e-02 -9.921811306328e-02 2.89e-10 8.98e-11 6.86e-06 1.064
201   -9.783996546931e-02 -9.921740013204e-02 2.88e-10 9.00e-11 6.95e-06 1.071
202   -9.785763279625e-02 -9.919576194785e-02 2.69e-10 8.38e-11 6.58e-06 1.075
203   -9.785793011856e-02 -9.919504956070e-02 2.67e-10 8.40e-11 6.67e-06 1.081
204   -9.787568504978e-02 -9.917351421368e-02 2.49e-10 7.84e-11 6.32e-06 1.085
205   -9.787601275048e-02 -9.917285167076e-02 2.48e-10 7.86e-11 6.40e-06 1.092
206   -9.789251475973e-02 -9.915275036985e-02 2.31e-10 7.32e-11 6.07e-06 1.096
207   -9.789280174301e-02 -9.915208815966e-02 2.30e-10 7.34e-11 6.15e-06 1.103
208   -9.790936176237e-02 -9.913209878740e-02 2.15e-10 6.86e-11 5.84e-06 1.106
209   -9.790967642258e-02 -9.913148177498e-02 2.14e-10 6.86e-11 5.91e-06 1.113
210   -9.792510176823e-02 -9.911278824116e-02 2.00e-10 6.40e-11 5.61e-06 1.117
211   -9.792537905378e-02 -9.911217142138e-02 1.99e-10 6.41e-11 5.68e-06 1.123
212   -9.794084036257e-02 -9.909359363804e-02 1.86e-10 5.99e-11 5.39e-06 1.127
213   -9.794114282453e-02 -9.909301782590e-02 1.85e-10 6.00e-11 5.46e-06 1.133
214   -9.795557508172e-02 -9.907561265628e-02 1.73e-10 5.60e-11 5.19e-06 1.137
215   -9.795584318446e-02 -9.907503695964e-02 1.72e-10 5.64e-11 5.26e-06 1.143
216   -9.797029465258e-02 -9.905774816173e-02 1.61e-10 5.27e-11 4.99e-06 1.147
217   -9.797058563178e-02 -9.905720970044e-02 1.60e-10 5.28e-11 5.06e-06 1.153
218   -9.798410206837e-02 -9.904098402197e-02 1.49e-10 4.94e-11 4.81e-06 1.157
219   -9.798436141762e-02 -9.904044565321e-02 1.49e-10 4.95e-11 4.87e-06 1.163
220   -9.799788416692e-02 -9.902433499329e-02 1.39e-10 4.63e-11 4.63e-06 1.167
221   -9.799816428683e-02 -9.902383046727e-02 1.38e-10 4.65e-11 4.69e-06 1.175
222   -9.801083564761e-02 -9.900868569649e-02 1.29e-10 4.34e-11 4.45e-06 1.179
223   -9.801108661689e-02 -9.900818128136e-02 1.29e-10 4.34e-11 4.51e-06 1.186
224   -9.802375431317e-02 -9.899314891797e-02 1.21e-10 4.07e-11 4.29e-06 1.190
225   -9.802402412839e-02 -9.899267529372e-02 1.20e-10 4.07e-11 4.35e-06 1.196
226   -9.803591494319e-02 -9.897852237768e-02 1.12e-10 3.81e-11 4.13e-06 1.200
227   -9.803615786583e-02 -9.897804891610e-02 1.12e-10 3.81e-11 4.19e-06 1.207
228   -9.804803726926e-02 -9.896400503088e-02 1.05e-10 3.57e-11 3.98e-06 1.211
229   -9.804829728278e-02 -9.896355961374e-02 1.04e-10 3.58e-11 4.04e-06 1.217
230   -9.805946628579e-02 -9.895031820317e-02 9.75e-11 3.35e-11 3.84e-06 1.221
231   -9.805970146539e-02 -9.894987302494e-02 9.71e-11 3.37e-11 3.89e-06 1.228
232   -9.807085304612e-02 -9.893673681719e-02 9.09e-11 3.16e-11 3.70e-06 1.232
233   -9.807110371797e-02 -9.893631720980e-02 9.05e-11 3.18e-11 3.75e-06 1.239
234   -9.808160436846e-02 -9.892391476741e-02 8.48e-11 2.98e-11 3.57e-06 1.243
235   -9.808183208712e-02 -9.892349549297e-02 8.44e-11 2.96e-11 3.62e-06 1.249
236   -9.809231063253e-02 -9.891119422710e-02 7.91e-11 2.78e-11 3.45e-06 1.253
237   -9.809255238660e-02 -9.891079829406e-02 7.87e-11 2.78e-11 3.49e-06 1.260
238   -9.810243329523e-02 -9.889916935479e-02 7.38e-11 2.61e-11 3.32e-06 1.264
239   -9.810265381678e-02 -9.889877385904e-02 7.34e-11 2.62e-11 3.37e-06 1.270
240   -9.811250901586e-02 -9.888724197550e-02 6.88e-11 2.46e-11 3.21e-06 1.274
241   -9.811274224615e-02 -9.888686780979e-02 6.85e-11 2.46e-11 3.25e-06 1.280
242   -9.812204768729e-02 -9.887595317862e-02 6.42e-11 2.31e-11 3.10e-06 1.284
243   -9.812226126057e-02 -9.887557956183e-02 6.39e-11 2.31e-11 3.14e-06 1.290
244   -9.813153821098e-02 -9.886475790783e-02 6.00e-11 2.17e-11 2.99e-06 1.294
245   -9.813176328577e-02 -9.886440380407e-02 5.97e-11 2.15e-11 3.03e-06 1.301
246   -9.814053359384e-02 -9.885414991809e-02 5.60e-11 2.02e-11 2.89e-06 1.305
247   -9.814074045467e-02 -9.885379647767e-02 5.57e-11 2.03e-11 2.92e-06 1.311
248   -9.814948014143e-02 -9.884363159853e-02 5.23e-11 1.90e-11 2.79e-06 1.315
249   -9.814969740545e-02 -9.884329602776e-02 5.20e-11 1.91e-11 2.82e-06 1.322
250   -9.815796936909e-02 -9.883365434885e-02 4.88e-11 1.79e-11 2.69e-06 1.326
251   -9.815816974299e-02 -9.883331955533e-02 4.86e-11 1.79e-11 2.73e-06 1.332
252   -9.816640947430e-02 -9.882376305937e-02 4.56e-11 1.68e-11 2.60e-06 1.336
253   -9.816661925001e-02 -9.882344464912e-02 4.54e-11 1.68e-11 2.63e-06 1.342
254   -9.817442644420e-02 -9.881437115045e-02 4.26e-11 1.58e-11 2.51e-06 1.346
255   -9.817462054776e-02 -9.881405362758e-02 4.24e-11 1.59e-11 2.54e-06 1.353
256   -9.818239433338e-02 -9.880506163540e-02 3.98e-11 1.50e-11 2.43e-06 1.357
257   -9.818259692673e-02 -9.880475914735e-02 3.96e-11 1.50e-11 2.46e-06 1.363
258   -9.818997009540e-02 -9.879621376247e-02 3.72e-11 1.41e-11 2.34e-06 1.367
259   -9.819015813453e-02 -9.879591226907e-02 3.70e-11 1.40e-11 2.38e-06 1.373
260   -9.819749703652e-02 -9.878744491219e-02 3.47e-11 1.32e-11 2.27e-06 1.377
261   -9.819769273560e-02 -9.878715722995e-02 3.46e-11 1.34e-11 2.30e-06 1.383
262   -9.820466002207e-02 -9.877910349077e-02 3.25e-11 1.25e-11 2.19e-06 1.387
263   -9.820484219545e-02 -9.877881690393e-02 3.23e-11 1.26e-11 2.22e-06 1.393
264   -9.821177464105e-02 -9.877083788211e-02 3.04e-11 1.18e-11 2.12e-06 1.397
265   -9.821196371737e-02 -9.877056399613e-02 3.02e-11 1.17e-11 2.14e-06 1.403
266   -9.821855095050e-02 -9.876296862275e-02 2.84e-11 1.10e-11 2.05e-06 1.407
267   -9.821872744931e-02 -9.876269592465e-02 2.82e-11 1.10e-11 2.07e-06 1.414
268   -9.822527950625e-02 -9.875517211675e-02 2.65e-11 1.04e-11 1.98e-06 1.417
269   -9.822546221970e-02 -9.875491110889e-02 2.64e-11 1.04e-11 2.00e-06 1.424
270   -9.823169315610e-02 -9.874774366226e-02 2.48e-11 9.79e-12 1.91e-06 1.428
271   -9.823186416487e-02 -9.874748392748e-02 2.47e-11 9.79e-12 1.94e-06 1.435
272   -9.823805976759e-02 -9.874038507082e-02 2.32e-11 9.22e-12 1.85e-06 1.439
273   -9.823823636234e-02 -9.874013610691e-02 2.31e-11 9.23e-12 1.87e-06 1.445
274   -9.824413289447e-02 -9.873336868914e-02 2.17e-11 8.65e-12 1.79e-06 1.449
275   -9.824429858954e-02 -9.873312107685e-02 2.16e-11 8.86e-12 1.81e-06 1.456
276   -9.825015977726e-02 -9.872641943941e-02 2.03e-11 8.36e-12 1.73e-06 1.460
277   -9.825033048757e-02 -9.872618175845e-02 2.02e-11 8.36e-12 1.75e-06 1.466
278   -9.825591280738e-02 -9.871978877231e-02 1.90e-11 7.83e-12 1.67e-06 1.470
279   -9.825607336135e-02 -9.871955251189e-02 1.89e-11 7.96e-12 1.69e-06 1.476
280   -9.826162046447e-02 -9.871322263440e-02 1.77e-11 7.50e-12 1.62e-06 1.480
281   -9.826178551127e-02 -9.871299554076e-02 1.77e-11 7.44e-12 1.64e-06 1.486
282   -9.826707230198e-02 -9.870695342623e-02 1.66e-11 6.97e-12 1.57e-06 1.490
283   -9.826722787813e-02 -9.870672781566e-02 1.65e-11 6.87e-12 1.59e-06 1.497
284   -9.827247967693e-02 -9.870074628761e-02 1.55e-11 6.48e-12 1.51e-06 1.501
285   -9.827263927290e-02 -9.870052914375e-02 1.54e-11 6.61e-12 1.53e-06 1.508
286   -9.827764784133e-02 -9.869481618626e-02 1.45e-11 6.20e-12 1.46e-06 1.511
287   -9.827779860108e-02 -9.869460057775e-02 1.45e-11 6.12e-12 1.48e-06 1.518
288   -9.828277248923e-02 -9.868894581792e-02 1.36e-11 5.78e-12 1.42e-06 1.522
289   -9.828292683480e-02 -9.868873803902e-02 1.35e-11 5.67e-12 1.43e-06 1.529
290   -9.828767321528e-02 -9.868333421728e-02 1.27e-11 5.31e-12 1.37e-06 1.533
291   -9.828781931201e-02 -9.868312801852e-02 1.27e-11 5.35e-12 1.39e-06 1.539
292   -9.829253142818e-02 -9.867778009240e-02 1.19e-11 5.04e-12 1.33e-06 1.543
293   -9.829268071690e-02 -9.867758113827e-02 1.18e-11 5.13e-12 1.34e-06 1.549
294   -9.829717985764e-02 -9.867246788217e-02 1.11e-11 4.81e-12 1.28e-06 1.553
295   -9.829732143976e-02 -9.867227054661e-02 1.11e-11 4.82e-12 1.30e-06 1.560
296   -9.830178675409e-02 -9.866721104146e-02 1.04e-11 4.55e-12 1.24e-06 1.564
297   -9.830193116955e-02 -9.866702041520e-02 1.04e-11 4.70e-12 1.26e-06 1.570
298   -9.830619693834e-02 -9.866218057225e-02 9.75e-12 4.40e-12 1.20e-06 1.574
299   -9.830633415044e-02 -9.866199159480e-02 9.70e-12 4.40e-12 1.22e-06 1.582
300   -9.831056663285e-02 -9.865720340586e-02 9.12e-12 4.15e-12 1.16e-06 1.586
301   -9.831070635211e-02 -9.865702064693e-02 9.07e-12 4.25e-12 1.18e-06 1.592
302   -9.831475172546e-02 -9.865243824533e-02 8.54e-12 3.98e-12 1.12e-06 1.596
303   -9.831488470635e-02 -9.865225715979e-02 8.49e-12 4.10e-12 1.14e-06 1.602
304   -9.831889733963e-02 -9.864772445317e-02 7.99e-12 3.87e-12 1.09e-06 1.606
305   -9.831903253153e-02 -9.864754913535e-02 7.94e-12 3.80e-12 1.10e-06 1.613
306   -9.832286959975e-02 -9.864320935755e-02 7.47e-12 3.56e-12 1.05e-06 1.616
307   -9.832299848462e-02 -9.864303573090e-02 7.43e-12 3.46e-12 1.07e-06 1.623
308   -9.832680341223e-02 -9.863874375932e-02 6.99e-12 3.26e-12 1.02e-06 1.627
309   -9.832693423881e-02 -9.863857548725e-02 6.96e-12 3.20e-12 1.03e-06 1.634
310   -9.833057431608e-02 -9.863446452756e-02 6.55e-12 3.00e-12 9.85e-07 1.638
311   -9.833069923522e-02 -9.863429795887e-02 6.51e-12 2.99e-12 9.98e-07 1.644
312   -9.833430779358e-02 -9.863023300799e-02 6.13e-12 2.83e-12 9.53e-07 1.648
313   -9.833443440899e-02 -9.863007141471e-02 6.09e-12 2.66e-12 9.65e-07 1.655
314   -9.833788808220e-02 -9.862617640850e-02 5.73e-12 2.49e-12 9.23e-07 1.659
315   -9.833800916202e-02 -9.862601652455e-02 5.70e-12 2.55e-12 9.34e-07 1.665
316   -9.834143197538e-02 -9.862216579247e-02 5.36e-12 2.41e-12 8.93e-07 1.669
317   -9.834155452899e-02 -9.862201053484e-02 5.33e-12 2.25e-12 9.04e-07 1.675
318   -9.834483173715e-02 -9.861831945548e-02 5.02e-12 2.10e-12 8.64e-07 1.679
319   -9.834494910030e-02 -9.861816590859e-02 4.99e-12 2.10e-12 8.74e-07 1.685
320   -9.834819613476e-02 -9.861451743214e-02 4.70e-12 1.98e-12 8.36e-07 1.689
321   -9.834831476933e-02 -9.861436819121e-02 4.67e-12 2.13e-12 8.46e-07 1.695
322   -9.835142483228e-02 -9.861086980484e-02 4.40e-12 1.99e-12 8.09e-07 1.699
323   -9.835153859615e-02 -9.861072227227e-02 4.37e-12 2.09e-12 8.19e-07 1.705
324   -9.835461916211e-02 -9.860726491258e-02 4.11e-12 1.98e-12 7.83e-07 1.709
325   -9.835473401456e-02 -9.860712139096e-02 4.09e-12 1.74e-12 7.92e-07 1.716
326   -9.835768568286e-02 -9.860380518994e-02 3.85e-12 1.62e-12 7.57e-07 1.720
327   -9.835779596267e-02 -9.860366336856e-02 3.83e-12 1.75e-12 7.66e-07 1.726
328   -9.836071887426e-02 -9.860038662337e-02 3.60e-12 1.66e-12 7.33e-07 1.730
329   -9.836083007575e-02 -9.860024854239e-02 3.58e-12 1.44e-12 7.41e-07 1.736
330   -9.836363160153e-02 -9.859710465595e-02 3.37e-12 1.35e-12 7.09e-07 1.740
331   -9.836373850835e-02 -9.859696826333e-02 3.35e-12 1.30e-12 7.17e-07 1.746
332   -9.836651200248e-02 -9.859386234768e-02 3.15e-12 1.24e-12 6.86e-07 1.750
333   -9.836661968182e-02 -9.859372944421e-02 3.14e-12 1.21e-12 6.94e-07 1.757
334   -9.836927885368e-02 -9.859074859161e-02 2.95e-12 1.13e-12 6.64e-07 1.761
335   -9.836938249350e-02 -9.859061736451e-02 2.93e-12 1.42e-12 6.72e-07 1.767
336   -9.837201433423e-02 -9.858767308656e-02 2.76e-12 1.35e-12 6.42e-07 1.771
337   -9.837211861096e-02 -9.858754511834e-02 2.75e-12 1.64e-12 6.50e-07 1.777
338   -9.837464273722e-02 -9.858471861826e-02 2.58e-12 1.54e-12 6.21e-07 1.781
339   -9.837474321366e-02 -9.858459230920e-02 2.57e-12 1.20e-12 6.29e-07 1.788
340   -9.837724074320e-02 -9.858180100641e-02 2.42e-12 1.14e-12 6.01e-07 1.792
341   -9.837734173436e-02 -9.858167774371e-02 2.40e-12 1.18e-12 6.08e-07 1.798
342   -9.837973772618e-02 -9.857899741587e-02 2.26e-12 1.10e-12 5.81e-07 1.802
343   -9.837983514071e-02 -9.857887579165e-02 2.25e-12 1.25e-12 5.88e-07 1.810
344   -9.838220528048e-02 -9.857622932344e-02 2.12e-12 1.19e-12 5.62e-07 1.813
345   -9.838230309865e-02 -9.857611055009e-02 2.10e-12 1.22e-12 5.69e-07 1.821
346   -9.838457749405e-02 -9.857356868218e-02 1.98e-12 1.14e-12 5.44e-07 1.824
347   -9.838467194172e-02 -9.857345152712e-02 1.97e-12 1.10e-12 5.50e-07 1.831
348   -9.838692120955e-02 -9.857094224925e-02 1.85e-12 1.05e-12 5.26e-07 1.835
349   -9.838701596262e-02 -9.857082776265e-02 1.84e-12 1.00e-12 5.32e-07 1.842
350   -9.838917493602e-02 -9.856841709376e-02 1.73e-12 9.31e-13 5.09e-07 1.846
351   -9.838926651078e-02 -9.856830420268e-02 1.72e-12 9.18e-13 5.15e-07 1.852
352   -9.839140110282e-02 -9.856592487204e-02 1.62e-12 8.75e-13 4.92e-07 1.856
353   -9.839149289232e-02 -9.856581448368e-02 1.61e-12 9.38e-13 4.98e-07 1.862
354   -9.839354227336e-02 -9.856352817835e-02 1.52e-12 8.69e-13 4.76e-07 1.866
355   -9.839363106560e-02 -9.856341935928e-02 1.51e-12 7.62e-13 4.82e-07 1.872
356   -9.839565680528e-02 -9.856116318559e-02 1.42e-12 7.26e-13 4.61e-07 1.876
357   -9.839574573091e-02 -9.856105671584e-02 1.41e-12 7.94e-13 4.66e-07 1.882
358   -9.839769106559e-02 -9.855888829249e-02 1.33e-12 7.38e-13 4.46e-07 1.886
359   -9.839777716135e-02 -9.855878336586e-02 1.32e-12 6.25e-13 4.51e-07 1.892
360   -9.839969957633e-02 -9.855664392202e-02 1.24e-12 5.95e-13 4.31e-07 1.896
361   -9.839978573307e-02 -9.855654120255e-02 1.23e-12 6.03e-13 4.36e-07 1.902
362   -9.840163224569e-02 -9.855448457107e-02 1.16e-12 5.61e-13 4.17e-07 1.906
363   -9.840171572936e-02 -9.855438336622e-02 1.15e-12 6.12e-13 4.22e-07 1.912
364   -9.840354006897e-02 -9.855235456596e-02 1.09e-12 5.92e-13 4.03e-07 1.916
365   -9.840362354829e-02 -9.855225543752e-02 1.08e-12 7.11e-13 4.08e-07 1.922
366   -9.840537623208e-02 -9.855030479536e-02 1.02e-12 6.64e-13 3.90e-07 1.926
367   -9.840545718431e-02 -9.855020715255e-02 1.01e-12 6.22e-13 3.94e-07 1.932
368   -9.840718840123e-02 -9.854828326668e-02 9.51e-13 5.98e-13 3.77e-07 1.936
369   -9.840726929035e-02 -9.854818757980e-02 9.45e-13 4.76e-13 3.81e-07 1.942
370   -9.840893284546e-02 -9.854633747755e-02 8.90e-13 4.40e-13 3.65e-07 1.946
371   -9.840901134104e-02 -9.854624324973e-02 8.84e-13 3.13e-13 3.69e-07 1.953
372   -9.841065411072e-02 -9.854441888179e-02 8.32e-13 3.05e-13 3.52e-07 1.957
373   -9.841073249325e-02 -9.854432649575e-02 8.26e-13 2.14e-13 3.56e-07 1.964
374   -9.841231138344e-02 -9.854257177136e-02 7.78e-13 1.94e-13 3.41e-07 1.967
375   -9.841238749964e-02 -9.854248081397e-02 7.73e-13 2.73e-13 3.45e-07 1.974
376   -9.841394632258e-02 -9.854075078520e-02 7.27e-13 2.62e-13 3.29e-07 1.978
377   -9.841402227821e-02 -9.854066156746e-02 7.23e-13 1.64e-13 3.33e-07 1.984
378   -9.841552073359e-02 -9.853899734054e-02 6.80e-13 1.47e-13 3.19e-07 1.988
379   -9.841559454237e-02 -9.853890952013e-02 6.75e-13 2.38e-13 3.22e-07 1.994
380   -9.841707362334e-02 -9.853726899982e-02 6.36e-13 2.31e-13 3.08e-07 1.998
381   -9.841714722837e-02 -9.853718282518e-02 6.32e-13 2.77e-13 3.11e-07 2.004
382   -9.841856928489e-02 -9.853560445125e-02 5.95e-13 2.54e-13 2.98e-07 2.008
383   -9.841864085398e-02 -9.853551964343e-02 5.91e-13 1.52e-13 3.01e-07 2.014
384   -9.842004420521e-02 -9.853396403259e-02 5.56e-13 1.37e-13 2.88e-07 2.018
385   -9.842011553191e-02 -9.853388078437e-02 5.52e-13 7.90e-14 2.91e-07 2.025
386   -9.842146497750e-02 -9.853238391172e-02 5.20e-13 6.77e-14 2.78e-07 2.029
387   -9.842153437111e-02 -9.853230200018e-02 5.16e-13 1.89e-13 2.81e-07 2.036
388   -9.842286578992e-02 -9.853082695470e-02 4.86e-13 1.80e-13 2.69e-07 2.040
389   -9.842293491060e-02 -9.853074651898e-02 4.83e-13 8.14e-14 2.72e-07 2.047
390   -9.842421540003e-02 -9.852932696063e-02 4.54e-13 6.53e-14 2.60e-07 2.051
391   -9.842428268397e-02 -9.852924783130e-02 4.51e-13 2.14e-13 2.63e-07 2.057
392   -9.842554578895e-02 -9.852784922037e-02 4.25e-13 1.92e-13 2.51e-07 2.061
393   -9.842561277009e-02 -9.852777149233e-02 4.22e-13 3.04e-13 2.54e-07 2.068
394   -9.842682772652e-02 -9.852642533236e-02 3.97e-13 2.98e-13 2.43e-07 2.072
395   -9.842689296010e-02 -9.852634888173e-02 3.94e-13 3.39e-13 2.45e-07 2.078
396   -9.842809117177e-02 -9.852502280725e-02 3.71e-13 3.16e-13 2.35e-07 2.082
397   -9.842815607768e-02 -9.852494768764e-02 3.68e-13 4.18e-13 2.37e-07 2.088
398   -9.842930878592e-02 -9.852367117699e-02 3.47e-13 3.98e-13 2.27e-07 2.092
399   -9.842937202950e-02 -9.852359730358e-02 3.44e-13 5.89e-13 2.29e-07 2.098
400   -9.843050860786e-02 -9.852234005751e-02 3.24e-13 5.44e-13 2.19e-07 2.102
401   -9.843057149973e-02 -9.852226745237e-02 3.22e-13 8.28e-13 2.21e-07 2.109
402   -9.843166506226e-02 -9.852105705591e-02 3.03e-13 7.92e-13 2.12e-07 2.113
403   -9.843172637018e-02 -9.852098566783e-02 3.01e-13 9.42e-13 2.14e-07 2.119
404   -9.843280440341e-02 -9.851979374296e-02 2.83e-13 8.88e-13 2.04e-07 2.123
405   -9.843286534130e-02 -9.851972356212e-02 2.81e-13 1.18e-12 2.07e-07 2.130
406   -9.843390269012e-02 -9.851857594432e-02 2.64e-13 1.12e-12 1.97e-07 2.133
407   -9.843396211849e-02 -9.851850695043e-02 2.62e-13 1.11e-12 1.99e-07 2.140
408   -9.843498454004e-02 -9.851737702132e-02 2.47e-13 1.04e-12 1.91e-07 2.144
409   -9.843504357982e-02 -9.851730918103e-02 2.45e-13 1.23e-12 1.93e-07 2.150
410   -9.843602753880e-02 -9.851622113608e-02 2.31e-13 1.18e-12 1.84e-07 2.154
411   -9.843608513793e-02 -9.851615445456e-02 2.29e-13 1.20e-12 1.86e-07 2.160
412   -9.843705470128e-02 -9.851508340293e-02 2.16e-13 1.13e-12 1.78e-07 2.164
413   -9.843711189497e-02 -9.851501782578e-02 2.14e-13 1.19e-12 1.80e-07 2.170
414   -9.843804506978e-02 -9.851398639771e-02 2.01e-13 1.14e-12 1.72e-07 2.174
415   -9.843810088922e-02 -9.851392194914e-02 2.00e-13 9.42e-13 1.74e-07 2.181
416   -9.843902025761e-02 -9.851290676530e-02 1.88e-13 8.85e-13 1.66e-07 2.185
417   -9.843907565953e-02 -9.851284337304e-02 1.87e-13 8.40e-13 1.68e-07 2.192
418   -9.843996061389e-02 -9.851186566089e-02 1.76e-13 7.97e-13 1.60e-07 2.196
419   -9.844001470591e-02 -9.851180336526e-02 1.74e-13 1.10e-12 1.62e-07 2.203
420   -9.844088640224e-02 -9.851084120184e-02 1.64e-13 1.03e-12 1.55e-07 2.207
421   -9.844094006507e-02 -9.851077991914e-02 1.63e-13 1.16e-12 1.56e-07 2.214
422   -9.844177920021e-02 -9.850985320884e-02 1.53e-13 1.09e-12 1.49e-07 2.218
423   -9.844183160578e-02 -9.850979300020e-02 1.52e-13 1.08e-12 1.51e-07 2.224
424   -9.844265797062e-02 -9.850888121737e-02 1.43e-13 1.01e-12 1.44e-07 2.228
425   -9.844270993762e-02 -9.850882198115e-02 1.42e-13 1.10e-12 1.46e-07 2.234
426   -9.844350551215e-02 -9.850794372228e-02 1.34e-13 1.04e-12 1.39e-07 2.238
427   -9.844355627766e-02 -9.850788553093e-02 1.32e-13 1.14e-12 1.41e-07 2.245
428   -9.844433959810e-02 -9.850702155445e-02 1.25e-13 1.06e-12 1.34e-07 2.249
429   -9.844438991983e-02 -9.850696429500e-02 1.24e-13 1.30e-12 1.36e-07 2.256
430   -9.844514411438e-02 -9.850613202983e-02 1.16e-13 1.21e-12 1.30e-07 2.260
431   -9.844519328425e-02 -9.850607578933e-02 1.15e-13 1.03e-12 1.31e-07 2.267
432   -9.844593569769e-02 -9.850525721563e-02 1.09e-13 9.64e-13 1.25e-07 2.271
433   -9.844598441951e-02 -9.850520186978e-02 1.08e-13 1.23e-12 1.26e-07 2.277
434   -9.844669929766e-02 -9.850441327520e-02 1.01e-13 1.16e-12 1.21e-07 2.281
435   -9.844674691350e-02 -9.850435892391e-02 1.01e-13 1.02e-12 1.22e-07 2.287
436   -9.844745047645e-02 -9.850358344357e-02 9.48e-14 9.62e-13 1.17e-07 2.291
437   -9.844749763758e-02 -9.850352995617e-02 9.39e-14 1.02e-12 1.18e-07 2.298
438   -9.844817511264e-02 -9.850278287925e-02 8.84e-14 9.62e-13 1.13e-07 2.301
439   -9.844822121524e-02 -9.850273035771e-02 8.77e-14 9.04e-13 1.14e-07 2.309
440   -9.844888784846e-02 -9.850199581549e-02 8.25e-14 8.46e-13 1.09e-07 2.313
441   -9.844893349443e-02 -9.850194412502e-02 8.17e-14 9.67e-13 1.10e-07 2.320
442   -9.844957546534e-02 -9.850123643412e-02 7.70e-14 9.13e-13 1.05e-07 2.324
443   -9.844962009557e-02 -9.850118568410e-02 7.63e-14 7.63e-13 1.06e-07 2.330
444   -9.845025165984e-02 -9.850048999515e-02 7.18e-14 7.22e-13 1.01e-07 2.334
445   -9.845029582882e-02 -9.850044004964e-02 7.13e-14 7.45e-13 1.02e-07 2.340
446   -9.845090404661e-02 -9.849976977966e-02 6.71e-14 6.94e-13 9.75e-08 2.344
447   -9.845094724280e-02 -9.849972074668e-02 6.64e-14 4.69e-13 9.84e-08 2.351
448   -9.845154547401e-02 -9.849906196727e-02 6.25e-14 4.47e-13 9.40e-08 2.354
449   -9.845158820729e-02 -9.849901371183e-02 6.20e-14 3.85e-13 9.49e-08 2.361
450   -9.845216432977e-02 -9.849837900443e-02 5.84e-14 3.72e-13 9.07e-08 2.364
451   -9.845220612723e-02 -9.849833163816e-02 5.77e-14 3.19e-13 9.15e-08 2.371
452   -9.845277269561e-02 -9.849770790049e-02 5.44e-14 3.06e-13 8.75e-08 2.375
453   -9.845281403263e-02 -9.849766128322e-02 5.40e-14 3.37e-13 8.82e-08 2.382
454   -9.845335969739e-02 -9.849706030581e-02 5.07e-14 3.21e-13 8.43e-08 2.386
455   -9.845340013405e-02 -9.849701455430e-02 5.03e-14 2.10e-13 8.51e-08 2.392
456   -9.845393662824e-02 -9.849642408335e-02 4.73e-14 1.84e-13 8.13e-08 2.396
457   -9.845397660813e-02 -9.849637905320e-02 4.70e-14 3.65e-13 8.20e-08 2.402
458   -9.845449332141e-02 -9.849581012085e-02 4.42e-14 3.45e-13 7.84e-08 2.406
459   -9.845453243197e-02 -9.849576593642e-02 4.37e-14 4.03e-13 7.91e-08 2.413
460   -9.845504033966e-02 -9.849520707127e-02 4.13e-14 3.85e-13 7.56e-08 2.417
461   -9.845507899320e-02 -9.849516358718e-02 4.09e-14 2.25e-13 7.62e-08 2.423
462   -9.845556817291e-02 -9.849462511480e-02 3.84e-14 2.10e-13 7.29e-08 2.427
463   -9.845560599405e-02 -9.849458244821e-02 3.81e-14 1.39e-13 7.35e-08 2.433
464   -9.845608677487e-02 -9.849405356143e-02 3.57e-14 1.35e-13 7.02e-08 2.437
465   -9.845612414289e-02 -9.849401157179e-02 3.55e-14 6.40e-13 7.08e-08 2.444
466   -9.845658719280e-02 -9.849350199283e-02 3.34e-14 5.97e-13 6.77e-08 2.448
467   -9.845662375947e-02 -9.849346079790e-02 3.31e-14 6.83e-13 6.83e-08 2.454
468   -9.845707877361e-02 -9.849296037367e-02 3.11e-14 6.39e-13 6.53e-08 2.458
469   -9.845711489115e-02 -9.849291983365e-02 3.08e-14 9.62e-13 6.58e-08 2.464
470   -9.845755311411e-02 -9.849243769480e-02 2.90e-14 8.90e-13 6.29e-08 2.468
471   -9.845758845528e-02 -9.849239793197e-02 2.88e-14 5.36e-13 6.34e-08 2.474
472   -9.845801895879e-02 -9.849192457099e-02 2.71e-14 5.10e-13 6.06e-08 2.478
473   -9.845805385594e-02 -9.849188544176e-02 2.68e-14 3.10e-13 6.11e-08 2.484
474   -9.845846849171e-02 -9.849142936116e-02 2.52e-14 2.93e-13 5.84e-08 2.488
475   -9.845850264669e-02 -9.849139098058e-02 2.49e-14 6.36e-13 5.89e-08 2.495
476   -9.845890991091e-02 -9.849094326919e-02 2.35e-14 6.02e-13 5.63e-08 2.499
477   -9.845894362451e-02 -9.849090550490e-02 2.32e-14 3.04e-13 5.67e-08 2.506
478   -9.845933585490e-02 -9.849047416660e-02 2.20e-14 2.89e-13 5.42e-08 2.509
479   -9.845936885520e-02 -9.849043712733e-02 2.16e-14 5.10e-13 5.46e-08 2.516
480   -9.845975407624e-02 -9.849001373601e-02 2.04e-14 4.84e-13 5.22e-08 2.520
481   -9.845978663705e-02 -9.848997729781e-02 2.02e-14 6.25e-13 5.26e-08 2.526
482   -9.846015761832e-02 -9.848956941553e-02 1.90e-14 5.87e-13 5.03e-08 2.530
483   -9.846018949527e-02 -9.848953367735e-02 1.89e-14 5.81e-13 5.07e-08 2.536
484   -9.846055375117e-02 -9.848913340779e-02 1.78e-14 5.36e-13 4.84e-08 2.540
485   -9.846058519223e-02 -9.848909825478e-02 1.75e-14 1.52e-13 4.88e-08 2.546
486   -9.846093597289e-02 -9.848871266241e-02 1.65e-14 1.60e-13 4.66e-08 2.550
487   -9.846096675574e-02 -9.848867818785e-02 1.63e-14 3.68e-13 4.70e-08 2.556
488   -9.846131113911e-02 -9.848829982746e-02 1.53e-14 3.67e-13 4.49e-08 2.560
489   -9.846134149693e-02 -9.848826591565e-02 1.52e-14 2.69e-13 4.53e-08 2.567
490   -9.846167313238e-02 -9.848790144107e-02 1.43e-14 2.66e-13 4.33e-08 2.571
491   -9.846170285211e-02 -9.848786819107e-02 1.42e-14 7.70e-13 4.36e-08 2.577
492   -9.846202833468e-02 -9.848751066121e-02 1.33e-14 7.18e-13 4.16e-08 2.581
493   -9.846205763650e-02 -9.848747795651e-02 1.46e-14 2.10e-14 4.20e-08 2.587
494   -9.846237107626e-02 -9.848713354511e-02 1.47e-14 5.08e-14 4.01e-08 2.591
495   -9.846239976411e-02 -9.848710148064e-02 1.47e-14 4.52e-13 4.04e-08 2.597
496   -9.846270735970e-02 -9.848676365796e-02 1.31e-14 4.41e-13 3.86e-08 2.601
497   -9.846273563597e-02 -9.848673212323e-02 1.50e-14 5.31e-13 3.89e-08 2.607
498   -9.846303184309e-02 -9.848640670686e-02 1.50e-14 5.22e-13 3.72e-08 2.610
499   -9.846305953034e-02 -9.848637578964e-02 1.74e-14 1.05e-13 3.74e-08 2.617
500   -9.846335014660e-02 -9.848605666821e-02 1.56e-14 1.11e-13 3.58e-08 2.621
501   -9.846337743137e-02 -9.848602626267e-02 1.75e-14 4.17e-13 3.60e-08 2.626
502   -9.846365728270e-02 -9.848571886902e-02 1.73e-14 3.85e-13 3.44e-08 2.630
503   -9.846368399817e-02 -9.848568906332e-02 1.96e-14 1.01e-13 3.47e-08 2.636
504   -9.846395853682e-02 -9.848538764493e-02 1.77e-14 7.50e-14 3.31e-08 2.640
505   -9.846398485258e-02 -9.848535834086e-02 1.95e-14 7.26e-15 3.34e-08 2.646
506   -9.846424918925e-02 -9.848506803758e-02 1.91e-14 1.13e-14 3.19e-08 2.649
507   -9.846427496142e-02 -9.848503930859e-02 1.90e-14 6.38e-13 3.21e-08 2.657
508   -9.846453421951e-02 -9.848475471056e-02 1.72e-14 5.97e-13 3.07e-08 2.661
509   -9.846455960189e-02 -9.848472646605e-02 2.14e-14 2.73e-13 3.09e-08 2.668
510   -9.846480922693e-02 -9.848445236397e-02 2.09e-14 2.55e-13 2.95e-08 2.672
511   -9.846483408749e-02 -9.848442467373e-02 2.83e-14 2.06e-13 2.97e-08 2.677
512   -9.846507889584e-02 -9.848415597757e-02 2.59e-14 1.89e-13 2.84e-08 2.681
513   -9.846510337193e-02 -9.848412875984e-02 2.98e-14 5.08e-13 2.86e-08 2.686
514   -9.846533906983e-02 -9.848386999084e-02 2.88e-14 4.69e-13 2.73e-08 2.690
515   -9.846536304342e-02 -9.848384330900e-02 3.59e-14 1.26e-12 2.75e-08 2.696
516   -9.846559414539e-02 -9.848358969260e-02 3.31e-14 1.19e-12 2.63e-08 2.700
517   -9.846561774759e-02 -9.848356346359e-02 3.46e-14 8.17e-13 2.64e-08 2.706
518   -9.846584024334e-02 -9.848331922557e-02 3.32e-14 7.36e-13 2.53e-08 2.710
519   -9.846586335685e-02 -9.848329351967e-02 3.80e-14 1.43e-12 2.54e-08 2.716
520   -9.846608145933e-02 -9.848305420178e-02 3.51e-14 1.35e-12 2.43e-08 2.720
521   -9.846610420744e-02 -9.848302893763e-02 3.65e-14 1.76e-12 2.45e-08 2.725
522   -9.846631421656e-02 -9.848279843952e-02 3.50e-14 1.66e-12 2.34e-08 2.729
523   -9.846633649892e-02 -9.848277367537e-02 3.96e-14 1.57e-12 2.35e-08 2.736
524   -9.846654230163e-02 -9.848254788320e-02 3.67e-14 1.44e-12 2.25e-08 2.740
525   -9.846656422895e-02 -9.848252354508e-02 3.79e-14 1.26e-12 2.26e-08 2.745
526   -9.846676239373e-02 -9.848230607696e-02 3.64e-14 1.19e-12 2.16e-08 2.749
527   -9.846678386695e-02 -9.848228222788e-02 4.08e-14 5.40e-13 2.18e-08 2.755
528   -9.846697807329e-02 -9.848206918524e-02 3.78e-14 4.93e-13 2.08e-08 2.759
529   -9.846699920266e-02 -9.848204574633e-02 3.90e-14 1.75e-13 2.09e-08 2.765
530   -9.846718614462e-02 -9.848184062131e-02 3.74e-14 1.62e-13 2.00e-08 2.769
531   -9.846720683799e-02 -9.848181765298e-02 4.16e-14 9.11e-13 2.01e-08 2.775
532   -9.846739000335e-02 -9.848161674642e-02 3.86e-14 8.60e-13 1.92e-08 2.779
533   -9.846741035670e-02 -9.848159418056e-02 4.17e-14 4.49e-13 1.93e-08 2.785
534   -9.846758668285e-02 -9.848140072856e-02 3.99e-14 4.08e-13 1.85e-08 2.789
535   -9.846760662407e-02 -9.848137860853e-02 4.40e-14 1.36e-12 1.86e-08 2.796
536   -9.846777935329e-02 -9.848118917102e-02 4.09e-14 1.30e-12 1.78e-08 2.800
537   -9.846779896294e-02 -9.848116744097e-02 4.19e-14 1.25e-12 1.79e-08 2.805
538   -9.846796525162e-02 -9.848098502389e-02 4.00e-14 1.18e-12 1.71e-08 2.809
539   -9.846798445678e-02 -9.848096373254e-02 4.39e-14 2.03e-12 1.72e-08 2.816
540   -9.846814732381e-02 -9.848078513112e-02 4.09e-14 1.95e-12 1.64e-08 2.820
541   -9.846816621396e-02 -9.848076420897e-02 4.37e-14 1.28e-12 1.65e-08 2.826
542   -9.846832298122e-02 -9.848059225711e-02 4.17e-14 1.21e-12 1.58e-08 2.830
543   -9.846834148155e-02 -9.848057175835e-02 4.54e-14 1.99e-12 1.59e-08 2.836
544   -9.846849501229e-02 -9.848040341341e-02 4.22e-14 1.85e-12 1.52e-08 2.840
545   -9.846851319823e-02 -9.848038328073e-02 4.49e-14 2.10e-12 1.52e-08 2.846
546   -9.846866099774e-02 -9.848022118371e-02 4.28e-14 1.97e-12 1.46e-08 2.850
547   -9.846867881459e-02 -9.848020145273e-02 4.64e-14 1.85e-12 1.46e-08 2.856
548   -9.846882352710e-02 -9.848004279327e-02 4.32e-14 1.73e-12 1.40e-08 2.860
549   -9.846884105087e-02 -9.848002340253e-02 4.40e-14 1.32e-12 1.41e-08 2.866
550   -9.846898036362e-02 -9.847987063021e-02 4.20e-14 1.23e-12 1.34e-08 2.870
551   -9.846899751937e-02 -9.847985164068e-02 4.70e-14 1.52e-13 1.35e-08 2.876
552   -9.846913392345e-02 -9.847970210545e-02 4.38e-14 1.80e-13 1.29e-08 2.880
553   -9.846915079184e-02 -9.847968344815e-02 4.63e-14 7.46e-13 1.30e-08 2.886
554   -9.846928210370e-02 -9.847953946493e-02 4.40e-14 6.67e-13 1.24e-08 2.890
555   -9.846929862069e-02 -9.847952119108e-02 4.88e-14 6.51e-13 1.25e-08 2.896
556   -9.846942710068e-02 -9.847938035622e-02 4.56e-14 6.11e-13 1.19e-08 2.900
557   -9.846944333646e-02 -9.847936240614e-02 4.79e-14 1.22e-12 1.20e-08 2.905
558   -9.846956704111e-02 -9.847922677804e-02 4.55e-14 1.18e-12 1.15e-08 2.909
559   -9.846958294196e-02 -9.847920919389e-02 5.01e-14 1.20e-12 1.15e-08 2.915
560   -9.846970403694e-02 -9.847907646662e-02 4.68e-14 1.14e-12 1.10e-08 2.918
561   -9.846971966960e-02 -9.847905919025e-02 4.74e-14 3.56e-13 1.10e-08 2.924
562   -9.846983619271e-02 -9.847893144847e-02 4.51e-14 3.22e-13 1.06e-08 2.928
563   -9.846985150099e-02 -9.847891452680e-02 4.81e-14 1.18e-12 1.06e-08 2.934
564   -9.846996554524e-02 -9.847878953881e-02 4.49e-14 1.09e-12 1.01e-08 2.938
565   -9.846998058161e-02 -9.847877292764e-02 4.70e-14 3.69e-13 1.02e-08 2.943
566   -9.847009033967e-02 -9.847865261369e-02 4.47e-14 3.27e-13 9.74e-09 2.948
567   -9.847010507514e-02 -9.847863633199e-02 4.76e-14 4.11e-13 9.78e-09 2.954
568   -9.847021247099e-02 -9.847851864058e-02 4.45e-14 4.04e-13 9.36e-09 2.958
569   -9.847022694076e-02 -9.847850266113e-02 4.50e-14 1.38e-12 9.39e-09 2.963
570   -9.847033028161e-02 -9.847838939197e-02 4.28e-14 1.31e-12 8.98e-09 2.967
571   -9.847034445621e-02 -9.847837373609e-02 4.56e-14 2.16e-12 9.02e-09 2.973
572   -9.847044556533e-02 -9.847826294330e-02 4.26e-14 2.02e-12 8.62e-09 2.977
573   -9.847045948854e-02 -9.847824757277e-02 4.46e-14 6.59e-13 8.66e-09 2.984
574   -9.847055680697e-02 -9.847814091418e-02 4.24e-14 6.80e-13 8.28e-09 2.988
575   -9.847057045053e-02 -9.847812585052e-02 4.63e-14 1.56e-12 8.31e-09 2.994
576   -9.847066568554e-02 -9.847802150294e-02 4.32e-14 1.50e-12 7.95e-09 2.997
577   -9.847067908041e-02 -9.847800672058e-02 4.51e-14 1.69e-12 7.97e-09 3.004
578   -9.847077069228e-02 -9.847790632485e-02 4.29e-14 1.55e-12 7.63e-09 3.008
579   -9.847078381867e-02 -9.847789183726e-02 4.66e-14 1.59e-12 7.65e-09 3.014
580   -9.847087346600e-02 -9.847779361969e-02 4.36e-14 1.49e-12 7.32e-09 3.018
581   -9.847088634831e-02 -9.847777940755e-02 4.53e-14 2.20e-12 7.34e-09 3.024
582   -9.847097259562e-02 -9.847768489858e-02 4.30e-14 2.05e-12 7.03e-09 3.028
583   -9.847098521766e-02 -9.847767097239e-02 4.55e-14 2.00e-12 7.05e-09 3.034
584   -9.847106958286e-02 -9.847757854879e-02 4.25e-14 1.92e-12 6.74e-09 3.038
585   -9.847108198709e-02 -9.847756486819e-02 4.29e-14 5.53e-13 6.76e-09 3.043
586   -9.847116315335e-02 -9.847747593427e-02 4.07e-14 5.49e-13 6.47e-09 3.047
587   -9.847117528549e-02 -9.847746255276e-02 4.42e-14 5.82e-13 6.49e-09 3.053
588   -9.847125464954e-02 -9.847737561436e-02 4.14e-14 5.83e-13 6.21e-09 3.057
589   -9.847126656638e-02 -9.847736247519e-02 4.17e-14 5.93e-13 6.22e-09 3.063
590   -9.847134294536e-02 -9.847727879314e-02 3.96e-14 5.40e-13 5.95e-09 3.066
591   -9.847135461280e-02 -9.847726592820e-02 4.30e-14 1.60e-12 5.97e-09 3.072
592   -9.847142923870e-02 -9.847718418588e-02 4.02e-14 1.49e-12 5.71e-09 3.076
593   -9.847144070164e-02 -9.847717155062e-02 4.05e-14 1.65e-12 5.73e-09 3.081
594   -9.847151253793e-02 -9.847709285162e-02 3.85e-14 1.55e-12 5.48e-09 3.085
595   -9.847152375664e-02 -9.847708048494e-02 4.07e-14 2.09e-12 5.49e-09 3.091
596   -9.847159397581e-02 -9.847700357497e-02 3.81e-14 2.02e-12 5.25e-09 3.095
597   -9.847160499582e-02 -9.847699143122e-02 3.95e-14 1.16e-12 5.27e-09 3.101
598   -9.847167259166e-02 -9.847691738319e-02 3.75e-14 1.11e-12 5.04e-09 3.105
599   -9.847168338057e-02 -9.847690549373e-02 4.06e-14 1.26e-12 5.05e-09 3.110
600   -9.847174944900e-02 -9.847683313480e-02 3.80e-14 1.18e-12 4.83e-09 3.114
601   -9.847176003691e-02 -9.847682147018e-02 3.93e-14 5.67e-13 4.84e-09 3.120
602   -9.847182360883e-02 -9.847675183504e-02 3.73e-14 5.10e-13 4.63e-09 3.124
603   -9.847183398150e-02 -9.847674040727e-02 3.93e-14 7.92e-13 4.64e-09 3.130
604   -9.847189608976e-02 -9.847667238992e-02 3.68e-14 7.44e-13 4.44e-09 3.134
605   -9.847190626447e-02 -9.847666118320e-02 3.81e-14 1.05e-12 4.45e-09 3.139
606   -9.847196601960e-02 -9.847659573339e-02 3.61e-14 1.00e-12 4.26e-09 3.143
607   -9.847197599168e-02 -9.847658474979e-02 3.80e-14 3.10e-13 4.27e-09 3.149
608   -9.847203443188e-02 -9.847652075357e-02 3.56e-14 2.64e-13 4.08e-09 3.153
609   -9.847204421700e-02 -9.847650997844e-02 3.68e-14 1.37e-14 4.09e-09 3.160
610   -9.847210043900e-02 -9.847644840266e-02 3.49e-14 6.53e-14 3.91e-09 3.164
611   -9.847211001760e-02 -9.847643785492e-02 3.76e-14 5.53e-13 3.92e-09 3.170
612   -9.847216490268e-02 -9.847637775536e-02 3.52e-14 5.31e-13 3.75e-09 3.174
613   -9.847217430272e-02 -9.847636740656e-02 3.64e-14 3.56e-13 3.76e-09 3.180
614   -9.847222714422e-02 -9.847630953694e-02 3.45e-14 3.02e-13 3.59e-09 3.184
615   -9.847223634867e-02 -9.847629940353e-02 3.63e-14 1.35e-12 3.60e-09 3.190
616   -9.847228795547e-02 -9.847624289707e-02 3.40e-14 1.27e-12 3.44e-09 3.194
617   -9.847229699275e-02 -9.847623294975e-02 3.50e-14 2.85e-12 3.45e-09 3.200
618   -9.847234668512e-02 -9.847617853239e-02 3.33e-14 2.74e-12 3.30e-09 3.204
619   -9.847235552260e-02 -9.847616880506e-02 3.57e-14 3.80e-12 3.30e-09 3.209
620   -9.847240404366e-02 -9.847611568032e-02 3.34e-14 3.52e-12 3.16e-09 3.213
621   -9.847241271352e-02 -9.847610613942e-02 3.44e-14 1.54e-12 3.16e-09 3.219
622   -9.847245937891e-02 -9.847605503985e-02 3.27e-14 1.46e-12 3.03e-09 3.223
623   -9.847246787454e-02 -9.847604569086e-02 3.51e-14 1.63e-12 3.03e-09 3.229
624   -9.847251346483e-02 -9.847599577776e-02 3.28e-14 1.56e-12 2.90e-09 3.233
625   -9.847252177410e-02 -9.847598663530e-02 3.38e-14 2.62e-13 2.90e-09 3.239
626   -9.847256555894e-02 -9.847593869274e-02 3.21e-14 3.05e-13 2.78e-09 3.243
627   -9.847257370114e-02 -9.847592973443e-02 3.36e-14 6.99e-13 2.78e-09 3.249
628   -9.847261649282e-02 -9.847588288774e-02 3.14e-14 6.50e-13 2.66e-09 3.253
629   -9.847262448029e-02 -9.847587410109e-02 3.23e-14 1.49e-12 2.66e-09 3.259
630   -9.847266564254e-02 -9.847582903288e-02 3.07e-14 1.44e-12 2.55e-09 3.263
631   -9.847267346588e-02 -9.847582042712e-02 3.28e-14 3.01e-13 2.55e-09 3.268
632   -9.847271367199e-02 -9.847577641335e-02 3.07e-14 2.64e-13 2.44e-09 3.272
633   -9.847272132848e-02 -9.847576799226e-02 3.16e-14 1.48e-12 2.44e-09 3.278
634   -9.847276000739e-02 -9.847572564539e-02 3.00e-14 1.43e-12 2.33e-09 3.282
635   -9.847276752010e-02 -9.847571738282e-02 3.20e-14 1.43e-12 2.33e-09 3.288
636   -9.847280525147e-02 -9.847567608021e-02 3.00e-14 1.42e-12 2.23e-09 3.292
637   -9.847281260497e-02 -9.847566799370e-02 3.08e-14 3.16e-13 2.23e-09 3.298
638   -9.847284893942e-02 -9.847562821583e-02 2.92e-14 2.91e-13 2.14e-09 3.302
639   -9.847285614118e-02 -9.847562029754e-02 5.98e-14 2.85e-13 2.14e-09 3.307
640   -9.847289160596e-02 -9.847558147790e-02 5.62e-14 3.69e-13 2.05e-09 3.311
641   -9.847289865774e-02 -9.847557372448e-02 5.58e-14 3.11e-12 2.04e-09 3.317
642   -9.847293270942e-02 -9.847553644753e-02 5.28e-14 2.90e-12 1.96e-09 3.320
643   -9.847293960628e-02 -9.847552886484e-02 5.36e-14 3.07e-12 1.96e-09 3.327
644   -9.847297286238e-02 -9.847549246450e-02 5.03e-14 2.94e-12 1.87e-09 3.331
645   -9.847297961617e-02 -9.847548503998e-02 5.00e-14 1.98e-12 1.87e-09 3.336
646   -9.847301160273e-02 -9.847545002555e-02 4.72e-14 1.94e-12 1.79e-09 3.340
647   -9.847301819449e-02 -9.847544277952e-02 4.80e-14 1.61e-12 1.79e-09 3.347
648   -9.847304935294e-02 -9.847540867661e-02 4.51e-14 1.52e-12 1.71e-09 3.351
649   -9.847305583299e-02 -9.847540155416e-02 4.48e-14 3.05e-12 1.71e-09 3.356
650   -9.847308581099e-02 -9.847536874005e-02 4.24e-14 2.96e-12 1.64e-09 3.360
651   -9.847309215097e-02 -9.847536177248e-02 6.89e-14 3.76e-12 1.64e-09 3.365
652   -9.847312144857e-02 -9.847532970785e-02 6.48e-14 3.56e-12 1.57e-09 3.369
653   -9.847312764596e-02 -9.847532289700e-02 6.47e-14 4.50e-12 1.56e-09 3.376
654   -9.847315581842e-02 -9.847529206069e-02 6.11e-14 4.17e-12 1.50e-09 3.379
655   -9.847316187597e-02 -9.847528540459e-02 8.61e-14 2.34e-12 1.50e-09 3.385
656   -9.847318939438e-02 -9.847525528835e-02 8.10e-14 2.22e-12 1.43e-09 3.389
657   -9.847319533146e-02 -9.847524876378e-02 5.40e-14 6.88e-12 1.43e-09 3.394
658   -9.847322169827e-02 -9.847521990510e-02 5.10e-14 6.46e-12 1.37e-09 3.398
659   -9.847322751513e-02 -9.847521351443e-02 7.50e-14 4.66e-12 1.37e-09 3.403
660   -9.847325326107e-02 -9.847518533919e-02 7.06e-14 4.45e-12 1.31e-09 3.407
661   -9.847325892187e-02 -9.847517911968e-02 6.96e-14 5.27e-12 1.30e-09 3.413
662   -9.847328362599e-02 -9.847515208201e-02 6.58e-14 4.82e-12 1.25e-09 3.417
663   -9.847328918261e-02 -9.847514597752e-02 6.59e-14 2.30e-12 1.25e-09 3.424
664   -9.847331338600e-02 -9.847511949147e-02 6.20e-14 2.00e-12 1.19e-09 3.428
665   -9.847331882820e-02 -9.847511351306e-02 6.17e-14 3.04e-12 1.19e-09 3.434
666   -9.847334203361e-02 -9.847508811685e-02 5.83e-14 2.85e-12 1.14e-09 3.438
667   -9.847334736015e-02 -9.847508226595e-02 5.90e-14 6.73e-13 1.14e-09 3.443
668   -9.847336998113e-02 -9.847505751248e-02 5.55e-14 7.21e-13 1.09e-09 3.447
669   -9.847337516520e-02 -9.847505181822e-02 5.47e-14 1.60e-12 1.09e-09 3.452
670   -9.847339687576e-02 -9.847502805895e-02 5.17e-14 1.52e-12 1.04e-09 3.456
671   -9.847340194811e-02 -9.847502248801e-02 5.20e-14 5.42e-12 1.04e-09 3.462
672   -9.847342314516e-02 -9.847499929354e-02 4.89e-14 5.06e-12 9.92e-10 3.466
673   -9.847342809875e-02 -9.847499385311e-02 4.87e-14 8.49e-12 9.89e-10 3.472
674   -9.847344841530e-02 -9.847497162029e-02 4.61e-14 8.01e-12 9.47e-10 3.476
675   -9.847345324130e-02 -9.847496632050e-02 4.68e-14 5.51e-12 9.44e-10 3.481
676   -9.847347313286e-02 -9.847494455529e-02 4.40e-14 5.17e-12 9.04e-10 3.485
677   -9.847347782782e-02 -9.847493939967e-02 4.34e-14 3.46e-12 9.01e-10 3.490
678   -9.847349681432e-02 -9.847491862298e-02 4.11e-14 3.31e-12 8.63e-10 3.494
679   -9.847350142142e-02 -9.847491356422e-02 4.18e-14 2.96e-12 8.60e-10 3.499
680   -9.847351996634e-02 -9.847489327310e-02 3.93e-14 2.93e-12 8.23e-10 3.503
681   -9.847352449530e-02 -9.847488830034e-02 3.88e-14 2.63e-12 8.20e-10 3.508
682   -9.847354235803e-02 -9.847486875431e-02 3.67e-14 2.51e-12 7.85e-10 3.512
683   -9.847354676102e-02 -9.847486392016e-02 3.75e-14 1.41e-12 7.82e-10 3.518
684   -9.847356416826e-02 -9.847484487455e-02 3.52e-14 1.44e-12 7.49e-10 3.522
685   -9.847356846521e-02 -9.847484015715e-02 3.52e-14 5.75e-13 7.46e-10 3.528
686   -9.847358518119e-02 -9.847482186650e-02 3.33e-14 6.53e-13 7.14e-10 3.532
687   -9.847358938580e-02 -9.847481725071e-02 3.41e-14 1.26e-12 7.11e-10 3.537
688   -9.847360560299e-02 -9.847479950768e-02 3.20e-14 1.18e-12 6.81e-10 3.541
689   -9.847360970693e-02 -9.847479500258e-02 3.16e-14 5.55e-13 6.78e-10 3.546
690   -9.847362532140e-02 -9.847477791783e-02 2.99e-14 5.91e-13 6.49e-10 3.550
691   -9.847362931137e-02 -9.847477353814e-02 3.06e-14 2.78e-12 6.47e-10 3.556
692   -9.847364453848e-02 -9.847475687887e-02 2.88e-14 2.67e-12 6.19e-10 3.560
693   -9.847364844527e-02 -9.847475259016e-02 1.15e-14 2.44e-12 6.16e-10 3.565
694   -9.847366304118e-02 -9.847473662039e-02 1.09e-14 2.28e-12 5.90e-10 3.569
695   -9.847366684281e-02 -9.847473244792e-02 1.20e-14 5.03e-13 5.87e-10 3.574
696   -9.847368107492e-02 -9.847471687768e-02 1.13e-14 4.39e-13 5.62e-10 3.578
697   -9.847368477803e-02 -9.847471281350e-02 1.17e-14 3.63e-13 5.59e-10 3.584
698   -9.847369839146e-02 -9.847469791909e-02 1.11e-14 5.46e-13 5.36e-10 3.588
699   -9.847370198050e-02 -9.847469398035e-02 1.22e-14 2.26e-12 5.33e-10 3.593
700   -9.847371521850e-02 -9.847467949801e-02 1.14e-14 2.40e-12 5.10e-10 3.597
701   -9.847371874109e-02 -9.847467563235e-02 1.14e-14 2.17e-12 5.08e-10 3.603
702   -9.847373149570e-02 -9.847466167801e-02 1.08e-14 1.87e-12 4.86e-10 3.606
703   -9.847373494608e-02 -9.847465789183e-02 1.15e-14 2.36e-12 4.83e-10 3.612
704   -9.847374737568e-02 -9.847464429431e-02 1.08e-14 2.01e-12 4.63e-10 3.616
705   -9.847375071760e-02 -9.847464062728e-02 1.08e-14 4.11e-12 4.60e-10 3.621
706   -9.847376261246e-02 -9.847462761389e-02 1.02e-14 3.79e-12 4.41e-10 3.625
707   -9.847376584984e-02 -9.847462406180e-02 1.12e-14 1.86e-12 4.38e-10 3.631
708   -9.847377738857e-02 -9.847461143905e-02 1.04e-14 1.85e-12 4.19e-10 3.635
709   -9.847378052836e-02 -9.847460799416e-02 1.04e-14 2.39e-12 4.17e-10 3.640
710   -9.847379152559e-02 -9.847459596301e-02 9.94e-15 2.31e-12 3.99e-10 3.644
711   -9.847379461315e-02 -9.847459257567e-02 1.08e-14 6.09e-13 3.97e-10 3.649
712   -9.847380546953e-02 -9.847458069973e-02 1.01e-14 8.01e-13 3.80e-10 3.653
713   -9.847380846298e-02 -9.847457741566e-02 1.00e-14 1.76e-12 3.78e-10 3.659
714   -9.847381875347e-02 -9.847456615801e-02 9.55e-15 1.55e-12 3.62e-10 3.663
715   -9.847382165717e-02 -9.847456297266e-02 1.04e-14 2.65e-12 3.60e-10 3.668
716   -9.847383170238e-02 -9.847455198423e-02 9.71e-15 2.47e-12 3.44e-10 3.672
717   -9.847383452792e-02 -9.847454888467e-02 9.66e-15 4.62e-12 3.42e-10 3.677
718   -9.847384414380e-02 -9.847453836529e-02 9.16e-15 4.30e-12 3.28e-10 3.681
719   -9.847384690236e-02 -9.847453533970e-02 2.12e-14 7.91e-12 3.25e-10 3.687
720   -9.847385634762e-02 -9.847452500778e-02 1.99e-14 7.51e-12 3.11e-10 3.691
721   -9.847385904672e-02 -9.847452204720e-02 1.97e-14 3.94e-12 3.09e-10 3.696
722   -9.847386802317e-02 -9.847451222755e-02 1.86e-14 3.57e-12 2.96e-10 3.700
723   -9.847387062297e-02 -9.847450937600e-02 1.91e-14 2.08e-12 2.94e-10 3.705
724   -9.847387937451e-02 -9.847449980305e-02 1.79e-14 2.02e-12 2.82e-10 3.709
725   -9.847388190759e-02 -9.847449702455e-02 6.11e-15 1.09e-12 2.80e-10 3.714
726   -9.847389025294e-02 -9.847448789543e-02 5.83e-15 1.06e-12 2.68e-10 3.718
727   -9.847389272946e-02 -9.847448517969e-02 1.68e-14 2.43e-12 2.66e-10 3.722
728   -9.847390088962e-02 -9.847447625381e-02 1.57e-14 2.56e-12 2.54e-10 3.726
729   -9.847390324590e-02 -9.847447366932e-02 4.44e-15 1.12e-11 2.53e-10 3.731
730   -9.847391099710e-02 -9.847446519030e-02 4.27e-15 1.07e-11 2.42e-10 3.735
731   -9.847391334594e-02 -9.847446261451e-02 5.00e-15 1.25e-11 2.40e-10 3.740
732   -9.847392099906e-02 -9.847445424338e-02 4.66e-15 1.20e-11 2.30e-10 3.744
733   -9.847392329727e-02 -9.847445172318e-02 4.66e-15 1.40e-11 2.28e-10 3.750
734   -9.847393050493e-02 -9.847444383894e-02 4.44e-15 1.31e-11 2.18e-10 3.754
735   -9.847393269002e-02 -9.847444144306e-02 1.43e-14 9.65e-12 2.17e-10 3.758
736   -9.847393967255e-02 -9.847443380552e-02 1.34e-14 9.16e-12 2.08e-10 3.763
737   -9.847394179704e-02 -9.847443147602e-02 1.32e-14 1.49e-11 2.06e-10 3.768
738   -9.847394845507e-02 -9.847442419308e-02 1.25e-14 1.41e-11 1.97e-10 3.772
739   -9.847395053337e-02 -9.847442191452e-02 2.16e-14 1.05e-11 1.96e-10 3.777
740   -9.847395719707e-02 -9.847441462593e-02 2.24e-14 2.71e-08 1.87e-10 3.780
741   -9.847395921769e-02 -9.847441241049e-02 2.20e-14 2.64e-08 1.86e-10 3.785
742   -9.847396541905e-02 -9.847440562716e-02 2.08e-14 2.49e-08 1.78e-10 3.789
743   -9.847396736258e-02 -9.847440349627e-02 2.08e-14 2.43e-08 1.76e-10 3.795
744   -9.847397347145e-02 -9.847439681450e-02 1.95e-14 2.29e-08 1.69e-10 3.799
745   -9.847397534511e-02 -9.847439476011e-02 1.02e-14 2.23e-08 1.67e-10 3.804
746   -9.847398108114e-02 -9.847438848585e-02 9.63e-15 2.10e-08 1.60e-10 3.808
747   -9.847398293464e-02 -9.847438645407e-02 1.78e-14 2.05e-08 1.59e-10 3.813
748   -9.847398847859e-02 -9.847438039033e-02 1.82e-14 4.37e-09 1.52e-10 3.816
749   -9.847399027291e-02 -9.847437842335e-02 2.18e-14 4.25e-09 1.51e-10 3.821
750   -9.847399572245e-02 -9.847437246266e-02 2.05e-14 4.00e-09 1.45e-10 3.825
751   -9.847399743173e-02 -9.847437058889e-02 2.05e-14 3.89e-09 1.43e-10 3.831
752   -9.847400265464e-02 -9.847436487629e-02 1.93e-14 3.67e-09 1.37e-10 3.835
753   -9.847400435993e-02 -9.847436300733e-02 3.03e-14 3.56e-09 1.36e-10 3.840
754   -9.847400942784e-02 -9.847435746407e-02 2.86e-14 3.35e-09 1.30e-10 3.844
755   -9.847401104723e-02 -9.847435568899e-02 2.84e-14 3.26e-09 1.29e-10 3.850
756   -9.847401589383e-02 -9.847435038800e-02 2.68e-14 3.08e-09 1.23e-10 3.854
757   -9.847401749254e-02 -9.847434863599e-02 3.69e-14 2.99e-09 1.22e-10 3.859
758   -9.847402212133e-02 -9.847434357304e-02 3.48e-14 2.82e-09 1.17e-10 3.863
759   -9.847402361717e-02 -9.847434193366e-02 4.13e-14 2.74e-09 1.16e-10 3.867
760   -9.847402806635e-02 -9.847433706734e-02 3.89e-14 2.58e-09 1.11e-10 3.871
761   -9.847402955409e-02 -9.847433543692e-02 4.10e-14 2.51e-09 1.10e-10 3.876
762   -9.847403377105e-02 -9.847433082441e-02 3.87e-14 2.37e-09 1.06e-10 3.880
763   -9.847403521622e-02 -9.847432924052e-02 3.82e-14 2.32e-09 1.05e-10 3.885
764   -9.847403940494e-02 -9.847432465920e-02 3.59e-14 2.19e-09 1.00e-10 3.889
765   -9.847404074926e-02 -9.847432318597e-02 3.76e-14 2.12e-09 9.92e-11 3.893
766   -9.847404464027e-02 -9.847431892998e-02 3.55e-14 2.00e-09 9.51e-11 3.897
767   -9.847404596676e-02 -9.847431747646e-02 4.12e-14 1.94e-09 9.42e-11 3.902
768   -9.847404983862e-02 -9.847431324160e-02 3.79e-14 1.88e-08 9.02e-11 3.905
769   -9.847405113873e-02 -9.847431181697e-02 3.94e-14 1.83e-08 8.93e-11 3.910
770   -9.847405480521e-02 -9.847430780662e-02 3.72e-14 1.73e-08 8.55e-11 3.914
771   -9.847405606935e-02 -9.847430642154e-02 4.25e-14 1.68e-08 8.47e-11 3.919
772   -9.847405960697e-02 -9.847430255230e-02 4.00e-14 1.58e-08 8.11e-11 3.922
773   -9.847406085401e-02 -9.847430118590e-02 4.11e-14 1.54e-08 8.03e-11 3.927
774   -9.847406426019e-02 -9.847429746032e-02 3.88e-14 1.45e-08 7.69e-11 3.931
775   -9.847406545953e-02 -9.847429614629e-02 4.35e-14 1.41e-08 7.62e-11 3.936
776   -9.847406878091e-02 -9.847429251360e-02 4.10e-14 1.33e-08 7.29e-11 3.939
777   -9.847406989511e-02 -9.847429129275e-02 4.17e-14 1.29e-08 7.22e-11 3.944
778   -9.847407288944e-02 -9.847428801758e-02 3.94e-14 1.22e-08 6.93e-11 3.948
779   -9.847407395890e-02 -9.847428684587e-02 4.40e-14 1.19e-08 6.86e-11 3.953
780   -9.847407698296e-02 -9.847428353835e-02 4.14e-14 1.12e-08 6.57e-11 3.957
781   -9.847407804729e-02 -9.847428237244e-02 4.75e-14 1.09e-08 6.51e-11 3.962
782   -9.847408089049e-02 -9.847427926259e-02 4.49e-14 1.03e-08 6.24e-11 3.966
783   -9.847408189917e-02 -9.847427815789e-02 6.19e-14 9.97e-09 6.17e-11 3.970
784   -9.847408463517e-02 -9.847427516539e-02 5.83e-14 9.40e-09 5.92e-11 3.974
785   -9.847408567778e-02 -9.847427402334e-02 6.33e-14 9.13e-09 5.86e-11 3.979
786   -9.847408825339e-02 -9.847427120622e-02 5.98e-14 8.62e-09 5.62e-11 3.983
787   -9.847408918022e-02 -9.847427019123e-02 7.49e-14 8.35e-09 5.56e-11 3.988
788   -9.847409177581e-02 -9.847426735230e-02 7.06e-14 7.87e-09 5.33e-11 3.991
789   -9.847409273063e-02 -9.847426630631e-02 7.00e-14 7.65e-09 5.27e-11 3.996
790   -9.847409506270e-02 -9.847426375552e-02 6.62e-14 7.23e-09 5.06e-11 4.000
791   -9.847409596417e-02 -9.847426276820e-02 7.56e-14 6.99e-09 5.00e-11 4.005
792   -9.847409838674e-02 -9.847426011856e-02 7.12e-14 6.59e-09 4.79e-11 4.009
793   -9.847409926539e-02 -9.847425915610e-02 7.03e-14 6.41e-09 4.74e-11 4.013
794   -9.847410135720e-02 -9.847425686808e-02 6.66e-14 6.07e-09 4.55e-11 4.017
795   -9.847410222592e-02 -9.847425591686e-02 7.93e-14 5.85e-09 4.51e-11 4.022
796   -9.847410439661e-02 -9.847425354271e-02 7.48e-14 5.52e-09 4.32e-11 4.026
797   -9.847410520710e-02 -9.847425265492e-02 7.35e-14 5.37e-09 4.27e-11 4.030
798   -9.847410731585e-02 -9.847425034841e-02 6.93e-14 5.07e-09 4.09e-11 4.034
799   -9.847410814870e-02 -9.847424943645e-02 8.15e-14 4.87e-09 4.04e-11 4.038
800   -9.847411015544e-02 -9.847424724159e-02 7.69e-14 4.59e-09 3.88e-11 4.042
801   -9.847411088474e-02 -9.847424644282e-02 7.53e-14 4.49e-09 3.84e-11 4.047
802   -9.847411271138e-02 -9.847424444482e-02 7.12e-14 4.24e-09 3.69e-11 4.051
803   -9.847411346003e-02 -9.847424362520e-02 8.31e-14 4.09e-09 3.65e-11 4.055
804   -9.847411524872e-02 -9.847424166876e-02 7.85e-14 3.86e-09 3.50e-11 4.059
805   -9.847411598822e-02 -9.847424085879e-02 7.69e-14 3.76e-09 3.46e-11 4.064
806   -9.847411766427e-02 -9.847423902557e-02 7.27e-14 3.56e-09 3.32e-11 4.068
807   -9.847411839929e-02 -9.847423822086e-02 8.25e-14 3.38e-09 3.28e-11 4.072
808   -9.847412013310e-02 -9.847423632454e-02 7.78e-14 3.18e-09 3.15e-11 4.076
809   -9.847412081143e-02 -9.847423558160e-02 7.59e-14 3.06e-09 3.11e-11 4.080
810   -9.847412241353e-02 -9.847423382926e-02 7.17e-14 2.89e-09 2.98e-11 4.084
811   -9.847412303061e-02 -9.847423315365e-02 7.80e-14 2.78e-09 2.95e-11 4.090
812   -9.847412450612e-02 -9.847423153974e-02 7.39e-14 2.63e-09 2.84e-11 4.094
813   -9.847412513486e-02 -9.847423085111e-02 7.20e-14 2.54e-09 2.80e-11 4.098
814   -9.847412654851e-02 -9.847422930486e-02 6.82e-14 2.41e-09 2.69e-11 4.102
815   -9.847412713297e-02 -9.847422866507e-02 7.77e-14 2.27e-09 2.66e-11 4.107
816   -9.847412843061e-02 -9.847422724571e-02 7.37e-14 2.15e-09 2.57e-11 4.111
817   -9.847412899907e-02 -9.847422662318e-02 7.17e-14 2.09e-09 2.53e-11 4.116
818   -9.847413031844e-02 -9.847422518007e-02 6.79e-14 1.98e-09 2.44e-11 4.120
819   -9.847413089893e-02 -9.847422454467e-02 7.63e-14 1.86e-09 2.41e-11 4.124
820   -9.847413209168e-02 -9.847422324007e-02 7.24e-14 1.76e-09 2.32e-11 4.128
821   -9.847413268828e-02 -9.847422258670e-02 7.03e-14 1.69e-09 2.29e-11 4.133
822   -9.847413391175e-02 -9.847422124853e-02 6.66e-14 1.60e-09 2.20e-11 4.137
823   -9.847413443576e-02 -9.847422067493e-02 7.41e-14 1.50e-09 2.17e-11 4.141
824   -9.847413566838e-02 -9.847421932672e-02 7.00e-14 1.42e-09 2.08e-11 4.145
825   -9.847413620504e-02 -9.847421873905e-02 6.79e-14 1.37e-09 2.06e-11 4.149
826   -9.847413734335e-02 -9.847421749396e-02 6.43e-14 1.30e-09 1.98e-11 4.153
827   -9.847413779957e-02 -9.847421699458e-02 6.94e-14 1.23e-09 1.95e-11 4.158
828   -9.847413887882e-02 -9.847421581408e-02 6.56e-14 1.17e-09 1.88e-11 4.162
829   -9.847413937160e-02 -9.847421527462e-02 6.69e-14 1.17e-09 1.86e-11 4.167
830   -9.847414031122e-02 -9.847421424683e-02 6.36e-14 1.11e-09 1.79e-11 4.171
831   -9.847414077262e-02 -9.847421374182e-02 6.79e-14 1.02e-09 1.77e-11 4.175
832   -9.847414174712e-02 -9.847421267594e-02 6.43e-14 9.70e-10 1.71e-11 4.179
833   -9.847414214752e-02 -9.847421223753e-02 6.22e-14 9.44e-10 1.69e-11 4.184
834   -9.847414309290e-02 -9.847421120340e-02 5.89e-14 8.94e-10 1.63e-11 4.188
835   -9.847414360259e-02 -9.847421064566e-02 6.60e-14 7.96e-10 1.60e-11 4.192
836   -9.847414456662e-02 -9.847420959123e-02 6.23e-14 7.52e-10 1.54e-11 4.196
837   -9.847414506303e-02 -9.847420904769e-02 6.02e-14 7.19e-10 1.51e-11 4.201
838   -9.847414604003e-02 -9.847420797908e-02 5.68e-14 6.77e-10 1.45e-11 4.205
839   -9.847414636488e-02 -9.847420762352e-02 6.15e-14 6.19e-10 1.43e-11 4.210
840   -9.847414715607e-02 -9.847420675802e-02 5.83e-14 5.86e-10 1.38e-11 4.214
841   -9.847414761468e-02 -9.847420625595e-02 5.64e-14 5.68e-10 1.36e-11 4.218
842   -9.847414829154e-02 -9.847420551559e-02 5.38e-14 5.42e-10 1.32e-11 4.222
843   -9.847414860735e-02 -9.847420516996e-02 5.75e-14 4.72e-10 1.30e-11 4.227
844   -9.847414927074e-02 -9.847420444435e-02 5.48e-14 4.50e-10 1.26e-11 4.231
845   -9.847414968124e-02 -9.847420399500e-02 5.48e-14 4.69e-10 1.24e-11 4.236
846   -9.847415014503e-02 -9.847420348772e-02 5.28e-14 4.52e-10 1.21e-11 4.240
847   -9.847415039123e-02 -9.847420321821e-02 5.47e-14 3.87e-10 1.20e-11 4.245
848   -9.847415114790e-02 -9.847420239063e-02 5.17e-14 3.66e-10 1.15e-11 4.249
849   -9.847415147003e-02 -9.847420203799e-02 5.20e-14 3.68e-10 1.14e-11 4.254
850   -9.847415213010e-02 -9.847420131597e-02 4.93e-14 3.46e-10 1.10e-11 4.258
851   -9.847415247618e-02 -9.847420093717e-02 5.27e-14 2.51e-10 1.08e-11 4.262
852   -9.847415314525e-02 -9.847420020536e-02 4.99e-14 2.37e-10 1.04e-11 4.266
853   -9.847415349469e-02 -9.847419982288e-02 5.01e-14 2.23e-10 1.02e-11 4.271
854   -9.847415399581e-02 -9.847419927475e-02 4.79e-14 2.13e-10 9.92e-12 4.275
855   -9.847415440666e-02 -9.847419882508e-02 5.09e-14 1.49e-10 9.71e-12 4.280
856   -9.847415492124e-02 -9.847419826232e-02 4.86e-14 1.43e-10 9.41e-12 4.283
857   -9.847415520011e-02 -9.847419795703e-02 4.80e-14 1.43e-10 9.27e-12 4.289
858   -9.847415598066e-02 -9.847419710332e-02 4.48e-14 1.34e-10 8.84e-12 4.293
859   -9.847415623187e-02 -9.847419682846e-02 5.03e-14 4.99e-12 8.71e-12 4.297
860   -9.847415666788e-02 -9.847419635151e-02 4.81e-14 4.74e-12 8.46e-12 4.301
861   -9.847415702169e-02 -9.847419596421e-02 4.60e-14 9.85e-12 8.32e-12 4.305
862   -9.847415755731e-02 -9.847419537837e-02 4.36e-14 1.07e-11 8.02e-12 4.309
863   -9.847415789850e-02 -9.847419500500e-02 4.67e-14 6.41e-11 7.86e-12 4.314
864   -9.847415854685e-02 -9.847419429588e-02 4.37e-14 6.22e-11 7.51e-12 4.317
865   -9.847415879824e-02 -9.847419402070e-02 4.18e-14 9.00e-11 7.42e-12 4.322
866   -9.847415924616e-02 -9.847419353072e-02 3.97e-14 8.46e-11 7.17e-12 4.326
867   -9.847415950590e-02 -9.847419324654e-02 4.40e-14 2.25e-10 7.08e-12 4.331
868   -9.847415997039e-02 -9.847419273847e-02 4.17e-14 2.13e-10 6.83e-12 4.335
869   -9.847416011284e-02 -9.847419258262e-02 4.27e-14 8.29e-11 6.75e-12 4.340
870   -9.847416045049e-02 -9.847419221322e-02 4.09e-14 7.96e-11 6.55e-12 4.344
871   -9.847416073903e-02 -9.847419189750e-02 4.55e-14 2.60e-10 6.40e-12 4.349
872   -9.847416127386e-02 -9.847419131252e-02 4.27e-14 2.44e-10 6.12e-12 4.353
873   -9.847416157020e-02 -9.847419098815e-02 4.08e-14 2.17e-10 6.02e-12 4.357
874   -9.847416185376e-02 -9.847419067799e-02 3.92e-14 2.08e-10 5.86e-12 4.361
875   -9.847416207539e-02 -9.847419043550e-02 4.14e-14 2.66e-10 5.76e-12 4.366
876   -9.847416250813e-02 -9.847418996215e-02 3.75e-14 7.97e-08 5.54e-12 4.369
877   -9.847416265129e-02 -9.847418980544e-02 3.77e-14 7.77e-08 5.45e-12 4.374
878   -9.847416298139e-02 -9.847418944435e-02 3.59e-14 7.39e-08 5.27e-12 4.378
879   -9.847416327560e-02 -9.847418912243e-02 3.90e-14 7.05e-08 5.15e-12 4.382
880   -9.847416369969e-02 -9.847418865860e-02 3.67e-14 6.64e-08 4.93e-12 4.386
881   -9.847416383273e-02 -9.847418851293e-02 3.47e-14 6.45e-08 4.86e-12 4.391
882   -9.847416415302e-02 -9.847418816256e-02 3.30e-14 6.13e-08 4.69e-12 4.395
883   -9.847416431897e-02 -9.847418798101e-02 3.56e-14 5.93e-08 4.63e-12 4.400
884   -9.847416476901e-02 -9.847418748873e-02 3.32e-14 5.54e-08 4.41e-12 4.405
885   -9.847416497108e-02 -9.847418726760e-02 3.15e-14 5.32e-08 4.35e-12 4.409
886   -9.847416532335e-02 -9.847418688225e-02 2.97e-14 5.01e-08 4.18e-12 4.413
887   -9.847416552542e-02 -9.847418666129e-02 3.52e-14 4.79e-08 4.10e-12 4.417
888   -9.847416566387e-02 -9.847418650984e-02 3.42e-14 4.66e-08 4.02e-12 4.421
889   -9.847416578773e-02 -9.847418637425e-02 3.26e-14 4.53e-08 3.95e-12 4.426
890   -9.847416595994e-02 -9.847418618589e-02 3.14e-14 4.37e-08 3.86e-12 4.429
891   -9.847416606637e-02 -9.847418606946e-02 3.32e-14 4.25e-08 3.84e-12 4.434
892   -9.847416636205e-02 -9.847418574605e-02 3.14e-14 4.02e-08 3.69e-12 4.438
893   -9.847416651411e-02 -9.847418557960e-02 2.97e-14 3.89e-08 3.62e-12 4.443
894   -9.847416677880e-02 -9.847418529007e-02 2.82e-14 3.69e-08 3.49e-12 4.447
895   -9.847416692271e-02 -9.847418513266e-02 3.08e-14 3.54e-08 3.44e-12 4.451
896   -9.847416719510e-02 -9.847418483472e-02 2.91e-14 3.35e-08 3.31e-12 4.455
897   -9.847416749306e-02 -9.847418450856e-02 2.70e-14 3.15e-08 3.19e-12 4.459
Numerical error in objective
Restoring previous solution


Suboptimal solution found in 898 iterations and 4.46 seconds
Objective -9.84721004e-02
Primal infeasibility (abs/rel): 6.99e-14/3.49e-14
Dual infeasibility   (abs/rel): 7.19e-14/6.53e-14
Complementarity gap  (abs/rel): 4.30e-09/3.91e-09


Barrier finished in 4.46 seconds
Dual variables for problems with quadratic constraints not returned.
