cuOpt version: 26.10.0, git hash: 648f805d, host arch: x86_64, device archs: 80-real
CPU: AMD EPYC 7642 48-Core Processor, threads: 5C/5T, RAM usage: 43.91/503.74GiB
CPU SIMD target: AVX2
CUDA 12.9, device: NVIDIA A100 80GB PCIe (ID 0), VRAM: 79.44 GiB
CUDA device UUID: 68df5cf5-71f9-6a93-b428-460c080ffb10
Problem has 1 quadratic constraints. Converting to second-order cones and solving with barrier.
Handling 50 free variables directly in augmented system
Presolved problem: 5103 constraints 10102 variables 265152 nonzeros
Skipping Ruiz equilibration (row norm ratio 1.4, column norm ratio 1.4 < 5e4, Q coeff ratio 1.0 < 100)
Barrier solver started at 0.027 seconds
Barrier solver: 5103 constraints, 10102 variables, 265152 nonzeros


Second-order cones          : 1
Free variables              : 50
Upper bounds                : 5000
Linear system               : augmented
cuDSS Version               : 0.7.1
cuDSS Threading layer       : libcudss_mtlayer_gomp.so.0
cuDSS solve mode            : deterministic
Reordering time             : 0.163s
Symbolic factorization time : 0.023s
Symbolic nonzeros in factor : 2.79e+05
Elapsed time for augmented  : 0.221 seconds
Elapsed time           : 0.221 seconds
Barrier setup complete at 0.221 seconds
Adaptive regularization enabled


                  Objective                         Infeasibility        Time
Iter   Primal              Dual                Primal   Dual    Compl.   Elapsed
  0   -3.703361174615e+02 -3.711052443117e+02 3.71e+03 1.91e+00 1.19e-02 0.221
  1   -4.137135437376e+00 -3.475267509272e+02 4.01e+01 2.77e-01 6.50e-02 0.299
  2   -1.039531739210e-01 -2.487909939798e+01 4.69e-01 7.85e-03 4.78e-03 0.376
  3   -5.493987113675e-02 -6.426843426136e-01 4.69e-03 7.91e-05 1.47e-04 0.452
  4   -5.852671165753e-02 -1.365429791296e-01 6.22e-04 1.05e-05 1.74e-05 0.530
  5   -6.766231698333e-02 -1.389353414477e-01 4.86e-04 8.19e-06 3.37e-05 0.607
  6   -6.886255264661e-02 -1.391548248008e-01 4.54e-04 7.65e-06 4.28e-05 0.684
  7   -8.047950119107e-02 -1.258121075113e-01 2.61e-04 4.40e-06 7.94e-05 0.760
  8   -8.065829172648e-02 -1.256963999992e-01 2.46e-04 4.14e-06 7.69e-05 0.854
  9   -8.300367946829e-02 -1.237812851106e-01 1.84e-04 3.10e-06 2.23e-04 0.948
 10   -8.389689465620e-02 -1.215840700628e-01 1.44e-04 2.42e-06 3.70e-04 1.058
 11   -9.193528342423e-02 -1.093076126570e-01 6.12e-05 1.03e-06 1.21e-04 1.135
 12   -9.265521281374e-02 -1.077066624450e-01 4.52e-05 7.62e-07 1.39e-04 1.246
 13   -9.633186126198e-02 -1.019842122379e-01 1.50e-05 2.53e-07 5.78e-05 1.356
 14   -9.649225340836e-02 -1.014072091327e-01 1.07e-05 1.80e-07 6.91e-05 1.467
 15   -9.758120076271e-02 -9.990236013552e-02 4.73e-06 7.96e-08 2.97e-05 1.560
 16   -9.782660884403e-02 -9.944881152141e-02 2.61e-06 4.40e-08 2.62e-05 1.671
 17   -9.823999919582e-02 -9.887841729983e-02 8.95e-07 1.51e-08 9.86e-06 1.764
 18   -9.835841231260e-02 -9.869556575501e-02 3.49e-07 5.88e-09 5.49e-06 1.875
 19   -9.846246808170e-02 -9.856223309198e-02 9.16e-08 1.54e-09 1.59e-06 1.952
 20   -9.849581230530e-02 -9.851773083597e-02 1.38e-08 2.33e-10 3.39e-07 2.062
 21   -9.850368781297e-02 -9.850823703026e-02 2.75e-09 4.64e-11 7.00e-08 2.139
 22   -9.850544049478e-02 -9.850602753016e-02 2.51e-10 4.28e-12 6.90e-09 2.216
 23   -9.850567245437e-02 -9.850575042676e-02 3.33e-11 2.40e-10 9.18e-10 2.276
 24   -9.850570676416e-02 -9.850570951993e-02 1.17e-12 9.52e-10 3.14e-11 2.336


Optimal solution found in 24 iterations and 2.336s
Objective -9.85057068e-02
Primal infeasibility (abs/rel): 2.34e-12/1.17e-12
Dual infeasibility   (abs/rel): 1.05e-09/9.52e-10
Complementarity gap  (abs/rel): 3.45e-11/3.14e-11


Barrier finished in 2.34 seconds
Dual variables for problems with quadratic constraints not returned.
