cuOpt version: 26.10.0, git hash: 648f805d, host arch: x86_64, device archs: 80-real
CPU: AMD EPYC 7642 48-Core Processor, threads: 5C/5T, RAM usage: 43.90/503.74GiB
CPU SIMD target: AVX2
CUDA 12.9, device: NVIDIA A100 80GB PCIe (ID 0), VRAM: 79.44 GiB
CUDA device UUID: 68df5cf5-71f9-6a93-b428-460c080ffb10
Problem has 1 quadratic constraints. Converting to second-order cones and solving with barrier.
Handling 50 free variables directly in augmented system
Presolved problem: 5103 constraints 10102 variables 265152 nonzeros
Skipping Ruiz equilibration (row norm ratio 1.4, column norm ratio 1.4 < 5e4, Q coeff ratio 1.0 < 100)
Barrier solver started at 0.028 seconds
Barrier solver: 5103 constraints, 10102 variables, 265152 nonzeros


Second-order cones          : 1
Free variables              : 50
Upper bounds                : 5000
Linear system               : augmented
cuDSS Version               : 0.7.1
cuDSS Threading layer       : libcudss_mtlayer_gomp.so.0
Reordering time             : 0.162s
Symbolic factorization time : 0.024s
Symbolic nonzeros in factor : 2.79e+05
Elapsed time for augmented  : 0.222 seconds
Elapsed time           : 0.222 seconds
Barrier setup complete at 0.222 seconds
Adaptive regularization enabled


                  Objective                         Infeasibility        Time
Iter   Primal              Dual                Primal   Dual    Compl.   Elapsed
  0   -3.703274138474e+02 -3.710708058040e+02 3.71e+03 1.91e+00 1.19e-02 0.223
  1   -8.080486158748e-01 -3.472779488076e+02 6.70e+00 2.97e-01 1.68e-01 0.227
  2   -6.077017195124e-02 -4.918257914625e+00 5.27e-02 3.11e-03 1.96e-03 0.231
  3   -5.629282886234e-02 -2.016747179866e-01 1.46e-03 8.58e-05 4.64e-05 0.235
  4   -6.110266094753e-02 -2.039932901332e-01 1.34e-03 7.87e-05 4.69e-05 0.239
  5   -6.121839319159e-02 -2.039906546434e-01 1.32e-03 7.80e-05 4.83e-05 0.244
  6   -7.214707157169e-02 -1.974984129306e-01 6.75e-04 3.98e-05 3.31e-04 0.248
  7   -7.208405236857e-02 -1.955975718776e-01 6.15e-04 3.62e-05 3.00e-04 0.253
  8   -7.941352917393e-02 -1.605060077404e-01 3.87e-04 2.28e-05 2.37e-04 0.257
  9   -7.947272592232e-02 -1.604465318566e-01 3.82e-04 2.25e-05 2.34e-04 0.262
 10   -8.436661233569e-02 -1.392602323809e-01 1.75e-04 1.03e-05 1.69e-04 0.267
 11   -8.426302633929e-02 -1.390435641213e-01 1.72e-04 1.01e-05 1.66e-04 0.272
 12   -8.508341028115e-02 -1.319497847860e-01 9.48e-05 5.59e-06 1.22e-04 0.276
 13   -8.507748018128e-02 -1.316135909713e-01 9.15e-05 5.39e-06 1.88e-04 0.281
 14   -8.529607153727e-02 -1.309620479986e-01 8.67e-05 5.11e-06 2.10e-04 0.287
 15   -8.667437922738e-02 -1.247028884882e-01 4.69e-05 2.77e-06 1.70e-04 0.291
 16   -8.671882585011e-02 -1.241921149349e-01 4.45e-05 2.62e-06 1.88e-04 0.296
 17   -8.839612364912e-02 -1.193940249623e-01 2.84e-05 1.67e-06 1.59e-04 0.300
 18   -8.849326628264e-02 -1.191311393162e-01 2.74e-05 1.62e-06 1.69e-04 0.306
 19   -8.954901642311e-02 -1.161724779233e-01 1.97e-05 1.16e-06 1.50e-04 0.311
 20   -8.955374245902e-02 -1.159462283529e-01 1.91e-05 1.12e-06 1.59e-04 0.316
 21   -9.100815816639e-02 -1.126267459521e-01 1.31e-05 7.70e-07 1.37e-04 0.321
 22   -9.106864190293e-02 -1.124263091562e-01 1.26e-05 7.44e-07 1.45e-04 0.326
 23   -9.235926657566e-02 -1.096578967861e-01 8.57e-06 5.05e-07 1.17e-04 0.331
 24   -9.236055719301e-02 -1.095013971914e-01 8.28e-06 4.88e-07 1.24e-04 0.337
 25   -9.355065644987e-02 -1.071531090651e-01 5.56e-06 3.28e-07 9.92e-05 0.341
 26   -9.357619487134e-02 -1.070293196106e-01 5.37e-06 3.16e-07 1.05e-04 0.347
 27   -9.441518434955e-02 -1.054051444434e-01 3.72e-06 2.19e-07 8.28e-05 0.352
 28   -9.442126745922e-02 -1.053055333906e-01 3.60e-06 2.12e-07 8.73e-05 0.358
 29   -9.510712058867e-02 -1.040513361429e-01 2.54e-06 1.50e-07 6.95e-05 0.362
 30   -9.512925952144e-02 -1.039702224257e-01 2.45e-06 1.44e-07 7.32e-05 0.368
 31   -9.562660652344e-02 -1.030732065860e-01 1.78e-06 1.05e-07 5.89e-05 0.373
 32   -9.563944054556e-02 -1.030051873549e-01 1.71e-06 1.01e-07 6.18e-05 0.378
 33   -9.608368631340e-02 -1.022530695819e-01 1.25e-06 7.34e-08 4.97e-05 0.383
 34   -9.610467228863e-02 -1.021954163896e-01 1.20e-06 7.06e-08 5.21e-05 0.388
 35   -9.645309881317e-02 -1.016188065865e-01 8.85e-07 5.22e-08 4.19e-05 0.393
 36   -9.646740565146e-02 -1.015701447510e-01 8.51e-07 5.01e-08 4.38e-05 0.399
 37   -9.677024357018e-02 -1.010913764296e-01 6.30e-07 3.72e-08 3.53e-05 0.404
 38   -9.678893142211e-02 -1.010497787347e-01 6.05e-07 3.57e-08 3.68e-05 0.410
 39   -9.702589558694e-02 -1.006807864112e-01 4.55e-07 2.68e-08 2.99e-05 0.415
 40   -9.704021769903e-02 -1.006453207514e-01 4.36e-07 2.57e-08 3.11e-05 0.421
 41   -9.724835477524e-02 -1.003337490367e-01 3.29e-07 1.94e-08 2.52e-05 0.426
 42   -9.726497466103e-02 -1.003026903967e-01 3.15e-07 1.85e-08 2.63e-05 0.432
 43   -9.743676271757e-02 -1.000506828292e-01 2.38e-07 1.41e-08 2.14e-05 0.437
 44   -9.745002771828e-02 -1.000239610359e-01 2.28e-07 1.34e-08 2.23e-05 0.442
 45   -9.760606102172e-02 -9.980348855343e-02 1.72e-07 1.01e-08 1.80e-05 0.447
 46   -9.762015766119e-02 -9.977990047493e-02 1.64e-07 9.67e-09 1.87e-05 0.453
 47   -9.775400646098e-02 -9.959509032344e-02 1.23e-07 7.27e-09 1.50e-05 0.457
 48   -9.776534969344e-02 -9.957494178200e-02 1.18e-07 6.93e-09 1.56e-05 0.463
 49   -9.788709989732e-02 -9.941219657484e-02 8.73e-08 5.15e-09 1.23e-05 0.468
 50   -9.789830994730e-02 -9.939466306527e-02 8.31e-08 4.90e-09 1.28e-05 0.473
 51   -9.800001802574e-02 -9.926100558812e-02 6.16e-08 3.63e-09 1.01e-05 0.478
 52   -9.800910002175e-02 -9.924629971469e-02 5.85e-08 3.45e-09 1.04e-05 0.484
 53   -9.809739598643e-02 -9.913288826163e-02 4.30e-08 2.54e-09 8.12e-06 0.487
 54   -9.810612284106e-02 -9.912013134059e-02 4.08e-08 2.40e-09 8.38e-06 0.493
 55   -9.817834780931e-02 -9.902861576232e-02 3.00e-08 1.77e-09 6.52e-06 0.497
 56   -9.818558477778e-02 -9.901789686686e-02 2.84e-08 1.67e-09 6.72e-06 0.503
 57   -9.824763320967e-02 -9.894078197234e-02 2.07e-08 1.22e-09 5.19e-06 0.507
 58   -9.825441976357e-02 -9.893146177785e-02 1.96e-08 1.15e-09 5.33e-06 0.513
 59   -9.830534566363e-02 -9.886896104112e-02 1.43e-08 8.40e-10 4.10e-06 0.517
 60   -9.831100779097e-02 -9.886115333449e-02 1.34e-08 7.91e-10 4.20e-06 0.522
 61   -9.835437368494e-02 -9.880877465751e-02 9.69e-09 5.71e-10 3.20e-06 0.526
 62   -9.835954086606e-02 -9.880202469754e-02 9.09e-09 5.36e-10 3.27e-06 0.532
 63   -9.839484300001e-02 -9.875983134097e-02 6.54e-09 3.85e-10 2.47e-06 0.536
 64   -9.839915759400e-02 -9.875420708890e-02 6.12e-09 3.61e-10 2.52e-06 0.542
 65   -9.842868844766e-02 -9.871935617535e-02 4.36e-09 2.57e-10 1.89e-06 0.546
 66   -9.843254168016e-02 -9.871452534515e-02 4.07e-09 2.40e-10 1.92e-06 0.552
 67   -9.845625945914e-02 -9.868677184848e-02 2.88e-09 1.70e-10 1.43e-06 0.556
 68   -9.845947956922e-02 -9.868275849361e-02 2.68e-09 1.58e-10 1.44e-06 0.561
 69   -9.847898930093e-02 -9.866015876101e-02 1.88e-09 1.11e-10 1.06e-06 0.565
 70   -9.848181959373e-02 -9.865672732124e-02 1.74e-09 1.03e-10 1.07e-06 0.571
 71   -9.849733631429e-02 -9.863888204982e-02 1.22e-09 7.17e-11 7.83e-07 0.575
 72   -9.849969304571e-02 -9.863604410627e-02 1.12e-09 6.59e-11 7.85e-07 0.581
 73   -9.851219715004e-02 -9.862177583182e-02 7.77e-10 4.56e-11 5.68e-07 0.585
 74   -9.851423096601e-02 -9.861937342538e-02 7.12e-10 4.19e-11 5.66e-07 0.591
 75   -9.852395776075e-02 -9.860833486951e-02 4.91e-10 2.89e-11 4.07e-07 0.595
 76   -9.852564428716e-02 -9.860635702348e-02 4.47e-10 2.63e-11 4.03e-07 0.608
 77   -9.853327670205e-02 -9.859774556584e-02 3.06e-10 1.80e-11 2.87e-07 0.614
 78   -9.853471825872e-02 -9.859607816309e-02 2.77e-10 1.62e-11 2.83e-07 0.620
 79   -9.854055358464e-02 -9.858952282986e-02 1.89e-10 1.11e-11 2.01e-07 0.624
 80   -9.854175141800e-02 -9.858814662035e-02 1.69e-10 9.99e-12 1.96e-07 0.630
 81   -9.854625464154e-02 -9.858311100017e-02 1.15e-10 6.76e-12 1.38e-07 0.634
 82   -9.854727158739e-02 -9.858195373641e-02 1.02e-10 5.89e-12 1.34e-07 0.639
 83   -9.855067032609e-02 -9.857816660181e-02 6.91e-11 3.99e-12 9.37e-08 0.643
 84   -9.855151305481e-02 -9.857721293208e-02 6.07e-11 3.24e-12 8.96e-08 0.649
 85   -9.855408554129e-02 -9.857435662064e-02 4.08e-11 2.17e-12 6.25e-08 0.653
 86   -9.855479270745e-02 -9.857356164780e-02 3.55e-11 1.85e-12 5.90e-08 0.658
 87   -9.855669692427e-02 -9.857145319408e-02 2.37e-11 1.24e-12 4.09e-08 0.662
 88   -9.855727769886e-02 -9.857080322172e-02 2.03e-11 1.10e-12 3.81e-08 0.668
 89   -9.855868339862e-02 -9.856925095085e-02 1.35e-11 7.03e-13 2.62e-08 0.672
 90   -9.855916217731e-02 -9.856871760805e-02 1.13e-11 6.05e-13 2.40e-08 0.677
 91   -9.856017586950e-02 -9.856760063778e-02 7.49e-12 3.85e-13 1.64e-08 0.681
 92   -9.856056165856e-02 -9.856717235204e-02 6.17e-12 9.93e-13 1.47e-08 0.686
 93   -9.856128421837e-02 -9.856637778049e-02 4.05e-12 6.59e-13 9.97e-09 0.691
 94   -9.856159300976e-02 -9.856603608155e-02 3.25e-12 1.56e-13 8.69e-09 0.696
 95   -9.856209262045e-02 -9.856548756391e-02 2.11e-12 9.76e-14 5.85e-09 0.700
 96   -9.856233345024e-02 -9.856522174214e-02 1.64e-12 4.97e-13 4.94e-09 0.705
 97   -9.856267069123e-02 -9.856485202822e-02 1.06e-12 3.28e-13 3.29e-09 0.709
 98   -9.856285529962e-02 -9.856464872119e-02 7.90e-13 9.67e-13 2.66e-09 0.714
 99   -9.856307372515e-02 -9.856440954891e-02 5.02e-13 5.77e-13 1.75e-09 0.718
100   -9.856321030340e-02 -9.856425941010e-02 3.55e-13 1.01e-12 1.34e-09 0.724
101   -9.856334561445e-02 -9.856411140386e-02 2.22e-13 6.67e-13 8.70e-10 0.728


Optimal solution found in 101 iterations and 0.728s
Objective -9.85633456e-02
Primal infeasibility (abs/rel): 4.45e-13/2.22e-13
Dual infeasibility   (abs/rel): 7.35e-13/6.67e-13
Complementarity gap  (abs/rel): 9.55e-10/8.70e-10


Barrier finished in 0.73 seconds
Dual variables for problems with quadratic constraints not returned.
