cuOpt version: 26.10.0, git hash: 648f805d, host arch: x86_64, device archs: 80-real
CPU: AMD EPYC 7642 48-Core Processor, threads: 5C/5T, RAM usage: 44.24/503.74GiB
CPU SIMD target: AVX2
CUDA 12.9, device: NVIDIA A100 80GB PCIe (ID 0), VRAM: 79.44 GiB
CUDA device UUID: 68df5cf5-71f9-6a93-b428-460c080ffb10
Problem has 1 quadratic constraints. Converting to second-order cones and solving with barrier.
Barrier: reusing cache (skip convert/presolve/scaling)
Barrier solver started at 0.000 seconds
Barrier solver: 5103 constraints, 10102 variables, 265152 nonzeros
Barrier setup complete at 0.000 seconds
Adaptive regularization enabled


                  Objective                         Infeasibility        Time
Iter   Primal              Dual                Primal   Dual    Compl.   Elapsed
  0   -3.701605598740e+02 -3.710234169387e+02 3.71e+03 1.91e+00 1.19e-02 0.001
  1   -8.080457877290e-01 -3.472304197073e+02 6.71e+00 2.97e-01 1.68e-01 0.006
  2   -6.078091649090e-02 -4.935431654789e+00 5.31e-02 3.12e-03 1.97e-03 0.010
  3   -5.626529095630e-02 -2.021234868490e-01 1.46e-03 8.61e-05 4.64e-05 0.014
  4   -6.208280281084e-02 -2.045751208729e-01 1.30e-03 7.67e-05 7.72e-05 0.018
  5   -6.228590423377e-02 -2.045309402145e-01 1.28e-03 7.55e-05 7.76e-05 0.023
  6   -7.644388548379e-02 -1.904807664715e-01 3.56e-04 2.09e-05 2.89e-04 0.027
  7   -7.623582527699e-02 -1.880043115091e-01 3.19e-04 1.88e-05 2.69e-04 0.032
  8   -8.313317826355e-02 -1.488388124577e-01 1.77e-04 1.04e-05 1.78e-04 0.036
  9   -8.318314227243e-02 -1.488285668551e-01 1.75e-04 1.03e-05 1.76e-04 0.041
 10   -8.588663142346e-02 -1.314386481132e-01 6.09e-05 3.58e-06 1.08e-04 0.045
 11   -8.577693461537e-02 -1.312560786401e-01 6.00e-05 3.53e-06 1.06e-04 0.050
 12   -8.920896467626e-02 -1.208451597892e-01 3.30e-05 1.94e-06 7.00e-05 0.054
 13   -8.913751821706e-02 -1.206166587146e-01 3.19e-05 1.88e-06 6.79e-05 0.059
 14   -9.065489698575e-02 -1.160138394057e-01 2.14e-05 1.26e-06 5.58e-05 0.064
 15   -9.058009139631e-02 -1.159199368535e-01 2.12e-05 1.25e-06 5.52e-05 0.069
 16   -9.063585182829e-02 -1.146283355393e-01 1.70e-05 1.00e-06 8.00e-05 0.074
 17   -9.069687759394e-02 -1.145459805232e-01 1.66e-05 9.76e-07 8.81e-05 0.079
 18   -9.122540451172e-02 -1.126972293943e-01 1.26e-05 7.39e-07 9.31e-05 0.084
 19   -9.120468186821e-02 -1.125392655202e-01 1.22e-05 7.18e-07 1.00e-04 0.089
 20   -9.198779562669e-02 -1.105065701748e-01 9.08e-06 5.34e-07 1.06e-04 0.094
 21   -9.205360202841e-02 -1.103926842911e-01 8.79e-06 5.17e-07 1.13e-04 0.100
 22   -9.301435239323e-02 -1.082628016689e-01 6.19e-06 3.64e-07 9.79e-05 0.104
 23   -9.299094162464e-02 -1.081242658170e-01 5.99e-06 3.52e-07 1.04e-04 0.110
 24   -9.397767507677e-02 -1.061770864898e-01 4.14e-06 2.44e-07 9.07e-05 0.114
 25   -9.403138805213e-02 -1.060564554886e-01 3.99e-06 2.35e-07 9.57e-05 0.120
 26   -9.470634742937e-02 -1.047280325329e-01 2.84e-06 1.67e-07 7.85e-05 0.124
 27   -9.470380572682e-02 -1.046282032258e-01 2.73e-06 1.61e-07 8.24e-05 0.130
 28   -9.531090258969e-02 -1.035211591197e-01 1.95e-06 1.15e-07 6.81e-05 0.135
 29   -9.535223395870e-02 -1.034355592080e-01 1.87e-06 1.10e-07 7.14e-05 0.140
 30   -9.579490792042e-02 -1.026332116094e-01 1.37e-06 8.03e-08 5.82e-05 0.145
 31   -9.580467508416e-02 -1.025616186083e-01 1.31e-06 7.70e-08 6.08e-05 0.151
 32   -9.624474136206e-02 -1.018292067068e-01 9.37e-07 5.51e-08 4.87e-05 0.155
 33   -9.627656246800e-02 -1.017683853183e-01 8.98e-07 5.28e-08 5.09e-05 0.161
 34   -9.662049416056e-02 -1.012066672851e-01 6.47e-07 3.81e-08 4.02e-05 0.166
 35   -9.663204655876e-02 -1.011577159852e-01 6.19e-07 3.64e-08 4.19e-05 0.172
 36   -9.695458843119e-02 -1.006629474772e-01 4.39e-07 2.58e-08 3.24e-05 0.176
 37   -9.697718206586e-02 -1.006224471161e-01 4.20e-07 2.47e-08 3.37e-05 0.182
 38   -9.721447940729e-02 -1.002614065688e-01 3.03e-07 1.78e-08 2.61e-05 0.187
 39   -9.722520809396e-02 -1.002295567139e-01 2.90e-07 1.70e-08 2.71e-05 0.193
 40   -9.743996748095e-02 -9.991834397497e-02 2.06e-07 1.21e-08 2.08e-05 0.197
 41   -9.745643611022e-02 -9.989151579011e-02 1.97e-07 1.16e-08 2.16e-05 0.202
 42   -9.762040754204e-02 -9.965748622286e-02 1.43e-07 8.39e-09 1.66e-05 0.207
 43   -9.762974341377e-02 -9.963619498621e-02 1.36e-07 8.01e-09 1.72e-05 0.213
 44   -9.778074678795e-02 -9.943017192882e-02 9.69e-08 5.70e-09 1.30e-05 0.217
 45   -9.779255875564e-02 -9.941211280156e-02 9.25e-08 5.44e-09 1.35e-05 0.222
 46   -9.790805689444e-02 -9.925662651021e-02 6.66e-08 3.92e-09 1.03e-05 0.226
 47   -9.791547130441e-02 -9.924244403510e-02 6.35e-08 3.73e-09 1.07e-05 0.232
 48   -9.801912376101e-02 -9.910765965188e-02 4.51e-08 2.65e-09 7.98e-06 0.236
 49   -9.802761808275e-02 -9.909544204221e-02 4.29e-08 2.52e-09 8.27e-06 0.242
 50   -9.810733713838e-02 -9.899312485860e-02 3.08e-08 1.81e-09 6.23e-06 0.246
 51   -9.811314955790e-02 -9.898347321585e-02 2.93e-08 1.72e-09 6.45e-06 0.252
 52   -9.818319411083e-02 -9.889596977279e-02 2.07e-08 1.22e-09 4.80e-06 0.256
 53   -9.818936448857e-02 -9.888756179274e-02 1.97e-08 1.16e-09 4.96e-06 0.262
 54   -9.824286472141e-02 -9.882138817621e-02 1.41e-08 8.29e-10 3.72e-06 0.265
 55   -9.824738247945e-02 -9.881468719843e-02 1.34e-08 7.85e-10 3.84e-06 0.271
 56   -9.829361080221e-02 -9.875870537164e-02 9.47e-09 5.57e-10 2.85e-06 0.275
 57   -9.829818542479e-02 -9.875277371100e-02 8.96e-09 5.27e-10 2.94e-06 0.281
 58   -9.833389368798e-02 -9.870991609705e-02 6.40e-09 3.77e-10 2.20e-06 0.285
 59   -9.833739758466e-02 -9.870514448706e-02 6.04e-09 3.55e-10 2.26e-06 0.291
 60   -9.836792014157e-02 -9.866910494765e-02 4.28e-09 2.52e-10 1.67e-06 0.295
 61   -9.837133291733e-02 -9.866485376509e-02 4.03e-09 2.37e-10 1.71e-06 0.300
 62   -9.839504782608e-02 -9.863706132427e-02 2.87e-09 1.69e-10 1.28e-06 0.304
 63   -9.839774349758e-02 -9.863361453697e-02 2.69e-09 1.58e-10 1.30e-06 0.310
 64   -9.841775796072e-02 -9.861045039858e-02 1.90e-09 1.12e-10 9.62e-07 0.314
 65   -9.842030632337e-02 -9.860737617599e-02 1.77e-09 1.04e-10 9.78e-07 0.320
 66   -9.843589023310e-02 -9.858945132728e-02 1.26e-09 7.39e-11 7.23e-07 0.324
 67   -9.843794324129e-02 -9.858694423918e-02 1.17e-09 6.88e-11 7.33e-07 0.329
 68   -9.845088888231e-02 -9.857219312384e-02 8.22e-10 4.83e-11 5.38e-07 0.333
 69   -9.845278314472e-02 -9.856996528051e-02 7.62e-10 4.48e-11 5.43e-07 0.339
 70   -9.846283799141e-02 -9.855856521532e-02 5.36e-10 3.16e-11 3.99e-07 0.343
 71   -9.846438555255e-02 -9.855673777270e-02 4.95e-10 2.91e-11 4.00e-07 0.348
 72   -9.847261185708e-02 -9.854747664744e-02 3.46e-10 2.03e-11 2.92e-07 0.352
 73   -9.847401235547e-02 -9.854586206570e-02 3.17e-10 1.86e-11 2.92e-07 0.358
 74   -9.848038666665e-02 -9.853871531175e-02 2.22e-10 1.30e-11 2.13e-07 0.362
 75   -9.848153999612e-02 -9.853738585498e-02 2.02e-10 1.19e-11 2.11e-07 0.368
 76   -9.848667864125e-02 -9.853165529876e-02 1.40e-10 8.21e-12 1.53e-07 0.372
 77   -9.848770193728e-02 -9.853049334732e-02 1.27e-10 7.50e-12 1.50e-07 0.378
 78   -9.849165595987e-02 -9.852609849368e-02 8.77e-11 5.20e-12 1.08e-07 0.382
 79   -9.849249817467e-02 -9.852514400430e-02 7.87e-11 4.65e-12 1.06e-07 0.388
 80   -9.849561799891e-02 -9.852168997972e-02 5.40e-11 3.18e-12 7.58e-08 0.393
 81   -9.849634892809e-02 -9.852086942157e-02 4.81e-11 2.77e-12 7.33e-08 0.398
 82   -9.849870862954e-02 -9.851826357737e-02 3.29e-11 1.91e-12 5.23e-08 0.402
 83   -9.849930716231e-02 -9.851759338978e-02 2.90e-11 1.59e-12 5.00e-08 0.408
 84   -9.850111781054e-02 -9.851559954914e-02 1.97e-11 1.07e-12 3.54e-08 0.412
 85   -9.850162715590e-02 -9.851503269994e-02 1.71e-11 6.53e-13 3.35e-08 0.417
 86   -9.850296746793e-02 -9.851355968555e-02 1.16e-11 4.31e-13 2.36e-08 0.421
 87   -9.850338224026e-02 -9.851309928495e-02 9.93e-12 3.06e-13 2.20e-08 0.426
 88   -9.850438099740e-02 -9.851200395770e-02 6.68e-12 1.91e-13 1.54e-08 0.430
 89   -9.850472742701e-02 -9.851162096197e-02 5.62e-12 5.56e-13 1.41e-08 0.435
 90   -9.850544884094e-02 -9.851083104614e-02 3.76e-12 3.80e-13 9.79e-09 0.439
 91   -9.850572754325e-02 -9.851052363287e-02 3.10e-12 5.86e-13 8.77e-09 0.444
 92   -9.850624801360e-02 -9.850995466969e-02 2.06e-12 3.95e-13 6.05e-09 0.449
 93   -9.850647338319e-02 -9.850970676344e-02 1.65e-12 9.94e-13 5.27e-09 0.454
 94   -9.850683732155e-02 -9.850930943222e-02 1.09e-12 6.51e-13 3.60e-09 0.458
 95   -9.850701094109e-02 -9.850911881465e-02 8.47e-13 1.06e-13 3.05e-09 0.463
 96   -9.850726126881e-02 -9.850884585281e-02 5.48e-13 9.03e-14 2.05e-09 0.467
 97   -9.850739093028e-02 -9.850870377293e-02 4.14e-13 3.81e-13 1.68e-09 0.472
 98   -9.850755524994e-02 -9.850852476104e-02 2.64e-13 2.33e-13 1.11e-09 0.476


Optimal solution found in 98 iterations and 0.476s
Objective -9.85075552e-02
Primal infeasibility (abs/rel): 5.27e-13/2.64e-13
Dual infeasibility   (abs/rel): 2.57e-13/2.33e-13
Complementarity gap  (abs/rel): 1.22e-09/1.11e-09


Barrier finished in 0.48 seconds
Dual variables for problems with quadratic constraints not returned.
