cuOpt version: 26.10.0, git hash: 648f805d, host arch: x86_64, device archs: 80-real
CPU: AMD EPYC 7642 48-Core Processor, threads: 5C/5T, RAM usage: 44.12/503.74GiB
CPU SIMD target: AVX2
CUDA 12.9, device: NVIDIA A100 80GB PCIe (ID 0), VRAM: 79.44 GiB
CUDA device UUID: 68df5cf5-71f9-6a93-b428-460c080ffb10
Problem has 1 quadratic constraints. Converting to second-order cones and solving with barrier.
Barrier: reusing cache (skip convert/presolve/scaling)
Barrier solver started at 0.000 seconds
Barrier solver: 5103 constraints, 10102 variables, 265152 nonzeros
Barrier setup complete at 0.000 seconds
Adaptive regularization enabled


                  Objective                         Infeasibility        Time
Iter   Primal              Dual                Primal   Dual    Compl.   Elapsed
  0   -3.702509737108e+02 -3.710937010099e+02 3.71e+03 1.91e+00 1.19e-02 0.001
  1   -8.079580952796e-01 -3.473008110826e+02 6.71e+00 2.97e-01 1.68e-01 0.007
  2   -6.076436513651e-02 -4.927297597813e+00 5.29e-02 3.11e-03 1.97e-03 0.011
  3   -5.626977037841e-02 -2.035523135217e-01 1.48e-03 8.70e-05 4.71e-05 0.015
  4   -6.262646127040e-02 -2.062590374271e-01 1.30e-03 7.64e-05 1.03e-04 0.020
  5   -6.274477377918e-02 -2.062372265075e-01 1.28e-03 7.55e-05 1.03e-04 0.025
  6   -7.597661266751e-02 -1.874515430151e-01 4.26e-04 2.51e-05 2.67e-04 0.029
  7   -7.589111853307e-02 -1.856792567906e-01 3.94e-04 2.32e-05 2.51e-04 0.034
  8   -8.052610457965e-02 -1.609631910097e-01 2.62e-04 1.54e-05 2.05e-04 0.038
  9   -8.053883608467e-02 -1.608420719593e-01 2.59e-04 1.52e-05 2.03e-04 0.043
 10   -8.275007466357e-02 -1.434741874020e-01 9.88e-05 5.82e-06 1.47e-04 0.048
 11   -8.523076902389e-02 -1.353200535140e-01 7.54e-05 4.44e-06 1.34e-04 0.052
 12   -8.509777100360e-02 -1.351438414359e-01 7.44e-05 4.38e-06 1.32e-04 0.057
 13   -8.988609552149e-02 -1.205283862356e-01 3.99e-05 2.35e-06 8.93e-05 0.061
 14   -8.985088534699e-02 -1.204277807763e-01 3.94e-05 2.32e-06 8.80e-05 0.066
 15   -9.097930590541e-02 -1.161610993851e-01 2.62e-05 1.54e-06 6.40e-05 0.070
 16   -9.095111278440e-02 -1.160673095775e-01 2.58e-05 1.52e-06 6.30e-05 0.076
 17   -9.109451792483e-02 -1.148194512613e-01 2.13e-05 1.25e-06 6.26e-05 0.081
 18   -9.110955536672e-02 -1.147112181005e-01 2.09e-05 1.23e-06 6.78e-05 0.086
 19   -9.152939755790e-02 -1.132113333282e-01 1.70e-05 9.99e-07 7.14e-05 0.091
 20   -9.154261956427e-02 -1.130933338290e-01 1.66e-05 9.77e-07 7.67e-05 0.096
 21   -9.235820889103e-02 -1.109146777053e-01 1.23e-05 7.25e-07 7.55e-05 0.101
 22   -9.236200182133e-02 -1.107994438676e-01 1.20e-05 7.08e-07 8.09e-05 0.106
 23   -9.308903810914e-02 -1.090109147750e-01 9.02e-06 5.31e-07 7.68e-05 0.111
 24   -9.309963720539e-02 -1.089079212219e-01 8.79e-06 5.18e-07 8.17e-05 0.116
 25   -9.397414323536e-02 -1.070421673827e-01 6.32e-06 3.72e-07 7.24e-05 0.121
 26   -9.397337491838e-02 -1.069444260753e-01 6.13e-06 3.61e-07 7.70e-05 0.126
 27   -9.458189761403e-02 -1.056560387572e-01 4.56e-06 2.69e-07 6.80e-05 0.131
 28   -9.459557256193e-02 -1.055727936308e-01 4.43e-06 2.61e-07 7.19e-05 0.137
 29   -9.514237208974e-02 -1.044903766411e-01 3.31e-06 1.95e-07 6.24e-05 0.142
 30   -9.515292407534e-02 -1.044125101846e-01 3.20e-06 1.88e-07 6.58e-05 0.147
 31   -9.555186396902e-02 -1.036242164644e-01 2.45e-06 1.44e-07 5.77e-05 0.152
 32   -9.557291966829e-02 -1.035561888428e-01 2.37e-06 1.39e-07 6.06e-05 0.158
 33   -9.597040671475e-02 -1.028307497504e-01 1.79e-06 1.06e-07 5.22e-05 0.163
 34   -9.598710568079e-02 -1.027678678745e-01 1.73e-06 1.02e-07 5.48e-05 0.169
 35   -9.633275064794e-02 -1.021576335108e-01 1.30e-06 7.68e-08 4.66e-05 0.174
 36   -9.635399829987e-02 -1.021030246871e-01 1.26e-06 7.39e-08 4.88e-05 0.179
 37   -9.670230107074e-02 -1.015315855307e-01 9.28e-07 5.47e-08 4.02e-05 0.184
 38   -9.671796235838e-02 -1.014835969822e-01 8.91e-07 5.25e-08 4.20e-05 0.190
 39   -9.701198980899e-02 -1.010137682477e-01 6.54e-07 3.85e-08 3.40e-05 0.195
 40   -9.702911329821e-02 -1.009740088525e-01 6.27e-07 3.69e-08 3.55e-05 0.201
 41   -9.728872202648e-02 -1.005765039650e-01 4.58e-07 2.70e-08 2.82e-05 0.206
 42   -9.730183989872e-02 -1.005431846974e-01 4.39e-07 2.58e-08 2.94e-05 0.211
 43   -9.751313242858e-02 -1.002262192630e-01 3.20e-07 1.88e-08 2.31e-05 0.216
 44   -9.752681821764e-02 -1.001987569791e-01 3.06e-07 1.80e-08 2.41e-05 0.222
 45   -9.770866384788e-02 -9.993571085234e-02 2.23e-07 1.31e-08 1.88e-05 0.227
 46   -9.771954415979e-02 -9.991282325885e-02 2.13e-07 1.25e-08 1.96e-05 0.233
 47   -9.787241682256e-02 -9.969731417865e-02 1.54e-07 9.07e-09 1.51e-05 0.237
 48   -9.788301280928e-02 -9.967840353767e-02 1.47e-07 8.67e-09 1.57e-05 0.243
 49   -9.801240485393e-02 -9.950142476458e-02 1.06e-07 6.26e-09 1.20e-05 0.247
 50   -9.802085843564e-02 -9.948590889717e-02 1.02e-07 5.98e-09 1.25e-05 0.253
 51   -9.812732606521e-02 -9.934321087635e-02 7.30e-08 4.30e-09 9.52e-06 0.257
 52   -9.813529485601e-02 -9.933037847685e-02 6.97e-08 4.10e-09 9.88e-06 0.263
 53   -9.822309383839e-02 -9.921538156961e-02 5.02e-08 2.96e-09 7.51e-06 0.267
 54   -9.822965688749e-02 -9.920476749642e-02 4.79e-08 2.82e-09 7.79e-06 0.273
 55   -9.830277916317e-02 -9.911088648798e-02 3.44e-08 2.02e-09 5.89e-06 0.277
 56   -9.830884606334e-02 -9.910196708074e-02 3.27e-08 1.93e-09 6.10e-06 0.283
 57   -9.836995927324e-02 -9.902512883357e-02 2.34e-08 1.38e-09 4.59e-06 0.287
 58   -9.837499059756e-02 -9.901773321147e-02 2.23e-08 1.31e-09 4.75e-06 0.293
 59   -9.842635867524e-02 -9.895429611496e-02 1.58e-08 9.30e-10 3.54e-06 0.297
 60   -9.843088214602e-02 -9.894807649406e-02 1.50e-08 8.82e-10 3.66e-06 0.303
 61   -9.847334367131e-02 -9.889650970344e-02 1.06e-08 6.23e-10 2.71e-06 0.307
 62   -9.847708171291e-02 -9.889139224797e-02 1.00e-08 5.90e-10 2.79e-06 0.312
 63   -9.851174628343e-02 -9.884984279998e-02 7.05e-09 4.15e-10 2.05e-06 0.316
 64   -9.851504893484e-02 -9.884554657614e-02 6.66e-09 3.92e-10 2.11e-06 0.322
 65   -9.854277550088e-02 -9.881269989874e-02 4.68e-09 2.76e-10 1.55e-06 0.326
 66   -9.854555061573e-02 -9.880912973906e-02 4.41e-09 2.60e-10 1.59e-06 0.332
 67   -9.856787435451e-02 -9.878295981309e-02 3.09e-09 1.82e-10 1.16e-06 0.336
 68   -9.857033771525e-02 -9.877990776785e-02 2.91e-09 1.71e-10 1.19e-06 0.342
 69   -9.858819829443e-02 -9.875917330849e-02 2.04e-09 1.20e-10 8.69e-07 0.346
 70   -9.859030045060e-02 -9.875659676570e-02 1.91e-09 1.12e-10 8.86e-07 0.352
 71   -9.860466851513e-02 -9.874005879848e-02 1.33e-09 7.84e-11 6.46e-07 0.356
 72   -9.860653421181e-02 -9.873783015758e-02 1.24e-09 7.30e-11 6.55e-07 0.362
 73   -9.861800150970e-02 -9.872473262244e-02 8.68e-10 5.10e-11 4.77e-07 0.366
 74   -9.861960832657e-02 -9.872283118414e-02 8.05e-10 4.73e-11 4.82e-07 0.371
 75   -9.862877810248e-02 -9.871242793914e-02 5.60e-10 3.29e-11 3.50e-07 0.376
 76   -9.863020217136e-02 -9.871077162310e-02 5.16e-10 3.04e-11 3.51e-07 0.381
 77   -9.863747406934e-02 -9.870257132127e-02 3.58e-10 2.11e-11 2.54e-07 0.385
 78   -9.863870603094e-02 -9.870114938331e-02 3.28e-10 1.93e-11 2.53e-07 0.391
 79   -9.864445804004e-02 -9.869469660555e-02 2.26e-10 1.33e-11 1.82e-07 0.395
 80   -9.864554471638e-02 -9.869345661865e-02 2.05e-10 1.20e-11 1.80e-07 0.400
 81   -9.865004754087e-02 -9.868842861539e-02 1.41e-10 8.23e-12 1.29e-07 0.404
 82   -9.865098689266e-02 -9.868736318226e-02 1.27e-10 7.48e-12 1.26e-07 0.410
 83   -9.865448477463e-02 -9.868347269940e-02 8.65e-11 5.10e-12 8.95e-08 0.414
 84   -9.865530648859e-02 -9.868254772967e-02 7.68e-11 4.44e-12 8.64e-08 0.419
 85   -9.865798793772e-02 -9.867957580194e-02 5.21e-11 3.01e-12 6.11e-08 0.423
 86   -9.865869402200e-02 -9.867878468324e-02 4.56e-11 2.37e-12 5.81e-08 0.429
 87   -9.866072066811e-02 -9.867654512036e-02 3.07e-11 1.61e-12 4.08e-08 0.433
 88   -9.866133062053e-02 -9.867586520647e-02 2.64e-11 1.35e-12 3.81e-08 0.438
 89   -9.866283578463e-02 -9.867420630685e-02 1.77e-11 8.89e-13 2.65e-08 0.442
 90   -9.866335416285e-02 -9.867363054802e-02 1.48e-11 5.84e-13 2.42e-08 0.447
 91   -9.866444994240e-02 -9.867242555980e-02 9.83e-12 3.85e-13 1.67e-08 0.451
 92   -9.866488952106e-02 -9.867193907539e-02 8.02e-12 5.78e-13 1.48e-08 0.456
 93   -9.866566994931e-02 -9.867108263562e-02 5.26e-12 3.81e-13 1.01e-08 0.460
 94   -9.866603451136e-02 -9.867068028907e-02 4.13e-12 6.58e-13 8.57e-09 0.465
 95   -9.866657445722e-02 -9.867008881624e-02 2.67e-12 4.33e-13 5.75e-09 0.469
 96   -9.866686968715e-02 -9.866976382709e-02 1.99e-12 6.59e-13 4.65e-09 0.474
 97   -9.866723017967e-02 -9.866936958318e-02 1.26e-12 3.93e-13 3.05e-09 0.477
 98   -9.866745593104e-02 -9.866912159869e-02 8.78e-13 7.78e-13 2.30e-09 0.483
 99   -9.866768369016e-02 -9.866887286393e-02 5.39e-13 4.88e-13 1.46e-09 0.487
100   -9.866784047960e-02 -9.866870095739e-02 3.46e-13 4.42e-13 1.01e-09 0.491


Optimal solution found in 100 iterations and 0.491s
Objective -9.86678405e-02
Primal infeasibility (abs/rel): 6.92e-13/3.46e-13
Dual infeasibility   (abs/rel): 4.87e-13/4.42e-13
Complementarity gap  (abs/rel): 1.11e-09/1.01e-09


Barrier finished in 0.49 seconds
Dual variables for problems with quadratic constraints not returned.
