cuOpt version: 26.10.0, git hash: 648f805d, host arch: x86_64, device archs: 80-real
CPU: AMD EPYC 7642 48-Core Processor, threads: 5C/5T, RAM usage: 44.10/503.74GiB
CPU SIMD target: AVX2
CUDA 12.9, device: NVIDIA A100 80GB PCIe (ID 0), VRAM: 79.44 GiB
CUDA device UUID: 68df5cf5-71f9-6a93-b428-460c080ffb10
Problem has 1 quadratic constraints. Converting to second-order cones and solving with barrier.
Barrier: reusing cache (skip convert/presolve/scaling)
Barrier solver started at 0.000 seconds
Barrier solver: 5103 constraints, 10102 variables, 265152 nonzeros
Barrier setup complete at 0.000 seconds
Adaptive regularization enabled


                  Objective                         Infeasibility        Time
Iter   Primal              Dual                Primal   Dual    Compl.   Elapsed
  0   -3.704296579021e+02 -3.711143874095e+02 3.71e+03 1.91e+00 1.19e-02 0.001
  1   -8.089763744970e-01 -3.473216425171e+02 6.71e+00 2.97e-01 1.68e-01 0.005
  2   -6.078602814646e-02 -4.926299866974e+00 5.29e-02 3.11e-03 1.97e-03 0.010
  3   -5.629070209152e-02 -2.026413309989e-01 1.47e-03 8.63e-05 4.67e-05 0.014
  4   -6.165920028985e-02 -2.052029241865e-01 1.33e-03 7.83e-05 6.16e-05 0.018
  5   -6.179442160752e-02 -2.051993242789e-01 1.32e-03 7.74e-05 6.29e-05 0.023
  6   -7.600088180726e-02 -1.931091916590e-01 4.37e-04 2.57e-05 3.49e-04 0.027
  7   -7.578070190584e-02 -1.906681382302e-01 3.93e-04 2.31e-05 3.29e-04 0.032
  8   -8.254854970311e-02 -1.532679822112e-01 2.30e-04 1.35e-05 2.31e-04 0.035
  9   -8.258823295536e-02 -1.532197985017e-01 2.27e-04 1.34e-05 2.29e-04 0.040
 10   -8.605093361068e-02 -1.337157583777e-01 8.77e-05 5.16e-06 1.51e-04 0.045
 11   -8.595301054713e-02 -1.335293303902e-01 8.64e-05 5.08e-06 1.49e-04 0.050
 12   -8.822169317734e-02 -1.231242014593e-01 3.39e-05 2.00e-06 9.78e-05 0.054
 13   -8.807784493375e-02 -1.229672722303e-01 3.34e-05 1.97e-06 1.01e-04 0.058
 14   -8.824636226582e-02 -1.218560195457e-01 2.94e-05 1.73e-06 1.52e-04 0.063
 15   -9.046441496753e-02 -1.164635467351e-01 1.99e-05 1.17e-06 1.18e-04 0.067
 16   -9.050608688818e-02 -1.163951166799e-01 1.95e-05 1.15e-06 1.27e-04 0.072
 17   -9.110764390282e-02 -1.137189032063e-01 1.28e-05 7.51e-07 1.22e-04 0.077
 18   -9.107547821803e-02 -1.135443991909e-01 1.24e-05 7.30e-07 1.31e-04 0.082
 19   -9.204998696181e-02 -1.112872475867e-01 9.12e-06 5.36e-07 1.24e-04 0.087
 20   -9.213185969456e-02 -1.110956203188e-01 8.77e-06 5.16e-07 1.32e-04 0.096
 21   -9.286749663034e-02 -1.093800008840e-01 6.53e-06 3.84e-07 1.17e-04 0.101
 22   -9.286538681988e-02 -1.092258325020e-01 6.31e-06 3.71e-07 1.24e-04 0.106
 23   -9.400634769578e-02 -1.070442951549e-01 4.32e-06 2.54e-07 1.03e-04 0.110
 24   -9.404772641686e-02 -1.069087092704e-01 4.15e-06 2.44e-07 1.09e-04 0.116
 25   -9.467593594113e-02 -1.056351677412e-01 3.03e-06 1.78e-07 9.08e-05 0.121
 26   -9.468497984058e-02 -1.055279344095e-01 2.92e-06 1.72e-07 9.51e-05 0.127
 27   -9.532718269524e-02 -1.043515335025e-01 2.10e-06 1.23e-07 7.87e-05 0.131
 28   -9.536453919686e-02 -1.042563714104e-01 2.01e-06 1.18e-07 8.24e-05 0.137
 29   -9.582661080027e-02 -1.034091247778e-01 1.48e-06 8.72e-08 6.83e-05 0.142
 30   -9.584449005351e-02 -1.033294744833e-01 1.42e-06 8.37e-08 7.13e-05 0.147
 31   -9.634650719927e-02 -1.024984146306e-01 1.01e-06 5.97e-08 5.72e-05 0.152
 32   -9.637573472688e-02 -1.024298791714e-01 9.71e-07 5.71e-08 5.97e-05 0.158
 33   -9.675673799311e-02 -1.018066811042e-01 6.99e-07 4.12e-08 4.73e-05 0.162
 34   -9.677254194827e-02 -1.017521463847e-01 6.69e-07 3.94e-08 4.92e-05 0.168
 35   -9.711908797461e-02 -1.012151274848e-01 4.77e-07 2.81e-08 3.83e-05 0.173
 36   -9.714037976253e-02 -1.011703783050e-01 4.56e-07 2.68e-08 3.98e-05 0.179
 37   -9.740070129942e-02 -1.007708427741e-01 3.29e-07 1.94e-08 3.10e-05 0.184
 38   -9.741453253204e-02 -1.007348661438e-01 3.15e-07 1.85e-08 3.23e-05 0.189
 39   -9.765101479160e-02 -1.003900788119e-01 2.25e-07 1.32e-08 2.48e-05 0.194
 40   -9.766715945536e-02 -1.003600522145e-01 2.15e-07 1.26e-08 2.57e-05 0.199
 41   -9.785215131284e-02 -1.000952489899e-01 1.55e-07 9.11e-09 1.97e-05 0.204
 42   -9.786329586972e-02 -1.000712107746e-01 1.48e-07 8.70e-09 2.05e-05 0.210
 43   -9.802265233664e-02 -9.985086835259e-02 1.06e-07 6.24e-09 1.56e-05 0.214
 44   -9.803464638283e-02 -9.983076844085e-02 1.01e-07 5.95e-09 1.62e-05 0.220
 45   -9.815855948441e-02 -9.966196299045e-02 7.34e-08 4.32e-09 1.24e-05 0.224
 46   -9.816762959258e-02 -9.964550823623e-02 6.99e-08 4.11e-09 1.29e-05 0.230
 47   -9.827503612717e-02 -9.950368105846e-02 5.05e-08 2.97e-09 9.83e-06 0.234
 48   -9.828431367252e-02 -9.948954531383e-02 4.80e-08 2.82e-09 1.02e-05 0.240
 49   -9.837055587925e-02 -9.937756053925e-02 3.48e-08 2.05e-09 7.78e-06 0.244
 50   -9.837781927279e-02 -9.936591400466e-02 3.31e-08 1.95e-09 8.04e-06 0.250
 51   -9.845178478360e-02 -9.927215378537e-02 2.39e-08 1.40e-09 6.11e-06 0.254
 52   -9.845889053323e-02 -9.926207547955e-02 2.26e-08 1.33e-09 6.30e-06 0.259
 53   -9.851811580477e-02 -9.918801979060e-02 1.64e-08 9.65e-10 4.80e-06 0.263
 54   -9.852386699798e-02 -9.917964999876e-02 1.55e-08 9.12e-10 4.94e-06 0.269
 55   -9.857413565603e-02 -9.911797733108e-02 1.12e-08 6.58e-10 3.74e-06 0.273
 56   -9.857962795382e-02 -9.911064469948e-02 1.05e-08 6.20e-10 3.85e-06 0.279
 57   -9.862024427398e-02 -9.906142806638e-02 7.61e-09 4.48e-10 2.91e-06 0.283
 58   -9.862477853512e-02 -9.905530043233e-02 7.16e-09 4.21e-10 2.98e-06 0.288
 59   -9.865902247759e-02 -9.901442935124e-02 5.13e-09 3.02e-10 2.24e-06 0.292
 60   -9.866323733619e-02 -9.900905806254e-02 4.81e-09 2.83e-10 2.29e-06 0.298
 61   -9.869079266938e-02 -9.897649867908e-02 3.45e-09 2.03e-10 1.72e-06 0.302
 62   -9.869430437661e-02 -9.897200963003e-02 3.22e-09 1.90e-10 1.75e-06 0.308
 63   -9.871719973128e-02 -9.894526933300e-02 2.30e-09 1.35e-10 1.31e-06 0.312
 64   -9.872039663000e-02 -9.894134428328e-02 2.14e-09 1.26e-10 1.32e-06 0.317
 65   -9.873874441379e-02 -9.892009267268e-02 1.52e-09 8.94e-11 9.86e-07 0.322
 66   -9.874141777638e-02 -9.891681640090e-02 1.41e-09 8.29e-11 9.95e-07 0.327
 67   -9.875647619560e-02 -9.889953209971e-02 9.94e-10 5.84e-11 7.35e-07 0.331
 68   -9.875885963366e-02 -9.889668987656e-02 9.16e-10 5.38e-11 7.38e-07 0.337
 69   -9.877085115682e-02 -9.888301898986e-02 6.44e-10 3.79e-11 5.42e-07 0.341
 70   -9.877283894496e-02 -9.888065832544e-02 5.91e-10 3.49e-11 5.42e-07 0.347
 71   -9.878254218165e-02 -9.886967426169e-02 4.12e-10 2.43e-11 3.95e-07 0.351
 72   -9.878427369267e-02 -9.886765528454e-02 3.76e-10 2.22e-11 3.92e-07 0.356
 73   -9.879188957924e-02 -9.885907982061e-02 2.61e-10 1.54e-11 2.84e-07 0.360
 74   -9.879331807304e-02 -9.885742238356e-02 2.37e-10 1.40e-11 2.80e-07 0.366
 75   -9.879932142800e-02 -9.885069702491e-02 1.63e-10 9.65e-12 2.01e-07 0.370
 76   -9.880053891301e-02 -9.884930235220e-02 1.47e-10 8.54e-12 1.97e-07 0.375
 77   -9.880515675167e-02 -9.884414984262e-02 1.01e-10 5.87e-12 1.41e-07 0.379
 78   -9.880615387369e-02 -9.884301346731e-02 9.02e-11 5.30e-12 1.37e-07 0.385
 79   -9.880972191696e-02 -9.883904775363e-02 6.15e-11 3.60e-12 9.75e-08 0.389
 80   -9.881055688525e-02 -9.883810456082e-02 5.46e-11 3.25e-12 9.41e-08 0.394
 81   -9.881325731855e-02 -9.883511248382e-02 3.71e-11 2.23e-12 6.65e-08 0.398
 82   -9.881393468743e-02 -9.883435079108e-02 3.26e-11 1.83e-12 6.36e-08 0.404
 83   -9.881597620221e-02 -9.883209531843e-02 2.20e-11 1.23e-12 4.47e-08 0.408
 84   -9.881653403809e-02 -9.883147187824e-02 1.92e-11 9.37e-13 4.23e-08 0.413
 85   -9.881804929162e-02 -9.882980178657e-02 1.29e-11 6.67e-13 2.96e-08 0.417
 86   -9.881849793825e-02 -9.882930224487e-02 1.11e-11 4.10e-13 2.77e-08 0.422
 87   -9.881961728317e-02 -9.882807118695e-02 7.42e-12 2.58e-13 1.92e-08 0.426
 88   -9.881998167278e-02 -9.882766717036e-02 6.29e-12 3.16e-13 1.77e-08 0.431
 89   -9.882079376612e-02 -9.882677565086e-02 4.18e-12 2.22e-13 1.22e-08 0.435
 90   -9.882108429958e-02 -9.882645444166e-02 3.49e-12 1.74e-13 1.11e-08 0.440
 91   -9.882166697277e-02 -9.882581582211e-02 2.30e-12 1.02e-13 7.60e-09 0.444
 92   -9.882189945902e-02 -9.882555952698e-02 1.88e-12 6.88e-13 6.74e-09 0.449
 93   -9.882230789087e-02 -9.882511249740e-02 1.23e-12 4.41e-13 4.58e-09 0.453
 94   -9.882249039086e-02 -9.882491173670e-02 9.75e-13 8.21e-13 3.94e-09 0.458
 95   -9.882277000268e-02 -9.882460607049e-02 6.32e-13 5.62e-13 2.65e-09 0.463
 96   -9.882291212167e-02 -9.882445004788e-02 4.83e-13 4.09e-13 2.20e-09 0.468
 97   -9.882309682007e-02 -9.882424834664e-02 3.10e-13 2.46e-13 1.46e-09 0.472
 98   -9.882320433785e-02 -9.882413050233e-02 2.25e-13 3.35e-12 1.15e-09 0.477


Optimal solution found in 98 iterations and 0.477s
Objective -9.88232043e-02
Primal infeasibility (abs/rel): 4.51e-13/2.25e-13
Dual infeasibility   (abs/rel): 3.69e-12/3.35e-12
Complementarity gap  (abs/rel): 1.26e-09/1.15e-09


Barrier finished in 0.48 seconds
Dual variables for problems with quadratic constraints not returned.
