cuOpt version: 26.10.0, git hash: 648f805d, host arch: x86_64, device archs: 80-real
CPU: AMD EPYC 7642 48-Core Processor, threads: 5C/5T, RAM usage: 43.99/503.74GiB
CPU SIMD target: AVX2
CUDA 12.9, device: NVIDIA A100 80GB PCIe (ID 0), VRAM: 79.44 GiB
CUDA device UUID: 68df5cf5-71f9-6a93-b428-460c080ffb10
Problem has 1 quadratic constraints. Converting to second-order cones and solving with barrier.
Barrier: reusing cache (skip convert/presolve/scaling)
Barrier solver started at 0.000 seconds
Barrier solver: 5103 constraints, 10102 variables, 265152 nonzeros
Barrier setup complete at 0.000 seconds
Adaptive regularization enabled


                  Objective                         Infeasibility        Time
Iter   Primal              Dual                Primal   Dual    Compl.   Elapsed
  0   -3.702624119443e+02 -3.710387458059e+02 3.71e+03 1.91e+00 1.19e-02 0.001
  1   -8.082203442750e-01 -3.472458137774e+02 6.71e+00 2.97e-01 1.68e-01 0.006
  2   -6.076556834392e-02 -4.921549819628e+00 5.28e-02 3.11e-03 1.97e-03 0.011
  3   -5.627943211981e-02 -2.017612981390e-01 1.46e-03 8.58e-05 4.64e-05 0.015
  4   -6.204569135942e-02 -2.044117486048e-01 1.30e-03 7.69e-05 7.28e-05 0.019
  5   -6.220018743204e-02 -2.043809264361e-01 1.29e-03 7.59e-05 7.46e-05 0.024
  6   -7.513846038971e-02 -1.912988767582e-01 4.75e-04 2.80e-05 3.89e-04 0.028
  7   -7.501334674106e-02 -1.898850842166e-01 4.45e-04 2.62e-05 3.74e-04 0.032
  8   -8.113064479602e-02 -1.570786850883e-01 2.65e-04 1.56e-05 2.82e-04 0.036
  9   -8.116846509465e-02 -1.570458935012e-01 2.62e-04 1.54e-05 2.79e-04 0.041
 10   -8.336252228006e-02 -1.402796121973e-01 9.43e-05 5.55e-06 1.98e-04 0.046
 11   -8.534204952878e-02 -1.328983697520e-01 6.29e-05 3.71e-06 1.73e-04 0.050
 12   -8.523919307819e-02 -1.327437678146e-01 6.22e-05 3.66e-06 1.71e-04 0.056
 13   -8.830577466315e-02 -1.231544138581e-01 3.63e-05 2.14e-06 1.24e-04 0.060
 14   -8.826349998878e-02 -1.230372003665e-01 3.57e-05 2.10e-06 1.22e-04 0.066
 15   -8.871263348960e-02 -1.202495530543e-01 2.58e-05 1.52e-06 9.53e-05 0.071
 16   -8.873304478134e-02 -1.201203011284e-01 2.53e-05 1.49e-06 9.34e-05 0.076
 17   -8.900638618547e-02 -1.186234054928e-01 2.10e-05 1.23e-06 9.89e-05 0.081
 18   -8.905411795405e-02 -1.184411325572e-01 2.04e-05 1.20e-06 1.06e-04 0.086
 19   -8.978157612872e-02 -1.161375978746e-01 1.58e-05 9.29e-07 1.18e-04 0.091
 20   -8.983867670072e-02 -1.159487804158e-01 1.53e-05 9.03e-07 1.25e-04 0.096
 21   -9.110548057859e-02 -1.128148785048e-01 1.08e-05 6.37e-07 1.20e-04 0.101
 22   -9.111959487129e-02 -1.126382487436e-01 1.05e-05 6.17e-07 1.27e-04 0.106
 23   -9.226334745415e-02 -1.100060738736e-01 7.33e-06 4.32e-07 1.16e-04 0.111
 24   -9.229955093545e-02 -1.098480564385e-01 7.09e-06 4.17e-07 1.23e-04 0.116
 25   -9.343208972284e-02 -1.074970939201e-01 4.85e-06 2.86e-07 1.02e-04 0.121
 26   -9.343677701856e-02 -1.073606367323e-01 4.67e-06 2.75e-07 1.08e-04 0.127
 27   -9.423277427186e-02 -1.057384333785e-01 3.30e-06 1.95e-07 8.98e-05 0.131
 28   -9.426175544882e-02 -1.056272274484e-01 3.18e-06 1.87e-07 9.42e-05 0.137
 29   -9.489316056683e-02 -1.043928272573e-01 2.29e-06 1.35e-07 7.77e-05 0.142
 30   -9.490855211305e-02 -1.042964873678e-01 2.20e-06 1.30e-07 8.15e-05 0.147
 31   -9.542882954129e-02 -1.033244777031e-01 1.60e-06 9.42e-08 6.72e-05 0.152
 32   -9.545768796295e-02 -1.032428327747e-01 1.54e-06 9.05e-08 7.02e-05 0.157
 33   -9.592136252035e-02 -1.024258988554e-01 1.11e-06 6.56e-08 5.69e-05 0.162
 34   -9.593865615144e-02 -1.023565163356e-01 1.07e-06 6.29e-08 5.94e-05 0.168
 35   -9.632736016763e-02 -1.016967024920e-01 7.74e-07 4.56e-08 4.76e-05 0.172
 36   -9.635126004720e-02 -1.016394096522e-01 7.42e-07 4.37e-08 4.96e-05 0.178
 37   -9.667699818811e-02 -1.011068855853e-01 5.40e-07 3.18e-08 3.94e-05 0.183
 38   -9.669310019020e-02 -1.010594486106e-01 5.17e-07 3.04e-08 4.10e-05 0.189
 39   -9.696669820855e-02 -1.006269639368e-01 3.76e-07 2.21e-08 3.23e-05 0.193
 40   -9.698600565893e-02 -1.005876994405e-01 3.59e-07 2.12e-08 3.36e-05 0.199
 41   -9.721496416760e-02 -1.002379011718e-01 2.62e-07 1.55e-08 2.64e-05 0.204
 42   -9.722883675050e-02 -1.002055621511e-01 2.51e-07 1.48e-08 2.74e-05 0.210
 43   -9.742598093333e-02 -9.991456242076e-02 1.82e-07 1.07e-08 2.13e-05 0.214
 44   -9.744100442703e-02 -9.988758561503e-02 1.74e-07 1.02e-08 2.21e-05 0.219
 45   -9.760591388950e-02 -9.965149584386e-02 1.26e-07 7.44e-09 1.71e-05 0.224
 46   -9.761711406986e-02 -9.962939095752e-02 1.21e-07 7.10e-09 1.78e-05 0.230
 47   -9.775876535122e-02 -9.943261595393e-02 8.71e-08 5.13e-09 1.36e-05 0.234
 48   -9.777010645998e-02 -9.941411127749e-02 8.30e-08 4.89e-09 1.41e-05 0.240
 49   -9.788663643765e-02 -9.925613934777e-02 6.01e-08 3.54e-09 1.08e-05 0.244
 50   -9.789538243856e-02 -9.924101959686e-02 5.72e-08 3.37e-09 1.12e-05 0.250
 51   -9.799394954589e-02 -9.911061942980e-02 4.12e-08 2.43e-09 8.52e-06 0.254
 52   -9.800248646203e-02 -9.909782724071e-02 3.92e-08 2.31e-09 8.82e-06 0.260
 53   -9.808295939192e-02 -9.899344571448e-02 2.83e-08 1.66e-09 6.70e-06 0.263
 54   -9.808981987674e-02 -9.898286414566e-02 2.68e-08 1.58e-09 6.93e-06 0.269
 55   -9.815881589793e-02 -9.889538694454e-02 1.92e-08 1.13e-09 5.21e-06 0.273
 56   -9.816532622764e-02 -9.888629137489e-02 1.82e-08 1.07e-09 5.38e-06 0.279
 57   -9.822232552005e-02 -9.881533700345e-02 1.30e-08 7.63e-10 4.02e-06 0.283
 58   -9.822758900438e-02 -9.880785389794e-02 1.22e-08 7.21e-10 4.14e-06 0.289
 59   -9.827517089904e-02 -9.874960962084e-02 8.65e-09 5.10e-10 3.06e-06 0.292
 60   -9.827999663956e-02 -9.874321864639e-02 8.16e-09 4.81e-10 3.15e-06 0.298
 61   -9.831777976497e-02 -9.869752876648e-02 5.78e-09 3.40e-10 2.33e-06 0.302
 62   -9.832176915689e-02 -9.869223835983e-02 5.43e-09 3.20e-10 2.38e-06 0.308
 63   -9.835261702855e-02 -9.865541851388e-02 3.83e-09 2.25e-10 1.76e-06 0.312
 64   -9.835626643589e-02 -9.865081964046e-02 3.59e-09 2.11e-10 1.79e-06 0.318
 65   -9.838085257022e-02 -9.862178470307e-02 2.53e-09 1.49e-10 1.32e-06 0.321
 66   -9.838393242824e-02 -9.861791880076e-02 2.36e-09 1.39e-10 1.34e-06 0.327
 67   -9.840403932845e-02 -9.859443176243e-02 1.66e-09 9.74e-11 9.83e-07 0.331
 68   -9.840682369547e-02 -9.859105169776e-02 1.54e-09 9.04e-11 9.94e-07 0.337
 69   -9.842287762391e-02 -9.857246347092e-02 1.07e-09 6.32e-11 7.26e-07 0.341
 70   -9.842523567747e-02 -9.856961687209e-02 9.93e-10 5.85e-11 7.29e-07 0.346
 71   -9.843824398192e-02 -9.855468374935e-02 6.88e-10 4.05e-11 5.28e-07 0.350
 72   -9.844033641813e-02 -9.855221216170e-02 6.32e-10 3.74e-11 5.28e-07 0.356
 73   -9.845061388578e-02 -9.854049526864e-02 4.36e-10 2.58e-11 3.79e-07 0.360
 74   -9.845237413701e-02 -9.853842846921e-02 3.97e-10 2.35e-11 3.76e-07 0.365
 75   -9.846052714110e-02 -9.852919322502e-02 2.72e-10 1.60e-11 2.68e-07 0.369
 76   -9.846205437312e-02 -9.852742559851e-02 2.46e-10 1.45e-11 2.64e-07 0.375
 77   -9.846834794997e-02 -9.852033312148e-02 1.67e-10 9.90e-12 1.87e-07 0.379
 78   -9.846961821255e-02 -9.851887145198e-02 1.50e-10 8.73e-12 1.82e-07 0.384
 79   -9.847446456222e-02 -9.851343517927e-02 1.01e-10 5.88e-12 1.28e-07 0.388
 80   -9.847554507740e-02 -9.851220398926e-02 9.00e-11 5.17e-12 1.24e-07 0.394
 81   -9.847919839041e-02 -9.850812168003e-02 6.05e-11 3.49e-12 8.63e-08 0.398
 82   -9.848008917824e-02 -9.850711192559e-02 5.32e-11 3.13e-12 8.25e-08 0.403
 83   -9.848283722452e-02 -9.850405193336e-02 3.55e-11 2.08e-12 5.72e-08 0.407
 84   -9.848358119384e-02 -9.850321421535e-02 3.09e-11 1.57e-12 5.39e-08 0.412
 85   -9.848560979739e-02 -9.850096196840e-02 2.05e-11 1.04e-12 3.72e-08 0.416
 86   -9.848621400424e-02 -9.850028446228e-02 1.75e-11 1.23e-12 3.46e-08 0.421
 87   -9.848769868162e-02 -9.849864037146e-02 1.16e-11 8.10e-13 2.36e-08 0.425
 88   -9.848819089774e-02 -9.849809095818e-02 9.76e-12 7.80e-13 2.16e-08 0.430
 89   -9.848925539973e-02 -9.849691471821e-02 6.41e-12 5.10e-13 1.47e-08 0.434
 90   -9.848964620789e-02 -9.849647990242e-02 5.29e-12 1.23e-12 1.32e-08 0.439
 91   -9.849039849117e-02 -9.849565021722e-02 3.45e-12 7.96e-13 8.90e-09 0.443
 92   -9.849070704956e-02 -9.849530799472e-02 2.79e-12 8.05e-13 7.80e-09 0.448
 93   -9.849122668220e-02 -9.849473581176e-02 1.81e-12 5.27e-13 5.23e-09 0.451
 94   -9.849146337632e-02 -9.849447392479e-02 1.42e-12 2.10e-13 4.46e-09 0.456
 95   -9.849181416093e-02 -9.849408818760e-02 9.13e-13 1.98e-13 2.97e-09 0.460
 96   -9.849199189438e-02 -9.849389197106e-02 6.97e-13 1.77e-12 2.45e-09 0.465
 97   -9.849222079703e-02 -9.849364053832e-02 4.44e-13 1.11e-12 1.62e-09 0.469
 98   -9.849234925632e-02 -9.849349897368e-02 3.27e-13 2.04e-13 1.29e-09 0.474
 99   -9.849249277311e-02 -9.849334146781e-02 2.07e-13 3.39e-14 8.42e-10 0.478


Optimal solution found in 99 iterations and 0.478s
Objective -9.84924928e-02
Primal infeasibility (abs/rel): 4.13e-13/2.07e-13
Dual infeasibility   (abs/rel): 3.73e-14/3.39e-14
Complementarity gap  (abs/rel): 9.25e-10/8.42e-10


Barrier finished in 0.48 seconds
Dual variables for problems with quadratic constraints not returned.
