cuOpt version: 26.10.0, git hash: 648f805d, host arch: x86_64, device archs: 80-real
CPU: AMD EPYC 7642 48-Core Processor, threads: 5C/5T, RAM usage: 43.98/503.74GiB
CPU SIMD target: AVX2
CUDA 12.9, device: NVIDIA A100 80GB PCIe (ID 0), VRAM: 79.44 GiB
CUDA device UUID: 68df5cf5-71f9-6a93-b428-460c080ffb10
Problem has 1 quadratic constraints. Converting to second-order cones and solving with barrier.
Barrier: reusing cache (skip convert/presolve/scaling)
Barrier solver started at 0.000 seconds
Barrier solver: 5103 constraints, 10102 variables, 265152 nonzeros
Barrier setup complete at 0.000 seconds
Adaptive regularization enabled


                  Objective                         Infeasibility        Time
Iter   Primal              Dual                Primal   Dual    Compl.   Elapsed
  0   -3.704291987375e+02 -3.711395609108e+02 3.71e+03 1.91e+00 1.19e-02 0.001
  1   -8.083223154103e-01 -3.473468045888e+02 6.71e+00 2.97e-01 1.68e-01 0.012
  2   -6.077349700380e-02 -4.920524198396e+00 5.28e-02 3.11e-03 1.96e-03 0.017
  3   -5.629436481147e-02 -2.042365789760e-01 1.48e-03 8.74e-05 4.73e-05 0.021
  4   -6.071057037788e-02 -2.060252704922e-01 1.36e-03 7.99e-05 5.69e-05 0.025
  5   -6.096083217538e-02 -2.060419848748e-01 1.34e-03 7.87e-05 5.69e-05 0.030
  6   -7.341806977830e-02 -1.997433071786e-01 5.70e-04 3.36e-05 2.17e-04 0.034
  7   -7.350409946527e-02 -1.960279991878e-01 4.89e-04 2.88e-05 2.19e-04 0.039
  8   -8.064676211322e-02 -1.576194996200e-01 2.93e-04 1.73e-05 1.42e-04 0.043
  9   -8.071529109173e-02 -1.575985140174e-01 2.89e-04 1.70e-05 1.40e-04 0.047
 10   -8.400312340015e-02 -1.399575986789e-01 1.30e-04 7.64e-06 1.09e-04 0.051
 11   -8.390602804682e-02 -1.397929697240e-01 1.28e-04 7.55e-06 1.08e-04 0.056
 12   -8.689669795923e-02 -1.277338979375e-01 5.93e-05 3.49e-06 7.70e-05 0.060
 13   -8.873962390030e-02 -1.228695879716e-01 4.60e-05 2.71e-06 7.18e-05 0.064
 14   -8.848058433040e-02 -1.226034188852e-01 4.56e-05 2.69e-06 8.22e-05 0.069
 15   -9.200977833330e-02 -1.133291525410e-01 2.28e-05 1.34e-06 5.90e-05 0.074
 16   -9.204916259878e-02 -1.132313357733e-01 2.21e-05 1.30e-06 6.83e-05 0.079
 17   -9.324594741663e-02 -1.096981671662e-01 1.31e-05 7.72e-07 5.29e-05 0.084
 18   -9.317373468555e-02 -1.096063987069e-01 1.29e-05 7.62e-07 5.76e-05 0.090
 19   -9.347037915267e-02 -1.084895468944e-01 1.00e-05 5.91e-07 6.67e-05 0.094
 20   -9.351242534075e-02 -1.084202320983e-01 9.75e-06 5.74e-07 7.33e-05 0.100
 21   -9.395100117463e-02 -1.073063326668e-01 7.55e-06 4.45e-07 6.90e-05 0.105
 22   -9.392597210762e-02 -1.072091497927e-01 7.35e-06 4.33e-07 7.42e-05 0.110
 23   -9.467593151618e-02 -1.057488470797e-01 5.39e-06 3.18e-07 6.91e-05 0.115
 24   -9.471198252385e-02 -1.056594090248e-01 5.22e-06 3.08e-07 7.40e-05 0.120
 25   -9.512140961772e-02 -1.047845042878e-01 4.02e-06 2.37e-07 6.59e-05 0.125
 26   -9.511255628087e-02 -1.047056320512e-01 3.90e-06 2.30e-07 6.96e-05 0.131
 27   -9.561676914636e-02 -1.037830669659e-01 2.94e-06 1.73e-07 6.19e-05 0.135
 28   -9.565308535913e-02 -1.037082987362e-01 2.83e-06 1.67e-07 6.54e-05 0.141
 29   -9.595156403432e-02 -1.031152553090e-01 2.21e-06 1.30e-07 5.80e-05 0.146
 30   -9.595829466809e-02 -1.030485369035e-01 2.13e-06 1.26e-07 6.08e-05 0.152
 31   -9.637063833433e-02 -1.023567028684e-01 1.60e-06 9.42e-08 5.24e-05 0.156
 32   -9.640472848366e-02 -1.022919888103e-01 1.53e-06 9.02e-08 5.49e-05 0.162
 33   -9.669350367537e-02 -1.017938598581e-01 1.16e-06 6.85e-08 4.64e-05 0.167
 34   -9.670486510917e-02 -1.017394868330e-01 1.11e-06 6.56e-08 4.83e-05 0.172
 35   -9.702762572835e-02 -1.012350595484e-01 8.23e-07 4.85e-08 3.98e-05 0.177
 36   -9.705578287466e-02 -1.011845970218e-01 7.84e-07 4.62e-08 4.14e-05 0.182
 37   -9.727500612987e-02 -1.008321099326e-01 5.91e-07 3.48e-08 3.42e-05 0.187
 38   -9.728859254357e-02 -1.007906493088e-01 5.63e-07 3.32e-08 3.54e-05 0.193
 39   -9.751591755570e-02 -1.004529735867e-01 4.17e-07 2.46e-08 2.86e-05 0.198
 40   -9.753938484875e-02 -1.004144739787e-01 3.96e-07 2.33e-08 2.96e-05 0.204
 41   -9.770346038200e-02 -1.001680448133e-01 2.97e-07 1.75e-08 2.40e-05 0.208
 42   -9.771673856010e-02 -1.001370527424e-01 2.81e-07 1.66e-08 2.47e-05 0.214
 43   -9.787764666194e-02 -9.990931005013e-02 2.08e-07 1.23e-08 1.97e-05 0.219
 44   -9.789613661607e-02 -9.988091806519e-02 1.97e-07 1.16e-08 2.03e-05 0.225
 45   -9.801576303134e-02 -9.971092488193e-02 1.47e-07 8.67e-09 1.62e-05 0.230
 46   -9.802754726742e-02 -9.968814008441e-02 1.39e-07 8.19e-09 1.67e-05 0.235
 47   -9.814363196156e-02 -9.953129221987e-02 1.02e-07 6.02e-09 1.31e-05 0.240
 48   -9.815792261207e-02 -9.951047968771e-02 9.63e-08 5.67e-09 1.34e-05 0.246
 49   -9.824859751932e-02 -9.938869680274e-02 7.09e-08 4.17e-09 1.05e-05 0.251
 50   -9.825827765947e-02 -9.937217601115e-02 6.66e-08 3.92e-09 1.08e-05 0.256
 51   -9.834382763073e-02 -9.926177926680e-02 4.81e-08 2.83e-09 8.23e-06 0.260
 52   -9.835432042320e-02 -9.924702624516e-02 4.51e-08 2.66e-09 8.40e-06 0.266
 53   -9.841916590392e-02 -9.916366207606e-02 3.27e-08 1.93e-09 6.43e-06 0.270
 54   -9.842660289305e-02 -9.915214190347e-02 3.06e-08 1.80e-09 6.55e-06 0.276
 55   -9.848383419708e-02 -9.908055166329e-02 2.19e-08 1.29e-09 4.95e-06 0.280
 56   -9.849149903961e-02 -9.907025816966e-02 2.05e-08 1.21e-09 5.02e-06 0.285
 57   -9.853507566998e-02 -9.901608498612e-02 1.47e-08 8.68e-10 3.80e-06 0.289
 58   -9.854079694523e-02 -9.900796553784e-02 1.37e-08 8.08e-10 3.85e-06 0.297
 59   -9.857859795591e-02 -9.896200870868e-02 9.79e-09 5.76e-10 2.88e-06 0.301
 60   -9.858419899640e-02 -9.895478847143e-02 9.07e-09 5.34e-10 2.91e-06 0.307
 61   -9.861301566734e-02 -9.891996487625e-02 6.50e-09 3.83e-10 2.18e-06 0.311
 62   -9.861733217847e-02 -9.891423954964e-02 6.01e-09 3.54e-10 2.20e-06 0.316
 63   -9.864177143610e-02 -9.888520730772e-02 4.27e-09 2.52e-10 1.63e-06 0.320
 64   -9.864585590539e-02 -9.888012871047e-02 3.94e-09 2.32e-10 1.64e-06 0.326
 65   -9.866457857358e-02 -9.885802019650e-02 2.81e-09 1.65e-10 1.22e-06 0.330
 66   -9.866780346508e-02 -9.885395961038e-02 2.58e-09 1.52e-10 1.22e-06 0.336
 67   -9.868340149020e-02 -9.883577914705e-02 1.83e-09 1.07e-10 9.03e-07 0.340
 68   -9.868637438351e-02 -9.883219222822e-02 1.67e-09 9.82e-11 8.97e-07 0.346
 69   -9.869836359091e-02 -9.881829448280e-02 1.18e-09 6.97e-11 6.65e-07 0.350
 70   -9.870075669198e-02 -9.881539736994e-02 1.07e-09 6.34e-11 6.58e-07 0.355
 71   -9.871063017668e-02 -9.880406787441e-02 7.57e-10 4.46e-11 4.84e-07 0.359
 72   -9.871278997223e-02 -9.880152409907e-02 6.83e-10 4.04e-11 4.76e-07 0.365
 73   -9.872041591880e-02 -9.879281826382e-02 4.81e-10 2.84e-11 3.49e-07 0.369
 74   -9.872216876310e-02 -9.879075587019e-02 4.31e-10 2.55e-11 3.41e-07 0.374
 75   -9.872835700890e-02 -9.878374621201e-02 3.00e-10 1.77e-11 2.48e-07 0.378
 76   -9.872989791757e-02 -9.878196444453e-02 2.67e-10 1.58e-11 2.40e-07 0.384
 77   -9.873463447685e-02 -9.877662199121e-02 1.85e-10 1.10e-11 1.74e-07 0.388
 78   -9.873588073059e-02 -9.877518528130e-02 1.63e-10 9.65e-12 1.67e-07 0.393
 79   -9.873962049823e-02 -9.877099109189e-02 1.12e-10 6.62e-12 1.20e-07 0.397
 80   -9.874068613749e-02 -9.876977628545e-02 9.79e-11 5.90e-12 1.13e-07 0.402
 81   -9.874348765525e-02 -9.876664498301e-02 6.70e-11 4.05e-12 8.08e-08 0.406
 82   -9.874434080249e-02 -9.876567597138e-02 5.77e-11 3.58e-12 7.57e-08 0.412
 83   -9.874646804655e-02 -9.876330774451e-02 3.91e-11 2.40e-12 5.35e-08 0.416
 84   -9.874717853370e-02 -9.876250675512e-02 3.32e-11 2.08e-12 4.94e-08 0.420
 85   -9.874872254930e-02 -9.876079220088e-02 2.24e-11 1.42e-12 3.47e-08 0.424
 86   -9.874928783158e-02 -9.876015724231e-02 1.88e-11 1.41e-12 3.15e-08 0.429
 87   -9.875042048164e-02 -9.875890324993e-02 1.26e-11 9.45e-13 2.19e-08 0.433
 88   -9.875088198721e-02 -9.875838744498e-02 1.03e-11 5.67e-13 1.95e-08 0.438
 89   -9.875168200096e-02 -9.875750363612e-02 6.83e-12 3.81e-13 1.35e-08 0.442
 90   -9.875204351844e-02 -9.875710082511e-02 5.45e-12 1.97e-13 1.17e-08 0.447
 91   -9.875260470194e-02 -9.875648224698e-02 3.59e-12 1.20e-13 7.99e-09 0.451
 92   -9.875288866263e-02 -9.875616693215e-02 2.77e-12 5.07e-13 6.69e-09 0.456
 93   -9.875326463499e-02 -9.875575318649e-02 1.81e-12 3.23e-13 4.54e-09 0.460
 94   -9.875347746999e-02 -9.875551745208e-02 1.35e-12 1.37e-14 3.66e-09 0.465
 95   -9.875372409377e-02 -9.875524649032e-02 8.66e-13 2.58e-14 2.44e-09 0.469
 96   -9.875387948114e-02 -9.875507480801e-02 6.14e-13 5.22e-13 1.88e-09 0.474
 97   -9.875403363384e-02 -9.875490566279e-02 3.88e-13 4.52e-13 1.23e-09 0.478


Optimal solution found in 97 iterations and 0.478s
Objective -9.87540336e-02
Primal infeasibility (abs/rel): 7.76e-13/3.88e-13
Dual infeasibility   (abs/rel): 4.98e-13/4.52e-13
Complementarity gap  (abs/rel): 1.35e-09/1.23e-09


Barrier finished in 0.48 seconds
Dual variables for problems with quadratic constraints not returned.
