cuOpt version: 26.10.0, git hash: 648f805d, host arch: x86_64, device archs: 80-real
CPU: AMD EPYC 7642 48-Core Processor, threads: 5C/5T, RAM usage: 43.89/503.74GiB
CPU SIMD target: AVX2
CUDA 12.9, device: NVIDIA A100 80GB PCIe (ID 0), VRAM: 79.44 GiB
CUDA device UUID: 68df5cf5-71f9-6a93-b428-460c080ffb10
Problem has 1 quadratic constraints. Converting to second-order cones and solving with barrier.
Barrier: reusing cache (skip convert/presolve/scaling)
Barrier solver started at 0.000 seconds
Barrier solver: 5103 constraints, 10102 variables, 265152 nonzeros
Barrier setup complete at 0.000 seconds
Adaptive regularization enabled


                  Objective                         Infeasibility        Time
Iter   Primal              Dual                Primal   Dual    Compl.   Elapsed
  0   -3.704490508896e+02 -3.710981922775e+02 3.71e+03 1.91e+00 1.19e-02 0.001
  1   -8.086098183120e-01 -3.473053946317e+02 6.71e+00 2.97e-01 1.68e-01 0.005
  2   -6.082676239747e-02 -4.940078760010e+00 5.32e-02 3.13e-03 1.98e-03 0.009
  3   -5.630105793546e-02 -2.020492554086e-01 1.46e-03 8.60e-05 4.64e-05 0.013
  4   -6.046732715397e-02 -2.040139452760e-01 1.36e-03 7.99e-05 3.52e-05 0.017
  5   -6.064885265576e-02 -2.040453041943e-01 1.34e-03 7.90e-05 3.60e-05 0.022
  6   -7.185331336587e-02 -2.005660010269e-01 6.89e-04 4.05e-05 2.93e-04 0.026
  7   -7.200773287219e-02 -1.973848347912e-01 5.96e-04 3.51e-05 3.01e-04 0.031
  8   -7.836298802513e-02 -1.658653762396e-01 3.96e-04 2.33e-05 2.21e-04 0.035
  9   -7.846619676134e-02 -1.658556090765e-01 3.90e-04 2.29e-05 2.18e-04 0.040
 10   -8.251228584984e-02 -1.467545791488e-01 1.97e-04 1.16e-05 1.74e-04 0.045
 11   -8.238833254559e-02 -1.465465582645e-01 1.95e-04 1.15e-05 1.73e-04 0.050
 12   -8.443835217142e-02 -1.358193339287e-01 1.00e-04 5.90e-06 1.30e-04 0.054
 13   -8.698155913857e-02 -1.285753317274e-01 7.56e-05 4.44e-06 1.14e-04 0.058
 14   -8.656563518678e-02 -1.281336008804e-01 7.42e-05 4.37e-06 1.59e-04 0.063
 15   -9.181730280789e-02 -1.137002180385e-01 3.42e-05 2.01e-06 1.02e-04 0.067
 16   -9.185920934531e-02 -1.135388605376e-01 3.30e-05 1.94e-06 1.09e-04 0.072
 17   -9.329892261204e-02 -1.096744652160e-01 2.10e-05 1.24e-06 7.76e-05 0.077
 18   -9.322124768985e-02 -1.095585598400e-01 2.06e-05 1.21e-06 8.28e-05 0.083
 19   -9.380397449866e-02 -1.076054141027e-01 1.39e-05 8.19e-07 6.85e-05 0.087
 20   -9.383351093052e-02 -1.074871061467e-01 1.35e-05 7.93e-07 7.44e-05 0.093
 21   -9.404209308056e-02 -1.067415956959e-01 1.11e-05 6.55e-07 6.91e-05 0.098
 22   -9.403686055084e-02 -1.066396211523e-01 1.08e-05 6.35e-07 7.35e-05 0.104
 23   -9.457818520675e-02 -1.054217570706e-01 8.20e-06 4.82e-07 6.60e-05 0.108
 24   -9.460925614124e-02 -1.053184251091e-01 7.91e-06 4.65e-07 7.03e-05 0.114
 25   -9.492794082804e-02 -1.045388960356e-01 6.25e-06 3.67e-07 6.27e-05 0.118
 26   -9.493461574817e-02 -1.044543136174e-01 6.04e-06 3.55e-07 6.60e-05 0.124
 27   -9.546823247037e-02 -1.034331932155e-01 4.47e-06 2.63e-07 5.64e-05 0.129
 28   -9.549500407623e-02 -1.033513753465e-01 4.30e-06 2.53e-07 5.95e-05 0.134
 29   -9.579921539169e-02 -1.027200141875e-01 3.31e-06 1.95e-07 5.10e-05 0.139
 30   -9.581154893459e-02 -1.026540829311e-01 3.19e-06 1.88e-07 5.34e-05 0.145
 31   -9.622750287347e-02 -1.019294854551e-01 2.35e-06 1.38e-07 4.40e-05 0.149
 32   -9.625133178565e-02 -1.018681220543e-01 2.25e-06 1.33e-07 4.62e-05 0.155
 33   -9.651138697839e-02 -1.013912949734e-01 1.71e-06 1.00e-07 3.82e-05 0.160
 34   -9.652556804533e-02 -1.013421847873e-01 1.64e-06 9.63e-08 3.99e-05 0.165
 35   -9.683184219360e-02 -1.008471164665e-01 1.20e-06 7.08e-08 3.21e-05 0.170
 36   -9.685220038625e-02 -1.008028479697e-01 1.15e-06 6.78e-08 3.35e-05 0.176
 37   -9.706135401635e-02 -1.004566602496e-01 8.61e-07 5.06e-08 2.70e-05 0.180
 38   -9.707480038369e-02 -1.004213730848e-01 8.25e-07 4.85e-08 2.81e-05 0.186
 39   -9.729420811006e-02 -1.000891320382e-01 6.06e-07 3.56e-08 2.22e-05 0.190
 40   -9.731063606380e-02 -1.000581126655e-01 5.79e-07 3.40e-08 2.31e-05 0.196
 41   -9.747036948395e-02 -9.981457169755e-02 4.29e-07 2.52e-08 1.84e-05 0.201
 42   -9.748200406380e-02 -9.978968979424e-02 4.10e-07 2.41e-08 1.91e-05 0.206
 43   -9.764243447551e-02 -9.956148591127e-02 3.00e-07 1.76e-08 1.49e-05 0.210
 44   -9.765523059512e-02 -9.953978577533e-02 2.86e-07 1.68e-08 1.54e-05 0.216
 45   -9.777932812688e-02 -9.936451471798e-02 2.08e-07 1.23e-08 1.20e-05 0.220
 46   -9.778865199739e-02 -9.934717677686e-02 1.99e-07 1.17e-08 1.24e-05 0.226
 47   -9.790772351950e-02 -9.918742396203e-02 1.43e-07 8.39e-09 9.43e-06 0.230
 48   -9.791717999231e-02 -9.917254729280e-02 1.36e-07 7.98e-09 9.77e-06 0.236
 49   -9.800868303270e-02 -9.905089892722e-02 9.74e-08 5.73e-09 7.39e-06 0.240
 50   -9.801575305274e-02 -9.903912476748e-02 9.27e-08 5.45e-09 7.65e-06 0.246
 51   -9.809629515023e-02 -9.893553083108e-02 6.61e-08 3.89e-09 5.74e-06 0.250
 52   -9.810324564406e-02 -9.892541351265e-02 6.27e-08 3.69e-09 5.93e-06 0.255
 53   -9.816422662017e-02 -9.884758723436e-02 4.50e-08 2.65e-09 4.47e-06 0.259
 54   -9.816975584576e-02 -9.883935347861e-02 4.27e-08 2.51e-09 4.61e-06 0.265
 55   -9.822299276649e-02 -9.877324898509e-02 3.05e-08 1.79e-09 3.46e-06 0.269
 56   -9.822831852697e-02 -9.876602365012e-02 2.88e-08 1.69e-09 3.56e-06 0.275
 57   -9.826994857297e-02 -9.871484124538e-02 2.06e-08 1.21e-09 2.67e-06 0.279
 58   -9.827426654967e-02 -9.870891397642e-02 1.94e-08 1.14e-09 2.74e-06 0.284
 59   -9.830999295549e-02 -9.866586978410e-02 1.38e-08 8.12e-10 2.04e-06 0.288
 60   -9.831402921552e-02 -9.866066999990e-02 1.30e-08 7.63e-10 2.09e-06 0.294
 61   -9.834194847304e-02 -9.862731351909e-02 9.23e-09 5.43e-10 1.56e-06 0.298
 62   -9.834527466940e-02 -9.862301890953e-02 8.65e-09 5.09e-10 1.59e-06 0.303
 63   -9.836875873650e-02 -9.859537974492e-02 6.12e-09 3.60e-10 1.18e-06 0.307
 64   -9.837181347012e-02 -9.859160232940e-02 5.70e-09 3.35e-10 1.20e-06 0.313
 65   -9.839020675125e-02 -9.857011359286e-02 4.03e-09 2.37e-10 8.85e-07 0.317
 66   -9.839275240991e-02 -9.856697348895e-02 3.75e-09 2.20e-10 8.95e-07 0.322
 67   -9.840799666682e-02 -9.854936446057e-02 2.63e-09 1.55e-10 6.58e-07 0.326
 68   -9.841029062257e-02 -9.854661437498e-02 2.43e-09 1.43e-10 6.62e-07 0.331
 69   -9.842218111357e-02 -9.853296243027e-02 1.70e-09 1.00e-10 4.86e-07 0.335
 70   -9.842409572288e-02 -9.853067767630e-02 1.57e-09 9.20e-11 4.86e-07 0.341
 71   -9.843374486555e-02 -9.851969040534e-02 1.09e-09 6.41e-11 3.54e-07 0.345
 72   -9.843543712371e-02 -9.851770896173e-02 9.97e-10 5.85e-11 3.52e-07 0.350
 73   -9.844288056461e-02 -9.850927366520e-02 6.93e-10 4.07e-11 2.55e-07 0.354
 74   -9.844428984743e-02 -9.850763243750e-02 6.28e-10 3.67e-11 2.52e-07 0.360
 75   -9.845020213331e-02 -9.850097282335e-02 4.35e-10 2.54e-11 1.82e-07 0.364
 76   -9.845142505317e-02 -9.849956662189e-02 3.91e-10 2.27e-11 1.78e-07 0.369
 77   -9.845592934158e-02 -9.849451197683e-02 2.70e-10 1.56e-11 1.28e-07 0.373
 78   -9.845694189039e-02 -9.849335369261e-02 2.41e-10 1.39e-11 1.24e-07 0.378
 79   -9.846044441483e-02 -9.848944067460e-02 1.65e-10 9.52e-12 8.90e-08 0.383
 80   -9.846130685189e-02 -9.848846250268e-02 1.46e-10 8.34e-12 8.56e-08 0.388
 81   -9.846393623945e-02 -9.848553352863e-02 9.96e-11 5.70e-12 6.10e-08 0.392
 82   -9.846464389236e-02 -9.848473448077e-02 8.71e-11 5.19e-12 5.80e-08 0.397
 83   -9.846664316210e-02 -9.848251470523e-02 5.92e-11 3.50e-12 4.11e-08 0.401
 84   -9.846723423615e-02 -9.848185112812e-02 5.11e-11 2.96e-12 3.85e-08 0.406
 85   -9.846870780176e-02 -9.848021874941e-02 3.46e-11 2.00e-12 2.72e-08 0.410
 86   -9.846918635662e-02 -9.847968340562e-02 2.94e-11 1.97e-12 2.51e-08 0.415
 87   -9.847027752027e-02 -9.847847755620e-02 1.98e-11 1.30e-12 1.76e-08 0.419
 88   -9.847066798217e-02 -9.847804246040e-02 1.65e-11 1.34e-12 1.60e-08 0.424
 89   -9.847145159807e-02 -9.847717799902e-02 1.10e-11 9.06e-13 1.11e-08 0.428
 90   -9.847176093321e-02 -9.847683424599e-02 9.02e-12 1.14e-12 9.86e-09 0.433
 91   -9.847232078476e-02 -9.847621772971e-02 5.96e-12 7.42e-13 6.77e-09 0.437
 92   -9.847256454905e-02 -9.847594757389e-02 4.76e-12 5.29e-13 5.87e-09 0.441
 93   -9.847295090446e-02 -9.847552268332e-02 3.11e-12 3.94e-13 3.99e-09 0.446
 94   -9.847313606570e-02 -9.847531790355e-02 2.41e-12 4.02e-13 3.36e-09 0.450
 95   -9.847339727451e-02 -9.847503100675e-02 1.55e-12 2.31e-13 2.24e-09 0.454
 96   -9.847353426915e-02 -9.847487979015e-02 1.16e-12 9.01e-13 1.82e-09 0.459
 97   -9.847370248506e-02 -9.847469520631e-02 7.39e-13 5.80e-13 1.20e-09 0.463


Optimal solution found in 97 iterations and 0.463s
Objective -9.84737025e-02
Primal infeasibility (abs/rel): 1.48e-12/7.39e-13
Dual infeasibility   (abs/rel): 6.39e-13/5.80e-13
Complementarity gap  (abs/rel): 1.32e-09/1.20e-09


Barrier finished in 0.46 seconds
Dual variables for problems with quadratic constraints not returned.
