cuOpt version: 26.10.0, git hash: 648f805d, host arch: x86_64, device archs: 80-real
CPU: AMD EPYC 7642 48-Core Processor, threads: 5C/5T, RAM usage: 43.92/503.74GiB
CPU SIMD target: AVX2
CUDA 12.9, device: NVIDIA A100 80GB PCIe (ID 0), VRAM: 79.44 GiB
CUDA device UUID: 68df5cf5-71f9-6a93-b428-460c080ffb10
Problem has 1 quadratic constraints. Converting to second-order cones and solving with barrier.
Barrier: reusing cache (skip convert/presolve/scaling)
Barrier solver started at 0.000 seconds
Barrier solver: 5103 constraints, 10102 variables, 265152 nonzeros
Barrier setup complete at 0.001 seconds
Adaptive regularization enabled


                  Objective                         Infeasibility        Time
Iter   Primal              Dual                Primal   Dual    Compl.   Elapsed
  0   -3.704340093575e+02 -3.710959393425e+02 3.71e+03 1.91e+00 1.19e-02 0.001
  1   -8.080346067020e-01 -3.473031450386e+02 6.70e+00 2.97e-01 1.68e-01 0.007
  2   -6.080118619697e-02 -4.924817609263e+00 5.28e-02 3.11e-03 1.97e-03 0.011
  3   -5.631133624901e-02 -2.026577920370e-01 1.47e-03 8.64e-05 4.67e-05 0.016
  4   -6.127517399399e-02 -2.048439662645e-01 1.33e-03 7.85e-05 5.86e-05 0.020
  5   -6.147953087736e-02 -2.048337873471e-01 1.31e-03 7.74e-05 5.95e-05 0.025
  6   -7.356966674301e-02 -1.970253318506e-01 5.66e-04 3.33e-05 2.65e-04 0.029
  7   -7.349890803592e-02 -1.947847577885e-01 5.10e-04 3.00e-05 2.53e-04 0.034
  8   -8.186166998449e-02 -1.512297842471e-01 2.77e-04 1.63e-05 1.74e-04 0.038
  9   -8.193377681806e-02 -1.512410705681e-01 2.74e-04 1.61e-05 1.73e-04 0.043
 10   -8.450192111562e-02 -1.381334963110e-01 1.46e-04 8.58e-06 1.45e-04 0.047
 11   -8.439839135382e-02 -1.379689181503e-01 1.44e-04 8.48e-06 1.43e-04 0.052
 12   -8.597813024789e-02 -1.299795738666e-01 7.92e-05 4.67e-06 1.14e-04 0.057
 13   -8.574664187164e-02 -1.295525707670e-01 7.62e-05 4.49e-06 1.53e-04 0.064
 14   -8.591969576701e-02 -1.294235923265e-01 7.34e-05 4.33e-06 1.73e-04 0.070
 15   -8.775461805032e-02 -1.225873831061e-01 3.86e-05 2.27e-06 1.14e-04 0.074
 16   -8.765857842216e-02 -1.222614896077e-01 3.72e-05 2.19e-06 1.30e-04 0.079
 17   -8.849180672443e-02 -1.195545977395e-01 2.82e-05 1.66e-06 1.30e-04 0.084
 18   -8.858477390247e-02 -1.194288574141e-01 2.74e-05 1.61e-06 1.40e-04 0.089
 19   -8.932344832138e-02 -1.172062556556e-01 2.13e-05 1.26e-06 1.27e-04 0.094
 20   -8.926405268459e-02 -1.170031445886e-01 2.07e-05 1.22e-06 1.36e-04 0.099
 21   -9.032205951333e-02 -1.143698360969e-01 1.56e-05 9.19e-07 1.35e-04 0.104
 22   -9.041195040705e-02 -1.142250312090e-01 1.51e-05 8.90e-07 1.43e-04 0.109
 23   -9.138868248060e-02 -1.119017505674e-01 1.12e-05 6.58e-07 1.26e-04 0.114
 24   -9.135920884384e-02 -1.117261524841e-01 1.08e-05 6.37e-07 1.33e-04 0.120
 25   -9.271060313227e-02 -1.089719286841e-01 7.44e-06 4.38e-07 1.18e-04 0.124
 26   -9.277999380478e-02 -1.088121650072e-01 7.16e-06 4.22e-07 1.24e-04 0.130
 27   -9.367355500309e-02 -1.069742970689e-01 5.07e-06 2.99e-07 1.02e-04 0.135
 28   -9.366214617048e-02 -1.068444145378e-01 4.89e-06 2.88e-07 1.08e-04 0.141
 29   -9.458506816285e-02 -1.051363470514e-01 3.37e-06 1.99e-07 8.77e-05 0.145
 30   -9.463067948789e-02 -1.050219942769e-01 3.23e-06 1.90e-07 9.22e-05 0.151
 31   -9.514704247036e-02 -1.040175639738e-01 2.38e-06 1.40e-07 7.60e-05 0.156
 32   -9.515448388533e-02 -1.039250168402e-01 2.28e-06 1.34e-07 7.93e-05 0.162
 33   -9.567769952269e-02 -1.030021510935e-01 1.66e-06 9.76e-08 6.52e-05 0.166
 34   -9.571902774253e-02 -1.029176045400e-01 1.58e-06 9.33e-08 6.80e-05 0.172
 35   -9.608026901601e-02 -1.022708264492e-01 1.18e-06 6.97e-08 5.62e-05 0.177
 36   -9.609667863884e-02 -1.022011635932e-01 1.13e-06 6.66e-08 5.83e-05 0.183
 37   -9.647386796932e-02 -1.015855865839e-01 8.28e-07 4.88e-08 4.73e-05 0.187
 38   -9.650812929374e-02 -1.015223594805e-01 7.88e-07 4.64e-08 4.91e-05 0.193
 39   -9.678109233631e-02 -1.010739650794e-01 5.88e-07 3.46e-08 3.98e-05 0.198
 40   -9.679844624023e-02 -1.010233488177e-01 5.60e-07 3.30e-08 4.12e-05 0.204
 41   -9.706329135485e-02 -1.006157474783e-01 4.12e-07 2.43e-08 3.30e-05 0.208
 42   -9.709013820837e-02 -1.005706232687e-01 3.92e-07 2.31e-08 3.41e-05 0.214
 43   -9.729128712409e-02 -1.002620049496e-01 2.92e-07 1.72e-08 2.73e-05 0.219
 44   -9.730719562632e-02 -1.002258332182e-01 2.77e-07 1.63e-08 2.82e-05 0.225
 45   -9.750625833708e-02 -9.993854599491e-02 2.02e-07 1.19e-08 2.22e-05 0.230
 46   -9.752655389116e-02 -9.990655362091e-02 1.92e-07 1.13e-08 2.29e-05 0.236
 47   -9.768569831362e-02 -9.968020917282e-02 1.40e-07 8.23e-09 1.78e-05 0.241
 48   -9.769845966879e-02 -9.965509688163e-02 1.32e-07 7.80e-09 1.84e-05 0.246
 49   -9.784928727535e-02 -9.945032398602e-02 9.44e-08 5.56e-09 1.39e-05 0.250
 50   -9.786348759966e-02 -9.942881018943e-02 8.93e-08 5.26e-09 1.43e-05 0.256
 51   -9.797829894136e-02 -9.927433612666e-02 6.40e-08 3.77e-09 1.09e-05 0.260
 52   -9.798780295497e-02 -9.925776127676e-02 6.05e-08 3.56e-09 1.12e-05 0.266
 53   -9.808911763508e-02 -9.912581197832e-02 4.28e-08 2.52e-09 8.33e-06 0.270
 54   -9.809910968953e-02 -9.911155213481e-02 4.04e-08 2.38e-09 8.56e-06 0.276
 55   -9.817610794249e-02 -9.901226541331e-02 2.88e-08 1.70e-09 6.41e-06 0.280
 56   -9.818332973853e-02 -9.900108389991e-02 2.71e-08 1.60e-09 6.58e-06 0.286
 57   -9.825095363354e-02 -9.891632536120e-02 1.91e-08 1.12e-09 4.86e-06 0.290
 58   -9.825812765032e-02 -9.890663240934e-02 1.80e-08 1.06e-09 4.98e-06 0.296
 59   -9.831011483676e-02 -9.884214685784e-02 1.27e-08 7.47e-10 3.68e-06 0.300
 60   -9.831547868510e-02 -9.883454862111e-02 1.19e-08 7.02e-10 3.76e-06 0.305
 61   -9.835983903022e-02 -9.878066461039e-02 8.33e-09 4.91e-10 2.75e-06 0.309
 62   -9.836494201026e-02 -9.877408302833e-02 7.80e-09 4.60e-10 2.81e-06 0.315
 63   -9.839895365241e-02 -9.873313971382e-02 5.47e-09 3.23e-10 2.06e-06 0.319
 64   -9.840289785657e-02 -9.872793218307e-02 5.12e-09 3.01e-10 2.09e-06 0.325
 65   -9.843141503047e-02 -9.869415727507e-02 3.56e-09 2.09e-10 1.52e-06 0.329
 66   -9.843505628093e-02 -9.868964017673e-02 3.31e-09 1.95e-10 1.54e-06 0.335
 67   -9.845686892175e-02 -9.866399816870e-02 2.31e-09 1.36e-10 1.12e-06 0.339
 68   -9.845974907755e-02 -9.866039194107e-02 2.15e-09 1.26e-10 1.13e-06 0.344
 69   -9.847764950557e-02 -9.863959989871e-02 1.49e-09 8.75e-11 8.16e-07 0.348
 70   -9.848026336346e-02 -9.863645918306e-02 1.37e-09 8.08e-11 8.20e-07 0.354
 71   -9.849394969834e-02 -9.862066083738e-02 9.54e-10 5.61e-11 5.93e-07 0.358
 72   -9.849606550939e-02 -9.861811490106e-02 8.78e-10 5.16e-11 5.94e-07 0.363
 73   -9.850715902445e-02 -9.860542599901e-02 6.06e-10 3.56e-11 4.27e-07 0.367
 74   -9.850905651677e-02 -9.860320186770e-02 5.54e-10 3.25e-11 4.25e-07 0.373
 75   -9.851753994559e-02 -9.859354836404e-02 3.83e-10 2.24e-11 3.05e-07 0.377
 76   -9.851909877528e-02 -9.859172511762e-02 3.48e-10 2.05e-11 3.02e-07 0.382
 77   -9.852587299123e-02 -9.858406890715e-02 2.39e-10 1.41e-11 2.16e-07 0.386
 78   -9.852725375111e-02 -9.858248028483e-02 2.15e-10 1.28e-11 2.12e-07 0.392
 79   -9.853240432671e-02 -9.857668317366e-02 1.47e-10 8.79e-12 1.51e-07 0.396
 80   -9.853354683690e-02 -9.857537331365e-02 1.32e-10 7.67e-12 1.47e-07 0.401
 81   -9.853758427846e-02 -9.857085193383e-02 8.97e-11 5.20e-12 1.04e-07 0.405
 82   -9.853858065544e-02 -9.856972133176e-02 7.92e-11 4.82e-12 9.98e-08 0.410
 83   -9.854161531969e-02 -9.856633413334e-02 5.37e-11 3.27e-12 7.04e-08 0.414
 84   -9.854243676116e-02 -9.856540547514e-02 4.68e-11 2.96e-12 6.68e-08 0.419
 85   -9.854475657263e-02 -9.856282573173e-02 3.15e-11 1.99e-12 4.67e-08 0.423
 86   -9.854545472043e-02 -9.856204161661e-02 2.71e-11 1.73e-12 4.36e-08 0.429
 87   -9.854715553545e-02 -9.856015495089e-02 1.81e-11 1.15e-12 3.03e-08 0.433
 88   -9.854772035714e-02 -9.855952269457e-02 1.53e-11 1.08e-12 2.79e-08 0.438
 89   -9.854896858952e-02 -9.855814160336e-02 1.02e-11 7.15e-13 1.92e-08 0.442
 90   -9.854943241386e-02 -9.855762466008e-02 8.43e-12 8.87e-13 1.73e-08 0.449
 91   -9.855031170158e-02 -9.855665352567e-02 5.57e-12 5.89e-13 1.19e-08 0.453
 92   -9.855067823423e-02 -9.855624615267e-02 4.51e-12 9.17e-13 1.04e-08 0.458
 93   -9.855129332745e-02 -9.855556802571e-02 2.96e-12 5.97e-13 7.10e-09 0.462
 94   -9.855158519735e-02 -9.855524458035e-02 2.33e-12 5.94e-13 6.05e-09 0.467
 95   -9.855199997819e-02 -9.855478792263e-02 1.52e-12 3.67e-13 4.09e-09 0.471
 96   -9.855222556382e-02 -9.855453845024e-02 1.14e-12 9.92e-14 3.35e-09 0.476
 97   -9.855250144604e-02 -9.855423513737e-02 7.37e-13 5.16e-14 2.24e-09 0.480
 98   -9.855267411366e-02 -9.855404454979e-02 5.26e-13 1.29e-12 1.73e-09 0.485
 99   -9.855285019281e-02 -9.855385119428e-02 3.31e-13 7.63e-13 1.13e-09 0.489
100   -9.855297433310e-02 -9.855371437302e-02 2.18e-13 7.63e-13 8.07e-10 0.493


Optimal solution found in 100 iterations and 0.493s
Objective -9.85529743e-02
Primal infeasibility (abs/rel): 4.37e-13/2.18e-13
Dual infeasibility   (abs/rel): 8.41e-13/7.63e-13
Complementarity gap  (abs/rel): 8.87e-10/8.07e-10


Barrier finished in 0.49 seconds
Dual variables for problems with quadratic constraints not returned.
