cuOpt version: 26.10.0, git hash: 648f805d, host arch: x86_64, device archs: 80-real
CPU: AMD EPYC 7642 48-Core Processor, threads: 5C/5T, RAM usage: 35.19/503.74GiB
CPU SIMD target: AVX2
CUDA 12.9, device: NVIDIA A100 80GB PCIe (ID 0), VRAM: 79.44 GiB
CUDA device UUID: 68df5cf5-71f9-6a93-b428-460c080ffb10
Problem has 1 quadratic constraints. Converting to second-order cones and solving with barrier.
Barrier: reusing cache (skip convert/presolve/scaling)
Barrier solver started at 0.000 seconds
Barrier solver: 5103 constraints, 10102 variables, 265152 nonzeros
Barrier setup complete at 0.000 seconds
Adaptive regularization enabled


                  Objective                         Infeasibility        Time
Iter   Primal              Dual                Primal   Dual    Compl.   Elapsed
  0   -3.701605598740e+02 -3.710234169387e+02 3.71e+03 1.91e+00 1.19e-02 0.001
  1   -3.741054718367e+01 -3.495882842978e+02 3.74e+02 7.84e-02 1.66e-02 0.007
  2   -3.887937386173e+00 -2.097219586674e+02 3.80e+01 4.70e-02 1.33e-02 0.012
  3   -4.429600696008e-01 -3.237980282684e+01 3.86e+00 5.32e-03 4.56e-03 0.017
  4   -9.287886877923e-02 -4.511798773553e+00 4.09e-01 5.69e-04 6.47e-04 0.022
  5   -5.627296339391e-02 -7.108185482735e-01 4.09e-02 5.69e-05 8.81e-05 0.027
  6   -5.675916009227e-02 -2.026239748050e-01 9.03e-03 1.26e-05 1.79e-05 0.033
  7   -6.888235758132e-02 -1.400988447279e-01 3.96e-03 5.52e-06 7.57e-06 0.038
  8   -7.287761734201e-02 -1.383138551266e-01 3.34e-03 4.66e-06 1.84e-05 0.043
  9   -7.610760678104e-02 -1.355476031760e-01 2.79e-03 3.89e-06 3.64e-05 0.048
 10   -8.087140956278e-02 -1.298420127128e-01 2.02e-03 2.81e-06 5.26e-05 0.053
 11   -8.196508394786e-02 -1.284914195687e-01 1.67e-03 2.32e-06 5.28e-05 0.058
 12   -8.703874020734e-02 -1.201278569001e-01 9.98e-04 1.39e-06 5.44e-05 0.064
 13   -8.777481577003e-02 -1.172977814565e-01 7.19e-04 1.00e-06 1.85e-04 0.069
 14   -9.271058813646e-02 -1.085907416329e-01 3.18e-04 4.42e-07 1.14e-04 0.074
 15   -9.553683448479e-02 -1.034406543426e-01 1.33e-04 1.85e-07 5.56e-05 0.079
 16   -9.738496867180e-02 -1.003410956073e-01 4.04e-05 5.63e-08 1.24e-05 0.084
 17   -9.798780247918e-02 -9.931162491213e-02 1.49e-05 2.08e-08 5.32e-06 0.089
 18   -9.829688174838e-02 -9.880470684661e-02 4.39e-06 6.10e-09 2.57e-06 0.094
 19   -9.847161777663e-02 -9.855905565294e-02 7.36e-07 1.03e-09 3.80e-07 0.100
 20   -9.850140458739e-02 -9.851729136798e-02 1.33e-07 1.89e-10 6.11e-08 0.105
 21   -9.850694295659e-02 -9.850952425165e-02 2.15e-08 3.28e-11 8.79e-09 0.110
 22   -9.850786961384e-02 -9.850822746515e-02 2.97e-09 8.61e-12 1.04e-09 0.115
 23   -9.850799832844e-02 -9.850804789599e-02 4.11e-10 4.24e-11 1.30e-10 0.120
 24   -9.850801599570e-02 -9.850802330792e-02 6.06e-11 1.52e-07 1.69e-11 0.124
 25   -9.850801860859e-02 -9.850801967826e-02 8.86e-12 9.23e-08 2.19e-12 0.129
 26   -9.850801899175e-02 -9.850801914651e-02 1.28e-12 1.37e-07 2.57e-13 0.133
 27   -9.850801904521e-02 -9.850801907220e-02 2.25e-13 2.74e-06 4.77e-14 0.137
 28   -9.850801905438e-02 -9.850801905917e-02 3.99e-14 4.84e-07 1.00e-14 0.142
 29   -9.850801905594e-02 -9.850801905695e-02 8.33e-15 1.01e-07 2.18e-15 0.147
 30   -9.850801905621e-02 -9.850801905658e-02 3.00e-15 3.63e-08 7.79e-16 0.153
Numerical error in objective
Restoring previous solution


Suboptimal solution found in 31 iterations and 0.16 seconds
Objective -9.85078696e-02
Primal infeasibility (abs/rel): 5.94e-09/2.97e-09
Dual infeasibility   (abs/rel): 9.48e-12/8.61e-12
Complementarity gap  (abs/rel): 1.14e-09/1.04e-09


Barrier finished in 0.16 seconds
Dual variables for problems with quadratic constraints not returned.
