cuOpt version: 26.10.0, git hash: 648f805d, host arch: x86_64, device archs: 80-real
CPU: AMD EPYC 7642 48-Core Processor, threads: 5C/5T, RAM usage: 35.25/503.74GiB
CPU SIMD target: AVX2
CUDA 12.9, device: NVIDIA A100 80GB PCIe (ID 0), VRAM: 79.44 GiB
CUDA device UUID: 68df5cf5-71f9-6a93-b428-460c080ffb10
Problem has 1 quadratic constraints. Converting to second-order cones and solving with barrier.
Barrier: reusing cache (skip convert/presolve/scaling)
Barrier solver started at 0.000 seconds
Barrier solver: 5103 constraints, 10102 variables, 265152 nonzeros
Barrier setup complete at 0.000 seconds
Adaptive regularization enabled


                  Objective                         Infeasibility        Time
Iter   Primal              Dual                Primal   Dual    Compl.   Elapsed
  0   -3.704296579021e+02 -3.711143874095e+02 3.71e+03 1.91e+00 1.19e-02 0.001
  1   -3.743805292228e+01 -3.496794821010e+02 3.74e+02 7.84e-02 1.66e-02 0.007
  2   -3.890892564962e+00 -2.098000844124e+02 3.81e+01 4.70e-02 1.33e-02 0.012
  3   -4.432644633378e-01 -3.239481392010e+01 3.86e+00 5.32e-03 4.56e-03 0.017
  4   -9.292787579859e-02 -4.513226640159e+00 4.09e-01 5.69e-04 6.47e-04 0.022
  5   -5.630208158416e-02 -7.110613727371e-01 4.09e-02 5.69e-05 8.81e-05 0.027
  6   -5.679115489380e-02 -2.028171237661e-01 9.03e-03 1.26e-05 1.79e-05 0.033
  7   -6.885155064279e-02 -1.407271929046e-01 4.00e-03 5.57e-06 7.64e-06 0.038
  8   -7.258830029243e-02 -1.393007496023e-01 3.43e-03 4.77e-06 1.78e-05 0.043
  9   -7.504512723168e-02 -1.376451208284e-01 2.99e-03 4.16e-06 3.86e-05 0.048
 10   -7.959200224293e-02 -1.323732926829e-01 2.28e-03 3.17e-06 6.84e-05 0.053
 11   -8.076422223429e-02 -1.311944750851e-01 1.90e-03 2.64e-06 7.26e-05 0.058
 12   -8.623958386187e-02 -1.226287347349e-01 1.10e-03 1.52e-06 6.79e-05 0.063
 13   -8.791569135020e-02 -1.184122736966e-01 7.44e-04 1.04e-06 1.45e-04 0.068
 14   -9.323070574395e-02 -1.086357427164e-01 3.17e-04 4.42e-07 7.57e-05 0.074
 15   -9.543077883257e-02 -1.045164769361e-01 1.39e-04 1.94e-07 3.89e-05 0.079
 16   -9.737210295340e-02 -1.012380916367e-01 5.18e-05 7.21e-08 1.38e-05 0.084
 17   -9.813333027008e-02 -9.988907320422e-02 1.81e-05 2.52e-08 5.80e-06 0.089
 18   -9.850837027788e-02 -9.926625624667e-02 5.96e-06 8.30e-09 4.00e-06 0.094
 19   -9.876122284812e-02 -9.891005925020e-02 1.08e-06 1.50e-09 6.55e-07 0.099
 20   -9.881063166867e-02 -9.884131610086e-02 2.03e-07 2.86e-10 1.12e-07 0.105
 21   -9.882152986274e-02 -9.882650963700e-02 3.25e-08 5.02e-11 1.61e-08 0.110
 22   -9.882338623442e-02 -9.882399924399e-02 4.00e-09 2.20e-11 1.84e-09 0.115
 23   -9.882361742607e-02 -9.882368723020e-02 4.55e-10 1.75e-09 2.07e-10 0.119
 24   -9.882364372884e-02 -9.882365175926e-02 5.24e-11 2.19e-10 2.41e-11 0.124


Optimal solution found in 24 iterations and 0.124s
Objective -9.88236437e-02
Primal infeasibility (abs/rel): 1.05e-10/5.24e-11
Dual infeasibility   (abs/rel): 2.41e-10/2.19e-10
Complementarity gap  (abs/rel): 2.65e-11/2.41e-11


Barrier finished in 0.12 seconds
Dual variables for problems with quadratic constraints not returned.
