cuOpt version: 26.10.0, git hash: 648f805d, host arch: x86_64, device archs: 80-real
CPU: AMD EPYC 7642 48-Core Processor, threads: 5C/5T, RAM usage: 35.16/503.74GiB
CPU SIMD target: AVX2
CUDA 12.9, device: NVIDIA A100 80GB PCIe (ID 0), VRAM: 79.44 GiB
CUDA device UUID: 68df5cf5-71f9-6a93-b428-460c080ffb10
Problem has 1 quadratic constraints. Converting to second-order cones and solving with barrier.
Barrier: reusing cache (skip convert/presolve/scaling)
Barrier solver started at 0.000 seconds
Barrier solver: 5103 constraints, 10102 variables, 265152 nonzeros
Barrier setup complete at 0.000 seconds
Adaptive regularization enabled


                  Objective                         Infeasibility        Time
Iter   Primal              Dual                Primal   Dual    Compl.   Elapsed
  0   -3.702624119443e+02 -3.710387458059e+02 3.71e+03 1.91e+00 1.19e-02 0.001
  1   -3.742079789023e+01 -3.496036719064e+02 3.74e+02 7.84e-02 1.66e-02 0.007
  2   -3.888993984283e+00 -2.097346653642e+02 3.80e+01 4.70e-02 1.33e-02 0.012
  3   -4.430512134758e-01 -3.238077187940e+01 3.86e+00 5.32e-03 4.56e-03 0.017
  4   -9.288389751436e-02 -4.510664601825e+00 4.09e-01 5.68e-04 6.47e-04 0.022
  5   -5.628571763013e-02 -7.106214023161e-01 4.09e-02 5.69e-05 8.80e-05 0.027
  6   -5.677723484909e-02 -2.023841423786e-01 9.01e-03 1.25e-05 1.78e-05 0.033
  7   -6.888706418173e-02 -1.402317627575e-01 3.97e-03 5.53e-06 7.59e-06 0.038
  8   -7.323051310488e-02 -1.384590469870e-01 3.29e-03 4.58e-06 2.13e-05 0.043
  9   -7.616943839095e-02 -1.359080178183e-01 2.79e-03 3.89e-06 4.75e-05 0.048
 10   -8.013258407962e-02 -1.313987026787e-01 2.11e-03 2.94e-06 8.10e-05 0.053
 11   -8.114638514136e-02 -1.302582697556e-01 1.80e-03 2.50e-06 8.57e-05 0.058
 12   -8.613106503730e-02 -1.220830158223e-01 1.13e-03 1.58e-06 8.44e-05 0.064
 13   -8.658053171140e-02 -1.197342100073e-01 8.41e-04 1.17e-06 2.03e-04 0.069
 14   -9.079265491782e-02 -1.122942942377e-01 4.75e-04 6.61e-07 1.64e-04 0.074
 15   -9.473431328700e-02 -1.049161462089e-01 2.00e-04 2.79e-07 7.82e-05 0.079
 16   -9.673600515142e-02 -1.013421524956e-01 5.96e-05 8.30e-08 1.70e-05 0.084
 17   -9.765764281104e-02 -9.976368990496e-02 2.15e-05 3.00e-08 8.52e-06 0.089
 18   -9.807907030827e-02 -9.909408968357e-02 8.95e-06 1.25e-08 5.26e-06 0.094
 19   -9.838802056872e-02 -9.862770130096e-02 1.09e-06 1.53e-09 8.44e-07 0.100
 20   -9.846849594259e-02 -9.852411347085e-02 2.48e-07 3.48e-10 2.03e-07 0.105
 21   -9.848939198778e-02 -9.849737261175e-02 3.53e-08 5.28e-11 2.57e-08 0.110
 22   -9.849244372865e-02 -9.849347599429e-02 4.56e-09 8.07e-12 2.97e-09 0.115
 23   -9.849284627389e-02 -9.849296245177e-02 5.14e-10 1.65e-11 3.18e-10 0.120
 24   -9.849289209762e-02 -9.849290401260e-02 5.27e-11 2.12e-09 3.26e-11 0.124
 25   -9.849289680616e-02 -9.849289800532e-02 5.31e-12 1.63e-08 3.29e-12 0.129
 26   -9.849289727993e-02 -9.849289740037e-02 5.34e-13 1.98e-07 3.30e-13 0.133
 27   -9.849289732749e-02 -9.849289733949e-02 5.35e-14 5.27e-07 3.37e-14 0.137
 28   -9.849289733198e-02 -9.849289733370e-02 7.66e-15 8.58e-07 4.02e-15 0.141
 29   -9.849289733247e-02 -9.849289733306e-02 2.66e-15 5.63e-06 7.50e-16 0.146
 30   -9.849289733265e-02 -9.849289733282e-02 6.66e-16 1.99e-05 6.74e-16 0.150
Numerical error in objective
Restoring previous solution


Suboptimal solution found in 31 iterations and 0.15 seconds
Objective -9.84924437e-02
Primal infeasibility (abs/rel): 9.13e-09/4.56e-09
Dual infeasibility   (abs/rel): 8.89e-12/8.07e-12
Complementarity gap  (abs/rel): 3.26e-09/2.97e-09


Barrier finished in 0.15 seconds
Dual variables for problems with quadratic constraints not returned.
