cuOpt version: 26.10.0, git hash: 648f805d, host arch: x86_64, device archs: 80-real
CPU: AMD EPYC 7642 48-Core Processor, threads: 5C/5T, RAM usage: 35.17/503.74GiB
CPU SIMD target: AVX2
CUDA 12.9, device: NVIDIA A100 80GB PCIe (ID 0), VRAM: 79.44 GiB
CUDA device UUID: 68df5cf5-71f9-6a93-b428-460c080ffb10
Problem has 1 quadratic constraints. Converting to second-order cones and solving with barrier.
Barrier: reusing cache (skip convert/presolve/scaling)
Barrier solver started at 0.000 seconds
Barrier solver: 5103 constraints, 10102 variables, 265152 nonzeros
Barrier setup complete at 0.000 seconds
Adaptive regularization enabled


                  Objective                         Infeasibility        Time
Iter   Primal              Dual                Primal   Dual    Compl.   Elapsed
  0   -3.704291987375e+02 -3.711395609108e+02 3.71e+03 1.91e+00 1.19e-02 0.001
  1   -3.743741817706e+01 -3.497046453054e+02 3.74e+02 7.84e-02 1.66e-02 0.006
  2   -3.890680428367e+00 -2.098194046320e+02 3.81e+01 4.70e-02 1.33e-02 0.012
  3   -4.432259633860e-01 -3.239729092693e+01 3.86e+00 5.32e-03 4.56e-03 0.017
  4   -9.291615235055e-02 -4.513183834740e+00 4.09e-01 5.69e-04 6.47e-04 0.023
  5   -5.629790208488e-02 -7.110358209523e-01 4.09e-02 5.69e-05 8.80e-05 0.028
  6   -5.678707166315e-02 -2.035520415056e-01 9.08e-03 1.26e-05 1.79e-05 0.033
  7   -6.872858008322e-02 -1.410845875310e-01 4.02e-03 5.60e-06 7.68e-06 0.038
  8   -7.252490416796e-02 -1.393041240940e-01 3.42e-03 4.77e-06 1.87e-05 0.043
  9   -7.579096238408e-02 -1.366882915770e-01 2.85e-03 3.97e-06 3.07e-05 0.048
 10   -8.100782466584e-02 -1.300808359868e-01 2.05e-03 2.86e-06 4.59e-05 0.053
 11   -8.218333541065e-02 -1.286220025066e-01 1.69e-03 2.35e-06 5.10e-05 0.059
 12   -8.767240572857e-02 -1.195243904227e-01 1.00e-03 1.39e-06 5.06e-05 0.064
 13   -8.858510041384e-02 -1.167201125102e-01 7.02e-04 9.78e-07 1.02e-04 0.069
 14   -9.160993009433e-02 -1.112770017179e-01 4.19e-04 5.84e-07 1.01e-04 0.074
 15   -9.478652630347e-02 -1.055181765278e-01 2.05e-04 2.86e-07 6.09e-05 0.079
 16   -9.695465309092e-02 -1.018357921287e-01 7.97e-05 1.11e-07 1.92e-05 0.084
 17   -9.767270772749e-02 -1.003905043720e-01 3.10e-05 4.31e-08 1.79e-05 0.089
 18   -9.823477695861e-02 -9.951422158042e-02 1.27e-05 1.77e-08 9.79e-06 0.094
 19   -9.862090374110e-02 -9.893673495971e-02 2.26e-06 3.15e-09 1.68e-06 0.100
 20   -9.871549362815e-02 -9.880694149466e-02 6.25e-07 8.73e-10 5.01e-07 0.105
 21   -9.874841045481e-02 -9.876244030958e-02 8.87e-08 1.28e-10 6.64e-08 0.110
 22   -9.875365344813e-02 -9.875549997363e-02 1.17e-08 2.19e-11 7.72e-09 0.115
 23   -9.875434154033e-02 -9.875459104224e-02 1.58e-09 5.75e-11 9.11e-10 0.120
 24   -9.875443433787e-02 -9.875446864409e-02 2.17e-10 3.98e-08 1.07e-10 0.124
 25   -9.875444703270e-02 -9.875445190149e-02 3.07e-11 5.61e-09 1.25e-11 0.130


Optimal solution found in 25 iterations and 0.130s
Objective -9.87544470e-02
Primal infeasibility (abs/rel): 6.14e-11/3.07e-11
Dual infeasibility   (abs/rel): 6.18e-09/5.61e-09
Complementarity gap  (abs/rel): 1.38e-11/1.25e-11


Barrier finished in 0.13 seconds
Dual variables for problems with quadratic constraints not returned.
