cuOpt version: 26.10.0, git hash: 648f805d, host arch: x86_64, device archs: 80-real
CPU: AMD EPYC 7642 48-Core Processor, threads: 5C/5T, RAM usage: 35.33/503.74GiB
CPU SIMD target: AVX2
CUDA 12.9, device: NVIDIA A100 80GB PCIe (ID 0), VRAM: 79.44 GiB
CUDA device UUID: 68df5cf5-71f9-6a93-b428-460c080ffb10
Problem has 1 quadratic constraints. Converting to second-order cones and solving with barrier.
Barrier: reusing cache (skip convert/presolve/scaling)
Barrier solver started at 0.000 seconds
Barrier solver: 5103 constraints, 10102 variables, 265152 nonzeros
Barrier setup complete at 0.000 seconds
Adaptive regularization enabled


                  Objective                         Infeasibility        Time
Iter   Primal              Dual                Primal   Dual    Compl.   Elapsed
  0   -3.704340093575e+02 -3.710959393425e+02 3.71e+03 1.91e+00 1.19e-02 0.001
  1   -3.743763570813e+01 -3.496609895192e+02 3.74e+02 7.84e-02 1.66e-02 0.008
  2   -3.890628828344e+00 -2.097811369819e+02 3.80e+01 4.70e-02 1.33e-02 0.013
  3   -4.432462222108e-01 -3.238991826105e+01 3.86e+00 5.32e-03 4.56e-03 0.018
  4   -9.292768669746e-02 -4.512426310848e+00 4.09e-01 5.69e-04 6.47e-04 0.024
  5   -5.630707285378e-02 -7.109235424394e-01 4.09e-02 5.69e-05 8.81e-05 0.029
  6   -5.680194946651e-02 -2.023096863666e-01 9.00e-03 1.25e-05 1.78e-05 0.034
  7   -6.898520010783e-02 -1.400410509421e-01 3.96e-03 5.51e-06 7.56e-06 0.039
  8   -7.329816257576e-02 -1.381751049969e-01 3.30e-03 4.59e-06 1.91e-05 0.044
  9   -7.581106840667e-02 -1.362803224389e-01 2.85e-03 3.96e-06 3.77e-05 0.049
 10   -8.015149914391e-02 -1.311167221209e-01 2.17e-03 3.02e-06 7.10e-05 0.054
 11   -8.113082932731e-02 -1.301339590579e-01 1.83e-03 2.55e-06 8.07e-05 0.059
 12   -8.445027044097e-02 -1.250407948397e-01 1.26e-03 1.75e-06 8.07e-05 0.065
 13   -8.640435560938e-02 -1.208305691524e-01 9.05e-04 1.26e-06 1.14e-04 0.070
 14   -9.202790215747e-02 -1.101735225263e-01 4.10e-04 5.71e-07 6.81e-05 0.075
 15   -9.482760571974e-02 -1.051599160214e-01 2.02e-04 2.81e-07 2.87e-05 0.080
 16   -9.648762658822e-02 -1.022025509968e-01 1.01e-04 1.41e-07 1.31e-05 0.085
 17   -9.718027877874e-02 -1.006709810383e-01 4.36e-05 6.07e-08 1.99e-05 0.090
 18   -9.812717924968e-02 -9.919332062649e-02 1.08e-05 1.50e-08 4.52e-06 0.095
 19   -9.841168208950e-02 -9.876006010179e-02 3.19e-06 4.45e-09 1.44e-06 0.100
 20   -9.852521532798e-02 -9.859319757133e-02 5.78e-07 8.06e-10 2.27e-07 0.106
 21   -9.854921693158e-02 -9.855913287326e-02 8.39e-08 1.20e-10 3.08e-08 0.111
 22   -9.855277423314e-02 -9.855410710042e-02 1.13e-08 1.91e-11 3.78e-09 0.116
 23   -9.855325602519e-02 -9.855342730343e-02 1.45e-09 1.03e-08 4.33e-10 0.120
 24   -9.855331798087e-02 -9.855333994426e-02 1.86e-10 1.25e-09 4.79e-11 0.125
 25   -9.855332593520e-02 -9.855332873878e-02 2.37e-11 9.49e-11 5.49e-12 0.131


Optimal solution found in 25 iterations and 0.131s
Objective -9.85533259e-02
Primal infeasibility (abs/rel): 4.74e-11/2.37e-11
Dual infeasibility   (abs/rel): 1.05e-10/9.49e-11
Complementarity gap  (abs/rel): 6.03e-12/5.49e-12


Barrier finished in 0.13 seconds
Dual variables for problems with quadratic constraints not returned.
