cuOpt version: 26.10.0, git hash: 648f805d, host arch: x86_64, device archs: 80-real
CPU: AMD EPYC 7642 48-Core Processor, threads: 5C/5T, RAM usage: 35.22/503.74GiB
CPU SIMD target: AVX2
CUDA 12.9, device: NVIDIA A100 80GB PCIe (ID 0), VRAM: 79.44 GiB
CUDA device UUID: 68df5cf5-71f9-6a93-b428-460c080ffb10
Problem has 1 quadratic constraints. Converting to second-order cones and solving with barrier.
Barrier: reusing cache (skip convert/presolve/scaling)
Barrier solver started at 0.000 seconds
Barrier solver: 5103 constraints, 10102 variables, 265152 nonzeros
Barrier setup complete at 0.000 seconds
Adaptive regularization enabled


                  Objective                         Infeasibility        Time
Iter   Primal              Dual                Primal   Dual    Compl.   Elapsed
  0   -3.704472534989e+02 -3.711214143411e+02 3.71e+03 1.91e+00 1.19e-02 0.001
  1   -3.743997012388e+01 -3.496865432515e+02 3.74e+02 7.84e-02 1.66e-02 0.007
  2   -3.891133575414e+00 -2.098064520476e+02 3.81e+01 4.70e-02 1.33e-02 0.012
  3   -4.433011125657e-01 -3.239671005289e+01 3.86e+00 5.32e-03 4.56e-03 0.018
  4   -9.293283504511e-02 -4.513403771043e+00 4.09e-01 5.69e-04 6.47e-04 0.023
  5   -5.630477207026e-02 -7.110955679129e-01 4.09e-02 5.69e-05 8.81e-05 0.028
  6   -5.679523469185e-02 -2.032837417766e-01 9.06e-03 1.26e-05 1.79e-05 0.033
  7   -6.871423018955e-02 -1.414511759323e-01 4.05e-03 5.63e-06 7.73e-06 0.038
  8   -7.377545222338e-02 -1.394731322716e-01 3.22e-03 4.49e-06 3.02e-05 0.044
  9   -7.665593433295e-02 -1.368589985340e-01 2.70e-03 3.76e-06 6.71e-05 0.049
 10   -8.148071133721e-02 -1.304719223826e-01 1.94e-03 2.70e-06 1.02e-04 0.054
 11   -8.291224884933e-02 -1.284861614913e-01 1.54e-03 2.14e-06 1.04e-04 0.059
 12   -8.626623514304e-02 -1.226828856713e-01 1.06e-03 1.47e-06 9.58e-05 0.064
 13   -8.645788377718e-02 -1.210464448355e-01 8.77e-04 1.22e-06 1.56e-04 0.070
 14   -9.101090320906e-02 -1.126476685009e-01 4.23e-04 5.89e-07 1.42e-04 0.075
 15   -9.490112537300e-02 -1.052769578911e-01 1.84e-04 2.56e-07 8.04e-05 0.080
 16   -9.715418457466e-02 -1.014324444522e-01 6.75e-05 9.39e-08 2.10e-05 0.085
 17   -9.773750112437e-02 -1.002762993416e-01 3.26e-05 4.54e-08 1.55e-05 0.090
 18   -9.832265622578e-02 -9.927598917516e-02 9.20e-06 1.28e-08 5.82e-06 0.095
 19   -9.862388914395e-02 -9.882773931834e-02 1.77e-06 2.46e-09 9.41e-07 0.101
 20   -9.869306800402e-02 -9.872847848813e-02 3.01e-07 4.21e-10 1.36e-07 0.106
 21   -9.870554353648e-02 -9.871075605189e-02 4.40e-08 6.74e-11 1.73e-08 0.111
 22   -9.870740788385e-02 -9.870811719972e-02 5.98e-09 1.76e-11 2.08e-09 0.116
 23   -9.870766497985e-02 -9.870775369627e-02 7.48e-10 2.13e-09 2.36e-10 0.120
 24   -9.870769695298e-02 -9.870770849440e-02 9.73e-11 1.15e-07 2.63e-11 0.125
 25   -9.870770101956e-02 -9.870770274622e-02 1.45e-11 1.30e-07 3.06e-12 0.129
 26   -9.870770160388e-02 -9.870770192038e-02 2.66e-12 1.04e-06 6.58e-13 0.133
 27   -9.870770170621e-02 -9.870770177580e-02 5.77e-13 2.27e-07 1.70e-13 0.138
 28   -9.870770172768e-02 -9.870770174555e-02 1.44e-13 5.65e-08 4.65e-14 0.143
 29   -9.870770173320e-02 -9.870770173784e-02 3.59e-14 1.41e-08 1.20e-14 0.148
 30   -9.870770173422e-02 -9.870770173642e-02 1.60e-14 6.35e-09 5.28e-15 0.154


Optimal solution found in 30 iterations and 0.154s
Objective -9.87077017e-02
Primal infeasibility (abs/rel): 3.20e-14/1.60e-14
Dual infeasibility   (abs/rel): 7.00e-09/6.35e-09
Complementarity gap  (abs/rel): 5.81e-15/5.28e-15


Barrier finished in 0.15 seconds
Dual variables for problems with quadratic constraints not returned.
