cuOpt version: 26.10.0, git hash: 648f805d, host arch: x86_64, device archs: 80-real
CPU: AMD EPYC 7642 48-Core Processor, threads: 5C/5T, RAM usage: 35.21/503.74GiB
CPU SIMD target: AVX2
CUDA 12.9, device: NVIDIA A100 80GB PCIe (ID 0), VRAM: 79.44 GiB
CUDA device UUID: 68df5cf5-71f9-6a93-b428-460c080ffb10
Problem has 1 quadratic constraints. Converting to second-order cones and solving with barrier.
Barrier: reusing cache (skip convert/presolve/scaling)
Barrier solver started at 0.000 seconds
Barrier solver: 5103 constraints, 10102 variables, 265152 nonzeros
Barrier setup complete at 0.000 seconds
Adaptive regularization enabled


                  Objective                         Infeasibility        Time
Iter   Primal              Dual                Primal   Dual    Compl.   Elapsed
  0   -3.702779911923e+02 -3.710340990992e+02 3.71e+03 1.91e+00 1.19e-02 0.001
  1   -3.742292098574e+01 -3.495990552737e+02 3.74e+02 7.84e-02 1.66e-02 0.007
  2   -3.889384278690e+00 -2.097327984721e+02 3.80e+01 4.70e-02 1.33e-02 0.013
  3   -4.430960132925e-01 -3.238133763385e+01 3.86e+00 5.32e-03 4.56e-03 0.018
  4   -9.289012120812e-02 -4.510662176437e+00 4.09e-01 5.68e-04 6.47e-04 0.023
  5   -5.628863749930e-02 -7.106312171050e-01 4.09e-02 5.69e-05 8.80e-05 0.028
  6   -5.677850783767e-02 -2.029424263576e-01 9.04e-03 1.26e-05 1.79e-05 0.033
  7   -6.877287734795e-02 -1.406254861916e-01 4.00e-03 5.57e-06 7.64e-06 0.039
  8   -7.302390490422e-02 -1.387468623998e-01 3.31e-03 4.60e-06 2.33e-05 0.044
  9   -7.655296412581e-02 -1.353559560686e-01 2.71e-03 3.78e-06 5.34e-05 0.049
 10   -8.076278227649e-02 -1.302532339745e-01 2.00e-03 2.78e-06 7.65e-05 0.054
 11   -8.201908504342e-02 -1.286317527935e-01 1.65e-03 2.29e-06 7.72e-05 0.059
 12   -8.588590970722e-02 -1.221386602368e-01 1.12e-03 1.56e-06 7.21e-05 0.064
 13   -8.618516193899e-02 -1.205849292138e-01 9.23e-04 1.28e-06 1.19e-04 0.069
 14   -9.029711203906e-02 -1.130154672214e-01 4.99e-04 6.94e-07 1.12e-04 0.075
 15   -9.408412832839e-02 -1.058317625159e-01 2.31e-04 3.22e-07 7.25e-05 0.080
 16   -9.644047539971e-02 -1.017414834328e-01 8.51e-05 1.18e-07 2.08e-05 0.085
 17   -9.738354295728e-02 -9.984886413877e-02 2.27e-05 3.16e-08 1.33e-05 0.090
 18   -9.794054234408e-02 -9.902848542685e-02 9.29e-06 1.29e-08 7.00e-06 0.095
 19   -9.822787225861e-02 -9.860316183103e-02 2.30e-06 3.20e-09 2.19e-06 0.100
 20   -9.835884108783e-02 -9.842826565817e-02 4.02e-07 5.63e-10 3.65e-07 0.105
 21   -9.838494059112e-02 -9.839397357969e-02 5.22e-08 7.61e-11 4.27e-08 0.111
 22   -9.838837410371e-02 -9.838947278260e-02 6.35e-09 1.39e-11 4.78e-09 0.116
 23   -9.838879368907e-02 -9.838892336975e-02 7.49e-10 1.01e-09 5.26e-10 0.120
 24   -9.838884329697e-02 -9.838885846123e-02 8.76e-11 1.52e-08 5.73e-11 0.124
 25   -9.838884906528e-02 -9.838885091101e-02 1.07e-11 1.85e-09 6.25e-12 0.129


Optimal solution found in 25 iterations and 0.129s
Objective -9.83888491e-02
Primal infeasibility (abs/rel): 2.13e-11/1.07e-11
Dual infeasibility   (abs/rel): 2.03e-09/1.85e-09
Complementarity gap  (abs/rel): 6.87e-12/6.25e-12


Barrier finished in 0.13 seconds
Dual variables for problems with quadratic constraints not returned.
