cuOpt version: 26.10.0, git hash: 648f805d, host arch: x86_64, device archs: 80-real
CPU: AMD EPYC 7642 48-Core Processor, threads: 5C/5T, RAM usage: 35.33/503.74GiB
CPU SIMD target: AVX2
CUDA 12.9, device: NVIDIA A100 80GB PCIe (ID 0), VRAM: 79.44 GiB
CUDA device UUID: 68df5cf5-71f9-6a93-b428-460c080ffb10
Problem has 1 quadratic constraints. Converting to second-order cones and solving with barrier.
Barrier: reusing cache (skip convert/presolve/scaling)
Barrier solver started at 0.000 seconds
Barrier solver: 5103 constraints, 10102 variables, 265152 nonzeros
Barrier setup complete at 0.000 seconds
Adaptive regularization enabled


                  Objective                         Infeasibility        Time
Iter   Primal              Dual                Primal   Dual    Compl.   Elapsed
  0   -3.704562062107e+02 -3.710714720587e+02 3.71e+03 1.91e+00 1.19e-02 0.001
  1   -3.744059791757e+01 -3.496365224539e+02 3.74e+02 7.84e-02 1.66e-02 0.006
  2   -3.891132495661e+00 -2.097631409820e+02 3.80e+01 4.70e-02 1.33e-02 0.012
  3   -4.433137515642e-01 -3.238797463458e+01 3.86e+00 5.32e-03 4.56e-03 0.017
  4   -9.294120707075e-02 -4.512297980255e+00 4.09e-01 5.69e-04 6.47e-04 0.022
  5   -5.631271591723e-02 -7.109229196086e-01 4.09e-02 5.69e-05 8.82e-05 0.028
  6   -5.680269485342e-02 -2.025388440474e-01 9.02e-03 1.26e-05 1.79e-05 0.033
  7   -6.898845747125e-02 -1.397397654972e-01 3.94e-03 5.48e-06 7.52e-06 0.038
  8   -7.285392070689e-02 -1.380112402294e-01 3.36e-03 4.67e-06 1.55e-05 0.043
  9   -7.453431270063e-02 -1.371990178403e-01 3.01e-03 4.19e-06 2.76e-05 0.048
 10   -8.146473428148e-02 -1.281524440328e-01 2.07e-03 2.89e-06 5.59e-05 0.053
 11   -8.329141991873e-02 -1.260626446833e-01 1.48e-03 2.06e-06 6.80e-05 0.058
 12   -8.493259360059e-02 -1.233300448572e-01 1.16e-03 1.61e-06 6.97e-05 0.064
 13   -8.887677038289e-02 -1.158500178299e-01 6.85e-04 9.53e-07 7.46e-05 0.069
 14   -9.340383403114e-02 -1.073798075981e-01 2.97e-04 4.13e-07 6.78e-05 0.074
 15   -9.550668326971e-02 -1.038929977740e-01 1.57e-04 2.19e-07 3.16e-05 0.079
 16   -9.635819035728e-02 -1.019104691822e-01 7.32e-05 1.02e-07 4.77e-05 0.084
 17   -9.784163487207e-02 -9.966093551259e-02 2.04e-05 2.84e-08 1.21e-05 0.089
 18   -9.824095613008e-02 -9.905321486138e-02 8.61e-06 1.20e-08 5.73e-06 0.094
 19   -9.844436418489e-02 -9.874493564263e-02 2.95e-06 4.11e-09 2.25e-06 0.100
 20   -9.853402579526e-02 -9.861375574605e-02 7.42e-07 1.04e-09 5.99e-07 0.105
 21   -9.856270886448e-02 -9.857276151729e-02 9.26e-08 1.33e-10 7.03e-08 0.110
 22   -9.856637201369e-02 -9.856755963321e-02 1.09e-08 2.13e-11 7.84e-09 0.115
 23   -9.856680393188e-02 -9.856694729142e-02 1.32e-09 9.29e-11 8.81e-10 0.119
 24   -9.856685597429e-02 -9.856687354769e-02 1.62e-10 2.12e-09 9.96e-11 0.123
 25   -9.856686235984e-02 -9.856686449338e-02 1.96e-11 2.47e-10 1.11e-11 0.129


Optimal solution found in 25 iterations and 0.129s
Objective -9.85668624e-02
Primal infeasibility (abs/rel): 3.93e-11/1.96e-11
Dual infeasibility   (abs/rel): 2.72e-10/2.47e-10
Complementarity gap  (abs/rel): 1.22e-11/1.11e-11


Barrier finished in 0.13 seconds
Dual variables for problems with quadratic constraints not returned.
