cuOpt version: 26.10.0, git hash: 648f805d, host arch: x86_64, device archs: 80-real
CPU: AMD EPYC 7642 48-Core Processor, threads: 5C/5T, RAM usage: 35.31/503.74GiB
CPU SIMD target: AVX2
CUDA 12.9, device: NVIDIA A100 80GB PCIe (ID 0), VRAM: 79.44 GiB
CUDA device UUID: 68df5cf5-71f9-6a93-b428-460c080ffb10
Problem has 1 quadratic constraints. Converting to second-order cones and solving with barrier.
Barrier: reusing cache (skip convert/presolve/scaling)
Barrier solver started at 0.000 seconds
Barrier solver: 5103 constraints, 10102 variables, 265152 nonzeros
Barrier setup complete at 0.000 seconds
Adaptive regularization enabled


                  Objective                         Infeasibility        Time
Iter   Primal              Dual                Primal   Dual    Compl.   Elapsed
  0   -3.703336272695e+02 -3.710584120459e+02 3.71e+03 1.91e+00 1.19e-02 0.001
  1   -3.742835968768e+01 -3.496234222228e+02 3.74e+02 7.84e-02 1.66e-02 0.007
  2   -3.889891326073e+00 -2.097525625872e+02 3.80e+01 4.70e-02 1.33e-02 0.012
  3   -4.431513586697e-01 -3.238487871720e+01 3.86e+00 5.32e-03 4.56e-03 0.018
  4   -9.290142670453e-02 -4.511186467064e+00 4.09e-01 5.68e-04 6.47e-04 0.023
  5   -5.629485363532e-02 -7.107170023076e-01 4.09e-02 5.69e-05 8.80e-05 0.028
  6   -5.678749214779e-02 -2.022545233172e-01 9.00e-03 1.25e-05 1.78e-05 0.033
  7   -6.897692961448e-02 -1.397788792239e-01 3.95e-03 5.49e-06 7.54e-06 0.038
  8   -7.282123485312e-02 -1.381519501189e-01 3.36e-03 4.68e-06 1.62e-05 0.043
  9   -7.616605645289e-02 -1.355775786220e-01 2.78e-03 3.87e-06 4.07e-05 0.048
 10   -8.140740630066e-02 -1.291305806190e-01 1.96e-03 2.73e-06 7.17e-05 0.054
 11   -8.230045987663e-02 -1.279833335420e-01 1.67e-03 2.33e-06 7.59e-05 0.059
 12   -8.637334364588e-02 -1.212631672299e-01 1.12e-03 1.57e-06 7.34e-05 0.064
 13   -8.677831205872e-02 -1.193386280855e-01 8.97e-04 1.25e-06 1.52e-04 0.070
 14   -9.118494175090e-02 -1.115006252262e-01 4.43e-04 6.17e-07 1.28e-04 0.075
 15   -9.484063885773e-02 -1.046256705558e-01 1.91e-04 2.65e-07 7.72e-05 0.080
 16   -9.681956738795e-02 -1.011951297618e-01 5.89e-05 8.20e-08 1.88e-05 0.085
 17   -9.766649256495e-02 -9.971202912246e-02 2.06e-05 2.86e-08 1.15e-05 0.090
 18   -9.819793265761e-02 -9.890757429704e-02 6.42e-06 8.93e-09 3.96e-06 0.095
 19   -9.842623660029e-02 -9.857430047917e-02 1.13e-06 1.58e-09 6.65e-07 0.100
 20   -9.847892936965e-02 -9.850150594039e-02 1.71e-07 2.41e-10 8.55e-08 0.105
 21   -9.848704142568e-02 -9.849036541022e-02 2.51e-08 3.79e-11 1.05e-08 0.111
 22   -9.848823498293e-02 -9.848873054425e-02 3.74e-09 7.30e-12 1.30e-09 0.116
 23   -9.848841325333e-02 -9.848848678776e-02 5.54e-10 2.49e-11 1.63e-10 0.121
 24   -9.848843992492e-02 -9.848845034683e-02 7.84e-11 1.40e-07 2.31e-11 0.125
 25   -9.848844379227e-02 -9.848844505277e-02 9.47e-12 1.69e-08 2.80e-12 0.130
 26   -9.848844427018e-02 -9.848844439812e-02 9.62e-13 6.12e-08 2.84e-13 0.135
 27   -9.848844431872e-02 -9.848844433159e-02 9.70e-14 6.43e-07 2.86e-14 0.139
 28   -9.848844432360e-02 -9.848844432489e-02 9.66e-15 8.11e-07 3.07e-15 0.143
 29   -9.848844432409e-02 -9.848844432421e-02 9.99e-16 2.38e-06 6.33e-16 0.147
Numerical error in objective
Restoring previous solution


Suboptimal solution found in 30 iterations and 0.15 seconds
Objective -9.84882350e-02
Primal infeasibility (abs/rel): 7.47e-09/3.74e-09
Dual infeasibility   (abs/rel): 8.04e-12/7.30e-12
Complementarity gap  (abs/rel): 1.43e-09/1.30e-09


Barrier finished in 0.15 seconds
Dual variables for problems with quadratic constraints not returned.
