cuOpt version: 26.10.0, git hash: 648f805d, host arch: x86_64, device archs: 80-real
CPU: AMD EPYC 7642 48-Core Processor, threads: 5C/5T, RAM usage: 35.25/503.74GiB
CPU SIMD target: AVX2
CUDA 12.9, device: NVIDIA A100 80GB PCIe (ID 0), VRAM: 79.44 GiB
CUDA device UUID: 68df5cf5-71f9-6a93-b428-460c080ffb10
Problem has 1 quadratic constraints. Converting to second-order cones and solving with barrier.
Barrier: reusing cache (skip convert/presolve/scaling)
Barrier solver started at 0.000 seconds
Barrier solver: 5103 constraints, 10102 variables, 265152 nonzeros
Barrier setup complete at 0.000 seconds
Adaptive regularization enabled


                  Objective                         Infeasibility        Time
Iter   Primal              Dual                Primal   Dual    Compl.   Elapsed
  0   -3.703993037120e+02 -3.711301956175e+02 3.71e+03 1.91e+00 1.19e-02 0.001
  1   -3.743476578413e+01 -3.496952827047e+02 3.74e+02 7.84e-02 1.66e-02 0.007
  2   -3.890536580102e+00 -2.098129351748e+02 3.81e+01 4.70e-02 1.33e-02 0.013
  3   -4.432231679532e-01 -3.239735312357e+01 3.86e+00 5.32e-03 4.56e-03 0.018
  4   -9.291562410800e-02 -4.513380940921e+00 4.09e-01 5.69e-04 6.47e-04 0.023
  5   -5.629490810009e-02 -7.110782902603e-01 4.09e-02 5.69e-05 8.81e-05 0.029
  6   -5.678368842885e-02 -2.029100717222e-01 9.04e-03 1.26e-05 1.79e-05 0.034
  7   -6.879671416099e-02 -1.408534899650e-01 4.01e-03 5.58e-06 7.66e-06 0.039
  8   -7.225621400764e-02 -1.396076851859e-01 3.47e-03 4.84e-06 1.83e-05 0.044
  9   -7.532380466793e-02 -1.372356498461e-01 2.97e-03 4.14e-06 4.38e-05 0.049
 10   -7.794340744515e-02 -1.350662828194e-01 2.44e-03 3.40e-06 6.31e-05 0.054
 11   -8.203908459376e-02 -1.295557884182e-01 1.77e-03 2.46e-06 7.95e-05 0.059
 12   -8.266047362860e-02 -1.282929941528e-01 1.50e-03 2.09e-06 7.70e-05 0.065
 13   -8.640370412338e-02 -1.215116076788e-01 9.99e-04 1.39e-06 9.13e-05 0.070
 14   -8.988980899617e-02 -1.138618954151e-01 5.33e-04 7.42e-07 1.89e-04 0.075
 15   -9.397409058011e-02 -1.064349736613e-01 1.45e-04 2.02e-07 6.19e-05 0.080
 16   -9.669435370060e-02 -1.017383269616e-01 5.31e-05 7.40e-08 3.15e-05 0.085
 17   -9.760645391737e-02 -1.002283760802e-01 2.54e-05 3.53e-08 1.45e-05 0.090
 18   -9.807199815268e-02 -9.936639923886e-02 9.39e-06 1.31e-08 1.02e-05 0.095
 19   -9.849332736621e-02 -9.874475710000e-02 1.56e-06 2.18e-09 1.44e-06 0.101
 20   -9.857729462320e-02 -9.862614000738e-02 3.00e-07 4.22e-10 2.36e-07 0.106
 21   -9.859404147449e-02 -9.860251180730e-02 5.15e-08 7.55e-11 3.48e-08 0.111
 22   -9.859708213802e-02 -9.859824318797e-02 7.04e-09 1.69e-11 4.17e-09 0.116
 23   -9.859749960827e-02 -9.859765888141e-02 9.65e-10 4.78e-09 5.09e-10 0.120
 24   -9.859755674983e-02 -9.859757900670e-02 1.35e-10 6.11e-10 6.36e-11 0.126
 25   -9.859756475248e-02 -9.859756783705e-02 1.87e-11 8.09e-11 7.72e-12 0.131


Optimal solution found in 25 iterations and 0.131s
Objective -9.85975648e-02
Primal infeasibility (abs/rel): 3.73e-11/1.87e-11
Dual infeasibility   (abs/rel): 8.91e-11/8.09e-11
Complementarity gap  (abs/rel): 8.48e-12/7.72e-12


Barrier finished in 0.13 seconds
Dual variables for problems with quadratic constraints not returned.
