cuOpt version: 26.10.0, git hash: 648f805d, host arch: x86_64, device archs: 80-real
CPU: AMD EPYC 7642 48-Core Processor, threads: 5C/5T, RAM usage: 35.32/503.74GiB
CPU SIMD target: AVX2
CUDA 12.9, device: NVIDIA A100 80GB PCIe (ID 0), VRAM: 79.44 GiB
CUDA device UUID: 68df5cf5-71f9-6a93-b428-460c080ffb10
Problem has 1 quadratic constraints. Converting to second-order cones and solving with barrier.
Barrier: reusing cache (skip convert/presolve/scaling)
Barrier solver started at 0.000 seconds
Barrier solver: 5103 constraints, 10102 variables, 265152 nonzeros
Barrier setup complete at 0.000 seconds
Adaptive regularization enabled


                  Objective                         Infeasibility        Time
Iter   Primal              Dual                Primal   Dual    Compl.   Elapsed
  0   -3.704184917206e+02 -3.711180220135e+02 3.71e+03 1.91e+00 1.19e-02 0.001
  1   -3.743667632428e+01 -3.496831248362e+02 3.74e+02 7.84e-02 1.66e-02 0.008
  2   -3.890721331585e+00 -2.098022574723e+02 3.81e+01 4.70e-02 1.33e-02 0.013
  3   -4.432496086709e-01 -3.239510554239e+01 3.86e+00 5.32e-03 4.56e-03 0.018
  4   -9.292806748760e-02 -4.513484699151e+00 4.09e-01 5.69e-04 6.47e-04 0.023
  5   -5.630149952171e-02 -7.111030702773e-01 4.09e-02 5.69e-05 8.81e-05 0.029
  6   -5.679295694726e-02 -2.026136468379e-01 9.02e-03 1.26e-05 1.79e-05 0.034
  7   -6.890572690154e-02 -1.403836167693e-01 3.98e-03 5.54e-06 7.60e-06 0.039
  8   -7.267051701065e-02 -1.388421478890e-01 3.40e-03 4.73e-06 1.77e-05 0.044
  9   -7.530490956567e-02 -1.369570205652e-01 2.93e-03 4.07e-06 3.96e-05 0.049
 10   -8.048624826610e-02 -1.308041889562e-01 2.11e-03 2.94e-06 6.63e-05 0.054
 11   -8.161227252813e-02 -1.295500207909e-01 1.75e-03 2.44e-06 6.54e-05 0.059
 12   -8.609351466191e-02 -1.222948351047e-01 1.12e-03 1.56e-06 5.72e-05 0.065
 13   -8.679652430938e-02 -1.198287076066e-01 8.61e-04 1.20e-06 1.40e-04 0.070
 14   -9.167718182217e-02 -1.109621097318e-01 4.01e-04 5.58e-07 1.07e-04 0.075
 15   -9.491828535324e-02 -1.049794099646e-01 1.82e-04 2.54e-07 5.95e-05 0.080
 16   -9.708817280040e-02 -1.012773050673e-01 6.71e-05 9.34e-08 1.57e-05 0.085
 17   -9.787180999143e-02 -9.977318283279e-02 2.05e-05 2.85e-08 8.80e-06 0.090
 18   -9.838651133044e-02 -9.897106414670e-02 4.47e-06 6.22e-09 2.05e-06 0.096
 19   -9.857534586169e-02 -9.871151991362e-02 1.00e-06 1.39e-09 4.01e-07 0.101
 20   -9.862196056302e-02 -9.864810137275e-02 1.84e-07 2.58e-10 6.09e-08 0.106
 21   -9.863131212754e-02 -9.863558089539e-02 2.97e-08 4.49e-11 8.72e-09 0.111
 22   -9.863289721033e-02 -9.863347136829e-02 3.98e-09 1.78e-11 1.08e-09 0.116
 23   -9.863311468382e-02 -9.863318248443e-02 4.70e-10 5.55e-09 1.19e-10 0.120
 24   -9.863314051771e-02 -9.863314818742e-02 5.32e-11 1.18e-07 1.26e-11 0.125
 25   -9.863314347147e-02 -9.863314426724e-02 5.52e-12 8.42e-08 1.30e-12 0.129
 26   -9.863314377857e-02 -9.863314385976e-02 5.63e-13 3.94e-10 1.33e-13 0.133


Optimal solution found in 26 iterations and 0.133s
Objective -9.86331438e-02
Primal infeasibility (abs/rel): 1.13e-12/5.63e-13
Dual infeasibility   (abs/rel): 4.34e-10/3.94e-10
Complementarity gap  (abs/rel): 1.46e-13/1.33e-13


Barrier finished in 0.13 seconds
Dual variables for problems with quadratic constraints not returned.
