cuOpt version: 26.10.0, git hash: 648f805d, host arch: x86_64, device archs: 80-real
CPU: AMD EPYC 7642 48-Core Processor, threads: 5C/5T, RAM usage: 35.20/503.74GiB
CPU SIMD target: AVX2
CUDA 12.9, device: NVIDIA A100 80GB PCIe (ID 0), VRAM: 79.44 GiB
CUDA device UUID: 68df5cf5-71f9-6a93-b428-460c080ffb10
Problem has 1 quadratic constraints. Converting to second-order cones and solving with barrier.
Barrier: reusing cache (skip convert/presolve/scaling)
Barrier solver started at 0.000 seconds
Barrier solver: 5103 constraints, 10102 variables, 265152 nonzeros
Barrier setup complete at 0.000 seconds
Adaptive regularization enabled


                  Objective                         Infeasibility        Time
Iter   Primal              Dual                Primal   Dual    Compl.   Elapsed
  0   -3.703446513950e+02 -3.711178663113e+02 3.71e+03 1.91e+00 1.19e-02 0.001
  1   -3.742798788058e+01 -3.496828429201e+02 3.74e+02 7.84e-02 1.66e-02 0.007
  2   -3.889436185734e+00 -2.097977700381e+02 3.80e+01 4.70e-02 1.33e-02 0.012
  3   -4.431251872206e-01 -3.239348568825e+01 3.86e+00 5.32e-03 4.56e-03 0.017
  4   -9.290831313090e-02 -4.513559933931e+00 4.09e-01 5.69e-04 6.47e-04 0.022
  5   -5.628862974438e-02 -7.110982294197e-01 4.09e-02 5.69e-05 8.81e-05 0.027
  6   -5.677593070616e-02 -2.027006463582e-01 9.03e-03 1.26e-05 1.79e-05 0.033
  7   -6.883607182089e-02 -1.404869387205e-01 3.99e-03 5.55e-06 7.62e-06 0.038
  8   -7.309176074769e-02 -1.386907787203e-01 3.34e-03 4.65e-06 1.94e-05 0.043
  9   -7.543608785715e-02 -1.370385266140e-01 2.91e-03 4.06e-06 3.21e-05 0.048
 10   -8.006922690757e-02 -1.315247235217e-01 2.21e-03 3.08e-06 5.64e-05 0.053
 11   -8.088640992786e-02 -1.307449719502e-01 1.91e-03 2.66e-06 6.16e-05 0.058
 12   -8.499265400707e-02 -1.243303489404e-01 1.30e-03 1.81e-06 6.43e-05 0.063
 13   -8.550465919319e-02 -1.222345288250e-01 1.05e-03 1.47e-06 1.49e-04 0.069
 14   -9.068289630747e-02 -1.125693476321e-01 5.02e-04 6.99e-07 1.34e-04 0.074
 15   -9.443389154308e-02 -1.056546712438e-01 2.25e-04 3.13e-07 6.93e-05 0.080
 16   -9.680332054100e-02 -1.015426224957e-01 8.35e-05 1.16e-07 1.77e-05 0.085
 17   -9.759646325193e-02 -9.996297843861e-02 2.94e-05 4.10e-08 1.09e-05 0.090
 18   -9.820588215968e-02 -9.898437344167e-02 7.68e-06 1.07e-08 2.62e-06 0.095
 19   -9.844179831716e-02 -9.864073396929e-02 1.83e-06 2.55e-09 5.65e-07 0.100
 20   -9.850640196985e-02 -9.854852713874e-02 3.63e-07 5.06e-10 1.02e-07 0.105
 21   -9.852125153369e-02 -9.852791241257e-02 5.66e-08 7.87e-11 1.42e-08 0.110
 22   -9.852369156849e-02 -9.852454511357e-02 7.24e-09 9.30e-12 1.68e-09 0.116
 23   -9.852401145680e-02 -9.852410440055e-02 7.88e-10 8.91e-09 1.80e-10 0.120
 24   -9.852404660283e-02 -9.852405599541e-02 7.97e-11 2.28e-08 1.82e-11 0.124
 25   -9.852405015789e-02 -9.852405109904e-02 7.98e-12 3.27e-09 1.83e-12 0.128


Optimal solution found in 25 iterations and 0.128s
Objective -9.85240502e-02
Primal infeasibility (abs/rel): 1.60e-11/7.98e-12
Dual infeasibility   (abs/rel): 3.61e-09/3.27e-09
Complementarity gap  (abs/rel): 2.01e-12/1.83e-12


Barrier finished in 0.13 seconds
Dual variables for problems with quadratic constraints not returned.
