cuOpt version: 26.10.0, git hash: 648f805d, host arch: x86_64, device archs: 80-real
CPU: AMD EPYC 7642 48-Core Processor, threads: 5C/5T, RAM usage: 35.27/503.74GiB
CPU SIMD target: AVX2
CUDA 12.9, device: NVIDIA A100 80GB PCIe (ID 0), VRAM: 79.44 GiB
CUDA device UUID: 68df5cf5-71f9-6a93-b428-460c080ffb10
Problem has 1 quadratic constraints. Converting to second-order cones and solving with barrier.
Barrier: reusing cache (skip convert/presolve/scaling)
Barrier solver started at 0.000 seconds
Barrier solver: 5103 constraints, 10102 variables, 265152 nonzeros
Barrier setup complete at 0.000 seconds
Adaptive regularization enabled


                  Objective                         Infeasibility        Time
Iter   Primal              Dual                Primal   Dual    Compl.   Elapsed
  0   -3.704438282728e+02 -3.711104708303e+02 3.71e+03 1.91e+00 1.19e-02 0.001
  1   -3.743973210431e+01 -3.496755885972e+02 3.74e+02 7.84e-02 1.66e-02 0.007
  2   -3.891181962431e+00 -2.097977461416e+02 3.81e+01 4.70e-02 1.33e-02 0.013
  3   -4.432881670486e-01 -3.239429806499e+01 3.86e+00 5.32e-03 4.56e-03 0.018
  4   -9.292346658454e-02 -4.512392623966e+00 4.09e-01 5.68e-04 6.47e-04 0.023
  5   -5.630487799843e-02 -7.109222282167e-01 4.09e-02 5.69e-05 8.80e-05 0.028
  6   -5.679745278748e-02 -2.028989262393e-01 9.04e-03 1.26e-05 1.79e-05 0.033
  7   -6.886015040808e-02 -1.406633701016e-01 3.99e-03 5.56e-06 7.63e-06 0.038
  8   -7.302517085920e-02 -1.389555275601e-01 3.34e-03 4.65e-06 2.15e-05 0.043
  9   -7.589008079890e-02 -1.365816328972e-01 2.84e-03 3.96e-06 4.34e-05 0.049
 10   -8.022581489812e-02 -1.314589671282e-01 2.14e-03 2.98e-06 6.93e-05 0.054
 11   -8.112487007761e-02 -1.305010589693e-01 1.84e-03 2.57e-06 7.44e-05 0.059
 12   -8.603294012755e-02 -1.225944549508e-01 1.17e-03 1.64e-06 6.84e-05 0.064
 13   -8.666256166060e-02 -1.203027124896e-01 8.93e-04 1.24e-06 1.49e-04 0.069
 14   -9.121767406110e-02 -1.121362178420e-01 4.73e-04 6.59e-07 1.14e-04 0.074
 15   -9.462951380394e-02 -1.056040026720e-01 2.19e-04 3.05e-07 6.84e-05 0.079
 16   -9.672568325183e-02 -1.019329733207e-01 7.87e-05 1.10e-07 1.88e-05 0.085
 17   -9.747881034442e-02 -1.004959533726e-01 3.54e-05 4.93e-08 1.70e-05 0.090
 18   -9.828865121733e-02 -9.919189894712e-02 6.91e-06 9.61e-09 3.28e-06 0.095
 19   -9.855293308394e-02 -9.881356229543e-02 1.78e-06 2.47e-09 9.06e-07 0.100
 20   -9.863962586541e-02 -9.869383576754e-02 3.59e-07 5.02e-10 1.77e-07 0.105
 21   -9.865933732333e-02 -9.866691470404e-02 5.00e-08 7.33e-11 2.20e-08 0.110
 22   -9.866213791037e-02 -9.866310296805e-02 6.36e-09 2.13e-11 2.56e-09 0.116
 23   -9.866249769125e-02 -9.866261379692e-02 7.65e-10 1.67e-09 2.85e-10 0.120
 24   -9.866254107255e-02 -9.866255481097e-02 9.05e-11 6.61e-08 3.10e-11 0.124
 25   -9.866254626859e-02 -9.866254774159e-02 9.70e-12 6.29e-09 3.24e-12 0.129


Optimal solution found in 25 iterations and 0.129s
Objective -9.86625463e-02
Primal infeasibility (abs/rel): 1.94e-11/9.70e-12
Dual infeasibility   (abs/rel): 6.93e-09/6.29e-09
Complementarity gap  (abs/rel): 3.56e-12/3.24e-12


Barrier finished in 0.13 seconds
Dual variables for problems with quadratic constraints not returned.
