Reading file portfolio_socp_n5000_k50_mu_t12_hardfail.mps
Read file portfolio_socp_n5000_k50_mu_t12_hardfail.mps in 0.11 seconds
cuOpt version: 26.10.0, git hash: 648f805d, host arch: x86_64, device archs: 80-real
CPU: AMD EPYC 7642 48-Core Processor, threads: 5C/5T, RAM usage: 24.66/503.74GiB
CPU SIMD target: AVX2
CUDA 12.9, device: NVIDIA A100 80GB PCIe (ID 0), VRAM: 79.44 GiB
CUDA device UUID: 68df5cf5-71f9-6a93-b428-460c080ffb10
Problem has 1 quadratic constraints. Converting to second-order cones and solving with barrier.
Handling 50 free variables directly in augmented system
Presolved problem: 5103 constraints 10102 variables 265152 nonzeros
Skipping Ruiz equilibration (row norm ratio 1.4, column norm ratio 1.4 < 5e4, Q coeff ratio 1.0 < 100)
Barrier solver started at 0.033 seconds
Barrier solver: 5103 constraints, 10102 variables, 265152 nonzeros


Second-order cones          : 1
Free variables              : 50
Upper bounds                : 5000
Linear system               : augmented
cuDSS Version               : 0.7.1
cuDSS Threading layer       : libcudss_mtlayer_gomp.so.0
Reordering time             : 0.161s
Symbolic factorization time : 0.024s
Symbolic nonzeros in factor : 2.79e+05
Elapsed time for augmented  : 0.256 seconds
Elapsed time           : 0.256 seconds
Barrier setup complete at 0.256 seconds
Adaptive regularization enabled


                  Objective                         Infeasibility        Time
Iter   Primal              Dual                Primal   Dual    Compl.   Elapsed
  0   -4.993640075704e-02 -2.507026439689e+03 5.00e+00 9.28e+00 1.02e+02 0.285
  1   -5.010695272297e-02 -4.634824718979e+01 8.21e-02 1.65e+00 5.50e+00 0.289
  2   -6.030151091668e-02 -1.224877256384e+00 8.21e-04 4.59e-01 1.27e-01 0.291
  3   -6.638582300394e-02 -3.220062433263e-01 1.78e-04 9.97e-02 2.77e-02 0.294
  4   -7.254727782147e-02 -2.491163205516e-01 7.98e-05 4.47e-02 1.22e-02 0.297
  5   -8.643863602734e-02 -1.359622338309e-01 2.06e-05 1.15e-02 3.10e-03 0.299
  6   -9.426537697546e-02 -1.078194809518e-01 1.92e-06 1.08e-03 1.98e-04 0.302
  7   -9.549762343781e-02 -1.040234347454e-01 9.53e-07 5.23e-04 1.39e-04 0.305
  8   -9.760620123184e-02 -1.002093905069e-01 2.72e-07 1.49e-04 4.08e-05 0.308
  9   -9.811133717630e-02 -9.912400336963e-02 7.44e-08 4.19e-05 1.90e-05 0.310
 10   -9.847617873742e-02 -9.855118434656e-02 6.86e-09 2.90e-06 4.27e-07 0.313
 11   -9.850183005003e-02 -9.851139692509e-02 1.41e-09 3.34e-07 2.09e-08 0.316
 12   -9.850492127101e-02 -9.850684120590e-02 2.94e-10 6.09e-08 2.70e-09 0.326
 13   -9.850553592116e-02 -9.850593609890e-02 7.82e-11 7.00e-08 6.27e-10 0.328
 14   -9.850568828567e-02 -9.850573334981e-02 7.37e-12 1.81e-06 7.32e-11 0.332
 15   -9.850570608682e-02 -9.850571046667e-02 2.65e-13 2.39e-06 5.82e-12 0.335
 16   -9.850570796407e-02 -9.850570811177e-02 1.78e-14 1.22e-06 2.53e-13 0.338
 17   -9.850570802964e-02 -9.850570803217e-02 1.79e-14 3.20e-04 4.42e-15 0.341
 18   -9.850570803078e-02 -9.850570803104e-02 9.33e-15 9.17e-03 6.25e-16 0.344
Numerical error in objective
Primal residual -nan dual residual -nan complementarity residual -nan
Search direction computation failed
Barrier finished in 0.35 seconds
Barrier Solve status A numerical error was encountered.
Dual variables for problems with quadratic constraints not returned.
