Reading file portfolio_socp_n5000_k50_mu_t12_hardfail.mps
Read file portfolio_socp_n5000_k50_mu_t12_hardfail.mps in 0.11 seconds
cuOpt version: 26.10.0, git hash: 648f805d, host arch: x86_64, device archs: 80-real
CPU: AMD EPYC 7642 48-Core Processor, threads: 5C/5T, RAM usage: 24.73/503.74GiB
CPU SIMD target: AVX2
CUDA 12.9, device: NVIDIA A100 80GB PCIe (ID 0), VRAM: 79.44 GiB
CUDA device UUID: 68df5cf5-71f9-6a93-b428-460c080ffb10
Problem has 1 quadratic constraints. Converting to second-order cones and solving with barrier.
Handling 50 free variables directly in augmented system
Presolved problem: 5103 constraints 10102 variables 265152 nonzeros
Skipping Ruiz equilibration (row norm ratio 1.4, column norm ratio 1.4 < 5e4, Q coeff ratio 1.0 < 100)
Barrier solver started at 0.039 seconds
Barrier solver: 5103 constraints, 10102 variables, 265152 nonzeros


Second-order cones          : 1
Free variables              : 50
Upper bounds                : 5000
Linear system               : augmented
cuDSS Version               : 0.7.1
cuDSS Threading layer       : libcudss_mtlayer_gomp.so.0
Reordering time             : 0.162s
Symbolic factorization time : 0.024s
Symbolic nonzeros in factor : 2.79e+05
Elapsed time for augmented  : 0.250 seconds
Elapsed time           : 0.250 seconds
Barrier setup complete at 0.250 seconds
Adaptive regularization enabled


                  Objective                         Infeasibility        Time
Iter   Primal              Dual                Primal   Dual    Compl.   Elapsed
  0   -4.993640075703e-02 -2.507026439689e+03 5.00e+00 9.28e+00 1.02e+02 0.273
  1   -5.010695272300e-02 -4.634824720449e+01 8.21e-02 1.65e+00 5.50e+00 0.277
  2   -6.030151092159e-02 -1.224877254160e+00 8.21e-04 4.59e-01 1.27e-01 0.280
  3   -6.638582304628e-02 -3.220062433790e-01 1.78e-04 9.97e-02 2.77e-02 0.283
  4   -7.254727797667e-02 -2.491163193627e-01 7.98e-05 4.47e-02 1.22e-02 0.286
  5   -8.643863614554e-02 -1.359622334434e-01 2.06e-05 1.15e-02 3.10e-03 0.288
  6   -9.426537705266e-02 -1.078194808393e-01 1.92e-06 1.08e-03 1.98e-04 0.291
  7   -9.549762350369e-02 -1.040234346255e-01 9.53e-07 5.23e-04 1.39e-04 0.294
  8   -9.760620126268e-02 -1.002093904526e-01 2.72e-07 1.49e-04 4.08e-05 0.296
  9   -9.811133720032e-02 -9.912400333616e-02 7.44e-08 4.19e-05 1.90e-05 0.299
 10   -9.847617874110e-02 -9.855118434129e-02 6.86e-09 2.90e-06 4.27e-07 0.302
 11   -9.850183005069e-02 -9.851139692420e-02 1.41e-09 3.35e-07 2.09e-08 0.304
 12   -9.850492127125e-02 -9.850684120557e-02 2.94e-10 6.16e-08 2.70e-09 0.307
 13   -9.850553592119e-02 -9.850593609882e-02 7.82e-11 7.28e-09 6.27e-10 0.310
 14   -9.850568828611e-02 -9.850573334928e-02 7.37e-12 1.61e-06 7.32e-11 0.313
 15   -9.850570608720e-02 -9.850571046621e-02 2.65e-13 8.71e-07 5.82e-12 0.315
 16   -9.850570796388e-02 -9.850570811198e-02 1.78e-14 4.03e-06 2.52e-13 0.318
 17   -9.850570802959e-02 -9.850570803222e-02 1.79e-14 1.51e-05 3.76e-15 0.321
 18   -9.850570803037e-02 -9.850570803144e-02 1.25e-14 2.84e-04 4.04e-16 0.323
Numerical error in objective
Restoring previous solution


Suboptimal solution found in 19 iterations and 0.33 seconds
Objective -9.85055359e-02
Primal infeasibility (abs/rel): 1.56e-10/7.82e-11
Dual infeasibility   (abs/rel): 8.02e-09/7.28e-09
Complementarity gap  (abs/rel): 6.89e-10/6.27e-10


Barrier finished in 0.33 seconds
Dual variables for problems with quadratic constraints not returned.
