cuOpt version: 26.10.0, git hash: 648f805d, host arch: x86_64, device archs: 80-real
CPU: AMD EPYC 7642 48-Core Processor, threads: 5C/5T, RAM usage: 37.41/503.74GiB
CPU SIMD target: AVX2
CUDA 12.9, device: NVIDIA A100 80GB PCIe (ID 0), VRAM: 79.44 GiB
CUDA device UUID: 68df5cf5-71f9-6a93-b428-460c080ffb10
Problem has 1 quadratic constraints. Converting to second-order cones and solving with barrier.
Handling 50 free variables directly in augmented system
Presolved problem: 5103 constraints 10102 variables 265152 nonzeros
Skipping Ruiz equilibration (qcqp_hyper_ruiz_equilibration = 0)
Barrier solver started at 0.027 seconds
Barrier solver: 5103 constraints, 10102 variables, 265152 nonzeros


Second-order cones          : 1
Free variables              : 50
Upper bounds                : 5000
Linear system               : augmented
cuDSS Version               : 0.7.1
cuDSS Threading layer       : libcudss_mtlayer_gomp.so.0
Reordering time             : 0.080s
Symbolic factorization time : 0.024s
Symbolic nonzeros in factor : 2.79e+05
Elapsed time for augmented  : 0.139 seconds
Elapsed time           : 0.139 seconds
Barrier setup complete at 0.139 seconds
Adaptive regularization enabled


                  Objective                         Infeasibility        Time
Iter   Primal              Dual                Primal   Dual    Compl.   Elapsed
  0   -3.703274138474e+02 -3.710708058040e+02 3.71e+03 1.91e+00 1.19e-02 0.140
  1   -4.137051906248e+00 -3.474922988706e+02 4.01e+01 2.77e-01 6.50e-02 0.144
  2   -1.039665874828e-01 -2.487350973719e+01 4.69e-01 7.85e-03 4.78e-03 0.148
  3   -5.494861956811e-02 -6.426108944959e-01 4.69e-03 7.91e-05 1.47e-04 0.152
  4   -5.854386029105e-02 -1.360801180417e-01 6.18e-04 1.04e-05 1.73e-05 0.156
  5   -6.651989844191e-02 -1.382165106403e-01 5.03e-04 8.47e-06 2.56e-05 0.160
  6   -6.787735674029e-02 -1.385553495069e-01 4.69e-04 7.91e-06 3.65e-05 0.163
  7   -8.000826197803e-02 -1.263548053121e-01 2.70e-04 4.55e-06 7.62e-05 0.167
  8   -8.013342406287e-02 -1.261898350831e-01 2.54e-04 4.29e-06 9.32e-05 0.172
  9   -8.275777847559e-02 -1.243057841049e-01 1.86e-04 3.14e-06 2.72e-04 0.177
 10   -8.324259260370e-02 -1.222953279940e-01 1.45e-04 2.44e-06 5.49e-04 0.181
 11   -9.290666967105e-02 -1.080048517150e-01 4.82e-05 8.11e-07 1.53e-04 0.186
 12   -9.345935455831e-02 -1.064550779110e-01 3.41e-05 5.75e-07 1.79e-04 0.191
 13   -9.680879506090e-02 -1.013498265651e-01 1.07e-05 1.80e-07 6.47e-05 0.195
 14   -9.715359103991e-02 -1.005218101886e-01 6.05e-06 1.02e-07 6.35e-05 0.200
 15   -9.800922167501e-02 -9.938303885782e-02 2.32e-06 3.92e-08 2.31e-05 0.204
 16   -9.823272540734e-02 -9.900239826052e-02 9.47e-07 1.59e-08 1.50e-05 0.209
 17   -9.846619117894e-02 -9.869681397305e-02 2.58e-07 4.35e-09 4.55e-06 0.213
 18   -9.852959428200e-02 -9.860584089937e-02 5.68e-08 9.58e-10 1.36e-06 0.217
 19   -9.855651422159e-02 -9.857291515751e-02 1.17e-08 1.97e-10 2.96e-07 0.221
 20   -9.856279662977e-02 -9.856478182145e-02 7.76e-10 1.31e-11 2.44e-08 0.226
 21   -9.856361045170e-02 -9.856383047750e-02 8.59e-11 1.46e-12 2.78e-09 0.230
 22   -9.856370646345e-02 -9.856371688608e-02 4.06e-12 9.76e-14 1.31e-10 0.234
 23   -9.856371090273e-02 -9.856371155657e-02 2.53e-13 2.30e-12 8.19e-12 0.238


Optimal solution found in 23 iterations and 0.238s
Objective -9.85637109e-02
Primal infeasibility (abs/rel): 5.06e-13/2.53e-13
Dual infeasibility   (abs/rel): 2.53e-12/2.30e-12
Complementarity gap  (abs/rel): 9.00e-12/8.19e-12


Barrier finished in 0.24 seconds
Dual variables for problems with quadratic constraints not returned.
