cuOpt version: 26.10.0, git hash: 648f805d, host arch: x86_64, device archs: 80-real
CPU: AMD EPYC 7642 48-Core Processor, threads: 5C/5T, RAM usage: 39.98/503.74GiB
CPU SIMD target: AVX2
CUDA 12.9, device: NVIDIA A100 80GB PCIe (ID 0), VRAM: 79.44 GiB
CUDA device UUID: 68df5cf5-71f9-6a93-b428-460c080ffb10
Problem has 1 quadratic constraints. Converting to second-order cones and solving with barrier.
Handling 50 free variables directly in augmented system
Presolved problem: 5103 constraints 10102 variables 265152 nonzeros
Skipping Ruiz equilibration (row norm ratio 1.4, column norm ratio 1.4 < 5e4, Q coeff ratio 1.0 < 100)
Barrier solver started at 0.025 seconds
Barrier solver: 5103 constraints, 10102 variables, 265152 nonzeros


Second-order cones          : 1
Free variables              : 50
Upper bounds                : 5000
Linear system               : augmented
cuDSS Version               : 0.7.1
cuDSS Threading layer       : libcudss_mtlayer_gomp.so.0
Reordering time             : 0.118s
Symbolic factorization time : 0.027s
Symbolic nonzeros in factor : 2.79e+05
Elapsed time for augmented  : 0.177 seconds
Elapsed time           : 0.177 seconds
Barrier setup complete at 0.177 seconds
Adaptive regularization enabled


                  Objective                         Infeasibility        Time
Iter   Primal              Dual                Primal   Dual    Compl.   Elapsed
  0   -4.992855124962e-02 -2.507050471952e+03 5.00e+00 9.28e+00 1.02e+02 0.180
  1   -5.009903416155e-02 -4.633824611636e+01 8.20e-02 1.65e+00 5.50e+00 0.182
  2   -6.029550049830e-02 -1.217467652109e+00 8.20e-04 4.59e-01 1.27e-01 0.185
  3   -6.647581756453e-02 -3.225501896276e-01 1.79e-04 1.00e-01 2.79e-02 0.188
  4   -7.294758837445e-02 -2.473391179147e-01 7.72e-05 4.33e-02 1.18e-02 0.190
  5   -8.681124311989e-02 -1.351675970628e-01 1.98e-05 1.11e-02 2.99e-03 0.193
  6   -9.189613911108e-02 -1.122615043163e-01 2.40e-06 1.35e-03 3.59e-04 0.196
  7   -9.636811421242e-02 -1.030704175514e-01 7.40e-07 4.09e-04 8.70e-05 0.199
  8   -9.729722598316e-02 -1.009243114094e-01 3.27e-07 1.74e-04 6.11e-05 0.201
  9   -9.822995718290e-02 -9.939471345129e-02 9.14e-08 4.90e-05 1.91e-05 0.204
 10   -9.858092606421e-02 -9.880424183882e-02 1.52e-08 8.56e-06 5.20e-06 0.207
 11   -9.866547744403e-02 -9.867249078314e-02 7.32e-10 2.58e-07 1.11e-07 0.209
 12   -9.866812061986e-02 -9.866846001611e-02 5.26e-11 8.31e-09 3.33e-09 0.212
 13   -9.866824350372e-02 -9.866826426617e-02 8.01e-13 3.02e-08 1.22e-10 0.215
 14   -9.866825074279e-02 -9.866825339667e-02 3.43e-13 8.10e-07 1.61e-11 0.217
 15   -9.866825181625e-02 -9.866825185451e-02 1.60e-14 1.62e-05 2.90e-13 0.220
 16   -9.866825183065e-02 -9.866825183309e-02 3.43e-14 2.29e-06 1.27e-14 0.223
 17   -9.866825183121e-02 -9.866825183222e-02 3.52e-14 7.73e-03 4.27e-16 0.226
Numerical error in objective
Restoring previous solution


Suboptimal solution found in 18 iterations and 0.23 seconds
Objective -9.86681206e-02
Primal infeasibility (abs/rel): 1.05e-10/5.26e-11
Dual infeasibility   (abs/rel): 9.16e-09/8.31e-09
Complementarity gap  (abs/rel): 3.66e-09/3.33e-09


Barrier finished in 0.23 seconds
Dual variables for problems with quadratic constraints not returned.
