cuOpt version: 26.10.0, git hash: 648f805d, host arch: x86_64, device archs: 80-real
CPU: AMD EPYC 7642 48-Core Processor, threads: 5C/5T, RAM usage: 39.98/503.74GiB
CPU SIMD target: AVX2
CUDA 12.9, device: NVIDIA A100 80GB PCIe (ID 0), VRAM: 79.44 GiB
CUDA device UUID: 68df5cf5-71f9-6a93-b428-460c080ffb10
Problem has 1 quadratic constraints. Converting to second-order cones and solving with barrier.
Handling 50 free variables directly in augmented system
Presolved problem: 5103 constraints 10102 variables 265152 nonzeros
Skipping Ruiz equilibration (row norm ratio 1.4, column norm ratio 1.4 < 5e4, Q coeff ratio 1.0 < 100)
Barrier solver started at 0.030 seconds
Barrier solver: 5103 constraints, 10102 variables, 265152 nonzeros


Second-order cones          : 1
Free variables              : 50
Upper bounds                : 5000
Linear system               : augmented
cuDSS Version               : 0.7.1
cuDSS Threading layer       : libcudss_mtlayer_gomp.so.0
Reordering time             : 0.141s
Symbolic factorization time : 0.024s
Symbolic nonzeros in factor : 2.79e+05
Elapsed time for augmented  : 0.202 seconds
Elapsed time           : 0.202 seconds
Barrier setup complete at 0.202 seconds
Adaptive regularization enabled


                  Objective                         Infeasibility        Time
Iter   Primal              Dual                Primal   Dual    Compl.   Elapsed
  0   -4.994847164023e-02 -2.507045855028e+03 5.00e+00 9.28e+00 1.02e+02 0.205
  1   -5.011916047141e-02 -4.630438743670e+01 8.20e-02 1.65e+00 5.50e+00 0.208
  2   -6.033576127566e-02 -1.221815109352e+00 8.20e-04 4.59e-01 1.27e-01 0.210
  3   -6.652301654992e-02 -3.130068577042e-01 1.72e-04 9.64e-02 2.68e-02 0.213
  4   -7.262710666489e-02 -2.517674310649e-01 8.33e-05 4.67e-02 1.27e-02 0.216
  5   -8.679220063541e-02 -1.380637093208e-01 2.15e-05 1.21e-02 3.24e-03 0.218
  6   -9.286733274573e-02 -1.101355583293e-01 1.11e-06 6.24e-04 1.36e-04 0.221
  7   -9.578749091999e-02 -1.040838720007e-01 4.50e-07 2.46e-04 8.26e-05 0.224
  8   -9.749944364048e-02 -1.009157200943e-01 1.38e-07 7.27e-05 2.51e-05 0.226
  9   -9.848883962463e-02 -9.928294715220e-02 2.14e-08 9.02e-06 1.42e-06 0.229
 10   -9.869265854029e-02 -9.899250246062e-02 7.20e-09 2.40e-06 4.09e-07 0.232
 11   -9.874188497869e-02 -9.892184788065e-02 3.97e-09 9.06e-07 7.44e-07 0.234
 12   -9.880607812089e-02 -9.884437429977e-02 6.20e-10 1.13e-07 1.69e-07 0.237
 13   -9.882038169626e-02 -9.882744754484e-02 1.33e-10 1.56e-08 5.56e-08 0.240
 14   -9.882340420820e-02 -9.882392921748e-02 2.69e-11 7.53e-09 4.31e-09 0.242
 15   -9.882363751453e-02 -9.882365838038e-02 1.37e-12 1.72e-08 1.71e-10 0.245
 16   -9.882364661880e-02 -9.882364777053e-02 1.42e-13 1.57e-06 9.49e-12 0.248
 17   -9.882364713226e-02 -9.882364716127e-02 1.72e-13 4.79e-05 1.44e-13 0.250
 18   -9.882364714638e-02 -9.882364714958e-02 2.33e-14 6.27e-04 1.43e-14 0.253
 19   -9.882364714756e-02 -9.882364714873e-02 6.91e-15 1.68e-03 3.34e-15 0.256
 20   -9.882364714804e-02 -9.882364714834e-02 1.92e-15 5.54e-05 7.72e-16 0.258
Numerical error in objective
Restoring previous solution


Suboptimal solution found in 21 iterations and 0.26 seconds
Objective -9.88234042e-02
Primal infeasibility (abs/rel): 5.37e-11/2.69e-11
Dual infeasibility   (abs/rel): 8.30e-09/7.53e-09
Complementarity gap  (abs/rel): 4.73e-09/4.31e-09


Barrier finished in 0.26 seconds
Dual variables for problems with quadratic constraints not returned.
