cuOpt version: 26.10.0, git hash: 648f805d, host arch: x86_64, device archs: 80-real
CPU: AMD EPYC 7642 48-Core Processor, threads: 5C/5T, RAM usage: 39.98/503.74GiB
CPU SIMD target: AVX2
CUDA 12.9, device: NVIDIA A100 80GB PCIe (ID 0), VRAM: 79.44 GiB
CUDA device UUID: 68df5cf5-71f9-6a93-b428-460c080ffb10
Problem has 1 quadratic constraints. Converting to second-order cones and solving with barrier.
Handling 50 free variables directly in augmented system
Presolved problem: 5103 constraints 10102 variables 265152 nonzeros
Skipping Ruiz equilibration (row norm ratio 1.4, column norm ratio 1.4 < 5e4, Q coeff ratio 1.0 < 100)
Barrier solver started at 0.025 seconds
Barrier solver: 5103 constraints, 10102 variables, 265152 nonzeros


Second-order cones          : 1
Free variables              : 50
Upper bounds                : 5000
Linear system               : augmented
cuDSS Version               : 0.7.1
cuDSS Threading layer       : libcudss_mtlayer_gomp.so.0
Reordering time             : 0.177s
Symbolic factorization time : 0.023s
Symbolic nonzeros in factor : 2.79e+05
Elapsed time for augmented  : 0.233 seconds
Elapsed time           : 0.233 seconds
Barrier setup complete at 0.233 seconds
Adaptive regularization enabled


                  Objective                         Infeasibility        Time
Iter   Primal              Dual                Primal   Dual    Compl.   Elapsed
  0   -4.993543054602e-02 -2.506879868424e+03 5.00e+00 9.29e+00 1.02e+02 0.235
  1   -5.010604290439e-02 -4.583894022123e+01 8.11e-02 1.65e+00 5.48e+00 0.238
  2   -6.043704250854e-02 -1.218076500030e+00 8.10e-04 4.55e-01 1.26e-01 0.241
  3   -6.653639217086e-02 -3.121495065097e-01 1.70e-04 9.57e-02 2.64e-02 0.243
  4   -7.249891786468e-02 -2.522069437853e-01 9.05e-05 5.09e-02 1.38e-02 0.246
  5   -8.666357673925e-02 -1.392234244578e-01 2.38e-05 1.34e-02 3.59e-03 0.249
  6   -9.108394901720e-02 -1.121225819733e-01 1.08e-06 6.06e-04 1.76e-04 0.251
  7   -9.521062074992e-02 -1.041447229592e-01 4.02e-07 2.21e-04 8.30e-05 0.254
  8   -9.681838179891e-02 -1.007886258588e-01 6.46e-08 3.22e-05 2.52e-05 0.257
  9   -9.789454514894e-02 -9.931747824465e-02 2.05e-08 9.37e-06 7.34e-06 0.259
 10   -9.809587932524e-02 -9.899246456332e-02 1.14e-08 3.96e-06 9.26e-06 0.262
 11   -9.845834183376e-02 -9.853529339442e-02 1.61e-09 2.42e-07 9.58e-07 0.265
 12   -9.849177795096e-02 -9.849430168079e-02 1.86e-10 7.11e-09 2.40e-08 0.267
 13   -9.849279895748e-02 -9.849302299549e-02 3.56e-11 1.03e-08 1.82e-09 0.270
 14   -9.849289174715e-02 -9.849290445261e-02 9.29e-12 2.09e-07 7.86e-11 0.273
 15   -9.849289706649e-02 -9.849289765414e-02 3.20e-13 8.36e-06 4.33e-12 0.276
 16   -9.849289731202e-02 -9.849289734629e-02 3.80e-13 5.89e-05 1.77e-13 0.278
 17   -9.849289733022e-02 -9.849289733356e-02 7.05e-14 6.20e-04 1.18e-14 0.281
 18   -9.849289733246e-02 -9.849289733283e-02 6.61e-15 3.62e-03 2.86e-16 0.284
Numerical error in objective
Primal residual -nan dual residual -nan complementarity residual -nan
Search direction computation failed
Barrier finished in 0.29 seconds
Barrier Solve status A numerical error was encountered.
Dual variables for problems with quadratic constraints not returned.
