cuOpt version: 26.10.0, git hash: 648f805d, host arch: x86_64, device archs: 80-real
CPU: AMD EPYC 7642 48-Core Processor, threads: 5C/5T, RAM usage: 39.98/503.74GiB
CPU SIMD target: AVX2
CUDA 12.9, device: NVIDIA A100 80GB PCIe (ID 0), VRAM: 79.44 GiB
CUDA device UUID: 68df5cf5-71f9-6a93-b428-460c080ffb10
Problem has 1 quadratic constraints. Converting to second-order cones and solving with barrier.
Handling 50 free variables directly in augmented system
Presolved problem: 5103 constraints 10102 variables 265152 nonzeros
Skipping Ruiz equilibration (row norm ratio 1.4, column norm ratio 1.4 < 5e4, Q coeff ratio 1.0 < 100)
Barrier solver started at 0.024 seconds
Barrier solver: 5103 constraints, 10102 variables, 265152 nonzeros


Second-order cones          : 1
Free variables              : 50
Upper bounds                : 5000
Linear system               : augmented
cuDSS Version               : 0.7.1
cuDSS Threading layer       : libcudss_mtlayer_gomp.so.0
Reordering time             : 0.052s
Symbolic factorization time : 0.023s
Symbolic nonzeros in factor : 2.79e+05
Elapsed time for augmented  : 0.107 seconds
Elapsed time           : 0.107 seconds
Barrier setup complete at 0.107 seconds
Adaptive regularization enabled


                  Objective                         Infeasibility        Time
Iter   Primal              Dual                Primal   Dual    Compl.   Elapsed
  0   -4.993837370587e-02 -2.507036107877e+03 5.00e+00 9.29e+00 1.02e+02 0.109
  1   -5.010894750958e-02 -4.628406303186e+01 8.19e-02 1.65e+00 5.50e+00 0.112
  2   -6.032689740612e-02 -1.208897842715e+00 8.19e-04 4.59e-01 1.27e-01 0.115
  3   -6.667173009956e-02 -3.141991519873e-01 1.74e-04 9.78e-02 2.71e-02 0.118
  4   -7.217541931893e-02 -2.528504411315e-01 8.49e-05 4.76e-02 1.30e-02 0.120
  5   -8.669647584291e-02 -1.359641772030e-01 2.11e-05 1.18e-02 3.19e-03 0.123
  6   -9.293488001688e-02 -1.084238457619e-01 8.03e-07 4.51e-04 1.09e-04 0.126
  7   -9.608238687015e-02 -1.021547683078e-01 2.47e-07 1.32e-04 5.27e-05 0.128
  8   -9.755787542059e-02 -9.962700866384e-02 5.82e-08 2.93e-05 8.87e-06 0.131
  9   -9.792987793805e-02 -9.898400454914e-02 2.33e-08 9.12e-06 1.11e-05 0.134
 10   -9.827958387095e-02 -9.853056419386e-02 4.92e-09 1.83e-06 2.47e-06 0.136
 11   -9.836950434294e-02 -9.841373387107e-02 8.53e-10 3.11e-07 5.69e-07 0.139
 12   -9.838805351405e-02 -9.838987108347e-02 1.68e-11 8.01e-09 2.18e-08 0.142
 13   -9.838881596146e-02 -9.838889286985e-02 2.70e-11 6.54e-09 7.01e-10 0.144
 14   -9.838884721401e-02 -9.838885278873e-02 1.32e-11 9.08e-08 2.58e-11 0.147
 15   -9.838884954211e-02 -9.838885020946e-02 1.99e-12 9.06e-06 3.84e-12 0.150
 16   -9.838884981278e-02 -9.838884991327e-02 4.54e-13 1.43e-03 4.71e-13 0.152
 17   -9.838884985233e-02 -9.838884987683e-02 5.38e-14 3.91e-04 1.03e-13 0.155
 18   -9.838884986393e-02 -9.838884986495e-02 1.66e-14 7.10e-04 5.78e-15 0.158
Numerical error in objective
Restoring previous solution


Suboptimal solution found in 19 iterations and 0.16 seconds
Objective -9.83888160e-02
Primal infeasibility (abs/rel): 5.41e-11/2.70e-11
Dual infeasibility   (abs/rel): 7.20e-09/6.54e-09
Complementarity gap  (abs/rel): 7.70e-10/7.01e-10


Barrier finished in 0.16 seconds
Dual variables for problems with quadratic constraints not returned.
