cuOpt version: 26.10.0, git hash: 648f805d, host arch: x86_64, device archs: 80-real
CPU: AMD EPYC 7642 48-Core Processor, threads: 5C/5T, RAM usage: 39.98/503.74GiB
CPU SIMD target: AVX2
CUDA 12.9, device: NVIDIA A100 80GB PCIe (ID 0), VRAM: 79.44 GiB
CUDA device UUID: 68df5cf5-71f9-6a93-b428-460c080ffb10
Problem has 1 quadratic constraints. Converting to second-order cones and solving with barrier.
Handling 50 free variables directly in augmented system
Presolved problem: 5103 constraints 10102 variables 265152 nonzeros
Skipping Ruiz equilibration (row norm ratio 1.4, column norm ratio 1.4 < 5e4, Q coeff ratio 1.0 < 100)
Barrier solver started at 0.024 seconds
Barrier solver: 5103 constraints, 10102 variables, 265152 nonzeros


Second-order cones          : 1
Free variables              : 50
Upper bounds                : 5000
Linear system               : augmented
cuDSS Version               : 0.7.1
cuDSS Threading layer       : libcudss_mtlayer_gomp.so.0
Reordering time             : 0.053s
Symbolic factorization time : 0.024s
Symbolic nonzeros in factor : 2.79e+05
Elapsed time for augmented  : 0.108 seconds
Elapsed time           : 0.108 seconds
Barrier setup complete at 0.108 seconds
Adaptive regularization enabled


                  Objective                         Infeasibility        Time
Iter   Primal              Dual                Primal   Dual    Compl.   Elapsed
  0   -4.994269591567e-02 -2.507004013074e+03 5.00e+00 9.29e+00 1.02e+02 0.111
  1   -5.011336303105e-02 -4.637547844795e+01 8.21e-02 1.65e+00 5.50e+00 0.114
  2   -6.031449413592e-02 -1.213480921267e+00 8.21e-04 4.59e-01 1.28e-01 0.117
  3   -6.661800596300e-02 -3.158470897135e-01 1.75e-04 9.83e-02 2.73e-02 0.119
  4   -7.394177835998e-02 -2.405219996439e-01 7.59e-05 4.26e-02 1.16e-02 0.122
  5   -8.769301143706e-02 -1.332230112702e-01 1.88e-05 1.06e-02 2.84e-03 0.125
  6   -9.225689021266e-02 -1.105781678562e-01 1.90e-06 1.07e-03 2.93e-04 0.127
  7   -9.553337418526e-02 -1.037478328863e-01 7.79e-07 4.29e-04 1.40e-04 0.130
  8   -9.769811945431e-02 -9.969633723901e-02 1.15e-07 6.10e-05 1.34e-05 0.133
  9   -9.825317396239e-02 -9.881743641387e-02 2.21e-08 1.09e-05 1.85e-06 0.135
 10   -9.838857344825e-02 -9.861335850047e-02 7.82e-09 2.68e-06 1.37e-06 0.138
 11   -9.847541153430e-02 -9.850468384473e-02 9.07e-10 2.88e-07 1.90e-07 0.141
 12   -9.848671290553e-02 -9.849060358466e-02 4.16e-11 3.40e-08 2.84e-08 0.143
 13   -9.848830450882e-02 -9.848861740948e-02 4.00e-11 3.93e-09 2.10e-09 0.146
 14   -9.848843779882e-02 -9.848845197210e-02 1.29e-11 1.61e-07 6.41e-11 0.149
 15   -9.848844399283e-02 -9.848844465563e-02 2.49e-12 1.11e-05 1.58e-12 0.151
 16   -9.848844429727e-02 -9.848844433322e-02 7.66e-13 1.71e-04 6.59e-14 0.154
 17   -9.848844431866e-02 -9.848844432469e-02 1.97e-13 3.52e-03 3.62e-15 0.157
 18   -9.848844432363e-02 -9.848844432419e-02 1.83e-14 1.60e-02 2.29e-15 0.159
 19   -9.848844432415e-02 -9.848844432414e-02 6.66e-16 1.33e-02 3.94e-16 0.162
Numerical error in objective
Restoring previous solution


Suboptimal solution found in 20 iterations and 0.16 seconds
Objective -9.84883045e-02
Primal infeasibility (abs/rel): 8.00e-11/4.00e-11
Dual infeasibility   (abs/rel): 4.33e-09/3.93e-09
Complementarity gap  (abs/rel): 2.31e-09/2.10e-09


Barrier finished in 0.17 seconds
Dual variables for problems with quadratic constraints not returned.
