cuOpt version: 26.10.0, git hash: 648f805d, host arch: x86_64, device archs: 80-real
CPU: AMD EPYC 7642 48-Core Processor, threads: 5C/5T, RAM usage: 39.98/503.74GiB
CPU SIMD target: AVX2
CUDA 12.9, device: NVIDIA A100 80GB PCIe (ID 0), VRAM: 79.44 GiB
CUDA device UUID: 68df5cf5-71f9-6a93-b428-460c080ffb10
Problem has 1 quadratic constraints. Converting to second-order cones and solving with barrier.
Handling 50 free variables directly in augmented system
Presolved problem: 5103 constraints 10102 variables 265152 nonzeros
Skipping Ruiz equilibration (row norm ratio 1.4, column norm ratio 1.4 < 5e4, Q coeff ratio 1.0 < 100)
Barrier solver started at 0.027 seconds
Barrier solver: 5103 constraints, 10102 variables, 265152 nonzeros


Second-order cones          : 1
Free variables              : 50
Upper bounds                : 5000
Linear system               : augmented
cuDSS Version               : 0.7.1
cuDSS Threading layer       : libcudss_mtlayer_gomp.so.0
Reordering time             : 0.059s
Symbolic factorization time : 0.023s
Symbolic nonzeros in factor : 2.79e+05
Elapsed time for augmented  : 0.116 seconds
Elapsed time           : 0.116 seconds
Barrier setup complete at 0.116 seconds
Adaptive regularization enabled


                  Objective                         Infeasibility        Time
Iter   Primal              Dual                Primal   Dual    Compl.   Elapsed
  0   -4.994692347848e-02 -2.506959949003e+03 5.00e+00 9.28e+00 1.02e+02 0.119
  1   -5.011768236488e-02 -4.663789260822e+01 8.26e-02 1.65e+00 5.51e+00 0.122
  2   -6.026024551005e-02 -1.214555994265e+00 8.26e-04 4.61e-01 1.28e-01 0.125
  3   -6.661795289905e-02 -3.188619575560e-01 1.78e-04 9.98e-02 2.78e-02 0.127
  4   -7.464265047377e-02 -2.379309803002e-01 7.37e-05 4.12e-02 1.12e-02 0.130
  5   -8.837221100073e-02 -1.308438124974e-01 1.75e-05 9.81e-03 2.64e-03 0.132
  6   -9.367369133998e-02 -1.082853515639e-01 1.69e-06 9.47e-04 2.20e-04 0.135
  7   -9.661703759876e-02 -1.020480435880e-01 5.32e-07 2.89e-04 7.85e-05 0.138
  8   -9.807647936013e-02 -9.945931605040e-02 8.15e-08 4.37e-05 8.85e-06 0.140
  9   -9.850360260136e-02 -9.880819229658e-02 1.39e-08 6.40e-06 7.92e-07 0.143
 10   -9.857710183621e-02 -9.870305804019e-02 5.40e-09 1.88e-06 5.37e-07 0.146
 11   -9.862633164324e-02 -9.864148301445e-02 5.17e-10 1.55e-07 6.29e-08 0.148
 12   -9.863204551942e-02 -9.863446851029e-02 9.51e-11 2.66e-08 1.30e-08 0.151
 13   -9.863309489701e-02 -9.863320242283e-02 6.47e-12 2.13e-08 6.39e-10 0.154
 14   -9.863314240656e-02 -9.863314549509e-02 7.46e-13 8.30e-07 1.61e-11 0.156
 15   -9.863314355229e-02 -9.863314410088e-02 1.01e-12 5.81e-05 2.46e-12 0.159
 16   -9.863314379038e-02 -9.863314382664e-02 4.96e-13 4.95e-04 7.06e-14 0.162
 17   -9.863314381267e-02 -9.863314381414e-02 1.25e-14 6.11e-04 3.58e-15 0.164
 18   -9.863314381306e-02 -9.863314381389e-02 5.08e-15 3.01e-03 2.28e-15 0.167
 19   -9.863314381353e-02 -9.863314381353e-02 1.72e-15 3.06e-03 3.45e-17 0.170
Numerical error in objective
Primal residual -nan dual residual -nan complementarity residual -nan
Search direction computation failed
Barrier finished in 0.17 seconds
Barrier Solve status A numerical error was encountered.
Dual variables for problems with quadratic constraints not returned.
