cuOpt version: 26.10.0, git hash: 648f805d, host arch: x86_64, device archs: 80-real
CPU: AMD EPYC 7642 48-Core Processor, threads: 5C/5T, RAM usage: 39.98/503.74GiB
CPU SIMD target: AVX2
CUDA 12.9, device: NVIDIA A100 80GB PCIe (ID 0), VRAM: 79.44 GiB
CUDA device UUID: 68df5cf5-71f9-6a93-b428-460c080ffb10
Problem has 1 quadratic constraints. Converting to second-order cones and solving with barrier.
Handling 50 free variables directly in augmented system
Presolved problem: 5103 constraints 10102 variables 265152 nonzeros
Skipping Ruiz equilibration (row norm ratio 1.4, column norm ratio 1.4 < 5e4, Q coeff ratio 1.0 < 100)
Barrier solver started at 0.026 seconds
Barrier solver: 5103 constraints, 10102 variables, 265152 nonzeros


Second-order cones          : 1
Free variables              : 50
Upper bounds                : 5000
Linear system               : augmented
cuDSS Version               : 0.7.1
cuDSS Threading layer       : libcudss_mtlayer_gomp.so.0
Reordering time             : 0.073s
Symbolic factorization time : 0.023s
Symbolic nonzeros in factor : 2.79e+05
Elapsed time for augmented  : 0.129 seconds
Elapsed time           : 0.129 seconds
Barrier setup complete at 0.129 seconds
Adaptive regularization enabled


                  Objective                         Infeasibility        Time
Iter   Primal              Dual                Primal   Dual    Compl.   Elapsed
  0   -4.992850277853e-02 -2.507082430269e+03 5.00e+00 9.28e+00 1.02e+02 0.132
  1   -5.009890604550e-02 -4.614335548234e+01 8.17e-02 1.65e+00 5.49e+00 0.135
  2   -6.032758460233e-02 -1.233964671395e+00 8.17e-04 4.57e-01 1.27e-01 0.138
  3   -6.632914652438e-02 -3.063467285276e-01 1.65e-04 9.27e-02 2.57e-02 0.140
  4   -7.195687497588e-02 -2.513365663240e-01 8.31e-05 4.66e-02 1.27e-02 0.143
  5   -8.633007416031e-02 -1.374312276610e-01 2.15e-05 1.20e-02 3.23e-03 0.146
  6   -9.151822745719e-02 -1.121318532894e-01 2.02e-06 1.13e-03 3.01e-04 0.148
  7   -9.495947517240e-02 -1.045939574861e-01 8.51e-07 4.70e-04 1.62e-04 0.151
  8   -9.731679692315e-02 -9.996396746719e-02 1.06e-07 5.69e-05 1.24e-05 0.154
  9   -9.798477116502e-02 -9.894825156699e-02 3.21e-08 1.63e-05 3.33e-06 0.156
 10   -9.812681343524e-02 -9.870042330730e-02 1.53e-08 5.95e-06 4.24e-06 0.159
 11   -9.832772911026e-02 -9.844342603367e-02 2.55e-09 9.46e-07 8.68e-07 0.162
 12   -9.837157668580e-02 -9.838834581127e-02 2.68e-10 1.32e-07 1.53e-07 0.164
 13   -9.837850798962e-02 -9.837963541490e-02 6.68e-11 5.79e-09 1.06e-08 0.167
 14   -9.837899147498e-02 -9.837902722228e-02 3.31e-11 2.32e-08 3.22e-10 0.170
 15   -9.837900684534e-02 -9.837900846108e-02 1.07e-11 8.10e-07 1.27e-11 0.172
 16   -9.837900767229e-02 -9.837900774077e-02 1.23e-12 6.64e-05 2.98e-13 0.175
 17   -9.837900770700e-02 -9.837900772263e-02 4.72e-13 2.83e-04 2.63e-14 0.178
 18   -9.837900771749e-02 -9.837900772088e-02 1.27e-13 1.51e-03 1.07e-15 0.180
Numerical error in objective
Primal residual -nan dual residual -nan complementarity residual -nan
Search direction computation failed
Barrier finished in 0.18 seconds
Barrier Solve status A numerical error was encountered.
Dual variables for problems with quadratic constraints not returned.
