cuOpt version: 26.10.0, git hash: 648f805d, host arch: x86_64, device archs: 80-real
CPU: AMD EPYC 7642 48-Core Processor, threads: 5C/5T, RAM usage: 39.98/503.74GiB
CPU SIMD target: AVX2
CUDA 12.9, device: NVIDIA A100 80GB PCIe (ID 0), VRAM: 79.44 GiB
CUDA device UUID: 68df5cf5-71f9-6a93-b428-460c080ffb10
Problem has 1 quadratic constraints. Converting to second-order cones and solving with barrier.
Handling 50 free variables directly in augmented system
Presolved problem: 5103 constraints 10102 variables 265152 nonzeros
Skipping Ruiz equilibration (row norm ratio 1.4, column norm ratio 1.4 < 5e4, Q coeff ratio 1.0 < 100)
Barrier solver started at 0.023 seconds
Barrier solver: 5103 constraints, 10102 variables, 265152 nonzeros


Second-order cones          : 1
Free variables              : 50
Upper bounds                : 5000
Linear system               : augmented
cuDSS Version               : 0.7.1
cuDSS Threading layer       : libcudss_mtlayer_gomp.so.0
Reordering time             : 0.070s
Symbolic factorization time : 0.023s
Symbolic nonzeros in factor : 2.79e+05
Elapsed time for augmented  : 0.123 seconds
Elapsed time           : 0.123 seconds
Barrier setup complete at 0.123 seconds
Adaptive regularization enabled


                  Objective                         Infeasibility        Time
Iter   Primal              Dual                Primal   Dual    Compl.   Elapsed
  0   -4.995018260216e-02 -2.507089044478e+03 5.00e+00 9.28e+00 1.02e+02 0.126
  1   -5.012094911152e-02 -4.634354325516e+01 8.21e-02 1.65e+00 5.50e+00 0.129
  2   -6.034055472186e-02 -1.213394310755e+00 8.21e-04 4.59e-01 1.27e-01 0.132
  3   -6.658956559647e-02 -3.230568784632e-01 1.80e-04 1.01e-01 2.80e-02 0.134
  4   -7.215436022467e-02 -2.532135869777e-01 8.07e-05 4.52e-02 1.24e-02 0.137
  5   -8.596103683563e-02 -1.392755469142e-01 2.17e-05 1.22e-02 3.28e-03 0.140
  6   -9.122603475732e-02 -1.129062118220e-01 1.28e-06 7.19e-04 1.99e-04 0.142
  7   -9.547896626114e-02 -1.044502232582e-01 4.77e-07 2.62e-04 6.75e-05 0.145
  8   -9.703202591497e-02 -1.012835745703e-01 1.87e-07 9.68e-05 3.77e-05 0.148
  9   -9.783672105439e-02 -9.988231686103e-02 5.34e-08 2.81e-05 1.06e-05 0.150
 10   -9.812222196675e-02 -9.941003396510e-02 2.65e-08 1.39e-05 1.66e-05 0.153
 11   -9.856459786217e-02 -9.879489723129e-02 7.70e-09 2.36e-06 3.23e-06 0.156
 12   -9.865811131565e-02 -9.866844761393e-02 9.36e-10 9.39e-08 7.68e-08 0.158
 13   -9.866218198645e-02 -9.866304370295e-02 1.65e-10 8.50e-09 4.28e-09 0.161
 14   -9.866251918939e-02 -9.866258433227e-02 6.51e-11 1.01e-07 1.59e-10 0.164
 15   -9.866254568490e-02 -9.866254851728e-02 2.49e-12 2.06e-05 9.94e-12 0.166
 16   -9.866254683888e-02 -9.866254695113e-02 2.24e-13 1.02e-04 2.79e-13 0.169
 17   -9.866254689137e-02 -9.866254689351e-02 3.09e-14 1.36e-04 3.25e-15 0.172
 18   -9.866254689213e-02 -9.866254689309e-02 1.55e-14 2.33e-03 1.20e-15 0.174
Numerical error in objective
Restoring previous solution


Suboptimal solution found in 19 iterations and 0.18 seconds
Objective -9.86621820e-02
Primal infeasibility (abs/rel): 3.31e-10/1.65e-10
Dual infeasibility   (abs/rel): 9.36e-09/8.50e-09
Complementarity gap  (abs/rel): 4.70e-09/4.28e-09


Barrier finished in 0.18 seconds
Dual variables for problems with quadratic constraints not returned.
