cuOpt version: 26.10.0, git hash: 648f805d, host arch: x86_64, device archs: 80-real
CPU: AMD EPYC 7642 48-Core Processor, threads: 5C/5T, RAM usage: 27.75/503.74GiB
CPU SIMD target: AVX2
CUDA 12.9, device: NVIDIA A100 80GB PCIe (ID 0), VRAM: 79.44 GiB
CUDA device UUID: 68df5cf5-71f9-6a93-b428-460c080ffb10
Problem has 1 quadratic constraints. Converting to second-order cones and solving with barrier.
Handling 50 free variables directly in augmented system
Presolved problem: 5103 constraints 10102 variables 265152 nonzeros
Skipping Ruiz equilibration (row norm ratio 1.4, column norm ratio 1.4 < 5e4, Q coeff ratio 1.0 < 100)
Barrier solver started at 0.027 seconds
Barrier solver: 5103 constraints, 10102 variables, 265152 nonzeros


Second-order cones          : 1
Free variables              : 50
Upper bounds                : 5000
Linear system               : augmented
cuDSS Version               : 0.7.1
cuDSS Threading layer       : libcudss_mtlayer_gomp.so.0
Reordering time             : 0.052s
Symbolic factorization time : 0.023s
Symbolic nonzeros in factor : 2.79e+05
Elapsed time for augmented  : 0.108 seconds
Elapsed time           : 0.108 seconds
Barrier setup complete at 0.108 seconds
Adaptive regularization enabled


                  Objective                         Infeasibility        Time
Iter   Primal              Dual                Primal   Dual    Compl.   Elapsed
  0   -3.702509737108e+02 -3.710937010099e+02 3.71e+03 1.91e+00 1.19e-02 0.109
  1   -4.136273551275e+00 -3.475151614423e+02 4.01e+01 2.77e-01 6.50e-02 0.114
  2   -1.039317309374e-01 -2.487809478481e+01 4.69e-01 7.85e-03 4.78e-03 0.119
  3   -5.492858368113e-02 -6.426990422293e-01 4.69e-03 7.91e-05 1.48e-04 0.124
  4   -5.851315182356e-02 -1.366086835713e-01 6.22e-04 1.05e-05 1.74e-05 0.129
  5   -6.838223231583e-02 -1.390882897067e-01 4.75e-04 8.01e-06 3.90e-05 0.135
  6   -6.889375945969e-02 -1.392058504776e-01 4.61e-04 7.77e-06 4.13e-05 0.140
  7   -7.975791834280e-02 -1.309113998323e-01 2.43e-04 4.10e-06 1.01e-04 0.145
  8   -7.980229728687e-02 -1.306485102463e-01 2.26e-04 3.81e-06 2.65e-04 0.150
  9   -8.971816234675e-02 -1.146065053331e-01 6.32e-05 1.07e-06 2.28e-04 0.155
 10   -9.597467619431e-02 -1.029561655380e-01 1.59e-05 2.68e-07 4.93e-05 0.160
 11   -9.743912260304e-02 -1.006252772178e-01 6.14e-06 1.03e-07 1.11e-05 0.166
 12   -9.773434130254e-02 -9.994009809276e-02 2.94e-06 4.96e-08 2.50e-05 0.171
 13   -9.823232358777e-02 -9.925642941389e-02 9.33e-07 1.57e-08 9.49e-06 0.176
 14   -9.847052975251e-02 -9.892513138467e-02 3.52e-07 5.90e-09 8.06e-06 0.181
 15   -9.865602249692e-02 -9.868376464855e-02 2.08e-08 3.53e-10 3.92e-07 0.186
 16   -9.866785252581e-02 -9.866876999970e-02 6.85e-10 1.68e-11 6.06e-09 0.191
 17   -9.866820080746e-02 -9.866831873328e-02 8.61e-11 4.48e-09 6.55e-10 0.195
 18   -9.866824347280e-02 -9.866826218425e-02 1.12e-11 1.43e-09 6.03e-11 0.200
 19   -9.866825145265e-02 -9.866825230556e-02 4.84e-13 7.62e-08 6.39e-12 0.204
 20   -9.866825181744e-02 -9.866825184968e-02 2.90e-14 3.45e-07 2.45e-13 0.208
 21   -9.866825183147e-02 -9.866825183297e-02 1.39e-15 1.55e-08 1.17e-14 0.213
 22   -9.866825183211e-02 -9.866825183221e-02 1.11e-16 9.64e-10 8.84e-16 0.218


Optimal solution found in 22 iterations and 0.218s
Objective -9.86682518e-02
Primal infeasibility (abs/rel): 2.22e-16/1.11e-16
Dual infeasibility   (abs/rel): 1.06e-09/9.64e-10
Complementarity gap  (abs/rel): 9.72e-16/8.84e-16


Barrier finished in 0.22 seconds
Dual variables for problems with quadratic constraints not returned.
