cuOpt version: 26.10.0, git hash: 648f805d, host arch: x86_64, device archs: 80-real
CPU: AMD EPYC 7642 48-Core Processor, threads: 5C/5T, RAM usage: 27.76/503.74GiB
CPU SIMD target: AVX2
CUDA 12.9, device: NVIDIA A100 80GB PCIe (ID 0), VRAM: 79.44 GiB
CUDA device UUID: 68df5cf5-71f9-6a93-b428-460c080ffb10
Problem has 1 quadratic constraints. Converting to second-order cones and solving with barrier.
Handling 50 free variables directly in augmented system
Presolved problem: 5103 constraints 10102 variables 265152 nonzeros
Skipping Ruiz equilibration (row norm ratio 1.4, column norm ratio 1.4 < 5e4, Q coeff ratio 1.0 < 100)
Barrier solver started at 0.029 seconds
Barrier solver: 5103 constraints, 10102 variables, 265152 nonzeros


Second-order cones          : 1
Free variables              : 50
Upper bounds                : 5000
Linear system               : augmented
cuDSS Version               : 0.7.1
cuDSS Threading layer       : libcudss_mtlayer_gomp.so.0
Reordering time             : 0.056s
Symbolic factorization time : 0.023s
Symbolic nonzeros in factor : 2.79e+05
Elapsed time for augmented  : 0.115 seconds
Elapsed time           : 0.115 seconds
Barrier setup complete at 0.115 seconds
Adaptive regularization enabled


                  Objective                         Infeasibility        Time
Iter   Primal              Dual                Primal   Dual    Compl.   Elapsed
  0   -3.702624119443e+02 -3.710387458059e+02 3.71e+03 1.91e+00 1.19e-02 0.116
  1   -4.136636484816e+00 -3.474601645164e+02 4.01e+01 2.77e-01 6.50e-02 0.121
  2   -1.039518362250e-01 -2.487140678162e+01 4.69e-01 7.85e-03 4.78e-03 0.126
  3   -5.493965881654e-02 -6.425639186560e-01 4.69e-03 7.91e-05 1.48e-04 0.131
  4   -5.853205540329e-02 -1.359055184408e-01 6.17e-04 1.04e-05 1.72e-05 0.137
  5   -6.752262788004e-02 -1.382889562896e-01 4.87e-04 8.20e-06 3.00e-05 0.142
  6   -6.909308643531e-02 -1.385283236887e-01 4.47e-04 7.53e-06 4.23e-05 0.147
  7   -8.140921929964e-02 -1.243462474045e-01 2.48e-04 4.17e-06 7.51e-05 0.152
  8   -8.155823317754e-02 -1.241861441019e-01 2.32e-04 3.91e-06 7.37e-05 0.157
  9   -8.323126950197e-02 -1.230408470614e-01 1.85e-04 3.12e-06 2.17e-04 0.163
 10   -8.338538478385e-02 -1.218653039961e-01 1.59e-04 2.67e-06 3.59e-04 0.169
 11   -9.171618093285e-02 -1.095585688508e-01 6.76e-05 1.14e-06 1.14e-04 0.174
 12   -9.235011048013e-02 -1.081514288785e-01 5.23e-05 8.80e-07 1.34e-04 0.180
 13   -9.592592044937e-02 -1.025477579442e-01 1.90e-05 3.20e-07 6.40e-05 0.185
 14   -9.614587680840e-02 -1.018815110775e-01 1.36e-05 2.30e-07 7.67e-05 0.191
 15   -9.733930721844e-02 -1.002250479734e-01 6.13e-06 1.03e-07 3.37e-05 0.196
 16   -9.760405845905e-02 -9.973277575203e-02 3.64e-06 6.13e-08 3.20e-05 0.202
 17   -9.812132700705e-02 -9.901382750564e-02 1.31e-06 2.21e-08 1.27e-05 0.207
 18   -9.826862556008e-02 -9.878523325207e-02 5.79e-07 9.72e-09 8.12e-06 0.212
 19   -9.842352807275e-02 -9.858376974724e-02 1.54e-07 2.59e-09 2.46e-06 0.217
 20   -9.847368042761e-02 -9.851646617601e-02 2.95e-08 4.82e-10 6.70e-07 0.223
 21   -9.848854590959e-02 -9.849837584759e-02 6.39e-09 1.08e-10 1.53e-07 0.228
 22   -9.849231468889e-02 -9.849359155021e-02 5.64e-10 2.31e-11 1.53e-08 0.233
 23   -9.849280572277e-02 -9.849300663565e-02 8.87e-11 1.48e-11 2.50e-09 0.238
 24   -9.849289139824e-02 -9.849290442924e-02 5.72e-12 8.96e-10 1.61e-10 0.242
 25   -9.849289719718e-02 -9.849289749594e-02 1.17e-13 5.07e-09 3.63e-12 0.246


Optimal solution found in 25 iterations and 0.246s
Objective -9.84928972e-02
Primal infeasibility (abs/rel): 2.33e-13/1.17e-13
Dual infeasibility   (abs/rel): 5.59e-09/5.07e-09
Complementarity gap  (abs/rel): 3.99e-12/3.63e-12


Barrier finished in 0.25 seconds
Dual variables for problems with quadratic constraints not returned.
