cuOpt version: 26.10.0, git hash: 648f805d, host arch: x86_64, device archs: 80-real
CPU: AMD EPYC 7642 48-Core Processor, threads: 5C/5T, RAM usage: 27.76/503.74GiB
CPU SIMD target: AVX2
CUDA 12.9, device: NVIDIA A100 80GB PCIe (ID 0), VRAM: 79.44 GiB
CUDA device UUID: 68df5cf5-71f9-6a93-b428-460c080ffb10
Problem has 1 quadratic constraints. Converting to second-order cones and solving with barrier.
Handling 50 free variables directly in augmented system
Presolved problem: 5103 constraints 10102 variables 265152 nonzeros
Skipping Ruiz equilibration (row norm ratio 1.4, column norm ratio 1.4 < 5e4, Q coeff ratio 1.0 < 100)
Barrier solver started at 0.027 seconds
Barrier solver: 5103 constraints, 10102 variables, 265152 nonzeros


Second-order cones          : 1
Free variables              : 50
Upper bounds                : 5000
Linear system               : augmented
cuDSS Version               : 0.7.1
cuDSS Threading layer       : libcudss_mtlayer_gomp.so.0
Reordering time             : 0.052s
Symbolic factorization time : 0.023s
Symbolic nonzeros in factor : 2.79e+05
Elapsed time for augmented  : 0.109 seconds
Elapsed time           : 0.109 seconds
Barrier setup complete at 0.109 seconds
Adaptive regularization enabled


                  Objective                         Infeasibility        Time
Iter   Primal              Dual                Primal   Dual    Compl.   Elapsed
  0   -3.703446513950e+02 -3.711178663113e+02 3.71e+03 1.91e+00 1.19e-02 0.110
  1   -4.136321529131e+00 -3.475393405809e+02 4.01e+01 2.77e-01 6.50e-02 0.115
  2   -1.039556753273e-01 -2.487508093218e+01 4.69e-01 7.85e-03 4.78e-03 0.120
  3   -5.494034064074e-02 -6.427666810377e-01 4.69e-03 7.91e-05 1.48e-04 0.125
  4   -5.852904384018e-02 -1.363010696235e-01 6.20e-04 1.04e-05 1.73e-05 0.130
  5   -6.681503747005e-02 -1.385031865887e-01 5.00e-04 8.42e-06 2.76e-05 0.136
  6   -6.831090568097e-02 -1.388298863184e-01 4.63e-04 7.79e-06 3.21e-05 0.141
  7   -8.086291832562e-02 -1.256455652835e-01 2.57e-04 4.34e-06 5.93e-05 0.146
  8   -8.098453628028e-02 -1.254733655645e-01 2.43e-04 4.09e-06 7.95e-05 0.151
  9   -8.293806583702e-02 -1.241477597303e-01 1.89e-04 3.19e-06 2.37e-04 0.157
 10   -8.299331816261e-02 -1.228171215766e-01 1.62e-04 2.73e-06 4.26e-04 0.163
 11   -9.152305283781e-02 -1.100077410114e-01 7.04e-05 1.19e-06 1.35e-04 0.168
 12   -9.228020509365e-02 -1.083513007875e-01 5.24e-05 8.83e-07 1.54e-04 0.174
 13   -9.625822390615e-02 -1.020991628976e-01 1.64e-05 2.76e-07 6.56e-05 0.179
 14   -9.647512478761e-02 -1.014329562307e-01 1.13e-05 1.90e-07 7.44e-05 0.185
 15   -9.756282439873e-02 -9.995528406661e-02 5.09e-06 8.57e-08 3.26e-05 0.190
 16   -9.782676979463e-02 -9.948485829630e-02 2.85e-06 4.81e-08 2.87e-05 0.196
 17   -9.826693748833e-02 -9.888329809646e-02 9.20e-07 1.55e-08 1.03e-05 0.201
 18   -9.837580404752e-02 -9.871389041219e-02 3.75e-07 6.30e-09 5.94e-06 0.206
 19   -9.848175821194e-02 -9.857930591572e-02 9.72e-08 1.63e-09 1.69e-06 0.211
 20   -9.851228230159e-02 -9.853833780460e-02 1.82e-08 2.93e-10 4.29e-07 0.216
 21   -9.852141739312e-02 -9.852734209813e-02 3.94e-09 6.74e-11 9.72e-08 0.221
 22   -9.852365508758e-02 -9.852452274644e-02 4.15e-10 3.29e-11 1.16e-08 0.226
 23   -9.852399900259e-02 -9.852411216884e-02 5.41e-11 1.69e-10 1.55e-09 0.231
 24   -9.852404820831e-02 -9.852405335456e-02 2.44e-12 7.17e-10 7.06e-11 0.235


Optimal solution found in 24 iterations and 0.235s
Objective -9.85240482e-02
Primal infeasibility (abs/rel): 4.89e-12/2.44e-12
Dual infeasibility   (abs/rel): 7.90e-10/7.17e-10
Complementarity gap  (abs/rel): 7.75e-11/7.06e-11


Barrier finished in 0.24 seconds
Dual variables for problems with quadratic constraints not returned.
