cuOpt version: 26.10.0, git hash: 648f805d, host arch: x86_64, device archs: 80-real
CPU: AMD EPYC 7642 48-Core Processor, threads: 5C/5T, RAM usage: 27.89/503.74GiB
CPU SIMD target: AVX2
CUDA 12.9, device: NVIDIA A100 80GB PCIe (ID 0), VRAM: 79.44 GiB
CUDA device UUID: 68df5cf5-71f9-6a93-b428-460c080ffb10
Problem has 1 quadratic constraints. Converting to second-order cones and solving with barrier.
Bounded 50 free variables in presolve
26 variables with no lower bound
Transforming 50 nonzero lower bound
Presolved problem: 5103 constraints 10102 variables 265152 nonzeros
Skipping Ruiz equilibration (row norm ratio 1.4, column norm ratio 1.4 < 5e4, Q coeff ratio 1.0 < 100)
Barrier solver started at 0.031 seconds
Barrier solver: 5103 constraints, 10102 variables, 265152 nonzeros


Second-order cones          : 1
Upper bounds                : 5000
Linear system               : augmented
cuDSS Version               : 0.7.1
cuDSS Threading layer       : libcudss_mtlayer_gomp.so.0
Reordering time             : 0.054s
Symbolic factorization time : 0.023s
Symbolic nonzeros in factor : 2.79e+05
Elapsed time for augmented  : 0.115 seconds
Elapsed time           : 0.115 seconds
Barrier setup complete at 0.115 seconds
Adaptive regularization enabled


                  Objective                         Infeasibility        Time
Iter   Primal              Dual                Primal   Dual    Compl.   Elapsed
  0   -1.025923760837e+03 -1.027983191069e+03 1.34e+03 5.28e+00 3.29e-02 0.116
  1   -7.986962507653e+02 -1.216863587703e+03 1.04e+03 3.89e+00 1.06e-01 0.121
  2   -9.729242593883e+00 -1.999784388590e+03 1.25e+01 3.59e+00 1.82e+00 0.126
  3   -3.474620238500e-01 -2.777146396754e+02 3.73e-01 1.25e-01 4.41e-01 0.131
  4   -5.473508066906e-02 -6.331684587451e+00 3.75e-03 1.27e-03 5.65e-03 0.136
  5   -5.228923584070e-02 -1.986996002534e-01 8.15e-05 2.76e-05 1.23e-04 0.142
  6   -6.558718406308e-02 -1.302216528432e-01 3.20e-05 1.08e-05 4.84e-05 0.147
  7   -6.676254241968e-02 -1.312013532900e-01 3.12e-05 1.06e-05 4.72e-05 0.152
  8   -6.682690321290e-02 -1.312514820022e-01 3.10e-05 1.05e-05 4.71e-05 0.156
  9   -6.856044021992e-02 -1.316014157898e-01 2.95e-05 9.99e-06 4.48e-05 0.161
 10   -6.878861983837e-02 -1.317372349637e-01 2.89e-05 9.81e-06 4.80e-05 0.166
 11   -6.966963141785e-02 -1.322251584255e-01 2.74e-05 9.29e-06 1.52e-04 0.171
 12   -7.454743127210e-02 -1.310426697730e-01 2.12e-05 7.19e-06 3.10e-04 0.176
 13   -8.812722051339e-02 -1.154390697744e-01 8.02e-06 2.72e-06 1.07e-04 0.181
 14   -9.105538857309e-02 -1.105762682740e-01 4.79e-06 1.62e-06 9.15e-05 0.185
 15   -9.561997526793e-02 -1.031606328988e-01 1.52e-06 5.14e-07 8.03e-05 0.190
 16   -9.675047251814e-02 -1.013188580545e-01 8.21e-07 2.78e-07 5.53e-05 0.195
 17   -9.807718741620e-02 -9.928405729067e-02 1.98e-07 6.70e-08 8.43e-06 0.200
 18   -9.845076427894e-02 -9.872072338501e-02 3.57e-08 1.21e-08 1.38e-06 0.205
 19   -9.854977899796e-02 -9.858235231322e-02 3.61e-09 1.23e-09 5.83e-08 0.209
 20   -9.856056129290e-02 -9.856776527552e-02 6.77e-10 2.27e-10 1.29e-08 0.214
 21   -9.856326590030e-02 -9.856427299175e-02 7.82e-11 2.99e-11 1.64e-09 0.219
 22   -9.856366475235e-02 -9.856376868669e-02 7.26e-12 1.43e-09 2.30e-10 0.224
 23   -9.856370952661e-02 -9.856371326074e-02 2.58e-13 6.10e-08 9.63e-12 0.228
 24   -9.856371114364e-02 -9.856371127359e-02 8.98e-15 2.13e-09 3.60e-13 0.233


Optimal solution found in 24 iterations and 0.233s
Objective -9.85637111e-02
Primal infeasibility (abs/rel): 1.38e-13/8.98e-15
Dual infeasibility   (abs/rel): 2.34e-09/2.13e-09
Complementarity gap  (abs/rel): 3.96e-13/3.60e-13


Barrier finished in 0.24 seconds
Dual variables for problems with quadratic constraints not returned.
