cuOpt version: 26.10.0, git hash: 648f805d, host arch: x86_64, device archs: 80-real
CPU: AMD EPYC 7642 48-Core Processor, threads: 5C/5T, RAM usage: 27.74/503.74GiB
CPU SIMD target: AVX2
CUDA 12.9, device: NVIDIA A100 80GB PCIe (ID 0), VRAM: 79.44 GiB
CUDA device UUID: 68df5cf5-71f9-6a93-b428-460c080ffb10
Problem has 1 quadratic constraints. Converting to second-order cones and solving with barrier.
Bounded 50 free variables in presolve
26 variables with no lower bound
Transforming 50 nonzero lower bound
Presolved problem: 5103 constraints 10102 variables 265152 nonzeros
Skipping Ruiz equilibration (row norm ratio 1.4, column norm ratio 1.4 < 5e4, Q coeff ratio 1.0 < 100)
Barrier solver started at 0.029 seconds
Barrier solver: 5103 constraints, 10102 variables, 265152 nonzeros


Second-order cones          : 1
Upper bounds                : 5000
Linear system               : augmented
cuDSS Version               : 0.7.1
cuDSS Threading layer       : libcudss_mtlayer_gomp.so.0
Reordering time             : 0.053s
Symbolic factorization time : 0.024s
Symbolic nonzeros in factor : 2.79e+05
Elapsed time for augmented  : 0.113 seconds
Elapsed time           : 0.113 seconds
Barrier setup complete at 0.113 seconds
Adaptive regularization enabled


                  Objective                         Infeasibility        Time
Iter   Primal              Dual                Primal   Dual    Compl.   Elapsed
  0   -1.025711997544e+03 -1.028046618012e+03 1.34e+03 5.28e+00 3.29e-02 0.113
  1   -7.984995011813e+02 -1.216913057348e+03 1.04e+03 3.89e+00 1.06e-01 0.119
  2   -9.728151786868e+00 -1.999558236551e+03 1.25e+01 3.59e+00 1.82e+00 0.125
  3   -3.464491691743e-01 -2.776149134193e+02 3.72e-01 1.25e-01 4.39e-01 0.130
  4   -5.471221577662e-02 -6.327113396468e+00 3.74e-03 1.27e-03 5.63e-03 0.134
  5   -5.227627277579e-02 -1.994571298510e-01 8.18e-05 2.77e-05 1.24e-04 0.140
  6   -6.540222569923e-02 -1.309745350502e-01 3.24e-05 1.10e-05 4.90e-05 0.145
  7   -6.640392859432e-02 -1.317860861244e-01 3.16e-05 1.07e-05 4.79e-05 0.150
  8   -6.645760147198e-02 -1.318295859619e-01 3.15e-05 1.07e-05 4.77e-05 0.155
  9   -6.928189864780e-02 -1.322438324546e-01 2.89e-05 9.79e-06 4.75e-05 0.160
 10   -6.944114241672e-02 -1.323249316151e-01 2.83e-05 9.59e-06 6.69e-05 0.164
 11   -7.582891261086e-02 -1.320768489809e-01 2.04e-05 6.92e-06 1.02e-04 0.169
 12   -7.847713751356e-02 -1.300713745246e-01 1.55e-05 5.25e-06 2.12e-04 0.174
 13   -8.845660144790e-02 -1.156750603145e-01 6.92e-06 2.35e-06 1.17e-04 0.181
 14   -9.053345684909e-02 -1.119515078415e-01 4.56e-06 1.55e-06 1.55e-04 0.186
 15   -9.509707344885e-02 -1.044887500299e-01 1.75e-06 5.95e-07 7.91e-05 0.191
 16   -9.552690062173e-02 -1.034743583473e-01 1.27e-06 4.32e-07 9.25e-05 0.197
 17   -9.712006939408e-02 -1.011421260577e-01 6.04e-07 2.05e-07 4.17e-05 0.202
 18   -9.733583362913e-02 -1.006394275933e-01 4.11e-07 1.39e-07 4.39e-05 0.207
 19   -9.806629665900e-02 -9.956484457224e-02 1.62e-07 5.50e-08 1.86e-05 0.212
 20   -9.822641563169e-02 -9.927746583394e-02 9.00e-08 3.05e-08 1.54e-05 0.218
 21   -9.851175463579e-02 -9.888248629471e-02 2.63e-08 8.94e-09 5.24e-06 0.223
 22   -9.859617555328e-02 -9.876081249372e-02 8.93e-09 3.00e-09 2.62e-06 0.228
 23   -9.864672589057e-02 -9.869626508011e-02 2.41e-09 8.13e-10 7.55e-07 0.232
 24   -9.866443656648e-02 -9.867284629062e-02 2.46e-10 7.51e-11 1.14e-07 0.237
 25   -9.866751711160e-02 -9.866915838747e-02 4.65e-11 1.86e-11 2.18e-08 0.242
 26   -9.866820039483e-02 -9.866831073407e-02 1.49e-12 2.92e-11 7.12e-10 0.247
 27   -9.866824367778e-02 -9.866826121369e-02 2.36e-13 1.37e-10 1.23e-10 0.252
 28   -9.866825135830e-02 -9.866825238193e-02 1.37e-14 4.81e-10 7.23e-12 0.257


Optimal solution found in 28 iterations and 0.257s
Objective -9.86682514e-02
Primal infeasibility (abs/rel): 2.11e-13/1.37e-14
Dual infeasibility   (abs/rel): 5.30e-10/4.81e-10
Complementarity gap  (abs/rel): 7.94e-12/7.23e-12


Barrier finished in 0.26 seconds
Dual variables for problems with quadratic constraints not returned.
