cuOpt version: 26.10.0, git hash: 648f805d, host arch: x86_64, device archs: 80-real
CPU: AMD EPYC 7642 48-Core Processor, threads: 5C/5T, RAM usage: 27.69/503.74GiB
CPU SIMD target: AVX2
CUDA 12.9, device: NVIDIA A100 80GB PCIe (ID 0), VRAM: 79.44 GiB
CUDA device UUID: 68df5cf5-71f9-6a93-b428-460c080ffb10
Problem has 1 quadratic constraints. Converting to second-order cones and solving with barrier.
Bounded 50 free variables in presolve
26 variables with no lower bound
Transforming 50 nonzero lower bound
Presolved problem: 5103 constraints 10102 variables 265152 nonzeros
Skipping Ruiz equilibration (row norm ratio 1.4, column norm ratio 1.4 < 5e4, Q coeff ratio 1.0 < 100)
Barrier solver started at 0.029 seconds
Barrier solver: 5103 constraints, 10102 variables, 265152 nonzeros


Second-order cones          : 1
Upper bounds                : 5000
Linear system               : augmented
cuDSS Version               : 0.7.1
cuDSS Threading layer       : libcudss_mtlayer_gomp.so.0
Reordering time             : 0.079s
Symbolic factorization time : 0.023s
Symbolic nonzeros in factor : 2.79e+05
Elapsed time for augmented  : 0.138 seconds
Elapsed time           : 0.138 seconds
Barrier setup complete at 0.138 seconds
Adaptive regularization enabled


                  Objective                         Infeasibility        Time
Iter   Primal              Dual                Primal   Dual    Compl.   Elapsed
  0   -1.026207009123e+03 -1.028103925865e+03 1.34e+03 5.28e+00 3.29e-02 0.139
  1   -7.988608003115e+02 -1.216957209264e+03 1.04e+03 3.89e+00 1.06e-01 0.144
  2   -9.733175407268e+00 -1.999373563067e+03 1.25e+01 3.58e+00 1.82e+00 0.149
  3   -3.458549397974e-01 -2.775081296518e+02 3.71e-01 1.25e-01 4.38e-01 0.154
  4   -5.473201877363e-02 -6.323012488877e+00 3.73e-03 1.26e-03 5.61e-03 0.159
  5   -5.230283511777e-02 -1.986992430709e-01 8.12e-05 2.75e-05 1.23e-04 0.165
  6   -6.557276912633e-02 -1.305878280987e-01 3.21e-05 1.09e-05 4.85e-05 0.170
  7   -6.667547190093e-02 -1.315044884323e-01 3.13e-05 1.06e-05 4.74e-05 0.175
  8   -6.681266512819e-02 -1.316063567904e-01 3.11e-05 1.05e-05 4.71e-05 0.180
  9   -6.938283041727e-02 -1.318390402458e-01 2.88e-05 9.75e-06 4.84e-05 0.184
 10   -6.982555252441e-02 -1.320742584683e-01 2.78e-05 9.44e-06 5.46e-05 0.189
 11   -7.641636707350e-02 -1.317918104769e-01 1.97e-05 6.67e-06 1.30e-04 0.194
 12   -7.875866097631e-02 -1.298746412316e-01 1.51e-05 5.12e-06 3.00e-04 0.199
 13   -8.280498744023e-02 -1.267323276569e-01 1.00e-05 3.39e-06 4.68e-04 0.204
 14   -8.624431702194e-02 -1.214733293432e-01 7.40e-06 2.51e-06 3.48e-04 0.209
 15   -8.562866448247e-02 -1.203125307432e-01 6.62e-06 2.25e-06 6.02e-04 0.215
 16   -9.451044440843e-02 -1.064175811757e-01 1.35e-06 4.57e-07 1.37e-04 0.220
 17   -9.495113560132e-02 -1.050778463387e-01 9.59e-07 3.25e-07 1.39e-04 0.225
 18   -9.715056489256e-02 -1.016135918216e-01 3.77e-07 1.28e-07 5.17e-05 0.230
 19   -9.736767486640e-02 -1.010225962595e-01 2.50e-07 8.47e-08 5.08e-05 0.236
 20   -9.821001433357e-02 -9.976903177266e-02 9.63e-08 3.27e-08 2.02e-05 0.241
 21   -9.838377614386e-02 -9.944362762263e-02 5.13e-08 1.74e-08 1.61e-05 0.246
 22   -9.866517678851e-02 -9.904746834334e-02 1.61e-08 5.45e-09 5.52e-06 0.251
 23   -9.874641886907e-02 -9.892400547627e-02 5.44e-09 1.82e-09 2.67e-06 0.256
 24   -9.880145816202e-02 -9.885283373858e-02 1.42e-09 4.77e-10 7.51e-07 0.260
 25   -9.881898026506e-02 -9.882933190776e-02 1.88e-10 4.26e-11 1.35e-07 0.265
 26   -9.882276158305e-02 -9.882475354958e-02 3.50e-11 1.14e-11 2.62e-08 0.270
 27   -9.882354118068e-02 -9.882377460037e-02 3.03e-12 9.38e-11 2.44e-09 0.275
 28   -9.882363382675e-02 -9.882366316693e-02 3.80e-13 4.57e-11 3.10e-10 0.280
 29   -9.882364677139e-02 -9.882364759441e-02 1.62e-14 2.43e-09 8.61e-12 0.284


Optimal solution found in 29 iterations and 0.284s
Objective -9.88236468e-02
Primal infeasibility (abs/rel): 2.48e-13/1.62e-14
Dual infeasibility   (abs/rel): 2.68e-09/2.43e-09
Complementarity gap  (abs/rel): 9.47e-12/8.61e-12


Barrier finished in 0.29 seconds
Dual variables for problems with quadratic constraints not returned.
