cuOpt version: 26.10.0, git hash: 648f805d, host arch: x86_64, device archs: 80-real
CPU: AMD EPYC 7642 48-Core Processor, threads: 5C/5T, RAM usage: 27.68/503.74GiB
CPU SIMD target: AVX2
CUDA 12.9, device: NVIDIA A100 80GB PCIe (ID 0), VRAM: 79.44 GiB
CUDA device UUID: 68df5cf5-71f9-6a93-b428-460c080ffb10
Problem has 1 quadratic constraints. Converting to second-order cones and solving with barrier.
Bounded 50 free variables in presolve
26 variables with no lower bound
Transforming 50 nonzero lower bound
Presolved problem: 5103 constraints 10102 variables 265152 nonzeros
Skipping Ruiz equilibration (row norm ratio 1.4, column norm ratio 1.4 < 5e4, Q coeff ratio 1.0 < 100)
Barrier solver started at 0.031 seconds
Barrier solver: 5103 constraints, 10102 variables, 265152 nonzeros


Second-order cones          : 1
Upper bounds                : 5000
Linear system               : augmented
cuDSS Version               : 0.7.1
cuDSS Threading layer       : libcudss_mtlayer_gomp.so.0
Reordering time             : 0.056s
Symbolic factorization time : 0.023s
Symbolic nonzeros in factor : 2.79e+05
Elapsed time for augmented  : 0.117 seconds
Elapsed time           : 0.117 seconds
Barrier setup complete at 0.117 seconds
Adaptive regularization enabled


                  Objective                         Infeasibility        Time
Iter   Primal              Dual                Primal   Dual    Compl.   Elapsed
  0   -1.026260733816e+03 -1.028059060240e+03 1.34e+03 5.28e+00 3.29e-02 0.118
  1   -7.989204580079e+02 -1.216922783506e+03 1.04e+03 3.89e+00 1.06e-01 0.123
  2   -9.733154845608e+00 -1.999517318221e+03 1.25e+01 3.59e+00 1.82e+00 0.128
  3   -3.462942386499e-01 -2.775536439408e+02 3.71e-01 1.25e-01 4.39e-01 0.133
  4   -5.473988842169e-02 -6.325082815719e+00 3.73e-03 1.27e-03 5.62e-03 0.138
  5   -5.230624519042e-02 -1.990076662590e-01 8.14e-05 2.76e-05 1.23e-04 0.144
  6   -6.561680688560e-02 -1.300384238412e-01 3.18e-05 1.08e-05 4.81e-05 0.149
  7   -6.660469362208e-02 -1.308623131440e-01 3.12e-05 1.06e-05 4.72e-05 0.153
  8   -6.692769291773e-02 -1.310825346241e-01 3.07e-05 1.04e-05 4.66e-05 0.161
  9   -7.085509926198e-02 -1.316621488947e-01 2.70e-05 9.15e-06 6.32e-05 0.166
 10   -7.178943884582e-02 -1.319018975471e-01 2.50e-05 8.49e-06 1.11e-04 0.171
 11   -8.035909426593e-02 -1.269428065341e-01 1.55e-05 5.24e-06 1.35e-04 0.176
 12   -8.152766086415e-02 -1.249879129147e-01 1.25e-05 4.24e-06 2.90e-04 0.181
 13   -8.995120087890e-02 -1.126508822334e-01 5.42e-06 1.84e-06 1.44e-04 0.186
 14   -9.106309285940e-02 -1.104667293858e-01 4.01e-06 1.36e-06 1.62e-04 0.191
 15   -9.576518156774e-02 -1.029413542730e-01 1.33e-06 4.50e-07 6.98e-05 0.196
 16   -9.642764781259e-02 -1.014206395132e-01 6.72e-07 2.28e-07 6.91e-05 0.201
 17   -9.767884477009e-02 -9.967622808617e-02 2.47e-07 8.37e-08 2.18e-05 0.206
 18   -9.793773653005e-02 -9.919966749260e-02 1.10e-07 3.73e-08 1.77e-05 0.210
 19   -9.830386712229e-02 -9.871091496080e-02 3.33e-08 1.13e-08 5.61e-06 0.215
 20   -9.838909646280e-02 -9.858234882672e-02 1.10e-08 3.71e-09 2.51e-06 0.220
 21   -9.845252780896e-02 -9.850228453569e-02 2.66e-09 9.00e-10 6.42e-07 0.225
 22   -9.846935082508e-02 -9.847995589269e-02 3.40e-10 1.05e-10 1.07e-07 0.230
 23   -9.847337027274e-02 -9.847516221099e-02 5.61e-11 2.02e-11 1.84e-08 0.235
 24   -9.847408927084e-02 -9.847427693193e-02 3.92e-12 3.62e-11 1.38e-09 0.240
 25   -9.847416565577e-02 -9.847418729897e-02 4.52e-13 9.23e-11 1.62e-10 0.244
 26   -9.847417432770e-02 -9.847417713589e-02 5.71e-14 1.17e-08 2.15e-11 0.248
 27   -9.847417555563e-02 -9.847417569403e-02 3.55e-15 1.47e-07 1.04e-12 0.252
 28   -9.847417561743e-02 -9.847417562087e-02 3.47e-16 3.65e-09 2.48e-14 0.257


Optimal solution found in 28 iterations and 0.257s
Objective -9.84741756e-02
Primal infeasibility (abs/rel): 5.33e-15/3.47e-16
Dual infeasibility   (abs/rel): 4.02e-09/3.65e-09
Complementarity gap  (abs/rel): 2.72e-14/2.48e-14


Barrier finished in 0.26 seconds
Dual variables for problems with quadratic constraints not returned.
