cuOpt version: 26.10.0, git hash: 648f805d, host arch: x86_64, device archs: 80-real
CPU: AMD EPYC 7642 48-Core Processor, threads: 5C/5T, RAM usage: 27.71/503.74GiB
CPU SIMD target: AVX2
CUDA 12.9, device: NVIDIA A100 80GB PCIe (ID 0), VRAM: 79.44 GiB
CUDA device UUID: 68df5cf5-71f9-6a93-b428-460c080ffb10
Problem has 1 quadratic constraints. Converting to second-order cones and solving with barrier.
Bounded 50 free variables in presolve
26 variables with no lower bound
Transforming 50 nonzero lower bound
Presolved problem: 5103 constraints 10102 variables 265152 nonzeros
Skipping Ruiz equilibration (row norm ratio 1.4, column norm ratio 1.4 < 5e4, Q coeff ratio 1.0 < 100)
Barrier solver started at 0.030 seconds
Barrier solver: 5103 constraints, 10102 variables, 265152 nonzeros


Second-order cones          : 1
Upper bounds                : 5000
Linear system               : augmented
cuDSS Version               : 0.7.1
cuDSS Threading layer       : libcudss_mtlayer_gomp.so.0
Reordering time             : 0.081s
Symbolic factorization time : 0.023s
Symbolic nonzeros in factor : 2.79e+05
Elapsed time for augmented  : 0.141 seconds
Elapsed time           : 0.141 seconds
Barrier setup complete at 0.141 seconds
Adaptive regularization enabled


                  Objective                         Infeasibility        Time
Iter   Primal              Dual                Primal   Dual    Compl.   Elapsed
  0   -1.026219064027e+03 -1.028052818899e+03 1.34e+03 5.28e+00 3.29e-02 0.142
  1   -7.988933749966e+02 -1.216917662173e+03 1.04e+03 3.89e+00 1.06e-01 0.147
  2   -9.732544472428e+00 -1.999548208275e+03 1.25e+01 3.59e+00 1.82e+00 0.152
  3   -3.464491822107e-01 -2.775635530543e+02 3.72e-01 1.25e-01 4.39e-01 0.157
  4   -5.474119019420e-02 -6.325751903394e+00 3.73e-03 1.27e-03 5.62e-03 0.161
  5   -5.230600218161e-02 -1.977936896600e-01 8.08e-05 2.74e-05 1.22e-04 0.167
  6   -6.569956261061e-02 -1.301571794211e-01 3.18e-05 1.08e-05 4.81e-05 0.172
  7   -6.663415120545e-02 -1.309219894504e-01 3.11e-05 1.06e-05 4.72e-05 0.177
  8   -6.697230466589e-02 -1.311549431966e-01 3.07e-05 1.04e-05 4.66e-05 0.182
  9   -7.020875908657e-02 -1.314354372693e-01 2.78e-05 9.42e-06 4.96e-05 0.186
 10   -7.068044685854e-02 -1.316267699443e-01 2.68e-05 9.09e-06 5.12e-05 0.191
 11   -7.796688700641e-02 -1.275012218836e-01 1.93e-05 6.56e-06 1.03e-04 0.196
 12   -7.827257171416e-02 -1.271412181936e-01 1.80e-05 6.10e-06 1.25e-04 0.201
 13   -8.580272598969e-02 -1.178740997347e-01 1.08e-05 3.67e-06 1.02e-04 0.206
 14   -8.633954338212e-02 -1.168121676169e-01 9.17e-06 3.11e-06 1.78e-04 0.212
 15   -9.313511769122e-02 -1.069857001561e-01 3.57e-06 1.21e-06 1.22e-04 0.216
 16   -9.390155977643e-02 -1.053707082631e-01 2.45e-06 8.30e-07 1.44e-04 0.222
 17   -9.688606605318e-02 -1.011561785472e-01 8.24e-07 2.80e-07 4.82e-05 0.227
 18   -9.717422275400e-02 -1.005155330942e-01 5.04e-07 1.71e-07 4.89e-05 0.233
 19   -9.794305369195e-02 -9.944709740333e-02 2.10e-07 7.11e-08 2.03e-05 0.237
 20   -9.814295854799e-02 -9.910633256087e-02 1.01e-07 3.43e-08 1.41e-05 0.242
 21   -9.842570148068e-02 -9.872592025643e-02 2.70e-08 9.16e-09 4.45e-06 0.247
 22   -9.850678359210e-02 -9.861187160809e-02 6.79e-09 2.28e-09 1.60e-06 0.252
 23   -9.854165515651e-02 -9.856835250284e-02 1.61e-09 5.45e-10 4.01e-07 0.257
 24   -9.855177562093e-02 -9.855516131979e-02 1.10e-10 3.08e-11 3.65e-08 0.261
 25   -9.855313316159e-02 -9.855356214601e-02 1.37e-11 7.97e-12 4.72e-09 0.266
 26   -9.855331752467e-02 -9.855333810626e-02 3.98e-13 2.02e-10 1.27e-10 0.271
 27   -9.855332566694e-02 -9.855332875019e-02 5.96e-14 2.01e-10 2.14e-11 0.276


Optimal solution found in 27 iterations and 0.276s
Objective -9.85533257e-02
Primal infeasibility (abs/rel): 9.15e-13/5.96e-14
Dual infeasibility   (abs/rel): 2.21e-10/2.01e-10
Complementarity gap  (abs/rel): 2.35e-11/2.14e-11


Barrier finished in 0.28 seconds
Dual variables for problems with quadratic constraints not returned.
