cuOpt version: 26.10.0, git hash: 648f805d, host arch: x86_64, device archs: 80-real
CPU: AMD EPYC 7642 48-Core Processor, threads: 5C/5T, RAM usage: 27.82/503.74GiB
CPU SIMD target: AVX2
CUDA 12.9, device: NVIDIA A100 80GB PCIe (ID 0), VRAM: 79.44 GiB
CUDA device UUID: 68df5cf5-71f9-6a93-b428-460c080ffb10
Problem has 1 quadratic constraints. Converting to second-order cones and solving with barrier.
Bounded 50 free variables in presolve
26 variables with no lower bound
Transforming 50 nonzero lower bound
Presolved problem: 5103 constraints 10102 variables 265152 nonzeros
Skipping Ruiz equilibration (row norm ratio 1.4, column norm ratio 1.4 < 5e4, Q coeff ratio 1.0 < 100)
Barrier solver started at 0.030 seconds
Barrier solver: 5103 constraints, 10102 variables, 265152 nonzeros


Second-order cones          : 1
Upper bounds                : 5000
Linear system               : augmented
cuDSS Version               : 0.7.1
cuDSS Threading layer       : libcudss_mtlayer_gomp.so.0
Reordering time             : 0.056s
Symbolic factorization time : 0.024s
Symbolic nonzeros in factor : 2.79e+05
Elapsed time for augmented  : 0.116 seconds
Elapsed time           : 0.116 seconds
Barrier setup complete at 0.116 seconds
Adaptive regularization enabled


                  Objective                         Infeasibility        Time
Iter   Primal              Dual                Primal   Dual    Compl.   Elapsed
  0   -1.026255754476e+03 -1.028123392682e+03 1.34e+03 5.28e+00 3.29e-02 0.117
  1   -7.988891366240e+02 -1.216972376034e+03 1.04e+03 3.89e+00 1.06e-01 0.123
  2   -9.733777203305e+00 -1.999306298756e+03 1.25e+01 3.58e+00 1.82e+00 0.128
  3   -3.455265619008e-01 -2.774602066761e+02 3.70e-01 1.25e-01 4.38e-01 0.132
  4   -5.473198952224e-02 -6.321130112239e+00 3.72e-03 1.26e-03 5.60e-03 0.137
  5   -5.230673586117e-02 -1.993027491132e-01 8.15e-05 2.76e-05 1.23e-04 0.143
  6   -6.545395856212e-02 -1.311807032367e-01 3.24e-05 1.10e-05 4.90e-05 0.148
  7   -6.632886956253e-02 -1.319236939461e-01 3.18e-05 1.08e-05 4.81e-05 0.153
  8   -6.641835763657e-02 -1.319937447014e-01 3.16e-05 1.07e-05 4.79e-05 0.158
  9   -6.906142360444e-02 -1.324084573149e-01 2.92e-05 9.92e-06 6.08e-05 0.162
 10   -6.940840037489e-02 -1.326078362960e-01 2.85e-05 9.66e-06 6.43e-05 0.167
 11   -7.521071927231e-02 -1.325530900058e-01 2.12e-05 7.19e-06 1.36e-04 0.172
 12   -7.745858398179e-02 -1.309568978229e-01 1.71e-05 5.79e-06 2.87e-04 0.177
 13   -8.470747821571e-02 -1.240357421169e-01 8.38e-06 2.84e-06 5.32e-04 0.182
 14   -8.721706286360e-02 -1.197583040233e-01 5.44e-06 1.84e-06 3.54e-04 0.187
 15   -8.803987482826e-02 -1.171416520861e-01 4.06e-06 1.38e-06 4.07e-04 0.193
 16   -9.277170377921e-02 -1.089887938658e-01 2.06e-06 6.98e-07 1.97e-04 0.198
 17   -9.358196608353e-02 -1.073092833467e-01 1.57e-06 5.32e-07 1.95e-04 0.204
 18   -9.638105778735e-02 -1.026489827863e-01 6.16e-07 2.09e-07 7.80e-05 0.209
 19   -9.667052124116e-02 -1.018568252026e-01 4.20e-07 1.42e-07 7.68e-05 0.215
 20   -9.780048313797e-02 -1.001210216053e-01 1.61e-07 5.47e-08 3.08e-05 0.219
 21   -9.808712551064e-02 -9.959794025256e-02 8.34e-08 2.83e-08 2.52e-05 0.225
 22   -9.847411142477e-02 -9.904053789173e-02 2.61e-08 8.84e-09 8.92e-06 0.230
 23   -9.859704280033e-02 -9.885288257287e-02 8.80e-09 2.96e-09 4.38e-06 0.235
 24   -9.867667488090e-02 -9.874905752194e-02 2.22e-09 7.51e-10 1.22e-06 0.240
 25   -9.870209409995e-02 -9.871459377290e-02 2.57e-10 8.31e-11 1.98e-07 0.245
 26   -9.870671755199e-02 -9.870895239322e-02 4.45e-11 1.75e-11 3.60e-08 0.249
 27   -9.870756710351e-02 -9.870786683798e-02 4.69e-12 9.28e-12 3.96e-09 0.254
 28   -9.870769472032e-02 -9.870771026852e-02 2.43e-13 8.06e-11 2.00e-10 0.259
 29   -9.870770131510e-02 -9.870770222237e-02 2.91e-14 8.07e-08 1.05e-11 0.263
 30   -9.870770171909e-02 -9.870770175346e-02 7.52e-16 2.07e-09 2.15e-13 0.268


Optimal solution found in 30 iterations and 0.268s
Objective -9.87077017e-02
Primal infeasibility (abs/rel): 1.15e-14/7.52e-16
Dual infeasibility   (abs/rel): 2.28e-09/2.07e-09
Complementarity gap  (abs/rel): 2.36e-13/2.15e-13


Barrier finished in 0.27 seconds
Dual variables for problems with quadratic constraints not returned.
