cuOpt version: 26.10.0, git hash: 648f805d, host arch: x86_64, device archs: 80-real
CPU: AMD EPYC 7642 48-Core Processor, threads: 5C/5T, RAM usage: 27.72/503.74GiB
CPU SIMD target: AVX2
CUDA 12.9, device: NVIDIA A100 80GB PCIe (ID 0), VRAM: 79.44 GiB
CUDA device UUID: 68df5cf5-71f9-6a93-b428-460c080ffb10
Problem has 1 quadratic constraints. Converting to second-order cones and solving with barrier.
Bounded 50 free variables in presolve
26 variables with no lower bound
Transforming 50 nonzero lower bound
Presolved problem: 5103 constraints 10102 variables 265152 nonzeros
Skipping Ruiz equilibration (row norm ratio 1.4, column norm ratio 1.4 < 5e4, Q coeff ratio 1.0 < 100)
Barrier solver started at 0.031 seconds
Barrier solver: 5103 constraints, 10102 variables, 265152 nonzeros


Second-order cones          : 1
Upper bounds                : 5000
Linear system               : augmented
cuDSS Version               : 0.7.1
cuDSS Threading layer       : libcudss_mtlayer_gomp.so.0
Reordering time             : 0.053s
Symbolic factorization time : 0.023s
Symbolic nonzeros in factor : 2.79e+05
Elapsed time for augmented  : 0.114 seconds
Elapsed time           : 0.114 seconds
Barrier setup complete at 0.114 seconds
Adaptive regularization enabled


                  Objective                         Infeasibility        Time
Iter   Primal              Dual                Primal   Dual    Compl.   Elapsed
  0   -1.025940973976e+03 -1.027948856450e+03 1.34e+03 5.28e+00 3.29e-02 0.115
  1   -7.987239835307e+02 -1.216837150903e+03 1.04e+03 3.89e+00 1.06e-01 0.120
  2   -9.728974464677e+00 -1.999896964234e+03 1.25e+01 3.59e+00 1.83e+00 0.126
  3   -3.478147498605e-01 -2.777518561703e+02 3.73e-01 1.26e-01 4.41e-01 0.131
  4   -5.473964836464e-02 -6.333384317164e+00 3.75e-03 1.27e-03 5.66e-03 0.135
  5   -5.229018378130e-02 -1.993089952345e-01 8.19e-05 2.78e-05 1.24e-04 0.141
  6   -6.558015232883e-02 -1.299641527406e-01 3.19e-05 1.08e-05 4.82e-05 0.146
  7   -6.657180355838e-02 -1.307655088668e-01 3.12e-05 1.06e-05 4.73e-05 0.151
  8   -6.701905590822e-02 -1.310614041610e-01 3.06e-05 1.04e-05 4.64e-05 0.156
  9   -7.150832717297e-02 -1.315559836308e-01 2.62e-05 8.88e-06 9.01e-05 0.161
 10   -7.256048572215e-02 -1.317563110338e-01 2.41e-05 8.18e-06 9.83e-05 0.165
 11   -8.220335168891e-02 -1.239378655366e-01 1.43e-05 4.85e-06 1.49e-04 0.170
 12   -8.240087459642e-02 -1.231761028787e-01 1.30e-05 4.40e-06 1.75e-04 0.176
 13   -8.912996952206e-02 -1.134754249661e-01 7.00e-06 2.37e-06 1.04e-04 0.181
 14   -8.968802727878e-02 -1.123162248854e-01 5.79e-06 1.96e-06 1.34e-04 0.186
 15   -9.517697236710e-02 -1.037963050540e-01 1.87e-06 6.35e-07 7.21e-05 0.191
 16   -9.562008118121e-02 -1.026012579903e-01 1.16e-06 3.95e-07 9.23e-05 0.196
 17   -9.733433593108e-02 -1.002038380577e-01 3.91e-07 1.33e-07 2.87e-05 0.201
 18   -9.763337130512e-02 -9.966313452707e-02 2.16e-07 7.31e-08 2.78e-05 0.206
 19   -9.816696918812e-02 -9.894146736547e-02 7.64e-08 2.59e-08 1.00e-05 0.211
 20   -9.827963702148e-02 -9.875919976660e-02 3.43e-08 1.16e-08 6.27e-06 0.216
 21   -9.842511290426e-02 -9.857143057404e-02 9.40e-09 3.18e-09 1.88e-06 0.221
 22   -9.846785818003e-02 -9.851365054304e-02 2.00e-09 6.70e-10 5.61e-07 0.226
 23   -9.848346207025e-02 -9.849466215926e-02 4.62e-10 1.58e-10 1.34e-07 0.230
 24   -9.848779587492e-02 -9.848919643299e-02 3.04e-11 5.06e-12 1.07e-08 0.235
 25   -9.848836905861e-02 -9.848853304724e-02 3.54e-12 8.57e-12 1.29e-09 0.240
 26   -9.848843959526e-02 -9.848844987214e-02 2.04e-13 2.12e-10 7.34e-11 0.245
 27   -9.848844407344e-02 -9.848844461686e-02 8.36e-15 1.19e-08 3.74e-12 0.249
 28   -9.848844430595e-02 -9.848844434505e-02 5.93e-16 8.55e-10 2.57e-13 0.254


Optimal solution found in 28 iterations and 0.254s
Objective -9.84884443e-02
Primal infeasibility (abs/rel): 9.10e-15/5.93e-16
Dual infeasibility   (abs/rel): 9.42e-10/8.55e-10
Complementarity gap  (abs/rel): 2.82e-13/2.57e-13


Barrier finished in 0.26 seconds
Dual variables for problems with quadratic constraints not returned.
