cuOpt version: 26.10.0, git hash: 648f805d, host arch: x86_64, device archs: 80-real
CPU: AMD EPYC 7642 48-Core Processor, threads: 5C/5T, RAM usage: 27.77/503.74GiB
CPU SIMD target: AVX2
CUDA 12.9, device: NVIDIA A100 80GB PCIe (ID 0), VRAM: 79.44 GiB
CUDA device UUID: 68df5cf5-71f9-6a93-b428-460c080ffb10
Problem has 1 quadratic constraints. Converting to second-order cones and solving with barrier.
Bounded 50 free variables in presolve
26 variables with no lower bound
Transforming 50 nonzero lower bound
Presolved problem: 5103 constraints 10102 variables 265152 nonzeros
Skipping Ruiz equilibration (row norm ratio 1.4, column norm ratio 1.4 < 5e4, Q coeff ratio 1.0 < 100)
Barrier solver started at 0.026 seconds
Barrier solver: 5103 constraints, 10102 variables, 265152 nonzeros


Second-order cones          : 1
Upper bounds                : 5000
Linear system               : augmented
cuDSS Version               : 0.7.1
cuDSS Threading layer       : libcudss_mtlayer_gomp.so.0
Reordering time             : 0.057s
Symbolic factorization time : 0.023s
Symbolic nonzeros in factor : 2.79e+05
Elapsed time for augmented  : 0.114 seconds
Elapsed time           : 0.114 seconds
Barrier setup complete at 0.114 seconds
Adaptive regularization enabled


                  Objective                         Infeasibility        Time
Iter   Primal              Dual                Primal   Dual    Compl.   Elapsed
  0   -1.025947872594e+03 -1.028078596600e+03 1.34e+03 5.28e+00 3.29e-02 0.114
  1   -7.986700422568e+02 -1.216937651090e+03 1.04e+03 3.89e+00 1.06e-01 0.119
  2   -9.730547565839e+00 -1.999456484764e+03 1.25e+01 3.59e+00 1.82e+00 0.125
  3   -3.461106087481e-01 -2.775548461161e+02 3.71e-01 1.25e-01 4.39e-01 0.130
  4   -5.472078089256e-02 -6.324837919021e+00 3.73e-03 1.26e-03 5.62e-03 0.135
  5   -5.228851185017e-02 -1.989212313209e-01 8.14e-05 2.76e-05 1.23e-04 0.140
  6   -6.546233451686e-02 -1.309264221488e-01 3.23e-05 1.10e-05 4.89e-05 0.145
  7   -6.635006810061e-02 -1.316674904525e-01 3.17e-05 1.07e-05 4.80e-05 0.150
  8   -6.740968487470e-02 -1.324166492669e-01 3.05e-05 1.03e-05 4.63e-05 0.155
  9   -6.921128524114e-02 -1.329205925070e-01 2.85e-05 9.68e-06 5.49e-05 0.160
 10   -6.959993793977e-02 -1.331280619400e-01 2.76e-05 9.36e-06 5.71e-05 0.165
 11   -7.442751475570e-02 -1.335478724833e-01 2.09e-05 7.08e-06 2.32e-04 0.170
 12   -7.791991166149e-02 -1.306480334865e-01 1.57e-05 5.34e-06 4.27e-04 0.174
 13   -9.082327686792e-02 -1.126406829391e-01 2.76e-06 9.35e-07 3.62e-04 0.179
 14   -9.563258475218e-02 -1.030426471962e-01 5.51e-07 1.87e-07 1.85e-04 0.185
 15   -9.763630741508e-02 -9.995900923232e-02 1.57e-07 5.33e-08 4.41e-05 0.189
 16   -9.802466092714e-02 -9.918816043279e-02 5.80e-08 1.97e-08 2.68e-05 0.194
 17   -9.838017668167e-02 -9.869546543669e-02 1.50e-08 5.07e-09 7.14e-06 0.199
 18   -9.846707822646e-02 -9.855623256946e-02 2.90e-09 9.74e-10 1.99e-06 0.204
 19   -9.849931391362e-02 -9.851457687394e-02 4.86e-10 1.67e-10 3.53e-07 0.209
 20   -9.850490140088e-02 -9.850667209307e-02 2.65e-11 9.42e-12 2.37e-08 0.214
 21   -9.850564557328e-02 -9.850578521823e-02 2.09e-12 5.22e-12 1.87e-09 0.219
 22   -9.850570484312e-02 -9.850571181229e-02 7.92e-14 1.78e-10 6.53e-11 0.223


Optimal solution found in 22 iterations and 0.223s
Objective -9.85057048e-02
Primal infeasibility (abs/rel): 1.22e-12/7.92e-14
Dual infeasibility   (abs/rel): 1.97e-10/1.78e-10
Complementarity gap  (abs/rel): 7.18e-11/6.53e-11


Barrier finished in 0.23 seconds
Dual variables for problems with quadratic constraints not returned.
