cuOpt version: 26.10.0, git hash: 648f805d, host arch: x86_64, device archs: 80-real
CPU: AMD EPYC 7642 48-Core Processor, threads: 5C/5T, RAM usage: 27.85/503.74GiB
CPU SIMD target: AVX2
CUDA 12.9, device: NVIDIA A100 80GB PCIe (ID 0), VRAM: 79.44 GiB
CUDA device UUID: 68df5cf5-71f9-6a93-b428-460c080ffb10
Problem has 1 quadratic constraints. Converting to second-order cones and solving with barrier.
Bounded 50 free variables in presolve
26 variables with no lower bound
Transforming 50 nonzero lower bound
Presolved problem: 5103 constraints 10102 variables 265152 nonzeros
Skipping Ruiz equilibration (row norm ratio 1.4, column norm ratio 1.4 < 5e4, Q coeff ratio 1.0 < 100)
Barrier solver started at 0.028 seconds
Barrier solver: 5103 constraints, 10102 variables, 265152 nonzeros


Second-order cones          : 1
Upper bounds                : 5000
Linear system               : augmented
cuDSS Version               : 0.7.1
cuDSS Threading layer       : libcudss_mtlayer_gomp.so.0
Reordering time             : 0.065s
Symbolic factorization time : 0.023s
Symbolic nonzeros in factor : 2.79e+05
Elapsed time for augmented  : 0.124 seconds
Elapsed time           : 0.124 seconds
Barrier setup complete at 0.124 seconds
Adaptive regularization enabled


                  Objective                         Infeasibility        Time
Iter   Primal              Dual                Primal   Dual    Compl.   Elapsed
  0   -1.026444110575e+03 -1.028073402464e+03 1.34e+03 5.28e+00 3.29e-02 0.124
  1   -7.990580843015e+02 -1.216933749034e+03 1.04e+03 3.89e+00 1.06e-01 0.129
  2   -9.734831748562e+00 -1.999475829439e+03 1.25e+01 3.59e+00 1.82e+00 0.135
  3   -3.461488609167e-01 -2.775132380898e+02 3.71e-01 1.25e-01 4.39e-01 0.140
  4   -5.474986534177e-02 -6.323765435468e+00 3.73e-03 1.26e-03 5.62e-03 0.145
  5   -5.231800020690e-02 -1.976191348835e-01 8.06e-05 2.73e-05 1.22e-04 0.151
  6   -6.573765734295e-02 -1.301769725744e-01 3.18e-05 1.08e-05 4.80e-05 0.156
  7   -6.681284275319e-02 -1.310844263728e-01 3.10e-05 1.05e-05 4.70e-05 0.160
  8   -6.683948060050e-02 -1.311046845206e-01 3.09e-05 1.05e-05 4.69e-05 0.165
  9   -6.873424857831e-02 -1.314596474021e-01 2.92e-05 9.92e-06 4.67e-05 0.170
 10   -6.887071389955e-02 -1.315345709949e-01 2.88e-05 9.75e-06 6.02e-05 0.175
 11   -6.986636399156e-02 -1.318397310588e-01 2.74e-05 9.28e-06 2.01e-04 0.180
 12   -7.481694159513e-02 -1.309038395327e-01 2.04e-05 6.93e-06 2.94e-04 0.185
 13   -8.299985992651e-02 -1.230027240216e-01 1.27e-05 4.29e-06 1.59e-04 0.190
 14   -8.427425155785e-02 -1.211032930729e-01 1.06e-05 3.61e-06 2.02e-04 0.195
 15   -8.989938238630e-02 -1.126731399337e-01 6.08e-06 2.06e-06 1.14e-04 0.200
 16   -9.015338417371e-02 -1.119246849075e-01 5.30e-06 1.80e-06 1.37e-04 0.205
 17   -9.502647417403e-02 -1.042591506973e-01 1.78e-06 6.03e-07 7.65e-05 0.210
 18   -9.546308484999e-02 -1.031269973422e-01 1.17e-06 3.98e-07 9.83e-05 0.216
 19   -9.716489024383e-02 -1.007256537690e-01 4.51e-07 1.53e-07 3.63e-05 0.221
 20   -9.749947653540e-02 -1.001268606041e-01 2.69e-07 9.13e-08 3.51e-05 0.226
 21   -9.813360707163e-02 -9.925187847630e-02 1.03e-07 3.49e-08 1.40e-05 0.231
 22   -9.828185659401e-02 -9.901014780443e-02 5.09e-08 1.72e-08 9.84e-06 0.236
 23   -9.849369228227e-02 -9.873157826685e-02 1.43e-08 4.84e-09 3.13e-06 0.241
 24   -9.855844828045e-02 -9.864306501888e-02 3.70e-09 1.23e-09 1.16e-06 0.246
 25   -9.858627565921e-02 -9.860867608464e-02 8.99e-10 3.02e-10 3.03e-07 0.250
 26   -9.859474659355e-02 -9.859785891753e-02 7.58e-11 3.92e-11 3.33e-08 0.255
 27   -9.859597123666e-02 -9.859641039534e-02 1.07e-11 5.67e-12 4.84e-09 0.260
 28   -9.859615881259e-02 -9.859618543089e-02 6.40e-13 1.66e-11 2.89e-10 0.265
 29   -9.859617058077e-02 -9.859617118872e-02 1.47e-14 1.97e-09 6.28e-12 0.270


Optimal solution found in 29 iterations and 0.270s
Objective -9.85961706e-02
Primal infeasibility (abs/rel): 2.25e-13/1.47e-14
Dual infeasibility   (abs/rel): 2.17e-09/1.97e-09
Complementarity gap  (abs/rel): 6.90e-12/6.28e-12


Barrier finished in 0.27 seconds
Dual variables for problems with quadratic constraints not returned.
