cuOpt version: 26.10.0, git hash: 648f805d, host arch: x86_64, device archs: 80-real
CPU: AMD EPYC 7642 48-Core Processor, threads: 5C/5T, RAM usage: 27.53/503.74GiB
CPU SIMD target: AVX2
CUDA 12.9, device: NVIDIA A100 80GB PCIe (ID 0), VRAM: 79.44 GiB
CUDA device UUID: 68df5cf5-71f9-6a93-b428-460c080ffb10
Problem has 1 quadratic constraints. Converting to second-order cones and solving with barrier.
Handling 50 free variables directly in augmented system
Presolved problem: 5103 constraints 10102 variables 265152 nonzeros
Skipping Ruiz equilibration (row norm ratio 1.4, column norm ratio 1.4 < 5e4, Q coeff ratio 1.0 < 100)
Barrier solver started at 0.026 seconds
Barrier solver: 5103 constraints, 10102 variables, 265152 nonzeros


Second-order cones          : 1
Free variables              : 50
Upper bounds                : 5000
Linear system               : augmented
cuDSS Version               : 0.7.1
cuDSS Threading layer       : libcudss_mtlayer_gomp.so.0
Reordering time             : 0.149s
Symbolic factorization time : 0.023s
Symbolic nonzeros in factor : 2.79e+05
Elapsed time for augmented  : 0.205 seconds
Elapsed time           : 0.205 seconds
Barrier setup complete at 0.205 seconds
Adaptive regularization enabled


                  Objective                         Infeasibility        Time
Iter   Primal              Dual                Primal   Dual    Compl.   Elapsed
  0   -4.994847164024e-02 -2.507045855028e+03 5.00e+00 9.28e+00 1.02e+02 0.208
  1   -5.011916047144e-02 -4.630438751415e+01 8.20e-02 1.65e+00 5.50e+00 0.210
  2   -6.033576125296e-02 -1.221815100018e+00 8.20e-04 4.59e-01 1.27e-01 0.213
  3   -6.652301665117e-02 -3.130068571458e-01 1.72e-04 9.64e-02 2.68e-02 0.216
  4   -7.262710609944e-02 -2.517674358826e-01 8.33e-05 4.67e-02 1.27e-02 0.219
  5   -8.679220042867e-02 -1.380637103471e-01 2.15e-05 1.21e-02 3.24e-03 0.221
  6   -9.286733274802e-02 -1.101355583320e-01 1.11e-06 6.24e-04 1.36e-04 0.224
  7   -9.578749102218e-02 -1.040838718355e-01 4.50e-07 2.46e-04 8.26e-05 0.227
  8   -9.749944373417e-02 -1.009157199060e-01 1.38e-07 7.27e-05 2.51e-05 0.229
  9   -9.848883963631e-02 -9.928294712832e-02 2.14e-08 9.02e-06 1.42e-06 0.232
 10   -9.869265854145e-02 -9.899250245700e-02 7.20e-09 2.40e-06 4.09e-07 0.235
 11   -9.874188498039e-02 -9.892184787790e-02 3.97e-09 9.12e-07 7.44e-07 0.237
 12   -9.880607812186e-02 -9.884437429860e-02 6.20e-10 1.13e-07 1.69e-07 0.240
 13   -9.882038169655e-02 -9.882744754449e-02 1.33e-10 1.73e-08 5.56e-08 0.243
 14   -9.882340420821e-02 -9.882392921747e-02 2.69e-11 5.23e-09 4.31e-09 0.246
 15   -9.882363751452e-02 -9.882365838038e-02 1.37e-12 1.34e-08 1.71e-10 0.248
 16   -9.882364661885e-02 -9.882364777048e-02 1.42e-13 6.92e-07 9.48e-12 0.251
 17   -9.882364713230e-02 -9.882364716123e-02 1.72e-13 6.34e-05 1.44e-13 0.254
 18   -9.882364714639e-02 -9.882364714957e-02 2.32e-14 2.96e-04 1.50e-14 0.256
 19   -9.882364714809e-02 -9.882364714830e-02 1.64e-15 4.14e-03 2.95e-16 0.259
 20   -9.882364714819e-02 -9.882364714822e-02 5.00e-16 3.64e-02 7.85e-18 0.262
Numerical error in objective
Restoring previous solution


Suboptimal solution found in 21 iterations and 0.26 seconds
Objective -9.88234042e-02
Primal infeasibility (abs/rel): 5.37e-11/2.69e-11
Dual infeasibility   (abs/rel): 5.76e-09/5.23e-09
Complementarity gap  (abs/rel): 4.73e-09/4.31e-09


Barrier finished in 0.27 seconds
Dual variables for problems with quadratic constraints not returned.
