cuOpt version: 26.10.0, git hash: 648f805d, host arch: x86_64, device archs: 80-real
CPU: AMD EPYC 7642 48-Core Processor, threads: 5C/5T, RAM usage: 27.55/503.74GiB
CPU SIMD target: AVX2
CUDA 12.9, device: NVIDIA A100 80GB PCIe (ID 0), VRAM: 79.44 GiB
CUDA device UUID: 68df5cf5-71f9-6a93-b428-460c080ffb10
Problem has 1 quadratic constraints. Converting to second-order cones and solving with barrier.
Handling 50 free variables directly in augmented system
Presolved problem: 5103 constraints 10102 variables 265152 nonzeros
Skipping Ruiz equilibration (row norm ratio 1.4, column norm ratio 1.4 < 5e4, Q coeff ratio 1.0 < 100)
Barrier solver started at 0.027 seconds
Barrier solver: 5103 constraints, 10102 variables, 265152 nonzeros


Second-order cones          : 1
Free variables              : 50
Upper bounds                : 5000
Linear system               : augmented
cuDSS Version               : 0.7.1
cuDSS Threading layer       : libcudss_mtlayer_gomp.so.0
Reordering time             : 0.124s
Symbolic factorization time : 0.023s
Symbolic nonzeros in factor : 2.79e+05
Elapsed time for augmented  : 0.181 seconds
Elapsed time           : 0.181 seconds
Barrier setup complete at 0.181 seconds
Adaptive regularization enabled


                  Objective                         Infeasibility        Time
Iter   Primal              Dual                Primal   Dual    Compl.   Elapsed
  0   -4.995580054631e-02 -2.506996814097e+03 5.00e+00 9.28e+00 1.02e+02 0.184
  1   -5.012649550814e-02 -4.607986372521e+01 8.15e-02 1.65e+00 5.49e+00 0.187
  2   -6.040168488683e-02 -1.214356046126e+00 8.15e-04 4.57e-01 1.26e-01 0.189
  3   -6.660805914390e-02 -3.148347566497e-01 1.73e-04 9.73e-02 2.70e-02 0.192
  4   -7.064578516680e-02 -2.653316672330e-01 9.71e-05 5.45e-02 1.50e-02 0.195
  5   -8.597912561725e-02 -1.378410383007e-01 2.32e-05 1.30e-02 3.49e-03 0.197
  6   -9.119803003116e-02 -1.145049991447e-01 4.11e-06 2.31e-03 6.17e-04 0.200
  7   -9.546019667118e-02 -1.047674743818e-01 1.57e-06 8.75e-04 2.34e-04 0.203
  8   -9.744605950811e-02 -1.003532698917e-01 4.07e-07 2.23e-04 6.33e-05 0.206
  9   -9.824305079128e-02 -9.877659573343e-02 2.27e-08 1.22e-05 4.14e-06 0.208
 10   -9.843790522891e-02 -9.852224916686e-02 3.90e-09 1.76e-06 4.76e-07 0.211
 11   -9.846682821701e-02 -9.848316599276e-02 1.14e-09 2.42e-07 9.32e-08 0.214
 12   -9.847389336880e-02 -9.847452411878e-02 3.88e-11 9.66e-09 3.29e-09 0.216
 13   -9.847414759373e-02 -9.847421005776e-02 7.54e-12 8.83e-08 2.53e-10 0.219
 14   -9.847417179144e-02 -9.847418005162e-02 5.54e-12 4.35e-06 2.24e-11 0.222
 15   -9.847417534857e-02 -9.847417594155e-02 6.79e-14 1.11e-05 1.87e-12 0.225
 16   -9.847417561206e-02 -9.847417563013e-02 9.06e-14 8.02e-05 8.15e-14 0.227
 17   -9.847417561921e-02 -9.847417561935e-02 1.93e-14 3.24e-04 3.04e-15 0.230
 18   -9.847417561912e-02 -9.847417561919e-02 1.06e-14 1.00e-01 1.01e-15 0.233
Numerical error in objective
Restoring previous solution


Suboptimal solution found in 19 iterations and 0.24 seconds
Objective -9.84738934e-02
Primal infeasibility (abs/rel): 7.76e-11/3.88e-11
Dual infeasibility   (abs/rel): 1.06e-08/9.66e-09
Complementarity gap  (abs/rel): 3.61e-09/3.29e-09


Barrier finished in 0.24 seconds
Dual variables for problems with quadratic constraints not returned.
