cuOpt version: 26.10.0, git hash: 648f805d, host arch: x86_64, device archs: 80-real
CPU: AMD EPYC 7642 48-Core Processor, threads: 5C/5T, RAM usage: 27.32/503.74GiB
CPU SIMD target: AVX2
CUDA 12.9, device: NVIDIA A100 80GB PCIe (ID 0), VRAM: 79.44 GiB
CUDA device UUID: 68df5cf5-71f9-6a93-b428-460c080ffb10
Problem has 1 quadratic constraints. Converting to second-order cones and solving with barrier.
Handling 50 free variables directly in augmented system
Presolved problem: 5103 constraints 10102 variables 265152 nonzeros
Skipping Ruiz equilibration (row norm ratio 1.4, column norm ratio 1.4 < 5e4, Q coeff ratio 1.0 < 100)
Barrier solver started at 0.030 seconds
Barrier solver: 5103 constraints, 10102 variables, 265152 nonzeros


Second-order cones          : 1
Free variables              : 50
Upper bounds                : 5000
Linear system               : augmented
cuDSS Version               : 0.7.1
cuDSS Threading layer       : libcudss_mtlayer_gomp.so.0
Reordering time             : 0.170s
Symbolic factorization time : 0.028s
Symbolic nonzeros in factor : 2.79e+05
Elapsed time for augmented  : 0.236 seconds
Elapsed time           : 0.236 seconds
Barrier setup complete at 0.236 seconds
Adaptive regularization enabled


                  Objective                         Infeasibility        Time
Iter   Primal              Dual                Primal   Dual    Compl.   Elapsed
  0   -4.995033215369e-02 -2.506818514660e+03 5.00e+00 9.28e+00 1.02e+02 0.239
  1   -5.012113001485e-02 -4.589494032002e+01 8.12e-02 1.65e+00 5.49e+00 0.242
  2   -6.044353976746e-02 -1.233505928490e+00 8.12e-04 4.56e-01 1.26e-01 0.245
  3   -6.639716155147e-02 -3.074720729043e-01 1.65e-04 9.28e-02 2.57e-02 0.248
  4   -7.151044600882e-02 -2.560287967133e-01 8.83e-05 4.96e-02 1.35e-02 0.250
  5   -8.628565154801e-02 -1.376940417269e-01 2.20e-05 1.24e-02 3.31e-03 0.253
  6   -9.309922891182e-02 -1.111269106509e-01 2.86e-06 1.61e-03 3.71e-04 0.256
  7   -9.647364394689e-02 -1.029416482398e-01 8.85e-07 4.89e-04 1.26e-04 0.259
  8   -9.806383070792e-02 -9.961439292074e-02 7.66e-08 4.14e-05 7.22e-06 0.261
  9   -9.850423350749e-02 -9.899516186440e-02 2.35e-08 1.19e-05 1.93e-06 0.264
 10   -9.860343277843e-02 -9.883658260546e-02 8.77e-09 3.19e-06 1.71e-06 0.267
 11   -9.869561555744e-02 -9.872257571281e-02 7.75e-10 2.66e-07 2.09e-07 0.269
 12   -9.870627301295e-02 -9.870942907379e-02 1.45e-10 2.95e-08 3.52e-08 0.272
 13   -9.870761682778e-02 -9.870780257712e-02 1.77e-11 2.53e-09 2.15e-09 0.275
 14   -9.870769913783e-02 -9.870770481808e-02 2.99e-12 1.10e-07 5.75e-11 0.278
 15   -9.870770124186e-02 -9.870770224294e-02 3.17e-12 1.69e-06 8.31e-12 0.280
 16   -9.870770165354e-02 -9.870770177488e-02 1.80e-12 3.10e-04 3.24e-13 0.283
 17   -9.870770173057e-02 -9.870770173922e-02 3.79e-14 3.59e-04 3.43e-14 0.286
 18   -9.870770173508e-02 -9.870770173533e-02 3.33e-15 4.77e-03 2.20e-15 0.288
Numerical error in objective
Restoring previous solution


Suboptimal solution found in 19 iterations and 0.29 seconds
Objective -9.87076168e-02
Primal infeasibility (abs/rel): 3.54e-11/1.77e-11
Dual infeasibility   (abs/rel): 2.79e-09/2.53e-09
Complementarity gap  (abs/rel): 2.36e-09/2.15e-09


Barrier finished in 0.29 seconds
Dual variables for problems with quadratic constraints not returned.
