cuOpt version: 26.10.0, git hash: 648f805d, host arch: x86_64, device archs: 80-real
CPU: AMD EPYC 7642 48-Core Processor, threads: 5C/5T, RAM usage: 27.45/503.74GiB
CPU SIMD target: AVX2
CUDA 12.9, device: NVIDIA A100 80GB PCIe (ID 0), VRAM: 79.44 GiB
CUDA device UUID: 68df5cf5-71f9-6a93-b428-460c080ffb10
Problem has 1 quadratic constraints. Converting to second-order cones and solving with barrier.
Handling 50 free variables directly in augmented system
Presolved problem: 5103 constraints 10102 variables 265152 nonzeros
Skipping Ruiz equilibration (row norm ratio 1.4, column norm ratio 1.4 < 5e4, Q coeff ratio 1.0 < 100)
Barrier solver started at 0.023 seconds
Barrier solver: 5103 constraints, 10102 variables, 265152 nonzeros


Second-order cones          : 1
Free variables              : 50
Upper bounds                : 5000
Linear system               : augmented
cuDSS Version               : 0.7.1
cuDSS Threading layer       : libcudss_mtlayer_gomp.so.0
Reordering time             : 0.107s
Symbolic factorization time : 0.023s
Symbolic nonzeros in factor : 2.79e+05
Elapsed time for augmented  : 0.161 seconds
Elapsed time           : 0.161 seconds
Barrier setup complete at 0.161 seconds
Adaptive regularization enabled


                  Objective                         Infeasibility        Time
Iter   Primal              Dual                Primal   Dual    Compl.   Elapsed
  0   -4.993837370587e-02 -2.507036107877e+03 5.00e+00 9.29e+00 1.02e+02 0.164
  1   -5.010894750959e-02 -4.628406308015e+01 8.19e-02 1.65e+00 5.50e+00 0.167
  2   -6.032689740509e-02 -1.208897828624e+00 8.19e-04 4.59e-01 1.27e-01 0.170
  3   -6.667173027182e-02 -3.141991586189e-01 1.74e-04 9.78e-02 2.71e-02 0.173
  4   -7.217541894365e-02 -2.528504445623e-01 8.49e-05 4.76e-02 1.30e-02 0.175
  5   -8.669647550998e-02 -1.359641776147e-01 2.11e-05 1.18e-02 3.19e-03 0.178
  6   -9.293487961621e-02 -1.084238464784e-01 8.03e-07 4.51e-04 1.09e-04 0.181
  7   -9.608238668958e-02 -1.021547686109e-01 2.47e-07 1.32e-04 5.27e-05 0.183
  8   -9.755787535886e-02 -9.962700873928e-02 5.82e-08 2.93e-05 8.87e-06 0.186
  9   -9.792987790170e-02 -9.898400459469e-02 2.33e-08 9.12e-06 1.11e-05 0.189
 10   -9.827958386437e-02 -9.853056420185e-02 4.92e-09 1.83e-06 2.47e-06 0.192
 11   -9.836950434032e-02 -9.841373387423e-02 8.53e-10 3.11e-07 5.69e-07 0.194
 12   -9.838805351427e-02 -9.838987108317e-02 1.68e-11 8.22e-09 2.18e-08 0.197
 13   -9.838881596147e-02 -9.838889286984e-02 2.70e-11 7.66e-09 7.01e-10 0.200
 14   -9.838884721405e-02 -9.838885278869e-02 1.32e-11 6.37e-10 2.58e-11 0.203


Optimal solution found in 14 iterations and 0.203s
Objective -9.83888472e-02
Primal infeasibility (abs/rel): 2.65e-11/1.32e-11
Dual infeasibility   (abs/rel): 7.01e-10/6.37e-10
Complementarity gap  (abs/rel): 2.84e-11/2.58e-11


Barrier finished in 0.20 seconds
Dual variables for problems with quadratic constraints not returned.
