cuOpt version: 26.10.0, git hash: 648f805d, host arch: x86_64, device archs: 80-real
CPU: AMD EPYC 7642 48-Core Processor, threads: 5C/5T, RAM usage: 27.40/503.74GiB
CPU SIMD target: AVX2
CUDA 12.9, device: NVIDIA A100 80GB PCIe (ID 0), VRAM: 79.44 GiB
CUDA device UUID: 68df5cf5-71f9-6a93-b428-460c080ffb10
Problem has 1 quadratic constraints. Converting to second-order cones and solving with barrier.
Handling 50 free variables directly in augmented system
Presolved problem: 5103 constraints 10102 variables 265152 nonzeros
Skipping Ruiz equilibration (row norm ratio 1.4, column norm ratio 1.4 < 5e4, Q coeff ratio 1.0 < 100)
Barrier solver started at 0.027 seconds
Barrier solver: 5103 constraints, 10102 variables, 265152 nonzeros


Second-order cones          : 1
Free variables              : 50
Upper bounds                : 5000
Linear system               : augmented
cuDSS Version               : 0.7.1
cuDSS Threading layer       : libcudss_mtlayer_gomp.so.0
Reordering time             : 0.139s
Symbolic factorization time : 0.023s
Symbolic nonzeros in factor : 2.79e+05
Elapsed time for augmented  : 0.196 seconds
Elapsed time           : 0.196 seconds
Barrier setup complete at 0.196 seconds
Adaptive regularization enabled


                  Objective                         Infeasibility        Time
Iter   Primal              Dual                Primal   Dual    Compl.   Elapsed
  0   -4.995995353808e-02 -2.507023350713e+03 5.00e+00 9.29e+00 1.02e+02 0.199
  1   -5.013066021746e-02 -4.657100816758e+01 8.25e-02 1.65e+00 5.51e+00 0.201
  2   -6.028590395086e-02 -1.209587248656e+00 8.25e-04 4.61e-01 1.28e-01 0.204
  3   -6.669367176946e-02 -3.184347130593e-01 1.78e-04 9.99e-02 2.78e-02 0.207
  4   -7.120451529641e-02 -2.624066361992e-01 9.28e-05 5.19e-02 1.43e-02 0.210
  5   -8.594461780186e-02 -1.401593133509e-01 2.40e-05 1.34e-02 3.63e-03 0.212
  6   -9.268724253659e-02 -1.117077450087e-01 3.24e-06 1.81e-03 4.71e-04 0.215
  7   -9.633245949128e-02 -1.033285720275e-01 1.14e-06 6.33e-04 1.54e-04 0.218
  8   -9.770808780758e-02 -1.001003730191e-01 3.13e-07 1.69e-04 4.55e-05 0.220
  9   -9.841729673551e-02 -9.879250944735e-02 3.24e-08 1.67e-05 3.60e-06 0.223
 10   -9.853511703203e-02 -9.861038239233e-02 4.62e-09 2.08e-06 3.48e-07 0.226
 11   -9.856123688318e-02 -9.857389114681e-02 1.14e-09 2.43e-07 6.63e-08 0.229
 12   -9.856656497619e-02 -9.856724097723e-02 5.39e-11 1.87e-08 3.34e-09 0.231
 13   -9.856683909409e-02 -9.856689226076e-02 2.13e-11 1.72e-08 2.19e-10 0.234
 14   -9.856686174956e-02 -9.856686499462e-02 2.38e-12 1.73e-06 8.30e-12 0.237
 15   -9.856686305419e-02 -9.856686345981e-02 3.57e-13 4.94e-05 1.12e-12 0.239
 16   -9.856686323606e-02 -9.856686324624e-02 6.20e-14 1.14e-04 1.56e-14 0.242
 17   -9.856686324136e-02 -9.856686324185e-02 2.14e-15 9.84e-04 9.67e-16 0.245
Numerical error in objective
Primal residual -nan dual residual -nan complementarity residual -nan
Search direction computation failed
Barrier finished in 0.25 seconds
Barrier Solve status A numerical error was encountered.
Dual variables for problems with quadratic constraints not returned.
