cuOpt version: 26.10.0, git hash: 648f805d, host arch: x86_64, device archs: 80-real
CPU: AMD EPYC 7642 48-Core Processor, threads: 5C/5T, RAM usage: 27.43/503.74GiB
CPU SIMD target: AVX2
CUDA 12.9, device: NVIDIA A100 80GB PCIe (ID 0), VRAM: 79.44 GiB
CUDA device UUID: 68df5cf5-71f9-6a93-b428-460c080ffb10
Problem has 1 quadratic constraints. Converting to second-order cones and solving with barrier.
Handling 50 free variables directly in augmented system
Presolved problem: 5103 constraints 10102 variables 265152 nonzeros
Skipping Ruiz equilibration (row norm ratio 1.4, column norm ratio 1.4 < 5e4, Q coeff ratio 1.0 < 100)
Barrier solver started at 0.026 seconds
Barrier solver: 5103 constraints, 10102 variables, 265152 nonzeros


Second-order cones          : 1
Free variables              : 50
Upper bounds                : 5000
Linear system               : augmented
cuDSS Version               : 0.7.1
cuDSS Threading layer       : libcudss_mtlayer_gomp.so.0
Reordering time             : 0.128s
Symbolic factorization time : 0.023s
Symbolic nonzeros in factor : 2.79e+05
Elapsed time for augmented  : 0.185 seconds
Elapsed time           : 0.185 seconds
Barrier setup complete at 0.185 seconds
Adaptive regularization enabled


                  Objective                         Infeasibility        Time
Iter   Primal              Dual                Primal   Dual    Compl.   Elapsed
  0   -4.994269591568e-02 -2.507004013074e+03 5.00e+00 9.29e+00 1.02e+02 0.188
  1   -5.011336303109e-02 -4.637547832472e+01 8.21e-02 1.65e+00 5.50e+00 0.190
  2   -6.031449414984e-02 -1.213480953017e+00 8.21e-04 4.59e-01 1.28e-01 0.193
  3   -6.661800557031e-02 -3.158470781707e-01 1.75e-04 9.83e-02 2.73e-02 0.200
  4   -7.394177806341e-02 -2.405219978089e-01 7.59e-05 4.26e-02 1.16e-02 0.204
  5   -8.769301133648e-02 -1.332230101033e-01 1.88e-05 1.06e-02 2.84e-03 0.208
  6   -9.225688985449e-02 -1.105781693197e-01 1.90e-06 1.07e-03 2.93e-04 0.211
  7   -9.553337414333e-02 -1.037478333531e-01 7.79e-07 4.29e-04 1.40e-04 0.216
  8   -9.769811936696e-02 -9.969633744887e-02 1.15e-07 6.10e-05 1.34e-05 0.218
  9   -9.825317422103e-02 -9.881743604180e-02 2.21e-08 1.09e-05 1.85e-06 0.221
 10   -9.838857367061e-02 -9.861335822690e-02 7.82e-09 2.68e-06 1.37e-06 0.225
 11   -9.847541157150e-02 -9.850468379887e-02 9.07e-10 2.87e-07 1.90e-07 0.231
 12   -9.848671291039e-02 -9.849060357861e-02 4.16e-11 3.42e-08 2.84e-08 0.235
 13   -9.848830450910e-02 -9.848861740913e-02 4.00e-11 2.08e-09 2.10e-09 0.239
 14   -9.848843779880e-02 -9.848845197212e-02 1.29e-11 1.81e-07 6.41e-11 0.241
 15   -9.848844399287e-02 -9.848844465557e-02 2.49e-12 1.37e-05 1.58e-12 0.245
 16   -9.848844429701e-02 -9.848844433351e-02 7.67e-13 1.54e-04 6.72e-14 0.248
 17   -9.848844431852e-02 -9.848844432476e-02 2.01e-13 1.81e-03 4.98e-15 0.251
 18   -9.848844432302e-02 -9.848844432425e-02 4.05e-14 2.76e-03 9.15e-16 0.253
Numerical error in objective
Restoring previous solution


Suboptimal solution found in 19 iterations and 0.26 seconds
Objective -9.84883045e-02
Primal infeasibility (abs/rel): 8.00e-11/4.00e-11
Dual infeasibility   (abs/rel): 2.29e-09/2.08e-09
Complementarity gap  (abs/rel): 2.31e-09/2.10e-09


Barrier finished in 0.26 seconds
Dual variables for problems with quadratic constraints not returned.
