cuOpt version: 26.10.0, git hash: 648f805d, host arch: x86_64, device archs: 80-real
CPU: AMD EPYC 7642 48-Core Processor, threads: 5C/5T, RAM usage: 27.51/503.74GiB
CPU SIMD target: AVX2
CUDA 12.9, device: NVIDIA A100 80GB PCIe (ID 0), VRAM: 79.44 GiB
CUDA device UUID: 68df5cf5-71f9-6a93-b428-460c080ffb10
Problem has 1 quadratic constraints. Converting to second-order cones and solving with barrier.
Handling 50 free variables directly in augmented system
Presolved problem: 5103 constraints 10102 variables 265152 nonzeros
Skipping Ruiz equilibration (row norm ratio 1.4, column norm ratio 1.4 < 5e4, Q coeff ratio 1.0 < 100)
Barrier solver started at 0.026 seconds
Barrier solver: 5103 constraints, 10102 variables, 265152 nonzeros


Second-order cones          : 1
Free variables              : 50
Upper bounds                : 5000
Linear system               : augmented
cuDSS Version               : 0.7.1
cuDSS Threading layer       : libcudss_mtlayer_gomp.so.0
Reordering time             : 0.148s
Symbolic factorization time : 0.024s
Symbolic nonzeros in factor : 2.79e+05
Elapsed time for augmented  : 0.205 seconds
Elapsed time           : 0.205 seconds
Barrier setup complete at 0.205 seconds
Adaptive regularization enabled


                  Objective                         Infeasibility        Time
Iter   Primal              Dual                Primal   Dual    Compl.   Elapsed
  0   -4.993640075703e-02 -2.507026439689e+03 5.00e+00 9.28e+00 1.02e+02 0.208
  1   -5.010695272300e-02 -4.634824725992e+01 8.21e-02 1.65e+00 5.50e+00 0.210
  2   -6.030151088719e-02 -1.224877267367e+00 8.21e-04 4.59e-01 1.27e-01 0.213
  3   -6.638582287149e-02 -3.220062405267e-01 1.78e-04 9.97e-02 2.77e-02 0.216
  4   -7.254727774183e-02 -2.491163207257e-01 7.98e-05 4.47e-02 1.22e-02 0.219
  5   -8.643863602070e-02 -1.359622337492e-01 2.06e-05 1.15e-02 3.10e-03 0.221
  6   -9.426537682879e-02 -1.078194811008e-01 1.92e-06 1.08e-03 1.98e-04 0.224
  7   -9.549762330249e-02 -1.040234349660e-01 9.53e-07 5.23e-04 1.39e-04 0.227
  8   -9.760620118933e-02 -1.002093905741e-01 2.72e-07 1.49e-04 4.08e-05 0.229
  9   -9.811133711655e-02 -9.912400345208e-02 7.44e-08 4.19e-05 1.90e-05 0.232
 10   -9.847617873075e-02 -9.855118435638e-02 6.86e-09 2.90e-06 4.27e-07 0.235
 11   -9.850183004910e-02 -9.851139692635e-02 1.41e-09 3.34e-07 2.09e-08 0.237
 12   -9.850492127100e-02 -9.850684120591e-02 2.94e-10 5.69e-08 2.70e-09 0.240
 13   -9.850553592139e-02 -9.850593609858e-02 7.82e-11 5.07e-08 6.27e-10 0.243
 14   -9.850568828631e-02 -9.850573334902e-02 7.37e-12 1.61e-06 7.32e-11 0.246
 15   -9.850570608701e-02 -9.850571046644e-02 2.65e-13 2.39e-06 5.82e-12 0.248
 16   -9.850570796395e-02 -9.850570811190e-02 1.78e-14 1.48e-06 2.52e-13 0.251
 17   -9.850570802905e-02 -9.850570803288e-02 1.80e-14 6.04e-05 4.14e-15 0.254
 18   -9.850570803029e-02 -9.850570803157e-02 1.17e-14 7.14e-03 6.59e-16 0.256
 19   -9.850570803065e-02 -9.850570803125e-02 7.77e-15 3.44e-02 2.05e-16 0.259
Numerical error in objective
Primal residual -nan dual residual -nan complementarity residual -nan
Search direction computation failed
Barrier finished in 0.26 seconds
Barrier Solve status A numerical error was encountered.
Dual variables for problems with quadratic constraints not returned.
