cuOpt version: 26.10.0, git hash: 648f805d, host arch: x86_64, device archs: 80-real
CPU: AMD EPYC 7642 48-Core Processor, threads: 5C/5T, RAM usage: 27.52/503.74GiB
CPU SIMD target: AVX2
CUDA 12.9, device: NVIDIA A100 80GB PCIe (ID 0), VRAM: 79.44 GiB
CUDA device UUID: 68df5cf5-71f9-6a93-b428-460c080ffb10
Problem has 1 quadratic constraints. Converting to second-order cones and solving with barrier.
Handling 50 free variables directly in augmented system
Presolved problem: 5103 constraints 10102 variables 265152 nonzeros
Skipping Ruiz equilibration (row norm ratio 1.4, column norm ratio 1.4 < 5e4, Q coeff ratio 1.0 < 100)
Barrier solver started at 0.027 seconds
Barrier solver: 5103 constraints, 10102 variables, 265152 nonzeros


Second-order cones          : 1
Free variables              : 50
Upper bounds                : 5000
Linear system               : augmented
cuDSS Version               : 0.7.1
cuDSS Threading layer       : libcudss_mtlayer_gomp.so.0
Reordering time             : 0.146s
Symbolic factorization time : 0.024s
Symbolic nonzeros in factor : 2.79e+05
Elapsed time for augmented  : 0.204 seconds
Elapsed time           : 0.204 seconds
Barrier setup complete at 0.204 seconds
Adaptive regularization enabled


                  Objective                         Infeasibility        Time
Iter   Primal              Dual                Primal   Dual    Compl.   Elapsed
  0   -4.994692347847e-02 -2.506959949003e+03 5.00e+00 9.28e+00 1.02e+02 0.207
  1   -5.011768236483e-02 -4.663789268242e+01 8.26e-02 1.65e+00 5.51e+00 0.210
  2   -6.026024550526e-02 -1.214555977452e+00 8.26e-04 4.61e-01 1.28e-01 0.213
  3   -6.661795315520e-02 -3.188619610735e-01 1.78e-04 9.98e-02 2.78e-02 0.216
  4   -7.464264959434e-02 -2.379309930121e-01 7.37e-05 4.12e-02 1.12e-02 0.220
  5   -8.837221088941e-02 -1.308438151424e-01 1.75e-05 9.81e-03 2.64e-03 0.222
  6   -9.367369141364e-02 -1.082853514433e-01 1.69e-06 9.47e-04 2.20e-04 0.225
  7   -9.661703781673e-02 -1.020480433576e-01 5.32e-07 2.89e-04 7.85e-05 0.229
  8   -9.807647942515e-02 -9.945931601146e-02 8.15e-08 4.37e-05 8.85e-06 0.231
  9   -9.850360264621e-02 -9.880819224215e-02 1.39e-08 6.40e-06 7.92e-07 0.234
 10   -9.857710188196e-02 -9.870305798497e-02 5.40e-09 1.88e-06 5.37e-07 0.237
 11   -9.862633165277e-02 -9.864148300305e-02 5.17e-10 1.55e-07 6.29e-08 0.240
 12   -9.863204552142e-02 -9.863446850792e-02 9.51e-11 2.44e-08 1.30e-08 0.243
 13   -9.863309489707e-02 -9.863320242276e-02 6.47e-12 1.74e-08 6.39e-10 0.246
 14   -9.863314240669e-02 -9.863314549492e-02 7.46e-13 5.52e-07 1.61e-11 0.249
 15   -9.863314355252e-02 -9.863314410060e-02 1.01e-12 5.86e-05 2.46e-12 0.252
 16   -9.863314379026e-02 -9.863314382676e-02 4.97e-13 4.83e-04 7.07e-14 0.255
 17   -9.863314381260e-02 -9.863314381418e-02 1.37e-14 2.64e-04 3.12e-15 0.258
Numerical error in objective
Primal residual -nan dual residual -nan complementarity residual -nan
Search direction computation failed
Barrier finished in 0.26 seconds
Barrier Solve status A numerical error was encountered.
Dual variables for problems with quadratic constraints not returned.
