cuOpt version: 26.10.0, git hash: 648f805d, host arch: x86_64, device archs: 80-real
CPU: AMD EPYC 7642 48-Core Processor, threads: 5C/5T, RAM usage: 27.34/503.74GiB
CPU SIMD target: AVX2
CUDA 12.9, device: NVIDIA A100 80GB PCIe (ID 0), VRAM: 79.44 GiB
CUDA device UUID: 68df5cf5-71f9-6a93-b428-460c080ffb10
Problem has 1 quadratic constraints. Converting to second-order cones and solving with barrier.
Handling 50 free variables directly in augmented system
Presolved problem: 5103 constraints 10102 variables 265152 nonzeros
Skipping Ruiz equilibration (row norm ratio 1.4, column norm ratio 1.4 < 5e4, Q coeff ratio 1.0 < 100)
Barrier solver started at 0.028 seconds
Barrier solver: 5103 constraints, 10102 variables, 265152 nonzeros


Second-order cones          : 1
Free variables              : 50
Upper bounds                : 5000
Linear system               : augmented
cuDSS Version               : 0.7.1
cuDSS Threading layer       : libcudss_mtlayer_gomp.so.0
Reordering time             : 0.149s
Symbolic factorization time : 0.023s
Symbolic nonzeros in factor : 2.79e+05
Elapsed time for augmented  : 0.208 seconds
Elapsed time           : 0.208 seconds
Barrier setup complete at 0.208 seconds
Adaptive regularization enabled


                  Objective                         Infeasibility        Time
Iter   Primal              Dual                Primal   Dual    Compl.   Elapsed
  0   -4.993815836010e-02 -2.506924487080e+03 5.00e+00 9.28e+00 1.02e+02 0.210
  1   -5.010881151022e-02 -4.609063818679e+01 8.16e-02 1.65e+00 5.49e+00 0.213
  2   -6.037132365625e-02 -1.222620088332e+00 8.16e-04 4.57e-01 1.26e-01 0.216
  3   -6.650898349317e-02 -3.083278098888e-01 1.68e-04 9.42e-02 2.61e-02 0.219
  4   -7.309400268171e-02 -2.470800034359e-01 8.25e-05 4.63e-02 1.25e-02 0.221
  5   -8.765558220791e-02 -1.333832998126e-01 1.97e-05 1.11e-02 2.95e-03 0.224
  6   -9.419345885443e-02 -1.085652525924e-01 2.89e-06 1.62e-03 3.60e-04 0.227
  7   -9.643058760014e-02 -1.023715109712e-01 9.41e-07 5.17e-04 1.38e-04 0.230
  8   -9.811134668778e-02 -9.911543983375e-02 5.27e-08 3.04e-05 5.61e-06 0.232
  9   -9.837997563384e-02 -9.872695966932e-02 1.60e-08 9.01e-06 2.11e-06 0.235
 10   -9.845300807243e-02 -9.861381761483e-02 5.91e-09 2.78e-06 1.51e-06 0.238
 11   -9.851398913572e-02 -9.853710410624e-02 1.04e-09 3.65e-07 2.65e-07 0.240
 12   -9.852292347424e-02 -9.852547402890e-02 4.29e-10 3.24e-08 3.27e-08 0.243
 13   -9.852399565188e-02 -9.852411907243e-02 1.60e-11 7.58e-09 1.66e-09 0.246
 14   -9.852404792058e-02 -9.852405368909e-02 3.00e-12 4.91e-08 7.91e-11 0.249
 15   -9.852405047729e-02 -9.852405061602e-02 1.00e-12 3.08e-06 1.57e-12 0.251
 16   -9.852405053501e-02 -9.852405056149e-02 4.84e-13 5.86e-04 1.89e-13 0.254
 17   -9.852405054614e-02 -9.852405055399e-02 2.83e-13 4.25e-03 4.08e-15 0.257
 18   -9.852405055229e-02 -9.852405055380e-02 5.42e-14 2.07e-03 3.96e-16 0.259
 19   -9.852405055306e-02 -9.852405055378e-02 2.53e-14 2.10e-02 5.44e-16 0.262
Numerical error in objective
Restoring previous solution


Suboptimal solution found in 20 iterations and 0.27 seconds
Objective -9.85239957e-02
Primal infeasibility (abs/rel): 3.19e-11/1.60e-11
Dual infeasibility   (abs/rel): 8.35e-09/7.58e-09
Complementarity gap  (abs/rel): 1.83e-09/1.66e-09


Barrier finished in 0.27 seconds
Dual variables for problems with quadratic constraints not returned.
