Setting CUDA_MODULE_LOADING to EAGER
Reading file portfolio_socp_n5000_k50_mu_t00.mps
Read file portfolio_socp_n5000_k50_mu_t00.mps in 0.11 seconds
cuOpt version: 26.10.0, git hash: 78884b0b, host arch: x86_64, device archs: 80-real
CPU: AMD EPYC 7642 48-Core Processor, threads: 5C/5T, RAM usage: 27.28/503.74GiB
CPU SIMD target: AVX2
CUDA 12.9, device: NVIDIA A100 80GB PCIe (ID 0), VRAM: 79.44 GiB
CUDA device UUID: 68df5cf5-71f9-6a93-b428-460c080ffb10
Problem has 1 quadratic constraints. Converting to second-order cones and solving with barrier.
Handling 50 free variables directly in augmented system
Presolved problem: 5103 constraints 10102 variables 265152 nonzeros
Skipping Ruiz equilibration (row norm ratio 1.4, column norm ratio 1.4 < 5e4, Q coeff ratio 1.0 < 100)
Barrier solver started at 0.029 seconds
Barrier solver: 5103 constraints, 10102 variables, 265152 nonzeros


Second-order cones          : 1
Free variables              : 50
Upper bounds                : 5000
Linear system               : augmented
cuDSS Version               : 0.7.1
cuDSS Threading layer       : libcudss_mtlayer_gomp.so.0
cuDSS solve mode            : deterministic
Reordering time             : 0.096s
Symbolic factorization time : 0.024s
Symbolic nonzeros in factor : 2.79e+05
Elapsed time for augmented  : 0.244 seconds
Elapsed time           : 0.244 seconds
Barrier setup complete at 0.244 seconds
Adaptive regularization enabled


                  Objective                         Infeasibility        Time
Iter   Primal              Dual                Primal   Dual    Compl.   Elapsed
  0   -4.989984954564e-02 -2.507019876882e+03 5.00e+00 9.29e+00 1.02e+02 0.579
  1   -5.005477515848e-02 -2.715895610077e+02 5.32e-01 6.48e-01 1.37e+01 0.656
  2   -5.140218342116e-02 -4.528660280139e+01 8.57e-02 1.11e+00 2.68e+00 0.734
  3   -5.808139598169e-02 -5.201516481118e+00 8.57e-03 2.92e-01 2.74e-01 0.811
  4   -6.264271464996e-02 -1.286823071622e+00 2.03e-03 7.16e-02 6.43e-02 0.888
  5   -7.101240537932e-02 -3.157622815387e-01 2.03e-04 7.31e-03 6.91e-03 0.966
  6   -8.115345678117e-02 -1.663877333637e-01 6.82e-05 2.46e-03 2.32e-03 1.047
  7   -9.013067970269e-02 -1.214163653380e-01 1.46e-05 5.25e-04 4.05e-04 1.124
  8   -9.492289851712e-02 -1.078879186537e-01 5.39e-06 1.94e-04 9.53e-05 1.201
  9   -9.656284074987e-02 -1.031509689554e-01 2.35e-06 8.47e-05 3.84e-05 1.278
 10   -9.768290680259e-02 -1.005402616344e-01 9.30e-07 3.35e-05 1.10e-05 1.355
 11   -9.807447930740e-02 -9.949073600694e-02 3.64e-07 1.31e-05 8.87e-06 1.432
 12   -9.839193987111e-02 -9.886389399719e-02 1.02e-07 3.68e-06 2.66e-06 1.510
 13   -9.851125627825e-02 -9.865306926132e-02 2.93e-08 1.06e-06 8.47e-07 1.587
 14   -9.855568446648e-02 -9.857721061924e-02 4.37e-09 1.58e-07 1.12e-07 1.664
 15   -9.856267348904e-02 -9.856545131999e-02 5.63e-10 2.03e-08 1.31e-08 1.742
 16   -9.856358567470e-02 -9.856392149313e-02 6.81e-11 2.45e-09 1.48e-09 1.819
 17   -9.856369647002e-02 -9.856373587359e-02 8.08e-12 4.08e-10 1.63e-10 1.879
 18   -9.856370962369e-02 -9.856371384354e-02 8.48e-13 1.56e-09 1.72e-11 1.939


Optimal solution found in 18 iterations and 1.939s
Objective -9.85637096e-02
Primal infeasibility (abs/rel): 1.70e-12/8.48e-13
Dual infeasibility   (abs/rel): 1.71e-09/1.56e-09
Complementarity gap  (abs/rel): 1.89e-11/1.72e-11


Barrier finished in 1.94 seconds
Dual variables for problems with quadratic constraints not returned.
