Setting CUDA_MODULE_LOADING to EAGER
Reading file portfolio_socp_n5000_k50_mu_t00.mps
Read file portfolio_socp_n5000_k50_mu_t00.mps in 0.11 seconds
cuOpt version: 26.10.0, git hash: 78884b0b, host arch: x86_64, device archs: 80-real
CPU: AMD EPYC 7642 48-Core Processor, threads: 5C/5T, RAM usage: 27.15/503.74GiB
CPU SIMD target: AVX2
CUDA 12.9, device: NVIDIA A100 80GB PCIe (ID 0), VRAM: 79.44 GiB
CUDA device UUID: 68df5cf5-71f9-6a93-b428-460c080ffb10
Problem has 1 quadratic constraints. Converting to second-order cones and solving with barrier.
Handling 50 free variables directly in augmented system
Presolved problem: 5103 constraints 10102 variables 265152 nonzeros
Skipping Ruiz equilibration (row norm ratio 1.4, column norm ratio 1.4 < 5e4, Q coeff ratio 1.0 < 100)
Barrier solver started at 0.028 seconds
Barrier solver: 5103 constraints, 10102 variables, 265152 nonzeros


Second-order cones          : 1
Free variables              : 50
Upper bounds                : 5000
Linear system               : augmented
cuDSS Version               : 0.7.1
cuDSS Threading layer       : libcudss_mtlayer_gomp.so.0
cuDSS solve mode            : deterministic
Reordering time             : 0.134s
Symbolic factorization time : 0.023s
Symbolic nonzeros in factor : 2.79e+05
Elapsed time for augmented  : 0.280 seconds
Elapsed time           : 0.280 seconds
Barrier setup complete at 0.280 seconds
Adaptive regularization enabled


                  Objective                         Infeasibility        Time
Iter   Primal              Dual                Primal   Dual    Compl.   Elapsed
  0   -4.989977902820e-02 -2.507019876882e+03 5.00e+00 9.29e+00 1.02e+02 0.624
  1   -5.005470449689e-02 -2.715894086555e+02 5.32e-01 6.48e-01 1.37e+01 0.702
  2   -5.140211230702e-02 -4.528577153355e+01 8.57e-02 1.11e+00 2.68e+00 0.781
  3   -5.808134312536e-02 -5.201491115888e+00 8.57e-03 2.92e-01 2.74e-01 0.859
  4   -6.264226269052e-02 -1.286757926440e+00 2.03e-03 7.16e-02 6.43e-02 0.936
  5   -7.101437422394e-02 -3.157316314387e-01 2.03e-04 7.31e-03 6.91e-03 1.014
  6   -8.115521297072e-02 -1.663834762339e-01 6.82e-05 2.46e-03 2.32e-03 1.095
  7   -9.013067781858e-02 -1.214166860991e-01 1.46e-05 5.25e-04 4.05e-04 1.172
  8   -9.492303128602e-02 -1.078876959020e-01 5.39e-06 1.94e-04 9.53e-05 1.250
  9   -9.656296759383e-02 -1.031507398043e-01 2.35e-06 8.47e-05 3.84e-05 1.327
 10   -9.768296454186e-02 -1.005401280858e-01 9.30e-07 3.35e-05 1.10e-05 1.404
 11   -9.807452212482e-02 -9.949066766829e-02 3.64e-07 1.31e-05 8.87e-06 1.481
 12   -9.839196488379e-02 -9.886385848383e-02 1.02e-07 3.68e-06 2.66e-06 1.559
 13   -9.851126788447e-02 -9.865305151089e-02 2.93e-08 1.06e-06 8.47e-07 1.639
 14   -9.855568644077e-02 -9.857720768060e-02 4.37e-09 1.58e-07 1.12e-07 1.716
 15   -9.856267375966e-02 -9.856545091568e-02 5.63e-10 2.03e-08 1.31e-08 1.793
 16   -9.856358570811e-02 -9.856392144314e-02 6.81e-11 2.46e-09 1.48e-09 1.870
 17   -9.856369647410e-02 -9.856373586745e-02 8.08e-12 6.96e-10 1.63e-10 1.931
 18   -9.856370962409e-02 -9.856371384293e-02 8.47e-13 3.87e-10 1.72e-11 1.992


Optimal solution found in 18 iterations and 1.992s
Objective -9.85637096e-02
Primal infeasibility (abs/rel): 1.69e-12/8.47e-13
Dual infeasibility   (abs/rel): 4.26e-10/3.87e-10
Complementarity gap  (abs/rel): 1.89e-11/1.72e-11


Barrier finished in 1.99 seconds
Dual variables for problems with quadratic constraints not returned.
