cuOpt version: 26.10.0, git hash: 648f805d, host arch: x86_64, device archs: 80-real
CPU: AMD EPYC 7642 48-Core Processor, threads: 5C/5T, RAM usage: 37.39/503.74GiB
CPU SIMD target: AVX2
CUDA 12.9, device: NVIDIA A100 80GB PCIe (ID 0), VRAM: 79.44 GiB
CUDA device UUID: 68df5cf5-71f9-6a93-b428-460c080ffb10
Problem has 1 quadratic constraints. Converting to second-order cones and solving with barrier.
Barrier: reusing cache (skip convert/presolve/scaling)
Barrier solver started at 0.000 seconds
Barrier solver: 5103 constraints, 10102 variables, 265152 nonzeros
Barrier setup complete at 0.000 seconds
Adaptive regularization enabled


                  Objective                         Infeasibility        Time
Iter   Primal              Dual                Primal   Dual    Compl.   Elapsed
  0   -3.704296579021e+02 -3.711143874095e+02 3.71e+03 1.91e+00 1.19e-02 0.001
  1   -4.138892424295e+00 -3.475359915702e+02 4.01e+01 2.77e-01 6.50e-02 0.006
  2   -1.039998756227e-01 -2.488607216943e+01 4.69e-01 7.85e-03 4.78e-03 0.011
  3   -5.495597875825e-02 -6.429558222594e-01 4.69e-03 7.91e-05 1.48e-04 0.017
  4   -5.854647543587e-02 -1.362808304930e-01 6.19e-04 1.04e-05 1.74e-05 0.021
  5   -6.679140205461e-02 -1.385929045562e-01 5.02e-04 8.46e-06 2.70e-05 0.026
  6   -6.794021313316e-02 -1.389116930289e-01 4.73e-04 7.97e-06 3.50e-05 0.031
  7   -8.102227734756e-02 -1.263519063645e-01 2.52e-04 4.25e-06 8.00e-05 0.036
  8   -8.117573340991e-02 -1.261420568962e-01 2.34e-04 3.94e-06 1.12e-04 0.044
  9   -8.463955985211e-02 -1.227986557087e-01 1.51e-04 2.54e-06 2.91e-04 0.050
 10   -8.541318893930e-02 -1.201658823085e-01 1.11e-04 1.87e-06 4.88e-04 0.055
 11   -9.365681329804e-02 -1.075881490548e-01 3.94e-05 6.63e-07 1.40e-04 0.060
 12   -9.411708782634e-02 -1.061242778067e-01 2.78e-05 4.68e-07 1.95e-04 0.065
 13   -9.711606201691e-02 -1.015147594583e-01 9.14e-06 1.54e-07 7.16e-05 0.070
 14   -9.773012963237e-02 -1.003112783835e-01 3.87e-06 6.52e-08 4.83e-05 0.075
 15   -9.846033027799e-02 -9.934189011611e-02 1.18e-06 1.99e-08 1.41e-05 0.080
 16   -9.865719876915e-02 -9.903620144384e-02 3.59e-07 6.03e-09 7.42e-06 0.085
 17   -9.878513929117e-02 -9.887517731333e-02 8.20e-08 1.38e-09 1.78e-06 0.089
 18   -9.881244736627e-02 -9.883698598170e-02 1.25e-08 2.06e-10 3.38e-07 0.094
 19   -9.882182181147e-02 -9.882589455953e-02 2.04e-09 3.74e-11 5.70e-08 0.099
 20   -9.882347508943e-02 -9.882384327988e-02 8.89e-11 4.34e-11 2.97e-09 0.104
 21   -9.882363229387e-02 -9.882366420658e-02 7.71e-12 4.64e-11 2.65e-10 0.109
 22   -9.882364643926e-02 -9.882364797026e-02 3.69e-13 2.87e-10 1.28e-11 0.114


Optimal solution found in 22 iterations and 0.114s
Objective -9.88236464e-02
Primal infeasibility (abs/rel): 7.38e-13/3.69e-13
Dual infeasibility   (abs/rel): 3.16e-10/2.87e-10
Complementarity gap  (abs/rel): 1.40e-11/1.28e-11


Barrier finished in 0.11 seconds
Dual variables for problems with quadratic constraints not returned.
