cuOpt version: 26.10.0, git hash: 648f805d, host arch: x86_64, device archs: 80-real
CPU: AMD EPYC 7642 48-Core Processor, threads: 5C/5T, RAM usage: 28.92/503.74GiB
CPU SIMD target: AVX2
CUDA 12.9, device: NVIDIA A100 80GB PCIe (ID 0), VRAM: 79.44 GiB
CUDA device UUID: 68df5cf5-71f9-6a93-b428-460c080ffb10
Problem has 1 quadratic constraints. Converting to second-order cones and solving with barrier.
Barrier: reusing cache (skip convert/presolve/scaling)
Barrier solver started at 0.000 seconds
Barrier solver: 5103 constraints, 10102 variables, 265152 nonzeros
Barrier setup complete at 0.000 seconds
Adaptive regularization enabled


                  Objective                         Infeasibility        Time
Iter   Primal              Dual                Primal   Dual    Compl.   Elapsed
  0   -3.703532868363e+02 -3.711197926069e+02 3.71e+03 1.91e+00 1.19e-02 0.001
  1   -4.137900701564e+00 -3.475413679128e+02 4.01e+01 2.77e-01 6.50e-02 0.005
  2   -1.039745622217e-01 -2.488596438960e+01 4.69e-01 7.85e-03 4.78e-03 0.009
  3   -5.494370613672e-02 -6.429525666121e-01 4.69e-03 7.91e-05 1.48e-04 0.014
  4   -5.852900844769e-02 -1.369056657702e-01 6.24e-04 1.05e-05 1.75e-05 0.018
  5   -6.642473500767e-02 -1.389496554751e-01 5.07e-04 8.54e-06 2.84e-05 0.022
  6   -6.769403823705e-02 -1.393008169597e-01 4.75e-04 8.00e-06 3.77e-05 0.026
  7   -7.916851898651e-02 -1.276638001705e-01 2.84e-04 4.79e-06 8.13e-05 0.030
  8   -7.928837090619e-02 -1.275288180462e-01 2.70e-04 4.54e-06 9.31e-05 0.035
  9   -8.201658584208e-02 -1.255773977843e-01 2.00e-04 3.36e-06 2.72e-04 0.040
 10   -8.282434431104e-02 -1.232650631848e-01 1.54e-04 2.60e-06 5.06e-04 0.044
 11   -9.170484392844e-02 -1.098300439799e-01 6.34e-05 1.07e-06 1.60e-04 0.049
 12   -9.213583313326e-02 -1.084542897954e-01 4.88e-05 8.21e-07 1.96e-04 0.053
 13   -9.606988309640e-02 -1.022441070079e-01 1.66e-05 2.79e-07 7.99e-05 0.058
 14   -9.652372730392e-02 -1.010907125289e-01 9.09e-06 1.53e-07 8.31e-05 0.063
 15   -9.766163759326e-02 -9.954412410827e-02 3.35e-06 5.64e-08 2.83e-05 0.067
 16   -9.793266573455e-02 -9.907067505057e-02 1.49e-06 2.51e-08 2.04e-05 0.072
 17   -9.826812071802e-02 -9.862891142190e-02 4.40e-07 7.41e-09 6.36e-06 0.076
 18   -9.835375628031e-02 -9.850213981068e-02 1.23e-07 2.07e-09 2.38e-06 0.081
 19   -9.840434784824e-02 -9.843916170797e-02 2.71e-08 4.57e-10 5.67e-07 0.085
 20   -9.841726131300e-02 -9.842222561452e-02 2.07e-09 3.49e-11 5.91e-08 0.089
 21   -9.841924735239e-02 -9.841989539636e-02 2.68e-10 4.51e-12 7.79e-09 0.093
 22   -9.841951622889e-02 -9.841956851459e-02 1.54e-11 2.94e-13 4.46e-10 0.097
 23   -9.841953691858e-02 -9.841954439428e-02 2.20e-12 2.04e-08 6.56e-11 0.101
 24   -9.841954018590e-02 -9.841954058404e-02 1.12e-13 1.37e-08 3.32e-12 0.104
 25   -9.841954036133e-02 -9.841954037940e-02 5.11e-15 6.24e-10 1.42e-13 0.108


Optimal solution found in 25 iterations and 0.108s
Objective -9.84195404e-02
Primal infeasibility (abs/rel): 1.02e-14/5.11e-15
Dual infeasibility   (abs/rel): 6.87e-10/6.24e-10
Complementarity gap  (abs/rel): 1.56e-13/1.42e-13


Barrier finished in 0.11 seconds
Dual variables for problems with quadratic constraints not returned.
