cuOpt version: 26.10.0, git hash: 648f805d, host arch: x86_64, device archs: 80-real
CPU: AMD EPYC 7642 48-Core Processor, threads: 5C/5T, RAM usage: 27.63/503.74GiB
CPU SIMD target: AVX2
CUDA 12.9, device: NVIDIA A100 80GB PCIe (ID 0), VRAM: 79.44 GiB
CUDA device UUID: 68df5cf5-71f9-6a93-b428-460c080ffb10
Problem has 1 quadratic constraints. Converting to second-order cones and solving with barrier.
Bounded 50 free variables in presolve
26 variables with no lower bound
Transforming 50 nonzero lower bound
Presolved problem: 5103 constraints 10102 variables 265152 nonzeros
Skipping Ruiz equilibration (row norm ratio 1.4, column norm ratio 1.4 < 5e4, Q coeff ratio 1.0 < 100)
Barrier solver started at 0.028 seconds
Barrier solver: 5103 constraints, 10102 variables, 265152 nonzeros


Second-order cones          : 1
Upper bounds                : 5000
Linear system               : augmented
cuDSS Version               : 0.7.1
cuDSS Threading layer       : libcudss_mtlayer_gomp.so.0
Reordering time             : 0.053s
Symbolic factorization time : 0.024s
Symbolic nonzeros in factor : 2.79e+05
Elapsed time for augmented  : 0.112 seconds
Elapsed time           : 0.112 seconds
Barrier setup complete at 0.112 seconds
Adaptive regularization enabled


                  Objective                         Infeasibility        Time
Iter   Primal              Dual                Primal   Dual    Compl.   Elapsed
  0   -1.026207009123e+03 -1.028103925865e+03 1.34e+03 5.28e+00 3.29e-02 0.112
  1   -7.988608003115e+02 -1.216957209264e+03 1.04e+03 3.89e+00 1.06e-01 0.118
  2   -9.733175407263e+00 -1.999373563067e+03 1.25e+01 3.58e+00 1.82e+00 0.124
  3   -3.458549397979e-01 -2.775081296518e+02 3.71e-01 1.25e-01 4.38e-01 0.129
  4   -5.473201877363e-02 -6.323012488879e+00 3.73e-03 1.26e-03 5.61e-03 0.134
  5   -5.230283511777e-02 -1.986992430708e-01 8.12e-05 2.75e-05 1.23e-04 0.140
  6   -6.557276912633e-02 -1.305878280986e-01 3.21e-05 1.09e-05 4.85e-05 0.145
  7   -6.667547190091e-02 -1.315044884323e-01 3.13e-05 1.06e-05 4.74e-05 0.151
  8   -6.681266512818e-02 -1.316063567903e-01 3.11e-05 1.05e-05 4.71e-05 0.158
  9   -6.938283041733e-02 -1.318390402458e-01 2.88e-05 9.75e-06 4.84e-05 0.163
 10   -6.982555252453e-02 -1.320742584682e-01 2.78e-05 9.44e-06 5.46e-05 0.168
 11   -7.641636707494e-02 -1.317918104756e-01 1.97e-05 6.67e-06 1.30e-04 0.173
 12   -7.875866097680e-02 -1.298746412308e-01 1.51e-05 5.12e-06 3.00e-04 0.178
 13   -8.280498743548e-02 -1.267323276634e-01 1.00e-05 3.39e-06 4.68e-04 0.184
 14   -8.624431701853e-02 -1.214733293483e-01 7.40e-06 2.51e-06 3.48e-04 0.189
 15   -8.562866447890e-02 -1.203125307483e-01 6.62e-06 2.25e-06 6.02e-04 0.195
 16   -9.451044440903e-02 -1.064175811752e-01 1.35e-06 4.57e-07 1.37e-04 0.200
 17   -9.495113560193e-02 -1.050778463380e-01 9.59e-07 3.25e-07 1.39e-04 0.206
 18   -9.715056489300e-02 -1.016135918210e-01 3.77e-07 1.28e-07 5.17e-05 0.211
 19   -9.736767486676e-02 -1.010225962590e-01 2.50e-07 8.47e-08 5.08e-05 0.217
 20   -9.821001433372e-02 -9.976903177246e-02 9.63e-08 3.27e-08 2.02e-05 0.222
 21   -9.838377614396e-02 -9.944362762250e-02 5.13e-08 1.74e-08 1.61e-05 0.228
 22   -9.866517678868e-02 -9.904746834310e-02 1.61e-08 5.45e-09 5.52e-06 0.233
 23   -9.874641886935e-02 -9.892400547593e-02 5.44e-09 1.82e-09 2.67e-06 0.238
 24   -9.880145816203e-02 -9.885283373856e-02 1.42e-09 4.77e-10 7.51e-07 0.243
 25   -9.881898026516e-02 -9.882933190760e-02 1.88e-10 4.08e-11 1.35e-07 0.248
 26   -9.882276158309e-02 -9.882475354953e-02 3.50e-11 1.16e-11 2.62e-08 0.253
 27   -9.882354118070e-02 -9.882377460037e-02 3.03e-12 3.93e-11 2.44e-09 0.258
 28   -9.882363382674e-02 -9.882366316694e-02 3.80e-13 9.18e-11 3.10e-10 0.263
 29   -9.882364677139e-02 -9.882364759441e-02 1.62e-14 6.41e-10 8.61e-12 0.268


Optimal solution found in 29 iterations and 0.268s
Objective -9.88236468e-02
Primal infeasibility (abs/rel): 2.48e-13/1.62e-14
Dual infeasibility   (abs/rel): 7.06e-10/6.41e-10
Complementarity gap  (abs/rel): 9.46e-12/8.61e-12


Barrier finished in 0.27 seconds
Dual variables for problems with quadratic constraints not returned.
