cuOpt version: 26.10.0, git hash: 648f805d, host arch: x86_64, device archs: 80-real
CPU: AMD EPYC 7642 48-Core Processor, threads: 5C/5T, RAM usage: 27.75/503.74GiB
CPU SIMD target: AVX2
CUDA 12.9, device: NVIDIA A100 80GB PCIe (ID 0), VRAM: 79.44 GiB
CUDA device UUID: 68df5cf5-71f9-6a93-b428-460c080ffb10
Problem has 1 quadratic constraints. Converting to second-order cones and solving with barrier.
Bounded 50 free variables in presolve
26 variables with no lower bound
Transforming 50 nonzero lower bound
Presolved problem: 5103 constraints 10102 variables 265152 nonzeros
Skipping Ruiz equilibration (row norm ratio 1.4, column norm ratio 1.4 < 5e4, Q coeff ratio 1.0 < 100)
Barrier solver started at 0.027 seconds
Barrier solver: 5103 constraints, 10102 variables, 265152 nonzeros


Second-order cones          : 1
Upper bounds                : 5000
Linear system               : augmented
cuDSS Version               : 0.7.1
cuDSS Threading layer       : libcudss_mtlayer_gomp.so.0
Reordering time             : 0.054s
Symbolic factorization time : 0.023s
Symbolic nonzeros in factor : 2.79e+05
Elapsed time for augmented  : 0.110 seconds
Elapsed time           : 0.110 seconds
Barrier setup complete at 0.110 seconds
Adaptive regularization enabled


                  Objective                         Infeasibility        Time
Iter   Primal              Dual                Primal   Dual    Compl.   Elapsed
  0   -1.025743685060e+03 -1.027894374761e+03 1.34e+03 5.28e+00 3.29e-02 0.111
  1   -7.985946505054e+02 -1.216794993466e+03 1.04e+03 3.89e+00 1.06e-01 0.117
  2   -9.726682162995e+00 -2.000077615455e+03 1.25e+01 3.59e+00 1.83e+00 0.122
  3   -3.485158559210e-01 -2.778555331617e+02 3.74e-01 1.26e-01 4.42e-01 0.127
  4   -5.473566846547e-02 -6.337452510553e+00 3.76e-03 1.28e-03 5.67e-03 0.132
  5   -5.227792599158e-02 -1.979021980149e-01 8.12e-05 2.75e-05 1.23e-04 0.138
  6   -6.562397002443e-02 -1.300352258712e-01 3.19e-05 1.08e-05 4.83e-05 0.143
  7   -6.659898751809e-02 -1.308487605872e-01 3.13e-05 1.06e-05 4.74e-05 0.148
  8   -6.728557961848e-02 -1.313593355574e-01 3.05e-05 1.03e-05 4.63e-05 0.153
  9   -6.883213087165e-02 -1.315201787272e-01 2.90e-05 9.83e-06 4.64e-05 0.158
 10   -6.909656338339e-02 -1.316830637758e-01 2.83e-05 9.60e-06 6.69e-05 0.163
 11   -7.160339932496e-02 -1.317150649097e-01 2.53e-05 8.59e-06 2.02e-04 0.169
 12   -7.610987417299e-02 -1.292276953724e-01 1.98e-05 6.72e-06 2.23e-04 0.174
 13   -8.252697718480e-02 -1.296370638121e-01 7.13e-06 2.42e-06 3.70e-04 0.179
 14   -8.527926461155e-02 -1.234939160402e-01 4.23e-06 1.44e-06 2.39e-04 0.184
 15   -9.095016621753e-02 -1.126698678791e-01 2.16e-06 7.32e-07 1.34e-04 0.189
 16   -9.211297824942e-02 -1.099034014129e-01 1.49e-06 5.04e-07 2.08e-04 0.195
 17   -9.563790785380e-02 -1.033473118933e-01 5.88e-07 1.99e-07 1.21e-04 0.200
 18   -9.776171909892e-02 -9.962038784433e-02 8.05e-08 2.73e-08 3.70e-06 0.205
 19   -9.806234840329e-02 -9.908025242790e-02 2.91e-08 9.86e-09 5.41e-06 0.210
 20   -9.839151140046e-02 -9.861928729773e-02 2.87e-09 9.75e-10 6.52e-07 0.215
 21   -9.846749487270e-02 -9.852304153285e-02 4.84e-10 1.55e-10 2.56e-07 0.220
 22   -9.849024079796e-02 -9.849607314186e-02 4.84e-11 1.92e-11 3.23e-08 0.225
 23   -9.849264204884e-02 -9.849320380946e-02 4.62e-12 1.81e-12 3.51e-09 0.230
 24   -9.849288427031e-02 -9.849291296813e-02 2.35e-13 5.91e-11 1.86e-10 0.235
 25   -9.849289668927e-02 -9.849289809204e-02 1.15e-14 6.96e-11 9.38e-12 0.240


Optimal solution found in 25 iterations and 0.241s
Objective -9.84928967e-02
Primal infeasibility (abs/rel): 1.77e-13/1.15e-14
Dual infeasibility   (abs/rel): 7.67e-11/6.96e-11
Complementarity gap  (abs/rel): 1.03e-11/9.38e-12


Barrier finished in 0.24 seconds
Dual variables for problems with quadratic constraints not returned.
