cuOpt version: 26.10.0, git hash: 648f805d, host arch: x86_64, device archs: 80-real
CPU: AMD EPYC 7642 48-Core Processor, threads: 5C/5T, RAM usage: 27.66/503.74GiB
CPU SIMD target: AVX2
CUDA 12.9, device: NVIDIA A100 80GB PCIe (ID 0), VRAM: 79.44 GiB
CUDA device UUID: 68df5cf5-71f9-6a93-b428-460c080ffb10
Problem has 1 quadratic constraints. Converting to second-order cones and solving with barrier.
Bounded 50 free variables in presolve
26 variables with no lower bound
Transforming 50 nonzero lower bound
Presolved problem: 5103 constraints 10102 variables 265152 nonzeros
Skipping Ruiz equilibration (row norm ratio 1.4, column norm ratio 1.4 < 5e4, Q coeff ratio 1.0 < 100)
Barrier solver started at 0.031 seconds
Barrier solver: 5103 constraints, 10102 variables, 265152 nonzeros


Second-order cones          : 1
Upper bounds                : 5000
Linear system               : augmented
cuDSS Version               : 0.7.1
cuDSS Threading layer       : libcudss_mtlayer_gomp.so.0
Reordering time             : 0.051s
Symbolic factorization time : 0.023s
Symbolic nonzeros in factor : 2.79e+05
Elapsed time for augmented  : 0.112 seconds
Elapsed time           : 0.112 seconds
Barrier setup complete at 0.112 seconds
Adaptive regularization enabled


                  Objective                         Infeasibility        Time
Iter   Primal              Dual                Primal   Dual    Compl.   Elapsed
  0   -1.026280556312e+03 -1.027985036805e+03 1.34e+03 5.28e+00 3.29e-02 0.113
  1   -7.989698877666e+02 -1.216865429407e+03 1.04e+03 3.89e+00 1.06e-01 0.118
  2   -9.732356342239e+00 -1.999770325439e+03 1.25e+01 3.59e+00 1.82e+00 0.123
  3   -3.472318906920e-01 -2.776532305851e+02 3.73e-01 1.25e-01 4.40e-01 0.128
  4   -5.475195989136e-02 -6.329622037860e+00 3.74e-03 1.27e-03 5.64e-03 0.133
  5   -5.230864667120e-02 -1.986003020966e-01 8.14e-05 2.76e-05 1.23e-04 0.139
  6   -6.566116150296e-02 -1.299007533068e-01 3.17e-05 1.08e-05 4.80e-05 0.145
  7   -6.656435652202e-02 -1.306223227374e-01 3.11e-05 1.05e-05 4.71e-05 0.150
  8   -6.699188640587e-02 -1.309065817117e-01 3.05e-05 1.03e-05 4.63e-05 0.155
  9   -7.097439053243e-02 -1.312952121239e-01 2.67e-05 9.05e-06 4.99e-05 0.160
 10   -7.201531178814e-02 -1.315471973589e-01 2.48e-05 8.42e-06 6.50e-05 0.165
 11   -8.164353350234e-02 -1.240609270842e-01 1.52e-05 5.17e-06 9.59e-05 0.170
 12   -8.185267291709e-02 -1.235648781399e-01 1.42e-05 4.80e-06 1.07e-04 0.175
 13   -8.801457034201e-02 -1.149770459512e-01 8.69e-06 2.95e-06 7.86e-05 0.180
 14   -8.819252353512e-02 -1.143090036691e-01 7.56e-06 2.56e-06 1.36e-04 0.186
 15   -9.304282769670e-02 -1.073692858998e-01 2.60e-06 8.82e-07 1.16e-04 0.191
 16   -9.460167924226e-02 -1.043884715309e-01 1.29e-06 4.36e-07 1.38e-04 0.197
 17   -9.728271070256e-02 -1.004105538136e-01 3.64e-07 1.24e-07 6.72e-05 0.202
 18   -9.833491000229e-02 -9.891031822019e-02 6.09e-08 2.06e-08 7.55e-06 0.207
 19   -9.851021126501e-02 -9.864222931683e-02 1.09e-08 3.69e-09 2.02e-06 0.212
 20   -9.856408423570e-02 -9.857056954054e-02 5.14e-10 1.79e-10 9.17e-08 0.217
 21   -9.856667615790e-02 -9.856712108341e-02 3.52e-11 1.65e-11 4.81e-09 0.222
 22   -9.856684954200e-02 -9.856688112666e-02 2.18e-12 9.87e-11 1.69e-10 0.227
 23   -9.856686173431e-02 -9.856686520890e-02 2.09e-13 2.31e-12 1.36e-11 0.232


Optimal solution found in 23 iterations and 0.232s
Objective -9.85668617e-02
Primal infeasibility (abs/rel): 3.22e-12/2.09e-13
Dual infeasibility   (abs/rel): 2.55e-12/2.31e-12
Complementarity gap  (abs/rel): 1.50e-11/1.36e-11


Barrier finished in 0.24 seconds
Dual variables for problems with quadratic constraints not returned.
