cuOpt version: 26.10.0, git hash: 648f805d, host arch: x86_64, device archs: 80-real
CPU: AMD EPYC 7642 48-Core Processor, threads: 5C/5T, RAM usage: 27.70/503.74GiB
CPU SIMD target: AVX2
CUDA 12.9, device: NVIDIA A100 80GB PCIe (ID 0), VRAM: 79.44 GiB
CUDA device UUID: 68df5cf5-71f9-6a93-b428-460c080ffb10
Problem has 1 quadratic constraints. Converting to second-order cones and solving with barrier.
Bounded 50 free variables in presolve
26 variables with no lower bound
Transforming 50 nonzero lower bound
Presolved problem: 5103 constraints 10102 variables 265152 nonzeros
Skipping Ruiz equilibration (row norm ratio 1.4, column norm ratio 1.4 < 5e4, Q coeff ratio 1.0 < 100)
Barrier solver started at 0.030 seconds
Barrier solver: 5103 constraints, 10102 variables, 265152 nonzeros


Second-order cones          : 1
Upper bounds                : 5000
Linear system               : augmented
cuDSS Version               : 0.7.1
cuDSS Threading layer       : libcudss_mtlayer_gomp.so.0
Reordering time             : 0.054s
Symbolic factorization time : 0.024s
Symbolic nonzeros in factor : 2.79e+05
Elapsed time for augmented  : 0.114 seconds
Elapsed time           : 0.114 seconds
Barrier setup complete at 0.114 seconds
Adaptive regularization enabled


                  Objective                         Infeasibility        Time
Iter   Primal              Dual                Primal   Dual    Compl.   Elapsed
  0   -1.025837895487e+03 -1.028129230382e+03 1.34e+03 5.28e+00 3.29e-02 0.114
  1   -7.985632909685e+02 -1.216976611224e+03 1.04e+03 3.89e+00 1.06e-01 0.120
  2   -9.730475677262e+00 -1.999287297575e+03 1.25e+01 3.58e+00 1.82e+00 0.126
  3   -3.457028732159e-01 -2.775406964311e+02 3.71e-01 1.25e-01 4.38e-01 0.131
  4   -5.470798429360e-02 -6.323440460214e+00 3.73e-03 1.26e-03 5.61e-03 0.136
  5   -5.227916473364e-02 -1.984445628451e-01 8.11e-05 2.75e-05 1.22e-04 0.142
  6   -6.553479954128e-02 -1.301961148956e-01 3.20e-05 1.08e-05 4.83e-05 0.147
  7   -6.646079573359e-02 -1.309762903220e-01 3.14e-05 1.06e-05 4.75e-05 0.152
  8   -6.658996952752e-02 -1.310706868956e-01 3.12e-05 1.06e-05 4.72e-05 0.157
  9   -6.980068070267e-02 -1.315465649600e-01 2.83e-05 9.58e-06 5.56e-05 0.162
 10   -7.025954135485e-02 -1.317438957169e-01 2.72e-05 9.21e-06 7.49e-05 0.167
 11   -7.658523223740e-02 -1.306539528803e-01 1.93e-05 6.54e-06 1.74e-04 0.172
 12   -7.841176963220e-02 -1.287246559977e-01 1.55e-05 5.25e-06 3.90e-04 0.177
 13   -8.545538771728e-02 -1.215740491468e-01 7.58e-06 2.57e-06 5.89e-04 0.183
 14   -8.792196777641e-02 -1.175945659279e-01 5.65e-06 1.91e-06 4.31e-04 0.188
 15   -8.786827507008e-02 -1.164790895723e-01 4.83e-06 1.64e-06 4.83e-04 0.194
 16   -9.184920084224e-02 -1.097402177653e-01 2.71e-06 9.18e-07 2.61e-04 0.199
 17   -9.248230417756e-02 -1.082458593304e-01 2.12e-06 7.19e-07 2.54e-04 0.206
 18   -9.594462750592e-02 -1.023269844375e-01 6.33e-07 2.15e-07 8.99e-05 0.211
 19   -9.641362549979e-02 -1.012969410447e-01 3.97e-07 1.34e-07 8.63e-05 0.217
 20   -9.754025470118e-02 -9.965836829663e-02 1.51e-07 5.13e-08 3.38e-05 0.222
 21   -9.785245377902e-02 -9.912028565470e-02 7.20e-08 2.44e-08 2.53e-05 0.227
 22   -9.819690392777e-02 -9.863658402274e-02 2.13e-08 7.21e-09 8.40e-06 0.233
 23   -9.830210877341e-02 -9.847877520063e-02 6.27e-09 2.10e-09 3.43e-06 0.238
 24   -9.835875266844e-02 -9.840597994735e-02 1.54e-09 5.19e-10 8.98e-07 0.243
 25   -9.837617815192e-02 -9.838244628155e-02 1.22e-10 4.28e-11 1.02e-07 0.248
 26   -9.837858743835e-02 -9.837953743103e-02 1.82e-11 1.01e-11 1.55e-08 0.253
 27   -9.837897822626e-02 -9.837904294353e-02 8.08e-13 1.83e-12 7.08e-10 0.259
 28   -9.837900708445e-02 -9.837900847836e-02 3.97e-14 4.42e-10 1.43e-11 0.263


Optimal solution found in 28 iterations and 0.263s
Objective -9.83790071e-02
Primal infeasibility (abs/rel): 6.09e-13/3.97e-14
Dual infeasibility   (abs/rel): 4.87e-10/4.42e-10
Complementarity gap  (abs/rel): 1.57e-11/1.43e-11


Barrier finished in 0.27 seconds
Dual variables for problems with quadratic constraints not returned.
