cuOpt version: 26.10.0, git hash: 648f805d, host arch: x86_64, device archs: 80-real
CPU: AMD EPYC 7642 48-Core Processor, threads: 5C/5T, RAM usage: 27.74/503.74GiB
CPU SIMD target: AVX2
CUDA 12.9, device: NVIDIA A100 80GB PCIe (ID 0), VRAM: 79.44 GiB
CUDA device UUID: 68df5cf5-71f9-6a93-b428-460c080ffb10
Problem has 1 quadratic constraints. Converting to second-order cones and solving with barrier.
Bounded 50 free variables in presolve
26 variables with no lower bound
Transforming 50 nonzero lower bound
Presolved problem: 5103 constraints 10102 variables 265152 nonzeros
Skipping Ruiz equilibration (row norm ratio 1.4, column norm ratio 1.4 < 5e4, Q coeff ratio 1.0 < 100)
Barrier solver started at 0.028 seconds
Barrier solver: 5103 constraints, 10102 variables, 265152 nonzeros


Second-order cones          : 1
Upper bounds                : 5000
Linear system               : augmented
cuDSS Version               : 0.7.1
cuDSS Threading layer       : libcudss_mtlayer_gomp.so.0
Reordering time             : 0.056s
Symbolic factorization time : 0.024s
Symbolic nonzeros in factor : 2.79e+05
Elapsed time for augmented  : 0.115 seconds
Elapsed time           : 0.115 seconds
Barrier setup complete at 0.115 seconds
Adaptive regularization enabled


                  Objective                         Infeasibility        Time
Iter   Primal              Dual                Primal   Dual    Compl.   Elapsed
  0   -1.026246265520e+03 -1.028093075705e+03 1.34e+03 5.28e+00 3.29e-02 0.116
  1   -7.988966987450e+02 -1.216948776448e+03 1.04e+03 3.89e+00 1.06e-01 0.122
  2   -9.733482063134e+00 -1.999411322224e+03 1.25e+01 3.59e+00 1.82e+00 0.128
  3   -3.460581840344e-01 -2.775324624826e+02 3.71e-01 1.25e-01 4.39e-01 0.133
  4   -5.473640342793e-02 -6.323996553139e+00 3.73e-03 1.26e-03 5.62e-03 0.138
  5   -5.230506740816e-02 -1.978985933220e-01 8.07e-05 2.74e-05 1.22e-04 0.144
  6   -6.570657749654e-02 -1.301533459056e-01 3.18e-05 1.08e-05 4.80e-05 0.149
  7   -6.675352917980e-02 -1.310202560461e-01 3.10e-05 1.05e-05 4.70e-05 0.154
  8   -6.693338104642e-02 -1.311525635430e-01 3.07e-05 1.04e-05 4.66e-05 0.160
  9   -7.032221530298e-02 -1.314456951833e-01 2.77e-05 9.38e-06 5.09e-05 0.165
 10   -7.077111192709e-02 -1.316384137690e-01 2.66e-05 9.02e-06 7.89e-05 0.170
 11   -7.601107850218e-02 -1.312071768327e-01 1.97e-05 6.68e-06 1.72e-04 0.175
 12   -7.943415347912e-02 -1.281749680806e-01 1.44e-05 4.90e-06 3.39e-04 0.180
 13   -8.643050481272e-02 -1.201309482021e-01 6.91e-06 2.34e-06 4.58e-04 0.186
 14   -8.941560693656e-02 -1.153234266961e-01 4.88e-06 1.65e-06 3.09e-04 0.191
 15   -8.934304381906e-02 -1.144276173274e-01 4.26e-06 1.44e-06 3.58e-04 0.197
 16   -9.376689010182e-02 -1.070015422473e-01 1.99e-06 6.74e-07 1.67e-04 0.202
 17   -9.423743780881e-02 -1.058610308028e-01 1.55e-06 5.25e-07 1.68e-04 0.208
 18   -9.668646866796e-02 -1.018956319037e-01 5.84e-07 1.98e-07 6.66e-05 0.213
 19   -9.702267889319e-02 -1.011366413729e-01 3.79e-07 1.28e-07 6.43e-05 0.219
 20   -9.793898005481e-02 -9.975864473001e-02 1.43e-07 4.84e-08 2.59e-05 0.224
 21   -9.819012977586e-02 -9.932793245211e-02 7.14e-08 2.42e-08 1.99e-05 0.230
 22   -9.849560618336e-02 -9.889659954239e-02 2.10e-08 7.12e-09 6.70e-06 0.235
 23   -9.859260803631e-02 -9.875326563904e-02 6.21e-09 2.09e-09 2.83e-06 0.240
 24   -9.864345523038e-02 -9.868780650225e-02 1.56e-09 5.27e-10 7.62e-07 0.245
 25   -9.865964786855e-02 -9.866605970791e-02 1.36e-10 3.69e-11 9.10e-08 0.250
 26   -9.866211344929e-02 -9.866308896924e-02 2.03e-11 1.07e-11 1.42e-08 0.255
 27   -9.866250762670e-02 -9.866259419198e-02 1.34e-12 1.20e-11 9.69e-10 0.261
 28   -9.866254515340e-02 -9.866254895781e-02 6.29e-14 1.11e-09 4.10e-11 0.264


Optimal solution found in 28 iterations and 0.264s
Objective -9.86625452e-02
Primal infeasibility (abs/rel): 9.65e-13/6.29e-14
Dual infeasibility   (abs/rel): 1.22e-09/1.11e-09
Complementarity gap  (abs/rel): 4.51e-11/4.10e-11


Barrier finished in 0.27 seconds
Dual variables for problems with quadratic constraints not returned.
