cuOpt version: 26.10.0, git hash: 648f805d, host arch: x86_64, device archs: 80-real
CPU: AMD EPYC 7642 48-Core Processor, threads: 5C/5T, RAM usage: 27.69/503.74GiB
CPU SIMD target: AVX2
CUDA 12.9, device: NVIDIA A100 80GB PCIe (ID 0), VRAM: 79.44 GiB
CUDA device UUID: 68df5cf5-71f9-6a93-b428-460c080ffb10
Problem has 1 quadratic constraints. Converting to second-order cones and solving with barrier.
Bounded 50 free variables in presolve
26 variables with no lower bound
Transforming 50 nonzero lower bound
Presolved problem: 5103 constraints 10102 variables 265152 nonzeros
Skipping Ruiz equilibration (row norm ratio 1.4, column norm ratio 1.4 < 5e4, Q coeff ratio 1.0 < 100)
Barrier solver started at 0.028 seconds
Barrier solver: 5103 constraints, 10102 variables, 265152 nonzeros


Second-order cones          : 1
Upper bounds                : 5000
Linear system               : augmented
cuDSS Version               : 0.7.1
cuDSS Threading layer       : libcudss_mtlayer_gomp.so.0
Reordering time             : 0.052s
Symbolic factorization time : 0.023s
Symbolic nonzeros in factor : 2.79e+05
Elapsed time for augmented  : 0.110 seconds
Elapsed time           : 0.110 seconds
Barrier setup complete at 0.110 seconds
Adaptive regularization enabled


                  Objective                         Infeasibility        Time
Iter   Primal              Dual                Primal   Dual    Compl.   Elapsed
  0   -1.025940973976e+03 -1.027948856450e+03 1.34e+03 5.28e+00 3.29e-02 0.110
  1   -7.987239835307e+02 -1.216837150903e+03 1.04e+03 3.89e+00 1.06e-01 0.115
  2   -9.728974464672e+00 -1.999896964234e+03 1.25e+01 3.59e+00 1.83e+00 0.120
  3   -3.478147498613e-01 -2.777518561704e+02 3.73e-01 1.26e-01 4.41e-01 0.125
  4   -5.473964836464e-02 -6.333384317168e+00 3.75e-03 1.27e-03 5.66e-03 0.130
  5   -5.229018378129e-02 -1.993089952345e-01 8.19e-05 2.78e-05 1.24e-04 0.135
  6   -6.558015232882e-02 -1.299641527406e-01 3.19e-05 1.08e-05 4.82e-05 0.140
  7   -6.657180355836e-02 -1.307655088668e-01 3.12e-05 1.06e-05 4.73e-05 0.145
  8   -6.701905590822e-02 -1.310614041610e-01 3.06e-05 1.04e-05 4.64e-05 0.150
  9   -7.150832717298e-02 -1.315559836308e-01 2.62e-05 8.88e-06 9.01e-05 0.155
 10   -7.256048572213e-02 -1.317563110338e-01 2.41e-05 8.18e-06 9.83e-05 0.160
 11   -8.220335168895e-02 -1.239378655362e-01 1.43e-05 4.85e-06 1.49e-04 0.165
 12   -8.240087459641e-02 -1.231761028783e-01 1.30e-05 4.40e-06 1.75e-04 0.170
 13   -8.912996952223e-02 -1.134754249657e-01 7.00e-06 2.37e-06 1.04e-04 0.175
 14   -8.968802727889e-02 -1.123162248851e-01 5.79e-06 1.96e-06 1.34e-04 0.180
 15   -9.517697236706e-02 -1.037963050539e-01 1.87e-06 6.35e-07 7.21e-05 0.185
 16   -9.562008118262e-02 -1.026012579878e-01 1.16e-06 3.95e-07 9.23e-05 0.190
 17   -9.733433593283e-02 -1.002038380550e-01 3.91e-07 1.33e-07 2.87e-05 0.195
 18   -9.763337130665e-02 -9.966313452478e-02 2.16e-07 7.31e-08 2.78e-05 0.201
 19   -9.816696918916e-02 -9.894146736395e-02 7.64e-08 2.59e-08 1.00e-05 0.206
 20   -9.827963702237e-02 -9.875919976541e-02 3.43e-08 1.16e-08 6.27e-06 0.210
 21   -9.842511290421e-02 -9.857143057409e-02 9.40e-09 3.18e-09 1.88e-06 0.215
 22   -9.846785817996e-02 -9.851365054314e-02 2.00e-09 6.68e-10 5.61e-07 0.220
 23   -9.848346207013e-02 -9.849466215941e-02 4.62e-10 1.58e-10 1.34e-07 0.225
 24   -9.848779587486e-02 -9.848919643305e-02 3.04e-11 1.11e-11 1.07e-08 0.230
 25   -9.848836905863e-02 -9.848853304722e-02 3.54e-12 6.50e-12 1.29e-09 0.235
 26   -9.848843959525e-02 -9.848844987215e-02 2.04e-13 1.31e-10 7.34e-11 0.239
 27   -9.848844407343e-02 -9.848844461686e-02 7.57e-15 2.44e-08 3.74e-12 0.243
 28   -9.848844430585e-02 -9.848844434516e-02 5.50e-16 1.77e-09 2.58e-13 0.248


Optimal solution found in 28 iterations and 0.248s
Objective -9.84884443e-02
Primal infeasibility (abs/rel): 8.44e-15/5.50e-16
Dual infeasibility   (abs/rel): 1.94e-09/1.77e-09
Complementarity gap  (abs/rel): 2.84e-13/2.58e-13


Barrier finished in 0.25 seconds
Dual variables for problems with quadratic constraints not returned.
