cuOpt version: 26.10.0, git hash: 648f805d, host arch: x86_64, device archs: 80-real
CPU: AMD EPYC 7642 48-Core Processor, threads: 5C/5T, RAM usage: 27.83/503.74GiB
CPU SIMD target: AVX2
CUDA 12.9, device: NVIDIA A100 80GB PCIe (ID 0), VRAM: 79.44 GiB
CUDA device UUID: 68df5cf5-71f9-6a93-b428-460c080ffb10
Problem has 1 quadratic constraints. Converting to second-order cones and solving with barrier.
Bounded 50 free variables in presolve
26 variables with no lower bound
Transforming 50 nonzero lower bound
Presolved problem: 5103 constraints 10102 variables 265152 nonzeros
Skipping Ruiz equilibration (row norm ratio 1.4, column norm ratio 1.4 < 5e4, Q coeff ratio 1.0 < 100)
Barrier solver started at 0.029 seconds
Barrier solver: 5103 constraints, 10102 variables, 265152 nonzeros


Second-order cones          : 1
Upper bounds                : 5000
Linear system               : augmented
cuDSS Version               : 0.7.1
cuDSS Threading layer       : libcudss_mtlayer_gomp.so.0
Reordering time             : 0.131s
Symbolic factorization time : 0.024s
Symbolic nonzeros in factor : 2.79e+05
Elapsed time for augmented  : 0.190 seconds
Elapsed time           : 0.190 seconds
Barrier setup complete at 0.190 seconds
Adaptive regularization enabled


                  Objective                         Infeasibility        Time
Iter   Primal              Dual                Primal   Dual    Compl.   Elapsed
  0   -1.025995437178e+03 -1.028118899967e+03 1.34e+03 5.28e+00 3.29e-02 0.191
  1   -7.986887522540e+02 -1.216968866076e+03 1.04e+03 3.89e+00 1.06e-01 0.196
  2   -9.731422657816e+00 -1.999320549797e+03 1.25e+01 3.58e+00 1.82e+00 0.202
  3   -3.455848673725e-01 -2.774883706352e+02 3.71e-01 1.25e-01 4.38e-01 0.207
  4   -5.471866595702e-02 -6.322050468770e+00 3.72e-03 1.26e-03 5.61e-03 0.212
  5   -5.229244335772e-02 -1.997849514314e-01 8.18e-05 2.77e-05 1.24e-04 0.218
  6   -6.537022567133e-02 -1.314136713939e-01 3.25e-05 1.10e-05 4.92e-05 0.223
  7   -6.636085350843e-02 -1.322342991516e-01 3.18e-05 1.08e-05 4.82e-05 0.228
  8   -6.672562744631e-02 -1.325192348247e-01 3.14e-05 1.06e-05 4.76e-05 0.233
  9   -6.864801641364e-02 -1.327985356169e-01 2.96e-05 1.00e-05 4.50e-05 0.238
 10   -6.866788663044e-02 -1.327744795757e-01 2.92e-05 9.89e-06 9.41e-05 0.242
 11   -7.136872280661e-02 -1.326914599508e-01 2.59e-05 8.77e-06 2.71e-04 0.247
 12   -7.339049922539e-02 -1.316414439913e-01 2.27e-05 7.70e-06 3.27e-04 0.252
 13   -7.783812091279e-02 -1.337852632167e-01 1.45e-05 4.92e-06 4.91e-04 0.257
 14   -8.267278489031e-02 -1.275719067103e-01 8.83e-06 2.99e-06 2.92e-04 0.262
 15   -8.625610705303e-02 -1.215920203338e-01 6.31e-06 2.14e-06 2.08e-04 0.267
 16   -8.622819418702e-02 -1.206233736728e-01 5.63e-06 1.91e-06 2.70e-04 0.273
 17   -9.219944255410e-02 -1.095266445499e-01 2.32e-06 7.88e-07 1.48e-04 0.278
 18   -9.277736153226e-02 -1.080220727347e-01 1.80e-06 6.11e-07 1.64e-04 0.284
 19   -9.579428110908e-02 -1.029990449133e-01 7.51e-07 2.55e-07 7.08e-05 0.289
 20   -9.611869243835e-02 -1.021064234747e-01 5.21e-07 1.77e-07 7.95e-05 0.295
 21   -9.726468605228e-02 -1.002968231760e-01 2.34e-07 7.93e-08 3.60e-05 0.299
 22   -9.751009561552e-02 -9.978208195401e-02 1.43e-07 4.84e-08 3.32e-05 0.305
 23   -9.804819602444e-02 -9.896390720343e-02 4.62e-08 1.57e-08 1.25e-05 0.310
 24   -9.820782361050e-02 -9.870698345238e-02 1.95e-08 6.61e-09 8.08e-06 0.316
 25   -9.835365171068e-02 -9.850916860777e-02 5.20e-09 1.77e-09 2.45e-06 0.321
 26   -9.840152730736e-02 -9.844240007918e-02 1.00e-09 3.26e-10 6.74e-07 0.326
 27   -9.841532850323e-02 -9.842502702375e-02 2.25e-10 7.57e-11 1.57e-07 0.330
 28   -9.841897321506e-02 -9.842023493829e-02 1.97e-11 3.92e-12 1.55e-08 0.335
 29   -9.841946596551e-02 -9.841963130070e-02 2.58e-12 9.88e-12 2.03e-09 0.340
 30   -9.841953054913e-02 -9.841955235696e-02 3.39e-13 2.59e-11 2.70e-10 0.345
 31   -9.841953945891e-02 -9.841954147784e-02 3.10e-14 2.37e-10 2.42e-11 0.350


Optimal solution found in 31 iterations and 0.350s
Objective -9.84195395e-02
Primal infeasibility (abs/rel): 4.75e-13/3.10e-14
Dual infeasibility   (abs/rel): 2.61e-10/2.37e-10
Complementarity gap  (abs/rel): 2.66e-11/2.42e-11


Barrier finished in 0.35 seconds
Dual variables for problems with quadratic constraints not returned.
