cuOpt version: 26.10.0, git hash: 648f805d, host arch: x86_64, device archs: 80-real
CPU: AMD EPYC 7642 48-Core Processor, threads: 5C/5T, RAM usage: 37.74/503.74GiB
CPU SIMD target: AVX2
CUDA 12.9, device: NVIDIA A100 80GB PCIe (ID 0), VRAM: 79.44 GiB
CUDA device UUID: 68df5cf5-71f9-6a93-b428-460c080ffb10
Problem has 1 quadratic constraints. Converting to second-order cones and solving with barrier.
Handling 50 free variables directly in augmented system
Presolved problem: 5103 constraints 10102 variables 265152 nonzeros
Skipping Ruiz equilibration (row norm ratio 1.4, column norm ratio 1.4 < 5e4, Q coeff ratio 1.0 < 100)
Barrier solver started at 0.026 seconds
Barrier solver: 5103 constraints, 10102 variables, 265152 nonzeros


Second-order cones          : 1
Free variables              : 50
Upper bounds                : 5000
Linear system               : augmented
cuDSS Version               : 0.7.1
cuDSS Threading layer       : libcudss_mtlayer_gomp.so.0
Reordering time             : 0.127s
Symbolic factorization time : 0.023s
Symbolic nonzeros in factor : 2.79e+05
Elapsed time for augmented  : 0.184 seconds
Elapsed time           : 0.184 seconds
Barrier setup complete at 0.184 seconds
Adaptive regularization enabled


                  Objective                         Infeasibility        Time
Iter   Primal              Dual                Primal   Dual    Compl.   Elapsed
  0   -3.703274138474e+02 -3.710708058040e+02 3.71e+03 1.91e+00 1.19e-02 0.184
  1   -4.137052079044e+00 -3.474922988751e+02 4.01e+01 2.77e-01 6.50e-02 0.187
  2   -1.039665873163e-01 -2.487351063657e+01 4.69e-01 7.85e-03 4.78e-03 0.190
  3   -5.494861952087e-02 -6.426107942272e-01 4.69e-03 7.91e-05 1.47e-04 0.193
  4   -5.854386015674e-02 -1.360801898582e-01 6.18e-04 1.04e-05 1.73e-05 0.195
  5   -6.651980201048e-02 -1.382165324434e-01 5.03e-04 8.47e-06 2.56e-05 0.198
  6   -6.787741986129e-02 -1.385553868585e-01 4.69e-04 7.93e-06 3.65e-05 0.201
  7   -8.000815336238e-02 -1.263543936336e-01 2.70e-04 4.55e-06 7.62e-05 0.203
  8   -8.013336241117e-02 -1.261894562310e-01 2.54e-04 4.30e-06 9.32e-05 0.206
  9   -8.275751328598e-02 -1.243059756952e-01 1.86e-04 3.19e-06 2.72e-04 0.209
 10   -8.324125542058e-02 -1.222972918873e-01 1.45e-04 2.50e-06 5.49e-04 0.211
 11   -9.290516512535e-02 -1.080072657785e-01 4.82e-05 8.13e-07 1.53e-04 0.214
 12   -9.345899327013e-02 -1.064560111391e-01 3.41e-05 5.87e-07 1.79e-04 0.217
 13   -9.680796919161e-02 -1.013510882898e-01 1.07e-05 1.65e-07 6.48e-05 0.219
 14   -9.715836559437e-02 -1.005134339249e-01 6.02e-06 1.02e-07 6.33e-05 0.222
 15   -9.801444208345e-02 -9.937491664603e-02 2.30e-06 2.88e-08 2.29e-05 0.225
 16   -9.823847277298e-02 -9.899448953909e-02 9.26e-07 1.80e-08 1.48e-05 0.228
 17   -9.846873783124e-02 -9.869334420612e-02 2.51e-07 1.22e-08 4.44e-06 0.230
 18   -9.853074560028e-02 -9.860434127829e-02 5.45e-08 1.62e-09 1.30e-06 0.233
 19   -9.855685061908e-02 -9.857248100930e-02 1.11e-08 8.96e-09 2.82e-07 0.236
 20   -9.856287210269e-02 -9.856470331171e-02 7.04e-10 1.57e-10 2.23e-08 0.238
 21   -9.856361930282e-02 -9.856382012860e-02 7.68e-11 1.23e-08 2.50e-09 0.241
 22   -9.856370624859e-02 -9.856371664134e-02 1.65e-11 3.78e-09 1.24e-10 0.244
 23   -9.856371080986e-02 -9.856371151073e-02 5.26e-12 9.54e-07 7.03e-12 0.246
 24   -9.856371116083e-02 -9.856371122703e-02 7.52e-13 6.87e-05 5.82e-13 0.249
 25   -9.856371119962e-02 -9.856371120303e-02 3.67e-14 6.18e-04 1.38e-14 0.252
 26   -9.856371120141e-02 -9.856371120175e-02 1.02e-14 4.54e-05 3.54e-16 0.254
Numerical error in objective
Restoring previous solution


Suboptimal solution found in 27 iterations and 0.26 seconds
Objective -9.85637062e-02
Primal infeasibility (abs/rel): 3.30e-11/1.65e-11
Dual infeasibility   (abs/rel): 4.16e-09/3.78e-09
Complementarity gap  (abs/rel): 1.36e-10/1.24e-10


Barrier finished in 0.26 seconds
Dual variables for problems with quadratic constraints not returned.
