cuOpt version: 26.10.0, git hash: 648f805d, host arch: x86_64, device archs: 80-real
CPU: AMD EPYC 7642 48-Core Processor, threads: 5C/5T, RAM usage: 37.73/503.74GiB
CPU SIMD target: AVX2
CUDA 12.9, device: NVIDIA A100 80GB PCIe (ID 0), VRAM: 79.44 GiB
CUDA device UUID: 68df5cf5-71f9-6a93-b428-460c080ffb10
Problem has 1 quadratic constraints. Converting to second-order cones and solving with barrier.
Handling 50 free variables directly in augmented system
Presolved problem: 5103 constraints 10102 variables 265152 nonzeros
Skipping Ruiz equilibration (row norm ratio 1.4, column norm ratio 1.4 < 5e4, Q coeff ratio 1.0 < 100)
Barrier solver started at 0.025 seconds
Barrier solver: 5103 constraints, 10102 variables, 265152 nonzeros


Second-order cones          : 1
Free variables              : 50
Upper bounds                : 5000
Linear system               : augmented
cuDSS Version               : 0.7.1
cuDSS Threading layer       : libcudss_mtlayer_gomp.so.0
Reordering time             : 0.053s
Symbolic factorization time : 0.023s
Symbolic nonzeros in factor : 2.79e+05
Elapsed time for augmented  : 0.108 seconds
Elapsed time           : 0.108 seconds
Barrier setup complete at 0.108 seconds
Adaptive regularization enabled


                  Objective                         Infeasibility        Time
Iter   Primal              Dual                Primal   Dual    Compl.   Elapsed
  0   -3.704490508896e+02 -3.710981922775e+02 3.71e+03 1.91e+00 1.19e-02 0.109
  1   -4.138704055309e+00 -3.475197441660e+02 4.01e+01 2.77e-01 6.50e-02 0.112
  2   -1.040077714815e-01 -2.488126492947e+01 4.69e-01 7.85e-03 4.78e-03 0.114
  3   -5.496009155891e-02 -6.429578726540e-01 4.69e-03 7.91e-05 1.48e-04 0.117
  4   -5.855201100621e-02 -1.359301147971e-01 6.17e-04 1.04e-05 1.72e-05 0.120
  5   -6.551663237113e-02 -1.377706602800e-01 5.18e-04 8.72e-06 2.04e-05 0.123
  6   -6.699939844849e-02 -1.382652964498e-01 4.83e-04 8.15e-06 2.72e-05 0.125
  7   -8.162860082530e-02 -1.249446440718e-01 2.43e-04 4.09e-06 7.09e-05 0.128
  8   -8.180505538739e-02 -1.245928193734e-01 2.22e-04 3.75e-06 1.18e-04 0.131
  9   -8.340903888977e-02 -1.237510885498e-01 1.77e-04 3.03e-06 2.86e-04 0.133
 10   -8.548191234283e-02 -1.209174057859e-01 1.01e-04 1.72e-06 2.63e-04 0.136
 11   -8.804180731187e-02 -1.151500543412e-01 5.31e-05 9.37e-07 4.50e-04 0.139
 12   -9.516026520118e-02 -1.038332643504e-01 1.31e-05 1.97e-07 1.16e-04 0.142
 13   -9.698997675492e-02 -1.008623553237e-01 4.64e-06 6.71e-08 3.36e-05 0.144
 14   -9.759720458236e-02 -9.966209392696e-02 1.54e-06 3.47e-08 3.73e-05 0.147
 15   -9.828552987639e-02 -9.874037151641e-02 3.13e-07 1.80e-08 7.81e-06 0.150
 16   -9.842291774494e-02 -9.854048582661e-02 6.43e-08 6.38e-10 2.37e-06 0.152
 17   -9.846590741041e-02 -9.848553093960e-02 1.06e-08 1.38e-08 3.94e-07 0.155
 18   -9.847269098035e-02 -9.847595268890e-02 8.69e-10 2.56e-09 3.61e-08 0.158
 19   -9.847405130490e-02 -9.847432807820e-02 7.34e-11 8.62e-09 3.10e-09 0.160
 20   -9.847416827925e-02 -9.847418319998e-02 2.95e-11 9.00e-08 8.65e-11 0.163
 21   -9.847417543237e-02 -9.847417582685e-02 2.48e-13 4.00e-07 2.32e-12 0.166
 22   -9.847417560933e-02 -9.847417563226e-02 6.51e-14 7.73e-05 1.49e-13 0.168
 23   -9.847417562015e-02 -9.847417561936e-02 5.73e-14 5.19e-03 3.02e-15 0.171
Numerical error in objective
Restoring previous solution


Suboptimal solution found in 24 iterations and 0.17 seconds
Objective -9.84740513e-02
Primal infeasibility (abs/rel): 1.47e-10/7.34e-11
Dual infeasibility   (abs/rel): 9.49e-09/8.62e-09
Complementarity gap  (abs/rel): 3.40e-09/3.10e-09


Barrier finished in 0.18 seconds
Dual variables for problems with quadratic constraints not returned.
