cuOpt version: 26.10.0, git hash: 648f805d, host arch: x86_64, device archs: 80-real
CPU: AMD EPYC 7642 48-Core Processor, threads: 5C/5T, RAM usage: 37.80/503.74GiB
CPU SIMD target: AVX2
CUDA 12.9, device: NVIDIA A100 80GB PCIe (ID 0), VRAM: 79.44 GiB
CUDA device UUID: 68df5cf5-71f9-6a93-b428-460c080ffb10
Problem has 1 quadratic constraints. Converting to second-order cones and solving with barrier.
Handling 50 free variables directly in augmented system
Presolved problem: 5103 constraints 10102 variables 265152 nonzeros
Skipping Ruiz equilibration (row norm ratio 1.4, column norm ratio 1.4 < 5e4, Q coeff ratio 1.0 < 100)
Barrier solver started at 0.027 seconds
Barrier solver: 5103 constraints, 10102 variables, 265152 nonzeros


Second-order cones          : 1
Free variables              : 50
Upper bounds                : 5000
Linear system               : augmented
cuDSS Version               : 0.7.1
cuDSS Threading layer       : libcudss_mtlayer_gomp.so.0
Reordering time             : 0.057s
Symbolic factorization time : 0.023s
Symbolic nonzeros in factor : 2.79e+05
Elapsed time for augmented  : 0.115 seconds
Elapsed time           : 0.115 seconds
Barrier setup complete at 0.115 seconds
Adaptive regularization enabled


                  Objective                         Infeasibility        Time
Iter   Primal              Dual                Primal   Dual    Compl.   Elapsed
  0   -3.704562062107e+02 -3.710714720587e+02 3.71e+03 1.91e+00 1.19e-02 0.115
  1   -4.139037261250e+00 -3.474930274882e+02 4.01e+01 2.77e-01 6.49e-02 0.118
  2   -1.040203883093e-01 -2.487881668575e+01 4.69e-01 7.85e-03 4.78e-03 0.121
  3   -5.496595410568e-02 -6.428693973674e-01 4.69e-03 7.91e-05 1.48e-04 0.123
  4   -5.855928244680e-02 -1.358861470296e-01 6.16e-04 1.04e-05 1.71e-05 0.126
  5   -6.633591289146e-02 -1.378605864529e-01 5.05e-04 8.51e-06 2.41e-05 0.129
  6   -6.767703205123e-02 -1.382478229422e-01 4.72e-04 7.97e-06 2.82e-05 0.132
  7   -8.154063376462e-02 -1.247339890219e-01 2.42e-04 4.06e-06 6.14e-05 0.134
  8   -8.190771811894e-02 -1.244207508259e-01 2.17e-04 3.67e-06 8.71e-05 0.137
  9   -8.395453978595e-02 -1.227586548202e-01 1.64e-04 2.80e-06 2.16e-04 0.140
 10   -8.699905015820e-02 -1.186931129252e-01 9.09e-05 1.56e-06 1.29e-04 0.142
 11   -8.696666037237e-02 -1.174185092982e-01 7.65e-05 1.33e-06 2.75e-04 0.145
 12   -9.357429008070e-02 -1.067678721362e-01 3.01e-05 5.00e-07 8.75e-05 0.148
 13   -9.462487794594e-02 -1.048787157253e-01 2.03e-05 3.52e-07 1.04e-04 0.151
 14   -9.654722044988e-02 -1.018684971796e-01 9.31e-06 1.55e-07 4.87e-05 0.153
 15   -9.674411803578e-02 -1.012805961531e-01 6.52e-06 1.20e-07 5.66e-05 0.156
 16   -9.775643843543e-02 -9.980257618012e-02 2.64e-06 4.16e-08 2.43e-05 0.159
 17   -9.799283683829e-02 -9.938237772345e-02 1.45e-06 3.18e-08 2.20e-05 0.161
 18   -9.834006141925e-02 -9.888882154313e-02 4.91e-07 7.86e-09 8.26e-06 0.164
 19   -9.843731853239e-02 -9.873572859876e-02 1.96e-07 7.00e-09 4.68e-06 0.167
 20   -9.852800853576e-02 -9.861795647513e-02 5.18e-08 7.08e-09 1.38e-06 0.170
 21   -9.855791630270e-02 -9.857786115039e-02 8.00e-09 4.28e-09 3.06e-07 0.172
 22   -9.856495878094e-02 -9.856926454835e-02 1.65e-09 6.36e-09 6.57e-08 0.175
 23   -9.856659781917e-02 -9.856717765913e-02 1.58e-10 7.06e-09 6.87e-09 0.178
 24   -9.856682368379e-02 -9.856691011106e-02 2.36e-11 8.57e-09 1.03e-09 0.180
 25   -9.856686176935e-02 -9.856686497357e-02 8.77e-13 3.81e-08 3.42e-11 0.183
 26   -9.856686310543e-02 -9.856686340177e-02 7.43e-14 1.04e-05 2.74e-12 0.186
 27   -9.856686323498e-02 -9.856686325025e-02 2.45e-14 2.93e-04 9.16e-14 0.189
 28   -9.856686324133e-02 -9.856686324198e-02 1.52e-15 2.16e-02 6.68e-15 0.191
 29   -9.856686324156e-02 -9.856686324164e-02 1.22e-15 4.96e-03 4.85e-17 0.194
Numerical error in objective
Restoring previous solution


Suboptimal solution found in 30 iterations and 0.20 seconds
Objective -9.85665978e-02
Primal infeasibility (abs/rel): 3.16e-10/1.58e-10
Dual infeasibility   (abs/rel): 7.77e-09/7.06e-09
Complementarity gap  (abs/rel): 7.55e-09/6.87e-09


Barrier finished in 0.20 seconds
Dual variables for problems with quadratic constraints not returned.
