cuOpt version: 26.10.0, git hash: 648f805d, host arch: x86_64, device archs: 80-real
CPU: AMD EPYC 7642 48-Core Processor, threads: 5C/5T, RAM usage: 37.82/503.74GiB
CPU SIMD target: AVX2
CUDA 12.9, device: NVIDIA A100 80GB PCIe (ID 0), VRAM: 79.44 GiB
CUDA device UUID: 68df5cf5-71f9-6a93-b428-460c080ffb10
Problem has 1 quadratic constraints. Converting to second-order cones and solving with barrier.
Handling 50 free variables directly in augmented system
Presolved problem: 5103 constraints 10102 variables 265152 nonzeros
Skipping Ruiz equilibration (row norm ratio 1.4, column norm ratio 1.4 < 5e4, Q coeff ratio 1.0 < 100)
Barrier solver started at 0.024 seconds
Barrier solver: 5103 constraints, 10102 variables, 265152 nonzeros


Second-order cones          : 1
Free variables              : 50
Upper bounds                : 5000
Linear system               : augmented
cuDSS Version               : 0.7.1
cuDSS Threading layer       : libcudss_mtlayer_gomp.so.0
Reordering time             : 0.053s
Symbolic factorization time : 0.024s
Symbolic nonzeros in factor : 2.79e+05
Elapsed time for augmented  : 0.108 seconds
Elapsed time           : 0.108 seconds
Barrier setup complete at 0.108 seconds
Adaptive regularization enabled


                  Objective                         Infeasibility        Time
Iter   Primal              Dual                Primal   Dual    Compl.   Elapsed
  0   -3.703993037120e+02 -3.711301956175e+02 3.71e+03 1.91e+00 1.19e-02 0.108
  1   -4.138312164219e+00 -3.475517914085e+02 4.01e+01 2.77e-01 6.50e-02 0.111
  2   -1.039811673120e-01 -2.488651259630e+01 4.69e-01 7.85e-03 4.78e-03 0.114
  3   -5.494896683598e-02 -6.429278184162e-01 4.69e-03 7.91e-05 1.48e-04 0.117
  4   -5.853996091984e-02 -1.361844566524e-01 6.19e-04 1.04e-05 1.73e-05 0.119
  5   -6.635107948108e-02 -1.384036406180e-01 5.08e-04 8.56e-06 2.50e-05 0.122
  6   -6.755110001172e-02 -1.387681582872e-01 4.78e-04 8.08e-06 3.38e-05 0.125
  7   -7.881693753478e-02 -1.279574529652e-01 2.93e-04 4.94e-06 7.37e-05 0.127
  8   -7.897140819336e-02 -1.278424549220e-01 2.78e-04 4.70e-06 9.91e-05 0.130
  9   -8.213086632237e-02 -1.254376495979e-01 1.99e-04 3.40e-06 2.83e-04 0.133
 10   -8.362872098121e-02 -1.223006159481e-01 1.44e-04 2.48e-06 4.82e-04 0.135
 11   -9.211582701277e-02 -1.094477777407e-01 5.97e-05 1.01e-06 1.57e-04 0.138
 12   -9.256779490561e-02 -1.080706676869e-01 4.52e-05 7.78e-07 1.89e-04 0.141
 13   -9.635598769882e-02 -1.021839142795e-01 1.50e-05 2.40e-07 7.13e-05 0.143
 14   -9.657221944976e-02 -1.015252555406e-01 1.04e-05 1.77e-07 7.66e-05 0.146
 15   -9.764235832428e-02 -1.000352387900e-01 4.56e-06 7.06e-08 3.26e-05 0.149
 16   -9.788615384398e-02 -9.958310735652e-02 2.58e-06 4.81e-08 2.84e-05 0.152
 17   -9.832618584141e-02 -9.897762595741e-02 8.55e-07 9.46e-09 1.05e-05 0.154
 18   -9.844624315238e-02 -9.879236975139e-02 3.38e-07 8.64e-09 5.96e-06 0.157
 19   -9.855345112731e-02 -9.865535114217e-02 8.86e-08 7.63e-09 1.72e-06 0.160
 20   -9.858648470397e-02 -9.861109480147e-02 1.49e-08 8.91e-10 4.00e-07 0.162
 21   -9.859527187035e-02 -9.860044937599e-02 3.00e-09 7.05e-09 8.47e-08 0.165
 22   -9.859722779174e-02 -9.859796637665e-02 3.17e-10 4.36e-09 9.89e-09 0.168
 23   -9.859755146816e-02 -9.859758322873e-02 1.37e-11 5.87e-09 4.14e-10 0.170
 24   -9.859756458943e-02 -9.859756771666e-02 1.26e-12 2.37e-07 3.86e-11 0.173
 25   -9.859756587601e-02 -9.859756622743e-02 2.73e-13 8.66e-06 4.59e-12 0.176
 26   -9.859756602617e-02 -9.859756605726e-02 6.31e-14 2.07e-04 3.92e-13 0.179
 27   -9.859756604030e-02 -9.859756604194e-02 1.86e-14 4.62e-04 1.57e-14 0.181
 28   -9.859756604114e-02 -9.859756604133e-02 6.16e-15 5.68e-03 1.80e-17 0.184
Numerical error in objective
Restoring previous solution


Suboptimal solution found in 29 iterations and 0.19 seconds
Objective -9.85972278e-02
Primal infeasibility (abs/rel): 6.34e-10/3.17e-10
Dual infeasibility   (abs/rel): 4.81e-09/4.36e-09
Complementarity gap  (abs/rel): 1.09e-08/9.89e-09


Barrier finished in 0.19 seconds
Dual variables for problems with quadratic constraints not returned.
