cuOpt version: 26.10.0, git hash: 648f805d, host arch: x86_64, device archs: 80-real
CPU: AMD EPYC 7642 48-Core Processor, threads: 5C/5T, RAM usage: 37.82/503.74GiB
CPU SIMD target: AVX2
CUDA 12.9, device: NVIDIA A100 80GB PCIe (ID 0), VRAM: 79.44 GiB
CUDA device UUID: 68df5cf5-71f9-6a93-b428-460c080ffb10
Problem has 1 quadratic constraints. Converting to second-order cones and solving with barrier.
Handling 50 free variables directly in augmented system
Presolved problem: 5103 constraints 10102 variables 265152 nonzeros
Skipping Ruiz equilibration (row norm ratio 1.4, column norm ratio 1.4 < 5e4, Q coeff ratio 1.0 < 100)
Barrier solver started at 0.027 seconds
Barrier solver: 5103 constraints, 10102 variables, 265152 nonzeros


Second-order cones          : 1
Free variables              : 50
Upper bounds                : 5000
Linear system               : augmented
cuDSS Version               : 0.7.1
cuDSS Threading layer       : libcudss_mtlayer_gomp.so.0
Reordering time             : 0.058s
Symbolic factorization time : 0.023s
Symbolic nonzeros in factor : 2.79e+05
Elapsed time for augmented  : 0.116 seconds
Elapsed time           : 0.116 seconds
Barrier setup complete at 0.116 seconds
Adaptive regularization enabled


                  Objective                         Infeasibility        Time
Iter   Primal              Dual                Primal   Dual    Compl.   Elapsed
  0   -3.704184917206e+02 -3.711180220135e+02 3.71e+03 1.91e+00 1.19e-02 0.116
  1   -4.138494957547e+00 -3.475396351324e+02 4.01e+01 2.77e-01 6.50e-02 0.119
  2   -1.040008758324e-01 -2.488460400154e+01 4.69e-01 7.85e-03 4.78e-03 0.122
  3   -5.495630935569e-02 -6.429605407446e-01 4.69e-03 7.91e-05 1.48e-04 0.125
  4   -5.855092450049e-02 -1.360876683654e-01 6.18e-04 1.04e-05 1.73e-05 0.127
  5   -6.611140282308e-02 -1.381205616306e-01 5.09e-04 8.58e-06 2.37e-05 0.130
  6   -6.769549702736e-02 -1.385415133943e-01 4.71e-04 7.96e-06 3.28e-05 0.133
  7   -8.140010441461e-02 -1.247057321438e-01 2.49e-04 4.18e-06 6.94e-05 0.135
  8   -8.171324455001e-02 -1.244406422973e-01 2.27e-04 3.84e-06 7.19e-05 0.138
  9   -8.292005671537e-02 -1.238194617186e-01 1.93e-04 3.29e-06 1.61e-04 0.141
 10   -8.529997658797e-02 -1.209252810247e-01 1.42e-04 2.41e-06 1.19e-04 0.143
 11   -8.502941068099e-02 -1.203283037691e-01 1.32e-04 2.28e-06 2.15e-04 0.146
 12   -9.150724533744e-02 -1.101572861439e-01 6.66e-05 1.13e-06 9.35e-05 0.149
 13   -9.244788293441e-02 -1.084491661715e-01 5.07e-05 8.72e-07 1.11e-04 0.152
 14   -9.567306486463e-02 -1.033787292136e-01 2.15e-05 3.59e-07 5.51e-05 0.154
 15   -9.577595254029e-02 -1.028817994604e-01 1.71e-05 2.97e-07 6.92e-05 0.157
 16   -9.719619022453e-02 -1.008376836474e-01 8.07e-06 1.35e-07 3.20e-05 0.160
 17   -9.743812394256e-02 -1.003541092671e-01 5.41e-06 1.01e-07 3.44e-05 0.162
 18   -9.808527257931e-02 -9.941671549646e-02 2.09e-06 3.13e-08 1.45e-05 0.165
 19   -9.822383016272e-02 -9.917884185110e-02 1.20e-06 2.63e-08 1.22e-05 0.168
 20   -9.849385200548e-02 -9.881812444268e-02 3.41e-07 6.62e-09 4.02e-06 0.171
 21   -9.856659972070e-02 -9.871643961038e-02 1.22e-07 4.03e-09 2.08e-06 0.173
 22   -9.861395377453e-02 -9.865745304716e-02 3.18e-08 7.77e-09 5.85e-07 0.176
 23   -9.862861372872e-02 -9.863851220194e-02 4.90e-09 4.04e-09 1.19e-07 0.179
 24   -9.863220890204e-02 -9.863427773940e-02 9.82e-10 6.11e-09 2.51e-08 0.181
 25   -9.863301015698e-02 -9.863330294225e-02 1.07e-10 1.14e-08 2.95e-09 0.184
 26   -9.863313975986e-02 -9.863314851805e-02 3.17e-12 4.46e-08 8.40e-11 0.187
 27   -9.863314283798e-02 -9.863314492805e-02 9.34e-13 2.77e-06 2.15e-11 0.189
 28   -9.863314374119e-02 -9.863314388326e-02 5.44e-13 6.51e-05 1.33e-12 0.192
 29   -9.863314380876e-02 -9.863314381518e-02 1.40e-13 5.47e-05 3.31e-14 0.195
 30   -9.863314381297e-02 -9.863314381353e-02 2.17e-14 1.75e-04 8.66e-16 0.197
Numerical error in objective
Primal residual -nan dual residual -nan complementarity residual -nan
Search direction computation failed
Barrier finished in 0.20 seconds
Barrier Solve status A numerical error was encountered.
Dual variables for problems with quadratic constraints not returned.
