cuOpt version: 26.10.0, git hash: 648f805d, host arch: x86_64, device archs: 80-real
CPU: AMD EPYC 7642 48-Core Processor, threads: 5C/5T, RAM usage: 37.72/503.74GiB
CPU SIMD target: AVX2
CUDA 12.9, device: NVIDIA A100 80GB PCIe (ID 0), VRAM: 79.44 GiB
CUDA device UUID: 68df5cf5-71f9-6a93-b428-460c080ffb10
Problem has 1 quadratic constraints. Converting to second-order cones and solving with barrier.
Handling 50 free variables directly in augmented system
Presolved problem: 5103 constraints 10102 variables 265152 nonzeros
Skipping Ruiz equilibration (row norm ratio 1.4, column norm ratio 1.4 < 5e4, Q coeff ratio 1.0 < 100)
Barrier solver started at 0.024 seconds
Barrier solver: 5103 constraints, 10102 variables, 265152 nonzeros


Second-order cones          : 1
Free variables              : 50
Upper bounds                : 5000
Linear system               : augmented
cuDSS Version               : 0.7.1
cuDSS Threading layer       : libcudss_mtlayer_gomp.so.0
Reordering time             : 0.055s
Symbolic factorization time : 0.023s
Symbolic nonzeros in factor : 2.79e+05
Elapsed time for augmented  : 0.109 seconds
Elapsed time           : 0.109 seconds
Barrier setup complete at 0.109 seconds
Adaptive regularization enabled


                  Objective                         Infeasibility        Time
Iter   Primal              Dual                Primal   Dual    Compl.   Elapsed
  0   -3.703446513950e+02 -3.711178663113e+02 3.71e+03 1.91e+00 1.19e-02 0.110
  1   -4.136321701970e+00 -3.475393405900e+02 4.01e+01 2.77e-01 6.50e-02 0.112
  2   -1.039556752807e-01 -2.487508189838e+01 4.69e-01 7.85e-03 4.78e-03 0.115
  3   -5.494034058306e-02 -6.427665793363e-01 4.69e-03 7.91e-05 1.48e-04 0.118
  4   -5.852904417038e-02 -1.363010764296e-01 6.20e-04 1.04e-05 1.73e-05 0.120
  5   -6.681488306757e-02 -1.385031444169e-01 5.00e-04 8.42e-06 2.76e-05 0.123
  6   -6.831092816135e-02 -1.388298639443e-01 4.63e-04 7.81e-06 3.21e-05 0.126
  7   -8.086286003599e-02 -1.256456356278e-01 2.57e-04 4.33e-06 5.93e-05 0.128
  8   -8.098452608276e-02 -1.254734442917e-01 2.43e-04 4.10e-06 7.95e-05 0.131
  9   -8.293818572057e-02 -1.241478736113e-01 1.89e-04 3.24e-06 2.37e-04 0.134
 10   -8.299293021782e-02 -1.228180257161e-01 1.62e-04 2.79e-06 4.26e-04 0.137
 11   -9.152272338993e-02 -1.100085575468e-01 7.04e-05 1.19e-06 1.35e-04 0.139
 12   -9.228110247394e-02 -1.083504210186e-01 5.24e-05 9.00e-07 1.55e-04 0.142
 13   -9.625903747017e-02 -1.020978662346e-01 1.64e-05 2.66e-07 6.56e-05 0.145
 14   -9.647622021981e-02 -1.014307731949e-01 1.13e-05 1.94e-07 7.44e-05 0.147
 15   -9.756422955024e-02 -9.995308745461e-02 5.08e-06 8.08e-08 3.26e-05 0.150
 16   -9.783008350215e-02 -9.948035003399e-02 2.84e-06 5.39e-08 2.87e-05 0.153
 17   -9.826871385413e-02 -9.888089739014e-02 9.13e-07 9.95e-09 1.03e-05 0.155
 18   -9.837729465276e-02 -9.871183476023e-02 3.70e-07 9.19e-09 5.88e-06 0.158
 19   -9.848247925291e-02 -9.857837232368e-02 9.55e-08 7.77e-09 1.67e-06 0.161
 20   -9.851277217682e-02 -9.853778953573e-02 1.75e-08 1.72e-09 4.14e-07 0.163
 21   -9.852156249276e-02 -9.852716616996e-02 3.72e-09 7.90e-09 9.25e-08 0.166
 22   -9.852368437310e-02 -9.852448039146e-02 3.74e-10 7.07e-09 1.06e-08 0.169
 23   -9.852400131643e-02 -9.852410859626e-02 5.05e-11 1.94e-09 1.46e-09 0.172
 24   -9.852404835565e-02 -9.852405316581e-02 2.27e-12 5.51e-08 6.59e-11 0.174
 25   -9.852405051523e-02 -9.852405059929e-02 1.39e-14 1.99e-07 1.16e-12 0.177
 26   -9.852405055119e-02 -9.852405055659e-02 3.00e-15 9.86e-04 7.47e-14 0.180
 27   -9.852405055370e-02 -9.852405055379e-02 4.72e-16 1.61e-03 2.14e-15 0.182
 28   -9.852405055372e-02 -9.852405055376e-02 3.33e-16 2.29e-03 4.19e-16 0.185
Numerical error in objective
Restoring previous solution


Suboptimal solution found in 29 iterations and 0.19 seconds
Objective -9.85240013e-02
Primal infeasibility (abs/rel): 1.01e-10/5.05e-11
Dual infeasibility   (abs/rel): 2.13e-09/1.94e-09
Complementarity gap  (abs/rel): 1.60e-09/1.46e-09


Barrier finished in 0.19 seconds
Dual variables for problems with quadratic constraints not returned.
