cuOpt version: 26.10.0, git hash: 648f805d, host arch: x86_64, device archs: 80-real
CPU: AMD EPYC 7642 48-Core Processor, threads: 5C/5T, RAM usage: 37.84/503.74GiB
CPU SIMD target: AVX2
CUDA 12.9, device: NVIDIA A100 80GB PCIe (ID 0), VRAM: 79.44 GiB
CUDA device UUID: 68df5cf5-71f9-6a93-b428-460c080ffb10
Problem has 1 quadratic constraints. Converting to second-order cones and solving with barrier.
Handling 50 free variables directly in augmented system
Presolved problem: 5103 constraints 10102 variables 265152 nonzeros
Skipping Ruiz equilibration (row norm ratio 1.4, column norm ratio 1.4 < 5e4, Q coeff ratio 1.0 < 100)
Barrier solver started at 0.025 seconds
Barrier solver: 5103 constraints, 10102 variables, 265152 nonzeros


Second-order cones          : 1
Free variables              : 50
Upper bounds                : 5000
Linear system               : augmented
cuDSS Version               : 0.7.1
cuDSS Threading layer       : libcudss_mtlayer_gomp.so.0
Reordering time             : 0.054s
Symbolic factorization time : 0.023s
Symbolic nonzeros in factor : 2.79e+05
Elapsed time for augmented  : 0.110 seconds
Elapsed time           : 0.110 seconds
Barrier setup complete at 0.110 seconds
Adaptive regularization enabled


                  Objective                         Infeasibility        Time
Iter   Primal              Dual                Primal   Dual    Compl.   Elapsed
  0   -3.704438282728e+02 -3.711104708303e+02 3.71e+03 1.91e+00 1.19e-02 0.110
  1   -4.139322660509e+00 -3.475321003753e+02 4.01e+01 2.77e-01 6.50e-02 0.113
  2   -1.040051644641e-01 -2.488690150382e+01 4.69e-01 7.85e-03 4.78e-03 0.116
  3   -5.496098286600e-02 -6.429065461730e-01 4.69e-03 7.91e-05 1.48e-04 0.119
  4   -5.855459127322e-02 -1.362808449934e-01 6.19e-04 1.04e-05 1.73e-05 0.121
  5   -6.665900402248e-02 -1.384240899632e-01 5.01e-04 8.44e-06 2.67e-05 0.124
  6   -6.830409161403e-02 -1.387647177759e-01 4.61e-04 7.79e-06 3.69e-05 0.127
  7   -8.178955659906e-02 -1.244189049605e-01 2.41e-04 4.06e-06 7.25e-05 0.129
  8   -8.204663267132e-02 -1.241616700880e-01 2.21e-04 3.74e-06 7.39e-05 0.132
  9   -8.363736431515e-02 -1.231272590602e-01 1.77e-04 3.03e-06 1.96e-04 0.135
 10   -8.574109248915e-02 -1.205816093352e-01 1.06e-04 1.82e-06 1.75e-04 0.137
 11   -8.728283840395e-02 -1.169578712366e-01 6.97e-05 1.22e-06 3.38e-04 0.140
 12   -9.491678007400e-02 -1.048368745545e-01 2.14e-05 3.40e-07 7.50e-05 0.143
 13   -9.573043572445e-02 -1.031982810083e-01 1.32e-05 2.24e-07 8.97e-05 0.145
 14   -9.610891389127e-02 -1.025840583561e-01 1.00e-05 1.84e-07 9.42e-05 0.148
 15   -9.721091248502e-02 -1.009344533523e-01 5.11e-06 8.87e-08 4.83e-05 0.151
 16   -9.738107116654e-02 -1.005139535663e-01 3.53e-06 7.06e-08 4.79e-05 0.154
 17   -9.813667770454e-02 -9.940610558129e-02 1.10e-06 1.51e-08 1.83e-05 0.156
 18   -9.834643549001e-02 -9.907977099220e-02 4.97e-07 1.48e-08 1.30e-05 0.159
 19   -9.856013171677e-02 -9.879917324980e-02 1.40e-07 6.65e-09 4.13e-06 0.162
 20   -9.863076570835e-02 -9.870228531106e-02 3.12e-08 1.63e-09 1.33e-06 0.164
 21   -9.865492249930e-02 -9.867237055665e-02 7.14e-09 8.24e-09 3.20e-07 0.167
 22   -9.866137830569e-02 -9.866393837452e-02 6.75e-10 2.59e-09 3.53e-08 0.170
 23   -9.866238683339e-02 -9.866273878048e-02 9.30e-11 6.62e-09 4.99e-09 0.172
 24   -9.866252416288e-02 -9.866257431370e-02 1.33e-11 3.73e-08 7.16e-10 0.175
 25   -9.866254602189e-02 -9.866254797097e-02 9.28e-13 1.55e-07 2.73e-11 0.178
 26   -9.866254686965e-02 -9.866254692520e-02 1.61e-13 4.48e-06 7.82e-13 0.181
 27   -9.866254689215e-02 -9.866254689433e-02 2.46e-14 1.00e-03 3.48e-14 0.183
 28   -9.866254689277e-02 -9.866254689304e-02 6.55e-15 7.15e-02 3.47e-15 0.186
Numerical error in objective
Restoring previous solution


Suboptimal solution found in 29 iterations and 0.19 seconds
Objective -9.86623868e-02
Primal infeasibility (abs/rel): 1.86e-10/9.30e-11
Dual infeasibility   (abs/rel): 7.29e-09/6.62e-09
Complementarity gap  (abs/rel): 5.48e-09/4.99e-09


Barrier finished in 0.19 seconds
Dual variables for problems with quadratic constraints not returned.
