cuOpt version: 26.10.0, git hash: 648f805d, host arch: x86_64, device archs: 80-real
CPU: AMD EPYC 7642 48-Core Processor, threads: 5C/5T, RAM usage: 35.32/503.74GiB
CPU SIMD target: AVX2
CUDA 12.9, device: NVIDIA A100 80GB PCIe (ID 0), VRAM: 79.44 GiB
CUDA device UUID: 68df5cf5-71f9-6a93-b428-460c080ffb10
Problem has 1 quadratic constraints. Converting to second-order cones and solving with barrier.
Barrier: reusing cache (skip convert/presolve/scaling)
Barrier solver started at 0.000 seconds
Barrier solver: 5103 constraints, 10102 variables, 265152 nonzeros
Barrier setup complete at 0.000 seconds
Adaptive regularization enabled
Barrier: cone cache reuse overrides the requested initial point with SedumiMu


                  Objective                         Infeasibility        Time
Iter   Primal              Dual                Primal   Dual    Compl.   Elapsed
  0   -3.704296579021e+02 -3.711143874095e+02 3.71e+03 1.91e+00 1.19e-02 0.001
  1   -4.138892540273e+00 -3.475359915783e+02 4.01e+01 2.77e-01 6.50e-02 0.006
  2   -1.039998805445e-01 -2.488607322966e+01 4.69e-01 7.85e-03 4.78e-03 0.011
  3   -5.495597895108e-02 -6.429558775206e-01 4.69e-03 7.91e-05 1.48e-04 0.016
  4   -5.854647521539e-02 -1.362808309847e-01 6.19e-04 1.04e-05 1.74e-05 0.021
  5   -6.679140441042e-02 -1.385929051331e-01 5.02e-04 8.46e-06 2.70e-05 0.025
  6   -6.794021445079e-02 -1.389116928291e-01 4.73e-04 7.97e-06 3.50e-05 0.030
  7   -8.102229557290e-02 -1.263519004850e-01 2.52e-04 4.25e-06 8.00e-05 0.034
  8   -8.117575034791e-02 -1.261420492881e-01 2.34e-04 3.94e-06 1.12e-04 0.038
  9   -8.463958433402e-02 -1.227986277642e-01 1.51e-04 2.54e-06 2.91e-04 0.043
 10   -8.541323016056e-02 -1.201658175254e-01 1.11e-04 1.87e-06 4.88e-04 0.048
 11   -9.365684680497e-02 -1.075880954576e-01 3.94e-05 6.63e-07 1.40e-04 0.052
 12   -9.411711739650e-02 -1.061242262710e-01 2.78e-05 4.68e-07 1.95e-04 0.057
 13   -9.711607655501e-02 -1.015147358787e-01 9.14e-06 1.54e-07 7.16e-05 0.061
 14   -9.773013918626e-02 -1.003112648963e-01 3.87e-06 6.52e-08 4.83e-05 0.066
 15   -9.846033520035e-02 -9.934188290552e-02 1.18e-06 1.99e-08 1.41e-05 0.070
 16   -9.865720247203e-02 -9.903619665897e-02 3.59e-07 6.03e-09 7.42e-06 0.075
 17   -9.878514035949e-02 -9.887517588187e-02 8.20e-08 1.38e-09 1.78e-06 0.079
 18   -9.881244782613e-02 -9.883698542657e-02 1.25e-08 2.04e-10 3.38e-07 0.083
 19   -9.882182190641e-02 -9.882589444170e-02 2.04e-09 3.76e-11 5.70e-08 0.088
 20   -9.882347510064e-02 -9.882384326715e-02 8.89e-11 1.50e-11 2.97e-09 0.092
 21   -9.882363229484e-02 -9.882366420546e-02 7.71e-12 8.84e-12 2.65e-10 0.097
 22   -9.882364643931e-02 -9.882364797021e-02 3.69e-13 6.52e-11 1.28e-11 0.101


Optimal solution found in 22 iterations and 0.101s
Objective -9.88236464e-02
Primal infeasibility (abs/rel): 7.38e-13/3.69e-13
Dual infeasibility   (abs/rel): 7.19e-11/6.52e-11
Complementarity gap  (abs/rel): 1.40e-11/1.28e-11


Barrier finished in 0.10 seconds
Dual variables for problems with quadratic constraints not returned.
