cuOpt version: 26.10.0, git hash: 648f805d, host arch: x86_64, device archs: 80-real
CPU: AMD EPYC 7642 48-Core Processor, threads: 5C/5T, RAM usage: 35.13/503.74GiB
CPU SIMD target: AVX2
CUDA 12.9, device: NVIDIA A100 80GB PCIe (ID 0), VRAM: 79.44 GiB
CUDA device UUID: 68df5cf5-71f9-6a93-b428-460c080ffb10
Problem has 1 quadratic constraints. Converting to second-order cones and solving with barrier.
Barrier: reusing cache (skip convert/presolve/scaling)
Barrier solver started at 0.000 seconds
Barrier solver: 5103 constraints, 10102 variables, 265152 nonzeros
Barrier setup complete at 0.000 seconds
Adaptive regularization enabled
Barrier: cone cache reuse overrides the requested initial point with SedumiMu


                  Objective                         Infeasibility        Time
Iter   Primal              Dual                Primal   Dual    Compl.   Elapsed
  0   -3.702624119443e+02 -3.710387458059e+02 3.71e+03 1.91e+00 1.19e-02 0.001
  1   -4.136636600806e+00 -3.474601645246e+02 4.01e+01 2.77e-01 6.50e-02 0.006
  2   -1.039518415401e-01 -2.487140787151e+01 4.69e-01 7.85e-03 4.78e-03 0.011
  3   -5.493965901104e-02 -6.425639779068e-01 4.69e-03 7.91e-05 1.48e-04 0.016
  4   -5.853205515324e-02 -1.359055187948e-01 6.17e-04 1.04e-05 1.72e-05 0.020
  5   -6.752262495901e-02 -1.382889553615e-01 4.87e-04 8.20e-06 3.00e-05 0.025
  6   -6.909308649976e-02 -1.385283226433e-01 4.47e-04 7.53e-06 4.23e-05 0.029
  7   -8.140923665883e-02 -1.243462249550e-01 2.48e-04 4.17e-06 7.51e-05 0.034
  8   -8.155824985285e-02 -1.241861208539e-01 2.32e-04 3.91e-06 7.37e-05 0.038
  9   -8.323127475472e-02 -1.230408375731e-01 1.85e-04 3.12e-06 2.17e-04 0.042
 10   -8.338537782113e-02 -1.218653044648e-01 1.59e-04 2.67e-06 3.59e-04 0.047
 11   -9.171620310004e-02 -1.095585324827e-01 6.76e-05 1.14e-06 1.14e-04 0.052
 12   -9.235013107282e-02 -1.081513925342e-01 5.23e-05 8.80e-07 1.34e-04 0.057
 13   -9.592593451661e-02 -1.025477342889e-01 1.90e-05 3.20e-07 6.40e-05 0.061
 14   -9.614589441973e-02 -1.018814825331e-01 1.36e-05 2.30e-07 7.67e-05 0.066
 15   -9.733931654385e-02 -1.002250320354e-01 6.13e-06 1.03e-07 3.37e-05 0.071
 16   -9.760406905819e-02 -9.973275965398e-02 3.64e-06 6.13e-08 3.20e-05 0.076
 17   -9.812133295629e-02 -9.901381870910e-02 1.31e-06 2.21e-08 1.27e-05 0.080
 18   -9.826863040234e-02 -9.878522662036e-02 5.79e-07 9.72e-09 8.12e-06 0.084
 19   -9.842352988084e-02 -9.858376733050e-02 1.54e-07 2.59e-09 2.46e-06 0.089
 20   -9.847368120571e-02 -9.851646520131e-02 2.95e-08 4.85e-10 6.70e-07 0.093
 21   -9.848854611957e-02 -9.849837557984e-02 6.39e-09 1.08e-10 1.53e-07 0.098
 22   -9.849231472416e-02 -9.849359150770e-02 5.64e-10 1.54e-11 1.53e-08 0.102
 23   -9.849280572831e-02 -9.849300662898e-02 8.87e-11 1.70e-11 2.50e-09 0.107
 24   -9.849289139888e-02 -9.849290442847e-02 5.72e-12 1.26e-09 1.61e-10 0.110
 25   -9.849289719720e-02 -9.849289749591e-02 1.18e-13 2.68e-08 3.63e-12 0.114
 26   -9.849289732461e-02 -9.849289734232e-02 7.11e-15 1.58e-09 2.14e-13 0.119


Optimal solution found in 26 iterations and 0.119s
Objective -9.84928973e-02
Primal infeasibility (abs/rel): 1.42e-14/7.11e-15
Dual infeasibility   (abs/rel): 1.74e-09/1.58e-09
Complementarity gap  (abs/rel): 2.35e-13/2.14e-13


Barrier finished in 0.12 seconds
Dual variables for problems with quadratic constraints not returned.
