cuOpt version: 26.10.0, git hash: 648f805d, host arch: x86_64, device archs: 80-real
CPU: AMD EPYC 7642 48-Core Processor, threads: 5C/5T, RAM usage: 35.17/503.74GiB
CPU SIMD target: AVX2
CUDA 12.9, device: NVIDIA A100 80GB PCIe (ID 0), VRAM: 79.44 GiB
CUDA device UUID: 68df5cf5-71f9-6a93-b428-460c080ffb10
Problem has 1 quadratic constraints. Converting to second-order cones and solving with barrier.
Barrier: reusing cache (skip convert/presolve/scaling)
Barrier solver started at 0.000 seconds
Barrier solver: 5103 constraints, 10102 variables, 265152 nonzeros
Barrier setup complete at 0.000 seconds
Adaptive regularization enabled
Barrier: cone cache reuse overrides the requested initial point with SedumiMu


                  Objective                         Infeasibility        Time
Iter   Primal              Dual                Primal   Dual    Compl.   Elapsed
  0   -3.704472534989e+02 -3.711214143411e+02 3.71e+03 1.91e+00 1.19e-02 0.001
  1   -4.139241902381e+00 -3.475430561507e+02 4.01e+01 2.77e-01 6.50e-02 0.006
  2   -1.040141472059e-01 -2.488853434559e+01 4.69e-01 7.85e-03 4.78e-03 0.010
  3   -5.495990786449e-02 -6.430541666556e-01 4.69e-03 7.91e-05 1.48e-04 0.015
  4   -5.854949301009e-02 -1.367065258397e-01 6.23e-04 1.05e-05 1.74e-05 0.019
  5   -6.684370796340e-02 -1.389240272199e-01 5.00e-04 8.41e-06 2.91e-05 0.024
  6   -6.858413646086e-02 -1.392430837642e-01 4.57e-04 7.69e-06 4.63e-05 0.028
  7   -8.184717658125e-02 -1.245071440339e-01 2.41e-04 4.06e-06 9.35e-05 0.032
  8   -8.205647356807e-02 -1.242795515696e-01 2.24e-04 3.77e-06 8.66e-05 0.037
  9   -8.329146361103e-02 -1.236155392875e-01 1.89e-04 3.18e-06 1.67e-04 0.042
 10   -8.579136710939e-02 -1.208127639600e-01 1.15e-04 1.94e-06 1.18e-04 0.046
 11   -8.609940061693e-02 -1.189970899300e-01 9.07e-05 1.53e-06 3.15e-04 0.051
 12   -9.366877170118e-02 -1.069256635663e-01 3.32e-05 5.59e-07 9.09e-05 0.056
 13   -9.465887521601e-02 -1.050849162447e-01 2.22e-05 3.74e-07 9.99e-05 0.061
 14   -9.514522857691e-02 -1.042612842234e-01 1.75e-05 2.94e-07 1.08e-04 0.066
 15   -9.670994166846e-02 -1.019019166498e-01 8.91e-06 1.50e-07 5.45e-05 0.070
 16   -9.685674624123e-02 -1.014431630786e-01 6.62e-06 1.12e-07 5.95e-05 0.076
 17   -9.786801470531e-02 -9.994567596806e-02 2.48e-06 4.17e-08 2.48e-05 0.080
 18   -9.810390961942e-02 -9.953525607667e-02 1.36e-06 2.28e-08 2.14e-05 0.085
 19   -9.848034876693e-02 -9.901770887596e-02 4.20e-07 7.08e-09 7.64e-06 0.090
 20   -9.859699167919e-02 -9.884890455986e-02 1.51e-07 2.52e-09 4.07e-06 0.094
 21   -9.867518277085e-02 -9.874976566782e-02 3.96e-08 6.64e-10 1.17e-06 0.099
 22   -9.870100177087e-02 -9.871576833820e-02 5.26e-09 8.16e-11 2.18e-07 0.103
 23   -9.870640688115e-02 -9.870930642882e-02 9.94e-10 1.87e-11 4.31e-08 0.107
 24   -9.870752134267e-02 -9.870791772685e-02 1.04e-10 1.07e-12 4.80e-09 0.112
 25   -9.870768878644e-02 -9.870771717351e-02 7.47e-12 1.03e-10 3.39e-10 0.116
 26   -9.870770119436e-02 -9.870770235234e-02 2.92e-13 7.50e-08 1.24e-11 0.120
 27   -9.870770169062e-02 -9.870770178543e-02 2.20e-14 5.63e-09 8.49e-13 0.124


Optimal solution found in 27 iterations and 0.124s
Objective -9.87077017e-02
Primal infeasibility (abs/rel): 4.40e-14/2.20e-14
Dual infeasibility   (abs/rel): 6.20e-09/5.63e-09
Complementarity gap  (abs/rel): 9.33e-13/8.49e-13


Barrier finished in 0.12 seconds
Dual variables for problems with quadratic constraints not returned.
