cuOpt version: 26.10.0, git hash: 648f805d, host arch: x86_64, device archs: 80-real
CPU: AMD EPYC 7642 48-Core Processor, threads: 5C/5T, RAM usage: 35.24/503.74GiB
CPU SIMD target: AVX2
CUDA 12.9, device: NVIDIA A100 80GB PCIe (ID 0), VRAM: 79.44 GiB
CUDA device UUID: 68df5cf5-71f9-6a93-b428-460c080ffb10
Problem has 1 quadratic constraints. Converting to second-order cones and solving with barrier.
Barrier: reusing cache (skip convert/presolve/scaling)
Barrier solver started at 0.000 seconds
Barrier solver: 5103 constraints, 10102 variables, 265152 nonzeros
Barrier setup complete at 0.000 seconds
Adaptive regularization enabled
Barrier: cone cache reuse overrides the requested initial point with SedumiMu


                  Objective                         Infeasibility        Time
Iter   Primal              Dual                Primal   Dual    Compl.   Elapsed
  0   -3.702779911923e+02 -3.710340990992e+02 3.71e+03 1.91e+00 1.19e-02 0.001
  1   -4.137414081069e+00 -3.474555508994e+02 4.01e+01 2.77e-01 6.49e-02 0.006
  2   -1.039627935031e-01 -2.487502810092e+01 4.69e-01 7.85e-03 4.78e-03 0.011
  3   -5.494259768663e-02 -6.426390887195e-01 4.69e-03 7.91e-05 1.48e-04 0.015
  4   -5.853147857663e-02 -1.362046791807e-01 6.19e-04 1.04e-05 1.73e-05 0.019
  5   -6.730422221109e-02 -1.383594210003e-01 4.88e-04 8.22e-06 3.14e-05 0.024
  6   -6.898407730912e-02 -1.386008916631e-01 4.45e-04 7.50e-06 4.26e-05 0.028
  7   -8.252091329321e-02 -1.224963645679e-01 2.25e-04 3.80e-06 7.32e-05 0.033
  8   -8.268114371468e-02 -1.222822749507e-01 2.09e-04 3.53e-06 6.77e-05 0.037
  9   -8.383692231622e-02 -1.216691144500e-01 1.75e-04 2.95e-06 1.72e-04 0.041
 10   -8.546468196979e-02 -1.197751091948e-01 1.12e-04 1.88e-06 1.69e-04 0.046
 11   -8.753110432053e-02 -1.152997724877e-01 6.41e-05 1.08e-06 3.89e-04 0.050
 12   -9.549979122838e-02 -1.030619385728e-01 1.25e-05 2.11e-07 8.56e-05 0.055
 13   -9.695196290247e-02 -1.005108816874e-01 4.45e-06 7.49e-08 4.28e-05 0.059
 14   -9.798381383288e-02 -9.895344703249e-02 9.93e-07 1.67e-08 9.27e-06 0.063
 15   -9.830540880861e-02 -9.849455424854e-02 9.78e-08 1.65e-09 6.10e-07 0.068
 16   -9.836747521765e-02 -9.841452174526e-02 1.82e-08 3.01e-10 1.90e-07 0.072
 17   -9.838644770395e-02 -9.839174343329e-02 1.77e-09 3.35e-11 1.98e-08 0.076
 18   -9.838859207647e-02 -9.838915607682e-02 1.79e-10 8.53e-12 2.96e-09 0.081
 19   -9.838883521506e-02 -9.838886712350e-02 1.01e-11 6.02e-12 1.57e-10 0.085
 20   -9.838884914864e-02 -9.838885071345e-02 4.76e-13 7.43e-08 4.99e-12 0.089
 21   -9.838884979251e-02 -9.838884994718e-02 3.44e-14 5.36e-09 6.17e-13 0.094


Optimal solution found in 21 iterations and 0.094s
Objective -9.83888498e-02
Primal infeasibility (abs/rel): 6.88e-14/3.44e-14
Dual infeasibility   (abs/rel): 5.91e-09/5.36e-09
Complementarity gap  (abs/rel): 6.77e-13/6.17e-13


Barrier finished in 0.09 seconds
Dual variables for problems with quadratic constraints not returned.
