cuOpt version: 26.10.0, git hash: 648f805d, host arch: x86_64, device archs: 80-real
CPU: AMD EPYC 7642 48-Core Processor, threads: 5C/5T, RAM usage: 35.46/503.74GiB
CPU SIMD target: AVX2
CUDA 12.9, device: NVIDIA A100 80GB PCIe (ID 0), VRAM: 79.44 GiB
CUDA device UUID: 68df5cf5-71f9-6a93-b428-460c080ffb10
Problem has 1 quadratic constraints. Converting to second-order cones and solving with barrier.
Barrier: reusing cache (skip convert/presolve/scaling)
Barrier solver started at 0.000 seconds
Barrier solver: 5103 constraints, 10102 variables, 265152 nonzeros
Barrier setup complete at 0.000 seconds
Adaptive regularization enabled
Barrier: cone cache reuse overrides the requested initial point with SedumiMu


                  Objective                         Infeasibility        Time
Iter   Primal              Dual                Primal   Dual    Compl.   Elapsed
  0   -3.703336272695e+02 -3.710584120459e+02 3.71e+03 1.91e+00 1.19e-02 0.001
  1   -4.137833045445e+00 -3.474799232486e+02 4.01e+01 2.77e-01 6.49e-02 0.006
  2   -1.039807718591e-01 -2.487731442300e+01 4.69e-01 7.85e-03 4.78e-03 0.012
  3   -5.494981792960e-02 -6.427224486089e-01 4.69e-03 7.91e-05 1.48e-04 0.016
  4   -5.854536673128e-02 -1.356570863583e-01 6.15e-04 1.04e-05 1.72e-05 0.020
  5   -6.553128982980e-02 -1.375823482423e-01 5.16e-04 8.70e-06 1.98e-05 0.025
  6   -6.729993349842e-02 -1.381153589398e-01 4.75e-04 8.00e-06 3.03e-05 0.029
  7   -8.239177795127e-02 -1.235205331855e-01 2.32e-04 3.91e-06 7.67e-05 0.034
  8   -8.264021065870e-02 -1.231477055121e-01 2.10e-04 3.54e-06 8.23e-05 0.038
  9   -8.327699925032e-02 -1.231878272785e-01 1.90e-04 3.20e-06 1.78e-04 0.043
 10   -8.606537690152e-02 -1.198865683814e-01 1.12e-04 1.88e-06 1.19e-04 0.047
 11   -8.627230817931e-02 -1.182988542323e-01 9.01e-05 1.52e-06 2.79e-04 0.053
 12   -9.298410867090e-02 -1.075030357804e-01 3.71e-05 6.25e-07 9.18e-05 0.057
 13   -9.424767478795e-02 -1.053376378868e-01 2.32e-05 3.90e-07 1.09e-04 0.062
 14   -9.476808921174e-02 -1.043052907705e-01 1.80e-05 3.03e-07 1.15e-04 0.067
 15   -9.670464701271e-02 -1.013498701617e-01 7.93e-06 1.34e-07 5.22e-05 0.072
 16   -9.696534712411e-02 -1.007450543195e-01 5.31e-06 8.94e-08 5.32e-05 0.077
 17   -9.782734444233e-02 -9.947062821181e-02 1.98e-06 3.34e-08 2.14e-05 0.081
 18   -9.801217313392e-02 -9.914263456262e-02 1.08e-06 1.82e-08 1.70e-05 0.086
 19   -9.831874743241e-02 -9.872120627612e-02 3.27e-07 5.51e-09 5.73e-06 0.091
 20   -9.841215848959e-02 -9.858614087330e-02 1.07e-07 1.77e-09 2.72e-06 0.095
 21   -9.846616996096e-02 -9.851734535082e-02 2.82e-08 4.72e-10 7.70e-07 0.100
 22   -9.848403043878e-02 -9.849372030728e-02 3.30e-09 5.13e-11 1.20e-07 0.104
 23   -9.848767648176e-02 -9.848938550783e-02 5.65e-10 1.18e-11 2.12e-08 0.109
 24   -9.848836211487e-02 -9.848854084491e-02 4.33e-11 1.13e-11 1.65e-09 0.113
 25   -9.848843361851e-02 -9.848845685696e-02 5.63e-12 7.64e-11 2.17e-10 0.117
 26   -9.848844263639e-02 -9.848844630175e-02 8.86e-13 2.91e-10 3.52e-11 0.122


Optimal solution found in 26 iterations and 0.122s
Objective -9.84884426e-02
Primal infeasibility (abs/rel): 1.77e-12/8.86e-13
Dual infeasibility   (abs/rel): 3.21e-10/2.91e-10
Complementarity gap  (abs/rel): 3.86e-11/3.52e-11


Barrier finished in 0.12 seconds
Dual variables for problems with quadratic constraints not returned.
