cuOpt version: 26.10.0, git hash: 648f805d, host arch: x86_64, device archs: 80-real
CPU: AMD EPYC 7642 48-Core Processor, threads: 5C/5T, RAM usage: 35.19/503.74GiB
CPU SIMD target: AVX2
CUDA 12.9, device: NVIDIA A100 80GB PCIe (ID 0), VRAM: 79.44 GiB
CUDA device UUID: 68df5cf5-71f9-6a93-b428-460c080ffb10
Problem has 1 quadratic constraints. Converting to second-order cones and solving with barrier.
Barrier: reusing cache (skip convert/presolve/scaling)
Barrier solver started at 0.000 seconds
Barrier solver: 5103 constraints, 10102 variables, 265152 nonzeros
Barrier setup complete at 0.000 seconds
Adaptive regularization enabled
Barrier: cone cache reuse overrides the requested initial point with SedumiMu


                  Objective                         Infeasibility        Time
Iter   Primal              Dual                Primal   Dual    Compl.   Elapsed
  0   -3.703361174615e+02 -3.711052443117e+02 3.71e+03 1.91e+00 1.19e-02 0.001
  1   -4.137135553336e+00 -3.475267509353e+02 4.01e+01 2.77e-01 6.50e-02 0.006
  2   -1.039531788775e-01 -2.487910046061e+01 4.69e-01 7.85e-03 4.78e-03 0.011
  3   -5.493987133254e-02 -6.426843981814e-01 4.69e-03 7.91e-05 1.47e-04 0.015
  4   -5.852671144075e-02 -1.365429796218e-01 6.22e-04 1.05e-05 1.74e-05 0.020
  5   -6.766231445920e-02 -1.389353406657e-01 4.86e-04 8.19e-06 3.37e-05 0.024
  6   -6.886255239784e-02 -1.391548239891e-01 4.54e-04 7.65e-06 4.28e-05 0.029
  7   -8.047951244807e-02 -1.258120922279e-01 2.61e-04 4.40e-06 7.94e-05 0.033
  8   -8.065830271752e-02 -1.256963842865e-01 2.46e-04 4.14e-06 7.69e-05 0.037
  9   -8.300368177295e-02 -1.237812803220e-01 1.84e-04 3.10e-06 2.23e-04 0.042
 10   -8.389688452934e-02 -1.215840805949e-01 1.44e-04 2.42e-06 3.70e-04 0.047
 11   -9.193528521721e-02 -1.093076085165e-01 6.12e-05 1.03e-06 1.21e-04 0.051
 12   -9.265521575901e-02 -1.077066566662e-01 4.52e-05 7.62e-07 1.39e-04 0.056
 13   -9.633186381952e-02 -1.019842075961e-01 1.50e-05 2.54e-07 5.78e-05 0.060
 14   -9.649225651840e-02 -1.014072039703e-01 1.07e-05 1.80e-07 6.91e-05 0.066
 15   -9.758120243965e-02 -9.990235730813e-02 4.73e-06 7.96e-08 2.97e-05 0.070
 16   -9.782661078701e-02 -9.944880860460e-02 2.61e-06 4.40e-08 2.62e-05 0.075
 17   -9.824000019237e-02 -9.887841583680e-02 8.95e-07 1.51e-08 9.86e-06 0.080
 18   -9.835841310358e-02 -9.869556468993e-02 3.49e-07 5.85e-09 5.49e-06 0.084
 19   -9.846246835380e-02 -9.856223271912e-02 9.16e-08 1.54e-09 1.59e-06 0.088
 20   -9.849581241831e-02 -9.851773069408e-02 1.38e-08 2.13e-10 3.39e-07 0.093
 21   -9.850368784341e-02 -9.850823699353e-02 2.75e-09 4.58e-11 7.00e-08 0.097
 22   -9.850544051744e-02 -9.850602752615e-02 2.51e-10 1.46e-11 6.90e-09 0.102
 23   -9.850567245749e-02 -9.850575042582e-02 3.33e-11 5.30e-10 9.18e-10 0.105
 24   -9.850570676426e-02 -9.850570951989e-02 1.17e-12 4.72e-10 3.14e-11 0.109


Optimal solution found in 24 iterations and 0.109s
Objective -9.85057068e-02
Primal infeasibility (abs/rel): 2.34e-12/1.17e-12
Dual infeasibility   (abs/rel): 5.20e-10/4.72e-10
Complementarity gap  (abs/rel): 3.45e-11/3.14e-11


Barrier finished in 0.11 seconds
Dual variables for problems with quadratic constraints not returned.
