cuOpt version: 26.10.0, git hash: 648f805d, host arch: x86_64, device archs: 80-real
CPU: AMD EPYC 7642 48-Core Processor, threads: 5C/5T, RAM usage: 35.33/503.74GiB
CPU SIMD target: AVX2
CUDA 12.9, device: NVIDIA A100 80GB PCIe (ID 0), VRAM: 79.44 GiB
CUDA device UUID: 68df5cf5-71f9-6a93-b428-460c080ffb10
Problem has 1 quadratic constraints. Converting to second-order cones and solving with barrier.
Barrier: reusing cache (skip convert/presolve/scaling)
Barrier solver started at 0.000 seconds
Barrier solver: 5103 constraints, 10102 variables, 265152 nonzeros
Barrier setup complete at 0.000 seconds
Adaptive regularization enabled
Barrier: cone cache reuse overrides the requested initial point with SedumiMu


                  Objective                         Infeasibility        Time
Iter   Primal              Dual                Primal   Dual    Compl.   Elapsed
  0   -3.703532868363e+02 -3.711197926069e+02 3.71e+03 1.91e+00 1.19e-02 0.001
  1   -4.137900817514e+00 -3.475413679210e+02 4.01e+01 2.77e-01 6.50e-02 0.007
  2   -1.039745671068e-01 -2.488596544706e+01 4.69e-01 7.85e-03 4.78e-03 0.012
  3   -5.494370633025e-02 -6.429526215755e-01 4.69e-03 7.91e-05 1.48e-04 0.017
  4   -5.852900822853e-02 -1.369056669621e-01 6.24e-04 1.05e-05 1.75e-05 0.021
  5   -6.642473535275e-02 -1.389496560043e-01 5.07e-04 8.54e-06 2.84e-05 0.029
  6   -6.769403964339e-02 -1.393008171419e-01 4.75e-04 8.00e-06 3.77e-05 0.033
  7   -7.916853077647e-02 -1.276637842820e-01 2.84e-04 4.79e-06 8.13e-05 0.038
  8   -7.928838218754e-02 -1.275288015452e-01 2.70e-04 4.54e-06 9.31e-05 0.042
  9   -8.201658958908e-02 -1.255773899244e-01 2.00e-04 3.36e-06 2.72e-04 0.046
 10   -8.282434263918e-02 -1.232650568145e-01 1.54e-04 2.60e-06 5.06e-04 0.051
 11   -9.170485996849e-02 -1.098300156884e-01 6.34e-05 1.07e-06 1.60e-04 0.056
 12   -9.213585167816e-02 -1.084542567994e-01 4.88e-05 8.21e-07 1.96e-04 0.061
 13   -9.606989101024e-02 -1.022440932656e-01 1.66e-05 2.79e-07 7.99e-05 0.065
 14   -9.652374223918e-02 -1.010906888292e-01 9.09e-06 1.53e-07 8.31e-05 0.070
 15   -9.766164906081e-02 -9.954410637663e-02 3.35e-06 5.64e-08 2.83e-05 0.074
 16   -9.793267588876e-02 -9.907066058271e-02 1.49e-06 2.51e-08 2.04e-05 0.079
 17   -9.826812506080e-02 -9.862890524780e-02 4.40e-07 7.41e-09 6.36e-06 0.083
 18   -9.835375886628e-02 -9.850213646445e-02 1.23e-07 2.05e-09 2.38e-06 0.087
 19   -9.840434855832e-02 -9.843916076984e-02 2.71e-08 4.57e-10 5.67e-07 0.092
 20   -9.841726143460e-02 -9.842222545446e-02 2.07e-09 2.20e-11 5.91e-08 0.096
 21   -9.841924737407e-02 -9.841989536886e-02 2.68e-10 4.16e-12 7.79e-09 0.101
 22   -9.841951623778e-02 -9.841956851121e-02 1.54e-11 4.74e-12 4.46e-10 0.105
 23   -9.841953691974e-02 -9.841954439389e-02 2.20e-12 5.01e-09 6.56e-11 0.109


Optimal solution found in 23 iterations and 0.109s
Objective -9.84195369e-02
Primal infeasibility (abs/rel): 4.40e-12/2.20e-12
Dual infeasibility   (abs/rel): 5.52e-09/5.01e-09
Complementarity gap  (abs/rel): 7.21e-11/6.56e-11


Barrier finished in 0.11 seconds
Dual variables for problems with quadratic constraints not returned.
