cuOpt version: 26.10.0, git hash: 648f805d, host arch: x86_64, device archs: 80-real
CPU: AMD EPYC 7642 48-Core Processor, threads: 5C/5T, RAM usage: 35.23/503.74GiB
CPU SIMD target: AVX2
CUDA 12.9, device: NVIDIA A100 80GB PCIe (ID 0), VRAM: 79.44 GiB
CUDA device UUID: 68df5cf5-71f9-6a93-b428-460c080ffb10
Problem has 1 quadratic constraints. Converting to second-order cones and solving with barrier.
Barrier: reusing cache (skip convert/presolve/scaling)
Barrier solver started at 0.000 seconds
Barrier solver: 5103 constraints, 10102 variables, 265152 nonzeros
Barrier setup complete at 0.000 seconds
Adaptive regularization enabled
Barrier: cone cache reuse overrides the requested initial point with SedumiMu


                  Objective                         Infeasibility        Time
Iter   Primal              Dual                Primal   Dual    Compl.   Elapsed
  0   -3.704184917206e+02 -3.711180220135e+02 3.71e+03 1.91e+00 1.19e-02 0.001
  1   -4.138494900652e+00 -3.475396351267e+02 4.01e+01 2.77e-01 6.50e-02 0.006
  2   -1.040008809490e-01 -2.488460416407e+01 4.69e-01 7.85e-03 4.78e-03 0.011
  3   -5.495630959128e-02 -6.429606979299e-01 4.69e-03 7.91e-05 1.48e-04 0.015
  4   -5.855092405716e-02 -1.360876445805e-01 6.18e-04 1.04e-05 1.73e-05 0.020
  5   -6.611152202489e-02 -1.381205802990e-01 5.09e-04 8.58e-06 2.37e-05 0.024
  6   -6.769543583380e-02 -1.385415052426e-01 4.71e-04 7.94e-06 3.28e-05 0.028
  7   -8.140019301434e-02 -1.247056534188e-01 2.49e-04 4.19e-06 6.94e-05 0.033
  8   -8.171326446779e-02 -1.244405720290e-01 2.27e-04 3.83e-06 7.20e-05 0.037
  9   -8.292050875956e-02 -1.238190087254e-01 1.93e-04 3.25e-06 1.61e-04 0.042
 10   -8.530066953552e-02 -1.209246119081e-01 1.41e-04 2.38e-06 1.19e-04 0.047
 11   -8.502980864820e-02 -1.203273427551e-01 1.32e-04 2.23e-06 2.15e-04 0.052
 12   -9.150908778406e-02 -1.101538879175e-01 6.66e-05 1.12e-06 9.36e-05 0.056
 13   -9.244903226541e-02 -1.084468380576e-01 5.06e-05 8.53e-07 1.11e-04 0.061
 14   -9.567321095262e-02 -1.033785151464e-01 2.15e-05 3.63e-07 5.51e-05 0.066
 15   -9.577590869233e-02 -1.028823964145e-01 1.71e-05 2.88e-07 6.91e-05 0.071
 16   -9.719545820250e-02 -1.008388125763e-01 8.08e-06 1.36e-07 3.19e-05 0.075
 17   -9.743600078023e-02 -1.003571184538e-01 5.43e-06 9.14e-08 3.44e-05 0.080
 18   -9.808389189439e-02 -9.941860673211e-02 2.10e-06 3.53e-08 1.45e-05 0.085
 19   -9.822236068319e-02 -9.918100364269e-02 1.20e-06 2.03e-08 1.23e-05 0.090
 20   -9.849286150257e-02 -9.881940918249e-02 3.44e-07 5.79e-09 4.04e-06 0.094
 21   -9.856543628573e-02 -9.871781765170e-02 1.24e-07 2.05e-09 2.11e-06 0.099
 22   -9.861348920600e-02 -9.865802162986e-02 3.25e-08 5.43e-10 5.97e-07 0.103
 23   -9.862844583671e-02 -9.863872490087e-02 5.11e-09 7.09e-11 1.24e-07 0.108
 24   -9.863215991246e-02 -9.863433765318e-02 1.04e-09 1.85e-11 2.63e-08 0.112
 25   -9.863300166109e-02 -9.863331095915e-02 1.12e-10 5.46e-11 3.09e-09 0.117
 26   -9.863313932887e-02 -9.863314903946e-02 3.51e-12 5.93e-11 9.31e-11 0.121


Optimal solution found in 26 iterations and 0.121s
Objective -9.86331393e-02
Primal infeasibility (abs/rel): 7.02e-12/3.51e-12
Dual infeasibility   (abs/rel): 6.54e-11/5.93e-11
Complementarity gap  (abs/rel): 1.02e-10/9.31e-11


Barrier finished in 0.12 seconds
Dual variables for problems with quadratic constraints not returned.
