cuOpt version: 26.10.0, git hash: 648f805d, host arch: x86_64, device archs: 80-real
CPU: AMD EPYC 7642 48-Core Processor, threads: 5C/5T, RAM usage: 35.19/503.74GiB
CPU SIMD target: AVX2
CUDA 12.9, device: NVIDIA A100 80GB PCIe (ID 0), VRAM: 79.44 GiB
CUDA device UUID: 68df5cf5-71f9-6a93-b428-460c080ffb10
Problem has 1 quadratic constraints. Converting to second-order cones and solving with barrier.
Barrier: reusing cache (skip convert/presolve/scaling)
Barrier solver started at 0.000 seconds
Barrier solver: 5103 constraints, 10102 variables, 265152 nonzeros
Barrier setup complete at 0.000 seconds
Adaptive regularization enabled
Barrier: cone cache reuse overrides the requested initial point with SedumiMu


                  Objective                         Infeasibility        Time
Iter   Primal              Dual                Primal   Dual    Compl.   Elapsed
  0   -3.705152443471e+02 -3.711033693861e+02 3.71e+03 1.91e+00 1.19e-02 0.001
  1   -4.138998746682e+00 -3.475249664465e+02 4.01e+01 2.77e-01 6.50e-02 0.006
  2   -1.040339002862e-01 -2.487858834368e+01 4.69e-01 7.85e-03 4.78e-03 0.011
  3   -5.497382559606e-02 -6.429189936938e-01 4.69e-03 7.91e-05 1.48e-04 0.016
  4   -5.856905335596e-02 -1.363520745591e-01 6.20e-04 1.04e-05 1.73e-05 0.021
  5   -6.705051185237e-02 -1.385952921429e-01 4.95e-04 8.35e-06 2.84e-05 0.025
  6   -6.848331953540e-02 -1.388985865744e-01 4.59e-04 7.73e-06 4.03e-05 0.029
  7   -8.093067280209e-02 -1.253020310058e-01 2.54e-04 4.28e-06 7.91e-05 0.034
  8   -8.112528159201e-02 -1.251137296828e-01 2.36e-04 3.97e-06 9.13e-05 0.038
  9   -8.325026495515e-02 -1.235964470115e-01 1.79e-04 3.02e-06 2.57e-04 0.043
 10   -8.360577188929e-02 -1.220442864975e-01 1.46e-04 2.46e-06 4.26e-04 0.047
 11   -9.182270445259e-02 -1.097882270299e-01 6.30e-05 1.06e-06 1.44e-04 0.052
 12   -9.260041257613e-02 -1.080842536628e-01 4.68e-05 7.89e-07 1.69e-04 0.057
 13   -9.603616601032e-02 -1.026642895371e-01 1.77e-05 2.98e-07 7.20e-05 0.061
 14   -9.627299550583e-02 -1.020026944812e-01 1.28e-05 2.16e-07 7.60e-05 0.066
 15   -9.745119474575e-02 -1.003298293552e-01 5.89e-06 9.92e-08 3.43e-05 0.071
 16   -9.773596451489e-02 -9.980735421727e-02 3.43e-06 5.79e-08 3.11e-05 0.076
 17   -9.823702566614e-02 -9.910383093153e-02 1.23e-06 2.07e-08 1.22e-05 0.080
 18   -9.838608383495e-02 -9.887089678630e-02 5.23e-07 8.79e-09 7.59e-06 0.084
 19   -9.853176769944e-02 -9.868107667398e-02 1.40e-07 2.35e-09 2.29e-06 0.089
 20   -9.857867853555e-02 -9.861767714315e-02 2.61e-08 4.24e-10 6.03e-07 0.093
 21   -9.859232158814e-02 -9.860102936589e-02 5.50e-09 9.26e-11 1.36e-07 0.098
 22   -9.859562164176e-02 -9.859683083724e-02 5.43e-10 1.06e-11 1.51e-08 0.102
 23   -9.859607808157e-02 -9.859628236009e-02 9.17e-11 1.55e-11 2.57e-09 0.106
 24   -9.859616643947e-02 -9.859617615423e-02 4.34e-12 1.02e-09 1.19e-10 0.110


Optimal solution found in 24 iterations and 0.110s
Objective -9.85961664e-02
Primal infeasibility (abs/rel): 8.68e-12/4.34e-12
Dual infeasibility   (abs/rel): 1.13e-09/1.02e-09
Complementarity gap  (abs/rel): 1.30e-10/1.19e-10


Barrier finished in 0.11 seconds
Dual variables for problems with quadratic constraints not returned.
