cuOpt version: 26.10.0, git hash: 648f805d, host arch: x86_64, device archs: 80-real
CPU: AMD EPYC 7642 48-Core Processor, threads: 5C/5T, RAM usage: 35.23/503.74GiB
CPU SIMD target: AVX2
CUDA 12.9, device: NVIDIA A100 80GB PCIe (ID 0), VRAM: 79.44 GiB
CUDA device UUID: 68df5cf5-71f9-6a93-b428-460c080ffb10
Problem has 1 quadratic constraints. Converting to second-order cones and solving with barrier.
Barrier: reusing cache (skip convert/presolve/scaling)
Barrier solver started at 0.000 seconds
Barrier solver: 5103 constraints, 10102 variables, 265152 nonzeros
Barrier setup complete at 0.000 seconds
Adaptive regularization enabled
Barrier: cone cache reuse overrides the requested initial point with SedumiMu


                  Objective                         Infeasibility        Time
Iter   Primal              Dual                Primal   Dual    Compl.   Elapsed
  0   -3.703446513950e+02 -3.711178663113e+02 3.71e+03 1.91e+00 1.19e-02 0.001
  1   -4.136321645111e+00 -3.475393405891e+02 4.01e+01 2.77e-01 6.50e-02 0.006
  2   -1.039556803696e-01 -2.487508205347e+01 4.69e-01 7.85e-03 4.78e-03 0.011
  3   -5.494034081571e-02 -6.427667390072e-01 4.69e-03 7.91e-05 1.48e-04 0.015
  4   -5.852904358968e-02 -1.363010700250e-01 6.20e-04 1.04e-05 1.73e-05 0.020
  5   -6.681503589188e-02 -1.385031859220e-01 5.00e-04 8.42e-06 2.76e-05 0.024
  6   -6.831090616135e-02 -1.388298854541e-01 4.63e-04 7.79e-06 3.21e-05 0.028
  7   -8.086292940093e-02 -1.256455495628e-01 2.57e-04 4.34e-06 5.93e-05 0.033
  8   -8.098454714105e-02 -1.254733493338e-01 2.43e-04 4.09e-06 7.95e-05 0.037
  9   -8.293806923186e-02 -1.241477525821e-01 1.89e-04 3.19e-06 2.37e-04 0.042
 10   -8.299331140362e-02 -1.228171218848e-01 1.62e-04 2.73e-06 4.26e-04 0.046
 11   -9.152307117235e-02 -1.100077087290e-01 7.04e-05 1.19e-06 1.35e-04 0.051
 12   -9.228022310677e-02 -1.083512674867e-01 5.24e-05 8.83e-07 1.54e-04 0.056
 13   -9.625823306557e-02 -1.020991476337e-01 1.64e-05 2.76e-07 6.56e-05 0.060
 14   -9.647513665322e-02 -1.014329376516e-01 1.13e-05 1.90e-07 7.44e-05 0.065
 15   -9.756283251480e-02 -9.995527125159e-02 5.09e-06 8.57e-08 3.26e-05 0.070
 16   -9.782677789406e-02 -9.948484651185e-02 2.85e-06 4.81e-08 2.87e-05 0.075
 17   -9.826694129352e-02 -9.888329268185e-02 9.20e-07 1.55e-08 1.03e-05 0.079
 18   -9.837580694031e-02 -9.871388660322e-02 3.75e-07 6.30e-09 5.94e-06 0.083
 19   -9.848175916100e-02 -9.857930466046e-02 9.72e-08 1.63e-09 1.69e-06 0.088
 20   -9.851228268140e-02 -9.853833733567e-02 1.82e-08 3.00e-10 4.29e-07 0.092
 21   -9.852141749266e-02 -9.852734197223e-02 3.94e-09 6.87e-11 9.72e-08 0.097
 22   -9.852365511130e-02 -9.852452271759e-02 4.15e-10 6.05e-11 1.16e-08 0.101
 23   -9.852399900424e-02 -9.852411216680e-02 5.41e-11 2.37e-10 1.55e-09 0.105
 24   -9.852404820839e-02 -9.852405335445e-02 2.45e-12 1.77e-09 7.06e-11 0.108


Optimal solution found in 24 iterations and 0.108s
Objective -9.85240482e-02
Primal infeasibility (abs/rel): 4.89e-12/2.45e-12
Dual infeasibility   (abs/rel): 1.96e-09/1.77e-09
Complementarity gap  (abs/rel): 7.75e-11/7.06e-11


Barrier finished in 0.11 seconds
Dual variables for problems with quadratic constraints not returned.
