cuOpt version: 26.10.0, git hash: 648f805d, host arch: x86_64, device archs: 80-real
CPU: AMD EPYC 7642 48-Core Processor, threads: 5C/5T, RAM usage: 35.28/503.74GiB
CPU SIMD target: AVX2
CUDA 12.9, device: NVIDIA A100 80GB PCIe (ID 0), VRAM: 79.44 GiB
CUDA device UUID: 68df5cf5-71f9-6a93-b428-460c080ffb10
Problem has 1 quadratic constraints. Converting to second-order cones and solving with barrier.
Barrier: reusing cache (skip convert/presolve/scaling)
Barrier solver started at 0.000 seconds
Barrier solver: 5103 constraints, 10102 variables, 265152 nonzeros
Barrier setup complete at 0.000 seconds
Adaptive regularization enabled
Barrier: cone cache reuse overrides the requested initial point with SedumiMu


                  Objective                         Infeasibility        Time
Iter   Primal              Dual                Primal   Dual    Compl.   Elapsed
  0   -3.702964190560e+02 -3.711235215740e+02 3.71e+03 1.91e+00 1.19e-02 0.001
  1   -4.136200343533e+00 -3.475449712576e+02 4.01e+01 2.77e-01 6.50e-02 0.006
  2   -1.039157021810e-01 -2.487807230736e+01 4.69e-01 7.85e-03 4.78e-03 0.011
  3   -5.492703539695e-02 -6.425746269194e-01 4.69e-03 7.90e-05 1.47e-04 0.016
  4   -5.851160223646e-02 -1.363146175049e-01 6.20e-04 1.04e-05 1.74e-05 0.020
  5   -6.671516306202e-02 -1.384831375256e-01 4.99e-04 8.41e-06 2.78e-05 0.024
  6   -6.822891900520e-02 -1.387925498340e-01 4.62e-04 7.78e-06 3.77e-05 0.029
  7   -8.057547636630e-02 -1.255006166810e-01 2.60e-04 4.38e-06 7.74e-05 0.033
  8   -8.071999468025e-02 -1.253462926010e-01 2.45e-04 4.14e-06 6.95e-05 0.038
  9   -8.270671155401e-02 -1.240856113346e-01 1.91e-04 3.22e-06 2.25e-04 0.042
 10   -8.239363590278e-02 -1.230769870304e-01 1.70e-04 2.86e-06 4.87e-04 0.047
 11   -9.220740591740e-02 -1.088214997439e-01 6.13e-05 1.03e-06 1.34e-04 0.051
 12   -9.241898976871e-02 -1.075311769849e-01 4.54e-05 7.65e-07 2.33e-04 0.056
 13   -9.595450083118e-02 -1.021142868076e-01 1.55e-05 2.61e-07 1.02e-04 0.060
 14   -9.664324070037e-02 -1.008018803521e-01 8.33e-06 1.40e-07 9.17e-05 0.066
 15   -9.769470203852e-02 -9.939470768636e-02 3.14e-06 5.30e-08 3.33e-05 0.070
 16   -9.798722767894e-02 -9.890594726330e-02 1.28e-06 2.16e-08 2.03e-05 0.075
 17   -9.826183059342e-02 -9.854191242226e-02 3.57e-07 6.02e-09 6.12e-06 0.079
 18   -9.833658460344e-02 -9.843181901183e-02 7.95e-08 1.33e-09 1.79e-06 0.084
 19   -9.836991848821e-02 -9.839075742955e-02 1.66e-08 2.81e-10 3.94e-07 0.088
 20   -9.837777913393e-02 -9.838047499531e-02 1.31e-09 1.76e-11 3.81e-08 0.093
 21   -9.837885078311e-02 -9.837919617501e-02 1.68e-10 1.47e-11 4.94e-09 0.097
 22   -9.837899997355e-02 -9.837901708872e-02 8.31e-12 2.67e-11 2.37e-10 0.101
 23   -9.837900754733e-02 -9.837900792760e-02 1.84e-13 1.01e-09 4.89e-12 0.106


Optimal solution found in 23 iterations and 0.106s
Objective -9.83790075e-02
Primal infeasibility (abs/rel): 3.69e-13/1.84e-13
Dual infeasibility   (abs/rel): 1.11e-09/1.01e-09
Complementarity gap  (abs/rel): 5.37e-12/4.89e-12


Barrier finished in 0.11 seconds
Dual variables for problems with quadratic constraints not returned.
