cuOpt version: 26.10.0, git hash: 648f805d, host arch: x86_64, device archs: 80-real
CPU: AMD EPYC 7642 48-Core Processor, threads: 5C/5T, RAM usage: 35.26/503.74GiB
CPU SIMD target: AVX2
CUDA 12.9, device: NVIDIA A100 80GB PCIe (ID 0), VRAM: 79.44 GiB
CUDA device UUID: 68df5cf5-71f9-6a93-b428-460c080ffb10
Problem has 1 quadratic constraints. Converting to second-order cones and solving with barrier.
Barrier: reusing cache (skip convert/presolve/scaling)
Barrier solver started at 0.000 seconds
Barrier solver: 5103 constraints, 10102 variables, 265152 nonzeros
Barrier setup complete at 0.000 seconds
Adaptive regularization enabled
Barrier: cone cache reuse overrides the requested initial point with SedumiMu


                  Objective                         Infeasibility        Time
Iter   Primal              Dual                Primal   Dual    Compl.   Elapsed
  0   -3.704438282728e+02 -3.711104708303e+02 3.71e+03 1.91e+00 1.19e-02 0.001
  1   -4.139322603451e+00 -3.475321003821e+02 4.01e+01 2.77e-01 6.50e-02 0.006
  2   -1.040051695647e-01 -2.488690166406e+01 4.69e-01 7.85e-03 4.78e-03 0.011
  3   -5.496098310358e-02 -6.429067025331e-01 4.69e-03 7.91e-05 1.48e-04 0.015
  4   -5.855459109802e-02 -1.362807839783e-01 6.19e-04 1.04e-05 1.73e-05 0.020
  5   -6.665907962014e-02 -1.384240687757e-01 5.01e-04 8.44e-06 2.67e-05 0.024
  6   -6.830397744355e-02 -1.387646905548e-01 4.61e-04 7.77e-06 3.69e-05 0.029
  7   -8.178965657456e-02 -1.244187800334e-01 2.41e-04 4.06e-06 7.25e-05 0.033
  8   -8.204667840863e-02 -1.241615435946e-01 2.21e-04 3.73e-06 7.39e-05 0.037
  9   -8.363784474076e-02 -1.231267432574e-01 1.77e-04 2.98e-06 1.96e-04 0.042
 10   -8.573821557773e-02 -1.205847962735e-01 1.06e-04 1.79e-06 1.75e-04 0.046
 11   -8.728367584135e-02 -1.169548098714e-01 6.97e-05 1.17e-06 3.38e-04 0.051
 12   -9.492189884485e-02 -1.048281016582e-01 2.14e-05 3.60e-07 7.49e-05 0.055
 13   -9.573372558613e-02 -1.031912052369e-01 1.32e-05 2.22e-07 8.97e-05 0.060
 14   -9.611223268497e-02 -1.025781569626e-01 1.00e-05 1.69e-07 9.41e-05 0.066
 15   -9.721224045164e-02 -1.009317178103e-01 5.10e-06 8.59e-08 4.82e-05 0.070
 16   -9.738048010786e-02 -1.005140649006e-01 3.53e-06 5.94e-08 4.78e-05 0.075
 17   -9.813668670927e-02 -9.940573533354e-02 1.10e-06 1.85e-08 1.83e-05 0.080
 18   -9.834631533147e-02 -9.908002234494e-02 4.97e-07 8.38e-09 1.30e-05 0.085
 19   -9.855960278676e-02 -9.879981987628e-02 1.40e-07 2.36e-09 4.15e-06 0.089
 20   -9.863010194000e-02 -9.870301746934e-02 3.17e-08 5.18e-10 1.35e-06 0.094
 21   -9.865468681806e-02 -9.867265545475e-02 7.33e-09 1.23e-10 3.27e-07 0.098
 22   -9.866134844571e-02 -9.866398502030e-02 6.93e-10 1.45e-11 3.61e-08 0.103
 23   -9.866238147205e-02 -9.866274586426e-02 9.58e-11 1.06e-11 5.12e-09 0.107
 24   -9.866252322160e-02 -9.866257540239e-02 1.37e-11 2.02e-11 7.37e-10 0.112
 25   -9.866254596033e-02 -9.866254802236e-02 5.32e-13 1.62e-09 2.83e-11 0.115


Optimal solution found in 25 iterations and 0.115s
Objective -9.86625460e-02
Primal infeasibility (abs/rel): 1.06e-12/5.32e-13
Dual infeasibility   (abs/rel): 1.79e-09/1.62e-09
Complementarity gap  (abs/rel): 3.11e-11/2.83e-11


Barrier finished in 0.12 seconds
Dual variables for problems with quadratic constraints not returned.
