cuOpt version: 26.10.0, git hash: 648f805d, host arch: x86_64, device archs: 80-real
CPU: AMD EPYC 7642 48-Core Processor, threads: 5C/5T, RAM usage: 43.96/503.74GiB
CPU SIMD target: AVX2
CUDA 12.9, device: NVIDIA A100 80GB PCIe (ID 0), VRAM: 79.44 GiB
CUDA device UUID: 68df5cf5-71f9-6a93-b428-460c080ffb10
Problem has 1 quadratic constraints. Converting to second-order cones and solving with barrier.
Handling 50 free variables directly in augmented system
Presolved problem: 5103 constraints 10102 variables 265152 nonzeros
Skipping Ruiz equilibration (row norm ratio 1.4, column norm ratio 1.4 < 5e4, Q coeff ratio 1.0 < 100)
Barrier solver started at 0.030 seconds
Barrier solver: 5103 constraints, 10102 variables, 265152 nonzeros


Second-order cones          : 1
Free variables              : 50
Upper bounds                : 5000
Linear system               : augmented
cuDSS Version               : 0.7.1
cuDSS Threading layer       : libcudss_mtlayer_gomp.so.0
Reordering time             : 0.188s
Symbolic factorization time : 0.025s
Symbolic nonzeros in factor : 2.79e+05
Elapsed time for augmented  : 0.253 seconds
Elapsed time           : 0.253 seconds
Barrier setup complete at 0.253 seconds
Adaptive regularization enabled


                  Objective                         Infeasibility        Time
Iter   Primal              Dual                Primal   Dual    Compl.   Elapsed
  0   -3.704340093575e+02 -3.710959393425e+02 3.71e+03 1.91e+00 1.19e-02 0.254
  1   -8.080346067021e-01 -3.473031450386e+02 6.70e+00 2.97e-01 1.68e-01 0.258
  2   -6.080118619697e-02 -4.924817609263e+00 5.28e-02 3.11e-03 1.97e-03 0.262
  3   -5.631133624901e-02 -2.026577920370e-01 1.47e-03 8.64e-05 4.67e-05 0.266
  4   -6.127517399400e-02 -2.048439662645e-01 1.33e-03 7.85e-05 5.86e-05 0.270
  5   -6.147953087736e-02 -2.048337873472e-01 1.31e-03 7.74e-05 5.95e-05 0.275
  6   -7.356966674357e-02 -1.970253318501e-01 5.66e-04 3.33e-05 2.65e-04 0.280
  7   -7.349890803635e-02 -1.947847577880e-01 5.10e-04 3.00e-05 2.53e-04 0.285
  8   -8.186166998675e-02 -1.512297842362e-01 2.77e-04 1.63e-05 1.74e-04 0.289
  9   -8.193377682035e-02 -1.512410705573e-01 2.74e-04 1.61e-05 1.73e-04 0.294
 10   -8.450192111692e-02 -1.381334963070e-01 1.46e-04 8.58e-06 1.45e-04 0.298
 11   -8.439839135511e-02 -1.379689181463e-01 1.44e-04 8.48e-06 1.43e-04 0.303
 12   -8.597813024778e-02 -1.299795738671e-01 7.92e-05 4.67e-06 1.14e-04 0.307
 13   -8.574664187165e-02 -1.295525707670e-01 7.62e-05 4.49e-06 1.53e-04 0.312
 14   -8.591969576699e-02 -1.294235923266e-01 7.34e-05 4.33e-06 1.73e-04 0.317
 15   -8.775461805136e-02 -1.225873831034e-01 3.86e-05 2.27e-06 1.14e-04 0.321
 16   -8.765857842311e-02 -1.222614896053e-01 3.72e-05 2.19e-06 1.30e-04 0.326
 17   -8.849180672376e-02 -1.195545977409e-01 2.82e-05 1.66e-06 1.30e-04 0.330
 18   -8.858477390173e-02 -1.194288574158e-01 2.74e-05 1.61e-06 1.40e-04 0.336
 19   -8.932344831962e-02 -1.172062556595e-01 2.13e-05 1.26e-06 1.27e-04 0.340
 20   -8.926405268291e-02 -1.170031445926e-01 2.07e-05 1.22e-06 1.36e-04 0.346
 21   -9.032205951141e-02 -1.143698361014e-01 1.56e-05 9.19e-07 1.35e-04 0.350
 22   -9.041195040518e-02 -1.142250312133e-01 1.51e-05 8.90e-07 1.43e-04 0.356
 23   -9.138868247929e-02 -1.119017505704e-01 1.12e-05 6.58e-07 1.26e-04 0.361
 24   -9.135920884248e-02 -1.117261524872e-01 1.08e-05 6.37e-07 1.33e-04 0.366
 25   -9.271060312941e-02 -1.089719286897e-01 7.44e-06 4.38e-07 1.18e-04 0.371
 26   -9.277999380200e-02 -1.088121650127e-01 7.16e-06 4.22e-07 1.24e-04 0.376
 27   -9.367355500132e-02 -1.069742970725e-01 5.07e-06 2.99e-07 1.02e-04 0.381
 28   -9.366214616861e-02 -1.068444145414e-01 4.89e-06 2.88e-07 1.08e-04 0.387
 29   -9.458506816127e-02 -1.051363470544e-01 3.37e-06 1.99e-07 8.77e-05 0.392
 30   -9.463067948631e-02 -1.050219942800e-01 3.23e-06 1.90e-07 9.22e-05 0.397
 31   -9.514704246883e-02 -1.040175639766e-01 2.38e-06 1.40e-07 7.60e-05 0.402
 32   -9.515448388380e-02 -1.039250168430e-01 2.28e-06 1.34e-07 7.93e-05 0.408
 33   -9.567769952137e-02 -1.030021510959e-01 1.66e-06 9.76e-08 6.52e-05 0.412
 34   -9.571902774117e-02 -1.029176045425e-01 1.58e-06 9.33e-08 6.80e-05 0.418
 35   -9.608026901454e-02 -1.022708264518e-01 1.18e-06 6.97e-08 5.62e-05 0.423
 36   -9.609667863747e-02 -1.022011635955e-01 1.13e-06 6.66e-08 5.83e-05 0.429
 37   -9.647386796917e-02 -1.015855865844e-01 8.28e-07 4.88e-08 4.73e-05 0.433
 38   -9.650812929343e-02 -1.015223594812e-01 7.88e-07 4.64e-08 4.91e-05 0.439
 39   -9.678109233587e-02 -1.010739650802e-01 5.88e-07 3.46e-08 3.98e-05 0.444
 40   -9.679844623957e-02 -1.010233488188e-01 5.60e-07 3.30e-08 4.12e-05 0.450
 41   -9.706329135313e-02 -1.006157474807e-01 4.12e-07 2.43e-08 3.30e-05 0.455
 42   -9.709013820666e-02 -1.005706232712e-01 3.92e-07 2.31e-08 3.41e-05 0.460
 43   -9.729128712213e-02 -1.002620049525e-01 2.92e-07 1.72e-08 2.73e-05 0.465
 44   -9.730719562437e-02 -1.002258332210e-01 2.77e-07 1.63e-08 2.82e-05 0.471
 45   -9.750625833526e-02 -9.993854599753e-02 2.02e-07 1.19e-08 2.22e-05 0.476
 46   -9.752655388920e-02 -9.990655362376e-02 1.92e-07 1.13e-08 2.29e-05 0.482
 47   -9.768569831179e-02 -9.968020917533e-02 1.40e-07 8.23e-09 1.78e-05 0.487
 48   -9.769845966709e-02 -9.965509688393e-02 1.32e-07 7.80e-09 1.84e-05 0.492
 49   -9.784928727461e-02 -9.945032398700e-02 9.44e-08 5.56e-09 1.39e-05 0.496
 50   -9.786348759886e-02 -9.942881019058e-02 8.93e-08 5.26e-09 1.43e-05 0.502
 51   -9.797829894016e-02 -9.927433612825e-02 6.40e-08 3.77e-09 1.09e-05 0.507
 52   -9.798780295391e-02 -9.925776127817e-02 6.05e-08 3.56e-09 1.12e-05 0.512
 53   -9.808911763354e-02 -9.912581198039e-02 4.28e-08 2.52e-09 8.33e-06 0.517
 54   -9.809910968812e-02 -9.911155213664e-02 4.04e-08 2.38e-09 8.56e-06 0.523
 55   -9.817610794429e-02 -9.901226541119e-02 2.88e-08 1.70e-09 6.41e-06 0.527
 56   -9.818332974047e-02 -9.900108389758e-02 2.71e-08 1.60e-09 6.58e-06 0.533
 57   -9.825095363560e-02 -9.891632535866e-02 1.91e-08 1.12e-09 4.86e-06 0.539
 58   -9.825812765259e-02 -9.890663240657e-02 1.80e-08 1.06e-09 4.98e-06 0.545
 59   -9.831011483869e-02 -9.884214685550e-02 1.27e-08 7.47e-10 3.68e-06 0.549
 60   -9.831547868660e-02 -9.883454861932e-02 1.19e-08 7.02e-10 3.76e-06 0.555
 61   -9.835983903004e-02 -9.878066461048e-02 8.33e-09 4.91e-10 2.75e-06 0.559
 62   -9.836494201009e-02 -9.877408302847e-02 7.80e-09 4.60e-10 2.81e-06 0.565
 63   -9.839895365330e-02 -9.873313971276e-02 5.47e-09 3.22e-10 2.06e-06 0.569
 64   -9.840289785779e-02 -9.872793218161e-02 5.12e-09 3.01e-10 2.09e-06 0.574
 65   -9.843141503172e-02 -9.869415727361e-02 3.56e-09 2.09e-10 1.52e-06 0.579
 66   -9.843505628227e-02 -9.868964017520e-02 3.31e-09 1.95e-10 1.54e-06 0.584
 67   -9.845686892207e-02 -9.866399816837e-02 2.31e-09 1.36e-10 1.12e-06 0.588
 68   -9.845974907776e-02 -9.866039194085e-02 2.15e-09 1.26e-10 1.13e-06 0.594
 69   -9.847764950479e-02 -9.863959989964e-02 1.49e-09 8.76e-11 8.16e-07 0.598
 70   -9.848026336141e-02 -9.863645918545e-02 1.37e-09 8.09e-11 8.20e-07 0.603
 71   -9.849394969191e-02 -9.862066084465e-02 9.54e-10 5.62e-11 5.93e-07 0.608
 72   -9.849606550289e-02 -9.861811490844e-02 8.78e-10 5.16e-11 5.94e-07 0.613
 73   -9.850715902180e-02 -9.860542600199e-02 6.06e-10 3.56e-11 4.27e-07 0.617
 74   -9.850905651609e-02 -9.860320186846e-02 5.54e-10 3.26e-11 4.25e-07 0.622
 75   -9.851753994623e-02 -9.859354836340e-02 3.83e-10 2.25e-11 3.05e-07 0.627
 76   -9.851909878097e-02 -9.859172511113e-02 3.48e-10 2.06e-11 3.02e-07 0.632
 77   -9.852587300730e-02 -9.858406888927e-02 2.39e-10 1.41e-11 2.16e-07 0.636
 78   -9.852725376724e-02 -9.858248026682e-02 2.15e-10 1.27e-11 2.12e-07 0.642
 79   -9.853240434016e-02 -9.857668315863e-02 1.47e-10 8.70e-12 1.51e-07 0.668
 80   -9.853354684958e-02 -9.857537329954e-02 1.32e-10 7.71e-12 1.47e-07 0.674
 81   -9.853758429424e-02 -9.857085191620e-02 8.97e-11 5.23e-12 1.04e-07 0.679
 82   -9.853858067154e-02 -9.856972131375e-02 7.92e-11 4.43e-12 9.98e-08 0.684
 83   -9.854161533346e-02 -9.856633411798e-02 5.37e-11 3.02e-12 7.04e-08 0.688
 84   -9.854243677857e-02 -9.856540545572e-02 4.68e-11 2.64e-12 6.68e-08 0.693
 85   -9.854475659065e-02 -9.856282571170e-02 3.15e-11 1.76e-12 4.67e-08 0.697
 86   -9.854545473927e-02 -9.856204159573e-02 2.71e-11 1.52e-12 4.36e-08 0.702
 87   -9.854715555336e-02 -9.856015493105e-02 1.81e-11 1.04e-12 3.03e-08 0.706
 88   -9.854772036940e-02 -9.855952268103e-02 1.53e-11 9.50e-13 2.79e-08 0.711
 89   -9.854896859106e-02 -9.855814160159e-02 1.02e-11 6.09e-13 1.92e-08 0.715
 90   -9.854943241224e-02 -9.855762466179e-02 8.43e-12 3.80e-13 1.73e-08 0.720
 91   -9.855031170351e-02 -9.855665352314e-02 5.57e-12 3.66e-09 1.19e-08 0.724
 92   -9.855067822483e-02 -9.855624616277e-02 4.51e-12 2.96e-09 1.04e-08 0.729
 93   -9.855129330759e-02 -9.855556804731e-02 2.96e-12 1.95e-09 7.10e-09 0.733
 94   -9.855158518434e-02 -9.855524459451e-02 2.32e-12 1.53e-09 6.05e-09 0.738
 95   -9.855199997046e-02 -9.855478793104e-02 1.52e-12 9.97e-10 4.09e-09 0.742
 96   -9.855222556352e-02 -9.855453845048e-02 1.14e-12 7.52e-10 3.35e-09 0.747
 97   -9.855250144254e-02 -9.855423514119e-02 7.37e-13 4.84e-10 2.24e-09 0.751
 98   -9.855267409436e-02 -9.855404457105e-02 5.25e-13 3.46e-10 1.73e-09 0.756
 99   -9.855285015257e-02 -9.855385123849e-02 3.31e-13 2.18e-10 1.13e-09 0.760
100   -9.855297425455e-02 -9.855371445940e-02 2.18e-13 1.46e-10 8.08e-10 0.764


Optimal solution found in 100 iterations and 0.764s
Objective -9.85529743e-02
Primal infeasibility (abs/rel): 4.37e-13/2.18e-13
Dual infeasibility   (abs/rel): 1.61e-10/1.46e-10
Complementarity gap  (abs/rel): 8.87e-10/8.08e-10


Barrier finished in 0.77 seconds
Dual variables for problems with quadratic constraints not returned.
