cuOpt version: 26.10.0, git hash: 648f805d, host arch: x86_64, device archs: 80-real
CPU: AMD EPYC 7642 48-Core Processor, threads: 5C/5T, RAM usage: 35.26/503.74GiB
CPU SIMD target: AVX2
CUDA 12.9, device: NVIDIA A100 80GB PCIe (ID 0), VRAM: 79.44 GiB
CUDA device UUID: 68df5cf5-71f9-6a93-b428-460c080ffb10
Problem has 1 quadratic constraints. Converting to second-order cones and solving with barrier.
Handling 50 free variables directly in augmented system
Presolved problem: 5103 constraints 10102 variables 265152 nonzeros
Skipping Ruiz equilibration (row norm ratio 1.4, column norm ratio 1.4 < 5e4, Q coeff ratio 1.0 < 100)
Barrier solver started at 0.025 seconds
Barrier solver: 5103 constraints, 10102 variables, 265152 nonzeros


Second-order cones          : 1
Free variables              : 50
Upper bounds                : 5000
Linear system               : augmented
cuDSS Version               : 0.7.1
cuDSS Threading layer       : libcudss_mtlayer_gomp.so.0
Reordering time             : 0.052s
Symbolic factorization time : 0.024s
Symbolic nonzeros in factor : 2.79e+05
Elapsed time for augmented  : 0.109 seconds
Elapsed time           : 0.109 seconds
Barrier setup complete at 0.109 seconds
Adaptive regularization enabled


                  Objective                         Infeasibility        Time
Iter   Primal              Dual                Primal   Dual    Compl.   Elapsed
  0   -4.990604733261e-02 -2.507067875879e+03 5.00e+00 9.29e+00 1.02e+02 0.134
  1   -5.007567548437e-02 -4.845627286757e+01 8.63e-02 1.64e+00 5.58e+00 0.139
  2   -5.803810263608e-02 -8.714322548579e+00 1.28e-02 6.38e-01 7.95e-01 0.145
  3   -6.027763063908e-02 -1.098506614539e+00 1.51e-03 8.88e-02 9.18e-02 0.150
  4   -5.926675118589e-02 -9.418549471221e-01 1.16e-03 6.82e-02 7.04e-02 0.155
  5   -7.012966106541e-02 -2.650215223100e-01 2.16e-04 1.29e-02 1.33e-02 0.160
  6   -7.075119476648e-02 -2.397518775583e-01 1.37e-04 8.17e-03 8.40e-03 0.165
  7   -8.872678524717e-02 -1.262909207819e-01 2.32e-05 1.38e-03 1.34e-03 0.171
  8   -9.453318385985e-02 -1.062987135987e-01 2.35e-06 1.40e-04 8.81e-05 0.176
  9   -9.578710865663e-02 -1.032377684204e-01 1.20e-06 7.13e-05 7.95e-05 0.181
 10   -9.774502252975e-02 -9.984532272209e-02 3.11e-07 1.85e-05 2.56e-05 0.186
 11   -9.819473264222e-02 -9.898975400440e-02 9.08e-08 5.40e-06 1.27e-05 0.192
 12   -9.848051506859e-02 -9.854825549688e-02 6.78e-09 4.04e-07 4.23e-07 0.197
 13   -9.850544552669e-02 -9.851168998348e-02 6.02e-10 3.58e-08 9.63e-09 0.202
 14   -9.850748422726e-02 -9.850876385530e-02 1.11e-10 6.62e-09 1.38e-09 0.207
 15   -9.850778618816e-02 -9.850832576342e-02 3.76e-11 2.09e-09 5.01e-10 0.213
 16   -9.850795570598e-02 -9.850809721872e-02 6.31e-12 2.40e-10 1.38e-10 0.218
 17   -9.850800611976e-02 -9.850803445191e-02 9.62e-13 1.75e-09 2.78e-11 0.223
 18   -9.850801836494e-02 -9.850801986617e-02 4.04e-14 7.70e-11 1.34e-12 0.228


Optimal solution found in 18 iterations and 0.229s
Objective -9.85080184e-02
Primal infeasibility (abs/rel): 8.07e-14/4.04e-14
Dual infeasibility   (abs/rel): 8.48e-11/7.70e-11
Complementarity gap  (abs/rel): 1.47e-12/1.34e-12


Barrier finished in 0.23 seconds
Dual variables for problems with quadratic constraints not returned.
