cuOpt version: 26.10.0, git hash: 648f805d, host arch: x86_64, device archs: 80-real
CPU: AMD EPYC 7642 48-Core Processor, threads: 5C/5T, RAM usage: 35.28/503.74GiB
CPU SIMD target: AVX2
CUDA 12.9, device: NVIDIA A100 80GB PCIe (ID 0), VRAM: 79.44 GiB
CUDA device UUID: 68df5cf5-71f9-6a93-b428-460c080ffb10
Problem has 1 quadratic constraints. Converting to second-order cones and solving with barrier.
Handling 50 free variables directly in augmented system
Presolved problem: 5103 constraints 10102 variables 265152 nonzeros
Skipping Ruiz equilibration (row norm ratio 1.4, column norm ratio 1.4 < 5e4, Q coeff ratio 1.0 < 100)
Barrier solver started at 0.027 seconds
Barrier solver: 5103 constraints, 10102 variables, 265152 nonzeros


Second-order cones          : 1
Free variables              : 50
Upper bounds                : 5000
Linear system               : augmented
cuDSS Version               : 0.7.1
cuDSS Threading layer       : libcudss_mtlayer_gomp.so.0
Reordering time             : 0.052s
Symbolic factorization time : 0.023s
Symbolic nonzeros in factor : 2.79e+05
Elapsed time for augmented  : 0.110 seconds
Elapsed time           : 0.110 seconds
Barrier setup complete at 0.110 seconds
Adaptive regularization enabled


                  Objective                         Infeasibility        Time
Iter   Primal              Dual                Primal   Dual    Compl.   Elapsed
  0   -4.986931343945e-02 -2.507045855028e+03 5.00e+00 9.28e+00 1.02e+02 0.136
  1   -5.004012484995e-02 -4.842697678951e+01 8.62e-02 1.64e+00 5.58e+00 0.141
  2   -5.950449398092e-02 -2.087525528831e+00 8.62e-04 4.75e-01 1.24e-01 0.146
  3   -6.181727290618e-02 -2.773324345785e-01 9.12e-05 5.04e-02 1.31e-02 0.152
  4   -6.951145016447e-02 -2.166419022081e-01 4.78e-05 2.64e-02 6.79e-03 0.157
  5   -8.221579502511e-02 -1.368045519507e-01 1.53e-05 8.48e-03 2.12e-03 0.162
  6   -8.581651220003e-02 -1.285590239745e-01 7.80e-06 4.31e-03 1.04e-03 0.167
  7   -9.415531654597e-02 -1.094888078021e-01 2.48e-06 1.37e-03 2.57e-04 0.172
  8   -9.511935668046e-02 -1.059188332479e-01 1.40e-06 7.71e-04 2.10e-04 0.179
  9   -9.730026120120e-02 -1.016967488759e-01 5.15e-07 2.85e-04 9.03e-05 0.184
 10   -9.841624113049e-02 -9.954787299759e-02 1.15e-07 6.37e-05 2.14e-05 0.189
 11   -9.875672457006e-02 -9.893765223895e-02 1.77e-08 9.77e-06 2.70e-06 0.194
 12   -9.881683060585e-02 -9.883502682451e-02 1.76e-09 9.75e-07 1.85e-07 0.200
 13   -9.882324672246e-02 -9.882431407678e-02 1.02e-10 5.65e-08 3.98e-09 0.205
 14   -9.882358293322e-02 -9.882375020375e-02 1.46e-11 8.09e-09 5.71e-10 0.210
 15   -9.882362650977e-02 -9.882367813822e-02 3.82e-12 3.33e-09 1.50e-10 0.215
 16   -9.882364375879e-02 -9.882365181722e-02 4.32e-13 3.79e-10 1.72e-11 0.221


Optimal solution found in 16 iterations and 0.221s
Objective -9.88236438e-02
Primal infeasibility (abs/rel): 8.63e-13/4.32e-13
Dual infeasibility   (abs/rel): 4.17e-10/3.79e-10
Complementarity gap  (abs/rel): 1.89e-11/1.72e-11


Barrier finished in 0.22 seconds
Dual variables for problems with quadratic constraints not returned.
