cuOpt version: 26.10.0, git hash: 648f805d, host arch: x86_64, device archs: 80-real
CPU: AMD EPYC 7642 48-Core Processor, threads: 5C/5T, RAM usage: 35.26/503.74GiB
CPU SIMD target: AVX2
CUDA 12.9, device: NVIDIA A100 80GB PCIe (ID 0), VRAM: 79.44 GiB
CUDA device UUID: 68df5cf5-71f9-6a93-b428-460c080ffb10
Problem has 1 quadratic constraints. Converting to second-order cones and solving with barrier.
Handling 50 free variables directly in augmented system
Presolved problem: 5103 constraints 10102 variables 265152 nonzeros
Skipping Ruiz equilibration (row norm ratio 1.4, column norm ratio 1.4 < 5e4, Q coeff ratio 1.0 < 100)
Barrier solver started at 0.026 seconds
Barrier solver: 5103 constraints, 10102 variables, 265152 nonzeros


Second-order cones          : 1
Free variables              : 50
Upper bounds                : 5000
Linear system               : augmented
cuDSS Version               : 0.7.1
cuDSS Threading layer       : libcudss_mtlayer_gomp.so.0
Reordering time             : 0.052s
Symbolic factorization time : 0.024s
Symbolic nonzeros in factor : 2.79e+05
Elapsed time for augmented  : 0.109 seconds
Elapsed time           : 0.109 seconds
Barrier setup complete at 0.109 seconds
Adaptive regularization enabled


                  Objective                         Infeasibility        Time
Iter   Primal              Dual                Primal   Dual    Compl.   Elapsed
  0   -2.494892504844e+03 -2.506879868424e+03 2.50e+04 9.29e+00 4.30e-02 0.127
  1   -4.406974128775e+01 -5.924729161740e+01 4.41e+02 1.64e+00 1.31e-01 0.132
  2   -1.536727463713e+00 -1.191147997871e+01 1.48e+01 5.10e-01 1.05e-01 0.138
  3   -8.535190514502e-02 -9.468667434382e+00 3.47e-01 1.32e-02 4.55e-03 0.143
  4   -5.084818879315e-02 -1.755713280211e+00 3.47e-03 1.32e-04 3.40e-04 0.149
  5   -5.147023330636e-02 -1.190205433654e-01 1.38e-04 5.24e-06 2.15e-05 0.155
  6   -6.692975362475e-02 -1.092405434006e-01 7.18e-05 2.74e-06 1.03e-05 0.160
  7   -6.809385712928e-02 -1.101057543349e-01 6.86e-05 2.61e-06 1.20e-05 0.166
  8   -7.367534437511e-02 -1.109032894513e-01 5.60e-05 2.13e-06 3.03e-05 0.171
  9   -7.405479810209e-02 -1.112103889638e-01 5.41e-05 2.06e-06 1.03e-04 0.177
 10   -7.930778656228e-02 -1.113633661219e-01 4.09e-05 1.56e-06 7.65e-05 0.182
 11   -8.062409629888e-02 -1.115866091888e-01 3.54e-05 1.35e-06 2.17e-04 0.188
 12   -8.392776755432e-02 -1.120748125227e-01 2.56e-05 9.77e-07 4.46e-04 0.193
 13   -8.436187854058e-02 -1.113538400318e-01 2.08e-05 7.94e-07 7.20e-04 0.199
 14   -9.591935145095e-02 -1.018681005303e-01 3.03e-06 1.15e-07 5.43e-05 0.204
 15   -9.680250702228e-02 -1.005561548887e-01 1.45e-06 5.53e-08 5.30e-05 0.209
 16   -9.788995720774e-02 -9.927755177849e-02 4.54e-07 1.73e-08 1.51e-05 0.215
 17   -9.811922322272e-02 -9.894326626965e-02 1.93e-07 7.34e-09 1.36e-05 0.220
 18   -9.838556326538e-02 -9.862256002085e-02 4.92e-08 1.88e-09 3.58e-06 0.225
 19   -9.848252175962e-02 -9.850545104803e-02 4.33e-09 1.69e-10 2.62e-07 0.230
 20   -9.849246617204e-02 -9.849340424292e-02 1.71e-10 1.05e-11 5.81e-09 0.236
 21   -9.849287632761e-02 -9.849292210145e-02 7.96e-12 1.15e-11 2.04e-10 0.241
 22   -9.849289493706e-02 -9.849290019765e-02 8.98e-13 1.17e-10 2.05e-11 0.246


Optimal solution found in 22 iterations and 0.246s
Objective -9.84928949e-02
Primal infeasibility (abs/rel): 1.80e-12/8.98e-13
Dual infeasibility   (abs/rel): 1.28e-10/1.17e-10
Complementarity gap  (abs/rel): 2.25e-11/2.05e-11


Barrier finished in 0.25 seconds
Dual variables for problems with quadratic constraints not returned.
