cuOpt version: 26.10.0, git hash: 648f805d, host arch: x86_64, device archs: 80-real
CPU: AMD EPYC 7642 48-Core Processor, threads: 5C/5T, RAM usage: 35.29/503.74GiB
CPU SIMD target: AVX2
CUDA 12.9, device: NVIDIA A100 80GB PCIe (ID 0), VRAM: 79.44 GiB
CUDA device UUID: 68df5cf5-71f9-6a93-b428-460c080ffb10
Problem has 1 quadratic constraints. Converting to second-order cones and solving with barrier.
Handling 50 free variables directly in augmented system
Presolved problem: 5103 constraints 10102 variables 265152 nonzeros
Skipping Ruiz equilibration (row norm ratio 1.4, column norm ratio 1.4 < 5e4, Q coeff ratio 1.0 < 100)
Barrier solver started at 0.024 seconds
Barrier solver: 5103 constraints, 10102 variables, 265152 nonzeros


Second-order cones          : 1
Free variables              : 50
Upper bounds                : 5000
Linear system               : augmented
cuDSS Version               : 0.7.1
cuDSS Threading layer       : libcudss_mtlayer_gomp.so.0
Reordering time             : 0.140s
Symbolic factorization time : 0.024s
Symbolic nonzeros in factor : 2.79e+05
Elapsed time for augmented  : 0.195 seconds
Elapsed time           : 0.195 seconds
Barrier setup complete at 0.195 seconds
Adaptive regularization enabled


                  Objective                         Infeasibility        Time
Iter   Primal              Dual                Primal   Dual    Compl.   Elapsed
  0   -2.494999085292e+03 -2.507036107877e+03 2.50e+04 9.29e+00 4.30e-02 0.213
  1   -4.404475881028e+01 -5.922325683013e+01 4.40e+02 1.64e+00 1.31e-01 0.220
  2   -1.547594430370e+00 -1.192355519533e+01 1.49e+01 5.10e-01 1.05e-01 0.225
  3   -8.551294860218e-02 -9.473137189982e+00 3.49e-01 1.32e-02 4.56e-03 0.231
  4   -5.084929849434e-02 -1.765305461191e+00 3.49e-03 1.32e-04 3.42e-04 0.237
  5   -5.146444719059e-02 -1.191811084966e-01 1.38e-04 5.22e-06 2.16e-05 0.243
  6   -6.658227849998e-02 -1.093460483389e-01 7.29e-05 2.76e-06 1.05e-05 0.248
  7   -6.764597854952e-02 -1.101418522762e-01 6.99e-05 2.65e-06 1.20e-05 0.254
  8   -7.358199786679e-02 -1.109275812677e-01 5.61e-05 2.13e-06 3.13e-05 0.259
  9   -7.410304945692e-02 -1.113468445701e-01 5.37e-05 2.03e-06 1.20e-04 0.264
 10   -7.540356197796e-02 -1.123476347083e-01 4.87e-05 1.84e-06 3.74e-04 0.270
 11   -9.030230894741e-02 -1.057895899206e-01 1.60e-05 6.07e-07 9.69e-05 0.275
 12   -9.225941229054e-02 -1.041693184719e-01 9.97e-06 3.78e-07 1.24e-04 0.280
 13   -9.597734995961e-02 -1.007544901250e-01 3.56e-06 1.35e-07 6.91e-05 0.286
 14   -9.726216395138e-02 -9.959779968127e-02 1.46e-06 5.54e-08 2.77e-05 0.291
 15   -9.775155134514e-02 -9.903424726531e-02 4.63e-07 1.75e-08 3.24e-05 0.297
 16   -9.828557098391e-02 -9.850062153869e-02 6.70e-08 2.54e-09 5.12e-06 0.302
 17   -9.837075411936e-02 -9.840866124337e-02 1.16e-08 4.44e-10 1.02e-06 0.308
 18   -9.838732684315e-02 -9.839053879092e-02 9.79e-10 4.12e-11 8.85e-08 0.313
 19   -9.838880746230e-02 -9.838889637464e-02 2.70e-11 3.78e-09 2.22e-09 0.318
 20   -9.838884611297e-02 -9.838885376086e-02 2.31e-12 4.77e-10 1.75e-10 0.323


Optimal solution found in 20 iterations and 0.323s
Objective -9.83888461e-02
Primal infeasibility (abs/rel): 4.61e-12/2.31e-12
Dual infeasibility   (abs/rel): 5.26e-10/4.77e-10
Complementarity gap  (abs/rel): 1.92e-10/1.75e-10


Barrier finished in 0.33 seconds
Dual variables for problems with quadratic constraints not returned.
