cuOpt version: 26.10.0, git hash: 648f805d, host arch: x86_64, device archs: 80-real
CPU: AMD EPYC 7642 48-Core Processor, threads: 5C/5T, RAM usage: 35.33/503.74GiB
CPU SIMD target: AVX2
CUDA 12.9, device: NVIDIA A100 80GB PCIe (ID 0), VRAM: 79.44 GiB
CUDA device UUID: 68df5cf5-71f9-6a93-b428-460c080ffb10
Problem has 1 quadratic constraints. Converting to second-order cones and solving with barrier.
Handling 50 free variables directly in augmented system
Presolved problem: 5103 constraints 10102 variables 265152 nonzeros
Skipping Ruiz equilibration (row norm ratio 1.4, column norm ratio 1.4 < 5e4, Q coeff ratio 1.0 < 100)
Barrier solver started at 0.027 seconds
Barrier solver: 5103 constraints, 10102 variables, 265152 nonzeros


Second-order cones          : 1
Free variables              : 50
Upper bounds                : 5000
Linear system               : augmented
cuDSS Version               : 0.7.1
cuDSS Threading layer       : libcudss_mtlayer_gomp.so.0
Reordering time             : 0.146s
Symbolic factorization time : 0.023s
Symbolic nonzeros in factor : 2.79e+05
Elapsed time for augmented  : 0.204 seconds
Elapsed time           : 0.204 seconds
Barrier setup complete at 0.204 seconds
Adaptive regularization enabled


                  Objective                         Infeasibility        Time
Iter   Primal              Dual                Primal   Dual    Compl.   Elapsed
  0   -5.003045724826e-02 -2.507004013074e+03 5.00e+00 9.29e+00 1.02e+02 0.229
  1   -5.019935635600e-02 -5.008892015017e+01 8.96e-02 1.63e+00 5.64e+00 0.235
  2   -5.687362860228e-02 -1.409858110259e+01 2.29e-02 7.72e-01 1.36e+00 0.240
  3   -5.945191191168e-02 -1.354203970551e+00 2.01e-03 1.08e-01 1.17e-01 0.245
  4   -5.804200581542e-02 -1.210783911933e+00 1.67e-03 9.01e-02 9.72e-02 0.251
  5   -6.989678357286e-02 -2.010674026590e-01 1.81e-05 1.23e-03 1.69e-03 0.256
  6   -8.092788632212e-02 -1.271515228162e-01 5.81e-06 3.95e-04 5.23e-04 0.261
  7   -8.508992180105e-02 -1.241197225236e-01 3.63e-06 2.47e-04 2.35e-04 0.266
  8   -9.163464443301e-02 -1.118814810063e-01 1.76e-06 1.20e-04 9.64e-05 0.272
  9   -9.253050458323e-02 -1.091418064507e-01 1.18e-06 8.04e-05 1.15e-04 0.278
 10   -9.544592397651e-02 -1.037308088300e-01 5.42e-07 3.68e-05 9.28e-05 0.284
 11   -9.733971092097e-02 -1.003110318667e-01 1.19e-07 8.08e-06 1.70e-05 0.289
 12   -9.783840976518e-02 -9.934960110815e-02 3.53e-08 2.40e-06 2.09e-05 0.294
 13   -9.840340691580e-02 -9.860167539344e-02 4.11e-09 2.80e-07 2.76e-06 0.303
 14   -9.847346127379e-02 -9.850846910452e-02 7.18e-10 4.89e-08 5.07e-07 0.309
 15   -9.848719777221e-02 -9.849012274925e-02 5.99e-11 4.08e-09 3.92e-08 0.314
 16   -9.848835875974e-02 -9.848855898413e-02 3.93e-12 9.26e-10 2.21e-09 0.319
 17   -9.848843846655e-02 -9.848845198561e-02 2.65e-13 6.08e-11 1.03e-10 0.324
 18   -9.848844388734e-02 -9.848844489299e-02 1.10e-13 1.05e-07 3.61e-12 0.328
 19   -9.848844431277e-02 -9.848844433880e-02 2.94e-15 2.56e-09 2.06e-13 0.333


Optimal solution found in 19 iterations and 0.333s
Objective -9.84884443e-02
Primal infeasibility (abs/rel): 5.88e-15/2.94e-15
Dual infeasibility   (abs/rel): 2.82e-09/2.56e-09
Complementarity gap  (abs/rel): 2.27e-13/2.06e-13


Barrier finished in 0.34 seconds
Dual variables for problems with quadratic constraints not returned.
